============================================================
[INFO] sublink try page | url=https://end-gfw.com
[OK] proxies=6 | new=6 | url=https://raw.githubusercontent.com/hello-world-1989/cn-news/main/end-gfw-free
[OK] proxies=6 | new=0 | url=https://raw.githubusercontent.com/hello-world-1989/cn-news/main/clash-free.yaml
[INFO] source try link | url=https://end-gfw.com/ss-key
[OK] proxies=4 | new=4 | url=https://end-gfw.com/ss-key
[INFO] sublink try repo | url=https://github.com/hello-world-1989/cn-news
[INFO] sublink try page | url=https://raw.githubusercontent.com/hello-world-1989/cn-news/main/README.md
[OK] proxies=6 | new=6 | url=https://raw.githubusercontent.com/hello-world-1989/v2-sub/main/end-gfw-together-af3e13
[OK] proxies=2 | new=2 | url=https://raw.githubusercontent.com/hello-world-1989/cn-news/main/end-gfw-together
[OK] proxies=2 | new=0 | url=https://raw.githubusercontent.com/hello-world-1989/cn-news/refs/heads/main/clash.yaml
[OK] proxies=18 | source=[大FQ运动] | url=https://raw.githubusercontent.com/hello-world-1989/cn-news/main/README.md
============================================================
[INFO] sublink try repo | url=https://github.com/Pawdroid/Free-servers
[INFO] sublink try page | url=https://raw.githubusercontent.com/Pawdroid/Free-servers/main/README.md
[OK] proxies=20 | new=20 | url=https://raw.githubusercontent.com/Pawdroid/Free-servers/main/README.md
[OK] proxies=20 | new=0 | url=https://raw.githubusercontent.com/Pawdroid/Free-servers/main/sub
[OK] proxies=1 | new=1 | url=https://apps.apple.com/cn/app/shadowshare/id1612647259
[OK] proxies=1 | new=1 | url=http://www.surflare.com
[OK] proxies=22 | source=[Pawdroid] | url=https://raw.githubusercontent.com/Pawdroid/Free-servers/main/README.md
============================================================
[INFO] source try link | url=https://xmxosfepggzm.503403.xyz
[OK] proxies=3 | new=3 | url=https://xmxosfepggzm.503403.xyz
[OK] proxies=3 | source=[FreeV2-Base64] | url=https://xmxosfepggzm.503403.xyz
============================================================
[INFO] source try link | url=https://links.bocchi2b.top/clash
[OK] proxies=35 | new=35 | url=https://links.bocchi2b.top/clash
[OK] proxies=35 | source=[Bocchi2b-Base64] | url=https://links.bocchi2b.top/clash
============================================================
[INFO] source try link | url=https://freesocks.org/api/v1/sub/02b897e8e77f19176b0b9f2c75864b00
[OK] proxies=1 | new=1 | url=https://freesocks.org/api/v1/sub/02b897e8e77f19176b0b9f2c75864b00
[INFO] source try link | url=https://freesocks.org/api/v1/sub/4cae35810e6f5c4d92e28e32104e0080
[OK] proxies=3 | new=3 | url=https://freesocks.org/api/v1/sub/4cae35810e6f5c4d92e28e32104e0080
[OK] proxies=4 | source=[Freesocks] | url=https://freesocks.org/api/v1/sub/4cae35810e6f5c4d92e28e32104e0080
============================================================
[INFO] source try link | url=https://neko-warp.nloli.xyz/neko_warp.yaml
[OK] proxies=10 | new=10 | url=https://neko-warp.nloli.xyz/neko_warp.yaml
[OK] proxies=10 | source=[NekoWarp] | url=https://neko-warp.nloli.xyz/neko_warp.yaml
============================================================
[INFO] article try feed | url=https://free.datiya.com/index.xml
[INFO] sublink try page | url=https://free.datiya.com/post/20260929/
[OK] proxies=14 | new=14 | url=https://free.datiya.com/uploads/20260929-clash.yaml
[OK] proxies=14 | source=[OpenRunner-RSS] | url=https://free.datiya.com/post/20260929/
============================================================
[INFO] article try feed | url=https://v2rayshare.com/feed
[INFO] sublink try page | url=https://v2rayshare.com/p/4097.html
[INFO] sublink try repo | url=https://github.com/firefoxmmx2/v2rayshare_subcription
[INFO] sublink try page | url=https://raw.githubusercontent.com/firefoxmmx2/v2rayshare_subcription/main/README.md
[OK] proxies=22 | new=22 | url=https://{raw.githubusercontent.com|cdn.jsdelivr.net}/firefoxmmx2/v2rayshare_subcription/main/subscription/vray_sub.txt
[OK] proxies=22 | new=0 | url=https://{raw.githubusercontent.com|cdn.jsdelivr.net}/firefoxmmx2/v2rayshare_subcription/main/subscription/mihomo_sub.yaml
[OK] proxies=21 | new=0 | url=https://{raw.githubusercontent.com|cdn.jsdelivr.net}/firefoxmmx2/v2rayshare_subcription/main/subscription/clash_sub.yaml
[OK] proxies=22 | source=[V2Rayshare-RSS] | url=https://raw.githubusercontent.com/firefoxmmx2/v2rayshare_subcription/main/README.md
============================================================
[INFO] article try feed | url=https://www.mibei77.com/feed
[INFO] sublink try page | url=https://www.mibei77.com/705.html
[OK] proxies=115 | new=115 | url=https://mm.mibei77.com/202609/09.2964baxcd.txt
[OK] proxies=114 | new=1 | url=https://mm.mibei77.com/202609/0929Clashiza.yaml
[OK] proxies=116 | source=[Mibei77-RSS] | url=https://www.mibei77.com/705.html
============================================================
[INFO] article try feed | url=https://yoyapai.com/feed
[INFO] sublink try page | url=https://yoyapai.com/740
[OK] proxies=1 | new=1 | url=https://yoyapai.com/740
[OK] proxies=231 | new=231 | url=https://freenode.yoyapai.com/2026/09/29-yoyapai.com-clashvpnmianfeijiedian.yaml
[OK] proxies=231 | new=0 | url=https://freenode.yoyapai.com/2026/09/29-yoyapai.com-ssrv2rayvpnmianfeijiedian.txt
[OK] proxies=232 | source=[Yoyapai-RSS] | url=https://yoyapai.com/740
============================================================
[INFO] sublink try repo | url=https://github.com/free18/v2ray
[INFO] sublink try page | url=https://raw.githubusercontent.com/free18/v2ray/main/README.md
[OK] proxies=322 | new=322 | url=https://ghfast.top/https://raw.githubusercontent.com/free18/v2ray/refs/heads/main/v.txt
[OK] proxies=321 | new=0 | url=https://ghfast.top/https://raw.githubusercontent.com/free18/v2ray/refs/heads/main/c.yaml
[OK] proxies=3 | new=3 | url=https://raw.githubusercontent.com/free18/v2ray/main/README.md
[OK] proxies=325 | source=[免费节点1] | url=https://raw.githubusercontent.com/free18/v2ray/main/README.md
============================================================
[INFO] sublink try repo | url=https://github.com/ermaozi/get_subscribe
[INFO] sublink try page | url=https://raw.githubusercontent.com/ermaozi/get_subscribe/main/README.md
[INFO] sublink file_nodes=0 | bare links=9
[OK] proxies=287 | new=287 | url=https://www.ermao.net/sub/{reachable|unreachable|untested}/clash/ermao.net
[OK] proxies=300 | new=13 | url=https://www.ermao.net/sub/{clash|v2ray}/ermao.net
[OK] proxies=300 | source=[免费节点2] | url=https://raw.githubusercontent.com/ermaozi/get_subscribe/main/README.md
============================================================
[INFO] sublink try repo | url=https://github.com/sunmiao4458/free-proxy-airport
[INFO] sublink try page | url=https://raw.githubusercontent.com/sunmiao4458/free-proxy-airport/main/README.md
[OK] proxies=38 | new=38 | url=https://sunmiao4458.github.io/free-proxy-airport/clash.yaml
[OK] proxies=38 | source=[免费节点3] | url=https://raw.githubusercontent.com/sunmiao4458/free-proxy-airport/main/README.md
============================================================
[INFO] sublink try repo | url=https://github.com/mfuu/FreeProxies
[INFO] sublink try page | url=https://raw.githubusercontent.com/mfuu/FreeProxies/master/README.md
[OK] proxies=839 | new=839 | url=https://raw.githubusercontent.com/mfuu/FreeProxies/master/sub.yaml
[OK] proxies=839 | source=[免费节点4] | url=https://raw.githubusercontent.com/mfuu/FreeProxies/master/README.md
============================================================
[INFO] sublink try repo | url=https://github.com/vxiaov/free_proxies
[INFO] sublink try page | url=https://raw.githubusercontent.com/vxiaov/free_proxies/main/README.md
[OK] proxies=28 | new=28 | url=https://{cdn.jsdelivr.net|raw.githubusercontent.com}/vxiaov/free_proxies/main/clash/clash.provider.yaml
[OK] proxies=1 | new=1 | url=https://raw.githubusercontent.com/vxiaov/free_proxies/main/README.md
[OK] proxies=29 | source=[免费节点5] | url=https://raw.githubusercontent.com/vxiaov/free_proxies/main/README.md
============================================================
[INFO] sublink try repo | url=https://github.com/anaer/Sub
[INFO] sublink try page | url=https://raw.githubusercontent.com/anaer/Sub/main/README.MD
[OK] proxies=566 | new=566 | url=https://raw.githubusercontent.com/anaer/Sub/main/clash.yaml
[OK] proxies=566 | new=0 | url=https://anaer.github.io/Sub/clash.yaml
[OK] proxies=566 | source=[免费节点6] | url=https://raw.githubusercontent.com/anaer/Sub/main/README.MD
============================================================
[INFO] sublink try repo | url=https://github.com/snakem982/proxypool
[INFO] sublink try page | url=https://raw.githubusercontent.com/snakem982/proxypool/main/README.md
[OK] proxies=59 | new=59 | url=https://raw.githubusercontent.com/snakem982/proxypool/main/source/v2ray-2.txt
[OK] proxies=64 | new=5 | url=https://raw.githubusercontent.com/snakem982/proxypool/main/source/clash-meta-2.yaml
[OK] proxies=59 | new=0 | url=https://raw.githubusercontent.com/snakem982/proxypool/main/source/sing-box-2.json
[OK] proxies=64 | source=[免费节点7] | url=https://raw.githubusercontent.com/snakem982/proxypool/main/README.md
============================================================
[INFO] sublink try repo | url=https://github.com/mahdibland/V2RayAggregator
[INFO] sublink try page | url=https://raw.githubusercontent.com/mahdibland/V2RayAggregator/master/README.md
[OK] proxies=1 | new=1 | url=https://cdn.jsdelivr.net/gh/mahdibland/V2RayAggregator@master/update/provider/provider-meta-others.yml
[OK] proxies=1 | new=0 | url=https://cdn.jsdelivr.net/gh/mahdibland/V2RayAggregator@master/update/provider/provider-cn.yml
[OK] proxies=1 | new=0 | url=https://cdn.jsdelivr.net/gh/mahdibland/V2RayAggregator@master/update/provider/provider-meta-cn.yml
[OK] proxies=1 | new=0 | url=https://cdn.jsdelivr.net/gh/mahdibland/V2RayAggregator@master/update/provider/provider.yml
[OK] proxies=61 | new=61 | url=https://raw.githubusercontent.com/mahdibland/SSAggregator/master/sub/airport_merge_base64.txt
[OK] proxies=194 | new=194 | url=https://raw.githubusercontent.com/mahdibland/ShadowsocksAggregator/master/Eternity.txt
[OK] proxies=3937 | new=3743 | url=https://raw.githubusercontent.com/mahdibland/SSAggregator/master/sub/sub_merge_base64.txt
[OK] proxies=1 | new=0 | url=https://github.com/mahdibland/SSAggregator/actions/workflows/Airport_Collector.yml
[OK] proxies=54 | new=0 | url=https://raw.githubusercontent.com/mahdibland/ShadowsocksAggregator/master/sub/splitted/ssr.txt
[OK] proxies=1 | new=0 | url=https://github.com/mahdibland/SSAggregator/actions/workflows/Collector.yml
[OK] proxies=1 | new=0 | url=https://cdn.jsdelivr.net/gh/mahdibland/V2RayAggregator@master/update/provider/provider-meta.yml
[OK] proxies=379 | new=95 | url=https://raw.githubusercontent.com/mahdibland/V2RayAggregator/master/README.md
[OK] proxies=1462 | new=0 | url=https://raw.githubusercontent.com/mahdibland/ShadowsocksAggregator/master/sub/splitted/vmess.txt
[OK] proxies=61 | new=0 | url=https://raw.githubusercontent.com/mahdibland/ShadowsocksAggregator/master/EternityAir.txt
[OK] proxies=190 | new=0 | url=https://raw.githubusercontent.com/mahdibland/ShadowsocksAggregator/master/Eternity.yml
[OK] proxies=61 | new=0 | url=https://raw.githubusercontent.com/mahdibland/SSAggregator/master/sub/airport_sub_merge.txt
[OK] proxies=4020 | new=146 | url=https://raw.githubusercontent.com/mahdibland/SSAggregator/master/sub/sub_merge_yaml.yml
[OK] proxies=1834 | new=0 | url=https://raw.githubusercontent.com/mahdibland/ShadowsocksAggregator/master/sub/splitted/ss.txt
[OK] proxies=1 | new=0 | url=https://cdn.jsdelivr.net/gh/mahdibland/V2RayAggregator@master/update/provider/provider-others.yml
[OK] proxies=3937 | new=0 | url=https://raw.githubusercontent.com/mahdibland/{SSAggregator|ShadowsocksAggregator}/master/sub/sub_merge.txt
[OK] proxies=587 | new=0 | url=https://raw.githubusercontent.com/mahdibland/ShadowsocksAggregator/master/sub/splitted/trojan.txt
[OK] proxies=4240 | source=[免费节点8] | url=https://raw.githubusercontent.com/mahdibland/V2RayAggregator/master/README.md
============================================================
[INFO] sublink try repo | url=https://github.com/w1770946466/Auto_proxy
[INFO] sublink try page | url=https://raw.githubusercontent.com/w1770946466/Auto_proxy/main/README.md
[OK] proxies=245 | new=245 | url=https://raw.githubusercontent.com/w1770946466/Auto_proxy/main/{Long_term_subscription2.yaml|Long_term_subscription1.yaml|Long_term_subscription3.yaml}
[OK] proxies=489 | new=369 | url=https://raw.githubusercontent.com/w1770946466/Auto_proxy/main/Long_term_subscription_num
[OK] proxies=1 | new=1 | url=https://github.com/w1770946466/Auto_proxy/actions/workflows/main.yml
[OK] proxies=489 | new=0 | url=https://raw.githubusercontent.com/w1770946466/Auto_proxy/main/{Long_term_subscription1|Long_term_subscription2|Long_term_subscription3|Long_term_subscription4|Long_term_subscription5|Long_term_subscription6|Long_term_subscription7|Long_term_subscription8}
[OK] proxies=615 | source=[免费节点9] | url=https://raw.githubusercontent.com/w1770946466/Auto_proxy/main/README.md
============================================================
[INFO] sublink try repo | url=https://github.com/PuddinCat/BestClash
[INFO] sublink try page | url=https://raw.githubusercontent.com/PuddinCat/BestClash/main/README.md
[OK] proxies=190 | new=190 | url=https://raw.githubusercontent.com/mahdibland/ShadowsocksAggregator/master/Eternity.yml
[OK] proxies=144 | new=144 | url=https://raw.githubusercontent.com/zhangkaiitugithub/passcro/main/speednodes.yaml
[OK] proxies=165 | new=165 | url=https://raw.githubusercontent.com/ronghuaxueleng/get_v2/main/pub/combine.yaml
[OK] proxies=24 | new=24 | url=https://freenode.openrunner.net/uploads/20240807-clash.yaml
[OK] proxies=28 | new=28 | url=https://cdn.jsdelivr.net/gh/vxiaov/free_proxies@main/clash/clash.provider.yaml
[OK] proxies=25 | new=25 | url=https://raw.githubusercontent.com/Misaka-blog/chromego_merge/main/sub/merged_proxies_new.yaml
[OK] proxies=16 | new=16 | url=https://raw.githubusercontent.com/PuddinCat/BestClash/main/proxies.yaml
[OK] proxies=287 | new=118 | url=https://raw.githubusercontent.com/{ermaozi|ermaozi01}/{get_subscribe|free_clash_vpn}/main/subscribe/clash.yml
[OK] proxies=27 | new=1 | url=https://raw.githubusercontent.com/{chengaopan|peasoft}/{AutoMergePublicNodes|NoMoreWalls}/master/list.yml
[OK] proxies=3701 | new=3679 | url=https://raw.githubusercontent.com/{NiceVPN123|anaer}/{NiceVPN|Sub}/main/{Clash.yaml|clash.yaml}
[OK] proxies=4390 | source=[免费节点10] | url=https://raw.githubusercontent.com/PuddinCat/BestClash/main/README.md
============================================================
[INFO] sublink try repo | url=https://github.com/kooker/FreeSubsCheck
[INFO] sublink try page | url=https://raw.githubusercontent.com/kooker/FreeSubsCheck/main/README.md
[OK] proxies=2 | new=2 | url=https://raw.githubusercontent.com/kooker/FreeSubsCheck/main/base64.txt
[OK] proxies=2 | new=0 | url=https://raw.githubusercontent.com/kooker/FreeSubsCheck/main/all.yaml
[OK] proxies=2 | new=0 | url=https://raw.githubusercontent.com/kooker/FreeSubsCheck/main/mihomo.yaml
[OK] proxies=2 | new=2 | url=https://raw.githubusercontent.com/kooker/FreeSubsCheck/main/byxiaoxi.txt
[OK] proxies=414 | new=414 | url=https://raw.githubusercontent.com/kooker/FreeSubsCheck/main/kooker.jp.txt
[OK] proxies=418 | source=[免费节点11] | url=https://raw.githubusercontent.com/kooker/FreeSubsCheck/main/README.md
============================================================
[INFO] toolkit try repo | url=https://github.com/bannedbook/fanqiang
[INFO] toolkit try release | url=https://github.com/bannedbook/fanqiang/releases
[INFO] toolkit try release | url=https://github.com/bannedbook/fanqiang/releases/expanded_assets/ChromeGo-latest
[INFO] toolkit try download | url=https://github.com/bannedbook/fanqiang/releases/download/ChromeGo-latest/ChromeGo.7z
[OK] toolkit downloaded | file=ChromeGo.7z | size=96.2mb | time=32.5s
[OK] toolkit extracted | archive=ChromeGo.7z | tool=7z | files=222 | dirs=45
[OK] toolkit discovered | subs=107 | embedded=46 | archive=ChromeGo.7z
[INFO] toolkit try repo | url=https://github.com/bannedbook/fanqiang
[INFO] toolkit try release | url=https://github.com/bannedbook/fanqiang/releases
[INFO] toolkit try release | url=https://github.com/bannedbook/fanqiang/releases/expanded_assets/ChromeGo-latest
[INFO] toolkit try download | url=https://github.com/bannedbook/fanqiang/releases/download/ChromeGo-latest/ChromeGo.7z
[OK] toolkit downloaded | file=ChromeGo.7z | size=96.2mb | time=32.5s
[OK] toolkit extracted | archive=ChromeGo.7z | tool=7z | files=222 | dirs=45
[OK] toolkit discovered | subs=107 | embedded=46 | archive=ChromeGo.7z
[OK] proxies=12 | new=12 | embedded=archive-config
[OK] proxies=3 | new=3 | url=https://gitlab.com/free9999/ipupdate/master/backup/img/1/2/{ipp|ip}/clash.meta2/{5|6|3|1|4|2}/config.yaml
[OK] proxies=3 | new=0 | url=https://www.67867867.xyz/Alvin9999/PAC/refs/heads/master/backup/img/1/2/{ipp|ip}/clash.meta2/{5|6|3|1|4|2}/config.yaml
[OK] proxies=7 | new=5 | url=https://www.67867867.xyz/Alvin9999/PAC/refs/heads/master/backup/img/1/2/{ipp|ip}/{hysteria2|singbox|naiveproxy|hysteria|xray}/{3|1|4|2}/config.json
[OK] proxies=7 | new=0 | url=https://gitlab.com/free9999/ipupdate/master/backup/img/1/2/{ipp|ip}/{hysteria2|singbox|naiveproxy|hysteria|xray}/{3|1|4|2}/config.json
[OK] proxies=20 | source=[ChromeGO-Toolkit] | url=https://github.com/bannedbook/fanqiang/releases/download/ChromeGo-latest/ChromeGo.7z
============================================================
[INFO] sublink try repo | url=https://github.com/ShiteThings/extractNodes
[INFO] sublink try page | url=https://raw.githubusercontent.com/ShiteThings/extractNodes/main/README.md
[OK] proxies=26 | new=26 | url=https://chg26.makou.cc.cd/sb
[OK] proxies=31 | new=5 | url=https://{chg26.makou.cc.cd|chg64.makou.cc.cd}
[OK] proxies=31 | source=[ChromeGO-ShiteThings] | url=https://raw.githubusercontent.com/ShiteThings/extractNodes/main/README.md
============================================================
[INFO] sublink try repo | url=https://github.com/shangui999/chromego_merge
[INFO] sublink try page | url=https://raw.githubusercontent.com/shangui999/chromego_merge/master/ReadMe.md
[OK] proxies=10 | new=10 | url=https://freedman.netlify.app/sub/merged_proxies_new.yaml
[OK] proxies=11 | new=6 | url=https://freedman.netlify.app/sub/shadowrocket_base64.txt
[OK] proxies=11 | new=1 | url=https://freedman.netlify.app/sub/merged_warp_proxies_new.yaml
[OK] proxies=16 | new=16 | url=https://freedman.netlify.app/sub/sb.json
[INFO] sublink try repo | url=https://github.com/yaney01/chromego
[INFO] sublink try page | url=https://raw.githubusercontent.com/yaney01/chromego/main/ReadMe.md
[OK] proxies=51 | new=46 | url=https://raw.githubusercontent.com/yaney01/chromego/main/sub/merged_warp_proxies_new.yaml
[OK] proxies=50 | new=0 | url=https://raw.githubusercontent.com/yaney01/chromego/main/sub/merged_proxies_new.yaml
[OK] proxies=13 | new=7 | url=https://raw.githubusercontent.com/yaney01/chromego/main/sub/shadowrocket_base64.txt
[OK] proxies=13 | new=0 | url=https://raw.githubusercontent.com/yaney01/chromego/main/sub/sb.json
[INFO] sublink try repo | url=https://github.com/Misaka-blog/chromego_merge
[INFO] sublink try page | url=https://raw.githubusercontent.com/Misaka-blog/chromego_merge/main/README.md
[OK] proxies=25 | new=25 | url=https://chromego-sub.netlify.app/sub/merged_proxies_new.yaml
[OK] proxies=111 | source=[ChromeGO-Merge] | url=https://raw.githubusercontent.com/Misaka-blog/chromego_merge/main/README.md
============================================================
[INFO] toolkit try repo | url=https://github.com/Pawdroid/shadowrocket_for_android
[INFO] toolkit try release | url=https://github.com/Pawdroid/shadowrocket_for_android/releases
[INFO] toolkit try release | url=https://github.com/Pawdroid/shadowrocket_for_android/releases/expanded_assets/10.10.55
[INFO] toolkit try download | url=https://github.com/Pawdroid/shadowrocket_for_android/releases/download/10.10.55/Shadowrocket_10.10.55_shadowrocketStandard_arm64-v8a.apk
[OK] toolkit downloaded | file=Shadowrocket_10.10.55_shadowrocketStandard_arm64-v8a.apk | size=39.5mb | time=21.2s
[OK] toolkit extracted | archive=Shadowrocket_10.10.55_shadowrocketStandard_arm64-v8a.apk | tool=zipfile | files=1179 | dirs=44
[OK] toolkit sr-apk scanned | prefixes=38 | files=6 | keys=2 | archive=Shadowrocket_10.10.55_shadowrocketStandard_arm64-v8a.apk
[OK] proxies=156 | new=156 | url=https://{cdn.jsdelivr.net|raw.githubusercontent.com}/pixelor/ecfg/main/data/ecfg6
[OK] proxies=1005 | new=898 | url=https://{cdn.jsdelivr.net|raw.githubusercontent.com}/pixelor/ecfg/main/data/ecfg6_zh
[OK] proxies=967 | new=166 | url=https://{cdn.jsdelivr.net|raw.githubusercontent.com}/pixelor/ecfg/main/data/ecfg6_en
[OK] proxies=156 | new=0 | url=https://files.shadowrockets.app/ecfg/data/ecfg6
[OK] proxies=424 | new=0 | url=https://files.shadowrockets.app/ecfg/data/ecfg6_en
[OK] proxies=424 | new=0 | url=https://files.shadowrockets.app/ecfg/data/ecfg6_zh
[INFO] toolkit try repo | url=https://github.com/Pawdroid/shadowrocket_for_android
[INFO] toolkit try release | url=https://github.com/Pawdroid/shadowrocket_for_android/releases
[INFO] toolkit try release | url=https://github.com/Pawdroid/shadowrocket_for_android/releases/expanded_assets/10.10.55
[INFO] toolkit try download | url=https://github.com/Pawdroid/shadowrocket_for_android/releases/download/10.10.55/Shadowrocket_10.10.55_shadowrocketStandard_arm64-v8a.apk
[OK] toolkit downloaded | file=Shadowrocket_10.10.55_shadowrocketStandard_arm64-v8a.apk | size=39.5mb | time=21.2s
[OK] toolkit extracted | archive=Shadowrocket_10.10.55_shadowrocketStandard_arm64-v8a.apk | tool=zipfile | files=1179 | dirs=44
[OK] toolkit sr-apk scanned | prefixes=38 | files=6 | keys=2 | archive=Shadowrocket_10.10.55_shadowrocketStandard_arm64-v8a.apk
[OK] proxies=156 | new=156 | url=https://{cdn.jsdelivr.net|raw.githubusercontent.com}/pixelor/ecfg/main/data/ecfg6
[OK] proxies=1005 | new=898 | url=https://{cdn.jsdelivr.net|raw.githubusercontent.com}/pixelor/ecfg/main/data/ecfg6_zh
[OK] proxies=967 | new=166 | url=https://{cdn.jsdelivr.net|raw.githubusercontent.com}/pixelor/ecfg/main/data/ecfg6_en
[OK] proxies=156 | new=0 | url=https://files.shadowrockets.app/ecfg/data/ecfg6
[OK] proxies=424 | new=0 | url=https://files.shadowrockets.app/ecfg/data/ecfg6_en
[OK] proxies=424 | new=0 | url=https://files.shadowrockets.app/ecfg/data/ecfg6_zh
[OK] proxies=1220 | source=[Pawdroid-SR-APK] | url=https://github.com/Pawdroid/shadowrocket_for_android/releases/download/10.10.55/Shadowrocket_10.10.55_shadowrocketStandard_arm64-v8a.apk
============================================================
[INFO] toolkit try page | url=https://shadowshare.v2cross.com
[INFO] toolkit try download | url=https://shadowshare.v2cross.com/shadowshare.apk
[OK] toolkit downloaded | file=shadowshare.apk | size=60mb | time=30.2s
[OK] toolkit extracted | archive=shadowshare.apk | tool=zipfile | files=612 | dirs=39
[OK] toolkit ss-apk scanned | prefixes=10 | files=3 | keys=1 | archive=shadowshare.apk
[OK] proxies=216 | new=216 | url=https://{raw.githubusercontent.com|jsd.onmicrosoft.cn}/hideme9527/ecsfg/main/data/sareserver
[OK] proxies=1386 | new=1278 | url=https://{jsd.onmicrosoft.cn|raw.githubusercontent.com}/hideme9527/ecsfg/main/data/sareserver_en
[OK] proxies=125 | new=0 | url=https://shadowsharing.com/data/sareserver
[OK] proxies=1386 | new=0 | url=https://shadowsharing.com/data/sareserver_en
[INFO] toolkit try page | url=https://shadowshare.v2cross.com
[INFO] toolkit try download | url=https://shadowshare.v2cross.com/shadowshare.apk
[OK] toolkit downloaded | file=shadowshare.apk | size=60mb | time=30.2s
[OK] toolkit extracted | archive=shadowshare.apk | tool=zipfile | files=612 | dirs=39
[OK] toolkit ss-apk scanned | prefixes=10 | files=3 | keys=1 | archive=shadowshare.apk
[OK] proxies=216 | new=216 | url=https://{raw.githubusercontent.com|jsd.onmicrosoft.cn}/hideme9527/ecsfg/main/data/sareserver
[OK] proxies=1386 | new=1278 | url=https://{jsd.onmicrosoft.cn|raw.githubusercontent.com}/hideme9527/ecsfg/main/data/sareserver_en
[OK] proxies=125 | new=0 | url=https://shadowsharing.com/data/sareserver
[OK] proxies=1386 | new=0 | url=https://shadowsharing.com/data/sareserver_en
[OK] proxies=1494 | source=[Pawdroid-SS-APK] | url=https://shadowshare.v2cross.com/shadowshare.apk
============================================================
[INFO] toolkit try chrome | url=https://chromewebstore.google.com/detail/free-vpn-proxy-1vpn/akcocjjpkmlniicdeemdceeajlmoabhg
[INFO] toolkit try download | url=https://clients2.google.com/service/update2/crx?response=redirect&prodversion=131.0.6778.0&acceptformat=crx2,crx3&x=id%3dakcocjjpkmlniicdeemdceeajlmoabhg%26uc
[OK] toolkit downloaded | file=free-vpn-proxy-1vpn.crx | size=1.6mb | time=7.2s
[OK] toolkit extracted | archive=free-vpn-proxy-1vpn.crx | tool=zipfile | files=68 | dirs=57
[OK] toolkit 1vpn-crx scanned | hosts=17 | keys=1 | archive=free-vpn-proxy-1vpn.crx
[INFO] toolkit try chrome | url=https://chromewebstore.google.com/detail/free-vpn-proxy-1vpn/akcocjjpkmlniicdeemdceeajlmoabhg
[INFO] toolkit try download | url=https://clients2.google.com/service/update2/crx?response=redirect&prodversion=131.0.6778.0&acceptformat=crx2,crx3&x=id%3dakcocjjpkmlniicdeemdceeajlmoabhg%26uc
[OK] toolkit downloaded | file=free-vpn-proxy-1vpn.crx | size=1.6mb | time=7.2s
[OK] toolkit extracted | archive=free-vpn-proxy-1vpn.crx | tool=zipfile | files=68 | dirs=57
[OK] toolkit 1vpn-crx scanned | hosts=17 | keys=1 | archive=free-vpn-proxy-1vpn.crx
[OK] proxies=17 | source=[1VPN-CRX] | url=https://clients2.google.com/service/update2/crx?response=redirect&prodversion=131.0.6778.0&acceptformat=crx2,crx3&x=id%3dakcocjjpkmlniicdeemdceeajlmoabhg%26uc
============================================================
[INFO] sublink try repo | url=https://github.com/free-nodes/clashfree
[INFO] sublink try page | url=https://raw.githubusercontent.com/free-nodes/clashfree/main/README.md
[OK] proxies=1 | new=1 | url=https://github.com/free-nodes/clashfree/blob/main/clash20260929.yml
[OK] proxies=225 | new=225 | url=https://raw.githubusercontent.com/free-nodes/clashfree/main/README.md
[OK] proxies=225 | new=0 | url=https://raw.githubusercontent.com/free-nodes/clashfree/main/clash20260929.yml
[OK] proxies=226 | source=[Clashfree] | url=https://raw.githubusercontent.com/free-nodes/clashfree/main/README.md
============================================================
[INFO] sublink try repo | url=https://github.com/Epodonios/v2ray-configs
[INFO] sublink try page | url=https://raw.githubusercontent.com/Epodonios/v2ray-configs/main/README.md
[OK] proxies=1 | new=1 | url=https://github.com/Epodonios/V2ray-Configs/actions/workflows/main.yml
[OK] proxies=3430 | new=3430 | url=https://github.com/Epodonios/v2ray-configs/raw/main/Splitted-By-Protocol/vless.txt
[OK] proxies=189 | new=189 | url=https://github.com/Epodonios/v2ray-configs/raw/main/Splitted-By-Protocol/vmess.txt
[OK] proxies=380 | new=379 | url=https://github.com/Epodonios/v2ray-configs/raw/main/Splitted-By-Protocol/ss.txt
[OK] proxies=4236 | new=460 | url=https://github.com/Epodonios/v2ray-configs/raw/main/All_Configs_base64_Sub.txt
[OK] proxies=161 | new=6 | url=https://github.com/Epodonios/v2ray-configs/raw/main/Splitted-By-Protocol/trojan.txt
[OK] proxies=4236 | new=0 | url=https://github.com/Epodonios/v2ray-configs/raw/main/All_Configs_Sub.txt
[OK] proxies=4236 | new=0 | url=https://raw.githubusercontent.com/Epodonios/v2ray-configs/main/{Sub1.txt|Sub2.txt|Sub3.txt|Sub4.txt|Sub5.txt|Sub6.txt|Sub7.txt|Sub8.txt}
[OK] proxies=4465 | source=[Epodonios] | url=https://raw.githubusercontent.com/Epodonios/v2ray-configs/main/README.md
============================================================
[INFO] sublink try repo | url=https://github.com/free-clash-v2ray/free-clash-v2ray.github.io
[INFO] sublink try page | url=https://raw.githubusercontent.com/free-clash-v2ray/free-clash-v2ray.github.io/main/README.md
[OK] proxies=2984 | new=2984 | url=https://free-clash-v2ray.github.io/uploads/2026/09/{0-20260927.yaml|1-20260927.yaml|2-20260927.yaml|3-20260927.yaml}
[OK] proxies=3129 | new=537 | url=https://free-clash-v2ray.github.io/uploads/2026/09/{0-20260927.txt|1-20260927.txt|2-20260927.txt|3-20260927.txt|4-20260927.txt}
[OK] proxies=3521 | source=[Free-clash-v2ray] | url=https://raw.githubusercontent.com/free-clash-v2ray/free-clash-v2ray.github.io/main/README.md
============================================================
[INFO] article try page | url=https://v2rayclashfree.com
[INFO] sublink try page | url=https://v2rayclashfree.com/fn/20260930.html
[WARN] no proxies | found=0 | raw=3654
[INFO] reused previous raw | file=797390708240-raw-1759-20260929.yaml | stamp=202609291759
[OK] proxies=3654 | source=[V2rayclashfree-RSS] | url=https://v2rayclashfree.com/fn/20260930.html
============================================================
[INFO] toolkit try repo | url=https://github.com/MetaCubeX/meta-rules-dat
[INFO] toolkit try release | url=https://github.com/MetaCubeX/meta-rules-dat/releases
[INFO] toolkit try release | url=https://github.com/MetaCubeX/meta-rules-dat/releases/expanded_assets/latest
[INFO] toolkit try download | url=https://github.com/MetaCubeX/meta-rules-dat/releases/download/latest/country.mmdb
[OK] toolkit downloaded | file=country.mmdb | size=7.3mb | time=3.7s
[INFO] toolkit try repo | url=https://github.com/mledoze/countries
[INFO] toolkit try release | url=https://github.com/mledoze/countries/releases
[INFO] toolkit try release | url=https://github.com/mledoze/countries/releases/expanded_assets/v1.8.0
[INFO] toolkit try download | url=https://github.com/mledoze/countries/archive/refs/tags/v1.8.0.zip
[OK] toolkit downloaded | file=countries-1.8.0.zip | size=4.8mb | time=21.2s
[OK] toolkit extracted | archive=countries-1.8.0.zip | tool=zipfile | files=528 | dirs=8
[OK] toolkit found | file=countries.json | from=countries-1.8.0.zip
[OK] geo score ready | files=country.mmdb, countries.json | centroids=247
============================================================
[INFO] toolkit try repo | url=https://github.com/MetaCubeX/mihomo
[INFO] toolkit try release | url=https://github.com/MetaCubeX/mihomo/releases
[INFO] toolkit try release | url=https://github.com/MetaCubeX/mihomo/releases/expanded_assets/v1.19.31
[INFO] toolkit try download | url=https://github.com/MetaCubeX/mihomo/releases/download/v1.19.31/mihomo-linux-amd64-compatible-v1.19.31.gz
[OK] toolkit downloaded | file=mihomo-linux-amd64-compatible-v1.19.31.gz | size=21.8mb | time=39.8s
[OK] toolkit hash verified | file=mihomo-linux-amd64-compatible-v1.19.31.gz | sha256=04cf9f09671704f839ddbee2e93069dc831a4123a75281e725d1d96ab9ac1afc
[OK] proxy engine ready, starting latency test | package=mihomo-linux-amd64-compatible-v1.19.31.gz
============================================================
[WARN] batch start failed | size=17987 {1} | split=4497 {2} + 4497 {3} + 4497 {4} + 4496 {5}
[WARN] batch start failed | size=4496 {5} | split=1124 {6} + 1124 {7} + 1124 {8} + 1124 {9}
[WARN] batch start failed | size=4497 {4} | split=1125 {10} + 1125 {11} + 1125 {12} + 1122 {13}
[TEST] {6} tested=100/1124 | kept=2 | rest=17887
[TEST] {6} tested=200/1124 | kept=2 | rest=17787
[TEST] {6} tested=300/1124 | kept=4 | rest=17687
[TEST] {6} tested=400/1124 | kept=6 | rest=17587
[TEST] {6} tested=500/1124 | kept=7 | rest=17487
[TEST] {6} tested=600/1124 | kept=9 | rest=17387
[TEST] {8} tested=100/1124 | kept=15 | rest=17281
[TEST] {8} tested=200/1124 | kept=26 | rest=17181
[TEST] {8} tested=300/1124 | kept=45 | rest=17081
[TEST] {8} tested=400/1124 | kept=63 | rest=16981
[TEST] {8} tested=500/1124 | kept=81 | rest=16881
[TEST] {8} tested=600/1124 | kept=97 | rest=16781
[TEST] {8} tested=700/1124 | kept=123 | rest=16681
[TEST] {8} tested=800/1124 | kept=144 | rest=16581
[TEST] {8} tested=900/1124 | kept=167 | rest=16481
[TEST] {8} tested=1000/1124 | kept=190 | rest=16379
[TEST] {8} tested=1100/1124 | kept=209 | rest=16194
[TEST] {6} tested=700/1124 | kept=10 | rest=16186
[TEST] {6} tested=800/1124 | kept=13 | rest=16082
[TEST] {3} tested=100/4497 | kept=0 | rest=15918
[TEST] {3} tested=200/4497 | kept=0 | rest=15818
[TEST] {3} tested=300/4497 | kept=0 | rest=15718
[TEST] {2} tested=100/4497 | kept=25 | rest=15526
[TEST] {2} tested=200/4497 | kept=46 | rest=15426
[TEST] {2} tested=300/4497 | kept=53 | rest=15326
[TEST] {2} tested=400/4497 | kept=63 | rest=15226
[TEST] {2} tested=500/4497 | kept=78 | rest=15126
[TEST] {2} tested=600/4497 | kept=100 | rest=15026
[TEST] {2} tested=700/4497 | kept=125 | rest=14926
[TEST] {8} tested=1124/1124 | kept=211 | rest=14837
[TEST] {3} tested=400/4497 | kept=0 | rest=14823
[TEST] {6} tested=900/1124 | kept=14 | rest=14748
[TEST] {2} tested=800/4497 | kept=129 | rest=14648
[WARN] batch start failed | size=1124 {7} | split=281 {14} + 281 {15} + 281 {16} + 281 {17}
[TEST] {3} tested=500/4497 | kept=0 | rest=14529
[TEST] {6} tested=1000/1124 | kept=14 | rest=14467
[TEST] {2} tested=900/4497 | kept=144 | rest=14337
[WARN] batch start failed | size=1124 {9} | split=281 {18} + 281 {19} + 281 {20} + 281 {21}
[TEST] {3} tested=600/4497 | kept=0 | rest=14288
[WARN] batch start failed | size=1125 {10} | split=282 {22} + 282 {23} + 282 {24} + 279 {25}
[WARN] batch start failed | size=1125 {11} | split=282 {26} + 282 {27} + 282 {28} + 279 {29}
[TEST] {6} tested=1100/1124 | kept=14 | rest=14174
[TEST] {12} tested=100/1125 | kept=1 | rest=14058
[TEST] {2} tested=1000/4497 | kept=144 | rest=14014
[TEST] {6} tested=1124/1124 | kept=14 | rest=13991
[TEST] {3} tested=700/4497 | kept=0 | rest=13812
[TEST] {13} tested=100/1122 | kept=0 | rest=13792
[TEST] {13} tested=200/1122 | kept=1 | rest=13561
[TEST] {2} tested=1100/4497 | kept=145 | rest=13530
[TEST] {12} tested=200/1125 | kept=4 | rest=13373
[TEST] {12} tested=300/1125 | kept=5 | rest=13243
[TEST] {13} tested=300/1122 | kept=9 | rest=13190
[TEST] {3} tested=800/4497 | kept=0 | rest=13112
[TEST] {13} tested=400/1122 | kept=9 | rest=12987
[TEST] {3} tested=900/4497 | kept=0 | rest=12912
[TEST] {13} tested=500/1122 | kept=9 | rest=12765
[TEST] {2} tested=1200/4497 | kept=145 | rest=12762
[TEST] {12} tested=400/1125 | kept=8 | rest=12552
[TEST] {2} tested=1300/4497 | kept=173 | rest=12416
[TEST] {13} tested=600/1122 | kept=10 | rest=12389
[TEST] {3} tested=1000/4497 | kept=0 | rest=12312
[TEST] {3} tested=1100/4497 | kept=0 | rest=12175
[TEST] {13} tested=700/1122 | kept=10 | rest=12048
[TEST] {3} tested=1200/4497 | kept=0 | rest=11993
[TEST] {13} tested=800/1122 | kept=12 | rest=11805
[TEST] {2} tested=1400/4497 | kept=176 | rest=11790
[TEST] {3} tested=1300/4497 | kept=0 | rest=11658
[TEST] {13} tested=900/1122 | kept=13 | rest=11616
[TEST] {12} tested=500/1125 | kept=28 | rest=11570
[TEST] {12} tested=600/1125 | kept=40 | rest=11422
[TEST] {12} tested=700/1125 | kept=53 | rest=11241
[TEST] {2} tested=1500/4497 | kept=177 | rest=11148
[TEST] {13} tested=1000/1122 | kept=15 | rest=11107
[TEST] {3} tested=1400/4497 | kept=0 | rest=11061
[TEST] {12} tested=800/1125 | kept=57 | rest=10924
[TEST] {3} tested=1500/4497 | kept=0 | rest=10833
[TEST] {3} tested=1600/4497 | kept=0 | rest=10681
[TEST] {2} tested=1600/4497 | kept=177 | rest=10637
[TEST] {2} tested=1700/4497 | kept=177 | rest=10482
[TEST] {12} tested=900/1125 | kept=59 | rest=10356
[TEST] {13} tested=1100/1122 | kept=17 | rest=10344
[TEST] {12} tested=1000/1125 | kept=59 | rest=10209
[TEST] {2} tested=1800/4497 | kept=177 | rest=10110
[TEST] {3} tested=1700/4497 | kept=0 | rest=10075
[TEST] {13} tested=1122/1122 | kept=17 | rest=9973
[TEST] {3} tested=1800/4497 | kept=0 | rest=9944
[WARN] batch start failed | size=281 {15} | split=71 {30} + 71 {31} + 71 {32} + 68 {33}
[TEST] {3} tested=1900/4497 | kept=0 | rest=9654
[TEST] {14} tested=100/281 | kept=0 | rest=9648
[TEST] {2} tested=1900/4497 | kept=178 | rest=9646
[TEST] {14} tested=200/281 | kept=8 | rest=9453
[TEST] {12} tested=1100/1125 | kept=62 | rest=9401
[TEST] {12} tested=1125/1125 | kept=62 | rest=9358
[TEST] {2} tested=2000/4497 | kept=179 | rest=9269
[TEST] {16} tested=100/281 | kept=5 | rest=9199
[TEST] {3} tested=2000/4497 | kept=0 | rest=9147
[TEST] {16} tested=200/281 | kept=16 | rest=8906
[TEST] {14} tested=281/281 | kept=10 | rest=8824
[TEST] {2} tested=2100/4497 | kept=180 | rest=8810
[TEST] {17} tested=100/281 | kept=1 | rest=8707
[TEST] {17} tested=200/281 | kept=9 | rest=8598
[TEST] {3} tested=2100/4497 | kept=0 | rest=8517
[TEST] {3} tested=2200/4497 | kept=13 | rest=8328
[TEST] {2} tested=2200/4497 | kept=188 | rest=8229
[TEST] {16} tested=281/281 | kept=22 | rest=8176
[TEST] {2} tested=2300/4497 | kept=223 | rest=8110
[TEST] {18} tested=100/281 | kept=7 | rest=7943
[TEST] {18} tested=200/281 | kept=50 | rest=7818
[TEST] {17} tested=281/281 | kept=60 | rest=7756
[TEST] {2} tested=2400/4497 | kept=250 | rest=7744
[WARN] batch start failed | size=281 {19} | split=71 {34} + 71 {35} + 71 {36} + 68 {37}
[TEST] {20} tested=100/281 | kept=7 | rest=7629
[TEST] {20} tested=200/281 | kept=13 | rest=7528
[TEST] {3} tested=2300/4497 | kept=14 | rest=7389
[TEST] {2} tested=2500/4497 | kept=254 | rest=7205
[TEST] {3} tested=2400/4497 | kept=14 | rest=7181
[TEST] {18} tested=281/281 | kept=87 | rest=7132
[TEST] {2} tested=2600/4497 | kept=254 | rest=7076
[TEST] {2} tested=2700/4497 | kept=254 | rest=6974
[TEST] {21} tested=100/281 | kept=39 | rest=6837
[TEST] {20} tested=281/281 | kept=61 | rest=6735
[TEST] {21} tested=200/281 | kept=121 | rest=6715
[TEST] {22} tested=100/282 | kept=0 | rest=6570
[TEST] {3} tested=2500/4497 | kept=15 | rest=6425
[TEST] {3} tested=2600/4497 | kept=15 | rest=6307
[TEST] {2} tested=2800/4497 | kept=254 | rest=6265
[TEST] {2} tested=2900/4497 | kept=254 | rest=6124
[TEST] {21} tested=281/281 | kept=158 | rest=6085
[TEST] {22} tested=200/282 | kept=0 | rest=6026
[TEST] {23} tested=100/282 | kept=0 | rest=5863
[TEST] {23} tested=200/282 | kept=0 | rest=5722
[TEST] {3} tested=2700/4497 | kept=15 | rest=5676
[TEST] {3} tested=2800/4497 | kept=15 | rest=5561
[TEST] {2} tested=3000/4497 | kept=254 | rest=5496
[TEST] {22} tested=282/282 | kept=0 | rest=5410
[WARN] batch start failed | size=282 {24} | split=71 {38} + 71 {39} + 71 {40} + 69 {41}
[TEST] {23} tested=282/282 | kept=0 | rest=5325
[WARN] batch start failed | size=279 {25} | split=70 {42} + 70 {43} + 70 {44} + 69 {45}
[TEST] {3} tested=2900/4497 | kept=15 | rest=5268
[WARN] batch start failed | size=70 {43} | split=18 {46} + 18 {47} + 18 {48} + 16 {49}
[TEST] {27} tested=100/282 | kept=30 | rest=5076
[TEST] {3} tested=3000/4497 | kept=15 | rest=4886
[TEST] {26} tested=100/282 | kept=36 | rest=4857
[TEST] {27} tested=200/282 | kept=61 | rest=4847
[TEST] {2} tested=3100/4497 | kept=254 | rest=4742
[TEST] {26} tested=200/282 | kept=82 | rest=4673
[TEST] {2} tested=3200/4497 | kept=254 | rest=4456
[TEST] {3} tested=3100/4497 | kept=15 | rest=4402
[TEST] {27} tested=282/282 | kept=100 | rest=4269
[WARN] batch start failed | size=279 {29} | split=70 {50} + 70 {51} + 70 {52} + 69 {53}
[TEST] {26} tested=282/282 | kept=142 | rest=4232
[TEST] {2} tested=3300/4497 | kept=254 | rest=4128
[TEST] {3} tested=3200/4497 | kept=16 | rest=4064
[TEST] {3} tested=3300/4497 | kept=17 | rest=3918
[TEST] {2} tested=3400/4497 | kept=254 | rest=3911
[TEST] {30} tested=71/71 | kept=1 | rest=3828
[TEST] {32} tested=71/71 | kept=0 | rest=3819
[WARN] batch start failed | size=68 {33} | split=17 {54} + 17 {55} + 17 {56} + 17 {57}
[TEST] {2} tested=3500/4497 | kept=254 | rest=3547
[TEST] {3} tested=3400/4497 | kept=17 | rest=3539
[TEST] {3} tested=3500/4497 | kept=19 | rest=3406
[TEST] {31} tested=71/71 | kept=0 | rest=3283
[TEST] {34} tested=71/71 | kept=18 | rest=3274
[TEST] {2} tested=3600/4497 | kept=254 | rest=3249
[WARN] batch start failed | size=71 {36} | split=18 {58} + 18 {59} + 18 {60} + 17 {61}
[TEST] {3} tested=3600/4497 | kept=19 | rest=3038
[TEST] {3} tested=3700/4497 | kept=19 | rest=2929
[TEST] {3} tested=3800/4497 | kept=19 | rest=2808
[TEST] {2} tested=3700/4497 | kept=254 | rest=2781
[TEST] {35} tested=71/71 | kept=10 | rest=2665
[TEST] {37} tested=68/68 | kept=9 | rest=2630
[TEST] {2} tested=3800/4497 | kept=254 | rest=2509
[TEST] {3} tested=3900/4497 | kept=19 | rest=2461
[TEST] {3} tested=4000/4497 | kept=19 | rest=2355
[TEST] {3} tested=4100/4497 | kept=19 | rest=2240
[TEST] {38} tested=71/71 | kept=4 | rest=2055
[TEST] {2} tested=3900/4497 | kept=255 | rest=2052
[TEST] {40} tested=71/71 | kept=3 | rest=2016
[WARN] batch start failed | size=69 {41} | split=18 {62} + 18 {63} + 18 {64} + 15 {65}
[TEST] {3} tested=4200/4497 | kept=19 | rest=1844
[TEST] {28} tested=100/282 | kept=12 | rest=1778
[TEST] {3} tested=4300/4497 | kept=19 | rest=1606
[TEST] {2} tested=4000/4497 | kept=290 | rest=1499
[TEST] {3} tested=4400/4497 | kept=19 | rest=1455
[TEST] {28} tested=200/282 | kept=33 | rest=1452
[TEST] {2} tested=4100/4497 | kept=343 | rest=1298
[TEST] {39} tested=71/71 | kept=7 | rest=1203
[WARN] batch start failed | size=70 {42} | split=18 {66} + 18 {67} + 18 {68} + 16 {69}
[TEST] {28} tested=282/282 | kept=47 | rest=1078
[TEST] {3} tested=4497/4497 | kept=19 | rest=1066
[TEST] {2} tested=4200/4497 | kept=343 | rest=960
[TEST] {44} tested=70/70 | kept=57 | rest=862
[TEST] {45} tested=69/69 | kept=53 | rest=828
[TEST] {46} tested=18/18 | kept=0 | rest=815
[WARN] batch start failed | size=18 {48} | split=5 {70} + 5 {71} + 5 {72} + 3 {73}
[TEST] {2} tested=4300/4497 | kept=343 | rest=790
[WARN] batch start failed | size=70 {50} | split=18 {74} + 18 {75} + 18 {76} + 16 {77}
[TEST] {47} tested=18/18 | kept=0 | rest=610
[TEST] {2} tested=4400/4497 | kept=343 | rest=537
[TEST] {49} tested=16/16 | kept=3 | rest=531
[TEST] {52} tested=70/70 | kept=0 | rest=444
[TEST] {51} tested=70/70 | kept=0 | rest=372
[TEST] {2} tested=4497/4497 | kept=343 | rest=371
[WARN] batch start failed | size=17 {54} | split=5 {78} + 5 {79} + 5 {80} + 2 {81}
[WARN] batch start failed | size=17 {57} | split=5 {82} + 5 {83} + 5 {84} + 2 {85}
[TEST] {53} tested=69/69 | kept=1 | rest=351
[WARN] batch start failed | size=18 {58} | split=5 {86} + 5 {87} + 5 {88} + 3 {89}
[TEST] {55} tested=17/17 | kept=0 | rest=339
[TEST] {56} tested=17/17 | kept=1 | rest=312
[WARN] batch start failed | size=18 {63} | split=5 {90} + 5 {91} + 5 {92} + 3 {93}
[TEST] {59} tested=18/18 | kept=2 | rest=298
[TEST] {60} tested=18/18 | kept=4 | rest=269
[TEST] {61} tested=17/17 | kept=8 | rest=261
[TEST] {64} tested=18/18 | kept=9 | rest=238
[TEST] {65} tested=15/15 | kept=0 | rest=227
[WARN] batch start failed | size=18 {68} | split=5 {94} + 5 {95} + 5 {96} + 3 {97}
[WARN] batch start failed | size=16 {69} | split=4 {98} + 4 {99} + 4 {100} + 4 {101}
[TEST] {62} tested=18/18 | kept=6 | rest=206
[TEST] {66} tested=18/18 | kept=1 | rest=191
[WARN] batch start failed | size=3 {73} | split=1 {102} + 1 {103} + 1 {104}
[TEST] {70} tested=5/5 | kept=0 | rest=185
[WARN] batch start failed | size=5 {72} | split=1 {105} + 1 {106} + 1 {107} + 1 {108} + 1 {109}
[WARN] batch start failed | size=18 {75} | split=5 {110} + 5 {111} + 5 {112} + 3 {113}
[TEST] {67} tested=18/18 | kept=5 | rest=167
[TEST] {71} tested=5/5 | kept=0 | rest=163
[TEST] {74} tested=18/18 | kept=0 | rest=150
[WARN] batch start failed | size=5 {79} | split=1 {114} + 1 {115} + 1 {116} + 1 {117} + 1 {118}
[TEST] {77} tested=16/16 | kept=2 | rest=142
[TEST] {76} tested=18/18 | kept=0 | rest=125
[WARN] batch start failed | size=5 {82} | split=1 {119} + 1 {120} + 1 {121} + 1 {122} + 1 {123}
[TEST] {78} tested=5/5 | kept=0 | rest=121
[TEST] {80} tested=5/5 | kept=0 | rest=113
[TEST] {81} tested=2/2 | kept=0 | rest=112
[TEST] {84} tested=5/5 | kept=2 | rest=108
[WARN] batch start failed | size=5 {86} | split=1 {124} + 1 {125} + 1 {126} + 1 {127} + 1 {128}
[TEST] {83} tested=5/5 | kept=0 | rest=106
[TEST] {85} tested=2/2 | kept=0 | rest=105
[TEST] {88} tested=5/5 | kept=0 | rest=101
[WARN] batch start failed | size=5 {92} | split=1 {129} + 1 {130} + 1 {131} + 1 {132} + 1 {133}
[TEST] {89} tested=3/3 | kept=0 | rest=93
[TEST] {87} tested=5/5 | kept=0 | rest=89
[TEST] {90} tested=5/5 | kept=3 | rest=80
[TEST] {91} tested=5/5 | kept=2 | rest=74
[WARN] batch start failed | size=5 {96} | split=1 {134} + 1 {135} + 1 {136} + 1 {137} + 1 {138}
[TEST] {93} tested=3/3 | kept=2 | rest=72
[WARN] batch start failed | size=4 {99} | split=1 {139} + 1 {140} + 1 {141} + 1 {142}
[TEST] {94} tested=5/5 | kept=0 | rest=70
[WARN] batch start failed | size=4 {100} | split=1 {143} + 1 {144} + 1 {145} + 1 {146}
[WARN] batch start failed | size=4 {101} | split=1 {147} + 1 {148} + 1 {149} + 1 {150}
[REPAIR] name=[ChromeGO-Merge] United-5 {103} | fields=up,down
[TEST] {95} tested=5/5 | kept=0 | rest=69
[REPAIR] name=[ChromeGO-Merge] Taiwan-2 {102} | fields=up,down
[TEST] {102} tested=1/1 | kept=0 | rest=68
[TEST] {97} tested=3/3 | kept=0 | rest=66
[TEST] {98} tested=4/4 | kept=0 | rest=62
[REPAIR] name=[ChromeGO-Merge] Taiwan {107} | fields=up,down
[REPAIR] name=[ChromeGO-Merge] France {108} | fields=up,down
[TEST] {107} tested=1/1 | kept=0 | rest=61
[TEST] {104} tested=1/1 | kept=0 | rest=60
[REPAIR] name=[ChromeGO-Merge] United-4 {109} | fields=up,down
[TEST] {103} tested=1/1 | kept=0 | rest=51
[TEST] {105} tested=1/1 | kept=0 | rest=50
[WARN] batch start failed | size=5 {112} | split=1 {151} + 1 {152} + 1 {153} + 1 {154} + 1 {155}
[TEST] {106} tested=1/1 | kept=0 | rest=49
[REPAIR] name=[Epodonios] EPODONIOS-3010 {114} | fields=cipher
[TEST] {108} tested=1/1 | kept=0 | rest=48
[TEST] {110} tested=5/5 | kept=0 | rest=47
[TEST] {109} tested=1/1 | kept=0 | rest=46
[TEST] {111} tested=5/5 | kept=0 | rest=45
[TEST] {113} tested=3/3 | kept=0 | rest=42
[TEST] {116} tested=1/1 | kept=0 | rest=41
[TEST] {115} tested=1/1 | kept=0 | rest=40
[TEST] {114} tested=1/1 | kept=0 | rest=39
[TEST] {117} tested=1/1 | kept=0 | rest=38
[REPAIR] name=[Epodonios] EPODONIOS-3058 {121} | fields=cipher
[TEST] {121} tested=1/1 | kept=1 | rest=37
[TEST] {118} tested=1/1 | kept=0 | rest=36
[TEST] {120} tested=1/1 | kept=0 | rest=35
[TEST] {119} tested=1/1 | kept=0 | rest=34
[REPAIR] name=[Free-clash-v2ray] hysteria {125} | fields=up,down
[TEST] {125} tested=1/1 | kept=0 | rest=33
[TEST] {123} tested=1/1 | kept=0 | rest=32
[TEST] {122} tested=1/1 | kept=0 | rest=31
[TEST] {124} tested=1/1 | kept=0 | rest=30
[TEST] {126} tested=1/1 | kept=0 | rest=29
[REPAIR] name=[免费节点11] 🇩🇪 德国 04 {129} | fields=up,down
[TEST] {127} tested=1/1 | kept=0 | rest=28
[TEST] {132} tested=1/1 | kept=0 | rest=27
[TEST] {129} tested=1/1 | kept=0 | rest=26
[TEST] {128} tested=1/1 | kept=1 | rest=25
[TEST] {133} tested=1/1 | kept=0 | rest=24
[REPAIR] name=[ChromeGO-ShiteThings] hysteria {135} | fields=up,down
[REPAIR] name=[ChromeGO-ShiteThings] hysteria-2 {136} | fields=up,down
[TEST] {135} tested=1/1 | kept=0 | rest=23
[REPAIR] name=[ChromeGO-ShiteThings] hysteria-3 {137} | fields=up,down
[REPAIR] name=[ChromeGO-ShiteThings] hysteria-4 {138} | fields=up,down
[TEST] {137} tested=1/1 | kept=0 | rest=22
[TEST] {134} tested=1/1 | kept=0 | rest=21
[TEST] {136} tested=1/1 | kept=0 | rest=20
[TEST] {131} tested=1/1 | kept=0 | rest=19
[TEST] {130} tested=1/1 | kept=0 | rest=18
[REPAIR] name=[ChromeGO-Merge] United {142} | fields=up,down
[REPAIR] name=[ChromeGO-Merge] United-2 {144} | fields=up,down
[REPAIR] name=[ChromeGO-Merge] France_hysteria_1 {143} | fields=up,down
[TEST] {145} tested=1/1 | kept=0 | rest=17
[TEST] {139} tested=1/1 | kept=0 | rest=16
[TEST] {138} tested=1/1 | kept=0 | rest=15
[TEST] {146} tested=1/1 | kept=0 | rest=14
[REPAIR] name=[ChromeGO-Merge] WARP {148} | fields=dialer-proxy
[TEST] {140} tested=1/1 | kept=0 | rest=13
[TEST] {141} tested=1/1 | kept=0 | rest=12
[TEST] {148} tested=1/1 | kept=1 | rest=11
[TEST] {147} tested=1/1 | kept=0 | rest=10
[TEST] {152} tested=1/1 | kept=0 | rest=9
[REPAIR] name=[Pawdroid-SS-APK] United+Kingdom-3 {153} | fields=cipher
[TEST] {154} tested=1/1 | kept=0 | rest=8
[TEST] {142} tested=1/1 | kept=0 | rest=7
[TEST] {144} tested=1/1 | kept=0 | rest=6
[TEST] {143} tested=1/1 | kept=0 | rest=5
[TEST] {151} tested=1/1 | kept=1 | rest=4
[TEST] {153} tested=1/1 | kept=1 | rest=3
[TEST] {150} tested=1/1 | kept=0 | rest=2
[TEST] {149} tested=1/1 | kept=0 | rest=1
[TEST] {155} tested=1/1 | kept=0 | rest=0
============================================================
[INFO] cap live | source=[免费节点2] | from=75 | to=50
[INFO] cap live | source=[免费节点8] | from=146 | to=50
[INFO] cap live | source=[Pawdroid-SR-APK] | from=398 | to=50
[INFO] cap live | source=[Epodonios] | from=71 | to=50
[INFO] cap live | source=[Free-clash-v2ray] | from=409 | to=50
[INFO] cap live | source=[V2rayclashfree-RSS] | from=223 | to=50
[INFO] cap live total | from=549 | to=400 | floor=5 | by=health_score
[INFO] cap live | reserved=112 | pool=437 | taken=288
[INFO] cap live | source=[NekoWarp] | from=10 | to=7
[INFO] cap live | source=[免费节点1] | from=27 | to=5
[INFO] cap live | source=[免费节点2] | from=50 | to=23
[INFO] cap live | source=[Mibei77-RSS] | from=7 | to=5
[INFO] cap live | source=[Pawdroid] | from=7 | to=5
[INFO] cap live | source=[免费节点4] | from=33 | to=28
[INFO] cap live | source=[免费节点7] | from=17 | to=12
[INFO] cap live | source=[免费节点10] | from=19 | to=8
[INFO] cap live | source=[免费节点11] | from=36 | to=26
[INFO] cap live | source=[Pawdroid-SS-APK] | from=23 | to=9
[INFO] cap live | source=[1VPN-CRX] | from=14 | to=7
[INFO] cap live | source=[Clashfree] | from=28 | to=6
[INFO] cap live | source=[Epodonios] | from=50 | to=31
[INFO] geo tally | live=400 | HK=30 | JP=56 | KR=50 | TW=10 | SG=29 | US=85 | GB=31 | FR=14 | DE=12 | NL=9 | CA=16 | other=58
[INFO] score summary | n=400 | max=131.1609 | p90=106.5976 | p50=27.2820 | avg=43.0921 | min=-2.2166 | geo_avg=28.3503 | adj_avg=+2.3409
============================================================
+------------------------------+--------+--------+------+--------+
| source                       |    raw | unique | live | capped |
+------------------------------+--------+--------+------+--------+
| [大FQ运动]                   |     18 |     18 |    6 |      6 |
+------------------------------+--------+--------+------+--------+
| [Pawdroid]                   |     22 |     21 |    7 |      5 |
+------------------------------+--------+--------+------+--------+
| [FreeV2-Base64]              |      3 |      3 |    2 |      2 |
+------------------------------+--------+--------+------+--------+
| [Bocchi2b-Base64]            |     35 |     35 |    0 |      0 |
+------------------------------+--------+--------+------+--------+
| [Freesocks]                  |      4 |      4 |    3 |      3 |
+------------------------------+--------+--------+------+--------+
| [NekoWarp]                   |     10 |     10 |   10 |      7 |
+------------------------------+--------+--------+------+--------+
| [OpenRunner-RSS]             |     14 |     14 |    1 |      1 |
+------------------------------+--------+--------+------+--------+
| [V2Rayshare-RSS]             |     22 |     22 |    1 |      1 |
+------------------------------+--------+--------+------+--------+
| [Mibei77-RSS]                |    116 |    106 |    7 |      5 |
+------------------------------+--------+--------+------+--------+
| [Yoyapai-RSS]                |    232 |    203 |    5 |      5 |
+------------------------------+--------+--------+------+--------+
| [免费节点1]                  |    325 |    223 |   27 |      5 |
+------------------------------+--------+--------+------+--------+
| [免费节点2]                  |    300 |    272 |   75 |     23 |
+------------------------------+--------+--------+------+--------+
| [免费节点3]                  |     38 |      0 |    0 |      0 |
+------------------------------+--------+--------+------+--------+
| [免费节点4]                  |    839 |    715 |   33 |     28 |
+------------------------------+--------+--------+------+--------+
| [免费节点5]                  |     29 |     28 |    0 |      0 |
+------------------------------+--------+--------+------+--------+
| [免费节点6]                  |    566 |    553 |    3 |      3 |
+------------------------------+--------+--------+------+--------+
| [免费节点7]                  |     64 |     41 |   17 |     12 |
+------------------------------+--------+--------+------+--------+
| [免费节点8]                  |   4240 |   3784 |  146 |     50 |
+------------------------------+--------+--------+------+--------+
| [免费节点9]                  |    615 |    453 |    0 |      0 |
+------------------------------+--------+--------+------+--------+
| [免费节点10]                 |   4390 |   3081 |   19 |      8 |
+------------------------------+--------+--------+------+--------+
| [免费节点11]                 |    418 |    261 |   36 |     26 |
+------------------------------+--------+--------+------+--------+
| [ChromeGO-Toolkit]           |     20 |     20 |    5 |      5 |
+------------------------------+--------+--------+------+--------+
| [ChromeGO-ShiteThings]       |     31 |     24 |    1 |      1 |
+------------------------------+--------+--------+------+--------+
| [ChromeGO-Merge]             |    111 |     74 |    1 |      1 |
+------------------------------+--------+--------+------+--------+
| [Pawdroid-SR-APK]            |   1220 |    919 |  398 |     50 |
+------------------------------+--------+--------+------+--------+
| [Pawdroid-SS-APK]            |   1494 |    911 |   23 |      9 |
+------------------------------+--------+--------+------+--------+
| [1VPN-CRX]                   |     17 |     17 |   14 |      7 |
+------------------------------+--------+--------+------+--------+
| [Clashfree]                  |    226 |     88 |   28 |      6 |
+------------------------------+--------+--------+------+--------+
| [Epodonios]                  |   4465 |   3535 |   71 |     31 |
+------------------------------+--------+--------+------+--------+
| [Free-clash-v2ray]           |   3521 |   1985 |  409 |     50 |
+------------------------------+--------+--------+------+--------+
| [V2rayclashfree-RSS]         |   3654 |    567 |  223 |     50 |
+------------------------------+--------+--------+------+--------+
============================================================
[INFO] clash history written | path=/home/runner/work/Free-node-autotest/Free-node-autotest/history/797390708165-clash-1834-20260929.yaml
[SUMMARY] total_nodes=27059
[SUMMARY] legal_candidates=17987
[SUMMARY] passed_latency_test=400
[SUMMARY] region_HK=32 | region_JP=57 | region_US=99
[SUMMARY] avg_latency_ms=541.76
[SUMMARY] output=/home/runner/work/Free-node-autotest/Free-node-autotest/output/clash.yaml
============================================================
[INFO] raw backup written | path=/home/runner/work/Free-node-autotest/Free-node-autotest/output/raw.yaml | history=797390708165-raw-1834-20260929.yaml | proxies=27061
[INFO] debug history written | path=/home/runner/work/Free-node-autotest/Free-node-autotest/history/797390708165-debug-1834-20260929.log | proxies=27061
