============================================================
[INFO] sublink try page: https://end-gfw.com
[OK] proxies=2 new=2 url=https://raw.githubusercontent.com/hello-world-1989/cn-news/refs/heads/main/clash.yaml
[OK] proxies=2 new=0 url=https://raw.githubusercontent.com/hello-world-1989/cn-news/main/end-gfw-together
[OK] proxies=2 new=2 url=https://raw.githubusercontent.com/hello-world-1989/cn-news/main/end-gfw-together-ss
[INFO] source try url: https://end-gfw.com/ss-key
[OK] proxies=4 new=4 url=https://end-gfw.com/ss-key
[INFO] sublink try repo: https://github.com/hello-world-1989/cn-news
[INFO] sublink try page: https://raw.githubusercontent.com/hello-world-1989/cn-news/main/README.md
[OK] proxies=6 new=6 url=https://raw.githubusercontent.com/hello-world-1989/v2-sub/main/end-gfw-together-af3e13
[OK] proxies=14 source=[大FQ运动] url=https://raw.githubusercontent.com/hello-world-1989/cn-news/main/README.md
============================================================
[INFO] sublink try repo: https://github.com/Pawdroid/Free-servers
[INFO] sublink try page: https://raw.githubusercontent.com/Pawdroid/Free-servers/main/README.md
[OK] proxies=20 new=20 url=https://raw.githubusercontent.com/Pawdroid/Free-servers/main/README.md
[OK] proxies=20 new=0 url=https://raw.githubusercontent.com/Pawdroid/Free-servers/main/sub
[OK] proxies=1 new=1 url=https://apps.apple.com/cn/app/shadowshare/id1612647259
[OK] proxies=1 new=1 url=http://www.surflare.com
[OK] proxies=22 source=[Pawdroid] url=https://raw.githubusercontent.com/Pawdroid/Free-servers/main/README.md
============================================================
[INFO] source try url: https://xmxosfepggzm.503403.xyz
[OK] proxies=3 new=3 url=https://xmxosfepggzm.503403.xyz
[OK] proxies=3 source=[FreeV2-Base64] url=https://xmxosfepggzm.503403.xyz
============================================================
[INFO] source try url: https://links.bocchi2b.top/clash
[OK] proxies=35 new=35 url=https://links.bocchi2b.top/clash
[OK] proxies=35 source=[Bocchi2b-Base64] url=https://links.bocchi2b.top/clash
============================================================
[INFO] toolkit try repo: https://github.com/bannedbook/fanqiang
[INFO] toolkit try release: https://github.com/bannedbook/fanqiang/releases
[INFO] toolkit try release: https://github.com/bannedbook/fanqiang/releases/expanded_assets/ChromeGo-latest
[INFO] toolkit try download: https://github.com/bannedbook/fanqiang/releases/download/ChromeGo-latest/ChromeGo.7z
[OK] toolkit downloaded: ChromeGo.7z bytes=100924352
[OK] toolkit extracted archive=ChromeGo.7z tool=7z files=222 dirs=45
[OK] toolkit discovered subs=107 embedded=12 archive=ChromeGo.7z
[OK] proxies=6 new=6 embedded=archive-config
[OK] proxies=7 new=5 url=https://gitlab.com/free9999/ipupdate/master/backup/img/1/2/{ipp|ip}/{hysteria2|singbox|naiveproxy|hysteria|xray}/{2|3|1|4}/config.json
[OK] proxies=7 new=0 url=https://www.67867867.xyz/Alvin9999/PAC/refs/heads/master/backup/img/1/2/{ipp|ip}/{hysteria2|singbox|naiveproxy|hysteria|xray}/{2|3|1|4}/config.json
[OK] proxies=3 new=3 url=https://gitlab.com/free9999/ipupdate/master/backup/img/1/2/{ipp|ip}/clash.meta2/{2|3|1|5|4|6}/config.yaml
[OK] proxies=3 new=0 url=https://www.67867867.xyz/Alvin9999/PAC/refs/heads/master/backup/img/1/2/{ipp|ip}/clash.meta2/{2|3|1|5|4|6}/config.yaml
[OK] proxies=14 source=[ChromeGO-Toolkit] url=https://github.com/bannedbook/fanqiang/releases/download/ChromeGo-latest/ChromeGo.7z
============================================================
[INFO] sublink try repo: https://github.com/ShiteThings/extractNodes
[INFO] sublink try page: https://raw.githubusercontent.com/ShiteThings/extractNodes/main/README.md
[OK] proxies=31 new=30 url=https://{chg26.makou.cc.cd|chg64.makou.cc.cd}
[OK] proxies=26 new=1 url=https://chg26.makou.cc.cd/sb
[OK] proxies=31 source=[ChromeGO-ShiteThings] url=https://raw.githubusercontent.com/ShiteThings/extractNodes/main/README.md
============================================================
[INFO] sublink try repo: https://github.com/shangui999/chromego_merge
[INFO] sublink try page: https://raw.githubusercontent.com/shangui999/chromego_merge/master/ReadMe.md
[OK] proxies=10 new=10 url=https://freedman.netlify.app/sub/merged_proxies_new.yaml
[OK] proxies=11 new=1 url=https://freedman.netlify.app/sub/merged_warp_proxies_new.yaml
[OK] proxies=11 new=6 url=https://freedman.netlify.app/sub/shadowrocket_base64.txt
[OK] proxies=16 new=16 url=https://freedman.netlify.app/sub/sb.json
[INFO] sublink try repo: https://github.com/yaney01/chromego
[INFO] sublink try page: https://raw.githubusercontent.com/yaney01/chromego/main/ReadMe.md
[OK] proxies=50 new=46 url=https://raw.githubusercontent.com/yaney01/chromego/main/sub/merged_proxies_new.yaml
[OK] proxies=51 new=0 url=https://raw.githubusercontent.com/yaney01/chromego/main/sub/merged_warp_proxies_new.yaml
[OK] proxies=13 new=7 url=https://raw.githubusercontent.com/yaney01/chromego/main/sub/shadowrocket_base64.txt
[OK] proxies=13 new=0 url=https://raw.githubusercontent.com/yaney01/chromego/main/sub/sb.json
[INFO] sublink try repo: https://github.com/Misaka-blog/chromego_merge
[INFO] sublink try page: https://raw.githubusercontent.com/Misaka-blog/chromego_merge/main/README.md
[OK] proxies=38 new=38 url=https://chromego-sub.netlify.app/sub/merged_proxies_new.yaml
[OK] proxies=124 source=[ChromeGO-Merge] url=https://raw.githubusercontent.com/Misaka-blog/chromego_merge/main/README.md
============================================================
[INFO] source try url: https://freesocks.org/api/v1/sub/02b897e8e77f19176b0b9f2c75864b00
[OK] proxies=3 new=3 url=https://freesocks.org/api/v1/sub/02b897e8e77f19176b0b9f2c75864b00
[OK] proxies=3 source=[Freesocks] url=https://freesocks.org/api/v1/sub/02b897e8e77f19176b0b9f2c75864b00
============================================================
[INFO] source try url: https://neko-warp.nloli.xyz/neko_warp.yaml
[OK] proxies=10 new=10 url=https://neko-warp.nloli.xyz/neko_warp.yaml
[OK] proxies=10 source=[NekoWarp] url=https://neko-warp.nloli.xyz/neko_warp.yaml
============================================================
[INFO] article try feed: https://free.datiya.com/index.xml
[INFO] sublink try page: https://free.datiya.com/post/20260917/
[OK] proxies=14 new=14 url=https://free.datiya.com/uploads/20260917-clash.yaml
[OK] proxies=14 source=[OpenRunner-RSS] url=https://free.datiya.com/post/20260917/
============================================================
[INFO] article try feed: https://v2rayshare.com/feed
[INFO] sublink try page: https://v2rayshare.net/p/5063.html
[OK] proxies=27 new=27 url=https://static.v2rayshare.net/2026/09/20260917.txt
[OK] proxies=27 new=0 url=https://static.v2rayshare.net/2026/09/20260917.yaml
[OK] proxies=27 new=0 url=https://static.v2rayshare.net/2026/09/m20260917.yaml
[INFO] sublink try repo: https://github.com/firefoxmmx2/v2rayshare_subcription
[INFO] sublink try page: https://raw.githubusercontent.com/firefoxmmx2/v2rayshare_subcription/main/README.md
[OK] proxies=27 new=0 url=https://{raw.githubusercontent.com|cdn.jsdelivr.net}/firefoxmmx2/v2rayshare_subcription/main/subscription/vray_sub.txt
[OK] proxies=27 new=0 url=https://{raw.githubusercontent.com|cdn.jsdelivr.net}/firefoxmmx2/v2rayshare_subcription/main/subscription/clash_sub.yaml
[OK] proxies=27 new=0 url=https://{raw.githubusercontent.com|cdn.jsdelivr.net}/firefoxmmx2/v2rayshare_subcription/main/subscription/mihomo_sub.yaml
[OK] proxies=27 source=[V2Rayshare-RSS] url=https://raw.githubusercontent.com/firefoxmmx2/v2rayshare_subcription/main/README.md
============================================================
[INFO] article try feed: https://www.mibei77.com/feed
[INFO] sublink try page: https://www.mibei77.com/677.html
[OK] proxies=110 new=110 url=https://mm.mibei77.com/202609/09.1764bacvd.txt
[OK] proxies=108 new=0 url=https://mm.mibei77.com/202609/0917Clashizx.yaml
[OK] proxies=110 source=[Mibei77-RSS] url=https://www.mibei77.com/677.html
============================================================
[INFO] article try feed: https://yoyapai.com/feed
[INFO] sublink try page: https://yoyapai.com/722
[OK] proxies=1 new=1 url=https://yoyapai.com/722
[OK] proxies=212 new=212 url=https://freenode.yoyapai.com/2026/09/17-yoyapai.com-clash-vpn-mianfeijiedian.yaml
[OK] proxies=212 new=0 url=https://freenode.yoyapai.com/2026/09/17-yoyapai.com-ssrv2ray-vpn-mianfeijiedian.txt
[OK] proxies=213 source=[Yoyapai-RSS] url=https://yoyapai.com/722
============================================================
[INFO] sublink try repo: https://github.com/free18/v2ray
[INFO] sublink try page: https://raw.githubusercontent.com/free18/v2ray/main/README.md
[OK] proxies=3 new=3 url=https://raw.githubusercontent.com/free18/v2ray/main/README.md
[OK] proxies=116 new=116 url=https://ghfast.top/https://raw.githubusercontent.com/free18/v2ray/refs/heads/main/v.txt
[OK] proxies=116 new=0 url=https://ghfast.top/https://raw.githubusercontent.com/free18/v2ray/refs/heads/main/c.yaml
[OK] proxies=119 source=[免费节点1] url=https://raw.githubusercontent.com/free18/v2ray/main/README.md
============================================================
[INFO] sublink try repo: https://github.com/ermaozi/get_subscribe
[INFO] sublink try page: https://raw.githubusercontent.com/ermaozi/get_subscribe/main/README.md
[INFO] sublink file_nodes=0 bare links=9
[OK] proxies=361 new=361 url=https://www.ermao.net/sub/{clash|v2ray}/ermao.net
[OK] proxies=357 new=0 url=https://www.ermao.net/sub/{reachable|unreachable|untested}/clash/ermao.net
[OK] proxies=361 source=[免费节点2] url=https://raw.githubusercontent.com/ermaozi/get_subscribe/main/README.md
============================================================
[INFO] sublink try repo: https://github.com/sunmiao4458/free-proxy-airport
[INFO] sublink try page: https://raw.githubusercontent.com/sunmiao4458/free-proxy-airport/main/README.md
[OK] proxies=26 new=26 url=https://sunmiao4458.github.io/free-proxy-airport/clash.yaml
[OK] proxies=26 source=[免费节点3] url=https://raw.githubusercontent.com/sunmiao4458/free-proxy-airport/main/README.md
============================================================
[INFO] sublink try repo: https://github.com/mfuu/FreeProxies
[INFO] sublink try page: https://raw.githubusercontent.com/mfuu/FreeProxies/master/README.md
[OK] proxies=826 new=826 url=https://raw.githubusercontent.com/mfuu/FreeProxies/master/sub.yaml
[OK] proxies=826 source=[免费节点4] url=https://raw.githubusercontent.com/mfuu/FreeProxies/master/README.md
============================================================
[INFO] sublink try repo: https://github.com/vxiaov/free_proxies
[INFO] sublink try page: https://raw.githubusercontent.com/vxiaov/free_proxies/main/README.md
[OK] proxies=1 new=1 url=https://raw.githubusercontent.com/vxiaov/free_proxies/main/README.md
[OK] proxies=28 new=28 url=https://{cdn.jsdelivr.net|raw.githubusercontent.com}/vxiaov/free_proxies/main/clash/clash.provider.yaml
[OK] proxies=29 source=[免费节点5] url=https://raw.githubusercontent.com/vxiaov/free_proxies/main/README.md
============================================================
[INFO] sublink try repo: https://github.com/anaer/Sub
[INFO] sublink try page: https://raw.githubusercontent.com/anaer/Sub/main/README.MD
[OK] proxies=626 new=626 url=https://anaer.github.io/Sub/clash.yaml
[OK] proxies=626 new=0 url=https://raw.githubusercontent.com/anaer/Sub/main/clash.yaml
[OK] proxies=626 source=[免费节点6] url=https://raw.githubusercontent.com/anaer/Sub/main/README.MD
============================================================
[INFO] sublink try repo: https://github.com/snakem982/proxypool
[INFO] sublink try page: https://raw.githubusercontent.com/snakem982/proxypool/main/README.md
[OK] proxies=64 new=64 url=https://raw.githubusercontent.com/snakem982/proxypool/main/source/clash-meta-2.yaml
[OK] proxies=62 new=0 url=https://raw.githubusercontent.com/snakem982/proxypool/main/source/v2ray-2.txt
[OK] proxies=58 new=0 url=https://raw.githubusercontent.com/snakem982/proxypool/main/source/sing-box-2.json
[OK] proxies=64 source=[免费节点7] url=https://raw.githubusercontent.com/snakem982/proxypool/main/README.md
============================================================
[INFO] sublink try repo: https://github.com/mahdibland/V2RayAggregator
[INFO] sublink try page: https://raw.githubusercontent.com/mahdibland/V2RayAggregator/master/README.md
[OK] proxies=379 new=379 url=https://raw.githubusercontent.com/mahdibland/V2RayAggregator/master/README.md
[OK] proxies=1 new=1 url=https://github.com/mahdibland/SSAggregator/actions/workflows/Collector.yml
[OK] proxies=1 new=0 url=https://github.com/mahdibland/SSAggregator/actions/workflows/Airport_Collector.yml
[OK] proxies=197 new=0 url=https://raw.githubusercontent.com/mahdibland/ShadowsocksAggregator/master/Eternity.txt
[OK] proxies=197 new=19 url=https://raw.githubusercontent.com/mahdibland/ShadowsocksAggregator/master/Eternity.yml
[OK] proxies=61 new=61 url=https://raw.githubusercontent.com/mahdibland/ShadowsocksAggregator/master/EternityAir.txt
[OK] proxies=3816 new=3515 url=https://raw.githubusercontent.com/mahdibland/SSAggregator/master/sub/sub_merge_base64.txt
[OK] proxies=3816 new=0 url=https://raw.githubusercontent.com/mahdibland/{SSAggregator|ShadowsocksAggregator}/master/sub/sub_merge.txt
[OK] proxies=4029 new=241 url=https://raw.githubusercontent.com/mahdibland/SSAggregator/master/sub/sub_merge_yaml.yml
[OK] proxies=61 new=0 url=https://raw.githubusercontent.com/mahdibland/SSAggregator/master/sub/airport_merge_base64.txt
[OK] proxies=61 new=0 url=https://raw.githubusercontent.com/mahdibland/SSAggregator/master/sub/airport_sub_merge.txt
[OK] proxies=1381 new=0 url=https://raw.githubusercontent.com/mahdibland/ShadowsocksAggregator/master/sub/splitted/vmess.txt
[OK] proxies=566 new=0 url=https://raw.githubusercontent.com/mahdibland/ShadowsocksAggregator/master/sub/splitted/trojan.txt
[OK] proxies=43 new=0 url=https://raw.githubusercontent.com/mahdibland/ShadowsocksAggregator/master/sub/splitted/ssr.txt
[OK] proxies=1827 new=0 url=https://raw.githubusercontent.com/mahdibland/ShadowsocksAggregator/master/sub/splitted/ss.txt
[OK] proxies=1 new=0 url=https://cdn.jsdelivr.net/gh/mahdibland/V2RayAggregator@master/update/provider/provider-meta.yml
[OK] proxies=1 new=0 url=https://cdn.jsdelivr.net/gh/mahdibland/V2RayAggregator@master/update/provider/provider-meta-cn.yml
[OK] proxies=1 new=0 url=https://cdn.jsdelivr.net/gh/mahdibland/V2RayAggregator@master/update/provider/provider-meta-others.yml
[OK] proxies=1 new=0 url=https://cdn.jsdelivr.net/gh/mahdibland/V2RayAggregator@master/update/provider/provider.yml
[OK] proxies=1 new=0 url=https://cdn.jsdelivr.net/gh/mahdibland/V2RayAggregator@master/update/provider/provider-cn.yml
[OK] proxies=1 new=0 url=https://cdn.jsdelivr.net/gh/mahdibland/V2RayAggregator@master/update/provider/provider-others.yml
[OK] proxies=4216 source=[免费节点8] url=https://raw.githubusercontent.com/mahdibland/V2RayAggregator/master/README.md
============================================================
[INFO] sublink try repo: https://github.com/w1770946466/Auto_proxy
[INFO] sublink try page: https://raw.githubusercontent.com/w1770946466/Auto_proxy/main/README.md
[OK] proxies=1 new=1 url=https://github.com/w1770946466/Auto_proxy/actions/workflows/main.yml
[OK] proxies=245 new=245 url=https://raw.githubusercontent.com/w1770946466/Auto_proxy/main/{Long_term_subscription2.yaml|Long_term_subscription1.yaml|Long_term_subscription3.yaml}
[OK] proxies=489 new=54 url=https://raw.githubusercontent.com/w1770946466/Auto_proxy/main/{Long_term_subscription1|Long_term_subscription2|Long_term_subscription3|Long_term_subscription4|Long_term_subscription5|Long_term_subscription6|Long_term_subscription7|Long_term_subscription8}
[OK] proxies=489 new=315 url=https://raw.githubusercontent.com/w1770946466/Auto_proxy/main/Long_term_subscription_num
[OK] proxies=615 source=[免费节点9] url=https://raw.githubusercontent.com/w1770946466/Auto_proxy/main/README.md
============================================================
[INFO] sublink try repo: https://github.com/PuddinCat/BestClash
[INFO] sublink try page: https://raw.githubusercontent.com/PuddinCat/BestClash/main/README.md
[OK] proxies=16 new=16 url=https://raw.githubusercontent.com/PuddinCat/BestClash/main/proxies.yaml
[OK] proxies=28 new=28 url=https://cdn.jsdelivr.net/gh/vxiaov/free_proxies@main/clash/clash.provider.yaml
[OK] proxies=24 new=24 url=https://freenode.openrunner.net/uploads/20240807-clash.yaml
[OK] proxies=38 new=38 url=https://raw.githubusercontent.com/Misaka-blog/chromego_merge/main/sub/merged_proxies_new.yaml
[OK] proxies=3774 new=3744 url=https://raw.githubusercontent.com/{NiceVPN123|anaer}/{NiceVPN|Sub}/main/{Clash.yaml|clash.yaml}
[OK] proxies=25 new=1 url=https://raw.githubusercontent.com/{chengaopan|peasoft}/{AutoMergePublicNodes|NoMoreWalls}/master/list.yml
[OK] proxies=370 new=335 url=https://raw.githubusercontent.com/{ermaozi|ermaozi01}/{get_subscribe|free_clash_vpn}/main/subscribe/clash.yml
[OK] proxies=197 new=171 url=https://raw.githubusercontent.com/mahdibland/ShadowsocksAggregator/master/Eternity.yml
[OK] proxies=165 new=160 url=https://raw.githubusercontent.com/ronghuaxueleng/get_v2/main/pub/combine.yaml
[OK] proxies=144 new=3 url=https://raw.githubusercontent.com/zhangkaiitugithub/passcro/main/speednodes.yaml
[OK] proxies=4520 source=[免费节点10] url=https://raw.githubusercontent.com/PuddinCat/BestClash/main/README.md
============================================================
[INFO] sublink try repo: https://github.com/kooker/FreeSubsCheck
[INFO] sublink try page: https://raw.githubusercontent.com/kooker/FreeSubsCheck/main/README.md
[OK] proxies=10 new=10 url=https://raw.githubusercontent.com/kooker/FreeSubsCheck/main/mihomo.yaml
[OK] proxies=10 new=0 url=https://raw.githubusercontent.com/kooker/FreeSubsCheck/main/all.yaml
[OK] proxies=9 new=0 url=https://raw.githubusercontent.com/kooker/FreeSubsCheck/main/base64.txt
[OK] proxies=9 new=7 url=https://raw.githubusercontent.com/kooker/FreeSubsCheck/main/byxiaoxi.txt
[OK] proxies=427 new=423 url=https://raw.githubusercontent.com/kooker/FreeSubsCheck/main/kooker.jp.txt
[OK] proxies=440 source=[免费节点11] url=https://raw.githubusercontent.com/kooker/FreeSubsCheck/main/README.md
============================================================
[INFO] toolkit try repo: https://github.com/Pawdroid/shadowrocket_for_android
[INFO] toolkit try release: https://github.com/Pawdroid/shadowrocket_for_android/releases
[INFO] toolkit try release: https://github.com/Pawdroid/shadowrocket_for_android/releases/expanded_assets/10.10.51
[INFO] toolkit try download: https://github.com/Pawdroid/shadowrocket_for_android/releases/download/10.10.51/Shadowrocket_10.10.51_shadowrocketStandard_arm64-v8a.apk
[OK] toolkit downloaded: Shadowrocket_10.10.51_shadowrocketStandard_arm64-v8a.apk bytes=41111539
[OK] toolkit extracted archive=Shadowrocket_10.10.51_shadowrocketStandard_arm64-v8a.apk tool=zipfile files=1175 dirs=44
[OK] toolkit sr-apk scanned prefixes=36 files=6 keys=2 archive=Shadowrocket_10.10.51_shadowrocketStandard_arm64-v8a.apk
[OK] proxies=650 new=650 url=https://{cdn.jsdelivr.net|raw.githubusercontent.com}/pixelor/ecfg/main/data/ecfg6_zh
[OK] proxies=650 new=0 url=https://{raw.githubusercontent.com|cdn.jsdelivr.net}/pixelor/ecfg/main/data/ecfg6_en
[OK] proxies=486 new=0 url=https://{files.shadowrockets.app|cdn.shadowrockets.app}/ecfg/data/ecfg6_en
[OK] proxies=486 new=0 url=https://{files.shadowrockets.app|cdn.shadowrockets.app}/ecfg/data/ecfg6_zh
[OK] proxies=159 new=72 url=https://{raw.githubusercontent.com|cdn.jsdelivr.net}/pixelor/ecfg/main/data/ecfg6
[OK] proxies=126 new=0 url=https://{files.shadowrockets.app|cdn.shadowrockets.app}/ecfg/data/ecfg6
[OK] proxies=722 source=[Pawdroid-sr-apk] url=https://github.com/Pawdroid/shadowrocket_for_android/releases/download/10.10.51/Shadowrocket_10.10.51_shadowrocketStandard_arm64-v8a.apk
============================================================
[INFO] toolkit try page: https://shadowshare.v2cross.com
[INFO] toolkit try download: https://shadowshare.v2cross.com/shadowshare.apk
[OK] toolkit downloaded: shadowshare.apk bytes=62868122
[OK] toolkit extracted archive=shadowshare.apk tool=zipfile files=612 dirs=39
[OK] toolkit ss-apk scanned prefixes=10 files=3 keys=1 archive=shadowshare.apk
[OK] proxies=207 new=207 url=https://{raw.githubusercontent.com|jsd.onmicrosoft.cn}/hideme9527/ecsfg/main/data/sareserver
[OK] proxies=1386 new=1282 url=https://{raw.githubusercontent.com|jsd.onmicrosoft.cn}/hideme9527/ecsfg/main/data/sareserver_en
[OK] proxies=115 new=0 url=https://{shadowsharing.com|sare.159236.xyz}/data/sareserver
[OK] proxies=1386 new=0 url=https://{shadowsharing.com|sare.159236.xyz}/data/sareserver_en
[OK] proxies=115 new=0 url=https://gitee.com/api/v5/repos/{guoyoucai1|zhiminghao|elvenapp}/ecsfg/raw/data/sareserver
[OK] proxies=1386 new=0 url=https://gitee.com/api/v5/repos/{guoyoucai1|elvenapp|zhiminghao}/ecsfg/raw/data/sareserver_en
[OK] proxies=1489 source=[Pawdroid-ss-apk] url=https://shadowshare.v2cross.com/shadowshare.apk
============================================================
[INFO] sublink try repo: https://github.com/free-nodes/clashfree
[INFO] sublink try page: https://raw.githubusercontent.com/free-nodes/clashfree/main/README.md
[OK] proxies=1323 new=1323 url=https://raw.githubusercontent.com/free-nodes/clashfree/main/README.md
[OK] proxies=1323 new=0 url=https://raw.githubusercontent.com/free-nodes/clashfree/main/clash20260917.yml
[OK] proxies=1 new=1 url=https://github.com/free-nodes/clashfree/blob/main/clash20260917.yml
[OK] proxies=1324 source=[Clashfree] url=https://raw.githubusercontent.com/free-nodes/clashfree/main/README.md
============================================================
[INFO] sublink try repo: https://github.com/Epodonios/v2ray-configs
[INFO] sublink try page: https://raw.githubusercontent.com/Epodonios/v2ray-configs/main/README.md
[OK] proxies=1 new=1 url=https://github.com/Epodonios/V2ray-Configs/actions/workflows/main.yml
[OK] proxies=4057 new=4057 url=https://github.com/Epodonios/v2ray-configs/raw/main/All_Configs_Sub.txt
[OK] proxies=4057 new=0 url=https://github.com/Epodonios/v2ray-configs/raw/main/All_Configs_base64_Sub.txt
[OK] proxies=3243 new=0 url=https://github.com/Epodonios/v2ray-configs/raw/main/Splitted-By-Protocol/vless.txt
[OK] proxies=160 new=0 url=https://github.com/Epodonios/v2ray-configs/raw/main/Splitted-By-Protocol/vmess.txt
[OK] proxies=416 new=0 url=https://github.com/Epodonios/v2ray-configs/raw/main/Splitted-By-Protocol/ss.txt
[OK] proxies=158 new=0 url=https://github.com/Epodonios/v2ray-configs/raw/main/Splitted-By-Protocol/trojan.txt
[OK] proxies=4057 new=0 url=https://raw.githubusercontent.com/Epodonios/v2ray-configs/main/{Sub1.txt|Sub2.txt|Sub3.txt|Sub4.txt|Sub5.txt|Sub6.txt|Sub7.txt|Sub8.txt}
[OK] proxies=4058 source=[Epodonios] url=https://raw.githubusercontent.com/Epodonios/v2ray-configs/main/README.md
============================================================
[INFO] sublink try repo: https://github.com/free-clash-v2ray/free-clash-v2ray.github.io
[INFO] sublink try page: https://raw.githubusercontent.com/free-clash-v2ray/free-clash-v2ray.github.io/main/README.md
[OK] proxies=2890 new=2890 url=https://free-clash-v2ray.github.io/uploads/2026/09/{0-20260913.yaml|1-20260913.yaml|2-20260913.yaml|3-20260913.yaml}
[OK] proxies=4384 new=1835 url=https://free-clash-v2ray.github.io/uploads/2026/09/{0-20260913.txt|1-20260913.txt|2-20260913.txt|3-20260913.txt|4-20260913.txt}
[OK] proxies=4725 source=[Free-clash-v2ray] url=https://raw.githubusercontent.com/free-clash-v2ray/free-clash-v2ray.github.io/main/README.md
============================================================
[INFO] article try page: https://v2rayclashfree.com
[INFO] sublink try page: https://v2rayclashfree.com/fn/20260917.html
[OK] proxies=1864 new=1864 url=https://v2rayclashfree.com/sub/20260917-v2ray.txt
[OK] proxies=1695 new=262 url=https://v2rayclashfree.com/sub/20260917-clash.yaml
[OK] proxies=2126 source=[V2rayclashfree-RSS] url=https://v2rayclashfree.com/fn/20260917.html
============================================================
[INFO] raw backup written path=/home/runner/work/Free-node-autotest/Free-node-autotest/output/raw.yaml proxies=26908
[INFO] toolkit try repo: https://github.com/MetaCubeX/mihomo
[INFO] toolkit try release: https://github.com/MetaCubeX/mihomo/releases
[INFO] toolkit try release: https://github.com/MetaCubeX/mihomo/releases/expanded_assets/v1.19.31
[INFO] toolkit try download: https://github.com/MetaCubeX/mihomo/releases/download/v1.19.31/mihomo-linux-amd64-compatible-v1.19.31.gz
[OK] toolkit downloaded: mihomo-linux-amd64-compatible-v1.19.31.gz bytes=22821836
[OK] toolkit sha256 verified: mihomo-linux-amd64-compatible-v1.19.31.gz sha256=04cf9f09671704f839ddbee2e93069dc831a4123a75281e725d1d96ab9ac1afc
[OK] proxy engine ready: starting latency test package=mihomo-linux-amd64-compatible-v1.19.31.gz
============================================================
[WARN] batch start failed size=17224 {1} split -> 8612 {2} + 8612 {3}
[WARN] batch start failed size=8612 {2} split -> 4306 {4} + 4306 {5}
[WARN] batch start failed size=8612 {3} split -> 4306 {6} + 4306 {7}
[WARN] batch start failed size=4306 {4} split -> 2153 {8} + 2153 {9}
[WARN] batch start failed size=4306 {6} split -> 2153 {10} + 2153 {11}
[WARN] batch start failed size=2153 {8} split -> 1076 {12} + 1077 {13}
[WARN] batch start failed size=4306 {7} split -> 2153 {14} + 2153 {15}
[WARN] batch start failed size=1076 {12} split -> 538 {16} + 538 {17}
[WARN] batch start failed size=2153 {11} split -> 1076 {18} + 1077 {19}
[WARN] batch start failed size=2153 {10} split -> 1076 {20} + 1077 {21}
[INFO] {5} tested 100/4306 kept=0 rest=16997
[INFO] {9} tested 100/2153 kept=64 rest=16950
[INFO] {13} tested 100/1077 kept=2 rest=16787
[INFO] {5} tested 200/4306 kept=0 rest=16719
[INFO] {9} tested 200/2153 kept=66 rest=16698
[INFO] {13} tested 200/1077 kept=34 rest=16513
[INFO] {5} tested 300/4306 kept=0 rest=16403
[INFO] {9} tested 300/2153 kept=67 rest=16353
[INFO] {9} tested 400/2153 kept=68 rest=16203
[INFO] {13} tested 300/1077 kept=38 rest=16194
[INFO] {13} tested 400/1077 kept=39 rest=15981
[INFO] {5} tested 400/4306 kept=0 rest=15921
[INFO] {9} tested 500/2153 kept=70 rest=15888
[INFO] {13} tested 500/1077 kept=39 rest=15741
[INFO] {13} tested 600/1077 kept=40 rest=15534
[INFO] {9} tested 600/2153 kept=70 rest=15533
[INFO] {5} tested 500/4306 kept=0 rest=15515
[INFO] {13} tested 700/1077 kept=40 rest=15396
[INFO] {13} tested 800/1077 kept=40 rest=15194
[INFO] {9} tested 700/2153 kept=70 rest=15068
[INFO] {5} tested 600/4306 kept=0 rest=15062
[INFO] {13} tested 900/1077 kept=40 rest=15008
[INFO] {5} tested 700/4306 kept=0 rest=14807
[INFO] {9} tested 800/2153 kept=70 rest=14660
[INFO] {13} tested 1000/1077 kept=40 rest=14648
[INFO] {5} tested 800/4306 kept=0 rest=14594
[INFO] {5} tested 900/4306 kept=0 rest=14379
[INFO] {9} tested 900/2153 kept=70 rest=14288
[INFO] {13} tested 1077/1077 kept=40 rest=14267
[INFO] {14} tested 100/2153 kept=0 rest=14165
[INFO] {5} tested 1000/4306 kept=0 rest=14042
[INFO] {14} tested 200/2153 kept=2 rest=14000
[INFO] {5} tested 1100/4306 kept=0 rest=13907
[INFO] {9} tested 1000/2153 kept=70 rest=13740
[INFO] {5} tested 1200/4306 kept=0 rest=13721
[INFO] {5} tested 1300/4306 kept=4 rest=13598
[INFO] {5} tested 1400/4306 kept=5 rest=13489
[INFO] {14} tested 300/2153 kept=3 rest=13347
[INFO] {14} tested 400/2153 kept=3 rest=13247
[INFO] {14} tested 500/2153 kept=5 rest=13092
[INFO] {5} tested 1500/4306 kept=9 rest=13066
[INFO] {9} tested 1100/2153 kept=70 rest=12959
[INFO] {5} tested 1600/4306 kept=9 rest=12780
[INFO] {14} tested 600/2153 kept=14 rest=12660
[INFO] {5} tested 1700/4306 kept=13 rest=12644
[INFO] {9} tested 1200/2153 kept=70 rest=12628
[INFO] {14} tested 700/2153 kept=19 rest=12501
[INFO] {14} tested 800/2153 kept=20 rest=12334
[INFO] {9} tested 1300/2153 kept=70 rest=12207
[INFO] {5} tested 1800/4306 kept=20 rest=12201
[INFO] {14} tested 900/2153 kept=27 rest=12079
[INFO] {14} tested 1000/2153 kept=35 rest=11925
[INFO] {5} tested 1900/4306 kept=20 rest=11779
[INFO] {9} tested 1400/2153 kept=70 rest=11747
[INFO] {14} tested 1100/2153 kept=37 rest=11699
[INFO] {9} tested 1500/2153 kept=103 rest=11533
[INFO] {5} tested 2000/4306 kept=21 rest=11523
[INFO] {9} tested 1600/2153 kept=156 rest=11379
[INFO] {14} tested 1200/2153 kept=37 rest=11276
[INFO] {5} tested 2100/4306 kept=22 rest=11096
[INFO] {14} tested 1300/2153 kept=37 rest=11045
[INFO] {5} tested 2200/4306 kept=22 rest=10874
[INFO] {14} tested 1400/2153 kept=40 rest=10845
[INFO] {9} tested 1700/2153 kept=156 rest=10738
[INFO] {14} tested 1500/2153 kept=45 rest=10649
[INFO] {5} tested 2300/4306 kept=22 rest=10477
[INFO] {14} tested 1600/2153 kept=49 rest=10450
[INFO] {9} tested 1800/2153 kept=156 rest=10427
[INFO] {14} tested 1700/2153 kept=57 rest=10297
[INFO] {14} tested 1800/2153 kept=74 rest=10158
[INFO] {5} tested 2400/4306 kept=22 rest=10074
[INFO] {14} tested 1900/2153 kept=110 rest=10017
[INFO] {14} tested 2000/2153 kept=154 rest=9891
[INFO] {14} tested 2100/2153 kept=202 rest=9767
[INFO] {9} tested 1900/2153 kept=156 rest=9612
[INFO] {5} tested 2500/4306 kept=22 rest=9604
[INFO] {5} tested 2600/4306 kept=22 rest=9461
[INFO] {14} tested 2153/2153 kept=214 rest=9384
[WARN] batch start failed size=2153 {15} split -> 1076 {22} + 1077 {23}
[WARN] batch start failed size=538 {16} split -> 269 {24} + 269 {25}
[INFO] {9} tested 2000/2153 kept=156 rest=9306
[INFO] {5} tested 2700/4306 kept=22 rest=9254
[INFO] {5} tested 2800/4306 kept=23 rest=9040
[INFO] {9} tested 2100/2153 kept=156 rest=8985
[INFO] {17} tested 100/538 kept=61 rest=8971
[INFO] {9} tested 2153/2153 kept=156 rest=8852
[INFO] {17} tested 200/538 kept=71 rest=8752
[INFO] {5} tested 2900/4306 kept=23 rest=8698
[INFO] {19} tested 100/1077 kept=0 rest=8571
[INFO] {17} tested 300/538 kept=98 rest=8426
[INFO] {5} tested 3000/4306 kept=24 rest=8323
[INFO] {19} tested 200/1077 kept=1 rest=8234
[INFO] {19} tested 300/1077 kept=1 rest=8088
[INFO] {5} tested 3100/4306 kept=26 rest=8087
[INFO] {19} tested 400/1077 kept=2 rest=7909
[INFO] {19} tested 500/1077 kept=3 rest=7783
[INFO] {17} tested 400/538 kept=99 rest=7720
[INFO] {5} tested 3200/4306 kept=26 rest=7713
[INFO] {5} tested 3300/4306 kept=26 rest=7518
[INFO] {19} tested 600/1077 kept=9 rest=7398
[INFO] {5} tested 3400/4306 kept=26 rest=7352
[INFO] {19} tested 700/1077 kept=9 rest=7213
[INFO] {19} tested 800/1077 kept=12 rest=7073
[INFO] {17} tested 500/538 kept=101 rest=6998
[INFO] {5} tested 3500/4306 kept=26 rest=6957
[INFO] {17} tested 538/538 kept=101 rest=6948
[WARN] batch start failed size=1076 {18} split -> 538 {26} + 538 {27}
[INFO] {5} tested 3600/4306 kept=26 rest=6815
[INFO] {19} tested 900/1077 kept=14 rest=6760
[INFO] {5} tested 3700/4306 kept=26 rest=6687
[WARN] batch start failed size=1077 {21} split -> 538 {28} + 539 {29}
[INFO] {20} tested 100/1076 kept=0 rest=6417
[INFO] {5} tested 3800/4306 kept=26 rest=6414
[INFO] {20} tested 200/1076 kept=0 rest=6299
[INFO] {19} tested 1000/1077 kept=24 rest=6271
[INFO] {5} tested 3900/4306 kept=26 rest=6106
[INFO] {5} tested 4000/4306 kept=26 rest=5987
[INFO] {5} tested 4100/4306 kept=26 rest=5863
[INFO] {19} tested 1077/1077 kept=24 rest=5766
[INFO] {20} tested 300/1076 kept=0 rest=5746
[INFO] {20} tested 400/1076 kept=0 rest=5629
[INFO] {5} tested 4200/4306 kept=26 rest=5533
[INFO] {22} tested 100/1076 kept=32 rest=5476
[INFO] {22} tested 200/1076 kept=77 rest=5364
[INFO] {22} tested 300/1076 kept=123 rest=5252
[INFO] {22} tested 400/1076 kept=153 rest=5147
[INFO] {22} tested 500/1076 kept=167 rest=5045
[INFO] {22} tested 600/1076 kept=173 rest=4940
[INFO] {22} tested 700/1076 kept=187 rest=4836
[INFO] {22} tested 800/1076 kept=193 rest=4734
[INFO] {22} tested 900/1076 kept=196 rest=4633
[INFO] {22} tested 1000/1076 kept=202 rest=4525
[INFO] {20} tested 500/1076 kept=2 rest=4387
[INFO] {5} tested 4300/4306 kept=26 rest=4313
[INFO] {20} tested 600/1076 kept=5 rest=4283
[INFO] {5} tested 4306/4306 kept=26 rest=4210
[WARN] batch start failed size=1077 {23} split -> 538 {30} + 539 {31}
[WARN] batch start failed size=269 {24} split -> 134 {32} + 135 {33}
[INFO] {22} tested 1076/1076 kept=220 rest=4175
[INFO] {20} tested 700/1076 kept=25 rest=3977
[INFO] {20} tested 800/1076 kept=71 rest=3871
[INFO] {20} tested 900/1076 kept=133 rest=3753
[INFO] {25} tested 100/269 kept=7 rest=3736
[INFO] {20} tested 1000/1076 kept=200 rest=3616
[INFO] {26} tested 100/538 kept=36 rest=3550
[INFO] {25} tested 200/269 kept=9 rest=3505
[INFO] {26} tested 200/538 kept=37 rest=3385
[INFO] {26} tested 300/538 kept=37 rest=3281
[INFO] {26} tested 400/538 kept=38 rest=3176
[INFO] {26} tested 500/538 kept=41 rest=3073
[INFO] {20} tested 1076/1076 kept=236 rest=3013
[WARN] batch start failed size=538 {27} split -> 269 {34} + 269 {35}
[INFO] {25} tested 269/269 kept=9 rest=2985
[WARN] batch start failed size=538 {28} split -> 269 {36} + 269 {37}
[INFO] {29} tested 100/539 kept=3 rest=2882
[WARN] batch start failed size=538 {30} split -> 269 {38} + 269 {39}
[WARN] batch start failed size=539 {31} split -> 269 {40} + 270 {41}
[INFO] {26} tested 538/538 kept=49 rest=2769
[WARN] batch start failed size=134 {32} split -> 67 {42} + 67 {43}
[INFO] {29} tested 200/539 kept=18 rest=2761
[WARN] batch start failed size=135 {33} split -> 67 {44} + 68 {45}
[WARN] batch start failed size=269 {34} split -> 134 {46} + 135 {47}
[INFO] {35} tested 100/269 kept=5 rest=2641
[INFO] {36} tested 100/269 kept=48 rest=2470
[INFO] {35} tested 200/269 kept=11 rest=2379
[INFO] {36} tested 200/269 kept=106 rest=2334
[INFO] {29} tested 300/539 kept=21 rest=2248
[INFO] {29} tested 400/539 kept=23 rest=2141
[INFO] {35} tested 269/269 kept=11 rest=1997
[INFO] {36} tested 269/269 kept=120 rest=1967
[WARN] batch start failed size=269 {37} split -> 134 {48} + 135 {49}
[INFO] {38} tested 100/269 kept=4 rest=1866
[INFO] {38} tested 200/269 kept=28 rest=1766
[WARN] batch start failed size=269 {39} split -> 134 {50} + 135 {51}
[WARN] batch start failed size=269 {40} split -> 134 {52} + 135 {53}
[INFO] {29} tested 500/539 kept=34 rest=1671
[INFO] {41} tested 100/270 kept=19 rest=1550
[INFO] {29} tested 539/539 kept=34 rest=1438
[INFO] {41} tested 200/270 kept=92 rest=1430
[INFO] {38} tested 269/269 kept=44 rest=1357
[WARN] batch start failed size=67 {43} split -> 33 {54} + 34 {55}
[WARN] batch start failed size=67 {44} split -> 33 {56} + 34 {57}
[INFO] {41} tested 270/270 kept=128 rest=1289
[WARN] batch start failed size=134 {46} split -> 67 {58} + 67 {59}
[INFO] {42} tested 67/67 kept=8 rest=1245
[WARN] batch start failed size=135 {47} split -> 67 {60} + 68 {61}
[WARN] batch start failed size=134 {48} split -> 67 {62} + 67 {63}
[INFO] {49} tested 100/135 kept=4 rest=1141
[WARN] batch start failed size=134 {50} split -> 67 {64} + 67 {65}
[INFO] {51} tested 100/135 kept=71 rest=1008
[INFO] {45} tested 68/68 kept=23 rest=966
[WARN] batch start failed size=134 {52} split -> 67 {66} + 67 {67}
[INFO] {53} tested 100/135 kept=22 rest=866
[INFO] {49} tested 135/135 kept=6 rest=841
[INFO] {51} tested 135/135 kept=82 rest=800
[WARN] batch start failed size=34 {55} split -> 17 {68} + 17 {69}
[INFO] {53} tested 135/135 kept=32 rest=767
[WARN] batch start failed size=34 {57} split -> 17 {70} + 17 {71}
[INFO] {56} tested 33/33 kept=0 rest=687
[INFO] {54} tested 33/33 kept=5 rest=686
[WARN] batch start failed size=67 {59} split -> 33 {72} + 34 {73}
[WARN] batch start failed size=68 {61} split -> 34 {74} + 34 {75}
[INFO] {63} tested 67/67 kept=3 rest=601
[WARN] batch start failed size=67 {62} split -> 33 {76} + 34 {77}
[WARN] batch start failed size=67 {64} split -> 33 {78} + 34 {79}
[INFO] {58} tested 67/67 kept=6 rest=522
[INFO] {60} tested 67/67 kept=2 rest=431
[WARN] batch start failed size=67 {67} split -> 33 {80} + 34 {81}
[WARN] batch start failed size=17 {69} split -> 8 {82} + 9 {83}
[WARN] batch start failed size=17 {68} split -> 8 {84} + 9 {85}
[INFO] {70} tested 17/17 kept=0 rest=412
[INFO] {65} tested 67/67 kept=61 rest=411
[WARN] batch start failed size=17 {71} split -> 8 {86} + 9 {87}
[WARN] batch start failed size=34 {73} split -> 17 {88} + 17 {89}
[INFO] {66} tested 67/67 kept=27 rest=374
[WARN] batch start failed size=34 {74} split -> 17 {90} + 17 {91}
[WARN] batch start failed size=33 {76} split -> 16 {92} + 17 {93}
[INFO] {72} tested 33/33 kept=0 rest=317
[INFO] {75} tested 34/34 kept=3 rest=302
[WARN] batch start failed size=34 {79} split -> 17 {94} + 17 {95}
[INFO] {77} tested 34/34 kept=11 rest=255
[WARN] batch start failed size=34 {81} split -> 17 {96} + 17 {97}
[WARN] batch start failed size=8 {82} split -> 4 {98} + 4 {99}
[WARN] batch start failed size=9 {83} split -> 4 {100} + 5 {101}
[WARN] batch start failed size=9 {85} split -> 4 {102} + 5 {103}
[WARN] batch start failed size=8 {84} split -> 4 {104} + 4 {105}
[WARN] batch start failed size=8 {86} split -> 4 {106} + 4 {107}
[WARN] batch start failed size=9 {87} split -> 4 {108} + 5 {109}
[INFO] {78} tested 33/33 kept=1 rest=233
[INFO] {80} tested 33/33 kept=3 rest=220
[WARN] batch start failed size=17 {88} split -> 8 {110} + 9 {111}
[WARN] batch start failed size=17 {90} split -> 8 {112} + 9 {113}
[INFO] {89} tested 17/17 kept=1 rest=182
[INFO] {91} tested 17/17 kept=0 rest=174
[WARN] batch start failed size=17 {93} split -> 8 {114} + 9 {115}
[INFO] {92} tested 16/16 kept=3 rest=170
[WARN] batch start failed size=17 {94} split -> 8 {116} + 9 {117}
[WARN] batch start failed size=17 {96} split -> 8 {118} + 9 {119}
[INFO] {95} tested 17/17 kept=15 rest=140
[WARN] batch start failed size=4 {99} split -> 2 {120} + 2 {121}
[INFO] {98} tested 4/4 kept=0 rest=135
[INFO] {97} tested 17/17 kept=0 rest=131
[WARN] batch start failed size=4 {100} split -> 2 {122} + 2 {123}
[WARN] batch start failed size=4 {102} split -> 2 {124} + 2 {125}
[WARN] batch start failed size=4 {105} split -> 2 {126} + 2 {127}
[INFO] {101} tested 5/5 kept=0 rest=124
[INFO] {104} tested 4/4 kept=0 rest=122
[WARN] batch start failed size=4 {107} split -> 2 {128} + 2 {129}
[WARN] batch start failed size=4 {108} split -> 2 {130} + 2 {131}
[INFO] {109} tested 5/5 kept=0 rest=115
[WARN] batch start failed size=9 {111} split -> 4 {132} + 5 {133}
[INFO] {103} tested 5/5 kept=0 rest=108
[INFO] {106} tested 4/4 kept=0 rest=102
[WARN] batch start failed size=9 {113} split -> 4 {134} + 5 {135}
[WARN] batch start failed size=8 {114} split -> 4 {136} + 4 {137}
[INFO] {110} tested 8/8 kept=0 rest=95
[INFO] {112} tested 8/8 kept=0 rest=88
[WARN] batch start failed size=9 {117} split -> 4 {138} + 5 {139}
[INFO] {115} tested 9/9 kept=3 rest=74
[WARN] batch start failed size=9 {119} split -> 4 {140} + 5 {141}
[WARN] batch start failed size=2 {120} split -> 1 {142} + 1 {143}
[WARN] batch start failed size=2 {121} split -> 1 {144} + 1 {145}
[INFO] {116} tested 8/8 kept=1 rest=69
[WARN] batch start failed size=2 {122} split -> 1 {146} + 1 {147}
[INFO] {123} tested 2/2 kept=0 rest=67
[WARN] batch start failed size=2 {124} split -> 1 {148} + 1 {149}
[WARN] batch start failed size=2 {125} split -> 1 {150} + 1 {151}
[INFO] {118} tested 8/8 kept=2 rest=66
[WARN] batch start failed size=2 {127} split -> 1 {152} + 1 {153}
[WARN] batch start failed size=2 {129} split -> 1 {154} + 1 {155}
[WARN] batch start failed size=2 {130} split -> 1 {156} + 1 {157}
[WARN] batch start failed size=2 {131} split -> 1 {158} + 1 {159}
[WARN] batch start failed size=4 {132} split -> 2 {160} + 2 {161}
[WARN] batch start failed size=5 {133} split -> 2 {162} + 3 {163}
[WARN] batch start failed size=4 {134} split -> 2 {164} + 2 {165}
[INFO] {126} tested 2/2 kept=0 rest=61
[INFO] {128} tested 2/2 kept=0 rest=60
[WARN] batch start failed size=4 {136} split -> 2 {166} + 2 {167}
[INFO] {139} tested 5/5 kept=5 rest=54
[WARN] batch start failed size=4 {138} split -> 2 {168} + 2 {169}
[INFO] {135} tested 5/5 kept=0 rest=49
[WARN] batch start failed size=5 {141} split -> 2 {170} + 3 {171}
[INFO] {137} tested 4/4 kept=1 rest=46
[DROP] {143} name=[ChromeGO-Merge] WARP server=162.159.192.1:2408 reason=Start initial configuration in progress
[DROP] {144} name=[ChromeGO-Merge] United server=108.181.5.133:26022 reason=Start initial configuration in progress
[INFO] {140} tested 4/4 kept=0 rest=42
[DROP] {145} name=[ChromeGO-Merge] France_hysteria_1 server=62.210.243.131:18702 reason=Start initial configuration in progress
[DROP] {146} name=[ChromeGO-Merge] United-2 server=109.104.152.194:58510 reason=Start initial configuration in progress
[DROP] {148} name=[ChromeGO-ShiteThings] hysteria-2 server=5.83.129.153:27626 reason=Start initial configuration in progress
[INFO] {147} tested 1/1 kept=0 rest=38
[DROP] {149} name=[ChromeGO-ShiteThings] hysteria-3 server=5.83.129.90:54177 reason=Start initial configuration in progress
[DROP] {150} name=[ChromeGO-ShiteThings] hysteria-4 server=62.210.70.191:23556 reason=Start initial configuration in progress
[DROP] {151} name=[ChromeGO-ShiteThings] hysteria-5 server=45.150.65.154:47119 reason=Start initial configuration in progress
[INFO] {152} tested 1/1 kept=0 rest=34
[INFO] {142} tested 1/1 kept=0 rest=33
[DROP] {153} name=[ChromeGO-ShiteThings] hysteria server=5.83.129.153:20088 reason=Start initial configuration in progress
[DROP] {155} name=[ChromeGO-Merge] Taiwan server=www2.dtku48.xyz:22334 reason=Start initial configuration in progress
[DROP] {156} name=[ChromeGO-Merge] France server=51.158.54.46:55396 reason=Start initial configuration in progress
[DROP] {157} name=[ChromeGO-Merge] United-4 server=173.234.25.52:48919 reason=Start initial configuration in progress
[DROP] {159} name=[ChromeGO-Merge] United-5 server=167.160.91.115:41189 reason=Start initial configuration in progress
[DROP] {158} name=[ChromeGO-Merge] Taiwan-2 server=www.dtku40.xyz:18490 reason=Start initial configuration in progress
[WARN] batch start failed size=2 {161} split -> 1 {172} + 1 {173}
[WARN] batch start failed size=2 {162} split -> 1 {174} + 1 {175}
[WARN] batch start failed size=3 {163} split -> 1 {176} + 2 {177}
[WARN] batch start failed size=2 {164} split -> 1 {178} + 1 {179}
[WARN] batch start failed size=2 {165} split -> 1 {180} + 1 {181}
[INFO] {154} tested 1/1 kept=0 rest=25
[WARN] batch start failed size=2 {166} split -> 1 {182} + 1 {183}
[WARN] batch start failed size=2 {168} split -> 1 {184} + 1 {185}
[INFO] {160} tested 2/2 kept=0 rest=23
[DROP] {184} name=[Free-clash-v2ray] hysteria server=5.83.129.143:26691 reason=Start initial configuration in progress
[WARN] batch start failed size=2 {170} split -> 1 {186} + 1 {187}
[INFO] {171} tested 3/3 kept=0 rest=19
[DROP] {173} name=[Epodonios] EPODONIOS-12 server=www.hxino.com:443 reason=Start initial configuration in progress
[DROP] {174} name=[Epodonios] EPODONIOS-13 server=63.178.100.140:22224 reason=Start initial configuration in progress
[INFO] {167} tested 2/2 kept=0 rest=16
[DROP] {176} name=[Epodonios] EPODONIOS-15 server=206.71.158.75:465 reason=Start initial configuration in progress
[INFO] {172} tested 1/1 kept=0 rest=14
[DROP] {179} name=[Epodonios] EPODONIOS-111 server=78.38.246.150:8446 reason=Start initial configuration in progress
[INFO] {175} tested 1/1 kept=0 rest=12
[INFO] {181} tested 1/1 kept=0 rest=11
[INFO] {177} tested 2/2 kept=0 rest=9
[DROP] {180} name=[Epodonios] EPODONIOS-112 server=92.119.166.62:2222 reason=Start initial configuration in progress
[DROP] {182} name=[Pawdroid-ss-apk] United+Kingdom-4 server=82.38.31.189:8080 reason=Start initial configuration in progress
[INFO] {183} tested 1/1 kept=1 rest=6
[INFO] {185} tested 1/1 kept=1 rest=5
[DROP] {186} name=[Free-clash-v2ray] 未知 SS-1521 | free-nodes server=192.0.2.1:1 reason=Start initial configuration in progress
[INFO] {169} tested 2/2 kept=2 rest=2
[INFO] {178} tested 1/1 kept=0 rest=1
[INFO] {187} tested 1/1 kept=0 rest=0
[INFO] dropped=22 [ChromeGO-Merge] × 9 | [ChromeGO-ShiteThings] × 5 | [Free-clash-v2ray] × 2 | [Epodonios] × 5 | [Pawdroid-ss-apk] × 1
============================================================
[INFO] cap live source=[免费节点2] from 90 to 50 by health_score
[INFO] cap live source=[免费节点8] from 160 to 50 by health_score
[INFO] cap live source=[Pawdroid-sr-apk] from 323 to 50 by health_score
[INFO] cap live source=[Pawdroid-ss-apk] from 102 to 50 by health_score
[INFO] cap live source=[Epodonios] from 88 to 50 by health_score
[INFO] cap live source=[Free-clash-v2ray] from 631 to 50 by health_score
[INFO] cap live source=[V2rayclashfree-RSS] from 160 to 50 by health_score
[INFO] cap live total from 516 to 350 trim large sources first
============================================================
+------------------------------+--------+--------+------+--------+
| source                       |    raw | unique | live | capped |
+------------------------------+--------+--------+------+--------+
| [大FQ运动]                   |     14 |     14 |    5 |      5 |
+------------------------------+--------+--------+------+--------+
| [Pawdroid]                   |     22 |     21 |    0 |      0 |
+------------------------------+--------+--------+------+--------+
| [FreeV2-Base64]              |      3 |      3 |    3 |      3 |
+------------------------------+--------+--------+------+--------+
| [Bocchi2b-Base64]            |     35 |     35 |    0 |      0 |
+------------------------------+--------+--------+------+--------+
| [ChromeGO-Toolkit]           |     14 |     14 |    4 |      4 |
+------------------------------+--------+--------+------+--------+
| [ChromeGO-ShiteThings]       |     31 |     25 |    1 |      1 |
+------------------------------+--------+--------+------+--------+
| [ChromeGO-Merge]             |    124 |    122 |    8 |      8 |
+------------------------------+--------+--------+------+--------+
| [Freesocks]                  |      3 |      3 |    3 |      3 |
+------------------------------+--------+--------+------+--------+
| [NekoWarp]                   |     10 |     10 |   10 |     10 |
+------------------------------+--------+--------+------+--------+
| [OpenRunner-RSS]             |     14 |      0 |    0 |      0 |
+------------------------------+--------+--------+------+--------+
| [V2Rayshare-RSS]             |     27 |     25 |    2 |      2 |
+------------------------------+--------+--------+------+--------+
| [Mibei77-RSS]                |    110 |     86 |    4 |      4 |
+------------------------------+--------+--------+------+--------+
| [Yoyapai-RSS]                |    213 |    186 |    6 |      6 |
+------------------------------+--------+--------+------+--------+
| [免费节点1]                  |    119 |     14 |    0 |      0 |
+------------------------------+--------+--------+------+--------+
| [免费节点2]                  |    361 |    314 |   90 |     28 |
+------------------------------+--------+--------+------+--------+
| [免费节点3]                  |     26 |     13 |    7 |      7 |
+------------------------------+--------+--------+------+--------+
| [免费节点4]                  |    826 |    718 |   42 |     28 |
+------------------------------+--------+--------+------+--------+
| [免费节点5]                  |     29 |     28 |    0 |      0 |
+------------------------------+--------+--------+------+--------+
| [免费节点6]                  |    626 |    584 |    6 |      6 |
+------------------------------+--------+--------+------+--------+
| [免费节点7]                  |     64 |      0 |    0 |      0 |
+------------------------------+--------+--------+------+--------+
| [免费节点8]                  |   4216 |   3412 |  160 |     28 |
+------------------------------+--------+--------+------+--------+
| [免费节点9]                  |    615 |    456 |    0 |      0 |
+------------------------------+--------+--------+------+--------+
| [免费节点10]                 |   4520 |   3086 |   17 |     17 |
+------------------------------+--------+--------+------+--------+
| [免费节点11]                 |    440 |    222 |   25 |     25 |
+------------------------------+--------+--------+------+--------+
| [Pawdroid-sr-apk]            |    722 |    466 |  323 |     28 |
+------------------------------+--------+--------+------+--------+
| [Pawdroid-ss-apk]            |   1489 |   1045 |  102 |     28 |
+------------------------------+--------+--------+------+--------+
| [Clashfree]                  |   1324 |    501 |   23 |     23 |
+------------------------------+--------+--------+------+--------+
| [Epodonios]                  |   4058 |   3166 |   88 |     28 |
+------------------------------+--------+--------+------+--------+
| [Free-clash-v2ray]           |   4725 |   2290 |  631 |     29 |
+------------------------------+--------+--------+------+--------+
| [V2rayclashfree-RSS]         |   2126 |    365 |  160 |     29 |
+------------------------------+--------+--------+------+--------+
============================================================
[SUMMARY] total_nodes=26906
[SUMMARY] legal_candidates=17224
[SUMMARY] passed_latency_test=350
[SUMMARY] region_HK=6 region_JP=4 region_US=87
[SUMMARY] avg_latency_ms=406.01
[SUMMARY] output=/home/runner/work/Free-node-autotest/Free-node-autotest/output/clash.yaml
============================================================
