============================================================
[INFO] sublink try page | url=https://end-gfw.com
[OK] proxies=6 | new=6 | url=https://raw.githubusercontent.com/hello-world-1989/cn-news/main/clash-free.yaml
[OK] proxies=6 | new=0 | url=https://raw.githubusercontent.com/hello-world-1989/cn-news/main/end-gfw-free
[INFO] source try link | url=https://end-gfw.com/ss-key
[OK] proxies=4 | new=4 | url=https://end-gfw.com/ss-key
[INFO] sublink try repo | url=https://github.com/hello-world-1989/cn-news
[INFO] sublink try page | url=https://raw.githubusercontent.com/hello-world-1989/cn-news/main/README.md
[OK] proxies=6 | new=6 | url=https://raw.githubusercontent.com/hello-world-1989/v2-sub/main/end-gfw-together-af3e13
[OK] proxies=2 | new=2 | url=https://raw.githubusercontent.com/hello-world-1989/cn-news/main/end-gfw-together
[OK] proxies=2 | new=0 | url=https://raw.githubusercontent.com/hello-world-1989/cn-news/refs/heads/main/clash.yaml
[OK] proxies=18 | source=[大FQ运动] | url=https://raw.githubusercontent.com/hello-world-1989/cn-news/main/README.md
============================================================
[INFO] sublink try repo | url=https://github.com/Pawdroid/Free-servers
[INFO] sublink try page | url=https://raw.githubusercontent.com/Pawdroid/Free-servers/main/README.md
[OK] proxies=6 | new=6 | url=https://raw.githubusercontent.com/Pawdroid/Free-servers/main/README.md
[OK] proxies=6 | new=0 | url=https://raw.githubusercontent.com/Pawdroid/Free-servers/main/sub
[OK] proxies=1 | new=1 | url=https://apps.apple.com/cn/app/shadowshare/id1612647259
[OK] proxies=1 | new=1 | url=http://www.surflare.com
[WARN] few proxies | found=8 | raw=13
[REUSE] raw | file=797389898099-raw-1900-20261010.yaml | stamp=202610101900
[OK] proxies=13 | source=[Pawdroid] | url=https://raw.githubusercontent.com/Pawdroid/Free-servers/main/README.md
============================================================
[INFO] source try link | url=https://xmxosfepggzm.503403.xyz
[OK] proxies=3 | new=3 | url=https://xmxosfepggzm.503403.xyz
[OK] proxies=3 | source=[FreeV2-Base64] | url=https://xmxosfepggzm.503403.xyz
============================================================
[INFO] source try link | url=https://links.bocchi2b.top/clash
[OK] proxies=32 | new=32 | url=https://links.bocchi2b.top/clash
[OK] proxies=32 | source=[Bocchi2b-Base64] | url=https://links.bocchi2b.top/clash
============================================================
[INFO] source try link | url=https://freesocks.org/api/v1/sub/02b897e8e77f19176b0b9f2c75864b00
[OK] proxies=1 | new=1 | url=https://freesocks.org/api/v1/sub/02b897e8e77f19176b0b9f2c75864b00
[INFO] source try link | url=https://freesocks.org/api/v1/sub/4cae35810e6f5c4d92e28e32104e0080
[OK] proxies=3 | new=3 | url=https://freesocks.org/api/v1/sub/4cae35810e6f5c4d92e28e32104e0080
[OK] proxies=4 | source=[Freesocks] | url=https://freesocks.org/api/v1/sub/4cae35810e6f5c4d92e28e32104e0080
============================================================
[INFO] source try link | url=https://neko-warp.nloli.xyz/neko_warp.yaml
[OK] proxies=10 | new=10 | url=https://neko-warp.nloli.xyz/neko_warp.yaml
[OK] proxies=10 | source=[NekoWarp] | url=https://neko-warp.nloli.xyz/neko_warp.yaml
============================================================
[INFO] article try feed | url=https://free.datiya.com/index.xml
[INFO] sublink try page | url=https://free.datiya.com/post/20261010/
[OK] proxies=14 | new=14 | url=https://free.datiya.com/uploads/20261010-clash.yaml
[OK] proxies=14 | source=[OpenRunner-RSS] | url=https://free.datiya.com/post/20261010/
============================================================
[INFO] article try feed | url=https://v2rayshare.com/feed
[INFO] sublink try page | url=https://v2rayshare.com/p/4097.html
[INFO] sublink try repo | url=https://github.com/firefoxmmx2/v2rayshare_subcription
[INFO] sublink try page | url=https://raw.githubusercontent.com/firefoxmmx2/v2rayshare_subcription/main/README.md
[OK] proxies=21 | new=21 | url=https://{raw.githubusercontent.com|cdn.jsdelivr.net}/firefoxmmx2/v2rayshare_subcription/main/subscription/clash_sub.yaml
[OK] proxies=22 | new=1 | url=https://{raw.githubusercontent.com|cdn.jsdelivr.net}/firefoxmmx2/v2rayshare_subcription/main/subscription/vray_sub.txt
[OK] proxies=22 | new=0 | url=https://{raw.githubusercontent.com|cdn.jsdelivr.net}/firefoxmmx2/v2rayshare_subcription/main/subscription/mihomo_sub.yaml
[OK] proxies=22 | source=[V2Rayshare-RSS] | url=https://raw.githubusercontent.com/firefoxmmx2/v2rayshare_subcription/main/README.md
============================================================
[INFO] article try feed | url=https://www.mibei77.com/feed
[INFO] sublink try page | url=https://www.mibei77.com/737.html
[OK] proxies=111 | new=111 | url=https://aa.mibei77.com/202610/10.1064bacdq.txt
[OK] proxies=119 | new=14 | url=https://aa.mibei77.com/202610/1010Clashizxc.yaml
[OK] proxies=125 | source=[Mibei77-RSS] | url=https://www.mibei77.com/737.html
============================================================
[INFO] article try feed | url=https://yoyapai.com/feed
[INFO] sublink try page | url=https://yoyapai.com/761
[OK] proxies=297 | new=297 | url=https://freenode.yoyapai.com/2026/10/10-yoyapai.com-clash-vpn-mianfei-jiedian.yaml
[OK] proxies=1 | new=1 | url=https://yoyapai.com/761
[OK] proxies=297 | new=0 | url=https://freenode.yoyapai.com/2026/10/10-yoyapai.com-ssrv2ray-vpn-mianfei-jiedian.txt
[OK] proxies=298 | source=[Yoyapai-RSS] | url=https://yoyapai.com/761
============================================================
[INFO] sublink try repo | url=https://github.com/free18/v2ray
[INFO] sublink try page | url=https://raw.githubusercontent.com/free18/v2ray/main/README.md
[OK] proxies=171 | new=171 | url=https://ghfast.top/https://raw.githubusercontent.com/free18/v2ray/refs/heads/main/c.yaml
[OK] proxies=3 | new=3 | url=https://raw.githubusercontent.com/free18/v2ray/main/README.md
[OK] proxies=171 | new=0 | url=https://ghfast.top/https://raw.githubusercontent.com/free18/v2ray/refs/heads/main/v.txt
[OK] proxies=174 | source=[免费节点1] | url=https://raw.githubusercontent.com/free18/v2ray/main/README.md
============================================================
[INFO] sublink try repo | url=https://github.com/ermaozi/get_subscribe
[INFO] sublink try page | url=https://raw.githubusercontent.com/ermaozi/get_subscribe/main/README.md
[INFO] sublink file_nodes=0 | bare links=9
[OK] proxies=562 | new=562 | url=https://blog.ermao.net/sub/{clash|v2ray}/ermao.net
[OK] proxies=562 | new=0 | url=https://{blog.ermao.net|www.ermao.net}/sub/{reachable|unreachable|untested}/clash/ermao.net
[OK] proxies=562 | source=[免费节点2] | url=https://raw.githubusercontent.com/ermaozi/get_subscribe/main/README.md
============================================================
[INFO] sublink try repo | url=https://github.com/sunmiao4458/free-proxy-airport
[INFO] sublink try page | url=https://raw.githubusercontent.com/sunmiao4458/free-proxy-airport/main/README.md
[OK] proxies=28 | new=28 | url=https://sunmiao4458.github.io/free-proxy-airport/clash.yaml
[OK] proxies=28 | source=[免费节点3] | url=https://raw.githubusercontent.com/sunmiao4458/free-proxy-airport/main/README.md
============================================================
[INFO] sublink try repo | url=https://github.com/mfuu/FreeProxies
[INFO] sublink try page | url=https://raw.githubusercontent.com/mfuu/FreeProxies/master/README.md
[OK] proxies=335 | new=335 | url=https://raw.githubusercontent.com/mfuu/FreeProxies/master/sub.yaml
[OK] proxies=335 | source=[免费节点4] | url=https://raw.githubusercontent.com/mfuu/FreeProxies/master/README.md
============================================================
[INFO] sublink try repo | url=https://github.com/vxiaov/free_proxies
[INFO] sublink try page | url=https://raw.githubusercontent.com/vxiaov/free_proxies/main/README.md
[OK] proxies=28 | new=28 | url=https://{cdn.jsdelivr.net|raw.githubusercontent.com}/vxiaov/free_proxies/main/clash/clash.provider.yaml
[OK] proxies=1 | new=1 | url=https://raw.githubusercontent.com/vxiaov/free_proxies/main/README.md
[OK] proxies=29 | source=[免费节点5] | url=https://raw.githubusercontent.com/vxiaov/free_proxies/main/README.md
============================================================
[INFO] sublink try repo | url=https://github.com/anaer/Sub
[INFO] sublink try page | url=https://raw.githubusercontent.com/anaer/Sub/main/README.MD
[OK] proxies=566 | new=566 | url=https://anaer.github.io/Sub/clash.yaml
[OK] proxies=566 | new=0 | url=https://raw.githubusercontent.com/anaer/Sub/main/clash.yaml
[OK] proxies=566 | source=[免费节点6] | url=https://raw.githubusercontent.com/anaer/Sub/main/README.MD
============================================================
[INFO] sublink try repo | url=https://github.com/snakem982/proxypool
[INFO] sublink try page | url=https://raw.githubusercontent.com/snakem982/proxypool/main/README.md
[OK] proxies=56 | new=56 | url=https://raw.githubusercontent.com/snakem982/proxypool/main/source/clash-meta-2.yaml
[OK] proxies=48 | new=0 | url=https://raw.githubusercontent.com/snakem982/proxypool/main/source/v2ray-2.txt
[OK] proxies=48 | new=0 | url=https://raw.githubusercontent.com/snakem982/proxypool/main/source/sing-box-2.json
[OK] proxies=56 | source=[免费节点7] | url=https://raw.githubusercontent.com/snakem982/proxypool/main/README.md
============================================================
[INFO] sublink try repo | url=https://github.com/mahdibland/V2RayAggregator
[INFO] sublink try page | url=https://raw.githubusercontent.com/mahdibland/V2RayAggregator/master/README.md
[OK] proxies=61 | new=61 | url=https://raw.githubusercontent.com/mahdibland/SSAggregator/master/sub/airport_merge_base64.txt
[OK] proxies=521 | new=521 | url=https://raw.githubusercontent.com/mahdibland/ShadowsocksAggregator/master/sub/splitted/trojan.txt
[OK] proxies=3907 | new=3386 | url=https://raw.githubusercontent.com/mahdibland/SSAggregator/master/sub/sub_merge_base64.txt
[OK] proxies=1 | new=1 | url=https://github.com/mahdibland/SSAggregator/actions/workflows/Collector.yml
[OK] proxies=1856 | new=0 | url=https://raw.githubusercontent.com/mahdibland/ShadowsocksAggregator/master/sub/splitted/ss.txt
[OK] proxies=4022 | new=193 | url=https://raw.githubusercontent.com/mahdibland/SSAggregator/master/sub/sub_merge_yaml.yml
[OK] proxies=201 | new=0 | url=https://raw.githubusercontent.com/mahdibland/ShadowsocksAggregator/master/Eternity.yml
[OK] proxies=1 | new=0 | url=https://cdn.jsdelivr.net/gh/mahdibland/V2RayAggregator@master/update/provider/provider-meta-cn.yml
[OK] proxies=200 | new=0 | url=https://raw.githubusercontent.com/mahdibland/ShadowsocksAggregator/master/Eternity.txt
[OK] proxies=54 | new=0 | url=https://raw.githubusercontent.com/mahdibland/ShadowsocksAggregator/master/sub/splitted/ssr.txt
[OK] proxies=1 | new=0 | url=https://cdn.jsdelivr.net/gh/mahdibland/V2RayAggregator@master/update/provider/provider-cn.yml
[OK] proxies=1476 | new=0 | url=https://raw.githubusercontent.com/mahdibland/ShadowsocksAggregator/master/sub/splitted/vmess.txt
[OK] proxies=61 | new=0 | url=https://raw.githubusercontent.com/mahdibland/ShadowsocksAggregator/master/EternityAir.txt
[OK] proxies=1 | new=0 | url=https://cdn.jsdelivr.net/gh/mahdibland/V2RayAggregator@master/update/provider/provider-meta.yml
[OK] proxies=388 | new=95 | url=https://raw.githubusercontent.com/mahdibland/V2RayAggregator/master/README.md
[OK] proxies=1 | new=0 | url=https://cdn.jsdelivr.net/gh/mahdibland/V2RayAggregator@master/update/provider/provider-others.yml
[OK] proxies=1 | new=0 | url=https://github.com/mahdibland/SSAggregator/actions/workflows/Airport_Collector.yml
[OK] proxies=1 | new=0 | url=https://cdn.jsdelivr.net/gh/mahdibland/V2RayAggregator@master/update/provider/provider-meta-others.yml
[OK] proxies=61 | new=0 | url=https://raw.githubusercontent.com/mahdibland/SSAggregator/master/sub/airport_sub_merge.txt
[OK] proxies=1 | new=0 | url=https://cdn.jsdelivr.net/gh/mahdibland/V2RayAggregator@master/update/provider/provider.yml
[OK] proxies=3907 | new=0 | url=https://raw.githubusercontent.com/mahdibland/{SSAggregator|ShadowsocksAggregator}/master/sub/sub_merge.txt
[OK] proxies=4257 | source=[免费节点8] | url=https://raw.githubusercontent.com/mahdibland/V2RayAggregator/master/README.md
============================================================
[INFO] sublink try repo | url=https://github.com/w1770946466/Auto_proxy
[INFO] sublink try page | url=https://raw.githubusercontent.com/w1770946466/Auto_proxy/main/README.md
[OK] proxies=245 | new=245 | url=https://raw.githubusercontent.com/w1770946466/Auto_proxy/main/{Long_term_subscription2.yaml|Long_term_subscription1.yaml|Long_term_subscription3.yaml}
[OK] proxies=489 | new=369 | url=https://raw.githubusercontent.com/w1770946466/Auto_proxy/main/Long_term_subscription_num
[OK] proxies=1 | new=1 | url=https://github.com/w1770946466/Auto_proxy/actions/workflows/main.yml
[OK] proxies=489 | new=0 | url=https://raw.githubusercontent.com/w1770946466/Auto_proxy/main/{Long_term_subscription1|Long_term_subscription2|Long_term_subscription3|Long_term_subscription4|Long_term_subscription5|Long_term_subscription6|Long_term_subscription7|Long_term_subscription8}
[OK] proxies=615 | source=[免费节点9] | url=https://raw.githubusercontent.com/w1770946466/Auto_proxy/main/README.md
============================================================
[INFO] sublink try repo | url=https://github.com/PuddinCat/BestClash
[INFO] sublink try page | url=https://raw.githubusercontent.com/PuddinCat/BestClash/main/README.md
[OK] proxies=24 | new=24 | url=https://freenode.openrunner.net/uploads/20240807-clash.yaml
[OK] proxies=28 | new=28 | url=https://cdn.jsdelivr.net/gh/vxiaov/free_proxies@main/clash/clash.provider.yaml
[OK] proxies=201 | new=201 | url=https://raw.githubusercontent.com/mahdibland/ShadowsocksAggregator/master/Eternity.yml
[OK] proxies=144 | new=144 | url=https://raw.githubusercontent.com/zhangkaiitugithub/passcro/main/speednodes.yaml
[OK] proxies=167 | new=94 | url=https://raw.githubusercontent.com/{chengaopan|peasoft}/{AutoMergePublicNodes|NoMoreWalls}/master/list.yml
[OK] proxies=196 | new=32 | url=https://raw.githubusercontent.com/Misaka-blog/chromego_merge/main/sub/merged_proxies_new.yaml
[OK] proxies=562 | new=260 | url=https://raw.githubusercontent.com/{ermaozi|ermaozi01}/{get_subscribe|free_clash_vpn}/main/subscribe/clash.yml
[OK] proxies=16 | new=14 | url=https://raw.githubusercontent.com/PuddinCat/BestClash/main/proxies.yaml
[OK] proxies=165 | new=165 | url=https://raw.githubusercontent.com/ronghuaxueleng/get_v2/main/pub/combine.yaml
[OK] proxies=3701 | new=3683 | url=https://raw.githubusercontent.com/{NiceVPN123|anaer}/{NiceVPN|Sub}/main/{Clash.yaml|clash.yaml}
[OK] proxies=4645 | source=[免费节点10] | url=https://raw.githubusercontent.com/PuddinCat/BestClash/main/README.md
============================================================
[INFO] sublink try repo | url=https://github.com/kooker/FreeSubsCheck
[INFO] sublink try page | url=https://raw.githubusercontent.com/kooker/FreeSubsCheck/main/README.md
[OK] proxies=1 | new=1 | url=https://raw.githubusercontent.com/kooker/FreeSubsCheck/main/base64.txt
[OK] proxies=2 | new=2 | url=https://raw.githubusercontent.com/kooker/FreeSubsCheck/main/byxiaoxi.txt
[OK] proxies=1 | new=0 | url=https://raw.githubusercontent.com/kooker/FreeSubsCheck/main/mihomo.yaml
[OK] proxies=1 | new=0 | url=https://raw.githubusercontent.com/kooker/FreeSubsCheck/main/all.yaml
[OK] proxies=709 | new=708 | url=https://raw.githubusercontent.com/kooker/FreeSubsCheck/main/kooker.jp.txt
[OK] proxies=711 | source=[免费节点11] | url=https://raw.githubusercontent.com/kooker/FreeSubsCheck/main/README.md
============================================================
[INFO] toolkit try repo | url=https://github.com/bannedbook/fanqiang
[INFO] toolkit try release | url=https://github.com/bannedbook/fanqiang/releases
[INFO] toolkit try release | url=https://github.com/bannedbook/fanqiang/releases/expanded_assets/ChromeGo-latest
[INFO] toolkit try download | url=https://github.com/bannedbook/fanqiang/releases/download/ChromeGo-latest/ChromeGo.7z
[OK] toolkit downloaded | file=ChromeGo.7z | size=96.2mb | time=10.1s
[OK] toolkit extracted | archive=ChromeGo.7z | tool=7z | files=222 | dirs=45
[OK] toolkit discovered | subs=107 | embedded=46 | scan=16.3s | archive=ChromeGo.7z
[OK] proxies=12 | new=12 | embedded=archive-config
[OK] proxies=3 | new=3 | url=https://gitlab.com/free9999/ipupdate/master/backup/img/1/2/{ipp|ip}/clash.meta2/{5|6|3|1|4|2}/config.yaml
[OK] proxies=3 | new=0 | url=https://www.67867867.xyz/Alvin9999/PAC/refs/heads/master/backup/img/1/2/{ipp|ip}/clash.meta2/{5|6|3|1|4|2}/config.yaml
[OK] proxies=7 | new=5 | url=https://www.67867867.xyz/Alvin9999/PAC/refs/heads/master/backup/img/1/2/{ipp|ip}/{hysteria2|singbox|naiveproxy|hysteria|xray}/{3|1|4|2}/config.json
[OK] proxies=7 | new=0 | url=https://gitlab.com/free9999/ipupdate/master/backup/img/1/2/{ipp|ip}/{hysteria2|singbox|naiveproxy|hysteria|xray}/{3|1|4|2}/config.json
[OK] proxies=20 | source=[ChromeGO-Toolkit] | url=https://github.com/bannedbook/fanqiang/releases/download/ChromeGo-latest/ChromeGo.7z
============================================================
[INFO] sublink try repo | url=https://github.com/ShiteThings/extractNodes
[INFO] sublink try page | url=https://raw.githubusercontent.com/ShiteThings/extractNodes/main/README.md
[OK] proxies=26 | new=26 | url=https://chg26.makou.cc.cd/sb
[OK] proxies=31 | new=5 | url=https://{chg26.makou.cc.cd|chg64.makou.cc.cd}
[OK] proxies=31 | source=[ChromeGO-ShiteThings] | url=https://raw.githubusercontent.com/ShiteThings/extractNodes/main/README.md
============================================================
[INFO] sublink try repo | url=https://github.com/shangui999/chromego_merge
[INFO] sublink try page | url=https://raw.githubusercontent.com/shangui999/chromego_merge/master/ReadMe.md
[OK] proxies=11 | new=11 | url=https://freedman.netlify.app/sub/shadowrocket_base64.txt
[OK] proxies=11 | new=6 | url=https://freedman.netlify.app/sub/merged_warp_proxies_new.yaml
[OK] proxies=16 | new=16 | url=https://freedman.netlify.app/sub/sb.json
[OK] proxies=10 | new=0 | url=https://freedman.netlify.app/sub/merged_proxies_new.yaml
[INFO] sublink try repo | url=https://github.com/yaney01/chromego
[INFO] sublink try page | url=https://raw.githubusercontent.com/yaney01/chromego/main/ReadMe.md
[OK] proxies=51 | new=46 | url=https://raw.githubusercontent.com/yaney01/chromego/main/sub/merged_warp_proxies_new.yaml
[OK] proxies=50 | new=0 | url=https://raw.githubusercontent.com/yaney01/chromego/main/sub/merged_proxies_new.yaml
[OK] proxies=13 | new=7 | url=https://raw.githubusercontent.com/yaney01/chromego/main/sub/shadowrocket_base64.txt
[OK] proxies=13 | new=0 | url=https://raw.githubusercontent.com/yaney01/chromego/main/sub/sb.json
[INFO] sublink try repo | url=https://github.com/Misaka-blog/chromego_merge
[INFO] sublink try page | url=https://raw.githubusercontent.com/Misaka-blog/chromego_merge/main/README.md
[OK] proxies=196 | new=196 | url=https://chromego-sub.netlify.app/sub/merged_proxies_new.yaml
[OK] proxies=282 | source=[ChromeGO-Merge] | url=https://raw.githubusercontent.com/Misaka-blog/chromego_merge/main/README.md
============================================================
[INFO] toolkit try repo | url=https://github.com/Pawdroid/shadowrocket_for_android
[INFO] toolkit try release | url=https://github.com/Pawdroid/shadowrocket_for_android/releases
[INFO] toolkit try release | url=https://github.com/Pawdroid/shadowrocket_for_android/releases/expanded_assets/10.10.57
[INFO] toolkit try download | url=https://github.com/Pawdroid/shadowrocket_for_android/releases/download/10.10.57/Shadowrocket_10.10.57_shadowrocketStandard_arm64-v8a.apk
[OK] toolkit downloaded | file=Shadowrocket_10.10.57_shadowrocketStandard_arm64-v8a.apk | size=39.8mb | time=4.7s
[OK] toolkit extracted | archive=Shadowrocket_10.10.57_shadowrocketStandard_arm64-v8a.apk | tool=zipfile | files=1193 | dirs=44
[OK] toolkit sr-apk scanned | prefixes=38 | files=6 | keys=2 | archive=Shadowrocket_10.10.57_shadowrocketStandard_arm64-v8a.apk
[OK] proxies=1031 | new=1031 | url=https://{cdn.jsdelivr.net|raw.githubusercontent.com}/pixelor/ecfg/main/data/ecfg6_en
[OK] proxies=949 | new=22 | url=https://{cdn.jsdelivr.net|raw.githubusercontent.com}/pixelor/ecfg/main/data/ecfg6_zh
[OK] proxies=50 | new=30 | url=https://{cdn.jsdelivr.net|raw.githubusercontent.com}/pixelor/ecfg/main/data/ecfg6
[OK] proxies=38 | new=0 | url=https://{files.shadowrockets.app|cdn.shadowrockets.app}/ecfg/data/ecfg6
[OK] proxies=804 | new=0 | url=https://{files.shadowrockets.app|cdn.shadowrockets.app}/ecfg/data/ecfg6_en
[OK] proxies=804 | new=0 | url=https://{files.shadowrockets.app|cdn.shadowrockets.app}/ecfg/data/ecfg6_zh
[OK] proxies=1083 | source=[Pawdroid-SR-APK] | url=https://github.com/Pawdroid/shadowrocket_for_android/releases/download/10.10.57/Shadowrocket_10.10.57_shadowrocketStandard_arm64-v8a.apk
============================================================
[INFO] toolkit try page | url=https://shadowshare.v2cross.com
[INFO] toolkit try download | url=https://shadowshare.v2cross.com/shadowshare.apk
[OK] toolkit downloaded | file=shadowshare.apk | size=60mb | time=10.5s
[OK] toolkit extracted | archive=shadowshare.apk | tool=zipfile | files=612 | dirs=39
[OK] toolkit ss-apk scanned | prefixes=10 | files=3 | keys=1 | archive=shadowshare.apk
[OK] proxies=189 | new=189 | url=https://{raw.githubusercontent.com|jsd.onmicrosoft.cn}/hideme9527/ecsfg/main/data/sareserver
[OK] proxies=1386 | new=1283 | url=https://{raw.githubusercontent.com|jsd.onmicrosoft.cn}/hideme9527/ecsfg/main/data/sareserver_en
[OK] proxies=18 | new=0 | url=https://{shadowsharing.com|sare.159236.xyz}/data/sareserver
[OK] proxies=1386 | new=0 | url=https://{shadowsharing.com|sare.159236.xyz}/data/sareserver_en
[OK] proxies=1386 | new=0 | url=https://gitee.com/api/v5/repos/{zhiminghao|elvenapp|guoyoucai1}/ecsfg/raw/data/sareserver_en
[OK] proxies=18 | new=0 | url=https://gitee.com/api/v5/repos/{zhiminghao|elvenapp|guoyoucai1}/ecsfg/raw/data/sareserver
[OK] proxies=1472 | source=[Pawdroid-SS-APK] | url=https://shadowshare.v2cross.com/shadowshare.apk
============================================================
[INFO] toolkit try chrome | url=https://chromewebstore.google.com/detail/free-vpn-proxy-1vpn/akcocjjpkmlniicdeemdceeajlmoabhg
[INFO] toolkit try download | url=https://clients2.google.com/service/update2/crx?response=redirect&prodversion=131.0.6778.0&acceptformat=crx2,crx3&x=id%3dakcocjjpkmlniicdeemdceeajlmoabhg%26uc
[OK] toolkit downloaded | file=free-vpn-proxy-1vpn.crx | size=1.6mb | time=3.6s
[OK] toolkit extracted | archive=free-vpn-proxy-1vpn.crx | tool=zipfile | files=68 | dirs=57
[OK] toolkit 1vpn-crx scanned | hosts=17 | keys=1 | archive=free-vpn-proxy-1vpn.crx
[OK] proxies=17 | source=[1VPN-CRX] | url=https://clients2.google.com/service/update2/crx?response=redirect&prodversion=131.0.6778.0&acceptformat=crx2,crx3&x=id%3dakcocjjpkmlniicdeemdceeajlmoabhg%26uc
============================================================
[INFO] sublink try repo | url=https://github.com/free-nodes/clashfree
[INFO] sublink try page | url=https://raw.githubusercontent.com/free-nodes/clashfree/main/README.md
[OK] proxies=401 | new=401 | url=https://raw.githubusercontent.com/free-nodes/clashfree/main/README.md
[OK] proxies=401 | new=0 | url=https://raw.githubusercontent.com/free-nodes/clashfree/main/clash20261010.yml
[OK] proxies=401 | source=[Clashfree] | url=https://raw.githubusercontent.com/free-nodes/clashfree/main/README.md
============================================================
[INFO] sublink try repo | url=https://github.com/Epodonios/v2ray-configs
[INFO] sublink try page | url=https://raw.githubusercontent.com/Epodonios/v2ray-configs/main/README.md
[OK] proxies=3306 | new=3306 | url=https://github.com/Epodonios/v2ray-configs/raw/main/Splitted-By-Protocol/vless.txt
[OK] proxies=379 | new=379 | url=https://github.com/Epodonios/v2ray-configs/raw/main/Splitted-By-Protocol/ss.txt
[OK] proxies=177 | new=177 | url=https://github.com/Epodonios/v2ray-configs/raw/main/Splitted-By-Protocol/vmess.txt
[OK] proxies=1 | new=1 | url=https://github.com/Epodonios/V2ray-Configs/actions/workflows/main.yml
[OK] proxies=253 | new=253 | url=https://github.com/Epodonios/v2ray-configs/raw/main/Splitted-By-Protocol/trojan.txt
[OK] proxies=4126 | new=310 | url=https://github.com/Epodonios/v2ray-configs/raw/main/All_Configs_base64_Sub.txt
[OK] proxies=4126 | new=0 | url=https://github.com/Epodonios/v2ray-configs/raw/main/All_Configs_Sub.txt
[OK] proxies=4126 | new=0 | url=https://raw.githubusercontent.com/Epodonios/v2ray-configs/main/{Sub1.txt|Sub2.txt|Sub3.txt|Sub4.txt|Sub5.txt|Sub6.txt|Sub7.txt|Sub8.txt}
[OK] proxies=4426 | source=[Epodonios] | url=https://raw.githubusercontent.com/Epodonios/v2ray-configs/main/README.md
============================================================
[INFO] sublink try repo | url=https://github.com/free-clash-v2ray/free-clash-v2ray.github.io
[INFO] sublink try page | url=https://raw.githubusercontent.com/free-clash-v2ray/free-clash-v2ray.github.io/main/README.md
[OK] proxies=2438 | new=2438 | url=https://free-clash-v2ray.github.io/uploads/2026/10/{0-20261004.yaml|1-20261004.yaml|2-20261004.yaml|3-20261004.yaml}
[OK] proxies=2772 | new=847 | url=https://free-clash-v2ray.github.io/uploads/2026/10/{0-20261004.txt|1-20261004.txt|2-20261004.txt|3-20261004.txt|4-20261004.txt}
[OK] proxies=3285 | source=[Free-clash-v2ray] | url=https://raw.githubusercontent.com/free-clash-v2ray/free-clash-v2ray.github.io/main/README.md
============================================================
[INFO] article try page | url=https://v2rayclashfree.com
[INFO] sublink try page | url=https://v2rayclashfree.com/fn/20261011.html
[INFO] sublink try page | url=https://v2rayclashfree.com/fn/20261010.html
[INFO] sublink try page | url=https://v2rayclashfree.com/fn/20261009.html
[INFO] sublink try page | url=https://v2rayclashfree.com/fn/20261008.html
[INFO] sublink try page | url=https://v2rayclashfree.com/fn/20261007.html
[INFO] sublink try page | url=https://v2rayclashfree.com/fn/20261006.html
[INFO] sublink try page | url=https://v2rayclashfree.com/fn/20261005.html
[INFO] sublink try page | url=https://v2rayclashfree.com/fn/20261004.html
[INFO] sublink try page | url=https://v2rayclashfree.com/fn/20261003.html
[INFO] sublink try page | url=https://v2rayclashfree.com/fn/20261002.html
[INFO] sublink try page | url=https://v2rayclashfree.com/fn/20261001.html
[INFO] sublink try page | url=https://v2rayclashfree.com/fn/20260930.html
[OK] proxies=2901 | new=2901 | url=https://v2rayclashfree.com/sub/20260930-clash.yaml
[OK] proxies=2867 | new=505 | url=https://v2rayclashfree.com/sub/20260930-v2ray.txt
[OK] proxies=3406 | source=[V2rayclashfree-RSS] | url=https://v2rayclashfree.com/fn/20260930.html
============================================================
[INFO] toolkit try repo | url=https://github.com/MetaCubeX/meta-rules-dat
[INFO] toolkit try release | url=https://github.com/MetaCubeX/meta-rules-dat/releases
[INFO] toolkit try release | url=https://github.com/MetaCubeX/meta-rules-dat/releases/expanded_assets/latest
[INFO] toolkit try download | url=https://github.com/MetaCubeX/meta-rules-dat/releases/download/latest/country.mmdb
[OK] toolkit downloaded | file=country.mmdb | size=7.3mb | time=3.8s
[INFO] toolkit try repo | url=https://github.com/mledoze/countries
[INFO] toolkit try tree | url=https://github.com/mledoze/countries
[INFO] toolkit try download | url=https://raw.githubusercontent.com/mledoze/countries/master/countries.json
[OK] toolkit downloaded | file=countries.json | size=1.3mb | time=0.1s
[INFO] toolkit try repo | url=https://github.com/pycountry/pycountry
[INFO] toolkit try tree | url=https://github.com/pycountry/pycountry
[INFO] toolkit try download | url=https://raw.githubusercontent.com/pycountry/pycountry/main/src/pycountry/databases/iso3166-1.json
[OK] toolkit downloaded | file=iso3166-1.json | size=42.3kb | time=0.1s
[INFO] toolkit try repo | url=https://github.com/umpirsky/country-list
[INFO] toolkit try tree | url=https://github.com/umpirsky/country-list
[INFO] toolkit try download | url=https://raw.githubusercontent.com/umpirsky/country-list/master/data/zh/country.json
[OK] toolkit downloaded | file=country.json | size=7.6kb | time=0.2s
[OK] geo score ready | files=country.mmdb, countries.json, iso3166-1.json, country.json | centroids=250 | aliases=674
============================================================
[INFO] toolkit try repo | url=https://github.com/MetaCubeX/mihomo
[INFO] toolkit try release | url=https://github.com/MetaCubeX/mihomo/releases
[INFO] toolkit try release | url=https://github.com/MetaCubeX/mihomo/releases/expanded_assets/v1.19.32
[INFO] toolkit try download | url=https://github.com/MetaCubeX/mihomo/releases/download/v1.19.32/mihomo-linux-amd64-compatible-v1.19.32.gz
[OK] toolkit downloaded | file=mihomo-linux-amd64-compatible-v1.19.32.gz | size=21.8mb | time=4.8s
[OK] toolkit hash verified | file=mihomo-linux-amd64-compatible-v1.19.32.gz | sha256=ba3ce607747a07f948fc35780e108a4a7c7f552a38b9bd4d115f313ebcb89c20
[OK] proxy engine ready, starting latency test | package=mihomo-linux-amd64-compatible-v1.19.32.gz
============================================================
[WARN] batch reshard | size=17957 {1} | split=2993 {2} + 2993 {3} + 2993 {4} + 2993 {5} + 2993 {6} + 2992 {7}
[WARN] batch start failed | size=2993 {5} | split=499 {8} + 499 {9} + 499 {10} + 499 {11} + 499 {12} + 498 {13}
[WARN] batch start failed | size=2993 {6} | split=499 {14} + 499 {15} + 499 {16} + 499 {17} + 499 {18} + 498 {19}
[WARN] batch start failed | size=2992 {7} | split=499 {20} + 499 {21} + 499 {22} + 499 {23} + 499 {24} + 497 {25}
[WARN] batch start failed | size=499 {9} | split=84 {26} + 84 {27} + 84 {28} + 84 {29} + 84 {30} + 79 {31}
[WARN] batch start failed | size=499 {18} | split=84 {32} + 84 {33} + 84 {34} + 84 {35} + 84 {36} + 79 {37}
[TEST] {8} tested=100/499 | kept=1 | rest=17857
[TEST] {8} tested=200/499 | kept=4 | rest=17757
[TEST] {12} tested=100/499 | kept=0 | rest=17640
[TEST] {11} tested=100/499 | kept=1 | rest=17454
[TEST] {11} tested=200/499 | kept=1 | rest=17354
[TEST] {11} tested=300/499 | kept=1 | rest=17254
[TEST] {4} tested=100/2993 | kept=7 | rest=17090
[TEST] {3} tested=100/2993 | kept=0 | rest=16936
[TEST] {2} tested=100/2993 | kept=13 | rest=16763
[TEST] {2} tested=200/2993 | kept=31 | rest=16663
[TEST] {2} tested=300/2993 | kept=43 | rest=16563
[TEST] {12} tested=200/499 | kept=0 | rest=16454
[TEST] {3} tested=200/2993 | kept=1 | rest=16406
[TEST] {4} tested=200/2993 | kept=14 | rest=16365
[TEST] {4} tested=300/2993 | kept=15 | rest=16155
[TEST] {8} tested=300/499 | kept=7 | rest=16111
[TEST] {12} tested=300/499 | kept=4 | rest=15925
[TEST] {2} tested=400/2993 | kept=48 | rest=15879
[TEST] {3} tested=300/2993 | kept=1 | rest=15871
[TEST] {11} tested=400/499 | kept=4 | rest=15782
[TEST] {8} tested=400/499 | kept=9 | rest=15669
[TEST] {12} tested=400/499 | kept=16 | rest=15515
[TEST] {2} tested=500/2993 | kept=51 | rest=15480
[TEST] {2} tested=600/2993 | kept=80 | rest=15273
[TEST] {4} tested=400/2993 | kept=15 | rest=15096
[TEST] {3} tested=400/2993 | kept=1 | rest=15008
[TEST] {2} tested=700/2993 | kept=122 | rest=14971
[TEST] {13} tested=100/498 | kept=0 | rest=14603
[TEST] {2} tested=800/2993 | kept=162 | rest=14583
[TEST] {3} tested=500/2993 | kept=1 | rest=14352
[TEST] {14} tested=100/499 | kept=0 | rest=14340
[TEST] {4} tested=500/2993 | kept=15 | rest=14252
[TEST] {2} tested=900/2993 | kept=228 | rest=14214
[TEST] {14} tested=200/499 | kept=2 | rest=14165
[WARN] batch start failed | size=499 {15} | split=84 {38} + 84 {39} + 84 {40} + 84 {41} + 84 {42} + 79 {43}
[TEST] {4} tested=600/2993 | kept=16 | rest=13822
[TEST] {16} tested=100/499 | kept=0 | rest=13711
[TEST] {3} tested=600/2993 | kept=1 | rest=13496
[TEST] {13} tested=200/498 | kept=0 | rest=13477
[TEST] {16} tested=200/499 | kept=0 | rest=13466
[TEST] {4} tested=700/2993 | kept=16 | rest=13449
[TEST] {13} tested=300/498 | kept=0 | rest=13332
[TEST] {2} tested=1000/2993 | kept=277 | rest=13255
[TEST] {14} tested=300/499 | kept=5 | rest=13213
[TEST] {13} tested=400/498 | kept=1 | rest=13142
[TEST] {14} tested=400/499 | kept=5 | rest=13001
[TEST] {16} tested=300/499 | kept=1 | rest=12701
[TEST] {4} tested=800/2993 | kept=16 | rest=12620
[TEST] {2} tested=1100/2993 | kept=299 | rest=12585
[TEST] {3} tested=700/2993 | kept=1 | rest=12497
[TEST] {16} tested=400/499 | kept=1 | rest=12488
[TEST] {4} tested=900/2993 | kept=16 | rest=12273
[TEST] {3} tested=800/2993 | kept=1 | rest=12171
[TEST] {17} tested=100/499 | kept=0 | rest=12024
[TEST] {19} tested=100/498 | kept=5 | rest=11824
[TEST] {2} tested=1200/2993 | kept=313 | rest=11710
[TEST] {17} tested=200/499 | kept=1 | rest=11653
[TEST] {19} tested=200/498 | kept=7 | rest=11541
[TEST] {4} tested=1000/2993 | kept=16 | rest=11467
[TEST] {2} tested=1300/2993 | kept=315 | rest=11314
[TEST] {22} tested=100/499 | kept=1 | rest=11063
[TEST] {22} tested=200/499 | kept=5 | rest=10932
[TEST] {2} tested=1400/2993 | kept=316 | rest=10799
[TEST] {4} tested=1100/2993 | kept=16 | rest=10770
[TEST] {22} tested=300/499 | kept=74 | rest=10750
[TEST] {3} tested=900/2993 | kept=1 | rest=10706
[TEST] {17} tested=300/499 | kept=2 | rest=10514
[TEST] {19} tested=300/498 | kept=14 | rest=10508
[TEST] {19} tested=400/498 | kept=16 | rest=10274
[TEST] {17} tested=400/499 | kept=2 | rest=10143
[TEST] {2} tested=1500/2993 | kept=316 | rest=10140
[TEST] {22} tested=400/499 | kept=123 | rest=10055
[TEST] {4} tested=1200/2993 | kept=16 | rest=9999
[TEST] {2} tested=1600/2993 | kept=317 | rest=9801
[TEST] {3} tested=1000/2993 | kept=1 | rest=9722
[WARN] batch start failed | size=499 {10} | split=84 {44} + 84 {45} + 84 {46} + 84 {47} + 84 {48} + 79 {49}
[TEST] {2} tested=1700/2993 | kept=317 | rest=9396
[TEST] {4} tested=1300/2993 | kept=19 | rest=9327
[TEST] {20} tested=100/499 | kept=30 | rest=9305
[TEST] {20} tested=200/499 | kept=52 | rest=9190
[TEST] {21} tested=100/499 | kept=0 | rest=9030
[TEST] {20} tested=300/499 | kept=103 | rest=8877
[TEST] {21} tested=200/499 | kept=7 | rest=8856
[TEST] {20} tested=400/499 | kept=130 | rest=8703
[TEST] {21} tested=300/499 | kept=72 | rest=8521
[TEST] {21} tested=400/499 | kept=98 | rest=8347
[TEST] {3} tested=1100/2993 | kept=1 | rest=8321
[TEST] {4} tested=1400/2993 | kept=19 | rest=8254
[WARN] batch start failed | size=499 {23} | split=84 {50} + 84 {51} + 84 {52} + 84 {53} + 84 {54} + 79 {55}
[TEST] {24} tested=100/499 | kept=1 | rest=8094
[TEST] {24} tested=200/499 | kept=7 | rest=7966
[TEST] {24} tested=300/499 | kept=20 | rest=7843
[TEST] {24} tested=400/499 | kept=33 | rest=7708
[TEST] {2} tested=1800/2993 | kept=317 | rest=7682
[TEST] {2} tested=1900/2993 | kept=318 | rest=7508
[TEST] {4} tested=1500/2993 | kept=20 | rest=7452
[TEST] {25} tested=100/497 | kept=0 | rest=7348
[TEST] {3} tested=1200/2993 | kept=1 | rest=7255
[TEST] {25} tested=200/497 | kept=3 | rest=7086
[TEST] {4} tested=1600/2993 | kept=22 | rest=7073
[WARN] batch start failed | size=84 {26} | split=14 {56} + 14 {57} + 14 {58} + 14 {59} + 14 {60} + 14 {61}
[WARN] batch start failed | size=84 {27} | split=14 {62} + 14 {63} + 14 {64} + 14 {65} + 14 {66} + 14 {67}
[TEST] {25} tested=300/497 | kept=13 | rest=6690
[TEST] {2} tested=2000/2993 | kept=333 | rest=6660
[TEST] {4} tested=1700/2993 | kept=22 | rest=6520
[TEST] {3} tested=1300/2993 | kept=1 | rest=6437
[TEST] {4} tested=1800/2993 | kept=22 | rest=6339
[TEST] {4} tested=1900/2993 | kept=22 | rest=6128
[TEST] {25} tested=400/497 | kept=25 | rest=6032
[TEST] {28} tested=84/84 | kept=41 | rest=5988
[TEST] {2} tested=2100/2993 | kept=335 | rest=5965
[TEST] {3} tested=1400/2993 | kept=1 | rest=5734
[TEST] {29} tested=84/84 | kept=76 | rest=5721
[TEST] {4} tested=2000/2993 | kept=22 | rest=5693
[TEST] {2} tested=2200/2993 | kept=336 | rest=5562
[TEST] {4} tested=2100/2993 | kept=22 | rest=5470
[TEST] {4} tested=2200/2993 | kept=22 | rest=5276
[TEST] {31} tested=79/79 | kept=45 | rest=5100
[TEST] {4} tested=2300/2993 | kept=22 | rest=5054
[TEST] {3} tested=1500/2993 | kept=1 | rest=4909
[TEST] {4} tested=2400/2993 | kept=22 | rest=4880
[TEST] {2} tested=2300/2993 | kept=336 | rest=4746
[TEST] {30} tested=84/84 | kept=59 | rest=4715
[TEST] {4} tested=2500/2993 | kept=22 | rest=4545
[TEST] {2} tested=2400/2993 | kept=393 | rest=4493
[TEST] {4} tested=2600/2993 | kept=22 | rest=4325
[TEST] {3} tested=1600/2993 | kept=1 | rest=4246
[TEST] {32} tested=84/84 | kept=2 | rest=4140
[TEST] {2} tested=2500/2993 | kept=412 | rest=4103
[TEST] {4} tested=2700/2993 | kept=22 | rest=4066
[TEST] {33} tested=84/84 | kept=3 | rest=3991
[TEST] {34} tested=84/84 | kept=2 | rest=3828
[WARN] batch start failed | size=79 {37} | split=14 {68} + 14 {69} + 14 {70} + 14 {71} + 14 {72} + 9 {73}
[TEST] {2} tested=2600/2993 | kept=417 | rest=3793
[WARN] batch start failed | size=84 {40} | split=14 {74} + 14 {75} + 14 {76} + 14 {77} + 14 {78} + 14 {79}
[TEST] {4} tested=2800/2993 | kept=22 | rest=3673
[TEST] {2} tested=2700/2993 | kept=417 | rest=3541
[TEST] {4} tested=2900/2993 | kept=22 | rest=3439
[TEST] {3} tested=1700/2993 | kept=1 | rest=3378
[TEST] {2} tested=2800/2993 | kept=417 | rest=3293
[TEST] {35} tested=84/84 | kept=1 | rest=3201
[TEST] {36} tested=84/84 | kept=0 | rest=3057
[TEST] {39} tested=84/84 | kept=0 | rest=2882
[TEST] {2} tested=2900/2993 | kept=417 | rest=2792
[TEST] {3} tested=1800/2993 | kept=1 | rest=2748
[TEST] {38} tested=84/84 | kept=2 | rest=2529
[TEST] {3} tested=1900/2993 | kept=1 | rest=2500
[TEST] {41} tested=84/84 | kept=1 | rest=2448
[TEST] {43} tested=79/79 | kept=0 | rest=2339
[TEST] {42} tested=84/84 | kept=1 | rest=2111
[WARN] batch start failed | size=84 {48} | split=14 {80} + 14 {81} + 14 {82} + 14 {83} + 14 {84} + 14 {85}
[TEST] {3} tested=2000/2993 | kept=1 | rest=2021
[TEST] {45} tested=84/84 | kept=52 | rest=1958
[WARN] batch start failed | size=84 {52} | split=14 {86} + 14 {87} + 14 {88} + 14 {89} + 14 {90} + 14 {91}
[TEST] {46} tested=84/84 | kept=58 | rest=1907
[WARN] batch start failed | size=84 {54} | split=14 {92} + 14 {93} + 14 {94} + 14 {95} + 14 {96} + 14 {97}
[TEST] {3} tested=2100/2993 | kept=1 | rest=1845
[TEST] {44} tested=84/84 | kept=40 | rest=1717
[TEST] {47} tested=84/84 | kept=0 | rest=1707
[TEST] {3} tested=2200/2993 | kept=1 | rest=1464
[TEST] {49} tested=79/79 | kept=1 | rest=1341
[WARN] batch start failed | size=14 {57} | split=3 {98} + 3 {99} + 3 {100} + 3 {101} + 2 {102}
[TEST] {3} tested=2300/2993 | kept=1 | rest=1303
[TEST] {3} tested=2400/2993 | kept=1 | rest=1203
[TEST] {51} tested=84/84 | kept=14 | rest=1126
[WARN] batch start failed | size=14 {58} | split=3 {103} + 3 {104} + 3 {105} + 3 {106} + 2 {107}
[TEST] {61} tested=14/14 | kept=0 | rest=1096
[TEST] {55} tested=79/79 | kept=5 | rest=1092
[TEST] {50} tested=84/84 | kept=1 | rest=1059
[TEST] {53} tested=84/84 | kept=0 | rest=1054
[WARN] batch start failed | size=14 {62} | split=3 {108} + 3 {109} + 3 {110} + 3 {111} + 2 {112}
[WARN] batch start failed | size=14 {63} | split=3 {113} + 3 {114} + 3 {115} + 3 {116} + 2 {117}
[TEST] {3} tested=2500/2993 | kept=2 | rest=1018
[TEST] {3} tested=2600/2993 | kept=2 | rest=917
[TEST] {56} tested=14/14 | kept=1 | rest=821
[TEST] {3} tested=2700/2993 | kept=2 | rest=816
[WARN] batch start failed | size=14 {66} | split=3 {118} + 3 {119} + 3 {120} + 3 {121} + 2 {122}
[TEST] {65} tested=14/14 | kept=14 | rest=783
[TEST] {3} tested=2800/2993 | kept=2 | rest=708
[TEST] {59} tested=14/14 | kept=0 | rest=689
[TEST] {60} tested=14/14 | kept=0 | rest=678
[TEST] {64} tested=14/14 | kept=13 | rest=650
[TEST] {3} tested=2900/2993 | kept=2 | rest=566
[TEST] {67} tested=14/14 | kept=11 | rest=544
[WARN] batch start failed | size=14 {72} | split=3 {123} + 3 {124} + 3 {125} + 3 {126} + 2 {127}
[TEST] {68} tested=14/14 | kept=0 | rest=507
[TEST] {69} tested=14/14 | kept=0 | rest=464
[TEST] {70} tested=14/14 | kept=0 | rest=456
[TEST] {71} tested=14/14 | kept=0 | rest=425
[WARN] batch start failed | size=14 {77} | split=3 {128} + 3 {129} + 3 {130} + 3 {131} + 2 {132}
[TEST] {73} tested=9/9 | kept=0 | rest=381
[TEST] {75} tested=14/14 | kept=0 | rest=372
[TEST] {80} tested=14/14 | kept=0 | rest=358
[TEST] {81} tested=14/14 | kept=0 | rest=338
[TEST] {74} tested=14/14 | kept=0 | rest=325
[TEST] {76} tested=14/14 | kept=0 | rest=319
[WARN] batch start failed | size=14 {85} | split=3 {133} + 3 {134} + 3 {135} + 3 {136} + 2 {137}
[WARN] batch start failed | size=14 {86} | split=3 {138} + 3 {139} + 3 {140} + 3 {141} + 2 {142}
[TEST] {78} tested=14/14 | kept=0 | rest=305
[TEST] {79} tested=14/14 | kept=0 | rest=289
[TEST] {82} tested=14/14 | kept=0 | rest=277
[TEST] {83} tested=14/14 | kept=0 | rest=263
[TEST] {84} tested=14/14 | kept=0 | rest=253
[TEST] {88} tested=14/14 | kept=0 | rest=232
[TEST] {92} tested=14/14 | kept=0 | rest=218
[TEST] {87} tested=14/14 | kept=1 | rest=210
[TEST] {97} tested=14/14 | kept=0 | rest=191
[WARN] batch start failed | size=14 {96} | split=3 {143} + 3 {144} + 3 {145} + 3 {146} + 2 {147}
[TEST] {89} tested=14/14 | kept=0 | rest=172
[TEST] {99} tested=3/3 | kept=0 | rest=169
[TEST] {90} tested=14/14 | kept=0 | rest=158
[WARN] batch start failed | size=3 {100} | split=1 {148} + 1 {149} + 1 {150}
[TEST] {98} tested=3/3 | kept=0 | rest=157
[WARN] batch start failed | size=3 {101} | split=1 {151} + 1 {152} + 1 {153}
[WARN] batch start failed | size=2 {102} | split=1 {154} + 1 {155}
[WARN] batch start failed | size=3 {104} | split=1 {156} + 1 {157} + 1 {158}
[WARN] batch start failed | size=3 {103} | split=1 {159} + 1 {160} + 1 {161}
[WARN] batch start failed | size=3 {106} | split=1 {162} + 1 {163} + 1 {164}
[TEST] {91} tested=14/14 | kept=0 | rest=156
[TEST] {108} tested=3/3 | kept=0 | rest=152
[TEST] {93} tested=14/14 | kept=0 | rest=141
[TEST] {95} tested=14/14 | kept=0 | rest=134
[WARN] batch start failed | size=2 {112} | split=1 {165} + 1 {166}
[WARN] batch start failed | size=3 {111} | split=1 {167} + 1 {168} + 1 {169}
[WARN] batch start failed | size=3 {113} | split=1 {170} + 1 {171} + 1 {172}
[TEST] {94} tested=14/14 | kept=0 | rest=126
[TEST] {115} tested=3/3 | kept=2 | rest=121
[TEST] {116} tested=3/3 | kept=3 | rest=118
[TEST] {117} tested=2/2 | kept=2 | rest=116
[TEST] {105} tested=3/3 | kept=0 | rest=113
[TEST] {107} tested=2/2 | kept=0 | rest=111
[TEST] {119} tested=3/3 | kept=3 | rest=108
[TEST] {109} tested=3/3 | kept=0 | rest=105
[TEST] {121} tested=3/3 | kept=3 | rest=102
[TEST] {118} tested=3/3 | kept=3 | rest=101
[WARN] batch start failed | size=2 {122} | split=1 {173} + 1 {174}
[WARN] batch start failed | size=3 {125} | split=1 {175} + 1 {176} + 1 {177}
[WARN] batch start failed | size=3 {124} | split=1 {178} + 1 {179} + 1 {180}
[TEST] {110} tested=3/3 | kept=0 | rest=98
[WARN] batch start failed | size=3 {128} | split=1 {181} + 1 {182} + 1 {183}
[TEST] {114} tested=3/3 | kept=2 | rest=96
[TEST] {129} tested=3/3 | kept=0 | rest=92
[TEST] {131} tested=3/3 | kept=0 | rest=89
[TEST] {120} tested=3/3 | kept=2 | rest=87
[TEST] {123} tested=3/3 | kept=0 | rest=81
[TEST] {132} tested=2/2 | kept=0 | rest=80
[WARN] batch start failed | size=3 {136} | split=1 {184} + 1 {185} + 1 {186}
[TEST] {126} tested=3/3 | kept=0 | rest=78
[TEST] {127} tested=2/2 | kept=0 | rest=76
[TEST] {133} tested=3/3 | kept=0 | rest=75
[WARN] batch start failed | size=3 {140} | split=1 {187} + 1 {188} + 1 {189}
[TEST] {130} tested=3/3 | kept=0 | rest=70
[TEST] {134} tested=3/3 | kept=0 | rest=67
[TEST] {135} tested=3/3 | kept=0 | rest=66
[TEST] {137} tested=2/2 | kept=0 | rest=65
[TEST] {138} tested=3/3 | kept=0 | rest=62
[WARN] batch start failed | size=3 {144} | split=1 {190} + 1 {191} + 1 {192}
[TEST] {139} tested=3/3 | kept=0 | rest=59
[TEST] {141} tested=3/3 | kept=2 | rest=55
[TEST] {145} tested=3/3 | kept=0 | rest=51
[TEST] {147} tested=2/2 | kept=0 | rest=50
[TEST] {146} tested=3/3 | kept=0 | rest=49
[REPAIR] name=[ChromeGO-ShiteThings] hysteria {150} | fields=up,down
[REPAIR] name=[ChromeGO-ShiteThings] hysteria-3 {152} | fields=up,down
[REPAIR] name=[ChromeGO-ShiteThings] hysteria-2 {151} | fields=up,down
[REPAIR] name=[ChromeGO-ShiteThings] hysteria-4 {153} | fields=up,down
[TEST] {150} tested=1/1 | kept=0 | rest=48
[REPAIR] name=[ChromeGO-ShiteThings] hysteria-5 {154} | fields=up,down
[REPAIR] name=[ChromeGO-Merge] France_hysteria_1 {156} | fields=up,down
[TEST] {149} tested=1/1 | kept=0 | rest=47
[REPAIR] name=[ChromeGO-Merge] United-5 {157} | fields=up,down
[TEST] {151} tested=1/1 | kept=0 | rest=45
[TEST] {153} tested=1/1 | kept=0 | rest=44
[TEST] {152} tested=1/1 | kept=0 | rest=43
[TEST] {142} tested=2/2 | kept=1 | rest=42
[TEST] {143} tested=3/3 | kept=0 | rest=40
[TEST] {159} tested=1/1 | kept=0 | rest=39
[REPAIR] name=[ChromeGO-Merge] United-4 {161} | fields=up,down
[REPAIR] name=[ChromeGO-Merge] WARP {163} | fields=dialer-proxy
[TEST] {148} tested=1/1 | kept=0 | rest=38
[REPAIR] name=[ChromeGO-Merge] United-9 {165} | fields=up,down
[TEST] {163} tested=1/1 | kept=1 | rest=37
[REPAIR] name=[ChromeGO-Merge] Taiwan-2 {166} | fields=up,down
[TEST] {166} tested=1/1 | kept=0 | rest=36
[TEST] {155} tested=1/1 | kept=0 | rest=35
[REPAIR] name=[ChromeGO-Merge] Taiwan {168} | fields=up,down
[TEST] {154} tested=1/1 | kept=0 | rest=34
[REPAIR] name=[ChromeGO-Merge] France {169} | fields=up,down
[TEST] {168} tested=1/1 | kept=0 | rest=33
[TEST] {162} tested=1/1 | kept=0 | rest=32
[TEST] {156} tested=1/1 | kept=0 | rest=31
[TEST] {158} tested=1/1 | kept=0 | rest=30
[REPAIR] name=[ChromeGO-Merge] United-10 {170} | fields=up,down
[TEST] {160} tested=1/1 | kept=0 | rest=29
[TEST] {157} tested=1/1 | kept=0 | rest=28
[REPAIR] name=[Pawdroid-SR-APK] United+Kingdom-25 {173} | fields=cipher
[TEST] {172} tested=1/1 | kept=0 | rest=27
[REPAIR] name=[Epodonios] EPODONIOS-2823 {175} | fields=cipher
[TEST] {175} tested=1/1 | kept=0 | rest=26
[TEST] {171} tested=1/1 | kept=0 | rest=25
[REPAIR] name=[Epodonios] EPODONIOS-2821 {179} | fields=cipher
[TEST] {178} tested=1/1 | kept=0 | rest=24
[REPAIR] name=[Epodonios] EPODONIOS-2822 {180} | fields=cipher
[DROP] name=[Epodonios] vless-80 {181} | server=31.57.185.92:8080 | reason=Parse config error: proxy 0: 'reality-opts' has unset fields: public-key
[TEST] {183} tested=1/1 | kept=0 | rest=22
[TEST] {182} tested=1/1 | kept=0 | rest=21
[TEST] {180} tested=1/1 | kept=1 | rest=20
[TEST] {184} tested=1/1 | kept=0 | rest=19
[TEST] {161} tested=1/1 | kept=0 | rest=18
[TEST] {164} tested=1/1 | kept=0 | rest=17
[REPAIR] name=[Pawdroid-SS-APK] United+Kingdom-3 {186} | fields=cipher
[TEST] {165} tested=1/1 | kept=0 | rest=16
[TEST] {167} tested=1/1 | kept=0 | rest=15
[REPAIR] name=[Free-clash-v2ray] hysteria {187} | fields=up,down
[TEST] {187} tested=1/1 | kept=0 | rest=14
[TEST] {169} tested=1/1 | kept=0 | rest=13
[TEST] {186} tested=1/1 | kept=1 | rest=12
[TEST] {170} tested=1/1 | kept=0 | rest=11
[TEST] {174} tested=1/1 | kept=0 | rest=10
[TEST] {173} tested=1/1 | kept=0 | rest=9
[TEST] {177} tested=1/1 | kept=0 | rest=8
[TEST] {176} tested=1/1 | kept=0 | rest=7
[DROP] name=[Free-clash-v2ray] 未知 SS-338 | free-nodes {192} | server=192.0.2.1:1 | reason=Parse config error: proxy 0: ss 192.0.2.1:1 cipher: i�5��\x1c�p initialize error: unknown method: i�5��\x1c�p
[TEST] {188} tested=1/1 | kept=1 | rest=5
[TEST] {179} tested=1/1 | kept=0 | rest=4
[TEST] {189} tested=1/1 | kept=1 | rest=3
[TEST] {185} tested=1/1 | kept=0 | rest=2
[TEST] {190} tested=1/1 | kept=0 | rest=1
[TEST] {191} tested=1/1 | kept=0 | rest=0
[DROP] dropped=4 | [ChromeGO-Toolkit] × 2 | [Epodonios] × 1 | [Free-clash-v2ray] × 1
============================================================
[CAP] source=[免费节点2] | from=219 | to=50
[CAP] source=[免费节点8] | from=99 | to=50
[CAP] source=[Pawdroid-SR-APK] | from=429 | to=50
[CAP] source=[Free-clash-v2ray] | from=444 | to=50
[CAP] source=[V2rayclashfree-RSS] | from=70 | to=50
[CAP] total | from=462 | to=400 | floor=5 | by=health_score
[CAP] reserved=105 | pool=357 | taken=295
[CAP] source=[Mibei77-RSS] | from=18 | to=11
[CAP] source=[NekoWarp] | from=10 | to=6
[CAP] source=[免费节点1] | from=23 | to=10
[CAP] source=[免费节点3] | from=9 | to=7
[CAP] source=[免费节点4] | from=16 | to=15
[CAP] source=[免费节点10] | from=22 | to=20
[CAP] source=[免费节点11] | from=15 | to=12
[CAP] source=[Pawdroid-SS-APK] | from=13 | to=6
[CAP] source=[1VPN-CRX] | from=14 | to=8
[CAP] source=[Epodonios] | from=41 | to=24
============================================================
+------------------------------+--------+--------+------+--------+
| source                       |    raw | unique | live | capped |
+------------------------------+--------+--------+------+--------+
| [大FQ运动]                   |     18 |     18 |    6 |      6 |
+------------------------------+--------+--------+------+--------+
| [Pawdroid]                   |     13 |     12 |    3 |      3 |
+------------------------------+--------+--------+------+--------+
| [FreeV2-Base64]              |      3 |      3 |    3 |      3 |
+------------------------------+--------+--------+------+--------+
| [Bocchi2b-Base64]            |     32 |     32 |    0 |      0 |
+------------------------------+--------+--------+------+--------+
| [Freesocks]                  |      4 |      4 |    3 |      3 |
+------------------------------+--------+--------+------+--------+
| [NekoWarp]                   |     10 |     10 |   10 |      6 |
+------------------------------+--------+--------+------+--------+
| [OpenRunner-RSS]             |     14 |     14 |    1 |      1 |
+------------------------------+--------+--------+------+--------+
| [V2Rayshare-RSS]             |     22 |     22 |    1 |      1 |
+------------------------------+--------+--------+------+--------+
| [Mibei77-RSS]                |    125 |    111 |   18 |     11 |
+------------------------------+--------+--------+------+--------+
| [Yoyapai-RSS]                |    298 |    291 |    5 |      5 |
+------------------------------+--------+--------+------+--------+
| [免费节点1]                  |    174 |     92 |   23 |     10 |
+------------------------------+--------+--------+------+--------+
| [免费节点2]                  |    562 |    529 |  219 |     50 |
+------------------------------+--------+--------+------+--------+
| [免费节点3]                  |     28 |     15 |    9 |      7 |
+------------------------------+--------+--------+------+--------+
| [免费节点4]                  |    335 |    196 |   16 |     15 |
+------------------------------+--------+--------+------+--------+
| [免费节点5]                  |     29 |     28 |    0 |      0 |
+------------------------------+--------+--------+------+--------+
| [免费节点6]                  |    566 |    553 |    0 |      0 |
+------------------------------+--------+--------+------+--------+
| [免费节点7]                  |     56 |     11 |    3 |      3 |
+------------------------------+--------+--------+------+--------+
| [免费节点8]                  |   4257 |   3673 |   99 |     50 |
+------------------------------+--------+--------+------+--------+
| [免费节点9]                  |    615 |    454 |    0 |      0 |
+------------------------------+--------+--------+------+--------+
| [免费节点10]                 |   4645 |   3088 |   22 |     20 |
+------------------------------+--------+--------+------+--------+
| [免费节点11]                 |    711 |    305 |   15 |     12 |
+------------------------------+--------+--------+------+--------+
| [ChromeGO-Toolkit]           |     20 |     19 |    1 |      1 |
+------------------------------+--------+--------+------+--------+
| [ChromeGO-ShiteThings]       |     31 |     25 |    1 |      1 |
+------------------------------+--------+--------+------+--------+
| [ChromeGO-Merge]             |    282 |     74 |    1 |      1 |
+------------------------------+--------+--------+------+--------+
| [Pawdroid-SR-APK]            |   1083 |    644 |  429 |     50 |
+------------------------------+--------+--------+------+--------+
| [Pawdroid-SS-APK]            |   1472 |   1122 |   13 |      6 |
+------------------------------+--------+--------+------+--------+
| [1VPN-CRX]                   |     17 |     17 |   14 |      8 |
+------------------------------+--------+--------+------+--------+
| [Clashfree]                  |    401 |     53 |    3 |      3 |
+------------------------------+--------+--------+------+--------+
| [Epodonios]                  |   4426 |   3484 |   41 |     24 |
+------------------------------+--------+--------+------+--------+
| [Free-clash-v2ray]           |   3285 |   2003 |  444 |     50 |
+------------------------------+--------+--------+------+--------+
| [V2rayclashfree-RSS]         |   3406 |   1055 |   70 |     50 |
+------------------------------+--------+--------+------+--------+
============================================================
[SUMMARY] collected=26940 | candidates=17957 | kept=400 | avg=613.91ms
[SUMMARY] geo | HK=33 | JP=81 | KR=40 | TW=6 | SG=32 | US=84 | GB=16 | FR=10 | DE=10 | NL=17 | CA=7 | other=64
[SUMMARY] score | max=131.6688 | p90=107.5420 | p50=23.5916 | avg=46.2755 | min=0.0051 | geo_avg=30.2648 | adj_avg=+5.9075
============================================================
[WRITTEN] file=clash | path=/home/runner/work/Free-node-autotest/Free-node-autotest/output/clash.yaml | history=797389898069-clash-1930-20261010.yaml | proxies=400
[WRITTEN] file=raw | path=/home/runner/work/Free-node-autotest/Free-node-autotest/output/raw.yaml | history=797389898069-raw-1930-20261010.yaml | proxies=26942
[WRITTEN] file=debug | path=/home/runner/work/Free-node-autotest/Free-node-autotest/history/797389898069-debug-1930-20261010.log | proxies=26955
