============================================================
[INFO] sublink try page | url=https://end-gfw.com
[OK] proxies=2 | new=2 | url=https://raw.githubusercontent.com/hello-world-1989/cn-news/refs/heads/main/clash.yaml
[OK] proxies=2 | new=0 | url=https://raw.githubusercontent.com/hello-world-1989/cn-news/main/end-gfw-together
[OK] proxies=2 | new=2 | url=https://raw.githubusercontent.com/hello-world-1989/cn-news/main/end-gfw-together-ss
[INFO] source try link | url=https://end-gfw.com/ss-key
[OK] proxies=4 | new=4 | url=https://end-gfw.com/ss-key
[INFO] sublink try repo | url=https://github.com/hello-world-1989/cn-news
[INFO] sublink try page | url=https://raw.githubusercontent.com/hello-world-1989/cn-news/main/README.md
[OK] proxies=6 | new=6 | url=https://raw.githubusercontent.com/hello-world-1989/v2-sub/main/end-gfw-together-af3e13
[OK] proxies=14 | source=[大FQ运动] | url=https://raw.githubusercontent.com/hello-world-1989/cn-news/main/README.md
============================================================
[INFO] sublink try repo | url=https://github.com/Pawdroid/Free-servers
[INFO] sublink try page | url=https://raw.githubusercontent.com/Pawdroid/Free-servers/main/README.md
[OK] proxies=20 | new=20 | url=https://raw.githubusercontent.com/Pawdroid/Free-servers/main/README.md
[OK] proxies=20 | new=0 | url=https://raw.githubusercontent.com/Pawdroid/Free-servers/main/sub
[OK] proxies=1 | new=1 | url=https://apps.apple.com/cn/app/shadowshare/id1612647259
[OK] proxies=1 | new=1 | url=http://www.surflare.com
[OK] proxies=22 | source=[Pawdroid] | url=https://raw.githubusercontent.com/Pawdroid/Free-servers/main/README.md
============================================================
[INFO] source try link | url=https://xmxosfepggzm.503403.xyz
[OK] proxies=2 | new=2 | url=https://xmxosfepggzm.503403.xyz
[OK] proxies=2 | source=[FreeV2-Base64] | url=https://xmxosfepggzm.503403.xyz
============================================================
[INFO] source try link | url=https://links.bocchi2b.top/clash
[OK] proxies=35 | new=35 | url=https://links.bocchi2b.top/clash
[OK] proxies=35 | source=[Bocchi2b-Base64] | url=https://links.bocchi2b.top/clash
============================================================
[INFO] toolkit try repo | url=https://github.com/bannedbook/fanqiang
[INFO] toolkit try release | url=https://github.com/bannedbook/fanqiang/releases
[INFO] toolkit try release | url=https://github.com/bannedbook/fanqiang/releases/expanded_assets/ChromeGo-latest
[INFO] toolkit try download | url=https://github.com/bannedbook/fanqiang/releases/download/ChromeGo-latest/ChromeGo.7z
[OK] toolkit downloaded | file=ChromeGo.7z | bytes=100924352
[OK] toolkit extracted | archive=ChromeGo.7z | tool=7z | files=222 | dirs=45
[OK] toolkit discovered | subs=107 | embedded=12 | archive=ChromeGo.7z
[OK] proxies=6 | new=6 | embedded=archive-config
[OK] proxies=3 | new=3 | url=https://gitlab.com/free9999/ipupdate/master/backup/img/1/2/{ipp|ip}/clash.meta2/{5|6|3|1|4|2}/config.yaml
[OK] proxies=3 | new=0 | url=https://www.67867867.xyz/Alvin9999/PAC/refs/heads/master/backup/img/1/2/{ipp|ip}/clash.meta2/{5|6|3|1|4|2}/config.yaml
[OK] proxies=7 | new=5 | url=https://gitlab.com/free9999/ipupdate/master/backup/img/1/2/{ipp|ip}/{hysteria2|singbox|naiveproxy|hysteria|xray}/{3|1|4|2}/config.json
[OK] proxies=7 | new=0 | url=https://www.67867867.xyz/Alvin9999/PAC/refs/heads/master/backup/img/1/2/{ipp|ip}/{hysteria2|singbox|naiveproxy|hysteria|xray}/{3|1|4|2}/config.json
[OK] proxies=14 | source=[ChromeGO-Toolkit] | url=https://github.com/bannedbook/fanqiang/releases/download/ChromeGo-latest/ChromeGo.7z
============================================================
[INFO] sublink try repo | url=https://github.com/ShiteThings/extractNodes
[INFO] sublink try page | url=https://raw.githubusercontent.com/ShiteThings/extractNodes/main/README.md
[OK] proxies=31 | new=30 | url=https://{chg26.makou.cc.cd|chg64.makou.cc.cd}
[OK] proxies=26 | new=1 | url=https://chg26.makou.cc.cd/sb
[OK] proxies=31 | source=[ChromeGO-ShiteThings] | url=https://raw.githubusercontent.com/ShiteThings/extractNodes/main/README.md
============================================================
[INFO] sublink try repo | url=https://github.com/shangui999/chromego_merge
[INFO] sublink try page | url=https://raw.githubusercontent.com/shangui999/chromego_merge/master/ReadMe.md
[OK] proxies=10 | new=10 | url=https://freedman.netlify.app/sub/merged_proxies_new.yaml
[OK] proxies=11 | new=1 | url=https://freedman.netlify.app/sub/merged_warp_proxies_new.yaml
[OK] proxies=11 | new=6 | url=https://freedman.netlify.app/sub/shadowrocket_base64.txt
[OK] proxies=16 | new=16 | url=https://freedman.netlify.app/sub/sb.json
[INFO] sublink try repo | url=https://github.com/yaney01/chromego
[INFO] sublink try page | url=https://raw.githubusercontent.com/yaney01/chromego/main/ReadMe.md
[OK] proxies=50 | new=46 | url=https://raw.githubusercontent.com/yaney01/chromego/main/sub/merged_proxies_new.yaml
[OK] proxies=51 | new=0 | url=https://raw.githubusercontent.com/yaney01/chromego/main/sub/merged_warp_proxies_new.yaml
[OK] proxies=13 | new=7 | url=https://raw.githubusercontent.com/yaney01/chromego/main/sub/shadowrocket_base64.txt
[OK] proxies=13 | new=0 | url=https://raw.githubusercontent.com/yaney01/chromego/main/sub/sb.json
[INFO] sublink try repo | url=https://github.com/Misaka-blog/chromego_merge
[INFO] sublink try page | url=https://raw.githubusercontent.com/Misaka-blog/chromego_merge/main/README.md
[OK] proxies=21 | new=21 | url=https://chromego-sub.netlify.app/sub/merged_proxies_new.yaml
[OK] proxies=107 | source=[ChromeGO-Merge] | url=https://raw.githubusercontent.com/Misaka-blog/chromego_merge/main/README.md
============================================================
[INFO] source try link | url=https://freesocks.org/api/v1/sub/02b897e8e77f19176b0b9f2c75864b00
[OK] proxies=1 | new=1 | url=https://freesocks.org/api/v1/sub/02b897e8e77f19176b0b9f2c75864b00
[OK] proxies=1 | source=[Freesocks] | url=https://freesocks.org/api/v1/sub/02b897e8e77f19176b0b9f2c75864b00
============================================================
[INFO] source try link | url=https://neko-warp.nloli.xyz/neko_warp.yaml
[OK] proxies=10 | new=10 | url=https://neko-warp.nloli.xyz/neko_warp.yaml
[OK] proxies=10 | source=[NekoWarp] | url=https://neko-warp.nloli.xyz/neko_warp.yaml
============================================================
[INFO] toolkit try chrome | url=https://chromewebstore.google.com/detail/free-vpn-proxy-1vpn/akcocjjpkmlniicdeemdceeajlmoabhg
[INFO] toolkit try download | url=https://clients2.google.com/service/update2/crx?response=redirect&prodversion=131.0.6778.0&acceptformat=crx2,crx3&x=id%3dakcocjjpkmlniicdeemdceeajlmoabhg%26uc
[OK] toolkit downloaded | file=free-vpn-proxy-1vpn.crx | bytes=1627904
[OK] toolkit extracted | archive=free-vpn-proxy-1vpn.crx | tool=zipfile | files=68 | dirs=57
[OK] toolkit 1vpn-crx scanned | hosts=17 | keys=1 | archive=free-vpn-proxy-1vpn.crx
[OK] proxies=17 | source=[1VPN-CRX] | url=https://clients2.google.com/service/update2/crx?response=redirect&prodversion=131.0.6778.0&acceptformat=crx2,crx3&x=id%3dakcocjjpkmlniicdeemdceeajlmoabhg%26uc
============================================================
[INFO] article try feed | url=https://free.datiya.com/index.xml
[INFO] sublink try page | url=https://free.datiya.com/post/20260925/
[OK] proxies=14 | new=14 | url=https://free.datiya.com/uploads/20260925-clash.yaml
[OK] proxies=14 | source=[OpenRunner-RSS] | url=https://free.datiya.com/post/20260925/
============================================================
[INFO] article try feed | url=https://v2rayshare.com/feed
[INFO] sublink try page | url=https://v2rayshare.com/p/4097.html
[INFO] sublink try repo | url=https://github.com/firefoxmmx2/v2rayshare_subcription
[INFO] sublink try page | url=https://raw.githubusercontent.com/firefoxmmx2/v2rayshare_subcription/main/README.md
[OK] proxies=22 | new=22 | url=https://{raw.githubusercontent.com|cdn.jsdelivr.net}/firefoxmmx2/v2rayshare_subcription/main/subscription/vray_sub.txt
[OK] proxies=21 | new=0 | url=https://{raw.githubusercontent.com|cdn.jsdelivr.net}/firefoxmmx2/v2rayshare_subcription/main/subscription/clash_sub.yaml
[OK] proxies=22 | new=0 | url=https://{raw.githubusercontent.com|cdn.jsdelivr.net}/firefoxmmx2/v2rayshare_subcription/main/subscription/mihomo_sub.yaml
[OK] proxies=22 | source=[V2Rayshare-RSS] | url=https://raw.githubusercontent.com/firefoxmmx2/v2rayshare_subcription/main/README.md
============================================================
[INFO] article try feed | url=https://www.mibei77.com/feed
[INFO] sublink try page | url=https://www.mibei77.com/695.html
[OK] proxies=109 | new=109 | url=https://mm.mibei77.com/202609/09.2564bacvs.txt
[OK] proxies=108 | new=1 | url=https://mm.mibei77.com/202609/0925Clashizx.yaml
[OK] proxies=110 | source=[Mibei77-RSS] | url=https://www.mibei77.com/695.html
============================================================
[INFO] article try feed | url=https://yoyapai.com/feed
[INFO] sublink try page | url=https://yoyapai.com/734
[OK] proxies=1 | new=1 | url=https://yoyapai.com/734
[OK] proxies=225 | new=225 | url=https://freenode.yoyapai.com/2026/09/25-yoyapai.com-clashvpnmianfeijiedian.yaml
[OK] proxies=225 | new=0 | url=https://freenode.yoyapai.com/2026/09/25-yoyapai.com-ssrv2rayvpnmianfeijiedian.txt
[OK] proxies=226 | source=[Yoyapai-RSS] | url=https://yoyapai.com/734
============================================================
[INFO] sublink try repo | url=https://github.com/free18/v2ray
[INFO] sublink try page | url=https://raw.githubusercontent.com/free18/v2ray/main/README.md
[OK] proxies=3 | new=3 | url=https://raw.githubusercontent.com/free18/v2ray/main/README.md
[OK] proxies=166 | new=166 | url=https://ghfast.top/https://raw.githubusercontent.com/free18/v2ray/refs/heads/main/v.txt
[OK] proxies=166 | new=0 | url=https://ghfast.top/https://raw.githubusercontent.com/free18/v2ray/refs/heads/main/c.yaml
[OK] proxies=169 | source=[免费节点1] | url=https://raw.githubusercontent.com/free18/v2ray/main/README.md
============================================================
[INFO] sublink try repo | url=https://github.com/ermaozi/get_subscribe
[INFO] sublink try page | url=https://raw.githubusercontent.com/ermaozi/get_subscribe/main/README.md
[INFO] sublink file_nodes=0 | bare links=9
[OK] proxies=310 | new=310 | url=https://www.ermao.net/sub/{clash|v2ray}/ermao.net
[OK] proxies=310 | new=0 | url=https://www.ermao.net/sub/{reachable|unreachable|untested}/clash/ermao.net
[OK] proxies=310 | source=[免费节点2] | url=https://raw.githubusercontent.com/ermaozi/get_subscribe/main/README.md
============================================================
[INFO] sublink try repo | url=https://github.com/sunmiao4458/free-proxy-airport
[INFO] sublink try page | url=https://raw.githubusercontent.com/sunmiao4458/free-proxy-airport/main/README.md
[OK] proxies=27 | new=27 | url=https://sunmiao4458.github.io/free-proxy-airport/clash.yaml
[OK] proxies=27 | source=[免费节点3] | url=https://raw.githubusercontent.com/sunmiao4458/free-proxy-airport/main/README.md
============================================================
[INFO] sublink try repo | url=https://github.com/mfuu/FreeProxies
[INFO] sublink try page | url=https://raw.githubusercontent.com/mfuu/FreeProxies/master/README.md
[OK] proxies=749 | new=749 | url=https://raw.githubusercontent.com/mfuu/FreeProxies/master/sub.yaml
[OK] proxies=749 | source=[免费节点4] | url=https://raw.githubusercontent.com/mfuu/FreeProxies/master/README.md
============================================================
[INFO] sublink try repo | url=https://github.com/vxiaov/free_proxies
[INFO] sublink try page | url=https://raw.githubusercontent.com/vxiaov/free_proxies/main/README.md
[OK] proxies=1 | new=1 | url=https://raw.githubusercontent.com/vxiaov/free_proxies/main/README.md
[OK] proxies=28 | new=28 | url=https://{cdn.jsdelivr.net|raw.githubusercontent.com}/vxiaov/free_proxies/main/clash/clash.provider.yaml
[OK] proxies=29 | source=[免费节点5] | url=https://raw.githubusercontent.com/vxiaov/free_proxies/main/README.md
============================================================
[INFO] sublink try repo | url=https://github.com/anaer/Sub
[INFO] sublink try page | url=https://raw.githubusercontent.com/anaer/Sub/main/README.MD
[OK] proxies=1653 | new=1653 | url=https://anaer.github.io/Sub/clash.yaml
[OK] proxies=1653 | new=0 | url=https://raw.githubusercontent.com/anaer/Sub/main/clash.yaml
[OK] proxies=1653 | source=[免费节点6] | url=https://raw.githubusercontent.com/anaer/Sub/main/README.MD
============================================================
[INFO] sublink try repo | url=https://github.com/snakem982/proxypool
[INFO] sublink try page | url=https://raw.githubusercontent.com/snakem982/proxypool/main/README.md
[OK] proxies=64 | new=64 | url=https://raw.githubusercontent.com/snakem982/proxypool/main/source/clash-meta-2.yaml
[OK] proxies=62 | new=0 | url=https://raw.githubusercontent.com/snakem982/proxypool/main/source/v2ray-2.txt
[OK] proxies=59 | new=0 | url=https://raw.githubusercontent.com/snakem982/proxypool/main/source/sing-box-2.json
[OK] proxies=64 | source=[免费节点7] | url=https://raw.githubusercontent.com/snakem982/proxypool/main/README.md
============================================================
[INFO] sublink try repo | url=https://github.com/mahdibland/V2RayAggregator
[INFO] sublink try page | url=https://raw.githubusercontent.com/mahdibland/V2RayAggregator/master/README.md
[OK] proxies=375 | new=375 | url=https://raw.githubusercontent.com/mahdibland/V2RayAggregator/master/README.md
[OK] proxies=1 | new=1 | url=https://github.com/mahdibland/SSAggregator/actions/workflows/Collector.yml
[OK] proxies=1 | new=0 | url=https://github.com/mahdibland/SSAggregator/actions/workflows/Airport_Collector.yml
[OK] proxies=193 | new=0 | url=https://raw.githubusercontent.com/mahdibland/ShadowsocksAggregator/master/Eternity.txt
[OK] proxies=194 | new=11 | url=https://raw.githubusercontent.com/mahdibland/ShadowsocksAggregator/master/Eternity.yml
[OK] proxies=61 | new=61 | url=https://raw.githubusercontent.com/mahdibland/ShadowsocksAggregator/master/EternityAir.txt
[OK] proxies=3918 | new=3627 | url=https://raw.githubusercontent.com/mahdibland/SSAggregator/master/sub/sub_merge_base64.txt
[OK] proxies=3918 | new=0 | url=https://raw.githubusercontent.com/mahdibland/{SSAggregator|ShadowsocksAggregator}/master/sub/sub_merge.txt
[OK] proxies=4061 | new=144 | url=https://raw.githubusercontent.com/mahdibland/SSAggregator/master/sub/sub_merge_yaml.yml
[OK] proxies=61 | new=0 | url=https://raw.githubusercontent.com/mahdibland/SSAggregator/master/sub/airport_merge_base64.txt
[OK] proxies=61 | new=0 | url=https://raw.githubusercontent.com/mahdibland/SSAggregator/master/sub/airport_sub_merge.txt
[OK] proxies=1439 | new=0 | url=https://raw.githubusercontent.com/mahdibland/ShadowsocksAggregator/master/sub/splitted/vmess.txt
[OK] proxies=581 | new=0 | url=https://raw.githubusercontent.com/mahdibland/ShadowsocksAggregator/master/sub/splitted/trojan.txt
[OK] proxies=54 | new=0 | url=https://raw.githubusercontent.com/mahdibland/ShadowsocksAggregator/master/sub/splitted/ssr.txt
[OK] proxies=1844 | new=0 | url=https://raw.githubusercontent.com/mahdibland/ShadowsocksAggregator/master/sub/splitted/ss.txt
[OK] proxies=1 | new=0 | url=https://cdn.jsdelivr.net/gh/mahdibland/V2RayAggregator@master/update/provider/provider-meta.yml
[OK] proxies=1 | new=0 | url=https://cdn.jsdelivr.net/gh/mahdibland/V2RayAggregator@master/update/provider/provider-meta-cn.yml
[OK] proxies=1 | new=0 | url=https://cdn.jsdelivr.net/gh/mahdibland/V2RayAggregator@master/update/provider/provider-meta-others.yml
[OK] proxies=1 | new=0 | url=https://cdn.jsdelivr.net/gh/mahdibland/V2RayAggregator@master/update/provider/provider.yml
[OK] proxies=1 | new=0 | url=https://cdn.jsdelivr.net/gh/mahdibland/V2RayAggregator@master/update/provider/provider-cn.yml
[OK] proxies=1 | new=0 | url=https://cdn.jsdelivr.net/gh/mahdibland/V2RayAggregator@master/update/provider/provider-others.yml
[OK] proxies=4219 | source=[免费节点8] | url=https://raw.githubusercontent.com/mahdibland/V2RayAggregator/master/README.md
============================================================
[INFO] sublink try repo | url=https://github.com/w1770946466/Auto_proxy
[INFO] sublink try page | url=https://raw.githubusercontent.com/w1770946466/Auto_proxy/main/README.md
[OK] proxies=1 | new=1 | url=https://github.com/w1770946466/Auto_proxy/actions/workflows/main.yml
[OK] proxies=245 | new=245 | url=https://raw.githubusercontent.com/w1770946466/Auto_proxy/main/{Long_term_subscription2.yaml|Long_term_subscription1.yaml|Long_term_subscription3.yaml}
[OK] proxies=489 | new=54 | url=https://raw.githubusercontent.com/w1770946466/Auto_proxy/main/{Long_term_subscription1|Long_term_subscription2|Long_term_subscription3|Long_term_subscription4|Long_term_subscription5|Long_term_subscription6|Long_term_subscription7|Long_term_subscription8}
[OK] proxies=489 | new=315 | url=https://raw.githubusercontent.com/w1770946466/Auto_proxy/main/Long_term_subscription_num
[OK] proxies=615 | source=[免费节点9] | url=https://raw.githubusercontent.com/w1770946466/Auto_proxy/main/README.md
============================================================
[INFO] sublink try repo | url=https://github.com/PuddinCat/BestClash
[INFO] sublink try page | url=https://raw.githubusercontent.com/PuddinCat/BestClash/main/README.md
[OK] proxies=16 | new=16 | url=https://raw.githubusercontent.com/PuddinCat/BestClash/main/proxies.yaml
[OK] proxies=28 | new=28 | url=https://cdn.jsdelivr.net/gh/vxiaov/free_proxies@main/clash/clash.provider.yaml
[OK] proxies=24 | new=24 | url=https://freenode.openrunner.net/uploads/20240807-clash.yaml
[OK] proxies=21 | new=21 | url=https://raw.githubusercontent.com/Misaka-blog/chromego_merge/main/sub/merged_proxies_new.yaml
[OK] proxies=4800 | new=4774 | url=https://raw.githubusercontent.com/{NiceVPN123|anaer}/{NiceVPN|Sub}/main/{Clash.yaml|clash.yaml}
[OK] proxies=37 | new=15 | url=https://raw.githubusercontent.com/{chengaopan|peasoft}/{AutoMergePublicNodes|NoMoreWalls}/master/list.yml
[OK] proxies=310 | new=279 | url=https://raw.githubusercontent.com/{ermaozi|ermaozi01}/{get_subscribe|free_clash_vpn}/main/subscribe/clash.yml
[OK] proxies=194 | new=158 | url=https://raw.githubusercontent.com/mahdibland/ShadowsocksAggregator/master/Eternity.yml
[OK] proxies=165 | new=160 | url=https://raw.githubusercontent.com/ronghuaxueleng/get_v2/main/pub/combine.yaml
[OK] proxies=144 | new=3 | url=https://raw.githubusercontent.com/zhangkaiitugithub/passcro/main/speednodes.yaml
[OK] proxies=5478 | source=[免费节点10] | url=https://raw.githubusercontent.com/PuddinCat/BestClash/main/README.md
============================================================
[INFO] sublink try repo | url=https://github.com/kooker/FreeSubsCheck
[INFO] sublink try page | url=https://raw.githubusercontent.com/kooker/FreeSubsCheck/main/README.md
[OK] proxies=1 | new=1 | url=https://raw.githubusercontent.com/kooker/FreeSubsCheck/main/mihomo.yaml
[OK] proxies=1 | new=0 | url=https://raw.githubusercontent.com/kooker/FreeSubsCheck/main/all.yaml
[OK] proxies=1 | new=0 | url=https://raw.githubusercontent.com/kooker/FreeSubsCheck/main/base64.txt
[OK] proxies=2 | new=2 | url=https://raw.githubusercontent.com/kooker/FreeSubsCheck/main/byxiaoxi.txt
[OK] proxies=495 | new=494 | url=https://raw.githubusercontent.com/kooker/FreeSubsCheck/main/kooker.jp.txt
[OK] proxies=497 | source=[免费节点11] | url=https://raw.githubusercontent.com/kooker/FreeSubsCheck/main/README.md
============================================================
[INFO] toolkit try repo | url=https://github.com/Pawdroid/shadowrocket_for_android
[INFO] toolkit try release | url=https://github.com/Pawdroid/shadowrocket_for_android/releases
[INFO] toolkit try release | url=https://github.com/Pawdroid/shadowrocket_for_android/releases/expanded_assets/10.10.55
[INFO] toolkit try download | url=https://github.com/Pawdroid/shadowrocket_for_android/releases/download/10.10.55/Shadowrocket_10.10.55_shadowrocketStandard_arm64-v8a.apk
[OK] toolkit downloaded | file=Shadowrocket_10.10.55_shadowrocketStandard_arm64-v8a.apk | bytes=41449171
[OK] toolkit extracted | archive=Shadowrocket_10.10.55_shadowrocketStandard_arm64-v8a.apk | tool=zipfile | files=1179 | dirs=44
[OK] toolkit sr-apk scanned | prefixes=38 | files=6 | keys=2 | archive=Shadowrocket_10.10.55_shadowrocketStandard_arm64-v8a.apk
[OK] proxies=860 | new=605 | url=https://{raw.githubusercontent.com|cdn.jsdelivr.net}/pixelor/ecfg/main/data/ecfg6_zh
[OK] proxies=1031 | new=531 | url=https://{raw.githubusercontent.com|cdn.jsdelivr.net}/pixelor/ecfg/main/data/ecfg6_en
[OK] proxies=135 | new=39 | url=https://{raw.githubusercontent.com|cdn.jsdelivr.net}/pixelor/ecfg/main/data/ecfg6
[OK] proxies=500 | new=0 | url=https://{files.shadowrockets.app|cdn.shadowrockets.app}/ecfg/data/ecfg6_zh
[OK] proxies=131 | new=0 | url=https://{files.shadowrockets.app|cdn.shadowrockets.app}/ecfg/data/ecfg6
[OK] proxies=500 | new=0 | url=https://{files.shadowrockets.app|cdn.shadowrockets.app}/ecfg/data/ecfg6_en
[OK] proxies=1175 | source=[Pawdroid-SR-APK] | url=https://github.com/Pawdroid/shadowrocket_for_android/releases/download/10.10.55/Shadowrocket_10.10.55_shadowrocketStandard_arm64-v8a.apk
============================================================
[INFO] toolkit try page | url=https://shadowshare.v2cross.com
[INFO] toolkit try download | url=https://shadowshare.v2cross.com/shadowshare.apk
[OK] toolkit downloaded | file=shadowshare.apk | bytes=62868122
[OK] toolkit extracted | archive=shadowshare.apk | tool=zipfile | files=612 | dirs=39
[OK] toolkit ss-apk scanned | prefixes=10 | files=3 | keys=1 | archive=shadowshare.apk
[OK] proxies=203 | new=175 | url=https://{raw.githubusercontent.com|jsd.onmicrosoft.cn}/hideme9527/ecsfg/main/data/sareserver
[OK] proxies=1386 | new=1310 | url=https://{raw.githubusercontent.com|jsd.onmicrosoft.cn}/hideme9527/ecsfg/main/data/sareserver_en
[OK] proxies=108 | new=0 | url=https://{shadowsharing.com|sare.159236.xyz}/data/sareserver
[OK] proxies=1386 | new=0 | url=https://{shadowsharing.com|sare.159236.xyz}/data/sareserver_en
[OK] proxies=108 | new=0 | url=https://gitee.com/api/v5/repos/{zhiminghao|guoyoucai1|elvenapp}/ecsfg/raw/data/sareserver
[OK] proxies=1386 | new=0 | url=https://gitee.com/api/v5/repos/{elvenapp|zhiminghao|guoyoucai1}/ecsfg/raw/data/sareserver_en
[OK] proxies=1485 | source=[Pawdroid-SS-APK] | url=https://shadowshare.v2cross.com/shadowshare.apk
============================================================
[INFO] sublink try repo | url=https://github.com/free-nodes/clashfree
[INFO] sublink try page | url=https://raw.githubusercontent.com/free-nodes/clashfree/main/README.md
[OK] proxies=180 | new=180 | url=https://raw.githubusercontent.com/free-nodes/clashfree/main/README.md
[OK] proxies=180 | new=0 | url=https://raw.githubusercontent.com/free-nodes/clashfree/main/clash20260926.yml
[OK] proxies=1 | new=1 | url=https://github.com/free-nodes/clashfree/blob/main/clash20260926.yml
[OK] proxies=181 | source=[Clashfree] | url=https://raw.githubusercontent.com/free-nodes/clashfree/main/README.md
============================================================
[INFO] sublink try repo | url=https://github.com/Epodonios/v2ray-configs
[INFO] sublink try page | url=https://raw.githubusercontent.com/Epodonios/v2ray-configs/main/README.md
[OK] proxies=1 | new=1 | url=https://github.com/Epodonios/V2ray-Configs/actions/workflows/main.yml
[OK] proxies=4200 | new=4200 | url=https://github.com/Epodonios/v2ray-configs/raw/main/All_Configs_Sub.txt
[OK] proxies=4200 | new=0 | url=https://github.com/Epodonios/v2ray-configs/raw/main/All_Configs_base64_Sub.txt
[OK] proxies=3434 | new=182 | url=https://github.com/Epodonios/v2ray-configs/raw/main/Splitted-By-Protocol/vless.txt
[OK] proxies=181 | new=3 | url=https://github.com/Epodonios/v2ray-configs/raw/main/Splitted-By-Protocol/vmess.txt
[OK] proxies=365 | new=8 | url=https://github.com/Epodonios/v2ray-configs/raw/main/Splitted-By-Protocol/ss.txt
[OK] proxies=3 | new=0 | url=https://github.com/Epodonios/v2ray-configs/raw/main/Splitted-By-Protocol/ssr.txt
[OK] proxies=168 | new=5 | url=https://github.com/Epodonios/v2ray-configs/raw/main/Splitted-By-Protocol/trojan.txt
[OK] proxies=4200 | new=0 | url=https://raw.githubusercontent.com/Epodonios/v2ray-configs/main/{Sub1.txt|Sub2.txt|Sub3.txt|Sub4.txt|Sub5.txt|Sub6.txt|Sub7.txt|Sub8.txt}
[OK] proxies=4399 | source=[Epodonios] | url=https://raw.githubusercontent.com/Epodonios/v2ray-configs/main/README.md
============================================================
[INFO] sublink try repo | url=https://github.com/free-clash-v2ray/free-clash-v2ray.github.io
[INFO] sublink try page | url=https://raw.githubusercontent.com/free-clash-v2ray/free-clash-v2ray.github.io/main/README.md
[OK] proxies=3279 | new=3279 | url=https://free-clash-v2ray.github.io/uploads/2026/09/{0-20260920.yaml|1-20260920.yaml|2-20260920.yaml|3-20260920.yaml}
[OK] proxies=4810 | new=1941 | url=https://free-clash-v2ray.github.io/uploads/2026/09/{0-20260920.txt|1-20260920.txt|2-20260920.txt|3-20260920.txt|4-20260920.txt}
[OK] proxies=5220 | source=[Free-clash-v2ray] | url=https://raw.githubusercontent.com/free-clash-v2ray/free-clash-v2ray.github.io/main/README.md
============================================================
[INFO] article try page | url=https://v2rayclashfree.com
[INFO] sublink try page | url=https://v2rayclashfree.com/fn/20260926.html
[OK] proxies=657 | new=657 | url=https://v2rayclashfree.com/sub/20260926-v2ray.txt
[OK] proxies=635 | new=289 | url=https://v2rayclashfree.com/sub/20260926-clash.yaml
[OK] proxies=946 | source=[V2rayclashfree-RSS] | url=https://v2rayclashfree.com/fn/20260926.html
============================================================
[INFO] raw backup written | path=/home/runner/work/Free-node-autotest/Free-node-autotest/output/raw.yaml | proxies=27843
[INFO] toolkit try repo | url=https://github.com/MetaCubeX/mihomo
[INFO] toolkit try release | url=https://github.com/MetaCubeX/mihomo/releases
[INFO] toolkit try release | url=https://github.com/MetaCubeX/mihomo/releases/expanded_assets/v1.19.31
[INFO] toolkit try download | url=https://github.com/MetaCubeX/mihomo/releases/download/v1.19.31/mihomo-linux-amd64-compatible-v1.19.31.gz
[OK] toolkit downloaded | file=mihomo-linux-amd64-compatible-v1.19.31.gz | bytes=22821836
[OK] toolkit hash verified | file=mihomo-linux-amd64-compatible-v1.19.31.gz | sha256=04cf9f09671704f839ddbee2e93069dc831a4123a75281e725d1d96ab9ac1afc
[OK] proxy engine ready, starting latency test | package=mihomo-linux-amd64-compatible-v1.19.31.gz
============================================================
[WARN] batch start failed | size=18087 {1} | split=9043 {2} + 9044 {3}
[WARN] batch start failed | size=9043 {2} | split=4521 {4} + 4522 {5}
[WARN] batch start failed | size=9044 {3} | split=4522 {6} + 4522 {7}
[WARN] batch start failed | size=4521 {4} | split=2260 {8} + 2261 {9}
[WARN] batch start failed | size=4522 {6} | split=2261 {10} + 2261 {11}
[WARN] batch start failed | size=2260 {8} | split=1130 {12} + 1130 {13}
[TEST] {5} tested=100/4522 | kept=0 | rest=17987
[WARN] batch start failed | size=4522 {7} | split=2261 {14} + 2261 {15}
[TEST] {5} tested=200/4522 | kept=11 | rest=17809
[TEST] {10} tested=100/2261 | kept=0 | rest=17687
[TEST] {10} tested=200/2261 | kept=0 | rest=17577
[TEST] {10} tested=300/2261 | kept=0 | rest=17462
[TEST] {5} tested=300/4522 | kept=86 | rest=17340
[TEST] {9} tested=100/2261 | kept=14 | rest=17278
[TEST] {9} tested=200/2261 | kept=16 | rest=17136
[TEST] {5} tested=400/4522 | kept=105 | rest=17091
[TEST] {9} tested=300/2261 | kept=16 | rest=16997
[TEST] {9} tested=400/2261 | kept=18 | rest=16883
[TEST] {10} tested=400/2261 | kept=0 | rest=16830
[TEST] {10} tested=500/2261 | kept=0 | rest=16729
[TEST] {10} tested=600/2261 | kept=0 | rest=16624
[TEST] {5} tested=500/4522 | kept=105 | rest=16459
[TEST] {9} tested=500/2261 | kept=18 | rest=16457
[TEST] {9} tested=600/2261 | kept=18 | rest=16303
[TEST] {9} tested=700/2261 | kept=18 | rest=16190
[TEST] {10} tested=700/2261 | kept=0 | rest=16081
[TEST] {10} tested=800/2261 | kept=0 | rest=15975
[TEST] {10} tested=900/2261 | kept=0 | rest=15871
[TEST] {10} tested=1000/2261 | kept=0 | rest=15765
[TEST] {5} tested=600/4522 | kept=105 | rest=15691
[TEST] {9} tested=800/2261 | kept=18 | rest=15630
[TEST] {9} tested=900/2261 | kept=18 | rest=15471
[TEST] {10} tested=1100/2261 | kept=0 | rest=15382
[TEST] {5} tested=700/4522 | kept=105 | rest=15301
[TEST] {10} tested=1200/2261 | kept=10 | rest=15269
[TEST] {9} tested=1000/2261 | kept=19 | rest=15080
[TEST] {5} tested=800/4522 | kept=105 | rest=15064
[TEST] {9} tested=1100/2261 | kept=57 | rest=14964
[TEST] {10} tested=1300/2261 | kept=13 | rest=14830
[TEST] {10} tested=1400/2261 | kept=17 | rest=14715
[TEST] {10} tested=1500/2261 | kept=52 | rest=14530
[TEST] {9} tested=1200/2261 | kept=87 | rest=14484
[TEST] {5} tested=900/4522 | kept=105 | rest=14473
[TEST] {10} tested=1600/2261 | kept=122 | rest=14260
[TEST] {9} tested=1300/2261 | kept=91 | rest=14180
[TEST] {10} tested=1700/2261 | kept=180 | rest=14147
[TEST] {10} tested=1800/2261 | kept=234 | rest=14038
[TEST] {10} tested=1900/2261 | kept=261 | rest=13934
[TEST] {10} tested=2000/2261 | kept=296 | rest=13812
[TEST] {5} tested=1000/4522 | kept=105 | rest=13664
[TEST] {10} tested=2100/2261 | kept=316 | rest=13652
[TEST] {9} tested=1400/2261 | kept=91 | rest=13501
[TEST] {10} tested=2200/2261 | kept=345 | rest=13391
[TEST] {9} tested=1500/2261 | kept=91 | rest=13325
[TEST] {5} tested=1100/4522 | kept=105 | rest=13194
[TEST] {10} tested=2261/2261 | kept=362 | rest=13108
[TEST] {9} tested=1600/2261 | kept=92 | rest=13060
[WARN] batch start failed | size=2261 {11} | split=1130 {16} + 1131 {17}
[WARN] batch start failed | size=1130 {12} | split=565 {18} + 565 {19}
[TEST] {5} tested=1200/4522 | kept=105 | rest=12924
[TEST] {9} tested=1700/2261 | kept=92 | rest=12820
[TEST] {9} tested=1800/2261 | kept=92 | rest=12695
[TEST] {5} tested=1300/4522 | kept=105 | rest=12674
[TEST] {13} tested=100/1130 | kept=2 | rest=12609
[TEST] {9} tested=1900/2261 | kept=92 | rest=12377
[TEST] {5} tested=1400/4522 | kept=105 | rest=12374
[TEST] {13} tested=200/1130 | kept=3 | rest=12252
[TEST] {13} tested=300/1130 | kept=29 | rest=12111
[TEST] {5} tested=1500/4522 | kept=105 | rest=12016
[TEST] {9} tested=2000/2261 | kept=92 | rest=11952
[TEST] {13} tested=400/1130 | kept=38 | rest=11759
[TEST] {9} tested=2100/2261 | kept=92 | rest=11734
[TEST] {5} tested=1600/4522 | kept=105 | rest=11644
[TEST] {13} tested=500/1130 | kept=38 | rest=11579
[TEST] {5} tested=1700/4522 | kept=105 | rest=11460
[TEST] {9} tested=2200/2261 | kept=92 | rest=11274
[TEST] {13} tested=600/1130 | kept=42 | rest=11212
[TEST] {5} tested=1800/4522 | kept=105 | rest=11209
[TEST] {13} tested=700/1130 | kept=49 | rest=11057
[TEST] {5} tested=1900/4522 | kept=105 | rest=10948
[TEST] {5} tested=2000/4522 | kept=105 | rest=10783
[TEST] {9} tested=2261/2261 | kept=92 | rest=10770
[TEST] {13} tested=800/1130 | kept=51 | rest=10724
[TEST] {5} tested=2100/4522 | kept=105 | rest=10653
[TEST] {14} tested=100/2261 | kept=1 | rest=10408
[TEST] {13} tested=900/1130 | kept=51 | rest=10380
[TEST] {5} tested=2200/4522 | kept=105 | rest=10306
[TEST] {14} tested=200/2261 | kept=1 | rest=10123
[TEST] {13} tested=1000/1130 | kept=51 | rest=10048
[TEST] {5} tested=2300/4522 | kept=105 | rest=10043
[TEST] {5} tested=2400/4522 | kept=105 | rest=9879
[TEST] {5} tested=2500/4522 | kept=105 | rest=9736
[TEST] {14} tested=300/2261 | kept=3 | rest=9645
[TEST] {14} tested=400/2261 | kept=3 | rest=9542
[TEST] {13} tested=1100/1130 | kept=51 | rest=9432
[TEST] {14} tested=500/2261 | kept=3 | rest=9412
[TEST] {13} tested=1130/1130 | kept=51 | rest=9325
[TEST] {5} tested=2600/4522 | kept=105 | rest=9296
[TEST] {5} tested=2700/4522 | kept=115 | rest=9153
[TEST] {14} tested=600/2261 | kept=5 | rest=9112
[WARN] batch start failed | size=2261 {15} | split=1130 {20} + 1131 {21}
[WARN] batch start failed | size=1130 {16} | split=565 {22} + 565 {23}
[TEST] {14} tested=700/2261 | kept=5 | rest=8995
[WARN] batch start failed | size=1131 {17} | split=565 {24} + 566 {25}
[TEST] {14} tested=800/2261 | kept=6 | rest=8889
[WARN] batch start failed | size=565 {18} | split=282 {26} + 283 {27}
[TEST] {5} tested=2800/4522 | kept=115 | rest=8763
[TEST] {14} tested=900/2261 | kept=8 | rest=8644
[TEST] {19} tested=100/565 | kept=5 | rest=8575
[TEST] {14} tested=1000/2261 | kept=10 | rest=8428
[TEST] {14} tested=1100/2261 | kept=10 | rest=8282
[TEST] {5} tested=2900/4522 | kept=115 | rest=8210
[TEST] {14} tested=1200/2261 | kept=19 | rest=8134
[TEST] {5} tested=3000/4522 | kept=115 | rest=8011
[TEST] {19} tested=200/565 | kept=61 | rest=7993
[TEST] {14} tested=1300/2261 | kept=23 | rest=7824
[TEST] {5} tested=3100/4522 | kept=116 | rest=7700
[TEST] {14} tested=1400/2261 | kept=24 | rest=7638
[TEST] {5} tested=3200/4522 | kept=116 | rest=7463
[TEST] {19} tested=300/565 | kept=80 | rest=7460
[TEST] {14} tested=1500/2261 | kept=37 | rest=7401
[TEST] {19} tested=400/565 | kept=96 | rest=7261
[TEST] {14} tested=1600/2261 | kept=110 | rest=7126
[TEST] {14} tested=1700/2261 | kept=166 | rest=7003
[TEST] {14} tested=1800/2261 | kept=182 | rest=6898
[TEST] {14} tested=1900/2261 | kept=185 | rest=6790
[TEST] {14} tested=2000/2261 | kept=186 | rest=6688
[TEST] {5} tested=3300/4522 | kept=116 | rest=6673
[TEST] {14} tested=2100/2261 | kept=190 | rest=6568
[TEST] {14} tested=2200/2261 | kept=248 | rest=6433
[TEST] {5} tested=3400/4522 | kept=116 | rest=6345
[TEST] {19} tested=500/565 | kept=106 | rest=6238
[TEST] {5} tested=3500/4522 | kept=116 | rest=6129
[TEST] {14} tested=2261/2261 | kept=269 | rest=6101
[TEST] {5} tested=3600/4522 | kept=116 | rest=6016
[TEST] {19} tested=565/565 | kept=106 | rest=5996
[TEST] {20} tested=100/1130 | kept=28 | rest=5862
[TEST] {20} tested=200/1130 | kept=42 | rest=5760
[WARN] batch start failed | size=1131 {21} | split=565 {28} + 566 {29}
[TEST] {20} tested=300/1130 | kept=57 | rest=5659
[TEST] {20} tested=400/1130 | kept=65 | rest=5556
[TEST] {20} tested=500/1130 | kept=66 | rest=5446
[TEST] {20} tested=600/1130 | kept=69 | rest=5345
[TEST] {20} tested=700/1130 | kept=69 | rest=5244
[TEST] {20} tested=800/1130 | kept=69 | rest=5143
[TEST] {20} tested=900/1130 | kept=69 | rest=5042
[WARN] batch start failed | size=565 {22} | split=282 {30} + 283 {31}
[TEST] {20} tested=1000/1130 | kept=87 | rest=4937
[TEST] {5} tested=3700/4522 | kept=117 | rest=4736
[TEST] {23} tested=100/565 | kept=1 | rest=4690
[TEST] {20} tested=1100/1130 | kept=113 | rest=4624
[TEST] {5} tested=3800/4522 | kept=118 | rest=4557
[TEST] {20} tested=1130/1130 | kept=114 | rest=4554
[TEST] {23} tested=200/565 | kept=2 | rest=4471
[WARN] batch start failed | size=565 {24} | split=282 {32} + 283 {33}
[TEST] {5} tested=3900/4522 | kept=118 | rest=4278
[TEST] {25} tested=100/566 | kept=1 | rest=4182
[TEST] {25} tested=200/566 | kept=3 | rest=4038
[TEST] {5} tested=4000/4522 | kept=120 | rest=3913
[TEST] {23} tested=300/565 | kept=14 | rest=3904
[TEST] {23} tested=400/565 | kept=18 | rest=3773
[TEST] {5} tested=4100/4522 | kept=120 | rest=3636
[TEST] {25} tested=300/566 | kept=8 | rest=3581
[TEST] {5} tested=4200/4522 | kept=120 | rest=3420
[TEST] {25} tested=400/566 | kept=9 | rest=3380
[TEST] {5} tested=4300/4522 | kept=120 | rest=3193
[TEST] {25} tested=500/566 | kept=12 | rest=3186
[TEST] {23} tested=500/565 | kept=41 | rest=3148
[TEST] {5} tested=4400/4522 | kept=120 | rest=3006
[TEST] {23} tested=565/565 | kept=41 | rest=2996
[TEST] {27} tested=100/283 | kept=0 | rest=2796
[TEST] {25} tested=566/566 | kept=13 | rest=2721
[TEST] {27} tested=200/283 | kept=5 | rest=2678
[WARN] batch start failed | size=282 {26} | split=141 {34} + 141 {35}
[WARN] batch start failed | size=565 {28} | split=282 {36} + 283 {37}
[TEST] {29} tested=100/566 | kept=0 | rest=2549
[TEST] {29} tested=200/566 | kept=1 | rest=2446
[TEST] {29} tested=300/566 | kept=1 | rest=2344
[TEST] {5} tested=4500/4522 | kept=120 | rest=2324
[TEST] {5} tested=4522/4522 | kept=120 | rest=2267
[WARN] batch start failed | size=282 {30} | split=141 {38} + 141 {39}
[TEST] {31} tested=100/283 | kept=0 | rest=2075
[TEST] {27} tested=283/283 | kept=8 | rest=1968
[TEST] {31} tested=200/283 | kept=4 | rest=1967
[TEST] {33} tested=100/283 | kept=0 | rest=1840
[TEST] {29} tested=400/566 | kept=19 | rest=1791
[TEST] {29} tested=500/566 | kept=55 | rest=1650
[TEST] {33} tested=200/283 | kept=0 | rest=1603
[TEST] {31} tested=283/283 | kept=6 | rest=1497
[WARN] batch start failed | size=282 {32} | split=141 {40} + 141 {41}
[WARN] batch start failed | size=141 {34} | split=70 {42} + 71 {43}
[WARN] batch start failed | size=141 {35} | split=70 {44} + 71 {45}
[TEST] {29} tested=566/566 | kept=78 | rest=1412
[WARN] batch start failed | size=282 {36} | split=141 {46} + 141 {47}
[TEST] {33} tested=283/283 | kept=0 | rest=1411
[WARN] batch start failed | size=141 {39} | split=70 {48} + 71 {49}
[TEST] {38} tested=100/141 | kept=9 | rest=1298
[WARN] batch start failed | size=141 {40} | split=70 {50} + 71 {51}
[WARN] batch start failed | size=141 {41} | split=70 {52} + 71 {53}
[TEST] {37} tested=100/283 | kept=35 | rest=1157
[TEST] {38} tested=141/141 | kept=34 | rest=1093
[WARN] batch start failed | size=71 {43} | split=35 {54} + 36 {55}
[WARN] batch start failed | size=70 {44} | split=35 {56} + 35 {57}
[TEST] {42} tested=70/70 | kept=5 | rest=1009
[TEST] {37} tested=200/283 | kept=46 | rest=855
[TEST] {37} tested=283/283 | kept=46 | rest=770
[WARN] batch start failed | size=141 {47} | split=70 {58} + 71 {59}
[TEST] {45} tested=71/71 | kept=26 | rest=749
[TEST] {46} tested=100/141 | kept=12 | rest=746
[WARN] batch start failed | size=70 {48} | split=35 {60} + 35 {61}
[TEST] {46} tested=141/141 | kept=12 | rest=689
[WARN] batch start failed | size=70 {50} | split=35 {62} + 35 {63}
[WARN] batch start failed | size=70 {52} | split=35 {64} + 35 {65}
[TEST] {49} tested=71/71 | kept=0 | rest=544
[TEST] {51} tested=71/71 | kept=0 | rest=503
[WARN] batch start failed | size=36 {55} | split=18 {66} + 18 {67}
[TEST] {53} tested=71/71 | kept=0 | rest=468
[WARN] batch start failed | size=35 {57} | split=17 {68} + 18 {69}
[WARN] batch start failed | size=70 {58} | split=35 {70} + 35 {71}
[TEST] {54} tested=35/35 | kept=6 | rest=424
[TEST] {56} tested=35/35 | kept=0 | rest=391
[WARN] batch start failed | size=35 {60} | split=17 {72} + 18 {73}
[TEST] {59} tested=71/71 | kept=5 | rest=323
[WARN] batch start failed | size=35 {63} | split=17 {74} + 18 {75}
[TEST] {61} tested=35/35 | kept=3 | rest=284
[WARN] batch start failed | size=35 {65} | split=17 {76} + 18 {77}
[WARN] batch start failed | size=18 {67} | split=9 {78} + 9 {79}
[WARN] batch start failed | size=18 {66} | split=9 {80} + 9 {81}
[TEST] {62} tested=35/35 | kept=0 | rest=256
[WARN] batch start failed | size=18 {69} | split=9 {82} + 9 {83}
[WARN] batch start failed | size=17 {68} | split=8 {84} + 9 {85}
[WARN] batch start failed | size=35 {70} | split=17 {86} + 18 {87}
[TEST] {64} tested=35/35 | kept=0 | rest=241
[WARN] batch start failed | size=18 {73} | split=9 {88} + 9 {89}
[TEST] {71} tested=35/35 | kept=0 | rest=196
[TEST] {72} tested=17/17 | kept=0 | rest=189
[WARN] batch start failed | size=18 {75} | split=9 {90} + 9 {91}
[WARN] batch start failed | size=17 {76} | split=8 {92} + 9 {93}
[TEST] {74} tested=17/17 | kept=0 | rest=165
[WARN] batch start failed | size=9 {78} | split=4 {94} + 5 {95}
[WARN] batch start failed | size=9 {81} | split=4 {96} + 5 {97}
[WARN] batch start failed | size=9 {80} | split=4 {98} + 5 {99}
[WARN] batch start failed | size=9 {82} | split=4 {100} + 5 {101}
[TEST] {83} tested=9/9 | kept=1 | rest=150
[TEST] {77} tested=18/18 | kept=0 | rest=142
[WARN] batch start failed | size=9 {85} | split=4 {102} + 5 {103}
[WARN] batch start failed | size=17 {86} | split=8 {104} + 9 {105}
[TEST] {79} tested=9/9 | kept=0 | rest=134
[WARN] batch start failed | size=9 {88} | split=4 {106} + 5 {107}
[TEST] {84} tested=8/8 | kept=0 | rest=132
[TEST] {87} tested=18/18 | kept=0 | rest=108
[WARN] batch start failed | size=9 {90} | split=4 {108} + 5 {109}
[TEST] {89} tested=9/9 | kept=0 | rest=100
[WARN] batch start failed | size=9 {93} | split=4 {110} + 5 {111}
[TEST] {91} tested=9/9 | kept=0 | rest=88
[WARN] batch start failed | size=4 {94} | split=2 {112} + 2 {113}
[TEST] {92} tested=8/8 | kept=0 | rest=87
[WARN] batch start failed | size=5 {97} | split=2 {114} + 3 {115}
[TEST] {95} tested=5/5 | kept=0 | rest=84
[WARN] batch start failed | size=4 {98} | split=2 {116} + 2 {117}
[WARN] batch start failed | size=5 {99} | split=2 {118} + 3 {119}
[WARN] batch start failed | size=4 {100} | split=2 {120} + 2 {121}
[TEST] {101} tested=5/5 | kept=0 | rest=79
[WARN] batch start failed | size=5 {103} | split=2 {122} + 3 {123}
[TEST] {96} tested=4/4 | kept=0 | rest=70
[WARN] batch start failed | size=9 {105} | split=4 {124} + 5 {125}
[WARN] batch start failed | size=4 {106} | split=2 {126} + 2 {127}
[TEST] {102} tested=4/4 | kept=0 | rest=67
[TEST] {104} tested=8/8 | kept=1 | rest=62
[WARN] batch start failed | size=4 {108} | split=2 {128} + 2 {129}
[TEST] {107} tested=5/5 | kept=1 | rest=55
[WARN] batch start failed | size=4 {110} | split=2 {130} + 2 {131}
[TEST] {113} tested=2/2 | kept=0 | rest=53
[TEST] {109} tested=5/5 | kept=0 | rest=49
[WARN] batch start failed | size=2 {112} | split=1 {132} + 1 {133}
[WARN] batch start failed | size=3 {115} | split=1 {134} + 2 {135}
[TEST] {111} tested=5/5 | kept=0 | rest=46
[WARN] batch start failed | size=2 {116} | split=1 {136} + 1 {137}
[WARN] batch start failed | size=2 {117} | split=1 {138} + 1 {139}
[WARN] batch start failed | size=2 {118} | split=1 {140} + 1 {141}
[TEST] {121} tested=2/2 | kept=0 | rest=43
[WARN] batch start failed | size=2 {120} | split=1 {142} + 1 {143}
[TEST] {114} tested=2/2 | kept=0 | rest=41
[WARN] batch start failed | size=3 {123} | split=1 {144} + 2 {145}
[WARN] batch start failed | size=4 {124} | split=2 {146} + 2 {147}
[TEST] {119} tested=3/3 | kept=0 | rest=39
[WARN] batch start failed | size=2 {126} | split=1 {148} + 1 {149}
[TEST] {122} tested=2/2 | kept=0 | rest=36
[TEST] {125} tested=5/5 | kept=0 | rest=30
[WARN] batch start failed | size=2 {129} | split=1 {150} + 1 {151}
[TEST] {127} tested=2/2 | kept=0 | rest=29
[WARN] batch start failed | size=2 {131} | split=1 {152} + 1 {153}
[REPAIR] name=[ChromeGO-Merge] France_hysteria_1 {132} | fields=up,down
[TEST] {128} tested=2/2 | kept=0 | rest=28
[REPAIR] name=[ChromeGO-Merge] United-2 {133} | fields=up,down
[WARN] batch start failed | size=2 {135} | split=1 {154} + 1 {155}
[TEST] {136} tested=1/1 | kept=0 | rest=27
[REPAIR] name=[ChromeGO-ShiteThings] hysteria {137} | fields=up,down
[REPAIR] name=[ChromeGO-ShiteThings] hysteria-2 {138} | fields=up,down
[TEST] {137} tested=1/1 | kept=0 | rest=26
[REPAIR] name=[ChromeGO-ShiteThings] hysteria-3 {139} | fields=up,down
[TEST] {138} tested=1/1 | kept=0 | rest=25
[REPAIR] name=[ChromeGO-ShiteThings] hysteria-5 {141} | fields=up,down
[REPAIR] name=[ChromeGO-ShiteThings] hysteria-4 {140} | fields=up,down
[TEST] {130} tested=2/2 | kept=0 | rest=23
[TEST] {139} tested=1/1 | kept=0 | rest=22
[REPAIR] name=[ChromeGO-Merge] Taiwan-2 {142} | fields=up,down
[REPAIR] name=[ChromeGO-Merge] United-5 {143} | fields=up,down
[REPAIR] name=[ChromeGO-Merge] Taiwan {144} | fields=up,down
[WARN] batch start failed | size=2 {145} | split=1 {156} + 1 {157}
[TEST] {142} tested=1/1 | kept=0 | rest=21
[TEST] {140} tested=1/1 | kept=0 | rest=20
[TEST] {132} tested=1/1 | kept=0 | rest=19
[WARN] batch start failed | size=2 {146} | split=1 {158} + 1 {159}
[TEST] {144} tested=1/1 | kept=0 | rest=18
[TEST] {134} tested=1/1 | kept=0 | rest=17
[TEST] {133} tested=1/1 | kept=0 | rest=16
[TEST] {148} tested=1/1 | kept=0 | rest=15
[REPAIR] name=[Pawdroid-SS-APK] United+Kingdom-2 {149} | fields=cipher
[REPAIR] name=[Epodonios] EPODONIOS-107 {150} | fields=cipher
[TEST] {149} tested=1/1 | kept=0 | rest=14
[DROP] name=[Epodonios] EPODONIOS-237 {152} | server=194.93.61.120:443 | reason=Parse config error: proxy 0: 'reality-opts' has unset fields: public-key
[TEST] {153} tested=1/1 | kept=0 | rest=12
[REPAIR] name=[ChromeGO-Merge] WARP {154} | fields=dialer-proxy
[REPAIR] name=[ChromeGO-Merge] United {155} | fields=up,down
[TEST] {141} tested=1/1 | kept=0 | rest=11
[TEST] {154} tested=1/1 | kept=1 | rest=10
[REPAIR] name=[ChromeGO-Merge] France {156} | fields=up,down
[REPAIR] name=[ChromeGO-Merge] United-4 {157} | fields=up,down
[TEST] {143} tested=1/1 | kept=0 | rest=9
[TEST] {147} tested=2/2 | kept=0 | rest=7
[REPAIR] name=[Free-clash-v2ray] hysteria {158} | fields=up,down
[TEST] {158} tested=1/1 | kept=0 | rest=6
[TEST] {151} tested=1/1 | kept=0 | rest=5
[TEST] {150} tested=1/1 | kept=0 | rest=4
[TEST] {155} tested=1/1 | kept=0 | rest=3
[TEST] {156} tested=1/1 | kept=0 | rest=2
[TEST] {157} tested=1/1 | kept=0 | rest=1
[TEST] {159} tested=1/1 | kept=0 | rest=0
[INFO] dropped=1 | [Epodonios] × 1
============================================================
[INFO] cap live | source=[免费节点2] | from=84 | to=50
[INFO] cap live | source=[免费节点8] | from=173 | to=50
[INFO] cap live | source=[Pawdroid-SR-APK] | from=368 | to=50
[INFO] cap live | source=[Free-clash-v2ray] | from=424 | to=50
[INFO] cap live | source=[V2rayclashfree-RSS] | from=75 | to=50
[INFO] cap live total | from=527 | to=400 | floor=5 | by=health_score
[INFO] cap live | reserved=104 | pool=423 | taken=296
============================================================
+------------------------------+--------+--------+------+--------+
| source                       |    raw | unique | live | capped |
+------------------------------+--------+--------+------+--------+
| [大FQ运动]                   |     14 |     14 |    2 |      2 |
+------------------------------+--------+--------+------+--------+
| [Pawdroid]                   |     22 |     21 |    1 |      1 |
+------------------------------+--------+--------+------+--------+
| [FreeV2-Base64]              |      2 |      2 |    2 |      2 |
+------------------------------+--------+--------+------+--------+
| [Bocchi2b-Base64]            |     35 |     35 |    0 |      0 |
+------------------------------+--------+--------+------+--------+
| [ChromeGO-Toolkit]           |     14 |     14 |    5 |      5 |
+------------------------------+--------+--------+------+--------+
| [ChromeGO-ShiteThings]       |     31 |     25 |    1 |      1 |
+------------------------------+--------+--------+------+--------+
| [ChromeGO-Merge]             |    107 |    107 |    2 |      2 |
+------------------------------+--------+--------+------+--------+
| [Freesocks]                  |      1 |      1 |    0 |      0 |
+------------------------------+--------+--------+------+--------+
| [NekoWarp]                   |     10 |     10 |   10 |     10 |
+------------------------------+--------+--------+------+--------+
| [1VPN-CRX]                   |     17 |     17 |   15 |      5 |
+------------------------------+--------+--------+------+--------+
| [OpenRunner-RSS]             |     14 |     11 |    0 |      0 |
+------------------------------+--------+--------+------+--------+
| [V2Rayshare-RSS]             |     22 |     22 |    1 |      1 |
+------------------------------+--------+--------+------+--------+
| [Mibei77-RSS]                |    110 |     95 |    3 |      3 |
+------------------------------+--------+--------+------+--------+
| [Yoyapai-RSS]                |    226 |    200 |    5 |      5 |
+------------------------------+--------+--------+------+--------+
| [免费节点1]                  |    169 |    157 |   10 |      5 |
+------------------------------+--------+--------+------+--------+
| [免费节点2]                  |    310 |    272 |   84 |     38 |
+------------------------------+--------+--------+------+--------+
| [免费节点3]                  |     27 |     16 |   12 |      7 |
+------------------------------+--------+--------+------+--------+
| [免费节点4]                  |    749 |    714 |   38 |     31 |
+------------------------------+--------+--------+------+--------+
| [免费节点5]                  |     29 |     28 |    0 |      0 |
+------------------------------+--------+--------+------+--------+
| [免费节点6]                  |   1653 |   1601 |   35 |     24 |
+------------------------------+--------+--------+------+--------+
| [免费节点7]                  |     64 |     27 |    2 |      2 |
+------------------------------+--------+--------+------+--------+
| [免费节点8]                  |   4219 |   3360 |  173 |     50 |
+------------------------------+--------+--------+------+--------+
| [免费节点9]                  |    615 |    457 |    0 |      0 |
+------------------------------+--------+--------+------+--------+
| [免费节点10]                 |   5478 |   3097 |   15 |      6 |
+------------------------------+--------+--------+------+--------+
| [免费节点11]                 |    497 |    298 |   28 |     16 |
+------------------------------+--------+--------+------+--------+
| [Pawdroid-SR-APK]            |   1175 |    832 |  368 |     50 |
+------------------------------+--------+--------+------+--------+
| [Pawdroid-SS-APK]            |   1485 |    897 |   27 |     13 |
+------------------------------+--------+--------+------+--------+
| [Clashfree]                  |    181 |     52 |   24 |     11 |
+------------------------------+--------+--------+------+--------+
| [Epodonios]                  |   4399 |   2689 |   39 |     13 |
+------------------------------+--------+--------+------+--------+
| [Free-clash-v2ray]           |   5220 |   2909 |  424 |     50 |
+------------------------------+--------+--------+------+--------+
| [V2rayclashfree-RSS]         |    946 |    107 |   75 |     47 |
+------------------------------+--------+--------+------+--------+
============================================================
[SUMMARY] total_nodes=27841
[SUMMARY] legal_candidates=18087
[SUMMARY] passed_latency_test=400
[SUMMARY] region_HK=3 | region_JP=13 | region_US=144
[SUMMARY] avg_latency_ms=284.18
[SUMMARY] output=/home/runner/work/Free-node-autotest/Free-node-autotest/output/clash.yaml
============================================================
