============================================================
[INFO] sublink try page: https://end-gfw.com
[OK] proxies=2 new=2 url=https://raw.githubusercontent.com/hello-world-1989/cn-news/refs/heads/main/clash.yaml
[OK] proxies=2 new=0 url=https://raw.githubusercontent.com/hello-world-1989/cn-news/main/end-gfw-together
[OK] proxies=2 new=2 url=https://raw.githubusercontent.com/hello-world-1989/cn-news/main/end-gfw-together-ss
[INFO] source try url: https://end-gfw.com/ss-key
[OK] proxies=4 new=4 url=https://end-gfw.com/ss-key
[INFO] sublink try repo: https://github.com/hello-world-1989/cn-news
[INFO] sublink try page: https://raw.githubusercontent.com/hello-world-1989/cn-news/main/README.md
[OK] proxies=6 new=6 url=https://raw.githubusercontent.com/hello-world-1989/v2-sub/main/end-gfw-together-af3e13
[OK] proxies=14 source=[大FQ运动] url=https://raw.githubusercontent.com/hello-world-1989/cn-news/main/README.md
============================================================
[INFO] sublink try repo: https://github.com/Pawdroid/Free-servers
[INFO] sublink try page: https://raw.githubusercontent.com/Pawdroid/Free-servers/main/README.md
[OK] proxies=11 new=11 url=https://raw.githubusercontent.com/Pawdroid/Free-servers/main/README.md
[OK] proxies=11 new=0 url=https://raw.githubusercontent.com/Pawdroid/Free-servers/main/sub
[OK] proxies=1 new=1 url=https://apps.apple.com/cn/app/shadowshare/id1612647259
[OK] proxies=12 source=[Pawdroid] url=https://raw.githubusercontent.com/Pawdroid/Free-servers/main/README.md
============================================================
[INFO] source try url: https://xmxosfepggzm.503403.xyz
[OK] proxies=2 new=2 url=https://xmxosfepggzm.503403.xyz
[OK] proxies=2 source=[FreeV2-Base64] url=https://xmxosfepggzm.503403.xyz
============================================================
[INFO] source try url: https://links.bocchi2b.top/clash
[OK] proxies=35 new=35 url=https://links.bocchi2b.top/clash
[OK] proxies=35 source=[Bocchi2b-Base64] url=https://links.bocchi2b.top/clash
============================================================
[INFO] toolkit try repo: https://github.com/bannedbook/fanqiang
[INFO] toolkit try release: https://github.com/bannedbook/fanqiang/releases
[INFO] toolkit try release: https://github.com/bannedbook/fanqiang/releases/expanded_assets/ChromeGo-latest
[INFO] toolkit try download: https://github.com/bannedbook/fanqiang/releases/download/ChromeGo-latest/ChromeGo.7z
[OK] toolkit downloaded: ChromeGo.7z bytes=100924352
[OK] toolkit extracted archive=ChromeGo.7z tool=7z files=222 dirs=45
[OK] toolkit discovered subs=107 embedded=12 archive=ChromeGo.7z
[OK] proxies=6 new=6 embedded=archive-config
[OK] proxies=7 new=5 url=https://gitlab.com/free9999/ipupdate/master/backup/img/1/2/{ipp|ip}/{hysteria2|singbox|naiveproxy|hysteria|xray}/{2|3|1|4}/config.json
[OK] proxies=7 new=0 url=https://www.67867867.xyz/Alvin9999/PAC/refs/heads/master/backup/img/1/2/{ipp|ip}/{hysteria2|singbox|naiveproxy|hysteria|xray}/{2|3|1|4}/config.json
[OK] proxies=3 new=3 url=https://gitlab.com/free9999/ipupdate/master/backup/img/1/2/{ipp|ip}/clash.meta2/{2|3|1|5|4|6}/config.yaml
[OK] proxies=3 new=0 url=https://www.67867867.xyz/Alvin9999/PAC/refs/heads/master/backup/img/1/2/{ipp|ip}/clash.meta2/{2|3|1|5|4|6}/config.yaml
[OK] proxies=14 source=[ChromeGO-Toolkit] url=https://github.com/bannedbook/fanqiang/releases/download/ChromeGo-latest/ChromeGo.7z
============================================================
[INFO] sublink try repo: https://github.com/ShiteThings/extractNodes
[INFO] sublink try page: https://raw.githubusercontent.com/ShiteThings/extractNodes/main/README.md
[OK] proxies=31 new=30 url=https://{chg26.makou.cc.cd|chg64.makou.cc.cd}
[OK] proxies=26 new=1 url=https://chg26.makou.cc.cd/sb
[OK] proxies=31 source=[ChromeGO-ShiteThings] url=https://raw.githubusercontent.com/ShiteThings/extractNodes/main/README.md
============================================================
[INFO] sublink try repo: https://github.com/shangui999/chromego_merge
[INFO] sublink try page: https://raw.githubusercontent.com/shangui999/chromego_merge/master/ReadMe.md
[OK] proxies=10 new=10 url=https://freedman.netlify.app/sub/merged_proxies_new.yaml
[OK] proxies=11 new=1 url=https://freedman.netlify.app/sub/merged_warp_proxies_new.yaml
[OK] proxies=11 new=6 url=https://freedman.netlify.app/sub/shadowrocket_base64.txt
[OK] proxies=16 new=16 url=https://freedman.netlify.app/sub/sb.json
[INFO] sublink try repo: https://github.com/yaney01/chromego
[INFO] sublink try page: https://raw.githubusercontent.com/yaney01/chromego/main/ReadMe.md
[OK] proxies=50 new=46 url=https://raw.githubusercontent.com/yaney01/chromego/main/sub/merged_proxies_new.yaml
[OK] proxies=51 new=0 url=https://raw.githubusercontent.com/yaney01/chromego/main/sub/merged_warp_proxies_new.yaml
[OK] proxies=13 new=7 url=https://raw.githubusercontent.com/yaney01/chromego/main/sub/shadowrocket_base64.txt
[OK] proxies=13 new=0 url=https://raw.githubusercontent.com/yaney01/chromego/main/sub/sb.json
[INFO] sublink try repo: https://github.com/Misaka-blog/chromego_merge
[INFO] sublink try page: https://raw.githubusercontent.com/Misaka-blog/chromego_merge/main/README.md
[OK] proxies=25 new=25 url=https://chromego-sub.netlify.app/sub/merged_proxies_new.yaml
[OK] proxies=111 source=[ChromeGO-Merge] url=https://raw.githubusercontent.com/Misaka-blog/chromego_merge/main/README.md
============================================================
[INFO] source try url: https://freesocks.org/api/v1/sub/02b897e8e77f19176b0b9f2c75864b00
[OK] proxies=3 new=3 url=https://freesocks.org/api/v1/sub/02b897e8e77f19176b0b9f2c75864b00
[OK] proxies=3 source=[Freesocks] url=https://freesocks.org/api/v1/sub/02b897e8e77f19176b0b9f2c75864b00
============================================================
[INFO] source try url: https://neko-warp.nloli.xyz/neko_warp.yaml
[OK] proxies=10 new=10 url=https://neko-warp.nloli.xyz/neko_warp.yaml
[OK] proxies=10 source=[NekoWarp] url=https://neko-warp.nloli.xyz/neko_warp.yaml
============================================================
[INFO] article try feed: https://free.datiya.com/index.xml
[INFO] sublink try page: https://free.datiya.com/post/20260916/
[OK] proxies=14 new=14 url=https://free.datiya.com/uploads/20260916-clash.yaml
[OK] proxies=14 source=[OpenRunner-RSS] url=https://free.datiya.com/post/20260916/
============================================================
[INFO] article try feed: https://v2rayshare.com/feed
[INFO] sublink try page: https://v2rayshare.net/p/5065.html
[OK] proxies=27 new=27 url=https://static.v2rayshare.net/2026/09/20260915.txt
[OK] proxies=27 new=0 url=https://static.v2rayshare.net/2026/09/20260915.yaml
[OK] proxies=27 new=0 url=https://static.v2rayshare.net/2026/09/m20260915.yaml
[INFO] sublink try repo: https://github.com/firefoxmmx2/v2rayshare_subcription
[INFO] sublink try page: https://raw.githubusercontent.com/firefoxmmx2/v2rayshare_subcription/main/README.md
[OK] proxies=27 new=0 url=https://{raw.githubusercontent.com|cdn.jsdelivr.net}/firefoxmmx2/v2rayshare_subcription/main/subscription/vray_sub.txt
[OK] proxies=27 new=0 url=https://{raw.githubusercontent.com|cdn.jsdelivr.net}/firefoxmmx2/v2rayshare_subcription/main/subscription/clash_sub.yaml
[OK] proxies=27 new=0 url=https://{raw.githubusercontent.com|cdn.jsdelivr.net}/firefoxmmx2/v2rayshare_subcription/main/subscription/mihomo_sub.yaml
[OK] proxies=27 source=[V2Rayshare-RSS] url=https://raw.githubusercontent.com/firefoxmmx2/v2rayshare_subcription/main/README.md
============================================================
[INFO] article try feed: https://www.mibei77.com/feed
[INFO] sublink try page: https://www.mibei77.com/671.html
[OK] proxies=121 new=121 url=https://mm.mibei77.com/202609/09.1564bavfg.txt
[OK] proxies=119 new=0 url=https://mm.mibei77.com/202609/0915Clashimc.yaml
[OK] proxies=121 source=[Mibei77-RSS] url=https://www.mibei77.com/671.html
============================================================
[INFO] article try feed: https://yoyapai.com/feed
[INFO] sublink try page: https://yoyapai.com/718
[OK] proxies=1 new=1 url=https://yoyapai.com/718
[OK] proxies=211 new=211 url=https://freenode.yoyapai.com/2026/09/15-yoyapai.com-clash-vpn-mianfeijiedian.yaml
[OK] proxies=211 new=0 url=https://freenode.yoyapai.com/2026/09/15-yoyapai.com-ssrv2ray-vpn-mianfeijiedian.txt
[OK] proxies=212 source=[Yoyapai-RSS] url=https://yoyapai.com/718
============================================================
[INFO] sublink try repo: https://github.com/free18/v2ray
[INFO] sublink try page: https://raw.githubusercontent.com/free18/v2ray/main/README.md
[OK] proxies=3 new=3 url=https://raw.githubusercontent.com/free18/v2ray/main/README.md
[OK] proxies=358 new=358 url=https://ghfast.top/https://raw.githubusercontent.com/free18/v2ray/refs/heads/main/v.txt
[OK] proxies=358 new=0 url=https://ghfast.top/https://raw.githubusercontent.com/free18/v2ray/refs/heads/main/c.yaml
[OK] proxies=361 source=[免费节点1] url=https://raw.githubusercontent.com/free18/v2ray/main/README.md
============================================================
[INFO] sublink try repo: https://github.com/ermaozi/get_subscribe
[INFO] sublink try page: https://raw.githubusercontent.com/ermaozi/get_subscribe/main/README.md
[INFO] sublink file_nodes=0 bare links=9
[OK] proxies=403 new=403 url=https://www.ermao.net/sub/{clash|v2ray}/ermao.net
[OK] proxies=403 new=0 url=https://www.ermao.net/sub/{reachable|unreachable|untested}/clash/ermao.net
[OK] proxies=403 source=[免费节点2] url=https://raw.githubusercontent.com/ermaozi/get_subscribe/main/README.md
============================================================
[INFO] sublink try repo: https://github.com/sunmiao4458/free-proxy-airport
[INFO] sublink try page: https://raw.githubusercontent.com/sunmiao4458/free-proxy-airport/main/README.md
[OK] proxies=31 new=31 url=https://sunmiao4458.github.io/free-proxy-airport/clash.yaml
[OK] proxies=31 source=[免费节点3] url=https://raw.githubusercontent.com/sunmiao4458/free-proxy-airport/main/README.md
============================================================
[INFO] sublink try repo: https://github.com/mfuu/FreeProxies
[INFO] sublink try page: https://raw.githubusercontent.com/mfuu/FreeProxies/master/README.md
[OK] proxies=837 new=837 url=https://raw.githubusercontent.com/mfuu/FreeProxies/master/sub.yaml
[OK] proxies=837 source=[免费节点4] url=https://raw.githubusercontent.com/mfuu/FreeProxies/master/README.md
============================================================
[INFO] sublink try repo: https://github.com/vxiaov/free_proxies
[INFO] sublink try page: https://raw.githubusercontent.com/vxiaov/free_proxies/main/README.md
[OK] proxies=1 new=1 url=https://raw.githubusercontent.com/vxiaov/free_proxies/main/README.md
[OK] proxies=28 new=28 url=https://{cdn.jsdelivr.net|raw.githubusercontent.com}/vxiaov/free_proxies/main/clash/clash.provider.yaml
[OK] proxies=29 source=[免费节点5] url=https://raw.githubusercontent.com/vxiaov/free_proxies/main/README.md
============================================================
[INFO] sublink try repo: https://github.com/anaer/Sub
[INFO] sublink try page: https://raw.githubusercontent.com/anaer/Sub/main/README.MD
[OK] proxies=1103 new=1103 url=https://anaer.github.io/Sub/clash.yaml
[OK] proxies=1103 new=0 url=https://raw.githubusercontent.com/anaer/Sub/main/clash.yaml
[OK] proxies=1103 source=[免费节点6] url=https://raw.githubusercontent.com/anaer/Sub/main/README.MD
============================================================
[INFO] sublink try repo: https://github.com/snakem982/proxypool
[INFO] sublink try page: https://raw.githubusercontent.com/snakem982/proxypool/main/README.md
[OK] proxies=64 new=64 url=https://raw.githubusercontent.com/snakem982/proxypool/main/source/clash-meta-2.yaml
[OK] proxies=64 new=0 url=https://raw.githubusercontent.com/snakem982/proxypool/main/source/v2ray-2.txt
[OK] proxies=63 new=0 url=https://raw.githubusercontent.com/snakem982/proxypool/main/source/sing-box-2.json
[OK] proxies=64 source=[免费节点7] url=https://raw.githubusercontent.com/snakem982/proxypool/main/README.md
============================================================
[INFO] sublink try repo: https://github.com/mahdibland/V2RayAggregator
[INFO] sublink try page: https://raw.githubusercontent.com/mahdibland/V2RayAggregator/master/README.md
[OK] proxies=378 new=378 url=https://raw.githubusercontent.com/mahdibland/V2RayAggregator/master/README.md
[OK] proxies=1 new=1 url=https://github.com/mahdibland/SSAggregator/actions/workflows/Collector.yml
[OK] proxies=1 new=0 url=https://github.com/mahdibland/SSAggregator/actions/workflows/Airport_Collector.yml
[OK] proxies=196 new=0 url=https://raw.githubusercontent.com/mahdibland/ShadowsocksAggregator/master/Eternity.txt
[OK] proxies=197 new=1 url=https://raw.githubusercontent.com/mahdibland/ShadowsocksAggregator/master/Eternity.yml
[OK] proxies=61 new=61 url=https://raw.githubusercontent.com/mahdibland/ShadowsocksAggregator/master/EternityAir.txt
[OK] proxies=3844 new=3560 url=https://raw.githubusercontent.com/mahdibland/SSAggregator/master/sub/sub_merge_base64.txt
[OK] proxies=3844 new=0 url=https://raw.githubusercontent.com/mahdibland/{SSAggregator|ShadowsocksAggregator}/master/sub/sub_merge.txt
[OK] proxies=3974 new=173 url=https://raw.githubusercontent.com/mahdibland/SSAggregator/master/sub/sub_merge_yaml.yml
[OK] proxies=61 new=0 url=https://raw.githubusercontent.com/mahdibland/SSAggregator/master/sub/airport_merge_base64.txt
[OK] proxies=61 new=0 url=https://raw.githubusercontent.com/mahdibland/SSAggregator/master/sub/airport_sub_merge.txt
[OK] proxies=1363 new=0 url=https://raw.githubusercontent.com/mahdibland/ShadowsocksAggregator/master/sub/splitted/vmess.txt
[OK] proxies=617 new=0 url=https://raw.githubusercontent.com/mahdibland/ShadowsocksAggregator/master/sub/splitted/trojan.txt
[OK] proxies=43 new=0 url=https://raw.githubusercontent.com/mahdibland/ShadowsocksAggregator/master/sub/splitted/ssr.txt
[OK] proxies=1821 new=0 url=https://raw.githubusercontent.com/mahdibland/ShadowsocksAggregator/master/sub/splitted/ss.txt
[OK] proxies=1 new=0 url=https://cdn.jsdelivr.net/gh/mahdibland/V2RayAggregator@master/update/provider/provider-meta.yml
[OK] proxies=1 new=0 url=https://cdn.jsdelivr.net/gh/mahdibland/V2RayAggregator@master/update/provider/provider-meta-cn.yml
[OK] proxies=1 new=0 url=https://cdn.jsdelivr.net/gh/mahdibland/V2RayAggregator@master/update/provider/provider-meta-others.yml
[OK] proxies=1 new=0 url=https://cdn.jsdelivr.net/gh/mahdibland/V2RayAggregator@master/update/provider/provider.yml
[OK] proxies=1 new=0 url=https://cdn.jsdelivr.net/gh/mahdibland/V2RayAggregator@master/update/provider/provider-cn.yml
[OK] proxies=1 new=0 url=https://cdn.jsdelivr.net/gh/mahdibland/V2RayAggregator@master/update/provider/provider-others.yml
[OK] proxies=4174 source=[免费节点8] url=https://raw.githubusercontent.com/mahdibland/V2RayAggregator/master/README.md
============================================================
[INFO] sublink try repo: https://github.com/w1770946466/Auto_proxy
[INFO] sublink try page: https://raw.githubusercontent.com/w1770946466/Auto_proxy/main/README.md
[OK] proxies=1 new=1 url=https://github.com/w1770946466/Auto_proxy/actions/workflows/main.yml
[OK] proxies=245 new=245 url=https://raw.githubusercontent.com/w1770946466/Auto_proxy/main/{Long_term_subscription2.yaml|Long_term_subscription1.yaml|Long_term_subscription3.yaml}
[OK] proxies=489 new=54 url=https://raw.githubusercontent.com/w1770946466/Auto_proxy/main/{Long_term_subscription1|Long_term_subscription2|Long_term_subscription3|Long_term_subscription4|Long_term_subscription5|Long_term_subscription6|Long_term_subscription7|Long_term_subscription8}
[OK] proxies=489 new=315 url=https://raw.githubusercontent.com/w1770946466/Auto_proxy/main/Long_term_subscription_num
[OK] proxies=615 source=[免费节点9] url=https://raw.githubusercontent.com/w1770946466/Auto_proxy/main/README.md
============================================================
[INFO] sublink try repo: https://github.com/PuddinCat/BestClash
[INFO] sublink try page: https://raw.githubusercontent.com/PuddinCat/BestClash/main/README.md
[OK] proxies=16 new=16 url=https://raw.githubusercontent.com/PuddinCat/BestClash/main/proxies.yaml
[OK] proxies=28 new=28 url=https://cdn.jsdelivr.net/gh/vxiaov/free_proxies@main/clash/clash.provider.yaml
[OK] proxies=24 new=24 url=https://freenode.openrunner.net/uploads/20240807-clash.yaml
[OK] proxies=25 new=25 url=https://raw.githubusercontent.com/Misaka-blog/chromego_merge/main/sub/merged_proxies_new.yaml
[OK] proxies=4241 new=4229 url=https://raw.githubusercontent.com/{NiceVPN123|anaer}/{NiceVPN|Sub}/main/{Clash.yaml|clash.yaml}
[OK] proxies=25 new=1 url=https://raw.githubusercontent.com/{chengaopan|peasoft}/{AutoMergePublicNodes|NoMoreWalls}/master/list.yml
[OK] proxies=403 new=369 url=https://raw.githubusercontent.com/{ermaozi|ermaozi01}/{get_subscribe|free_clash_vpn}/main/subscribe/clash.yml
[OK] proxies=197 new=184 url=https://raw.githubusercontent.com/mahdibland/ShadowsocksAggregator/master/Eternity.yml
[OK] proxies=165 new=160 url=https://raw.githubusercontent.com/ronghuaxueleng/get_v2/main/pub/combine.yaml
[OK] proxies=144 new=3 url=https://raw.githubusercontent.com/zhangkaiitugithub/passcro/main/speednodes.yaml
[OK] proxies=5039 source=[免费节点10] url=https://raw.githubusercontent.com/PuddinCat/BestClash/main/README.md
============================================================
[INFO] sublink try repo: https://github.com/kooker/FreeSubsCheck
[INFO] sublink try page: https://raw.githubusercontent.com/kooker/FreeSubsCheck/main/README.md
[OK] proxies=6 new=6 url=https://raw.githubusercontent.com/kooker/FreeSubsCheck/main/mihomo.yaml
[OK] proxies=6 new=0 url=https://raw.githubusercontent.com/kooker/FreeSubsCheck/main/all.yaml
[OK] proxies=3 new=0 url=https://raw.githubusercontent.com/kooker/FreeSubsCheck/main/base64.txt
[OK] proxies=8 new=7 url=https://raw.githubusercontent.com/kooker/FreeSubsCheck/main/byxiaoxi.txt
[OK] proxies=405 new=403 url=https://raw.githubusercontent.com/kooker/FreeSubsCheck/main/kooker.jp.txt
[OK] proxies=416 source=[免费节点11] url=https://raw.githubusercontent.com/kooker/FreeSubsCheck/main/README.md
============================================================
[INFO] toolkit try repo: https://github.com/Pawdroid/shadowrocket_for_android
[INFO] toolkit try release: https://github.com/Pawdroid/shadowrocket_for_android/releases
[INFO] toolkit try release: https://github.com/Pawdroid/shadowrocket_for_android/releases/expanded_assets/10.10.51
[INFO] toolkit try download: https://github.com/Pawdroid/shadowrocket_for_android/releases/download/10.10.51/Shadowrocket_10.10.51_shadowrocketStandard_arm64-v8a.apk
[OK] toolkit downloaded: Shadowrocket_10.10.51_shadowrocketStandard_arm64-v8a.apk bytes=41111539
[OK] toolkit extracted archive=Shadowrocket_10.10.51_shadowrocketStandard_arm64-v8a.apk tool=zipfile files=1175 dirs=44
[OK] toolkit sr-apk scanned prefixes=36 files=6 keys=2 archive=Shadowrocket_10.10.51_shadowrocketStandard_arm64-v8a.apk
[OK] proxies=671 new=671 url=https://{cdn.jsdelivr.net|raw.githubusercontent.com}/pixelor/ecfg/main/data/ecfg6_zh
[OK] proxies=63 new=30 url=https://{cdn.jsdelivr.net|raw.githubusercontent.com}/pixelor/ecfg/main/data/ecfg6
[OK] proxies=671 new=0 url=https://{raw.githubusercontent.com|cdn.jsdelivr.net}/pixelor/ecfg/main/data/ecfg6_en
[OK] proxies=63 new=0 url=https://{files.shadowrockets.app|cdn.shadowrockets.app}/ecfg/data/ecfg6
[OK] proxies=583 new=0 url=https://{files.shadowrockets.app|cdn.shadowrockets.app}/ecfg/data/ecfg6_en
[OK] proxies=583 new=0 url=https://{files.shadowrockets.app|cdn.shadowrockets.app}/ecfg/data/ecfg6_zh
[OK] proxies=701 source=[Pawdroid-sr-apk] url=https://github.com/Pawdroid/shadowrocket_for_android/releases/download/10.10.51/Shadowrocket_10.10.51_shadowrocketStandard_arm64-v8a.apk
============================================================
[INFO] toolkit try page: https://shadowshare.v2cross.com
[INFO] toolkit try download: https://shadowshare.v2cross.com/shadowshare.apk
[OK] toolkit downloaded: shadowshare.apk bytes=62868122
[OK] toolkit extracted archive=shadowshare.apk tool=zipfile files=612 dirs=39
[OK] toolkit ss-apk scanned prefixes=10 files=3 keys=1 archive=shadowshare.apk
[OK] proxies=1386 new=1386 url=https://{raw.githubusercontent.com|jsd.onmicrosoft.cn}/hideme9527/ecsfg/main/data/sareserver_en
[OK] proxies=171 new=68 url=https://{raw.githubusercontent.com|jsd.onmicrosoft.cn}/hideme9527/ecsfg/main/data/sareserver
[OK] proxies=171 new=0 url=https://{shadowsharing.com|sare.159236.xyz}/data/sareserver
[OK] proxies=1386 new=0 url=https://{shadowsharing.com|sare.159236.xyz}/data/sareserver_en
[OK] proxies=171 new=0 url=https://gitee.com/api/v5/repos/{elvenapp|guoyoucai1|zhiminghao}/ecsfg/raw/data/sareserver
[OK] proxies=1386 new=0 url=https://gitee.com/api/v5/repos/{zhiminghao|elvenapp|guoyoucai1}/ecsfg/raw/data/sareserver_en
[OK] proxies=1454 source=[Pawdroid-ss-apk] url=https://shadowshare.v2cross.com/shadowshare.apk
============================================================
[INFO] sublink try repo: https://github.com/free-nodes/clashfree
[INFO] sublink try page: https://raw.githubusercontent.com/free-nodes/clashfree/main/README.md
[OK] proxies=1377 new=1377 url=https://raw.githubusercontent.com/free-nodes/clashfree/main/README.md
[OK] proxies=1377 new=0 url=https://raw.githubusercontent.com/free-nodes/clashfree/main/clash20260916.yml
[OK] proxies=1 new=1 url=https://github.com/free-nodes/clashfree/blob/main/clash20260916.yml
[OK] proxies=1378 source=[Clashfree] url=https://raw.githubusercontent.com/free-nodes/clashfree/main/README.md
============================================================
[INFO] sublink try repo: https://github.com/Epodonios/v2ray-configs
[INFO] sublink try page: https://raw.githubusercontent.com/Epodonios/v2ray-configs/main/README.md
[OK] proxies=1 new=1 url=https://github.com/Epodonios/V2ray-Configs/actions/workflows/main.yml
[OK] proxies=4156 new=4156 url=https://github.com/Epodonios/v2ray-configs/raw/main/All_Configs_Sub.txt
[OK] proxies=4156 new=0 url=https://github.com/Epodonios/v2ray-configs/raw/main/All_Configs_base64_Sub.txt
[OK] proxies=3351 new=244 url=https://github.com/Epodonios/v2ray-configs/raw/main/Splitted-By-Protocol/vless.txt
[OK] proxies=173 new=15 url=https://github.com/Epodonios/v2ray-configs/raw/main/Splitted-By-Protocol/vmess.txt
[OK] proxies=421 new=35 url=https://github.com/Epodonios/v2ray-configs/raw/main/Splitted-By-Protocol/ss.txt
[OK] proxies=152 new=6 url=https://github.com/Epodonios/v2ray-configs/raw/main/Splitted-By-Protocol/trojan.txt
[OK] proxies=4156 new=0 url=https://raw.githubusercontent.com/Epodonios/v2ray-configs/main/{Sub1.txt|Sub2.txt|Sub3.txt|Sub4.txt|Sub5.txt|Sub6.txt|Sub7.txt|Sub8.txt|Sub9.txt}
[OK] proxies=4457 source=[Epodonios] url=https://raw.githubusercontent.com/Epodonios/v2ray-configs/main/README.md
============================================================
[INFO] sublink try repo: https://github.com/free-clash-v2ray/free-clash-v2ray.github.io
[INFO] sublink try page: https://raw.githubusercontent.com/free-clash-v2ray/free-clash-v2ray.github.io/main/README.md
[OK] proxies=2890 new=2890 url=https://free-clash-v2ray.github.io/uploads/2026/09/{0-20260913.yaml|1-20260913.yaml|2-20260913.yaml|3-20260913.yaml}
[OK] proxies=4384 new=1835 url=https://free-clash-v2ray.github.io/uploads/2026/09/{0-20260913.txt|1-20260913.txt|2-20260913.txt|3-20260913.txt|4-20260913.txt}
[OK] proxies=4725 source=[Free-clash-v2ray] url=https://raw.githubusercontent.com/free-clash-v2ray/free-clash-v2ray.github.io/main/README.md
============================================================
[INFO] article try page: https://v2rayclashfree.com
[INFO] sublink try page: https://v2rayclashfree.com/fn/20260916.html
[OK] proxies=1071 new=1071 url=https://v2rayclashfree.com/sub/20260916-v2ray.txt
[OK] proxies=859 new=273 url=https://v2rayclashfree.com/sub/20260916-clash.yaml
[OK] proxies=1344 source=[V2rayclashfree-RSS] url=https://v2rayclashfree.com/fn/20260916.html
============================================================
[INFO] raw backup written path=/home/runner/work/Free-node-autotest/Free-node-autotest/output/raw.yaml proxies=27739
[INFO] toolkit try repo: https://github.com/MetaCubeX/mihomo
[INFO] toolkit try release: https://github.com/MetaCubeX/mihomo/releases
[INFO] toolkit try release: https://github.com/MetaCubeX/mihomo/releases/expanded_assets/v1.19.31
[INFO] toolkit try download: https://github.com/MetaCubeX/mihomo/releases/download/v1.19.31/mihomo-linux-amd64-compatible-v1.19.31.gz
[OK] toolkit downloaded: mihomo-linux-amd64-compatible-v1.19.31.gz bytes=22821836
[OK] toolkit sha256 verified: mihomo-linux-amd64-compatible-v1.19.31.gz sha256=04cf9f09671704f839ddbee2e93069dc831a4123a75281e725d1d96ab9ac1afc
[OK] proxy engine ready: starting latency test package=mihomo-linux-amd64-compatible-v1.19.31.gz
============================================================
[WARN] batch start failed size=17643 {1} split -> 8821 {2} + 8822 {3}
[WARN] batch start failed size=8821 {2} split -> 4410 {4} + 4411 {5}
[WARN] batch start failed size=8822 {3} split -> 4411 {6} + 4411 {7}
[WARN] batch start failed size=4410 {4} split -> 2205 {8} + 2205 {9}
[WARN] batch start failed size=4411 {7} split -> 2205 {10} + 2206 {11}
[INFO] {5} tested 100/4411 kept=0 rest=17543
[WARN] batch start failed size=2205 {8} split -> 1102 {12} + 1103 {13}
[WARN] batch start failed size=4411 {6} split -> 2205 {14} + 2206 {15}
[INFO] {5} tested 200/4411 kept=0 rest=17443
[INFO] {9} tested 100/2205 kept=1 rest=17323
[WARN] batch start failed size=2206 {11} split -> 1103 {16} + 1103 {17}
[INFO] {9} tested 200/2205 kept=7 rest=17223
[WARN] batch start failed size=2205 {10} split -> 1102 {18} + 1103 {19}
[INFO] {5} tested 300/4411 kept=1 rest=17056
[WARN] batch start failed size=1102 {12} split -> 551 {20} + 551 {21}
[INFO] {9} tested 300/2205 kept=9 rest=16951
[INFO] {9} tested 400/2205 kept=9 rest=16823
[INFO] {5} tested 400/4411 kept=19 rest=16745
[INFO] {5} tested 500/4411 kept=65 rest=16642
[INFO] {5} tested 600/4411 kept=122 rest=16541
[INFO] {13} tested 100/1103 kept=27 rest=16488
[INFO] {9} tested 500/2205 kept=13 rest=16353
[INFO] {9} tested 600/2205 kept=15 rest=16230
[INFO] {5} tested 700/4411 kept=122 rest=16070
[INFO] {9} tested 700/2205 kept=34 rest=16001
[INFO] {13} tested 200/1103 kept=32 rest=15999
[INFO] {13} tested 300/1103 kept=33 rest=15846
[INFO] {9} tested 800/2205 kept=67 rest=15789
[INFO] {5} tested 800/4411 kept=122 rest=15666
[INFO] {13} tested 400/1103 kept=42 rest=15517
[INFO] {9} tested 900/2205 kept=77 rest=15417
[INFO] {13} tested 500/1103 kept=71 rest=15300
[INFO] {9} tested 1000/2205 kept=77 rest=15266
[INFO] {5} tested 900/4411 kept=122 rest=15194
[INFO] {13} tested 600/1103 kept=72 rest=15031
[INFO] {9} tested 1100/2205 kept=77 rest=14925
[INFO] {13} tested 700/1103 kept=72 rest=14755
[INFO] {9} tested 1200/2205 kept=77 rest=14751
[INFO] {9} tested 1300/2205 kept=77 rest=14570
[INFO] {13} tested 800/1103 kept=84 rest=14495
[INFO] {5} tested 1000/4411 kept=122 rest=14462
[INFO] {5} tested 1100/4411 kept=122 rest=14331
[INFO] {13} tested 900/1103 kept=87 rest=14237
[INFO] {9} tested 1400/2205 kept=78 rest=14201
[INFO] {13} tested 1000/1103 kept=87 rest=14036
[INFO] {9} tested 1500/2205 kept=78 rest=14025
[INFO] {5} tested 1200/4411 kept=122 rest=13814
[INFO] {9} tested 1600/2205 kept=78 rest=13716
[INFO] {13} tested 1100/1103 kept=89 rest=13669
[INFO] {13} tested 1103/1103 kept=89 rest=13655
[INFO] {9} tested 1700/2205 kept=78 rest=13606
[WARN] batch start failed size=2205 {14} split -> 1102 {22} + 1103 {23}
[INFO] {5} tested 1300/4411 kept=122 rest=13531
[WARN] batch start failed size=2206 {15} split -> 1103 {24} + 1103 {25}
[INFO] {16} tested 100/1103 kept=29 rest=13305
[INFO] {16} tested 200/1103 kept=49 rest=13197
[INFO] {9} tested 1800/2205 kept=78 rest=13148
[INFO] {16} tested 300/1103 kept=92 rest=13083
[INFO] {16} tested 400/1103 kept=145 rest=12975
[INFO] {16} tested 500/1103 kept=186 rest=12865
[INFO] {16} tested 600/1103 kept=228 rest=12736
[INFO] {16} tested 700/1103 kept=244 rest=12618
[INFO] {5} tested 1400/4411 kept=122 rest=12599
[INFO] {16} tested 800/1103 kept=256 rest=12495
[INFO] {16} tested 900/1103 kept=263 rest=12376
[INFO] {16} tested 1000/1103 kept=265 rest=12255
[INFO] {9} tested 1900/2205 kept=78 rest=12100
[INFO] {5} tested 1500/4411 kept=122 rest=11947
[INFO] {9} tested 2000/2205 kept=78 rest=11925
[INFO] {16} tested 1100/1103 kept=268 rest=11877
[INFO] {16} tested 1103/1103 kept=268 rest=11859
[WARN] batch start failed size=1103 {17} split -> 551 {26} + 552 {27}
[WARN] batch start failed size=1103 {19} split -> 551 {28} + 552 {29}
[INFO] {9} tested 2100/2205 kept=78 rest=11738
[INFO] {5} tested 1600/4411 kept=122 rest=11731
[INFO] {18} tested 100/1102 kept=2 rest=11583
[INFO] {5} tested 1700/4411 kept=122 rest=11425
[INFO] {18} tested 200/1102 kept=7 rest=11389
[INFO] {9} tested 2200/2205 kept=78 rest=11217
[INFO] {9} tested 2205/2205 kept=78 rest=11211
[INFO] {18} tested 300/1102 kept=21 rest=11173
[WARN] batch start failed size=551 {20} split -> 275 {30} + 276 {31}
[INFO] {5} tested 1800/4411 kept=122 rest=11059
[INFO] {18} tested 400/1102 kept=21 rest=10993
[INFO] {5} tested 1900/4411 kept=122 rest=10897
[INFO] {18} tested 500/1102 kept=22 rest=10706
[INFO] {5} tested 2000/4411 kept=122 rest=10648
[INFO] {21} tested 100/551 kept=6 rest=10550
[INFO] {21} tested 200/551 kept=19 rest=10399
[INFO] {18} tested 600/1102 kept=22 rest=10370
[INFO] {5} tested 2100/4411 kept=122 rest=10222
[INFO] {5} tested 2200/4411 kept=122 rest=10107
[INFO] {5} tested 2300/4411 kept=122 rest=9991
[INFO] {18} tested 700/1102 kept=23 rest=9903
[INFO] {5} tested 2400/4411 kept=122 rest=9848
[INFO] {21} tested 300/551 kept=69 rest=9780
[INFO] {18} tested 800/1102 kept=24 rest=9621
[INFO] {21} tested 400/551 kept=108 rest=9498
[INFO] {18} tested 900/1102 kept=26 rest=9451
[INFO] {18} tested 1000/1102 kept=28 rest=9320
[INFO] {5} tested 2500/4411 kept=122 rest=9313
[INFO] {5} tested 2600/4411 kept=122 rest=9176
[INFO] {5} tested 2700/4411 kept=124 rest=9056
[INFO] {21} tested 500/551 kept=117 rest=8940
[INFO] {18} tested 1100/1102 kept=29 rest=8856
[INFO] {18} tested 1102/1102 kept=29 rest=8848
[INFO] {5} tested 2800/4411 kept=130 rest=8801
[INFO] {22} tested 100/1102 kept=0 rest=8629
[INFO] {21} tested 551/551 kept=119 rest=8540
[WARN] batch start failed size=1103 {23} split -> 551 {32} + 552 {33}
[WARN] batch start failed size=1103 {25} split -> 551 {34} + 552 {35}
[INFO] {5} tested 2900/4411 kept=130 rest=8493
[INFO] {24} tested 100/1103 kept=1 rest=8390
[INFO] {24} tested 200/1103 kept=4 rest=8283
[INFO] {22} tested 200/1102 kept=0 rest=8128
[INFO] {22} tested 300/1102 kept=0 rest=8012
[INFO] {5} tested 3000/4411 kept=131 rest=7936
[INFO] {22} tested 400/1102 kept=0 rest=7896
[INFO] {22} tested 500/1102 kept=0 rest=7774
[INFO] {22} tested 600/1102 kept=0 rest=7659
[INFO] {24} tested 300/1103 kept=23 rest=7579
[INFO] {5} tested 3100/4411 kept=132 rest=7509
[INFO] {24} tested 400/1103 kept=23 rest=7406
[INFO] {5} tested 3200/4411 kept=132 rest=7289
[INFO] {22} tested 700/1102 kept=0 rest=7175
[INFO] {24} tested 500/1103 kept=29 rest=7099
[INFO] {22} tested 800/1102 kept=0 rest=7021
[INFO] {22} tested 900/1102 kept=0 rest=6886
[INFO] {5} tested 3300/4411 kept=132 rest=6745
[INFO] {24} tested 600/1103 kept=45 rest=6695
[INFO] {5} tested 3400/4411 kept=132 rest=6528
[INFO] {24} tested 700/1103 kept=55 rest=6488
[INFO] {22} tested 1000/1102 kept=0 rest=6469
[INFO] {24} tested 800/1103 kept=70 rest=6188
[INFO] {5} tested 3500/4411 kept=132 rest=6177
[INFO] {24} tested 900/1103 kept=71 rest=6034
[INFO] {24} tested 1000/1103 kept=72 rest=5904
[INFO] {22} tested 1100/1102 kept=0 rest=5860
[INFO] {5} tested 3600/4411 kept=132 rest=5854
[INFO] {22} tested 1102/1102 kept=0 rest=5852
[INFO] {26} tested 100/551 kept=0 rest=5610
[INFO] {26} tested 200/551 kept=3 rest=5510
[INFO] {26} tested 300/551 kept=5 rest=5408
[INFO] {26} tested 400/551 kept=26 rest=5306
[INFO] {26} tested 500/551 kept=61 rest=5201
[INFO] {5} tested 3700/4411 kept=132 rest=5168
[INFO] {24} tested 1100/1103 kept=82 rest=5154
[INFO] {24} tested 1103/1103 kept=82 rest=5123
[WARN] batch start failed size=552 {27} split -> 276 {36} + 276 {37}
[INFO] {5} tested 3800/4411 kept=133 rest=5063
[WARN] batch start failed size=552 {29} split -> 276 {38} + 276 {39}
[INFO] {26} tested 551/551 kept=69 rest=5014
[WARN] batch start failed size=275 {30} split -> 137 {40} + 138 {41}
[INFO] {28} tested 100/551 kept=3 rest=4910
[INFO] {28} tested 200/551 kept=5 rest=4809
[INFO] {31} tested 100/276 kept=1 rest=4664
[INFO] {31} tested 200/276 kept=5 rest=4482
[INFO] {5} tested 3900/4411 kept=133 rest=4438
[INFO] {28} tested 300/551 kept=7 rest=4375
[INFO] {28} tested 400/551 kept=8 rest=4257
[INFO] {28} tested 500/551 kept=16 rest=4151
[INFO] {31} tested 276/276 kept=7 rest=4064
[INFO] {5} tested 4000/4411 kept=134 rest=4041
[INFO] {5} tested 4100/4411 kept=136 rest=3935
[INFO] {32} tested 100/551 kept=0 rest=3832
[INFO] {5} tested 4200/4411 kept=136 rest=3684
[INFO] {28} tested 551/551 kept=17 rest=3629
[WARN] batch start failed size=552 {33} split -> 276 {42} + 276 {43}
[INFO] {5} tested 4300/4411 kept=136 rest=3548
[WARN] batch start failed size=551 {34} split -> 275 {44} + 276 {45}
[INFO] {32} tested 200/551 kept=1 rest=3451
[INFO] {32} tested 300/551 kept=5 rest=3343
[INFO] {35} tested 100/552 kept=3 rest=3166
[INFO] {35} tested 200/552 kept=9 rest=3043
[INFO] {5} tested 4400/4411 kept=136 rest=2952
[INFO] {5} tested 4411/4411 kept=136 rest=2934
[INFO] {32} tested 400/551 kept=28 rest=2924
[WARN] batch start failed size=276 {36} split -> 138 {46} + 138 {47}
[INFO] {35} tested 300/552 kept=9 rest=2800
[INFO] {32} tested 500/551 kept=43 rest=2757
[WARN] batch start failed size=276 {37} split -> 138 {48} + 138 {49}
[INFO] {35} tested 400/552 kept=10 rest=2666
[WARN] batch start failed size=276 {38} split -> 138 {50} + 138 {51}
[INFO] {35} tested 500/552 kept=11 rest=2560
[WARN] batch start failed size=276 {39} split -> 138 {52} + 138 {53}
[WARN] batch start failed size=137 {40} split -> 68 {54} + 69 {55}
[WARN] batch start failed size=138 {41} split -> 69 {56} + 69 {57}
[INFO] {42} tested 100/276 kept=86 rest=2429
[INFO] {32} tested 551/551 kept=53 rest=2322
[INFO] {42} tested 200/276 kept=157 rest=2312
[WARN] batch start failed size=276 {43} split -> 138 {58} + 138 {59}
[INFO] {35} tested 552/552 kept=11 rest=2222
[WARN] batch start failed size=276 {45} split -> 138 {60} + 138 {61}
[WARN] batch start failed size=138 {46} split -> 69 {62} + 69 {63}
[WARN] batch start failed size=275 {44} split -> 137 {64} + 138 {65}
[WARN] batch start failed size=69 {62} split -> 34 {66} + 35 {67}
[INFO] {47} tested 100/138 kept=69 rest=2086
[INFO] {49} tested 100/138 kept=89 rest=2001
[INFO] {42} tested 276/276 kept=217 rest=1972
[WARN] batch start failed size=138 {51} split -> 69 {68} + 69 {69}
[INFO] {50} tested 100/138 kept=0 rest=1866
[INFO] {47} tested 138/138 kept=85 rest=1830
[WARN] batch start failed size=138 {52} split -> 69 {70} + 69 {71}
[INFO] {49} tested 138/138 kept=110 rest=1815
[WARN] batch start failed size=69 {55} split -> 34 {72} + 35 {73}
[INFO] {53} tested 100/138 kept=5 rest=1714
[INFO] {50} tested 138/138 kept=1 rest=1635
[INFO] {53} tested 138/138 kept=27 rest=1634
[WARN] batch start failed size=69 {56} split -> 34 {74} + 35 {75}
[WARN] batch start failed size=138 {58} split -> 69 {76} + 69 {77}
[INFO] {59} tested 100/138 kept=2 rest=1485
[INFO] {54} tested 68/68 kept=7 rest=1412
[WARN] batch start failed size=138 {60} split -> 69 {78} + 69 {79}
[INFO] {57} tested 69/69 kept=18 rest=1310
[WARN] batch start failed size=138 {48} split -> 69 {80} + 69 {81}
[INFO] {64} tested 100/137 kept=0 rest=1185
[INFO] {59} tested 138/138 kept=6 rest=1175
[INFO] {61} tested 100/138 kept=6 rest=1088
[INFO] {61} tested 138/138 kept=6 rest=1050
[WARN] batch start failed size=138 {65} split -> 69 {82} + 69 {83}
[WARN] batch start failed size=34 {66} split -> 17 {84} + 17 {85}
[INFO] {64} tested 137/137 kept=4 rest=1020
[INFO] {63} tested 69/69 kept=53 rest=968
[WARN] batch start failed size=69 {69} split -> 34 {86} + 35 {87}
[INFO] {67} tested 35/35 kept=32 rest=945
[WARN] batch start failed size=69 {70} split -> 34 {88} + 35 {89}
[WARN] batch start failed size=34 {72} split -> 17 {90} + 17 {91}
[INFO] {71} tested 69/69 kept=3 rest=874
[WARN] batch start failed size=35 {73} split -> 17 {92} + 18 {93}
[WARN] batch start failed size=35 {75} split -> 17 {94} + 18 {95}
[INFO] {68} tested 69/69 kept=1 rest=776
[WARN] batch start failed size=69 {77} split -> 34 {96} + 35 {97}
[INFO] {74} tested 34/34 kept=0 rest=750
[WARN] batch start failed size=69 {79} split -> 34 {98} + 35 {99}
[WARN] batch start failed size=69 {80} split -> 34 {100} + 35 {101}
[INFO] {76} tested 69/69 kept=45 rest=742
[INFO] {78} tested 69/69 kept=4 rest=583
[WARN] batch start failed size=69 {83} split -> 34 {102} + 35 {103}
[INFO] {85} tested 17/17 kept=14 rest=564
[INFO] {81} tested 69/69 kept=35 rest=550
[WARN] batch start failed size=17 {84} split -> 8 {104} + 9 {105}
[WARN] batch start failed size=35 {87} split -> 17 {106} + 18 {107}
[WARN] batch start failed size=34 {88} split -> 17 {108} + 17 {109}
[INFO] {82} tested 69/69 kept=11 rest=526
[INFO] {86} tested 34/34 kept=1 rest=459
[WARN] batch start failed size=17 {91} split -> 8 {110} + 9 {111}
[INFO] {89} tested 35/35 kept=5 rest=451
[INFO] {90} tested 17/17 kept=4 rest=449
[WARN] batch start failed size=17 {92} split -> 8 {112} + 9 {113}
[WARN] batch start failed size=17 {94} split -> 8 {114} + 9 {115}
[INFO] {93} tested 18/18 kept=0 rest=394
[INFO] {95} tested 18/18 kept=1 rest=387
[WARN] batch start failed size=35 {97} split -> 17 {116} + 18 {117}
[INFO] {96} tested 34/34 kept=7 rest=379
[WARN] batch start failed size=34 {98} split -> 17 {118} + 17 {119}
[WARN] batch start failed size=35 {101} split -> 17 {120} + 18 {121}
[INFO] {99} tested 35/35 kept=1 rest=295
[INFO] {100} tested 34/34 kept=12 rest=282
[WARN] batch start failed size=35 {103} split -> 17 {122} + 18 {123}
[WARN] batch start failed size=8 {104} split -> 4 {124} + 4 {125}
[INFO] {102} tested 34/34 kept=0 rest=259
[WARN] batch start failed size=18 {107} split -> 9 {126} + 9 {127}
[INFO] {105} tested 9/9 kept=9 rest=258
[WARN] batch start failed size=17 {109} split -> 8 {128} + 9 {129}
[INFO] {110} tested 8/8 kept=0 rest=243
[WARN] batch start failed size=9 {111} split -> 4 {130} + 5 {131}
[INFO] {106} tested 17/17 kept=0 rest=234
[WARN] batch start failed size=9 {113} split -> 4 {132} + 5 {133}
[INFO] {108} tested 17/17 kept=1 rest=219
[WARN] batch start failed size=9 {115} split -> 4 {134} + 5 {135}
[WARN] batch start failed size=17 {116} split -> 8 {136} + 9 {137}
[INFO] {112} tested 8/8 kept=0 rest=204
[INFO] {114} tested 8/8 kept=0 rest=193
[WARN] batch start failed size=17 {119} split -> 8 {138} + 9 {139}
[WARN] batch start failed size=18 {121} split -> 9 {140} + 9 {141}
[INFO] {117} tested 18/18 kept=7 rest=174
[WARN] batch start failed size=18 {123} split -> 9 {142} + 9 {143}
[INFO] {118} tested 17/17 kept=2 rest=150
[WARN] batch start failed size=4 {125} split -> 2 {144} + 2 {145}
[INFO] {120} tested 17/17 kept=3 rest=140
[INFO] {122} tested 17/17 kept=0 rest=132
[INFO] {124} tested 4/4 kept=1 rest=130
[WARN] batch start failed size=9 {127} split -> 4 {146} + 5 {147}
[WARN] batch start failed size=8 {128} split -> 4 {148} + 4 {149}
[WARN] batch start failed size=5 {131} split -> 2 {150} + 3 {151}
[WARN] batch start failed size=4 {130} split -> 2 {152} + 2 {153}
[WARN] batch start failed size=4 {132} split -> 2 {154} + 2 {155}
[INFO] {126} tested 9/9 kept=0 rest=120
[WARN] batch start failed size=5 {133} split -> 2 {156} + 3 {157}
[WARN] batch start failed size=4 {134} split -> 2 {158} + 2 {159}
[WARN] batch start failed size=5 {135} split -> 2 {160} + 3 {161}
[WARN] batch start failed size=8 {136} split -> 4 {162} + 4 {163}
[INFO] {129} tested 9/9 kept=0 rest=110
[WARN] batch start failed size=8 {138} split -> 4 {164} + 4 {165}
[INFO] {137} tested 9/9 kept=2 rest=97
[INFO] {139} tested 9/9 kept=0 rest=93
[WARN] batch start failed size=9 {141} split -> 4 {166} + 5 {167}
[WARN] batch start failed size=9 {142} split -> 4 {168} + 5 {169}
[WARN] batch start failed size=9 {143} split -> 4 {170} + 5 {171}
[WARN] batch start failed size=2 {144} split -> 1 {172} + 1 {173}
[INFO] {145} tested 2/2 kept=2 rest=91
[INFO] {140} tested 9/9 kept=2 rest=89
[WARN] batch start failed size=5 {147} split -> 2 {174} + 3 {175}
[WARN] batch start failed size=4 {149} split -> 2 {176} + 2 {177}
[WARN] batch start failed size=3 {151} split -> 1 {178} + 2 {179}
[WARN] batch start failed size=2 {150} split -> 1 {180} + 1 {181}
[WARN] batch start failed size=2 {153} split -> 1 {182} + 1 {183}
[INFO] {146} tested 4/4 kept=0 rest=84
[WARN] batch start failed size=2 {154} split -> 1 {184} + 1 {185}
[WARN] batch start failed size=2 {155} split -> 1 {186} + 1 {187}
[WARN] batch start failed size=2 {156} split -> 1 {188} + 1 {189}
[INFO] {148} tested 4/4 kept=0 rest=80
[WARN] batch start failed size=2 {158} split -> 1 {190} + 1 {191}
[WARN] batch start failed size=2 {159} split -> 1 {192} + 1 {193}
[WARN] batch start failed size=2 {160} split -> 1 {194} + 1 {195}
[INFO] {152} tested 2/2 kept=0 rest=75
[INFO] {161} tested 3/3 kept=0 rest=74
[WARN] batch start failed size=4 {163} split -> 2 {196} + 2 {197}
[INFO] {157} tested 3/3 kept=0 rest=70
[WARN] batch start failed size=4 {165} split -> 2 {198} + 2 {199}
[INFO] {162} tested 4/4 kept=1 rest=67
[WARN] batch start failed size=5 {167} split -> 2 {200} + 3 {201}
[INFO] {164} tested 4/4 kept=0 rest=63
[WARN] batch start failed size=5 {169} split -> 2 {202} + 3 {203}
[INFO] {168} tested 4/4 kept=0 rest=59
[WARN] batch start failed size=4 {170} split -> 2 {204} + 2 {205}
[INFO] {173} tested 1/1 kept=1 rest=57
[DROP] {172} name=[Free-clash-v2ray] hysteria server=5.83.129.143:26691 reason=Start initial configuration in progress
[INFO] {166} tested 4/4 kept=0 rest=54
[WARN] batch start failed size=3 {175} split -> 1 {206} + 2 {207}
[INFO] {171} tested 5/5 kept=0 rest=50
[WARN] batch start failed size=2 {177} split -> 1 {208} + 1 {209}
[DROP] {178} name=[ChromeGO-ShiteThings] hysteria-4 server=5.83.129.153:27626 reason=Start initial configuration in progress
[WARN] batch start failed size=2 {179} split -> 1 {210} + 1 {211}
[INFO] {174} tested 2/2 kept=0 rest=47
[DROP] {180} name=[ChromeGO-ShiteThings] hysteria-2 server=5.83.129.90:54177 reason=Start initial configuration in progress
[DROP] {181} name=[ChromeGO-ShiteThings] hysteria-3 server=5.83.129.153:20088 reason=Start initial configuration in progress
[INFO] {176} tested 2/2 kept=0 rest=43
[INFO] {182} tested 1/1 kept=0 rest=42
[DROP] {183} name=[ChromeGO-ShiteThings] hysteria server=62.210.70.191:23556 reason=Start initial configuration in progress
[DROP] {185} name=[ChromeGO-Merge] WARP server=162.159.192.1:2408 reason=Start initial configuration in progress
[DROP] {186} name=[ChromeGO-Merge] United server=108.181.5.133:26022 reason=Start initial configuration in progress
[DROP] {187} name=[ChromeGO-Merge] France_hysteria_1 server=62.210.243.131:18702 reason=Start initial configuration in progress
[DROP] {188} name=[ChromeGO-Merge] United-2 server=109.104.152.194:58510 reason=Start initial configuration in progress
[INFO] {189} tested 1/1 kept=0 rest=36
[DROP] {191} name=[ChromeGO-Merge] Taiwan server=www2.dtku48.xyz:22334 reason=Start initial configuration in progress
[DROP] {192} name=[ChromeGO-Merge] France server=51.158.54.46:55396 reason=Start initial configuration in progress
[DROP] {193} name=[ChromeGO-Merge] United-4 server=173.234.25.52:48919 reason=Start initial configuration in progress
[DROP] {194} name=[ChromeGO-Merge] Taiwan-2 server=www.dtku40.xyz:18490 reason=Start initial configuration in progress
[DROP] {195} name=[ChromeGO-Merge] United-5 server=167.160.91.115:41189 reason=Start initial configuration in progress
[INFO] {184} tested 1/1 kept=0 rest=29
[INFO] {197} tested 2/2 kept=1 rest=28
[WARN] batch start failed size=2 {196} split -> 1 {212} + 1 {213}
[WARN] batch start failed size=2 {199} split -> 1 {214} + 1 {215}
[INFO] {201} tested 3/3 kept=3 rest=24
[INFO] {190} tested 1/1 kept=0 rest=23
[WARN] batch start failed size=2 {200} split -> 1 {216} + 1 {217}
[WARN] batch start failed size=3 {203} split -> 1 {218} + 2 {219}
[INFO] {198} tested 2/2 kept=0 rest=22
[WARN] batch start failed size=2 {204} split -> 1 {220} + 1 {221}
[INFO] {202} tested 2/2 kept=0 rest=20
[WARN] batch start failed size=2 {207} split -> 1 {222} + 1 {223}
[INFO] {205} tested 2/2 kept=0 rest=18
[DROP] {209} name=[Epodonios] EPODONIOS-2632 server=Istanbul.morteza1388m1122.ir:54985 reason=Start initial configuration in progress
[DROP] {210} name=[ChromeGO-ShiteThings] hysteria-5 server=45.150.65.154:47119 reason=Start initial configuration in progress
[INFO] {206} tested 1/1 kept=0 rest=15
[DROP] {213} name=[Pawdroid-ss-apk] United+Kingdom-4 server=82.38.31.189:8080 reason=Start initial configuration in progress
[INFO] {208} tested 1/1 kept=0 rest=13
[INFO] {212} tested 1/1 kept=1 rest=12
[DROP] {214} name=[Epodonios] EPODONIOS-110 server=78.38.246.150:8446 reason=Start initial configuration in progress
[DROP] {215} name=[Epodonios] EPODONIOS-111 server=92.119.166.62:2222 reason=Start initial configuration in progress
[INFO] {211} tested 1/1 kept=0 rest=9
[DROP] {216} name=[Free-clash-v2ray] 未知 SS-1521 | free-nodes server=192.0.2.1:1 reason=Start initial configuration in progress
[WARN] batch start failed size=2 {219} split -> 1 {224} + 1 {225}
[DROP] {220} name=[Epodonios] EPODONIOS-9 server=www.speedtest.net:2095 reason=Start initial configuration in progress
[INFO] {217} tested 1/1 kept=1 rest=6
[DROP] {222} name=[Epodonios] EPODONIOS-2607 server=15.188.153.82:22224 reason=Start initial configuration in progress
[DROP] {223} name=[Epodonios] EPODONIOS-2608 server=sss13712.tas-bazi.com:443 reason=Start initial configuration in progress
[INFO] {218} tested 1/1 kept=0 rest=3
[DROP] {225} name=[Epodonios] EPODONIOS-8 server=www.ums.id:443 reason=Start initial configuration in progress
[INFO] {221} tested 1/1 kept=0 rest=1
[INFO] {224} tested 1/1 kept=0 rest=0
[INFO] dropped=24 [Free-clash-v2ray] × 2 | [ChromeGO-ShiteThings] × 5 | [ChromeGO-Merge] × 9 | [Epodonios] × 7 | [Pawdroid-ss-apk] × 1
============================================================
[INFO] cap live source=[免费节点2] from 106 to 50 by health_score
[INFO] cap live source=[免费节点8] from 185 to 50 by health_score
[INFO] cap live source=[Pawdroid-sr-apk] from 276 to 50 by health_score
[INFO] cap live source=[Pawdroid-ss-apk] from 90 to 50 by health_score
[INFO] cap live source=[Epodonios] from 74 to 50 by health_score
[INFO] cap live source=[Free-clash-v2ray] from 586 to 50 by health_score
[INFO] cap live source=[V2rayclashfree-RSS] from 149 to 50 by health_score
[INFO] cap live total from 589 to 350 trim large sources first
============================================================
+------------------------------+--------+--------+------+--------+
| source                       |    raw | unique | live | capped |
+------------------------------+--------+--------+------+--------+
| [大FQ运动]                   |     14 |     14 |    2 |      2 |
+------------------------------+--------+--------+------+--------+
| [Pawdroid]                   |     12 |     11 |    3 |      3 |
+------------------------------+--------+--------+------+--------+
| [FreeV2-Base64]              |      2 |      2 |    1 |      1 |
+------------------------------+--------+--------+------+--------+
| [Bocchi2b-Base64]            |     35 |     35 |    0 |      0 |
+------------------------------+--------+--------+------+--------+
| [ChromeGO-Toolkit]           |     14 |     14 |    5 |      5 |
+------------------------------+--------+--------+------+--------+
| [ChromeGO-ShiteThings]       |     31 |     25 |    0 |      0 |
+------------------------------+--------+--------+------+--------+
| [ChromeGO-Merge]             |    111 |    111 |    2 |      2 |
+------------------------------+--------+--------+------+--------+
| [Freesocks]                  |      3 |      3 |    3 |      3 |
+------------------------------+--------+--------+------+--------+
| [NekoWarp]                   |     10 |     10 |   10 |     10 |
+------------------------------+--------+--------+------+--------+
| [OpenRunner-RSS]             |     14 |      0 |    0 |      0 |
+------------------------------+--------+--------+------+--------+
| [V2Rayshare-RSS]             |     27 |     26 |    3 |      3 |
+------------------------------+--------+--------+------+--------+
| [Mibei77-RSS]                |    121 |    116 |    4 |      4 |
+------------------------------+--------+--------+------+--------+
| [Yoyapai-RSS]                |    212 |    184 |    4 |      4 |
+------------------------------+--------+--------+------+--------+
| [免费节点1]                  |    361 |    247 |   21 |     21 |
+------------------------------+--------+--------+------+--------+
| [免费节点2]                  |    403 |    340 |  106 |     23 |
+------------------------------+--------+--------+------+--------+
| [免费节点3]                  |     31 |     20 |   19 |     19 |
+------------------------------+--------+--------+------+--------+
| [免费节点4]                  |    837 |    714 |   45 |     23 |
+------------------------------+--------+--------+------+--------+
| [免费节点5]                  |     29 |     28 |    0 |      0 |
+------------------------------+--------+--------+------+--------+
| [免费节点6]                  |   1103 |   1065 |   32 |     23 |
+------------------------------+--------+--------+------+--------+
| [免费节点7]                  |     64 |     15 |    0 |      0 |
+------------------------------+--------+--------+------+--------+
| [免费节点8]                  |   4174 |   3762 |  185 |     23 |
+------------------------------+--------+--------+------+--------+
| [免费节点9]                  |    615 |    451 |    0 |      0 |
+------------------------------+--------+--------+------+--------+
| [免费节点10]                 |   5039 |   3075 |   15 |     15 |
+------------------------------+--------+--------+------+--------+
| [免费节点11]                 |    416 |    197 |   43 |     23 |
+------------------------------+--------+--------+------+--------+
| [Pawdroid-sr-apk]            |    701 |    363 |  276 |     23 |
+------------------------------+--------+--------+------+--------+
| [Pawdroid-ss-apk]            |   1454 |   1024 |   90 |     24 |
+------------------------------+--------+--------+------+--------+
| [Clashfree]                  |   1378 |    535 |   27 |     24 |
+------------------------------+--------+--------+------+--------+
| [Epodonios]                  |   4457 |   2806 |   74 |     24 |
+------------------------------+--------+--------+------+--------+
| [Free-clash-v2ray]           |   4725 |   2239 |  586 |     24 |
+------------------------------+--------+--------+------+--------+
| [V2rayclashfree-RSS]         |   1344 |    211 |  149 |     24 |
+------------------------------+--------+--------+------+--------+
============================================================
[SUMMARY] total_nodes=27737
[SUMMARY] legal_candidates=17643
[SUMMARY] passed_latency_test=350
[SUMMARY] region_HK=6 region_JP=10 region_US=144
[SUMMARY] avg_latency_ms=314.18
[SUMMARY] output=/home/runner/work/Free-node-autotest/Free-node-autotest/output/clash.yaml
============================================================
