============================================================
[INFO] sublink try page: https://end-gfw.com/
[OK] proxies=2 new=2 url=https://raw.githubusercontent.com/hello-world-1989/cn-news/refs/heads/main/clash.yaml
[OK] proxies=2 new=0 url=https://raw.githubusercontent.com/hello-world-1989/cn-news/main/end-gfw-together
[OK] proxies=2 new=2 url=https://raw.githubusercontent.com/hello-world-1989/cn-news/main/end-gfw-together-ss
[OK] proxies=4 source=[大FQ运动] url=https://end-gfw.com/
============================================================
[INFO] source try url: https://end-gfw.com/ss-key
[OK] proxies=4 new=4 url=https://end-gfw.com/ss-key
[OK] proxies=4 source=[大FQ运动-SS密钥] url=https://end-gfw.com/ss-key
============================================================
[INFO] sublink try page: https://github.com/hello-world-1989/cn-news/raw/refs/heads/main/README.md
[OK] proxies=2 new=2 url=https://raw.githubusercontent.com/hello-world-1989/cn-news/refs/heads/main/clash.yaml
[OK] proxies=2 new=0 url=https://raw.githubusercontent.com/hello-world-1989/cn-news/main/end-gfw-together
[OK] proxies=6 new=6 url=https://raw.githubusercontent.com/hello-world-1989/v2-sub/main/end-gfw-together-af3e13
[OK] proxies=8 source=[大FQ运动-补充] url=https://github.com/hello-world-1989/cn-news/raw/refs/heads/main/README.md
============================================================
[INFO] toolkit try release: https://github.com/bannedbook/fanqiang/releases
[INFO] toolkit try page: https://github.com/bannedbook/fanqiang/releases/expanded_assets/ChromeGo-latest
[INFO] toolkit try download: https://github.com/bannedbook/fanqiang/releases/download/ChromeGo-latest/ChromeGo.7z
[OK] toolkit downloaded: ChromeGo.7z bytes=100924352
[OK] toolkit extracted archive=ChromeGo.7z tool=7z files=222 dirs=45
[OK] toolkit embedded proxies=12 archive=ChromeGo.7z
[OK] toolkit discovered subs=107 archive=ChromeGo.7z
[OK] proxies=6 new=6 embedded=archive-config
[OK] proxies=7 new=5 url=https://gitlab.com/free9999/ipupdate/master/backup/img/1/2/{ipp|ip}/{hysteria2|singbox|naiveproxy|hysteria|xray}/{2|3|1|4}/config.json
[OK] proxies=7 new=0 url=https://www.67867867.xyz/Alvin9999/PAC/refs/heads/master/backup/img/1/2/{ipp|ip}/{hysteria2|singbox|naiveproxy|hysteria|xray}/{2|3|1|4}/config.json
[OK] proxies=3 new=3 url=https://gitlab.com/free9999/ipupdate/master/backup/img/1/2/{ipp|ip}/clash.meta2/{2|3|1|5|4|6}/config.yaml
[OK] proxies=3 new=0 url=https://www.67867867.xyz/Alvin9999/PAC/refs/heads/master/backup/img/1/2/{ipp|ip}/clash.meta2/{2|3|1|5|4|6}/config.yaml
[OK] proxies=14 source=[ChromeGO-工具包] url=https://github.com/bannedbook/fanqiang/releases/download/ChromeGo-latest/ChromeGo.7z
============================================================
[INFO] sublink try page: https://raw.githubusercontent.com/ShiteThings/extractNodes/refs/heads/main/README.md
[OK] proxies=31 new=30 url=https://{chg26.makou.cc.cd|chg64.makou.cc.cd}
[OK] proxies=26 new=1 url=https://chg26.makou.cc.cd/sb
[OK] proxies=31 source=[ChromeGO-ShiteThings] url=https://raw.githubusercontent.com/ShiteThings/extractNodes/refs/heads/main/README.md
============================================================
[INFO] sublink try page: https://github.com/Misaka-blog/chromego_merge/raw/refs/heads/main/README.md
[OK] proxies=33 new=33 url=https://chromego-sub.netlify.app/sub/merged_proxies_new.yaml
[OK] proxies=33 source=[ChromeGO-Merge] url=https://github.com/Misaka-blog/chromego_merge/raw/refs/heads/main/README.md
============================================================
[INFO] source try url: https://freesocks.org/api/v1/sub/02b897e8e77f19176b0b9f2c75864b00
[OK] proxies=3 new=3 url=https://freesocks.org/api/v1/sub/02b897e8e77f19176b0b9f2c75864b00
[OK] proxies=3 source=[Freesocks] url=https://freesocks.org/api/v1/sub/02b897e8e77f19176b0b9f2c75864b00
============================================================
[INFO] source try url: https://neko-warp.nloli.xyz/neko_warp.yaml
[OK] proxies=10 new=10 url=https://neko-warp.nloli.xyz/neko_warp.yaml
[OK] proxies=10 source=[NekoWarp] url=https://neko-warp.nloli.xyz/neko_warp.yaml
============================================================
[INFO] article try feed: https://free.datiya.com/index.xml
[INFO] sublink try page: https://free.datiya.com/post/20260909/
[OK] proxies=14 new=14 url=https://free.datiya.com/uploads/20260909-clash.yaml
[OK] proxies=14 source=[OpenRunner-RSS] url=https://free.datiya.com/post/20260909/
============================================================
[INFO] article try feed: https://v2rayshare.com/feed
[INFO] sublink try page: https://v2rayshare.net/p/5071.html
[OK] proxies=24 new=24 url=https://static.v2rayshare.net/2026/09/20260909.txt
[OK] proxies=30 new=30 url=https://static.v2rayshare.net/2026/09/20260909.yaml
[OK] proxies=23 new=0 url=https://static.v2rayshare.net/2026/09/m20260909.yaml
[OK] proxies=54 source=[V2Rayshare-RSS] url=https://v2rayshare.net/p/5071.html
============================================================
[INFO] sublink try page: https://github.com/firefoxmmx2/v2rayshare_subcription/raw/refs/heads/main/README.md
[OK] proxies=24 new=24 url=https://{raw.githubusercontent.com|cdn.jsdelivr.net}/firefoxmmx2/v2rayshare_subcription/main/subscription/vray_sub.txt
[OK] proxies=30 new=30 url=https://{raw.githubusercontent.com|cdn.jsdelivr.net}/firefoxmmx2/v2rayshare_subcription/main/subscription/clash_sub.yaml
[OK] proxies=23 new=0 url=https://{raw.githubusercontent.com|cdn.jsdelivr.net}/firefoxmmx2/v2rayshare_subcription/main/subscription/mihomo_sub.yaml
[OK] proxies=54 source=[V2Rayshare-SUB] url=https://github.com/firefoxmmx2/v2rayshare_subcription/raw/refs/heads/main/README.md
============================================================
[INFO] article try feed: https://www.mibei77.com/feed
[INFO] sublink try page: https://www.mibei77.com/658.html
[OK] proxies=122 new=122 url=https://mm.mibei77.com/202609/09.0964bacve.txt
[OK] proxies=120 new=0 url=https://mm.mibei77.com/202609/0909Clashizx.yaml
[OK] proxies=122 source=[Mibei77-RSS] url=https://www.mibei77.com/658.html
============================================================
[INFO] article try feed: https://yoyapai.com/feed
[INFO] sublink try page: https://yoyapai.com/710
[INFO] sublink try page: https://yoyapai.com/708
[OK] proxies=1 new=1 url=https://yoyapai.com/{710|708|52|630|592|99|277|492|426|69|102|707|705|617|607|590}
[OK] proxies=1 new=0 url=https://yoyapai.com
[OK] proxies=1 new=0 url=https://yoyapai.com/author/kexuesw
[OK] proxies=1 new=0 url=https://yoyapai.com/category/password-managers
[OK] proxies=1 new=0 url=https://yoyapai.com/category/security-and-privacy
[OK] proxies=1 new=0 url=https://yoyapai.com/category/mianfeijiedian
[OK] proxies=1 new=0 url=https://yoyapai.com/category/kexueshangwanggongju
[OK] proxies=1 new=0 url=https://yoyapai.com/tag/bitwarden
[OK] proxies=1 new=0 url=https://yoyapai.com/tag/dns
[OK] proxies=1 new=0 url=https://yoyapai.com/tag/1password
[OK] proxies=1 new=0 url=https://yoyapai.com/tag/keepass
[OK] proxies=1 new=0 url=https://yoyapai.com/tag/keepassxc
[OK] proxies=1 new=0 url=https://yoyapai.com/tag/lastpass
[OK] proxies=1 new=0 url=https://yoyapai.com/tag/two-factor-authentication
[OK] proxies=206 new=206 url=https://freenode.yoyapai.com/2026/09/09-yoyapai.com-clash-vpn-mianfei-jiedian.yaml
[OK] proxies=206 new=0 url=https://freenode.yoyapai.com/2026/09/09-yoyapai.com-ssrv2ray-vpn-mianfei-jiedian.txt
[OK] proxies=207 source=[Yoyapai-RSS] url=https://yoyapai.com/{710|708}
============================================================
[INFO] sublink try page: https://raw.githubusercontent.com/free-clash-v2ray/free-clash-v2ray.github.io/main/README.md
[OK] proxies=2281 new=2281 url=https://free-clash-v2ray.github.io/uploads/2026/09/{0-20260906.yaml|1-20260906.yaml|2-20260906.yaml|3-20260906.yaml}
[OK] proxies=3958 new=2247 url=https://free-clash-v2ray.github.io/uploads/2026/09/{1-20260906.txt|2-20260906.txt|3-20260906.txt|4-20260906.txt}
[OK] proxies=4528 source=[Free-clash-v2ray] url=https://raw.githubusercontent.com/free-clash-v2ray/free-clash-v2ray.github.io/main/README.md
============================================================
[INFO] sublink try page: https://raw.githubusercontent.com/Pawdroid/Free-servers/refs/heads/main/README.md
[OK] proxies=20 new=20 url=https://raw.githubusercontent.com/Pawdroid/Free-servers/refs/heads/main/README.md
[OK] proxies=20 new=19 url=https://raw.githubusercontent.com/Pawdroid/Free-servers/main/sub
[OK] proxies=1 new=1 url=https://apps.apple.com/cn/app/shadowshare/id1612647259
[OK] proxies=1 new=1 url=http://www.surflare.com
[OK] proxies=41 source=[Pawdroid] url=https://raw.githubusercontent.com/Pawdroid/Free-servers/refs/heads/main/README.md
============================================================
[INFO] source try url: https://xmxosfepggzm.503403.xyz
[OK] proxies=3 new=3 url=https://xmxosfepggzm.503403.xyz
[OK] proxies=3 source=[FreeV2-Base64] url=https://xmxosfepggzm.503403.xyz
============================================================
[INFO] source try url: https://links.bocchi2b.top/clash
[OK] proxies=35 new=35 url=https://links.bocchi2b.top/clash
[OK] proxies=35 source=[Bocchi2b-Base64] url=https://links.bocchi2b.top/clash
============================================================
[INFO] sublink try page: https://raw.githubusercontent.com/free18/v2ray/refs/heads/main/README.md
[OK] proxies=3 new=3 url=https://raw.githubusercontent.com/free18/v2ray/refs/heads/main/README.md
[OK] proxies=159 new=159 url=https://ghfast.top/https://raw.githubusercontent.com/free18/v2ray/refs/heads/main/v.txt
[OK] proxies=159 new=0 url=https://ghfast.top/https://raw.githubusercontent.com/free18/v2ray/refs/heads/main/c.yaml
[OK] proxies=162 source=[免费节点1] url=https://raw.githubusercontent.com/free18/v2ray/refs/heads/main/README.md
============================================================
[INFO] sublink try page: https://github.com/ermaozi/get_subscribe/raw/refs/heads/main/README.md
[INFO] sublink file_nodes=0 bare links=9
[OK] proxies=404 new=404 url=https://www.ermao.net/sub/{clash|v2ray}/ermao.net
[OK] proxies=404 new=0 url=https://www.ermao.net/sub/{reachable|unreachable|untested}/clash/ermao.net
[OK] proxies=404 source=[免费节点2] url=https://github.com/ermaozi/get_subscribe/raw/refs/heads/main/README.md
============================================================
[INFO] sublink try page: https://raw.githubusercontent.com/sunmiao4458/free-proxy-airport/refs/heads/main/README.md
[OK] proxies=45 new=45 url=https://sunmiao4458.github.io/free-proxy-airport/clash.yaml
[OK] proxies=45 source=[免费节点3] url=https://raw.githubusercontent.com/sunmiao4458/free-proxy-airport/refs/heads/main/README.md
============================================================
[INFO] sublink try page: https://raw.githubusercontent.com/mfuu/FreeProxies/refs/heads/master/README.md
[OK] proxies=839 new=839 url=https://raw.githubusercontent.com/mfuu/FreeProxies/master/sub.yaml
[OK] proxies=839 source=[免费节点4] url=https://raw.githubusercontent.com/mfuu/FreeProxies/refs/heads/master/README.md
============================================================
[INFO] sublink try page: https://github.com/vxiaov/free_proxies/raw/refs/heads/main/README.md
[OK] proxies=1 new=1 url=https://github.com/vxiaov/free_proxies/raw/refs/heads/main/README.md
[OK] proxies=28 new=28 url=https://{cdn.jsdelivr.net|raw.githubusercontent.com}/vxiaov/free_proxies/main/clash/clash.provider.yaml
[OK] proxies=29 source=[免费节点5] url=https://github.com/vxiaov/free_proxies/raw/refs/heads/main/README.md
============================================================
[INFO] sublink try page: https://github.com/anaer/Sub/raw/refs/heads/main/README.MD
[OK] proxies=1449 new=1449 url=https://anaer.github.io/Sub/clash.yaml
[OK] proxies=1449 new=0 url=https://raw.githubusercontent.com/anaer/Sub/main/clash.yaml
[OK] proxies=1449 source=[免费节点6] url=https://github.com/anaer/Sub/raw/refs/heads/main/README.MD
============================================================
[INFO] sublink try page: https://github.com/snakem982/proxypool/raw/refs/heads/main/README.md
[OK] proxies=64 new=64 url=https://raw.githubusercontent.com/snakem982/proxypool/main/source/clash-meta-2.yaml
[OK] proxies=64 new=0 url=https://raw.githubusercontent.com/snakem982/proxypool/main/source/v2ray-2.txt
[OK] proxies=63 new=0 url=https://raw.githubusercontent.com/snakem982/proxypool/main/source/sing-box-2.json
[OK] proxies=64 source=[免费节点7] url=https://github.com/snakem982/proxypool/raw/refs/heads/main/README.md
============================================================
[INFO] sublink try page: https://raw.githubusercontent.com/mahdibland/V2RayAggregator/refs/heads/master/README.md
[OK] proxies=375 new=375 url=https://raw.githubusercontent.com/mahdibland/V2RayAggregator/refs/heads/master/README.md
[OK] proxies=1 new=1 url=https://github.com/mahdibland/SSAggregator/actions/workflows/Collector.yml
[OK] proxies=1 new=0 url=https://github.com/mahdibland/SSAggregator/actions/workflows/Airport_Collector.yml
[OK] proxies=194 new=0 url=https://raw.githubusercontent.com/mahdibland/ShadowsocksAggregator/master/Eternity.txt
[OK] proxies=193 new=3 url=https://raw.githubusercontent.com/mahdibland/ShadowsocksAggregator/master/Eternity.yml
[OK] proxies=61 new=61 url=https://raw.githubusercontent.com/mahdibland/ShadowsocksAggregator/master/EternityAir.txt
[OK] proxies=3855 new=3571 url=https://raw.githubusercontent.com/mahdibland/SSAggregator/master/sub/sub_merge_base64.txt
[OK] proxies=3855 new=0 url=https://raw.githubusercontent.com/mahdibland/{SSAggregator|ShadowsocksAggregator}/master/sub/sub_merge.txt
[OK] proxies=4043 new=243 url=https://raw.githubusercontent.com/mahdibland/SSAggregator/master/sub/sub_merge_yaml.yml
[OK] proxies=61 new=0 url=https://raw.githubusercontent.com/mahdibland/SSAggregator/master/sub/airport_merge_base64.txt
[OK] proxies=61 new=0 url=https://raw.githubusercontent.com/mahdibland/SSAggregator/master/sub/airport_sub_merge.txt
[OK] proxies=1362 new=0 url=https://raw.githubusercontent.com/mahdibland/ShadowsocksAggregator/master/sub/splitted/vmess.txt
[OK] proxies=584 new=0 url=https://raw.githubusercontent.com/mahdibland/ShadowsocksAggregator/master/sub/splitted/trojan.txt
[OK] proxies=42 new=0 url=https://raw.githubusercontent.com/mahdibland/ShadowsocksAggregator/master/sub/splitted/ssr.txt
[OK] proxies=1867 new=0 url=https://raw.githubusercontent.com/mahdibland/ShadowsocksAggregator/master/sub/splitted/ss.txt
[OK] proxies=1 new=0 url=https://cdn.jsdelivr.net/gh/mahdibland/V2RayAggregator@master/update/provider/provider-meta.yml
[OK] proxies=1 new=0 url=https://cdn.jsdelivr.net/gh/mahdibland/V2RayAggregator@master/update/provider/provider-meta-cn.yml
[OK] proxies=1 new=0 url=https://cdn.jsdelivr.net/gh/mahdibland/V2RayAggregator@master/update/provider/provider-meta-others.yml
[OK] proxies=1 new=0 url=https://cdn.jsdelivr.net/gh/mahdibland/V2RayAggregator@master/update/provider/provider.yml
[OK] proxies=1 new=0 url=https://cdn.jsdelivr.net/gh/mahdibland/V2RayAggregator@master/update/provider/provider-cn.yml
[OK] proxies=1 new=0 url=https://cdn.jsdelivr.net/gh/mahdibland/V2RayAggregator@master/update/provider/provider-others.yml
[OK] proxies=4254 source=[免费节点8] url=https://raw.githubusercontent.com/mahdibland/V2RayAggregator/refs/heads/master/README.md
============================================================
[INFO] sublink try page: https://raw.githubusercontent.com/w1770946466/Auto_proxy/refs/heads/main/README.md
[OK] proxies=1 new=1 url=https://github.com/w1770946466/Auto_proxy/actions/workflows/main.yml
[OK] proxies=245 new=245 url=https://raw.githubusercontent.com/w1770946466/Auto_proxy/main/{Long_term_subscription2.yaml|Long_term_subscription1.yaml|Long_term_subscription3.yaml}
[OK] proxies=489 new=54 url=https://raw.githubusercontent.com/w1770946466/Auto_proxy/main/{Long_term_subscription1|Long_term_subscription2|Long_term_subscription3|Long_term_subscription4|Long_term_subscription5|Long_term_subscription6|Long_term_subscription7|Long_term_subscription8}
[OK] proxies=489 new=315 url=https://raw.githubusercontent.com/w1770946466/Auto_proxy/main/Long_term_subscription_num
[OK] proxies=615 source=[免费节点9] url=https://raw.githubusercontent.com/w1770946466/Auto_proxy/refs/heads/main/README.md
============================================================
[INFO] sublink try page: https://raw.githubusercontent.com/PuddinCat/BestClash/refs/heads/main/README.md
[OK] proxies=16 new=16 url=https://raw.githubusercontent.com/PuddinCat/BestClash/main/proxies.yaml
[OK] proxies=28 new=28 url=https://cdn.jsdelivr.net/gh/vxiaov/free_proxies@main/clash/clash.provider.yaml
[OK] proxies=24 new=24 url=https://freenode.openrunner.net/uploads/20240807-clash.yaml
[OK] proxies=33 new=33 url=https://raw.githubusercontent.com/Misaka-blog/chromego_merge/main/sub/merged_proxies_new.yaml
[OK] proxies=4597 new=4568 url=https://raw.githubusercontent.com/{NiceVPN123|anaer}/{NiceVPN|Sub}/main/{Clash.yaml|clash.yaml}
[OK] proxies=27 new=2 url=https://raw.githubusercontent.com/{chengaopan|peasoft}/{AutoMergePublicNodes|NoMoreWalls}/master/list.yml
[OK] proxies=418 new=367 url=https://raw.githubusercontent.com/{ermaozi|ermaozi01}/{get_subscribe|free_clash_vpn}/main/subscribe/clash.yml
[OK] proxies=193 new=175 url=https://raw.githubusercontent.com/mahdibland/ShadowsocksAggregator/master/Eternity.yml
[OK] proxies=165 new=160 url=https://raw.githubusercontent.com/ronghuaxueleng/get_v2/main/pub/combine.yaml
[OK] proxies=144 new=3 url=https://raw.githubusercontent.com/zhangkaiitugithub/passcro/main/speednodes.yaml
[OK] proxies=5376 source=[免费节点10] url=https://raw.githubusercontent.com/PuddinCat/BestClash/refs/heads/main/README.md
============================================================
[INFO] sublink try page: https://raw.githubusercontent.com/kooker/FreeSubsCheck/main/README.md
[OK] proxies=10 new=10 url=https://raw.githubusercontent.com/kooker/FreeSubsCheck/main/mihomo.yaml
[OK] proxies=10 new=0 url=https://raw.githubusercontent.com/kooker/FreeSubsCheck/main/all.yaml
[OK] proxies=4 new=0 url=https://raw.githubusercontent.com/kooker/FreeSubsCheck/main/base64.txt
[OK] proxies=7 new=5 url=https://raw.githubusercontent.com/kooker/FreeSubsCheck/main/byxiaoxi.txt
[OK] proxies=441 new=434 url=https://raw.githubusercontent.com/kooker/FreeSubsCheck/main/kooker.jp.txt
[OK] proxies=449 source=[免费节点11] url=https://raw.githubusercontent.com/kooker/FreeSubsCheck/main/README.md
============================================================
[INFO] toolkit try release: https://github.com/Pawdroid/shadowrocket_for_android/releases
[INFO] toolkit try page: https://github.com/Pawdroid/shadowrocket_for_android/releases/expanded_assets/v10.10.5-standard
[INFO] toolkit try download: https://github.com/Pawdroid/shadowrocket_for_android/releases/download/v10.10.5-standard/Shadowrocket_10.10.5_shadowrocketStandard_arm64-v8a.apk
[OK] toolkit downloaded: Shadowrocket_10.10.5_shadowrocketStandard_arm64-v8a.apk bytes=42354602
[OK] toolkit extracted archive=Shadowrocket_10.10.5_shadowrocketStandard_arm64-v8a.apk tool=zipfile files=1320 dirs=36
[OK] toolkit sr-apk scanned prefixes=9 files=11 keys=2 archive=Shadowrocket_10.10.5_shadowrocketStandard_arm64-v8a.apk
[OK] proxies=171 new=171 url=https://raw.githubusercontent.com/hideme9527/ecfg/refs/heads/main/data/ecfg5
[OK] proxies=1386 new=1283 url=https://raw.githubusercontent.com/hideme9527/ecfg/refs/heads/main/data/ecfg_zh
[OK] proxies=129 new=0 url=https://raw.githubusercontent.com/hideme9527/ecfg/refs/heads/main/data/ecfg
[OK] proxies=129 new=0 url=https://{vip.foxovpn.com|ecfg.v2gh.com|cdn.159236.xyz|cdn100.159236.xyz|cdn10.159236.xyz}/{config|data}/ecfg
[OK] proxies=171 new=0 url=https://{ecfg.v2gh.com|vip.foxovpn.com|cdn10.159236.xyz|cdn.159236.xyz|cdn100.159236.xyz}/{data|config}/ecfg5
[OK] proxies=1386 new=0 url=https://{vip.foxovpn.com|ecfg.v2gh.com|cdn10.159236.xyz|cdn.159236.xyz|cdn100.159236.xyz}/{config|data}/ecfg_zh
[OK] proxies=1386 new=0 url=https://{cdn.159236.xyz|cdn10.159236.xyz|cdn100.159236.xyz|ecfg.v2gh.com|vip.foxovpn.com}/{config|data}/ecfg_fr
[OK] proxies=1386 new=0 url=https://{cdn.159236.xyz|cdn10.159236.xyz|ecfg.v2gh.com|cdn100.159236.xyz|vip.foxovpn.com}/{config|data}/ecfg_es
[OK] proxies=1386 new=0 url=https://{cdn.159236.xyz|cdn10.159236.xyz|cdn100.159236.xyz|ecfg.v2gh.com|vip.foxovpn.com}/{config|data}/ecfg_ja
[OK] proxies=1386 new=0 url=https://{cdn.159236.xyz|cdn10.159236.xyz|cdn100.159236.xyz|ecfg.v2gh.com|vip.foxovpn.com}/{config|data}/ecfg_pt
[OK] proxies=1386 new=0 url=https://{cdn10.159236.xyz|cdn.159236.xyz|ecfg.v2gh.com|cdn100.159236.xyz|vip.foxovpn.com}/{config|data}/ecfg_de
[OK] proxies=1386 new=0 url=https://{cdn10.159236.xyz|cdn100.159236.xyz|ecfg.v2gh.com|cdn.159236.xyz|vip.foxovpn.com}/{config|data}/ecfg_en
[OK] proxies=1386 new=0 url=https://{cdn.159236.xyz|cdn10.159236.xyz|ecfg.v2gh.com|cdn100.159236.xyz|vip.foxovpn.com}/{config|data}/ecfg_ru
[OK] proxies=1386 new=0 url=https://raw.githubusercontent.com/hideme9527/ecfg/refs/heads/main/data/ecfg_de
[OK] proxies=1386 new=0 url=https://raw.githubusercontent.com/hideme9527/ecfg/refs/heads/main/data/ecfg_fr
[OK] proxies=1386 new=0 url=https://raw.githubusercontent.com/hideme9527/ecfg/refs/heads/main/data/ecfg_en
[OK] proxies=1386 new=0 url=https://raw.githubusercontent.com/hideme9527/ecfg/refs/heads/main/data/ecfg_ru
[OK] proxies=1386 new=0 url=https://raw.githubusercontent.com/hideme9527/ecfg/refs/heads/main/data/ecfg_es
[OK] proxies=1386 new=0 url=https://raw.githubusercontent.com/hideme9527/ecfg/refs/heads/main/data/ecfg_ja
[OK] proxies=1386 new=0 url=https://raw.githubusercontent.com/hideme9527/ecfg/refs/heads/main/data/ecfg_pt
[OK] proxies=1454 source=[Pawdroid-sr-apk] url=https://github.com/Pawdroid/shadowrocket_for_android/releases/download/v10.10.5-standard/Shadowrocket_10.10.5_shadowrocketStandard_arm64-v8a.apk
============================================================
[INFO] toolkit try page: https://shadowshare.v2cross.com/
[INFO] toolkit try download: https://shadowshare.v2cross.com/shadowshare.apk
[OK] toolkit downloaded: shadowshare.apk bytes=62868122
[OK] toolkit extracted archive=shadowshare.apk tool=zipfile files=612 dirs=39
[OK] toolkit ss-apk scanned prefixes=10 files=3 keys=1 archive=shadowshare.apk
[OK] proxies=1386 new=1386 url=https://{raw.githubusercontent.com|jsd.onmicrosoft.cn}/hideme9527/ecsfg/main/data/sareserver_en
[OK] proxies=171 new=68 url=https://{jsd.onmicrosoft.cn|raw.githubusercontent.com}/hideme9527/ecsfg/main/data/sareserver
[OK] proxies=1386 new=0 url=https://{shadowsharing.com|sare.159236.xyz}/data/sareserver_en
[OK] proxies=171 new=0 url=https://{shadowsharing.com|sare.159236.xyz}/data/sareserver
[OK] proxies=171 new=0 url=https://gitee.com/api/v5/repos/{elvenapp|zhiminghao|guoyoucai1}/ecsfg/raw/data/sareserver
[OK] proxies=1386 new=0 url=https://gitee.com/api/v5/repos/{guoyoucai1|zhiminghao|elvenapp}/ecsfg/raw/data/sareserver_en
[OK] proxies=1454 source=[Pawdroid-ss-apk] url=https://shadowshare.v2cross.com/shadowshare.apk
============================================================
[INFO] sublink try page: https://raw.githubusercontent.com/free-nodes/clashfree/refs/heads/main/README.md
[OK] proxies=1325 new=1325 url=https://raw.githubusercontent.com/free-nodes/clashfree/refs/heads/main/README.md
[OK] proxies=1325 new=0 url=https://raw.githubusercontent.com/free-nodes/clashfree/main/clash20260909.yml
[OK] proxies=1 new=1 url=https://github.com/free-nodes/clashfree/blob/main/clash20260909.yml
[OK] proxies=1326 source=[Clashfree] url=https://raw.githubusercontent.com/free-nodes/clashfree/refs/heads/main/README.md
============================================================
[INFO] sublink try page: https://github.com/Epodonios/v2ray-configs/raw/refs/heads/main/README.md
[OK] proxies=1 new=1 url=https://github.com/Epodonios/V2ray-Configs/actions/workflows/main.yml
[OK] proxies=2849 new=2849 url=https://github.com/Epodonios/v2ray-configs/raw/main/All_Configs_Sub.txt
[OK] proxies=2849 new=0 url=https://github.com/Epodonios/v2ray-configs/raw/main/All_Configs_base64_Sub.txt
[OK] proxies=3265 new=1220 url=https://github.com/Epodonios/v2ray-configs/raw/main/Splitted-By-Protocol/vless.txt
[OK] proxies=139 new=18 url=https://github.com/Epodonios/v2ray-configs/raw/main/Splitted-By-Protocol/vmess.txt
[OK] proxies=401 new=32 url=https://github.com/Epodonios/v2ray-configs/raw/main/Splitted-By-Protocol/ss.txt
[OK] proxies=147 new=106 url=https://github.com/Epodonios/v2ray-configs/raw/main/Splitted-By-Protocol/trojan.txt
[OK] proxies=4015 new=90 url=https://raw.githubusercontent.com/Epodonios/v2ray-configs/main/{Sub1.txt|Sub2.txt|Sub3.txt|Sub4.txt|Sub5.txt|Sub6.txt|Sub7.txt|Sub8.txt|Sub9.txt}
[OK] proxies=4316 source=[Epodonios] url=https://github.com/Epodonios/v2ray-configs/raw/refs/heads/main/README.md
============================================================
[INFO] article try page: https://v2rayclashfree.com/
[INFO] sublink try page: https://v2rayclashfree.com/fn/20260909.html
[OK] proxies=1123 new=1123 url=https://v2rayclashfree.com/sub/20260909-v2ray.txt
[OK] proxies=743 new=224 url=https://v2rayclashfree.com/sub/20260909-clash.yaml
[OK] proxies=1347 source=[V2rayclashfree-RSS] url=https://v2rayclashfree.com/fn/20260909.html
============================================================
[INFO] raw backup written path=/home/runner/work/Free-node-autotest/Free-node-autotest/output/raw.yaml proxies=28748
[INFO] release digest sha256=b358eba638b01c1f1841c4d612d4b6da58419bef96055958cf9c3be04f625642 asset=mihomo-linux-amd64-v1-go120-v1.19.30.gz
[INFO] downloading proxy engine: https://github.com/MetaCubeX/mihomo/releases/download/v1.19.30/mihomo-linux-amd64-v1-go120-v1.19.30.gz
[OK] proxy engine sha256 verified: b358eba638b01c1f1841c4d612d4b6da58419bef96055958cf9c3be04f625642
============================================================
[WARN] batch start failed size=16991
[WARN] split batch 16991 -> 8495 + 8496
[WARN] batch start failed size=8495
[WARN] split batch 8495 -> 4247 + 4248
[WARN] batch start failed size=4247
[WARN] split batch 4247 -> 2123 + 2124
[WARN] batch start failed size=2123
[WARN] split batch 2123 -> 1061 + 1062
[WARN] batch start failed size=1061
[WARN] split batch 1061 -> 530 + 531
[WARN] batch start failed size=530
[WARN] split batch 530 -> 265 + 265
[WARN] batch start failed size=265
[WARN] split batch 265 -> 132 + 133
[WARN] batch start failed size=132
[WARN] split batch 132 -> 66 + 66
[WARN] batch start failed size=66
[WARN] split batch 66 -> 33 + 33
[INFO] tested 33/33 kept=9 rest=16958
[WARN] batch start failed size=33
[WARN] split batch 33 -> 16 + 17
[WARN] batch start failed size=16
[WARN] split batch 16 -> 8 + 8
[INFO] tested 8/8 kept=0 rest=16950
[WARN] batch start failed size=8
[WARN] split batch 8 -> 4 + 4
[INFO] tested 4/4 kept=0 rest=16946
[WARN] batch start failed size=4
[WARN] split batch 4 -> 2 + 2
[INFO] tested 2/2 kept=0 rest=16944
[WARN] batch start failed size=2
[WARN] split batch 2 -> 1 + 1
[INFO] tested 1/1 kept=0 rest=16943
[WARN] batch start failed size=1
[DROP] name=[ChromeGO-ShiteThings] hysteria server=5.83.129.153:27626 reason=Start initial configuration in progress
[WARN] batch start failed size=17
[WARN] split batch 17 -> 8 + 9
[WARN] batch start failed size=8
[WARN] split batch 8 -> 4 + 4
[WARN] batch start failed size=4
[WARN] split batch 4 -> 2 + 2
[WARN] batch start failed size=2
[WARN] split batch 2 -> 1 + 1
[WARN] batch start failed size=1
[DROP] name=[ChromeGO-ShiteThings] hysteria-2 server=5.83.129.90:54177 reason=Start initial configuration in progress
[WARN] batch start failed size=1
[DROP] name=[ChromeGO-ShiteThings] hysteria-3 server=5.83.129.153:20088 reason=Start initial configuration in progress
[WARN] batch start failed size=2
[WARN] split batch 2 -> 1 + 1
[WARN] batch start failed size=1
[DROP] name=[ChromeGO-ShiteThings] hysteria-4 server=62.210.70.191:23556 reason=Start initial configuration in progress
[WARN] batch start failed size=1
[DROP] name=[ChromeGO-ShiteThings] hysteria-5 server=45.150.65.154:47119 reason=Start initial configuration in progress
[INFO] tested 4/4 kept=0 rest=16934
[INFO] tested 9/9 kept=0 rest=16925
[INFO] tested 66/66 kept=30 rest=16859
[INFO] tested 100/133 kept=3 rest=16759
[INFO] tested 133/133 kept=5 rest=16726
[INFO] tested 100/265 kept=7 rest=16626
[INFO] tested 200/265 kept=22 rest=16526
[INFO] tested 265/265 kept=23 rest=16461
[INFO] tested 100/531 kept=8 rest=16361
[INFO] tested 200/531 kept=44 rest=16261
[INFO] tested 300/531 kept=69 rest=16161
[INFO] tested 400/531 kept=105 rest=16061
[INFO] tested 500/531 kept=165 rest=15961
[INFO] tested 531/531 kept=183 rest=15930
[INFO] tested 100/1062 kept=24 rest=15830
[INFO] tested 200/1062 kept=61 rest=15730
[INFO] tested 300/1062 kept=117 rest=15630
[INFO] tested 400/1062 kept=150 rest=15530
[INFO] tested 500/1062 kept=169 rest=15430
[INFO] tested 600/1062 kept=211 rest=15330
[INFO] tested 700/1062 kept=291 rest=15230
[INFO] tested 800/1062 kept=346 rest=15130
[INFO] tested 900/1062 kept=395 rest=15030
[INFO] tested 1000/1062 kept=446 rest=14930
[INFO] tested 1062/1062 kept=455 rest=14868
[WARN] batch start failed size=2124
[WARN] split batch 2124 -> 1062 + 1062
[WARN] batch start failed size=1062
[WARN] split batch 1062 -> 531 + 531
[WARN] batch start failed size=531
[WARN] split batch 531 -> 265 + 266
[INFO] tested 100/265 kept=24 rest=14768
[INFO] tested 200/265 kept=54 rest=14668
[INFO] tested 265/265 kept=55 rest=14603
[WARN] batch start failed size=266
[WARN] split batch 266 -> 133 + 133
[INFO] tested 100/133 kept=16 rest=14503
[INFO] tested 133/133 kept=16 rest=14470
[WARN] batch start failed size=133
[WARN] split batch 133 -> 66 + 67
[WARN] batch start failed size=66
[WARN] split batch 66 -> 33 + 33
[WARN] batch start failed size=33
[WARN] split batch 33 -> 16 + 17
[WARN] batch start failed size=16
[WARN] split batch 16 -> 8 + 8
[INFO] tested 8/8 kept=7 rest=14462
[WARN] batch start failed size=8
[WARN] split batch 8 -> 4 + 4
[INFO] tested 4/4 kept=2 rest=14458
[WARN] batch start failed size=4
[WARN] split batch 4 -> 2 + 2
[INFO] tested 2/2 kept=1 rest=14456
[WARN] batch start failed size=2
[WARN] split batch 2 -> 1 + 1
[WARN] batch start failed size=1
[DROP] name=[Free-clash-v2ray] hysteria server=5.83.129.143:26691 reason=Start initial configuration in progress
[INFO] tested 1/1 kept=1 rest=14454
[INFO] tested 17/17 kept=16 rest=14437
[INFO] tested 33/33 kept=30 rest=14404
[INFO] tested 67/67 kept=54 rest=14337
[INFO] tested 100/531 kept=81 rest=14237
[INFO] tested 200/531 kept=145 rest=14137
[INFO] tested 300/531 kept=214 rest=14037
[INFO] tested 400/531 kept=304 rest=13937
[INFO] tested 500/531 kept=336 rest=13837
[INFO] tested 531/531 kept=341 rest=13806
[INFO] tested 100/1062 kept=42 rest=13706
[INFO] tested 200/1062 kept=107 rest=13606
[INFO] tested 300/1062 kept=134 rest=13506
[INFO] tested 400/1062 kept=137 rest=13406
[INFO] tested 500/1062 kept=139 rest=13306
[INFO] tested 600/1062 kept=141 rest=13206
[INFO] tested 700/1062 kept=144 rest=13106
[INFO] tested 800/1062 kept=145 rest=13006
[INFO] tested 900/1062 kept=147 rest=12906
[INFO] tested 1000/1062 kept=150 rest=12806
[INFO] tested 1062/1062 kept=150 rest=12744
[WARN] batch start failed size=4248
[WARN] split batch 4248 -> 2124 + 2124
[WARN] batch start failed size=2124
[WARN] split batch 2124 -> 1062 + 1062
[WARN] batch start failed size=1062
[WARN] split batch 1062 -> 531 + 531
[WARN] batch start failed size=531
[WARN] split batch 531 -> 265 + 266
[INFO] tested 100/265 kept=0 rest=12644
[INFO] tested 200/265 kept=7 rest=12544
[INFO] tested 265/265 kept=9 rest=12479
[WARN] batch start failed size=266
[WARN] split batch 266 -> 133 + 133
[WARN] batch start failed size=133
[WARN] split batch 133 -> 66 + 67
[INFO] tested 66/66 kept=7 rest=12413
[WARN] batch start failed size=67
[WARN] split batch 67 -> 33 + 34
[WARN] batch start failed size=33
[WARN] split batch 33 -> 16 + 17
[INFO] tested 16/16 kept=1 rest=12397
[WARN] batch start failed size=17
[WARN] split batch 17 -> 8 + 9
[WARN] batch start failed size=8
[WARN] split batch 8 -> 4 + 4
[WARN] batch start failed size=4
[WARN] split batch 4 -> 2 + 2
[INFO] tested 2/2 kept=0 rest=12395
[WARN] batch start failed size=2
[WARN] split batch 2 -> 1 + 1
[INFO] tested 1/1 kept=0 rest=12394
[WARN] batch start failed size=1
[DROP] name=[Free-clash-v2ray] 未知 SS-1439 | free-nodes server=192.0.2.1:1 reason=Start initial configuration in progress
[INFO] tested 4/4 kept=0 rest=12389
[INFO] tested 9/9 kept=0 rest=12380
[INFO] tested 34/34 kept=0 rest=12346
[INFO] tested 100/133 kept=37 rest=12246
[INFO] tested 133/133 kept=37 rest=12213
[INFO] tested 100/531 kept=17 rest=12113
[INFO] tested 200/531 kept=30 rest=12013
[INFO] tested 300/531 kept=37 rest=11913
[INFO] tested 400/531 kept=40 rest=11813
[INFO] tested 500/531 kept=40 rest=11713
[INFO] tested 531/531 kept=40 rest=11682
[INFO] tested 100/1062 kept=0 rest=11582
[INFO] tested 200/1062 kept=0 rest=11482
[INFO] tested 300/1062 kept=1 rest=11382
[INFO] tested 400/1062 kept=1 rest=11282
[INFO] tested 500/1062 kept=5 rest=11182
[INFO] tested 600/1062 kept=8 rest=11082
[INFO] tested 700/1062 kept=9 rest=10982
[INFO] tested 800/1062 kept=12 rest=10882
[INFO] tested 900/1062 kept=16 rest=10782
[INFO] tested 1000/1062 kept=31 rest=10682
[INFO] tested 1062/1062 kept=32 rest=10620
[INFO] tested 100/2124 kept=22 rest=10520
[INFO] tested 200/2124 kept=22 rest=10420
[INFO] tested 300/2124 kept=23 rest=10320
[INFO] tested 400/2124 kept=25 rest=10220
[INFO] tested 500/2124 kept=26 rest=10120
[INFO] tested 600/2124 kept=26 rest=10020
[INFO] tested 700/2124 kept=26 rest=9920
[INFO] tested 800/2124 kept=26 rest=9820
[INFO] tested 900/2124 kept=26 rest=9720
[INFO] tested 1000/2124 kept=26 rest=9620
[INFO] tested 1100/2124 kept=26 rest=9520
[INFO] tested 1200/2124 kept=26 rest=9420
[INFO] tested 1300/2124 kept=26 rest=9320
[INFO] tested 1400/2124 kept=56 rest=9220
[INFO] tested 1500/2124 kept=107 rest=9120
[INFO] tested 1600/2124 kept=108 rest=9020
[INFO] tested 1700/2124 kept=108 rest=8920
[INFO] tested 1800/2124 kept=108 rest=8820
[INFO] tested 1900/2124 kept=108 rest=8720
[INFO] tested 2000/2124 kept=108 rest=8620
[INFO] tested 2100/2124 kept=108 rest=8520
[INFO] tested 2124/2124 kept=108 rest=8496
[WARN] batch start failed size=8496
[WARN] split batch 8496 -> 4248 + 4248
[INFO] tested 100/4248 kept=0 rest=8396
[INFO] tested 200/4248 kept=0 rest=8296
[INFO] tested 300/4248 kept=0 rest=8196
[INFO] tested 400/4248 kept=0 rest=8096
[INFO] tested 500/4248 kept=0 rest=7996
[INFO] tested 600/4248 kept=0 rest=7896
[INFO] tested 700/4248 kept=0 rest=7796
[INFO] tested 800/4248 kept=0 rest=7696
[INFO] tested 900/4248 kept=0 rest=7596
[INFO] tested 1000/4248 kept=0 rest=7496
[INFO] tested 1100/4248 kept=0 rest=7396
[INFO] tested 1200/4248 kept=3 rest=7296
[INFO] tested 1300/4248 kept=4 rest=7196
[INFO] tested 1400/4248 kept=6 rest=7096
[INFO] tested 1500/4248 kept=6 rest=6996
[INFO] tested 1600/4248 kept=6 rest=6896
[INFO] tested 1700/4248 kept=9 rest=6796
[INFO] tested 1800/4248 kept=9 rest=6696
[INFO] tested 1900/4248 kept=10 rest=6596
[INFO] tested 2000/4248 kept=11 rest=6496
[INFO] tested 2100/4248 kept=11 rest=6396
[INFO] tested 2200/4248 kept=11 rest=6296
[INFO] tested 2300/4248 kept=11 rest=6196
[INFO] tested 2400/4248 kept=11 rest=6096
[INFO] tested 2500/4248 kept=11 rest=5996
[INFO] tested 2600/4248 kept=11 rest=5896
[INFO] tested 2700/4248 kept=12 rest=5796
[INFO] tested 2800/4248 kept=12 rest=5696
[INFO] tested 2900/4248 kept=13 rest=5596
[INFO] tested 3000/4248 kept=14 rest=5496
[INFO] tested 3100/4248 kept=15 rest=5396
[INFO] tested 3200/4248 kept=15 rest=5296
[INFO] tested 3300/4248 kept=15 rest=5196
[INFO] tested 3400/4248 kept=15 rest=5096
[INFO] tested 3500/4248 kept=15 rest=4996
[INFO] tested 3600/4248 kept=15 rest=4896
[INFO] tested 3700/4248 kept=15 rest=4796
[INFO] tested 3800/4248 kept=15 rest=4696
[INFO] tested 3900/4248 kept=15 rest=4596
[INFO] tested 4000/4248 kept=15 rest=4496
[INFO] tested 4100/4248 kept=15 rest=4396
[INFO] tested 4200/4248 kept=15 rest=4296
[INFO] tested 4248/4248 kept=15 rest=4248
[WARN] batch start failed size=4248
[WARN] split batch 4248 -> 2124 + 2124
[WARN] batch start failed size=2124
[WARN] split batch 2124 -> 1062 + 1062
[WARN] batch start failed size=1062
[WARN] split batch 1062 -> 531 + 531
[INFO] tested 100/531 kept=0 rest=4148
[INFO] tested 200/531 kept=0 rest=4048
[INFO] tested 300/531 kept=0 rest=3948
[INFO] tested 400/531 kept=0 rest=3848
[INFO] tested 500/531 kept=2 rest=3748
[INFO] tested 531/531 kept=2 rest=3717
[WARN] batch start failed size=531
[WARN] split batch 531 -> 265 + 266
[WARN] batch start failed size=265
[WARN] split batch 265 -> 132 + 133
[INFO] tested 100/132 kept=9 rest=3617
[INFO] tested 132/132 kept=9 rest=3585
[WARN] batch start failed size=133
[WARN] split batch 133 -> 66 + 67
[INFO] tested 66/66 kept=4 rest=3519
[WARN] batch start failed size=67
[WARN] split batch 67 -> 33 + 34
[INFO] tested 33/33 kept=1 rest=3486
[WARN] batch start failed size=34
[WARN] split batch 34 -> 17 + 17
[WARN] batch start failed size=17
[WARN] split batch 17 -> 8 + 9
[WARN] batch start failed size=8
[WARN] split batch 8 -> 4 + 4
[WARN] batch start failed size=4
[WARN] split batch 4 -> 2 + 2
[INFO] tested 2/2 kept=0 rest=3484
[WARN] batch start failed size=2
[WARN] split batch 2 -> 1 + 1
[WARN] batch start failed size=1
[DROP] name=[Pawdroid-sr-apk] 英国+V2CROSS.COM-6 server=82.38.31.189:8080 reason=Start initial configuration in progress
[INFO] tested 1/1 kept=0 rest=3482
[INFO] tested 4/4 kept=0 rest=3478
[INFO] tested 9/9 kept=4 rest=3469
[INFO] tested 17/17 kept=1 rest=3452
[INFO] tested 100/266 kept=0 rest=3352
[INFO] tested 200/266 kept=1 rest=3252
[INFO] tested 266/266 kept=2 rest=3186
[WARN] batch start failed size=1062
[WARN] split batch 1062 -> 531 + 531
[WARN] batch start failed size=531
[WARN] split batch 531 -> 265 + 266
[INFO] tested 100/265 kept=4 rest=3086
[INFO] tested 200/265 kept=9 rest=2986
[INFO] tested 265/265 kept=10 rest=2921
[WARN] batch start failed size=266
[WARN] split batch 266 -> 133 + 133
[INFO] tested 100/133 kept=15 rest=2821
[INFO] tested 133/133 kept=15 rest=2788
[WARN] batch start failed size=133
[WARN] split batch 133 -> 66 + 67
[WARN] batch start failed size=66
[WARN] split batch 66 -> 33 + 33
[INFO] tested 33/33 kept=0 rest=2755
[WARN] batch start failed size=33
[WARN] split batch 33 -> 16 + 17
[WARN] batch start failed size=16
[WARN] split batch 16 -> 8 + 8
[INFO] tested 8/8 kept=0 rest=2747
[WARN] batch start failed size=8
[WARN] split batch 8 -> 4 + 4
[INFO] tested 4/4 kept=0 rest=2743
[WARN] batch start failed size=4
[WARN] split batch 4 -> 2 + 2
[INFO] tested 2/2 kept=0 rest=2741
[WARN] batch start failed size=2
[WARN] split batch 2 -> 1 + 1
[WARN] batch start failed size=1
[DROP] name=[Epodonios] EPODONIOS-10 server=109.73.206.90:443 reason=Start initial configuration in progress
[INFO] tested 1/1 kept=0 rest=2739
[INFO] tested 17/17 kept=0 rest=2722
[WARN] batch start failed size=67
[WARN] split batch 67 -> 33 + 34
[INFO] tested 33/33 kept=6 rest=2689
[WARN] batch start failed size=34
[WARN] split batch 34 -> 17 + 17
[INFO] tested 17/17 kept=1 rest=2672
[WARN] batch start failed size=17
[WARN] split batch 17 -> 8 + 9
[INFO] tested 8/8 kept=0 rest=2664
[WARN] batch start failed size=9
[WARN] split batch 9 -> 4 + 5
[INFO] tested 4/4 kept=1 rest=2660
[WARN] batch start failed size=5
[WARN] split batch 5 -> 2 + 3
[WARN] batch start failed size=2
[WARN] split batch 2 -> 1 + 1
[INFO] tested 1/1 kept=0 rest=2659
[WARN] batch start failed size=1
[DROP] name=[Epodonios] EPODONIOS-92 server=78.38.246.150:8446 reason=Start initial configuration in progress
[INFO] tested 3/3 kept=0 rest=2655
[INFO] tested 100/531 kept=2 rest=2555
[INFO] tested 200/531 kept=7 rest=2455
[INFO] tested 300/531 kept=12 rest=2355
[INFO] tested 400/531 kept=14 rest=2255
[INFO] tested 500/531 kept=17 rest=2155
[INFO] tested 531/531 kept=17 rest=2124
[WARN] batch start failed size=2124
[WARN] split batch 2124 -> 1062 + 1062
[WARN] batch start failed size=1062
[WARN] split batch 1062 -> 531 + 531
[INFO] tested 100/531 kept=0 rest=2024
[INFO] tested 200/531 kept=6 rest=1924
[INFO] tested 300/531 kept=6 rest=1824
[INFO] tested 400/531 kept=6 rest=1724
[INFO] tested 500/531 kept=12 rest=1624
[INFO] tested 531/531 kept=12 rest=1593
[WARN] batch start failed size=531
[WARN] split batch 531 -> 265 + 266
[WARN] batch start failed size=265
[WARN] split batch 265 -> 132 + 133
[WARN] batch start failed size=132
[WARN] split batch 132 -> 66 + 66
[WARN] batch start failed size=66
[WARN] split batch 66 -> 33 + 33
[INFO] tested 33/33 kept=1 rest=1560
[WARN] batch start failed size=33
[WARN] split batch 33 -> 16 + 17
[INFO] tested 16/16 kept=0 rest=1544
[WARN] batch start failed size=17
[WARN] split batch 17 -> 8 + 9
[WARN] batch start failed size=8
[WARN] split batch 8 -> 4 + 4
[WARN] batch start failed size=4
[WARN] split batch 4 -> 2 + 2
[WARN] batch start failed size=2
[WARN] split batch 2 -> 1 + 1
[INFO] tested 1/1 kept=0 rest=1543
[WARN] batch start failed size=1
[DROP] name=[Epodonios] EPODONIOS-1141 server=87.58.148.202:443 reason=Start initial configuration in progress
[INFO] tested 2/2 kept=0 rest=1540
[INFO] tested 4/4 kept=0 rest=1536
[INFO] tested 9/9 kept=0 rest=1527
[INFO] tested 66/66 kept=1 rest=1461
[INFO] tested 100/133 kept=3 rest=1361
[INFO] tested 133/133 kept=4 rest=1328
[WARN] batch start failed size=266
[WARN] split batch 266 -> 133 + 133
[WARN] batch start failed size=133
[WARN] split batch 133 -> 66 + 67
[WARN] batch start failed size=66
[WARN] split batch 66 -> 33 + 33
[WARN] batch start failed size=33
[WARN] split batch 33 -> 16 + 17
[WARN] batch start failed size=16
[WARN] split batch 16 -> 8 + 8
[INFO] tested 8/8 kept=0 rest=1320
[WARN] batch start failed size=8
[WARN] split batch 8 -> 4 + 4
[WARN] batch start failed size=4
[WARN] split batch 4 -> 2 + 2
[INFO] tested 2/2 kept=0 rest=1318
[WARN] batch start failed size=2
[WARN] split batch 2 -> 1 + 1
[INFO] tested 1/1 kept=0 rest=1317
[WARN] batch start failed size=1
[DROP] name=[Epodonios] EPODONIOS-1353 server=s1.test.anti-zapret.com:8443 reason=Start initial configuration in progress
[INFO] tested 4/4 kept=0 rest=1312
[INFO] tested 17/17 kept=1 rest=1295
[INFO] tested 33/33 kept=0 rest=1262
[INFO] tested 67/67 kept=5 rest=1195
[INFO] tested 100/133 kept=4 rest=1095
[INFO] tested 133/133 kept=4 rest=1062
[WARN] batch start failed size=1062
[WARN] split batch 1062 -> 531 + 531
[INFO] tested 100/531 kept=3 rest=962
[INFO] tested 200/531 kept=4 rest=862
[INFO] tested 300/531 kept=5 rest=762
[INFO] tested 400/531 kept=5 rest=662
[INFO] tested 500/531 kept=8 rest=562
[INFO] tested 531/531 kept=8 rest=531
[WARN] batch start failed size=531
[WARN] split batch 531 -> 265 + 266
[WARN] batch start failed size=265
[WARN] split batch 265 -> 132 + 133
[INFO] tested 100/132 kept=6 rest=431
[INFO] tested 132/132 kept=6 rest=399
[WARN] batch start failed size=133
[WARN] split batch 133 -> 66 + 67
[INFO] tested 66/66 kept=1 rest=333
[WARN] batch start failed size=67
[WARN] split batch 67 -> 33 + 34
[WARN] batch start failed size=33
[WARN] split batch 33 -> 16 + 17
[WARN] batch start failed size=16
[WARN] split batch 16 -> 8 + 8
[WARN] batch start failed size=8
[WARN] split batch 8 -> 4 + 4
[INFO] tested 4/4 kept=1 rest=329
[WARN] batch start failed size=4
[WARN] split batch 4 -> 2 + 2
[WARN] batch start failed size=2
[WARN] split batch 2 -> 1 + 1
[WARN] batch start failed size=1
[DROP] name=[Epodonios] EPODONIOS-2293 server=104.21.11.173:443 reason=Start initial configuration in progress
[WARN] batch start failed size=1
[DROP] name=[Epodonios] EPODONIOS-2294 server=172.67.72.191:2096 reason=Start initial configuration in progress
[WARN] batch start failed size=2
[WARN] split batch 2 -> 1 + 1
[WARN] batch start failed size=1
[DROP] name=[Epodonios] EPODONIOS-2295 server=104.31.16.36:443 reason=Start initial configuration in progress
[INFO] tested 1/1 kept=0 rest=325
[INFO] tested 8/8 kept=0 rest=317
[INFO] tested 17/17 kept=0 rest=300
[INFO] tested 34/34 kept=1 rest=266
[INFO] tested 100/266 kept=15 rest=166
[INFO] tested 200/266 kept=65 rest=66
[INFO] tested 266/266 kept=90 rest=0
[INFO] dropped=15 [ChromeGO-ShiteThings] × 5 | [Free-clash-v2ray] × 2 | [Pawdroid-sr-apk] × 1 | [Epodonios] × 7
============================================================
[INFO] cap live source=[Free-clash-v2ray] from 1344 to 50 by health_score
[INFO] cap live source=[免费节点8] from 110 to 50 by health_score
[INFO] cap live source=[Epodonios] from 75 to 50 by health_score
[INFO] cap live source=[V2rayclashfree-RSS] from 85 to 50 by health_score
[INFO] cap live total from 421 to 350 trim large sources first
============================================================
+------------------------------+--------+--------+------+--------+
| source                       |    raw | unique | live | capped |
+------------------------------+--------+--------+------+--------+
| [大FQ运动]                   |      4 |      4 |    1 |      1 |
+------------------------------+--------+--------+------+--------+
| [大FQ运动-SS密钥]            |      4 |      4 |    2 |      2 |
+------------------------------+--------+--------+------+--------+
| [大FQ运动-补充]              |      8 |      6 |    0 |      0 |
+------------------------------+--------+--------+------+--------+
| [ChromeGO-工具包]            |     14 |     14 |    5 |      5 |
+------------------------------+--------+--------+------+--------+
| [ChromeGO-ShiteThings]       |     31 |     25 |    1 |      1 |
+------------------------------+--------+--------+------+--------+
| [ChromeGO-Merge]             |     33 |     33 |    6 |      6 |
+------------------------------+--------+--------+------+--------+
| [Freesocks]                  |      3 |      3 |    3 |      3 |
+------------------------------+--------+--------+------+--------+
| [NekoWarp]                   |     10 |     10 |   10 |     10 |
+------------------------------+--------+--------+------+--------+
| [OpenRunner-RSS]             |     14 |      0 |    0 |      0 |
+------------------------------+--------+--------+------+--------+
| [V2Rayshare-RSS]             |     54 |     52 |   11 |     11 |
+------------------------------+--------+--------+------+--------+
| [V2Rayshare-SUB]             |     54 |      0 |    0 |      0 |
+------------------------------+--------+--------+------+--------+
| [Mibei77-RSS]                |    122 |    122 |   10 |     10 |
+------------------------------+--------+--------+------+--------+
| [Yoyapai-RSS]                |    207 |    173 |    2 |      2 |
+------------------------------+--------+--------+------+--------+
| [Free-clash-v2ray]           |   4528 |   4209 | 1344 |     35 |
+------------------------------+--------+--------+------+--------+
| [Pawdroid]                   |     41 |      8 |    4 |      4 |
+------------------------------+--------+--------+------+--------+
| [FreeV2-Base64]              |      3 |      3 |    3 |      3 |
+------------------------------+--------+--------+------+--------+
| [Bocchi2b-Base64]            |     35 |     35 |    0 |      0 |
+------------------------------+--------+--------+------+--------+
| [免费节点1]                  |    162 |     44 |   20 |     20 |
+------------------------------+--------+--------+------+--------+
| [免费节点2]                  |    404 |    261 |   46 |     35 |
+------------------------------+--------+--------+------+--------+
| [免费节点3]                  |     45 |      0 |    0 |      0 |
+------------------------------+--------+--------+------+--------+
| [免费节点4]                  |    839 |      7 |    1 |      1 |
+------------------------------+--------+--------+------+--------+
| [免费节点5]                  |     29 |     28 |    0 |      0 |
+------------------------------+--------+--------+------+--------+
| [免费节点6]                  |   1449 |   1305 |   19 |     19 |
+------------------------------+--------+--------+------+--------+
| [免费节点7]                  |     64 |     31 |   20 |     20 |
+------------------------------+--------+--------+------+--------+
| [免费节点8]                  |   4254 |   3353 |  110 |     35 |
+------------------------------+--------+--------+------+--------+
| [免费节点9]                  |    615 |    457 |    0 |      0 |
+------------------------------+--------+--------+------+--------+
| [免费节点10]                 |   5376 |   3085 |   11 |     11 |
+------------------------------+--------+--------+------+--------+
| [免费节点11]                 |    449 |    152 |   13 |     13 |
+------------------------------+--------+--------+------+--------+
| [Pawdroid-sr-apk]            |   1454 |    704 |   24 |     24 |
+------------------------------+--------+--------+------+--------+
| [Pawdroid-ss-apk]            |   1454 |      0 |    0 |      0 |
+------------------------------+--------+--------+------+--------+
| [Clashfree]                  |   1326 |    113 |    9 |      9 |
+------------------------------+--------+--------+------+--------+
| [Epodonios]                  |   4316 |   2561 |   75 |     35 |
+------------------------------+--------+--------+------+--------+
| [V2rayclashfree-RSS]         |   1347 |    189 |   85 |     35 |
+------------------------------+--------+--------+------+--------+
============================================================
[SUMMARY] total_nodes=28748
[SUMMARY] legal_candidates=16991
[SUMMARY] passed_latency_test=350
[SUMMARY] region_HK=13 region_JP=17 region_US=104
[SUMMARY] avg_latency_ms=609.28
[SUMMARY] output=/home/runner/work/Free-node-autotest/Free-node-autotest/output/clash.yaml
============================================================
