============================================================
[INFO] sublink try page: https://end-gfw.com
[OK] proxies=2 new=2 url=https://raw.githubusercontent.com/hello-world-1989/cn-news/refs/heads/main/clash.yaml
[OK] proxies=2 new=0 url=https://raw.githubusercontent.com/hello-world-1989/cn-news/main/end-gfw-together
[OK] proxies=2 new=2 url=https://raw.githubusercontent.com/hello-world-1989/cn-news/main/end-gfw-together-ss
[OK] proxies=4 source=[大FQ运动] url=https://end-gfw.com
============================================================
[INFO] source try url: https://end-gfw.com/ss-key
[OK] proxies=4 new=4 url=https://end-gfw.com/ss-key
[OK] proxies=4 source=[大FQ运动-SS密钥] url=https://end-gfw.com/ss-key
============================================================
[INFO] sublink try repo: https://github.com/hello-world-1989/cn-news
[INFO] sublink try page: https://raw.githubusercontent.com/hello-world-1989/cn-news/main/README.md
[OK] proxies=2 new=2 url=https://raw.githubusercontent.com/hello-world-1989/cn-news/refs/heads/main/clash.yaml
[OK] proxies=2 new=0 url=https://raw.githubusercontent.com/hello-world-1989/cn-news/main/end-gfw-together
[OK] proxies=6 new=6 url=https://raw.githubusercontent.com/hello-world-1989/v2-sub/main/end-gfw-together-af3e13
[OK] proxies=8 source=[大FQ运动-补充] url=https://raw.githubusercontent.com/hello-world-1989/cn-news/main/README.md
============================================================
[INFO] toolkit try repo: https://github.com/bannedbook/fanqiang
[INFO] toolkit try release: https://github.com/bannedbook/fanqiang/releases
[INFO] toolkit try release: https://github.com/bannedbook/fanqiang/releases/expanded_assets/ChromeGo-latest
[INFO] toolkit try download: https://github.com/bannedbook/fanqiang/releases/download/ChromeGo-latest/ChromeGo.7z
[OK] toolkit downloaded: ChromeGo.7z bytes=100924352
[OK] toolkit extracted archive=ChromeGo.7z tool=7z files=222 dirs=45
[OK] toolkit discovered subs=107 embedded=12 archive=ChromeGo.7z
[OK] proxies=6 new=6 embedded=archive-config
[OK] proxies=7 new=5 url=https://gitlab.com/free9999/ipupdate/master/backup/img/1/2/{ipp|ip}/{hysteria2|singbox|naiveproxy|hysteria|xray}/{2|3|1|4}/config.json
[OK] proxies=7 new=0 url=https://www.67867867.xyz/Alvin9999/PAC/refs/heads/master/backup/img/1/2/{ipp|ip}/{hysteria2|singbox|naiveproxy|hysteria|xray}/{2|3|1|4}/config.json
[OK] proxies=3 new=3 url=https://gitlab.com/free9999/ipupdate/master/backup/img/1/2/{ipp|ip}/clash.meta2/{2|3|1|5|4|6}/config.yaml
[OK] proxies=3 new=0 url=https://www.67867867.xyz/Alvin9999/PAC/refs/heads/master/backup/img/1/2/{ipp|ip}/clash.meta2/{2|3|1|5|4|6}/config.yaml
[OK] proxies=14 source=[ChromeGO-工具包] url=https://github.com/bannedbook/fanqiang/releases/download/ChromeGo-latest/ChromeGo.7z
============================================================
[INFO] sublink try repo: https://github.com/ShiteThings/extractNodes
[INFO] sublink try page: https://raw.githubusercontent.com/ShiteThings/extractNodes/main/README.md
[OK] proxies=31 new=30 url=https://{chg26.makou.cc.cd|chg64.makou.cc.cd}
[OK] proxies=26 new=1 url=https://chg26.makou.cc.cd/sb
[OK] proxies=31 source=[ChromeGO-ShiteThings] url=https://raw.githubusercontent.com/ShiteThings/extractNodes/main/README.md
============================================================
[INFO] sublink try repo: https://github.com/shangui999/chromego_merge
[INFO] sublink try page: https://raw.githubusercontent.com/shangui999/chromego_merge/master/ReadMe.md
[OK] proxies=10 new=10 url=https://freedman.netlify.app/sub/merged_proxies_new.yaml
[OK] proxies=11 new=1 url=https://freedman.netlify.app/sub/merged_warp_proxies_new.yaml
[OK] proxies=11 new=6 url=https://freedman.netlify.app/sub/shadowrocket_base64.txt
[OK] proxies=16 new=16 url=https://freedman.netlify.app/sub/sb.json
[INFO] sublink try repo: https://github.com/yaney01/chromego
[INFO] sublink try page: https://raw.githubusercontent.com/yaney01/chromego/main/ReadMe.md
[OK] proxies=50 new=46 url=https://raw.githubusercontent.com/yaney01/chromego/main/sub/merged_proxies_new.yaml
[OK] proxies=51 new=0 url=https://raw.githubusercontent.com/yaney01/chromego/main/sub/merged_warp_proxies_new.yaml
[OK] proxies=13 new=7 url=https://raw.githubusercontent.com/yaney01/chromego/main/sub/shadowrocket_base64.txt
[OK] proxies=13 new=0 url=https://raw.githubusercontent.com/yaney01/chromego/main/sub/sb.json
[INFO] sublink try repo: https://github.com/Misaka-blog/chromego_merge
[INFO] sublink try page: https://raw.githubusercontent.com/Misaka-blog/chromego_merge/main/README.md
[OK] proxies=25 new=25 url=https://chromego-sub.netlify.app/sub/merged_proxies_new.yaml
[OK] proxies=111 source=[ChromeGO-Merge] url=https://raw.githubusercontent.com/Misaka-blog/chromego_merge/main/README.md
============================================================
[INFO] source try url: https://freesocks.org/api/v1/sub/02b897e8e77f19176b0b9f2c75864b00
[OK] proxies=3 new=3 url=https://freesocks.org/api/v1/sub/02b897e8e77f19176b0b9f2c75864b00
[OK] proxies=3 source=[Freesocks] url=https://freesocks.org/api/v1/sub/02b897e8e77f19176b0b9f2c75864b00
============================================================
[INFO] source try url: https://neko-warp.nloli.xyz/neko_warp.yaml
[OK] proxies=10 new=10 url=https://neko-warp.nloli.xyz/neko_warp.yaml
[OK] proxies=10 source=[NekoWarp] url=https://neko-warp.nloli.xyz/neko_warp.yaml
============================================================
[INFO] article try feed: https://free.datiya.com/index.xml
[INFO] sublink try page: https://free.datiya.com/post/20260913/
[OK] proxies=14 new=14 url=https://free.datiya.com/uploads/20260913-clash.yaml
[OK] proxies=14 source=[OpenRunner-RSS] url=https://free.datiya.com/post/20260913/
============================================================
[INFO] article try feed: https://v2rayshare.com/feed
[INFO] sublink try page: https://v2rayshare.net/p/5067.html
[OK] proxies=27 new=27 url=https://static.v2rayshare.net/2026/09/20260913.txt
[OK] proxies=27 new=0 url=https://static.v2rayshare.net/2026/09/20260913.yaml
[OK] proxies=27 new=0 url=https://static.v2rayshare.net/2026/09/m20260913.yaml
[INFO] sublink try repo: https://github.com/firefoxmmx2/v2rayshare_subcription
[INFO] sublink try page: https://raw.githubusercontent.com/firefoxmmx2/v2rayshare_subcription/main/README.md
[OK] proxies=27 new=0 url=https://{raw.githubusercontent.com|cdn.jsdelivr.net}/firefoxmmx2/v2rayshare_subcription/main/subscription/vray_sub.txt
[OK] proxies=27 new=0 url=https://{raw.githubusercontent.com|cdn.jsdelivr.net}/firefoxmmx2/v2rayshare_subcription/main/subscription/clash_sub.yaml
[OK] proxies=27 new=0 url=https://{raw.githubusercontent.com|cdn.jsdelivr.net}/firefoxmmx2/v2rayshare_subcription/main/subscription/mihomo_sub.yaml
[OK] proxies=27 source=[V2Rayshare-RSS] url=https://raw.githubusercontent.com/firefoxmmx2/v2rayshare_subcription/main/README.md
============================================================
[INFO] article try feed: https://www.mibei77.com/feed
[INFO] sublink try page: https://www.mibei77.com/666.html
[OK] proxies=106 new=106 url=https://mm.mibei77.com/202609/09.1364bavgb.txt
[OK] proxies=105 new=0 url=https://mm.mibei77.com/202609/0913Clashizx.yaml
[OK] proxies=106 source=[Mibei77-RSS] url=https://www.mibei77.com/666.html
============================================================
[INFO] article try feed: https://yoyapai.com/feed
[INFO] sublink try page: https://yoyapai.com/715
[OK] proxies=1 new=1 url=https://yoyapai.com/715
[OK] proxies=208 new=208 url=https://freenode.yoyapai.com/2026/09/13-yoyapai.com-clash-vpn-mianfei-jiedian.yaml
[OK] proxies=208 new=0 url=https://freenode.yoyapai.com/2026/09/13-yoyapai.com-ssrv2ray-vpn-mianfei-jiedian.txt
[OK] proxies=209 source=[Yoyapai-RSS] url=https://yoyapai.com/715
============================================================
[INFO] sublink try repo: https://github.com/free-clash-v2ray/free-clash-v2ray.github.io
[INFO] sublink try page: https://raw.githubusercontent.com/free-clash-v2ray/free-clash-v2ray.github.io/main/README.md
[OK] proxies=2890 new=2890 url=https://free-clash-v2ray.github.io/uploads/2026/09/{0-20260913.yaml|1-20260913.yaml|2-20260913.yaml|3-20260913.yaml}
[OK] proxies=4384 new=1835 url=https://free-clash-v2ray.github.io/uploads/2026/09/{0-20260913.txt|1-20260913.txt|2-20260913.txt|3-20260913.txt|4-20260913.txt}
[OK] proxies=4725 source=[Free-clash-v2ray] url=https://raw.githubusercontent.com/free-clash-v2ray/free-clash-v2ray.github.io/main/README.md
============================================================
[INFO] sublink try repo: https://github.com/Pawdroid/Free-servers
[INFO] sublink try page: https://raw.githubusercontent.com/Pawdroid/Free-servers/main/README.md
[OK] proxies=12 new=12 url=https://raw.githubusercontent.com/Pawdroid/Free-servers/main/README.md
[OK] proxies=12 new=0 url=https://raw.githubusercontent.com/Pawdroid/Free-servers/main/sub
[OK] proxies=1 new=1 url=https://apps.apple.com/cn/app/shadowshare/id1612647259
[OK] proxies=13 source=[Pawdroid] url=https://raw.githubusercontent.com/Pawdroid/Free-servers/main/README.md
============================================================
[INFO] source try url: https://xmxosfepggzm.503403.xyz
[OK] proxies=2 new=2 url=https://xmxosfepggzm.503403.xyz
[OK] proxies=2 source=[FreeV2-Base64] url=https://xmxosfepggzm.503403.xyz
============================================================
[INFO] source try url: https://links.bocchi2b.top/clash
[OK] proxies=35 new=35 url=https://links.bocchi2b.top/clash
[OK] proxies=35 source=[Bocchi2b-Base64] url=https://links.bocchi2b.top/clash
============================================================
[INFO] sublink try repo: https://github.com/free18/v2ray
[INFO] sublink try page: https://raw.githubusercontent.com/free18/v2ray/main/README.md
[OK] proxies=3 new=3 url=https://raw.githubusercontent.com/free18/v2ray/main/README.md
[OK] proxies=132 new=131 url=https://ghfast.top/https://raw.githubusercontent.com/free18/v2ray/refs/heads/main/v.txt
[OK] proxies=132 new=0 url=https://ghfast.top/https://raw.githubusercontent.com/free18/v2ray/refs/heads/main/c.yaml
[OK] proxies=134 source=[免费节点1] url=https://raw.githubusercontent.com/free18/v2ray/main/README.md
============================================================
[INFO] sublink try repo: https://github.com/ermaozi/get_subscribe
[INFO] sublink try page: https://raw.githubusercontent.com/ermaozi/get_subscribe/main/README.md
[INFO] sublink file_nodes=0 bare links=9
[OK] proxies=387 new=387 url=https://www.ermao.net/sub/{clash|v2ray}/ermao.net
[OK] proxies=386 new=0 url=https://www.ermao.net/sub/{reachable|unreachable|untested}/clash/ermao.net
[OK] proxies=387 source=[免费节点2] url=https://raw.githubusercontent.com/ermaozi/get_subscribe/main/README.md
============================================================
[INFO] sublink try repo: https://github.com/sunmiao4458/free-proxy-airport
[INFO] sublink try page: https://raw.githubusercontent.com/sunmiao4458/free-proxy-airport/main/README.md
[OK] proxies=55 new=55 url=https://sunmiao4458.github.io/free-proxy-airport/clash.yaml
[OK] proxies=55 source=[免费节点3] url=https://raw.githubusercontent.com/sunmiao4458/free-proxy-airport/main/README.md
============================================================
[INFO] sublink try repo: https://github.com/mfuu/FreeProxies
[INFO] sublink try page: https://raw.githubusercontent.com/mfuu/FreeProxies/master/README.md
[OK] proxies=844 new=844 url=https://raw.githubusercontent.com/mfuu/FreeProxies/master/sub.yaml
[OK] proxies=844 source=[免费节点4] url=https://raw.githubusercontent.com/mfuu/FreeProxies/master/README.md
============================================================
[INFO] sublink try repo: https://github.com/vxiaov/free_proxies
[INFO] sublink try page: https://raw.githubusercontent.com/vxiaov/free_proxies/main/README.md
[OK] proxies=1 new=1 url=https://raw.githubusercontent.com/vxiaov/free_proxies/main/README.md
[OK] proxies=28 new=28 url=https://{cdn.jsdelivr.net|raw.githubusercontent.com}/vxiaov/free_proxies/main/clash/clash.provider.yaml
[OK] proxies=29 source=[免费节点5] url=https://raw.githubusercontent.com/vxiaov/free_proxies/main/README.md
============================================================
[INFO] sublink try repo: https://github.com/anaer/Sub
[INFO] sublink try page: https://raw.githubusercontent.com/anaer/Sub/main/README.MD
[OK] proxies=644 new=644 url=https://anaer.github.io/Sub/clash.yaml
[OK] proxies=644 new=0 url=https://raw.githubusercontent.com/anaer/Sub/main/clash.yaml
[OK] proxies=644 source=[免费节点6] url=https://raw.githubusercontent.com/anaer/Sub/main/README.MD
============================================================
[INFO] sublink try repo: https://github.com/snakem982/proxypool
[INFO] sublink try page: https://raw.githubusercontent.com/snakem982/proxypool/main/README.md
[OK] proxies=64 new=64 url=https://raw.githubusercontent.com/snakem982/proxypool/main/source/clash-meta-2.yaml
[OK] proxies=62 new=0 url=https://raw.githubusercontent.com/snakem982/proxypool/main/source/v2ray-2.txt
[OK] proxies=62 new=0 url=https://raw.githubusercontent.com/snakem982/proxypool/main/source/sing-box-2.json
[OK] proxies=64 source=[免费节点7] url=https://raw.githubusercontent.com/snakem982/proxypool/main/README.md
============================================================
[INFO] sublink try repo: https://github.com/mahdibland/V2RayAggregator
[INFO] sublink try page: https://raw.githubusercontent.com/mahdibland/V2RayAggregator/master/README.md
[OK] proxies=380 new=380 url=https://raw.githubusercontent.com/mahdibland/V2RayAggregator/master/README.md
[OK] proxies=1 new=1 url=https://github.com/mahdibland/SSAggregator/actions/workflows/Collector.yml
[OK] proxies=1 new=0 url=https://github.com/mahdibland/SSAggregator/actions/workflows/Airport_Collector.yml
[OK] proxies=199 new=0 url=https://raw.githubusercontent.com/mahdibland/ShadowsocksAggregator/master/Eternity.txt
[OK] proxies=200 new=1 url=https://raw.githubusercontent.com/mahdibland/ShadowsocksAggregator/master/Eternity.yml
[OK] proxies=61 new=61 url=https://raw.githubusercontent.com/mahdibland/ShadowsocksAggregator/master/EternityAir.txt
[OK] proxies=3825 new=3539 url=https://raw.githubusercontent.com/mahdibland/SSAggregator/master/sub/sub_merge_base64.txt
[OK] proxies=3825 new=0 url=https://raw.githubusercontent.com/mahdibland/{SSAggregator|ShadowsocksAggregator}/master/sub/sub_merge.txt
[OK] proxies=3945 new=169 url=https://raw.githubusercontent.com/mahdibland/SSAggregator/master/sub/sub_merge_yaml.yml
[OK] proxies=61 new=0 url=https://raw.githubusercontent.com/mahdibland/SSAggregator/master/sub/airport_merge_base64.txt
[OK] proxies=61 new=0 url=https://raw.githubusercontent.com/mahdibland/SSAggregator/master/sub/airport_sub_merge.txt
[OK] proxies=1355 new=0 url=https://raw.githubusercontent.com/mahdibland/ShadowsocksAggregator/master/sub/splitted/vmess.txt
[OK] proxies=580 new=0 url=https://raw.githubusercontent.com/mahdibland/ShadowsocksAggregator/master/sub/splitted/trojan.txt
[OK] proxies=43 new=0 url=https://raw.githubusercontent.com/mahdibland/ShadowsocksAggregator/master/sub/splitted/ssr.txt
[OK] proxies=1847 new=0 url=https://raw.githubusercontent.com/mahdibland/ShadowsocksAggregator/master/sub/splitted/ss.txt
[OK] proxies=1 new=0 url=https://cdn.jsdelivr.net/gh/mahdibland/V2RayAggregator@master/update/provider/provider-meta.yml
[OK] proxies=1 new=0 url=https://cdn.jsdelivr.net/gh/mahdibland/V2RayAggregator@master/update/provider/provider-meta-cn.yml
[OK] proxies=1 new=0 url=https://cdn.jsdelivr.net/gh/mahdibland/V2RayAggregator@master/update/provider/provider-meta-others.yml
[OK] proxies=1 new=0 url=https://cdn.jsdelivr.net/gh/mahdibland/V2RayAggregator@master/update/provider/provider.yml
[OK] proxies=1 new=0 url=https://cdn.jsdelivr.net/gh/mahdibland/V2RayAggregator@master/update/provider/provider-cn.yml
[OK] proxies=1 new=0 url=https://cdn.jsdelivr.net/gh/mahdibland/V2RayAggregator@master/update/provider/provider-others.yml
[OK] proxies=4151 source=[免费节点8] url=https://raw.githubusercontent.com/mahdibland/V2RayAggregator/master/README.md
============================================================
[INFO] sublink try repo: https://github.com/w1770946466/Auto_proxy
[INFO] sublink try page: https://raw.githubusercontent.com/w1770946466/Auto_proxy/main/README.md
[OK] proxies=1 new=1 url=https://github.com/w1770946466/Auto_proxy/actions/workflows/main.yml
[OK] proxies=245 new=245 url=https://raw.githubusercontent.com/w1770946466/Auto_proxy/main/{Long_term_subscription2.yaml|Long_term_subscription1.yaml|Long_term_subscription3.yaml}
[OK] proxies=489 new=54 url=https://raw.githubusercontent.com/w1770946466/Auto_proxy/main/{Long_term_subscription1|Long_term_subscription2|Long_term_subscription3|Long_term_subscription4|Long_term_subscription5|Long_term_subscription6|Long_term_subscription7|Long_term_subscription8}
[OK] proxies=489 new=315 url=https://raw.githubusercontent.com/w1770946466/Auto_proxy/main/Long_term_subscription_num
[OK] proxies=615 source=[免费节点9] url=https://raw.githubusercontent.com/w1770946466/Auto_proxy/main/README.md
============================================================
[INFO] sublink try repo: https://github.com/PuddinCat/BestClash
[INFO] sublink try page: https://raw.githubusercontent.com/PuddinCat/BestClash/main/README.md
[OK] proxies=16 new=16 url=https://raw.githubusercontent.com/PuddinCat/BestClash/main/proxies.yaml
[OK] proxies=28 new=28 url=https://cdn.jsdelivr.net/gh/vxiaov/free_proxies@main/clash/clash.provider.yaml
[OK] proxies=24 new=24 url=https://freenode.openrunner.net/uploads/20240807-clash.yaml
[OK] proxies=25 new=25 url=https://raw.githubusercontent.com/Misaka-blog/chromego_merge/main/sub/merged_proxies_new.yaml
[OK] proxies=3792 new=3762 url=https://raw.githubusercontent.com/{NiceVPN123|anaer}/{NiceVPN|Sub}/main/{Clash.yaml|clash.yaml}
[OK] proxies=40 new=16 url=https://raw.githubusercontent.com/{chengaopan|peasoft}/{AutoMergePublicNodes|NoMoreWalls}/master/list.yml
[OK] proxies=386 new=345 url=https://raw.githubusercontent.com/{ermaozi|ermaozi01}/{get_subscribe|free_clash_vpn}/main/subscribe/clash.yml
[OK] proxies=200 new=184 url=https://raw.githubusercontent.com/mahdibland/ShadowsocksAggregator/master/Eternity.yml
[OK] proxies=165 new=160 url=https://raw.githubusercontent.com/ronghuaxueleng/get_v2/main/pub/combine.yaml
[OK] proxies=144 new=3 url=https://raw.githubusercontent.com/zhangkaiitugithub/passcro/main/speednodes.yaml
[OK] proxies=4563 source=[免费节点10] url=https://raw.githubusercontent.com/PuddinCat/BestClash/main/README.md
============================================================
[INFO] sublink try repo: https://github.com/kooker/FreeSubsCheck
[INFO] sublink try page: https://raw.githubusercontent.com/kooker/FreeSubsCheck/main/README.md
[OK] proxies=4 new=4 url=https://raw.githubusercontent.com/kooker/FreeSubsCheck/main/mihomo.yaml
[OK] proxies=4 new=0 url=https://raw.githubusercontent.com/kooker/FreeSubsCheck/main/all.yaml
[OK] proxies=4 new=0 url=https://raw.githubusercontent.com/kooker/FreeSubsCheck/main/base64.txt
[OK] proxies=1 new=1 url=https://raw.githubusercontent.com/kooker/FreeSubsCheck/main/byxiaoxi.txt
[OK] proxies=394 new=394 url=https://raw.githubusercontent.com/kooker/FreeSubsCheck/main/kooker.jp.txt
[OK] proxies=399 source=[免费节点11] url=https://raw.githubusercontent.com/kooker/FreeSubsCheck/main/README.md
============================================================
[INFO] toolkit try repo: https://github.com/Pawdroid/shadowrocket_for_android
[INFO] toolkit try release: https://github.com/Pawdroid/shadowrocket_for_android/releases
[INFO] toolkit try release: https://github.com/Pawdroid/shadowrocket_for_android/releases/expanded_assets/10.10.51
[INFO] toolkit try download: https://github.com/Pawdroid/shadowrocket_for_android/releases/download/10.10.51/Shadowrocket_10.10.51_shadowrocketStandard_arm64-v8a.apk
[OK] toolkit downloaded: Shadowrocket_10.10.51_shadowrocketStandard_arm64-v8a.apk bytes=41111539
[OK] toolkit extracted archive=Shadowrocket_10.10.51_shadowrocketStandard_arm64-v8a.apk tool=zipfile files=1175 dirs=44
[OK] toolkit sr-apk scanned prefixes=36 files=6 keys=2 archive=Shadowrocket_10.10.51_shadowrocketStandard_arm64-v8a.apk
[OK] proxies=816 new=816 url=https://{cdn.jsdelivr.net|raw.githubusercontent.com}/pixelor/ecfg/main/data/ecfg6_zh
[OK] proxies=816 new=0 url=https://{raw.githubusercontent.com|cdn.jsdelivr.net}/pixelor/ecfg/main/data/ecfg6_en
[OK] proxies=70 new=44 url=https://{raw.githubusercontent.com|cdn.jsdelivr.net}/pixelor/ecfg/main/data/ecfg6
[OK] proxies=816 new=0 url=https://{files.shadowrockets.app|cdn.shadowrockets.app}/ecfg/data/ecfg6_zh
[OK] proxies=70 new=0 url=https://{files.shadowrockets.app|cdn.shadowrockets.app}/ecfg/data/ecfg6
[OK] proxies=816 new=0 url=https://{files.shadowrockets.app|cdn.shadowrockets.app}/ecfg/data/ecfg6_en
[OK] proxies=860 source=[Pawdroid-sr-apk] url=https://github.com/Pawdroid/shadowrocket_for_android/releases/download/10.10.51/Shadowrocket_10.10.51_shadowrocketStandard_arm64-v8a.apk
============================================================
[INFO] toolkit try page: https://shadowshare.v2cross.com
[INFO] toolkit try download: https://shadowshare.v2cross.com/shadowshare.apk
[OK] toolkit downloaded: shadowshare.apk bytes=62868122
[OK] toolkit extracted archive=shadowshare.apk tool=zipfile files=612 dirs=39
[OK] toolkit ss-apk scanned prefixes=10 files=3 keys=1 archive=shadowshare.apk
[OK] proxies=171 new=171 url=https://{raw.githubusercontent.com|jsd.onmicrosoft.cn}/hideme9527/ecsfg/main/data/sareserver
[OK] proxies=1386 new=1283 url=https://{raw.githubusercontent.com|jsd.onmicrosoft.cn}/hideme9527/ecsfg/main/data/sareserver_en
[OK] proxies=171 new=0 url=https://{shadowsharing.com|sare.159236.xyz}/data/sareserver
[OK] proxies=1386 new=0 url=https://{shadowsharing.com|sare.159236.xyz}/data/sareserver_en
[OK] proxies=171 new=0 url=https://gitee.com/api/v5/repos/{guoyoucai1|elvenapp|zhiminghao}/ecsfg/raw/data/sareserver
[OK] proxies=1386 new=0 url=https://gitee.com/api/v5/repos/{zhiminghao|elvenapp|guoyoucai1}/ecsfg/raw/data/sareserver_en
[OK] proxies=1454 source=[Pawdroid-ss-apk] url=https://shadowshare.v2cross.com/shadowshare.apk
============================================================
[INFO] sublink try repo: https://github.com/free-nodes/clashfree
[INFO] sublink try page: https://raw.githubusercontent.com/free-nodes/clashfree/main/README.md
[OK] proxies=1 new=1 url=https://github.com/free-nodes/clashfree/blob/main/clash20260913.yml
[INFO] sublink file_nodes=1 bare links=3
[WARN] source=[Clashfree] few proxies found=1 raw=1362
[INFO] source=[Clashfree] reused previous raw file=797390868368-raw-1631-20260913.yaml stamp=202609131631
[OK] proxies=1362 source=[Clashfree] url=https://raw.githubusercontent.com/free-nodes/clashfree/main/README.md
============================================================
[INFO] sublink try repo: https://github.com/Epodonios/v2ray-configs
[INFO] sublink try page: https://raw.githubusercontent.com/Epodonios/v2ray-configs/main/README.md
[OK] proxies=1 new=1 url=https://github.com/Epodonios/V2ray-Configs/actions/workflows/main.yml
[OK] proxies=2602 new=2602 url=https://github.com/Epodonios/v2ray-configs/raw/main/All_Configs_Sub.txt
[OK] proxies=2602 new=0 url=https://github.com/Epodonios/v2ray-configs/raw/main/All_Configs_base64_Sub.txt
[OK] proxies=3270 new=1217 url=https://github.com/Epodonios/v2ray-configs/raw/main/Splitted-By-Protocol/vless.txt
[OK] proxies=151 new=6 url=https://github.com/Epodonios/v2ray-configs/raw/main/Splitted-By-Protocol/vmess.txt
[OK] proxies=403 new=190 url=https://github.com/Epodonios/v2ray-configs/raw/main/Splitted-By-Protocol/ss.txt
[OK] proxies=163 new=144 url=https://github.com/Epodonios/v2ray-configs/raw/main/Splitted-By-Protocol/trojan.txt
[OK] proxies=4193 new=239 url=https://raw.githubusercontent.com/Epodonios/v2ray-configs/main/{Sub1.txt|Sub2.txt|Sub3.txt|Sub4.txt|Sub5.txt|Sub6.txt|Sub7.txt|Sub8.txt|Sub9.txt}
[OK] proxies=4399 source=[Epodonios] url=https://raw.githubusercontent.com/Epodonios/v2ray-configs/main/README.md
============================================================
[INFO] article try page: https://v2rayclashfree.com
[INFO] sublink try page: https://v2rayclashfree.com/fn/20260914.html
[WARN] source=[V2rayclashfree-RSS] no proxies found=0 raw=3772
[INFO] source=[V2rayclashfree-RSS] reused previous raw file=797390868368-raw-1631-20260913.yaml stamp=202609131631
[OK] proxies=3772 source=[V2rayclashfree-RSS] url=https://v2rayclashfree.com/fn/20260914.html
============================================================
[INFO] raw backup written path=/home/runner/work/Free-node-autotest/Free-node-autotest/output/raw.yaml proxies=29050
[INFO] toolkit try repo: https://github.com/MetaCubeX/mihomo
[INFO] toolkit try release: https://github.com/MetaCubeX/mihomo/releases
[INFO] toolkit try release: https://github.com/MetaCubeX/mihomo/releases/expanded_assets/v1.19.30
[INFO] toolkit try download: https://github.com/MetaCubeX/mihomo/releases/download/v1.19.30/mihomo-linux-amd64-compatible-v1.19.30.gz
[OK] toolkit downloaded: mihomo-linux-amd64-compatible-v1.19.30.gz bytes=18899951
[OK] toolkit sha256 verified: mihomo-linux-amd64-compatible-v1.19.30.gz sha256=db214c7a2517e63c150d123178d16d102e03a241ccdae4e5e07ffbe9cf56c6f9
[OK] proxy engine ready: mihomo starting latency test
============================================================
[WARN] batch start failed size=17634 {1} split -> 8817 {2} + 8817 {3}
[WARN] batch start failed size=8817 {3} split -> 4408 {4} + 4409 {5}
[WARN] batch start failed size=8817 {2} split -> 4408 {6} + 4409 {7}
[WARN] batch start failed size=4408 {4} split -> 2204 {8} + 2204 {9}
[WARN] batch start failed size=4409 {7} split -> 2204 {10} + 2205 {11}
[WARN] batch start failed size=4409 {5} split -> 2204 {12} + 2205 {13}
[WARN] batch start failed size=2204 {9} split -> 1102 {14} + 1102 {15}
[WARN] batch start failed size=2204 {10} split -> 1102 {16} + 1102 {17}
[WARN] batch start failed size=4408 {6} split -> 2204 {18} + 2204 {19}
[INFO] {11} tested 100/2205 kept=0 rest=17534
[INFO] {8} tested 100/2204 kept=0 rest=17420
[WARN] batch start failed size=2205 {13} split -> 1102 {20} + 1103 {21}
[INFO] {8} tested 200/2204 kept=0 rest=17288
[INFO] {20} tested 100/1102 kept=4 rest=17104
[INFO] {20} tested 200/1102 kept=5 rest=16981
[INFO] {11} tested 200/2205 kept=0 rest=16945
[INFO] {8} tested 300/2204 kept=0 rest=16870
[INFO] {8} tested 400/2204 kept=0 rest=16761
[INFO] {8} tested 500/2204 kept=0 rest=16651
[INFO] {8} tested 600/2204 kept=1 rest=16527
[INFO] {20} tested 300/1102 kept=9 rest=16418
[INFO] {11} tested 300/2205 kept=0 rest=16345
[INFO] {20} tested 400/1102 kept=9 rest=16299
[INFO] {20} tested 500/1102 kept=9 rest=16172
[INFO] {8} tested 700/2204 kept=1 rest=15963
[INFO] {11} tested 400/2205 kept=0 rest=15916
[INFO] {8} tested 800/2204 kept=1 rest=15827
[INFO] {20} tested 600/1102 kept=11 rest=15717
[INFO] {20} tested 700/1102 kept=11 rest=15578
[INFO] {11} tested 500/2205 kept=0 rest=15458
[INFO] {20} tested 800/1102 kept=12 rest=15455
[INFO] {20} tested 900/1102 kept=16 rest=15328
[INFO] {8} tested 900/2204 kept=5 rest=15280
[INFO] {11} tested 600/2205 kept=0 rest=15048
[INFO] {20} tested 1000/1102 kept=20 rest=15035
[INFO] {8} tested 1000/2204 kept=6 rest=14955
[INFO] {8} tested 1100/2204 kept=6 rest=14752
[INFO] {11} tested 700/2205 kept=2 rest=14720
[INFO] {20} tested 1100/1102 kept=21 rest=14564
[INFO] {20} tested 1102/1102 kept=21 rest=14559
[INFO] {11} tested 800/2205 kept=66 rest=14541
[INFO] {14} tested 100/1102 kept=1 rest=14365
[INFO] {14} tested 200/1102 kept=1 rest=14262
[INFO] {8} tested 1200/2204 kept=7 rest=14234
[INFO] {8} tested 1300/2204 kept=7 rest=14123
[INFO] {11} tested 900/2205 kept=69 rest=14042
[INFO] {8} tested 1400/2204 kept=7 rest=14012
[INFO] {14} tested 300/1102 kept=1 rest=13832
[INFO] {14} tested 400/1102 kept=1 rest=13725
[INFO] {11} tested 1000/2205 kept=70 rest=13656
[INFO] {14} tested 500/1102 kept=1 rest=13619
[INFO] {8} tested 1500/2204 kept=7 rest=13494
[INFO] {8} tested 1600/2204 kept=7 rest=13383
[INFO] {11} tested 1100/2205 kept=70 rest=13308
[INFO] {14} tested 600/1102 kept=1 rest=13202
[INFO] {14} tested 700/1102 kept=1 rest=13093
[INFO] {14} tested 800/1102 kept=1 rest=12988
[INFO] {14} tested 900/1102 kept=1 rest=12888
[INFO] {8} tested 1700/2204 kept=7 rest=12734
[INFO] {8} tested 1800/2204 kept=7 rest=12602
[INFO] {11} tested 1200/2205 kept=70 rest=12587
[INFO] {14} tested 1000/1102 kept=1 rest=12493
[INFO] {8} tested 1900/2204 kept=10 rest=12274
[INFO] {11} tested 1300/2205 kept=70 rest=12215
[INFO] {14} tested 1100/1102 kept=1 rest=12125
[INFO] {14} tested 1102/1102 kept=1 rest=12123
[WARN] batch start failed size=1102 {15} split -> 551 {22} + 551 {23}
[INFO] {11} tested 1400/2205 kept=70 rest=12055
[WARN] batch start failed size=1102 {16} split -> 551 {24} + 551 {25}
[INFO] {8} tested 2000/2204 kept=11 rest=12028
[INFO] {17} tested 100/1102 kept=0 rest=11837
[INFO] {17} tested 200/1102 kept=0 rest=11721
[INFO] {8} tested 2100/2204 kept=11 rest=11654
[INFO] {11} tested 1500/2205 kept=70 rest=11561
[INFO] {17} tested 300/1102 kept=0 rest=11406
[INFO] {8} tested 2200/2204 kept=12 rest=11333
[INFO] {8} tested 2204/2204 kept=12 rest=11266
[INFO] {17} tested 400/1102 kept=14 rest=11231
[INFO] {11} tested 1600/2205 kept=70 rest=11221
[WARN] batch start failed size=2204 {18} split -> 1102 {26} + 1102 {27}
[WARN] batch start failed size=2204 {19} split -> 1102 {28} + 1102 {29}
[INFO] {17} tested 500/1102 kept=15 rest=11058
[WARN] batch start failed size=1103 {21} split -> 551 {30} + 552 {31}
[INFO] {11} tested 1700/2205 kept=70 rest=10989
[INFO] {12} tested 100/2204 kept=0 rest=10842
[INFO] {17} tested 600/1102 kept=15 rest=10691
[INFO] {17} tested 700/1102 kept=15 rest=10566
[INFO] {11} tested 1800/2205 kept=70 rest=10531
[INFO] {12} tested 200/2204 kept=4 rest=10431
[INFO] {12} tested 300/2204 kept=4 rest=10322
[INFO] {11} tested 1900/2205 kept=70 rest=10188
[INFO] {17} tested 800/1102 kept=18 rest=10146
[INFO] {17} tested 900/1102 kept=19 rest=9976
[INFO] {11} tested 2000/2205 kept=70 rest=9936
[INFO] {12} tested 400/2204 kept=9 rest=9904
[INFO] {12} tested 500/2204 kept=15 rest=9779
[INFO] {12} tested 600/2204 kept=18 rest=9655
[INFO] {11} tested 2100/2205 kept=70 rest=9482
[INFO] {17} tested 1000/1102 kept=19 rest=9414
[INFO] {12} tested 700/2204 kept=21 rest=9381
[INFO] {12} tested 800/2204 kept=22 rest=9229
[INFO] {12} tested 900/2204 kept=23 rest=9115
[INFO] {12} tested 1000/2204 kept=25 rest=9007
[INFO] {11} tested 2200/2205 kept=70 rest=8913
[INFO] {11} tested 2205/2205 kept=70 rest=8907
[INFO] {17} tested 1100/1102 kept=19 rest=8856
[INFO] {17} tested 1102/1102 kept=19 rest=8854
[WARN] batch start failed size=551 {23} split -> 275 {32} + 276 {33}
[INFO] {22} tested 100/551 kept=0 rest=8732
[INFO] {12} tested 1100/2204 kept=25 rest=8620
[INFO] {22} tested 200/551 kept=0 rest=8618
[WARN] batch start failed size=551 {24} split -> 275 {34} + 276 {35}
[INFO] {12} tested 1200/2204 kept=27 rest=8424
[INFO] {12} tested 1300/2204 kept=29 rest=8293
[INFO] {22} tested 300/551 kept=0 rest=8234
[INFO] {22} tested 400/551 kept=0 rest=8114
[INFO] {12} tested 1400/2204 kept=30 rest=7970
[INFO] {25} tested 100/551 kept=39 rest=7939
[INFO] {12} tested 1500/2204 kept=30 rest=7813
[INFO] {12} tested 1600/2204 kept=30 rest=7683
[INFO] {22} tested 500/551 kept=0 rest=7536
[INFO] {12} tested 1700/2204 kept=35 rest=7535
[INFO] {22} tested 551/551 kept=0 rest=7430
[INFO] {25} tested 200/551 kept=51 rest=7424
[INFO] {12} tested 1800/2204 kept=35 rest=7352
[WARN] batch start failed size=1102 {26} split -> 551 {36} + 551 {37}
[INFO] {25} tested 300/551 kept=68 rest=7253
[INFO] {25} tested 400/551 kept=83 rest=7111
[INFO] {27} tested 100/1102 kept=22 rest=6912
[INFO] {27} tested 200/1102 kept=75 rest=6808
[INFO] {27} tested 300/1102 kept=138 rest=6706
[INFO] {12} tested 1900/2204 kept=40 rest=6663
[INFO] {27} tested 400/1102 kept=187 rest=6592
[INFO] {27} tested 500/1102 kept=230 rest=6489
[INFO] {27} tested 600/1102 kept=295 rest=6370
[INFO] {27} tested 700/1102 kept=332 rest=6263
[INFO] {27} tested 800/1102 kept=339 rest=6156
[INFO] {27} tested 900/1102 kept=344 rest=6048
[INFO] {27} tested 1000/1102 kept=346 rest=5941
[INFO] {12} tested 2000/2204 kept=43 rest=5820
[INFO] {25} tested 500/551 kept=89 rest=5819
[INFO] {25} tested 551/551 kept=89 rest=5669
[INFO] {12} tested 2100/2204 kept=43 rest=5664
[WARN] batch start failed size=1102 {28} split -> 551 {38} + 551 {39}
[INFO] {27} tested 1100/1102 kept=359 rest=5543
[INFO] {29} tested 100/1102 kept=70 rest=5440
[INFO] {27} tested 1102/1102 kept=359 rest=5424
[INFO] {29} tested 200/1102 kept=151 rest=5332
[WARN] batch start failed size=551 {30} split -> 275 {40} + 276 {41}
[INFO] {12} tested 2200/2204 kept=45 rest=5228
[INFO] {12} tested 2204/2204 kept=45 rest=5214
[INFO] {29} tested 300/1102 kept=221 rest=5211
[INFO] {31} tested 100/552 kept=9 rest=5099
[INFO] {31} tested 200/552 kept=24 rest=4997
[INFO] {31} tested 300/552 kept=46 rest=4894
[INFO] {31} tested 400/552 kept=79 rest=4740
[INFO] {31} tested 500/552 kept=172 rest=4574
[INFO] {29} tested 400/1102 kept=240 rest=4520
[INFO] {32} tested 100/275 kept=12 rest=4447
[INFO] {32} tested 200/275 kept=12 rest=4341
[INFO] {31} tested 552/552 kept=180 rest=4310
[WARN] batch start failed size=276 {33} split -> 138 {42} + 138 {43}
[INFO] {34} tested 100/275 kept=0 rest=4162
[INFO] {29} tested 500/1102 kept=240 rest=4037
[INFO] {32} tested 275/275 kept=17 rest=3929
[WARN] batch start failed size=276 {35} split -> 138 {44} + 138 {45}
[INFO] {29} tested 600/1102 kept=243 rest=3890
[WARN] batch start failed size=551 {36} split -> 275 {46} + 276 {47}
[INFO] {34} tested 200/275 kept=6 rest=3877
[INFO] {34} tested 275/275 kept=6 rest=3782
[INFO] {37} tested 100/551 kept=20 rest=3679
[INFO] {37} tested 200/551 kept=46 rest=3576
[INFO] {37} tested 300/551 kept=72 rest=3472
[INFO] {37} tested 400/551 kept=116 rest=3367
[INFO] {37} tested 500/551 kept=162 rest=3262
[INFO] {38} tested 100/551 kept=0 rest=3091
[INFO] {38} tested 200/551 kept=0 rest=2990
[INFO] {38} tested 300/551 kept=0 rest=2890
[INFO] {38} tested 400/551 kept=0 rest=2788
[INFO] {38} tested 500/551 kept=7 rest=2683
[INFO] {29} tested 700/1102 kept=243 rest=2639
[INFO] {37} tested 551/551 kept=201 rest=2559
[INFO] {29} tested 800/1102 kept=251 rest=2528
[INFO] {29} tested 900/1102 kept=253 rest=2428
[WARN] batch start failed size=551 {39} split -> 275 {48} + 276 {49}
[INFO] {29} tested 1000/1102 kept=257 rest=2323
[WARN] batch start failed size=276 {41} split -> 138 {50} + 138 {51}
[INFO] {38} tested 551/551 kept=20 rest=2275
[WARN] batch start failed size=275 {40} split -> 137 {52} + 138 {53}
[WARN] batch start failed size=138 {42} split -> 69 {54} + 69 {55}
[WARN] batch start failed size=138 {43} split -> 69 {56} + 69 {57}
[WARN] batch start failed size=138 {45} split -> 69 {58} + 69 {59}
[WARN] batch start failed size=275 {46} split -> 137 {60} + 138 {61}
[INFO] {47} tested 100/276 kept=0 rest=2062
[INFO] {29} tested 1100/1102 kept=261 rest=1964
[INFO] {29} tested 1102/1102 kept=261 rest=1956
[INFO] {48} tested 100/275 kept=19 rest=1848
[INFO] {48} tested 200/275 kept=56 rest=1746
[INFO] {44} tested 100/138 kept=0 rest=1646
[INFO] {44} tested 138/138 kept=0 rest=1607
[INFO] {47} tested 200/276 kept=14 rest=1602
[WARN] batch start failed size=276 {49} split -> 138 {62} + 138 {63}
[INFO] {47} tested 276/276 kept=14 rest=1525
[INFO] {51} tested 100/138 kept=6 rest=1425
[WARN] batch start failed size=138 {50} split -> 69 {64} + 69 {65}
[INFO] {52} tested 100/137 kept=0 rest=1299
[INFO] {48} tested 275/275 kept=89 rest=1286
[WARN] batch start failed size=138 {53} split -> 69 {66} + 69 {67}
[INFO] {51} tested 138/138 kept=22 rest=1218
[WARN] batch start failed size=69 {54} split -> 34 {68} + 35 {69}
[INFO] {52} tested 137/137 kept=0 rest=1166
[WARN] batch start failed size=69 {57} split -> 34 {70} + 35 {71}
[WARN] batch start failed size=69 {58} split -> 34 {72} + 35 {73}
[INFO] {55} tested 69/69 kept=28 rest=1115
[WARN] batch start failed size=137 {60} split -> 68 {74} + 69 {75}
[INFO] {61} tested 100/138 kept=20 rest=998
[INFO] {56} tested 69/69 kept=10 rest=969
[WARN] batch start failed size=138 {62} split -> 69 {76} + 69 {77}
[INFO] {63} tested 100/138 kept=88 rest=866
[INFO] {59} tested 69/69 kept=4 rest=793
[INFO] {61} tested 138/138 kept=27 rest=760
[WARN] batch start failed size=69 {65} split -> 34 {78} + 35 {79}
[INFO] {63} tested 138/138 kept=124 rest=720
[WARN] batch start failed size=69 {67} split -> 34 {80} + 35 {81}
[WARN] batch start failed size=34 {68} split -> 17 {82} + 17 {83}
[INFO] {64} tested 69/69 kept=2 rest=625
[WARN] batch start failed size=34 {70} split -> 17 {84} + 17 {85}
[INFO] {66} tested 69/69 kept=3 rest=584
[WARN] batch start failed size=34 {72} split -> 17 {86} + 17 {87}
[INFO] {69} tested 35/35 kept=24 rest=571
[WARN] batch start failed size=68 {74} split -> 34 {88} + 34 {89}
[WARN] batch start failed size=69 {75} split -> 34 {90} + 35 {91}
[WARN] batch start failed size=69 {77} split -> 34 {92} + 35 {93}
[INFO] {71} tested 35/35 kept=5 rest=473
[WARN] batch start failed size=34 {78} split -> 17 {94} + 17 {95}
[INFO] {73} tested 35/35 kept=0 rest=457
[WARN] batch start failed size=35 {81} split -> 17 {96} + 18 {97}
[INFO] {76} tested 69/69 kept=33 rest=435
[WARN] batch start failed size=17 {82} split -> 8 {98} + 9 {99}
[INFO] {79} tested 35/35 kept=1 rest=392
[INFO] {80} tested 34/34 kept=2 rest=353
[WARN] batch start failed size=17 {85} split -> 8 {100} + 9 {101}
[INFO] {83} tested 17/17 kept=11 rest=348
[WARN] batch start failed size=17 {87} split -> 8 {102} + 9 {103}
[INFO] {84} tested 17/17 kept=0 rest=319
[WARN] batch start failed size=34 {89} split -> 17 {104} + 17 {105}
[WARN] batch start failed size=35 {91} split -> 17 {106} + 18 {107}
[INFO] {86} tested 17/17 kept=0 rest=291
[INFO] {88} tested 34/34 kept=10 rest=250
[WARN] batch start failed size=35 {93} split -> 17 {108} + 18 {109}
[INFO] {90} tested 34/34 kept=0 rest=213
[WARN] batch start failed size=17 {95} split -> 8 {110} + 9 {111}
[INFO] {92} tested 34/34 kept=31 rest=206
[WARN] batch start failed size=18 {97} split -> 9 {112} + 9 {113}
[INFO] {94} tested 17/17 kept=0 rest=197
[WARN] batch start failed size=9 {99} split -> 4 {114} + 5 {115}
[WARN] batch start failed size=9 {101} split -> 4 {116} + 5 {117}
[INFO] {96} tested 17/17 kept=0 rest=179
[WARN] batch start failed size=8 {102} split -> 4 {118} + 4 {119}
[INFO] {98} tested 8/8 kept=0 rest=173
[WARN] batch start failed size=17 {104} split -> 8 {120} + 9 {121}
[WARN] batch start failed size=17 {105} split -> 8 {122} + 9 {123}
[INFO] {106} tested 17/17 kept=0 rest=155
[INFO] {100} tested 8/8 kept=1 rest=152
[WARN] batch start failed size=18 {107} split -> 9 {124} + 9 {125}
[WARN] batch start failed size=17 {108} split -> 8 {126} + 9 {127}
[INFO] {109} tested 18/18 kept=18 rest=129
[WARN] batch start failed size=9 {111} split -> 4 {128} + 5 {129}
[INFO] {103} tested 9/9 kept=0 rest=126
[WARN] batch start failed size=9 {113} split -> 4 {130} + 5 {131}
[INFO] {110} tested 8/8 kept=0 rest=119
[WARN] batch start failed size=5 {115} split -> 2 {132} + 3 {133}
[INFO] {112} tested 9/9 kept=0 rest=107
[WARN] batch start failed size=5 {117} split -> 2 {134} + 3 {135}
[INFO] {114} tested 4/4 kept=1 rest=106
[WARN] batch start failed size=4 {119} split -> 2 {136} + 2 {137}
[INFO] {116} tested 4/4 kept=0 rest=97
[WARN] batch start failed size=9 {121} split -> 4 {138} + 5 {139}
[WARN] batch start failed size=8 {122} split -> 4 {140} + 4 {141}
[WARN] batch start failed size=9 {123} split -> 4 {142} + 5 {143}
[INFO] {118} tested 4/4 kept=0 rest=86
[WARN] batch start failed size=9 {125} split -> 4 {144} + 5 {145}
[INFO] {120} tested 8/8 kept=0 rest=85
[WARN] batch start failed size=8 {126} split -> 4 {146} + 4 {147}
[WARN] batch start failed size=5 {129} split -> 2 {148} + 3 {149}
[INFO] {127} tested 9/9 kept=8 rest=75
[WARN] batch start failed size=4 {130} split -> 2 {150} + 2 {151}
[INFO] {124} tested 9/9 kept=0 rest=73
[INFO] {132} tested 2/2 kept=2 rest=71
[WARN] batch start failed size=3 {133} split -> 1 {152} + 2 {153}
[WARN] batch start failed size=3 {135} split -> 1 {154} + 2 {155}
[INFO] {128} tested 4/4 kept=0 rest=68
[INFO] {131} tested 5/5 kept=0 rest=63
[WARN] batch start failed size=2 {137} split -> 1 {156} + 1 {157}
[WARN] batch start failed size=5 {139} split -> 2 {158} + 3 {159}
[INFO] {134} tested 2/2 kept=0 rest=59
[WARN] batch start failed size=4 {140} split -> 2 {160} + 2 {161}
[INFO] {136} tested 2/2 kept=0 rest=57
[INFO] {138} tested 4/4 kept=0 rest=56
[WARN] batch start failed size=5 {143} split -> 2 {162} + 3 {163}
[INFO] {141} tested 4/4 kept=0 rest=51
[INFO] {142} tested 4/4 kept=0 rest=47
[WARN] batch start failed size=5 {145} split -> 2 {164} + 3 {165}
[INFO] {147} tested 4/4 kept=4 rest=43
[WARN] batch start failed size=4 {146} split -> 2 {166} + 2 {167}
[WARN] batch start failed size=3 {149} split -> 1 {168} + 2 {169}
[WARN] batch start failed size=2 {150} split -> 1 {170} + 1 {171}
[INFO] {144} tested 4/4 kept=0 rest=39
[INFO] {153} tested 2/2 kept=2 rest=37
[DROP] {152} name=[Pawdroid-sr-apk] 美国+纽约州纽约BuyVM server=198.98.53.130:443 reason=Start initial configuration in progress
[INFO] {154} tested 1/1 kept=0 rest=35
[WARN] batch start failed size=2 {155} split -> 1 {172} + 1 {173}
[INFO] {148} tested 2/2 kept=0 rest=33
[DROP] {156} name=[Free-clash-v2ray] 未知 SS-1521 | free-nodes server=192.0.2.1:1 reason=Start initial configuration in progress
[INFO] {151} tested 2/2 kept=0 rest=31
[WARN] batch start failed size=3 {159} split -> 1 {174} + 2 {175}
[INFO] {158} tested 2/2 kept=0 rest=29
[WARN] batch start failed size=2 {160} split -> 1 {176} + 1 {177}
[WARN] batch start failed size=2 {162} split -> 1 {178} + 1 {179}
[WARN] batch start failed size=3 {163} split -> 1 {180} + 2 {181}
[WARN] batch start failed size=2 {164} split -> 1 {182} + 1 {183}
[WARN] batch start failed size=3 {165} split -> 1 {184} + 2 {185}
[INFO] {157} tested 1/1 kept=0 rest=27
[WARN] batch start failed size=2 {166} split -> 1 {186} + 1 {187}
[INFO] {167} tested 2/2 kept=2 rest=25
[WARN] batch start failed size=2 {169} split -> 1 {188} + 1 {189}
[INFO] {161} tested 2/2 kept=0 rest=24
[DROP] {170} name=[Epodonios] EPODONIOS-2878 server=78.38.246.150:8446 reason=Start initial configuration in progress
[INFO] {172} tested 1/1 kept=1 rest=22
[DROP] {173} name=[Pawdroid-ss-apk] United+Kingdom-3 server=82.38.31.189:8080 reason=Start initial configuration in progress
[DROP] {174} name=[ChromeGO-ShiteThings] hysteria server=62.210.70.191:23556 reason=Start initial configuration in progress
[WARN] batch start failed size=2 {175} split -> 1 {190} + 1 {191}
[INFO] {168} tested 1/1 kept=0 rest=19
[DROP] {176} name=[ChromeGO-ShiteThings] hysteria-4 server=5.83.129.153:27626 reason=Start initial configuration in progress
[DROP] {177} name=[ChromeGO-ShiteThings] hysteria-5 server=45.150.65.154:47119 reason=Start initial configuration in progress
[DROP] {178} name=[ChromeGO-Merge] WARP server=162.159.192.1:2408 reason=Start initial configuration in progress
[DROP] {179} name=[ChromeGO-Merge] United server=108.181.5.133:26022 reason=Start initial configuration in progress
[WARN] batch start failed size=2 {181} split -> 1 {192} + 1 {193}
[INFO] {171} tested 1/1 kept=0 rest=14
[DROP] {180} name=[ChromeGO-Merge] France_hysteria_1 server=62.210.243.131:18702 reason=Start initial configuration in progress
[DROP] {183} name=[ChromeGO-Merge] France server=51.158.54.46:55396 reason=Start initial configuration in progress
[DROP] {182} name=[ChromeGO-Merge] Taiwan server=www2.dtku48.xyz:22334 reason=Start initial configuration in progress
[DROP] {184} name=[ChromeGO-Merge] United-4 server=173.234.25.52:48919 reason=Start initial configuration in progress
[WARN] batch start failed size=2 {185} split -> 1 {194} + 1 {195}
[DROP] {187} name=[Free-clash-v2ray] hysteria server=5.83.129.143:26691 reason=Start initial configuration in progress
[DROP] {189} name=[Epodonios] EPODONIOS-2986 server=62.60.178.27:43434 reason=Start initial configuration in progress
[DROP] {190} name=[ChromeGO-ShiteThings] hysteria-2 server=5.83.129.153:20088 reason=Start initial configuration in progress
[DROP] {191} name=[ChromeGO-ShiteThings] hysteria-3 server=5.83.129.90:54177 reason=Start initial configuration in progress
[INFO] {193} tested 1/1 kept=0 rest=5
[DROP] {192} name=[ChromeGO-Merge] United-2 server=109.104.152.194:58510 reason=Start initial configuration in progress
[DROP] {194} name=[ChromeGO-Merge] Taiwan-2 server=www.dtku40.xyz:18490 reason=Start initial configuration in progress
[INFO] {186} tested 1/1 kept=0 rest=2
[DROP] {195} name=[ChromeGO-Merge] United-5 server=167.160.91.115:41189 reason=Start initial configuration in progress
[INFO] {188} tested 1/1 kept=0 rest=0
[INFO] dropped=20 [Pawdroid-sr-apk] × 1 | [Free-clash-v2ray] × 2 | [Epodonios] × 2 | [Pawdroid-ss-apk] × 1 | [ChromeGO-ShiteThings] × 5 | [ChromeGO-Merge] × 9
============================================================
[INFO] cap live source=[Free-clash-v2ray] from 1166 to 50 by health_score
[INFO] cap live source=[免费节点8] from 88 to 50 by health_score
[INFO] cap live source=[Pawdroid-sr-apk] from 76 to 50 by health_score
[INFO] cap live source=[Epodonios] from 58 to 50 by health_score
[INFO] cap live source=[V2rayclashfree-RSS] from 197 to 50 by health_score
[INFO] cap live total from 445 to 350 trim large sources first
============================================================
+------------------------------+--------+--------+------+--------+
| source                       |    raw | unique | live | capped |
+------------------------------+--------+--------+------+--------+
| [大FQ运动]                   |      4 |      4 |    2 |      2 |
+------------------------------+--------+--------+------+--------+
| [大FQ运动-SS密钥]            |      4 |      4 |    2 |      2 |
+------------------------------+--------+--------+------+--------+
| [大FQ运动-补充]              |      8 |      6 |    0 |      0 |
+------------------------------+--------+--------+------+--------+
| [ChromeGO-工具包]            |     14 |     14 |    5 |      5 |
+------------------------------+--------+--------+------+--------+
| [ChromeGO-ShiteThings]       |     31 |     25 |    1 |      1 |
+------------------------------+--------+--------+------+--------+
| [ChromeGO-Merge]             |    111 |    111 |    0 |      0 |
+------------------------------+--------+--------+------+--------+
| [Freesocks]                  |      3 |      3 |    3 |      3 |
+------------------------------+--------+--------+------+--------+
| [NekoWarp]                   |     10 |     10 |   10 |     10 |
+------------------------------+--------+--------+------+--------+
| [OpenRunner-RSS]             |     14 |      0 |    0 |      0 |
+------------------------------+--------+--------+------+--------+
| [V2Rayshare-RSS]             |     27 |     26 |    7 |      7 |
+------------------------------+--------+--------+------+--------+
| [Mibei77-RSS]                |    106 |    106 |    8 |      8 |
+------------------------------+--------+--------+------+--------+
| [Yoyapai-RSS]                |    209 |    182 |    3 |      3 |
+------------------------------+--------+--------+------+--------+
| [Free-clash-v2ray]           |   4725 |   4418 | 1166 |     34 |
+------------------------------+--------+--------+------+--------+
| [Pawdroid]                   |     13 |      1 |    1 |      1 |
+------------------------------+--------+--------+------+--------+
| [FreeV2-Base64]              |      2 |      2 |    2 |      2 |
+------------------------------+--------+--------+------+--------+
| [Bocchi2b-Base64]            |     35 |     35 |    0 |      0 |
+------------------------------+--------+--------+------+--------+
| [免费节点1]                  |    134 |     28 |    6 |      6 |
+------------------------------+--------+--------+------+--------+
| [免费节点2]                  |    387 |    289 |   49 |     34 |
+------------------------------+--------+--------+------+--------+
| [免费节点3]                  |     55 |     36 |   33 |     33 |
+------------------------------+--------+--------+------+--------+
| [免费节点4]                  |    844 |      9 |    0 |      0 |
+------------------------------+--------+--------+------+--------+
| [免费节点5]                  |     29 |     28 |    0 |      0 |
+------------------------------+--------+--------+------+--------+
| [免费节点6]                  |    644 |    587 |    2 |      2 |
+------------------------------+--------+--------+------+--------+
| [免费节点7]                  |     64 |     11 |    2 |      2 |
+------------------------------+--------+--------+------+--------+
| [免费节点8]                  |   4151 |   3302 |   88 |     34 |
+------------------------------+--------+--------+------+--------+
| [免费节点9]                  |    615 |    456 |    0 |      0 |
+------------------------------+--------+--------+------+--------+
| [免费节点10]                 |   4563 |   3092 |   12 |     12 |
+------------------------------+--------+--------+------+--------+
| [免费节点11]                 |    399 |    176 |   18 |     18 |
+------------------------------+--------+--------+------+--------+
| [Pawdroid-sr-apk]            |    860 |    138 |   76 |     34 |
+------------------------------+--------+--------+------+--------+
| [Pawdroid-ss-apk]            |   1454 |    636 |   24 |     24 |
+------------------------------+--------+--------+------+--------+
| [Clashfree]                  |   1362 |     26 |    5 |      5 |
+------------------------------+--------+--------+------+--------+
| [Epodonios]                  |   4399 |   3266 |   58 |     34 |
+------------------------------+--------+--------+------+--------+
| [V2rayclashfree-RSS]         |   3772 |    607 |  197 |     34 |
+------------------------------+--------+--------+------+--------+
============================================================
[SUMMARY] total_nodes=29048
[SUMMARY] legal_candidates=17634
[SUMMARY] passed_latency_test=350
[SUMMARY] region_HK=8 region_JP=21 region_US=95
[SUMMARY] avg_latency_ms=487.59
[SUMMARY] output=/home/runner/work/Free-node-autotest/Free-node-autotest/output/clash.yaml
============================================================
