============================================================
[INFO] sublink try page | url=https://end-gfw.com
[OK] proxies=6 | new=6 | url=https://raw.githubusercontent.com/hello-world-1989/cn-news/main/clash-free.yaml
[OK] proxies=6 | new=0 | url=https://raw.githubusercontent.com/hello-world-1989/cn-news/main/end-gfw-free
[INFO] source try link | url=https://end-gfw.com/ss-key
[OK] proxies=4 | new=4 | url=https://end-gfw.com/ss-key
[INFO] sublink try repo | url=https://github.com/hello-world-1989/cn-news
[INFO] sublink try page | url=https://raw.githubusercontent.com/hello-world-1989/cn-news/main/README.md
[OK] proxies=6 | new=6 | url=https://raw.githubusercontent.com/hello-world-1989/v2-sub/main/end-gfw-together-af3e13
[OK] proxies=2 | new=2 | url=https://raw.githubusercontent.com/hello-world-1989/cn-news/main/end-gfw-together
[OK] proxies=2 | new=0 | url=https://raw.githubusercontent.com/hello-world-1989/cn-news/refs/heads/main/clash.yaml
[OK] proxies=18 | source=[大FQ运动] | url=https://raw.githubusercontent.com/hello-world-1989/cn-news/main/README.md
============================================================
[INFO] sublink try repo | url=https://github.com/Pawdroid/Free-servers
[INFO] sublink try page | url=https://raw.githubusercontent.com/Pawdroid/Free-servers/main/README.md
[OK] proxies=8 | new=8 | url=https://raw.githubusercontent.com/Pawdroid/Free-servers/main/README.md
[OK] proxies=8 | new=0 | url=https://raw.githubusercontent.com/Pawdroid/Free-servers/main/sub
[OK] proxies=1 | new=1 | url=https://apps.apple.com/cn/app/shadowshare/id1612647259
[OK] proxies=1 | new=1 | url=http://www.surflare.com
[OK] proxies=10 | source=[Pawdroid] | url=https://raw.githubusercontent.com/Pawdroid/Free-servers/main/README.md
============================================================
[INFO] source try link | url=https://xmxosfepggzm.503403.xyz
[OK] proxies=3 | new=3 | url=https://xmxosfepggzm.503403.xyz
[OK] proxies=3 | source=[FreeV2-Base64] | url=https://xmxosfepggzm.503403.xyz
============================================================
[INFO] source try link | url=https://links.bocchi2b.top/clash
[OK] proxies=35 | new=35 | url=https://links.bocchi2b.top/clash
[OK] proxies=35 | source=[Bocchi2b-Base64] | url=https://links.bocchi2b.top/clash
============================================================
[INFO] source try link | url=https://freesocks.org/api/v1/sub/02b897e8e77f19176b0b9f2c75864b00
[OK] proxies=3 | new=3 | url=https://freesocks.org/api/v1/sub/02b897e8e77f19176b0b9f2c75864b00
[INFO] source try link | url=https://freesocks.org/api/v1/sub/4cae35810e6f5c4d92e28e32104e0080
[OK] proxies=3 | new=3 | url=https://freesocks.org/api/v1/sub/4cae35810e6f5c4d92e28e32104e0080
[OK] proxies=6 | source=[Freesocks] | url=https://freesocks.org/api/v1/sub/4cae35810e6f5c4d92e28e32104e0080
============================================================
[INFO] source try link | url=https://neko-warp.nloli.xyz/neko_warp.yaml
[OK] proxies=10 | new=10 | url=https://neko-warp.nloli.xyz/neko_warp.yaml
[OK] proxies=10 | source=[NekoWarp] | url=https://neko-warp.nloli.xyz/neko_warp.yaml
============================================================
[INFO] article try feed | url=https://free.datiya.com/index.xml
[INFO] sublink try page | url=https://free.datiya.com/post/20261001/
[OK] proxies=14 | new=14 | url=https://free.datiya.com/uploads/20261001-clash.yaml
[OK] proxies=14 | source=[OpenRunner-RSS] | url=https://free.datiya.com/post/20261001/
============================================================
[INFO] article try feed | url=https://v2rayshare.com/feed
[INFO] sublink try page | url=https://v2rayshare.com/p/4097.html
[INFO] sublink try repo | url=https://github.com/firefoxmmx2/v2rayshare_subcription
[INFO] sublink try page | url=https://raw.githubusercontent.com/firefoxmmx2/v2rayshare_subcription/main/README.md
[OK] proxies=22 | new=22 | url=https://{raw.githubusercontent.com|cdn.jsdelivr.net}/firefoxmmx2/v2rayshare_subcription/main/subscription/vray_sub.txt
[OK] proxies=22 | new=0 | url=https://{raw.githubusercontent.com|cdn.jsdelivr.net}/firefoxmmx2/v2rayshare_subcription/main/subscription/mihomo_sub.yaml
[OK] proxies=21 | new=0 | url=https://{raw.githubusercontent.com|cdn.jsdelivr.net}/firefoxmmx2/v2rayshare_subcription/main/subscription/clash_sub.yaml
[OK] proxies=22 | source=[V2Rayshare-RSS] | url=https://raw.githubusercontent.com/firefoxmmx2/v2rayshare_subcription/main/README.md
============================================================
[INFO] article try feed | url=https://www.mibei77.com/feed
[INFO] sublink try page | url=https://www.mibei77.com/710.html
[OK] proxies=82 | new=82 | url=https://mm.mibei77.com/202610/10.0164bacvd.txt
[OK] proxies=81 | new=2 | url=https://mm.mibei77.com/202610/10.01Clashiza.yaml
[OK] proxies=84 | source=[Mibei77-RSS] | url=https://www.mibei77.com/710.html
============================================================
[INFO] article try feed | url=https://yoyapai.com/feed
[INFO] sublink try page | url=https://yoyapai.com/746
[OK] proxies=257 | new=257 | url=https://freenode.yoyapai.com/2026/10/01-yoyapai.com-clash-vpnmianfeijiedian.yaml
[OK] proxies=257 | new=0 | url=https://freenode.yoyapai.com/2026/10/01-yoyapai.com-ssrv2ray-vpnmianfeijiedian.txt
[OK] proxies=1 | new=1 | url=https://yoyapai.com/746
[OK] proxies=258 | source=[Yoyapai-RSS] | url=https://yoyapai.com/746
============================================================
[INFO] sublink try repo | url=https://github.com/free18/v2ray
[INFO] sublink try page | url=https://raw.githubusercontent.com/free18/v2ray/main/README.md
[OK] proxies=3 | new=3 | url=https://raw.githubusercontent.com/free18/v2ray/main/README.md
[OK] proxies=106 | new=106 | url=https://ghfast.top/https://raw.githubusercontent.com/free18/v2ray/refs/heads/main/v.txt
[OK] proxies=106 | new=0 | url=https://ghfast.top/https://raw.githubusercontent.com/free18/v2ray/refs/heads/main/c.yaml
[OK] proxies=109 | source=[免费节点1] | url=https://raw.githubusercontent.com/free18/v2ray/main/README.md
============================================================
[INFO] sublink try repo | url=https://github.com/ermaozi/get_subscribe
[INFO] sublink try page | url=https://raw.githubusercontent.com/ermaozi/get_subscribe/main/README.md
[INFO] sublink file_nodes=0 | bare links=9
[OK] proxies=491 | new=491 | url=https://{blog.ermao.net|www.ermao.net}/sub/{reachable|unreachable|untested}/clash/ermao.net
[OK] proxies=491 | new=0 | url=https://blog.ermao.net/sub/{clash|v2ray}/ermao.net
[OK] proxies=491 | source=[免费节点2] | url=https://raw.githubusercontent.com/ermaozi/get_subscribe/main/README.md
============================================================
[INFO] sublink try repo | url=https://github.com/sunmiao4458/free-proxy-airport
[INFO] sublink try page | url=https://raw.githubusercontent.com/sunmiao4458/free-proxy-airport/main/README.md
[OK] proxies=27 | new=27 | url=https://sunmiao4458.github.io/free-proxy-airport/clash.yaml
[OK] proxies=27 | source=[免费节点3] | url=https://raw.githubusercontent.com/sunmiao4458/free-proxy-airport/main/README.md
============================================================
[INFO] sublink try repo | url=https://github.com/mfuu/FreeProxies
[INFO] sublink try page | url=https://raw.githubusercontent.com/mfuu/FreeProxies/master/README.md
[OK] proxies=832 | new=832 | url=https://raw.githubusercontent.com/mfuu/FreeProxies/master/sub.yaml
[OK] proxies=832 | source=[免费节点4] | url=https://raw.githubusercontent.com/mfuu/FreeProxies/master/README.md
============================================================
[INFO] sublink try repo | url=https://github.com/vxiaov/free_proxies
[INFO] sublink try page | url=https://raw.githubusercontent.com/vxiaov/free_proxies/main/README.md
[OK] proxies=28 | new=28 | url=https://{cdn.jsdelivr.net|raw.githubusercontent.com}/vxiaov/free_proxies/main/clash/clash.provider.yaml
[OK] proxies=1 | new=1 | url=https://raw.githubusercontent.com/vxiaov/free_proxies/main/README.md
[OK] proxies=29 | source=[免费节点5] | url=https://raw.githubusercontent.com/vxiaov/free_proxies/main/README.md
============================================================
[INFO] sublink try repo | url=https://github.com/anaer/Sub
[INFO] sublink try page | url=https://raw.githubusercontent.com/anaer/Sub/main/README.MD
[OK] proxies=1749 | new=1749 | url=https://raw.githubusercontent.com/anaer/Sub/main/clash.yaml
[OK] proxies=1749 | new=0 | url=https://anaer.github.io/Sub/clash.yaml
[OK] proxies=1749 | source=[免费节点6] | url=https://raw.githubusercontent.com/anaer/Sub/main/README.MD
============================================================
[INFO] sublink try repo | url=https://github.com/snakem982/proxypool
[INFO] sublink try page | url=https://raw.githubusercontent.com/snakem982/proxypool/main/README.md
[OK] proxies=64 | new=64 | url=https://raw.githubusercontent.com/snakem982/proxypool/main/source/clash-meta-2.yaml
[OK] proxies=55 | new=0 | url=https://raw.githubusercontent.com/snakem982/proxypool/main/source/v2ray-2.txt
[OK] proxies=54 | new=0 | url=https://raw.githubusercontent.com/snakem982/proxypool/main/source/sing-box-2.json
[OK] proxies=64 | source=[免费节点7] | url=https://raw.githubusercontent.com/snakem982/proxypool/main/README.md
============================================================
[INFO] sublink try repo | url=https://github.com/mahdibland/V2RayAggregator
[INFO] sublink try page | url=https://raw.githubusercontent.com/mahdibland/V2RayAggregator/master/README.md
[OK] proxies=199 | new=199 | url=https://raw.githubusercontent.com/mahdibland/ShadowsocksAggregator/master/Eternity.yml
[OK] proxies=1 | new=1 | url=https://cdn.jsdelivr.net/gh/mahdibland/V2RayAggregator@master/update/provider/provider.yml
[OK] proxies=61 | new=61 | url=https://raw.githubusercontent.com/mahdibland/ShadowsocksAggregator/master/EternityAir.txt
[OK] proxies=569 | new=561 | url=https://raw.githubusercontent.com/mahdibland/ShadowsocksAggregator/master/sub/splitted/trojan.txt
[OK] proxies=1 | new=0 | url=https://github.com/mahdibland/SSAggregator/actions/workflows/Collector.yml
[OK] proxies=1 | new=0 | url=https://cdn.jsdelivr.net/gh/mahdibland/V2RayAggregator@master/update/provider/provider-others.yml
[OK] proxies=387 | new=186 | url=https://raw.githubusercontent.com/mahdibland/V2RayAggregator/master/README.md
[OK] proxies=3954 | new=3103 | url=https://raw.githubusercontent.com/mahdibland/SSAggregator/master/sub/sub_merge_base64.txt
[OK] proxies=1 | new=0 | url=https://cdn.jsdelivr.net/gh/mahdibland/V2RayAggregator@master/update/provider/provider-meta-others.yml
[OK] proxies=61 | new=0 | url=https://raw.githubusercontent.com/mahdibland/SSAggregator/master/sub/airport_sub_merge.txt
[OK] proxies=54 | new=0 | url=https://raw.githubusercontent.com/mahdibland/ShadowsocksAggregator/master/sub/splitted/ssr.txt
[OK] proxies=61 | new=0 | url=https://raw.githubusercontent.com/mahdibland/SSAggregator/master/sub/airport_merge_base64.txt
[OK] proxies=1464 | new=0 | url=https://raw.githubusercontent.com/mahdibland/ShadowsocksAggregator/master/sub/splitted/vmess.txt
[OK] proxies=1 | new=0 | url=https://cdn.jsdelivr.net/gh/mahdibland/V2RayAggregator@master/update/provider/provider-cn.yml
[OK] proxies=198 | new=0 | url=https://raw.githubusercontent.com/mahdibland/ShadowsocksAggregator/master/Eternity.txt
[OK] proxies=1 | new=0 | url=https://cdn.jsdelivr.net/gh/mahdibland/V2RayAggregator@master/update/provider/provider-meta.yml
[OK] proxies=1 | new=0 | url=https://cdn.jsdelivr.net/gh/mahdibland/V2RayAggregator@master/update/provider/provider-meta-cn.yml
[OK] proxies=4076 | new=123 | url=https://raw.githubusercontent.com/mahdibland/SSAggregator/master/sub/sub_merge_yaml.yml
[OK] proxies=1867 | new=0 | url=https://raw.githubusercontent.com/mahdibland/ShadowsocksAggregator/master/sub/splitted/ss.txt
[OK] proxies=1 | new=0 | url=https://github.com/mahdibland/SSAggregator/actions/workflows/Airport_Collector.yml
[OK] proxies=3954 | new=0 | url=https://raw.githubusercontent.com/mahdibland/{SSAggregator|ShadowsocksAggregator}/master/sub/sub_merge.txt
[OK] proxies=4234 | source=[免费节点8] | url=https://raw.githubusercontent.com/mahdibland/V2RayAggregator/master/README.md
============================================================
[INFO] sublink try repo | url=https://github.com/w1770946466/Auto_proxy
[INFO] sublink try page | url=https://raw.githubusercontent.com/w1770946466/Auto_proxy/main/README.md
[OK] proxies=1 | new=1 | url=https://github.com/w1770946466/Auto_proxy/actions/workflows/main.yml
[OK] proxies=489 | new=489 | url=https://raw.githubusercontent.com/w1770946466/Auto_proxy/main/Long_term_subscription_num
[OK] proxies=245 | new=125 | url=https://raw.githubusercontent.com/w1770946466/Auto_proxy/main/{Long_term_subscription2.yaml|Long_term_subscription1.yaml|Long_term_subscription3.yaml}
[OK] proxies=489 | new=0 | url=https://raw.githubusercontent.com/w1770946466/Auto_proxy/main/{Long_term_subscription1|Long_term_subscription2|Long_term_subscription3|Long_term_subscription4|Long_term_subscription5|Long_term_subscription6|Long_term_subscription7|Long_term_subscription8}
[OK] proxies=615 | source=[免费节点9] | url=https://raw.githubusercontent.com/w1770946466/Auto_proxy/main/README.md
============================================================
[INFO] sublink try repo | url=https://github.com/PuddinCat/BestClash
[INFO] sublink try page | url=https://raw.githubusercontent.com/PuddinCat/BestClash/main/README.md
[OK] proxies=24 | new=24 | url=https://freenode.openrunner.net/uploads/20240807-clash.yaml
[OK] proxies=28 | new=28 | url=https://cdn.jsdelivr.net/gh/vxiaov/free_proxies@main/clash/clash.provider.yaml
[OK] proxies=144 | new=144 | url=https://raw.githubusercontent.com/zhangkaiitugithub/passcro/main/speednodes.yaml
[OK] proxies=199 | new=199 | url=https://raw.githubusercontent.com/mahdibland/ShadowsocksAggregator/master/Eternity.yml
[OK] proxies=491 | new=332 | url=https://raw.githubusercontent.com/{ermaozi|ermaozi01}/{get_subscribe|free_clash_vpn}/main/subscribe/clash.yml
[OK] proxies=165 | new=165 | url=https://raw.githubusercontent.com/ronghuaxueleng/get_v2/main/pub/combine.yaml
[OK] proxies=16 | new=14 | url=https://raw.githubusercontent.com/PuddinCat/BestClash/main/proxies.yaml
[OK] proxies=100 | new=5 | url=https://raw.githubusercontent.com/{chengaopan|peasoft}/{AutoMergePublicNodes|NoMoreWalls}/master/list.yml
[OK] proxies=92 | new=3 | url=https://raw.githubusercontent.com/Misaka-blog/chromego_merge/main/sub/merged_proxies_new.yaml
[OK] proxies=4896 | new=4706 | url=https://raw.githubusercontent.com/{NiceVPN123|anaer}/{NiceVPN|Sub}/main/{Clash.yaml|clash.yaml}
[OK] proxies=5620 | source=[免费节点10] | url=https://raw.githubusercontent.com/PuddinCat/BestClash/main/README.md
============================================================
[INFO] sublink try repo | url=https://github.com/kooker/FreeSubsCheck
[INFO] sublink try page | url=https://raw.githubusercontent.com/kooker/FreeSubsCheck/main/README.md
[OK] proxies=3 | new=3 | url=https://raw.githubusercontent.com/kooker/FreeSubsCheck/main/base64.txt
[OK] proxies=3 | new=0 | url=https://raw.githubusercontent.com/kooker/FreeSubsCheck/main/mihomo.yaml
[OK] proxies=2 | new=2 | url=https://raw.githubusercontent.com/kooker/FreeSubsCheck/main/byxiaoxi.txt
[OK] proxies=3 | new=0 | url=https://raw.githubusercontent.com/kooker/FreeSubsCheck/main/all.yaml
[OK] proxies=373 | new=371 | url=https://raw.githubusercontent.com/kooker/FreeSubsCheck/main/kooker.jp.txt
[OK] proxies=376 | source=[免费节点11] | url=https://raw.githubusercontent.com/kooker/FreeSubsCheck/main/README.md
============================================================
[INFO] toolkit try repo | url=https://github.com/bannedbook/fanqiang
[INFO] toolkit try release | url=https://github.com/bannedbook/fanqiang/releases
[INFO] toolkit try release | url=https://github.com/bannedbook/fanqiang/releases/expanded_assets/ChromeGo-latest
[INFO] toolkit try download | url=https://github.com/bannedbook/fanqiang/releases/download/ChromeGo-latest/ChromeGo.7z
[OK] toolkit downloaded | file=ChromeGo.7z | size=96.2mb | time=30.3s
[OK] toolkit extracted | archive=ChromeGo.7z | tool=7z | files=222 | dirs=45
[OK] toolkit discovered | subs=107 | embedded=46 | scan=65.3s | archive=ChromeGo.7z
[INFO] toolkit try repo | url=https://github.com/bannedbook/fanqiang
[INFO] toolkit try release | url=https://github.com/bannedbook/fanqiang/releases
[INFO] toolkit try release | url=https://github.com/bannedbook/fanqiang/releases/expanded_assets/ChromeGo-latest
[INFO] toolkit try download | url=https://github.com/bannedbook/fanqiang/releases/download/ChromeGo-latest/ChromeGo.7z
[OK] toolkit downloaded | file=ChromeGo.7z | size=96.2mb | time=30.3s
[OK] toolkit extracted | archive=ChromeGo.7z | tool=7z | files=222 | dirs=45
[OK] toolkit discovered | subs=107 | embedded=46 | scan=65.3s | archive=ChromeGo.7z
[OK] proxies=12 | new=12 | embedded=archive-config
[OK] proxies=3 | new=3 | url=https://gitlab.com/free9999/ipupdate/master/backup/img/1/2/{ipp|ip}/clash.meta2/{5|6|3|1|4|2}/config.yaml
[OK] proxies=3 | new=0 | url=https://www.67867867.xyz/Alvin9999/PAC/refs/heads/master/backup/img/1/2/{ipp|ip}/clash.meta2/{5|6|3|1|4|2}/config.yaml
[OK] proxies=7 | new=5 | url=https://www.67867867.xyz/Alvin9999/PAC/refs/heads/master/backup/img/1/2/{ipp|ip}/{hysteria2|singbox|naiveproxy|hysteria|xray}/{3|1|4|2}/config.json
[OK] proxies=7 | new=0 | url=https://gitlab.com/free9999/ipupdate/master/backup/img/1/2/{ipp|ip}/{hysteria2|singbox|naiveproxy|hysteria|xray}/{3|1|4|2}/config.json
[OK] proxies=20 | source=[ChromeGO-Toolkit] | url=https://github.com/bannedbook/fanqiang/releases/download/ChromeGo-latest/ChromeGo.7z
============================================================
[INFO] sublink try repo | url=https://github.com/ShiteThings/extractNodes
[INFO] sublink try page | url=https://raw.githubusercontent.com/ShiteThings/extractNodes/main/README.md
[OK] proxies=26 | new=26 | url=https://chg26.makou.cc.cd/sb
[OK] proxies=31 | new=5 | url=https://{chg26.makou.cc.cd|chg64.makou.cc.cd}
[OK] proxies=31 | source=[ChromeGO-ShiteThings] | url=https://raw.githubusercontent.com/ShiteThings/extractNodes/main/README.md
============================================================
[INFO] sublink try repo | url=https://github.com/shangui999/chromego_merge
[INFO] sublink try page | url=https://raw.githubusercontent.com/shangui999/chromego_merge/master/ReadMe.md
[OK] proxies=10 | new=10 | url=https://freedman.netlify.app/sub/merged_proxies_new.yaml
[OK] proxies=11 | new=6 | url=https://freedman.netlify.app/sub/shadowrocket_base64.txt
[OK] proxies=16 | new=16 | url=https://freedman.netlify.app/sub/sb.json
[OK] proxies=11 | new=1 | url=https://freedman.netlify.app/sub/merged_warp_proxies_new.yaml
[INFO] sublink try repo | url=https://github.com/yaney01/chromego
[INFO] sublink try page | url=https://raw.githubusercontent.com/yaney01/chromego/main/ReadMe.md
[OK] proxies=51 | new=46 | url=https://raw.githubusercontent.com/yaney01/chromego/main/sub/merged_warp_proxies_new.yaml
[OK] proxies=50 | new=0 | url=https://raw.githubusercontent.com/yaney01/chromego/main/sub/merged_proxies_new.yaml
[OK] proxies=13 | new=7 | url=https://raw.githubusercontent.com/yaney01/chromego/main/sub/shadowrocket_base64.txt
[OK] proxies=13 | new=0 | url=https://raw.githubusercontent.com/yaney01/chromego/main/sub/sb.json
[INFO] sublink try repo | url=https://github.com/Misaka-blog/chromego_merge
[INFO] sublink try page | url=https://raw.githubusercontent.com/Misaka-blog/chromego_merge/main/README.md
[OK] proxies=92 | new=92 | url=https://chromego-sub.netlify.app/sub/merged_proxies_new.yaml
[OK] proxies=178 | source=[ChromeGO-Merge] | url=https://raw.githubusercontent.com/Misaka-blog/chromego_merge/main/README.md
============================================================
[INFO] toolkit try repo | url=https://github.com/Pawdroid/shadowrocket_for_android
[INFO] toolkit try release | url=https://github.com/Pawdroid/shadowrocket_for_android/releases
[INFO] toolkit try release | url=https://github.com/Pawdroid/shadowrocket_for_android/releases/expanded_assets/10.10.55
[INFO] toolkit try download | url=https://github.com/Pawdroid/shadowrocket_for_android/releases/download/10.10.55/Shadowrocket_10.10.55_shadowrocketStandard_arm64-v8a.apk
[OK] toolkit downloaded | file=Shadowrocket_10.10.55_shadowrocketStandard_arm64-v8a.apk | size=39.5mb | time=16.2s
[OK] toolkit extracted | archive=Shadowrocket_10.10.55_shadowrocketStandard_arm64-v8a.apk | tool=zipfile | files=1179 | dirs=44
[OK] toolkit sr-apk scanned | prefixes=38 | files=6 | keys=2 | archive=Shadowrocket_10.10.55_shadowrocketStandard_arm64-v8a.apk
[OK] proxies=533 | new=533 | url=https://{raw.githubusercontent.com|cdn.jsdelivr.net}/pixelor/ecfg/main/data/ecfg6_en
[OK] proxies=668 | new=135 | url=https://{cdn.jsdelivr.net|raw.githubusercontent.com}/pixelor/ecfg/main/data/ecfg6_zh
[OK] proxies=65 | new=43 | url=https://{cdn.jsdelivr.net|raw.githubusercontent.com}/pixelor/ecfg/main/data/ecfg6
[OK] proxies=37 | new=0 | url=https://{files.shadowrockets.app|cdn.shadowrockets.app}/ecfg/data/ecfg6
[OK] proxies=533 | new=0 | url=https://{files.shadowrockets.app|cdn.shadowrockets.app}/ecfg/data/ecfg6_en
[OK] proxies=533 | new=0 | url=https://{files.shadowrockets.app|cdn.shadowrockets.app}/ecfg/data/ecfg6_zh
[INFO] toolkit try repo | url=https://github.com/Pawdroid/shadowrocket_for_android
[INFO] toolkit try release | url=https://github.com/Pawdroid/shadowrocket_for_android/releases
[INFO] toolkit try release | url=https://github.com/Pawdroid/shadowrocket_for_android/releases/expanded_assets/10.10.55
[INFO] toolkit try download | url=https://github.com/Pawdroid/shadowrocket_for_android/releases/download/10.10.55/Shadowrocket_10.10.55_shadowrocketStandard_arm64-v8a.apk
[OK] toolkit downloaded | file=Shadowrocket_10.10.55_shadowrocketStandard_arm64-v8a.apk | size=39.5mb | time=16.2s
[OK] toolkit extracted | archive=Shadowrocket_10.10.55_shadowrocketStandard_arm64-v8a.apk | tool=zipfile | files=1179 | dirs=44
[OK] toolkit sr-apk scanned | prefixes=38 | files=6 | keys=2 | archive=Shadowrocket_10.10.55_shadowrocketStandard_arm64-v8a.apk
[OK] proxies=533 | new=533 | url=https://{raw.githubusercontent.com|cdn.jsdelivr.net}/pixelor/ecfg/main/data/ecfg6_en
[OK] proxies=668 | new=135 | url=https://{cdn.jsdelivr.net|raw.githubusercontent.com}/pixelor/ecfg/main/data/ecfg6_zh
[OK] proxies=65 | new=43 | url=https://{cdn.jsdelivr.net|raw.githubusercontent.com}/pixelor/ecfg/main/data/ecfg6
[OK] proxies=37 | new=0 | url=https://{files.shadowrockets.app|cdn.shadowrockets.app}/ecfg/data/ecfg6
[OK] proxies=533 | new=0 | url=https://{files.shadowrockets.app|cdn.shadowrockets.app}/ecfg/data/ecfg6_en
[OK] proxies=533 | new=0 | url=https://{files.shadowrockets.app|cdn.shadowrockets.app}/ecfg/data/ecfg6_zh
[OK] proxies=711 | source=[Pawdroid-SR-APK] | url=https://github.com/Pawdroid/shadowrocket_for_android/releases/download/10.10.55/Shadowrocket_10.10.55_shadowrocketStandard_arm64-v8a.apk
============================================================
[INFO] toolkit try page | url=https://shadowshare.v2cross.com
[INFO] toolkit try download | url=https://shadowshare.v2cross.com/shadowshare.apk
[OK] toolkit downloaded | file=shadowshare.apk | size=60mb | time=25.8s
[OK] toolkit extracted | archive=shadowshare.apk | tool=zipfile | files=612 | dirs=39
[OK] toolkit ss-apk scanned | prefixes=10 | files=3 | keys=1 | archive=shadowshare.apk
[OK] proxies=202 | new=202 | url=https://{raw.githubusercontent.com|jsd.onmicrosoft.cn}/hideme9527/ecsfg/main/data/sareserver
[OK] proxies=1386 | new=1283 | url=https://{raw.githubusercontent.com|jsd.onmicrosoft.cn}/hideme9527/ecsfg/main/data/sareserver_en
[OK] proxies=33 | new=0 | url=https://{shadowsharing.com|sare.159236.xyz}/data/sareserver
[OK] proxies=1386 | new=0 | url=https://{shadowsharing.com|sare.159236.xyz}/data/sareserver_en
[OK] proxies=1386 | new=0 | url=https://gitee.com/api/v5/repos/{zhiminghao|guoyoucai1|elvenapp}/ecsfg/raw/data/sareserver_en
[OK] proxies=33 | new=0 | url=https://gitee.com/api/v5/repos/{guoyoucai1|elvenapp|zhiminghao}/ecsfg/raw/data/sareserver
[INFO] toolkit try page | url=https://shadowshare.v2cross.com
[INFO] toolkit try download | url=https://shadowshare.v2cross.com/shadowshare.apk
[OK] toolkit downloaded | file=shadowshare.apk | size=60mb | time=25.8s
[OK] toolkit extracted | archive=shadowshare.apk | tool=zipfile | files=612 | dirs=39
[OK] toolkit ss-apk scanned | prefixes=10 | files=3 | keys=1 | archive=shadowshare.apk
[OK] proxies=202 | new=202 | url=https://{raw.githubusercontent.com|jsd.onmicrosoft.cn}/hideme9527/ecsfg/main/data/sareserver
[OK] proxies=1386 | new=1283 | url=https://{raw.githubusercontent.com|jsd.onmicrosoft.cn}/hideme9527/ecsfg/main/data/sareserver_en
[OK] proxies=33 | new=0 | url=https://{shadowsharing.com|sare.159236.xyz}/data/sareserver
[OK] proxies=1386 | new=0 | url=https://{shadowsharing.com|sare.159236.xyz}/data/sareserver_en
[OK] proxies=1386 | new=0 | url=https://gitee.com/api/v5/repos/{zhiminghao|guoyoucai1|elvenapp}/ecsfg/raw/data/sareserver_en
[OK] proxies=33 | new=0 | url=https://gitee.com/api/v5/repos/{guoyoucai1|elvenapp|zhiminghao}/ecsfg/raw/data/sareserver
[OK] proxies=1485 | source=[Pawdroid-SS-APK] | url=https://shadowshare.v2cross.com/shadowshare.apk
============================================================
[INFO] toolkit try chrome | url=https://chromewebstore.google.com/detail/free-vpn-proxy-1vpn/akcocjjpkmlniicdeemdceeajlmoabhg
[INFO] toolkit try download | url=https://clients2.google.com/service/update2/crx?response=redirect&prodversion=131.0.6778.0&acceptformat=crx2,crx3&x=id%3dakcocjjpkmlniicdeemdceeajlmoabhg%26uc
[OK] toolkit downloaded | file=free-vpn-proxy-1vpn.crx | size=1.6mb | time=5.7s
[OK] toolkit extracted | archive=free-vpn-proxy-1vpn.crx | tool=zipfile | files=68 | dirs=57
[OK] toolkit 1vpn-crx scanned | hosts=17 | keys=1 | archive=free-vpn-proxy-1vpn.crx
[INFO] toolkit try chrome | url=https://chromewebstore.google.com/detail/free-vpn-proxy-1vpn/akcocjjpkmlniicdeemdceeajlmoabhg
[INFO] toolkit try download | url=https://clients2.google.com/service/update2/crx?response=redirect&prodversion=131.0.6778.0&acceptformat=crx2,crx3&x=id%3dakcocjjpkmlniicdeemdceeajlmoabhg%26uc
[OK] toolkit downloaded | file=free-vpn-proxy-1vpn.crx | size=1.6mb | time=5.7s
[OK] toolkit extracted | archive=free-vpn-proxy-1vpn.crx | tool=zipfile | files=68 | dirs=57
[OK] toolkit 1vpn-crx scanned | hosts=17 | keys=1 | archive=free-vpn-proxy-1vpn.crx
[OK] proxies=17 | source=[1VPN-CRX] | url=https://clients2.google.com/service/update2/crx?response=redirect&prodversion=131.0.6778.0&acceptformat=crx2,crx3&x=id%3dakcocjjpkmlniicdeemdceeajlmoabhg%26uc
============================================================
[INFO] sublink try repo | url=https://github.com/free-nodes/clashfree
[INFO] sublink try page | url=https://raw.githubusercontent.com/free-nodes/clashfree/main/README.md
[OK] proxies=311 | new=311 | url=https://raw.githubusercontent.com/free-nodes/clashfree/main/README.md
[OK] proxies=311 | new=0 | url=https://raw.githubusercontent.com/free-nodes/clashfree/main/clash20261001.yml
[OK] proxies=1 | new=1 | url=https://github.com/free-nodes/clashfree/blob/main/clash20261001.yml
[OK] proxies=312 | source=[Clashfree] | url=https://raw.githubusercontent.com/free-nodes/clashfree/main/README.md
============================================================
[INFO] sublink try repo | url=https://github.com/Epodonios/v2ray-configs
[INFO] sublink try page | url=https://raw.githubusercontent.com/Epodonios/v2ray-configs/main/README.md
[OK] proxies=162 | new=162 | url=https://github.com/Epodonios/v2ray-configs/raw/main/Splitted-By-Protocol/trojan.txt
[OK] proxies=173 | new=173 | url=https://github.com/Epodonios/v2ray-configs/raw/main/Splitted-By-Protocol/vmess.txt
[OK] proxies=1 | new=1 | url=https://github.com/Epodonios/V2ray-Configs/actions/workflows/main.yml
[OK] proxies=380 | new=380 | url=https://github.com/Epodonios/v2ray-configs/raw/main/Splitted-By-Protocol/ss.txt
[OK] proxies=3514 | new=3514 | url=https://github.com/Epodonios/v2ray-configs/raw/main/Splitted-By-Protocol/vless.txt
[OK] proxies=4247 | new=186 | url=https://github.com/Epodonios/v2ray-configs/raw/main/All_Configs_Sub.txt
[OK] proxies=4247 | new=0 | url=https://github.com/Epodonios/v2ray-configs/raw/main/All_Configs_base64_Sub.txt
[OK] proxies=4247 | new=0 | url=https://raw.githubusercontent.com/Epodonios/v2ray-configs/main/{Sub1.txt|Sub2.txt|Sub3.txt|Sub4.txt|Sub5.txt|Sub6.txt|Sub7.txt|Sub8.txt}
[OK] proxies=4416 | source=[Epodonios] | url=https://raw.githubusercontent.com/Epodonios/v2ray-configs/main/README.md
============================================================
[INFO] sublink try repo | url=https://github.com/free-clash-v2ray/free-clash-v2ray.github.io
[INFO] sublink try page | url=https://raw.githubusercontent.com/free-clash-v2ray/free-clash-v2ray.github.io/main/README.md
[OK] proxies=2984 | new=2984 | url=https://free-clash-v2ray.github.io/uploads/2026/09/{0-20260927.yaml|1-20260927.yaml|2-20260927.yaml|3-20260927.yaml}
[OK] proxies=3129 | new=537 | url=https://free-clash-v2ray.github.io/uploads/2026/09/{0-20260927.txt|1-20260927.txt|2-20260927.txt|3-20260927.txt|4-20260927.txt}
[OK] proxies=3521 | source=[Free-clash-v2ray] | url=https://raw.githubusercontent.com/free-clash-v2ray/free-clash-v2ray.github.io/main/README.md
============================================================
[INFO] article try page | url=https://v2rayclashfree.com
[INFO] sublink try page | url=https://v2rayclashfree.com/fn/20261002.html
[WARN] sublink discovery failed | reason=no links | url=https://v2rayclashfree.com/fn/20261002.html
[INFO] sublink try page | url=https://v2rayclashfree.com/fn/20261001.html
[WARN] sublink discovery failed | reason=no links | url=https://v2rayclashfree.com/fn/20261001.html
[INFO] sublink try page | url=https://v2rayclashfree.com/fn/20260930.html
[OK] proxies=2901 | new=2901 | url=https://v2rayclashfree.com/sub/20260930-clash.yaml
[OK] proxies=2867 | new=505 | url=https://v2rayclashfree.com/sub/20260930-v2ray.txt
[OK] proxies=3406 | source=[V2rayclashfree-RSS] | url=https://v2rayclashfree.com/fn/20260930.html
============================================================
[INFO] toolkit try repo | url=https://github.com/MetaCubeX/meta-rules-dat
[INFO] toolkit try release | url=https://github.com/MetaCubeX/meta-rules-dat/releases
[INFO] toolkit try release | url=https://github.com/MetaCubeX/meta-rules-dat/releases/expanded_assets/latest
[INFO] toolkit try download | url=https://github.com/MetaCubeX/meta-rules-dat/releases/download/latest/country.mmdb
[OK] toolkit downloaded | file=country.mmdb | size=7.3mb | time=3.4s
[INFO] toolkit try repo | url=https://github.com/mledoze/countries
[INFO] toolkit try release | url=https://github.com/mledoze/countries/releases
[INFO] toolkit try release | url=https://github.com/mledoze/countries/releases/expanded_assets/v1.8.0
[INFO] toolkit try download | url=https://github.com/mledoze/countries/archive/refs/tags/v1.8.0.zip
[OK] toolkit downloaded | file=countries-1.8.0.zip | size=4.8mb | time=21.2s
[OK] toolkit extracted | archive=countries-1.8.0.zip | tool=zipfile | files=528 | dirs=8
[OK] toolkit found | file=countries.json | from=countries-1.8.0.zip
[OK] geo score ready | files=country.mmdb, countries.json | centroids=247
============================================================
[INFO] toolkit try repo | url=https://github.com/MetaCubeX/mihomo
[INFO] toolkit try release | url=https://github.com/MetaCubeX/mihomo/releases
[INFO] toolkit try release | url=https://github.com/MetaCubeX/mihomo/releases/expanded_assets/v1.19.32
[INFO] toolkit try download | url=https://github.com/MetaCubeX/mihomo/releases/download/v1.19.32/mihomo-linux-amd64-compatible-v1.19.32.gz
[OK] toolkit downloaded | file=mihomo-linux-amd64-compatible-v1.19.32.gz | size=21.8mb | time=55.1s
[OK] toolkit hash verified | file=mihomo-linux-amd64-compatible-v1.19.32.gz | sha256=ba3ce607747a07f948fc35780e108a4a7c7f552a38b9bd4d115f313ebcb89c20
[OK] proxy engine ready, starting latency test | package=mihomo-linux-amd64-compatible-v1.19.32.gz
============================================================
[WARN] batch start failed | size=17860 {1} | split=2977 {2} + 2977 {3} + 2977 {4} + 2977 {5} + 2977 {6} + 2975 {7}
[WARN] batch start failed | size=2977 {6} | split=497 {8} + 497 {9} + 497 {10} + 497 {11} + 497 {12} + 492 {13}
[WARN] batch start failed | size=2977 {5} | split=497 {14} + 497 {15} + 497 {18} + 497 {19} + 497 {20} + 492 {21}
[WARN] batch start failed | size=2975 {7} | split=496 {16} + 496 {17} + 496 {22} + 496 {23} + 496 {24} + 495 {25}
[TEST] {10} tested=100/497 | kept=0 | rest=17701
[TEST] {11} tested=100/497 | kept=1 | rest=17568
[TEST] {3} tested=100/2977 | kept=0 | rest=17268
[TEST] {2} tested=100/2977 | kept=32 | rest=17223
[TEST] {10} tested=200/497 | kept=3 | rest=17106
[TEST] {11} tested=200/497 | kept=1 | rest=17069
[TEST] {4} tested=100/2977 | kept=0 | rest=16836
[TEST] {3} tested=200/2977 | kept=0 | rest=16834
[TEST] {2} tested=200/2977 | kept=36 | rest=16688
[TEST] {11} tested=300/497 | kept=4 | rest=16484
[TEST] {2} tested=300/2977 | kept=37 | rest=16434
[TEST] {3} tested=300/2977 | kept=0 | rest=16362
[TEST] {8} tested=100/497 | kept=2 | rest=16327
[TEST] {10} tested=300/497 | kept=4 | rest=16233
[TEST] {3} tested=400/2977 | kept=46 | rest=16072
[TEST] {8} tested=200/497 | kept=9 | rest=15912
[TEST] {11} tested=400/497 | kept=5 | rest=15850
[TEST] {10} tested=400/497 | kept=5 | rest=15797
[TEST] {4} tested=200/2977 | kept=0 | rest=15611
[TEST] {2} tested=400/2977 | kept=46 | rest=15583
[TEST] {4} tested=300/2977 | kept=0 | rest=15489
[TEST] {3} tested=500/2977 | kept=56 | rest=15459
[TEST] {4} tested=400/2977 | kept=0 | rest=15352
[TEST] {2} tested=500/2977 | kept=48 | rest=15167
[TEST] {8} tested=300/497 | kept=35 | rest=15022
[TEST] {2} tested=600/2977 | kept=74 | rest=14939
[TEST] {8} tested=400/497 | kept=42 | rest=14803
[TEST] {11} tested=497/497 | kept=5 | rest=14703
[TEST] {10} tested=497/497 | kept=8 | rest=14672
[TEST] {2} tested=700/2977 | kept=98 | rest=14640
[TEST] {13} tested=100/492 | kept=0 | rest=14420
[TEST] {12} tested=100/497 | kept=1 | rest=14331
[TEST] {13} tested=200/492 | kept=2 | rest=14162
[TEST] {4} tested=500/2977 | kept=0 | rest=14142
[TEST] {12} tested=200/497 | kept=3 | rest=14139
[TEST] {3} tested=600/2977 | kept=57 | rest=14010
[TEST] {4} tested=600/2977 | kept=0 | rest=14009
[TEST] {4} tested=700/2977 | kept=0 | rest=13889
[TEST] {4} tested=800/2977 | kept=0 | rest=13719
[TEST] {2} tested=800/2977 | kept=138 | rest=13547
[TEST] {8} tested=497/497 | kept=47 | rest=13533
[TEST] {3} tested=700/2977 | kept=57 | rest=13515
[WARN] batch start failed | size=497 {9} | split=83 {26} + 83 {27} + 83 {28} + 83 {29} + 83 {30} + 82 {31}
[TEST] {14} tested=100/497 | kept=0 | rest=13300
[TEST] {13} tested=300/492 | kept=2 | rest=13283
[TEST] {12} tested=300/497 | kept=5 | rest=13141
[TEST] {13} tested=400/492 | kept=2 | rest=12985
[TEST] {12} tested=400/497 | kept=5 | rest=12876
[TEST] {2} tested=900/2977 | kept=154 | rest=12805
[TEST] {4} tested=900/2977 | kept=0 | rest=12712
[TEST] {4} tested=1000/2977 | kept=0 | rest=12596
[TEST] {4} tested=1100/2977 | kept=0 | rest=12488
[TEST] {3} tested=800/2977 | kept=63 | rest=12351
[TEST] {3} tested=900/2977 | kept=116 | rest=12212
[TEST] {14} tested=200/497 | kept=0 | rest=12178
[TEST] {14} tested=300/497 | kept=0 | rest=12030
[TEST] {14} tested=400/497 | kept=0 | rest=11908
[TEST] {13} tested=492/492 | kept=2 | rest=11793
[TEST] {2} tested=1000/2977 | kept=166 | rest=11786
[TEST] {12} tested=497/497 | kept=8 | rest=11775
[TEST] {15} tested=100/497 | kept=0 | rest=11646
[TEST] {4} tested=1200/2977 | kept=0 | rest=11599
[TEST] {15} tested=200/497 | kept=0 | rest=11434
[TEST] {18} tested=100/497 | kept=0 | rest=11388
[TEST] {18} tested=200/497 | kept=0 | rest=11226
[TEST] {3} tested=1000/2977 | kept=143 | rest=11175
[TEST] {15} tested=300/497 | kept=0 | rest=11050
[TEST] {4} tested=1300/2977 | kept=0 | rest=11039
[TEST] {3} tested=1100/2977 | kept=143 | rest=10784
[TEST] {14} tested=497/497 | kept=0 | rest=10733
[WARN] batch start failed | size=497 {20} | split=83 {32} + 83 {33} + 83 {34} + 83 {35} + 83 {36} + 82 {37}
[TEST] {2} tested=1100/2977 | kept=166 | rest=10682
[WARN] batch start failed | size=497 {19} | split=83 {38} + 83 {39} + 83 {40} + 83 {41} + 83 {42} + 82 {43}
[TEST] {21} tested=100/492 | kept=0 | rest=10522
[TEST] {21} tested=200/492 | kept=1 | rest=10393
[TEST] {18} tested=300/497 | kept=9 | rest=10332
[TEST] {15} tested=400/497 | kept=0 | rest=10251
[TEST] {4} tested=1400/2977 | kept=13 | rest=10113
[TEST] {18} tested=400/497 | kept=11 | rest=10030
[TEST] {4} tested=1500/2977 | kept=13 | rest=9884
[TEST] {2} tested=1200/2977 | kept=166 | rest=9856
[TEST] {3} tested=1200/2977 | kept=143 | rest=9804
[TEST] {3} tested=1300/2977 | kept=144 | rest=9688
[TEST] {21} tested=300/492 | kept=5 | rest=9594
[TEST] {15} tested=497/497 | kept=0 | rest=9462
[TEST] {21} tested=400/492 | kept=7 | rest=9433
[TEST] {18} tested=497/497 | kept=13 | rest=9329
[TEST] {4} tested=1600/2977 | kept=13 | rest=9156
[TEST] {2} tested=1300/2977 | kept=172 | rest=9128
[TEST] {17} tested=100/496 | kept=19 | rest=9101
[TEST] {17} tested=200/496 | kept=49 | rest=8723
[TEST] {4} tested=1700/2977 | kept=13 | rest=8710
[TEST] {22} tested=100/496 | kept=0 | rest=8704
[TEST] {17} tested=300/496 | kept=71 | rest=8494
[TEST] {22} tested=200/496 | kept=0 | rest=8492
[TEST] {3} tested=1400/2977 | kept=144 | rest=8486
[TEST] {17} tested=400/496 | kept=90 | rest=8282
[TEST] {22} tested=300/496 | kept=0 | rest=8279
[TEST] {22} tested=400/496 | kept=0 | rest=8141
[TEST] {2} tested=1400/2977 | kept=200 | rest=7980
[TEST] {21} tested=492/492 | kept=7 | rest=7811
[TEST] {3} tested=1500/2977 | kept=144 | rest=7717
[TEST] {4} tested=1800/2977 | kept=14 | rest=7584
[TEST] {25} tested=100/495 | kept=0 | rest=7489
[TEST] {25} tested=200/495 | kept=0 | rest=7356
[TEST] {2} tested=1500/2977 | kept=202 | rest=7247
[TEST] {4} tested=1900/2977 | kept=14 | rest=7240
[TEST] {17} tested=496/496 | kept=113 | rest=7236
[TEST] {25} tested=300/495 | kept=68 | rest=7206
[TEST] {22} tested=496/496 | kept=32 | rest=6958
[TEST] {16} tested=100/496 | kept=1 | rest=6929
[TEST] {25} tested=400/495 | kept=140 | rest=6918
[TEST] {16} tested=200/496 | kept=1 | rest=6719
[TEST] {3} tested=1600/2977 | kept=145 | rest=6656
[TEST] {2} tested=1600/2977 | kept=202 | rest=6509
[TEST] {23} tested=100/496 | kept=0 | rest=6473
[TEST] {16} tested=300/496 | kept=15 | rest=6309
[TEST] {23} tested=200/496 | kept=1 | rest=6219
[TEST] {23} tested=300/496 | kept=42 | rest=6099
[TEST] {16} tested=400/496 | kept=44 | rest=6019
[TEST] {2} tested=1700/2977 | kept=204 | rest=5958
[TEST] {23} tested=400/496 | kept=86 | rest=5845
[TEST] {4} tested=2000/2977 | kept=14 | rest=5733
[TEST] {4} tested=2100/2977 | kept=14 | rest=5590
[TEST] {2} tested=1800/2977 | kept=220 | rest=5446
[TEST] {25} tested=495/495 | kept=164 | rest=5404
[TEST] {3} tested=1700/2977 | kept=145 | rest=5325
[WARN] batch start failed | size=496 {24} | split=83 {44} + 83 {45} + 83 {46} + 83 {47} + 83 {48} + 81 {49}
[TEST] {2} tested=1900/2977 | kept=223 | rest=5127
[TEST] {16} tested=496/496 | kept=69 | rest=5033
[TEST] {2} tested=2000/2977 | kept=224 | rest=4902
[TEST] {23} tested=496/496 | kept=107 | rest=4879
[TEST] {4} tested=2200/2977 | kept=14 | rest=4739
[TEST] {4} tested=2300/2977 | kept=14 | rest=4591
[TEST] {2} tested=2100/2977 | kept=224 | rest=4585
[TEST] {3} tested=1800/2977 | kept=145 | rest=4545
[TEST] {26} tested=83/83 | kept=1 | rest=4416
[WARN] batch start failed | size=83 {28} | split=14 {50} + 14 {51} + 14 {52} + 14 {53} + 14 {54} + 13 {55}
[TEST] {3} tested=1900/2977 | kept=145 | rest=4299
[TEST] {2} tested=2200/2977 | kept=225 | rest=4292
[TEST] {29} tested=83/83 | kept=1 | rest=4170
[TEST] {2} tested=2300/2977 | kept=225 | rest=4138
[TEST] {27} tested=83/83 | kept=1 | rest=3976
[TEST] {4} tested=2400/2977 | kept=15 | rest=3790
[TEST] {2} tested=2400/2977 | kept=225 | rest=3754
[TEST] {3} tested=2000/2977 | kept=145 | rest=3606
[TEST] {30} tested=83/83 | kept=1 | rest=3495
[TEST] {2} tested=2500/2977 | kept=230 | rest=3439
[TEST] {31} tested=82/82 | kept=2 | rest=3313
[TEST] {4} tested=2500/2977 | kept=15 | rest=3205
[TEST] {33} tested=83/83 | kept=27 | rest=3181
[TEST] {3} tested=2100/2977 | kept=145 | rest=2932
[TEST] {4} tested=2600/2977 | kept=16 | rest=2888
[TEST] {2} tested=2600/2977 | kept=234 | rest=2840
[TEST] {32} tested=83/83 | kept=54 | rest=2794
[WARN] batch start failed | size=83 {35} | split=14 {56} + 14 {57} + 14 {58} + 14 {59} + 14 {60} + 13 {61}
[TEST] {2} tested=2700/2977 | kept=245 | rest=2647
[TEST] {34} tested=83/83 | kept=18 | rest=2580
[WARN] batch start failed | size=83 {39} | split=14 {62} + 14 {63} + 14 {64} + 14 {65} + 14 {66} + 13 {67}
[WARN] batch start failed | size=83 {38} | split=14 {68} + 14 {69} + 14 {70} + 14 {71} + 14 {72} + 13 {73}
[WARN] batch start failed | size=83 {41} | split=14 {74} + 14 {75} + 14 {76} + 14 {77} + 14 {78} + 13 {79}
[TEST] {4} tested=2700/2977 | kept=18 | rest=2481
[WARN] batch start failed | size=83 {40} | split=14 {80} + 14 {81} + 14 {82} + 14 {83} + 14 {84} + 13 {85}
[TEST] {37} tested=82/82 | kept=0 | rest=2440
[TEST] {4} tested=2800/2977 | kept=18 | rest=2346
[TEST] {2} tested=2800/2977 | kept=245 | rest=2181
[TEST] {3} tested=2200/2977 | kept=145 | rest=2167
[TEST] {36} tested=83/83 | kept=1 | rest=1875
[TEST] {3} tested=2300/2977 | kept=145 | rest=1823
[TEST] {2} tested=2900/2977 | kept=247 | rest=1810
[TEST] {4} tested=2900/2977 | kept=18 | rest=1757
[TEST] {43} tested=82/82 | kept=73 | rest=1651
[TEST] {42} tested=83/83 | kept=76 | rest=1638
[WARN] batch start failed | size=83 {46} | split=14 {86} + 14 {87} + 14 {88} + 14 {89} + 14 {90} + 13 {91}
[TEST] {4} tested=2977/2977 | kept=18 | rest=1574
[TEST] {3} tested=2400/2977 | kept=145 | rest=1357
[TEST] {2} tested=2977/2977 | kept=247 | rest=1312
[TEST] {45} tested=83/83 | kept=11 | rest=1229
[WARN] batch start failed | size=14 {50} | split=3 {92} + 3 {93} + 3 {94} + 3 {95} + 2 {96}
[TEST] {44} tested=83/83 | kept=16 | rest=1166
[TEST] {47} tested=83/83 | kept=19 | rest=1128
[TEST] {48} tested=83/83 | kept=17 | rest=1089
[TEST] {3} tested=2500/2977 | kept=145 | rest=1041
[TEST] {49} tested=81/81 | kept=23 | rest=987
[TEST] {51} tested=14/14 | kept=0 | rest=969
[TEST] {53} tested=14/14 | kept=0 | rest=927
[TEST] {52} tested=14/14 | kept=0 | rest=909
[TEST] {3} tested=2600/2977 | kept=145 | rest=887
[TEST] {54} tested=14/14 | kept=0 | rest=869
[TEST] {56} tested=14/14 | kept=0 | rest=812
[TEST] {55} tested=13/13 | kept=0 | rest=790
[WARN] batch start failed | size=13 {61} | split=3 {97} + 3 {98} + 3 {99} + 3 {100} + 1 {101}
[TEST] {59} tested=14/14 | kept=0 | rest=779
[TEST] {3} tested=2700/2977 | kept=145 | rest=727
[TEST] {57} tested=14/14 | kept=0 | rest=726
[TEST] {60} tested=14/14 | kept=2 | rest=683
[TEST] {58} tested=14/14 | kept=0 | rest=626
[TEST] {63} tested=14/14 | kept=3 | rest=597
[WARN] batch start failed | size=13 {67} | split=3 {102} + 3 {103} + 3 {104} + 3 {105} + 1 {106}
[TEST] {64} tested=14/14 | kept=0 | rest=582
[TEST] {3} tested=2800/2977 | kept=145 | rest=546
[TEST] {62} tested=14/14 | kept=3 | rest=500
[TEST] {66} tested=14/14 | kept=2 | rest=433
[TEST] {65} tested=14/14 | kept=2 | rest=414
[TEST] {69} tested=14/14 | kept=4 | rest=405
[WARN] batch start failed | size=13 {73} | split=3 {107} + 3 {108} + 3 {109} + 3 {110} + 1 {111}
[TEST] {72} tested=14/14 | kept=0 | rest=392
[TEST] {70} tested=14/14 | kept=5 | rest=388
[WARN] batch start failed | size=14 {74} | split=3 {112} + 3 {113} + 3 {114} + 3 {115} + 2 {116}
[TEST] {3} tested=2900/2977 | kept=145 | rest=356
[TEST] {75} tested=14/14 | kept=14 | rest=343
[TEST] {68} tested=14/14 | kept=0 | rest=281
[TEST] {3} tested=2977/2977 | kept=145 | rest=246
[WARN] batch start failed | size=14 {80} | split=3 {117} + 3 {118} + 3 {119} + 3 {120} + 2 {121}
[WARN] batch start failed | size=14 {82} | split=3 {122} + 3 {123} + 3 {124} + 3 {125} + 2 {126}
[TEST] {78} tested=14/14 | kept=13 | rest=239
[WARN] batch start failed | size=14 {84} | split=3 {127} + 3 {128} + 3 {129} + 3 {130} + 2 {131}
[TEST] {71} tested=14/14 | kept=1 | rest=225
[WARN] batch start failed | size=13 {85} | split=3 {132} + 3 {133} + 3 {134} + 3 {135} + 1 {136}
[TEST] {83} tested=14/14 | kept=0 | rest=221
[WARN] batch start failed | size=14 {86} | split=3 {137} + 3 {138} + 3 {139} + 3 {140} + 2 {141}
[TEST] {79} tested=13/13 | kept=13 | rest=220
[TEST] {76} tested=14/14 | kept=12 | rest=215
[TEST] {77} tested=14/14 | kept=13 | rest=212
[TEST] {81} tested=14/14 | kept=0 | rest=189
[WARN] batch start failed | size=3 {92} | split=1 {142} + 1 {143} + 1 {144}
[TEST] {87} tested=14/14 | kept=0 | rest=177
[WARN] batch start failed | size=3 {93} | split=1 {145} + 1 {146} + 1 {147}
[TEST] {88} tested=14/14 | kept=0 | rest=163
[TEST] {96} tested=2/2 | kept=0 | rest=161
[TEST] {89} tested=14/14 | kept=7 | rest=152
[WARN] batch start failed | size=3 {98} | split=1 {148} + 1 {149} + 1 {150}
[TEST] {91} tested=13/13 | kept=2 | rest=139
[TEST] {90} tested=14/14 | kept=3 | rest=130
[TEST] {97} tested=3/3 | kept=2 | rest=127
[TEST] {94} tested=3/3 | kept=0 | rest=123
[TEST] {95} tested=3/3 | kept=0 | rest=121
[TEST] {100} tested=3/3 | kept=0 | rest=116
[TEST] {102} tested=3/3 | kept=0 | rest=115
[WARN] batch start failed | size=3 {105} | split=1 {151} + 1 {152} + 1 {153}
[TEST] {103} tested=3/3 | kept=0 | rest=113
[TEST] {101} tested=1/1 | kept=0 | rest=109
[TEST] {107} tested=3/3 | kept=0 | rest=107
[WARN] batch start failed | size=3 {110} | split=1 {154} + 1 {155} + 1 {156}
[TEST] {99} tested=3/3 | kept=1 | rest=105
[REPAIR] name=[免费节点11] 🇩🇪 德国 10 {111} | fields=up,down
[TEST] {112} tested=3/3 | kept=3 | rest=102
[WARN] batch start failed | size=3 {114} | split=1 {157} + 1 {158} + 1 {159}
[TEST] {111} tested=1/1 | kept=0 | rest=98
[TEST] {115} tested=3/3 | kept=3 | rest=95
[TEST] {113} tested=3/3 | kept=3 | rest=94
[TEST] {116} tested=2/2 | kept=2 | rest=91
[TEST] {104} tested=3/3 | kept=0 | rest=89
[TEST] {106} tested=1/1 | kept=0 | rest=88
[TEST] {108} tested=3/3 | kept=0 | rest=87
[WARN] batch start failed | size=3 {120} | split=1 {160} + 1 {161} + 1 {162}
[TEST] {121} tested=2/2 | kept=0 | rest=85
[TEST] {109} tested=3/3 | kept=1 | rest=84
[WARN] batch start failed | size=3 {123} | split=1 {163} + 1 {164} + 1 {165}
[TEST] {117} tested=3/3 | kept=0 | rest=81
[TEST] {119} tested=3/3 | kept=0 | rest=78
[TEST] {118} tested=3/3 | kept=0 | rest=72
[TEST] {127} tested=3/3 | kept=0 | rest=69
[WARN] batch start failed | size=3 {130} | split=1 {166} + 1 {167} + 1 {168}
[TEST] {122} tested=3/3 | kept=0 | rest=66
[WARN] batch start failed | size=2 {131} | split=1 {169} + 1 {170}
[WARN] batch start failed | size=3 {132} | split=1 {171} + 1 {172} + 1 {173}
[TEST] {124} tested=3/3 | kept=0 | rest=62
[TEST] {125} tested=3/3 | kept=0 | rest=59
[TEST] {135} tested=3/3 | kept=3 | rest=53
[TEST] {136} tested=1/1 | kept=1 | rest=52
[TEST] {126} tested=2/2 | kept=0 | rest=51
[WARN] batch start failed | size=3 {139} | split=1 {174} + 1 {175} + 1 {176}
[TEST] {128} tested=3/3 | kept=0 | rest=48
[TEST] {133} tested=3/3 | kept=3 | rest=46
[TEST] {134} tested=3/3 | kept=3 | rest=43
[TEST] {129} tested=3/3 | kept=0 | rest=41
[TEST] {137} tested=3/3 | kept=0 | rest=40
[TEST] {140} tested=3/3 | kept=1 | rest=38
[REPAIR] name=[Epodonios] EPODONIOS-255 {144} | fields=cipher
[REPAIR] name=[Epodonios] EPODONIOS-256 {145} | fields=cipher
[TEST] {138} tested=3/3 | kept=0 | rest=37
[TEST] {145} tested=1/1 | kept=0 | rest=36
[TEST] {141} tested=2/2 | kept=0 | rest=34
[TEST] {149} tested=1/1 | kept=0 | rest=33
[REPAIR] name=[Pawdroid-SS-APK] United+Kingdom-5 {148} | fields=cipher
[REPAIR] name=[ChromeGO-ShiteThings] hysteria-2 {152} | fields=up,down
[REPAIR] name=[ChromeGO-ShiteThings] hysteria {151} | fields=up,down
[REPAIR] name=[ChromeGO-ShiteThings] hysteria-3 {153} | fields=up,down
[TEST] {152} tested=1/1 | kept=0 | rest=32
[TEST] {156} tested=1/1 | kept=0 | rest=31
[TEST] {151} tested=1/1 | kept=0 | rest=30
[REPAIR] name=[免费节点11] 🇩🇪 德国 04 {155} | fields=up,down
[TEST] {142} tested=1/1 | kept=0 | rest=29
[DROP] name=[Pawdroid-SR-APK] United+States-5 {158} | server=85.209.157.184:8388 | reason=Parse config error: proxy 0: ss 85.209.157.184:8388 cipher: mnv{v]ʉ \t>\x0f\x18\t,y initialize error: unknown method: mnv{v]ʉ \t>\x0f\x18\t,y
[TEST] {157} tested=1/1 | kept=1 | rest=27
[TEST] {143} tested=1/1 | kept=0 | rest=26
[TEST] {159} tested=1/1 | kept=1 | rest=25
[REPAIR] name=[ChromeGO-Merge] United {160} | fields=up,down
[REPAIR] name=[ChromeGO-Merge] France_hysteria_1 {161} | fields=up,down
[REPAIR] name=[ChromeGO-Merge] United-2 {162} | fields=up,down
[REPAIR] name=[ChromeGO-Merge] WARP {163} | fields=dialer-proxy
[TEST] {155} tested=1/1 | kept=0 | rest=24
[TEST] {164} tested=1/1 | kept=0 | rest=23
[REPAIR] name=[ChromeGO-Merge] Taiwan {167} | fields=up,down
[TEST] {165} tested=1/1 | kept=0 | rest=22
[TEST] {167} tested=1/1 | kept=0 | rest=21
[REPAIR] name=[ChromeGO-Merge] France {168} | fields=up,down
[REPAIR] name=[ChromeGO-Merge] United-4 {169} | fields=up,down
[REPAIR] name=[ChromeGO-Merge] Taiwan-2 {170} | fields=up,down
[TEST] {170} tested=1/1 | kept=0 | rest=20
[TEST] {172} tested=1/1 | kept=0 | rest=19
[TEST] {173} tested=1/1 | kept=0 | rest=18
[REPAIR] name=[ChromeGO-Merge] United-5 {171} | fields=up,down
[TEST] {147} tested=1/1 | kept=0 | rest=17
[TEST] {144} tested=1/1 | kept=0 | rest=16
[TEST] {146} tested=1/1 | kept=0 | rest=15
[REPAIR] name=[Free-clash-v2ray] hysteria {176} | fields=up,down
[TEST] {174} tested=1/1 | kept=1 | rest=14
[TEST] {150} tested=1/1 | kept=0 | rest=13
[TEST] {148} tested=1/1 | kept=0 | rest=12
[TEST] {176} tested=1/1 | kept=0 | rest=11
[TEST] {153} tested=1/1 | kept=0 | rest=10
[TEST] {154} tested=1/1 | kept=0 | rest=9
[TEST] {160} tested=1/1 | kept=0 | rest=8
[TEST] {161} tested=1/1 | kept=0 | rest=7
[TEST] {162} tested=1/1 | kept=0 | rest=6
[TEST] {163} tested=1/1 | kept=0 | rest=5
[TEST] {166} tested=1/1 | kept=0 | rest=4
[TEST] {168} tested=1/1 | kept=0 | rest=3
[TEST] {169} tested=1/1 | kept=0 | rest=2
[TEST] {171} tested=1/1 | kept=0 | rest=1
[TEST] {175} tested=1/1 | kept=0 | rest=0
[INFO] dropped=1 | [Pawdroid-SR-APK] × 1
============================================================
[INFO] cap live | source=[免费节点2] | from=100 | to=50
[INFO] cap live | source=[免费节点8] | from=145 | to=50
[INFO] cap live | source=[Pawdroid-SR-APK] | from=332 | to=50
[INFO] cap live | source=[Free-clash-v2ray] | from=380 | to=50
[INFO] cap live | source=[V2rayclashfree-RSS] | from=202 | to=50
[INFO] cap live total | from=545 | to=400 | floor=5 | by=health_score
[INFO] cap live | reserved=110 | pool=435 | taken=290
[INFO] cap live | source=[NekoWarp] | from=9 | to=8
[INFO] cap live | source=[Freesocks] | from=6 | to=5
[INFO] cap live | source=[Yoyapai-RSS] | from=6 | to=5
[INFO] cap live | source=[免费节点1] | from=10 | to=5
[INFO] cap live | source=[免费节点2] | from=50 | to=34
[INFO] cap live | source=[免费节点3] | from=16 | to=8
[INFO] cap live | source=[免费节点4] | from=36 | to=25
[INFO] cap live | source=[免费节点6] | from=45 | to=24
[INFO] cap live | source=[免费节点10] | from=18 | to=11
[INFO] cap live | source=[免费节点11] | from=30 | to=18
[INFO] cap live | source=[Pawdroid-SS-APK] | from=26 | to=10
[INFO] cap live | source=[1VPN-CRX] | from=13 | to=8
[INFO] cap live | source=[Clashfree] | from=23 | to=9
[INFO] cap live | source=[Epodonios] | from=34 | to=7
[INFO] geo tally | live=400 | HK=26 | JP=46 | KR=58 | TW=10 | SG=31 | US=125 | GB=23 | FR=9 | DE=8 | NL=5 | CA=9 | other=50
[INFO] score summary | n=400 | max=208.3528 | p90=106.0782 | p50=25.0773 | avg=43.0220 | min=-4.0432 | geo_avg=28.0079 | adj_avg=+0.1634
============================================================
+------------------------------+--------+--------+------+--------+
| source                       |    raw | unique | live | capped |
+------------------------------+--------+--------+------+--------+
| [大FQ运动]                   |     18 |     18 |    8 |      8 |
+------------------------------+--------+--------+------+--------+
| [Pawdroid]                   |     10 |      9 |    3 |      3 |
+------------------------------+--------+--------+------+--------+
| [FreeV2-Base64]              |      3 |      3 |    3 |      3 |
+------------------------------+--------+--------+------+--------+
| [Bocchi2b-Base64]            |     35 |     35 |    0 |      0 |
+------------------------------+--------+--------+------+--------+
| [Freesocks]                  |      6 |      6 |    6 |      5 |
+------------------------------+--------+--------+------+--------+
| [NekoWarp]                   |     10 |     10 |    9 |      8 |
+------------------------------+--------+--------+------+--------+
| [OpenRunner-RSS]             |     14 |     14 |    1 |      1 |
+------------------------------+--------+--------+------+--------+
| [V2Rayshare-RSS]             |     22 |     22 |    1 |      1 |
+------------------------------+--------+--------+------+--------+
| [Mibei77-RSS]                |     84 |     81 |    3 |      3 |
+------------------------------+--------+--------+------+--------+
| [Yoyapai-RSS]                |    258 |    248 |    6 |      5 |
+------------------------------+--------+--------+------+--------+
| [免费节点1]                  |    109 |     91 |   10 |      5 |
+------------------------------+--------+--------+------+--------+
| [免费节点2]                  |    491 |    444 |  100 |     34 |
+------------------------------+--------+--------+------+--------+
| [免费节点3]                  |     27 |     18 |   16 |      8 |
+------------------------------+--------+--------+------+--------+
| [免费节点4]                  |    832 |    713 |   36 |     25 |
+------------------------------+--------+--------+------+--------+
| [免费节点5]                  |     29 |     28 |    0 |      0 |
+------------------------------+--------+--------+------+--------+
| [免费节点6]                  |   1749 |   1588 |   45 |     24 |
+------------------------------+--------+--------+------+--------+
| [免费节点7]                  |     64 |     32 |    0 |      0 |
+------------------------------+--------+--------+------+--------+
| [免费节点8]                  |   4234 |   3335 |  145 |     50 |
+------------------------------+--------+--------+------+--------+
| [免费节点9]                  |    615 |    458 |    0 |      0 |
+------------------------------+--------+--------+------+--------+
| [免费节点10]                 |   5620 |   3102 |   18 |     11 |
+------------------------------+--------+--------+------+--------+
| [免费节点11]                 |    376 |    290 |   30 |     18 |
+------------------------------+--------+--------+------+--------+
| [ChromeGO-Toolkit]           |     20 |     19 |    3 |      3 |
+------------------------------+--------+--------+------+--------+
| [ChromeGO-ShiteThings]       |     31 |     23 |    1 |      1 |
+------------------------------+--------+--------+------+--------+
| [ChromeGO-Merge]             |    178 |     74 |    0 |      0 |
+------------------------------+--------+--------+------+--------+
| [Pawdroid-SR-APK]            |    711 |    439 |  332 |     50 |
+------------------------------+--------+--------+------+--------+
| [Pawdroid-SS-APK]            |   1485 |   1052 |   26 |     10 |
+------------------------------+--------+--------+------+--------+
| [1VPN-CRX]                   |     17 |     17 |   13 |      8 |
+------------------------------+--------+--------+------+--------+
| [Clashfree]                  |    312 |    144 |   23 |      9 |
+------------------------------+--------+--------+------+--------+
| [Epodonios]                  |   4416 |   2748 |   34 |      7 |
+------------------------------+--------+--------+------+--------+
| [Free-clash-v2ray]           |   3521 |   2174 |  380 |     50 |
+------------------------------+--------+--------+------+--------+
| [V2rayclashfree-RSS]         |   3406 |    625 |  202 |     50 |
+------------------------------+--------+--------+------+--------+
============================================================
[INFO] clash history written | path=/home/runner/work/Free-node-autotest/Free-node-autotest/history/797389988064-clash-1935-20261001.yaml
[SUMMARY] total_nodes=28703
[SUMMARY] legal_candidates=17860
[SUMMARY] passed_latency_test=400
[SUMMARY] region_HK=26 | region_JP=46 | region_US=133
[SUMMARY] avg_latency_ms=441.85
[SUMMARY] output=/home/runner/work/Free-node-autotest/Free-node-autotest/output/clash.yaml
============================================================
[INFO] raw backup written | path=/home/runner/work/Free-node-autotest/Free-node-autotest/output/raw.yaml | history=797389988064-raw-1935-20261001.yaml | proxies=28705
[INFO] debug history written | path=/home/runner/work/Free-node-autotest/Free-node-autotest/history/797389988064-debug-1935-20261001.log | proxies=28730
