============================================================
[INFO] sublink try page | url=https://end-gfw.com
[OK] proxies=6 | new=6 | url=https://raw.githubusercontent.com/hello-world-1989/cn-news/main/clash-free.yaml
[OK] proxies=6 | new=0 | url=https://raw.githubusercontent.com/hello-world-1989/cn-news/main/end-gfw-free
[INFO] source try link | url=https://end-gfw.com/ss-key
[OK] proxies=4 | new=4 | url=https://end-gfw.com/ss-key
[INFO] sublink try repo | url=https://github.com/hello-world-1989/cn-news
[INFO] sublink try page | url=https://raw.githubusercontent.com/hello-world-1989/cn-news/main/README.md
[OK] proxies=2 | new=2 | url=https://raw.githubusercontent.com/hello-world-1989/cn-news/main/end-gfw-together
[OK] proxies=6 | new=6 | url=https://raw.githubusercontent.com/hello-world-1989/v2-sub/main/end-gfw-together-af3e13
[OK] proxies=2 | new=0 | url=https://raw.githubusercontent.com/hello-world-1989/cn-news/refs/heads/main/clash.yaml
[OK] proxies=18 | source=[大FQ运动] | url=https://raw.githubusercontent.com/hello-world-1989/cn-news/main/README.md
============================================================
[INFO] sublink try repo | url=https://github.com/Pawdroid/Free-servers
[INFO] sublink try page | url=https://raw.githubusercontent.com/Pawdroid/Free-servers/main/README.md
[OK] proxies=20 | new=20 | url=https://raw.githubusercontent.com/Pawdroid/Free-servers/main/README.md
[OK] proxies=20 | new=19 | url=https://raw.githubusercontent.com/Pawdroid/Free-servers/main/sub
[OK] proxies=1 | new=1 | url=https://apps.apple.com/cn/app/shadowshare/id1612647259
[OK] proxies=1 | new=1 | url=http://www.surflare.com
[OK] proxies=41 | source=[Pawdroid] | url=https://raw.githubusercontent.com/Pawdroid/Free-servers/main/README.md
============================================================
[INFO] source try link | url=https://xmxosfepggzm.503403.xyz
[OK] proxies=3 | new=3 | url=https://xmxosfepggzm.503403.xyz
[OK] proxies=3 | source=[FreeV2-Base64] | url=https://xmxosfepggzm.503403.xyz
============================================================
[INFO] source try link | url=https://links.bocchi2b.top/clash
[OK] proxies=35 | new=35 | url=https://links.bocchi2b.top/clash
[OK] proxies=35 | source=[Bocchi2b-Base64] | url=https://links.bocchi2b.top/clash
============================================================
[INFO] source try link | url=https://freesocks.org/api/v1/sub/02b897e8e77f19176b0b9f2c75864b00
[OK] proxies=1 | new=1 | url=https://freesocks.org/api/v1/sub/02b897e8e77f19176b0b9f2c75864b00
[INFO] source try link | url=https://freesocks.org/api/v1/sub/4cae35810e6f5c4d92e28e32104e0080
[OK] proxies=3 | new=3 | url=https://freesocks.org/api/v1/sub/4cae35810e6f5c4d92e28e32104e0080
[OK] proxies=4 | source=[Freesocks] | url=https://freesocks.org/api/v1/sub/4cae35810e6f5c4d92e28e32104e0080
============================================================
[INFO] source try link | url=https://neko-warp.nloli.xyz/neko_warp.yaml
[OK] proxies=10 | new=10 | url=https://neko-warp.nloli.xyz/neko_warp.yaml
[OK] proxies=10 | source=[NekoWarp] | url=https://neko-warp.nloli.xyz/neko_warp.yaml
============================================================
[INFO] article try feed | url=https://free.datiya.com/index.xml
[INFO] sublink try page | url=https://free.datiya.com/post/20260929/
[OK] proxies=14 | new=14 | url=https://free.datiya.com/uploads/20260929-clash.yaml
[OK] proxies=14 | source=[OpenRunner-RSS] | url=https://free.datiya.com/post/20260929/
============================================================
[INFO] article try feed | url=https://v2rayshare.com/feed
[INFO] sublink try page | url=https://v2rayshare.com/p/4097.html
[INFO] sublink try repo | url=https://github.com/firefoxmmx2/v2rayshare_subcription
[INFO] sublink try page | url=https://raw.githubusercontent.com/firefoxmmx2/v2rayshare_subcription/main/README.md
[OK] proxies=21 | new=21 | url=https://{raw.githubusercontent.com|cdn.jsdelivr.net}/firefoxmmx2/v2rayshare_subcription/main/subscription/clash_sub.yaml
[OK] proxies=22 | new=1 | url=https://{raw.githubusercontent.com|cdn.jsdelivr.net}/firefoxmmx2/v2rayshare_subcription/main/subscription/vray_sub.txt
[OK] proxies=22 | new=0 | url=https://{raw.githubusercontent.com|cdn.jsdelivr.net}/firefoxmmx2/v2rayshare_subcription/main/subscription/mihomo_sub.yaml
[OK] proxies=22 | source=[V2Rayshare-RSS] | url=https://raw.githubusercontent.com/firefoxmmx2/v2rayshare_subcription/main/README.md
============================================================
[INFO] article try feed | url=https://www.mibei77.com/feed
[INFO] sublink try page | url=https://www.mibei77.com/705.html
[OK] proxies=114 | new=114 | url=https://mm.mibei77.com/202609/0929Clashiza.yaml
[OK] proxies=115 | new=2 | url=https://mm.mibei77.com/202609/09.2964baxcd.txt
[OK] proxies=116 | source=[Mibei77-RSS] | url=https://www.mibei77.com/705.html
============================================================
[INFO] article try feed | url=https://yoyapai.com/feed
[INFO] sublink try page | url=https://yoyapai.com/740
[OK] proxies=1 | new=1 | url=https://yoyapai.com/740
[OK] proxies=231 | new=231 | url=https://freenode.yoyapai.com/2026/09/29-yoyapai.com-clashvpnmianfeijiedian.yaml
[OK] proxies=231 | new=0 | url=https://freenode.yoyapai.com/2026/09/29-yoyapai.com-ssrv2rayvpnmianfeijiedian.txt
[OK] proxies=232 | source=[Yoyapai-RSS] | url=https://yoyapai.com/740
============================================================
[INFO] sublink try repo | url=https://github.com/free18/v2ray
[INFO] sublink try page | url=https://raw.githubusercontent.com/free18/v2ray/main/README.md
[OK] proxies=321 | new=321 | url=https://ghfast.top/https://raw.githubusercontent.com/free18/v2ray/refs/heads/main/c.yaml
[OK] proxies=322 | new=1 | url=https://ghfast.top/https://raw.githubusercontent.com/free18/v2ray/refs/heads/main/v.txt
[OK] proxies=3 | new=3 | url=https://raw.githubusercontent.com/free18/v2ray/main/README.md
[OK] proxies=325 | source=[免费节点1] | url=https://raw.githubusercontent.com/free18/v2ray/main/README.md
============================================================
[INFO] sublink try repo | url=https://github.com/ermaozi/get_subscribe
[INFO] sublink try page | url=https://raw.githubusercontent.com/ermaozi/get_subscribe/main/README.md
[INFO] sublink file_nodes=0 | bare links=9
[OK] proxies=373 | new=373 | url=https://www.ermao.net/sub/{clash|v2ray}/ermao.net
[OK] proxies=361 | new=0 | url=https://www.ermao.net/sub/{reachable|unreachable|untested}/clash/ermao.net
[OK] proxies=373 | source=[免费节点2] | url=https://raw.githubusercontent.com/ermaozi/get_subscribe/main/README.md
============================================================
[INFO] sublink try repo | url=https://github.com/sunmiao4458/free-proxy-airport
[INFO] sublink try page | url=https://raw.githubusercontent.com/sunmiao4458/free-proxy-airport/main/README.md
[OK] proxies=43 | new=43 | url=https://sunmiao4458.github.io/free-proxy-airport/clash.yaml
[OK] proxies=43 | source=[免费节点3] | url=https://raw.githubusercontent.com/sunmiao4458/free-proxy-airport/main/README.md
============================================================
[INFO] sublink try repo | url=https://github.com/mfuu/FreeProxies
[INFO] sublink try page | url=https://raw.githubusercontent.com/mfuu/FreeProxies/master/README.md
[OK] proxies=892 | new=892 | url=https://raw.githubusercontent.com/mfuu/FreeProxies/master/sub.yaml
[OK] proxies=892 | source=[免费节点4] | url=https://raw.githubusercontent.com/mfuu/FreeProxies/master/README.md
============================================================
[INFO] sublink try repo | url=https://github.com/vxiaov/free_proxies
[INFO] sublink try page | url=https://raw.githubusercontent.com/vxiaov/free_proxies/main/README.md
[OK] proxies=1 | new=1 | url=https://raw.githubusercontent.com/vxiaov/free_proxies/main/README.md
[OK] proxies=28 | new=28 | url=https://{cdn.jsdelivr.net|raw.githubusercontent.com}/vxiaov/free_proxies/main/clash/clash.provider.yaml
[OK] proxies=29 | source=[免费节点5] | url=https://raw.githubusercontent.com/vxiaov/free_proxies/main/README.md
============================================================
[INFO] sublink try repo | url=https://github.com/anaer/Sub
[INFO] sublink try page | url=https://raw.githubusercontent.com/anaer/Sub/main/README.MD
[OK] proxies=1651 | new=1651 | url=https://raw.githubusercontent.com/anaer/Sub/main/clash.yaml
[OK] proxies=1651 | new=0 | url=https://anaer.github.io/Sub/clash.yaml
[OK] proxies=1651 | source=[免费节点6] | url=https://raw.githubusercontent.com/anaer/Sub/main/README.MD
============================================================
[INFO] sublink try repo | url=https://github.com/snakem982/proxypool
[INFO] sublink try page | url=https://raw.githubusercontent.com/snakem982/proxypool/main/README.md
[OK] proxies=64 | new=64 | url=https://raw.githubusercontent.com/snakem982/proxypool/main/source/clash-meta-2.yaml
[OK] proxies=61 | new=0 | url=https://raw.githubusercontent.com/snakem982/proxypool/main/source/v2ray-2.txt
[OK] proxies=62 | new=0 | url=https://raw.githubusercontent.com/snakem982/proxypool/main/source/sing-box-2.json
[OK] proxies=64 | source=[免费节点7] | url=https://raw.githubusercontent.com/snakem982/proxypool/main/README.md
============================================================
[INFO] sublink try repo | url=https://github.com/mahdibland/V2RayAggregator
[INFO] sublink try page | url=https://raw.githubusercontent.com/mahdibland/V2RayAggregator/master/README.md
[OK] proxies=379 | new=379 | url=https://raw.githubusercontent.com/mahdibland/V2RayAggregator/master/README.md
[OK] proxies=1834 | new=1620 | url=https://raw.githubusercontent.com/mahdibland/ShadowsocksAggregator/master/sub/splitted/ss.txt
[OK] proxies=1 | new=1 | url=https://github.com/mahdibland/SSAggregator/actions/workflows/Collector.yml
[OK] proxies=3937 | new=2033 | url=https://raw.githubusercontent.com/mahdibland/{SSAggregator|ShadowsocksAggregator}/master/sub/sub_merge.txt
[OK] proxies=3937 | new=0 | url=https://raw.githubusercontent.com/mahdibland/SSAggregator/master/sub/sub_merge_base64.txt
[OK] proxies=1 | new=0 | url=https://cdn.jsdelivr.net/gh/mahdibland/V2RayAggregator@master/update/provider/provider.yml
[OK] proxies=1 | new=0 | url=https://cdn.jsdelivr.net/gh/mahdibland/V2RayAggregator@master/update/provider/provider-meta-others.yml
[OK] proxies=61 | new=61 | url=https://raw.githubusercontent.com/mahdibland/ShadowsocksAggregator/master/EternityAir.txt
[OK] proxies=1 | new=0 | url=https://cdn.jsdelivr.net/gh/mahdibland/V2RayAggregator@master/update/provider/provider-others.yml
[OK] proxies=1 | new=0 | url=https://github.com/mahdibland/SSAggregator/actions/workflows/Airport_Collector.yml
[OK] proxies=1 | new=0 | url=https://cdn.jsdelivr.net/gh/mahdibland/V2RayAggregator@master/update/provider/provider-cn.yml
[OK] proxies=1 | new=0 | url=https://cdn.jsdelivr.net/gh/mahdibland/V2RayAggregator@master/update/provider/provider-meta-cn.yml
[OK] proxies=4100 | new=164 | url=https://raw.githubusercontent.com/mahdibland/SSAggregator/master/sub/sub_merge_yaml.yml
[OK] proxies=190 | new=0 | url=https://raw.githubusercontent.com/mahdibland/ShadowsocksAggregator/master/Eternity.yml
[OK] proxies=587 | new=0 | url=https://raw.githubusercontent.com/mahdibland/ShadowsocksAggregator/master/sub/splitted/trojan.txt
[OK] proxies=1 | new=0 | url=https://cdn.jsdelivr.net/gh/mahdibland/V2RayAggregator@master/update/provider/provider-meta.yml
[OK] proxies=1462 | new=0 | url=https://raw.githubusercontent.com/mahdibland/ShadowsocksAggregator/master/sub/splitted/vmess.txt
[OK] proxies=194 | new=0 | url=https://raw.githubusercontent.com/mahdibland/ShadowsocksAggregator/master/Eternity.txt
[OK] proxies=61 | new=0 | url=https://raw.githubusercontent.com/mahdibland/SSAggregator/master/sub/airport_merge_base64.txt
[OK] proxies=61 | new=0 | url=https://raw.githubusercontent.com/mahdibland/SSAggregator/master/sub/airport_sub_merge.txt
[OK] proxies=54 | new=0 | url=https://raw.githubusercontent.com/mahdibland/ShadowsocksAggregator/master/sub/splitted/ssr.txt
[OK] proxies=4258 | source=[免费节点8] | url=https://raw.githubusercontent.com/mahdibland/V2RayAggregator/master/README.md
============================================================
[INFO] sublink try repo | url=https://github.com/w1770946466/Auto_proxy
[INFO] sublink try page | url=https://raw.githubusercontent.com/w1770946466/Auto_proxy/main/README.md
[OK] proxies=1 | new=1 | url=https://github.com/w1770946466/Auto_proxy/actions/workflows/main.yml
[OK] proxies=245 | new=245 | url=https://raw.githubusercontent.com/w1770946466/Auto_proxy/main/{Long_term_subscription2.yaml|Long_term_subscription1.yaml|Long_term_subscription3.yaml}
[OK] proxies=489 | new=369 | url=https://raw.githubusercontent.com/w1770946466/Auto_proxy/main/Long_term_subscription_num
[OK] proxies=489 | new=0 | url=https://raw.githubusercontent.com/w1770946466/Auto_proxy/main/{Long_term_subscription1|Long_term_subscription2|Long_term_subscription3|Long_term_subscription4|Long_term_subscription5|Long_term_subscription6|Long_term_subscription7|Long_term_subscription8}
[OK] proxies=615 | source=[免费节点9] | url=https://raw.githubusercontent.com/w1770946466/Auto_proxy/main/README.md
============================================================
[INFO] sublink try repo | url=https://github.com/PuddinCat/BestClash
[INFO] sublink try page | url=https://raw.githubusercontent.com/PuddinCat/BestClash/main/README.md
[OK] proxies=28 | new=28 | url=https://cdn.jsdelivr.net/gh/vxiaov/free_proxies@main/clash/clash.provider.yaml
[OK] proxies=26 | new=26 | url=https://raw.githubusercontent.com/Misaka-blog/chromego_merge/main/sub/merged_proxies_new.yaml
[OK] proxies=190 | new=190 | url=https://raw.githubusercontent.com/mahdibland/ShadowsocksAggregator/master/Eternity.yml
[OK] proxies=144 | new=144 | url=https://raw.githubusercontent.com/zhangkaiitugithub/passcro/main/speednodes.yaml
[OK] proxies=361 | new=195 | url=https://raw.githubusercontent.com/{ermaozi|ermaozi01}/{get_subscribe|free_clash_vpn}/main/subscribe/clash.yml
[OK] proxies=24 | new=24 | url=https://freenode.openrunner.net/uploads/20240807-clash.yaml
[OK] proxies=26 | new=0 | url=https://raw.githubusercontent.com/{chengaopan|peasoft}/{AutoMergePublicNodes|NoMoreWalls}/master/list.yml
[OK] proxies=16 | new=14 | url=https://raw.githubusercontent.com/PuddinCat/BestClash/main/proxies.yaml
[OK] proxies=165 | new=165 | url=https://raw.githubusercontent.com/ronghuaxueleng/get_v2/main/pub/combine.yaml
[OK] proxies=4798 | new=4725 | url=https://raw.githubusercontent.com/{NiceVPN123|anaer}/{NiceVPN|Sub}/main/{Clash.yaml|clash.yaml}
[OK] proxies=5511 | source=[免费节点10] | url=https://raw.githubusercontent.com/PuddinCat/BestClash/main/README.md
============================================================
[INFO] sublink try repo | url=https://github.com/kooker/FreeSubsCheck
[INFO] sublink try page | url=https://raw.githubusercontent.com/kooker/FreeSubsCheck/main/README.md
[OK] proxies=15 | new=15 | url=https://raw.githubusercontent.com/kooker/FreeSubsCheck/main/base64.txt
[OK] proxies=417 | new=413 | url=https://raw.githubusercontent.com/kooker/FreeSubsCheck/main/kooker.jp.txt
[OK] proxies=19 | new=5 | url=https://raw.githubusercontent.com/kooker/FreeSubsCheck/main/all.yaml
[OK] proxies=2 | new=1 | url=https://raw.githubusercontent.com/kooker/FreeSubsCheck/main/byxiaoxi.txt
[OK] proxies=89 | new=73 | url=https://raw.githubusercontent.com/kooker/FreeSubsCheck/main/mihomo.yaml
[OK] proxies=507 | source=[免费节点11] | url=https://raw.githubusercontent.com/kooker/FreeSubsCheck/main/README.md
============================================================
[INFO] toolkit try repo | url=https://github.com/bannedbook/fanqiang
[INFO] toolkit try release | url=https://github.com/bannedbook/fanqiang/releases
[INFO] toolkit try release | url=https://github.com/bannedbook/fanqiang/releases/expanded_assets/ChromeGo-latest
[INFO] toolkit try download | url=https://github.com/bannedbook/fanqiang/releases/download/ChromeGo-latest/ChromeGo.7z
[OK] toolkit downloaded | file=ChromeGo.7z | size=96.2MB
[OK] toolkit extracted | archive=ChromeGo.7z | tool=7z | files=222 | dirs=45
[OK] toolkit discovered | subs=107 | embedded=46 | archive=ChromeGo.7z
[INFO] toolkit try repo | url=https://github.com/bannedbook/fanqiang
[INFO] toolkit try release | url=https://github.com/bannedbook/fanqiang/releases
[INFO] toolkit try release | url=https://github.com/bannedbook/fanqiang/releases/expanded_assets/ChromeGo-latest
[INFO] toolkit try download | url=https://github.com/bannedbook/fanqiang/releases/download/ChromeGo-latest/ChromeGo.7z
[OK] toolkit downloaded | file=ChromeGo.7z | size=96.2MB
[OK] toolkit extracted | archive=ChromeGo.7z | tool=7z | files=222 | dirs=45
[OK] toolkit discovered | subs=107 | embedded=46 | archive=ChromeGo.7z
[OK] proxies=12 | new=12 | embedded=archive-config
[OK] proxies=3 | new=3 | url=https://www.67867867.xyz/Alvin9999/PAC/refs/heads/master/backup/img/1/2/{ipp|ip}/clash.meta2/{5|6|3|1|4|2}/config.yaml
[OK] proxies=3 | new=0 | url=https://gitlab.com/free9999/ipupdate/master/backup/img/1/2/{ipp|ip}/clash.meta2/{5|6|3|1|4|2}/config.yaml
[OK] proxies=7 | new=5 | url=https://www.67867867.xyz/Alvin9999/PAC/refs/heads/master/backup/img/1/2/{ipp|ip}/{hysteria2|singbox|naiveproxy|hysteria|xray}/{3|1|4|2}/config.json
[OK] proxies=7 | new=0 | url=https://gitlab.com/free9999/ipupdate/master/backup/img/1/2/{ipp|ip}/{hysteria2|singbox|naiveproxy|hysteria|xray}/{3|1|4|2}/config.json
[OK] proxies=20 | source=[ChromeGO-Toolkit] | url=https://github.com/bannedbook/fanqiang/releases/download/ChromeGo-latest/ChromeGo.7z
============================================================
[INFO] sublink try repo | url=https://github.com/ShiteThings/extractNodes
[INFO] sublink try page | url=https://raw.githubusercontent.com/ShiteThings/extractNodes/main/README.md
[OK] proxies=26 | new=26 | url=https://chg26.makou.cc.cd/sb
[OK] proxies=31 | new=5 | url=https://{chg26.makou.cc.cd|chg64.makou.cc.cd}
[OK] proxies=31 | source=[ChromeGO-ShiteThings] | url=https://raw.githubusercontent.com/ShiteThings/extractNodes/main/README.md
============================================================
[INFO] sublink try repo | url=https://github.com/shangui999/chromego_merge
[INFO] sublink try page | url=https://raw.githubusercontent.com/shangui999/chromego_merge/master/ReadMe.md
[OK] proxies=10 | new=10 | url=https://freedman.netlify.app/sub/merged_proxies_new.yaml
[OK] proxies=11 | new=1 | url=https://freedman.netlify.app/sub/merged_warp_proxies_new.yaml
[OK] proxies=11 | new=6 | url=https://freedman.netlify.app/sub/shadowrocket_base64.txt
[OK] proxies=16 | new=16 | url=https://freedman.netlify.app/sub/sb.json
[INFO] sublink try repo | url=https://github.com/yaney01/chromego
[INFO] sublink try page | url=https://raw.githubusercontent.com/yaney01/chromego/main/ReadMe.md
[OK] proxies=13 | new=10 | url=https://raw.githubusercontent.com/yaney01/chromego/main/sub/shadowrocket_base64.txt
[OK] proxies=50 | new=43 | url=https://raw.githubusercontent.com/yaney01/chromego/main/sub/merged_proxies_new.yaml
[OK] proxies=51 | new=0 | url=https://raw.githubusercontent.com/yaney01/chromego/main/sub/merged_warp_proxies_new.yaml
[OK] proxies=13 | new=0 | url=https://raw.githubusercontent.com/yaney01/chromego/main/sub/sb.json
[INFO] sublink try repo | url=https://github.com/Misaka-blog/chromego_merge
[INFO] sublink try page | url=https://raw.githubusercontent.com/Misaka-blog/chromego_merge/main/README.md
[OK] proxies=26 | new=26 | url=https://chromego-sub.netlify.app/sub/merged_proxies_new.yaml
[OK] proxies=112 | source=[ChromeGO-Merge] | url=https://raw.githubusercontent.com/Misaka-blog/chromego_merge/main/README.md
============================================================
[INFO] toolkit try repo | url=https://github.com/Pawdroid/shadowrocket_for_android
[INFO] toolkit try release | url=https://github.com/Pawdroid/shadowrocket_for_android/releases
[INFO] toolkit try release | url=https://github.com/Pawdroid/shadowrocket_for_android/releases/expanded_assets/10.10.55
[INFO] toolkit try download | url=https://github.com/Pawdroid/shadowrocket_for_android/releases/download/10.10.55/Shadowrocket_10.10.55_shadowrocketStandard_arm64-v8a.apk
[OK] toolkit downloaded | file=Shadowrocket_10.10.55_shadowrocketStandard_arm64-v8a.apk | size=39.5MB
[OK] toolkit extracted | archive=Shadowrocket_10.10.55_shadowrocketStandard_arm64-v8a.apk | tool=zipfile | files=1179 | dirs=44
[OK] toolkit sr-apk scanned | prefixes=38 | files=6 | keys=2 | archive=Shadowrocket_10.10.55_shadowrocketStandard_arm64-v8a.apk
[OK] proxies=196 | new=196 | url=https://{cdn.jsdelivr.net|raw.githubusercontent.com}/pixelor/ecfg/main/data/ecfg6
[OK] proxies=824 | new=750 | url=https://{cdn.jsdelivr.net|raw.githubusercontent.com}/pixelor/ecfg/main/data/ecfg6_en
[OK] proxies=738 | new=32 | url=https://{cdn.jsdelivr.net|raw.githubusercontent.com}/pixelor/ecfg/main/data/ecfg6_zh
[OK] proxies=166 | new=0 | url=https://{files.shadowrockets.app|cdn.shadowrockets.app}/ecfg/data/ecfg6
[OK] proxies=640 | new=0 | url=https://{files.shadowrockets.app|cdn.shadowrockets.app}/ecfg/data/ecfg6_en
[OK] proxies=640 | new=0 | url=https://{files.shadowrockets.app|cdn.shadowrockets.app}/ecfg/data/ecfg6_zh
[INFO] toolkit try repo | url=https://github.com/Pawdroid/shadowrocket_for_android
[INFO] toolkit try release | url=https://github.com/Pawdroid/shadowrocket_for_android/releases
[INFO] toolkit try release | url=https://github.com/Pawdroid/shadowrocket_for_android/releases/expanded_assets/10.10.55
[INFO] toolkit try download | url=https://github.com/Pawdroid/shadowrocket_for_android/releases/download/10.10.55/Shadowrocket_10.10.55_shadowrocketStandard_arm64-v8a.apk
[OK] toolkit downloaded | file=Shadowrocket_10.10.55_shadowrocketStandard_arm64-v8a.apk | size=39.5MB
[OK] toolkit extracted | archive=Shadowrocket_10.10.55_shadowrocketStandard_arm64-v8a.apk | tool=zipfile | files=1179 | dirs=44
[OK] toolkit sr-apk scanned | prefixes=38 | files=6 | keys=2 | archive=Shadowrocket_10.10.55_shadowrocketStandard_arm64-v8a.apk
[OK] proxies=196 | new=196 | url=https://{cdn.jsdelivr.net|raw.githubusercontent.com}/pixelor/ecfg/main/data/ecfg6
[OK] proxies=824 | new=750 | url=https://{cdn.jsdelivr.net|raw.githubusercontent.com}/pixelor/ecfg/main/data/ecfg6_en
[OK] proxies=738 | new=32 | url=https://{cdn.jsdelivr.net|raw.githubusercontent.com}/pixelor/ecfg/main/data/ecfg6_zh
[OK] proxies=166 | new=0 | url=https://{files.shadowrockets.app|cdn.shadowrockets.app}/ecfg/data/ecfg6
[OK] proxies=640 | new=0 | url=https://{files.shadowrockets.app|cdn.shadowrockets.app}/ecfg/data/ecfg6_en
[OK] proxies=640 | new=0 | url=https://{files.shadowrockets.app|cdn.shadowrockets.app}/ecfg/data/ecfg6_zh
[OK] proxies=978 | source=[Pawdroid-SR-APK] | url=https://github.com/Pawdroid/shadowrocket_for_android/releases/download/10.10.55/Shadowrocket_10.10.55_shadowrocketStandard_arm64-v8a.apk
============================================================
[INFO] toolkit try page | url=https://shadowshare.v2cross.com
[INFO] toolkit try download | url=https://shadowshare.v2cross.com/shadowshare.apk
[OK] toolkit downloaded | file=shadowshare.apk | size=60MB
[OK] toolkit extracted | archive=shadowshare.apk | tool=zipfile | files=612 | dirs=39
[OK] toolkit ss-apk scanned | prefixes=10 | files=3 | keys=1 | archive=shadowshare.apk
[OK] proxies=254 | new=254 | url=https://{jsd.onmicrosoft.cn|raw.githubusercontent.com}/hideme9527/ecsfg/main/data/sareserver
[OK] proxies=166 | new=0 | url=https://{shadowsharing.com|sare.159236.xyz}/data/sareserver
[OK] proxies=1386 | new=1276 | url=https://{jsd.onmicrosoft.cn|raw.githubusercontent.com}/hideme9527/ecsfg/main/data/sareserver_en
[OK] proxies=1386 | new=0 | url=https://{shadowsharing.com|sare.159236.xyz}/data/sareserver_en
[OK] proxies=166 | new=0 | url=https://gitee.com/api/v5/repos/{guoyoucai1|elvenapp|zhiminghao}/ecsfg/raw/data/sareserver
[OK] proxies=1386 | new=0 | url=https://gitee.com/api/v5/repos/{elvenapp|zhiminghao|guoyoucai1}/ecsfg/raw/data/sareserver_en
[INFO] toolkit try page | url=https://shadowshare.v2cross.com
[INFO] toolkit try download | url=https://shadowshare.v2cross.com/shadowshare.apk
[OK] toolkit downloaded | file=shadowshare.apk | size=60MB
[OK] toolkit extracted | archive=shadowshare.apk | tool=zipfile | files=612 | dirs=39
[OK] toolkit ss-apk scanned | prefixes=10 | files=3 | keys=1 | archive=shadowshare.apk
[OK] proxies=254 | new=254 | url=https://{jsd.onmicrosoft.cn|raw.githubusercontent.com}/hideme9527/ecsfg/main/data/sareserver
[OK] proxies=166 | new=0 | url=https://{shadowsharing.com|sare.159236.xyz}/data/sareserver
[OK] proxies=1386 | new=1276 | url=https://{jsd.onmicrosoft.cn|raw.githubusercontent.com}/hideme9527/ecsfg/main/data/sareserver_en
[OK] proxies=1386 | new=0 | url=https://{shadowsharing.com|sare.159236.xyz}/data/sareserver_en
[OK] proxies=166 | new=0 | url=https://gitee.com/api/v5/repos/{guoyoucai1|elvenapp|zhiminghao}/ecsfg/raw/data/sareserver
[OK] proxies=1386 | new=0 | url=https://gitee.com/api/v5/repos/{elvenapp|zhiminghao|guoyoucai1}/ecsfg/raw/data/sareserver_en
[OK] proxies=1530 | source=[Pawdroid-SS-APK] | url=https://shadowshare.v2cross.com/shadowshare.apk
============================================================
[INFO] toolkit try chrome | url=https://chromewebstore.google.com/detail/free-vpn-proxy-1vpn/akcocjjpkmlniicdeemdceeajlmoabhg
[INFO] toolkit try download | url=https://clients2.google.com/service/update2/crx?response=redirect&prodversion=131.0.6778.0&acceptformat=crx2,crx3&x=id%3dakcocjjpkmlniicdeemdceeajlmoabhg%26uc
[OK] toolkit downloaded | file=free-vpn-proxy-1vpn.crx | size=1.6MB
[OK] toolkit extracted | archive=free-vpn-proxy-1vpn.crx | tool=zipfile | files=68 | dirs=57
[OK] toolkit 1vpn-crx scanned | hosts=17 | keys=1 | archive=free-vpn-proxy-1vpn.crx
[INFO] toolkit try chrome | url=https://chromewebstore.google.com/detail/free-vpn-proxy-1vpn/akcocjjpkmlniicdeemdceeajlmoabhg
[INFO] toolkit try download | url=https://clients2.google.com/service/update2/crx?response=redirect&prodversion=131.0.6778.0&acceptformat=crx2,crx3&x=id%3dakcocjjpkmlniicdeemdceeajlmoabhg%26uc
[OK] toolkit downloaded | file=free-vpn-proxy-1vpn.crx | size=1.6MB
[OK] toolkit extracted | archive=free-vpn-proxy-1vpn.crx | tool=zipfile | files=68 | dirs=57
[OK] toolkit 1vpn-crx scanned | hosts=17 | keys=1 | archive=free-vpn-proxy-1vpn.crx
[OK] proxies=17 | source=[1VPN-CRX] | url=https://clients2.google.com/service/update2/crx?response=redirect&prodversion=131.0.6778.0&acceptformat=crx2,crx3&x=id%3dakcocjjpkmlniicdeemdceeajlmoabhg%26uc
============================================================
[INFO] sublink try repo | url=https://github.com/free-nodes/clashfree
[INFO] sublink try page | url=https://raw.githubusercontent.com/free-nodes/clashfree/main/README.md
[OK] proxies=1 | new=1 | url=https://github.com/free-nodes/clashfree/blob/main/clash20260929.yml
[OK] proxies=232 | new=232 | url=https://raw.githubusercontent.com/free-nodes/clashfree/main/clash20260929.yml
[OK] proxies=232 | new=0 | url=https://raw.githubusercontent.com/free-nodes/clashfree/main/README.md
[OK] proxies=233 | source=[Clashfree] | url=https://raw.githubusercontent.com/free-nodes/clashfree/main/README.md
============================================================
[INFO] sublink try repo | url=https://github.com/Epodonios/v2ray-configs
[INFO] sublink try page | url=https://raw.githubusercontent.com/Epodonios/v2ray-configs/main/README.md
[OK] proxies=377 | new=377 | url=https://github.com/Epodonios/v2ray-configs/raw/main/Splitted-By-Protocol/ss.txt
[OK] proxies=3502 | new=3501 | url=https://github.com/Epodonios/v2ray-configs/raw/main/Splitted-By-Protocol/vless.txt
[OK] proxies=4194 | new=579 | url=https://github.com/Epodonios/v2ray-configs/raw/main/All_Configs_base64_Sub.txt
[OK] proxies=1 | new=1 | url=https://github.com/Epodonios/V2ray-Configs/actions/workflows/main.yml
[OK] proxies=4194 | new=0 | url=https://github.com/Epodonios/v2ray-configs/raw/main/All_Configs_Sub.txt
[OK] proxies=187 | new=15 | url=https://github.com/Epodonios/v2ray-configs/raw/main/Splitted-By-Protocol/vmess.txt
[OK] proxies=157 | new=3 | url=https://github.com/Epodonios/v2ray-configs/raw/main/Splitted-By-Protocol/trojan.txt
[OK] proxies=4194 | new=0 | url=https://raw.githubusercontent.com/Epodonios/v2ray-configs/main/{Sub1.txt|Sub2.txt|Sub3.txt|Sub4.txt|Sub5.txt|Sub6.txt|Sub7.txt|Sub8.txt}
[OK] proxies=4476 | source=[Epodonios] | url=https://raw.githubusercontent.com/Epodonios/v2ray-configs/main/README.md
============================================================
[INFO] sublink try repo | url=https://github.com/free-clash-v2ray/free-clash-v2ray.github.io
[INFO] sublink try page | url=https://raw.githubusercontent.com/free-clash-v2ray/free-clash-v2ray.github.io/main/README.md
[OK] proxies=2984 | new=2984 | url=https://free-clash-v2ray.github.io/uploads/2026/09/{0-20260927.yaml|1-20260927.yaml|2-20260927.yaml|3-20260927.yaml}
[OK] proxies=3129 | new=537 | url=https://free-clash-v2ray.github.io/uploads/2026/09/{0-20260927.txt|1-20260927.txt|2-20260927.txt|3-20260927.txt|4-20260927.txt}
[OK] proxies=3521 | source=[Free-clash-v2ray] | url=https://raw.githubusercontent.com/free-clash-v2ray/free-clash-v2ray.github.io/main/README.md
============================================================
[INFO] article try page | url=https://v2rayclashfree.com
[INFO] sublink try page | url=https://v2rayclashfree.com/fn/20260929.html
[OK] proxies=1105 | new=1105 | url=https://v2rayclashfree.com/sub/20260929-clash.yaml
[OK] proxies=1090 | new=507 | url=https://v2rayclashfree.com/sub/20260929-v2ray.txt
[OK] proxies=1612 | source=[V2rayclashfree-RSS] | url=https://v2rayclashfree.com/fn/20260929.html
============================================================
[INFO] toolkit try repo | url=https://github.com/MetaCubeX/meta-rules-dat
[INFO] toolkit try release | url=https://github.com/MetaCubeX/meta-rules-dat/releases
[INFO] toolkit try release | url=https://github.com/MetaCubeX/meta-rules-dat/releases/expanded_assets/latest
[INFO] toolkit try download | url=https://github.com/MetaCubeX/meta-rules-dat/releases/download/latest/country.mmdb
[OK] toolkit downloaded | file=country.mmdb | size=7.3MB
[INFO] toolkit try repo | url=https://github.com/mledoze/countries
[INFO] toolkit try release | url=https://github.com/mledoze/countries/releases
[INFO] toolkit try release | url=https://github.com/mledoze/countries/releases/expanded_assets/v1.8.0
[INFO] toolkit try download | url=https://github.com/mledoze/countries/archive/refs/tags/v1.8.0.zip
[OK] toolkit downloaded | file=countries-1.8.0.zip | size=4.8MB
[OK] toolkit extracted | archive=countries-1.8.0.zip | tool=zipfile | files=528 | dirs=8
[OK] toolkit found | file=countries.json | from=countries-1.8.0.zip
[OK] geo score ready | files=country.mmdb, countries.json | centroids=247
============================================================
[INFO] toolkit try repo | url=https://github.com/MetaCubeX/mihomo
[INFO] toolkit try release | url=https://github.com/MetaCubeX/mihomo/releases
[INFO] toolkit try release | url=https://github.com/MetaCubeX/mihomo/releases/expanded_assets/v1.19.31
[INFO] toolkit try download | url=https://github.com/MetaCubeX/mihomo/releases/download/v1.19.31/mihomo-linux-amd64-compatible-v1.19.31.gz
[OK] toolkit downloaded | file=mihomo-linux-amd64-compatible-v1.19.31.gz | size=21.8MB
[OK] toolkit hash verified | file=mihomo-linux-amd64-compatible-v1.19.31.gz | sha256=04cf9f09671704f839ddbee2e93069dc831a4123a75281e725d1d96ab9ac1afc
[OK] proxy engine ready, starting latency test | package=mihomo-linux-amd64-compatible-v1.19.31.gz
============================================================
[WARN] batch start failed | size=17461 {1} | split=4366 {2} + 4366 {3} + 4366 {4} + 4363 {5}
[WARN] batch start failed | size=4363 {5} | split=1091 {6} + 1091 {7} + 1091 {8} + 1090 {9}
[WARN] batch start failed | size=4366 {4} | split=1092 {10} + 1092 {11} + 1092 {12} + 1090 {13}
[WARN] batch start failed | size=1090 {9} | split=273 {14} + 273 {15} + 273 {16} + 271 {17}
[TEST] {7} tested=100/1091 | kept=1 | rest=17361
[TEST] {7} tested=200/1091 | kept=4 | rest=17261
[TEST] {7} tested=300/1091 | kept=6 | rest=17161
[TEST] {7} tested=400/1091 | kept=10 | rest=17061
[TEST] {7} tested=500/1091 | kept=11 | rest=16961
[TEST] {7} tested=600/1091 | kept=17 | rest=16861
[TEST] {7} tested=700/1091 | kept=19 | rest=16761
[TEST] {8} tested=100/1091 | kept=40 | rest=16614
[TEST] {8} tested=200/1091 | kept=69 | rest=16514
[TEST] {8} tested=300/1091 | kept=102 | rest=16414
[TEST] {8} tested=400/1091 | kept=124 | rest=16314
[TEST] {8} tested=500/1091 | kept=152 | rest=16214
[TEST] {8} tested=600/1091 | kept=171 | rest=16114
[TEST] {8} tested=700/1091 | kept=198 | rest=16014
[TEST] {8} tested=800/1091 | kept=224 | rest=15914
[TEST] {8} tested=900/1091 | kept=252 | rest=15814
[TEST] {8} tested=1000/1091 | kept=279 | rest=15714
[TEST] {2} tested=100/4366 | kept=20 | rest=15513
[TEST] {2} tested=200/4366 | kept=43 | rest=15413
[TEST] {2} tested=300/4366 | kept=55 | rest=15313
[TEST] {2} tested=400/4366 | kept=73 | rest=15213
[TEST] {2} tested=500/4366 | kept=101 | rest=15113
[TEST] {2} tested=600/4366 | kept=124 | rest=15013
[TEST] {2} tested=700/4366 | kept=144 | rest=14913
[TEST] {3} tested=100/4366 | kept=0 | rest=14717
[TEST] {3} tested=200/4366 | kept=0 | rest=14617
[TEST] {3} tested=300/4366 | kept=0 | rest=14517
[TEST] {7} tested=800/1091 | kept=24 | rest=14411
[TEST] {2} tested=800/4366 | kept=164 | rest=14392
[TEST] {7} tested=900/1091 | kept=34 | rest=14269
[TEST] {3} tested=400/4366 | kept=0 | rest=14160
[TEST] {7} tested=1000/1091 | kept=37 | rest=14124
[TEST] {2} tested=900/4366 | kept=181 | rest=13949
[TEST] {8} tested=1091/1091 | kept=285 | rest=13947
[TEST] {3} tested=500/4366 | kept=0 | rest=13891
[TEST] {6} tested=100/1091 | kept=6 | rest=13762
[TEST] {6} tested=200/1091 | kept=7 | rest=13625
[TEST] {7} tested=1091/1091 | kept=46 | rest=13518
[TEST] {2} tested=1000/4366 | kept=202 | rest=13435
[TEST] {10} tested=100/1092 | kept=0 | rest=13325
[TEST] {3} tested=600/4366 | kept=0 | rest=13229
[TEST] {6} tested=300/1091 | kept=13 | rest=13125
[TEST] {6} tested=400/1091 | kept=14 | rest=13002
[TEST] {6} tested=500/1091 | kept=15 | rest=12879
[TEST] {2} tested=1100/4366 | kept=203 | rest=12755
[TEST] {6} tested=600/1091 | kept=16 | rest=12748
[TEST] {10} tested=200/1092 | kept=2 | rest=12640
[TEST] {10} tested=300/1092 | kept=2 | rest=12526
[TEST] {10} tested=400/1092 | kept=2 | rest=12415
[TEST] {3} tested=700/4366 | kept=0 | rest=12392
[TEST] {6} tested=700/1091 | kept=16 | rest=12182
[TEST] {2} tested=1200/4366 | kept=204 | rest=12137
[TEST] {6} tested=800/1091 | kept=22 | rest=12026
[TEST] {3} tested=800/4366 | kept=0 | rest=11877
[TEST] {10} tested=500/1092 | kept=2 | rest=11843
[TEST] {10} tested=600/1092 | kept=2 | rest=11715
[TEST] {6} tested=900/1091 | kept=22 | rest=11645
[TEST] {10} tested=700/1092 | kept=2 | rest=11587
[TEST] {10} tested=800/1092 | kept=2 | rest=11449
[TEST] {10} tested=900/1092 | kept=2 | rest=11321
[TEST] {2} tested=1300/4366 | kept=204 | rest=11177
[TEST] {6} tested=1000/1091 | kept=23 | rest=11156
[TEST] {3} tested=900/4366 | kept=0 | rest=11043
[TEST] {3} tested=1000/4366 | kept=0 | rest=10911
[TEST] {10} tested=1000/1092 | kept=2 | rest=10816
[TEST] {2} tested=1400/4366 | kept=229 | rest=10709
[TEST] {6} tested=1091/1091 | kept=23 | rest=10593
[TEST] {2} tested=1500/4366 | kept=237 | rest=10548
[WARN] batch start failed | size=1092 {11} | split=273 {18} + 273 {19} + 273 {20} + 273 {21}
[WARN] batch start failed | size=1092 {12} | split=273 {22} + 273 {23} + 273 {24} + 273 {25}
[WARN] batch start failed | size=1090 {13} | split=273 {26} + 273 {27} + 273 {28} + 271 {29}
[TEST] {14} tested=100/273 | kept=14 | rest=10362
[TEST] {3} tested=1100/4366 | kept=0 | rest=10258
[TEST] {14} tested=200/273 | kept=34 | rest=10253
[TEST] {10} tested=1092/1092 | kept=2 | rest=10144
[TEST] {15} tested=100/273 | kept=5 | rest=9975
[TEST] {2} tested=1600/4366 | kept=237 | rest=9892
[TEST] {15} tested=200/273 | kept=24 | rest=9829
[TEST] {2} tested=1700/4366 | kept=238 | rest=9695
[TEST] {3} tested=1200/4366 | kept=0 | rest=9673
[TEST] {2} tested=1800/4366 | kept=240 | rest=9581
[TEST] {14} tested=273/273 | kept=76 | rest=9502
[WARN] batch start failed | size=273 {16} | split=69 {30} + 69 {31} + 69 {32} + 66 {33}
[TEST] {3} tested=1300/4366 | kept=0 | rest=9400
[TEST] {15} tested=273/273 | kept=71 | rest=9262
[TEST] {17} tested=100/271 | kept=65 | rest=9228
[TEST] {19} tested=100/273 | kept=0 | rest=9055
[TEST] {2} tested=1900/4366 | kept=240 | rest=8929
[TEST] {17} tested=200/271 | kept=157 | rest=8823
[TEST] {19} tested=200/273 | kept=5 | rest=8780
[TEST] {2} tested=2000/4366 | kept=240 | rest=8736
[TEST] {3} tested=1400/4366 | kept=0 | rest=8727
[TEST] {2} tested=2100/4366 | kept=240 | rest=8633
[TEST] {2} tested=2200/4366 | kept=240 | rest=8391
[TEST] {3} tested=1500/4366 | kept=0 | rest=8383
[TEST] {17} tested=271/271 | kept=175 | rest=8258
[TEST] {19} tested=273/273 | kept=5 | rest=8256
[WARN] batch start failed | size=273 {20} | split=69 {34} + 69 {35} + 69 {36} + 66 {37}
[TEST] {18} tested=100/273 | kept=0 | rest=8122
[WARN] batch start failed | size=273 {21} | split=69 {38} + 69 {39} + 69 {40} + 66 {41}
[TEST] {23} tested=100/273 | kept=20 | rest=7902
[TEST] {2} tested=2300/4366 | kept=240 | rest=7826
[TEST] {23} tested=200/273 | kept=68 | rest=7767
[TEST] {3} tested=1600/4366 | kept=2 | rest=7675
[TEST] {3} tested=1700/4366 | kept=54 | rest=7535
[TEST] {2} tested=2400/4366 | kept=246 | rest=7433
[TEST] {3} tested=1800/4366 | kept=88 | rest=7385
[TEST] {18} tested=200/273 | kept=0 | rest=7340
[TEST] {18} tested=273/273 | kept=0 | rest=7207
[TEST] {2} tested=2500/4366 | kept=265 | rest=7182
[TEST] {23} tested=273/273 | kept=87 | rest=7008
[TEST] {22} tested=100/273 | kept=92 | rest=6958
[WARN] batch start failed | size=273 {24} | split=69 {42} + 69 {43} + 69 {44} + 66 {45}
[TEST] {2} tested=2600/4366 | kept=269 | rest=6895
[TEST] {22} tested=200/273 | kept=172 | rest=6790
[TEST] {25} tested=100/273 | kept=4 | rest=6685
[TEST] {3} tested=1900/4366 | kept=88 | rest=6462
[TEST] {2} tested=2700/4366 | kept=270 | rest=6355
[TEST] {3} tested=2000/4366 | kept=88 | rest=6333
[TEST] {3} tested=2100/4366 | kept=88 | rest=6166
[TEST] {2} tested=2800/4366 | kept=271 | rest=6121
[TEST] {2} tested=2900/4366 | kept=271 | rest=6008
[TEST] {3} tested=2200/4366 | kept=88 | rest=5883
[TEST] {22} tested=273/273 | kept=222 | rest=5864
[TEST] {25} tested=200/273 | kept=8 | rest=5827
[TEST] {29} tested=100/271 | kept=0 | rest=5639
[TEST] {2} tested=3000/4366 | kept=272 | rest=5556
[TEST] {3} tested=2300/4366 | kept=88 | rest=5410
[TEST] {3} tested=2400/4366 | kept=88 | rest=5297
[TEST] {3} tested=2500/4366 | kept=88 | rest=5191
[TEST] {29} tested=200/271 | kept=0 | rest=5080
[TEST] {3} tested=2600/4366 | kept=88 | rest=5043
[TEST] {2} tested=3100/4366 | kept=272 | rest=4978
[TEST] {25} tested=273/273 | kept=8 | rest=4875
[TEST] {26} tested=100/273 | kept=1 | rest=4697
[TEST] {29} tested=271/271 | kept=0 | rest=4691
[WARN] batch start failed | size=273 {28} | split=69 {46} + 69 {47} + 69 {48} + 66 {49}
[TEST] {2} tested=3200/4366 | kept=275 | rest=4653
[TEST] {3} tested=2700/4366 | kept=88 | rest=4632
[TEST] {3} tested=2800/4366 | kept=88 | rest=4515
[TEST] {27} tested=100/273 | kept=41 | rest=4309
[TEST] {2} tested=3300/4366 | kept=277 | rest=4232
[TEST] {26} tested=200/273 | kept=3 | rest=4080
[TEST] {2} tested=3400/4366 | kept=333 | rest=4017
[TEST] {3} tested=2900/4366 | kept=102 | rest=3960
[TEST] {3} tested=3000/4366 | kept=102 | rest=3749
[TEST] {27} tested=200/273 | kept=50 | rest=3670
[TEST] {2} tested=3500/4366 | kept=372 | rest=3638
[TEST] {26} tested=273/273 | kept=3 | rest=3509
[TEST] {3} tested=3100/4366 | kept=102 | rest=3408
[TEST] {2} tested=3600/4366 | kept=373 | rest=3325
[TEST] {27} tested=273/273 | kept=50 | rest=3306
[TEST] {31} tested=69/69 | kept=19 | rest=3092
[TEST] {3} tested=3200/4366 | kept=102 | rest=3031
[TEST] {2} tested=3700/4366 | kept=373 | rest=3009
[TEST] {3} tested=3300/4366 | kept=102 | rest=2862
[TEST] {32} tested=69/69 | kept=11 | rest=2861
[WARN] batch start failed | size=66 {33} | split=17 {50} + 17 {51} + 17 {52} + 15 {53}
[TEST] {2} tested=3800/4366 | kept=373 | rest=2662
[TEST] {3} tested=3400/4366 | kept=103 | rest=2629
[TEST] {30} tested=69/69 | kept=24 | rest=2605
[WARN] batch start failed | size=69 {36} | split=18 {54} + 18 {55} + 18 {56} + 15 {57}
[TEST] {3} tested=3500/4366 | kept=103 | rest=2422
[TEST] {34} tested=69/69 | kept=3 | rest=2317
[TEST] {3} tested=3600/4366 | kept=103 | rest=2264
[TEST] {2} tested=3900/4366 | kept=373 | rest=2244
[TEST] {35} tested=69/69 | kept=5 | rest=2125
[TEST] {3} tested=3700/4366 | kept=103 | rest=1946
[TEST] {2} tested=4000/4366 | kept=373 | rest=1939
[TEST] {3} tested=3800/4366 | kept=103 | rest=1817
[TEST] {37} tested=66/66 | kept=41 | rest=1816
[WARN] batch start failed | size=69 {38} | split=18 {58} + 18 {59} + 18 {60} + 15 {61}
[TEST] {40} tested=69/69 | kept=55 | rest=1633
[TEST] {2} tested=4100/4366 | kept=375 | rest=1623
[TEST] {3} tested=3900/4366 | kept=103 | rest=1488
[TEST] {41} tested=66/66 | kept=54 | rest=1332
[WARN] batch start failed | size=69 {42} | split=18 {62} + 18 {63} + 18 {64} + 15 {65}
[TEST] {3} tested=4000/4366 | kept=104 | rest=1237
[TEST] {2} tested=4200/4366 | kept=375 | rest=1213
[TEST] {39} tested=69/69 | kept=25 | rest=1183
[TEST] {3} tested=4100/4366 | kept=104 | rest=976
[TEST] {2} tested=4300/4366 | kept=375 | rest=922
[TEST] {44} tested=69/69 | kept=2 | rest=916
[TEST] {43} tested=69/69 | kept=2 | rest=788
[WARN] batch start failed | size=69 {46} | split=18 {66} + 18 {67} + 18 {68} + 15 {69}
[TEST] {2} tested=4366/4366 | kept=375 | rest=716
[TEST] {3} tested=4200/4366 | kept=105 | rest=689
[TEST] {45} tested=66/66 | kept=3 | rest=538
[TEST] {3} tested=4300/4366 | kept=105 | rest=458
[TEST] {48} tested=69/69 | kept=0 | rest=425
[TEST] {47} tested=69/69 | kept=0 | rest=382
[WARN] batch start failed | size=17 {50} | split=5 {70} + 5 {71} + 5 {72} + 2 {73}
[TEST] {3} tested=4366/4366 | kept=105 | rest=351
[TEST] {49} tested=66/66 | kept=0 | rest=331
[WARN] batch start failed | size=18 {54} | split=5 {74} + 5 {75} + 5 {76} + 3 {77}
[TEST] {51} tested=17/17 | kept=1 | rest=300
[TEST] {52} tested=17/17 | kept=1 | rest=287
[TEST] {53} tested=15/15 | kept=7 | rest=267
[WARN] batch start failed | size=18 {58} | split=5 {78} + 5 {79} + 5 {80} + 3 {81}
[WARN] batch start failed | size=18 {60} | split=5 {82} + 5 {83} + 5 {84} + 3 {85}
[WARN] batch start failed | size=18 {59} | split=5 {86} + 5 {87} + 5 {88} + 3 {89}
[WARN] batch start failed | size=15 {61} | split=4 {90} + 4 {91} + 4 {92} + 3 {93}
[TEST] {57} tested=15/15 | kept=14 | rest=256
[WARN] batch start failed | size=18 {63} | split=5 {94} + 5 {95} + 5 {96} + 3 {97}
[TEST] {55} tested=18/18 | kept=6 | rest=238
[TEST] {56} tested=18/18 | kept=7 | rest=220
[WARN] batch start failed | size=18 {67} | split=5 {98} + 5 {99} + 5 {100} + 3 {101}
[TEST] {62} tested=18/18 | kept=1 | rest=206
[TEST] {64} tested=18/18 | kept=1 | rest=190
[TEST] {65} tested=15/15 | kept=1 | rest=171
[TEST] {68} tested=18/18 | kept=1 | rest=156
[WARN] batch start failed | size=5 {72} | split=1 {102} + 1 {103} + 1 {104} + 1 {105} + 1 {106}
[TEST] {66} tested=18/18 | kept=0 | rest=138
[TEST] {69} tested=15/15 | kept=0 | rest=133
[TEST] {70} tested=5/5 | kept=2 | rest=128
[WARN] batch start failed | size=5 {76} | split=1 {107} + 1 {108} + 1 {109} + 1 {110} + 1 {111}
[TEST] {71} tested=5/5 | kept=0 | rest=125
[TEST] {73} tested=2/2 | kept=1 | rest=120
[TEST] {74} tested=5/5 | kept=1 | rest=114
[TEST] {75} tested=5/5 | kept=3 | rest=108
[TEST] {77} tested=3/3 | kept=1 | rest=103
[WARN] batch start failed | size=3 {81} | split=1 {112} + 1 {113} + 1 {114}
[TEST] {79} tested=5/5 | kept=0 | rest=102
[TEST] {78} tested=5/5 | kept=0 | rest=99
[TEST] {80} tested=5/5 | kept=0 | rest=97
[WARN] batch start failed | size=3 {85} | split=1 {115} + 1 {116} + 1 {117}
[WARN] batch start failed | size=5 {86} | split=1 {118} + 1 {119} + 1 {120} + 1 {121} + 1 {122}
[TEST] {82} tested=5/5 | kept=0 | rest=94
[WARN] batch start failed | size=5 {88} | split=1 {123} + 1 {124} + 1 {125} + 1 {126} + 1 {127}
[TEST] {84} tested=5/5 | kept=0 | rest=89
[WARN] batch start failed | size=3 {89} | split=1 {128} + 1 {129} + 1 {130}
[WARN] batch start failed | size=4 {90} | split=1 {131} + 1 {132} + 1 {133} + 1 {134}
[WARN] batch start failed | size=4 {91} | split=1 {135} + 1 {136} + 1 {137} + 1 {138}
[TEST] {92} tested=4/4 | kept=0 | rest=85
[TEST] {83} tested=5/5 | kept=0 | rest=78
[TEST] {87} tested=5/5 | kept=0 | rest=69
[WARN] batch start failed | size=5 {96} | split=1 {139} + 1 {140} + 1 {141} + 1 {142} + 1 {143}
[TEST] {93} tested=3/3 | kept=0 | rest=65
[TEST] {94} tested=5/5 | kept=0 | rest=62
[TEST] {95} tested=5/5 | kept=1 | rest=57
[WARN] batch start failed | size=5 {98} | split=1 {144} + 1 {145} + 1 {146} + 1 {147} + 1 {148}
[TEST] {97} tested=3/3 | kept=1 | rest=53
[TEST] {103} tested=1/1 | kept=1 | rest=52
[TEST] {99} tested=5/5 | kept=0 | rest=50
[TEST] {100} tested=5/5 | kept=0 | rest=47
[REPAIR] name=[Free-clash-v2ray] hysteria {105} | fields=up,down
[TEST] {105} tested=1/1 | kept=0 | rest=46
[TEST] {101} tested=3/3 | kept=0 | rest=45
[TEST] {107} tested=1/1 | kept=0 | rest=44
[TEST] {109} tested=1/1 | kept=0 | rest=43
[TEST] {102} tested=1/1 | kept=0 | rest=42
[REPAIR] name=[免费节点11] 🇩🇪 德国 04 {111} | fields=up,down
[TEST] {108} tested=1/1 | kept=0 | rest=41
[TEST] {111} tested=1/1 | kept=0 | rest=40
[TEST] {112} tested=1/1 | kept=0 | rest=39
[REPAIR] name=[ChromeGO-ShiteThings] hysteria {113} | fields=up,down
[REPAIR] name=[ChromeGO-ShiteThings] hysteria-2 {114} | fields=up,down
[TEST] {113} tested=1/1 | kept=0 | rest=38
[TEST] {114} tested=1/1 | kept=0 | rest=37
[TEST] {104} tested=1/1 | kept=0 | rest=36
[TEST] {106} tested=1/1 | kept=0 | rest=35
[REPAIR] name=[ChromeGO-Merge] Taiwan {117} | fields=up,down
[REPAIR] name=[ChromeGO-ShiteThings] hysteria-4 {119} | fields=up,down
[TEST] {117} tested=1/1 | kept=0 | rest=34
[TEST] {110} tested=1/1 | kept=0 | rest=33
[REPAIR] name=[ChromeGO-ShiteThings] hysteria-3 {118} | fields=up,down
[TEST] {121} tested=1/1 | kept=0 | rest=32
[TEST] {118} tested=1/1 | kept=0 | rest=31
[TEST] {115} tested=1/1 | kept=0 | rest=30
[REPAIR] name=[ChromeGO-Merge] WARP {125} | fields=dialer-proxy
[TEST] {125} tested=1/1 | kept=1 | rest=29
[TEST] {116} tested=1/1 | kept=0 | rest=28
[TEST] {119} tested=1/1 | kept=0 | rest=27
[TEST] {120} tested=1/1 | kept=0 | rest=26
[REPAIR] name=[ChromeGO-Merge] United {126} | fields=up,down
[REPAIR] name=[ChromeGO-Merge] France_hysteria_1 {127} | fields=up,down
[REPAIR] name=[ChromeGO-Merge] United-2 {128} | fields=up,down
[TEST] {129} tested=1/1 | kept=0 | rest=25
[TEST] {130} tested=1/1 | kept=0 | rest=24
[TEST] {122} tested=1/1 | kept=0 | rest=23
[REPAIR] name=[ChromeGO-Merge] France-2 {132} | fields=up,down
[REPAIR] name=[ChromeGO-Merge] Taiwan-2 {134} | fields=up,down
[REPAIR] name=[ChromeGO-Merge] United-4 {133} | fields=up,down
[TEST] {134} tested=1/1 | kept=0 | rest=22
[REPAIR] name=[ChromeGO-Merge] United-5 {135} | fields=up,down
[TEST] {123} tested=1/1 | kept=0 | rest=21
[TEST] {138} tested=1/1 | kept=0 | rest=20
[TEST] {124} tested=1/1 | kept=0 | rest=19
[TEST] {139} tested=1/1 | kept=0 | rest=18
[TEST] {126} tested=1/1 | kept=0 | rest=17
[TEST] {127} tested=1/1 | kept=0 | rest=16
[TEST] {128} tested=1/1 | kept=0 | rest=15
[TEST] {131} tested=1/1 | kept=0 | rest=14
[REPAIR] name=[Pawdroid-SS-APK] United+Kingdom-3 {140} | fields=cipher
[TEST] {132} tested=1/1 | kept=0 | rest=13
[TEST] {133} tested=1/1 | kept=0 | rest=12
[TEST] {141} tested=1/1 | kept=0 | rest=11
[TEST] {135} tested=1/1 | kept=0 | rest=10
[TEST] {137} tested=1/1 | kept=0 | rest=9
[TEST] {136} tested=1/1 | kept=0 | rest=8
[REPAIR] name=[Epodonios] EPODONIOS-106 {145} | fields=cipher
[TEST] {142} tested=1/1 | kept=0 | rest=7
[TEST] {140} tested=1/1 | kept=1 | rest=6
[TEST] {143} tested=1/1 | kept=0 | rest=5
[TEST] {147} tested=1/1 | kept=0 | rest=4
[TEST] {144} tested=1/1 | kept=0 | rest=3
[TEST] {145} tested=1/1 | kept=0 | rest=2
[TEST] {148} tested=1/1 | kept=0 | rest=1
[TEST] {146} tested=1/1 | kept=0 | rest=0
============================================================
[INFO] cap live | source=[免费节点2] | from=112 | to=50
[INFO] cap live | source=[免费节点8] | from=149 | to=50
[INFO] cap live | source=[免费节点11] | from=80 | to=50
[INFO] cap live | source=[Pawdroid-SR-APK] | from=438 | to=50
[INFO] cap live | source=[Epodonios] | from=67 | to=50
[INFO] cap live | source=[Free-clash-v2ray] | from=511 | to=50
[INFO] cap live | source=[V2rayclashfree-RSS] | from=167 | to=50
[INFO] cap live total | from=656 | to=400 | floor=5 | by=health_score
[INFO] cap live | reserved=121 | pool=535 | taken=279
[INFO] cap live | source=[免费节点2] | from=50 | to=27
[INFO] cap live | source=[免费节点1] | from=24 | to=5
[INFO] cap live | source=[Pawdroid] | from=8 | to=5
[INFO] cap live | source=[Mibei77-RSS] | from=9 | to=5
[INFO] cap live | source=[Yoyapai-RSS] | from=7 | to=5
[INFO] cap live | source=[免费节点3] | from=16 | to=6
[INFO] cap live | source=[免费节点4] | from=35 | to=5
[INFO] cap live | source=[免费节点6] | from=46 | to=30
[INFO] cap live | source=[免费节点7] | from=30 | to=7
[INFO] cap live | source=[免费节点10] | from=19 | to=5
[INFO] cap live | source=[免费节点11] | from=50 | to=14
[INFO] cap live | source=[Pawdroid-SS-APK] | from=40 | to=21
[INFO] cap live | source=[1VPN-CRX] | from=11 | to=8
[INFO] cap live | source=[Clashfree] | from=27 | to=5
[INFO] cap live | source=[Epodonios] | from=50 | to=18
[INFO] geo tally | live=400 | HK=28 | JP=48 | KR=39 | TW=11 | SG=36 | US=95 | GB=3 | FR=35 | DE=6 | NL=10 | CA=18 | other=71
[INFO] score summary | n=400 | max=416.7758 | p90=110.1925 | p50=64.6800 | avg=67.4211 | min=0.6750 | geo_avg=24.7165 | adj_avg=+2.6659
============================================================
+------------------------------+--------+--------+------+--------+
| source                       |    raw | unique | live | capped |
+------------------------------+--------+--------+------+--------+
| [大FQ运动]                   |     18 |     18 |    8 |      8 |
+------------------------------+--------+--------+------+--------+
| [Pawdroid]                   |     41 |     40 |    8 |      5 |
+------------------------------+--------+--------+------+--------+
| [FreeV2-Base64]              |      3 |      3 |    3 |      3 |
+------------------------------+--------+--------+------+--------+
| [Bocchi2b-Base64]            |     35 |     35 |    0 |      0 |
+------------------------------+--------+--------+------+--------+
| [Freesocks]                  |      4 |      4 |    3 |      3 |
+------------------------------+--------+--------+------+--------+
| [NekoWarp]                   |     10 |     10 |   10 |     10 |
+------------------------------+--------+--------+------+--------+
| [OpenRunner-RSS]             |     14 |     14 |    1 |      1 |
+------------------------------+--------+--------+------+--------+
| [V2Rayshare-RSS]             |     22 |     22 |    2 |      2 |
+------------------------------+--------+--------+------+--------+
| [Mibei77-RSS]                |    116 |     94 |    9 |      5 |
+------------------------------+--------+--------+------+--------+
| [Yoyapai-RSS]                |    232 |    202 |    7 |      5 |
+------------------------------+--------+--------+------+--------+
| [免费节点1]                  |    325 |    221 |   24 |      5 |
+------------------------------+--------+--------+------+--------+
| [免费节点2]                  |    373 |    318 |  112 |     27 |
+------------------------------+--------+--------+------+--------+
| [免费节点3]                  |     43 |     26 |   16 |      6 |
+------------------------------+--------+--------+------+--------+
| [免费节点4]                  |    892 |    772 |   35 |      5 |
+------------------------------+--------+--------+------+--------+
| [免费节点5]                  |     29 |     28 |    0 |      0 |
+------------------------------+--------+--------+------+--------+
| [免费节点6]                  |   1651 |   1597 |   46 |     30 |
+------------------------------+--------+--------+------+--------+
| [免费节点7]                  |     64 |     45 |   30 |      7 |
+------------------------------+--------+--------+------+--------+
| [免费节点8]                  |   4258 |   3338 |  149 |     50 |
+------------------------------+--------+--------+------+--------+
| [免费节点9]                  |    615 |    458 |    0 |      0 |
+------------------------------+--------+--------+------+--------+
| [免费节点10]                 |   5511 |   3088 |   19 |      5 |
+------------------------------+--------+--------+------+--------+
| [免费节点11]                 |    507 |    286 |   80 |     14 |
+------------------------------+--------+--------+------+--------+
| [ChromeGO-Toolkit]           |     20 |     20 |    5 |      5 |
+------------------------------+--------+--------+------+--------+
| [ChromeGO-ShiteThings]       |     31 |     24 |    1 |      1 |
+------------------------------+--------+--------+------+--------+
| [ChromeGO-Merge]             |    112 |     74 |    1 |      1 |
+------------------------------+--------+--------+------+--------+
| [Pawdroid-SR-APK]            |    978 |    624 |  438 |     50 |
+------------------------------+--------+--------+------+--------+
| [Pawdroid-SS-APK]            |   1530 |   1006 |   40 |     21 |
+------------------------------+--------+--------+------+--------+
| [1VPN-CRX]                   |     17 |     17 |   11 |      8 |
+------------------------------+--------+--------+------+--------+
| [Clashfree]                  |    233 |     84 |   27 |      5 |
+------------------------------+--------+--------+------+--------+
| [Epodonios]                  |   4476 |   2780 |   67 |     18 |
+------------------------------+--------+--------+------+--------+
| [Free-clash-v2ray]           |   3521 |   2014 |  511 |     50 |
+------------------------------+--------+--------+------+--------+
| [V2rayclashfree-RSS]         |   1612 |    199 |  167 |     50 |
+------------------------------+--------+--------+------+--------+
============================================================
[INFO] clash history written | path=/home/runner/work/Free-node-autotest/Free-node-autotest/history/797390708795-clash-1204-20260929.yaml
[SUMMARY] total_nodes=27293
[SUMMARY] legal_candidates=17461
[SUMMARY] passed_latency_test=400
[SUMMARY] region_HK=28 | region_JP=48 | region_US=107
[SUMMARY] avg_latency_ms=408.67
[SUMMARY] output=/home/runner/work/Free-node-autotest/Free-node-autotest/output/clash.yaml
============================================================
[INFO] raw backup written | path=/home/runner/work/Free-node-autotest/Free-node-autotest/output/raw.yaml | history=797390708795-raw-1204-20260929.yaml | proxies=27295
[INFO] debug history written | path=/home/runner/work/Free-node-autotest/Free-node-autotest/history/797390708795-debug-1204-20260929.log | proxies=27295
