============================================================
[INFO] sublink try page: https://end-gfw.com/
[OK] proxies=2 new=2 url=https://raw.githubusercontent.com/hello-world-1989/cn-news/main/end-gfw-together-ss
[OK] proxies=2 new=2 url=https://raw.githubusercontent.com/hello-world-1989/cn-news/main/end-gfw-together
[OK] proxies=2 new=0 url=https://raw.githubusercontent.com/hello-world-1989/cn-news/refs/heads/main/clash.yaml
[OK] proxies=4 source=大FQ运动 url=https://end-gfw.com/
============================================================
[INFO] source try url: https://end-gfw.com/ss-key
[OK] proxies=4 new=4 url=https://end-gfw.com/ss-key
[OK] proxies=4 source=大FQ运动-SS密钥 url=https://end-gfw.com/ss-key
============================================================
[INFO] sublink try page: https://github.com/hello-world-1989/cn-news/raw/refs/heads/main/README.md
[OK] proxies=2 new=2 url=https://raw.githubusercontent.com/hello-world-1989/cn-news/main/end-gfw-together
[OK] proxies=2 new=0 url=https://raw.githubusercontent.com/hello-world-1989/cn-news/refs/heads/main/clash.yaml
[OK] proxies=6 new=6 url=https://raw.githubusercontent.com/hello-world-1989/v2-sub/main/end-gfw-together-af3e13
[OK] proxies=8 source=大FQ运动-补充 url=https://github.com/hello-world-1989/cn-news/raw/refs/heads/main/README.md
============================================================
[INFO] toolkit try release: https://github.com/bannedbook/fanqiang/releases
[INFO] toolkit try page: https://github.com/bannedbook/fanqiang/releases/expanded_assets/ChromeGo-latest
[INFO] toolkit try download: https://github.com/bannedbook/fanqiang/releases/download/ChromeGo-latest/ChromeGo.7z
[OK] toolkit downloaded: ChromeGo.7z bytes=100924352
[OK] toolkit embedded proxies=12 archive=ChromeGo.7z
[OK] toolkit discovered subs=107 archive=ChromeGo.7z
[OK] proxies=6 new=12 embedded=archive-config
[OK] proxies=7 new=2 url=https://gitlab.com/free9999/ipupdate/master/backup/img/1/2/{ipp|ip}/{hysteria2|singbox|naiveproxy|hysteria|xray}/{2|3|1|4}/config.json
[OK] proxies=7 new=4 url=https://www.67867867.xyz/Alvin9999/PAC/refs/heads/master/backup/img/1/2/{ipp|ip}/{hysteria2|singbox|naiveproxy|hysteria|xray}/{2|3|1|4}/config.json
[OK] proxies=3 new=3 url=https://www.67867867.xyz/Alvin9999/PAC/refs/heads/master/backup/img/1/2/{ipp|ip}/clash.meta2/{2|3|1|6|4|5}/config.yaml
[OK] proxies=3 new=0 url=https://gitlab.com/free9999/ipupdate/master/backup/img/1/2/{ipp|ip}/clash.meta2/{2|1|3|5|6|4}/config.yaml
[OK] proxies=21 source=ChromeGO-工具包 url=https://github.com/bannedbook/fanqiang/releases/download/ChromeGo-latest/ChromeGo.7z
============================================================
[INFO] sublink try page: https://raw.githubusercontent.com/ShiteThings/extractNodes/refs/heads/main/README.md
[OK] proxies=26 new=26 url=https://chg26.makou.cc.cd/sb
[OK] proxies=31 new=5 url=https://{chg64.makou.cc.cd|chg26.makou.cc.cd}
[OK] proxies=31 source=ChromeGO-ShiteThings url=https://raw.githubusercontent.com/ShiteThings/extractNodes/refs/heads/main/README.md
============================================================
[INFO] sublink try page: https://github.com/Misaka-blog/chromego_merge/raw/refs/heads/main/README.md
[OK] proxies=29 new=29 url=https://chromego-sub.netlify.app/sub/merged_proxies_new.yaml
[OK] proxies=29 source=ChromeGO-Merge url=https://github.com/Misaka-blog/chromego_merge/raw/refs/heads/main/README.md
============================================================
[INFO] source try url: https://freesocks.org/api/v1/sub/02b897e8e77f19176b0b9f2c75864b00
[OK] proxies=6 new=6 url=https://freesocks.org/api/v1/sub/02b897e8e77f19176b0b9f2c75864b00
[OK] proxies=6 source=Freesocks url=https://freesocks.org/api/v1/sub/02b897e8e77f19176b0b9f2c75864b00
============================================================
[INFO] source try url: https://neko-warp.nloli.xyz/neko_warp.yaml
[OK] proxies=10 new=10 url=https://neko-warp.nloli.xyz/neko_warp.yaml
[OK] proxies=10 source=NekoWarp url=https://neko-warp.nloli.xyz/neko_warp.yaml
============================================================
[INFO] article try feed: https://v2rayshare.com/feed
[INFO] sublink try page: https://v2rayshare.net/p/5073.html
[OK] proxies=24 new=24 url=https://static.v2rayshare.net/2026/09/20260907.txt
[OK] proxies=23 new=0 url=https://static.v2rayshare.net/2026/09/m20260907.yaml
[OK] proxies=30 new=30 url=https://static.v2rayshare.net/2026/09/20260907.yaml
[OK] proxies=54 source=V2Rayshare-RSS url=https://v2rayshare.net/p/5073.html
============================================================
[INFO] sublink try page: https://github.com/firefoxmmx2/v2rayshare_subcription/raw/refs/heads/main/README.md
[OK] proxies=30 new=30 url=https://{raw.githubusercontent.com|cdn.jsdelivr.net}/firefoxmmx2/v2rayshare_subcription/main/subscription/clash_sub.yaml
[OK] proxies=23 new=23 url=https://{cdn.jsdelivr.net|raw.githubusercontent.com}/firefoxmmx2/v2rayshare_subcription/main/subscription/mihomo_sub.yaml
[OK] proxies=24 new=1 url=https://{cdn.jsdelivr.net|raw.githubusercontent.com}/firefoxmmx2/v2rayshare_subcription/main/subscription/vray_sub.txt
[OK] proxies=54 source=V2Rayshare-SUB url=https://github.com/firefoxmmx2/v2rayshare_subcription/raw/refs/heads/main/README.md
============================================================
[INFO] article try feed: https://free.datiya.com/index.xml
[INFO] sublink try page: https://free.datiya.com/post/20260907/
[OK] proxies=14 new=14 url=https://free.datiya.com/uploads/20260907-clash.yaml
[OK] proxies=14 source=OpenRunner-RSS url=https://free.datiya.com/post/20260907/
============================================================
[INFO] article try feed: https://www.mibei77.com/feed
[INFO] sublink try page: https://www.mibei77.com/653.html
[OK] proxies=121 new=121 url=https://mm.mibei77.com/202609/09.0764bacfe.txt
[OK] proxies=119 new=0 url=https://mm.mibei77.com/202609/0907Clashizx.yaml
[OK] proxies=121 source=Mibei77-RSS url=https://www.mibei77.com/653.html
============================================================
[INFO] article try feed: https://yoyapai.com/feed
[INFO] sublink try page: https://yoyapai.com/705
[OK] proxies=1 new=1 url=https://yoyapai.com/705
[OK] proxies=205 new=205 url=https://freenode.yoyapai.com/2026/09/07-yoyapai.com-clash-vpn-mianfei-jie-dian.yaml
[OK] proxies=205 new=0 url=https://freenode.yoyapai.com/2026/09/07-yoyapai.com-ssrv2ray-vpn-mianfei-jie-dian.txt
[OK] proxies=206 source=Yoyapai-RSS url=https://yoyapai.com/705
============================================================
[INFO] sublink try page: https://raw.githubusercontent.com/free-clash-v2ray/free-clash-v2ray.github.io/main/README.md
[OK] proxies=3958 new=3948 url=https://free-clash-v2ray.github.io/uploads/2026/09/{2-20260906.txt|3-20260906.txt|1-20260906.txt|4-20260906.txt}
[OK] proxies=2281 new=580 url=https://free-clash-v2ray.github.io/uploads/2026/09/{3-20260906.yaml|1-20260906.yaml|0-20260906.yaml|2-20260906.yaml}
[OK] proxies=4528 source=Free-clash-v2ray url=https://raw.githubusercontent.com/free-clash-v2ray/free-clash-v2ray.github.io/main/README.md
============================================================
[INFO] sublink try page: https://raw.githubusercontent.com/Pawdroid/Free-servers/refs/heads/main/README.md
[OK] proxies=20 new=20 url=https://raw.githubusercontent.com/Pawdroid/Free-servers/refs/heads/main/README.md
[OK] proxies=20 new=16 url=https://raw.githubusercontent.com/Pawdroid/Free-servers/main/sub
[OK] proxies=1 new=1 url=https://apps.apple.com/cn/app/shadowshare/id1612647259
[OK] proxies=1 new=1 url=http://www.surflare.com
[OK] proxies=38 source=Pawdroid url=https://raw.githubusercontent.com/Pawdroid/Free-servers/refs/heads/main/README.md
============================================================
[INFO] source try url: https://xmxosfepggzm.503403.xyz
[OK] proxies=3 new=3 url=https://xmxosfepggzm.503403.xyz
[OK] proxies=3 source=FreeV2-Base64 url=https://xmxosfepggzm.503403.xyz
============================================================
[INFO] source try url: https://links.bocchi2b.top/clash
[OK] proxies=35 new=35 url=https://links.bocchi2b.top/clash
[OK] proxies=35 source=Bocchi2b-Base64 url=https://links.bocchi2b.top/clash
============================================================
[INFO] sublink try page: https://raw.githubusercontent.com/free18/v2ray/refs/heads/main/README.md
[OK] proxies=3 new=3 url=https://raw.githubusercontent.com/free18/v2ray/refs/heads/main/README.md
[OK] proxies=232 new=232 url=https://ghfast.top/https://raw.githubusercontent.com/free18/v2ray/refs/heads/main/c.yaml
[OK] proxies=232 new=0 url=https://ghfast.top/https://raw.githubusercontent.com/free18/v2ray/refs/heads/main/v.txt
[OK] proxies=235 source=免费节点1 url=https://raw.githubusercontent.com/free18/v2ray/refs/heads/main/README.md
============================================================
[INFO] sublink try page: https://github.com/ermaozi/get_subscribe/raw/refs/heads/main/README.md
[OK] proxies=21 new=21 url=https://www.ermao.net/sub/{v2ray|clash}/ermao.net
[OK] proxies=21 source=免费节点2 url=https://github.com/ermaozi/get_subscribe/raw/refs/heads/main/README.md
============================================================
[INFO] sublink try page: https://raw.githubusercontent.com/sunmiao4458/free-proxy-airport/refs/heads/main/README.md
[OK] proxies=44 new=44 url=https://sunmiao4458.github.io/free-proxy-airport/clash.yaml
[OK] proxies=44 source=免费节点3 url=https://raw.githubusercontent.com/sunmiao4458/free-proxy-airport/refs/heads/main/README.md
============================================================
[INFO] sublink try page: https://raw.githubusercontent.com/mfuu/FreeProxies/refs/heads/master/README.md
[OK] proxies=849 new=849 url=https://raw.githubusercontent.com/mfuu/FreeProxies/master/sub.yaml
[OK] proxies=849 source=免费节点4 url=https://raw.githubusercontent.com/mfuu/FreeProxies/refs/heads/master/README.md
============================================================
[INFO] sublink try page: https://github.com/vxiaov/free_proxies/raw/refs/heads/main/README.md
[OK] proxies=1 new=1 url=https://github.com/vxiaov/free_proxies/raw/refs/heads/main/README.md
[OK] proxies=28 new=28 url=https://{cdn.jsdelivr.net|raw.githubusercontent.com}/vxiaov/free_proxies/main/clash/clash.provider.yaml
[OK] proxies=29 source=免费节点5 url=https://github.com/vxiaov/free_proxies/raw/refs/heads/main/README.md
============================================================
[INFO] sublink try page: https://github.com/anaer/Sub/raw/refs/heads/main/README.MD
[OK] proxies=1416 new=1416 url=https://raw.githubusercontent.com/anaer/Sub/main/clash.yaml
[OK] proxies=1416 new=0 url=https://anaer.github.io/Sub/clash.yaml
[OK] proxies=1416 source=免费节点6 url=https://github.com/anaer/Sub/raw/refs/heads/main/README.MD
============================================================
[INFO] sublink try page: https://github.com/snakem982/proxypool/raw/refs/heads/main/README.md
[OK] proxies=64 new=64 url=https://raw.githubusercontent.com/snakem982/proxypool/main/source/clash-meta-2.yaml
[OK] proxies=63 new=0 url=https://raw.githubusercontent.com/snakem982/proxypool/main/source/v2ray-2.txt
[OK] proxies=60 new=0 url=https://raw.githubusercontent.com/snakem982/proxypool/main/source/sing-box-2.json
[OK] proxies=64 source=免费节点7 url=https://github.com/snakem982/proxypool/raw/refs/heads/main/README.md
============================================================
[INFO] sublink try page: https://raw.githubusercontent.com/mahdibland/V2RayAggregator/refs/heads/master/README.md
[OK] proxies=379 new=188 url=https://raw.githubusercontent.com/mahdibland/V2RayAggregator/refs/heads/master/README.md
[OK] proxies=1 new=1 url=https://cdn.jsdelivr.net/gh/mahdibland/V2RayAggregator@master/update/provider/provider-meta.yml
[OK] proxies=61 new=61 url=https://raw.githubusercontent.com/mahdibland/SSAggregator/master/sub/airport_sub_merge.txt
[OK] proxies=191 new=191 url=https://raw.githubusercontent.com/mahdibland/ShadowsocksAggregator/master/Eternity.txt
[OK] proxies=192 new=2 url=https://raw.githubusercontent.com/mahdibland/ShadowsocksAggregator/master/Eternity.yml
[OK] proxies=1 new=0 url=https://cdn.jsdelivr.net/gh/mahdibland/V2RayAggregator@master/update/provider/provider-others.yml
[OK] proxies=1 new=0 url=https://cdn.jsdelivr.net/gh/mahdibland/V2RayAggregator@master/update/provider/provider-meta-cn.yml
[OK] proxies=1 new=0 url=https://cdn.jsdelivr.net/gh/mahdibland/V2RayAggregator@master/update/provider/provider.yml
[OK] proxies=1 new=0 url=https://cdn.jsdelivr.net/gh/mahdibland/V2RayAggregator@master/update/provider/provider-cn.yml
[OK] proxies=61 new=0 url=https://raw.githubusercontent.com/mahdibland/ShadowsocksAggregator/master/EternityAir.txt
[OK] proxies=1 new=0 url=https://cdn.jsdelivr.net/gh/mahdibland/V2RayAggregator@master/update/provider/provider-meta-others.yml
[OK] proxies=42 new=41 url=https://raw.githubusercontent.com/mahdibland/ShadowsocksAggregator/master/sub/splitted/ssr.txt
[OK] proxies=1833 new=1630 url=https://raw.githubusercontent.com/mahdibland/ShadowsocksAggregator/master/sub/splitted/ss.txt
[OK] proxies=61 new=0 url=https://raw.githubusercontent.com/mahdibland/SSAggregator/master/sub/airport_merge_base64.txt
[OK] proxies=601 new=570 url=https://raw.githubusercontent.com/mahdibland/ShadowsocksAggregator/master/sub/splitted/trojan.txt
[OK] proxies=3889 new=1362 url=https://raw.githubusercontent.com/mahdibland/{SSAggregator|ShadowsocksAggregator}/master/sub/sub_merge.txt
[OK] proxies=3973 new=148 url=https://raw.githubusercontent.com/mahdibland/SSAggregator/master/sub/sub_merge_yaml.yml
[OK] proxies=1413 new=0 url=https://raw.githubusercontent.com/mahdibland/ShadowsocksAggregator/master/sub/splitted/vmess.txt
[OK] proxies=1 new=0 url=https://github.com/mahdibland/SSAggregator/actions/workflows/Collector.yml
[OK] proxies=1 new=0 url=https://github.com/mahdibland/SSAggregator/actions/workflows/Airport_Collector.yml
[OK] proxies=3889 new=0 url=https://raw.githubusercontent.com/mahdibland/SSAggregator/master/sub/sub_merge_base64.txt
[OK] proxies=4194 source=免费节点8 url=https://raw.githubusercontent.com/mahdibland/V2RayAggregator/refs/heads/master/README.md
============================================================
[INFO] sublink try page: https://raw.githubusercontent.com/w1770946466/Auto_proxy/refs/heads/main/README.md
[OK] proxies=489 new=134 url=https://raw.githubusercontent.com/w1770946466/Auto_proxy/main/{Long_term_subscription1|Long_term_subscription6|Long_term_subscription8|Long_term_subscription2|Long_term_subscription3|Long_term_subscription5|Long_term_subscription4|Long_term_subscription7}
[OK] proxies=489 new=355 url=https://raw.githubusercontent.com/w1770946466/Auto_proxy/main/Long_term_subscription_num
[OK] proxies=245 new=125 url=https://raw.githubusercontent.com/w1770946466/Auto_proxy/main/{Long_term_subscription1.yaml|Long_term_subscription2.yaml|Long_term_subscription3.yaml}
[OK] proxies=1 new=1 url=https://github.com/w1770946466/Auto_proxy/actions/workflows/main.yml
[OK] proxies=615 source=免费节点9 url=https://raw.githubusercontent.com/w1770946466/Auto_proxy/refs/heads/main/README.md
============================================================
[INFO] sublink try page: https://raw.githubusercontent.com/PuddinCat/BestClash/refs/heads/main/README.md
[OK] proxies=25 new=25 url=https://raw.githubusercontent.com/{chengaopan|peasoft}/{AutoMergePublicNodes|NoMoreWalls}/master/list.yml
[OK] proxies=29 new=10 url=https://raw.githubusercontent.com/Misaka-blog/chromego_merge/main/sub/merged_proxies_new.yaml
[OK] proxies=28 new=28 url=https://cdn.jsdelivr.net/gh/vxiaov/free_proxies@main/clash/clash.provider.yaml
[OK] proxies=39 new=39 url=https://raw.githubusercontent.com/{ermaozi|ermaozi01}/{get_subscribe|free_clash_vpn}/main/subscribe/clash.yml
[OK] proxies=144 new=144 url=https://raw.githubusercontent.com/zhangkaiitugithub/passcro/main/speednodes.yaml
[OK] proxies=192 new=188 url=https://raw.githubusercontent.com/mahdibland/ShadowsocksAggregator/master/Eternity.yml
[OK] proxies=24 new=24 url=https://freenode.openrunner.net/uploads/20240807-clash.yaml
[OK] proxies=4562 new=4504 url=https://raw.githubusercontent.com/{anaer|NiceVPN123}/{Sub|NiceVPN}/main/{clash.yaml|Clash.yaml}
[OK] proxies=165 new=163 url=https://raw.githubusercontent.com/ronghuaxueleng/get_v2/main/pub/combine.yaml
[OK] proxies=16 new=12 url=https://raw.githubusercontent.com/PuddinCat/BestClash/main/proxies.yaml
[OK] proxies=5137 source=免费节点10 url=https://raw.githubusercontent.com/PuddinCat/BestClash/refs/heads/main/README.md
============================================================
[INFO] sublink try page: https://raw.githubusercontent.com/kooker/FreeSubsCheck/main/README.md
[OK] proxies=17 new=17 url=https://raw.githubusercontent.com/kooker/FreeSubsCheck/main/mihomo.yaml
[OK] proxies=8 new=0 url=https://raw.githubusercontent.com/kooker/FreeSubsCheck/main/base64.txt
[OK] proxies=5 new=3 url=https://raw.githubusercontent.com/kooker/FreeSubsCheck/main/byxiaoxi.txt
[OK] proxies=17 new=0 url=https://raw.githubusercontent.com/kooker/FreeSubsCheck/main/all.yaml
[OK] proxies=444 new=440 url=https://raw.githubusercontent.com/kooker/FreeSubsCheck/main/kooker.jp.txt
[OK] proxies=460 source=免费节点11 url=https://raw.githubusercontent.com/kooker/FreeSubsCheck/main/README.md
============================================================
[INFO] toolkit try release: https://github.com/Pawdroid/shadowrocket_for_android/releases
[INFO] toolkit try page: https://github.com/Pawdroid/shadowrocket_for_android/releases/expanded_assets/v10.10.5-standard
[INFO] toolkit try download: https://github.com/Pawdroid/shadowrocket_for_android/releases/download/v10.10.5-standard/Shadowrocket_10.10.5_shadowrocketStandard_arm64-v8a.apk
[OK] toolkit downloaded: Shadowrocket_10.10.5_shadowrocketStandard_arm64-v8a.apk bytes=42354602
[INFO] toolkit sr-apk scanned prefixes=9 files=11 keys=2 archive=Shadowrocket_10.10.5_shadowrocketStandard_arm64-v8a.apk
[OK] proxies=171 new=171 url=https://raw.githubusercontent.com/hideme9527/ecfg/refs/heads/main/data/ecfg5
[OK] proxies=1386 new=1283 url=https://raw.githubusercontent.com/hideme9527/ecfg/refs/heads/main/data/ecfg_zh
[OK] proxies=129 new=0 url=https://{ecfg.v2gh.com|vip.foxovpn.com|cdn100.159236.xyz|cdn10.159236.xyz|cdn.159236.xyz}/{data|config}/ecfg
[OK] proxies=129 new=0 url=https://raw.githubusercontent.com/hideme9527/ecfg/refs/heads/main/data/ecfg
[OK] proxies=171 new=0 url=https://{ecfg.v2gh.com|vip.foxovpn.com|cdn10.159236.xyz|cdn100.159236.xyz|cdn.159236.xyz}/{data|config}/ecfg5
[OK] proxies=1386 new=0 url=https://{ecfg.v2gh.com|vip.foxovpn.com|cdn100.159236.xyz|cdn10.159236.xyz|cdn.159236.xyz}/{data|config}/ecfg_zh
[OK] proxies=1386 new=0 url=https://{cdn.159236.xyz|cdn10.159236.xyz|ecfg.v2gh.com|cdn100.159236.xyz|vip.foxovpn.com}/{config|data}/ecfg_de
[OK] proxies=1386 new=0 url=https://{cdn.159236.xyz|cdn10.159236.xyz|ecfg.v2gh.com|cdn100.159236.xyz|vip.foxovpn.com}/{config|data}/ecfg_en
[OK] proxies=1386 new=0 url=https://{cdn.159236.xyz|ecfg.v2gh.com|cdn100.159236.xyz|vip.foxovpn.com|cdn10.159236.xyz}/{config|data}/ecfg_ja
[OK] proxies=1386 new=0 url=https://{cdn.159236.xyz|cdn10.159236.xyz|ecfg.v2gh.com|cdn100.159236.xyz|vip.foxovpn.com}/{config|data}/ecfg_es
[OK] proxies=1386 new=0 url=https://{cdn10.159236.xyz|cdn.159236.xyz|ecfg.v2gh.com|vip.foxovpn.com|cdn100.159236.xyz}/{config|data}/ecfg_fr
[OK] proxies=1386 new=0 url=https://{cdn.159236.xyz|cdn10.159236.xyz|ecfg.v2gh.com|cdn100.159236.xyz|vip.foxovpn.com}/{config|data}/ecfg_pt
[OK] proxies=1386 new=0 url=https://{cdn10.159236.xyz|cdn.159236.xyz|cdn100.159236.xyz|ecfg.v2gh.com|vip.foxovpn.com}/{config|data}/ecfg_ru
[OK] proxies=1386 new=0 url=https://raw.githubusercontent.com/hideme9527/ecfg/refs/heads/main/data/ecfg_de
[OK] proxies=1386 new=0 url=https://raw.githubusercontent.com/hideme9527/ecfg/refs/heads/main/data/ecfg_en
[OK] proxies=1386 new=0 url=https://raw.githubusercontent.com/hideme9527/ecfg/refs/heads/main/data/ecfg_fr
[OK] proxies=1386 new=0 url=https://raw.githubusercontent.com/hideme9527/ecfg/refs/heads/main/data/ecfg_es
[OK] proxies=1386 new=0 url=https://raw.githubusercontent.com/hideme9527/ecfg/refs/heads/main/data/ecfg_ja
[OK] proxies=1386 new=0 url=https://raw.githubusercontent.com/hideme9527/ecfg/refs/heads/main/data/ecfg_ru
[OK] proxies=1386 new=0 url=https://raw.githubusercontent.com/hideme9527/ecfg/refs/heads/main/data/ecfg_pt
[OK] proxies=1454 source=Pawdroid-sr-apk url=https://github.com/Pawdroid/shadowrocket_for_android/releases/download/v10.10.5-standard/Shadowrocket_10.10.5_shadowrocketStandard_arm64-v8a.apk
============================================================
[INFO] toolkit try page: https://shadowshare.v2cross.com/
[INFO] toolkit try download: https://shadowshare.v2cross.com/shadowshare.apk
[OK] toolkit downloaded: shadowshare.apk bytes=62868122
[INFO] toolkit ss-apk scanned prefixes=10 files=3 keys=1 archive=shadowshare.apk
[OK] proxies=1386 new=1386 url=https://{raw.githubusercontent.com|jsd.onmicrosoft.cn}/hideme9527/ecsfg/main/data/sareserver_en
[OK] proxies=171 new=68 url=https://{raw.githubusercontent.com|jsd.onmicrosoft.cn}/hideme9527/ecsfg/main/data/sareserver
[OK] proxies=1386 new=0 url=https://{shadowsharing.com|sare.159236.xyz}/data/sareserver_en
[OK] proxies=171 new=0 url=https://{shadowsharing.com|sare.159236.xyz}/data/sareserver
[OK] proxies=171 new=0 url=https://gitee.com/api/v5/repos/{guoyoucai1|zhiminghao|elvenapp}/ecsfg/raw/data/sareserver
[OK] proxies=1386 new=0 url=https://gitee.com/api/v5/repos/{guoyoucai1|elvenapp|zhiminghao}/ecsfg/raw/data/sareserver_en
[OK] proxies=1454 source=Pawdroid-ss-apk url=https://shadowshare.v2cross.com/shadowshare.apk
============================================================
[INFO] sublink try page: https://raw.githubusercontent.com/free-nodes/clashfree/refs/heads/main/README.md
[OK] proxies=1319 new=1319 url=https://raw.githubusercontent.com/free-nodes/clashfree/refs/heads/main/README.md
[OK] proxies=1 new=1 url=https://github.com/free-nodes/clashfree/blob/main/clash20260907.yml
[OK] proxies=1319 new=0 url=https://raw.githubusercontent.com/free-nodes/clashfree/main/clash20260907.yml
[OK] proxies=1320 source=Clashfree url=https://raw.githubusercontent.com/free-nodes/clashfree/refs/heads/main/README.md
============================================================
[INFO] sublink try page: https://github.com/Epodonios/v2ray-configs/raw/refs/heads/main/README.md
[OK] proxies=3972 new=3972 url=https://raw.githubusercontent.com/Epodonios/v2ray-configs/main/{Sub4.txt|Sub1.txt|Sub2.txt|Sub8.txt|Sub3.txt|Sub5.txt|Sub7.txt|Sub6.txt}
[OK] proxies=1 new=0 url=https://github.com/Epodonios/v2ray-configs/raw/main/Splitted-By-Protocol/ssr.txt
[OK] proxies=398 new=65 url=https://github.com/Epodonios/v2ray-configs/raw/main/Splitted-By-Protocol/ss.txt
[OK] proxies=171 new=27 url=https://github.com/Epodonios/v2ray-configs/raw/main/Splitted-By-Protocol/vmess.txt
[OK] proxies=143 new=3 url=https://github.com/Epodonios/v2ray-configs/raw/main/Splitted-By-Protocol/trojan.txt
[OK] proxies=1 new=1 url=https://github.com/Epodonios/V2ray-Configs/actions/workflows/main.yml
[OK] proxies=3129 new=90 url=https://github.com/Epodonios/v2ray-configs/raw/main/Splitted-By-Protocol/vless.txt
[OK] proxies=2880 new=0 url=https://github.com/Epodonios/v2ray-configs/raw/main/All_Configs_Sub.txt
[OK] proxies=2880 new=0 url=https://github.com/Epodonios/v2ray-configs/raw/main/All_Configs_base64_Sub.txt
[OK] proxies=4158 source=Epodonios-v2ray-configs url=https://github.com/Epodonios/v2ray-configs/raw/refs/heads/main/README.md
============================================================
[INFO] article try page: https://v2rayclashfree.com/
[INFO] sublink try page: https://v2rayclashfree.com/fn/20260907.html
[OK] proxies=3383 new=3383 url=https://v2rayclashfree.com/sub/20260907-v2ray.txt
[OK] proxies=2838 new=347 url=https://v2rayclashfree.com/sub/20260907-clash.yaml
[OK] proxies=3730 source=V2rayclashfree-RSS url=https://v2rayclashfree.com/fn/20260907.html
============================================================
[INFO] raw backup written path=/home/runner/work/Free-node-autotest/Free-node-autotest/output/raw.yaml proxies=30346
[INFO] release digest sha256=b358eba638b01c1f1841c4d612d4b6da58419bef96055958cf9c3be04f625642 asset=mihomo-linux-amd64-v1-go120-v1.19.30.gz
[INFO] downloading proxy engine: https://github.com/MetaCubeX/mihomo/releases/download/v1.19.30/mihomo-linux-amd64-v1-go120-v1.19.30.gz
[OK] proxy engine sha256 verified: b358eba638b01c1f1841c4d612d4b6da58419bef96055958cf9c3be04f625642
============================================================
[WARN] batch start failed size=17742
[WARN] split batch 17742 -> 8871 + 8871
[WARN] batch start failed size=8871
[WARN] split batch 8871 -> 4435 + 4436
[WARN] batch start failed size=4435
[WARN] split batch 4435 -> 2217 + 2218
[WARN] batch start failed size=2217
[WARN] split batch 2217 -> 1108 + 1109
[WARN] batch start failed size=1108
[WARN] split batch 1108 -> 554 + 554
[WARN] batch start failed size=554
[WARN] split batch 554 -> 277 + 277
[WARN] batch start failed size=277
[WARN] split batch 277 -> 138 + 139
[WARN] batch start failed size=138
[WARN] split batch 138 -> 69 + 69
[WARN] batch start failed size=69
[WARN] split batch 69 -> 34 + 35
[INFO] tested 34/34 kept=9
[WARN] batch start failed size=35
[WARN] split batch 35 -> 17 + 18
[WARN] batch start failed size=17
[WARN] split batch 17 -> 8 + 9
[INFO] tested 8/8 kept=2
[WARN] batch start failed size=9
[WARN] split batch 9 -> 4 + 5
[INFO] tested 4/4 kept=4
[WARN] batch start failed size=5
[WARN] split batch 5 -> 2 + 3
[INFO] tested 2/2 kept=0
[WARN] batch start failed size=3
[WARN] split batch 3 -> 1 + 2
[WARN] batch start failed size=1
[DROP] name=[ChromeGO-ShiteThings] hysteria server=5.83.129.153:20088 reason=Start initial configuration in progress
[WARN] batch start failed size=2
[WARN] split batch 2 -> 1 + 1
[WARN] batch start failed size=1
[DROP] name=[ChromeGO-ShiteThings] hysteria-2 server=5.83.129.153:27626 reason=Start initial configuration in progress
[WARN] batch start failed size=1
[DROP] name=[ChromeGO-ShiteThings] hysteria-3 server=5.83.129.90:54177 reason=Start initial configuration in progress
[WARN] batch start failed size=18
[WARN] split batch 18 -> 9 + 9
[WARN] batch start failed size=9
[WARN] split batch 9 -> 4 + 5
[WARN] batch start failed size=4
[WARN] split batch 4 -> 2 + 2
[WARN] batch start failed size=2
[WARN] split batch 2 -> 1 + 1
[WARN] batch start failed size=1
[DROP] name=[ChromeGO-ShiteThings] hysteria-4 server=62.210.70.191:23556 reason=Start initial configuration in progress
[WARN] batch start failed size=1
[DROP] name=[ChromeGO-ShiteThings] hysteria-5 server=45.150.65.154:47119 reason=Start initial configuration in progress
[INFO] tested 2/2 kept=0
[INFO] tested 5/5 kept=0
[INFO] tested 9/9 kept=1
[INFO] tested 69/69 kept=29
[INFO] tested 100/139 kept=4
[INFO] tested 139/139 kept=9
[INFO] tested 100/277 kept=9
[INFO] tested 200/277 kept=31
[INFO] tested 277/277 kept=34
[WARN] batch start failed size=554
[WARN] split batch 554 -> 277 + 277
[WARN] batch start failed size=277
[WARN] split batch 277 -> 138 + 139
[WARN] batch start failed size=138
[WARN] split batch 138 -> 69 + 69
[INFO] tested 69/69 kept=47
[WARN] batch start failed size=69
[WARN] split batch 69 -> 34 + 35
[INFO] tested 34/34 kept=22
[WARN] batch start failed size=35
[WARN] split batch 35 -> 17 + 18
[INFO] tested 17/17 kept=6
[WARN] batch start failed size=18
[WARN] split batch 18 -> 9 + 9
[INFO] tested 9/9 kept=5
[WARN] batch start failed size=9
[WARN] split batch 9 -> 4 + 5
[INFO] tested 4/4 kept=2
[WARN] batch start failed size=5
[WARN] split batch 5 -> 2 + 3
[INFO] tested 2/2 kept=1
[WARN] batch start failed size=3
[WARN] split batch 3 -> 1 + 2
[INFO] tested 1/1 kept=1
[WARN] batch start failed size=2
[WARN] split batch 2 -> 1 + 1
[WARN] batch start failed size=1
[DROP] name=[Free-clash-v2ray] hysteria server=5.83.129.143:26691 reason=Start initial configuration in progress
[INFO] tested 1/1 kept=1
[INFO] tested 100/139 kept=38
[INFO] tested 139/139 kept=72
[INFO] tested 100/277 kept=47
[INFO] tested 200/277 kept=109
[INFO] tested 277/277 kept=170
[INFO] tested 100/1109 kept=46
[INFO] tested 200/1109 kept=110
[INFO] tested 300/1109 kept=173
[INFO] tested 400/1109 kept=251
[INFO] tested 500/1109 kept=301
[INFO] tested 600/1109 kept=366
[INFO] tested 700/1109 kept=394
[INFO] tested 800/1109 kept=469
[INFO] tested 900/1109 kept=545
[INFO] tested 1000/1109 kept=607
[INFO] tested 1100/1109 kept=663
[INFO] tested 1109/1109 kept=664
[WARN] batch start failed size=2218
[WARN] split batch 2218 -> 1109 + 1109
[INFO] tested 100/1109 kept=58
[INFO] tested 200/1109 kept=130
[INFO] tested 300/1109 kept=209
[INFO] tested 400/1109 kept=276
[INFO] tested 500/1109 kept=316
[INFO] tested 600/1109 kept=348
[INFO] tested 700/1109 kept=388
[INFO] tested 800/1109 kept=411
[INFO] tested 900/1109 kept=418
[INFO] tested 1000/1109 kept=418
[INFO] tested 1100/1109 kept=418
[INFO] tested 1109/1109 kept=418
[WARN] batch start failed size=1109
[WARN] split batch 1109 -> 554 + 555
[INFO] tested 100/554 kept=3
[INFO] tested 200/554 kept=7
[INFO] tested 300/554 kept=8
[INFO] tested 400/554 kept=12
[INFO] tested 500/554 kept=12
[INFO] tested 554/554 kept=12
[WARN] batch start failed size=555
[WARN] split batch 555 -> 277 + 278
[INFO] tested 100/277 kept=5
[INFO] tested 200/277 kept=11
[INFO] tested 277/277 kept=17
[WARN] batch start failed size=278
[WARN] split batch 278 -> 139 + 139
[WARN] batch start failed size=139
[WARN] split batch 139 -> 69 + 70
[WARN] batch start failed size=69
[WARN] split batch 69 -> 34 + 35
[INFO] tested 34/34 kept=2
[WARN] batch start failed size=35
[WARN] split batch 35 -> 17 + 18
[WARN] batch start failed size=17
[WARN] split batch 17 -> 8 + 9
[WARN] batch start failed size=8
[WARN] split batch 8 -> 4 + 4
[INFO] tested 4/4 kept=0
[WARN] batch start failed size=4
[WARN] split batch 4 -> 2 + 2
[INFO] tested 2/2 kept=0
[WARN] batch start failed size=2
[WARN] split batch 2 -> 1 + 1
[INFO] tested 1/1 kept=0
[WARN] batch start failed size=1
[DROP] name=[Free-clash-v2ray] 未知 SS-1439 | free-nodes server=192.0.2.1:1 reason=Start initial configuration in progress
[INFO] tested 9/9 kept=0
[INFO] tested 18/18 kept=0
[INFO] tested 70/70 kept=38
[INFO] tested 100/139 kept=100
[INFO] tested 139/139 kept=137
[INFO] tested 100/4436 kept=97
[INFO] tested 200/4436 kept=175
[INFO] tested 300/4436 kept=209
[INFO] tested 400/4436 kept=221
[INFO] tested 500/4436 kept=224
[INFO] tested 600/4436 kept=225
[INFO] tested 700/4436 kept=225
[INFO] tested 800/4436 kept=225
[INFO] tested 900/4436 kept=225
[INFO] tested 1000/4436 kept=226
[INFO] tested 1100/4436 kept=227
[INFO] tested 1200/4436 kept=227
[INFO] tested 1300/4436 kept=228
[INFO] tested 1400/4436 kept=229
[INFO] tested 1500/4436 kept=231
[INFO] tested 1600/4436 kept=232
[INFO] tested 1700/4436 kept=239
[INFO] tested 1800/4436 kept=259
[INFO] tested 1900/4436 kept=259
[INFO] tested 2000/4436 kept=259
[INFO] tested 2100/4436 kept=259
[INFO] tested 2200/4436 kept=259
[INFO] tested 2300/4436 kept=259
[INFO] tested 2400/4436 kept=259
[INFO] tested 2500/4436 kept=260
[INFO] tested 2600/4436 kept=260
[INFO] tested 2700/4436 kept=260
[INFO] tested 2800/4436 kept=260
[INFO] tested 2900/4436 kept=260
[INFO] tested 3000/4436 kept=260
[INFO] tested 3100/4436 kept=260
[INFO] tested 3200/4436 kept=260
[INFO] tested 3300/4436 kept=260
[INFO] tested 3400/4436 kept=260
[INFO] tested 3500/4436 kept=260
[INFO] tested 3600/4436 kept=260
[INFO] tested 3700/4436 kept=260
[INFO] tested 3800/4436 kept=260
[INFO] tested 3900/4436 kept=260
[INFO] tested 4000/4436 kept=297
[INFO] tested 4100/4436 kept=363
[INFO] tested 4200/4436 kept=364
[INFO] tested 4300/4436 kept=364
[INFO] tested 4400/4436 kept=364
[INFO] tested 4436/4436 kept=364
[WARN] batch start failed size=8871
[WARN] split batch 8871 -> 4435 + 4436
[INFO] tested 100/4435 kept=0
[INFO] tested 200/4435 kept=0
[INFO] tested 300/4435 kept=0
[INFO] tested 400/4435 kept=0
[INFO] tested 500/4435 kept=0
[INFO] tested 600/4435 kept=8
[INFO] tested 700/4435 kept=63
[INFO] tested 800/4435 kept=71
[INFO] tested 900/4435 kept=71
[INFO] tested 1000/4435 kept=71
[INFO] tested 1100/4435 kept=71
[INFO] tested 1200/4435 kept=72
[INFO] tested 1300/4435 kept=74
[INFO] tested 1400/4435 kept=74
[INFO] tested 1500/4435 kept=76
[INFO] tested 1600/4435 kept=76
[INFO] tested 1700/4435 kept=76
[INFO] tested 1800/4435 kept=77
[INFO] tested 1900/4435 kept=77
[INFO] tested 2000/4435 kept=77
[INFO] tested 2100/4435 kept=77
[INFO] tested 2200/4435 kept=77
[INFO] tested 2300/4435 kept=77
[INFO] tested 2400/4435 kept=77
[INFO] tested 2500/4435 kept=78
[INFO] tested 2600/4435 kept=79
[INFO] tested 2700/4435 kept=79
[INFO] tested 2800/4435 kept=81
[INFO] tested 2900/4435 kept=81
[INFO] tested 3000/4435 kept=81
[INFO] tested 3100/4435 kept=81
[INFO] tested 3200/4435 kept=81
[INFO] tested 3300/4435 kept=81
[INFO] tested 3400/4435 kept=81
[INFO] tested 3500/4435 kept=81
[INFO] tested 3600/4435 kept=81
[INFO] tested 3700/4435 kept=81
[INFO] tested 3800/4435 kept=81
[INFO] tested 3900/4435 kept=81
[INFO] tested 4000/4435 kept=81
[INFO] tested 4100/4435 kept=81
[INFO] tested 4200/4435 kept=81
[INFO] tested 4300/4435 kept=81
[INFO] tested 4400/4435 kept=83
[INFO] tested 4435/4435 kept=83
[WARN] batch start failed size=4436
[WARN] split batch 4436 -> 2218 + 2218
[WARN] batch start failed size=2218
[WARN] split batch 2218 -> 1109 + 1109
[WARN] batch start failed size=1109
[WARN] split batch 1109 -> 554 + 555
[WARN] batch start failed size=554
[WARN] split batch 554 -> 277 + 277
[INFO] tested 100/277 kept=5
[INFO] tested 200/277 kept=6
[INFO] tested 277/277 kept=8
[WARN] batch start failed size=277
[WARN] split batch 277 -> 138 + 139
[WARN] batch start failed size=138
[WARN] split batch 138 -> 69 + 69
[WARN] batch start failed size=69
[WARN] split batch 69 -> 34 + 35
[WARN] batch start failed size=34
[WARN] split batch 34 -> 17 + 17
[INFO] tested 17/17 kept=1
[WARN] batch start failed size=17
[WARN] split batch 17 -> 8 + 9
[WARN] batch start failed size=8
[WARN] split batch 8 -> 4 + 4
[WARN] batch start failed size=4
[WARN] split batch 4 -> 2 + 2
[INFO] tested 2/2 kept=0
[WARN] batch start failed size=2
[WARN] split batch 2 -> 1 + 1
[WARN] batch start failed size=1
[DROP] name=[Pawdroid-sr-apk] 英国+V2CROSS.COM-7 server=82.38.31.189:8080 reason=Start initial configuration in progress
[INFO] tested 1/1 kept=0
[INFO] tested 4/4 kept=1
[INFO] tested 9/9 kept=2
[INFO] tested 35/35 kept=1
[INFO] tested 69/69 kept=6
[INFO] tested 100/139 kept=8
[INFO] tested 139/139 kept=11
[INFO] tested 100/555 kept=8
[INFO] tested 200/555 kept=10
[INFO] tested 300/555 kept=22
[INFO] tested 400/555 kept=42
[INFO] tested 500/555 kept=42
[INFO] tested 555/555 kept=45
[WARN] batch start failed size=1109
[WARN] split batch 1109 -> 554 + 555
[WARN] batch start failed size=554
[WARN] split batch 554 -> 277 + 277
[INFO] tested 100/277 kept=0
[INFO] tested 200/277 kept=9
[INFO] tested 277/277 kept=9
[WARN] batch start failed size=277
[WARN] split batch 277 -> 138 + 139
[WARN] batch start failed size=138
[WARN] split batch 138 -> 69 + 69
[WARN] batch start failed size=69
[WARN] split batch 69 -> 34 + 35
[WARN] batch start failed size=34
[WARN] split batch 34 -> 17 + 17
[INFO] tested 17/17 kept=0
[WARN] batch start failed size=17
[WARN] split batch 17 -> 8 + 9
[WARN] batch start failed size=8
[WARN] split batch 8 -> 4 + 4
[INFO] tested 4/4 kept=0
[WARN] batch start failed size=4
[WARN] split batch 4 -> 2 + 2
[INFO] tested 2/2 kept=0
[WARN] batch start failed size=2
[WARN] split batch 2 -> 1 + 1
[WARN] batch start failed size=1
[DROP] name=[Epodonios-v2ray-configs] EPODONIOS-378 server=188.64.12.69:443 reason=Start initial configuration in progress
[INFO] tested 1/1 kept=0
[INFO] tested 9/9 kept=0
[INFO] tested 35/35 kept=3
[WARN] batch start failed size=69
[WARN] split batch 69 -> 34 + 35
[WARN] batch start failed size=34
[WARN] split batch 34 -> 17 + 17
[INFO] tested 17/17 kept=2
[WARN] batch start failed size=17
[WARN] split batch 17 -> 8 + 9
[WARN] batch start failed size=8
[WARN] split batch 8 -> 4 + 4
[INFO] tested 4/4 kept=0
[WARN] batch start failed size=4
[WARN] split batch 4 -> 2 + 2
[WARN] batch start failed size=2
[WARN] split batch 2 -> 1 + 1
[INFO] tested 1/1 kept=0
[WARN] batch start failed size=1
[DROP] name=[Epodonios-v2ray-configs] EPODONIOS-446 server=78.38.246.150:8446 reason=Start initial configuration in progress
[INFO] tested 2/2 kept=0
[INFO] tested 9/9 kept=0
[INFO] tested 35/35 kept=3
[INFO] tested 100/139 kept=4
[INFO] tested 139/139 kept=4
[INFO] tested 100/555 kept=0
[INFO] tested 200/555 kept=1
[INFO] tested 300/555 kept=6
[INFO] tested 400/555 kept=6
[INFO] tested 500/555 kept=12
[INFO] tested 555/555 kept=12
[WARN] batch start failed size=2218
[WARN] split batch 2218 -> 1109 + 1109
[WARN] batch start failed size=1109
[WARN] split batch 1109 -> 554 + 555
[WARN] batch start failed size=554
[WARN] split batch 554 -> 277 + 277
[INFO] tested 100/277 kept=1
[INFO] tested 200/277 kept=3
[INFO] tested 277/277 kept=7
[WARN] batch start failed size=277
[WARN] split batch 277 -> 138 + 139
[INFO] tested 100/138 kept=1
[INFO] tested 138/138 kept=1
[WARN] batch start failed size=139
[WARN] split batch 139 -> 69 + 70
[WARN] batch start failed size=69
[WARN] split batch 69 -> 34 + 35
[INFO] tested 34/34 kept=0
[WARN] batch start failed size=35
[WARN] split batch 35 -> 17 + 18
[INFO] tested 17/17 kept=1
[WARN] batch start failed size=18
[WARN] split batch 18 -> 9 + 9
[WARN] batch start failed size=9
[WARN] split batch 9 -> 4 + 5
[WARN] batch start failed size=4
[WARN] split batch 4 -> 2 + 2
[WARN] batch start failed size=2
[WARN] split batch 2 -> 1 + 1
[WARN] batch start failed size=1
[DROP] name=[Epodonios-v2ray-configs] EPODONIOS-1602 server=87.58.148.202:443 reason=Start initial configuration in progress
[INFO] tested 1/1 kept=0
[INFO] tested 2/2 kept=0
[INFO] tested 5/5 kept=0
[INFO] tested 9/9 kept=0
[INFO] tested 70/70 kept=4
[WARN] batch start failed size=555
[WARN] split batch 555 -> 277 + 278
[WARN] batch start failed size=277
[WARN] split batch 277 -> 138 + 139
[INFO] tested 100/138 kept=0
[INFO] tested 138/138 kept=1
[WARN] batch start failed size=139
[WARN] split batch 139 -> 69 + 70
[WARN] batch start failed size=69
[WARN] split batch 69 -> 34 + 35
[WARN] batch start failed size=34
[WARN] split batch 34 -> 17 + 17
[WARN] batch start failed size=17
[WARN] split batch 17 -> 8 + 9
[INFO] tested 8/8 kept=0
[WARN] batch start failed size=9
[WARN] split batch 9 -> 4 + 5
[INFO] tested 4/4 kept=0
[WARN] batch start failed size=5
[WARN] split batch 5 -> 2 + 3
[INFO] tested 2/2 kept=0
[WARN] batch start failed size=3
[WARN] split batch 3 -> 1 + 2
[WARN] batch start failed size=1
[DROP] name=[Epodonios-v2ray-configs] EPODONIOS-1831 server=s1.test.anti-zapret.com:8443 reason=Start initial configuration in progress
[INFO] tested 2/2 kept=0
[INFO] tested 17/17 kept=0
[INFO] tested 35/35 kept=3
[INFO] tested 70/70 kept=1
[INFO] tested 100/278 kept=2
[INFO] tested 200/278 kept=5
[INFO] tested 278/278 kept=5
[INFO] tested 100/1109 kept=3
[INFO] tested 200/1109 kept=14
[INFO] tested 300/1109 kept=33
[INFO] tested 400/1109 kept=46
[INFO] tested 500/1109 kept=60
[INFO] tested 600/1109 kept=78
[INFO] tested 700/1109 kept=95
[INFO] tested 800/1109 kept=106
[INFO] tested 900/1109 kept=129
[INFO] tested 1000/1109 kept=194
[INFO] tested 1100/1109 kept=231
[INFO] tested 1109/1109 kept=231
[DROP] discarded=12 [ChromeGO-ShiteThings] hysteria | [ChromeGO-ShiteThings] hysteria-2 | [ChromeGO-ShiteThings] hysteria-3 | [ChromeGO-ShiteThings] hysteria-4 | [ChromeGO-ShiteThings] hysteria-5 | [Free-clash-v2ray] hysteria | [Free-clash-v2ray] 未知 SS-1439 | free-nodes | [Pawdroid-sr-apk] 英国+V2CROSS.COM-7 | [Epodonios-v2ray-configs] EPODONIOS-378 | [Epodonios-v2ray-configs] EPODONIOS-446 | [Epodonios-v2ray-config...
============================================================
[INFO] cap live source=[Free-clash-v2ray] from 1821 to 50 by health_score
[INFO] cap live source=[免费节点8] from 200 to 50 by health_score
[INFO] cap live source=[Epodonios-v2ray-configs] from 66 to 50 by health_score
[INFO] cap live source=[V2rayclashfree-RSS] from 224 to 50 by health_score
[INFO] cap live total from 401 to 350 trim large sources first
============================================================
+------------------------------+--------+--------+------+--------+
| source                       |    raw | unique | live | capped |
+------------------------------+--------+--------+------+--------+
| [大FQ运动]                   |      4 |      4 |    0 |      0 |
+------------------------------+--------+--------+------+--------+
| [大FQ运动-SS密钥]            |      4 |      4 |    3 |      3 |
+------------------------------+--------+--------+------+--------+
| [大FQ运动-补充]              |      8 |      6 |    0 |      0 |
+------------------------------+--------+--------+------+--------+
| [ChromeGO-工具包]            |     21 |     14 |    5 |      5 |
+------------------------------+--------+--------+------+--------+
| [ChromeGO-ShiteThings]       |     31 |     25 |    7 |      7 |
+------------------------------+--------+--------+------+--------+
| [ChromeGO-Merge]             |     29 |     29 |    4 |      4 |
+------------------------------+--------+--------+------+--------+
| [Freesocks]                  |      6 |      6 |    6 |      6 |
+------------------------------+--------+--------+------+--------+
| [NekoWarp]                   |     10 |     10 |   10 |     10 |
+------------------------------+--------+--------+------+--------+
| [V2Rayshare-RSS]             |     54 |     52 |   11 |     11 |
+------------------------------+--------+--------+------+--------+
| [V2Rayshare-SUB]             |     54 |      0 |    0 |      0 |
+------------------------------+--------+--------+------+--------+
| [OpenRunner-RSS]             |     14 |      0 |    0 |      0 |
+------------------------------+--------+--------+------+--------+
| [Mibei77-RSS]                |    121 |    116 |    8 |      8 |
+------------------------------+--------+--------+------+--------+
| [Yoyapai-RSS]                |    206 |    176 |    5 |      5 |
+------------------------------+--------+--------+------+--------+
| [Free-clash-v2ray]           |   4528 |   4203 | 1821 |     38 |
+------------------------------+--------+--------+------+--------+
| [Pawdroid]                   |     38 |      6 |    3 |      3 |
+------------------------------+--------+--------+------+--------+
| [FreeV2-Base64]              |      3 |      3 |    3 |      3 |
+------------------------------+--------+--------+------+--------+
| [Bocchi2b-Base64]            |     35 |     35 |    0 |      0 |
+------------------------------+--------+--------+------+--------+
| [免费节点1]                  |    235 |    105 |   23 |     23 |
+------------------------------+--------+--------+------+--------+
| [免费节点2]                  |     21 |      9 |    2 |      2 |
+------------------------------+--------+--------+------+--------+
| [免费节点3]                  |     44 |     24 |   15 |     15 |
+------------------------------+--------+--------+------+--------+
| [免费节点4]                  |    849 |     10 |    2 |      2 |
+------------------------------+--------+--------+------+--------+
| [免费节点5]                  |     29 |     28 |    0 |      0 |
+------------------------------+--------+--------+------+--------+
| [免费节点6]                  |   1416 |   1279 |   10 |     10 |
+------------------------------+--------+--------+------+--------+
| [免费节点7]                  |     64 |     12 |    0 |      0 |
+------------------------------+--------+--------+------+--------+
| [免费节点8]                  |   4194 |   3439 |  200 |     38 |
+------------------------------+--------+--------+------+--------+
| [免费节点9]                  |    615 |    456 |    0 |      0 |
+------------------------------+--------+--------+------+--------+
| [免费节点10]                 |   5137 |   3213 |   10 |     10 |
+------------------------------+--------+--------+------+--------+
| [免费节点11]                 |    460 |    255 |    9 |      9 |
+------------------------------+--------+--------+------+--------+
| [Pawdroid-sr-apk]            |   1454 |    698 |   42 |     38 |
+------------------------------+--------+--------+------+--------+
| [Pawdroid-ss-apk]            |   1454 |      0 |    0 |      0 |
+------------------------------+--------+--------+------+--------+
| [Clashfree]                  |   1320 |    111 |   23 |     23 |
+------------------------------+--------+--------+------+--------+
| [Epodonios-v2ray-configs]    |   4158 |   2429 |   66 |     38 |
+------------------------------+--------+--------+------+--------+
| [V2rayclashfree-RSS]         |   3730 |    985 |  224 |     39 |
+------------------------------+--------+--------+------+--------+
============================================================
[SUMMARY] total_nodes=30346
[SUMMARY] legal_candidates=17742
[SUMMARY] passed_latency_test=350
[SUMMARY] region_HK=7 region_JP=29 region_US=76
[SUMMARY] avg_latency_ms=507.63
[SUMMARY] output=/home/runner/work/Free-node-autotest/Free-node-autotest/output/clash.yaml
============================================================
