============================================================
[INFO] sublink try page: https://end-gfw.com/
[OK] proxies=2 new=2 url=https://raw.githubusercontent.com/hello-world-1989/cn-news/refs/heads/main/clash.yaml
[OK] proxies=2 new=0 url=https://raw.githubusercontent.com/hello-world-1989/cn-news/main/end-gfw-together
[OK] proxies=2 new=2 url=https://raw.githubusercontent.com/hello-world-1989/cn-news/main/end-gfw-together-ss
[OK] proxies=4 source=[大FQ运动] url=https://end-gfw.com/
============================================================
[INFO] source try url: https://end-gfw.com/ss-key
[OK] proxies=4 new=4 url=https://end-gfw.com/ss-key
[OK] proxies=4 source=[大FQ运动-SS密钥] url=https://end-gfw.com/ss-key
============================================================
[INFO] sublink try page: https://github.com/hello-world-1989/cn-news/raw/refs/heads/main/README.md
[OK] proxies=2 new=2 url=https://raw.githubusercontent.com/hello-world-1989/cn-news/refs/heads/main/clash.yaml
[OK] proxies=2 new=0 url=https://raw.githubusercontent.com/hello-world-1989/cn-news/main/end-gfw-together
[OK] proxies=6 new=6 url=https://raw.githubusercontent.com/hello-world-1989/v2-sub/main/end-gfw-together-af3e13
[OK] proxies=8 source=[大FQ运动-补充] url=https://github.com/hello-world-1989/cn-news/raw/refs/heads/main/README.md
============================================================
[INFO] toolkit try release: https://github.com/bannedbook/fanqiang/releases
[INFO] toolkit try page: https://github.com/bannedbook/fanqiang/releases/expanded_assets/ChromeGo-latest
[INFO] toolkit try download: https://github.com/bannedbook/fanqiang/releases/download/ChromeGo-latest/ChromeGo.7z
[OK] toolkit downloaded: ChromeGo.7z bytes=100924352
[OK] toolkit extracted archive=ChromeGo.7z tool=7z files=222 dirs=45
[OK] toolkit discovered subs=107 embedded=12 archive=ChromeGo.7z
[OK] proxies=6 new=6 embedded=archive-config
[OK] proxies=7 new=5 url=https://gitlab.com/free9999/ipupdate/master/backup/img/1/2/{ipp|ip}/{hysteria2|singbox|naiveproxy|hysteria|xray}/{2|3|1|4}/config.json
[OK] proxies=7 new=0 url=https://www.67867867.xyz/Alvin9999/PAC/refs/heads/master/backup/img/1/2/{ipp|ip}/{hysteria2|singbox|naiveproxy|hysteria|xray}/{2|3|1|4}/config.json
[OK] proxies=3 new=3 url=https://gitlab.com/free9999/ipupdate/master/backup/img/1/2/{ipp|ip}/clash.meta2/{2|3|1|5|4|6}/config.yaml
[OK] proxies=3 new=0 url=https://www.67867867.xyz/Alvin9999/PAC/refs/heads/master/backup/img/1/2/{ipp|ip}/clash.meta2/{2|3|1|5|4|6}/config.yaml
[OK] proxies=14 source=[ChromeGO-工具包] url=https://github.com/bannedbook/fanqiang/releases/download/ChromeGo-latest/ChromeGo.7z
============================================================
[INFO] sublink try page: https://raw.githubusercontent.com/ShiteThings/extractNodes/refs/heads/main/README.md
[OK] proxies=31 new=30 url=https://{chg26.makou.cc.cd|chg64.makou.cc.cd}
[OK] proxies=26 new=1 url=https://chg26.makou.cc.cd/sb
[OK] proxies=31 source=[ChromeGO-ShiteThings] url=https://raw.githubusercontent.com/ShiteThings/extractNodes/refs/heads/main/README.md
============================================================
[INFO] sublink try page: https://github.com/Misaka-blog/chromego_merge/raw/refs/heads/main/README.md
[OK] proxies=30 new=30 url=https://chromego-sub.netlify.app/sub/merged_proxies_new.yaml
[OK] proxies=30 source=[ChromeGO-Merge] url=https://github.com/Misaka-blog/chromego_merge/raw/refs/heads/main/README.md
============================================================
[INFO] source try url: https://freesocks.org/api/v1/sub/02b897e8e77f19176b0b9f2c75864b00
[OK] proxies=3 new=3 url=https://freesocks.org/api/v1/sub/02b897e8e77f19176b0b9f2c75864b00
[OK] proxies=3 source=[Freesocks] url=https://freesocks.org/api/v1/sub/02b897e8e77f19176b0b9f2c75864b00
============================================================
[INFO] source try url: https://neko-warp.nloli.xyz/neko_warp.yaml
[OK] proxies=10 new=10 url=https://neko-warp.nloli.xyz/neko_warp.yaml
[OK] proxies=10 source=[NekoWarp] url=https://neko-warp.nloli.xyz/neko_warp.yaml
============================================================
[INFO] article try feed: https://free.datiya.com/index.xml
[INFO] sublink try page: https://free.datiya.com/post/20260913/
[OK] proxies=14 new=14 url=https://free.datiya.com/uploads/20260913-clash.yaml
[OK] proxies=14 source=[OpenRunner-RSS] url=https://free.datiya.com/post/20260913/
============================================================
[INFO] article try feed: https://v2rayshare.com/feed
[INFO] sublink try page: https://v2rayshare.net/p/5068.html
[OK] proxies=27 new=27 url=https://static.v2rayshare.net/2026/09/20260912.txt
[OK] proxies=27 new=0 url=https://static.v2rayshare.net/2026/09/20260912.yaml
[OK] proxies=27 new=0 url=https://static.v2rayshare.net/2026/09/m20260912.yaml
[OK] proxies=27 source=[V2Rayshare-RSS] url=https://v2rayshare.net/p/5068.html
============================================================
[INFO] sublink try page: https://github.com/firefoxmmx2/v2rayshare_subcription/raw/refs/heads/main/README.md
[OK] proxies=27 new=27 url=https://{raw.githubusercontent.com|cdn.jsdelivr.net}/firefoxmmx2/v2rayshare_subcription/main/subscription/vray_sub.txt
[OK] proxies=27 new=0 url=https://{raw.githubusercontent.com|cdn.jsdelivr.net}/firefoxmmx2/v2rayshare_subcription/main/subscription/clash_sub.yaml
[OK] proxies=27 new=0 url=https://{raw.githubusercontent.com|cdn.jsdelivr.net}/firefoxmmx2/v2rayshare_subcription/main/subscription/mihomo_sub.yaml
[OK] proxies=27 source=[V2Rayshare-SUB] url=https://github.com/firefoxmmx2/v2rayshare_subcription/raw/refs/heads/main/README.md
============================================================
[INFO] article try feed: https://www.mibei77.com/feed
[INFO] sublink try page: https://www.mibei77.com/664.html
[OK] proxies=100 new=100 url=https://mm.mibei77.com/202609/09.1264bacdf.txt
[OK] proxies=99 new=0 url=https://mm.mibei77.com/202609/0912Clashizc.yaml
[OK] proxies=100 source=[Mibei77-RSS] url=https://www.mibei77.com/664.html
============================================================
[INFO] article try feed: https://yoyapai.com/feed
[INFO] sublink try page: https://yoyapai.com/714
[OK] proxies=1 new=1 url=https://yoyapai.com/714
[OK] proxies=208 new=208 url=https://freenode.yoyapai.com/2026/09/12-yoyapai.com-clash-vpn-mianfei-jiedian.yaml
[OK] proxies=208 new=0 url=https://freenode.yoyapai.com/2026/09/12-yoyapai.com-ssrv2ray-vpn-mianfei-jiedian.txt
[OK] proxies=209 source=[Yoyapai-RSS] url=https://yoyapai.com/714
============================================================
[INFO] sublink try page: https://raw.githubusercontent.com/free-clash-v2ray/free-clash-v2ray.github.io/main/README.md
[OK] proxies=2281 new=2281 url=https://free-clash-v2ray.github.io/uploads/2026/09/{0-20260906.yaml|1-20260906.yaml|2-20260906.yaml|3-20260906.yaml}
[OK] proxies=3958 new=2247 url=https://free-clash-v2ray.github.io/uploads/2026/09/{1-20260906.txt|2-20260906.txt|3-20260906.txt|4-20260906.txt}
[OK] proxies=4528 source=[Free-clash-v2ray] url=https://raw.githubusercontent.com/free-clash-v2ray/free-clash-v2ray.github.io/main/README.md
============================================================
[INFO] sublink try page: https://raw.githubusercontent.com/Pawdroid/Free-servers/refs/heads/main/README.md
[OK] proxies=13 new=13 url=https://raw.githubusercontent.com/Pawdroid/Free-servers/refs/heads/main/README.md
[OK] proxies=11 new=9 url=https://raw.githubusercontent.com/Pawdroid/Free-servers/main/sub
[OK] proxies=1 new=1 url=https://apps.apple.com/cn/app/shadowshare/id1612647259
[OK] proxies=23 source=[Pawdroid] url=https://raw.githubusercontent.com/Pawdroid/Free-servers/refs/heads/main/README.md
============================================================
[INFO] source try url: https://xmxosfepggzm.503403.xyz
[OK] proxies=3 new=3 url=https://xmxosfepggzm.503403.xyz
[OK] proxies=3 source=[FreeV2-Base64] url=https://xmxosfepggzm.503403.xyz
============================================================
[INFO] source try url: https://links.bocchi2b.top/clash
[OK] proxies=32 new=32 url=https://links.bocchi2b.top/clash
[OK] proxies=32 source=[Bocchi2b-Base64] url=https://links.bocchi2b.top/clash
============================================================
[INFO] sublink try page: https://raw.githubusercontent.com/free18/v2ray/refs/heads/main/README.md
[OK] proxies=3 new=3 url=https://raw.githubusercontent.com/free18/v2ray/refs/heads/main/README.md
[OK] proxies=206 new=206 url=https://ghfast.top/https://raw.githubusercontent.com/free18/v2ray/refs/heads/main/v.txt
[OK] proxies=206 new=0 url=https://ghfast.top/https://raw.githubusercontent.com/free18/v2ray/refs/heads/main/c.yaml
[OK] proxies=209 source=[免费节点1] url=https://raw.githubusercontent.com/free18/v2ray/refs/heads/main/README.md
============================================================
[INFO] sublink try page: https://github.com/ermaozi/get_subscribe/raw/refs/heads/main/README.md
[INFO] sublink file_nodes=0 bare links=9
[OK] proxies=393 new=393 url=https://www.ermao.net/sub/{clash|v2ray}/ermao.net
[OK] proxies=393 new=0 url=https://www.ermao.net/sub/{reachable|unreachable|untested}/clash/ermao.net
[OK] proxies=393 source=[免费节点2] url=https://github.com/ermaozi/get_subscribe/raw/refs/heads/main/README.md
============================================================
[INFO] sublink try page: https://raw.githubusercontent.com/sunmiao4458/free-proxy-airport/refs/heads/main/README.md
[OK] proxies=37 new=37 url=https://sunmiao4458.github.io/free-proxy-airport/clash.yaml
[OK] proxies=37 source=[免费节点3] url=https://raw.githubusercontent.com/sunmiao4458/free-proxy-airport/refs/heads/main/README.md
============================================================
[INFO] sublink try page: https://raw.githubusercontent.com/mfuu/FreeProxies/refs/heads/master/README.md
[OK] proxies=839 new=839 url=https://raw.githubusercontent.com/mfuu/FreeProxies/master/sub.yaml
[OK] proxies=839 source=[免费节点4] url=https://raw.githubusercontent.com/mfuu/FreeProxies/refs/heads/master/README.md
============================================================
[INFO] sublink try page: https://github.com/vxiaov/free_proxies/raw/refs/heads/main/README.md
[OK] proxies=1 new=1 url=https://github.com/vxiaov/free_proxies/raw/refs/heads/main/README.md
[OK] proxies=28 new=28 url=https://{cdn.jsdelivr.net|raw.githubusercontent.com}/vxiaov/free_proxies/main/clash/clash.provider.yaml
[OK] proxies=29 source=[免费节点5] url=https://github.com/vxiaov/free_proxies/raw/refs/heads/main/README.md
============================================================
[INFO] sublink try page: https://github.com/anaer/Sub/raw/refs/heads/main/README.MD
[OK] proxies=244 new=244 url=https://anaer.github.io/Sub/clash.yaml
[OK] proxies=244 new=0 url=https://raw.githubusercontent.com/anaer/Sub/main/clash.yaml
[OK] proxies=244 source=[免费节点6] url=https://github.com/anaer/Sub/raw/refs/heads/main/README.MD
============================================================
[INFO] sublink try page: https://github.com/snakem982/proxypool/raw/refs/heads/main/README.md
[OK] proxies=64 new=64 url=https://raw.githubusercontent.com/snakem982/proxypool/main/source/clash-meta-2.yaml
[OK] proxies=62 new=0 url=https://raw.githubusercontent.com/snakem982/proxypool/main/source/v2ray-2.txt
[OK] proxies=61 new=0 url=https://raw.githubusercontent.com/snakem982/proxypool/main/source/sing-box-2.json
[OK] proxies=64 source=[免费节点7] url=https://github.com/snakem982/proxypool/raw/refs/heads/main/README.md
============================================================
[INFO] sublink try page: https://raw.githubusercontent.com/mahdibland/V2RayAggregator/refs/heads/master/README.md
[OK] proxies=379 new=379 url=https://raw.githubusercontent.com/mahdibland/V2RayAggregator/refs/heads/master/README.md
[OK] proxies=1 new=1 url=https://github.com/mahdibland/SSAggregator/actions/workflows/Collector.yml
[OK] proxies=1 new=0 url=https://github.com/mahdibland/SSAggregator/actions/workflows/Airport_Collector.yml
[OK] proxies=195 new=0 url=https://raw.githubusercontent.com/mahdibland/ShadowsocksAggregator/master/Eternity.txt
[OK] proxies=196 new=1 url=https://raw.githubusercontent.com/mahdibland/ShadowsocksAggregator/master/Eternity.yml
[OK] proxies=61 new=61 url=https://raw.githubusercontent.com/mahdibland/ShadowsocksAggregator/master/EternityAir.txt
[OK] proxies=3885 new=3600 url=https://raw.githubusercontent.com/mahdibland/SSAggregator/master/sub/sub_merge_base64.txt
[OK] proxies=3885 new=0 url=https://raw.githubusercontent.com/mahdibland/{SSAggregator|ShadowsocksAggregator}/master/sub/sub_merge.txt
[OK] proxies=3997 new=175 url=https://raw.githubusercontent.com/mahdibland/SSAggregator/master/sub/sub_merge_yaml.yml
[OK] proxies=61 new=0 url=https://raw.githubusercontent.com/mahdibland/SSAggregator/master/sub/airport_merge_base64.txt
[OK] proxies=61 new=0 url=https://raw.githubusercontent.com/mahdibland/SSAggregator/master/sub/airport_sub_merge.txt
[OK] proxies=1373 new=0 url=https://raw.githubusercontent.com/mahdibland/ShadowsocksAggregator/master/sub/splitted/vmess.txt
[OK] proxies=618 new=0 url=https://raw.githubusercontent.com/mahdibland/ShadowsocksAggregator/master/sub/splitted/trojan.txt
[OK] proxies=43 new=0 url=https://raw.githubusercontent.com/mahdibland/ShadowsocksAggregator/master/sub/splitted/ssr.txt
[OK] proxies=1851 new=0 url=https://raw.githubusercontent.com/mahdibland/ShadowsocksAggregator/master/sub/splitted/ss.txt
[OK] proxies=1 new=0 url=https://cdn.jsdelivr.net/gh/mahdibland/V2RayAggregator@master/update/provider/provider-meta.yml
[OK] proxies=1 new=0 url=https://cdn.jsdelivr.net/gh/mahdibland/V2RayAggregator@master/update/provider/provider-meta-cn.yml
[OK] proxies=1 new=0 url=https://cdn.jsdelivr.net/gh/mahdibland/V2RayAggregator@master/update/provider/provider-meta-others.yml
[OK] proxies=1 new=0 url=https://cdn.jsdelivr.net/gh/mahdibland/V2RayAggregator@master/update/provider/provider.yml
[OK] proxies=1 new=0 url=https://cdn.jsdelivr.net/gh/mahdibland/V2RayAggregator@master/update/provider/provider-cn.yml
[OK] proxies=1 new=0 url=https://cdn.jsdelivr.net/gh/mahdibland/V2RayAggregator@master/update/provider/provider-others.yml
[OK] proxies=4217 source=[免费节点8] url=https://raw.githubusercontent.com/mahdibland/V2RayAggregator/refs/heads/master/README.md
============================================================
[INFO] sublink try page: https://raw.githubusercontent.com/w1770946466/Auto_proxy/refs/heads/main/README.md
[OK] proxies=1 new=1 url=https://github.com/w1770946466/Auto_proxy/actions/workflows/main.yml
[OK] proxies=245 new=245 url=https://raw.githubusercontent.com/w1770946466/Auto_proxy/main/{Long_term_subscription2.yaml|Long_term_subscription1.yaml|Long_term_subscription3.yaml}
[OK] proxies=489 new=54 url=https://raw.githubusercontent.com/w1770946466/Auto_proxy/main/{Long_term_subscription1|Long_term_subscription2|Long_term_subscription3|Long_term_subscription4|Long_term_subscription5|Long_term_subscription6|Long_term_subscription7|Long_term_subscription8}
[OK] proxies=489 new=315 url=https://raw.githubusercontent.com/w1770946466/Auto_proxy/main/Long_term_subscription_num
[OK] proxies=615 source=[免费节点9] url=https://raw.githubusercontent.com/w1770946466/Auto_proxy/refs/heads/main/README.md
============================================================
[INFO] sublink try page: https://raw.githubusercontent.com/PuddinCat/BestClash/refs/heads/main/README.md
[OK] proxies=16 new=16 url=https://raw.githubusercontent.com/PuddinCat/BestClash/main/proxies.yaml
[OK] proxies=28 new=28 url=https://cdn.jsdelivr.net/gh/vxiaov/free_proxies@main/clash/clash.provider.yaml
[OK] proxies=24 new=24 url=https://freenode.openrunner.net/uploads/20240807-clash.yaml
[OK] proxies=30 new=30 url=https://raw.githubusercontent.com/Misaka-blog/chromego_merge/main/sub/merged_proxies_new.yaml
[OK] proxies=3382 new=3370 url=https://raw.githubusercontent.com/{NiceVPN123|anaer}/{NiceVPN|Sub}/main/{Clash.yaml|clash.yaml}
[OK] proxies=28 new=3 url=https://raw.githubusercontent.com/{chengaopan|peasoft}/{AutoMergePublicNodes|NoMoreWalls}/master/list.yml
[OK] proxies=393 new=360 url=https://raw.githubusercontent.com/{ermaozi|ermaozi01}/{get_subscribe|free_clash_vpn}/main/subscribe/clash.yml
[OK] proxies=196 new=189 url=https://raw.githubusercontent.com/mahdibland/ShadowsocksAggregator/master/Eternity.yml
[OK] proxies=165 new=160 url=https://raw.githubusercontent.com/ronghuaxueleng/get_v2/main/pub/combine.yaml
[OK] proxies=144 new=3 url=https://raw.githubusercontent.com/zhangkaiitugithub/passcro/main/speednodes.yaml
[OK] proxies=4183 source=[免费节点10] url=https://raw.githubusercontent.com/PuddinCat/BestClash/refs/heads/main/README.md
============================================================
[INFO] sublink try page: https://raw.githubusercontent.com/kooker/FreeSubsCheck/main/README.md
[OK] proxies=18 new=18 url=https://raw.githubusercontent.com/kooker/FreeSubsCheck/main/mihomo.yaml
[OK] proxies=18 new=0 url=https://raw.githubusercontent.com/kooker/FreeSubsCheck/main/all.yaml
[OK] proxies=7 new=0 url=https://raw.githubusercontent.com/kooker/FreeSubsCheck/main/base64.txt
[OK] proxies=3 new=3 url=https://raw.githubusercontent.com/kooker/FreeSubsCheck/main/byxiaoxi.txt
[OK] proxies=396 new=396 url=https://raw.githubusercontent.com/kooker/FreeSubsCheck/main/kooker.jp.txt
[OK] proxies=417 source=[免费节点11] url=https://raw.githubusercontent.com/kooker/FreeSubsCheck/main/README.md
============================================================
[INFO] toolkit try release: https://github.com/Pawdroid/shadowrocket_for_android/releases
[INFO] toolkit try page: https://github.com/Pawdroid/shadowrocket_for_android/releases/expanded_assets/10.10.51
[INFO] toolkit try download: https://github.com/Pawdroid/shadowrocket_for_android/releases/download/10.10.51/Shadowrocket_10.10.51_shadowrocketStandard_arm64-v8a.apk
[OK] toolkit downloaded: Shadowrocket_10.10.51_shadowrocketStandard_arm64-v8a.apk bytes=41111539
[OK] toolkit extracted archive=Shadowrocket_10.10.51_shadowrocketStandard_arm64-v8a.apk tool=zipfile files=1175 dirs=44
[OK] toolkit sr-apk scanned prefixes=36 files=6 keys=2 archive=Shadowrocket_10.10.51_shadowrocketStandard_arm64-v8a.apk
[OK] proxies=1047 new=1047 url=https://{raw.githubusercontent.com|cdn.jsdelivr.net}/pixelor/ecfg/main/data/ecfg6_zh
[OK] proxies=88 new=36 url=https://{cdn.jsdelivr.net|raw.githubusercontent.com}/pixelor/ecfg/main/data/ecfg6
[OK] proxies=1385 new=440 url=https://{cdn.jsdelivr.net|raw.githubusercontent.com}/pixelor/ecfg/main/data/ecfg6_en
[OK] proxies=88 new=0 url=https://{files.shadowrockets.app|cdn.shadowrockets.app}/ecfg/data/ecfg6
[OK] proxies=828 new=0 url=https://{files.shadowrockets.app|cdn.shadowrockets.app}/ecfg/data/ecfg6_en
[OK] proxies=828 new=0 url=https://{files.shadowrockets.app|cdn.shadowrockets.app}/ecfg/data/ecfg6_zh
[OK] proxies=1523 source=[Pawdroid-sr-apk] url=https://github.com/Pawdroid/shadowrocket_for_android/releases/download/10.10.51/Shadowrocket_10.10.51_shadowrocketStandard_arm64-v8a.apk
============================================================
[INFO] toolkit try page: https://shadowshare.v2cross.com/
[INFO] toolkit try download: https://shadowshare.v2cross.com/shadowshare.apk
[OK] toolkit downloaded: shadowshare.apk bytes=62868122
[OK] toolkit extracted archive=shadowshare.apk tool=zipfile files=612 dirs=39
[OK] toolkit ss-apk scanned prefixes=10 files=3 keys=1 archive=shadowshare.apk
[OK] proxies=171 new=171 url=https://{raw.githubusercontent.com|jsd.onmicrosoft.cn}/hideme9527/ecsfg/main/data/sareserver
[OK] proxies=1386 new=1283 url=https://{jsd.onmicrosoft.cn|raw.githubusercontent.com}/hideme9527/ecsfg/main/data/sareserver_en
[OK] proxies=171 new=0 url=https://{shadowsharing.com|sare.159236.xyz}/data/sareserver
[OK] proxies=1386 new=0 url=https://{shadowsharing.com|sare.159236.xyz}/data/sareserver_en
[OK] proxies=171 new=0 url=https://gitee.com/api/v5/repos/{elvenapp|guoyoucai1|zhiminghao}/ecsfg/raw/data/sareserver
[OK] proxies=1386 new=0 url=https://gitee.com/api/v5/repos/{elvenapp|guoyoucai1|zhiminghao}/ecsfg/raw/data/sareserver_en
[OK] proxies=1454 source=[Pawdroid-ss-apk] url=https://shadowshare.v2cross.com/shadowshare.apk
============================================================
[INFO] sublink try page: https://raw.githubusercontent.com/free-nodes/clashfree/refs/heads/main/README.md
[OK] proxies=1362 new=1362 url=https://raw.githubusercontent.com/free-nodes/clashfree/refs/heads/main/README.md
[OK] proxies=1362 new=0 url=https://raw.githubusercontent.com/free-nodes/clashfree/main/clash20260913.yml
[OK] proxies=1 new=1 url=https://github.com/free-nodes/clashfree/blob/main/clash20260913.yml
[OK] proxies=1363 source=[Clashfree] url=https://raw.githubusercontent.com/free-nodes/clashfree/refs/heads/main/README.md
============================================================
[INFO] sublink try page: https://github.com/Epodonios/v2ray-configs/raw/refs/heads/main/README.md
[OK] proxies=1 new=1 url=https://github.com/Epodonios/V2ray-Configs/actions/workflows/main.yml
[OK] proxies=2885 new=2885 url=https://github.com/Epodonios/v2ray-configs/raw/main/All_Configs_Sub.txt
[OK] proxies=2885 new=0 url=https://github.com/Epodonios/v2ray-configs/raw/main/All_Configs_base64_Sub.txt
[OK] proxies=3232 new=1198 url=https://github.com/Epodonios/v2ray-configs/raw/main/Splitted-By-Protocol/vless.txt
[OK] proxies=159 new=10 url=https://github.com/Epodonios/v2ray-configs/raw/main/Splitted-By-Protocol/vmess.txt
[OK] proxies=420 new=50 url=https://github.com/Epodonios/v2ray-configs/raw/main/Splitted-By-Protocol/ss.txt
[OK] proxies=180 new=130 url=https://github.com/Epodonios/v2ray-configs/raw/main/Splitted-By-Protocol/trojan.txt
[OK] proxies=4100 new=78 url=https://raw.githubusercontent.com/Epodonios/v2ray-configs/main/{Sub1.txt|Sub2.txt|Sub3.txt|Sub4.txt|Sub5.txt|Sub6.txt|Sub7.txt|Sub8.txt}
[OK] proxies=4352 source=[Epodonios] url=https://github.com/Epodonios/v2ray-configs/raw/refs/heads/main/README.md
============================================================
[INFO] article try page: https://v2rayclashfree.com/
[INFO] sublink try page: https://v2rayclashfree.com/fn/20260913.html
[OK] proxies=1496 new=1496 url=https://v2rayclashfree.com/sub/20260913-v2ray.txt
[OK] proxies=1238 new=257 url=https://v2rayclashfree.com/sub/20260913-clash.yaml
[OK] proxies=1753 source=[V2rayclashfree-RSS] url=https://v2rayclashfree.com/fn/20260913.html
============================================================
[INFO] raw backup written path=/home/runner/work/Free-node-autotest/Free-node-autotest/output/raw.yaml proxies=26761
[INFO] release digest sha256=b358eba638b01c1f1841c4d612d4b6da58419bef96055958cf9c3be04f625642 asset=mihomo-linux-amd64-v1-go120-v1.19.30.gz
[INFO] downloading proxy engine: https://github.com/MetaCubeX/mihomo/releases/download/v1.19.30/mihomo-linux-amd64-v1-go120-v1.19.30.gz
[OK] proxy engine sha256 verified: b358eba638b01c1f1841c4d612d4b6da58419bef96055958cf9c3be04f625642
============================================================
[WARN] batch start failed size=17579
[WARN] split batch 17579 -> 8789 + 8790
[WARN] batch start failed size=8789
[WARN] split batch 8789 -> 4394 + 4395
[WARN] batch start failed size=4394
[WARN] split batch 4394 -> 2197 + 2197
[WARN] batch start failed size=2197
[WARN] split batch 2197 -> 1098 + 1099
[WARN] batch start failed size=1098
[WARN] split batch 1098 -> 549 + 549
[WARN] batch start failed size=549
[WARN] split batch 549 -> 274 + 275
[WARN] batch start failed size=274
[WARN] split batch 274 -> 137 + 137
[WARN] batch start failed size=137
[WARN] split batch 137 -> 68 + 69
[WARN] batch start failed size=68
[WARN] split batch 68 -> 34 + 34
[INFO] tested 34/34 kept=10 rest=17545
[WARN] batch start failed size=34
[WARN] split batch 34 -> 17 + 17
[WARN] batch start failed size=17
[WARN] split batch 17 -> 8 + 9
[INFO] tested 8/8 kept=0 rest=17537
[WARN] batch start failed size=9
[WARN] split batch 9 -> 4 + 5
[INFO] tested 4/4 kept=0 rest=17533
[WARN] batch start failed size=5
[WARN] split batch 5 -> 2 + 3
[INFO] tested 2/2 kept=0 rest=17531
[WARN] batch start failed size=3
[WARN] split batch 3 -> 1 + 2
[WARN] batch start failed size=1
[DROP] name=[ChromeGO-ShiteThings] hysteria server=62.210.70.191:23556 reason=Start initial configuration in progress
[WARN] batch start failed size=2
[WARN] split batch 2 -> 1 + 1
[WARN] batch start failed size=1
[DROP] name=[ChromeGO-ShiteThings] hysteria-2 server=5.83.129.90:54177 reason=Start initial configuration in progress
[WARN] batch start failed size=1
[DROP] name=[ChromeGO-ShiteThings] hysteria-3 server=5.83.129.153:20088 reason=Start initial configuration in progress
[WARN] batch start failed size=17
[WARN] split batch 17 -> 8 + 9
[WARN] batch start failed size=8
[WARN] split batch 8 -> 4 + 4
[WARN] batch start failed size=4
[WARN] split batch 4 -> 2 + 2
[WARN] batch start failed size=2
[WARN] split batch 2 -> 1 + 1
[WARN] batch start failed size=1
[DROP] name=[ChromeGO-ShiteThings] hysteria-4 server=5.83.129.153:27626 reason=Start initial configuration in progress
[WARN] batch start failed size=1
[DROP] name=[ChromeGO-ShiteThings] hysteria-5 server=45.150.65.154:47119 reason=Start initial configuration in progress
[INFO] tested 2/2 kept=0 rest=17524
[INFO] tested 4/4 kept=0 rest=17520
[INFO] tested 9/9 kept=1 rest=17511
[INFO] tested 69/69 kept=32 rest=17442
[INFO] tested 100/137 kept=4 rest=17342
[INFO] tested 137/137 kept=5 rest=17305
[INFO] tested 100/275 kept=5 rest=17205
[INFO] tested 200/275 kept=41 rest=17105
[INFO] tested 275/275 kept=42 rest=17030
[INFO] tested 100/549 kept=8 rest=16930
[INFO] tested 200/549 kept=38 rest=16830
[INFO] tested 300/549 kept=65 rest=16730
[INFO] tested 400/549 kept=109 rest=16630
[INFO] tested 500/549 kept=168 rest=16530
[INFO] tested 549/549 kept=198 rest=16481
[INFO] tested 100/1099 kept=15 rest=16381
[INFO] tested 200/1099 kept=76 rest=16281
[INFO] tested 300/1099 kept=136 rest=16181
[INFO] tested 400/1099 kept=225 rest=16081
[INFO] tested 500/1099 kept=283 rest=15981
[INFO] tested 600/1099 kept=359 rest=15881
[INFO] tested 700/1099 kept=423 rest=15781
[INFO] tested 800/1099 kept=470 rest=15681
[INFO] tested 900/1099 kept=509 rest=15581
[INFO] tested 1000/1099 kept=527 rest=15481
[INFO] tested 1099/1099 kept=534 rest=15382
[WARN] batch start failed size=2197
[WARN] split batch 2197 -> 1098 + 1099
[WARN] batch start failed size=1098
[WARN] split batch 1098 -> 549 + 549
[WARN] batch start failed size=549
[WARN] split batch 549 -> 274 + 275
[INFO] tested 100/274 kept=16 rest=15282
[INFO] tested 200/274 kept=44 rest=15182
[INFO] tested 274/274 kept=47 rest=15108
[WARN] batch start failed size=275
[WARN] split batch 275 -> 137 + 138
[WARN] batch start failed size=137
[WARN] split batch 137 -> 68 + 69
[WARN] batch start failed size=68
[WARN] split batch 68 -> 34 + 34
[INFO] tested 34/34 kept=0 rest=15074
[WARN] batch start failed size=34
[WARN] split batch 34 -> 17 + 17
[INFO] tested 17/17 kept=14 rest=15057
[WARN] batch start failed size=17
[WARN] split batch 17 -> 8 + 9
[WARN] batch start failed size=8
[WARN] split batch 8 -> 4 + 4
[INFO] tested 4/4 kept=4 rest=15053
[WARN] batch start failed size=4
[WARN] split batch 4 -> 2 + 2
[INFO] tested 2/2 kept=0 rest=15051
[WARN] batch start failed size=2
[WARN] split batch 2 -> 1 + 1
[INFO] tested 1/1 kept=1 rest=15050
[WARN] batch start failed size=1
[DROP] name=[Free-clash-v2ray] hysteria server=5.83.129.143:26691 reason=Start initial configuration in progress
[INFO] tested 9/9 kept=9 rest=15040
[INFO] tested 69/69 kept=62 rest=14971
[INFO] tested 100/138 kept=85 rest=14871
[INFO] tested 138/138 kept=101 rest=14833
[INFO] tested 100/549 kept=57 rest=14733
[INFO] tested 200/549 kept=99 rest=14633
[INFO] tested 300/549 kept=162 rest=14533
[INFO] tested 400/549 kept=166 rest=14433
[INFO] tested 500/549 kept=185 rest=14333
[INFO] tested 549/549 kept=187 rest=14284
[INFO] tested 100/1099 kept=12 rest=14184
[INFO] tested 200/1099 kept=27 rest=14084
[INFO] tested 300/1099 kept=27 rest=13984
[INFO] tested 400/1099 kept=28 rest=13884
[INFO] tested 500/1099 kept=29 rest=13784
[INFO] tested 600/1099 kept=31 rest=13684
[INFO] tested 700/1099 kept=31 rest=13584
[INFO] tested 800/1099 kept=31 rest=13484
[INFO] tested 900/1099 kept=31 rest=13384
[INFO] tested 1000/1099 kept=33 rest=13284
[INFO] tested 1099/1099 kept=39 rest=13185
[WARN] batch start failed size=4395
[WARN] split batch 4395 -> 2197 + 2198
[WARN] batch start failed size=2197
[WARN] split batch 2197 -> 1098 + 1099
[WARN] batch start failed size=1098
[WARN] split batch 1098 -> 549 + 549
[WARN] batch start failed size=549
[WARN] split batch 549 -> 274 + 275
[WARN] batch start failed size=274
[WARN] split batch 274 -> 137 + 137
[INFO] tested 100/137 kept=6 rest=13085
[INFO] tested 137/137 kept=6 rest=13048
[WARN] batch start failed size=137
[WARN] split batch 137 -> 68 + 69
[WARN] batch start failed size=68
[WARN] split batch 68 -> 34 + 34
[INFO] tested 34/34 kept=3 rest=13014
[WARN] batch start failed size=34
[WARN] split batch 34 -> 17 + 17
[INFO] tested 17/17 kept=1 rest=12997
[WARN] batch start failed size=17
[WARN] split batch 17 -> 8 + 9
[INFO] tested 8/8 kept=0 rest=12989
[WARN] batch start failed size=9
[WARN] split batch 9 -> 4 + 5
[WARN] batch start failed size=4
[WARN] split batch 4 -> 2 + 2
[INFO] tested 2/2 kept=0 rest=12987
[WARN] batch start failed size=2
[WARN] split batch 2 -> 1 + 1
[INFO] tested 1/1 kept=0 rest=12986
[WARN] batch start failed size=1
[DROP] name=[Free-clash-v2ray] 未知 SS-1439 | free-nodes server=192.0.2.1:1 reason=Start initial configuration in progress
[INFO] tested 5/5 kept=0 rest=12980
[INFO] tested 69/69 kept=5 rest=12911
[INFO] tested 100/275 kept=28 rest=12811
[INFO] tested 200/275 kept=43 rest=12711
[INFO] tested 275/275 kept=43 rest=12636
[INFO] tested 100/549 kept=34 rest=12536
[INFO] tested 200/549 kept=41 rest=12436
[INFO] tested 300/549 kept=41 rest=12336
[INFO] tested 400/549 kept=64 rest=12236
[INFO] tested 500/549 kept=65 rest=12136
[INFO] tested 549/549 kept=65 rest=12087
[INFO] tested 100/1099 kept=0 rest=11987
[INFO] tested 200/1099 kept=0 rest=11887
[INFO] tested 300/1099 kept=1 rest=11787
[INFO] tested 400/1099 kept=1 rest=11687
[INFO] tested 500/1099 kept=4 rest=11587
[INFO] tested 600/1099 kept=4 rest=11487
[INFO] tested 700/1099 kept=4 rest=11387
[INFO] tested 800/1099 kept=4 rest=11287
[INFO] tested 900/1099 kept=4 rest=11187
[INFO] tested 1000/1099 kept=4 rest=11087
[INFO] tested 1099/1099 kept=4 rest=10988
[INFO] tested 100/2198 kept=0 rest=10888
[INFO] tested 200/2198 kept=0 rest=10788
[INFO] tested 300/2198 kept=0 rest=10688
[INFO] tested 400/2198 kept=0 rest=10588
[INFO] tested 500/2198 kept=0 rest=10488
[INFO] tested 600/2198 kept=37 rest=10388
[INFO] tested 700/2198 kept=99 rest=10288
[INFO] tested 800/2198 kept=102 rest=10188
[INFO] tested 900/2198 kept=102 rest=10088
[INFO] tested 1000/2198 kept=102 rest=9988
[INFO] tested 1100/2198 kept=102 rest=9888
[INFO] tested 1200/2198 kept=102 rest=9788
[INFO] tested 1300/2198 kept=102 rest=9688
[INFO] tested 1400/2198 kept=102 rest=9588
[INFO] tested 1500/2198 kept=102 rest=9488
[INFO] tested 1600/2198 kept=102 rest=9388
[INFO] tested 1700/2198 kept=102 rest=9288
[INFO] tested 1800/2198 kept=102 rest=9188
[INFO] tested 1900/2198 kept=102 rest=9088
[INFO] tested 2000/2198 kept=102 rest=8988
[INFO] tested 2100/2198 kept=102 rest=8888
[INFO] tested 2198/2198 kept=102 rest=8790
[WARN] batch start failed size=8790
[WARN] split batch 8790 -> 4395 + 4395
[WARN] batch start failed size=4395
[WARN] split batch 4395 -> 2197 + 2198
[INFO] tested 100/2197 kept=0 rest=8690
[INFO] tested 200/2197 kept=0 rest=8590
[INFO] tested 300/2197 kept=0 rest=8490
[INFO] tested 400/2197 kept=0 rest=8390
[INFO] tested 500/2197 kept=0 rest=8290
[INFO] tested 600/2197 kept=0 rest=8190
[INFO] tested 700/2197 kept=0 rest=8090
[INFO] tested 800/2197 kept=2 rest=7990
[INFO] tested 900/2197 kept=3 rest=7890
[INFO] tested 1000/2197 kept=3 rest=7790
[INFO] tested 1100/2197 kept=3 rest=7690
[INFO] tested 1200/2197 kept=4 rest=7590
[INFO] tested 1300/2197 kept=4 rest=7490
[INFO] tested 1400/2197 kept=4 rest=7390
[INFO] tested 1500/2197 kept=4 rest=7290
[INFO] tested 1600/2197 kept=4 rest=7190
[INFO] tested 1700/2197 kept=4 rest=7090
[INFO] tested 1800/2197 kept=5 rest=6990
[INFO] tested 1900/2197 kept=6 rest=6890
[INFO] tested 2000/2197 kept=6 rest=6790
[INFO] tested 2100/2197 kept=8 rest=6690
[INFO] tested 2197/2197 kept=8 rest=6593
[WARN] batch start failed size=2198
[WARN] split batch 2198 -> 1099 + 1099
[INFO] tested 100/1099 kept=0 rest=6493
[INFO] tested 200/1099 kept=0 rest=6393
[INFO] tested 300/1099 kept=0 rest=6293
[INFO] tested 400/1099 kept=0 rest=6193
[INFO] tested 500/1099 kept=0 rest=6093
[INFO] tested 600/1099 kept=0 rest=5993
[INFO] tested 700/1099 kept=0 rest=5893
[INFO] tested 800/1099 kept=0 rest=5793
[INFO] tested 900/1099 kept=0 rest=5693
[INFO] tested 1000/1099 kept=0 rest=5593
[INFO] tested 1099/1099 kept=0 rest=5494
[WARN] batch start failed size=1099
[WARN] split batch 1099 -> 549 + 550
[INFO] tested 100/549 kept=0 rest=5394
[INFO] tested 200/549 kept=0 rest=5294
[INFO] tested 300/549 kept=0 rest=5194
[INFO] tested 400/549 kept=0 rest=5094
[INFO] tested 500/549 kept=0 rest=4994
[INFO] tested 549/549 kept=0 rest=4945
[WARN] batch start failed size=550
[WARN] split batch 550 -> 275 + 275
[INFO] tested 100/275 kept=18 rest=4845
[INFO] tested 200/275 kept=104 rest=4745
[INFO] tested 275/275 kept=116 rest=4670
[WARN] batch start failed size=275
[WARN] split batch 275 -> 137 + 138
[WARN] batch start failed size=137
[WARN] split batch 137 -> 68 + 69
[INFO] tested 68/68 kept=53 rest=4602
[WARN] batch start failed size=69
[WARN] split batch 69 -> 34 + 35
[WARN] batch start failed size=34
[WARN] split batch 34 -> 17 + 17
[WARN] batch start failed size=17
[WARN] split batch 17 -> 8 + 9
[INFO] tested 8/8 kept=5 rest=4594
[WARN] batch start failed size=9
[WARN] split batch 9 -> 4 + 5
[WARN] batch start failed size=4
[WARN] split batch 4 -> 2 + 2
[WARN] batch start failed size=2
[WARN] split batch 2 -> 1 + 1
[WARN] batch start failed size=1
[DROP] name=[Pawdroid-sr-apk] 美国+纽约州纽约BuyVM server=198.98.53.130:443 reason=Start initial configuration in progress
[INFO] tested 1/1 kept=0 rest=4592
[INFO] tested 2/2 kept=1 rest=4590
[INFO] tested 5/5 kept=5 rest=4585
[INFO] tested 17/17 kept=12 rest=4568
[INFO] tested 35/35 kept=21 rest=4533
[INFO] tested 100/138 kept=22 rest=4433
[INFO] tested 138/138 kept=42 rest=4395
[WARN] batch start failed size=4395
[WARN] split batch 4395 -> 2197 + 2198
[WARN] batch start failed size=2197
[WARN] split batch 2197 -> 1098 + 1099
[WARN] batch start failed size=1098
[WARN] split batch 1098 -> 549 + 549
[WARN] batch start failed size=549
[WARN] split batch 549 -> 274 + 275
[WARN] batch start failed size=274
[WARN] split batch 274 -> 137 + 137
[INFO] tested 100/137 kept=4 rest=4295
[INFO] tested 137/137 kept=5 rest=4258
[WARN] batch start failed size=137
[WARN] split batch 137 -> 68 + 69
[INFO] tested 68/68 kept=8 rest=4190
[WARN] batch start failed size=69
[WARN] split batch 69 -> 34 + 35
[INFO] tested 34/34 kept=0 rest=4156
[WARN] batch start failed size=35
[WARN] split batch 35 -> 17 + 18
[WARN] batch start failed size=17
[WARN] split batch 17 -> 8 + 9
[INFO] tested 8/8 kept=0 rest=4148
[WARN] batch start failed size=9
[WARN] split batch 9 -> 4 + 5
[INFO] tested 4/4 kept=0 rest=4144
[WARN] batch start failed size=5
[WARN] split batch 5 -> 2 + 3
[INFO] tested 2/2 kept=0 rest=4142
[WARN] batch start failed size=3
[WARN] split batch 3 -> 1 + 2
[INFO] tested 1/1 kept=0 rest=4141
[WARN] batch start failed size=2
[WARN] split batch 2 -> 1 + 1
[WARN] batch start failed size=1
[DROP] name=[Pawdroid-ss-apk] United+Kingdom-2 server=82.38.31.189:8080 reason=Start initial configuration in progress
[INFO] tested 1/1 kept=0 rest=4139
[INFO] tested 18/18 kept=3 rest=4121
[INFO] tested 100/275 kept=0 rest=4021
[INFO] tested 200/275 kept=2 rest=3921
[INFO] tested 275/275 kept=2 rest=3846
[WARN] batch start failed size=549
[WARN] split batch 549 -> 274 + 275
[INFO] tested 100/274 kept=1 rest=3746
[INFO] tested 200/274 kept=6 rest=3646
[INFO] tested 274/274 kept=12 rest=3572
[WARN] batch start failed size=275
[WARN] split batch 275 -> 137 + 138
[INFO] tested 100/137 kept=12 rest=3472
[INFO] tested 137/137 kept=12 rest=3435
[WARN] batch start failed size=138
[WARN] split batch 138 -> 69 + 69
[INFO] tested 69/69 kept=2 rest=3366
[WARN] batch start failed size=69
[WARN] split batch 69 -> 34 + 35
[WARN] batch start failed size=34
[WARN] split batch 34 -> 17 + 17
[INFO] tested 17/17 kept=0 rest=3349
[WARN] batch start failed size=17
[WARN] split batch 17 -> 8 + 9
[WARN] batch start failed size=8
[WARN] split batch 8 -> 4 + 4
[WARN] batch start failed size=4
[WARN] split batch 4 -> 2 + 2
[INFO] tested 2/2 kept=0 rest=3347
[WARN] batch start failed size=2
[WARN] split batch 2 -> 1 + 1
[INFO] tested 1/1 kept=0 rest=3346
[WARN] batch start failed size=1
[DROP] name=[Epodonios] EPODONIOS-126 server=78.38.246.150:8446 reason=Start initial configuration in progress
[INFO] tested 4/4 kept=0 rest=3341
[INFO] tested 9/9 kept=1 rest=3332
[INFO] tested 35/35 kept=1 rest=3297
[INFO] tested 100/1099 kept=0 rest=3197
[INFO] tested 200/1099 kept=5 rest=3097
[INFO] tested 300/1099 kept=9 rest=2997
[INFO] tested 400/1099 kept=9 rest=2897
[INFO] tested 500/1099 kept=13 rest=2797
[INFO] tested 600/1099 kept=14 rest=2697
[INFO] tested 700/1099 kept=14 rest=2597
[INFO] tested 800/1099 kept=14 rest=2497
[INFO] tested 900/1099 kept=14 rest=2397
[INFO] tested 1000/1099 kept=18 rest=2297
[INFO] tested 1099/1099 kept=21 rest=2198
[WARN] batch start failed size=2198
[WARN] split batch 2198 -> 1099 + 1099
[INFO] tested 100/1099 kept=0 rest=2098
[INFO] tested 200/1099 kept=2 rest=1998
[INFO] tested 300/1099 kept=5 rest=1898
[INFO] tested 400/1099 kept=7 rest=1798
[INFO] tested 500/1099 kept=11 rest=1698
[INFO] tested 600/1099 kept=12 rest=1598
[INFO] tested 700/1099 kept=12 rest=1498
[INFO] tested 800/1099 kept=13 rest=1398
[INFO] tested 900/1099 kept=13 rest=1298
[INFO] tested 1000/1099 kept=13 rest=1198
[INFO] tested 1099/1099 kept=13 rest=1099
[WARN] batch start failed size=1099
[WARN] split batch 1099 -> 549 + 550
[INFO] tested 100/549 kept=1 rest=999
[INFO] tested 200/549 kept=2 rest=899
[INFO] tested 300/549 kept=2 rest=799
[INFO] tested 400/549 kept=3 rest=699
[INFO] tested 500/549 kept=4 rest=599
[INFO] tested 549/549 kept=7 rest=550
[WARN] batch start failed size=550
[WARN] split batch 550 -> 275 + 275
[WARN] batch start failed size=275
[WARN] split batch 275 -> 137 + 138
[WARN] batch start failed size=137
[WARN] split batch 137 -> 68 + 69
[WARN] batch start failed size=68
[WARN] split batch 68 -> 34 + 34
[INFO] tested 34/34 kept=2 rest=516
[WARN] batch start failed size=34
[WARN] split batch 34 -> 17 + 17
[WARN] batch start failed size=17
[WARN] split batch 17 -> 8 + 9
[INFO] tested 8/8 kept=0 rest=508
[WARN] batch start failed size=9
[WARN] split batch 9 -> 4 + 5
[INFO] tested 4/4 kept=0 rest=504
[WARN] batch start failed size=5
[WARN] split batch 5 -> 2 + 3
[INFO] tested 2/2 kept=0 rest=502
[WARN] batch start failed size=3
[WARN] split batch 3 -> 1 + 2
[WARN] batch start failed size=1
[DROP] name=[Epodonios] EPODONIOS-2808 server=213.156.152.98:8443 reason=Start initial configuration in progress
[WARN] batch start failed size=2
[WARN] split batch 2 -> 1 + 1
[WARN] batch start failed size=1
[DROP] name=[Epodonios] EPODONIOS-2809 server=65.109.216.210:443 reason=Start initial configuration in progress
[INFO] tested 1/1 kept=0 rest=499
[INFO] tested 17/17 kept=1 rest=482
[INFO] tested 69/69 kept=6 rest=413
[INFO] tested 100/138 kept=23 rest=313
[INFO] tested 138/138 kept=32 rest=275
[INFO] tested 100/275 kept=1 rest=175
[INFO] tested 200/275 kept=17 rest=75
[INFO] tested 275/275 kept=61 rest=0
[INFO] dropped=12 [ChromeGO-ShiteThings] × 5 | [Free-clash-v2ray] × 2 | [Pawdroid-sr-apk] × 1 | [Pawdroid-ss-apk] × 1 | [Epodonios] × 3
============================================================
[INFO] cap live source=[Free-clash-v2ray] from 1244 to 50 by health_score
[INFO] cap live source=[免费节点8] from 128 to 50 by health_score
[INFO] cap live source=[Pawdroid-sr-apk] from 229 to 50 by health_score
[INFO] cap live source=[Epodonios] from 68 to 50 by health_score
[INFO] cap live source=[V2rayclashfree-RSS] from 81 to 50 by health_score
[INFO] cap live total from 467 to 350 trim large sources first
============================================================
+------------------------------+--------+--------+------+--------+
| source                       |    raw | unique | live | capped |
+------------------------------+--------+--------+------+--------+
| [大FQ运动]                   |      4 |      4 |    1 |      1 |
+------------------------------+--------+--------+------+--------+
| [大FQ运动-SS密钥]            |      4 |      4 |    3 |      3 |
+------------------------------+--------+--------+------+--------+
| [大FQ运动-补充]              |      8 |      6 |    0 |      0 |
+------------------------------+--------+--------+------+--------+
| [ChromeGO-工具包]            |     14 |     14 |    5 |      5 |
+------------------------------+--------+--------+------+--------+
| [ChromeGO-ShiteThings]       |     31 |     25 |    1 |      1 |
+------------------------------+--------+--------+------+--------+
| [ChromeGO-Merge]             |     30 |     30 |    6 |      6 |
+------------------------------+--------+--------+------+--------+
| [Freesocks]                  |      3 |      3 |    3 |      3 |
+------------------------------+--------+--------+------+--------+
| [NekoWarp]                   |     10 |     10 |   10 |     10 |
+------------------------------+--------+--------+------+--------+
| [OpenRunner-RSS]             |     14 |      0 |    0 |      0 |
+------------------------------+--------+--------+------+--------+
| [V2Rayshare-RSS]             |     27 |     26 |   11 |     11 |
+------------------------------+--------+--------+------+--------+
| [V2Rayshare-SUB]             |     27 |      0 |    0 |      0 |
+------------------------------+--------+--------+------+--------+
| [Mibei77-RSS]                |    100 |     99 |    8 |      8 |
+------------------------------+--------+--------+------+--------+
| [Yoyapai-RSS]                |    209 |    183 |    4 |      4 |
+------------------------------+--------+--------+------+--------+
| [Free-clash-v2ray]           |   4528 |   4247 | 1244 |     30 |
+------------------------------+--------+--------+------+--------+
| [Pawdroid]                   |     23 |      5 |    2 |      2 |
+------------------------------+--------+--------+------+--------+
| [FreeV2-Base64]              |      3 |      3 |    3 |      3 |
+------------------------------+--------+--------+------+--------+
| [Bocchi2b-Base64]            |     32 |     32 |    0 |      0 |
+------------------------------+--------+--------+------+--------+
| [免费节点1]                  |    209 |     97 |   26 |     26 |
+------------------------------+--------+--------+------+--------+
| [免费节点2]                  |    393 |    268 |   43 |     30 |
+------------------------------+--------+--------+------+--------+
| [免费节点3]                  |     37 |     14 |   14 |     14 |
+------------------------------+--------+--------+------+--------+
| [免费节点4]                  |    839 |      6 |    0 |      0 |
+------------------------------+--------+--------+------+--------+
| [免费节点5]                  |     29 |     28 |    0 |      0 |
+------------------------------+--------+--------+------+--------+
| [免费节点6]                  |    244 |    224 |    1 |      1 |
+------------------------------+--------+--------+------+--------+
| [免费节点7]                  |     64 |     21 |    2 |      2 |
+------------------------------+--------+--------+------+--------+
| [免费节点8]                  |   4217 |   3763 |  128 |     31 |
+------------------------------+--------+--------+------+--------+
| [免费节点9]                  |    615 |    452 |    0 |      0 |
+------------------------------+--------+--------+------+--------+
| [免费节点10]                 |   4183 |   3070 |    8 |      8 |
+------------------------------+--------+--------+------+--------+
| [免费节点11]                 |    417 |    185 |   39 |     31 |
+------------------------------+--------+--------+------+--------+
| [Pawdroid-sr-apk]            |   1523 |    538 |  229 |     31 |
+------------------------------+--------+--------+------+--------+
| [Pawdroid-ss-apk]            |   1454 |    623 |   15 |     15 |
+------------------------------+--------+--------+------+--------+
| [Clashfree]                  |   1363 |    128 |   12 |     12 |
+------------------------------+--------+--------+------+--------+
| [Epodonios]                  |   4352 |   3158 |   68 |     31 |
+------------------------------+--------+--------+------+--------+
| [V2rayclashfree-RSS]         |   1753 |    313 |   81 |     31 |
+------------------------------+--------+--------+------+--------+
============================================================
[SUMMARY] total_nodes=26759
[SUMMARY] legal_candidates=17579
[SUMMARY] passed_latency_test=350
[SUMMARY] region_HK=8 region_JP=11 region_US=84
[SUMMARY] avg_latency_ms=443.11
[SUMMARY] output=/home/runner/work/Free-node-autotest/Free-node-autotest/output/clash.yaml
============================================================
