============================================================
[INFO] sublink try page | url=https://end-gfw.com
[OK] proxies=6 | new=6 | url=https://raw.githubusercontent.com/hello-world-1989/cn-news/main/end-gfw-free
[OK] proxies=6 | new=0 | url=https://raw.githubusercontent.com/hello-world-1989/cn-news/main/clash-free.yaml
[INFO] source try link | url=https://end-gfw.com/ss-key
[OK] proxies=4 | new=4 | url=https://end-gfw.com/ss-key
[INFO] sublink try repo | url=https://github.com/hello-world-1989/cn-news
[INFO] sublink try page | url=https://raw.githubusercontent.com/hello-world-1989/cn-news/main/README.md
[OK] proxies=6 | new=6 | url=https://raw.githubusercontent.com/hello-world-1989/v2-sub/main/end-gfw-together-af3e13
[OK] proxies=2 | new=2 | url=https://raw.githubusercontent.com/hello-world-1989/cn-news/main/end-gfw-together
[OK] proxies=2 | new=0 | url=https://raw.githubusercontent.com/hello-world-1989/cn-news/refs/heads/main/clash.yaml
[OK] proxies=18 | source=[大FQ运动] | url=https://raw.githubusercontent.com/hello-world-1989/cn-news/main/README.md
============================================================
[INFO] sublink try repo | url=https://github.com/Pawdroid/Free-servers
[INFO] sublink try page | url=https://raw.githubusercontent.com/Pawdroid/Free-servers/main/README.md
[OK] proxies=20 | new=20 | url=https://raw.githubusercontent.com/Pawdroid/Free-servers/main/README.md
[OK] proxies=20 | new=0 | url=https://raw.githubusercontent.com/Pawdroid/Free-servers/main/sub
[OK] proxies=1 | new=1 | url=https://apps.apple.com/cn/app/shadowshare/id1612647259
[OK] proxies=1 | new=1 | url=http://www.surflare.com
[OK] proxies=22 | source=[Pawdroid] | url=https://raw.githubusercontent.com/Pawdroid/Free-servers/main/README.md
============================================================
[INFO] source try link | url=https://xmxosfepggzm.503403.xyz
[OK] proxies=3 | new=3 | url=https://xmxosfepggzm.503403.xyz
[OK] proxies=3 | source=[FreeV2-Base64] | url=https://xmxosfepggzm.503403.xyz
============================================================
[INFO] source try link | url=https://links.bocchi2b.top/clash
[OK] proxies=35 | new=35 | url=https://links.bocchi2b.top/clash
[OK] proxies=35 | source=[Bocchi2b-Base64] | url=https://links.bocchi2b.top/clash
============================================================
[INFO] source try link | url=https://freesocks.org/api/v1/sub/02b897e8e77f19176b0b9f2c75864b00
[OK] proxies=1 | new=1 | url=https://freesocks.org/api/v1/sub/02b897e8e77f19176b0b9f2c75864b00
[INFO] source try link | url=https://freesocks.org/api/v1/sub/4cae35810e6f5c4d92e28e32104e0080
[OK] proxies=3 | new=3 | url=https://freesocks.org/api/v1/sub/4cae35810e6f5c4d92e28e32104e0080
[OK] proxies=4 | source=[Freesocks] | url=https://freesocks.org/api/v1/sub/4cae35810e6f5c4d92e28e32104e0080
============================================================
[INFO] source try link | url=https://neko-warp.nloli.xyz/neko_warp.yaml
[OK] proxies=10 | new=10 | url=https://neko-warp.nloli.xyz/neko_warp.yaml
[OK] proxies=10 | source=[NekoWarp] | url=https://neko-warp.nloli.xyz/neko_warp.yaml
============================================================
[INFO] article try feed | url=https://free.datiya.com/index.xml
[INFO] sublink try page | url=https://free.datiya.com/post/20260929/
[OK] proxies=14 | new=14 | url=https://free.datiya.com/uploads/20260929-clash.yaml
[OK] proxies=14 | source=[OpenRunner-RSS] | url=https://free.datiya.com/post/20260929/
============================================================
[INFO] article try feed | url=https://v2rayshare.com/feed
[INFO] sublink try page | url=https://v2rayshare.com/p/4097.html
[INFO] sublink try repo | url=https://github.com/firefoxmmx2/v2rayshare_subcription
[INFO] sublink try page | url=https://raw.githubusercontent.com/firefoxmmx2/v2rayshare_subcription/main/README.md
[OK] proxies=21 | new=21 | url=https://{raw.githubusercontent.com|cdn.jsdelivr.net}/firefoxmmx2/v2rayshare_subcription/main/subscription/clash_sub.yaml
[OK] proxies=22 | new=1 | url=https://{raw.githubusercontent.com|cdn.jsdelivr.net}/firefoxmmx2/v2rayshare_subcription/main/subscription/mihomo_sub.yaml
[OK] proxies=22 | new=0 | url=https://{raw.githubusercontent.com|cdn.jsdelivr.net}/firefoxmmx2/v2rayshare_subcription/main/subscription/vray_sub.txt
[OK] proxies=22 | source=[V2Rayshare-RSS] | url=https://raw.githubusercontent.com/firefoxmmx2/v2rayshare_subcription/main/README.md
============================================================
[INFO] article try feed | url=https://www.mibei77.com/feed
[INFO] sublink try page | url=https://www.mibei77.com/705.html
[OK] proxies=114 | new=114 | url=https://mm.mibei77.com/202609/0929Clashiza.yaml
[OK] proxies=115 | new=2 | url=https://mm.mibei77.com/202609/09.2964baxcd.txt
[OK] proxies=116 | source=[Mibei77-RSS] | url=https://www.mibei77.com/705.html
============================================================
[INFO] article try feed | url=https://yoyapai.com/feed
[INFO] sublink try page | url=https://yoyapai.com/740
[OK] proxies=1 | new=1 | url=https://yoyapai.com/740
[OK] proxies=231 | new=231 | url=https://freenode.yoyapai.com/2026/09/29-yoyapai.com-clashvpnmianfeijiedian.yaml
[OK] proxies=231 | new=0 | url=https://freenode.yoyapai.com/2026/09/29-yoyapai.com-ssrv2rayvpnmianfeijiedian.txt
[OK] proxies=232 | source=[Yoyapai-RSS] | url=https://yoyapai.com/740
============================================================
[INFO] sublink try repo | url=https://github.com/free18/v2ray
[INFO] sublink try page | url=https://raw.githubusercontent.com/free18/v2ray/main/README.md
[OK] proxies=3 | new=3 | url=https://raw.githubusercontent.com/free18/v2ray/main/README.md
[OK] proxies=321 | new=321 | url=https://ghfast.top/https://raw.githubusercontent.com/free18/v2ray/refs/heads/main/c.yaml
[OK] proxies=322 | new=1 | url=https://ghfast.top/https://raw.githubusercontent.com/free18/v2ray/refs/heads/main/v.txt
[OK] proxies=325 | source=[免费节点1] | url=https://raw.githubusercontent.com/free18/v2ray/main/README.md
============================================================
[INFO] sublink try repo | url=https://github.com/ermaozi/get_subscribe
[INFO] sublink try page | url=https://raw.githubusercontent.com/ermaozi/get_subscribe/main/README.md
[INFO] sublink file_nodes=0 | bare links=9
[OK] proxies=287 | new=287 | url=https://www.ermao.net/sub/{reachable|unreachable|untested}/clash/ermao.net
[OK] proxies=300 | new=13 | url=https://www.ermao.net/sub/{clash|v2ray}/ermao.net
[OK] proxies=300 | source=[免费节点2] | url=https://raw.githubusercontent.com/ermaozi/get_subscribe/main/README.md
============================================================
[INFO] sublink try repo | url=https://github.com/sunmiao4458/free-proxy-airport
[INFO] sublink try page | url=https://raw.githubusercontent.com/sunmiao4458/free-proxy-airport/main/README.md
[OK] proxies=29 | new=29 | url=https://sunmiao4458.github.io/free-proxy-airport/clash.yaml
[OK] proxies=29 | source=[免费节点3] | url=https://raw.githubusercontent.com/sunmiao4458/free-proxy-airport/main/README.md
============================================================
[INFO] sublink try repo | url=https://github.com/mfuu/FreeProxies
[INFO] sublink try page | url=https://raw.githubusercontent.com/mfuu/FreeProxies/master/README.md
[OK] proxies=839 | new=839 | url=https://raw.githubusercontent.com/mfuu/FreeProxies/master/sub.yaml
[OK] proxies=839 | source=[免费节点4] | url=https://raw.githubusercontent.com/mfuu/FreeProxies/master/README.md
============================================================
[INFO] sublink try repo | url=https://github.com/vxiaov/free_proxies
[INFO] sublink try page | url=https://raw.githubusercontent.com/vxiaov/free_proxies/main/README.md
[OK] proxies=1 | new=1 | url=https://raw.githubusercontent.com/vxiaov/free_proxies/main/README.md
[OK] proxies=28 | new=28 | url=https://{cdn.jsdelivr.net|raw.githubusercontent.com}/vxiaov/free_proxies/main/clash/clash.provider.yaml
[OK] proxies=29 | source=[免费节点5] | url=https://raw.githubusercontent.com/vxiaov/free_proxies/main/README.md
============================================================
[INFO] sublink try repo | url=https://github.com/anaer/Sub
[INFO] sublink try page | url=https://raw.githubusercontent.com/anaer/Sub/main/README.MD
[OK] proxies=566 | new=566 | url=https://anaer.github.io/Sub/clash.yaml
[OK] proxies=566 | new=0 | url=https://raw.githubusercontent.com/anaer/Sub/main/clash.yaml
[OK] proxies=566 | source=[免费节点6] | url=https://raw.githubusercontent.com/anaer/Sub/main/README.MD
============================================================
[INFO] sublink try repo | url=https://github.com/snakem982/proxypool
[INFO] sublink try page | url=https://raw.githubusercontent.com/snakem982/proxypool/main/README.md
[OK] proxies=64 | new=64 | url=https://raw.githubusercontent.com/snakem982/proxypool/main/source/clash-meta-2.yaml
[OK] proxies=59 | new=0 | url=https://raw.githubusercontent.com/snakem982/proxypool/main/source/v2ray-2.txt
[OK] proxies=59 | new=0 | url=https://raw.githubusercontent.com/snakem982/proxypool/main/source/sing-box-2.json
[OK] proxies=64 | source=[免费节点7] | url=https://raw.githubusercontent.com/snakem982/proxypool/main/README.md
============================================================
[INFO] sublink try repo | url=https://github.com/mahdibland/V2RayAggregator
[INFO] sublink try page | url=https://raw.githubusercontent.com/mahdibland/V2RayAggregator/master/README.md
[OK] proxies=1 | new=1 | url=https://cdn.jsdelivr.net/gh/mahdibland/V2RayAggregator@master/update/provider/provider-meta-cn.yml
[OK] proxies=1 | new=0 | url=https://github.com/mahdibland/SSAggregator/actions/workflows/Collector.yml
[OK] proxies=1462 | new=1462 | url=https://raw.githubusercontent.com/mahdibland/ShadowsocksAggregator/master/sub/splitted/vmess.txt
[OK] proxies=1 | new=0 | url=https://cdn.jsdelivr.net/gh/mahdibland/V2RayAggregator@master/update/provider/provider-meta.yml
[OK] proxies=54 | new=54 | url=https://raw.githubusercontent.com/mahdibland/ShadowsocksAggregator/master/sub/splitted/ssr.txt
[OK] proxies=587 | new=587 | url=https://raw.githubusercontent.com/mahdibland/ShadowsocksAggregator/master/sub/splitted/trojan.txt
[OK] proxies=378 | new=308 | url=https://raw.githubusercontent.com/mahdibland/V2RayAggregator/master/README.md
[OK] proxies=3937 | new=1621 | url=https://raw.githubusercontent.com/mahdibland/{SSAggregator|ShadowsocksAggregator}/master/sub/sub_merge.txt
[OK] proxies=1 | new=0 | url=https://cdn.jsdelivr.net/gh/mahdibland/V2RayAggregator@master/update/provider/provider.yml
[OK] proxies=1 | new=0 | url=https://cdn.jsdelivr.net/gh/mahdibland/V2RayAggregator@master/update/provider/provider-meta-others.yml
[OK] proxies=1 | new=0 | url=https://cdn.jsdelivr.net/gh/mahdibland/V2RayAggregator@master/update/provider/provider-others.yml
[OK] proxies=61 | new=61 | url=https://raw.githubusercontent.com/mahdibland/SSAggregator/master/sub/airport_sub_merge.txt
[OK] proxies=1 | new=0 | url=https://cdn.jsdelivr.net/gh/mahdibland/V2RayAggregator@master/update/provider/provider-cn.yml
[OK] proxies=61 | new=0 | url=https://raw.githubusercontent.com/mahdibland/SSAggregator/master/sub/airport_merge_base64.txt
[OK] proxies=4020 | new=146 | url=https://raw.githubusercontent.com/mahdibland/SSAggregator/master/sub/sub_merge_yaml.yml
[OK] proxies=3937 | new=0 | url=https://raw.githubusercontent.com/mahdibland/SSAggregator/master/sub/sub_merge_base64.txt
[OK] proxies=61 | new=0 | url=https://raw.githubusercontent.com/mahdibland/ShadowsocksAggregator/master/EternityAir.txt
[OK] proxies=194 | new=0 | url=https://raw.githubusercontent.com/mahdibland/ShadowsocksAggregator/master/Eternity.yml
[OK] proxies=193 | new=0 | url=https://raw.githubusercontent.com/mahdibland/ShadowsocksAggregator/master/Eternity.txt
[OK] proxies=1 | new=0 | url=https://github.com/mahdibland/SSAggregator/actions/workflows/Airport_Collector.yml
[OK] proxies=1834 | new=0 | url=https://raw.githubusercontent.com/mahdibland/ShadowsocksAggregator/master/sub/splitted/ss.txt
[OK] proxies=4240 | source=[免费节点8] | url=https://raw.githubusercontent.com/mahdibland/V2RayAggregator/master/README.md
============================================================
[INFO] sublink try repo | url=https://github.com/w1770946466/Auto_proxy
[INFO] sublink try page | url=https://raw.githubusercontent.com/w1770946466/Auto_proxy/main/README.md
[OK] proxies=489 | new=489 | url=https://raw.githubusercontent.com/w1770946466/Auto_proxy/main/Long_term_subscription_num
[OK] proxies=1 | new=1 | url=https://github.com/w1770946466/Auto_proxy/actions/workflows/main.yml
[OK] proxies=489 | new=0 | url=https://raw.githubusercontent.com/w1770946466/Auto_proxy/main/{Long_term_subscription1|Long_term_subscription2|Long_term_subscription3|Long_term_subscription4|Long_term_subscription5|Long_term_subscription6|Long_term_subscription7|Long_term_subscription8}
[OK] proxies=245 | new=125 | url=https://raw.githubusercontent.com/w1770946466/Auto_proxy/main/{Long_term_subscription2.yaml|Long_term_subscription1.yaml|Long_term_subscription3.yaml}
[OK] proxies=615 | source=[免费节点9] | url=https://raw.githubusercontent.com/w1770946466/Auto_proxy/main/README.md
============================================================
[INFO] sublink try repo | url=https://github.com/PuddinCat/BestClash
[INFO] sublink try page | url=https://raw.githubusercontent.com/PuddinCat/BestClash/main/README.md
[OK] proxies=28 | new=28 | url=https://cdn.jsdelivr.net/gh/vxiaov/free_proxies@main/clash/clash.provider.yaml
[OK] proxies=144 | new=144 | url=https://raw.githubusercontent.com/zhangkaiitugithub/passcro/main/speednodes.yaml
[OK] proxies=165 | new=165 | url=https://raw.githubusercontent.com/ronghuaxueleng/get_v2/main/pub/combine.yaml
[OK] proxies=24 | new=24 | url=https://freenode.openrunner.net/uploads/20240807-clash.yaml
[OK] proxies=25 | new=25 | url=https://raw.githubusercontent.com/Misaka-blog/chromego_merge/main/sub/merged_proxies_new.yaml
[OK] proxies=287 | new=121 | url=https://raw.githubusercontent.com/{ermaozi|ermaozi01}/{get_subscribe|free_clash_vpn}/main/subscribe/clash.yml
[OK] proxies=194 | new=191 | url=https://raw.githubusercontent.com/mahdibland/ShadowsocksAggregator/master/Eternity.yml
[OK] proxies=26 | new=1 | url=https://raw.githubusercontent.com/{chengaopan|peasoft}/{AutoMergePublicNodes|NoMoreWalls}/master/list.yml
[OK] proxies=16 | new=12 | url=https://raw.githubusercontent.com/PuddinCat/BestClash/main/proxies.yaml
[OK] proxies=3701 | new=3679 | url=https://raw.githubusercontent.com/{NiceVPN123|anaer}/{NiceVPN|Sub}/main/{Clash.yaml|clash.yaml}
[OK] proxies=4390 | source=[免费节点10] | url=https://raw.githubusercontent.com/PuddinCat/BestClash/main/README.md
============================================================
[INFO] sublink try repo | url=https://github.com/kooker/FreeSubsCheck
[INFO] sublink try page | url=https://raw.githubusercontent.com/kooker/FreeSubsCheck/main/README.md
[OK] proxies=21 | new=21 | url=https://raw.githubusercontent.com/kooker/FreeSubsCheck/main/all.yaml
[OK] proxies=2 | new=1 | url=https://raw.githubusercontent.com/kooker/FreeSubsCheck/main/byxiaoxi.txt
[OK] proxies=21 | new=0 | url=https://raw.githubusercontent.com/kooker/FreeSubsCheck/main/mihomo.yaml
[OK] proxies=16 | new=0 | url=https://raw.githubusercontent.com/kooker/FreeSubsCheck/main/base64.txt
[OK] proxies=419 | new=414 | url=https://raw.githubusercontent.com/kooker/FreeSubsCheck/main/kooker.jp.txt
[OK] proxies=436 | source=[免费节点11] | url=https://raw.githubusercontent.com/kooker/FreeSubsCheck/main/README.md
============================================================
[INFO] toolkit try repo | url=https://github.com/bannedbook/fanqiang
[INFO] toolkit try release | url=https://github.com/bannedbook/fanqiang/releases
[INFO] toolkit try release | url=https://github.com/bannedbook/fanqiang/releases/expanded_assets/ChromeGo-latest
[INFO] toolkit try download | url=https://github.com/bannedbook/fanqiang/releases/download/ChromeGo-latest/ChromeGo.7z
[OK] toolkit downloaded | file=ChromeGo.7z | size=96.2mb | time=27.5s
[OK] toolkit extracted | archive=ChromeGo.7z | tool=7z | files=222 | dirs=45
[OK] toolkit discovered | subs=107 | embedded=46 | archive=ChromeGo.7z
[INFO] toolkit try repo | url=https://github.com/bannedbook/fanqiang
[INFO] toolkit try release | url=https://github.com/bannedbook/fanqiang/releases
[INFO] toolkit try release | url=https://github.com/bannedbook/fanqiang/releases/expanded_assets/ChromeGo-latest
[INFO] toolkit try download | url=https://github.com/bannedbook/fanqiang/releases/download/ChromeGo-latest/ChromeGo.7z
[OK] toolkit downloaded | file=ChromeGo.7z | size=96.2mb | time=27.5s
[OK] toolkit extracted | archive=ChromeGo.7z | tool=7z | files=222 | dirs=45
[OK] toolkit discovered | subs=107 | embedded=46 | archive=ChromeGo.7z
[OK] proxies=12 | new=12 | embedded=archive-config
[OK] proxies=3 | new=3 | url=https://www.67867867.xyz/Alvin9999/PAC/refs/heads/master/backup/img/1/2/{ipp|ip}/clash.meta2/{5|6|3|1|4|2}/config.yaml
[OK] proxies=3 | new=0 | url=https://gitlab.com/free9999/ipupdate/master/backup/img/1/2/{ipp|ip}/clash.meta2/{5|6|3|1|4|2}/config.yaml
[OK] proxies=7 | new=5 | url=https://www.67867867.xyz/Alvin9999/PAC/refs/heads/master/backup/img/1/2/{ipp|ip}/{hysteria2|singbox|naiveproxy|hysteria|xray}/{3|1|4|2}/config.json
[OK] proxies=7 | new=0 | url=https://gitlab.com/free9999/ipupdate/master/backup/img/1/2/{ipp|ip}/{hysteria2|singbox|naiveproxy|hysteria|xray}/{3|1|4|2}/config.json
[OK] proxies=20 | source=[ChromeGO-Toolkit] | url=https://github.com/bannedbook/fanqiang/releases/download/ChromeGo-latest/ChromeGo.7z
============================================================
[INFO] sublink try repo | url=https://github.com/ShiteThings/extractNodes
[INFO] sublink try page | url=https://raw.githubusercontent.com/ShiteThings/extractNodes/main/README.md
[OK] proxies=26 | new=26 | url=https://chg26.makou.cc.cd/sb
[OK] proxies=31 | new=5 | url=https://{chg26.makou.cc.cd|chg64.makou.cc.cd}
[OK] proxies=31 | source=[ChromeGO-ShiteThings] | url=https://raw.githubusercontent.com/ShiteThings/extractNodes/main/README.md
============================================================
[INFO] sublink try repo | url=https://github.com/shangui999/chromego_merge
[INFO] sublink try page | url=https://raw.githubusercontent.com/shangui999/chromego_merge/master/ReadMe.md
[OK] proxies=11 | new=11 | url=https://freedman.netlify.app/sub/merged_warp_proxies_new.yaml
[OK] proxies=16 | new=16 | url=https://freedman.netlify.app/sub/sb.json
[OK] proxies=11 | new=6 | url=https://freedman.netlify.app/sub/shadowrocket_base64.txt
[OK] proxies=10 | new=0 | url=https://freedman.netlify.app/sub/merged_proxies_new.yaml
[INFO] sublink try repo | url=https://github.com/yaney01/chromego
[INFO] sublink try page | url=https://raw.githubusercontent.com/yaney01/chromego/main/ReadMe.md
[OK] proxies=13 | new=7 | url=https://raw.githubusercontent.com/yaney01/chromego/main/sub/sb.json
[OK] proxies=51 | new=41 | url=https://raw.githubusercontent.com/yaney01/chromego/main/sub/merged_warp_proxies_new.yaml
[OK] proxies=13 | new=5 | url=https://raw.githubusercontent.com/yaney01/chromego/main/sub/shadowrocket_base64.txt
[OK] proxies=50 | new=0 | url=https://raw.githubusercontent.com/yaney01/chromego/main/sub/merged_proxies_new.yaml
[INFO] sublink try repo | url=https://github.com/Misaka-blog/chromego_merge
[INFO] sublink try page | url=https://raw.githubusercontent.com/Misaka-blog/chromego_merge/main/README.md
[OK] proxies=25 | new=25 | url=https://chromego-sub.netlify.app/sub/merged_proxies_new.yaml
[OK] proxies=111 | source=[ChromeGO-Merge] | url=https://raw.githubusercontent.com/Misaka-blog/chromego_merge/main/README.md
============================================================
[INFO] toolkit try repo | url=https://github.com/Pawdroid/shadowrocket_for_android
[INFO] toolkit try release | url=https://github.com/Pawdroid/shadowrocket_for_android/releases
[INFO] toolkit try release | url=https://github.com/Pawdroid/shadowrocket_for_android/releases/expanded_assets/10.10.55
[INFO] toolkit try download | url=https://github.com/Pawdroid/shadowrocket_for_android/releases/download/10.10.55/Shadowrocket_10.10.55_shadowrocketStandard_arm64-v8a.apk
[OK] toolkit downloaded | file=Shadowrocket_10.10.55_shadowrocketStandard_arm64-v8a.apk | size=39.5mb | time=21.1s
[OK] toolkit extracted | archive=Shadowrocket_10.10.55_shadowrocketStandard_arm64-v8a.apk | tool=zipfile | files=1179 | dirs=44
[OK] toolkit sr-apk scanned | prefixes=38 | files=6 | keys=2 | archive=Shadowrocket_10.10.55_shadowrocketStandard_arm64-v8a.apk
[OK] proxies=816 | new=816 | url=https://{cdn.jsdelivr.net|raw.githubusercontent.com}/pixelor/ecfg/main/data/ecfg6_zh
[OK] proxies=196 | new=136 | url=https://{cdn.jsdelivr.net|raw.githubusercontent.com}/pixelor/ecfg/main/data/ecfg6
[OK] proxies=1144 | new=299 | url=https://{cdn.jsdelivr.net|raw.githubusercontent.com}/pixelor/ecfg/main/data/ecfg6_en
[OK] proxies=149 | new=0 | url=https://{files.shadowrockets.app|cdn.shadowrockets.app}/ecfg/data/ecfg6
[OK] proxies=700 | new=0 | url=https://{files.shadowrockets.app|cdn.shadowrockets.app}/ecfg/data/ecfg6_en
[OK] proxies=700 | new=0 | url=https://{files.shadowrockets.app|cdn.shadowrockets.app}/ecfg/data/ecfg6_zh
[INFO] toolkit try repo | url=https://github.com/Pawdroid/shadowrocket_for_android
[INFO] toolkit try release | url=https://github.com/Pawdroid/shadowrocket_for_android/releases
[INFO] toolkit try release | url=https://github.com/Pawdroid/shadowrocket_for_android/releases/expanded_assets/10.10.55
[INFO] toolkit try download | url=https://github.com/Pawdroid/shadowrocket_for_android/releases/download/10.10.55/Shadowrocket_10.10.55_shadowrocketStandard_arm64-v8a.apk
[OK] toolkit downloaded | file=Shadowrocket_10.10.55_shadowrocketStandard_arm64-v8a.apk | size=39.5mb | time=21.1s
[OK] toolkit extracted | archive=Shadowrocket_10.10.55_shadowrocketStandard_arm64-v8a.apk | tool=zipfile | files=1179 | dirs=44
[OK] toolkit sr-apk scanned | prefixes=38 | files=6 | keys=2 | archive=Shadowrocket_10.10.55_shadowrocketStandard_arm64-v8a.apk
[OK] proxies=816 | new=816 | url=https://{cdn.jsdelivr.net|raw.githubusercontent.com}/pixelor/ecfg/main/data/ecfg6_zh
[OK] proxies=196 | new=136 | url=https://{cdn.jsdelivr.net|raw.githubusercontent.com}/pixelor/ecfg/main/data/ecfg6
[OK] proxies=1144 | new=299 | url=https://{cdn.jsdelivr.net|raw.githubusercontent.com}/pixelor/ecfg/main/data/ecfg6_en
[OK] proxies=149 | new=0 | url=https://{files.shadowrockets.app|cdn.shadowrockets.app}/ecfg/data/ecfg6
[OK] proxies=700 | new=0 | url=https://{files.shadowrockets.app|cdn.shadowrockets.app}/ecfg/data/ecfg6_en
[OK] proxies=700 | new=0 | url=https://{files.shadowrockets.app|cdn.shadowrockets.app}/ecfg/data/ecfg6_zh
[OK] proxies=1251 | source=[Pawdroid-SR-APK] | url=https://github.com/Pawdroid/shadowrocket_for_android/releases/download/10.10.55/Shadowrocket_10.10.55_shadowrocketStandard_arm64-v8a.apk
============================================================
[INFO] toolkit try page | url=https://shadowshare.v2cross.com
[INFO] toolkit try download | url=https://shadowshare.v2cross.com/shadowshare.apk
[OK] toolkit downloaded | file=shadowshare.apk | size=60mb | time=27.0s
[OK] toolkit extracted | archive=shadowshare.apk | tool=zipfile | files=612 | dirs=39
[OK] toolkit ss-apk scanned | prefixes=10 | files=3 | keys=1 | archive=shadowshare.apk
[OK] proxies=212 | new=212 | url=https://{raw.githubusercontent.com|jsd.onmicrosoft.cn}/hideme9527/ecsfg/main/data/sareserver
[OK] proxies=116 | new=0 | url=https://{shadowsharing.com|sare.159236.xyz}/data/sareserver
[OK] proxies=1386 | new=1279 | url=https://{raw.githubusercontent.com|jsd.onmicrosoft.cn}/hideme9527/ecsfg/main/data/sareserver_en
[OK] proxies=1386 | new=0 | url=https://{shadowsharing.com|sare.159236.xyz}/data/sareserver_en
[OK] proxies=116 | new=0 | url=https://gitee.com/api/v5/repos/{elvenapp|guoyoucai1|zhiminghao}/ecsfg/raw/data/sareserver
[OK] proxies=1386 | new=0 | url=https://gitee.com/api/v5/repos/{zhiminghao|guoyoucai1|elvenapp}/ecsfg/raw/data/sareserver_en
[INFO] toolkit try page | url=https://shadowshare.v2cross.com
[INFO] toolkit try download | url=https://shadowshare.v2cross.com/shadowshare.apk
[OK] toolkit downloaded | file=shadowshare.apk | size=60mb | time=27.0s
[OK] toolkit extracted | archive=shadowshare.apk | tool=zipfile | files=612 | dirs=39
[OK] toolkit ss-apk scanned | prefixes=10 | files=3 | keys=1 | archive=shadowshare.apk
[OK] proxies=212 | new=212 | url=https://{raw.githubusercontent.com|jsd.onmicrosoft.cn}/hideme9527/ecsfg/main/data/sareserver
[OK] proxies=116 | new=0 | url=https://{shadowsharing.com|sare.159236.xyz}/data/sareserver
[OK] proxies=1386 | new=1279 | url=https://{raw.githubusercontent.com|jsd.onmicrosoft.cn}/hideme9527/ecsfg/main/data/sareserver_en
[OK] proxies=1386 | new=0 | url=https://{shadowsharing.com|sare.159236.xyz}/data/sareserver_en
[OK] proxies=116 | new=0 | url=https://gitee.com/api/v5/repos/{elvenapp|guoyoucai1|zhiminghao}/ecsfg/raw/data/sareserver
[OK] proxies=1386 | new=0 | url=https://gitee.com/api/v5/repos/{zhiminghao|guoyoucai1|elvenapp}/ecsfg/raw/data/sareserver_en
[OK] proxies=1491 | source=[Pawdroid-SS-APK] | url=https://shadowshare.v2cross.com/shadowshare.apk
============================================================
[INFO] toolkit try chrome | url=https://chromewebstore.google.com/detail/free-vpn-proxy-1vpn/akcocjjpkmlniicdeemdceeajlmoabhg
[INFO] toolkit try download | url=https://clients2.google.com/service/update2/crx?response=redirect&prodversion=131.0.6778.0&acceptformat=crx2,crx3&x=id%3dakcocjjpkmlniicdeemdceeajlmoabhg%26uc
[OK] toolkit downloaded | file=free-vpn-proxy-1vpn.crx | size=1.6mb | time=6.2s
[OK] toolkit extracted | archive=free-vpn-proxy-1vpn.crx | tool=zipfile | files=68 | dirs=57
[OK] toolkit 1vpn-crx scanned | hosts=17 | keys=1 | archive=free-vpn-proxy-1vpn.crx
[INFO] toolkit try chrome | url=https://chromewebstore.google.com/detail/free-vpn-proxy-1vpn/akcocjjpkmlniicdeemdceeajlmoabhg
[INFO] toolkit try download | url=https://clients2.google.com/service/update2/crx?response=redirect&prodversion=131.0.6778.0&acceptformat=crx2,crx3&x=id%3dakcocjjpkmlniicdeemdceeajlmoabhg%26uc
[OK] toolkit downloaded | file=free-vpn-proxy-1vpn.crx | size=1.6mb | time=6.2s
[OK] toolkit extracted | archive=free-vpn-proxy-1vpn.crx | tool=zipfile | files=68 | dirs=57
[OK] toolkit 1vpn-crx scanned | hosts=17 | keys=1 | archive=free-vpn-proxy-1vpn.crx
[OK] proxies=17 | source=[1VPN-CRX] | url=https://clients2.google.com/service/update2/crx?response=redirect&prodversion=131.0.6778.0&acceptformat=crx2,crx3&x=id%3dakcocjjpkmlniicdeemdceeajlmoabhg%26uc
============================================================
[INFO] sublink try repo | url=https://github.com/free-nodes/clashfree
[INFO] sublink try page | url=https://raw.githubusercontent.com/free-nodes/clashfree/main/README.md
[OK] proxies=225 | new=225 | url=https://raw.githubusercontent.com/free-nodes/clashfree/main/clash20260929.yml
[OK] proxies=1 | new=1 | url=https://github.com/free-nodes/clashfree/blob/main/clash20260929.yml
[OK] proxies=225 | new=0 | url=https://raw.githubusercontent.com/free-nodes/clashfree/main/README.md
[OK] proxies=226 | source=[Clashfree] | url=https://raw.githubusercontent.com/free-nodes/clashfree/main/README.md
============================================================
[INFO] sublink try repo | url=https://github.com/Epodonios/v2ray-configs
[INFO] sublink try page | url=https://raw.githubusercontent.com/Epodonios/v2ray-configs/main/README.md
[OK] proxies=387 | new=387 | url=https://github.com/Epodonios/v2ray-configs/raw/main/Splitted-By-Protocol/ss.txt
[OK] proxies=3456 | new=3455 | url=https://github.com/Epodonios/v2ray-configs/raw/main/Splitted-By-Protocol/vless.txt
[OK] proxies=194 | new=194 | url=https://github.com/Epodonios/v2ray-configs/raw/main/Splitted-By-Protocol/vmess.txt
[OK] proxies=4237 | new=207 | url=https://github.com/Epodonios/v2ray-configs/raw/main/All_Configs_base64_Sub.txt
[OK] proxies=165 | new=0 | url=https://github.com/Epodonios/v2ray-configs/raw/main/Splitted-By-Protocol/trojan.txt
[OK] proxies=1 | new=1 | url=https://github.com/Epodonios/V2ray-Configs/actions/workflows/main.yml
[OK] proxies=4237 | new=0 | url=https://github.com/Epodonios/v2ray-configs/raw/main/All_Configs_Sub.txt
[OK] proxies=4237 | new=0 | url=https://raw.githubusercontent.com/Epodonios/v2ray-configs/main/{Sub1.txt|Sub2.txt|Sub3.txt|Sub4.txt|Sub5.txt|Sub6.txt|Sub7.txt|Sub8.txt}
[OK] proxies=4244 | source=[Epodonios] | url=https://raw.githubusercontent.com/Epodonios/v2ray-configs/main/README.md
============================================================
[INFO] sublink try repo | url=https://github.com/free-clash-v2ray/free-clash-v2ray.github.io
[INFO] sublink try page | url=https://raw.githubusercontent.com/free-clash-v2ray/free-clash-v2ray.github.io/main/README.md
[OK] proxies=2984 | new=2984 | url=https://free-clash-v2ray.github.io/uploads/2026/09/{0-20260927.yaml|1-20260927.yaml|2-20260927.yaml|3-20260927.yaml}
[OK] proxies=3129 | new=537 | url=https://free-clash-v2ray.github.io/uploads/2026/09/{0-20260927.txt|1-20260927.txt|2-20260927.txt|3-20260927.txt|4-20260927.txt}
[OK] proxies=3521 | source=[Free-clash-v2ray] | url=https://raw.githubusercontent.com/free-clash-v2ray/free-clash-v2ray.github.io/main/README.md
============================================================
[INFO] article try page | url=https://v2rayclashfree.com
[INFO] sublink try page | url=https://v2rayclashfree.com/fn/20260930.html
[OK] proxies=1235 | new=1235 | url=https://v2rayclashfree.com/sub/20260930-clash.yaml
[OK] proxies=1179 | new=477 | url=https://v2rayclashfree.com/sub/20260930-v2ray.txt
[OK] proxies=1712 | source=[V2rayclashfree-RSS] | url=https://v2rayclashfree.com/fn/20260930.html
============================================================
[INFO] toolkit try repo | url=https://github.com/MetaCubeX/meta-rules-dat
[INFO] toolkit try release | url=https://github.com/MetaCubeX/meta-rules-dat/releases
[INFO] toolkit try release | url=https://github.com/MetaCubeX/meta-rules-dat/releases/expanded_assets/latest
[INFO] toolkit try download | url=https://github.com/MetaCubeX/meta-rules-dat/releases/download/latest/country.mmdb
[OK] toolkit downloaded | file=country.mmdb | size=7.3mb | time=4.4s
[INFO] toolkit try repo | url=https://github.com/mledoze/countries
[INFO] toolkit try release | url=https://github.com/mledoze/countries/releases
[INFO] toolkit try release | url=https://github.com/mledoze/countries/releases/expanded_assets/v1.8.0
[INFO] toolkit try download | url=https://github.com/mledoze/countries/archive/refs/tags/v1.8.0.zip
[OK] toolkit downloaded | file=countries-1.8.0.zip | size=4.8mb | time=17.6s
[OK] toolkit extracted | archive=countries-1.8.0.zip | tool=zipfile | files=528 | dirs=8
[OK] toolkit found | file=countries.json | from=countries-1.8.0.zip
[OK] geo score ready | files=country.mmdb, countries.json | centroids=247
============================================================
[INFO] toolkit try repo | url=https://github.com/MetaCubeX/mihomo
[INFO] toolkit try release | url=https://github.com/MetaCubeX/mihomo/releases
[INFO] toolkit try release | url=https://github.com/MetaCubeX/mihomo/releases/expanded_assets/v1.19.31
[INFO] toolkit try download | url=https://github.com/MetaCubeX/mihomo/releases/download/v1.19.31/mihomo-linux-amd64-compatible-v1.19.31.gz
[OK] toolkit downloaded | file=mihomo-linux-amd64-compatible-v1.19.31.gz | size=21.8mb | time=10.1s
[OK] toolkit hash verified | file=mihomo-linux-amd64-compatible-v1.19.31.gz | sha256=04cf9f09671704f839ddbee2e93069dc831a4123a75281e725d1d96ab9ac1afc
[OK] proxy engine ready, starting latency test | package=mihomo-linux-amd64-compatible-v1.19.31.gz
============================================================
[WARN] batch start failed | size=17594 {1} | split=4399 {2} + 4399 {3} + 4399 {4} + 4397 {5}
[WARN] batch start failed | size=4397 {5} | split=1100 {6} + 1100 {7} + 1100 {8} + 1097 {9}
[WARN] batch start failed | size=4399 {4} | split=1100 {10} + 1100 {11} + 1100 {12} + 1099 {13}
[TEST] {6} tested=100/1100 | kept=2 | rest=17494
[TEST] {6} tested=200/1100 | kept=4 | rest=17394
[TEST] {6} tested=300/1100 | kept=5 | rest=17294
[TEST] {7} tested=100/1100 | kept=2 | rest=17150
[TEST] {7} tested=200/1100 | kept=5 | rest=17050
[TEST] {3} tested=100/4399 | kept=0 | rest=16887
[TEST] {3} tested=200/4399 | kept=0 | rest=16787
[TEST] {2} tested=100/4399 | kept=12 | rest=16670
[TEST] {2} tested=200/4399 | kept=22 | rest=16570
[TEST] {2} tested=300/4399 | kept=31 | rest=16470
[TEST] {6} tested=400/1100 | kept=5 | rest=16342
[TEST] {6} tested=500/1100 | kept=7 | rest=16200
[TEST] {2} tested=400/4399 | kept=51 | rest=16114
[TEST] {3} tested=300/4399 | kept=0 | rest=16054
[TEST] {6} tested=600/1100 | kept=7 | rest=15887
[TEST] {2} tested=500/4399 | kept=52 | rest=15869
[TEST] {7} tested=300/1100 | kept=6 | rest=15856
[TEST] {2} tested=600/4399 | kept=59 | rest=15587
[TEST] {7} tested=400/1100 | kept=6 | rest=15585
[TEST] {6} tested=700/1100 | kept=7 | rest=15415
[TEST] {7} tested=500/1100 | kept=7 | rest=15322
[TEST] {2} tested=700/4399 | kept=109 | rest=15214
[TEST] {6} tested=800/1100 | kept=9 | rest=15184
[TEST] {3} tested=400/4399 | kept=0 | rest=15010
[TEST] {6} tested=900/1100 | kept=9 | rest=14995
[TEST] {7} tested=600/1100 | kept=10 | rest=14922
[TEST] {7} tested=700/1100 | kept=17 | rest=14723
[TEST] {6} tested=1000/1100 | kept=11 | rest=14608
[TEST] {2} tested=800/4399 | kept=116 | rest=14514
[TEST] {7} tested=800/1100 | kept=17 | rest=14483
[TEST] {3} tested=500/4399 | kept=0 | rest=14292
[TEST] {7} tested=900/1100 | kept=23 | rest=14193
[TEST] {7} tested=1000/1100 | kept=25 | rest=14063
[TEST] {6} tested=1100/1100 | kept=13 | rest=13957
[TEST] {2} tested=900/4399 | kept=146 | rest=13947
[TEST] {8} tested=100/1100 | kept=2 | rest=13778
[TEST] {3} tested=600/4399 | kept=0 | rest=13741
[TEST] {8} tested=200/1100 | kept=24 | rest=13658
[TEST] {8} tested=300/1100 | kept=73 | rest=13552
[TEST] {8} tested=400/1100 | kept=118 | rest=13445
[TEST] {8} tested=500/1100 | kept=152 | rest=13338
[TEST] {8} tested=600/1100 | kept=171 | rest=13227
[TEST] {8} tested=700/1100 | kept=179 | rest=13122
[TEST] {8} tested=800/1100 | kept=184 | rest=13021
[TEST] {8} tested=900/1100 | kept=185 | rest=12912
[TEST] {8} tested=1000/1100 | kept=188 | rest=12790
[TEST] {7} tested=1100/1100 | kept=37 | rest=12683
[WARN] batch start failed | size=1097 {9} | split=275 {14} + 275 {15} + 275 {16} + 272 {17}
[TEST] {2} tested=1000/4399 | kept=146 | rest=12637
[TEST] {3} tested=700/4399 | kept=0 | rest=12633
[WARN] batch start failed | size=1100 {10} | split=275 {18} + 275 {19} + 275 {20} + 275 {21}
[WARN] batch start failed | size=1100 {11} | split=275 {22} + 275 {23} + 275 {24} + 275 {25}
[WARN] batch start failed | size=1100 {12} | split=275 {26} + 275 {27} + 275 {28} + 275 {29}
[TEST] {2} tested=1100/4399 | kept=147 | rest=12472
[TEST] {13} tested=100/1099 | kept=0 | rest=12350
[TEST] {8} tested=1100/1100 | kept=224 | rest=12266
[TEST] {13} tested=200/1099 | kept=1 | rest=12184
[TEST] {15} tested=100/275 | kept=22 | rest=12067
[TEST] {3} tested=800/4399 | kept=0 | rest=11976
[TEST] {15} tested=200/275 | kept=69 | rest=11954
[TEST] {2} tested=1200/4399 | kept=147 | rest=11770
[TEST] {13} tested=300/1099 | kept=2 | rest=11693
[TEST] {13} tested=400/1099 | kept=2 | rest=11535
[TEST] {3} tested=900/4399 | kept=0 | rest=11499
[TEST] {13} tested=500/1099 | kept=3 | rest=11365
[TEST] {15} tested=275/275 | kept=96 | rest=11307
[WARN] batch start failed | size=275 {16} | split=69 {30} + 69 {31} + 69 {32} + 68 {33}
[TEST] {14} tested=100/275 | kept=1 | rest=11108
[TEST] {14} tested=200/275 | kept=15 | rest=11004
[TEST] {2} tested=1300/4399 | kept=176 | rest=10924
[TEST] {13} tested=600/1099 | kept=5 | rest=10908
[TEST] {2} tested=1400/4399 | kept=185 | rest=10789
[TEST] {13} tested=700/1099 | kept=8 | rest=10634
[TEST] {3} tested=1000/4399 | kept=0 | rest=10574
[TEST] {13} tested=800/1099 | kept=9 | rest=10478
[TEST] {13} tested=900/1099 | kept=9 | rest=10343
[TEST] {14} tested=275/275 | kept=42 | rest=10285
[TEST] {2} tested=1500/4399 | kept=185 | rest=10214
[TEST] {17} tested=100/272 | kept=79 | rest=10056
[TEST] {17} tested=200/272 | kept=166 | rest=9880
[TEST] {2} tested=1600/4399 | kept=185 | rest=9857
[TEST] {2} tested=1700/4399 | kept=185 | rest=9715
[TEST] {13} tested=1000/1099 | kept=13 | rest=9714
[TEST] {3} tested=1100/4399 | kept=0 | rest=9668
[TEST] {2} tested=1800/4399 | kept=185 | rest=9414
[TEST] {17} tested=272/272 | kept=202 | rest=9337
[TEST] {3} tested=1200/4399 | kept=0 | rest=9315
[TEST] {18} tested=100/275 | kept=0 | rest=9202
[TEST] {18} tested=200/275 | kept=0 | rest=9089
[TEST] {2} tested=1900/4399 | kept=186 | rest=9052
[TEST] {13} tested=1099/1099 | kept=13 | rest=9042
[TEST] {19} tested=100/275 | kept=0 | rest=8874
[TEST] {3} tested=1300/4399 | kept=0 | rest=8679
[TEST] {2} tested=2000/4399 | kept=186 | rest=8670
[TEST] {18} tested=275/275 | kept=0 | rest=8538
[TEST] {20} tested=100/275 | kept=0 | rest=8419
[TEST] {19} tested=200/275 | kept=0 | rest=8311
[TEST] {2} tested=2100/4399 | kept=186 | rest=8299
[TEST] {20} tested=200/275 | kept=12 | rest=8167
[TEST] {19} tested=275/275 | kept=0 | rest=8162
[WARN] batch start failed | size=275 {21} | split=69 {34} + 69 {35} + 69 {36} + 68 {37}
[TEST] {3} tested=1400/4399 | kept=0 | rest=8101
[WARN] batch start failed | size=275 {22} | split=69 {38} + 69 {39} + 69 {40} + 68 {41}
[WARN] batch start failed | size=275 {23} | split=69 {42} + 69 {43} + 69 {44} + 68 {45}
[TEST] {24} tested=100/275 | kept=43 | rest=7944
[TEST] {24} tested=200/275 | kept=66 | rest=7830
[TEST] {2} tested=2200/4399 | kept=186 | rest=7678
[TEST] {3} tested=1500/4399 | kept=0 | rest=7673
[TEST] {2} tested=2300/4399 | kept=186 | rest=7452
[TEST] {20} tested=275/275 | kept=17 | rest=7447
[WARN] batch start failed | size=275 {25} | split=69 {46} + 69 {47} + 69 {48} + 68 {49}
[TEST] {2} tested=2400/4399 | kept=187 | rest=7315
[TEST] {3} tested=1600/4399 | kept=0 | rest=7274
[TEST] {26} tested=100/275 | kept=0 | rest=7115
[TEST] {26} tested=200/275 | kept=0 | rest=6978
[TEST] {3} tested=1700/4399 | kept=0 | rest=6847
[TEST] {2} tested=2500/4399 | kept=189 | rest=6803
[TEST] {24} tested=275/275 | kept=99 | rest=6777
[TEST] {27} tested=100/275 | kept=2 | rest=6637
[TEST] {3} tested=1800/4399 | kept=0 | rest=6565
[TEST] {2} tested=2600/4399 | kept=190 | rest=6472
[TEST] {3} tested=1900/4399 | kept=0 | rest=6377
[TEST] {3} tested=2000/4399 | kept=0 | rest=6272
[TEST] {26} tested=275/275 | kept=2 | rest=6223
[TEST] {2} tested=2700/4399 | kept=191 | rest=6028
[TEST] {27} tested=200/275 | kept=5 | rest=5931
[TEST] {3} tested=2100/4399 | kept=0 | rest=5779
[TEST] {2} tested=2800/4399 | kept=191 | rest=5762
[TEST] {3} tested=2200/4399 | kept=1 | rest=5589
[TEST] {28} tested=100/275 | kept=3 | rest=5563
[TEST] {28} tested=200/275 | kept=3 | rest=5422
[TEST] {2} tested=2900/4399 | kept=191 | rest=5366
[TEST] {27} tested=275/275 | kept=6 | rest=5305
[WARN] batch start failed | size=275 {29} | split=69 {50} + 69 {51} + 69 {52} + 68 {53}
[TEST] {3} tested=2300/4399 | kept=12 | rest=5244
[TEST] {2} tested=3000/4399 | kept=191 | rest=5111
[TEST] {28} tested=275/275 | kept=17 | rest=4957
[TEST] {2} tested=3100/4399 | kept=191 | rest=4923
[TEST] {3} tested=2400/4399 | kept=12 | rest=4834
[TEST] {30} tested=69/69 | kept=12 | rest=4786
[TEST] {2} tested=3200/4399 | kept=191 | rest=4702
[TEST] {2} tested=3300/4399 | kept=191 | rest=4563
[TEST] {2} tested=3400/4399 | kept=191 | rest=4451
[TEST] {3} tested=2500/4399 | kept=12 | rest=4366
[TEST] {32} tested=69/69 | kept=22 | rest=4253
[WARN] batch start failed | size=69 {31} | split=18 {54} + 18 {55} + 18 {56} + 15 {57}
[TEST] {3} tested=2600/4399 | kept=13 | rest=4124
[TEST] {2} tested=3500/4399 | kept=191 | rest=4078
[TEST] {33} tested=68/68 | kept=21 | rest=4067
[WARN] batch start failed | size=69 {36} | split=18 {58} + 18 {59} + 18 {60} + 15 {61}
[TEST] {3} tested=2700/4399 | kept=13 | rest=3902
[TEST] {3} tested=2800/4399 | kept=13 | rest=3761
[TEST] {34} tested=69/69 | kept=7 | rest=3748
[WARN] batch start failed | size=68 {37} | split=17 {62} + 17 {63} + 17 {64} + 17 {65}
[WARN] batch start failed | size=69 {38} | split=18 {66} + 18 {67} + 18 {68} + 15 {69}
[TEST] {2} tested=3600/4399 | kept=191 | rest=3661
[TEST] {35} tested=69/69 | kept=3 | rest=3567
[TEST] {3} tested=2900/4399 | kept=13 | rest=3396
[TEST] {2} tested=3700/4399 | kept=191 | rest=3352
[TEST] {3} tested=3000/4399 | kept=13 | rest=3244
[TEST] {39} tested=69/69 | kept=59 | rest=3179
[TEST] {40} tested=69/69 | kept=55 | rest=3044
[TEST] {2} tested=3800/4399 | kept=193 | rest=3036
[TEST] {3} tested=3100/4399 | kept=13 | rest=2888
[TEST] {2} tested=3900/4399 | kept=260 | rest=2806
[TEST] {3} tested=3200/4399 | kept=13 | rest=2663
[TEST] {41} tested=68/68 | kept=62 | rest=2627
[TEST] {2} tested=4000/4399 | kept=283 | rest=2621
[TEST] {42} tested=69/69 | kept=58 | rest=2459
[TEST] {2} tested=4100/4399 | kept=334 | rest=2316
[TEST] {3} tested=3300/4399 | kept=14 | rest=2299
[TEST] {43} tested=69/69 | kept=44 | rest=2162
[WARN] batch start failed | size=68 {45} | split=17 {70} + 17 {71} + 17 {72} + 17 {73}
[TEST] {2} tested=4200/4399 | kept=339 | rest=2102
[TEST] {44} tested=69/69 | kept=23 | rest=2030
[TEST] {46} tested=69/69 | kept=7 | rest=1979
[TEST] {3} tested=3400/4399 | kept=15 | rest=1870
[TEST] {2} tested=4300/4399 | kept=340 | rest=1750
[TEST] {3} tested=3500/4399 | kept=15 | rest=1686
[TEST] {47} tested=69/69 | kept=2 | rest=1607
[WARN] batch start failed | size=68 {49} | split=17 {74} + 17 {75} + 17 {76} + 17 {77}
[TEST] {48} tested=69/69 | kept=4 | rest=1564
[TEST] {3} tested=3600/4399 | kept=17 | rest=1543
[TEST] {3} tested=3700/4399 | kept=17 | rest=1346
[TEST] {2} tested=4399/4399 | kept=340 | rest=1297
[WARN] batch start failed | size=69 {52} | split=18 {78} + 18 {79} + 18 {80} + 15 {81}
[TEST] {3} tested=3800/4399 | kept=17 | rest=1192
[TEST] {3} tested=3900/4399 | kept=17 | rest=1084
[TEST] {50} tested=69/69 | kept=26 | rest=1042
[TEST] {51} tested=69/69 | kept=0 | rest=990
[WARN] batch start failed | size=18 {56} | split=5 {82} + 5 {83} + 5 {84} + 3 {85}
[TEST] {3} tested=4000/4399 | kept=17 | rest=877
[TEST] {55} tested=18/18 | kept=4 | rest=845
[TEST] {53} tested=68/68 | kept=2 | rest=802
[TEST] {3} tested=4100/4399 | kept=17 | rest=733
[TEST] {3} tested=4200/4399 | kept=17 | rest=632
[TEST] {54} tested=18/18 | kept=1 | rest=615
[TEST] {3} tested=4300/4399 | kept=17 | rest=517
[TEST] {57} tested=15/15 | kept=1 | rest=473
[WARN] batch start failed | size=18 {60} | split=5 {86} + 5 {87} + 5 {88} + 3 {89}
[TEST] {58} tested=18/18 | kept=4 | rest=464
[TEST] {59} tested=18/18 | kept=4 | rest=390
[TEST] {3} tested=4399/4399 | kept=17 | rest=372
[TEST] {61} tested=15/15 | kept=6 | rest=350
[WARN] batch start failed | size=17 {65} | split=5 {90} + 5 {91} + 5 {92} + 2 {93}
[TEST] {62} tested=17/17 | kept=0 | rest=335
[WARN] batch start failed | size=18 {66} | split=5 {94} + 5 {95} + 5 {96} + 3 {97}
[WARN] batch start failed | size=15 {69} | split=4 {98} + 4 {99} + 4 {100} + 3 {101}
[WARN] batch start failed | size=18 {67} | split=5 {102} + 5 {103} + 5 {104} + 3 {105}
[WARN] batch start failed | size=17 {70} | split=5 {106} + 5 {107} + 5 {108} + 2 {109}
[TEST] {63} tested=17/17 | kept=5 | rest=308
[TEST] {64} tested=17/17 | kept=1 | rest=304
[TEST] {72} tested=17/17 | kept=16 | rest=274
[TEST] {68} tested=18/18 | kept=0 | rest=271
[TEST] {71} tested=17/17 | kept=5 | rest=253
[TEST] {73} tested=17/17 | kept=14 | rest=231
[WARN] batch start failed | size=17 {77} | split=5 {110} + 5 {111} + 5 {112} + 2 {113}
[TEST] {74} tested=17/17 | kept=1 | rest=218
[TEST] {75} tested=17/17 | kept=0 | rest=206
[TEST] {76} tested=17/17 | kept=1 | rest=198
[WARN] batch start failed | size=15 {81} | split=4 {114} + 4 {115} + 4 {116} + 3 {117}
[TEST] {79} tested=18/18 | kept=0 | rest=176
[TEST] {80} tested=18/18 | kept=0 | rest=160
[TEST] {78} tested=18/18 | kept=0 | rest=146
[WARN] batch start failed | size=5 {84} | split=1 {118} + 1 {119} + 1 {120} + 1 {121} + 1 {122}
[WARN] batch start failed | size=5 {86} | split=1 {123} + 1 {124} + 1 {125} + 1 {126} + 1 {127}
[TEST] {82} tested=5/5 | kept=2 | rest=145
[TEST] {83} tested=5/5 | kept=1 | rest=136
[TEST] {89} tested=3/3 | kept=0 | rest=133
[WARN] batch start failed | size=5 {90} | split=1 {128} + 1 {129} + 1 {130} + 1 {131} + 1 {132}
[WARN] batch start failed | size=5 {91} | split=1 {133} + 1 {134} + 1 {135} + 1 {136} + 1 {137}
[TEST] {85} tested=3/3 | kept=0 | rest=130
[TEST] {87} tested=5/5 | kept=0 | rest=129
[TEST] {88} tested=5/5 | kept=3 | rest=127
[TEST] {92} tested=5/5 | kept=0 | rest=120
[TEST] {93} tested=2/2 | kept=0 | rest=118
[WARN] batch start failed | size=3 {97} | split=1 {138} + 1 {139} + 1 {140}
[TEST] {94} tested=5/5 | kept=0 | rest=114
[WARN] batch start failed | size=4 {100} | split=1 {141} + 1 {142} + 1 {143} + 1 {144}
[TEST] {95} tested=5/5 | kept=0 | rest=107
[TEST] {98} tested=4/4 | kept=0 | rest=106
[WARN] batch start failed | size=4 {99} | split=1 {145} + 1 {146} + 1 {147} + 1 {148}
[WARN] batch start failed | size=5 {102} | split=1 {149} + 1 {150} + 1 {151} + 1 {152} + 1 {153}
[TEST] {104} tested=5/5 | kept=0 | rest=98
[TEST] {96} tested=5/5 | kept=0 | rest=93
[TEST] {101} tested=3/3 | kept=2 | rest=89
[WARN] batch start failed | size=5 {106} | split=1 {154} + 1 {155} + 1 {156} + 1 {157} + 1 {158}
[TEST] {103} tested=5/5 | kept=0 | rest=85
[TEST] {105} tested=3/3 | kept=0 | rest=78
[TEST] {109} tested=2/2 | kept=2 | rest=76
[TEST] {107} tested=5/5 | kept=4 | rest=69
[TEST] {108} tested=5/5 | kept=3 | rest=68
[WARN] batch start failed | size=5 {111} | split=1 {159} + 1 {160} + 1 {161} + 1 {162} + 1 {163}
[WARN] batch start failed | size=4 {114} | split=1 {164} + 1 {165} + 1 {166} + 1 {167}
[TEST] {112} tested=5/5 | kept=0 | rest=65
[TEST] {110} tested=5/5 | kept=2 | rest=62
[TEST] {113} tested=2/2 | kept=0 | rest=57
[TEST] {115} tested=4/4 | kept=0 | rest=53
[TEST] {116} tested=4/4 | kept=0 | rest=52
[REPAIR] name=[Free-clash-v2ray] hysteria {119} | fields=up,down
[TEST] {119} tested=1/1 | kept=0 | rest=51
[TEST] {117} tested=3/3 | kept=0 | rest=49
[TEST] {122} tested=1/1 | kept=1 | rest=48
[TEST] {118} tested=1/1 | kept=0 | rest=47
[TEST] {121} tested=1/1 | kept=0 | rest=46
[TEST] {120} tested=1/1 | kept=0 | rest=45
[REPAIR] name=[免费节点11] 🇩🇪 德国 04 {126} | fields=up,down
[TEST] {125} tested=1/1 | kept=1 | rest=44
[TEST] {126} tested=1/1 | kept=0 | rest=43
[TEST] {128} tested=1/1 | kept=0 | rest=42
[TEST] {124} tested=1/1 | kept=0 | rest=41
[REPAIR] name=[ChromeGO-ShiteThings] hysteria {131} | fields=up,down
[TEST] {131} tested=1/1 | kept=0 | rest=40
[TEST] {130} tested=1/1 | kept=0 | rest=39
[REPAIR] name=[ChromeGO-ShiteThings] hysteria-2 {132} | fields=up,down
[REPAIR] name=[ChromeGO-ShiteThings] hysteria-3 {133} | fields=up,down
[TEST] {132} tested=1/1 | kept=0 | rest=38
[REPAIR] name=[ChromeGO-ShiteThings] hysteria-4 {134} | fields=up,down
[TEST] {133} tested=1/1 | kept=0 | rest=37
[TEST] {123} tested=1/1 | kept=0 | rest=36
[REPAIR] name=[ChromeGO-Merge] WARP {135} | fields=dialer-proxy
[TEST] {135} tested=1/1 | kept=1 | rest=35
[TEST] {137} tested=1/1 | kept=0 | rest=34
[TEST] {127} tested=1/1 | kept=0 | rest=33
[TEST] {129} tested=1/1 | kept=0 | rest=32
[REPAIR] name=[ChromeGO-Merge] United {140} | fields=up,down
[REPAIR] name=[ChromeGO-Merge] Taiwan-2 {141} | fields=up,down
[REPAIR] name=[ChromeGO-Merge] United-5 {142} | fields=up,down
[TEST] {141} tested=1/1 | kept=0 | rest=31
[TEST] {144} tested=1/1 | kept=1 | rest=30
[TEST] {143} tested=1/1 | kept=1 | rest=29
[TEST] {145} tested=1/1 | kept=0 | rest=28
[REPAIR] name=[ChromeGO-Merge] Taiwan {146} | fields=up,down
[REPAIR] name=[ChromeGO-Merge] France {147} | fields=up,down
[TEST] {146} tested=1/1 | kept=0 | rest=27
[REPAIR] name=[ChromeGO-Merge] United-4 {148} | fields=up,down
[REPAIR] name=[ChromeGO-Merge] France_hysteria_1 {149} | fields=up,down
[TEST] {136} tested=1/1 | kept=0 | rest=26
[TEST] {134} tested=1/1 | kept=0 | rest=25
[TEST] {152} tested=1/1 | kept=0 | rest=24
[TEST] {151} tested=1/1 | kept=0 | rest=23
[TEST] {138} tested=1/1 | kept=0 | rest=22
[REPAIR] name=[ChromeGO-Merge] United-2 {150} | fields=up,down
[TEST] {154} tested=1/1 | kept=1 | rest=21
[TEST] {153} tested=1/1 | kept=0 | rest=20
[DROP] name=[Pawdroid-SR-APK] 沙特阿拉伯+Arabic+Computer+System+Co.-2 {158} | server=85.209.157.184:8388 | reason=Parse config error: proxy 0: ss 85.209.157.184:8388 cipher: mnv{v]ʉ \t>\x0f\x18\t,y initialize error: unknown method: mnv{v]ʉ \t>\x0f\x18\t,y
[TEST] {139} tested=1/1 | kept=0 | rest=18
[TEST] {156} tested=1/1 | kept=0 | rest=17
[REPAIR] name=[Pawdroid-SS-APK] United+Kingdom-4 {159} | fields=cipher
[TEST] {160} tested=1/1 | kept=0 | rest=16
[TEST] {140} tested=1/1 | kept=0 | rest=15
[TEST] {142} tested=1/1 | kept=0 | rest=14
[TEST] {147} tested=1/1 | kept=0 | rest=13
[TEST] {155} tested=1/1 | kept=0 | rest=12
[TEST] {148} tested=1/1 | kept=0 | rest=11
[TEST] {149} tested=1/1 | kept=0 | rest=10
[TEST] {159} tested=1/1 | kept=1 | rest=9
[TEST] {150} tested=1/1 | kept=0 | rest=8
[TEST] {157} tested=1/1 | kept=0 | rest=7
[TEST] {161} tested=1/1 | kept=0 | rest=6
[TEST] {163} tested=1/1 | kept=0 | rest=5
[REPAIR] name=[Epodonios] EPODONIOS-103 {165} | fields=cipher
[REPAIR] name=[Epodonios] EPODONIOS-104 {166} | fields=cipher
[TEST] {166} tested=1/1 | kept=1 | rest=4
[TEST] {162} tested=1/1 | kept=0 | rest=3
[TEST] {164} tested=1/1 | kept=0 | rest=2
[TEST] {165} tested=1/1 | kept=0 | rest=1
[TEST] {167} tested=1/1 | kept=0 | rest=0
[INFO] dropped=1 | [Pawdroid-SR-APK] × 1
============================================================
[INFO] cap live | source=[免费节点2] | from=70 | to=50
[INFO] cap live | source=[免费节点8] | from=153 | to=50
[INFO] cap live | source=[Pawdroid-SR-APK] | from=460 | to=50
[INFO] cap live | source=[Epodonios] | from=54 | to=50
[INFO] cap live | source=[Free-clash-v2ray] | from=418 | to=50
[INFO] cap live | source=[V2rayclashfree-RSS] | from=223 | to=50
[INFO] cap live total | from=544 | to=400 | floor=5 | by=health_score
[INFO] cap live | reserved=108 | pool=436 | taken=292
[INFO] cap live | source=[Mibei77-RSS] | from=11 | to=7
[INFO] cap live | source=[NekoWarp] | from=10 | to=8
[INFO] cap live | source=[Yoyapai-RSS] | from=6 | to=5
[INFO] cap live | source=[免费节点1] | from=20 | to=7
[INFO] cap live | source=[免费节点2] | from=50 | to=26
[INFO] cap live | source=[免费节点3] | from=15 | to=8
[INFO] cap live | source=[免费节点4] | from=39 | to=32
[INFO] cap live | source=[免费节点10] | from=17 | to=10
[INFO] cap live | source=[免费节点11] | from=45 | to=31
[INFO] cap live | source=[Pawdroid-SS-APK] | from=22 | to=8
[INFO] cap live | source=[1VPN-CRX] | from=14 | to=6
[INFO] cap live | source=[Clashfree] | from=22 | to=8
[INFO] cap live | source=[Epodonios] | from=50 | to=21
[INFO] geo tally | live=400 | HK=28 | JP=54 | KR=42 | TW=9 | SG=27 | US=90 | GB=37 | FR=15 | DE=11 | NL=10 | CA=14 | other=63
[INFO] score summary | n=400 | max=416.7693 | p90=107.5541 | p50=45.3639 | avg=56.9140 | min=-0.1503 | geo_avg=25.7552 | adj_avg=+2.8607
============================================================
+------------------------------+--------+--------+------+--------+
| source                       |    raw | unique | live | capped |
+------------------------------+--------+--------+------+--------+
| [大FQ运动]                   |     18 |     18 |    5 |      5 |
+------------------------------+--------+--------+------+--------+
| [Pawdroid]                   |     22 |     21 |    1 |      1 |
+------------------------------+--------+--------+------+--------+
| [FreeV2-Base64]              |      3 |      3 |    2 |      2 |
+------------------------------+--------+--------+------+--------+
| [Bocchi2b-Base64]            |     35 |     35 |    0 |      0 |
+------------------------------+--------+--------+------+--------+
| [Freesocks]                  |      4 |      4 |    3 |      3 |
+------------------------------+--------+--------+------+--------+
| [NekoWarp]                   |     10 |     10 |   10 |      8 |
+------------------------------+--------+--------+------+--------+
| [OpenRunner-RSS]             |     14 |     14 |    1 |      1 |
+------------------------------+--------+--------+------+--------+
| [V2Rayshare-RSS]             |     22 |     22 |    2 |      2 |
+------------------------------+--------+--------+------+--------+
| [Mibei77-RSS]                |    116 |     99 |   11 |      7 |
+------------------------------+--------+--------+------+--------+
| [Yoyapai-RSS]                |    232 |    202 |    6 |      5 |
+------------------------------+--------+--------+------+--------+
| [免费节点1]                  |    325 |    223 |   20 |      7 |
+------------------------------+--------+--------+------+--------+
| [免费节点2]                  |    300 |    272 |   70 |     26 |
+------------------------------+--------+--------+------+--------+
| [免费节点3]                  |     29 |     18 |   15 |      8 |
+------------------------------+--------+--------+------+--------+
| [免费节点4]                  |    839 |    715 |   39 |     32 |
+------------------------------+--------+--------+------+--------+
| [免费节点5]                  |     29 |     28 |    0 |      0 |
+------------------------------+--------+--------+------+--------+
| [免费节点6]                  |    566 |    553 |    1 |      1 |
+------------------------------+--------+--------+------+--------+
| [免费节点7]                  |     64 |     26 |    1 |      1 |
+------------------------------+--------+--------+------+--------+
| [免费节点8]                  |   4240 |   3784 |  153 |     50 |
+------------------------------+--------+--------+------+--------+
| [免费节点9]                  |    615 |    453 |    0 |      0 |
+------------------------------+--------+--------+------+--------+
| [免费节点10]                 |   4390 |   3078 |   17 |     10 |
+------------------------------+--------+--------+------+--------+
| [免费节点11]                 |    436 |    266 |   45 |     31 |
+------------------------------+--------+--------+------+--------+
| [ChromeGO-Toolkit]           |     20 |     20 |    5 |      5 |
+------------------------------+--------+--------+------+--------+
| [ChromeGO-ShiteThings]       |     31 |     24 |    1 |      1 |
+------------------------------+--------+--------+------+--------+
| [ChromeGO-Merge]             |    111 |     74 |    1 |      1 |
+------------------------------+--------+--------+------+--------+
| [Pawdroid-SR-APK]            |   1251 |    914 |  460 |     50 |
+------------------------------+--------+--------+------+--------+
| [Pawdroid-SS-APK]            |   1491 |    935 |   22 |      8 |
+------------------------------+--------+--------+------+--------+
| [1VPN-CRX]                   |     17 |     17 |   14 |      6 |
+------------------------------+--------+--------+------+--------+
| [Clashfree]                  |    226 |     86 |   22 |      8 |
+------------------------------+--------+--------+------+--------+
| [Epodonios]                  |   4244 |   3363 |   54 |     21 |
+------------------------------+--------+--------+------+--------+
| [Free-clash-v2ray]           |   3521 |   2017 |  418 |     50 |
+------------------------------+--------+--------+------+--------+
| [V2rayclashfree-RSS]         |   1712 |    300 |  223 |     50 |
+------------------------------+--------+--------+------+--------+
============================================================
[INFO] clash history written | path=/home/runner/work/Free-node-autotest/Free-node-autotest/history/797390707895-clash-2104-20260929.yaml
[SUMMARY] total_nodes=24933
[SUMMARY] legal_candidates=17594
[SUMMARY] passed_latency_test=400
[SUMMARY] region_HK=28 | region_JP=55 | region_US=102
[SUMMARY] avg_latency_ms=476.14
[SUMMARY] output=/home/runner/work/Free-node-autotest/Free-node-autotest/output/clash.yaml
============================================================
[INFO] raw backup written | path=/home/runner/work/Free-node-autotest/Free-node-autotest/output/raw.yaml | history=797390707895-raw-2104-20260929.yaml | proxies=24935
[INFO] debug history written | path=/home/runner/work/Free-node-autotest/Free-node-autotest/history/797390707895-debug-2104-20260929.log | proxies=24935
