============================================================
[INFO] sublink try page: https://end-gfw.com/
[OK] proxies=2 new=2 url=https://raw.githubusercontent.com/hello-world-1989/cn-news/refs/heads/main/clash.yaml
[OK] proxies=2 new=0 url=https://raw.githubusercontent.com/hello-world-1989/cn-news/main/end-gfw-together
[OK] proxies=2 new=2 url=https://raw.githubusercontent.com/hello-world-1989/cn-news/main/end-gfw-together-ss
[OK] proxies=4 source=[大FQ运动] url=https://end-gfw.com/
============================================================
[INFO] source try url: https://end-gfw.com/ss-key
[OK] proxies=4 new=4 url=https://end-gfw.com/ss-key
[OK] proxies=4 source=[大FQ运动-SS密钥] url=https://end-gfw.com/ss-key
============================================================
[INFO] sublink try page: https://github.com/hello-world-1989/cn-news/raw/refs/heads/main/README.md
[OK] proxies=2 new=2 url=https://raw.githubusercontent.com/hello-world-1989/cn-news/refs/heads/main/clash.yaml
[OK] proxies=2 new=0 url=https://raw.githubusercontent.com/hello-world-1989/cn-news/main/end-gfw-together
[OK] proxies=6 new=6 url=https://raw.githubusercontent.com/hello-world-1989/v2-sub/main/end-gfw-together-af3e13
[OK] proxies=8 source=[大FQ运动-补充] url=https://github.com/hello-world-1989/cn-news/raw/refs/heads/main/README.md
============================================================
[INFO] toolkit try release: https://github.com/bannedbook/fanqiang/releases
[INFO] toolkit try page: https://github.com/bannedbook/fanqiang/releases/expanded_assets/ChromeGo-latest
[INFO] toolkit try download: https://github.com/bannedbook/fanqiang/releases/download/ChromeGo-latest/ChromeGo.7z
[OK] toolkit downloaded: ChromeGo.7z bytes=100924352
[OK] toolkit extracted archive=ChromeGo.7z tool=7z files=222 dirs=45
[OK] toolkit embedded proxies=12 archive=ChromeGo.7z
[OK] toolkit discovered subs=107 archive=ChromeGo.7z
[OK] proxies=6 new=6 embedded=archive-config
[OK] proxies=7 new=5 url=https://gitlab.com/free9999/ipupdate/master/backup/img/1/2/{ipp|ip}/{hysteria2|singbox|naiveproxy|hysteria|xray}/{2|3|1|4}/config.json
[OK] proxies=7 new=0 url=https://www.67867867.xyz/Alvin9999/PAC/refs/heads/master/backup/img/1/2/{ipp|ip}/{hysteria2|singbox|naiveproxy|hysteria|xray}/{2|3|1|4}/config.json
[OK] proxies=3 new=3 url=https://gitlab.com/free9999/ipupdate/master/backup/img/1/2/{ipp|ip}/clash.meta2/{2|3|1|5|4|6}/config.yaml
[OK] proxies=3 new=0 url=https://www.67867867.xyz/Alvin9999/PAC/refs/heads/master/backup/img/1/2/{ipp|ip}/clash.meta2/{2|3|1|5|4|6}/config.yaml
[OK] proxies=14 source=[ChromeGO-工具包] url=https://github.com/bannedbook/fanqiang/releases/download/ChromeGo-latest/ChromeGo.7z
============================================================
[INFO] sublink try page: https://raw.githubusercontent.com/ShiteThings/extractNodes/refs/heads/main/README.md
[OK] proxies=31 new=30 url=https://{chg26.makou.cc.cd|chg64.makou.cc.cd}
[OK] proxies=26 new=1 url=https://chg26.makou.cc.cd/sb
[OK] proxies=31 source=[ChromeGO-ShiteThings] url=https://raw.githubusercontent.com/ShiteThings/extractNodes/refs/heads/main/README.md
============================================================
[INFO] sublink try page: https://github.com/Misaka-blog/chromego_merge/raw/refs/heads/main/README.md
[OK] proxies=30 new=30 url=https://chromego-sub.netlify.app/sub/merged_proxies_new.yaml
[OK] proxies=30 source=[ChromeGO-Merge] url=https://github.com/Misaka-blog/chromego_merge/raw/refs/heads/main/README.md
============================================================
[INFO] source try url: https://freesocks.org/api/v1/sub/02b897e8e77f19176b0b9f2c75864b00
[OK] proxies=3 new=3 url=https://freesocks.org/api/v1/sub/02b897e8e77f19176b0b9f2c75864b00
[OK] proxies=3 source=[Freesocks] url=https://freesocks.org/api/v1/sub/02b897e8e77f19176b0b9f2c75864b00
============================================================
[INFO] source try url: https://neko-warp.nloli.xyz/neko_warp.yaml
[OK] proxies=10 new=10 url=https://neko-warp.nloli.xyz/neko_warp.yaml
[OK] proxies=10 source=[NekoWarp] url=https://neko-warp.nloli.xyz/neko_warp.yaml
============================================================
[INFO] article try feed: https://free.datiya.com/index.xml
[INFO] sublink try page: https://free.datiya.com/post/20260909/
[OK] proxies=14 new=14 url=https://free.datiya.com/uploads/20260909-clash.yaml
[OK] proxies=14 source=[OpenRunner-RSS] url=https://free.datiya.com/post/20260909/
============================================================
[INFO] article try feed: https://v2rayshare.com/feed
[INFO] sublink try page: https://v2rayshare.net/p/5071.html
[OK] proxies=24 new=24 url=https://static.v2rayshare.net/2026/09/20260909.txt
[OK] proxies=30 new=30 url=https://static.v2rayshare.net/2026/09/20260909.yaml
[OK] proxies=23 new=0 url=https://static.v2rayshare.net/2026/09/m20260909.yaml
[OK] proxies=54 source=[V2Rayshare-RSS] url=https://v2rayshare.net/p/5071.html
============================================================
[INFO] sublink try page: https://github.com/firefoxmmx2/v2rayshare_subcription/raw/refs/heads/main/README.md
[OK] proxies=24 new=24 url=https://{raw.githubusercontent.com|cdn.jsdelivr.net}/firefoxmmx2/v2rayshare_subcription/main/subscription/vray_sub.txt
[OK] proxies=30 new=30 url=https://{raw.githubusercontent.com|cdn.jsdelivr.net}/firefoxmmx2/v2rayshare_subcription/main/subscription/clash_sub.yaml
[OK] proxies=23 new=0 url=https://{raw.githubusercontent.com|cdn.jsdelivr.net}/firefoxmmx2/v2rayshare_subcription/main/subscription/mihomo_sub.yaml
[OK] proxies=54 source=[V2Rayshare-SUB] url=https://github.com/firefoxmmx2/v2rayshare_subcription/raw/refs/heads/main/README.md
============================================================
[INFO] article try feed: https://www.mibei77.com/feed
[INFO] sublink try page: https://www.mibei77.com/658.html
[OK] proxies=122 new=122 url=https://mm.mibei77.com/202609/09.0964bacve.txt
[OK] proxies=120 new=0 url=https://mm.mibei77.com/202609/0909Clashizx.yaml
[OK] proxies=122 source=[Mibei77-RSS] url=https://www.mibei77.com/658.html
============================================================
[INFO] article try feed: https://yoyapai.com/feed
[INFO] sublink try page: https://yoyapai.com/710
[WARN] sublink discovery failed: https://yoyapai.com/710
[INFO] sublink try page: https://yoyapai.com/708
[OK] proxies=1 new=1 url=https://yoyapai.com/708
[OK] proxies=206 new=206 url=https://freenode.yoyapai.com/2026/09/09-yoyapai.com-clash-vpn-mianfei-jiedian.yaml
[OK] proxies=206 new=0 url=https://freenode.yoyapai.com/2026/09/09-yoyapai.com-ssrv2ray-vpn-mianfei-jiedian.txt
[OK] proxies=207 source=[Yoyapai-RSS] url=https://yoyapai.com/708
============================================================
[INFO] sublink try page: https://raw.githubusercontent.com/free-clash-v2ray/free-clash-v2ray.github.io/main/README.md
[OK] proxies=2281 new=2281 url=https://free-clash-v2ray.github.io/uploads/2026/09/{0-20260906.yaml|1-20260906.yaml|2-20260906.yaml|3-20260906.yaml}
[OK] proxies=3958 new=2247 url=https://free-clash-v2ray.github.io/uploads/2026/09/{1-20260906.txt|2-20260906.txt|3-20260906.txt|4-20260906.txt}
[OK] proxies=4528 source=[Free-clash-v2ray] url=https://raw.githubusercontent.com/free-clash-v2ray/free-clash-v2ray.github.io/main/README.md
============================================================
[INFO] sublink try page: https://raw.githubusercontent.com/Pawdroid/Free-servers/refs/heads/main/README.md
[OK] proxies=20 new=20 url=https://raw.githubusercontent.com/Pawdroid/Free-servers/refs/heads/main/README.md
[OK] proxies=20 new=0 url=https://raw.githubusercontent.com/Pawdroid/Free-servers/main/sub
[OK] proxies=1 new=1 url=https://apps.apple.com/cn/app/shadowshare/id1612647259
[OK] proxies=1 new=1 url=http://www.surflare.com
[OK] proxies=22 source=[Pawdroid] url=https://raw.githubusercontent.com/Pawdroid/Free-servers/refs/heads/main/README.md
============================================================
[INFO] source try url: https://xmxosfepggzm.503403.xyz
[OK] proxies=3 new=3 url=https://xmxosfepggzm.503403.xyz
[OK] proxies=3 source=[FreeV2-Base64] url=https://xmxosfepggzm.503403.xyz
============================================================
[INFO] source try url: https://links.bocchi2b.top/clash
[OK] proxies=32 new=32 url=https://links.bocchi2b.top/clash
[OK] proxies=32 source=[Bocchi2b-Base64] url=https://links.bocchi2b.top/clash
============================================================
[INFO] sublink try page: https://raw.githubusercontent.com/free18/v2ray/refs/heads/main/README.md
[OK] proxies=3 new=3 url=https://raw.githubusercontent.com/free18/v2ray/refs/heads/main/README.md
[OK] proxies=159 new=159 url=https://ghfast.top/https://raw.githubusercontent.com/free18/v2ray/refs/heads/main/v.txt
[OK] proxies=159 new=0 url=https://ghfast.top/https://raw.githubusercontent.com/free18/v2ray/refs/heads/main/c.yaml
[OK] proxies=162 source=[免费节点1] url=https://raw.githubusercontent.com/free18/v2ray/refs/heads/main/README.md
============================================================
[INFO] sublink try page: https://github.com/ermaozi/get_subscribe/raw/refs/heads/main/README.md
[INFO] sublink file_nodes=0 bare links=9
[OK] proxies=404 new=404 url=https://www.ermao.net/sub/{clash|v2ray}/ermao.net
[OK] proxies=404 new=0 url=https://www.ermao.net/sub/{reachable|unreachable|untested}/clash/ermao.net
[OK] proxies=404 source=[免费节点2] url=https://github.com/ermaozi/get_subscribe/raw/refs/heads/main/README.md
============================================================
[INFO] sublink try page: https://raw.githubusercontent.com/sunmiao4458/free-proxy-airport/refs/heads/main/README.md
[OK] proxies=42 new=42 url=https://sunmiao4458.github.io/free-proxy-airport/clash.yaml
[OK] proxies=42 source=[免费节点3] url=https://raw.githubusercontent.com/sunmiao4458/free-proxy-airport/refs/heads/main/README.md
============================================================
[INFO] sublink try page: https://raw.githubusercontent.com/mfuu/FreeProxies/refs/heads/master/README.md
[OK] proxies=840 new=840 url=https://raw.githubusercontent.com/mfuu/FreeProxies/master/sub.yaml
[OK] proxies=840 source=[免费节点4] url=https://raw.githubusercontent.com/mfuu/FreeProxies/refs/heads/master/README.md
============================================================
[INFO] sublink try page: https://github.com/vxiaov/free_proxies/raw/refs/heads/main/README.md
[OK] proxies=1 new=1 url=https://github.com/vxiaov/free_proxies/raw/refs/heads/main/README.md
[OK] proxies=28 new=28 url=https://{cdn.jsdelivr.net|raw.githubusercontent.com}/vxiaov/free_proxies/main/clash/clash.provider.yaml
[OK] proxies=29 source=[免费节点5] url=https://github.com/vxiaov/free_proxies/raw/refs/heads/main/README.md
============================================================
[INFO] sublink try page: https://github.com/anaer/Sub/raw/refs/heads/main/README.MD
[OK] proxies=1449 new=1449 url=https://anaer.github.io/Sub/clash.yaml
[OK] proxies=1449 new=0 url=https://raw.githubusercontent.com/anaer/Sub/main/clash.yaml
[OK] proxies=1449 source=[免费节点6] url=https://github.com/anaer/Sub/raw/refs/heads/main/README.MD
============================================================
[INFO] sublink try page: https://github.com/snakem982/proxypool/raw/refs/heads/main/README.md
[OK] proxies=64 new=64 url=https://raw.githubusercontent.com/snakem982/proxypool/main/source/clash-meta-2.yaml
[OK] proxies=64 new=0 url=https://raw.githubusercontent.com/snakem982/proxypool/main/source/v2ray-2.txt
[OK] proxies=63 new=0 url=https://raw.githubusercontent.com/snakem982/proxypool/main/source/sing-box-2.json
[OK] proxies=64 source=[免费节点7] url=https://github.com/snakem982/proxypool/raw/refs/heads/main/README.md
============================================================
[INFO] sublink try page: https://raw.githubusercontent.com/mahdibland/V2RayAggregator/refs/heads/master/README.md
[OK] proxies=374 new=374 url=https://raw.githubusercontent.com/mahdibland/V2RayAggregator/refs/heads/master/README.md
[OK] proxies=1 new=1 url=https://github.com/mahdibland/SSAggregator/actions/workflows/Collector.yml
[OK] proxies=1 new=0 url=https://github.com/mahdibland/SSAggregator/actions/workflows/Airport_Collector.yml
[OK] proxies=195 new=0 url=https://raw.githubusercontent.com/mahdibland/ShadowsocksAggregator/master/Eternity.txt
[OK] proxies=196 new=47 url=https://raw.githubusercontent.com/mahdibland/ShadowsocksAggregator/master/Eternity.yml
[OK] proxies=61 new=61 url=https://raw.githubusercontent.com/mahdibland/ShadowsocksAggregator/master/EternityAir.txt
[OK] proxies=3877 new=3553 url=https://raw.githubusercontent.com/mahdibland/SSAggregator/master/sub/sub_merge_base64.txt
[OK] proxies=3877 new=0 url=https://raw.githubusercontent.com/mahdibland/{SSAggregator|ShadowsocksAggregator}/master/sub/sub_merge.txt
[OK] proxies=4013 new=138 url=https://raw.githubusercontent.com/mahdibland/SSAggregator/master/sub/sub_merge_yaml.yml
[OK] proxies=61 new=0 url=https://raw.githubusercontent.com/mahdibland/SSAggregator/master/sub/airport_merge_base64.txt
[OK] proxies=61 new=0 url=https://raw.githubusercontent.com/mahdibland/SSAggregator/master/sub/airport_sub_merge.txt
[OK] proxies=1383 new=0 url=https://raw.githubusercontent.com/mahdibland/ShadowsocksAggregator/master/sub/splitted/vmess.txt
[OK] proxies=590 new=0 url=https://raw.githubusercontent.com/mahdibland/ShadowsocksAggregator/master/sub/splitted/trojan.txt
[OK] proxies=42 new=0 url=https://raw.githubusercontent.com/mahdibland/ShadowsocksAggregator/master/sub/splitted/ssr.txt
[OK] proxies=1862 new=0 url=https://raw.githubusercontent.com/mahdibland/ShadowsocksAggregator/master/sub/splitted/ss.txt
[OK] proxies=1 new=0 url=https://cdn.jsdelivr.net/gh/mahdibland/V2RayAggregator@master/update/provider/provider-meta.yml
[OK] proxies=1 new=0 url=https://cdn.jsdelivr.net/gh/mahdibland/V2RayAggregator@master/update/provider/provider-meta-cn.yml
[OK] proxies=1 new=0 url=https://cdn.jsdelivr.net/gh/mahdibland/V2RayAggregator@master/update/provider/provider-meta-others.yml
[OK] proxies=1 new=0 url=https://cdn.jsdelivr.net/gh/mahdibland/V2RayAggregator@master/update/provider/provider.yml
[OK] proxies=1 new=0 url=https://cdn.jsdelivr.net/gh/mahdibland/V2RayAggregator@master/update/provider/provider-cn.yml
[OK] proxies=1 new=0 url=https://cdn.jsdelivr.net/gh/mahdibland/V2RayAggregator@master/update/provider/provider-others.yml
[OK] proxies=4174 source=[免费节点8] url=https://raw.githubusercontent.com/mahdibland/V2RayAggregator/refs/heads/master/README.md
============================================================
[INFO] sublink try page: https://raw.githubusercontent.com/w1770946466/Auto_proxy/refs/heads/main/README.md
[OK] proxies=1 new=1 url=https://github.com/w1770946466/Auto_proxy/actions/workflows/main.yml
[OK] proxies=245 new=245 url=https://raw.githubusercontent.com/w1770946466/Auto_proxy/main/{Long_term_subscription2.yaml|Long_term_subscription1.yaml|Long_term_subscription3.yaml}
[OK] proxies=489 new=54 url=https://raw.githubusercontent.com/w1770946466/Auto_proxy/main/{Long_term_subscription1|Long_term_subscription2|Long_term_subscription3|Long_term_subscription4|Long_term_subscription5|Long_term_subscription6|Long_term_subscription7|Long_term_subscription8}
[OK] proxies=489 new=315 url=https://raw.githubusercontent.com/w1770946466/Auto_proxy/main/Long_term_subscription_num
[OK] proxies=615 source=[免费节点9] url=https://raw.githubusercontent.com/w1770946466/Auto_proxy/refs/heads/main/README.md
============================================================
[INFO] sublink try page: https://raw.githubusercontent.com/PuddinCat/BestClash/refs/heads/main/README.md
[OK] proxies=16 new=16 url=https://raw.githubusercontent.com/PuddinCat/BestClash/main/proxies.yaml
[OK] proxies=28 new=28 url=https://cdn.jsdelivr.net/gh/vxiaov/free_proxies@main/clash/clash.provider.yaml
[OK] proxies=24 new=24 url=https://freenode.openrunner.net/uploads/20240807-clash.yaml
[OK] proxies=30 new=30 url=https://raw.githubusercontent.com/Misaka-blog/chromego_merge/main/sub/merged_proxies_new.yaml
[OK] proxies=4597 new=4568 url=https://raw.githubusercontent.com/{NiceVPN123|anaer}/{NiceVPN|Sub}/main/{Clash.yaml|clash.yaml}
[OK] proxies=35 new=2 url=https://raw.githubusercontent.com/{chengaopan|peasoft}/{AutoMergePublicNodes|NoMoreWalls}/master/list.yml
[OK] proxies=404 new=360 url=https://raw.githubusercontent.com/{ermaozi|ermaozi01}/{get_subscribe|free_clash_vpn}/main/subscribe/clash.yml
[OK] proxies=196 new=179 url=https://raw.githubusercontent.com/mahdibland/ShadowsocksAggregator/master/Eternity.yml
[OK] proxies=165 new=160 url=https://raw.githubusercontent.com/ronghuaxueleng/get_v2/main/pub/combine.yaml
[OK] proxies=144 new=3 url=https://raw.githubusercontent.com/zhangkaiitugithub/passcro/main/speednodes.yaml
[OK] proxies=5370 source=[免费节点10] url=https://raw.githubusercontent.com/PuddinCat/BestClash/refs/heads/main/README.md
============================================================
[INFO] sublink try page: https://raw.githubusercontent.com/kooker/FreeSubsCheck/main/README.md
[OK] proxies=19 new=19 url=https://raw.githubusercontent.com/kooker/FreeSubsCheck/main/mihomo.yaml
[OK] proxies=19 new=0 url=https://raw.githubusercontent.com/kooker/FreeSubsCheck/main/all.yaml
[OK] proxies=19 new=0 url=https://raw.githubusercontent.com/kooker/FreeSubsCheck/main/base64.txt
[OK] proxies=9 new=4 url=https://raw.githubusercontent.com/kooker/FreeSubsCheck/main/byxiaoxi.txt
[OK] proxies=436 new=428 url=https://raw.githubusercontent.com/kooker/FreeSubsCheck/main/kooker.jp.txt
[OK] proxies=451 source=[免费节点11] url=https://raw.githubusercontent.com/kooker/FreeSubsCheck/main/README.md
============================================================
[INFO] toolkit try release: https://github.com/Pawdroid/shadowrocket_for_android/releases
[INFO] toolkit try page: https://github.com/Pawdroid/shadowrocket_for_android/releases/expanded_assets/v10.10.5-standard
[INFO] toolkit try download: https://github.com/Pawdroid/shadowrocket_for_android/releases/download/v10.10.5-standard/Shadowrocket_10.10.5_shadowrocketStandard_arm64-v8a.apk
[OK] toolkit downloaded: Shadowrocket_10.10.5_shadowrocketStandard_arm64-v8a.apk bytes=42354602
[OK] toolkit extracted archive=Shadowrocket_10.10.5_shadowrocketStandard_arm64-v8a.apk tool=zipfile files=1320 dirs=36
[OK] toolkit sr-apk scanned prefixes=29 files=11 keys=2 archive=Shadowrocket_10.10.5_shadowrocketStandard_arm64-v8a.apk
[OK] proxies=1386 new=1386 url=https://raw.githubusercontent.com/hideme9527/ecfg/refs/heads/main/data/ecfg_zh
[OK] proxies=1386 new=0 url=https://{ecfg.v2gh.com|vip.foxovpn.com|cdn.159236.xyz|cdn10.159236.xyz|cdn100.159236.xyz}/{data|config}/ecfg_zh
[OK] proxies=171 new=68 url=https://{vip.foxovpn.com|ecfg.v2gh.com|cdn.159236.xyz|cdn100.159236.xyz|cdn10.159236.xyz}/{config|data}/ecfg5
[OK] proxies=171 new=0 url=https://raw.githubusercontent.com/hideme9527/ecfg/refs/heads/main/data/ecfg5
[OK] proxies=129 new=0 url=https://{vip.foxovpn.com|ecfg.v2gh.com|cdn.159236.xyz|cdn10.159236.xyz|cdn100.159236.xyz}/{config|data}/ecfg
[OK] proxies=129 new=0 url=https://raw.githubusercontent.com/hideme9527/ecfg/refs/heads/main/data/ecfg
[OK] proxies=1386 new=0 url=https://{cdn.159236.xyz|ecfg.v2gh.com|cdn100.159236.xyz|vip.foxovpn.com|cdn10.159236.xyz}/{config|data}/ecfg_en
[OK] proxies=1386 new=0 url=https://{cdn.159236.xyz|cdn10.159236.xyz|cdn100.159236.xyz|ecfg.v2gh.com|vip.foxovpn.com}/{config|data}/ecfg_ja
[OK] proxies=1386 new=0 url=https://{cdn.159236.xyz|cdn10.159236.xyz|cdn100.159236.xyz|ecfg.v2gh.com|vip.foxovpn.com}/{config|data}/ecfg_de
[OK] proxies=1386 new=0 url=https://{cdn.159236.xyz|cdn10.159236.xyz|cdn100.159236.xyz|ecfg.v2gh.com|vip.foxovpn.com}/{config|data}/ecfg_fr
[OK] proxies=1386 new=0 url=https://{cdn.159236.xyz|cdn10.159236.xyz|cdn100.159236.xyz|ecfg.v2gh.com|vip.foxovpn.com}/{config|data}/ecfg_pt
[OK] proxies=1386 new=0 url=https://{cdn.159236.xyz|cdn10.159236.xyz|cdn100.159236.xyz|ecfg.v2gh.com|vip.foxovpn.com}/{config|data}/ecfg_es
[OK] proxies=1386 new=0 url=https://{cdn.159236.xyz|cdn10.159236.xyz|cdn100.159236.xyz|ecfg.v2gh.com|vip.foxovpn.com}/{config|data}/ecfg_ru
[OK] proxies=1386 new=0 url=https://raw.githubusercontent.com/hideme9527/ecfg/refs/heads/main/data/ecfg_en
[OK] proxies=1386 new=0 url=https://raw.githubusercontent.com/hideme9527/ecfg/refs/heads/main/data/ecfg_fr
[OK] proxies=1386 new=0 url=https://raw.githubusercontent.com/hideme9527/ecfg/refs/heads/main/data/ecfg_de
[OK] proxies=1386 new=0 url=https://raw.githubusercontent.com/hideme9527/ecfg/refs/heads/main/data/ecfg_pt
[OK] proxies=1386 new=0 url=https://raw.githubusercontent.com/hideme9527/ecfg/refs/heads/main/data/ecfg_ru
[OK] proxies=1386 new=0 url=https://raw.githubusercontent.com/hideme9527/ecfg/refs/heads/main/data/ecfg_es
[OK] proxies=1386 new=0 url=https://raw.githubusercontent.com/hideme9527/ecfg/refs/heads/main/data/ecfg_ja
[OK] proxies=1454 source=[Pawdroid-sr-apk] url=https://github.com/Pawdroid/shadowrocket_for_android/releases/download/v10.10.5-standard/Shadowrocket_10.10.5_shadowrocketStandard_arm64-v8a.apk
============================================================
[INFO] toolkit try page: https://shadowshare.v2cross.com/
[INFO] toolkit try download: https://shadowshare.v2cross.com/shadowshare.apk
[OK] toolkit downloaded: shadowshare.apk bytes=62868122
[OK] toolkit extracted archive=shadowshare.apk tool=zipfile files=612 dirs=39
[OK] toolkit ss-apk scanned prefixes=10 files=3 keys=1 archive=shadowshare.apk
[OK] proxies=171 new=171 url=https://{jsd.onmicrosoft.cn|raw.githubusercontent.com}/hideme9527/ecsfg/main/data/sareserver
[OK] proxies=1386 new=1283 url=https://{jsd.onmicrosoft.cn|raw.githubusercontent.com}/hideme9527/ecsfg/main/data/sareserver_en
[OK] proxies=1386 new=0 url=https://{shadowsharing.com|sare.159236.xyz}/data/sareserver_en
[OK] proxies=171 new=0 url=https://{sare.159236.xyz|shadowsharing.com}/data/sareserver
[OK] proxies=171 new=0 url=https://gitee.com/api/v5/repos/{elvenapp|zhiminghao|guoyoucai1}/ecsfg/raw/data/sareserver
[OK] proxies=1386 new=0 url=https://gitee.com/api/v5/repos/{zhiminghao|elvenapp|guoyoucai1}/ecsfg/raw/data/sareserver_en
[OK] proxies=1454 source=[Pawdroid-ss-apk] url=https://shadowshare.v2cross.com/shadowshare.apk
============================================================
[INFO] sublink try page: https://raw.githubusercontent.com/free-nodes/clashfree/refs/heads/main/README.md
[OK] proxies=1336 new=1336 url=https://raw.githubusercontent.com/free-nodes/clashfree/refs/heads/main/README.md
[OK] proxies=1336 new=0 url=https://raw.githubusercontent.com/free-nodes/clashfree/main/clash20260910.yml
[OK] proxies=1 new=1 url=https://github.com/free-nodes/clashfree/blob/main/clash20260910.yml
[OK] proxies=1337 source=[Clashfree] url=https://raw.githubusercontent.com/free-nodes/clashfree/refs/heads/main/README.md
============================================================
[INFO] sublink try page: https://github.com/Epodonios/v2ray-configs/raw/refs/heads/main/README.md
[OK] proxies=1 new=1 url=https://github.com/Epodonios/V2ray-Configs/actions/workflows/main.yml
[OK] proxies=2870 new=2870 url=https://github.com/Epodonios/v2ray-configs/raw/main/All_Configs_Sub.txt
[OK] proxies=2870 new=0 url=https://github.com/Epodonios/v2ray-configs/raw/main/All_Configs_base64_Sub.txt
[OK] proxies=3239 new=1221 url=https://github.com/Epodonios/v2ray-configs/raw/main/Splitted-By-Protocol/vless.txt
[OK] proxies=138 new=23 url=https://github.com/Epodonios/v2ray-configs/raw/main/Splitted-By-Protocol/vmess.txt
[OK] proxies=398 new=61 url=https://github.com/Epodonios/v2ray-configs/raw/main/Splitted-By-Protocol/ss.txt
[OK] proxies=146 new=112 url=https://github.com/Epodonios/v2ray-configs/raw/main/Splitted-By-Protocol/trojan.txt
[OK] proxies=4018 new=91 url=https://raw.githubusercontent.com/Epodonios/v2ray-configs/main/{Sub1.txt|Sub2.txt|Sub3.txt|Sub4.txt|Sub5.txt|Sub6.txt|Sub7.txt|Sub8.txt}
[OK] proxies=4379 source=[Epodonios] url=https://github.com/Epodonios/v2ray-configs/raw/refs/heads/main/README.md
============================================================
[INFO] article try page: https://v2rayclashfree.com/
[INFO] sublink try page: https://v2rayclashfree.com/fn/20260910.html
[OK] proxies=375 new=375 url=https://v2rayclashfree.com/sub/20260910-v2ray.txt
[OK] proxies=264 new=94 url=https://v2rayclashfree.com/sub/20260910-clash.yaml
[OK] proxies=469 source=[V2rayclashfree-RSS] url=https://v2rayclashfree.com/fn/20260910.html
============================================================
[INFO] raw backup written path=/home/runner/work/Free-node-autotest/Free-node-autotest/output/raw.yaml proxies=27835
[INFO] release digest sha256=b358eba638b01c1f1841c4d612d4b6da58419bef96055958cf9c3be04f625642 asset=mihomo-linux-amd64-v1-go120-v1.19.30.gz
[INFO] downloading proxy engine: https://github.com/MetaCubeX/mihomo/releases/download/v1.19.30/mihomo-linux-amd64-v1-go120-v1.19.30.gz
[OK] proxy engine sha256 verified: b358eba638b01c1f1841c4d612d4b6da58419bef96055958cf9c3be04f625642
============================================================
[WARN] batch start failed size=16768
[WARN] split batch 16768 -> 8384 + 8384
[WARN] batch start failed size=8384
[WARN] split batch 8384 -> 4192 + 4192
[WARN] batch start failed size=4192
[WARN] split batch 4192 -> 2096 + 2096
[WARN] batch start failed size=2096
[WARN] split batch 2096 -> 1048 + 1048
[WARN] batch start failed size=1048
[WARN] split batch 1048 -> 524 + 524
[WARN] batch start failed size=524
[WARN] split batch 524 -> 262 + 262
[WARN] batch start failed size=262
[WARN] split batch 262 -> 131 + 131
[WARN] batch start failed size=131
[WARN] split batch 131 -> 65 + 66
[WARN] batch start failed size=65
[WARN] split batch 65 -> 32 + 33
[INFO] tested 32/32 kept=8 rest=16736
[WARN] batch start failed size=33
[WARN] split batch 33 -> 16 + 17
[INFO] tested 16/16 kept=0 rest=16720
[WARN] batch start failed size=17
[WARN] split batch 17 -> 8 + 9
[WARN] batch start failed size=8
[WARN] split batch 8 -> 4 + 4
[WARN] batch start failed size=4
[WARN] split batch 4 -> 2 + 2
[WARN] batch start failed size=2
[WARN] split batch 2 -> 1 + 1
[WARN] batch start failed size=1
[DROP] name=[ChromeGO-ShiteThings] hysteria server=62.210.70.191:23556 reason=Start initial configuration in progress
[WARN] batch start failed size=1
[DROP] name=[ChromeGO-ShiteThings] hysteria-2 server=5.83.129.153:20088 reason=Start initial configuration in progress
[WARN] batch start failed size=2
[WARN] split batch 2 -> 1 + 1
[WARN] batch start failed size=1
[DROP] name=[ChromeGO-ShiteThings] hysteria-3 server=5.83.129.90:54177 reason=Start initial configuration in progress
[WARN] batch start failed size=1
[DROP] name=[ChromeGO-ShiteThings] hysteria-4 server=5.83.129.153:27626 reason=Start initial configuration in progress
[WARN] batch start failed size=4
[WARN] split batch 4 -> 2 + 2
[WARN] batch start failed size=2
[WARN] split batch 2 -> 1 + 1
[WARN] batch start failed size=1
[DROP] name=[ChromeGO-ShiteThings] hysteria-5 server=45.150.65.154:47119 reason=Start initial configuration in progress
[INFO] tested 1/1 kept=0 rest=16714
[INFO] tested 2/2 kept=0 rest=16712
[INFO] tested 9/9 kept=1 rest=16703
[INFO] tested 66/66 kept=20 rest=16637
[INFO] tested 100/131 kept=5 rest=16537
[INFO] tested 131/131 kept=5 rest=16506
[INFO] tested 100/262 kept=7 rest=16406
[INFO] tested 200/262 kept=25 rest=16306
[INFO] tested 262/262 kept=26 rest=16244
[INFO] tested 100/524 kept=8 rest=16144
[INFO] tested 200/524 kept=46 rest=16044
[INFO] tested 300/524 kept=70 rest=15944
[INFO] tested 400/524 kept=110 rest=15844
[INFO] tested 500/524 kept=159 rest=15744
[INFO] tested 524/524 kept=177 rest=15720
[INFO] tested 100/1048 kept=36 rest=15620
[INFO] tested 200/1048 kept=69 rest=15520
[INFO] tested 300/1048 kept=120 rest=15420
[INFO] tested 400/1048 kept=156 rest=15320
[INFO] tested 500/1048 kept=175 rest=15220
[INFO] tested 600/1048 kept=217 rest=15120
[INFO] tested 700/1048 kept=278 rest=15020
[INFO] tested 800/1048 kept=343 rest=14920
[INFO] tested 900/1048 kept=390 rest=14820
[INFO] tested 1000/1048 kept=432 rest=14720
[INFO] tested 1048/1048 kept=436 rest=14672
[WARN] batch start failed size=2096
[WARN] split batch 2096 -> 1048 + 1048
[WARN] batch start failed size=1048
[WARN] split batch 1048 -> 524 + 524
[WARN] batch start failed size=524
[WARN] split batch 524 -> 262 + 262
[INFO] tested 100/262 kept=24 rest=14572
[INFO] tested 200/262 kept=52 rest=14472
[INFO] tested 262/262 kept=52 rest=14410
[WARN] batch start failed size=262
[WARN] split batch 262 -> 131 + 131
[INFO] tested 100/131 kept=22 rest=14310
[INFO] tested 131/131 kept=22 rest=14279
[WARN] batch start failed size=131
[WARN] split batch 131 -> 65 + 66
[WARN] batch start failed size=65
[WARN] split batch 65 -> 32 + 33
[INFO] tested 32/32 kept=9 rest=14247
[WARN] batch start failed size=33
[WARN] split batch 33 -> 16 + 17
[WARN] batch start failed size=16
[WARN] split batch 16 -> 8 + 8
[INFO] tested 8/8 kept=8 rest=14239
[WARN] batch start failed size=8
[WARN] split batch 8 -> 4 + 4
[INFO] tested 4/4 kept=2 rest=14235
[WARN] batch start failed size=4
[WARN] split batch 4 -> 2 + 2
[WARN] batch start failed size=2
[WARN] split batch 2 -> 1 + 1
[WARN] batch start failed size=1
[DROP] name=[Free-clash-v2ray] hysteria server=5.83.129.143:26691 reason=Start initial configuration in progress
[INFO] tested 1/1 kept=1 rest=14233
[INFO] tested 2/2 kept=2 rest=14231
[INFO] tested 17/17 kept=13 rest=14214
[INFO] tested 66/66 kept=51 rest=14148
[INFO] tested 100/524 kept=80 rest=14048
[INFO] tested 200/524 kept=149 rest=13948
[INFO] tested 300/524 kept=215 rest=13848
[INFO] tested 400/524 kept=302 rest=13748
[INFO] tested 500/524 kept=338 rest=13648
[INFO] tested 524/524 kept=341 rest=13624
[INFO] tested 100/1048 kept=48 rest=13524
[INFO] tested 200/1048 kept=118 rest=13424
[INFO] tested 300/1048 kept=150 rest=13324
[INFO] tested 400/1048 kept=162 rest=13224
[INFO] tested 500/1048 kept=162 rest=13124
[INFO] tested 600/1048 kept=165 rest=13024
[INFO] tested 700/1048 kept=168 rest=12924
[INFO] tested 800/1048 kept=172 rest=12824
[INFO] tested 900/1048 kept=173 rest=12724
[INFO] tested 1000/1048 kept=176 rest=12624
[INFO] tested 1048/1048 kept=176 rest=12576
[WARN] batch start failed size=4192
[WARN] split batch 4192 -> 2096 + 2096
[WARN] batch start failed size=2096
[WARN] split batch 2096 -> 1048 + 1048
[WARN] batch start failed size=1048
[WARN] split batch 1048 -> 524 + 524
[WARN] batch start failed size=524
[WARN] split batch 524 -> 262 + 262
[INFO] tested 100/262 kept=0 rest=12476
[INFO] tested 200/262 kept=2 rest=12376
[INFO] tested 262/262 kept=2 rest=12314
[WARN] batch start failed size=262
[WARN] split batch 262 -> 131 + 131
[INFO] tested 100/131 kept=3 rest=12214
[INFO] tested 131/131 kept=3 rest=12183
[WARN] batch start failed size=131
[WARN] split batch 131 -> 65 + 66
[WARN] batch start failed size=65
[WARN] split batch 65 -> 32 + 33
[WARN] batch start failed size=32
[WARN] split batch 32 -> 16 + 16
[WARN] batch start failed size=16
[WARN] split batch 16 -> 8 + 8
[INFO] tested 8/8 kept=0 rest=12175
[WARN] batch start failed size=8
[WARN] split batch 8 -> 4 + 4
[WARN] batch start failed size=4
[WARN] split batch 4 -> 2 + 2
[INFO] tested 2/2 kept=0 rest=12173
[WARN] batch start failed size=2
[WARN] split batch 2 -> 1 + 1
[WARN] batch start failed size=1
[DROP] name=[Free-clash-v2ray] 未知 SS-1439 | free-nodes server=192.0.2.1:1 reason=Start initial configuration in progress
[INFO] tested 1/1 kept=0 rest=12171
[INFO] tested 4/4 kept=0 rest=12167
[INFO] tested 16/16 kept=0 rest=12151
[INFO] tested 33/33 kept=0 rest=12118
[INFO] tested 66/66 kept=7 rest=12052
[INFO] tested 100/524 kept=32 rest=11952
[INFO] tested 200/524 kept=42 rest=11852
[INFO] tested 300/524 kept=64 rest=11752
[INFO] tested 400/524 kept=75 rest=11652
[INFO] tested 500/524 kept=75 rest=11552
[INFO] tested 524/524 kept=75 rest=11528
[INFO] tested 100/1048 kept=0 rest=11428
[INFO] tested 200/1048 kept=0 rest=11328
[INFO] tested 300/1048 kept=0 rest=11228
[INFO] tested 400/1048 kept=1 rest=11128
[INFO] tested 500/1048 kept=3 rest=11028
[INFO] tested 600/1048 kept=6 rest=10928
[INFO] tested 700/1048 kept=8 rest=10828
[INFO] tested 800/1048 kept=8 rest=10728
[INFO] tested 900/1048 kept=12 rest=10628
[INFO] tested 1000/1048 kept=13 rest=10528
[INFO] tested 1048/1048 kept=13 rest=10480
[INFO] tested 100/2096 kept=19 rest=10380
[INFO] tested 200/2096 kept=20 rest=10280
[INFO] tested 300/2096 kept=20 rest=10180
[INFO] tested 400/2096 kept=20 rest=10080
[INFO] tested 500/2096 kept=20 rest=9980
[INFO] tested 600/2096 kept=20 rest=9880
[INFO] tested 700/2096 kept=20 rest=9780
[INFO] tested 800/2096 kept=20 rest=9680
[INFO] tested 900/2096 kept=20 rest=9580
[INFO] tested 1000/2096 kept=20 rest=9480
[INFO] tested 1100/2096 kept=20 rest=9380
[INFO] tested 1200/2096 kept=20 rest=9280
[INFO] tested 1300/2096 kept=20 rest=9180
[INFO] tested 1400/2096 kept=20 rest=9080
[INFO] tested 1500/2096 kept=75 rest=8980
[INFO] tested 1600/2096 kept=105 rest=8880
[INFO] tested 1700/2096 kept=105 rest=8780
[INFO] tested 1800/2096 kept=105 rest=8680
[INFO] tested 1900/2096 kept=105 rest=8580
[INFO] tested 2000/2096 kept=105 rest=8480
[INFO] tested 2096/2096 kept=105 rest=8384
[WARN] batch start failed size=8384
[WARN] split batch 8384 -> 4192 + 4192
[INFO] tested 100/4192 kept=0 rest=8284
[INFO] tested 200/4192 kept=0 rest=8184
[INFO] tested 300/4192 kept=0 rest=8084
[INFO] tested 400/4192 kept=0 rest=7984
[INFO] tested 500/4192 kept=0 rest=7884
[INFO] tested 600/4192 kept=0 rest=7784
[INFO] tested 700/4192 kept=0 rest=7684
[INFO] tested 800/4192 kept=0 rest=7584
[INFO] tested 900/4192 kept=0 rest=7484
[INFO] tested 1000/4192 kept=0 rest=7384
[INFO] tested 1100/4192 kept=0 rest=7284
[INFO] tested 1200/4192 kept=0 rest=7184
[INFO] tested 1300/4192 kept=0 rest=7084
[INFO] tested 1400/4192 kept=0 rest=6984
[INFO] tested 1500/4192 kept=0 rest=6884
[INFO] tested 1600/4192 kept=0 rest=6784
[INFO] tested 1700/4192 kept=1 rest=6684
[INFO] tested 1800/4192 kept=3 rest=6584
[INFO] tested 1900/4192 kept=4 rest=6484
[INFO] tested 2000/4192 kept=4 rest=6384
[INFO] tested 2100/4192 kept=5 rest=6284
[INFO] tested 2200/4192 kept=5 rest=6184
[INFO] tested 2300/4192 kept=5 rest=6084
[INFO] tested 2400/4192 kept=5 rest=5984
[INFO] tested 2500/4192 kept=5 rest=5884
[INFO] tested 2600/4192 kept=5 rest=5784
[INFO] tested 2700/4192 kept=6 rest=5684
[INFO] tested 2800/4192 kept=6 rest=5584
[INFO] tested 2900/4192 kept=7 rest=5484
[INFO] tested 3000/4192 kept=7 rest=5384
[INFO] tested 3100/4192 kept=9 rest=5284
[INFO] tested 3200/4192 kept=9 rest=5184
[INFO] tested 3300/4192 kept=9 rest=5084
[INFO] tested 3400/4192 kept=9 rest=4984
[INFO] tested 3500/4192 kept=9 rest=4884
[INFO] tested 3600/4192 kept=9 rest=4784
[INFO] tested 3700/4192 kept=9 rest=4684
[INFO] tested 3800/4192 kept=9 rest=4584
[INFO] tested 3900/4192 kept=9 rest=4484
[INFO] tested 4000/4192 kept=9 rest=4384
[INFO] tested 4100/4192 kept=9 rest=4284
[INFO] tested 4192/4192 kept=9 rest=4192
[WARN] batch start failed size=4192
[WARN] split batch 4192 -> 2096 + 2096
[WARN] batch start failed size=2096
[WARN] split batch 2096 -> 1048 + 1048
[WARN] batch start failed size=1048
[WARN] split batch 1048 -> 524 + 524
[INFO] tested 100/524 kept=0 rest=4092
[INFO] tested 200/524 kept=0 rest=3992
[INFO] tested 300/524 kept=0 rest=3892
[INFO] tested 400/524 kept=0 rest=3792
[INFO] tested 500/524 kept=2 rest=3692
[INFO] tested 524/524 kept=2 rest=3668
[WARN] batch start failed size=524
[WARN] split batch 524 -> 262 + 262
[INFO] tested 100/262 kept=17 rest=3568
[INFO] tested 200/262 kept=20 rest=3468
[INFO] tested 262/262 kept=29 rest=3406
[WARN] batch start failed size=262
[WARN] split batch 262 -> 131 + 131
[WARN] batch start failed size=131
[WARN] split batch 131 -> 65 + 66
[WARN] batch start failed size=65
[WARN] split batch 65 -> 32 + 33
[WARN] batch start failed size=32
[WARN] split batch 32 -> 16 + 16
[INFO] tested 16/16 kept=2 rest=3390
[WARN] batch start failed size=16
[WARN] split batch 16 -> 8 + 8
[INFO] tested 8/8 kept=0 rest=3382
[WARN] batch start failed size=8
[WARN] split batch 8 -> 4 + 4
[INFO] tested 4/4 kept=1 rest=3378
[WARN] batch start failed size=4
[WARN] split batch 4 -> 2 + 2
[INFO] tested 2/2 kept=0 rest=3376
[WARN] batch start failed size=2
[WARN] split batch 2 -> 1 + 1
[INFO] tested 1/1 kept=0 rest=3375
[WARN] batch start failed size=1
[DROP] name=[Pawdroid-sr-apk] 英国+V2CROSS.COM server=82.38.31.189:8080 reason=Start initial configuration in progress
[INFO] tested 33/33 kept=3 rest=3341
[INFO] tested 66/66 kept=0 rest=3275
[INFO] tested 100/131 kept=2 rest=3175
[INFO] tested 131/131 kept=3 rest=3144
[WARN] batch start failed size=1048
[WARN] split batch 1048 -> 524 + 524
[INFO] tested 100/524 kept=3 rest=3044
[INFO] tested 200/524 kept=5 rest=2944
[INFO] tested 300/524 kept=8 rest=2844
[INFO] tested 400/524 kept=34 rest=2744
[INFO] tested 500/524 kept=47 rest=2644
[INFO] tested 524/524 kept=50 rest=2620
[WARN] batch start failed size=524
[WARN] split batch 524 -> 262 + 262
[WARN] batch start failed size=262
[WARN] split batch 262 -> 131 + 131
[WARN] batch start failed size=131
[WARN] split batch 131 -> 65 + 66
[INFO] tested 65/65 kept=1 rest=2555
[WARN] batch start failed size=66
[WARN] split batch 66 -> 33 + 33
[WARN] batch start failed size=33
[WARN] split batch 33 -> 16 + 17
[WARN] batch start failed size=16
[WARN] split batch 16 -> 8 + 8
[WARN] batch start failed size=8
[WARN] split batch 8 -> 4 + 4
[WARN] batch start failed size=4
[WARN] split batch 4 -> 2 + 2
[INFO] tested 2/2 kept=0 rest=2553
[WARN] batch start failed size=2
[WARN] split batch 2 -> 1 + 1
[INFO] tested 1/1 kept=0 rest=2552
[WARN] batch start failed size=1
[DROP] name=[Epodonios] EPODONIOS-14 server=betty.ns.cloudflare.com:443 reason=Start initial configuration in progress
[WARN] batch start failed size=4
[WARN] split batch 4 -> 2 + 2
[WARN] batch start failed size=2
[WARN] split batch 2 -> 1 + 1
[INFO] tested 1/1 kept=0 rest=2550
[WARN] batch start failed size=1
[DROP] name=[Epodonios] EPODONIOS-16 server=51.75.91.144:23300 reason=Start initial configuration in progress
[WARN] batch start failed size=2
[WARN] split batch 2 -> 1 + 1
[WARN] batch start failed size=1
[DROP] name=[Epodonios] EPODONIOS-17 server=91.99.236.193:8880 reason=Start initial configuration in progress
[INFO] tested 1/1 kept=0 rest=2547
[INFO] tested 8/8 kept=0 rest=2539
[INFO] tested 17/17 kept=1 rest=2522
[INFO] tested 33/33 kept=3 rest=2489
[WARN] batch start failed size=131
[WARN] split batch 131 -> 65 + 66
[WARN] batch start failed size=65
[WARN] split batch 65 -> 32 + 33
[INFO] tested 32/32 kept=1 rest=2457
[WARN] batch start failed size=33
[WARN] split batch 33 -> 16 + 17
[WARN] batch start failed size=16
[WARN] split batch 16 -> 8 + 8
[INFO] tested 8/8 kept=0 rest=2449
[WARN] batch start failed size=8
[WARN] split batch 8 -> 4 + 4
[WARN] batch start failed size=4
[WARN] split batch 4 -> 2 + 2
[WARN] batch start failed size=2
[WARN] split batch 2 -> 1 + 1
[WARN] batch start failed size=1
[DROP] name=[Epodonios] EPODONIOS-102 server=78.38.246.150:8446 reason=Start initial configuration in progress
[INFO] tested 1/1 kept=0 rest=2447
[INFO] tested 2/2 kept=2 rest=2445
[INFO] tested 4/4 kept=1 rest=2441
[INFO] tested 17/17 kept=2 rest=2424
[INFO] tested 66/66 kept=2 rest=2358
[INFO] tested 100/262 kept=3 rest=2258
[INFO] tested 200/262 kept=4 rest=2158
[INFO] tested 262/262 kept=5 rest=2096
[WARN] batch start failed size=2096
[WARN] split batch 2096 -> 1048 + 1048
[WARN] batch start failed size=1048
[WARN] split batch 1048 -> 524 + 524
[INFO] tested 100/524 kept=1 rest=1996
[INFO] tested 200/524 kept=2 rest=1896
[INFO] tested 300/524 kept=3 rest=1796
[INFO] tested 400/524 kept=5 rest=1696
[INFO] tested 500/524 kept=6 rest=1596
[INFO] tested 524/524 kept=6 rest=1572
[WARN] batch start failed size=524
[WARN] split batch 524 -> 262 + 262
[INFO] tested 100/262 kept=0 rest=1472
[INFO] tested 200/262 kept=9 rest=1372
[INFO] tested 262/262 kept=11 rest=1310
[WARN] batch start failed size=262
[WARN] split batch 262 -> 131 + 131
[INFO] tested 100/131 kept=2 rest=1210
[INFO] tested 131/131 kept=2 rest=1179
[WARN] batch start failed size=131
[WARN] split batch 131 -> 65 + 66
[WARN] batch start failed size=65
[WARN] split batch 65 -> 32 + 33
[INFO] tested 32/32 kept=0 rest=1147
[WARN] batch start failed size=33
[WARN] split batch 33 -> 16 + 17
[INFO] tested 16/16 kept=0 rest=1131
[WARN] batch start failed size=17
[WARN] split batch 17 -> 8 + 9
[WARN] batch start failed size=8
[WARN] split batch 8 -> 4 + 4
[INFO] tested 4/4 kept=0 rest=1127
[WARN] batch start failed size=4
[WARN] split batch 4 -> 2 + 2
[INFO] tested 2/2 kept=0 rest=1125
[WARN] batch start failed size=2
[WARN] split batch 2 -> 1 + 1
[INFO] tested 1/1 kept=0 rest=1124
[WARN] batch start failed size=1
[DROP] name=[Epodonios] EPODONIOS-1339 server=s1.test.anti-zapret.com:8443 reason=Start initial configuration in progress
[INFO] tested 9/9 kept=0 rest=1114
[INFO] tested 66/66 kept=2 rest=1048
[WARN] batch start failed size=1048
[WARN] split batch 1048 -> 524 + 524
[INFO] tested 100/524 kept=2 rest=948
[INFO] tested 200/524 kept=5 rest=848
[INFO] tested 300/524 kept=8 rest=748
[INFO] tested 400/524 kept=10 rest=648
[INFO] tested 500/524 kept=10 rest=548
[INFO] tested 524/524 kept=10 rest=524
[WARN] batch start failed size=524
[WARN] split batch 524 -> 262 + 262
[INFO] tested 100/262 kept=0 rest=424
[INFO] tested 200/262 kept=8 rest=324
[INFO] tested 262/262 kept=10 rest=262
[WARN] batch start failed size=262
[WARN] split batch 262 -> 131 + 131
[WARN] batch start failed size=131
[WARN] split batch 131 -> 65 + 66
[WARN] batch start failed size=65
[WARN] split batch 65 -> 32 + 33
[INFO] tested 32/32 kept=0 rest=230
[WARN] batch start failed size=33
[WARN] split batch 33 -> 16 + 17
[INFO] tested 16/16 kept=2 rest=214
[WARN] batch start failed size=17
[WARN] split batch 17 -> 8 + 9
[INFO] tested 8/8 kept=0 rest=206
[WARN] batch start failed size=9
[WARN] split batch 9 -> 4 + 5
[INFO] tested 4/4 kept=0 rest=202
[WARN] batch start failed size=5
[WARN] split batch 5 -> 2 + 3
[WARN] batch start failed size=2
[WARN] split batch 2 -> 1 + 1
[WARN] batch start failed size=1
[DROP] name=[Epodonios] EPODONIOS-2225 server=0us.amazon-osishop.ir:8880 reason=Start initial configuration in progress
[INFO] tested 1/1 kept=0 rest=200
[INFO] tested 3/3 kept=0 rest=197
[INFO] tested 66/66 kept=7 rest=131
[INFO] tested 100/131 kept=29 rest=31
[INFO] tested 131/131 kept=37 rest=0
[INFO] dropped=14 [ChromeGO-ShiteThings] × 5 | [Free-clash-v2ray] × 2 | [Pawdroid-sr-apk] × 1 | [Epodonios] × 6
============================================================
[INFO] cap live source=[Free-clash-v2ray] from 1313 to 50 by health_score
[INFO] cap live source=[免费节点8] from 105 to 50 by health_score
[INFO] cap live source=[Epodonios] from 75 to 50 by health_score
[INFO] cap live total from 416 to 350 trim large sources first
============================================================
+------------------------------+--------+--------+------+--------+
| source                       |    raw | unique | live | capped |
+------------------------------+--------+--------+------+--------+
| [大FQ运动]                   |      4 |      4 |    1 |      1 |
+------------------------------+--------+--------+------+--------+
| [大FQ运动-SS密钥]            |      4 |      4 |    1 |      1 |
+------------------------------+--------+--------+------+--------+
| [大FQ运动-补充]              |      8 |      6 |    0 |      0 |
+------------------------------+--------+--------+------+--------+
| [ChromeGO-工具包]            |     14 |     14 |    5 |      5 |
+------------------------------+--------+--------+------+--------+
| [ChromeGO-ShiteThings]       |     31 |     25 |    1 |      1 |
+------------------------------+--------+--------+------+--------+
| [ChromeGO-Merge]             |     30 |     30 |    2 |      2 |
+------------------------------+--------+--------+------+--------+
| [Freesocks]                  |      3 |      3 |    3 |      3 |
+------------------------------+--------+--------+------+--------+
| [NekoWarp]                   |     10 |     10 |    7 |      7 |
+------------------------------+--------+--------+------+--------+
| [OpenRunner-RSS]             |     14 |      0 |    0 |      0 |
+------------------------------+--------+--------+------+--------+
| [V2Rayshare-RSS]             |     54 |     53 |    9 |      9 |
+------------------------------+--------+--------+------+--------+
| [V2Rayshare-SUB]             |     54 |      0 |    0 |      0 |
+------------------------------+--------+--------+------+--------+
| [Mibei77-RSS]                |    122 |    122 |   10 |     10 |
+------------------------------+--------+--------+------+--------+
| [Yoyapai-RSS]                |    207 |    173 |    3 |      3 |
+------------------------------+--------+--------+------+--------+
| [Free-clash-v2ray]           |   4528 |   4209 | 1313 |     30 |
+------------------------------+--------+--------+------+--------+
| [Pawdroid]                   |     22 |      3 |    0 |      0 |
+------------------------------+--------+--------+------+--------+
| [FreeV2-Base64]              |      3 |      3 |    3 |      3 |
+------------------------------+--------+--------+------+--------+
| [Bocchi2b-Base64]            |     32 |     32 |    0 |      0 |
+------------------------------+--------+--------+------+--------+
| [免费节点1]                  |    162 |     44 |   19 |     19 |
+------------------------------+--------+--------+------+--------+
| [免费节点2]                  |    404 |    264 |   36 |     30 |
+------------------------------+--------+--------+------+--------+
| [免费节点3]                  |     42 |     20 |   20 |     20 |
+------------------------------+--------+--------+------+--------+
| [免费节点4]                  |    840 |      6 |    1 |      1 |
+------------------------------+--------+--------+------+--------+
| [免费节点5]                  |     29 |     28 |    0 |      0 |
+------------------------------+--------+--------+------+--------+
| [免费节点6]                  |   1449 |   1308 |   16 |     16 |
+------------------------------+--------+--------+------+--------+
| [免费节点7]                  |     64 |     10 |    0 |      0 |
+------------------------------+--------+--------+------+--------+
| [免费节点8]                  |   4174 |   3302 |  105 |     30 |
+------------------------------+--------+--------+------+--------+
| [免费节点9]                  |    615 |    457 |    0 |      0 |
+------------------------------+--------+--------+------+--------+
| [免费节点10]                 |   5370 |   3080 |   11 |     11 |
+------------------------------+--------+--------+------+--------+
| [免费节点11]                 |    451 |    159 |   31 |     30 |
+------------------------------+--------+--------+------+--------+
| [Pawdroid-sr-apk]            |   1454 |    706 |   31 |     31 |
+------------------------------+--------+--------+------+--------+
| [Pawdroid-ss-apk]            |   1454 |      0 |    0 |      0 |
+------------------------------+--------+--------+------+--------+
| [Clashfree]                  |   1337 |    128 |   26 |     26 |
+------------------------------+--------+--------+------+--------+
| [Epodonios]                  |   4379 |   2511 |   75 |     31 |
+------------------------------+--------+--------+------+--------+
| [V2rayclashfree-RSS]         |    469 |     54 |   30 |     30 |
+------------------------------+--------+--------+------+--------+
============================================================
[SUMMARY] total_nodes=27833
[SUMMARY] legal_candidates=16768
[SUMMARY] passed_latency_test=350
[SUMMARY] region_HK=10 region_JP=15 region_US=92
[SUMMARY] avg_latency_ms=556.0
[SUMMARY] output=/home/runner/work/Free-node-autotest/Free-node-autotest/output/clash.yaml
============================================================
