============================================================
[INFO] sublink try page: https://end-gfw.com
[OK] proxies=2 new=2 url=https://raw.githubusercontent.com/hello-world-1989/cn-news/refs/heads/main/clash.yaml
[OK] proxies=2 new=0 url=https://raw.githubusercontent.com/hello-world-1989/cn-news/main/end-gfw-together
[OK] proxies=2 new=2 url=https://raw.githubusercontent.com/hello-world-1989/cn-news/main/end-gfw-together-ss
[INFO] source try url: https://end-gfw.com/ss-key
[OK] proxies=4 new=4 url=https://end-gfw.com/ss-key
[INFO] sublink try repo: https://github.com/hello-world-1989/cn-news
[INFO] sublink try page: https://raw.githubusercontent.com/hello-world-1989/cn-news/main/README.md
[OK] proxies=6 new=6 url=https://raw.githubusercontent.com/hello-world-1989/v2-sub/main/end-gfw-together-af3e13
[OK] proxies=14 source=[大FQ运动] url=https://raw.githubusercontent.com/hello-world-1989/cn-news/main/README.md
============================================================
[INFO] sublink try repo: https://github.com/Pawdroid/Free-servers
[INFO] sublink try page: https://raw.githubusercontent.com/Pawdroid/Free-servers/main/README.md
[OK] proxies=11 new=11 url=https://raw.githubusercontent.com/Pawdroid/Free-servers/main/README.md
[OK] proxies=11 new=9 url=https://raw.githubusercontent.com/Pawdroid/Free-servers/main/sub
[OK] proxies=1 new=1 url=https://apps.apple.com/cn/app/shadowshare/id1612647259
[OK] proxies=1 new=1 url=http://www.surflare.com
[OK] proxies=22 source=[Pawdroid] url=https://raw.githubusercontent.com/Pawdroid/Free-servers/main/README.md
============================================================
[INFO] source try url: https://xmxosfepggzm.503403.xyz
[OK] proxies=3 new=3 url=https://xmxosfepggzm.503403.xyz
[OK] proxies=3 source=[FreeV2-Base64] url=https://xmxosfepggzm.503403.xyz
============================================================
[INFO] source try url: https://links.bocchi2b.top/clash
[OK] proxies=35 new=35 url=https://links.bocchi2b.top/clash
[OK] proxies=35 source=[Bocchi2b-Base64] url=https://links.bocchi2b.top/clash
============================================================
[INFO] toolkit try repo: https://github.com/bannedbook/fanqiang
[INFO] toolkit try release: https://github.com/bannedbook/fanqiang/releases
[INFO] toolkit try release: https://github.com/bannedbook/fanqiang/releases/expanded_assets/ChromeGo-latest
[INFO] toolkit try download: https://github.com/bannedbook/fanqiang/releases/download/ChromeGo-latest/ChromeGo.7z
[OK] toolkit downloaded: ChromeGo.7z bytes=100924352
[OK] toolkit extracted archive=ChromeGo.7z tool=7z files=222 dirs=45
[OK] toolkit discovered subs=107 embedded=12 archive=ChromeGo.7z
[OK] proxies=6 new=6 embedded=archive-config
[OK] proxies=7 new=5 url=https://gitlab.com/free9999/ipupdate/master/backup/img/1/2/{ipp|ip}/{hysteria2|singbox|naiveproxy|hysteria|xray}/{2|3|1|4}/config.json
[OK] proxies=7 new=0 url=https://www.67867867.xyz/Alvin9999/PAC/refs/heads/master/backup/img/1/2/{ipp|ip}/{hysteria2|singbox|naiveproxy|hysteria|xray}/{2|3|1|4}/config.json
[OK] proxies=3 new=3 url=https://gitlab.com/free9999/ipupdate/master/backup/img/1/2/{ipp|ip}/clash.meta2/{2|3|1|5|4|6}/config.yaml
[OK] proxies=3 new=0 url=https://www.67867867.xyz/Alvin9999/PAC/refs/heads/master/backup/img/1/2/{ipp|ip}/clash.meta2/{2|3|1|5|4|6}/config.yaml
[OK] proxies=14 source=[ChromeGO-Toolkit] url=https://github.com/bannedbook/fanqiang/releases/download/ChromeGo-latest/ChromeGo.7z
============================================================
[INFO] sublink try repo: https://github.com/ShiteThings/extractNodes
[INFO] sublink try page: https://raw.githubusercontent.com/ShiteThings/extractNodes/main/README.md
[OK] proxies=31 new=30 url=https://{chg26.makou.cc.cd|chg64.makou.cc.cd}
[OK] proxies=26 new=1 url=https://chg26.makou.cc.cd/sb
[OK] proxies=31 source=[ChromeGO-ShiteThings] url=https://raw.githubusercontent.com/ShiteThings/extractNodes/main/README.md
============================================================
[INFO] sublink try repo: https://github.com/shangui999/chromego_merge
[INFO] sublink try page: https://raw.githubusercontent.com/shangui999/chromego_merge/master/ReadMe.md
[OK] proxies=10 new=10 url=https://freedman.netlify.app/sub/merged_proxies_new.yaml
[OK] proxies=11 new=1 url=https://freedman.netlify.app/sub/merged_warp_proxies_new.yaml
[OK] proxies=11 new=6 url=https://freedman.netlify.app/sub/shadowrocket_base64.txt
[OK] proxies=16 new=16 url=https://freedman.netlify.app/sub/sb.json
[INFO] sublink try repo: https://github.com/yaney01/chromego
[INFO] sublink try page: https://raw.githubusercontent.com/yaney01/chromego/main/ReadMe.md
[OK] proxies=50 new=46 url=https://raw.githubusercontent.com/yaney01/chromego/main/sub/merged_proxies_new.yaml
[OK] proxies=51 new=0 url=https://raw.githubusercontent.com/yaney01/chromego/main/sub/merged_warp_proxies_new.yaml
[OK] proxies=13 new=7 url=https://raw.githubusercontent.com/yaney01/chromego/main/sub/shadowrocket_base64.txt
[OK] proxies=13 new=0 url=https://raw.githubusercontent.com/yaney01/chromego/main/sub/sb.json
[INFO] sublink try repo: https://github.com/Misaka-blog/chromego_merge
[INFO] sublink try page: https://raw.githubusercontent.com/Misaka-blog/chromego_merge/main/README.md
[OK] proxies=26 new=26 url=https://chromego-sub.netlify.app/sub/merged_proxies_new.yaml
[OK] proxies=112 source=[ChromeGO-Merge] url=https://raw.githubusercontent.com/Misaka-blog/chromego_merge/main/README.md
============================================================
[INFO] source try url: https://freesocks.org/api/v1/sub/02b897e8e77f19176b0b9f2c75864b00
[OK] proxies=3 new=3 url=https://freesocks.org/api/v1/sub/02b897e8e77f19176b0b9f2c75864b00
[OK] proxies=3 source=[Freesocks] url=https://freesocks.org/api/v1/sub/02b897e8e77f19176b0b9f2c75864b00
============================================================
[INFO] source try url: https://neko-warp.nloli.xyz/neko_warp.yaml
[OK] proxies=10 new=10 url=https://neko-warp.nloli.xyz/neko_warp.yaml
[OK] proxies=10 source=[NekoWarp] url=https://neko-warp.nloli.xyz/neko_warp.yaml
============================================================
[INFO] toolkit try chrome: https://chromewebstore.google.com/detail/free-vpn-proxy-1vpn/akcocjjpkmlniicdeemdceeajlmoabhg
[INFO] toolkit try download: https://clients2.google.com/service/update2/crx?response=redirect&prodversion=131.0.6778.0&acceptformat=crx2,crx3&x=id%3dakcocjjpkmlniicdeemdceeajlmoabhg%26uc
[OK] toolkit downloaded: free-vpn-proxy-1vpn.crx bytes=1627904
[OK] toolkit extracted archive=free-vpn-proxy-1vpn.crx tool=zipfile files=68 dirs=57
[OK] toolkit 1vpn-crx scanned hosts=17 keys=1 archive=free-vpn-proxy-1vpn.crx
[OK] proxies=17 source=[1VPN-CRX] url=https://clients2.google.com/service/update2/crx?response=redirect&prodversion=131.0.6778.0&acceptformat=crx2,crx3&x=id%3dakcocjjpkmlniicdeemdceeajlmoabhg%26uc
============================================================
[INFO] article try feed: https://free.datiya.com/index.xml
[INFO] sublink try page: https://free.datiya.com/post/20260919/
[OK] proxies=14 new=14 url=https://free.datiya.com/uploads/20260919-clash.yaml
[OK] proxies=14 source=[OpenRunner-RSS] url=https://free.datiya.com/post/20260919/
============================================================
[INFO] article try feed: https://v2rayshare.com/feed
[INFO] sublink try page: https://v2rayshare.net/p/5061.html
[OK] proxies=27 new=27 url=https://static.v2rayshare.net/2026/09/20260919.txt
[OK] proxies=27 new=0 url=https://static.v2rayshare.net/2026/09/20260919.yaml
[OK] proxies=27 new=0 url=https://static.v2rayshare.net/2026/09/m20260919.yaml
[INFO] sublink try repo: https://github.com/firefoxmmx2/v2rayshare_subcription
[INFO] sublink try page: https://raw.githubusercontent.com/firefoxmmx2/v2rayshare_subcription/main/README.md
[OK] proxies=27 new=0 url=https://{raw.githubusercontent.com|cdn.jsdelivr.net}/firefoxmmx2/v2rayshare_subcription/main/subscription/vray_sub.txt
[OK] proxies=27 new=0 url=https://{raw.githubusercontent.com|cdn.jsdelivr.net}/firefoxmmx2/v2rayshare_subcription/main/subscription/clash_sub.yaml
[OK] proxies=27 new=0 url=https://{raw.githubusercontent.com|cdn.jsdelivr.net}/firefoxmmx2/v2rayshare_subcription/main/subscription/mihomo_sub.yaml
[OK] proxies=27 source=[V2Rayshare-RSS] url=https://raw.githubusercontent.com/firefoxmmx2/v2rayshare_subcription/main/README.md
============================================================
[INFO] article try feed: https://www.mibei77.com/feed
[INFO] sublink try page: https://www.mibei77.com/681.html
[OK] proxies=149 new=149 url=https://mm.mibei77.com/202609/09.1964bad5s.txt
[OK] proxies=146 new=0 url=https://mm.mibei77.com/202609/0919Clasgizx.yaml
[OK] proxies=149 source=[Mibei77-RSS] url=https://www.mibei77.com/681.html
============================================================
[INFO] article try feed: https://yoyapai.com/feed
[INFO] sublink try page: https://yoyapai.com/724
[OK] proxies=1 new=1 url=https://yoyapai.com/724
[OK] proxies=210 new=210 url=https://freenode.yoyapai.com/2026/09/19-yoyapai.com-clash-vpn-mianfeijiedian.yaml
[OK] proxies=210 new=0 url=https://freenode.yoyapai.com/2026/09/19-yoyapai.com-ssrv2ray-vpn-mianfeijiedian.txt
[OK] proxies=211 source=[Yoyapai-RSS] url=https://yoyapai.com/724
============================================================
[INFO] sublink try repo: https://github.com/free18/v2ray
[INFO] sublink try page: https://raw.githubusercontent.com/free18/v2ray/main/README.md
[OK] proxies=3 new=3 url=https://raw.githubusercontent.com/free18/v2ray/main/README.md
[OK] proxies=378 new=378 url=https://ghfast.top/https://raw.githubusercontent.com/free18/v2ray/refs/heads/main/v.txt
[OK] proxies=378 new=0 url=https://ghfast.top/https://raw.githubusercontent.com/free18/v2ray/refs/heads/main/c.yaml
[OK] proxies=381 source=[免费节点1] url=https://raw.githubusercontent.com/free18/v2ray/main/README.md
============================================================
[INFO] sublink try repo: https://github.com/ermaozi/get_subscribe
[INFO] sublink try page: https://raw.githubusercontent.com/ermaozi/get_subscribe/main/README.md
[INFO] sublink file_nodes=0 bare links=9
[OK] proxies=312 new=312 url=https://www.ermao.net/sub/{clash|v2ray}/ermao.net
[OK] proxies=312 new=0 url=https://www.ermao.net/sub/{reachable|unreachable|untested}/clash/ermao.net
[OK] proxies=312 source=[免费节点2] url=https://raw.githubusercontent.com/ermaozi/get_subscribe/main/README.md
============================================================
[INFO] sublink try repo: https://github.com/sunmiao4458/free-proxy-airport
[INFO] sublink try page: https://raw.githubusercontent.com/sunmiao4458/free-proxy-airport/main/README.md
[OK] proxies=27 new=27 url=https://sunmiao4458.github.io/free-proxy-airport/clash.yaml
[OK] proxies=27 source=[免费节点3] url=https://raw.githubusercontent.com/sunmiao4458/free-proxy-airport/main/README.md
============================================================
[INFO] sublink try repo: https://github.com/mfuu/FreeProxies
[INFO] sublink try page: https://raw.githubusercontent.com/mfuu/FreeProxies/master/README.md
[OK] proxies=743 new=743 url=https://raw.githubusercontent.com/mfuu/FreeProxies/master/sub.yaml
[OK] proxies=743 source=[免费节点4] url=https://raw.githubusercontent.com/mfuu/FreeProxies/master/README.md
============================================================
[INFO] sublink try repo: https://github.com/vxiaov/free_proxies
[INFO] sublink try page: https://raw.githubusercontent.com/vxiaov/free_proxies/main/README.md
[OK] proxies=1 new=1 url=https://raw.githubusercontent.com/vxiaov/free_proxies/main/README.md
[OK] proxies=28 new=28 url=https://{cdn.jsdelivr.net|raw.githubusercontent.com}/vxiaov/free_proxies/main/clash/clash.provider.yaml
[OK] proxies=29 source=[免费节点5] url=https://raw.githubusercontent.com/vxiaov/free_proxies/main/README.md
============================================================
[INFO] sublink try repo: https://github.com/anaer/Sub
[INFO] sublink try page: https://raw.githubusercontent.com/anaer/Sub/main/README.MD
[OK] proxies=1615 new=1615 url=https://anaer.github.io/Sub/clash.yaml
[OK] proxies=1615 new=0 url=https://raw.githubusercontent.com/anaer/Sub/main/clash.yaml
[OK] proxies=1615 source=[免费节点6] url=https://raw.githubusercontent.com/anaer/Sub/main/README.MD
============================================================
[INFO] sublink try repo: https://github.com/snakem982/proxypool
[INFO] sublink try page: https://raw.githubusercontent.com/snakem982/proxypool/main/README.md
[OK] proxies=64 new=64 url=https://raw.githubusercontent.com/snakem982/proxypool/main/source/clash-meta-2.yaml
[OK] proxies=64 new=0 url=https://raw.githubusercontent.com/snakem982/proxypool/main/source/v2ray-2.txt
[OK] proxies=64 new=0 url=https://raw.githubusercontent.com/snakem982/proxypool/main/source/sing-box-2.json
[OK] proxies=64 source=[免费节点7] url=https://raw.githubusercontent.com/snakem982/proxypool/main/README.md
============================================================
[INFO] sublink try repo: https://github.com/mahdibland/V2RayAggregator
[INFO] sublink try page: https://raw.githubusercontent.com/mahdibland/V2RayAggregator/master/README.md
[OK] proxies=380 new=380 url=https://raw.githubusercontent.com/mahdibland/V2RayAggregator/master/README.md
[OK] proxies=1 new=1 url=https://github.com/mahdibland/SSAggregator/actions/workflows/Collector.yml
[OK] proxies=1 new=0 url=https://github.com/mahdibland/SSAggregator/actions/workflows/Airport_Collector.yml
[OK] proxies=197 new=0 url=https://raw.githubusercontent.com/mahdibland/ShadowsocksAggregator/master/Eternity.txt
[OK] proxies=198 new=7 url=https://raw.githubusercontent.com/mahdibland/ShadowsocksAggregator/master/Eternity.yml
[OK] proxies=61 new=61 url=https://raw.githubusercontent.com/mahdibland/ShadowsocksAggregator/master/EternityAir.txt
[OK] proxies=3857 new=3565 url=https://raw.githubusercontent.com/mahdibland/SSAggregator/master/sub/sub_merge_base64.txt
[OK] proxies=3857 new=0 url=https://raw.githubusercontent.com/mahdibland/{SSAggregator|ShadowsocksAggregator}/master/sub/sub_merge.txt
[OK] proxies=3991 new=160 url=https://raw.githubusercontent.com/mahdibland/SSAggregator/master/sub/sub_merge_yaml.yml
[OK] proxies=61 new=0 url=https://raw.githubusercontent.com/mahdibland/SSAggregator/master/sub/airport_merge_base64.txt
[OK] proxies=61 new=0 url=https://raw.githubusercontent.com/mahdibland/SSAggregator/master/sub/airport_sub_merge.txt
[OK] proxies=1413 new=0 url=https://raw.githubusercontent.com/mahdibland/ShadowsocksAggregator/master/sub/splitted/vmess.txt
[OK] proxies=565 new=0 url=https://raw.githubusercontent.com/mahdibland/ShadowsocksAggregator/master/sub/splitted/trojan.txt
[OK] proxies=43 new=0 url=https://raw.githubusercontent.com/mahdibland/ShadowsocksAggregator/master/sub/splitted/ssr.txt
[OK] proxies=1836 new=0 url=https://raw.githubusercontent.com/mahdibland/ShadowsocksAggregator/master/sub/splitted/ss.txt
[OK] proxies=1 new=0 url=https://cdn.jsdelivr.net/gh/mahdibland/V2RayAggregator@master/update/provider/provider-meta.yml
[OK] proxies=1 new=0 url=https://cdn.jsdelivr.net/gh/mahdibland/V2RayAggregator@master/update/provider/provider-meta-cn.yml
[OK] proxies=1 new=0 url=https://cdn.jsdelivr.net/gh/mahdibland/V2RayAggregator@master/update/provider/provider-meta-others.yml
[OK] proxies=1 new=0 url=https://cdn.jsdelivr.net/gh/mahdibland/V2RayAggregator@master/update/provider/provider.yml
[OK] proxies=1 new=0 url=https://cdn.jsdelivr.net/gh/mahdibland/V2RayAggregator@master/update/provider/provider-cn.yml
[OK] proxies=1 new=0 url=https://cdn.jsdelivr.net/gh/mahdibland/V2RayAggregator@master/update/provider/provider-others.yml
[OK] proxies=4174 source=[免费节点8] url=https://raw.githubusercontent.com/mahdibland/V2RayAggregator/master/README.md
============================================================
[INFO] sublink try repo: https://github.com/w1770946466/Auto_proxy
[INFO] sublink try page: https://raw.githubusercontent.com/w1770946466/Auto_proxy/main/README.md
[OK] proxies=1 new=1 url=https://github.com/w1770946466/Auto_proxy/actions/workflows/main.yml
[OK] proxies=245 new=245 url=https://raw.githubusercontent.com/w1770946466/Auto_proxy/main/{Long_term_subscription2.yaml|Long_term_subscription1.yaml|Long_term_subscription3.yaml}
[OK] proxies=489 new=54 url=https://raw.githubusercontent.com/w1770946466/Auto_proxy/main/{Long_term_subscription1|Long_term_subscription2|Long_term_subscription3|Long_term_subscription4|Long_term_subscription5|Long_term_subscription6|Long_term_subscription7|Long_term_subscription8}
[OK] proxies=489 new=315 url=https://raw.githubusercontent.com/w1770946466/Auto_proxy/main/Long_term_subscription_num
[OK] proxies=615 source=[免费节点9] url=https://raw.githubusercontent.com/w1770946466/Auto_proxy/main/README.md
============================================================
[INFO] sublink try repo: https://github.com/PuddinCat/BestClash
[INFO] sublink try page: https://raw.githubusercontent.com/PuddinCat/BestClash/main/README.md
[OK] proxies=16 new=16 url=https://raw.githubusercontent.com/PuddinCat/BestClash/main/proxies.yaml
[OK] proxies=28 new=28 url=https://cdn.jsdelivr.net/gh/vxiaov/free_proxies@main/clash/clash.provider.yaml
[OK] proxies=24 new=24 url=https://freenode.openrunner.net/uploads/20240807-clash.yaml
[OK] proxies=26 new=26 url=https://raw.githubusercontent.com/Misaka-blog/chromego_merge/main/sub/merged_proxies_new.yaml
[OK] proxies=4762 new=4733 url=https://raw.githubusercontent.com/{NiceVPN123|anaer}/{NiceVPN|Sub}/main/{Clash.yaml|clash.yaml}
[OK] proxies=24 new=0 url=https://raw.githubusercontent.com/{chengaopan|peasoft}/{AutoMergePublicNodes|NoMoreWalls}/master/list.yml
[OK] proxies=312 new=276 url=https://raw.githubusercontent.com/{ermaozi|ermaozi01}/{get_subscribe|free_clash_vpn}/main/subscribe/clash.yml
[OK] proxies=198 new=170 url=https://raw.githubusercontent.com/mahdibland/ShadowsocksAggregator/master/Eternity.yml
[OK] proxies=165 new=160 url=https://raw.githubusercontent.com/ronghuaxueleng/get_v2/main/pub/combine.yaml
[OK] proxies=144 new=3 url=https://raw.githubusercontent.com/zhangkaiitugithub/passcro/main/speednodes.yaml
[OK] proxies=5436 source=[免费节点10] url=https://raw.githubusercontent.com/PuddinCat/BestClash/main/README.md
============================================================
[INFO] sublink try repo: https://github.com/kooker/FreeSubsCheck
[INFO] sublink try page: https://raw.githubusercontent.com/kooker/FreeSubsCheck/main/README.md
[OK] proxies=7 new=7 url=https://raw.githubusercontent.com/kooker/FreeSubsCheck/main/mihomo.yaml
[OK] proxies=7 new=0 url=https://raw.githubusercontent.com/kooker/FreeSubsCheck/main/all.yaml
[OK] proxies=7 new=2 url=https://raw.githubusercontent.com/kooker/FreeSubsCheck/main/base64.txt
[OK] proxies=1 new=1 url=https://raw.githubusercontent.com/kooker/FreeSubsCheck/main/byxiaoxi.txt
[OK] proxies=452 new=451 url=https://raw.githubusercontent.com/kooker/FreeSubsCheck/main/kooker.jp.txt
[OK] proxies=461 source=[免费节点11] url=https://raw.githubusercontent.com/kooker/FreeSubsCheck/main/README.md
============================================================
[INFO] toolkit try repo: https://github.com/Pawdroid/shadowrocket_for_android
[INFO] toolkit try release: https://github.com/Pawdroid/shadowrocket_for_android/releases
[INFO] toolkit try release: https://github.com/Pawdroid/shadowrocket_for_android/releases/expanded_assets/10.10.51
[INFO] toolkit try download: https://github.com/Pawdroid/shadowrocket_for_android/releases/download/10.10.51/Shadowrocket_10.10.51_shadowrocketStandard_arm64-v8a.apk
[OK] toolkit downloaded: Shadowrocket_10.10.51_shadowrocketStandard_arm64-v8a.apk bytes=41111539
[OK] toolkit extracted archive=Shadowrocket_10.10.51_shadowrocketStandard_arm64-v8a.apk tool=zipfile files=1175 dirs=44
[OK] toolkit sr-apk scanned prefixes=36 files=6 keys=2 archive=Shadowrocket_10.10.51_shadowrocketStandard_arm64-v8a.apk
[OK] proxies=751 new=751 url=https://{cdn.jsdelivr.net|raw.githubusercontent.com}/pixelor/ecfg/main/data/ecfg6_zh
[OK] proxies=708 new=62 url=https://{raw.githubusercontent.com|cdn.jsdelivr.net}/pixelor/ecfg/main/data/ecfg6_en
[OK] proxies=184 new=78 url=https://{cdn.jsdelivr.net|raw.githubusercontent.com}/pixelor/ecfg/main/data/ecfg6
[OK] proxies=618 new=0 url=https://{files.shadowrockets.app|cdn.shadowrockets.app}/ecfg/data/ecfg6_en
[OK] proxies=90 new=0 url=https://{files.shadowrockets.app|cdn.shadowrockets.app}/ecfg/data/ecfg6
[OK] proxies=618 new=0 url=https://{files.shadowrockets.app|cdn.shadowrockets.app}/ecfg/data/ecfg6_zh
[OK] proxies=891 source=[Pawdroid-SR-APK] url=https://github.com/Pawdroid/shadowrocket_for_android/releases/download/10.10.51/Shadowrocket_10.10.51_shadowrocketStandard_arm64-v8a.apk
============================================================
[INFO] toolkit try page: https://shadowshare.v2cross.com
[INFO] toolkit try download: https://shadowshare.v2cross.com/shadowshare.apk
[OK] toolkit downloaded: shadowshare.apk bytes=62868122
[OK] toolkit extracted archive=shadowshare.apk tool=zipfile files=612 dirs=39
[OK] toolkit ss-apk scanned prefixes=10 files=3 keys=1 archive=shadowshare.apk
[OK] proxies=198 new=112 url=https://{raw.githubusercontent.com|jsd.onmicrosoft.cn}/hideme9527/ecsfg/main/data/sareserver
[OK] proxies=1386 new=1369 url=https://{raw.githubusercontent.com|jsd.onmicrosoft.cn}/hideme9527/ecsfg/main/data/sareserver_en
[OK] proxies=45 new=0 url=https://{shadowsharing.com|sare.159236.xyz}/data/sareserver
[OK] proxies=1386 new=0 url=https://{shadowsharing.com|sare.159236.xyz}/data/sareserver_en
[OK] proxies=1481 source=[Pawdroid-SS-APK] url=https://shadowshare.v2cross.com/shadowshare.apk
============================================================
[INFO] sublink try repo: https://github.com/free-nodes/clashfree
[INFO] sublink try page: https://raw.githubusercontent.com/free-nodes/clashfree/main/README.md
[OK] proxies=1353 new=1353 url=https://raw.githubusercontent.com/free-nodes/clashfree/main/README.md
[OK] proxies=1353 new=0 url=https://raw.githubusercontent.com/free-nodes/clashfree/main/clash20260920.yml
[OK] proxies=1 new=1 url=https://github.com/free-nodes/clashfree/blob/main/clash20260920.yml
[OK] proxies=1354 source=[Clashfree] url=https://raw.githubusercontent.com/free-nodes/clashfree/main/README.md
============================================================
[INFO] sublink try repo: https://github.com/Epodonios/v2ray-configs
[INFO] sublink try page: https://raw.githubusercontent.com/Epodonios/v2ray-configs/main/README.md
[OK] proxies=1 new=1 url=https://github.com/Epodonios/V2ray-Configs/actions/workflows/main.yml
[OK] proxies=4126 new=4126 url=https://github.com/Epodonios/v2ray-configs/raw/main/All_Configs_Sub.txt
[OK] proxies=4126 new=0 url=https://github.com/Epodonios/v2ray-configs/raw/main/All_Configs_base64_Sub.txt
[OK] proxies=3414 new=272 url=https://github.com/Epodonios/v2ray-configs/raw/main/Splitted-By-Protocol/vless.txt
[OK] proxies=171 new=17 url=https://github.com/Epodonios/v2ray-configs/raw/main/Splitted-By-Protocol/vmess.txt
[OK] proxies=421 new=20 url=https://github.com/Epodonios/v2ray-configs/raw/main/Splitted-By-Protocol/ss.txt
[OK] proxies=191 new=23 url=https://github.com/Epodonios/v2ray-configs/raw/main/Splitted-By-Protocol/trojan.txt
[OK] proxies=4126 new=0 url=https://raw.githubusercontent.com/Epodonios/v2ray-configs/main/{Sub1.txt|Sub2.txt|Sub3.txt|Sub4.txt|Sub5.txt|Sub6.txt|Sub7.txt|Sub8.txt}
[OK] proxies=4459 source=[Epodonios] url=https://raw.githubusercontent.com/Epodonios/v2ray-configs/main/README.md
============================================================
[INFO] sublink try repo: https://github.com/free-clash-v2ray/free-clash-v2ray.github.io
[INFO] sublink try page: https://raw.githubusercontent.com/free-clash-v2ray/free-clash-v2ray.github.io/main/README.md
[OK] proxies=2890 new=2890 url=https://free-clash-v2ray.github.io/uploads/2026/09/{0-20260913.yaml|1-20260913.yaml|2-20260913.yaml|3-20260913.yaml}
[OK] proxies=4384 new=1835 url=https://free-clash-v2ray.github.io/uploads/2026/09/{0-20260913.txt|1-20260913.txt|2-20260913.txt|3-20260913.txt|4-20260913.txt}
[OK] proxies=4725 source=[Free-clash-v2ray] url=https://raw.githubusercontent.com/free-clash-v2ray/free-clash-v2ray.github.io/main/README.md
============================================================
[INFO] article try page: https://v2rayclashfree.com
[INFO] sublink try page: https://v2rayclashfree.com/fn/20260920.html
[WARN] source=[V2rayclashfree-RSS] no proxies found=0 raw=3803
[INFO] source=[V2rayclashfree-RSS] reused previous raw file=797390808269-raw-1730-20260919.yaml stamp=202609191730
[OK] proxies=3803 source=[V2rayclashfree-RSS] url=https://v2rayclashfree.com/fn/20260920.html
============================================================
[INFO] raw backup written path=/home/runner/work/Free-node-autotest/Free-node-autotest/output/raw.yaml proxies=31234
[INFO] toolkit try repo: https://github.com/MetaCubeX/mihomo
[INFO] toolkit try release: https://github.com/MetaCubeX/mihomo/releases
[INFO] toolkit try release: https://github.com/MetaCubeX/mihomo/releases/expanded_assets/v1.19.31
[INFO] toolkit try download: https://github.com/MetaCubeX/mihomo/releases/download/v1.19.31/mihomo-linux-amd64-compatible-v1.19.31.gz
[OK] toolkit downloaded: mihomo-linux-amd64-compatible-v1.19.31.gz bytes=22821836
[OK] toolkit sha256 verified: mihomo-linux-amd64-compatible-v1.19.31.gz sha256=04cf9f09671704f839ddbee2e93069dc831a4123a75281e725d1d96ab9ac1afc
[OK] proxy engine ready: starting latency test package=mihomo-linux-amd64-compatible-v1.19.31.gz
============================================================
[WARN] batch start failed size=18059 {1} split -> 9029 {2} + 9030 {3}
[WARN] batch start failed size=9029 {2} split -> 4514 {4} + 4515 {5}
[WARN] batch start failed size=9030 {3} split -> 4515 {6} + 4515 {7}
[WARN] batch start failed size=4514 {4} split -> 2257 {8} + 2257 {9}
[WARN] batch start failed size=4515 {6} split -> 2257 {10} + 2258 {11}
[WARN] batch start failed size=2257 {8} split -> 1128 {12} + 1129 {13}
[TEST] {5} tested 100/4515 kept=0 rest=17959
[WARN] batch start failed size=4515 {7} split -> 2257 {14} + 2258 {15}
[TEST] {9} tested 100/2257 kept=13 rest=17766
[WARN] batch start failed size=2257 {10} split -> 1128 {16} + 1129 {17}
[TEST] {9} tested 200/2257 kept=16 rest=17660
[TEST] {5} tested 200/4515 kept=0 rest=17657
[WARN] batch start failed size=2258 {11} split -> 1129 {18} + 1129 {19}
[TEST] {9} tested 300/2257 kept=35 rest=17525
[WARN] batch start failed size=1129 {13} split -> 564 {20} + 565 {21}
[TEST] {5} tested 300/4515 kept=20 rest=17456
[WARN] batch start failed size=1128 {12} split -> 564 {22} + 564 {23}
[TEST] {5} tested 400/4515 kept=76 rest=17337
[TEST] {9} tested 400/2257 kept=36 rest=17213
[TEST] {14} tested 100/2257 kept=15 rest=17082
[TEST] {14} tested 200/2257 kept=16 rest=16959
[TEST] {5} tested 500/4515 kept=85 rest=16805
[TEST] {9} tested 500/2257 kept=40 rest=16775
[TEST] {9} tested 600/2257 kept=40 rest=16615
[TEST] {14} tested 300/2257 kept=19 rest=16533
[TEST] {14} tested 400/2257 kept=19 rest=16428
[TEST] {14} tested 500/2257 kept=31 rest=16301
[TEST] {5} tested 600/4515 kept=85 rest=16263
[TEST] {14} tested 600/2257 kept=32 rest=16152
[TEST] {9} tested 700/2257 kept=41 rest=16113
[TEST] {9} tested 800/2257 kept=41 rest=15954
[TEST] {9} tested 900/2257 kept=41 rest=15810
[TEST] {14} tested 700/2257 kept=33 rest=15708
[TEST] {5} tested 700/4515 kept=85 rest=15623
[TEST] {14} tested 800/2257 kept=35 rest=15595
[TEST] {14} tested 900/2257 kept=42 rest=15458
[TEST] {14} tested 1000/2257 kept=49 rest=15349
[TEST] {9} tested 1000/2257 kept=41 rest=15256
[TEST] {5} tested 800/4515 kept=85 rest=15198
[TEST] {9} tested 1100/2257 kept=72 rest=15105
[TEST] {14} tested 1100/2257 kept=52 rest=14974
[TEST] {14} tested 1200/2257 kept=53 rest=14858
[TEST] {14} tested 1300/2257 kept=58 rest=14725
[TEST] {14} tested 1400/2257 kept=82 rest=14575
[TEST] {9} tested 1200/2257 kept=100 rest=14558
[TEST] {5} tested 900/4515 kept=85 rest=14535
[TEST] {14} tested 1500/2257 kept=88 rest=14407
[TEST] {14} tested 1600/2257 kept=101 rest=14232
[TEST] {9} tested 1300/2257 kept=101 rest=14195
[TEST] {14} tested 1700/2257 kept=120 rest=14117
[TEST] {14} tested 1800/2257 kept=150 rest=14006
[TEST] {14} tested 1900/2257 kept=189 rest=13890
[TEST] {14} tested 2000/2257 kept=224 rest=13766
[TEST] {14} tested 2100/2257 kept=274 rest=13660
[TEST] {14} tested 2200/2257 kept=333 rest=13546
[TEST] {5} tested 1000/4515 kept=85 rest=13513
[TEST] {9} tested 1400/2257 kept=101 rest=13377
[TEST] {9} tested 1500/2257 kept=102 rest=13274
[TEST] {14} tested 2257/2257 kept=338 rest=13173
[TEST] {5} tested 1100/4515 kept=85 rest=13159
[TEST] {9} tested 1600/2257 kept=103 rest=13028
[WARN] batch start failed size=2258 {15} split -> 1129 {24} + 1129 {25}
[TEST] {16} tested 100/1128 kept=0 rest=12851
[TEST] {16} tested 200/1128 kept=0 rest=12746
[TEST] {16} tested 300/1128 kept=0 rest=12637
[TEST] {5} tested 1200/4515 kept=85 rest=12629
[TEST] {9} tested 1700/2257 kept=103 rest=12475
[TEST] {16} tested 400/1128 kept=0 rest=12324
[TEST] {5} tested 1300/4515 kept=85 rest=12285
[TEST] {16} tested 500/1128 kept=0 rest=12218
[TEST] {16} tested 600/1128 kept=0 rest=12089
[TEST] {9} tested 1800/2257 kept=103 rest=12053
[TEST] {5} tested 1400/4515 kept=85 rest=11922
[TEST] {9} tested 1900/2257 kept=103 rest=11878
[TEST] {16} tested 700/1128 kept=0 rest=11730
[TEST] {16} tested 800/1128 kept=0 rest=11622
[TEST] {16} tested 900/1128 kept=0 rest=11507
[TEST] {5} tested 1500/4515 kept=85 rest=11329
[TEST] {9} tested 2000/2257 kept=103 rest=11260
[TEST] {16} tested 1000/1128 kept=0 rest=11159
[TEST] {5} tested 1600/4515 kept=85 rest=11016
[TEST] {9} tested 2100/2257 kept=103 rest=10986
[TEST] {5} tested 1700/4515 kept=85 rest=10876
[TEST] {9} tested 2200/2257 kept=103 rest=10705
[TEST] {5} tested 1800/4515 kept=85 rest=10694
[TEST] {16} tested 1100/1128 kept=0 rest=10690
[TEST] {16} tested 1128/1128 kept=0 rest=10658
[TEST] {5} tested 1900/4515 kept=85 rest=10554
[WARN] batch start failed size=1129 {17} split -> 564 {26} + 565 {27}
[TEST] {26} tested 100/564 kept=2 rest=10387
[TEST] {5} tested 2000/4515 kept=85 rest=10330
[TEST] {5} tested 2100/4515 kept=85 rest=10218
[TEST] {9} tested 2257/2257 kept=103 rest=10161
[TEST] {5} tested 2200/4515 kept=85 rest=10102
[TEST] {18} tested 100/1129 kept=3 rest=9897
[TEST] {5} tested 2300/4515 kept=85 rest=9882
[TEST] {26} tested 200/564 kept=3 rest=9695
[TEST] {26} tested 300/564 kept=45 rest=9543
[TEST] {5} tested 2400/4515 kept=85 rest=9538
[TEST] {26} tested 400/564 kept=109 rest=9367
[TEST] {5} tested 2500/4515 kept=85 rest=9302
[TEST] {18} tested 200/1129 kept=19 rest=9193
[TEST] {18} tested 300/1129 kept=19 rest=9059
[TEST] {5} tested 2600/4515 kept=95 rest=8924
[TEST] {18} tested 400/1129 kept=22 rest=8923
[TEST] {26} tested 500/564 kept=184 rest=8886
[TEST] {5} tested 2700/4515 kept=98 rest=8738
[TEST] {26} tested 564/564 kept=188 rest=8708
[WARN] batch start failed size=565 {21} split -> 282 {28} + 283 {29}
[TEST] {18} tested 500/1129 kept=36 rest=8614
[TEST] {18} tested 600/1129 kept=49 rest=8489
[TEST] {5} tested 2800/4515 kept=98 rest=8418
[TEST] {20} tested 100/564 kept=0 rest=8187
[TEST] {18} tested 700/1129 kept=51 rest=8133
[TEST] {5} tested 2900/4515 kept=98 rest=8103
[TEST] {18} tested 800/1129 kept=51 rest=7992
[TEST] {18} tested 900/1129 kept=51 rest=7885
[TEST] {18} tested 1000/1129 kept=52 rest=7779
[TEST] {5} tested 3000/4515 kept=99 rest=7641
[TEST] {18} tested 1100/1129 kept=58 rest=7505
[TEST] {20} tested 200/564 kept=3 rest=7444
[TEST] {5} tested 3100/4515 kept=99 rest=7443
[TEST] {18} tested 1129/1129 kept=58 rest=7310
[WARN] batch start failed size=564 {22} split -> 282 {30} + 282 {31}
[TEST] {5} tested 3200/4515 kept=99 rest=7254
[TEST] {23} tested 100/564 kept=52 rest=7092
[TEST] {23} tested 200/564 kept=85 rest=6943
[TEST] {20} tested 300/564 kept=5 rest=6926
[TEST] {5} tested 3300/4515 kept=99 rest=6832
[TEST] {20} tested 400/564 kept=35 rest=6809
[TEST] {5} tested 3400/4515 kept=99 rest=6612
[TEST] {23} tested 300/564 kept=118 rest=6490
[TEST] {20} tested 500/564 kept=39 rest=6376
[TEST] {5} tested 3500/4515 kept=99 rest=6346
[TEST] {20} tested 564/564 kept=39 rest=6231
[TEST] {5} tested 3600/4515 kept=99 rest=6193
[WARN] batch start failed size=1129 {25} split -> 564 {32} + 565 {33}
[TEST] {23} tested 400/564 kept=136 rest=6134
[TEST] {24} tested 100/1129 kept=12 rest=5916
[TEST] {24} tested 200/1129 kept=30 rest=5813
[TEST] {24} tested 300/1129 kept=55 rest=5704
[TEST] {23} tested 500/564 kept=165 rest=5612
[TEST] {24} tested 400/1129 kept=66 rest=5598
[TEST] {24} tested 500/1129 kept=68 rest=5491
[TEST] {24} tested 600/1129 kept=69 rest=5384
[TEST] {24} tested 700/1129 kept=69 rest=5282
[TEST] {24} tested 800/1129 kept=71 rest=5171
[TEST] {24} tested 900/1129 kept=74 rest=5061
[TEST] {24} tested 1000/1129 kept=93 rest=4949
[TEST] {5} tested 3700/4515 kept=100 rest=4889
[TEST] {23} tested 564/564 kept=168 rest=4762
[WARN] batch start failed size=1129 {19} split -> 564 {34} + 565 {35}
[WARN] batch start failed size=565 {27} split -> 282 {36} + 283 {37}
[TEST] {5} tested 3800/4515 kept=101 rest=4701
[TEST] {24} tested 1100/1129 kept=117 rest=4689
[TEST] {24} tested 1129/1129 kept=117 rest=4649
[WARN] batch start failed size=282 {28} split -> 141 {38} + 141 {39}
[WARN] batch start failed size=282 {30} split -> 141 {40} + 141 {41}
[TEST] {29} tested 100/283 kept=1 rest=4480
[TEST] {5} tested 3900/4515 kept=101 rest=4419
[TEST] {31} tested 100/282 kept=4 rest=4238
[TEST] {29} tested 200/283 kept=2 rest=4180
[TEST] {5} tested 4000/4515 kept=103 rest=4076
[TEST] {5} tested 4100/4515 kept=103 rest=3973
[TEST] {31} tested 200/282 kept=7 rest=3811
[TEST] {5} tested 4200/4515 kept=103 rest=3753
[TEST] {29} tested 283/283 kept=2 rest=3668
[TEST] {31} tested 282/282 kept=7 rest=3619
[WARN] batch start failed size=564 {32} split -> 282 {42} + 282 {43}
[TEST] {5} tested 4300/4515 kept=103 rest=3602
[WARN] batch start failed size=564 {34} split -> 282 {44} + 282 {45}
[TEST] {33} tested 100/565 kept=1 rest=3439
[TEST] {33} tested 200/565 kept=9 rest=3334
[TEST] {33} tested 300/565 kept=70 rest=3211
[TEST] {5} tested 4400/4515 kept=103 rest=3137
[TEST] {35} tested 100/565 kept=0 rest=3016
[TEST] {33} tested 400/565 kept=146 rest=2908
[TEST] {35} tested 200/565 kept=0 rest=2825
[TEST] {33} tested 500/565 kept=240 rest=2661
[TEST] {35} tested 300/565 kept=7 rest=2638
[TEST] {5} tested 4500/4515 kept=103 rest=2501
[TEST] {35} tested 400/565 kept=13 rest=2445
[TEST] {5} tested 4515/4515 kept=103 rest=2415
[TEST] {35} tested 500/565 kept=15 rest=2244
[TEST] {36} tested 100/282 kept=51 rest=2223
[TEST] {33} tested 565/565 kept=261 rest=2206
[WARN] batch start failed size=283 {37} split -> 141 {46} + 142 {47}
[TEST] {36} tested 200/282 kept=103 rest=2107
[TEST] {35} tested 565/565 kept=17 rest=1948
[WARN] batch start failed size=141 {39} split -> 70 {48} + 71 {49}
[WARN] batch start failed size=141 {40} split -> 70 {50} + 71 {51}
[TEST] {36} tested 282/282 kept=131 rest=1897
[WARN] batch start failed size=141 {41} split -> 70 {52} + 71 {53}
[WARN] batch start failed size=282 {43} split -> 141 {54} + 141 {55}
[TEST] {38} tested 100/141 kept=0 rest=1875
[WARN] batch start failed size=282 {42} split -> 141 {56} + 141 {57}
[TEST] {38} tested 141/141 kept=0 rest=1834
[WARN] batch start failed size=282 {45} split -> 141 {58} + 141 {59}
[WARN] batch start failed size=282 {44} split -> 141 {60} + 141 {61}
[WARN] batch start failed size=141 {46} split -> 70 {62} + 71 {63}
[WARN] batch start failed size=141 {59} split -> 70 {64} + 71 {65}
[TEST] {47} tested 100/142 kept=1 rest=1704
[WARN] batch start failed size=71 {51} split -> 35 {66} + 36 {67}
[TEST] {47} tested 142/142 kept=1 rest=1599
[TEST] {48} tested 70/70 kept=6 rest=1593
[WARN] batch start failed size=70 {52} split -> 35 {68} + 35 {69}
[TEST] {50} tested 70/70 kept=12 rest=1538
[WARN] batch start failed size=141 {54} split -> 70 {70} + 71 {71}
[WARN] batch start failed size=141 {56} split -> 70 {72} + 71 {73}
[TEST] {55} tested 100/141 kept=31 rest=1414
[TEST] {57} tested 100/141 kept=71 rest=1282
[TEST] {53} tested 71/71 kept=38 rest=1251
[TEST] {55} tested 141/141 kept=57 rest=1180
[WARN] batch start failed size=71 {49} split -> 35 {74} + 36 {75}
[TEST] {57} tested 141/141 kept=76 rest=1101
[WARN] batch start failed size=141 {61} split -> 70 {76} + 71 {77}
[WARN] batch start failed size=70 {62} split -> 35 {78} + 35 {79}
[TEST] {58} tested 100/141 kept=2 rest=976
[TEST] {58} tested 141/141 kept=2 rest=933
[TEST] {60} tested 100/141 kept=3 rest=840
[TEST] {63} tested 71/71 kept=2 rest=799
[TEST] {60} tested 141/141 kept=3 rest=798
[WARN] batch start failed size=70 {64} split -> 35 {80} + 35 {81}
[WARN] batch start failed size=36 {67} split -> 18 {82} + 18 {83}
[WARN] batch start failed size=35 {69} split -> 17 {84} + 18 {85}
[TEST] {65} tested 71/71 kept=1 rest=724
[WARN] batch start failed size=70 {70} split -> 35 {86} + 35 {87}
[TEST] {66} tested 35/35 kept=6 rest=662
[WARN] batch start failed size=70 {72} split -> 35 {88} + 35 {89}
[TEST] {68} tested 35/35 kept=0 rest=603
[WARN] batch start failed size=35 {74} split -> 17 {90} + 18 {91}
[TEST] {71} tested 71/71 kept=9 rest=554
[WARN] batch start failed size=70 {76} split -> 35 {92} + 35 {93}
[TEST] {73} tested 71/71 kept=50 rest=506
[WARN] batch start failed size=35 {78} split -> 17 {94} + 18 {95}
[TEST] {75} tested 36/36 kept=2 rest=465
[TEST] {77} tested 71/71 kept=0 rest=425
[WARN] batch start failed size=35 {80} split -> 17 {96} + 18 {97}
[WARN] batch start failed size=18 {82} split -> 9 {98} + 9 {99}
[TEST] {79} tested 35/35 kept=10 rest=405
[WARN] batch start failed size=18 {83} split -> 9 {100} + 9 {101}
[WARN] batch start failed size=18 {85} split -> 9 {102} + 9 {103}
[WARN] batch start failed size=17 {84} split -> 8 {104} + 9 {105}
[TEST] {81} tested 35/35 kept=0 rest=386
[WARN] batch start failed size=35 {87} split -> 17 {106} + 18 {107}
[WARN] batch start failed size=35 {88} split -> 17 {108} + 18 {109}
[WARN] batch start failed size=17 {90} split -> 8 {110} + 9 {111}
[TEST] {86} tested 35/35 kept=6 rest=306
[TEST] {89} tested 35/35 kept=32 rest=290
[WARN] batch start failed size=35 {92} split -> 17 {112} + 18 {113}
[TEST] {91} tested 18/18 kept=6 rest=281
[WARN] batch start failed size=18 {95} split -> 9 {114} + 9 {115}
[TEST] {93} tested 35/35 kept=0 rest=236
[WARN] batch start failed size=18 {97} split -> 9 {116} + 9 {117}
[WARN] batch start failed size=9 {98} split -> 4 {118} + 5 {119}
[TEST] {94} tested 17/17 kept=1 rest=232
[WARN] batch start failed size=9 {99} split -> 4 {120} + 5 {121}
[WARN] batch start failed size=9 {100} split -> 4 {122} + 5 {123}
[TEST] {96} tested 17/17 kept=0 rest=229
[WARN] batch start failed size=9 {102} split -> 4 {124} + 5 {125}
[TEST] {104} tested 8/8 kept=0 rest=212
[WARN] batch start failed size=9 {105} split -> 4 {126} + 5 {127}
[TEST] {101} tested 9/9 kept=0 rest=195
[TEST] {103} tested 9/9 kept=1 rest=194
[WARN] batch start failed size=18 {107} split -> 9 {128} + 9 {129}
[WARN] batch start failed size=17 {108} split -> 8 {130} + 9 {131}
[WARN] batch start failed size=9 {111} split -> 4 {132} + 5 {133}
[TEST] {106} tested 17/17 kept=1 rest=172
[TEST] {109} tested 18/18 kept=15 rest=164
[WARN] batch start failed size=18 {113} split -> 9 {134} + 9 {135}
[TEST] {110} tested 8/8 kept=1 rest=151
[WARN] batch start failed size=9 {115} split -> 4 {136} + 5 {137}
[TEST] {112} tested 17/17 kept=0 rest=138
[WARN] batch start failed size=9 {117} split -> 4 {138} + 5 {139}
[WARN] batch start failed size=4 {118} split -> 2 {140} + 2 {141}
[TEST] {114} tested 9/9 kept=1 rest=133
[WARN] batch start failed size=5 {119} split -> 2 {142} + 3 {143}
[WARN] batch start failed size=5 {121} split -> 2 {144} + 3 {145}
[WARN] batch start failed size=4 {122} split -> 2 {146} + 2 {147}
[TEST] {116} tested 9/9 kept=0 rest=123
[WARN] batch start failed size=4 {124} split -> 2 {148} + 2 {149}
[TEST] {125} tested 5/5 kept=0 rest=118
[TEST] {120} tested 4/4 kept=0 rest=114
[WARN] batch start failed size=5 {127} split -> 2 {150} + 3 {151}
[WARN] batch start failed size=9 {129} split -> 4 {152} + 5 {153}
[TEST] {123} tested 5/5 kept=0 rest=109
[WARN] batch start failed size=8 {130} split -> 4 {154} + 4 {155}
[TEST] {131} tested 9/9 kept=9 rest=95
[TEST] {126} tested 4/4 kept=0 rest=89
[TEST] {133} tested 5/5 kept=4 rest=88
[WARN] batch start failed size=4 {132} split -> 2 {156} + 2 {157}
[TEST] {128} tested 9/9 kept=0 rest=84
[WARN] batch start failed size=9 {134} split -> 4 {158} + 5 {159}
[WARN] batch start failed size=5 {137} split -> 2 {160} + 3 {161}
[TEST] {136} tested 4/4 kept=0 rest=72
[TEST] {139} tested 5/5 kept=0 rest=71
[WARN] batch start failed size=4 {138} split -> 2 {162} + 2 {163}
[WARN] batch start failed size=2 {141} split -> 1 {164} + 1 {165}
[WARN] batch start failed size=3 {143} split -> 1 {166} + 2 {167}
[TEST] {140} tested 2/2 kept=0 rest=69
[WARN] batch start failed size=2 {142} split -> 1 {168} + 1 {169}
[WARN] batch start failed size=3 {145} split -> 1 {170} + 2 {171}
[WARN] batch start failed size=2 {146} split -> 1 {172} + 1 {173}
[WARN] batch start failed size=2 {147} split -> 1 {174} + 1 {175}
[TEST] {135} tested 9/9 kept=1 rest=64
[WARN] batch start failed size=2 {149} split -> 1 {176} + 1 {177}
[WARN] batch start failed size=2 {148} split -> 1 {178} + 1 {179}
[WARN] batch start failed size=3 {151} split -> 1 {180} + 2 {181}
[TEST] {144} tested 2/2 kept=0 rest=59
[WARN] batch start failed size=5 {153} split -> 2 {182} + 3 {183}
[TEST] {150} tested 2/2 kept=0 rest=57
[WARN] batch start failed size=4 {155} split -> 2 {184} + 2 {185}
[TEST] {152} tested 4/4 kept=0 rest=55
[WARN] batch start failed size=2 {156} split -> 1 {186} + 1 {187}
[WARN] batch start failed size=4 {158} split -> 2 {188} + 2 {189}
[TEST] {157} tested 2/2 kept=1 rest=53
[WARN] batch start failed size=3 {161} split -> 1 {190} + 2 {191}
[TEST] {154} tested 4/4 kept=0 rest=47
[WARN] batch start failed size=2 {163} split -> 1 {192} + 1 {193}
[TEST] {159} tested 5/5 kept=2 rest=44
[REPAIR] {164} name=[ChromeGO-ShiteThings] hysteria fields=up,down
[TEST] {160} tested 2/2 kept=0 rest=42
[REPAIR] {165} name=[ChromeGO-ShiteThings] hysteria-2 fields=up,down
[TEST] {164} tested 1/1 kept=0 rest=41
[REPAIR] {166} name=[ChromeGO-ShiteThings] hysteria-5 fields=up,down
[TEST] {165} tested 1/1 kept=0 rest=39
[REPAIR] {168} name=[ChromeGO-ShiteThings] hysteria-3 fields=up,down
[REPAIR] {169} name=[ChromeGO-ShiteThings] hysteria-4 fields=up,down
[TEST] {168} tested 1/1 kept=0 rest=38
[TEST] {162} tested 2/2 kept=1 rest=37
[TEST] {169} tested 1/1 kept=0 rest=36
[WARN] batch start failed size=2 {171} split -> 1 {194} + 1 {195}
[REPAIR] {172} name=[ChromeGO-Merge] United fields=up,down
[REPAIR] {173} name=[ChromeGO-Merge] France_hysteria_1 fields=up,down
[TEST] {167} tested 2/2 kept=0 rest=35
[TEST] {166} tested 1/1 kept=0 rest=34
[TEST] {175} tested 1/1 kept=0 rest=33
[REPAIR] {174} name=[ChromeGO-Merge] United-2 fields=up,down
[REPAIR] {176} name=[ChromeGO-Merge] United-5 fields=up,down
[TEST] {170} tested 1/1 kept=0 rest=32
[REPAIR] {179} name=[ChromeGO-Merge] Taiwan-2 fields=up,down
[TEST] {177} tested 1/1 kept=0 rest=31
[REPAIR] {178} name=[ChromeGO-Merge] United-4 fields=up,down
[TEST] {179} tested 1/1 kept=0 rest=30
[WARN] batch start failed size=2 {181} split -> 1 {196} + 1 {197}
[WARN] batch start failed size=2 {182} split -> 1 {198} + 1 {199}
[TEST] {172} tested 1/1 kept=0 rest=28
[WARN] batch start failed size=2 {185} split -> 1 {200} + 1 {201}
[TEST] {183} tested 3/3 kept=0 rest=26
[TEST] {173} tested 1/1 kept=0 rest=25
[TEST] {174} tested 1/1 kept=0 rest=23
[TEST] {176} tested 1/1 kept=0 rest=22
[TEST] {180} tested 1/1 kept=0 rest=21
[TEST] {186} tested 1/1 kept=1 rest=20
[TEST] {178} tested 1/1 kept=0 rest=19
[DROP] {187} name=[免费节点6] 日本 003 server=172.111.146.64:80 reason=Parse config error: proxy 0: filed ws-opts.headers[Host] invalid
[WARN] batch start failed size=2 {189} split -> 1 {202} + 1 {203}
[TEST] {184} tested 2/2 kept=1 rest=16
[TEST] {190} tested 1/1 kept=0 rest=15
[WARN] batch start failed size=2 {191} split -> 1 {204} + 1 {205}
[TEST] {193} tested 1/1 kept=0 rest=14
[DROP] {192} name=[Epodonios] EPODONIOS-384 server=66.33.22.232:34118 reason=Parse config error: proxy 0: 'reality-opts' has unset fields: public-key
[REPAIR] {195} name=[ChromeGO-Merge] WARP fields=dialer-proxy
[REPAIR] {197} name=[ChromeGO-Merge] France fields=up,down
[REPAIR] {196} name=[ChromeGO-Merge] Taiwan fields=up,down
[DROP] {198} name=[Free-clash-v2ray] 未知 SS-1521 | free-nodes server=192.0.2.1:1 reason=Parse config error: proxy 0: ss 192.0.2.1:1 cipher: i�5��\x1c�p initialize error: unknown method: i�5��\x1c�p
[TEST] {196} tested 1/1 kept=0 rest=11
[TEST] {188} tested 2/2 kept=0 rest=10
[REPAIR] {200} name=[Free-clash-v2ray] hysteria fields=up,down
[TEST] {194} tested 1/1 kept=0 rest=9
[REPAIR] {203} name=[Epodonios] EPODONIOS-102 fields=cipher
[TEST] {201} tested 1/1 kept=1 rest=8
[TEST] {195} tested 1/1 kept=0 rest=7
[REPAIR] {202} name=[Epodonios] EPODONIOS-101 fields=cipher
[TEST] {197} tested 1/1 kept=0 rest=6
[TEST] {204} tested 1/1 kept=1 rest=5
[REPAIR] {205} name=[Pawdroid-SS-APK] United+Kingdom-3 fields=cipher
[TEST] {205} tested 1/1 kept=1 rest=4
[TEST] {199} tested 1/1 kept=0 rest=3
[TEST] {200} tested 1/1 kept=0 rest=2
[TEST] {203} tested 1/1 kept=0 rest=1
[TEST] {202} tested 1/1 kept=0 rest=0
[INFO] dropped=3 [免费节点6] × 1 | [Epodonios] × 1 | [Free-clash-v2ray] × 1
============================================================
[INFO] core-dedupe dropped 1 same-host variants, kept higher health_score
[INFO] cap live source=[免费节点1] from 90 to 50 by health_score
[INFO] cap live source=[免费节点2] from 59 to 50 by health_score
[INFO] cap live source=[免费节点6] from 64 to 50 by health_score
[INFO] cap live source=[免费节点8] from 147 to 50 by health_score
[INFO] cap live source=[Pawdroid-SR-APK] from 300 to 50 by health_score
[INFO] cap live source=[Pawdroid-SS-APK] from 65 to 50 by health_score
[INFO] cap live source=[Epodonios] from 120 to 50 by health_score
[INFO] cap live source=[Free-clash-v2ray] from 551 to 50 by health_score
[INFO] cap live source=[V2rayclashfree-RSS] from 327 to 50 by health_score
[INFO] cap live total from 620 to 400 floor=5 then health_score pool
[INFO] cap live reserved=119 pool=501 taken=281
============================================================
+------------------------------+--------+--------+------+--------+
| source                       |    raw | unique | live | capped |
+------------------------------+--------+--------+------+--------+
| [大FQ运动]                   |     14 |     14 |    4 |      4 |
+------------------------------+--------+--------+------+--------+
| [Pawdroid]                   |     22 |     21 |    5 |      5 |
+------------------------------+--------+--------+------+--------+
| [FreeV2-Base64]              |      3 |      3 |    3 |      3 |
+------------------------------+--------+--------+------+--------+
| [Bocchi2b-Base64]            |     35 |     35 |    0 |      0 |
+------------------------------+--------+--------+------+--------+
| [ChromeGO-Toolkit]           |     14 |     14 |    5 |      5 |
+------------------------------+--------+--------+------+--------+
| [ChromeGO-ShiteThings]       |     31 |     25 |    1 |      1 |
+------------------------------+--------+--------+------+--------+
| [ChromeGO-Merge]             |    112 |    112 |    4 |      4 |
+------------------------------+--------+--------+------+--------+
| [Freesocks]                  |      3 |      3 |    3 |      3 |
+------------------------------+--------+--------+------+--------+
| [NekoWarp]                   |     10 |     10 |   10 |      8 |
+------------------------------+--------+--------+------+--------+
| [1VPN-CRX]                   |     17 |     17 |   15 |      5 |
+------------------------------+--------+--------+------+--------+
| [OpenRunner-RSS]             |     14 |      0 |    0 |      0 |
+------------------------------+--------+--------+------+--------+
| [V2Rayshare-RSS]             |     27 |     25 |    6 |      5 |
+------------------------------+--------+--------+------+--------+
| [Mibei77-RSS]                |    149 |    140 |    7 |      5 |
+------------------------------+--------+--------+------+--------+
| [Yoyapai-RSS]                |    211 |    189 |    4 |      4 |
+------------------------------+--------+--------+------+--------+
| [免费节点1]                  |    381 |    242 |   90 |     42 |
+------------------------------+--------+--------+------+--------+
| [免费节点2]                  |    312 |    248 |   59 |      5 |
+------------------------------+--------+--------+------+--------+
| [免费节点3]                  |     27 |     18 |   15 |      6 |
+------------------------------+--------+--------+------+--------+
| [免费节点4]                  |    743 |    706 |   40 |      8 |
+------------------------------+--------+--------+------+--------+
| [免费节点5]                  |     29 |     28 |    0 |      0 |
+------------------------------+--------+--------+------+--------+
| [免费节点6]                  |   1615 |   1525 |   64 |     32 |
+------------------------------+--------+--------+------+--------+
| [免费节点7]                  |     64 |     19 |    0 |      0 |
+------------------------------+--------+--------+------+--------+
| [免费节点8]                  |   4174 |   3328 |  147 |     27 |
+------------------------------+--------+--------+------+--------+
| [免费节点9]                  |    615 |    457 |    0 |      0 |
+------------------------------+--------+--------+------+--------+
| [免费节点10]                 |   5436 |   3085 |   18 |      5 |
+------------------------------+--------+--------+------+--------+
| [免费节点11]                 |    461 |    216 |   20 |      5 |
+------------------------------+--------+--------+------+--------+
| [Pawdroid-SR-APK]            |    891 |    527 |  300 |     50 |
+------------------------------+--------+--------+------+--------+
| [Pawdroid-SS-APK]            |   1481 |    981 |   66 |     13 |
+------------------------------+--------+--------+------+--------+
| [Clashfree]                  |   1354 |    487 |   10 |      5 |
+------------------------------+--------+--------+------+--------+
| [Epodonios]                  |   4459 |   2615 |  120 |     50 |
+------------------------------+--------+--------+------+--------+
| [Free-clash-v2ray]           |   4725 |   2249 |  551 |     50 |
+------------------------------+--------+--------+------+--------+
| [V2rayclashfree-RSS]         |   3803 |    720 |  327 |     50 |
+------------------------------+--------+--------+------+--------+
============================================================
[SUMMARY] total_nodes=31232
[SUMMARY] legal_candidates=18059
[SUMMARY] passed_latency_test=400
[SUMMARY] region_HK=4 region_JP=0 region_US=126
[SUMMARY] avg_latency_ms=147.21
[SUMMARY] output=/home/runner/work/Free-node-autotest/Free-node-autotest/output/clash.yaml
============================================================
