============================================================
[INFO] sublink try page: https://end-gfw.com
[OK] proxies=2 new=2 url=https://raw.githubusercontent.com/hello-world-1989/cn-news/refs/heads/main/clash.yaml
[OK] proxies=2 new=0 url=https://raw.githubusercontent.com/hello-world-1989/cn-news/main/end-gfw-together
[OK] proxies=2 new=2 url=https://raw.githubusercontent.com/hello-world-1989/cn-news/main/end-gfw-together-ss
[INFO] source try url: https://end-gfw.com/ss-key
[OK] proxies=4 new=4 url=https://end-gfw.com/ss-key
[INFO] sublink try repo: https://github.com/hello-world-1989/cn-news
[INFO] sublink try page: https://raw.githubusercontent.com/hello-world-1989/cn-news/main/README.md
[OK] proxies=6 new=6 url=https://raw.githubusercontent.com/hello-world-1989/v2-sub/main/end-gfw-together-af3e13
[OK] proxies=14 source=[大FQ运动] url=https://raw.githubusercontent.com/hello-world-1989/cn-news/main/README.md
============================================================
[INFO] sublink try repo: https://github.com/Pawdroid/Free-servers
[INFO] sublink try page: https://raw.githubusercontent.com/Pawdroid/Free-servers/main/README.md
[OK] proxies=20 new=20 url=https://raw.githubusercontent.com/Pawdroid/Free-servers/main/README.md
[OK] proxies=20 new=0 url=https://raw.githubusercontent.com/Pawdroid/Free-servers/main/sub
[OK] proxies=1 new=1 url=https://apps.apple.com/cn/app/shadowshare/id1612647259
[OK] proxies=21 source=[Pawdroid] url=https://raw.githubusercontent.com/Pawdroid/Free-servers/main/README.md
============================================================
[INFO] source try url: https://xmxosfepggzm.503403.xyz
[OK] proxies=2 new=2 url=https://xmxosfepggzm.503403.xyz
[OK] proxies=2 source=[FreeV2-Base64] url=https://xmxosfepggzm.503403.xyz
============================================================
[INFO] source try url: https://links.bocchi2b.top/clash
[OK] proxies=35 new=35 url=https://links.bocchi2b.top/clash
[OK] proxies=35 source=[Bocchi2b-Base64] url=https://links.bocchi2b.top/clash
============================================================
[INFO] toolkit try repo: https://github.com/bannedbook/fanqiang
[INFO] toolkit try release: https://github.com/bannedbook/fanqiang/releases
[INFO] toolkit try release: https://github.com/bannedbook/fanqiang/releases/expanded_assets/ChromeGo-latest
[INFO] toolkit try download: https://github.com/bannedbook/fanqiang/releases/download/ChromeGo-latest/ChromeGo.7z
[OK] toolkit downloaded: ChromeGo.7z bytes=100924352
[OK] toolkit extracted archive=ChromeGo.7z tool=7z files=222 dirs=45
[OK] toolkit discovered subs=107 embedded=12 archive=ChromeGo.7z
[OK] proxies=6 new=6 embedded=archive-config
[OK] proxies=7 new=5 url=https://gitlab.com/free9999/ipupdate/master/backup/img/1/2/{ipp|ip}/{hysteria2|singbox|naiveproxy|hysteria|xray}/{2|3|1|4}/config.json
[OK] proxies=7 new=0 url=https://www.67867867.xyz/Alvin9999/PAC/refs/heads/master/backup/img/1/2/{ipp|ip}/{hysteria2|singbox|naiveproxy|hysteria|xray}/{2|3|1|4}/config.json
[OK] proxies=3 new=3 url=https://gitlab.com/free9999/ipupdate/master/backup/img/1/2/{ipp|ip}/clash.meta2/{2|3|1|5|4|6}/config.yaml
[OK] proxies=3 new=0 url=https://www.67867867.xyz/Alvin9999/PAC/refs/heads/master/backup/img/1/2/{ipp|ip}/clash.meta2/{2|3|1|5|4|6}/config.yaml
[OK] proxies=14 source=[ChromeGO-Toolkit] url=https://github.com/bannedbook/fanqiang/releases/download/ChromeGo-latest/ChromeGo.7z
============================================================
[INFO] sublink try repo: https://github.com/ShiteThings/extractNodes
[INFO] sublink try page: https://raw.githubusercontent.com/ShiteThings/extractNodes/main/README.md
[OK] proxies=31 new=30 url=https://{chg26.makou.cc.cd|chg64.makou.cc.cd}
[OK] proxies=26 new=1 url=https://chg26.makou.cc.cd/sb
[OK] proxies=31 source=[ChromeGO-ShiteThings] url=https://raw.githubusercontent.com/ShiteThings/extractNodes/main/README.md
============================================================
[INFO] sublink try repo: https://github.com/shangui999/chromego_merge
[INFO] sublink try page: https://raw.githubusercontent.com/shangui999/chromego_merge/master/ReadMe.md
[OK] proxies=10 new=10 url=https://freedman.netlify.app/sub/merged_proxies_new.yaml
[OK] proxies=11 new=1 url=https://freedman.netlify.app/sub/merged_warp_proxies_new.yaml
[OK] proxies=11 new=6 url=https://freedman.netlify.app/sub/shadowrocket_base64.txt
[OK] proxies=16 new=16 url=https://freedman.netlify.app/sub/sb.json
[INFO] sublink try repo: https://github.com/yaney01/chromego
[INFO] sublink try page: https://raw.githubusercontent.com/yaney01/chromego/main/ReadMe.md
[OK] proxies=50 new=46 url=https://raw.githubusercontent.com/yaney01/chromego/main/sub/merged_proxies_new.yaml
[OK] proxies=51 new=0 url=https://raw.githubusercontent.com/yaney01/chromego/main/sub/merged_warp_proxies_new.yaml
[OK] proxies=13 new=7 url=https://raw.githubusercontent.com/yaney01/chromego/main/sub/shadowrocket_base64.txt
[OK] proxies=13 new=0 url=https://raw.githubusercontent.com/yaney01/chromego/main/sub/sb.json
[INFO] sublink try repo: https://github.com/Misaka-blog/chromego_merge
[INFO] sublink try page: https://raw.githubusercontent.com/Misaka-blog/chromego_merge/main/README.md
[OK] proxies=25 new=25 url=https://chromego-sub.netlify.app/sub/merged_proxies_new.yaml
[OK] proxies=111 source=[ChromeGO-Merge] url=https://raw.githubusercontent.com/Misaka-blog/chromego_merge/main/README.md
============================================================
[INFO] source try url: https://freesocks.org/api/v1/sub/02b897e8e77f19176b0b9f2c75864b00
[OK] proxies=3 new=3 url=https://freesocks.org/api/v1/sub/02b897e8e77f19176b0b9f2c75864b00
[OK] proxies=3 source=[Freesocks] url=https://freesocks.org/api/v1/sub/02b897e8e77f19176b0b9f2c75864b00
============================================================
[INFO] source try url: https://neko-warp.nloli.xyz/neko_warp.yaml
[OK] proxies=10 new=10 url=https://neko-warp.nloli.xyz/neko_warp.yaml
[OK] proxies=10 source=[NekoWarp] url=https://neko-warp.nloli.xyz/neko_warp.yaml
============================================================
[INFO] article try feed: https://free.datiya.com/index.xml
[INFO] sublink try page: https://free.datiya.com/post/20260914/
[OK] proxies=14 new=14 url=https://free.datiya.com/uploads/20260914-clash.yaml
[OK] proxies=14 source=[OpenRunner-RSS] url=https://free.datiya.com/post/20260914/
============================================================
[INFO] article try feed: https://v2rayshare.com/feed
[INFO] sublink try page: https://v2rayshare.net/p/5066.html
[OK] proxies=27 new=27 url=https://static.v2rayshare.net/2026/09/20260914.txt
[OK] proxies=27 new=0 url=https://static.v2rayshare.net/2026/09/20260914.yaml
[OK] proxies=27 new=0 url=https://static.v2rayshare.net/2026/09/m20260914.yaml
[INFO] sublink try repo: https://github.com/firefoxmmx2/v2rayshare_subcription
[INFO] sublink try page: https://raw.githubusercontent.com/firefoxmmx2/v2rayshare_subcription/main/README.md
[OK] proxies=27 new=0 url=https://{raw.githubusercontent.com|cdn.jsdelivr.net}/firefoxmmx2/v2rayshare_subcription/main/subscription/vray_sub.txt
[OK] proxies=27 new=0 url=https://{raw.githubusercontent.com|cdn.jsdelivr.net}/firefoxmmx2/v2rayshare_subcription/main/subscription/clash_sub.yaml
[OK] proxies=27 new=0 url=https://{raw.githubusercontent.com|cdn.jsdelivr.net}/firefoxmmx2/v2rayshare_subcription/main/subscription/mihomo_sub.yaml
[OK] proxies=27 source=[V2Rayshare-RSS] url=https://raw.githubusercontent.com/firefoxmmx2/v2rayshare_subcription/main/README.md
============================================================
[INFO] article try feed: https://www.mibei77.com/feed
[INFO] sublink try page: https://www.mibei77.com/669.html
[OK] proxies=134 new=134 url=https://mm.mibei77.com/202609/09.1464bacvf.txt
[OK] proxies=132 new=0 url=https://mm.mibei77.com/202609/0914Clasholz.yaml
[OK] proxies=134 source=[Mibei77-RSS] url=https://www.mibei77.com/669.html
============================================================
[INFO] article try feed: https://yoyapai.com/feed
[INFO] sublink try page: https://yoyapai.com/717
[OK] proxies=1 new=1 url=https://yoyapai.com/717
[OK] proxies=210 new=210 url=https://freenode.yoyapai.com/2026/09/14-yoyapai.com-clash-vpn-mianfei-jiedian.yaml
[OK] proxies=210 new=0 url=https://freenode.yoyapai.com/2026/09/14-yoyapai.com-ssrv2ray-vpn-mianfei-jiedian.txt
[OK] proxies=211 source=[Yoyapai-RSS] url=https://yoyapai.com/717
============================================================
[INFO] sublink try repo: https://github.com/free18/v2ray
[INFO] sublink try page: https://raw.githubusercontent.com/free18/v2ray/main/README.md
[OK] proxies=3 new=3 url=https://raw.githubusercontent.com/free18/v2ray/main/README.md
[OK] proxies=152 new=152 url=https://ghfast.top/https://raw.githubusercontent.com/free18/v2ray/refs/heads/main/v.txt
[OK] proxies=152 new=0 url=https://ghfast.top/https://raw.githubusercontent.com/free18/v2ray/refs/heads/main/c.yaml
[OK] proxies=155 source=[免费节点1] url=https://raw.githubusercontent.com/free18/v2ray/main/README.md
============================================================
[INFO] sublink try repo: https://github.com/ermaozi/get_subscribe
[INFO] sublink try page: https://raw.githubusercontent.com/ermaozi/get_subscribe/main/README.md
[INFO] sublink file_nodes=0 bare links=9
[OK] proxies=428 new=428 url=https://www.ermao.net/sub/{clash|v2ray}/ermao.net
[OK] proxies=427 new=0 url=https://www.ermao.net/sub/{reachable|unreachable|untested}/clash/ermao.net
[OK] proxies=428 source=[免费节点2] url=https://raw.githubusercontent.com/ermaozi/get_subscribe/main/README.md
============================================================
[INFO] sublink try repo: https://github.com/sunmiao4458/free-proxy-airport
[INFO] sublink try page: https://raw.githubusercontent.com/sunmiao4458/free-proxy-airport/main/README.md
[OK] proxies=58 new=58 url=https://sunmiao4458.github.io/free-proxy-airport/clash.yaml
[OK] proxies=58 source=[免费节点3] url=https://raw.githubusercontent.com/sunmiao4458/free-proxy-airport/main/README.md
============================================================
[INFO] sublink try repo: https://github.com/mfuu/FreeProxies
[INFO] sublink try page: https://raw.githubusercontent.com/mfuu/FreeProxies/master/README.md
[OK] proxies=842 new=842 url=https://raw.githubusercontent.com/mfuu/FreeProxies/master/sub.yaml
[OK] proxies=842 source=[免费节点4] url=https://raw.githubusercontent.com/mfuu/FreeProxies/master/README.md
============================================================
[INFO] sublink try repo: https://github.com/vxiaov/free_proxies
[INFO] sublink try page: https://raw.githubusercontent.com/vxiaov/free_proxies/main/README.md
[OK] proxies=1 new=1 url=https://raw.githubusercontent.com/vxiaov/free_proxies/main/README.md
[OK] proxies=28 new=28 url=https://{cdn.jsdelivr.net|raw.githubusercontent.com}/vxiaov/free_proxies/main/clash/clash.provider.yaml
[OK] proxies=29 source=[免费节点5] url=https://raw.githubusercontent.com/vxiaov/free_proxies/main/README.md
============================================================
[INFO] sublink try repo: https://github.com/anaer/Sub
[INFO] sublink try page: https://raw.githubusercontent.com/anaer/Sub/main/README.MD
[OK] proxies=644 new=644 url=https://anaer.github.io/Sub/clash.yaml
[OK] proxies=644 new=0 url=https://raw.githubusercontent.com/anaer/Sub/main/clash.yaml
[OK] proxies=644 source=[免费节点6] url=https://raw.githubusercontent.com/anaer/Sub/main/README.MD
============================================================
[INFO] sublink try repo: https://github.com/snakem982/proxypool
[INFO] sublink try page: https://raw.githubusercontent.com/snakem982/proxypool/main/README.md
[OK] proxies=64 new=64 url=https://raw.githubusercontent.com/snakem982/proxypool/main/source/clash-meta-2.yaml
[OK] proxies=64 new=0 url=https://raw.githubusercontent.com/snakem982/proxypool/main/source/v2ray-2.txt
[OK] proxies=56 new=0 url=https://raw.githubusercontent.com/snakem982/proxypool/main/source/sing-box-2.json
[OK] proxies=64 source=[免费节点7] url=https://raw.githubusercontent.com/snakem982/proxypool/main/README.md
============================================================
[INFO] sublink try repo: https://github.com/mahdibland/V2RayAggregator
[INFO] sublink try page: https://raw.githubusercontent.com/mahdibland/V2RayAggregator/master/README.md
[OK] proxies=379 new=379 url=https://raw.githubusercontent.com/mahdibland/V2RayAggregator/master/README.md
[OK] proxies=1 new=1 url=https://github.com/mahdibland/SSAggregator/actions/workflows/Collector.yml
[OK] proxies=1 new=0 url=https://github.com/mahdibland/SSAggregator/actions/workflows/Airport_Collector.yml
[OK] proxies=197 new=0 url=https://raw.githubusercontent.com/mahdibland/ShadowsocksAggregator/master/Eternity.txt
[OK] proxies=200 new=21 url=https://raw.githubusercontent.com/mahdibland/ShadowsocksAggregator/master/Eternity.yml
[OK] proxies=61 new=61 url=https://raw.githubusercontent.com/mahdibland/ShadowsocksAggregator/master/EternityAir.txt
[OK] proxies=3798 new=3500 url=https://raw.githubusercontent.com/mahdibland/SSAggregator/master/sub/sub_merge_base64.txt
[OK] proxies=3798 new=0 url=https://raw.githubusercontent.com/mahdibland/{SSAggregator|ShadowsocksAggregator}/master/sub/sub_merge.txt
[OK] proxies=3904 new=221 url=https://raw.githubusercontent.com/mahdibland/SSAggregator/master/sub/sub_merge_yaml.yml
[OK] proxies=61 new=0 url=https://raw.githubusercontent.com/mahdibland/SSAggregator/master/sub/airport_merge_base64.txt
[OK] proxies=61 new=0 url=https://raw.githubusercontent.com/mahdibland/SSAggregator/master/sub/airport_sub_merge.txt
[OK] proxies=1353 new=0 url=https://raw.githubusercontent.com/mahdibland/ShadowsocksAggregator/master/sub/splitted/vmess.txt
[OK] proxies=551 new=0 url=https://raw.githubusercontent.com/mahdibland/ShadowsocksAggregator/master/sub/splitted/trojan.txt
[OK] proxies=43 new=0 url=https://raw.githubusercontent.com/mahdibland/ShadowsocksAggregator/master/sub/splitted/ssr.txt
[OK] proxies=1851 new=0 url=https://raw.githubusercontent.com/mahdibland/ShadowsocksAggregator/master/sub/splitted/ss.txt
[OK] proxies=1 new=0 url=https://cdn.jsdelivr.net/gh/mahdibland/V2RayAggregator@master/update/provider/provider-meta.yml
[OK] proxies=1 new=0 url=https://cdn.jsdelivr.net/gh/mahdibland/V2RayAggregator@master/update/provider/provider-meta-cn.yml
[OK] proxies=1 new=0 url=https://cdn.jsdelivr.net/gh/mahdibland/V2RayAggregator@master/update/provider/provider-meta-others.yml
[OK] proxies=1 new=0 url=https://cdn.jsdelivr.net/gh/mahdibland/V2RayAggregator@master/update/provider/provider.yml
[OK] proxies=1 new=0 url=https://cdn.jsdelivr.net/gh/mahdibland/V2RayAggregator@master/update/provider/provider-cn.yml
[OK] proxies=1 new=0 url=https://cdn.jsdelivr.net/gh/mahdibland/V2RayAggregator@master/update/provider/provider-others.yml
[OK] proxies=4183 source=[免费节点8] url=https://raw.githubusercontent.com/mahdibland/V2RayAggregator/master/README.md
============================================================
[INFO] sublink try repo: https://github.com/w1770946466/Auto_proxy
[INFO] sublink try page: https://raw.githubusercontent.com/w1770946466/Auto_proxy/main/README.md
[OK] proxies=1 new=1 url=https://github.com/w1770946466/Auto_proxy/actions/workflows/main.yml
[OK] proxies=245 new=245 url=https://raw.githubusercontent.com/w1770946466/Auto_proxy/main/{Long_term_subscription2.yaml|Long_term_subscription1.yaml|Long_term_subscription3.yaml}
[OK] proxies=489 new=54 url=https://raw.githubusercontent.com/w1770946466/Auto_proxy/main/{Long_term_subscription1|Long_term_subscription2|Long_term_subscription3|Long_term_subscription4|Long_term_subscription5|Long_term_subscription6|Long_term_subscription7|Long_term_subscription8}
[OK] proxies=489 new=315 url=https://raw.githubusercontent.com/w1770946466/Auto_proxy/main/Long_term_subscription_num
[OK] proxies=615 source=[免费节点9] url=https://raw.githubusercontent.com/w1770946466/Auto_proxy/main/README.md
============================================================
[INFO] sublink try repo: https://github.com/PuddinCat/BestClash
[INFO] sublink try page: https://raw.githubusercontent.com/PuddinCat/BestClash/main/README.md
[OK] proxies=16 new=16 url=https://raw.githubusercontent.com/PuddinCat/BestClash/main/proxies.yaml
[OK] proxies=28 new=28 url=https://cdn.jsdelivr.net/gh/vxiaov/free_proxies@main/clash/clash.provider.yaml
[OK] proxies=24 new=24 url=https://freenode.openrunner.net/uploads/20240807-clash.yaml
[OK] proxies=25 new=25 url=https://raw.githubusercontent.com/Misaka-blog/chromego_merge/main/sub/merged_proxies_new.yaml
[OK] proxies=3792 new=3763 url=https://raw.githubusercontent.com/{NiceVPN123|anaer}/{NiceVPN|Sub}/main/{Clash.yaml|clash.yaml}
[OK] proxies=30 new=6 url=https://raw.githubusercontent.com/{chengaopan|peasoft}/{AutoMergePublicNodes|NoMoreWalls}/master/list.yml
[OK] proxies=432 new=397 url=https://raw.githubusercontent.com/{ermaozi|ermaozi01}/{get_subscribe|free_clash_vpn}/main/subscribe/clash.yml
[OK] proxies=200 new=183 url=https://raw.githubusercontent.com/mahdibland/ShadowsocksAggregator/master/Eternity.yml
[OK] proxies=165 new=160 url=https://raw.githubusercontent.com/ronghuaxueleng/get_v2/main/pub/combine.yaml
[OK] proxies=144 new=3 url=https://raw.githubusercontent.com/zhangkaiitugithub/passcro/main/speednodes.yaml
[OK] proxies=4605 source=[免费节点10] url=https://raw.githubusercontent.com/PuddinCat/BestClash/main/README.md
============================================================
[INFO] sublink try repo: https://github.com/kooker/FreeSubsCheck
[INFO] sublink try page: https://raw.githubusercontent.com/kooker/FreeSubsCheck/main/README.md
[OK] proxies=29 new=29 url=https://raw.githubusercontent.com/kooker/FreeSubsCheck/main/mihomo.yaml
[OK] proxies=29 new=0 url=https://raw.githubusercontent.com/kooker/FreeSubsCheck/main/all.yaml
[OK] proxies=22 new=0 url=https://raw.githubusercontent.com/kooker/FreeSubsCheck/main/base64.txt
[OK] proxies=9 new=8 url=https://raw.githubusercontent.com/kooker/FreeSubsCheck/main/byxiaoxi.txt
[OK] proxies=417 new=412 url=https://raw.githubusercontent.com/kooker/FreeSubsCheck/main/kooker.jp.txt
[OK] proxies=449 source=[免费节点11] url=https://raw.githubusercontent.com/kooker/FreeSubsCheck/main/README.md
============================================================
[INFO] toolkit try repo: https://github.com/Pawdroid/shadowrocket_for_android
[INFO] toolkit try release: https://github.com/Pawdroid/shadowrocket_for_android/releases
[INFO] toolkit try release: https://github.com/Pawdroid/shadowrocket_for_android/releases/expanded_assets/10.10.51
[INFO] toolkit try download: https://github.com/Pawdroid/shadowrocket_for_android/releases/download/10.10.51/Shadowrocket_10.10.51_shadowrocketStandard_arm64-v8a.apk
[OK] toolkit downloaded: Shadowrocket_10.10.51_shadowrocketStandard_arm64-v8a.apk bytes=41111539
[OK] toolkit extracted archive=Shadowrocket_10.10.51_shadowrocketStandard_arm64-v8a.apk tool=zipfile files=1175 dirs=44
[OK] toolkit sr-apk scanned prefixes=36 files=6 keys=2 archive=Shadowrocket_10.10.51_shadowrocketStandard_arm64-v8a.apk
[OK] proxies=1901 new=1901 url=https://{cdn.jsdelivr.net|raw.githubusercontent.com}/pixelor/ecfg/main/data/ecfg6_zh
[OK] proxies=1901 new=0 url=https://{raw.githubusercontent.com|cdn.jsdelivr.net}/pixelor/ecfg/main/data/ecfg6_en
[OK] proxies=138 new=71 url=https://{raw.githubusercontent.com|cdn.jsdelivr.net}/pixelor/ecfg/main/data/ecfg6
[OK] proxies=100 new=0 url=https://{files.shadowrockets.app|cdn.shadowrockets.app}/ecfg/data/ecfg6
[OK] proxies=1544 new=0 url=https://{files.shadowrockets.app|cdn.shadowrockets.app}/ecfg/data/ecfg6_zh
[OK] proxies=1544 new=0 url=https://{files.shadowrockets.app|cdn.shadowrockets.app}/ecfg/data/ecfg6_en
[OK] proxies=1972 source=[Pawdroid-sr-apk] url=https://github.com/Pawdroid/shadowrocket_for_android/releases/download/10.10.51/Shadowrocket_10.10.51_shadowrocketStandard_arm64-v8a.apk
============================================================
[INFO] toolkit try page: https://shadowshare.v2cross.com
[INFO] toolkit try download: https://shadowshare.v2cross.com/shadowshare.apk
[OK] toolkit downloaded: shadowshare.apk bytes=62868122
[OK] toolkit extracted archive=shadowshare.apk tool=zipfile files=612 dirs=39
[OK] toolkit ss-apk scanned prefixes=10 files=3 keys=1 archive=shadowshare.apk
[OK] proxies=171 new=171 url=https://{raw.githubusercontent.com|jsd.onmicrosoft.cn}/hideme9527/ecsfg/main/data/sareserver
[OK] proxies=1386 new=1283 url=https://{raw.githubusercontent.com|jsd.onmicrosoft.cn}/hideme9527/ecsfg/main/data/sareserver_en
[OK] proxies=171 new=0 url=https://{shadowsharing.com|sare.159236.xyz}/data/sareserver
[OK] proxies=1386 new=0 url=https://{shadowsharing.com|sare.159236.xyz}/data/sareserver_en
[OK] proxies=171 new=0 url=https://gitee.com/api/v5/repos/{elvenapp|zhiminghao|guoyoucai1}/ecsfg/raw/data/sareserver
[OK] proxies=1386 new=0 url=https://gitee.com/api/v5/repos/{guoyoucai1|elvenapp|zhiminghao}/ecsfg/raw/data/sareserver_en
[OK] proxies=1454 source=[Pawdroid-ss-apk] url=https://shadowshare.v2cross.com/shadowshare.apk
============================================================
[INFO] sublink try repo: https://github.com/free-nodes/clashfree
[INFO] sublink try page: https://raw.githubusercontent.com/free-nodes/clashfree/main/README.md
[OK] proxies=1362 new=1362 url=https://raw.githubusercontent.com/free-nodes/clashfree/main/README.md
[OK] proxies=1362 new=0 url=https://raw.githubusercontent.com/free-nodes/clashfree/main/clash20260914.yml
[OK] proxies=1 new=1 url=https://github.com/free-nodes/clashfree/blob/main/clash20260914.yml
[OK] proxies=1363 source=[Clashfree] url=https://raw.githubusercontent.com/free-nodes/clashfree/main/README.md
============================================================
[INFO] sublink try repo: https://github.com/Epodonios/v2ray-configs
[INFO] sublink try page: https://raw.githubusercontent.com/Epodonios/v2ray-configs/main/README.md
[OK] proxies=1 new=1 url=https://github.com/Epodonios/V2ray-Configs/actions/workflows/main.yml
[OK] proxies=4126 new=4126 url=https://github.com/Epodonios/v2ray-configs/raw/main/All_Configs_Sub.txt
[OK] proxies=4126 new=0 url=https://github.com/Epodonios/v2ray-configs/raw/main/All_Configs_base64_Sub.txt
[OK] proxies=3290 new=36 url=https://github.com/Epodonios/v2ray-configs/raw/main/Splitted-By-Protocol/vless.txt
[OK] proxies=147 new=0 url=https://github.com/Epodonios/v2ray-configs/raw/main/Splitted-By-Protocol/vmess.txt
[OK] proxies=436 new=27 url=https://github.com/Epodonios/v2ray-configs/raw/main/Splitted-By-Protocol/ss.txt
[OK] proxies=141 new=1 url=https://github.com/Epodonios/v2ray-configs/raw/main/Splitted-By-Protocol/trojan.txt
[OK] proxies=4126 new=0 url=https://raw.githubusercontent.com/Epodonios/v2ray-configs/main/{Sub1.txt|Sub2.txt|Sub3.txt|Sub4.txt|Sub5.txt|Sub6.txt|Sub7.txt|Sub8.txt|Sub9.txt}
[OK] proxies=4191 source=[Epodonios] url=https://raw.githubusercontent.com/Epodonios/v2ray-configs/main/README.md
============================================================
[INFO] sublink try repo: https://github.com/free-clash-v2ray/free-clash-v2ray.github.io
[INFO] sublink try page: https://raw.githubusercontent.com/free-clash-v2ray/free-clash-v2ray.github.io/main/README.md
[OK] proxies=2890 new=2890 url=https://free-clash-v2ray.github.io/uploads/2026/09/{0-20260913.yaml|1-20260913.yaml|2-20260913.yaml|3-20260913.yaml}
[OK] proxies=4384 new=1835 url=https://free-clash-v2ray.github.io/uploads/2026/09/{0-20260913.txt|1-20260913.txt|2-20260913.txt|3-20260913.txt|4-20260913.txt}
[OK] proxies=4725 source=[Free-clash-v2ray] url=https://raw.githubusercontent.com/free-clash-v2ray/free-clash-v2ray.github.io/main/README.md
============================================================
[INFO] article try page: https://v2rayclashfree.com
[INFO] sublink try page: https://v2rayclashfree.com/fn/20260914.html
[OK] proxies=1295 new=1295 url=https://v2rayclashfree.com/sub/20260914-v2ray.txt
[OK] proxies=1084 new=395 url=https://v2rayclashfree.com/sub/20260914-clash.yaml
[OK] proxies=1690 source=[V2rayclashfree-RSS] url=https://v2rayclashfree.com/fn/20260914.html
============================================================
[INFO] raw backup written path=/home/runner/work/Free-node-autotest/Free-node-autotest/output/raw.yaml proxies=28096
[INFO] toolkit try repo: https://github.com/MetaCubeX/mihomo
[INFO] toolkit try release: https://github.com/MetaCubeX/mihomo/releases
[INFO] toolkit try release: https://github.com/MetaCubeX/mihomo/releases/expanded_assets/v1.19.30
[INFO] toolkit try download: https://github.com/MetaCubeX/mihomo/releases/download/v1.19.30/mihomo-linux-amd64-compatible-v1.19.30.gz
[OK] toolkit downloaded: mihomo-linux-amd64-compatible-v1.19.30.gz bytes=18899951
[OK] toolkit sha256 verified: mihomo-linux-amd64-compatible-v1.19.30.gz sha256=db214c7a2517e63c150d123178d16d102e03a241ccdae4e5e07ffbe9cf56c6f9
[OK] proxy engine ready: starting latency test package=mihomo-linux-amd64-compatible-v1.19.30.gz
============================================================
[WARN] batch start failed size=17380 {1} split -> 8690 {2} + 8690 {3}
[WARN] batch start failed size=8690 {2} split -> 4345 {4} + 4345 {5}
[WARN] batch start failed size=8690 {3} split -> 4345 {6} + 4345 {7}
[WARN] batch start failed size=4345 {4} split -> 2172 {8} + 2173 {9}
[WARN] batch start failed size=4345 {6} split -> 2172 {10} + 2173 {11}
[WARN] batch start failed size=4345 {7} split -> 2172 {12} + 2173 {13}
[WARN] batch start failed size=2172 {8} split -> 1086 {14} + 1086 {15}
[WARN] batch start failed size=2172 {10} split -> 1086 {16} + 1086 {17}
[WARN] batch start failed size=2173 {11} split -> 1086 {18} + 1087 {19}
[INFO] {5} tested 100/4345 kept=0 rest=17203
[WARN] batch start failed size=1086 {14} split -> 543 {20} + 543 {21}
[INFO] {12} tested 100/2172 kept=2 rest=17047
[INFO] {12} tested 200/2172 kept=6 rest=16947
[INFO] {9} tested 100/2173 kept=0 rest=16928
[INFO] {9} tested 200/2173 kept=39 rest=16803
[INFO] {5} tested 200/4345 kept=0 rest=16679
[INFO] {12} tested 300/2172 kept=11 rest=16547
[INFO] {12} tested 400/2172 kept=11 rest=16444
[INFO] {12} tested 500/2172 kept=12 rest=16342
[INFO] {9} tested 300/2173 kept=62 rest=16258
[INFO] {5} tested 300/4345 kept=0 rest=16095
[INFO] {12} tested 600/2172 kept=14 rest=16082
[INFO] {9} tested 400/2173 kept=62 rest=16056
[INFO] {12} tested 700/2172 kept=28 rest=15876
[INFO] {12} tested 800/2172 kept=29 rest=15774
[INFO] {9} tested 500/2173 kept=62 rest=15586
[INFO] {12} tested 900/2172 kept=29 rest=15573
[INFO] {5} tested 400/4345 kept=0 rest=15528
[INFO] {9} tested 600/2173 kept=66 rest=15302
[INFO] {12} tested 1000/2172 kept=31 rest=15277
[INFO] {5} tested 500/4345 kept=0 rest=15266
[INFO] {12} tested 1100/2172 kept=31 rest=15149
[INFO] {9} tested 700/2173 kept=66 rest=15015
[INFO] {5} tested 600/4345 kept=0 rest=14825
[INFO] {12} tested 1200/2172 kept=31 rest=14811
[INFO] {12} tested 1300/2172 kept=31 rest=14668
[INFO] {12} tested 1400/2172 kept=31 rest=14543
[INFO] {9} tested 800/2173 kept=66 rest=14524
[INFO] {5} tested 700/4345 kept=0 rest=14315
[INFO] {12} tested 1500/2172 kept=33 rest=14302
[INFO] {5} tested 800/4345 kept=0 rest=14122
[INFO] {12} tested 1600/2172 kept=36 rest=14086
[INFO] {12} tested 1700/2172 kept=38 rest=13982
[INFO] {9} tested 900/2173 kept=66 rest=13925
[INFO] {9} tested 1000/2173 kept=66 rest=13748
[INFO] {12} tested 1800/2172 kept=41 rest=13739
[INFO] {5} tested 900/4345 kept=0 rest=13584
[INFO] {5} tested 1000/4345 kept=0 rest=13458
[INFO] {12} tested 1900/2172 kept=47 rest=13313
[INFO] {5} tested 1100/4345 kept=0 rest=13281
[INFO] {9} tested 1100/2173 kept=66 rest=13242
[INFO] {12} tested 2000/2172 kept=48 rest=13015
[INFO] {5} tested 1200/4345 kept=0 rest=13005
[INFO] {5} tested 1300/4345 kept=0 rest=12871
[INFO] {5} tested 1400/4345 kept=5 rest=12746
[INFO] {5} tested 1500/4345 kept=6 rest=12611
[INFO] {12} tested 2100/2172 kept=49 rest=12567
[INFO] {9} tested 1200/2173 kept=66 rest=12524
[INFO] {9} tested 1300/2173 kept=66 rest=12358
[INFO] {5} tested 1600/4345 kept=6 rest=12311
[INFO] {12} tested 2172/2172 kept=49 rest=12207
[INFO] {5} tested 1700/4345 kept=6 rest=12160
[WARN] batch start failed size=2173 {13} split -> 1086 {22} + 1087 {23}
[INFO] {5} tested 1800/4345 kept=15 rest=12045
[INFO] {9} tested 1400/2173 kept=66 rest=11974
[INFO] {9} tested 1500/2173 kept=66 rest=11798
[INFO] {5} tested 1900/4345 kept=16 rest=11777
[INFO] {15} tested 100/1086 kept=1 rest=11661
[INFO] {9} tested 1600/2173 kept=66 rest=11494
[INFO] {5} tested 2000/4345 kept=17 rest=11407
[INFO] {9} tested 1700/2173 kept=125 rest=11266
[INFO] {5} tested 2100/4345 kept=18 rest=11233
[INFO] {15} tested 200/1086 kept=3 rest=11143
[INFO] {15} tested 300/1086 kept=32 rest=11034
[INFO] {9} tested 1800/2173 kept=135 rest=10971
[INFO] {5} tested 2200/4345 kept=18 rest=10850
[INFO] {5} tested 2300/4345 kept=18 rest=10749
[INFO] {15} tested 400/1086 kept=44 rest=10605
[INFO] {9} tested 1900/2173 kept=135 rest=10503
[INFO] {15} tested 500/1086 kept=44 rest=10404
[INFO] {5} tested 2400/4345 kept=18 rest=10327
[INFO] {5} tested 2500/4345 kept=18 rest=10198
[INFO] {15} tested 600/1086 kept=44 rest=10092
[INFO] {15} tested 700/1086 kept=52 rest=9987
[INFO] {9} tested 2000/2173 kept=135 rest=9975
[INFO] {15} tested 800/1086 kept=54 rest=9745
[INFO] {5} tested 2600/4345 kept=18 rest=9726
[INFO] {15} tested 900/1086 kept=54 rest=9534
[INFO] {5} tested 2700/4345 kept=18 rest=9528
[INFO] {9} tested 2100/2173 kept=135 rest=9418
[INFO] {15} tested 1000/1086 kept=54 rest=9354
[INFO] {9} tested 2173/2173 kept=135 rest=9229
[INFO] {16} tested 100/1086 kept=0 rest=9080
[INFO] {16} tested 200/1086 kept=0 rest=8974
[INFO] {5} tested 2800/4345 kept=19 rest=8967
[INFO] {15} tested 1086/1086 kept=54 rest=8805
[WARN] batch start failed size=1086 {17} split -> 543 {24} + 543 {25}
[WARN] batch start failed size=1086 {18} split -> 543 {26} + 543 {27}
[INFO] {5} tested 2900/4345 kept=19 rest=8776
[INFO] {16} tested 300/1086 kept=0 rest=8719
[WARN] batch start failed size=1087 {19} split -> 543 {28} + 544 {29}
[INFO] {16} tested 400/1086 kept=0 rest=8598
[WARN] batch start failed size=543 {20} split -> 271 {30} + 272 {31}
[INFO] {5} tested 3000/4345 kept=20 rest=8520
[INFO] {21} tested 100/543 kept=56 rest=8390
[INFO] {5} tested 3100/4345 kept=21 rest=8256
[INFO] {16} tested 500/1086 kept=1 rest=8223
[INFO] {16} tested 600/1086 kept=15 rest=8059
[INFO] {5} tested 3200/4345 kept=22 rest=7976
[INFO] {21} tested 200/543 kept=116 rest=7825
[INFO] {5} tested 3300/4345 kept=22 rest=7715
[INFO] {5} tested 3400/4345 kept=22 rest=7590
[INFO] {16} tested 700/1086 kept=24 rest=7536
[INFO] {16} tested 800/1086 kept=68 rest=7381
[INFO] {5} tested 3500/4345 kept=22 rest=7319
[INFO] {16} tested 900/1086 kept=131 rest=7253
[INFO] {16} tested 1000/1086 kept=198 rest=7129
[INFO] {21} tested 300/543 kept=147 rest=7061
[INFO] {21} tested 400/543 kept=174 rest=6911
[INFO] {5} tested 3600/4345 kept=22 rest=6852
[INFO] {5} tested 3700/4345 kept=22 rest=6742
[INFO] {5} tested 3800/4345 kept=22 rest=6617
[INFO] {16} tested 1086/1086 kept=238 rest=6583
[INFO] {5} tested 3900/4345 kept=22 rest=6496
[INFO] {5} tested 4000/4345 kept=22 rest=6394
[INFO] {21} tested 500/543 kept=190 rest=6313
[WARN] batch start failed size=1086 {22} split -> 543 {32} + 543 {33}
[INFO] {21} tested 543/543 kept=190 rest=6258
[WARN] batch start failed size=1087 {23} split -> 543 {34} + 544 {35}
[WARN] batch start failed size=543 {25} split -> 271 {36} + 272 {37}
[INFO] {24} tested 100/543 kept=68 rest=6148
[WARN] batch start failed size=543 {26} split -> 271 {38} + 272 {39}
[INFO] {24} tested 200/543 kept=147 rest=6030
[INFO] {5} tested 4100/4345 kept=22 rest=5922
[INFO] {24} tested 300/543 kept=216 rest=5920
[INFO] {24} tested 400/543 kept=282 rest=5795
[INFO] {24} tested 500/543 kept=358 rest=5606
[INFO] {5} tested 4200/4345 kept=22 rest=5545
[INFO] {27} tested 100/543 kept=13 rest=5409
[INFO] {5} tested 4300/4345 kept=22 rest=5367
[INFO] {24} tested 543/543 kept=391 rest=5363
[INFO] {27} tested 200/543 kept=15 rest=5258
[INFO] {29} tested 100/544 kept=3 rest=5076
[INFO] {5} tested 4345/4345 kept=22 rest=5031
[INFO] {29} tested 200/544 kept=4 rest=4940
[WARN] batch start failed size=543 {28} split -> 271 {40} + 272 {41}
[INFO] {27} tested 300/543 kept=50 rest=4911
[INFO] {31} tested 100/272 kept=4 rest=4795
[INFO] {31} tested 200/272 kept=23 rest=4692
[INFO] {27} tested 400/543 kept=53 rest=4580
[INFO] {29} tested 300/544 kept=6 rest=4443
[INFO] {29} tested 400/544 kept=7 rest=4321
[INFO] {27} tested 500/543 kept=55 rest=4284
[INFO] {31} tested 272/272 kept=28 rest=4152
[WARN] batch start failed size=271 {30} split -> 135 {42} + 136 {43}
[WARN] batch start failed size=543 {32} split -> 271 {44} + 272 {45}
[INFO] {27} tested 543/543 kept=55 rest=4096
[INFO] {33} tested 100/543 kept=92 rest=4022
[INFO] {29} tested 500/544 kept=7 rest=3979
[INFO] {33} tested 200/543 kept=188 rest=3900
[WARN] batch start failed size=544 {35} split -> 272 {46} + 272 {47}
[INFO] {33} tested 300/543 kept=274 rest=3789
[INFO] {33} tested 400/543 kept=356 rest=3676
[INFO] {29} tested 544/544 kept=7 rest=3603
[INFO] {33} tested 500/543 kept=444 rest=3573
[INFO] {34} tested 100/543 kept=79 rest=3456
[INFO] {34} tested 200/543 kept=150 rest=3355
[INFO] {34} tested 300/543 kept=238 rest=3254
[INFO] {34} tested 400/543 kept=313 rest=3153
[INFO] {36} tested 100/271 kept=56 rest=2990
[INFO] {34} tested 500/543 kept=388 rest=2856
[INFO] {36} tested 200/271 kept=123 rest=2850
[INFO] {33} tested 543/543 kept=469 rest=2737
[WARN] batch start failed size=272 {37} split -> 136 {48} + 136 {49}
[INFO] {34} tested 543/543 kept=407 rest=2701
[INFO] {38} tested 100/271 kept=81 rest=2617
[INFO] {36} tested 271/271 kept=174 rest=2595
[INFO] {38} tested 200/271 kept=156 rest=2516
[WARN] batch start failed size=272 {39} split -> 136 {50} + 136 {51}
[INFO] {40} tested 100/271 kept=0 rest=2379
[WARN] batch start failed size=272 {41} split -> 136 {52} + 136 {53}
[INFO] {40} tested 200/271 kept=0 rest=2268
[WARN] batch start failed size=135 {42} split -> 67 {54} + 68 {55}
[WARN] batch start failed size=136 {43} split -> 68 {56} + 68 {57}
[WARN] batch start failed size=271 {44} split -> 135 {58} + 136 {59}
[INFO] {45} tested 100/272 kept=90 rest=2100
[INFO] {45} tested 200/272 kept=183 rest=1999
[INFO] {38} tested 271/271 kept=209 rest=1939
[WARN] batch start failed size=272 {47} split -> 136 {60} + 136 {61}
[INFO] {40} tested 271/271 kept=10 rest=1922
[WARN] batch start failed size=272 {46} split -> 136 {62} + 136 {63}
[WARN] batch start failed size=136 {49} split -> 68 {64} + 68 {65}
[INFO] {48} tested 100/136 kept=33 rest=1822
[WARN] batch start failed size=136 {50} split -> 68 {66} + 68 {67}
[INFO] {45} tested 272/272 kept=235 rest=1684
[INFO] {51} tested 100/136 kept=40 rest=1671
[INFO] {48} tested 136/136 kept=66 rest=1579
[WARN] batch start failed size=136 {53} split -> 68 {68} + 68 {69}
[WARN] batch start failed size=68 {55} split -> 34 {70} + 34 {71}
[INFO] {51} tested 136/136 kept=41 rest=1548
[WARN] batch start failed size=68 {56} split -> 34 {72} + 34 {73}
[INFO] {52} tested 100/136 kept=3 rest=1504
[INFO] {52} tested 136/136 kept=3 rest=1426
[INFO] {54} tested 67/67 kept=13 rest=1294
[WARN] batch start failed size=136 {59} split -> 68 {74} + 68 {75}
[INFO] {57} tested 68/68 kept=20 rest=1268
[WARN] batch start failed size=136 {60} split -> 68 {76} + 68 {77}
[WARN] batch start failed size=136 {62} split -> 68 {78} + 68 {79}
[INFO] {58} tested 100/135 kept=3 rest=1185
[INFO] {58} tested 135/135 kept=3 rest=1135
[INFO] {61} tested 100/136 kept=90 rest=1119
[INFO] {64} tested 68/68 kept=53 rest=1009
[WARN] batch start failed size=68 {65} split -> 34 {80} + 34 {81}
[INFO] {61} tested 136/136 kept=118 rest=960
[INFO] {63} tested 100/136 kept=17 rest=883
[WARN] batch start failed size=68 {67} split -> 34 {82} + 34 {83}
[INFO] {66} tested 68/68 kept=4 rest=787
[WARN] batch start failed size=68 {68} split -> 34 {84} + 34 {85}
[INFO] {63} tested 136/136 kept=19 rest=758
[WARN] batch start failed size=34 {71} split -> 17 {86} + 17 {87}
[INFO] {69} tested 68/68 kept=3 rest=725
[WARN] batch start failed size=34 {73} split -> 17 {88} + 17 {89}
[INFO] {70} tested 34/34 kept=11 rest=647
[WARN] batch start failed size=68 {75} split -> 34 {90} + 34 {91}
[WARN] batch start failed size=68 {76} split -> 34 {92} + 34 {93}
[INFO] {72} tested 34/34 kept=0 rest=631
[WARN] batch start failed size=68 {78} split -> 34 {94} + 34 {95}
[INFO] {74} tested 68/68 kept=17 rest=561
[WARN] batch start failed size=34 {80} split -> 17 {96} + 17 {97}
[INFO] {81} tested 34/34 kept=28 rest=506
[INFO] {77} tested 68/68 kept=33 rest=481
[WARN] batch start failed size=34 {82} split -> 17 {98} + 17 {99}
[INFO] {79} tested 68/68 kept=7 rest=423
[WARN] batch start failed size=34 {85} split -> 17 {100} + 17 {101}
[WARN] batch start failed size=17 {86} split -> 8 {102} + 9 {103}
[WARN] batch start failed size=17 {87} split -> 8 {104} + 9 {105}
[INFO] {83} tested 34/34 kept=7 rest=397
[WARN] batch start failed size=17 {89} split -> 8 {106} + 9 {107}
[INFO] {84} tested 34/34 kept=2 rest=327
[WARN] batch start failed size=34 {91} split -> 17 {108} + 17 {109}
[WARN] batch start failed size=34 {93} split -> 17 {110} + 17 {111}
[INFO] {88} tested 17/17 kept=0 rest=310
[INFO] {90} tested 34/34 kept=2 rest=279
[WARN] batch start failed size=34 {95} split -> 17 {112} + 17 {113}
[INFO] {92} tested 34/34 kept=6 rest=240
[INFO] {96} tested 17/17 kept=17 rest=239
[WARN] batch start failed size=17 {97} split -> 8 {114} + 9 {115}
[WARN] batch start failed size=17 {99} split -> 8 {116} + 9 {117}
[INFO] {94} tested 34/34 kept=22 rest=237
[WARN] batch start failed size=17 {100} split -> 8 {118} + 9 {119}
[WARN] batch start failed size=8 {102} split -> 4 {120} + 4 {121}
[WARN] batch start failed size=9 {103} split -> 4 {122} + 5 {123}
[INFO] {114} tested 8/8 kept=7 rest=225
[WARN] batch start failed size=8 {104} split -> 4 {124} + 4 {125}
[WARN] batch start failed size=8 {106} split -> 4 {126} + 4 {127}
[INFO] {101} tested 17/17 kept=0 rest=210
[INFO] {107} tested 9/9 kept=0 rest=186
[WARN] batch start failed size=17 {109} split -> 8 {128} + 9 {129}
[INFO] {105} tested 9/9 kept=0 rest=180
[WARN] batch start failed size=17 {110} split -> 8 {130} + 9 {131}
[INFO] {108} tested 17/17 kept=0 rest=149
[WARN] batch start failed size=17 {113} split -> 8 {132} + 9 {133}
[WARN] batch start failed size=9 {115} split -> 4 {134} + 5 {135}
[INFO] {111} tested 17/17 kept=9 rest=135
[INFO] {112} tested 17/17 kept=1 rest=130
[WARN] batch start failed size=8 {116} split -> 4 {136} + 4 {137}
[INFO] {98} tested 17/17 kept=0 rest=123
[WARN] batch start failed size=9 {119} split -> 4 {138} + 5 {139}
[INFO] {117} tested 9/9 kept=0 rest=116
[INFO] {118} tested 8/8 kept=0 rest=108
[WARN] batch start failed size=4 {121} split -> 2 {140} + 2 {141}
[WARN] batch start failed size=2 {140} split -> 1 {142} + 1 {143}
[WARN] batch start failed size=4 {124} split -> 2 {144} + 2 {145}
[WARN] batch start failed size=4 {125} split -> 2 {146} + 2 {147}
[WARN] batch start failed size=4 {127} split -> 2 {148} + 2 {149}
[WARN] batch start failed size=4 {126} split -> 2 {150} + 2 {151}
[WARN] batch start failed size=9 {129} split -> 4 {152} + 5 {153}
[INFO] {120} tested 4/4 kept=1 rest=100
[WARN] batch start failed size=8 {130} split -> 4 {154} + 4 {155}
[INFO] {123} tested 5/5 kept=0 rest=94
[INFO] {131} tested 9/9 kept=8 rest=79
[WARN] batch start failed size=9 {133} split -> 4 {156} + 5 {157}
[WARN] batch start failed size=5 {135} split -> 2 {158} + 3 {159}
[INFO] {128} tested 8/8 kept=0 rest=78
[INFO] {132} tested 8/8 kept=5 rest=72
[WARN] batch start failed size=4 {137} split -> 2 {160} + 2 {161}
[WARN] batch start failed size=4 {138} split -> 2 {162} + 2 {163}
[INFO] {134} tested 4/4 kept=3 rest=67
[INFO] {136} tested 4/4 kept=0 rest=65
[WARN] batch start failed size=4 {122} split -> 2 {164} + 2 {165}
[WARN] batch start failed size=2 {141} split -> 1 {166} + 1 {167}
[DROP] {142} name=[ChromeGO-ShiteThings] hysteria server=62.210.70.191:23556 reason=Start initial configuration in progress
[DROP] {143} name=[ChromeGO-ShiteThings] hysteria-2 server=5.83.129.153:20088 reason=Start initial configuration in progress
[WARN] batch start failed size=2 {145} split -> 1 {168} + 1 {169}
[WARN] batch start failed size=2 {146} split -> 1 {170} + 1 {171}
[INFO] {139} tested 5/5 kept=0 rest=61
[INFO] {147} tested 2/2 kept=0 rest=59
[WARN] batch start failed size=2 {148} split -> 1 {172} + 1 {173}
[WARN] batch start failed size=2 {149} split -> 1 {174} + 1 {175}
[WARN] batch start failed size=2 {151} split -> 1 {176} + 1 {177}
[INFO] {152} tested 4/4 kept=1 rest=54
[WARN] batch start failed size=5 {153} split -> 2 {178} + 3 {179}
[WARN] batch start failed size=4 {155} split -> 2 {180} + 2 {181}
[INFO] {144} tested 2/2 kept=0 rest=52
[INFO] {150} tested 2/2 kept=0 rest=48
[WARN] batch start failed size=5 {157} split -> 2 {182} + 3 {183}
[WARN] batch start failed size=2 {158} split -> 1 {184} + 1 {185}
[INFO] {154} tested 4/4 kept=1 rest=46
[INFO] {156} tested 4/4 kept=0 rest=43
[WARN] batch start failed size=2 {160} split -> 1 {186} + 1 {187}
[DROP] {186} name=[Pawdroid-ss-apk] United+Kingdom-2 server=82.38.31.189:8080 reason=Start initial configuration in progress
[WARN] batch start failed size=2 {163} split -> 1 {188} + 1 {189}
[WARN] batch start failed size=2 {164} split -> 1 {190} + 1 {191}
[INFO] {159} tested 3/3 kept=0 rest=38
[DROP] {166} name=[ChromeGO-ShiteThings] hysteria-3 server=5.83.129.153:27626 reason=Start initial configuration in progress
[DROP] {167} name=[ChromeGO-ShiteThings] hysteria-4 server=5.83.129.90:54177 reason=Start initial configuration in progress
[INFO] {161} tested 2/2 kept=0 rest=34
[DROP] {169} name=[ChromeGO-Merge] United server=108.181.5.133:26022 reason=Start initial configuration in progress
[DROP] {168} name=[ChromeGO-Merge] WARP server=162.159.192.1:2408 reason=Start initial configuration in progress
[DROP] {170} name=[ChromeGO-Merge] France_hysteria_1 server=62.210.243.131:18702 reason=Start initial configuration in progress
[DROP] {171} name=[ChromeGO-Merge] United-2 server=109.104.152.194:58510 reason=Start initial configuration in progress
[DROP] {172} name=[ChromeGO-Merge] France server=51.158.54.46:55396 reason=Start initial configuration in progress
[DROP] {173} name=[ChromeGO-Merge] United-4 server=173.234.25.52:48919 reason=Start initial configuration in progress
[DROP] {174} name=[ChromeGO-Merge] Taiwan-2 server=www.dtku40.xyz:18490 reason=Start initial configuration in progress
[DROP] {175} name=[ChromeGO-Merge] United-5 server=167.160.91.115:41189 reason=Start initial configuration in progress
[INFO] {165} tested 2/2 kept=0 rest=25
[DROP] {177} name=[ChromeGO-Merge] Taiwan server=www2.dtku48.xyz:22334 reason=Start initial configuration in progress
[WARN] batch start failed size=3 {179} split -> 1 {192} + 2 {193}
[INFO] {178} tested 2/2 kept=0 rest=22
[WARN] batch start failed size=2 {180} split -> 1 {194} + 1 {195}
[INFO] {181} tested 2/2 kept=2 rest=20
[WARN] batch start failed size=3 {183} split -> 1 {196} + 2 {197}
[INFO] {182} tested 2/2 kept=1 rest=18
[DROP] {185} name=[Pawdroid-sr-apk] 美国+纽约州纽约BuyVM server=198.98.53.130:443 reason=Start initial configuration in progress
[INFO] {176} tested 1/1 kept=0 rest=16
[INFO] {187} tested 1/1 kept=0 rest=15
[DROP] {189} name=[Epodonios] EPODONIOS-102 server=78.38.246.150:8446 reason=Start initial configuration in progress
[INFO] {188} tested 1/1 kept=1 rest=13
[INFO] {184} tested 1/1 kept=0 rest=12
[INFO] {162} tested 2/2 kept=0 rest=10
[DROP] {190} name=[ChromeGO-ShiteThings] hysteria-5 server=45.150.65.154:47119 reason=Start initial configuration in progress
[WARN] batch start failed size=2 {193} split -> 1 {198} + 1 {199}
[INFO] {194} tested 1/1 kept=0 rest=8
[DROP] {195} name=[Free-clash-v2ray] 未知 SS-1521 | free-nodes server=192.0.2.1:1 reason=Start initial configuration in progress
[INFO] {196} tested 1/1 kept=1 rest=6
[WARN] batch start failed size=2 {197} split -> 1 {200} + 1 {201}
[DROP] {198} name=[Epodonios] EPODONIOS-3012 server=13.37.160.116:22224 reason=Start initial configuration in progress
[INFO] {191} tested 1/1 kept=0 rest=4
[INFO] {199} tested 1/1 kept=0 rest=3
[DROP] {201} name=[Free-clash-v2ray] hysteria server=5.83.129.143:26691 reason=Start initial configuration in progress
[INFO] {192} tested 1/1 kept=0 rest=1
[INFO] {200} tested 1/1 kept=0 rest=0
[INFO] dropped=20 [ChromeGO-ShiteThings] × 5 | [Pawdroid-ss-apk] × 1 | [ChromeGO-Merge] × 9 | [Pawdroid-sr-apk] × 1 | [Epodonios] × 2 | [Free-clash-v2ray] × 2
============================================================
[INFO] cap live source=[免费节点2] from 143 to 50 by health_score
[INFO] cap live source=[免费节点8] from 141 to 50 by health_score
[INFO] cap live source=[Pawdroid-sr-apk] from 1159 to 50 by health_score
[INFO] cap live source=[Pawdroid-ss-apk] from 102 to 50 by health_score
[INFO] cap live source=[Epodonios] from 85 to 50 by health_score
[INFO] cap live source=[Free-clash-v2ray] from 1174 to 50 by health_score
[INFO] cap live source=[V2rayclashfree-RSS] from 170 to 50 by health_score
[INFO] cap live total from 585 to 350 trim large sources first
============================================================
+------------------------------+--------+--------+------+--------+
| source                       |    raw | unique | live | capped |
+------------------------------+--------+--------+------+--------+
| [大FQ运动]                   |     14 |     14 |    4 |      4 |
+------------------------------+--------+--------+------+--------+
| [Pawdroid]                   |     21 |     20 |    7 |      7 |
+------------------------------+--------+--------+------+--------+
| [FreeV2-Base64]              |      2 |      2 |    2 |      2 |
+------------------------------+--------+--------+------+--------+
| [Bocchi2b-Base64]            |     35 |     35 |    0 |      0 |
+------------------------------+--------+--------+------+--------+
| [ChromeGO-Toolkit]           |     14 |     14 |    5 |      5 |
+------------------------------+--------+--------+------+--------+
| [ChromeGO-ShiteThings]       |     31 |     25 |    7 |      7 |
+------------------------------+--------+--------+------+--------+
| [ChromeGO-Merge]             |    111 |    111 |    1 |      1 |
+------------------------------+--------+--------+------+--------+
| [Freesocks]                  |      3 |      3 |    3 |      3 |
+------------------------------+--------+--------+------+--------+
| [NekoWarp]                   |     10 |     10 |   10 |     10 |
+------------------------------+--------+--------+------+--------+
| [OpenRunner-RSS]             |     14 |      0 |    0 |      0 |
+------------------------------+--------+--------+------+--------+
| [V2Rayshare-RSS]             |     27 |     26 |    5 |      5 |
+------------------------------+--------+--------+------+--------+
| [Mibei77-RSS]                |    134 |    129 |   12 |     12 |
+------------------------------+--------+--------+------+--------+
| [Yoyapai-RSS]                |    211 |    182 |   20 |     20 |
+------------------------------+--------+--------+------+--------+
| [免费节点1]                  |    155 |     51 |   22 |     20 |
+------------------------------+--------+--------+------+--------+
| [免费节点2]                  |    428 |    357 |  143 |     20 |
+------------------------------+--------+--------+------+--------+
| [免费节点3]                  |     58 |     26 |   22 |     21 |
+------------------------------+--------+--------+------+--------+
| [免费节点4]                  |    842 |    719 |   44 |     21 |
+------------------------------+--------+--------+------+--------+
| [免费节点5]                  |     29 |     28 |    0 |      0 |
+------------------------------+--------+--------+------+--------+
| [免费节点6]                  |    644 |    605 |   10 |     10 |
+------------------------------+--------+--------+------+--------+
| [免费节点7]                  |     64 |     10 |    0 |      0 |
+------------------------------+--------+--------+------+--------+
| [免费节点8]                  |   4183 |   3355 |  141 |     21 |
+------------------------------+--------+--------+------+--------+
| [免费节点9]                  |    615 |    456 |    0 |      0 |
+------------------------------+--------+--------+------+--------+
| [免费节点10]                 |   4605 |   3089 |   17 |     17 |
+------------------------------+--------+--------+------+--------+
| [免费节点11]                 |    449 |    222 |   26 |     21 |
+------------------------------+--------+--------+------+--------+
| [Pawdroid-sr-apk]            |   1972 |   1642 | 1159 |     21 |
+------------------------------+--------+--------+------+--------+
| [Pawdroid-ss-apk]            |   1454 |    658 |  102 |     21 |
+------------------------------+--------+--------+------+--------+
| [Clashfree]                  |   1363 |    510 |   18 |     18 |
+------------------------------+--------+--------+------+--------+
| [Epodonios]                  |   4191 |   3195 |   85 |     21 |
+------------------------------+--------+--------+------+--------+
| [Free-clash-v2ray]           |   4725 |   1654 | 1174 |     21 |
+------------------------------+--------+--------+------+--------+
| [V2rayclashfree-RSS]         |   1690 |    232 |  170 |     21 |
+------------------------------+--------+--------+------+--------+
============================================================
[SUMMARY] total_nodes=28094
[SUMMARY] legal_candidates=17380
[SUMMARY] passed_latency_test=350
[SUMMARY] region_HK=15 region_JP=7 region_US=128
[SUMMARY] avg_latency_ms=332.58
[SUMMARY] output=/home/runner/work/Free-node-autotest/Free-node-autotest/output/clash.yaml
============================================================
