============================================================
[INFO] sublink try page | url=https://end-gfw.com
[OK] proxies=6 | new=6 | url=https://raw.githubusercontent.com/hello-world-1989/cn-news/main/end-gfw-free
[OK] proxies=6 | new=0 | url=https://raw.githubusercontent.com/hello-world-1989/cn-news/main/clash-free.yaml
[INFO] source try link | url=https://end-gfw.com/ss-key
[OK] proxies=4 | new=4 | url=https://end-gfw.com/ss-key
[INFO] sublink try repo | url=https://github.com/hello-world-1989/cn-news
[INFO] sublink try page | url=https://raw.githubusercontent.com/hello-world-1989/cn-news/main/README.md
[OK] proxies=2 | new=2 | url=https://raw.githubusercontent.com/hello-world-1989/cn-news/main/end-gfw-together
[OK] proxies=6 | new=6 | url=https://raw.githubusercontent.com/hello-world-1989/v2-sub/main/end-gfw-together-af3e13
[OK] proxies=2 | new=0 | url=https://raw.githubusercontent.com/hello-world-1989/cn-news/refs/heads/main/clash.yaml
[OK] proxies=18 | source=[大FQ运动] | url=https://raw.githubusercontent.com/hello-world-1989/cn-news/main/README.md
============================================================
[INFO] sublink try repo | url=https://github.com/Pawdroid/Free-servers
[INFO] sublink try page | url=https://raw.githubusercontent.com/Pawdroid/Free-servers/main/README.md
[OK] proxies=11 | new=11 | url=https://raw.githubusercontent.com/Pawdroid/Free-servers/main/README.md
[OK] proxies=11 | new=0 | url=https://raw.githubusercontent.com/Pawdroid/Free-servers/main/sub
[OK] proxies=1 | new=1 | url=https://apps.apple.com/cn/app/shadowshare/id1612647259
[OK] proxies=1 | new=1 | url=http://www.surflare.com
[OK] proxies=13 | source=[Pawdroid] | url=https://raw.githubusercontent.com/Pawdroid/Free-servers/main/README.md
============================================================
[INFO] source try link | url=https://xmxosfepggzm.503403.xyz
[OK] proxies=3 | new=3 | url=https://xmxosfepggzm.503403.xyz
[OK] proxies=3 | source=[FreeV2-Base64] | url=https://xmxosfepggzm.503403.xyz
============================================================
[INFO] source try link | url=https://links.bocchi2b.top/clash
[OK] proxies=35 | new=35 | url=https://links.bocchi2b.top/clash
[OK] proxies=35 | source=[Bocchi2b-Base64] | url=https://links.bocchi2b.top/clash
============================================================
[INFO] source try link | url=https://freesocks.org/api/v1/sub/02b897e8e77f19176b0b9f2c75864b00
[OK] proxies=1 | new=1 | url=https://freesocks.org/api/v1/sub/02b897e8e77f19176b0b9f2c75864b00
[INFO] source try link | url=https://freesocks.org/api/v1/sub/4cae35810e6f5c4d92e28e32104e0080
[OK] proxies=3 | new=3 | url=https://freesocks.org/api/v1/sub/4cae35810e6f5c4d92e28e32104e0080
[OK] proxies=4 | source=[Freesocks] | url=https://freesocks.org/api/v1/sub/4cae35810e6f5c4d92e28e32104e0080
============================================================
[INFO] source try link | url=https://neko-warp.nloli.xyz/neko_warp.yaml
[OK] proxies=10 | new=10 | url=https://neko-warp.nloli.xyz/neko_warp.yaml
[OK] proxies=10 | source=[NekoWarp] | url=https://neko-warp.nloli.xyz/neko_warp.yaml
============================================================
[INFO] article try feed | url=https://free.datiya.com/index.xml
[INFO] sublink try page | url=https://free.datiya.com/post/20260930/
[OK] proxies=14 | new=14 | url=https://free.datiya.com/uploads/20260930-clash.yaml
[OK] proxies=14 | source=[OpenRunner-RSS] | url=https://free.datiya.com/post/20260930/
============================================================
[INFO] article try feed | url=https://v2rayshare.com/feed
[INFO] sublink try page | url=https://v2rayshare.com/p/4097.html
[INFO] sublink try repo | url=https://github.com/firefoxmmx2/v2rayshare_subcription
[INFO] sublink try page | url=https://raw.githubusercontent.com/firefoxmmx2/v2rayshare_subcription/main/README.md
[OK] proxies=22 | new=22 | url=https://{raw.githubusercontent.com|cdn.jsdelivr.net}/firefoxmmx2/v2rayshare_subcription/main/subscription/mihomo_sub.yaml
[OK] proxies=22 | new=0 | url=https://{raw.githubusercontent.com|cdn.jsdelivr.net}/firefoxmmx2/v2rayshare_subcription/main/subscription/vray_sub.txt
[OK] proxies=21 | new=0 | url=https://{raw.githubusercontent.com|cdn.jsdelivr.net}/firefoxmmx2/v2rayshare_subcription/main/subscription/clash_sub.yaml
[OK] proxies=22 | source=[V2Rayshare-RSS] | url=https://raw.githubusercontent.com/firefoxmmx2/v2rayshare_subcription/main/README.md
============================================================
[INFO] article try feed | url=https://www.mibei77.com/feed
[INFO] sublink try page | url=https://www.mibei77.com/708.html
[OK] proxies=111 | new=111 | url=https://mm.mibei77.com/202609/09.3064bavfd.txt
[OK] proxies=109 | new=0 | url=https://mm.mibei77.com/202609/0930Clashikz.yaml
[OK] proxies=111 | source=[Mibei77-RSS] | url=https://www.mibei77.com/708.html
============================================================
[INFO] article try feed | url=https://yoyapai.com/feed
[INFO] sublink try page | url=https://yoyapai.com/744
[WARN] sublink discovery failed | reason=no links | url=https://yoyapai.com/744
[INFO] sublink try page | url=https://yoyapai.com/741
[OK] proxies=1 | new=1 | url=https://yoyapai.com/741
[OK] proxies=229 | new=229 | url=https://freenode.yoyapai.com/2026/09/30-yoyapai.com-ssrv2rayvpnmianfeijiedian.txt
[OK] proxies=229 | new=0 | url=https://freenode.yoyapai.com/2026/09/30-yoyapai.com-clashvpnmianfeijiedian.yaml
[OK] proxies=230 | source=[Yoyapai-RSS] | url=https://yoyapai.com/741
============================================================
[INFO] sublink try repo | url=https://github.com/free18/v2ray
[INFO] sublink try page | url=https://raw.githubusercontent.com/free18/v2ray/main/README.md
[OK] proxies=135 | new=135 | url=https://ghfast.top/https://raw.githubusercontent.com/free18/v2ray/refs/heads/main/c.yaml
[OK] proxies=3 | new=3 | url=https://raw.githubusercontent.com/free18/v2ray/main/README.md
[OK] proxies=135 | new=0 | url=https://ghfast.top/https://raw.githubusercontent.com/free18/v2ray/refs/heads/main/v.txt
[OK] proxies=138 | source=[免费节点1] | url=https://raw.githubusercontent.com/free18/v2ray/main/README.md
============================================================
[INFO] sublink try repo | url=https://github.com/ermaozi/get_subscribe
[INFO] sublink try page | url=https://raw.githubusercontent.com/ermaozi/get_subscribe/main/README.md
[INFO] sublink file_nodes=0 | bare links=9
[OK] proxies=358 | new=358 | url=https://www.ermao.net/sub/{reachable|unreachable|untested}/clash/ermao.net
[OK] proxies=358 | new=0 | url=https://www.ermao.net/sub/{clash|v2ray}/ermao.net
[OK] proxies=358 | source=[免费节点2] | url=https://raw.githubusercontent.com/ermaozi/get_subscribe/main/README.md
============================================================
[INFO] sublink try repo | url=https://github.com/sunmiao4458/free-proxy-airport
[INFO] sublink try page | url=https://raw.githubusercontent.com/sunmiao4458/free-proxy-airport/main/README.md
[OK] proxies=28 | new=28 | url=https://sunmiao4458.github.io/free-proxy-airport/clash.yaml
[OK] proxies=28 | source=[免费节点3] | url=https://raw.githubusercontent.com/sunmiao4458/free-proxy-airport/main/README.md
============================================================
[INFO] sublink try repo | url=https://github.com/mfuu/FreeProxies
[INFO] sublink try page | url=https://raw.githubusercontent.com/mfuu/FreeProxies/master/README.md
[OK] proxies=837 | new=837 | url=https://raw.githubusercontent.com/mfuu/FreeProxies/master/sub.yaml
[OK] proxies=837 | source=[免费节点4] | url=https://raw.githubusercontent.com/mfuu/FreeProxies/master/README.md
============================================================
[INFO] sublink try repo | url=https://github.com/vxiaov/free_proxies
[INFO] sublink try page | url=https://raw.githubusercontent.com/vxiaov/free_proxies/main/README.md
[OK] proxies=1 | new=1 | url=https://raw.githubusercontent.com/vxiaov/free_proxies/main/README.md
[OK] proxies=28 | new=28 | url=https://{cdn.jsdelivr.net|raw.githubusercontent.com}/vxiaov/free_proxies/main/clash/clash.provider.yaml
[OK] proxies=29 | source=[免费节点5] | url=https://raw.githubusercontent.com/vxiaov/free_proxies/main/README.md
============================================================
[INFO] sublink try repo | url=https://github.com/anaer/Sub
[INFO] sublink try page | url=https://raw.githubusercontent.com/anaer/Sub/main/README.MD
[OK] proxies=566 | new=566 | url=https://raw.githubusercontent.com/anaer/Sub/main/clash.yaml
[OK] proxies=566 | new=0 | url=https://anaer.github.io/Sub/clash.yaml
[OK] proxies=566 | source=[免费节点6] | url=https://raw.githubusercontent.com/anaer/Sub/main/README.MD
============================================================
[INFO] sublink try repo | url=https://github.com/snakem982/proxypool
[INFO] sublink try page | url=https://raw.githubusercontent.com/snakem982/proxypool/main/README.md
[OK] proxies=53 | new=53 | url=https://raw.githubusercontent.com/snakem982/proxypool/main/source/v2ray-2.txt
[OK] proxies=64 | new=11 | url=https://raw.githubusercontent.com/snakem982/proxypool/main/source/clash-meta-2.yaml
[OK] proxies=53 | new=0 | url=https://raw.githubusercontent.com/snakem982/proxypool/main/source/sing-box-2.json
[OK] proxies=64 | source=[免费节点7] | url=https://raw.githubusercontent.com/snakem982/proxypool/main/README.md
============================================================
[INFO] sublink try repo | url=https://github.com/mahdibland/V2RayAggregator
[INFO] sublink try page | url=https://raw.githubusercontent.com/mahdibland/V2RayAggregator/master/README.md
[OK] proxies=1437 | new=1437 | url=https://raw.githubusercontent.com/mahdibland/ShadowsocksAggregator/master/sub/splitted/vmess.txt
[OK] proxies=1 | new=1 | url=https://cdn.jsdelivr.net/gh/mahdibland/V2RayAggregator@master/update/provider/provider-cn.yml
[OK] proxies=1 | new=0 | url=https://cdn.jsdelivr.net/gh/mahdibland/V2RayAggregator@master/update/provider/provider-others.yml
[OK] proxies=3793 | new=2356 | url=https://raw.githubusercontent.com/mahdibland/SSAggregator/master/sub/sub_merge_base64.txt
[OK] proxies=474 | new=0 | url=https://raw.githubusercontent.com/mahdibland/ShadowsocksAggregator/master/sub/splitted/trojan.txt
[OK] proxies=376 | new=95 | url=https://raw.githubusercontent.com/mahdibland/V2RayAggregator/master/README.md
[OK] proxies=61 | new=61 | url=https://raw.githubusercontent.com/mahdibland/ShadowsocksAggregator/master/EternityAir.txt
[OK] proxies=1828 | new=0 | url=https://raw.githubusercontent.com/mahdibland/ShadowsocksAggregator/master/sub/splitted/ss.txt
[OK] proxies=1 | new=0 | url=https://cdn.jsdelivr.net/gh/mahdibland/V2RayAggregator@master/update/provider/provider-meta-cn.yml
[OK] proxies=54 | new=0 | url=https://raw.githubusercontent.com/mahdibland/ShadowsocksAggregator/master/sub/splitted/ssr.txt
[OK] proxies=61 | new=0 | url=https://raw.githubusercontent.com/mahdibland/SSAggregator/master/sub/airport_merge_base64.txt
[OK] proxies=61 | new=0 | url=https://raw.githubusercontent.com/mahdibland/SSAggregator/master/sub/airport_sub_merge.txt
[OK] proxies=1 | new=0 | url=https://github.com/mahdibland/SSAggregator/actions/workflows/Collector.yml
[OK] proxies=192 | new=0 | url=https://raw.githubusercontent.com/mahdibland/ShadowsocksAggregator/master/Eternity.txt
[OK] proxies=3954 | new=162 | url=https://raw.githubusercontent.com/mahdibland/SSAggregator/master/sub/sub_merge_yaml.yml
[OK] proxies=1 | new=0 | url=https://github.com/mahdibland/SSAggregator/actions/workflows/Airport_Collector.yml
[OK] proxies=1 | new=0 | url=https://cdn.jsdelivr.net/gh/mahdibland/V2RayAggregator@master/update/provider/provider.yml
[OK] proxies=1 | new=0 | url=https://cdn.jsdelivr.net/gh/mahdibland/V2RayAggregator@master/update/provider/provider-meta.yml
[OK] proxies=194 | new=1 | url=https://raw.githubusercontent.com/mahdibland/ShadowsocksAggregator/master/Eternity.yml
[OK] proxies=1 | new=0 | url=https://cdn.jsdelivr.net/gh/mahdibland/V2RayAggregator@master/update/provider/provider-meta-others.yml
[OK] proxies=3793 | new=0 | url=https://raw.githubusercontent.com/mahdibland/{SSAggregator|ShadowsocksAggregator}/master/sub/sub_merge.txt
[OK] proxies=4113 | source=[免费节点8] | url=https://raw.githubusercontent.com/mahdibland/V2RayAggregator/master/README.md
============================================================
[INFO] sublink try repo | url=https://github.com/w1770946466/Auto_proxy
[INFO] sublink try page | url=https://raw.githubusercontent.com/w1770946466/Auto_proxy/main/README.md
[OK] proxies=1 | new=1 | url=https://github.com/w1770946466/Auto_proxy/actions/workflows/main.yml
[OK] proxies=489 | new=489 | url=https://raw.githubusercontent.com/w1770946466/Auto_proxy/main/Long_term_subscription_num
[OK] proxies=245 | new=125 | url=https://raw.githubusercontent.com/w1770946466/Auto_proxy/main/{Long_term_subscription2.yaml|Long_term_subscription1.yaml|Long_term_subscription3.yaml}
[OK] proxies=489 | new=0 | url=https://raw.githubusercontent.com/w1770946466/Auto_proxy/main/{Long_term_subscription1|Long_term_subscription2|Long_term_subscription3|Long_term_subscription4|Long_term_subscription5|Long_term_subscription6|Long_term_subscription7|Long_term_subscription8}
[OK] proxies=615 | source=[免费节点9] | url=https://raw.githubusercontent.com/w1770946466/Auto_proxy/main/README.md
============================================================
[INFO] sublink try repo | url=https://github.com/PuddinCat/BestClash
[INFO] sublink try page | url=https://raw.githubusercontent.com/PuddinCat/BestClash/main/README.md
[OK] proxies=194 | new=194 | url=https://raw.githubusercontent.com/mahdibland/ShadowsocksAggregator/master/Eternity.yml
[OK] proxies=165 | new=165 | url=https://raw.githubusercontent.com/ronghuaxueleng/get_v2/main/pub/combine.yaml
[OK] proxies=28 | new=28 | url=https://cdn.jsdelivr.net/gh/vxiaov/free_proxies@main/clash/clash.provider.yaml
[OK] proxies=24 | new=24 | url=https://freenode.openrunner.net/uploads/20240807-clash.yaml
[OK] proxies=16 | new=16 | url=https://raw.githubusercontent.com/PuddinCat/BestClash/main/proxies.yaml
[OK] proxies=57 | new=57 | url=https://raw.githubusercontent.com/{chengaopan|peasoft}/{AutoMergePublicNodes|NoMoreWalls}/master/list.yml
[OK] proxies=365 | new=307 | url=https://raw.githubusercontent.com/{ermaozi|ermaozi01}/{get_subscribe|free_clash_vpn}/main/subscribe/clash.yml
[OK] proxies=144 | new=3 | url=https://raw.githubusercontent.com/zhangkaiitugithub/passcro/main/speednodes.yaml
[OK] proxies=57 | new=0 | url=https://raw.githubusercontent.com/Misaka-blog/chromego_merge/main/sub/merged_proxies_new.yaml
[OK] proxies=3701 | new=3679 | url=https://raw.githubusercontent.com/{NiceVPN123|anaer}/{NiceVPN|Sub}/main/{Clash.yaml|clash.yaml}
[OK] proxies=4473 | source=[免费节点10] | url=https://raw.githubusercontent.com/PuddinCat/BestClash/main/README.md
============================================================
[INFO] sublink try repo | url=https://github.com/kooker/FreeSubsCheck
[INFO] sublink try page | url=https://raw.githubusercontent.com/kooker/FreeSubsCheck/main/README.md
[OK] proxies=39 | new=39 | url=https://raw.githubusercontent.com/kooker/FreeSubsCheck/main/all.yaml
[OK] proxies=11 | new=1 | url=https://raw.githubusercontent.com/kooker/FreeSubsCheck/main/base64.txt
[OK] proxies=39 | new=0 | url=https://raw.githubusercontent.com/kooker/FreeSubsCheck/main/mihomo.yaml
[OK] proxies=487 | new=478 | url=https://raw.githubusercontent.com/kooker/FreeSubsCheck/main/kooker.jp.txt
[OK] proxies=2 | new=1 | url=https://raw.githubusercontent.com/kooker/FreeSubsCheck/main/byxiaoxi.txt
[OK] proxies=519 | source=[免费节点11] | url=https://raw.githubusercontent.com/kooker/FreeSubsCheck/main/README.md
============================================================
[INFO] toolkit try repo | url=https://github.com/bannedbook/fanqiang
[INFO] toolkit try release | url=https://github.com/bannedbook/fanqiang/releases
[INFO] toolkit try release | url=https://github.com/bannedbook/fanqiang/releases/expanded_assets/ChromeGo-latest
[INFO] toolkit try download | url=https://github.com/bannedbook/fanqiang/releases/download/ChromeGo-latest/ChromeGo.7z
[OK] toolkit downloaded | file=ChromeGo.7z | size=96.2mb | time=36.6s
[OK] toolkit extracted | archive=ChromeGo.7z | tool=7z | files=222 | dirs=45
[OK] toolkit discovered | subs=107 | embedded=46 | archive=ChromeGo.7z
[INFO] toolkit try repo | url=https://github.com/bannedbook/fanqiang
[INFO] toolkit try release | url=https://github.com/bannedbook/fanqiang/releases
[INFO] toolkit try release | url=https://github.com/bannedbook/fanqiang/releases/expanded_assets/ChromeGo-latest
[INFO] toolkit try download | url=https://github.com/bannedbook/fanqiang/releases/download/ChromeGo-latest/ChromeGo.7z
[OK] toolkit downloaded | file=ChromeGo.7z | size=96.2mb | time=36.6s
[OK] toolkit extracted | archive=ChromeGo.7z | tool=7z | files=222 | dirs=45
[OK] toolkit discovered | subs=107 | embedded=46 | archive=ChromeGo.7z
[OK] proxies=12 | new=12 | embedded=archive-config
[OK] proxies=3 | new=3 | url=https://gitlab.com/free9999/ipupdate/master/backup/img/1/2/{ipp|ip}/clash.meta2/{5|6|3|1|4|2}/config.yaml
[OK] proxies=3 | new=0 | url=https://www.67867867.xyz/Alvin9999/PAC/refs/heads/master/backup/img/1/2/{ipp|ip}/clash.meta2/{5|6|3|1|4|2}/config.yaml
[OK] proxies=7 | new=5 | url=https://www.67867867.xyz/Alvin9999/PAC/refs/heads/master/backup/img/1/2/{ipp|ip}/{hysteria2|singbox|naiveproxy|hysteria|xray}/{3|1|4|2}/config.json
[OK] proxies=7 | new=0 | url=https://gitlab.com/free9999/ipupdate/master/backup/img/1/2/{ipp|ip}/{hysteria2|singbox|naiveproxy|hysteria|xray}/{3|1|4|2}/config.json
[OK] proxies=20 | source=[ChromeGO-Toolkit] | url=https://github.com/bannedbook/fanqiang/releases/download/ChromeGo-latest/ChromeGo.7z
============================================================
[INFO] sublink try repo | url=https://github.com/ShiteThings/extractNodes
[INFO] sublink try page | url=https://raw.githubusercontent.com/ShiteThings/extractNodes/main/README.md
[OK] proxies=26 | new=26 | url=https://chg26.makou.cc.cd/sb
[OK] proxies=31 | new=5 | url=https://{chg26.makou.cc.cd|chg64.makou.cc.cd}
[OK] proxies=31 | source=[ChromeGO-ShiteThings] | url=https://raw.githubusercontent.com/ShiteThings/extractNodes/main/README.md
============================================================
[INFO] sublink try repo | url=https://github.com/shangui999/chromego_merge
[INFO] sublink try page | url=https://raw.githubusercontent.com/shangui999/chromego_merge/master/ReadMe.md
[OK] proxies=10 | new=10 | url=https://freedman.netlify.app/sub/merged_proxies_new.yaml
[OK] proxies=11 | new=1 | url=https://freedman.netlify.app/sub/merged_warp_proxies_new.yaml
[OK] proxies=16 | new=16 | url=https://freedman.netlify.app/sub/sb.json
[OK] proxies=11 | new=6 | url=https://freedman.netlify.app/sub/shadowrocket_base64.txt
[INFO] sublink try repo | url=https://github.com/yaney01/chromego
[INFO] sublink try page | url=https://raw.githubusercontent.com/yaney01/chromego/main/ReadMe.md
[OK] proxies=51 | new=46 | url=https://raw.githubusercontent.com/yaney01/chromego/main/sub/merged_warp_proxies_new.yaml
[OK] proxies=50 | new=0 | url=https://raw.githubusercontent.com/yaney01/chromego/main/sub/merged_proxies_new.yaml
[OK] proxies=13 | new=7 | url=https://raw.githubusercontent.com/yaney01/chromego/main/sub/shadowrocket_base64.txt
[OK] proxies=13 | new=0 | url=https://raw.githubusercontent.com/yaney01/chromego/main/sub/sb.json
[INFO] sublink try repo | url=https://github.com/Misaka-blog/chromego_merge
[INFO] sublink try page | url=https://raw.githubusercontent.com/Misaka-blog/chromego_merge/main/README.md
[OK] proxies=57 | new=57 | url=https://chromego-sub.netlify.app/sub/merged_proxies_new.yaml
[OK] proxies=143 | source=[ChromeGO-Merge] | url=https://raw.githubusercontent.com/Misaka-blog/chromego_merge/main/README.md
============================================================
[INFO] toolkit try repo | url=https://github.com/Pawdroid/shadowrocket_for_android
[INFO] toolkit try release | url=https://github.com/Pawdroid/shadowrocket_for_android/releases
[INFO] toolkit try release | url=https://github.com/Pawdroid/shadowrocket_for_android/releases/expanded_assets/10.10.55
[INFO] toolkit try download | url=https://github.com/Pawdroid/shadowrocket_for_android/releases/download/10.10.55/Shadowrocket_10.10.55_shadowrocketStandard_arm64-v8a.apk
[OK] toolkit downloaded | file=Shadowrocket_10.10.55_shadowrocketStandard_arm64-v8a.apk | size=39.5mb | time=24.7s
[OK] toolkit extracted | archive=Shadowrocket_10.10.55_shadowrocketStandard_arm64-v8a.apk | tool=zipfile | files=1179 | dirs=44
[OK] toolkit sr-apk scanned | prefixes=38 | files=6 | keys=2 | archive=Shadowrocket_10.10.55_shadowrocketStandard_arm64-v8a.apk
[OK] proxies=188 | new=188 | url=https://{cdn.jsdelivr.net|raw.githubusercontent.com}/pixelor/ecfg/main/data/ecfg6
[OK] proxies=647 | new=616 | url=https://{cdn.jsdelivr.net|raw.githubusercontent.com}/pixelor/ecfg/main/data/ecfg6_en
[OK] proxies=1382 | new=674 | url=https://{raw.githubusercontent.com|cdn.jsdelivr.net}/pixelor/ecfg/main/data/ecfg6_zh
[OK] proxies=70 | new=0 | url=https://{files.shadowrockets.app|cdn.shadowrockets.app}/ecfg/data/ecfg6
[OK] proxies=544 | new=0 | url=https://{files.shadowrockets.app|cdn.shadowrockets.app}/ecfg/data/ecfg6_en
[OK] proxies=544 | new=0 | url=https://{files.shadowrockets.app|cdn.shadowrockets.app}/ecfg/data/ecfg6_zh
[INFO] toolkit try repo | url=https://github.com/Pawdroid/shadowrocket_for_android
[INFO] toolkit try release | url=https://github.com/Pawdroid/shadowrocket_for_android/releases
[INFO] toolkit try release | url=https://github.com/Pawdroid/shadowrocket_for_android/releases/expanded_assets/10.10.55
[INFO] toolkit try download | url=https://github.com/Pawdroid/shadowrocket_for_android/releases/download/10.10.55/Shadowrocket_10.10.55_shadowrocketStandard_arm64-v8a.apk
[OK] toolkit downloaded | file=Shadowrocket_10.10.55_shadowrocketStandard_arm64-v8a.apk | size=39.5mb | time=24.7s
[OK] toolkit extracted | archive=Shadowrocket_10.10.55_shadowrocketStandard_arm64-v8a.apk | tool=zipfile | files=1179 | dirs=44
[OK] toolkit sr-apk scanned | prefixes=38 | files=6 | keys=2 | archive=Shadowrocket_10.10.55_shadowrocketStandard_arm64-v8a.apk
[OK] proxies=188 | new=188 | url=https://{cdn.jsdelivr.net|raw.githubusercontent.com}/pixelor/ecfg/main/data/ecfg6
[OK] proxies=647 | new=616 | url=https://{cdn.jsdelivr.net|raw.githubusercontent.com}/pixelor/ecfg/main/data/ecfg6_en
[OK] proxies=1382 | new=674 | url=https://{raw.githubusercontent.com|cdn.jsdelivr.net}/pixelor/ecfg/main/data/ecfg6_zh
[OK] proxies=70 | new=0 | url=https://{files.shadowrockets.app|cdn.shadowrockets.app}/ecfg/data/ecfg6
[OK] proxies=544 | new=0 | url=https://{files.shadowrockets.app|cdn.shadowrockets.app}/ecfg/data/ecfg6_en
[OK] proxies=544 | new=0 | url=https://{files.shadowrockets.app|cdn.shadowrockets.app}/ecfg/data/ecfg6_zh
[OK] proxies=1478 | source=[Pawdroid-SR-APK] | url=https://github.com/Pawdroid/shadowrocket_for_android/releases/download/10.10.55/Shadowrocket_10.10.55_shadowrocketStandard_arm64-v8a.apk
============================================================
[INFO] toolkit try page | url=https://shadowshare.v2cross.com
[INFO] toolkit try download | url=https://shadowshare.v2cross.com/shadowshare.apk
[OK] toolkit downloaded | file=shadowshare.apk | size=60mb | time=32.3s
[OK] toolkit extracted | archive=shadowshare.apk | tool=zipfile | files=612 | dirs=39
[OK] toolkit ss-apk scanned | prefixes=10 | files=3 | keys=1 | archive=shadowshare.apk
[OK] proxies=218 | new=218 | url=https://{raw.githubusercontent.com|jsd.onmicrosoft.cn}/hideme9527/ecsfg/main/data/sareserver
[OK] proxies=1386 | new=1280 | url=https://{raw.githubusercontent.com|jsd.onmicrosoft.cn}/hideme9527/ecsfg/main/data/sareserver_en
[OK] proxies=48 | new=0 | url=https://{shadowsharing.com|sare.159236.xyz}/data/sareserver
[OK] proxies=1386 | new=0 | url=https://{shadowsharing.com|sare.159236.xyz}/data/sareserver_en
[OK] proxies=48 | new=0 | url=https://gitee.com/api/v5/repos/{elvenapp|guoyoucai1|zhiminghao}/ecsfg/raw/data/sareserver
[OK] proxies=1386 | new=0 | url=https://gitee.com/api/v5/repos/{elvenapp|zhiminghao|guoyoucai1}/ecsfg/raw/data/sareserver_en
[INFO] toolkit try page | url=https://shadowshare.v2cross.com
[INFO] toolkit try download | url=https://shadowshare.v2cross.com/shadowshare.apk
[OK] toolkit downloaded | file=shadowshare.apk | size=60mb | time=32.3s
[OK] toolkit extracted | archive=shadowshare.apk | tool=zipfile | files=612 | dirs=39
[OK] toolkit ss-apk scanned | prefixes=10 | files=3 | keys=1 | archive=shadowshare.apk
[OK] proxies=218 | new=218 | url=https://{raw.githubusercontent.com|jsd.onmicrosoft.cn}/hideme9527/ecsfg/main/data/sareserver
[OK] proxies=1386 | new=1280 | url=https://{raw.githubusercontent.com|jsd.onmicrosoft.cn}/hideme9527/ecsfg/main/data/sareserver_en
[OK] proxies=48 | new=0 | url=https://{shadowsharing.com|sare.159236.xyz}/data/sareserver
[OK] proxies=1386 | new=0 | url=https://{shadowsharing.com|sare.159236.xyz}/data/sareserver_en
[OK] proxies=48 | new=0 | url=https://gitee.com/api/v5/repos/{elvenapp|guoyoucai1|zhiminghao}/ecsfg/raw/data/sareserver
[OK] proxies=1386 | new=0 | url=https://gitee.com/api/v5/repos/{elvenapp|zhiminghao|guoyoucai1}/ecsfg/raw/data/sareserver_en
[OK] proxies=1498 | source=[Pawdroid-SS-APK] | url=https://shadowshare.v2cross.com/shadowshare.apk
============================================================
[INFO] toolkit try chrome | url=https://chromewebstore.google.com/detail/free-vpn-proxy-1vpn/akcocjjpkmlniicdeemdceeajlmoabhg
[INFO] toolkit try download | url=https://clients2.google.com/service/update2/crx?response=redirect&prodversion=131.0.6778.0&acceptformat=crx2,crx3&x=id%3dakcocjjpkmlniicdeemdceeajlmoabhg%26uc
[OK] toolkit downloaded | file=free-vpn-proxy-1vpn.crx | size=1.6mb | time=6.5s
[OK] toolkit extracted | archive=free-vpn-proxy-1vpn.crx | tool=zipfile | files=68 | dirs=57
[OK] toolkit 1vpn-crx scanned | hosts=17 | keys=1 | archive=free-vpn-proxy-1vpn.crx
[INFO] toolkit try chrome | url=https://chromewebstore.google.com/detail/free-vpn-proxy-1vpn/akcocjjpkmlniicdeemdceeajlmoabhg
[INFO] toolkit try download | url=https://clients2.google.com/service/update2/crx?response=redirect&prodversion=131.0.6778.0&acceptformat=crx2,crx3&x=id%3dakcocjjpkmlniicdeemdceeajlmoabhg%26uc
[OK] toolkit downloaded | file=free-vpn-proxy-1vpn.crx | size=1.6mb | time=6.5s
[OK] toolkit extracted | archive=free-vpn-proxy-1vpn.crx | tool=zipfile | files=68 | dirs=57
[OK] toolkit 1vpn-crx scanned | hosts=17 | keys=1 | archive=free-vpn-proxy-1vpn.crx
[OK] proxies=17 | source=[1VPN-CRX] | url=https://clients2.google.com/service/update2/crx?response=redirect&prodversion=131.0.6778.0&acceptformat=crx2,crx3&x=id%3dakcocjjpkmlniicdeemdceeajlmoabhg%26uc
============================================================
[INFO] sublink try repo | url=https://github.com/free-nodes/clashfree
[INFO] sublink try page | url=https://raw.githubusercontent.com/free-nodes/clashfree/main/README.md
[OK] proxies=1 | new=1 | url=https://github.com/free-nodes/clashfree/blob/main/clash20260930.yml
[INFO] sublink file_nodes=1 | bare links=3
[WARN] few proxies | found=1 | raw=234
[INFO] reused previous raw | file=797390698765-raw-1234-20260930.yaml | stamp=202609301234
[OK] proxies=234 | source=[Clashfree] | url=https://raw.githubusercontent.com/free-nodes/clashfree/main/README.md
============================================================
[INFO] sublink try repo | url=https://github.com/Epodonios/v2ray-configs
[INFO] sublink try page | url=https://raw.githubusercontent.com/Epodonios/v2ray-configs/main/README.md
[OK] proxies=4224 | new=4224 | url=https://github.com/Epodonios/v2ray-configs/raw/main/All_Configs_Sub.txt
[OK] proxies=192 | new=25 | url=https://github.com/Epodonios/v2ray-configs/raw/main/Splitted-By-Protocol/vmess.txt
[OK] proxies=4224 | new=0 | url=https://github.com/Epodonios/v2ray-configs/raw/main/All_Configs_base64_Sub.txt
[OK] proxies=181 | new=21 | url=https://github.com/Epodonios/v2ray-configs/raw/main/Splitted-By-Protocol/trojan.txt
[OK] proxies=386 | new=19 | url=https://github.com/Epodonios/v2ray-configs/raw/main/Splitted-By-Protocol/ss.txt
[OK] proxies=3424 | new=88 | url=https://github.com/Epodonios/v2ray-configs/raw/main/Splitted-By-Protocol/vless.txt
[OK] proxies=1 | new=1 | url=https://github.com/Epodonios/V2ray-Configs/actions/workflows/main.yml
[OK] proxies=4224 | new=0 | url=https://raw.githubusercontent.com/Epodonios/v2ray-configs/main/{Sub1.txt|Sub2.txt|Sub3.txt|Sub4.txt|Sub5.txt|Sub6.txt|Sub7.txt|Sub8.txt}
[OK] proxies=4378 | source=[Epodonios] | url=https://raw.githubusercontent.com/Epodonios/v2ray-configs/main/README.md
============================================================
[INFO] sublink try repo | url=https://github.com/free-clash-v2ray/free-clash-v2ray.github.io
[INFO] sublink try page | url=https://raw.githubusercontent.com/free-clash-v2ray/free-clash-v2ray.github.io/main/README.md
[OK] proxies=2984 | new=2984 | url=https://free-clash-v2ray.github.io/uploads/2026/09/{0-20260927.yaml|1-20260927.yaml|2-20260927.yaml|3-20260927.yaml}
[OK] proxies=3129 | new=537 | url=https://free-clash-v2ray.github.io/uploads/2026/09/{0-20260927.txt|1-20260927.txt|2-20260927.txt|3-20260927.txt|4-20260927.txt}
[OK] proxies=3521 | source=[Free-clash-v2ray] | url=https://raw.githubusercontent.com/free-clash-v2ray/free-clash-v2ray.github.io/main/README.md
============================================================
[INFO] article try page | url=https://v2rayclashfree.com
[INFO] sublink try page | url=https://v2rayclashfree.com/fn/20260930.html
[OK] proxies=440 | new=440 | url=https://v2rayclashfree.com/sub/20260930-clash.yaml
[OK] proxies=471 | new=161 | url=https://v2rayclashfree.com/sub/20260930-v2ray.txt
[OK] proxies=601 | source=[V2rayclashfree-RSS] | url=https://v2rayclashfree.com/fn/20260930.html
============================================================
[INFO] toolkit try repo | url=https://github.com/MetaCubeX/meta-rules-dat
[INFO] toolkit try release | url=https://github.com/MetaCubeX/meta-rules-dat/releases
[INFO] toolkit try release | url=https://github.com/MetaCubeX/meta-rules-dat/releases/expanded_assets/latest
[INFO] toolkit try download | url=https://github.com/MetaCubeX/meta-rules-dat/releases/download/latest/country.mmdb
[OK] toolkit downloaded | file=country.mmdb | size=7.3mb | time=4.7s
[INFO] toolkit try repo | url=https://github.com/mledoze/countries
[INFO] toolkit try release | url=https://github.com/mledoze/countries/releases
[INFO] toolkit try release | url=https://github.com/mledoze/countries/releases/expanded_assets/v1.8.0
[INFO] toolkit try download | url=https://github.com/mledoze/countries/archive/refs/tags/v1.8.0.zip
[OK] toolkit downloaded | file=countries-1.8.0.zip | size=4.8mb | time=22.4s
[OK] toolkit extracted | archive=countries-1.8.0.zip | tool=zipfile | files=528 | dirs=8
[OK] toolkit found | file=countries.json | from=countries-1.8.0.zip
[OK] geo score ready | files=country.mmdb, countries.json | centroids=247
============================================================
[INFO] toolkit try repo | url=https://github.com/MetaCubeX/mihomo
[INFO] toolkit try release | url=https://github.com/MetaCubeX/mihomo/releases
[INFO] toolkit try release | url=https://github.com/MetaCubeX/mihomo/releases/expanded_assets/v1.19.31
[INFO] toolkit try download | url=https://github.com/MetaCubeX/mihomo/releases/download/v1.19.31/mihomo-linux-amd64-compatible-v1.19.31.gz
[OK] toolkit downloaded | file=mihomo-linux-amd64-compatible-v1.19.31.gz | size=21.8mb | time=54.3s
[OK] toolkit hash verified | file=mihomo-linux-amd64-compatible-v1.19.31.gz | sha256=04cf9f09671704f839ddbee2e93069dc831a4123a75281e725d1d96ab9ac1afc
[OK] proxy engine ready, starting latency test | package=mihomo-linux-amd64-compatible-v1.19.31.gz
============================================================
[WARN] batch start failed | size=17330 {1} | split=4333 {2} + 4333 {3} + 4333 {4} + 4331 {5}
[WARN] batch start failed | size=4333 {4} | split=1084 {6} + 1084 {7} + 1084 {8} + 1081 {9}
[WARN] batch start failed | size=4331 {5} | split=1083 {10} + 1083 {11} + 1083 {12} + 1082 {13}
[WARN] batch start failed | size=1084 {7} | split=271 {14} + 271 {15} + 271 {16} + 271 {17}
[WARN] batch start failed | size=1084 {6} | split=271 {18} + 271 {19} + 271 {20} + 271 {21}
[WARN] batch start failed | size=1081 {9} | split=271 {22} + 271 {23} + 271 {24} + 268 {25}
[WARN] batch start failed | size=1084 {8} | split=271 {26} + 271 {27} + 271 {28} + 271 {29}
[TEST] {11} tested=100/1083 | kept=1 | rest=17230
[TEST] {11} tested=200/1083 | kept=4 | rest=17130
[TEST] {11} tested=300/1083 | kept=7 | rest=17030
[TEST] {11} tested=400/1083 | kept=8 | rest=16930
[TEST] {10} tested=100/1083 | kept=2 | rest=16813
[TEST] {10} tested=200/1083 | kept=6 | rest=16713
[TEST] {10} tested=300/1083 | kept=6 | rest=16613
[TEST] {10} tested=400/1083 | kept=8 | rest=16513
[TEST] {3} tested=100/4333 | kept=0 | rest=16367
[TEST] {3} tested=200/4333 | kept=0 | rest=16267
[TEST] {3} tested=300/4333 | kept=0 | rest=16167
[TEST] {3} tested=400/4333 | kept=0 | rest=16067
[TEST] {2} tested=100/4333 | kept=24 | rest=15958
[TEST] {2} tested=200/4333 | kept=52 | rest=15858
[TEST] {2} tested=300/4333 | kept=74 | rest=15758
[TEST] {2} tested=400/4333 | kept=101 | rest=15658
[TEST] {2} tested=500/4333 | kept=119 | rest=15558
[TEST] {2} tested=600/4333 | kept=135 | rest=15458
[TEST] {2} tested=700/4333 | kept=149 | rest=15358
[TEST] {10} tested=500/1083 | kept=8 | rest=15192
[TEST] {11} tested=500/1083 | kept=10 | rest=15004
[TEST] {10} tested=600/1083 | kept=10 | rest=14938
[TEST] {2} tested=800/4333 | kept=159 | rest=14898
[TEST] {3} tested=500/4333 | kept=0 | rest=14767
[TEST] {10} tested=700/1083 | kept=10 | rest=14693
[TEST] {10} tested=800/1083 | kept=12 | rest=14534
[TEST] {11} tested=600/1083 | kept=11 | rest=14444
[TEST] {3} tested=600/4333 | kept=0 | rest=14377
[TEST] {10} tested=900/1083 | kept=13 | rest=14295
[TEST] {2} tested=900/4333 | kept=159 | rest=14287
[TEST] {11} tested=700/1083 | kept=12 | rest=14104
[TEST] {10} tested=1000/1083 | kept=15 | rest=13948
[TEST] {2} tested=1000/4333 | kept=160 | rest=13929
[TEST] {11} tested=800/1083 | kept=14 | rest=13882
[TEST] {3} tested=700/4333 | kept=0 | rest=13679
[TEST] {11} tested=900/1083 | kept=16 | rest=13640
[TEST] {10} tested=1083/1083 | kept=15 | rest=13432
[TEST] {11} tested=1000/1083 | kept=24 | rest=13422
[TEST] {2} tested=1100/4333 | kept=162 | rest=13407
[TEST] {12} tested=100/1083 | kept=7 | rest=13152
[TEST] {12} tested=200/1083 | kept=10 | rest=13032
[TEST] {3} tested=800/4333 | kept=0 | rest=12980
[TEST] {12} tested=300/1083 | kept=21 | rest=12876
[TEST] {12} tested=400/1083 | kept=49 | rest=12743
[TEST] {2} tested=1200/4333 | kept=195 | rest=12688
[TEST] {11} tested=1083/1083 | kept=27 | rest=12608
[TEST] {12} tested=500/1083 | kept=94 | rest=12514
[TEST] {2} tested=1300/4333 | kept=198 | rest=12502
[WARN] batch start failed | size=1082 {13} | split=271 {30} + 271 {31} + 271 {32} + 269 {33}
[TEST] {12} tested=600/1083 | kept=117 | rest=12338
[TEST] {12} tested=700/1083 | kept=139 | rest=12125
[TEST] {14} tested=100/271 | kept=91 | rest=12044
[TEST] {12} tested=800/1083 | kept=166 | rest=11962
[TEST] {3} tested=900/4333 | kept=0 | rest=11928
[TEST] {12} tested=900/1083 | kept=183 | rest=11780
[TEST] {2} tested=1400/4333 | kept=200 | rest=11705
[TEST] {12} tested=1000/1083 | kept=189 | rest=11629
[TEST] {14} tested=200/271 | kept=168 | rest=11592
[TEST] {2} tested=1500/4333 | kept=200 | rest=11399
[TEST] {2} tested=1600/4333 | kept=200 | rest=11282
[TEST] {3} tested=1000/4333 | kept=0 | rest=11194
[TEST] {14} tested=271/271 | kept=213 | rest=11024
[TEST] {12} tested=1083/1083 | kept=193 | rest=11021
[TEST] {3} tested=1100/4333 | kept=0 | rest=11013
[TEST] {2} tested=1700/4333 | kept=201 | rest=11005
[WARN] batch start failed | size=271 {15} | split=68 {34} + 68 {35} + 68 {36} + 67 {37}
[TEST] {16} tested=100/271 | kept=0 | rest=10856
[TEST] {16} tested=200/271 | kept=4 | rest=10750
[TEST] {18} tested=100/271 | kept=0 | rest=10595
[TEST] {2} tested=1800/4333 | kept=201 | rest=10450
[TEST] {3} tested=1200/4333 | kept=0 | rest=10310
[TEST] {3} tested=1300/4333 | kept=0 | rest=10204
[TEST] {16} tested=271/271 | kept=19 | rest=10079
[TEST] {2} tested=1900/4333 | kept=201 | rest=10077
[TEST] {3} tested=1400/4333 | kept=2 | rest=10067
[TEST] {18} tested=200/271 | kept=0 | rest=10032
[TEST] {19} tested=100/271 | kept=0 | rest=9836
[TEST] {19} tested=200/271 | kept=0 | rest=9679
[TEST] {2} tested=2000/4333 | kept=201 | rest=9597
[TEST] {3} tested=1500/4333 | kept=2 | rest=9551
[TEST] {3} tested=1600/4333 | kept=2 | rest=9424
[TEST] {18} tested=271/271 | kept=0 | rest=9315
[TEST] {2} tested=2100/4333 | kept=204 | rest=9248
[TEST] {3} tested=1700/4333 | kept=2 | rest=9207
[TEST] {20} tested=100/271 | kept=0 | rest=8996
[TEST] {19} tested=271/271 | kept=0 | rest=8989
[TEST] {2} tested=2200/4333 | kept=204 | rest=8887
[TEST] {3} tested=1800/4333 | kept=2 | rest=8837
[TEST] {2} tested=2300/4333 | kept=204 | rest=8711
[TEST] {17} tested=100/271 | kept=6 | rest=8516
[TEST] {17} tested=200/271 | kept=20 | rest=8402
[TEST] {2} tested=2400/4333 | kept=204 | rest=8280
[TEST] {3} tested=1900/4333 | kept=2 | rest=8261
[TEST] {20} tested=200/271 | kept=25 | rest=8135
[TEST] {2} tested=2500/4333 | kept=204 | rest=7991
[TEST] {20} tested=271/271 | kept=25 | rest=7964
[WARN] batch start failed | size=271 {21} | split=68 {38} + 68 {39} + 68 {40} + 67 {41}
[TEST] {3} tested=2000/4333 | kept=3 | rest=7924
[WARN] batch start failed | size=271 {22} | split=68 {42} + 68 {43} + 68 {44} + 67 {45}
[TEST] {17} tested=271/271 | kept=47 | rest=7881
[TEST] {23} tested=100/271 | kept=2 | rest=7708
[TEST] {24} tested=100/271 | kept=1 | rest=7518
[TEST] {2} tested=2600/4333 | kept=204 | rest=7490
[TEST] {3} tested=2100/4333 | kept=17 | rest=7480
[TEST] {2} tested=2700/4333 | kept=204 | rest=7213
[TEST] {23} tested=200/271 | kept=4 | rest=7160
[TEST] {24} tested=200/271 | kept=4 | rest=7126
[TEST] {3} tested=2200/4333 | kept=19 | rest=7027
[TEST] {23} tested=271/271 | kept=4 | rest=6950
[TEST] {24} tested=271/271 | kept=4 | rest=6849
[TEST] {25} tested=100/268 | kept=2 | rest=6782
[WARN] batch start failed | size=271 {26} | split=68 {46} + 68 {47} + 68 {48} + 67 {49}
[TEST] {2} tested=2800/4333 | kept=204 | rest=6593
[TEST] {3} tested=2300/4333 | kept=19 | rest=6497
[TEST] {2} tested=2900/4333 | kept=204 | rest=6455
[TEST] {2} tested=3000/4333 | kept=204 | rest=6318
[TEST] {25} tested=200/268 | kept=11 | rest=6302
[TEST] {3} tested=2400/4333 | kept=20 | rest=6209
[TEST] {2} tested=3100/4333 | kept=204 | rest=6030
[TEST] {3} tested=2500/4333 | kept=20 | rest=5931
[TEST] {25} tested=268/268 | kept=11 | rest=5901
[TEST] {46} tested=68/68 | kept=12 | rest=5869
[TEST] {2} tested=3200/4333 | kept=204 | rest=5857
[TEST] {2} tested=3300/4333 | kept=257 | rest=5648
[TEST] {3} tested=2600/4333 | kept=20 | rest=5494
[TEST] {3} tested=2700/4333 | kept=20 | rest=5367
[TEST] {28} tested=100/271 | kept=3 | rest=5338
[TEST] {28} tested=200/271 | kept=3 | rest=5187
[TEST] {29} tested=100/271 | kept=9 | rest=5167
[TEST] {2} tested=3400/4333 | kept=266 | rest=5099
[TEST] {3} tested=2800/4333 | kept=20 | rest=4873
[TEST] {29} tested=200/271 | kept=38 | rest=4858
[TEST] {3} tested=2900/4333 | kept=20 | rest=4747
[TEST] {28} tested=271/271 | kept=7 | rest=4693
[TEST] {2} tested=3500/4333 | kept=266 | rest=4626
[TEST] {29} tested=271/271 | kept=42 | rest=4553
[TEST] {30} tested=100/271 | kept=0 | rest=4452
[TEST] {30} tested=200/271 | kept=2 | rest=4347
[TEST] {31} tested=100/271 | kept=2 | rest=4120
[TEST] {31} tested=200/271 | kept=24 | rest=4007
[TEST] {3} tested=3000/4333 | kept=20 | rest=3942
[TEST] {2} tested=3600/4333 | kept=266 | rest=3935
[TEST] {30} tested=271/271 | kept=30 | rest=3732
[WARN] batch start failed | size=269 {33} | split=68 {50} + 68 {51} + 68 {52} + 65 {53}
[TEST] {3} tested=3100/4333 | kept=23 | rest=3718
[TEST] {2} tested=3700/4333 | kept=266 | rest=3715
[TEST] {31} tested=271/271 | kept=45 | rest=3601
[TEST] {32} tested=100/271 | kept=37 | rest=3556
[TEST] {32} tested=200/271 | kept=76 | rest=3395
[TEST] {3} tested=3200/4333 | kept=24 | rest=3266
[TEST] {2} tested=3800/4333 | kept=266 | rest=3196
[TEST] {32} tested=271/271 | kept=95 | rest=3068
[TEST] {34} tested=68/68 | kept=30 | rest=3050
[WARN] batch start failed | size=68 {35} | split=17 {54} + 17 {55} + 17 {56} + 17 {57}
[TEST] {3} tested=3300/4333 | kept=24 | rest=2949
[TEST] {3} tested=3400/4333 | kept=26 | rest=2760
[TEST] {2} tested=3900/4333 | kept=266 | rest=2730
[TEST] {3} tested=3500/4333 | kept=26 | rest=2544
[TEST] {2} tested=4000/4333 | kept=266 | rest=2513
[TEST] {37} tested=67/67 | kept=24 | rest=2491
[WARN] batch start failed | size=68 {40} | split=17 {58} + 17 {59} + 17 {60} + 17 {61}
[WARN] batch start failed | size=68 {39} | split=17 {62} + 17 {63} + 17 {64} + 17 {65}
[TEST] {36} tested=68/68 | kept=52 | rest=2420
[TEST] {3} tested=3600/4333 | kept=26 | rest=2401
[WARN] batch start failed | size=67 {41} | split=17 {66} + 17 {67} + 17 {68} + 16 {69}
[TEST] {3} tested=3700/4333 | kept=26 | rest=2207
[TEST] {2} tested=4100/4333 | kept=266 | rest=2084
[TEST] {3} tested=3800/4333 | kept=26 | rest=2004
[TEST] {3} tested=3900/4333 | kept=26 | rest=1863
[TEST] {38} tested=68/68 | kept=12 | rest=1811
[WARN] batch start failed | size=68 {43} | split=17 {70} + 17 {71} + 17 {72} + 17 {73}
[TEST] {44} tested=68/68 | kept=2 | rest=1730
[TEST] {2} tested=4200/4333 | kept=268 | rest=1669
[TEST] {3} tested=4000/4333 | kept=26 | rest=1625
[TEST] {3} tested=4100/4333 | kept=26 | rest=1448
[TEST] {3} tested=4200/4333 | kept=26 | rest=1348
[TEST] {42} tested=68/68 | kept=3 | rest=1169
[TEST] {2} tested=4300/4333 | kept=268 | rest=1166
[TEST] {45} tested=67/67 | kept=0 | rest=1149
[TEST] {3} tested=4300/4333 | kept=26 | rest=1143
[WARN] batch start failed | size=68 {48} | split=17 {74} + 17 {75} + 17 {76} + 17 {77}
[TEST] {27} tested=100/271 | kept=1 | rest=985
[TEST] {27} tested=200/271 | kept=5 | rest=856
[TEST] {2} tested=4333/4333 | kept=268 | rest=833
[TEST] {3} tested=4333/4333 | kept=26 | rest=769
[TEST] {49} tested=67/67 | kept=1 | rest=688
[WARN] batch start failed | size=68 {51} | split=17 {78} + 17 {79} + 17 {80} + 17 {81}
[TEST] {27} tested=271/271 | kept=7 | rest=646
[TEST] {47} tested=68/68 | kept=5 | rest=551
[WARN] batch start failed | size=17 {54} | split=5 {82} + 5 {83} + 5 {84} + 2 {85}
[TEST] {50} tested=68/68 | kept=8 | rest=502
[TEST] {52} tested=68/68 | kept=4 | rest=453
[TEST] {53} tested=65/65 | kept=37 | rest=446
[TEST] {55} tested=17/17 | kept=13 | rest=424
[WARN] batch start failed | size=17 {59} | split=5 {86} + 5 {87} + 5 {88} + 2 {89}
[WARN] batch start failed | size=17 {60} | split=5 {90} + 5 {91} + 5 {92} + 2 {93}
[WARN] batch start failed | size=17 {61} | split=5 {94} + 5 {95} + 5 {96} + 2 {97}
[WARN] batch start failed | size=17 {62} | split=5 {98} + 5 {99} + 5 {100} + 2 {101}
[TEST] {57} tested=17/17 | kept=14 | rest=412
[TEST] {56} tested=17/17 | kept=14 | rest=397
[TEST] {58} tested=17/17 | kept=2 | rest=396
[WARN] batch start failed | size=17 {67} | split=5 {102} + 5 {103} + 5 {104} + 2 {105}
[TEST] {66} tested=17/17 | kept=0 | rest=373
[TEST] {64} tested=17/17 | kept=1 | rest=357
[TEST] {63} tested=17/17 | kept=7 | rest=323
[TEST] {69} tested=16/16 | kept=15 | rest=306
[WARN] batch start failed | size=17 {71} | split=5 {106} + 5 {107} + 5 {108} + 2 {109}
[TEST] {68} tested=17/17 | kept=3 | rest=297
[TEST] {70} tested=17/17 | kept=0 | rest=274
[WARN] batch start failed | size=17 {76} | split=5 {110} + 5 {111} + 5 {112} + 2 {113}
[TEST] {65} tested=17/17 | kept=3 | rest=268
[TEST] {73} tested=17/17 | kept=0 | rest=254
[TEST] {72} tested=17/17 | kept=0 | rest=245
[TEST] {74} tested=17/17 | kept=0 | rest=222
[WARN] batch start failed | size=17 {78} | split=5 {114} + 5 {115} + 5 {116} + 2 {117}
[TEST] {77} tested=17/17 | kept=0 | rest=208
[TEST] {75} tested=17/17 | kept=0 | rest=185
[WARN] batch start failed | size=5 {82} | split=1 {118} + 1 {119} + 1 {120} + 1 {121} + 1 {122}
[TEST] {79} tested=17/17 | kept=2 | rest=173
[TEST] {80} tested=17/17 | kept=6 | rest=157
[TEST] {81} tested=17/17 | kept=2 | rest=148
[WARN] batch start failed | size=5 {87} | split=1 {123} + 1 {124} + 1 {125} + 1 {126} + 1 {127}
[TEST] {85} tested=2/2 | kept=2 | rest=146
[TEST] {84} tested=5/5 | kept=3 | rest=138
[TEST] {83} tested=5/5 | kept=3 | rest=136
[TEST] {86} tested=5/5 | kept=0 | rest=135
[TEST] {88} tested=5/5 | kept=0 | rest=131
[WARN] batch start failed | size=5 {90} | split=1 {128} + 1 {129} + 1 {130} + 1 {131} + 1 {132}
[TEST] {89} tested=2/2 | kept=0 | rest=127
[TEST] {92} tested=5/5 | kept=0 | rest=122
[WARN] batch start failed | size=5 {94} | split=1 {133} + 1 {134} + 1 {135} + 1 {136} + 1 {137}
[TEST] {95} tested=5/5 | kept=0 | rest=117
[TEST] {91} tested=5/5 | kept=0 | rest=113
[TEST] {93} tested=2/2 | kept=0 | rest=111
[WARN] batch start failed | size=5 {99} | split=1 {138} + 1 {139} + 1 {140} + 1 {141} + 1 {142}
[WARN] batch start failed | size=5 {100} | split=1 {143} + 1 {144} + 1 {145} + 1 {146} + 1 {147}
[TEST] {101} tested=2/2 | kept=0 | rest=106
[WARN] batch start failed | size=5 {103} | split=1 {148} + 1 {149} + 1 {150} + 1 {151} + 1 {152}
[TEST] {97} tested=2/2 | kept=0 | rest=101
[TEST] {96} tested=5/5 | kept=0 | rest=96
[WARN] batch start failed | size=5 {104} | split=1 {153} + 1 {154} + 1 {155} + 1 {156} + 1 {157}
[WARN] batch start failed | size=5 {107} | split=1 {158} + 1 {159} + 1 {160} + 1 {161} + 1 {162}
[TEST] {98} tested=5/5 | kept=1 | rest=94
[TEST] {102} tested=5/5 | kept=0 | rest=92
[WARN] batch start failed | size=5 {106} | split=1 {163} + 1 {164} + 1 {165} + 1 {166} + 1 {167}
[TEST] {105} tested=2/2 | kept=1 | rest=88
[TEST] {108} tested=5/5 | kept=0 | rest=79
[WARN] batch start failed | size=5 {112} | split=1 {168} + 1 {169} + 1 {170} + 1 {171} + 1 {172}
[TEST] {109} tested=2/2 | kept=0 | rest=77
[TEST] {110} tested=5/5 | kept=0 | rest=74
[TEST] {111} tested=5/5 | kept=0 | rest=72
[WARN] batch start failed | size=5 {114} | split=1 {173} + 1 {174} + 1 {175} + 1 {176} + 1 {177}
[TEST] {113} tested=2/2 | kept=0 | rest=70
[TEST] {116} tested=5/5 | kept=0 | rest=66
[TEST] {118} tested=1/1 | kept=1 | rest=65
[DROP] name=[Pawdroid-SR-APK] United+States-86 {119} | server=85.209.157.184:8388 | reason=Parse config error: proxy 0: ss 85.209.157.184:8388 cipher: mnv{v]ʉ \t>\x0f\x18\t,y initialize error: unknown method: mnv{v]ʉ \t>\x0f\x18\t,y
[TEST] {120} tested=1/1 | kept=1 | rest=63
[TEST] {121} tested=1/1 | kept=1 | rest=62
[REPAIR] name=[ChromeGO-ShiteThings] hysteria {124} | fields=up,down
[TEST] {124} tested=1/1 | kept=0 | rest=61
[TEST] {115} tested=5/5 | kept=0 | rest=57
[TEST] {123} tested=1/1 | kept=0 | rest=56
[REPAIR] name=[ChromeGO-ShiteThings] hysteria-2 {125} | fields=up,down
[REPAIR] name=[ChromeGO-ShiteThings] hysteria-3 {126} | fields=up,down
[TEST] {125} tested=1/1 | kept=0 | rest=55
[TEST] {117} tested=2/2 | kept=0 | rest=53
[TEST] {122} tested=1/1 | kept=0 | rest=52
[REPAIR] name=[ChromeGO-Merge] WARP {130} | fields=dialer-proxy
[TEST] {130} tested=1/1 | kept=1 | rest=51
[TEST] {127} tested=1/1 | kept=0 | rest=50
[TEST] {129} tested=1/1 | kept=0 | rest=49
[TEST] {126} tested=1/1 | kept=0 | rest=48
[TEST] {128} tested=1/1 | kept=0 | rest=47
[REPAIR] name=[ChromeGO-Merge] United {135} | fields=up,down
[TEST] {132} tested=1/1 | kept=0 | rest=46
[REPAIR] name=[ChromeGO-Merge] France_hysteria_1 {136} | fields=up,down
[REPAIR] name=[ChromeGO-Merge] United-2 {137} | fields=up,down
[TEST] {139} tested=1/1 | kept=1 | rest=45
[TEST] {131} tested=1/1 | kept=0 | rest=44
[TEST] {134} tested=1/1 | kept=0 | rest=43
[TEST] {140} tested=1/1 | kept=0 | rest=42
[REPAIR] name=[免费节点11] 🇩🇪 德国 04 {142} | fields=up,down
[TEST] {141} tested=1/1 | kept=1 | rest=41
[TEST] {143} tested=1/1 | kept=0 | rest=40
[TEST] {146} tested=1/1 | kept=0 | rest=39
[TEST] {142} tested=1/1 | kept=0 | rest=38
[TEST] {144} tested=1/1 | kept=0 | rest=37
[TEST] {138} tested=1/1 | kept=1 | rest=36
[REPAIR] name=[免费节点11] 🇩🇪 德国 10 {145} | fields=up,down
[TEST] {148} tested=1/1 | kept=0 | rest=35
[TEST] {145} tested=1/1 | kept=0 | rest=34
[TEST] {147} tested=1/1 | kept=1 | rest=33
[REPAIR] name=[ChromeGO-Merge] Taiwan {151} | fields=up,down
[REPAIR] name=[ChromeGO-Merge] France {152} | fields=up,down
[TEST] {151} tested=1/1 | kept=0 | rest=32
[REPAIR] name=[ChromeGO-Merge] United-4 {153} | fields=up,down
[TEST] {135} tested=1/1 | kept=0 | rest=31
[TEST] {133} tested=1/1 | kept=0 | rest=30
[REPAIR] name=[ChromeGO-Merge] Taiwan-2 {154} | fields=up,down
[TEST] {154} tested=1/1 | kept=0 | rest=29
[TEST] {157} tested=1/1 | kept=0 | rest=28
[REPAIR] name=[ChromeGO-Merge] United-5 {155} | fields=up,down
[REPAIR] name=[Epodonios] EPODONIOS-116 {158} | fields=cipher
[TEST] {159} tested=1/1 | kept=1 | rest=27
[TEST] {160} tested=1/1 | kept=1 | rest=26
[TEST] {158} tested=1/1 | kept=1 | rest=25
[TEST] {136} tested=1/1 | kept=0 | rest=24
[TEST] {137} tested=1/1 | kept=0 | rest=23
[TEST] {156} tested=1/1 | kept=0 | rest=22
[TEST] {150} tested=1/1 | kept=0 | rest=21
[TEST] {149} tested=1/1 | kept=0 | rest=20
[TEST] {164} tested=1/1 | kept=0 | rest=19
[TEST] {152} tested=1/1 | kept=0 | rest=18
[TEST] {153} tested=1/1 | kept=0 | rest=17
[TEST] {155} tested=1/1 | kept=0 | rest=16
[TEST] {161} tested=1/1 | kept=0 | rest=15
[REPAIR] name=[Epodonios] EPODONIOS-115 {167} | fields=cipher
[TEST] {166} tested=1/1 | kept=0 | rest=14
[TEST] {162} tested=1/1 | kept=0 | rest=13
[REPAIR] name=[Pawdroid-SS-APK] United+Kingdom-2 {171} | fields=cipher
[TEST] {169} tested=1/1 | kept=0 | rest=12
[TEST] {171} tested=1/1 | kept=1 | rest=11
[TEST] {170} tested=1/1 | kept=0 | rest=10
[TEST] {172} tested=1/1 | kept=0 | rest=9
[REPAIR] name=[Free-clash-v2ray] hysteria {174} | fields=up,down
[TEST] {174} tested=1/1 | kept=0 | rest=8
[TEST] {163} tested=1/1 | kept=0 | rest=7
[TEST] {165} tested=1/1 | kept=0 | rest=6
[TEST] {167} tested=1/1 | kept=0 | rest=5
[TEST] {168} tested=1/1 | kept=0 | rest=4
[TEST] {177} tested=1/1 | kept=1 | rest=3
[TEST] {173} tested=1/1 | kept=0 | rest=2
[TEST] {175} tested=1/1 | kept=0 | rest=1
[TEST] {176} tested=1/1 | kept=0 | rest=0
[INFO] dropped=2 | [ChromeGO-Toolkit] × 1 | [Pawdroid-SR-APK] × 1
============================================================
[INFO] cap live | source=[免费节点2] | from=105 | to=50
[INFO] cap live | source=[免费节点8] | from=69 | to=50
[INFO] cap live | source=[Pawdroid-SR-APK] | from=469 | to=50
[INFO] cap live | source=[Epodonios] | from=83 | to=50
[INFO] cap live | source=[Free-clash-v2ray] | from=372 | to=50
[INFO] cap live total | from=525 | to=400 | floor=5 | by=health_score
[INFO] cap live | reserved=105 | pool=420 | taken=295
[INFO] cap live | source=[免费节点2] | from=50 | to=43
[INFO] cap live | source=[Pawdroid] | from=7 | to=5
[INFO] cap live | source=[免费节点1] | from=8 | to=5
[INFO] cap live | source=[免费节点4] | from=42 | to=41
[INFO] cap live | source=[免费节点3] | from=9 | to=5
[INFO] cap live | source=[免费节点10] | from=24 | to=13
[INFO] cap live | source=[免费节点11] | from=50 | to=32
[INFO] cap live | source=[Pawdroid-SS-APK] | from=26 | to=14
[INFO] cap live | source=[1VPN-CRX] | from=10 | to=5
[INFO] cap live | source=[Clashfree] | from=23 | to=5
[INFO] cap live | source=[Epodonios] | from=50 | to=31
[INFO] cap live | source=[V2rayclashfree-RSS] | from=40 | to=15
[INFO] geo tally | live=400 | HK=35 | JP=36 | KR=13 | TW=10 | SG=33 | US=80 | GB=48 | FR=25 | DE=13 | NL=23 | CA=17 | other=67
[INFO] score summary | n=400 | max=312.6020 | p90=107.2671 | p50=28.6629 | avg=49.4420 | min=1.3592 | geo_avg=17.7901 | adj_avg=+5.2011
============================================================
+------------------------------+--------+--------+------+--------+
| source                       |    raw | unique | live | capped |
+------------------------------+--------+--------+------+--------+
| [大FQ运动]                   |     18 |     18 |    6 |      6 |
+------------------------------+--------+--------+------+--------+
| [Pawdroid]                   |     13 |     12 |    7 |      5 |
+------------------------------+--------+--------+------+--------+
| [FreeV2-Base64]              |      3 |      3 |    3 |      3 |
+------------------------------+--------+--------+------+--------+
| [Bocchi2b-Base64]            |     35 |     35 |    0 |      0 |
+------------------------------+--------+--------+------+--------+
| [Freesocks]                  |      4 |      4 |    3 |      3 |
+------------------------------+--------+--------+------+--------+
| [NekoWarp]                   |     10 |     10 |   10 |     10 |
+------------------------------+--------+--------+------+--------+
| [OpenRunner-RSS]             |     14 |     14 |    1 |      1 |
+------------------------------+--------+--------+------+--------+
| [V2Rayshare-RSS]             |     22 |     22 |    1 |      1 |
+------------------------------+--------+--------+------+--------+
| [Mibei77-RSS]                |    111 |    110 |    2 |      2 |
+------------------------------+--------+--------+------+--------+
| [Yoyapai-RSS]                |    230 |    200 |    3 |      3 |
+------------------------------+--------+--------+------+--------+
| [免费节点1]                  |    138 |     40 |    8 |      5 |
+------------------------------+--------+--------+------+--------+
| [免费节点2]                  |    358 |    317 |  105 |     43 |
+------------------------------+--------+--------+------+--------+
| [免费节点3]                  |     28 |     13 |    9 |      5 |
+------------------------------+--------+--------+------+--------+
| [免费节点4]                  |    837 |    717 |   42 |     41 |
+------------------------------+--------+--------+------+--------+
| [免费节点5]                  |     29 |     28 |    0 |      0 |
+------------------------------+--------+--------+------+--------+
| [免费节点6]                  |    566 |    553 |    1 |      1 |
+------------------------------+--------+--------+------+--------+
| [免费节点7]                  |     64 |      0 |    0 |      0 |
+------------------------------+--------+--------+------+--------+
| [免费节点8]                  |   4113 |   3693 |   69 |     50 |
+------------------------------+--------+--------+------+--------+
| [免费节点9]                  |    615 |    453 |    0 |      0 |
+------------------------------+--------+--------+------+--------+
| [免费节点10]                 |   4473 |   3087 |   24 |     13 |
+------------------------------+--------+--------+------+--------+
| [免费节点11]                 |    519 |    269 |   50 |     32 |
+------------------------------+--------+--------+------+--------+
| [ChromeGO-Toolkit]           |     20 |     20 |    4 |      4 |
+------------------------------+--------+--------+------+--------+
| [ChromeGO-ShiteThings]       |     31 |     23 |    1 |      1 |
+------------------------------+--------+--------+------+--------+
| [ChromeGO-Merge]             |    143 |     74 |    1 |      1 |
+------------------------------+--------+--------+------+--------+
| [Pawdroid-SR-APK]            |   1478 |   1189 |  469 |     50 |
+------------------------------+--------+--------+------+--------+
| [Pawdroid-SS-APK]            |   1498 |    869 |   26 |     14 |
+------------------------------+--------+--------+------+--------+
| [1VPN-CRX]                   |     17 |     17 |   10 |      5 |
+------------------------------+--------+--------+------+--------+
| [Clashfree]                  |    234 |    103 |   23 |      5 |
+------------------------------+--------+--------+------+--------+
| [Epodonios]                  |   4378 |   3467 |   83 |     31 |
+------------------------------+--------+--------+------+--------+
| [Free-clash-v2ray]           |   3521 |   1897 |  372 |     50 |
+------------------------------+--------+--------+------+--------+
| [V2rayclashfree-RSS]         |    601 |     73 |   40 |     15 |
+------------------------------+--------+--------+------+--------+
============================================================
[INFO] clash history written | path=/home/runner/work/Free-node-autotest/Free-node-autotest/history/797390698694-clash-1305-20260930.yaml
[SUMMARY] total_nodes=24121
[SUMMARY] legal_candidates=17330
[SUMMARY] passed_latency_test=400
[SUMMARY] region_HK=35 | region_JP=36 | region_US=85
[SUMMARY] avg_latency_ms=437.58
[SUMMARY] output=/home/runner/work/Free-node-autotest/Free-node-autotest/output/clash.yaml
============================================================
[INFO] raw backup written | path=/home/runner/work/Free-node-autotest/Free-node-autotest/output/raw.yaml | history=797390698694-raw-1305-20260930.yaml | proxies=24123
[INFO] debug history written | path=/home/runner/work/Free-node-autotest/Free-node-autotest/history/797390698694-debug-1305-20260930.log | proxies=24123
