============================================================
[INFO] sublink try page: https://end-gfw.com
[OK] proxies=2 new=2 url=https://raw.githubusercontent.com/hello-world-1989/cn-news/refs/heads/main/clash.yaml
[OK] proxies=2 new=0 url=https://raw.githubusercontent.com/hello-world-1989/cn-news/main/end-gfw-together
[OK] proxies=2 new=2 url=https://raw.githubusercontent.com/hello-world-1989/cn-news/main/end-gfw-together-ss
[INFO] source try url: https://end-gfw.com/ss-key
[OK] proxies=4 new=4 url=https://end-gfw.com/ss-key
[INFO] sublink try repo: https://github.com/hello-world-1989/cn-news
[INFO] sublink try page: https://raw.githubusercontent.com/hello-world-1989/cn-news/main/README.md
[OK] proxies=6 new=6 url=https://raw.githubusercontent.com/hello-world-1989/v2-sub/main/end-gfw-together-af3e13
[OK] proxies=14 source=[大FQ运动] url=https://raw.githubusercontent.com/hello-world-1989/cn-news/main/README.md
============================================================
[INFO] sublink try repo: https://github.com/Pawdroid/Free-servers
[INFO] sublink try page: https://raw.githubusercontent.com/Pawdroid/Free-servers/main/README.md
[OK] proxies=20 new=20 url=https://raw.githubusercontent.com/Pawdroid/Free-servers/main/README.md
[OK] proxies=20 new=0 url=https://raw.githubusercontent.com/Pawdroid/Free-servers/main/sub
[OK] proxies=1 new=1 url=https://apps.apple.com/cn/app/shadowshare/id1612647259
[OK] proxies=1 new=1 url=http://www.surflare.com
[OK] proxies=22 source=[Pawdroid] url=https://raw.githubusercontent.com/Pawdroid/Free-servers/main/README.md
============================================================
[INFO] source try url: https://xmxosfepggzm.503403.xyz
[OK] proxies=3 new=3 url=https://xmxosfepggzm.503403.xyz
[OK] proxies=3 source=[FreeV2-Base64] url=https://xmxosfepggzm.503403.xyz
============================================================
[INFO] source try url: https://links.bocchi2b.top/clash
[OK] proxies=35 new=35 url=https://links.bocchi2b.top/clash
[OK] proxies=35 source=[Bocchi2b-Base64] url=https://links.bocchi2b.top/clash
============================================================
[INFO] toolkit try repo: https://github.com/bannedbook/fanqiang
[INFO] toolkit try release: https://github.com/bannedbook/fanqiang/releases
[INFO] toolkit try release: https://github.com/bannedbook/fanqiang/releases/expanded_assets/ChromeGo-latest
[INFO] toolkit try download: https://github.com/bannedbook/fanqiang/releases/download/ChromeGo-latest/ChromeGo.7z
[OK] toolkit downloaded: ChromeGo.7z bytes=100924352
[OK] toolkit extracted archive=ChromeGo.7z tool=7z files=222 dirs=45
[OK] toolkit discovered subs=107 embedded=12 archive=ChromeGo.7z
[OK] proxies=6 new=6 embedded=archive-config
[OK] proxies=7 new=5 url=https://gitlab.com/free9999/ipupdate/master/backup/img/1/2/{ipp|ip}/{hysteria2|singbox|naiveproxy|hysteria|xray}/{2|3|1|4}/config.json
[OK] proxies=7 new=0 url=https://www.67867867.xyz/Alvin9999/PAC/refs/heads/master/backup/img/1/2/{ipp|ip}/{hysteria2|singbox|naiveproxy|hysteria|xray}/{2|3|1|4}/config.json
[OK] proxies=3 new=3 url=https://gitlab.com/free9999/ipupdate/master/backup/img/1/2/{ipp|ip}/clash.meta2/{2|3|1|5|4|6}/config.yaml
[OK] proxies=3 new=0 url=https://www.67867867.xyz/Alvin9999/PAC/refs/heads/master/backup/img/1/2/{ipp|ip}/clash.meta2/{2|3|1|5|4|6}/config.yaml
[OK] proxies=14 source=[ChromeGO-Toolkit] url=https://github.com/bannedbook/fanqiang/releases/download/ChromeGo-latest/ChromeGo.7z
============================================================
[INFO] sublink try repo: https://github.com/ShiteThings/extractNodes
[INFO] sublink try page: https://raw.githubusercontent.com/ShiteThings/extractNodes/main/README.md
[OK] proxies=31 new=30 url=https://{chg26.makou.cc.cd|chg64.makou.cc.cd}
[OK] proxies=26 new=1 url=https://chg26.makou.cc.cd/sb
[OK] proxies=31 source=[ChromeGO-ShiteThings] url=https://raw.githubusercontent.com/ShiteThings/extractNodes/main/README.md
============================================================
[INFO] sublink try repo: https://github.com/shangui999/chromego_merge
[INFO] sublink try page: https://raw.githubusercontent.com/shangui999/chromego_merge/master/ReadMe.md
[OK] proxies=10 new=10 url=https://freedman.netlify.app/sub/merged_proxies_new.yaml
[OK] proxies=11 new=1 url=https://freedman.netlify.app/sub/merged_warp_proxies_new.yaml
[OK] proxies=11 new=6 url=https://freedman.netlify.app/sub/shadowrocket_base64.txt
[OK] proxies=16 new=16 url=https://freedman.netlify.app/sub/sb.json
[INFO] sublink try repo: https://github.com/yaney01/chromego
[INFO] sublink try page: https://raw.githubusercontent.com/yaney01/chromego/main/ReadMe.md
[OK] proxies=50 new=46 url=https://raw.githubusercontent.com/yaney01/chromego/main/sub/merged_proxies_new.yaml
[OK] proxies=51 new=0 url=https://raw.githubusercontent.com/yaney01/chromego/main/sub/merged_warp_proxies_new.yaml
[OK] proxies=13 new=7 url=https://raw.githubusercontent.com/yaney01/chromego/main/sub/shadowrocket_base64.txt
[OK] proxies=13 new=0 url=https://raw.githubusercontent.com/yaney01/chromego/main/sub/sb.json
[INFO] sublink try repo: https://github.com/Misaka-blog/chromego_merge
[INFO] sublink try page: https://raw.githubusercontent.com/Misaka-blog/chromego_merge/main/README.md
[OK] proxies=26 new=26 url=https://chromego-sub.netlify.app/sub/merged_proxies_new.yaml
[OK] proxies=112 source=[ChromeGO-Merge] url=https://raw.githubusercontent.com/Misaka-blog/chromego_merge/main/README.md
============================================================
[INFO] source try url: https://freesocks.org/api/v1/sub/02b897e8e77f19176b0b9f2c75864b00
[OK] proxies=3 new=3 url=https://freesocks.org/api/v1/sub/02b897e8e77f19176b0b9f2c75864b00
[OK] proxies=3 source=[Freesocks] url=https://freesocks.org/api/v1/sub/02b897e8e77f19176b0b9f2c75864b00
============================================================
[INFO] source try url: https://neko-warp.nloli.xyz/neko_warp.yaml
[OK] proxies=10 new=10 url=https://neko-warp.nloli.xyz/neko_warp.yaml
[OK] proxies=10 source=[NekoWarp] url=https://neko-warp.nloli.xyz/neko_warp.yaml
============================================================
[INFO] toolkit try chrome: https://chromewebstore.google.com/detail/free-vpn-proxy-1vpn/akcocjjpkmlniicdeemdceeajlmoabhg
[INFO] toolkit try download: https://clients2.google.com/service/update2/crx?response=redirect&prodversion=131.0.6778.0&acceptformat=crx2,crx3&x=id%3dakcocjjpkmlniicdeemdceeajlmoabhg%26uc
[OK] toolkit downloaded: free-vpn-proxy-1vpn.crx bytes=1627904
[OK] toolkit extracted archive=free-vpn-proxy-1vpn.crx tool=zipfile files=68 dirs=57
[OK] toolkit 1vpn-crx scanned hosts=17 keys=1 archive=free-vpn-proxy-1vpn.crx
[OK] proxies=17 source=[1VPN-CRX] url=https://clients2.google.com/service/update2/crx?response=redirect&prodversion=131.0.6778.0&acceptformat=crx2,crx3&x=id%3dakcocjjpkmlniicdeemdceeajlmoabhg%26uc
============================================================
[INFO] article try feed: https://free.datiya.com/index.xml
[INFO] sublink try page: https://free.datiya.com/post/20260920/
[OK] proxies=14 new=14 url=https://free.datiya.com/uploads/20260920-clash.yaml
[OK] proxies=14 source=[OpenRunner-RSS] url=https://free.datiya.com/post/20260920/
============================================================
[INFO] article try feed: https://v2rayshare.com/feed
[INFO] sublink try page: https://v2rayshare.net/p/5060.html
[OK] proxies=27 new=27 url=https://static.v2rayshare.net/2026/09/20260920.txt
[OK] proxies=27 new=0 url=https://static.v2rayshare.net/2026/09/20260920.yaml
[OK] proxies=27 new=0 url=https://static.v2rayshare.net/2026/09/m20260920.yaml
[INFO] sublink try repo: https://github.com/firefoxmmx2/v2rayshare_subcription
[INFO] sublink try page: https://raw.githubusercontent.com/firefoxmmx2/v2rayshare_subcription/main/README.md
[OK] proxies=27 new=0 url=https://{raw.githubusercontent.com|cdn.jsdelivr.net}/firefoxmmx2/v2rayshare_subcription/main/subscription/vray_sub.txt
[OK] proxies=27 new=0 url=https://{raw.githubusercontent.com|cdn.jsdelivr.net}/firefoxmmx2/v2rayshare_subcription/main/subscription/clash_sub.yaml
[OK] proxies=27 new=0 url=https://{raw.githubusercontent.com|cdn.jsdelivr.net}/firefoxmmx2/v2rayshare_subcription/main/subscription/mihomo_sub.yaml
[OK] proxies=27 source=[V2Rayshare-RSS] url=https://raw.githubusercontent.com/firefoxmmx2/v2rayshare_subcription/main/README.md
============================================================
[INFO] article try feed: https://www.mibei77.com/feed
[INFO] sublink try page: https://www.mibei77.com/684.html
[OK] proxies=108 new=108 url=https://mm.mibei77.com/202609/09.2064bacvs.txt
[OK] proxies=106 new=0 url=https://mm.mibei77.com/202609/0920Clashikx.yaml
[OK] proxies=108 source=[Mibei77-RSS] url=https://www.mibei77.com/684.html
============================================================
[INFO] article try feed: https://yoyapai.com/feed
[INFO] sublink try page: https://yoyapai.com/725
[OK] proxies=1 new=1 url=https://yoyapai.com/725
[OK] proxies=214 new=214 url=https://freenode.yoyapai.com/2026/09/20-yoyapai.com-clash-vpnmianfeijiedian.yaml
[OK] proxies=214 new=0 url=https://freenode.yoyapai.com/2026/09/20-yoyapai.com-ssrv2ray-vpnmianfeijiedian.txt
[OK] proxies=215 source=[Yoyapai-RSS] url=https://yoyapai.com/725
============================================================
[INFO] sublink try repo: https://github.com/free18/v2ray
[INFO] sublink try page: https://raw.githubusercontent.com/free18/v2ray/main/README.md
[OK] proxies=3 new=3 url=https://raw.githubusercontent.com/free18/v2ray/main/README.md
[OK] proxies=147 new=147 url=https://ghfast.top/https://raw.githubusercontent.com/free18/v2ray/refs/heads/main/v.txt
[OK] proxies=147 new=0 url=https://ghfast.top/https://raw.githubusercontent.com/free18/v2ray/refs/heads/main/c.yaml
[OK] proxies=150 source=[免费节点1] url=https://raw.githubusercontent.com/free18/v2ray/main/README.md
============================================================
[INFO] sublink try repo: https://github.com/ermaozi/get_subscribe
[INFO] sublink try page: https://raw.githubusercontent.com/ermaozi/get_subscribe/main/README.md
[INFO] sublink file_nodes=0 bare links=9
[OK] proxies=316 new=316 url=https://www.ermao.net/sub/{clash|v2ray}/ermao.net
[OK] proxies=314 new=0 url=https://www.ermao.net/sub/{reachable|unreachable|untested}/clash/ermao.net
[OK] proxies=316 source=[免费节点2] url=https://raw.githubusercontent.com/ermaozi/get_subscribe/main/README.md
============================================================
[INFO] sublink try repo: https://github.com/sunmiao4458/free-proxy-airport
[INFO] sublink try page: https://raw.githubusercontent.com/sunmiao4458/free-proxy-airport/main/README.md
[OK] proxies=32 new=32 url=https://sunmiao4458.github.io/free-proxy-airport/clash.yaml
[OK] proxies=32 source=[免费节点3] url=https://raw.githubusercontent.com/sunmiao4458/free-proxy-airport/main/README.md
============================================================
[INFO] sublink try repo: https://github.com/mfuu/FreeProxies
[INFO] sublink try page: https://raw.githubusercontent.com/mfuu/FreeProxies/master/README.md
[OK] proxies=747 new=747 url=https://raw.githubusercontent.com/mfuu/FreeProxies/master/sub.yaml
[OK] proxies=747 source=[免费节点4] url=https://raw.githubusercontent.com/mfuu/FreeProxies/master/README.md
============================================================
[INFO] sublink try repo: https://github.com/vxiaov/free_proxies
[INFO] sublink try page: https://raw.githubusercontent.com/vxiaov/free_proxies/main/README.md
[OK] proxies=1 new=1 url=https://raw.githubusercontent.com/vxiaov/free_proxies/main/README.md
[OK] proxies=28 new=28 url=https://{cdn.jsdelivr.net|raw.githubusercontent.com}/vxiaov/free_proxies/main/clash/clash.provider.yaml
[OK] proxies=29 source=[免费节点5] url=https://raw.githubusercontent.com/vxiaov/free_proxies/main/README.md
============================================================
[INFO] sublink try repo: https://github.com/anaer/Sub
[INFO] sublink try page: https://raw.githubusercontent.com/anaer/Sub/main/README.MD
[OK] proxies=1593 new=1593 url=https://anaer.github.io/Sub/clash.yaml
[OK] proxies=1593 new=0 url=https://raw.githubusercontent.com/anaer/Sub/main/clash.yaml
[OK] proxies=1593 source=[免费节点6] url=https://raw.githubusercontent.com/anaer/Sub/main/README.MD
============================================================
[INFO] sublink try repo: https://github.com/snakem982/proxypool
[INFO] sublink try page: https://raw.githubusercontent.com/snakem982/proxypool/main/README.md
[OK] proxies=64 new=64 url=https://raw.githubusercontent.com/snakem982/proxypool/main/source/clash-meta-2.yaml
[OK] proxies=63 new=0 url=https://raw.githubusercontent.com/snakem982/proxypool/main/source/v2ray-2.txt
[OK] proxies=61 new=0 url=https://raw.githubusercontent.com/snakem982/proxypool/main/source/sing-box-2.json
[OK] proxies=64 source=[免费节点7] url=https://raw.githubusercontent.com/snakem982/proxypool/main/README.md
============================================================
[INFO] sublink try repo: https://github.com/mahdibland/V2RayAggregator
[INFO] sublink try page: https://raw.githubusercontent.com/mahdibland/V2RayAggregator/master/README.md
[OK] proxies=377 new=377 url=https://raw.githubusercontent.com/mahdibland/V2RayAggregator/master/README.md
[OK] proxies=1 new=1 url=https://github.com/mahdibland/SSAggregator/actions/workflows/Collector.yml
[OK] proxies=1 new=0 url=https://github.com/mahdibland/SSAggregator/actions/workflows/Airport_Collector.yml
[OK] proxies=198 new=0 url=https://raw.githubusercontent.com/mahdibland/ShadowsocksAggregator/master/Eternity.txt
[OK] proxies=199 new=12 url=https://raw.githubusercontent.com/mahdibland/ShadowsocksAggregator/master/Eternity.yml
[OK] proxies=61 new=61 url=https://raw.githubusercontent.com/mahdibland/ShadowsocksAggregator/master/EternityAir.txt
[OK] proxies=3912 new=3615 url=https://raw.githubusercontent.com/mahdibland/SSAggregator/master/sub/sub_merge_base64.txt
[OK] proxies=3912 new=0 url=https://raw.githubusercontent.com/mahdibland/{SSAggregator|ShadowsocksAggregator}/master/sub/sub_merge.txt
[OK] proxies=4015 new=141 url=https://raw.githubusercontent.com/mahdibland/SSAggregator/master/sub/sub_merge_yaml.yml
[OK] proxies=61 new=0 url=https://raw.githubusercontent.com/mahdibland/SSAggregator/master/sub/airport_merge_base64.txt
[OK] proxies=61 new=0 url=https://raw.githubusercontent.com/mahdibland/SSAggregator/master/sub/airport_sub_merge.txt
[OK] proxies=1435 new=0 url=https://raw.githubusercontent.com/mahdibland/ShadowsocksAggregator/master/sub/splitted/vmess.txt
[OK] proxies=596 new=0 url=https://raw.githubusercontent.com/mahdibland/ShadowsocksAggregator/master/sub/splitted/trojan.txt
[OK] proxies=43 new=0 url=https://raw.githubusercontent.com/mahdibland/ShadowsocksAggregator/master/sub/splitted/ssr.txt
[OK] proxies=1838 new=0 url=https://raw.githubusercontent.com/mahdibland/ShadowsocksAggregator/master/sub/splitted/ss.txt
[OK] proxies=1 new=0 url=https://cdn.jsdelivr.net/gh/mahdibland/V2RayAggregator@master/update/provider/provider-meta.yml
[OK] proxies=1 new=0 url=https://cdn.jsdelivr.net/gh/mahdibland/V2RayAggregator@master/update/provider/provider-meta-cn.yml
[OK] proxies=1 new=0 url=https://cdn.jsdelivr.net/gh/mahdibland/V2RayAggregator@master/update/provider/provider-meta-others.yml
[OK] proxies=1 new=0 url=https://cdn.jsdelivr.net/gh/mahdibland/V2RayAggregator@master/update/provider/provider.yml
[OK] proxies=1 new=0 url=https://cdn.jsdelivr.net/gh/mahdibland/V2RayAggregator@master/update/provider/provider-cn.yml
[OK] proxies=1 new=0 url=https://cdn.jsdelivr.net/gh/mahdibland/V2RayAggregator@master/update/provider/provider-others.yml
[OK] proxies=4207 source=[免费节点8] url=https://raw.githubusercontent.com/mahdibland/V2RayAggregator/master/README.md
============================================================
[INFO] sublink try repo: https://github.com/w1770946466/Auto_proxy
[INFO] sublink try page: https://raw.githubusercontent.com/w1770946466/Auto_proxy/main/README.md
[OK] proxies=1 new=1 url=https://github.com/w1770946466/Auto_proxy/actions/workflows/main.yml
[OK] proxies=245 new=245 url=https://raw.githubusercontent.com/w1770946466/Auto_proxy/main/{Long_term_subscription2.yaml|Long_term_subscription1.yaml|Long_term_subscription3.yaml}
[OK] proxies=489 new=54 url=https://raw.githubusercontent.com/w1770946466/Auto_proxy/main/{Long_term_subscription1|Long_term_subscription2|Long_term_subscription3|Long_term_subscription4|Long_term_subscription5|Long_term_subscription6|Long_term_subscription7|Long_term_subscription8}
[OK] proxies=489 new=315 url=https://raw.githubusercontent.com/w1770946466/Auto_proxy/main/Long_term_subscription_num
[OK] proxies=615 source=[免费节点9] url=https://raw.githubusercontent.com/w1770946466/Auto_proxy/main/README.md
============================================================
[INFO] sublink try repo: https://github.com/PuddinCat/BestClash
[INFO] sublink try page: https://raw.githubusercontent.com/PuddinCat/BestClash/main/README.md
[OK] proxies=16 new=16 url=https://raw.githubusercontent.com/PuddinCat/BestClash/main/proxies.yaml
[OK] proxies=28 new=28 url=https://cdn.jsdelivr.net/gh/vxiaov/free_proxies@main/clash/clash.provider.yaml
[OK] proxies=24 new=24 url=https://freenode.openrunner.net/uploads/20240807-clash.yaml
[OK] proxies=26 new=26 url=https://raw.githubusercontent.com/Misaka-blog/chromego_merge/main/sub/merged_proxies_new.yaml
[OK] proxies=4740 new=4711 url=https://raw.githubusercontent.com/{NiceVPN123|anaer}/{NiceVPN|Sub}/main/{Clash.yaml|clash.yaml}
[OK] proxies=26 new=1 url=https://raw.githubusercontent.com/{chengaopan|peasoft}/{AutoMergePublicNodes|NoMoreWalls}/master/list.yml
[OK] proxies=314 new=282 url=https://raw.githubusercontent.com/{ermaozi|ermaozi01}/{get_subscribe|free_clash_vpn}/main/subscribe/clash.yml
[OK] proxies=199 new=167 url=https://raw.githubusercontent.com/mahdibland/ShadowsocksAggregator/master/Eternity.yml
[OK] proxies=165 new=160 url=https://raw.githubusercontent.com/ronghuaxueleng/get_v2/main/pub/combine.yaml
[OK] proxies=144 new=3 url=https://raw.githubusercontent.com/zhangkaiitugithub/passcro/main/speednodes.yaml
[OK] proxies=5418 source=[免费节点10] url=https://raw.githubusercontent.com/PuddinCat/BestClash/main/README.md
============================================================
[INFO] sublink try repo: https://github.com/kooker/FreeSubsCheck
[INFO] sublink try page: https://raw.githubusercontent.com/kooker/FreeSubsCheck/main/README.md
[OK] proxies=10 new=10 url=https://raw.githubusercontent.com/kooker/FreeSubsCheck/main/mihomo.yaml
[OK] proxies=10 new=0 url=https://raw.githubusercontent.com/kooker/FreeSubsCheck/main/all.yaml
[OK] proxies=9 new=0 url=https://raw.githubusercontent.com/kooker/FreeSubsCheck/main/base64.txt
[OK] proxies=4 new=4 url=https://raw.githubusercontent.com/kooker/FreeSubsCheck/main/byxiaoxi.txt
[OK] proxies=436 new=433 url=https://raw.githubusercontent.com/kooker/FreeSubsCheck/main/kooker.jp.txt
[OK] proxies=447 source=[免费节点11] url=https://raw.githubusercontent.com/kooker/FreeSubsCheck/main/README.md
============================================================
[INFO] toolkit try repo: https://github.com/Pawdroid/shadowrocket_for_android
[INFO] toolkit try release: https://github.com/Pawdroid/shadowrocket_for_android/releases
[INFO] toolkit try release: https://github.com/Pawdroid/shadowrocket_for_android/releases/expanded_assets/10.10.51
[INFO] toolkit try download: https://github.com/Pawdroid/shadowrocket_for_android/releases/download/10.10.51/Shadowrocket_10.10.51_shadowrocketStandard_arm64-v8a.apk
[OK] toolkit downloaded: Shadowrocket_10.10.51_shadowrocketStandard_arm64-v8a.apk bytes=41111539
[OK] toolkit extracted archive=Shadowrocket_10.10.51_shadowrocketStandard_arm64-v8a.apk tool=zipfile files=1175 dirs=44
[OK] toolkit sr-apk scanned prefixes=36 files=6 keys=2 archive=Shadowrocket_10.10.51_shadowrocketStandard_arm64-v8a.apk
[OK] proxies=1094 new=1094 url=https://{cdn.jsdelivr.net|raw.githubusercontent.com}/pixelor/ecfg/main/data/ecfg6_zh
[OK] proxies=1094 new=0 url=https://{cdn.jsdelivr.net|raw.githubusercontent.com}/pixelor/ecfg/main/data/ecfg6_en
[OK] proxies=200 new=91 url=https://{cdn.jsdelivr.net|raw.githubusercontent.com}/pixelor/ecfg/main/data/ecfg6
[OK] proxies=784 new=0 url=https://{files.shadowrockets.app|cdn.shadowrockets.app}/ecfg/data/ecfg6_en
[OK] proxies=165 new=0 url=https://{files.shadowrockets.app|cdn.shadowrockets.app}/ecfg/data/ecfg6
[OK] proxies=784 new=0 url=https://{files.shadowrockets.app|cdn.shadowrockets.app}/ecfg/data/ecfg6_zh
[OK] proxies=1185 source=[Pawdroid-SR-APK] url=https://github.com/Pawdroid/shadowrocket_for_android/releases/download/10.10.51/Shadowrocket_10.10.51_shadowrocketStandard_arm64-v8a.apk
============================================================
[INFO] toolkit try page: https://shadowshare.v2cross.com
[INFO] toolkit try download: https://shadowshare.v2cross.com/shadowshare.apk
[OK] toolkit downloaded: shadowshare.apk bytes=62868122
[OK] toolkit extracted archive=shadowshare.apk tool=zipfile files=612 dirs=39
[OK] toolkit ss-apk scanned prefixes=10 files=3 keys=1 archive=shadowshare.apk
[OK] proxies=210 new=186 url=https://{raw.githubusercontent.com|jsd.onmicrosoft.cn}/hideme9527/ecsfg/main/data/sareserver
[OK] proxies=1386 new=1305 url=https://{raw.githubusercontent.com|jsd.onmicrosoft.cn}/hideme9527/ecsfg/main/data/sareserver_en
[OK] proxies=119 new=0 url=https://{shadowsharing.com|sare.159236.xyz}/data/sareserver
[OK] proxies=1386 new=0 url=https://{shadowsharing.com|sare.159236.xyz}/data/sareserver_en
[OK] proxies=119 new=0 url=https://gitee.com/api/v5/repos/{zhiminghao|elvenapp|guoyoucai1}/ecsfg/raw/data/sareserver
[OK] proxies=1386 new=0 url=https://gitee.com/api/v5/repos/{zhiminghao|elvenapp|guoyoucai1}/ecsfg/raw/data/sareserver_en
[OK] proxies=1491 source=[Pawdroid-SS-APK] url=https://shadowshare.v2cross.com/shadowshare.apk
============================================================
[INFO] sublink try repo: https://github.com/free-nodes/clashfree
[INFO] sublink try page: https://raw.githubusercontent.com/free-nodes/clashfree/main/README.md
[OK] proxies=1369 new=1369 url=https://raw.githubusercontent.com/free-nodes/clashfree/main/README.md
[OK] proxies=1369 new=0 url=https://raw.githubusercontent.com/free-nodes/clashfree/main/clash20260921.yml
[OK] proxies=1 new=1 url=https://github.com/free-nodes/clashfree/blob/main/clash20260921.yml
[OK] proxies=1370 source=[Clashfree] url=https://raw.githubusercontent.com/free-nodes/clashfree/main/README.md
============================================================
[INFO] sublink try repo: https://github.com/Epodonios/v2ray-configs
[INFO] sublink try page: https://raw.githubusercontent.com/Epodonios/v2ray-configs/main/README.md
[OK] proxies=1 new=1 url=https://github.com/Epodonios/V2ray-Configs/actions/workflows/main.yml
[OK] proxies=4089 new=4089 url=https://github.com/Epodonios/v2ray-configs/raw/main/All_Configs_Sub.txt
[OK] proxies=4089 new=0 url=https://github.com/Epodonios/v2ray-configs/raw/main/All_Configs_base64_Sub.txt
[OK] proxies=3282 new=132 url=https://github.com/Epodonios/v2ray-configs/raw/main/Splitted-By-Protocol/vless.txt
[OK] proxies=165 new=9 url=https://github.com/Epodonios/v2ray-configs/raw/main/Splitted-By-Protocol/vmess.txt
[OK] proxies=403 new=9 url=https://github.com/Epodonios/v2ray-configs/raw/main/Splitted-By-Protocol/ss.txt
[OK] proxies=192 new=6 url=https://github.com/Epodonios/v2ray-configs/raw/main/Splitted-By-Protocol/trojan.txt
[OK] proxies=4089 new=0 url=https://raw.githubusercontent.com/Epodonios/v2ray-configs/main/{Sub1.txt|Sub2.txt|Sub3.txt|Sub4.txt|Sub5.txt|Sub6.txt|Sub7.txt|Sub8.txt}
[OK] proxies=4246 source=[Epodonios] url=https://raw.githubusercontent.com/Epodonios/v2ray-configs/main/README.md
============================================================
[INFO] sublink try repo: https://github.com/free-clash-v2ray/free-clash-v2ray.github.io
[INFO] sublink try page: https://raw.githubusercontent.com/free-clash-v2ray/free-clash-v2ray.github.io/main/README.md
[OK] proxies=3279 new=3279 url=https://free-clash-v2ray.github.io/uploads/2026/09/{0-20260920.yaml|1-20260920.yaml|2-20260920.yaml|3-20260920.yaml}
[OK] proxies=4810 new=1941 url=https://free-clash-v2ray.github.io/uploads/2026/09/{0-20260920.txt|1-20260920.txt|2-20260920.txt|3-20260920.txt|4-20260920.txt}
[OK] proxies=5220 source=[Free-clash-v2ray] url=https://raw.githubusercontent.com/free-clash-v2ray/free-clash-v2ray.github.io/main/README.md
============================================================
[INFO] article try page: https://v2rayclashfree.com
[INFO] sublink try page: https://v2rayclashfree.com/fn/20260921.html
[OK] proxies=1787 new=1787 url=https://v2rayclashfree.com/sub/20260921-v2ray.txt
[OK] proxies=1583 new=408 url=https://v2rayclashfree.com/sub/20260921-clash.yaml
[OK] proxies=2195 source=[V2rayclashfree-RSS] url=https://v2rayclashfree.com/fn/20260921.html
============================================================
[INFO] raw backup written path=/home/runner/work/Free-node-autotest/Free-node-autotest/output/raw.yaml proxies=29952
[INFO] toolkit try repo: https://github.com/MetaCubeX/mihomo
[INFO] toolkit try release: https://github.com/MetaCubeX/mihomo/releases
[INFO] toolkit try release: https://github.com/MetaCubeX/mihomo/releases/expanded_assets/v1.19.31
[INFO] toolkit try download: https://github.com/MetaCubeX/mihomo/releases/download/v1.19.31/mihomo-linux-amd64-compatible-v1.19.31.gz
[OK] toolkit downloaded: mihomo-linux-amd64-compatible-v1.19.31.gz bytes=22821836
[OK] toolkit sha256 verified: mihomo-linux-amd64-compatible-v1.19.31.gz sha256=04cf9f09671704f839ddbee2e93069dc831a4123a75281e725d1d96ab9ac1afc
[OK] proxy engine ready: starting latency test package=mihomo-linux-amd64-compatible-v1.19.31.gz
============================================================
[WARN] batch start failed size=17699 {1} split -> 8849 {2} + 8850 {3}
[WARN] batch start failed size=8849 {2} split -> 4424 {4} + 4425 {5}
[WARN] batch start failed size=8850 {3} split -> 4425 {6} + 4425 {7}
[WARN] batch start failed size=4424 {4} split -> 2212 {8} + 2212 {9}
[WARN] batch start failed size=4425 {6} split -> 2212 {10} + 2213 {11}
[TEST] {5} tested 100/4425 kept=0 rest=17599
[WARN] batch start failed size=2212 {8} split -> 1106 {12} + 1106 {13}
[WARN] batch start failed size=4425 {7} split -> 2212 {14} + 2213 {15}
[TEST] {5} tested 200/4425 kept=24 rest=17499
[WARN] batch start failed size=2213 {11} split -> 1106 {16} + 1107 {17}
[TEST] {5} tested 300/4425 kept=107 rest=17302
[TEST] {9} tested 100/2212 kept=13 rest=17291
[TEST] {5} tested 400/4425 kept=107 rest=17175
[TEST] {10} tested 100/2212 kept=0 rest=17073
[TEST] {10} tested 200/2212 kept=0 rest=16972
[TEST] {10} tested 300/2212 kept=0 rest=16871
[TEST] {9} tested 200/2212 kept=17 rest=16713
[TEST] {9} tested 300/2212 kept=18 rest=16610
[TEST] {9} tested 400/2212 kept=20 rest=16500
[TEST] {5} tested 500/4425 kept=107 rest=16396
[TEST] {10} tested 400/2212 kept=0 rest=16301
[TEST] {10} tested 500/2212 kept=0 rest=16195
[TEST] {10} tested 600/2212 kept=0 rest=16082
[TEST] {9} tested 500/2212 kept=32 rest=16027
[TEST] {9} tested 600/2212 kept=32 rest=15919
[TEST] {9} tested 700/2212 kept=40 rest=15819
[TEST] {5} tested 600/4425 kept=107 rest=15722
[TEST] {10} tested 700/2212 kept=0 rest=15583
[TEST] {10} tested 800/2212 kept=0 rest=15482
[TEST] {10} tested 900/2212 kept=0 rest=15382
[TEST] {10} tested 1000/2212 kept=0 rest=15277
[TEST] {9} tested 800/2212 kept=51 rest=15209
[TEST] {5} tested 700/4425 kept=107 rest=15106
[TEST] {9} tested 900/2212 kept=56 rest=15011
[TEST] {10} tested 1100/2212 kept=1 rest=14840
[TEST] {9} tested 1000/2212 kept=115 rest=14754
[TEST] {10} tested 1200/2212 kept=13 rest=14713
[TEST] {5} tested 800/4425 kept=107 rest=14602
[TEST] {9} tested 1100/2212 kept=122 rest=14413
[TEST] {10} tested 1300/2212 kept=14 rest=14405
[TEST] {10} tested 1400/2212 kept=31 rest=14263
[TEST] {5} tested 900/4425 kept=107 rest=14227
[TEST] {10} tested 1500/2212 kept=116 rest=14100
[TEST] {9} tested 1200/2212 kept=122 rest=14089
[TEST] {5} tested 1000/4425 kept=107 rest=13807
[TEST] {10} tested 1600/2212 kept=188 rest=13797
[TEST] {9} tested 1300/2212 kept=124 rest=13790
[TEST] {10} tested 1700/2212 kept=229 rest=13676
[TEST] {10} tested 1800/2212 kept=290 rest=13556
[TEST] {10} tested 1900/2212 kept=344 rest=13448
[TEST] {10} tested 2000/2212 kept=396 rest=13331
[TEST] {10} tested 2100/2212 kept=463 rest=13189
[TEST] {9} tested 1400/2212 kept=126 rest=13161
[TEST] {5} tested 1100/4425 kept=107 rest=12962
[TEST] {9} tested 1500/2212 kept=127 rest=12869
[TEST] {10} tested 2200/2212 kept=533 rest=12851
[TEST] {10} tested 2212/2212 kept=535 rest=12808
[TEST] {5} tested 1200/4425 kept=107 rest=12672
[TEST] {9} tested 1600/2212 kept=127 rest=12604
[TEST] {9} tested 1700/2212 kept=127 rest=12493
[TEST] {13} tested 100/1106 kept=1 rest=12374
[TEST] {5} tested 1300/4425 kept=107 rest=12320
[TEST] {13} tested 200/1106 kept=35 rest=12172
[TEST] {9} tested 1800/2212 kept=127 rest=12083
[TEST] {5} tested 1400/4425 kept=107 rest=11959
[TEST] {13} tested 300/1106 kept=39 rest=11879
[TEST] {5} tested 1500/4425 kept=107 rest=11745
[TEST] {9} tested 1900/2212 kept=127 rest=11681
[TEST] {13} tested 400/1106 kept=39 rest=11667
[TEST] {13} tested 500/1106 kept=40 rest=11426
[TEST] {9} tested 2000/2212 kept=127 rest=11417
[TEST] {5} tested 1600/4425 kept=107 rest=11327
[TEST] {13} tested 600/1106 kept=41 rest=11173
[TEST] {5} tested 1700/4425 kept=107 rest=11170
[TEST] {5} tested 1800/4425 kept=107 rest=10908
[TEST] {13} tested 700/1106 kept=42 rest=10858
[TEST] {9} tested 2100/2212 kept=127 rest=10838
[TEST] {13} tested 800/1106 kept=42 rest=10633
[TEST] {5} tested 1900/4425 kept=107 rest=10623
[TEST] {5} tested 2000/4425 kept=107 rest=10430
[TEST] {13} tested 900/1106 kept=42 rest=10423
[TEST] {5} tested 2100/4425 kept=107 rest=10294
[TEST] {5} tested 2200/4425 kept=107 rest=10167
[TEST] {13} tested 1000/1106 kept=42 rest=10046
[TEST] {9} tested 2200/2212 kept=127 rest=10002
[TEST] {9} tested 2212/2212 kept=127 rest=9988
[WARN] batch start failed size=1106 {12} split -> 553 {18} + 553 {19}
[TEST] {5} tested 2300/4425 kept=107 rest=9948
[TEST] {5} tested 2400/4425 kept=107 rest=9812
[TEST] {5} tested 2500/4425 kept=107 rest=9693
[TEST] {13} tested 1100/1106 kept=42 rest=9613
[TEST] {13} tested 1106/1106 kept=42 rest=9580
[TEST] {14} tested 100/2212 kept=1 rest=9545
[TEST] {14} tested 200/2212 kept=7 rest=9435
[WARN] batch start failed size=2213 {15} split -> 1106 {20} + 1107 {21}
[TEST] {5} tested 2600/4425 kept=120 rest=9284
[WARN] batch start failed size=1106 {16} split -> 553 {22} + 553 {23}
[TEST] {14} tested 300/2212 kept=11 rest=9196
[WARN] batch start failed size=1107 {17} split -> 553 {24} + 554 {25}
[TEST] {14} tested 400/2212 kept=20 rest=9085
[WARN] batch start failed size=553 {18} split -> 276 {26} + 277 {27}
[TEST] {14} tested 500/2212 kept=21 rest=8976
[TEST] {14} tested 600/2212 kept=22 rest=8782
[TEST] {5} tested 2700/4425 kept=120 rest=8756
[TEST] {19} tested 100/553 kept=43 rest=8754
[TEST] {5} tested 2800/4425 kept=120 rest=8603
[TEST] {14} tested 700/2212 kept=23 rest=8540
[TEST] {14} tested 800/2212 kept=27 rest=8393
[TEST] {19} tested 200/553 kept=62 rest=8215
[TEST] {14} tested 900/2212 kept=39 rest=8207
[TEST] {5} tested 2900/4425 kept=121 rest=8012
[TEST] {14} tested 1000/2212 kept=52 rest=7896
[TEST] {5} tested 3000/4425 kept=121 rest=7866
[TEST] {19} tested 300/553 kept=98 rest=7781
[TEST] {14} tested 1100/2212 kept=53 rest=7707
[TEST] {14} tested 1200/2212 kept=63 rest=7528
[TEST] {5} tested 3100/4425 kept=121 rest=7443
[TEST] {14} tested 1300/2212 kept=71 rest=7351
[TEST] {19} tested 400/553 kept=99 rest=7290
[TEST] {5} tested 3200/4425 kept=121 rest=7216
[TEST] {14} tested 1400/2212 kept=74 rest=7115
[TEST] {14} tested 1500/2212 kept=75 rest=6914
[TEST] {19} tested 500/553 kept=100 rest=6845
[TEST] {5} tested 3300/4425 kept=121 rest=6817
[TEST] {14} tested 1600/2212 kept=75 rest=6724
[TEST] {14} tested 1700/2212 kept=78 rest=6549
[TEST] {5} tested 3400/4425 kept=121 rest=6539
[TEST] {14} tested 1800/2212 kept=79 rest=6392
[TEST] {5} tested 3500/4425 kept=121 rest=6284
[TEST] {19} tested 553/553 kept=100 rest=6277
[WARN] batch start failed size=1107 {21} split -> 553 {28} + 554 {29}
[TEST] {14} tested 1900/2212 kept=85 rest=6156
[TEST] {5} tested 3600/4425 kept=122 rest=6065
[TEST] {20} tested 100/1106 kept=0 rest=5950
[TEST] {20} tested 200/1106 kept=0 rest=5842
[TEST] {20} tested 300/1106 kept=0 rest=5733
[TEST] {14} tested 2000/2212 kept=159 rest=5665
[TEST] {20} tested 400/1106 kept=60 rest=5580
[TEST] {20} tested 500/1106 kept=135 rest=5426
[TEST] {20} tested 600/1106 kept=155 rest=5299
[TEST] {14} tested 2100/2212 kept=225 rest=5260
[TEST] {20} tested 700/1106 kept=170 rest=5171
[TEST] {20} tested 800/1106 kept=180 rest=5048
[TEST] {20} tested 900/1106 kept=184 rest=4933
[TEST] {20} tested 1000/1106 kept=186 rest=4819
[TEST] {14} tested 2200/2212 kept=279 rest=4656
[TEST] {5} tested 3700/4425 kept=122 rest=4611
[TEST] {20} tested 1100/1106 kept=195 rest=4577
[TEST] {20} tested 1106/1106 kept=195 rest=4562
[TEST] {14} tested 2212/2212 kept=280 rest=4551
[WARN] batch start failed size=553 {22} split -> 276 {30} + 277 {31}
[WARN] batch start failed size=554 {25} split -> 277 {32} + 277 {33}
[TEST] {5} tested 3800/4425 kept=123 rest=4395
[TEST] {24} tested 100/553 kept=0 rest=4295
[TEST] {24} tested 200/553 kept=5 rest=4169
[TEST] {24} tested 300/553 kept=6 rest=4060
[TEST] {5} tested 3900/4425 kept=124 rest=3966
[TEST] {23} tested 100/553 kept=1 rest=3803
[TEST] {5} tested 4000/4425 kept=125 rest=3778
[TEST] {23} tested 200/553 kept=1 rest=3692
[TEST] {24} tested 400/553 kept=21 rest=3597
[TEST] {5} tested 4100/4425 kept=125 rest=3458
[TEST] {5} tested 4200/4425 kept=125 rest=3339
[TEST] {24} tested 500/553 kept=22 rest=3252
[TEST] {5} tested 4300/4425 kept=125 rest=3189
[TEST] {23} tested 300/553 kept=8 rest=3179
[TEST] {23} tested 400/553 kept=11 rest=3074
[TEST] {24} tested 553/553 kept=23 rest=2936
[WARN] batch start failed size=276 {26} split -> 138 {34} + 138 {35}
[TEST] {5} tested 4400/4425 kept=125 rest=2865
[TEST] {27} tested 100/277 kept=0 rest=2765
[TEST] {27} tested 200/277 kept=7 rest=2652
[TEST] {23} tested 500/553 kept=22 rest=2623
[TEST] {23} tested 553/553 kept=22 rest=2565
[TEST] {5} tested 4425/4425 kept=125 rest=2564
[WARN] batch start failed size=554 {29} split -> 277 {36} + 277 {37}
[WARN] batch start failed size=276 {30} split -> 138 {38} + 138 {39}
[TEST] {28} tested 100/553 kept=0 rest=2463
[TEST] {28} tested 200/553 kept=0 rest=2363
[TEST] {28} tested 300/553 kept=1 rest=2263
[TEST] {28} tested 400/553 kept=31 rest=2143
[TEST] {31} tested 100/277 kept=1 rest=1928
[TEST] {27} tested 277/277 kept=7 rest=1837
[TEST] {31} tested 200/277 kept=2 rest=1798
[TEST] {28} tested 500/553 kept=95 rest=1780
[WARN] batch start failed size=277 {32} split -> 138 {40} + 139 {41}
[TEST] {33} tested 100/277 kept=0 rest=1635
[TEST] {33} tested 200/277 kept=2 rest=1533
[TEST] {28} tested 553/553 kept=115 rest=1504
[TEST] {31} tested 277/277 kept=5 rest=1458
[WARN] batch start failed size=138 {34} split -> 69 {42} + 69 {43}
[WARN] batch start failed size=138 {35} split -> 69 {44} + 69 {45}
[WARN] batch start failed size=277 {36} split -> 138 {46} + 139 {47}
[WARN] batch start failed size=138 {38} split -> 69 {48} + 69 {49}
[TEST] {37} tested 100/277 kept=47 rest=1297
[TEST] {39} tested 100/138 kept=1 rest=1140
[TEST] {33} tested 277/277 kept=2 rest=1093
[TEST] {37} tested 200/277 kept=128 rest=1069
[TEST] {39} tested 138/138 kept=4 rest=875
[TEST] {37} tested 277/277 kept=150 rest=872
[WARN] batch start failed size=138 {40} split -> 69 {50} + 69 {51}
[TEST] {41} tested 100/139 kept=7 rest=863
[WARN] batch start failed size=69 {43} split -> 34 {52} + 35 {53}
[TEST] {41} tested 139/139 kept=7 rest=805
[WARN] batch start failed size=69 {44} split -> 34 {54} + 35 {55}
[WARN] batch start failed size=138 {46} split -> 69 {56} + 69 {57}
[TEST] {47} tested 100/139 kept=87 rest=656
[TEST] {42} tested 69/69 kept=8 rest=595
[TEST] {45} tested 69/69 kept=37 rest=523
[WARN] batch start failed size=69 {49} split -> 34 {58} + 35 {59}
[WARN] batch start failed size=69 {50} split -> 34 {60} + 35 {61}
[TEST] {47} tested 139/139 kept=109 rest=487
[TEST] {48} tested 69/69 kept=30 rest=409
[WARN] batch start failed size=35 {53} split -> 17 {62} + 18 {63}
[WARN] batch start failed size=35 {55} split -> 17 {64} + 18 {65}
[TEST] {51} tested 69/69 kept=4 rest=368
[TEST] {52} tested 34/34 kept=6 rest=361
[WARN] batch start failed size=69 {56} split -> 34 {66} + 35 {67}
[TEST] {54} tested 34/34 kept=0 rest=249
[WARN] batch start failed size=35 {59} split -> 17 {68} + 18 {69}
[WARN] batch start failed size=34 {60} split -> 17 {70} + 17 {71}
[TEST] {57} tested 69/69 kept=64 rest=246
[TEST] {58} tested 34/34 kept=14 rest=240
[WARN] batch start failed size=17 {62} split -> 8 {72} + 9 {73}
[WARN] batch start failed size=18 {63} split -> 9 {74} + 9 {75}
[WARN] batch start failed size=18 {65} split -> 9 {76} + 9 {77}
[TEST] {67} tested 35/35 kept=34 rest=184
[WARN] batch start failed size=34 {66} split -> 17 {78} + 17 {79}
[TEST] {61} tested 35/35 kept=0 rest=149
[WARN] batch start failed size=18 {69} split -> 9 {80} + 9 {81}
[TEST] {64} tested 17/17 kept=0 rest=146
[WARN] batch start failed size=17 {71} split -> 8 {82} + 9 {83}
[WARN] batch start failed size=8 {72} split -> 4 {84} + 4 {85}
[WARN] batch start failed size=9 {73} split -> 4 {86} + 5 {87}
[WARN] batch start failed size=9 {74} split -> 4 {88} + 5 {89}
[TEST] {68} tested 17/17 kept=1 rest=133
[WARN] batch start failed size=9 {76} split -> 4 {90} + 5 {91}
[TEST] {77} tested 9/9 kept=0 rest=124
[WARN] batch start failed size=17 {79} split -> 8 {92} + 9 {93}
[TEST] {70} tested 17/17 kept=0 rest=111
[WARN] batch start failed size=9 {81} split -> 4 {94} + 5 {95}
[TEST] {75} tested 9/9 kept=0 rest=81
[WARN] batch start failed size=8 {82} split -> 4 {96} + 4 {97}
[TEST] {78} tested 17/17 kept=1 rest=75
[WARN] batch start failed size=4 {85} split -> 2 {98} + 2 {99}
[TEST] {80} tested 9/9 kept=0 rest=73
[WARN] batch start failed size=4 {86} split -> 2 {100} + 2 {101}
[TEST] {83} tested 9/9 kept=0 rest=66
[WARN] batch start failed size=4 {88} split -> 2 {102} + 2 {103}
[WARN] batch start failed size=5 {89} split -> 2 {104} + 3 {105}
[WARN] batch start failed size=4 {90} split -> 2 {106} + 2 {107}
[WARN] batch start failed size=5 {91} split -> 2 {108} + 3 {109}
[TEST] {84} tested 4/4 kept=0 rest=63
[WARN] batch start failed size=9 {93} split -> 4 {110} + 5 {111}
[TEST] {87} tested 5/5 kept=0 rest=58
[WARN] batch start failed size=4 {94} split -> 2 {112} + 2 {113}
[WARN] batch start failed size=4 {97} split -> 2 {114} + 2 {115}
[TEST] {92} tested 8/8 kept=0 rest=48
[WARN] batch start failed size=2 {98} split -> 1 {116} + 1 {117}
[WARN] batch start failed size=2 {99} split -> 1 {118} + 1 {119}
[TEST] {95} tested 5/5 kept=1 rest=45
[WARN] batch start failed size=2 {100} split -> 1 {120} + 1 {121}
[TEST] {96} tested 4/4 kept=1 rest=42
[WARN] batch start failed size=2 {103} split -> 1 {122} + 1 {123}
[WARN] batch start failed size=2 {104} split -> 1 {124} + 1 {125}
[TEST] {105} tested 3/3 kept=0 rest=39
[WARN] batch start failed size=2 {107} split -> 1 {126} + 1 {127}
[TEST] {101} tested 2/2 kept=0 rest=38
[WARN] batch start failed size=2 {108} split -> 1 {128} + 1 {129}
[WARN] batch start failed size=3 {109} split -> 1 {130} + 2 {131}
[TEST] {102} tested 2/2 kept=0 rest=36
[WARN] batch start failed size=5 {111} split -> 2 {132} + 3 {133}
[WARN] batch start failed size=2 {112} split -> 1 {134} + 1 {135}
[TEST] {106} tested 2/2 kept=0 rest=30
[TEST] {110} tested 4/4 kept=3 rest=28
[WARN] batch start failed size=2 {114} split -> 1 {136} + 1 {137}
[REPAIR] {116} name=[ChromeGO-ShiteThings] hysteria fields=up,down
[TEST] {113} tested 2/2 kept=0 rest=27
[REPAIR] {117} name=[ChromeGO-ShiteThings] hysteria-2 fields=up,down
[REPAIR] {118} name=[ChromeGO-ShiteThings] hysteria-3 fields=up,down
[TEST] {116} tested 1/1 kept=0 rest=26
[REPAIR] {119} name=[ChromeGO-ShiteThings] hysteria-4 fields=up,down
[TEST] {117} tested 1/1 kept=0 rest=25
[TEST] {118} tested 1/1 kept=0 rest=24
[REPAIR] {120} name=[ChromeGO-ShiteThings] hysteria-5 fields=up,down
[REPAIR] {122} name=[ChromeGO-Merge] WARP fields=dialer-proxy
[TEST] {120} tested 1/1 kept=0 rest=23
[TEST] {115} tested 2/2 kept=0 rest=22
[REPAIR] {123} name=[ChromeGO-Merge] United fields=up,down
[REPAIR] {124} name=[ChromeGO-Merge] France_hysteria_1 fields=up,down
[REPAIR] {125} name=[ChromeGO-Merge] United-2 fields=up,down
[REPAIR] {126} name=[ChromeGO-Merge] Taiwan fields=up,down
[REPAIR] {127} name=[ChromeGO-Merge] France fields=up,down
[REPAIR] {128} name=[ChromeGO-Merge] United-4 fields=up,down
[REPAIR] {129} name=[ChromeGO-Merge] Taiwan-2 fields=up,down
[TEST] {126} tested 1/1 kept=0 rest=21
[REPAIR] {130} name=[ChromeGO-Merge] United-5 fields=up,down
[TEST] {129} tested 1/1 kept=0 rest=20
[TEST] {131} tested 2/2 kept=0 rest=18
[WARN] batch start failed size=2 {132} split -> 1 {138} + 1 {139}
[TEST] {134} tested 1/1 kept=0 rest=17
[TEST] {133} tested 3/3 kept=3 rest=14
[TEST] {121} tested 1/1 kept=0 rest=13
[REPAIR] {135} name=[Pawdroid-SS-APK] United+Kingdom-2 fields=cipher
[TEST] {137} tested 1/1 kept=0 rest=12
[TEST] {119} tested 1/1 kept=0 rest=11
[REPAIR] {136} name=[Epodonios] EPODONIOS-100 fields=cipher
[REPAIR] {138} name=[Free-clash-v2ray] hysteria fields=up,down
[TEST] {135} tested 1/1 kept=1 rest=10
[TEST] {139} tested 1/1 kept=1 rest=9
[TEST] {138} tested 1/1 kept=0 rest=8
[TEST] {122} tested 1/1 kept=0 rest=7
[TEST] {123} tested 1/1 kept=0 rest=6
[TEST] {124} tested 1/1 kept=0 rest=5
[TEST] {125} tested 1/1 kept=0 rest=4
[TEST] {127} tested 1/1 kept=0 rest=3
[TEST] {128} tested 1/1 kept=0 rest=2
[TEST] {130} tested 1/1 kept=0 rest=1
[TEST] {136} tested 1/1 kept=0 rest=0
============================================================
[INFO] core-dedupe dropped 1 same-host variants, kept higher health_score
[INFO] cap live source=[免费节点2] from 69 to 50 by health_score
[INFO] cap live source=[免费节点6] from 63 to 50 by health_score
[INFO] cap live source=[免费节点8] from 173 to 50 by health_score
[INFO] cap live source=[Pawdroid-SR-APK] from 538 to 50 by health_score
[INFO] cap live source=[Epodonios] from 102 to 50 by health_score
[INFO] cap live source=[Free-clash-v2ray] from 742 to 50 by health_score
[INFO] cap live source=[V2rayclashfree-RSS] from 128 to 50 by health_score
[INFO] cap live total from 591 to 400 floor=5 then health_score pool
[INFO] cap live reserved=114 pool=477 taken=286
============================================================
+------------------------------+--------+--------+------+--------+
| source                       |    raw | unique | live | capped |
+------------------------------+--------+--------+------+--------+
| [大FQ运动]                   |     14 |     14 |    2 |      2 |
+------------------------------+--------+--------+------+--------+
| [Pawdroid]                   |     22 |     21 |    3 |      3 |
+------------------------------+--------+--------+------+--------+
| [FreeV2-Base64]              |      3 |      3 |    3 |      3 |
+------------------------------+--------+--------+------+--------+
| [Bocchi2b-Base64]            |     35 |     35 |    0 |      0 |
+------------------------------+--------+--------+------+--------+
| [ChromeGO-Toolkit]           |     14 |     14 |    5 |      5 |
+------------------------------+--------+--------+------+--------+
| [ChromeGO-ShiteThings]       |     31 |     25 |    1 |      1 |
+------------------------------+--------+--------+------+--------+
| [ChromeGO-Merge]             |    112 |    112 |    3 |      3 |
+------------------------------+--------+--------+------+--------+
| [Freesocks]                  |      3 |      3 |    3 |      3 |
+------------------------------+--------+--------+------+--------+
| [NekoWarp]                   |     10 |     10 |   10 |      9 |
+------------------------------+--------+--------+------+--------+
| [1VPN-CRX]                   |     17 |     17 |   15 |      5 |
+------------------------------+--------+--------+------+--------+
| [OpenRunner-RSS]             |     14 |      0 |    0 |      0 |
+------------------------------+--------+--------+------+--------+
| [V2Rayshare-RSS]             |     27 |     26 |    7 |      5 |
+------------------------------+--------+--------+------+--------+
| [Mibei77-RSS]                |    108 |     91 |    5 |      5 |
+------------------------------+--------+--------+------+--------+
| [Yoyapai-RSS]                |    215 |    192 |    3 |      3 |
+------------------------------+--------+--------+------+--------+
| [免费节点1]                  |    150 |     49 |    6 |      5 |
+------------------------------+--------+--------+------+--------+
| [免费节点2]                  |    316 |    274 |   69 |     10 |
+------------------------------+--------+--------+------+--------+
| [免费节点3]                  |     32 |     25 |   22 |      8 |
+------------------------------+--------+--------+------+--------+
| [免费节点4]                  |    747 |    714 |   40 |     33 |
+------------------------------+--------+--------+------+--------+
| [免费节点5]                  |     29 |     28 |    0 |      0 |
+------------------------------+--------+--------+------+--------+
| [免费节点6]                  |   1593 |   1536 |   63 |     34 |
+------------------------------+--------+--------+------+--------+
| [免费节点7]                  |     64 |     27 |    1 |      1 |
+------------------------------+--------+--------+------+--------+
| [免费节点8]                  |   4207 |   3349 |  173 |     50 |
+------------------------------+--------+--------+------+--------+
| [免费节点9]                  |    615 |    457 |    0 |      0 |
+------------------------------+--------+--------+------+--------+
| [免费节点10]                 |   5418 |   3087 |   19 |      7 |
+------------------------------+--------+--------+------+--------+
| [免费节点11]                 |    447 |    234 |   40 |      5 |
+------------------------------+--------+--------+------+--------+
| [Pawdroid-SR-APK]            |   1185 |    821 |  538 |     50 |
+------------------------------+--------+--------+------+--------+
| [Pawdroid-SS-APK]            |   1491 |    955 |   34 |      7 |
+------------------------------+--------+--------+------+--------+
| [Clashfree]                  |   1370 |    523 |   20 |      5 |
+------------------------------+--------+--------+------+--------+
| [Epodonios]                  |   4246 |   2554 |  102 |     46 |
+------------------------------+--------+--------+------+--------+
| [Free-clash-v2ray]           |   5220 |   2314 |  742 |     50 |
+------------------------------+--------+--------+------+--------+
| [V2rayclashfree-RSS]         |   2195 |    189 |  128 |     42 |
+------------------------------+--------+--------+------+--------+
============================================================
[SUMMARY] total_nodes=29950
[SUMMARY] legal_candidates=17699
[SUMMARY] passed_latency_test=400
[SUMMARY] region_HK=4 region_JP=2 region_US=139
[SUMMARY] avg_latency_ms=212.85
[SUMMARY] output=/home/runner/work/Free-node-autotest/Free-node-autotest/output/clash.yaml
============================================================
