============================================================
[INFO] sublink try page | url=https://end-gfw.com
[OK] proxies=6 | new=6 | url=https://raw.githubusercontent.com/hello-world-1989/cn-news/main/end-gfw-free
[OK] proxies=6 | new=0 | url=https://raw.githubusercontent.com/hello-world-1989/cn-news/main/clash-free.yaml
[INFO] source try link | url=https://end-gfw.com/ss-key
[OK] proxies=4 | new=4 | url=https://end-gfw.com/ss-key
[INFO] sublink try repo | url=https://github.com/hello-world-1989/cn-news
[INFO] sublink try page | url=https://raw.githubusercontent.com/hello-world-1989/cn-news/main/README.md
[OK] proxies=2 | new=2 | url=https://raw.githubusercontent.com/hello-world-1989/cn-news/main/end-gfw-together
[OK] proxies=6 | new=6 | url=https://raw.githubusercontent.com/hello-world-1989/v2-sub/main/end-gfw-together-af3e13
[OK] proxies=2 | new=0 | url=https://raw.githubusercontent.com/hello-world-1989/cn-news/refs/heads/main/clash.yaml
[OK] proxies=18 | source=[大FQ运动] | url=https://raw.githubusercontent.com/hello-world-1989/cn-news/main/README.md
============================================================
[INFO] sublink try repo | url=https://github.com/Pawdroid/Free-servers
[INFO] sublink try page | url=https://raw.githubusercontent.com/Pawdroid/Free-servers/main/README.md
[OK] proxies=8 | new=8 | url=https://raw.githubusercontent.com/Pawdroid/Free-servers/main/README.md
[OK] proxies=8 | new=0 | url=https://raw.githubusercontent.com/Pawdroid/Free-servers/main/sub
[OK] proxies=1 | new=1 | url=https://apps.apple.com/cn/app/shadowshare/id1612647259
[OK] proxies=1 | new=1 | url=http://www.surflare.com
[OK] proxies=10 | source=[Pawdroid] | url=https://raw.githubusercontent.com/Pawdroid/Free-servers/main/README.md
============================================================
[INFO] source try link | url=https://xmxosfepggzm.503403.xyz
[OK] proxies=2 | new=2 | url=https://xmxosfepggzm.503403.xyz
[OK] proxies=2 | source=[FreeV2-Base64] | url=https://xmxosfepggzm.503403.xyz
============================================================
[INFO] source try link | url=https://links.bocchi2b.top/clash
[OK] proxies=35 | new=35 | url=https://links.bocchi2b.top/clash
[OK] proxies=35 | source=[Bocchi2b-Base64] | url=https://links.bocchi2b.top/clash
============================================================
[INFO] source try link | url=https://freesocks.org/api/v1/sub/02b897e8e77f19176b0b9f2c75864b00
[OK] proxies=1 | new=1 | url=https://freesocks.org/api/v1/sub/02b897e8e77f19176b0b9f2c75864b00
[INFO] source try link | url=https://freesocks.org/api/v1/sub/4cae35810e6f5c4d92e28e32104e0080
[OK] proxies=3 | new=3 | url=https://freesocks.org/api/v1/sub/4cae35810e6f5c4d92e28e32104e0080
[OK] proxies=4 | source=[Freesocks] | url=https://freesocks.org/api/v1/sub/4cae35810e6f5c4d92e28e32104e0080
============================================================
[INFO] source try link | url=https://neko-warp.nloli.xyz/neko_warp.yaml
[OK] proxies=10 | new=10 | url=https://neko-warp.nloli.xyz/neko_warp.yaml
[OK] proxies=10 | source=[NekoWarp] | url=https://neko-warp.nloli.xyz/neko_warp.yaml
============================================================
[INFO] article try feed | url=https://free.datiya.com/index.xml
[INFO] sublink try page | url=https://free.datiya.com/post/20261011/
[OK] proxies=14 | new=14 | url=https://free.datiya.com/uploads/20261011-clash.yaml
[OK] proxies=14 | source=[OpenRunner-RSS] | url=https://free.datiya.com/post/20261011/
============================================================
[INFO] sublink try repo | url=https://github.com/firefoxmmx2/v2rayshare_subcription
[INFO] sublink try page | url=https://raw.githubusercontent.com/firefoxmmx2/v2rayshare_subcription/main/README.md
[OK] proxies=21 | new=21 | url=https://{raw.githubusercontent.com|cdn.jsdelivr.net}/firefoxmmx2/v2rayshare_subcription/main/subscription/clash_sub.yaml
[OK] proxies=22 | new=1 | url=https://{raw.githubusercontent.com|cdn.jsdelivr.net}/firefoxmmx2/v2rayshare_subcription/main/subscription/vray_sub.txt
[OK] proxies=22 | new=0 | url=https://{raw.githubusercontent.com|cdn.jsdelivr.net}/firefoxmmx2/v2rayshare_subcription/main/subscription/mihomo_sub.yaml
[OK] proxies=22 | source=[V2Rayshare-RSS] | url=https://raw.githubusercontent.com/firefoxmmx2/v2rayshare_subcription/main/README.md
============================================================
[INFO] article try feed | url=https://www.mibei77.com/feed
[INFO] sublink try page | url=https://www.mibei77.com/737.html
[OK] proxies=119 | new=119 | url=https://aa.mibei77.com/202610/1010Clashizxc.yaml
[OK] proxies=111 | new=6 | url=https://aa.mibei77.com/202610/10.1064bacdq.txt
[OK] proxies=125 | source=[Mibei77-RSS] | url=https://www.mibei77.com/737.html
============================================================
[INFO] article try feed | url=https://yoyapai.com/feed
[INFO] sublink try page | url=https://yoyapai.com/762
[OK] proxies=294 | new=294 | url=https://freenode.yoyapai.com/2026/10/11-yoyapai.com-clash-vpn-mianfei-jiedian.yaml
[OK] proxies=294 | new=0 | url=https://freenode.yoyapai.com/2026/10/11-yoyapai.com-ssrv2ray-vpn-mianfei-jiedian.txt
[OK] proxies=1 | new=1 | url=https://yoyapai.com/762
[OK] proxies=295 | source=[Yoyapai-RSS] | url=https://yoyapai.com/762
============================================================
[INFO] sublink try repo | url=https://github.com/free18/v2ray
[INFO] sublink try page | url=https://raw.githubusercontent.com/free18/v2ray/main/README.md
[OK] proxies=171 | new=171 | url=https://ghfast.top/https://raw.githubusercontent.com/free18/v2ray/refs/heads/main/c.yaml
[OK] proxies=171 | new=0 | url=https://ghfast.top/https://raw.githubusercontent.com/free18/v2ray/refs/heads/main/v.txt
[OK] proxies=3 | new=3 | url=https://raw.githubusercontent.com/free18/v2ray/main/README.md
[OK] proxies=174 | source=[免费节点1] | url=https://raw.githubusercontent.com/free18/v2ray/main/README.md
============================================================
[INFO] sublink try repo | url=https://github.com/ermaozi/get_subscribe
[INFO] sublink try page | url=https://raw.githubusercontent.com/ermaozi/get_subscribe/main/README.md
[INFO] sublink file_nodes=0 | bare links=9
[OK] proxies=562 | new=562 | url=https://{blog.ermao.net|www.ermao.net}/sub/{reachable|unreachable|untested}/clash/ermao.net
[OK] proxies=562 | new=0 | url=https://blog.ermao.net/sub/{clash|v2ray}/ermao.net
[OK] proxies=562 | source=[免费节点2] | url=https://raw.githubusercontent.com/ermaozi/get_subscribe/main/README.md
============================================================
[INFO] sublink try repo | url=https://github.com/sunmiao4458/free-proxy-airport
[INFO] sublink try page | url=https://raw.githubusercontent.com/sunmiao4458/free-proxy-airport/main/README.md
[OK] proxies=70 | new=70 | url=https://sunmiao4458.github.io/free-proxy-airport/clash.yaml
[OK] proxies=70 | source=[免费节点3] | url=https://raw.githubusercontent.com/sunmiao4458/free-proxy-airport/main/README.md
============================================================
[INFO] sublink try repo | url=https://github.com/mfuu/FreeProxies
[INFO] sublink try page | url=https://raw.githubusercontent.com/mfuu/FreeProxies/master/README.md
[OK] proxies=374 | new=374 | url=https://raw.githubusercontent.com/mfuu/FreeProxies/master/sub.yaml
[OK] proxies=374 | source=[免费节点4] | url=https://raw.githubusercontent.com/mfuu/FreeProxies/master/README.md
============================================================
[INFO] sublink try repo | url=https://github.com/vxiaov/free_proxies
[INFO] sublink try page | url=https://raw.githubusercontent.com/vxiaov/free_proxies/main/README.md
[OK] proxies=28 | new=28 | url=https://{cdn.jsdelivr.net|raw.githubusercontent.com}/vxiaov/free_proxies/main/clash/clash.provider.yaml
[OK] proxies=1 | new=1 | url=https://raw.githubusercontent.com/vxiaov/free_proxies/main/README.md
[OK] proxies=29 | source=[免费节点5] | url=https://raw.githubusercontent.com/vxiaov/free_proxies/main/README.md
============================================================
[INFO] sublink try repo | url=https://github.com/anaer/Sub
[INFO] sublink try page | url=https://raw.githubusercontent.com/anaer/Sub/main/README.MD
[OK] proxies=566 | new=566 | url=https://raw.githubusercontent.com/anaer/Sub/main/clash.yaml
[OK] proxies=566 | new=0 | url=https://anaer.github.io/Sub/clash.yaml
[OK] proxies=566 | source=[免费节点6] | url=https://raw.githubusercontent.com/anaer/Sub/main/README.MD
============================================================
[INFO] sublink try repo | url=https://github.com/snakem982/proxypool
[INFO] sublink try page | url=https://raw.githubusercontent.com/snakem982/proxypool/main/README.md
[OK] proxies=49 | new=49 | url=https://raw.githubusercontent.com/snakem982/proxypool/main/source/v2ray-2.txt
[OK] proxies=63 | new=14 | url=https://raw.githubusercontent.com/snakem982/proxypool/main/source/clash-meta-2.yaml
[OK] proxies=49 | new=0 | url=https://raw.githubusercontent.com/snakem982/proxypool/main/source/sing-box-2.json
[OK] proxies=63 | source=[免费节点7] | url=https://raw.githubusercontent.com/snakem982/proxypool/main/README.md
============================================================
[INFO] sublink try repo | url=https://github.com/mahdibland/V2RayAggregator
[INFO] sublink try page | url=https://raw.githubusercontent.com/mahdibland/V2RayAggregator/master/README.md
[OK] proxies=1476 | new=1476 | url=https://raw.githubusercontent.com/mahdibland/ShadowsocksAggregator/master/sub/splitted/vmess.txt
[OK] proxies=1 | new=1 | url=https://github.com/mahdibland/SSAggregator/actions/workflows/Collector.yml
[OK] proxies=1856 | new=1856 | url=https://raw.githubusercontent.com/mahdibland/ShadowsocksAggregator/master/sub/splitted/ss.txt
[OK] proxies=61 | new=61 | url=https://raw.githubusercontent.com/mahdibland/SSAggregator/master/sub/airport_sub_merge.txt
[OK] proxies=3907 | new=575 | url=https://raw.githubusercontent.com/mahdibland/SSAggregator/master/sub/sub_merge_base64.txt
[OK] proxies=61 | new=0 | url=https://raw.githubusercontent.com/mahdibland/SSAggregator/master/sub/airport_merge_base64.txt
[OK] proxies=1 | new=0 | url=https://cdn.jsdelivr.net/gh/mahdibland/V2RayAggregator@master/update/provider/provider-meta-others.yml
[OK] proxies=388 | new=95 | url=https://raw.githubusercontent.com/mahdibland/V2RayAggregator/master/README.md
[OK] proxies=1 | new=0 | url=https://cdn.jsdelivr.net/gh/mahdibland/V2RayAggregator@master/update/provider/provider.yml
[OK] proxies=1 | new=0 | url=https://cdn.jsdelivr.net/gh/mahdibland/V2RayAggregator@master/update/provider/provider-meta-cn.yml
[OK] proxies=54 | new=0 | url=https://raw.githubusercontent.com/mahdibland/ShadowsocksAggregator/master/sub/splitted/ssr.txt
[OK] proxies=61 | new=0 | url=https://raw.githubusercontent.com/mahdibland/ShadowsocksAggregator/master/EternityAir.txt
[OK] proxies=200 | new=0 | url=https://raw.githubusercontent.com/mahdibland/ShadowsocksAggregator/master/Eternity.txt
[OK] proxies=521 | new=0 | url=https://raw.githubusercontent.com/mahdibland/ShadowsocksAggregator/master/sub/splitted/trojan.txt
[OK] proxies=4022 | new=193 | url=https://raw.githubusercontent.com/mahdibland/SSAggregator/master/sub/sub_merge_yaml.yml
[OK] proxies=1 | new=0 | url=https://cdn.jsdelivr.net/gh/mahdibland/V2RayAggregator@master/update/provider/provider-meta.yml
[OK] proxies=1 | new=0 | url=https://github.com/mahdibland/SSAggregator/actions/workflows/Airport_Collector.yml
[OK] proxies=1 | new=0 | url=https://cdn.jsdelivr.net/gh/mahdibland/V2RayAggregator@master/update/provider/provider-cn.yml
[OK] proxies=201 | new=0 | url=https://raw.githubusercontent.com/mahdibland/ShadowsocksAggregator/master/Eternity.yml
[OK] proxies=1 | new=0 | url=https://cdn.jsdelivr.net/gh/mahdibland/V2RayAggregator@master/update/provider/provider-others.yml
[OK] proxies=3907 | new=0 | url=https://raw.githubusercontent.com/mahdibland/{SSAggregator|ShadowsocksAggregator}/master/sub/sub_merge.txt
[OK] proxies=4257 | source=[免费节点8] | url=https://raw.githubusercontent.com/mahdibland/V2RayAggregator/master/README.md
============================================================
[INFO] sublink try repo | url=https://github.com/w1770946466/Auto_proxy
[INFO] sublink try page | url=https://raw.githubusercontent.com/w1770946466/Auto_proxy/main/README.md
[OK] proxies=489 | new=489 | url=https://raw.githubusercontent.com/w1770946466/Auto_proxy/main/Long_term_subscription_num
[OK] proxies=245 | new=125 | url=https://raw.githubusercontent.com/w1770946466/Auto_proxy/main/{Long_term_subscription2.yaml|Long_term_subscription1.yaml|Long_term_subscription3.yaml}
[OK] proxies=489 | new=0 | url=https://raw.githubusercontent.com/w1770946466/Auto_proxy/main/{Long_term_subscription1|Long_term_subscription2|Long_term_subscription3|Long_term_subscription4|Long_term_subscription5|Long_term_subscription6|Long_term_subscription7|Long_term_subscription8}
[OK] proxies=1 | new=1 | url=https://github.com/w1770946466/Auto_proxy/actions/workflows/main.yml
[OK] proxies=615 | source=[免费节点9] | url=https://raw.githubusercontent.com/w1770946466/Auto_proxy/main/README.md
============================================================
[INFO] sublink try repo | url=https://github.com/PuddinCat/BestClash
[INFO] sublink try page | url=https://raw.githubusercontent.com/PuddinCat/BestClash/main/README.md
[OK] proxies=144 | new=144 | url=https://raw.githubusercontent.com/zhangkaiitugithub/passcro/main/speednodes.yaml
[OK] proxies=168 | new=168 | url=https://raw.githubusercontent.com/{chengaopan|peasoft}/{AutoMergePublicNodes|NoMoreWalls}/master/list.yml
[OK] proxies=165 | new=165 | url=https://raw.githubusercontent.com/ronghuaxueleng/get_v2/main/pub/combine.yaml
[OK] proxies=167 | new=5 | url=https://raw.githubusercontent.com/Misaka-blog/chromego_merge/main/sub/merged_proxies_new.yaml
[OK] proxies=201 | new=124 | url=https://raw.githubusercontent.com/mahdibland/ShadowsocksAggregator/master/Eternity.yml
[OK] proxies=28 | new=28 | url=https://cdn.jsdelivr.net/gh/vxiaov/free_proxies@main/clash/clash.provider.yaml
[OK] proxies=16 | new=15 | url=https://raw.githubusercontent.com/PuddinCat/BestClash/main/proxies.yaml
[OK] proxies=562 | new=278 | url=https://raw.githubusercontent.com/{ermaozi|ermaozi01}/{get_subscribe|free_clash_vpn}/main/subscribe/clash.yml
[OK] proxies=24 | new=24 | url=https://freenode.openrunner.net/uploads/20240807-clash.yaml
[OK] proxies=3701 | new=3683 | url=https://raw.githubusercontent.com/{NiceVPN123|anaer}/{NiceVPN|Sub}/main/{Clash.yaml|clash.yaml}
[OK] proxies=4634 | source=[免费节点10] | url=https://raw.githubusercontent.com/PuddinCat/BestClash/main/README.md
============================================================
[INFO] sublink try repo | url=https://github.com/kooker/FreeSubsCheck
[INFO] sublink try page | url=https://raw.githubusercontent.com/kooker/FreeSubsCheck/main/README.md
[OK] proxies=1 | new=1 | url=https://raw.githubusercontent.com/kooker/FreeSubsCheck/main/base64.txt
[OK] proxies=14 | new=14 | url=https://raw.githubusercontent.com/kooker/FreeSubsCheck/main/mihomo.yaml
[OK] proxies=2 | new=2 | url=https://raw.githubusercontent.com/kooker/FreeSubsCheck/main/byxiaoxi.txt
[OK] proxies=14 | new=0 | url=https://raw.githubusercontent.com/kooker/FreeSubsCheck/main/all.yaml
[OK] proxies=683 | new=683 | url=https://raw.githubusercontent.com/kooker/FreeSubsCheck/main/kooker.jp.txt
[OK] proxies=700 | source=[免费节点11] | url=https://raw.githubusercontent.com/kooker/FreeSubsCheck/main/README.md
============================================================
[INFO] toolkit try repo | url=https://github.com/bannedbook/fanqiang
[INFO] toolkit try release | url=https://github.com/bannedbook/fanqiang/releases
[INFO] toolkit try release | url=https://github.com/bannedbook/fanqiang/releases/expanded_assets/ChromeGo-latest
[INFO] toolkit try download | url=https://github.com/bannedbook/fanqiang/releases/download/ChromeGo-latest/ChromeGo.7z
[OK] toolkit downloaded | file=ChromeGo.7z | size=96.2mb | time=19.4s
[OK] toolkit extracted | archive=ChromeGo.7z | tool=7z | files=222 | dirs=45
[OK] toolkit discovered | subs=107 | embedded=46 | scan=30.8s | archive=ChromeGo.7z
[OK] proxies=12 | new=12 | embedded=archive-config
[OK] proxies=3 | new=3 | url=https://gitlab.com/free9999/ipupdate/master/backup/img/1/2/{ipp|ip}/clash.meta2/{5|6|3|1|4|2}/config.yaml
[OK] proxies=3 | new=0 | url=https://www.67867867.xyz/Alvin9999/PAC/refs/heads/master/backup/img/1/2/{ipp|ip}/clash.meta2/{5|6|3|1|4|2}/config.yaml
[OK] proxies=7 | new=5 | url=https://www.67867867.xyz/Alvin9999/PAC/refs/heads/master/backup/img/1/2/{ipp|ip}/{hysteria2|singbox|naiveproxy|hysteria|xray}/{3|1|4|2}/config.json
[OK] proxies=7 | new=0 | url=https://gitlab.com/free9999/ipupdate/master/backup/img/1/2/{ipp|ip}/{hysteria2|singbox|naiveproxy|hysteria|xray}/{3|1|4|2}/config.json
[OK] proxies=20 | source=[ChromeGO-Toolkit] | url=https://github.com/bannedbook/fanqiang/releases/download/ChromeGo-latest/ChromeGo.7z
============================================================
[INFO] sublink try repo | url=https://github.com/ShiteThings/extractNodes
[INFO] sublink try page | url=https://raw.githubusercontent.com/ShiteThings/extractNodes/main/README.md
[OK] proxies=26 | new=26 | url=https://chg26.makou.cc.cd/sb
[OK] proxies=31 | new=5 | url=https://{chg26.makou.cc.cd|chg64.makou.cc.cd}
[OK] proxies=31 | source=[ChromeGO-ShiteThings] | url=https://raw.githubusercontent.com/ShiteThings/extractNodes/main/README.md
============================================================
[INFO] sublink try repo | url=https://github.com/shangui999/chromego_merge
[INFO] sublink try page | url=https://raw.githubusercontent.com/shangui999/chromego_merge/master/ReadMe.md
[OK] proxies=10 | new=10 | url=https://freedman.netlify.app/sub/merged_proxies_new.yaml
[OK] proxies=11 | new=6 | url=https://freedman.netlify.app/sub/shadowrocket_base64.txt
[OK] proxies=11 | new=1 | url=https://freedman.netlify.app/sub/merged_warp_proxies_new.yaml
[OK] proxies=16 | new=16 | url=https://freedman.netlify.app/sub/sb.json
[INFO] sublink try repo | url=https://github.com/yaney01/chromego
[INFO] sublink try page | url=https://raw.githubusercontent.com/yaney01/chromego/main/ReadMe.md
[OK] proxies=50 | new=46 | url=https://raw.githubusercontent.com/yaney01/chromego/main/sub/merged_proxies_new.yaml
[OK] proxies=51 | new=0 | url=https://raw.githubusercontent.com/yaney01/chromego/main/sub/merged_warp_proxies_new.yaml
[OK] proxies=13 | new=2 | url=https://raw.githubusercontent.com/yaney01/chromego/main/sub/sb.json
[OK] proxies=13 | new=5 | url=https://raw.githubusercontent.com/yaney01/chromego/main/sub/shadowrocket_base64.txt
[INFO] sublink try repo | url=https://github.com/Misaka-blog/chromego_merge
[INFO] sublink try page | url=https://raw.githubusercontent.com/Misaka-blog/chromego_merge/main/README.md
[OK] proxies=167 | new=167 | url=https://chromego-sub.netlify.app/sub/merged_proxies_new.yaml
[OK] proxies=253 | source=[ChromeGO-Merge] | url=https://raw.githubusercontent.com/Misaka-blog/chromego_merge/main/README.md
============================================================
[INFO] toolkit try repo | url=https://github.com/Pawdroid/shadowrocket_for_android
[INFO] toolkit try release | url=https://github.com/Pawdroid/shadowrocket_for_android/releases
[INFO] toolkit try release | url=https://github.com/Pawdroid/shadowrocket_for_android/releases/expanded_assets/10.10.57
[INFO] toolkit try download | url=https://github.com/Pawdroid/shadowrocket_for_android/releases/download/10.10.57/Shadowrocket_10.10.57_shadowrocketStandard_arm64-v8a.apk
[OK] toolkit downloaded | file=Shadowrocket_10.10.57_shadowrocketStandard_arm64-v8a.apk | size=39.8mb | time=17.1s
[OK] toolkit extracted | archive=Shadowrocket_10.10.57_shadowrocketStandard_arm64-v8a.apk | tool=zipfile | files=1193 | dirs=44
[OK] toolkit sr-apk scanned | prefixes=38 | files=6 | keys=2 | archive=Shadowrocket_10.10.57_shadowrocketStandard_arm64-v8a.apk
[OK] proxies=1057 | new=1057 | url=https://{cdn.jsdelivr.net|raw.githubusercontent.com}/pixelor/ecfg/main/data/ecfg6_en
[OK] proxies=974 | new=15 | url=https://{cdn.jsdelivr.net|raw.githubusercontent.com}/pixelor/ecfg/main/data/ecfg6_zh
[OK] proxies=48 | new=28 | url=https://{cdn.jsdelivr.net|raw.githubusercontent.com}/pixelor/ecfg/main/data/ecfg6
[OK] proxies=38 | new=0 | url=https://{files.shadowrockets.app|cdn.shadowrockets.app}/ecfg/data/ecfg6
[OK] proxies=860 | new=0 | url=https://{files.shadowrockets.app|cdn.shadowrockets.app}/ecfg/data/ecfg6_en
[OK] proxies=860 | new=0 | url=https://{files.shadowrockets.app|cdn.shadowrockets.app}/ecfg/data/ecfg6_zh
[OK] proxies=1100 | source=[Pawdroid-SR-APK] | url=https://github.com/Pawdroid/shadowrocket_for_android/releases/download/10.10.57/Shadowrocket_10.10.57_shadowrocketStandard_arm64-v8a.apk
============================================================
[INFO] toolkit try page | url=https://shadowshare.v2cross.com
[INFO] toolkit try download | url=https://shadowshare.v2cross.com/shadowshare.apk
[OK] toolkit downloaded | file=shadowshare.apk | size=60mb | time=23.3s
[OK] toolkit extracted | archive=shadowshare.apk | tool=zipfile | files=612 | dirs=39
[OK] toolkit ss-apk scanned | prefixes=10 | files=3 | keys=1 | archive=shadowshare.apk
[OK] proxies=194 | new=194 | url=https://{raw.githubusercontent.com|jsd.onmicrosoft.cn}/hideme9527/ecsfg/main/data/sareserver
[OK] proxies=1386 | new=1283 | url=https://{raw.githubusercontent.com|jsd.onmicrosoft.cn}/hideme9527/ecsfg/main/data/sareserver_en
[OK] proxies=24 | new=0 | url=https://{shadowsharing.com|sare.159236.xyz}/data/sareserver
[OK] proxies=1386 | new=0 | url=https://{shadowsharing.com|sare.159236.xyz}/data/sareserver_en
[OK] proxies=24 | new=0 | url=https://gitee.com/api/v5/repos/{guoyoucai1|elvenapp|zhiminghao}/ecsfg/raw/data/sareserver
[OK] proxies=1386 | new=0 | url=https://gitee.com/api/v5/repos/{zhiminghao|elvenapp|guoyoucai1}/ecsfg/raw/data/sareserver_en
[OK] proxies=1477 | source=[Pawdroid-SS-APK] | url=https://shadowshare.v2cross.com/shadowshare.apk
============================================================
[INFO] toolkit try chrome | url=https://chromewebstore.google.com/detail/free-vpn-proxy-1vpn/akcocjjpkmlniicdeemdceeajlmoabhg
[INFO] toolkit try download | url=https://clients2.google.com/service/update2/crx?response=redirect&prodversion=131.0.6778.0&acceptformat=crx2,crx3&x=id%3dakcocjjpkmlniicdeemdceeajlmoabhg%26uc
[OK] toolkit downloaded | file=free-vpn-proxy-1vpn.crx | size=1.6mb | time=6.0s
[OK] toolkit extracted | archive=free-vpn-proxy-1vpn.crx | tool=zipfile | files=68 | dirs=57
[OK] toolkit 1vpn-crx scanned | hosts=17 | keys=1 | archive=free-vpn-proxy-1vpn.crx
[OK] proxies=17 | source=[1VPN-CRX] | url=https://clients2.google.com/service/update2/crx?response=redirect&prodversion=131.0.6778.0&acceptformat=crx2,crx3&x=id%3dakcocjjpkmlniicdeemdceeajlmoabhg%26uc
============================================================
[INFO] sublink try repo | url=https://github.com/free-nodes/clashfree
[INFO] sublink try page | url=https://raw.githubusercontent.com/free-nodes/clashfree/main/README.md
[OK] proxies=412 | new=412 | url=https://raw.githubusercontent.com/free-nodes/clashfree/main/clash20261011.yml
[OK] proxies=1 | new=1 | url=https://github.com/free-nodes/clashfree/blob/main/clash20261011.yml
[OK] proxies=412 | new=0 | url=https://raw.githubusercontent.com/free-nodes/clashfree/main/README.md
[OK] proxies=413 | source=[Clashfree] | url=https://raw.githubusercontent.com/free-nodes/clashfree/main/README.md
============================================================
[INFO] sublink try repo | url=https://github.com/Epodonios/v2ray-configs
[INFO] sublink try page | url=https://raw.githubusercontent.com/Epodonios/v2ray-configs/main/README.md
[OK] proxies=4149 | new=4149 | url=https://github.com/Epodonios/v2ray-configs/raw/main/All_Configs_Sub.txt
[OK] proxies=164 | new=0 | url=https://github.com/Epodonios/v2ray-configs/raw/main/Splitted-By-Protocol/vmess.txt
[OK] proxies=377 | new=0 | url=https://github.com/Epodonios/v2ray-configs/raw/main/Splitted-By-Protocol/ss.txt
[OK] proxies=253 | new=0 | url=https://github.com/Epodonios/v2ray-configs/raw/main/Splitted-By-Protocol/trojan.txt
[OK] proxies=3297 | new=0 | url=https://github.com/Epodonios/v2ray-configs/raw/main/Splitted-By-Protocol/vless.txt
[OK] proxies=1 | new=1 | url=https://github.com/Epodonios/V2ray-Configs/actions/workflows/main.yml
[OK] proxies=4149 | new=0 | url=https://github.com/Epodonios/v2ray-configs/raw/main/All_Configs_base64_Sub.txt
[OK] proxies=4149 | new=0 | url=https://raw.githubusercontent.com/Epodonios/v2ray-configs/main/{Sub1.txt|Sub2.txt|Sub3.txt|Sub4.txt|Sub5.txt|Sub6.txt|Sub7.txt|Sub8.txt}
[OK] proxies=4150 | source=[Epodonios] | url=https://raw.githubusercontent.com/Epodonios/v2ray-configs/main/README.md
============================================================
[INFO] sublink try repo | url=https://github.com/free-clash-v2ray/free-clash-v2ray.github.io
[INFO] sublink try page | url=https://raw.githubusercontent.com/free-clash-v2ray/free-clash-v2ray.github.io/main/README.md
[OK] proxies=2438 | new=2438 | url=https://free-clash-v2ray.github.io/uploads/2026/10/{0-20261004.yaml|1-20261004.yaml|2-20261004.yaml|3-20261004.yaml}
[OK] proxies=2772 | new=847 | url=https://free-clash-v2ray.github.io/uploads/2026/10/{0-20261004.txt|1-20261004.txt|2-20261004.txt|3-20261004.txt|4-20261004.txt}
[OK] proxies=3285 | source=[Free-clash-v2ray] | url=https://raw.githubusercontent.com/free-clash-v2ray/free-clash-v2ray.github.io/main/README.md
============================================================
[INFO] article try page | url=https://v2rayclashfree.com
[INFO] sublink try page | url=https://v2rayclashfree.com/fn/20261011.html
[INFO] sublink try page | url=https://v2rayclashfree.com/fn/20261010.html
[INFO] sublink try page | url=https://v2rayclashfree.com/fn/20261009.html
[INFO] sublink try page | url=https://v2rayclashfree.com/fn/20261008.html
[INFO] sublink try page | url=https://v2rayclashfree.com/fn/20261007.html
[INFO] sublink try page | url=https://v2rayclashfree.com/fn/20261006.html
[INFO] sublink try page | url=https://v2rayclashfree.com/fn/20261005.html
[INFO] sublink try page | url=https://v2rayclashfree.com/fn/20261004.html
[INFO] sublink try page | url=https://v2rayclashfree.com/fn/20261003.html
[INFO] sublink try page | url=https://v2rayclashfree.com/fn/20261002.html
[INFO] sublink try page | url=https://v2rayclashfree.com/fn/20261001.html
[INFO] sublink try page | url=https://v2rayclashfree.com/fn/20260930.html
[OK] proxies=2867 | new=2867 | url=https://v2rayclashfree.com/sub/20260930-v2ray.txt
[OK] proxies=2901 | new=539 | url=https://v2rayclashfree.com/sub/20260930-clash.yaml
[OK] proxies=3406 | source=[V2rayclashfree-RSS] | url=https://v2rayclashfree.com/fn/20260930.html
============================================================
[INFO] toolkit try repo | url=https://github.com/MetaCubeX/meta-rules-dat
[INFO] toolkit try release | url=https://github.com/MetaCubeX/meta-rules-dat/releases
[INFO] toolkit try release | url=https://github.com/MetaCubeX/meta-rules-dat/releases/expanded_assets/latest
[INFO] toolkit try download | url=https://github.com/MetaCubeX/meta-rules-dat/releases/download/latest/country.mmdb
[OK] toolkit downloaded | file=country.mmdb | size=7.3mb | time=3.5s
[INFO] toolkit try repo | url=https://github.com/mledoze/countries
[INFO] toolkit try tree | url=https://github.com/mledoze/countries
[INFO] toolkit try download | url=https://raw.githubusercontent.com/mledoze/countries/master/countries.json
[OK] toolkit downloaded | file=countries.json | size=1.3mb | time=0.2s
[INFO] toolkit try repo | url=https://github.com/pycountry/pycountry
[INFO] toolkit try tree | url=https://github.com/pycountry/pycountry
[INFO] toolkit try download | url=https://raw.githubusercontent.com/pycountry/pycountry/main/src/pycountry/databases/iso3166-1.json
[OK] toolkit downloaded | file=iso3166-1.json | size=42.3kb | time=0.2s
[INFO] toolkit try repo | url=https://github.com/umpirsky/country-list
[INFO] toolkit try tree | url=https://github.com/umpirsky/country-list
[INFO] toolkit try download | url=https://raw.githubusercontent.com/umpirsky/country-list/master/data/zh/country.json
[OK] toolkit downloaded | file=country.json | size=7.6kb | time=0.1s
[OK] geo score ready | files=country.mmdb, countries.json, iso3166-1.json, country.json | centroids=250 | aliases=674
============================================================
[INFO] toolkit try repo | url=https://github.com/MetaCubeX/mihomo
[INFO] toolkit try release | url=https://github.com/MetaCubeX/mihomo/releases
[INFO] toolkit try release | url=https://github.com/MetaCubeX/mihomo/releases/expanded_assets/v1.19.32
[INFO] toolkit try download | url=https://github.com/MetaCubeX/mihomo/releases/download/v1.19.32/mihomo-linux-amd64-compatible-v1.19.32.gz
[OK] toolkit downloaded | file=mihomo-linux-amd64-compatible-v1.19.32.gz | size=21.8mb | time=9.6s
[OK] toolkit hash verified | file=mihomo-linux-amd64-compatible-v1.19.32.gz | sha256=ba3ce607747a07f948fc35780e108a4a7c7f552a38b9bd4d115f313ebcb89c20
[OK] proxy engine ready, starting latency test | package=mihomo-linux-amd64-compatible-v1.19.32.gz
============================================================
[WARN] batch reshard | size=17841 {1} | split=2974 {2} + 2974 {3} + 2974 {4} + 2974 {5} + 2974 {6} + 2971 {7}
[WARN] batch start failed | size=2974 {6} | split=496 {8} + 496 {9} + 496 {10} + 496 {11} + 496 {12} + 494 {13}
[WARN] batch start failed | size=2974 {5} | split=496 {14} + 496 {15} + 496 {16} + 496 {17} + 496 {18} + 494 {19}
[WARN] batch start failed | size=2971 {7} | split=496 {20} + 496 {21} + 496 {22} + 496 {23} + 496 {24} + 491 {25}
[TEST] {9} tested=100/496 | kept=4 | rest=17741
[TEST] {9} tested=200/496 | kept=9 | rest=17641
[TEST] {9} tested=300/496 | kept=11 | rest=17541
[TEST] {9} tested=400/496 | kept=14 | rest=17441
[TEST] {12} tested=100/496 | kept=3 | rest=17290
[TEST] {12} tested=200/496 | kept=5 | rest=17190
[TEST] {12} tested=300/496 | kept=5 | rest=17090
[TEST] {12} tested=400/496 | kept=6 | rest=16990
[TEST] {8} tested=100/496 | kept=4 | rest=16835
[TEST] {8} tested=200/496 | kept=6 | rest=16735
[TEST] {8} tested=300/496 | kept=8 | rest=16635
[TEST] {8} tested=400/496 | kept=11 | rest=16535
[WARN] batch start failed | size=496 {10} | split=83 {26} + 83 {27} + 83 {28} + 83 {29} + 83 {30} + 81 {31}
[TEST] {13} tested=100/494 | kept=5 | rest=16253
[TEST] {13} tested=200/494 | kept=15 | rest=16153
[TEST] {13} tested=300/494 | kept=27 | rest=16053
[TEST] {16} tested=100/496 | kept=62 | rest=15904
[TEST] {16} tested=200/496 | kept=121 | rest=15804
[TEST] {16} tested=300/496 | kept=186 | rest=15704
[TEST] {16} tested=400/496 | kept=250 | rest=15604
[TEST] {4} tested=100/2974 | kept=1 | rest=15475
[TEST] {4} tested=200/2974 | kept=3 | rest=15368
[TEST] {4} tested=300/2974 | kept=4 | rest=15268
[TEST] {4} tested=400/2974 | kept=4 | rest=15168
[TEST] {4} tested=500/2974 | kept=7 | rest=15068
[TEST] {4} tested=600/2974 | kept=8 | rest=14968
[TEST] {4} tested=700/2974 | kept=10 | rest=14868
[TEST] {4} tested=800/2974 | kept=16 | rest=14768
[TEST] {4} tested=900/2974 | kept=16 | rest=14668
[TEST] {4} tested=1000/2974 | kept=17 | rest=14568
[TEST] {11} tested=100/496 | kept=1 | rest=14369
[TEST] {11} tested=200/496 | kept=1 | rest=14268
[TEST] {11} tested=300/496 | kept=2 | rest=14168
[TEST] {4} tested=1100/2974 | kept=17 | rest=14056
[TEST] {11} tested=400/496 | kept=4 | rest=14040
[TEST] {2} tested=100/2974 | kept=33 | rest=13851
[TEST] {2} tested=200/2974 | kept=72 | rest=13751
[TEST] {2} tested=300/2974 | kept=109 | rest=13651
[TEST] {2} tested=400/2974 | kept=142 | rest=13551
[TEST] {2} tested=500/2974 | kept=184 | rest=13451
[TEST] {2} tested=600/2974 | kept=220 | rest=13351
[TEST] {2} tested=700/2974 | kept=247 | rest=13251
[TEST] {2} tested=800/2974 | kept=282 | rest=13151
[TEST] {2} tested=900/2974 | kept=331 | rest=13051
[TEST] {2} tested=1000/2974 | kept=358 | rest=12951
[TEST] {2} tested=1100/2974 | kept=378 | rest=12851
[TEST] {2} tested=1200/2974 | kept=404 | rest=12751
[TEST] {2} tested=1300/2974 | kept=421 | rest=12651
[TEST] {3} tested=100/2974 | kept=7 | rest=12479
[TEST] {3} tested=200/2974 | kept=20 | rest=12379
[TEST] {3} tested=300/2974 | kept=35 | rest=12279
[TEST] {3} tested=400/2974 | kept=42 | rest=12179
[TEST] {3} tested=500/2974 | kept=51 | rest=12079
[TEST] {3} tested=600/2974 | kept=63 | rest=11979
[TEST] {3} tested=700/2974 | kept=69 | rest=11879
[TEST] {3} tested=800/2974 | kept=79 | rest=11779
[TEST] {13} tested=400/494 | kept=73 | rest=11646
[TEST] {2} tested=1400/2974 | kept=452 | rest=11624
[TEST] {3} tested=900/2974 | kept=85 | rest=11525
[TEST] {2} tested=1500/2974 | kept=452 | rest=11426
[TEST] {4} tested=1200/2974 | kept=17 | rest=11242
[WARN] batch start failed | size=496 {17} | split=83 {32} + 83 {33} + 83 {34} + 83 {35} + 83 {36} + 81 {37}
[WARN] batch start failed | size=496 {15} | split=83 {38} + 83 {39} + 83 {40} + 83 {41} + 83 {42} + 81 {43}
[TEST] {14} tested=100/496 | kept=0 | rest=10892
[TEST] {4} tested=1300/2974 | kept=18 | rest=10837
[TEST] {2} tested=1600/2974 | kept=452 | rest=10830
[TEST] {3} tested=1000/2974 | kept=85 | rest=10796
[WARN] batch start failed | size=494 {19} | split=83 {44} + 83 {45} + 83 {46} + 83 {47} + 83 {48} + 79 {49}
[TEST] {14} tested=200/496 | kept=1 | rest=10698
[TEST] {2} tested=1700/2974 | kept=452 | rest=10576
[TEST] {21} tested=100/496 | kept=94 | rest=10362
[TEST] {21} tested=200/496 | kept=193 | rest=10252
[TEST] {21} tested=300/496 | kept=285 | rest=10104
[TEST] {21} tested=400/496 | kept=380 | rest=9971
[TEST] {3} tested=1100/2974 | kept=85 | rest=9822
[TEST] {4} tested=1400/2974 | kept=20 | rest=9780
[TEST] {14} tested=300/496 | kept=6 | rest=9690
[TEST] {2} tested=1800/2974 | kept=453 | rest=9527
[TEST] {14} tested=400/496 | kept=11 | rest=9482
[TEST] {18} tested=100/496 | kept=7 | rest=9472
[TEST] {18} tested=200/496 | kept=11 | rest=9294
[TEST] {3} tested=1200/2974 | kept=85 | rest=9124
[TEST] {4} tested=1500/2974 | kept=21 | rest=9050
[TEST] {2} tested=1900/2974 | kept=457 | rest=8971
[TEST] {20} tested=100/496 | kept=99 | rest=8852
[TEST] {20} tested=200/496 | kept=195 | rest=8737
[TEST] {20} tested=300/496 | kept=294 | rest=8601
[TEST] {20} tested=400/496 | kept=391 | rest=8440
[TEST] {4} tested=1600/2974 | kept=22 | rest=8346
[TEST] {2} tested=2000/2974 | kept=458 | rest=8176
[TEST] {18} tested=300/496 | kept=32 | rest=8122
[TEST] {2} tested=2100/2974 | kept=458 | rest=7997
[TEST] {18} tested=400/496 | kept=50 | rest=7821
[TEST] {2} tested=2200/2974 | kept=458 | rest=7783
[TEST] {24} tested=100/496 | kept=59 | rest=7671
[TEST] {24} tested=200/496 | kept=127 | rest=7545
[TEST] {3} tested=1300/2974 | kept=85 | rest=7541
[TEST] {24} tested=300/496 | kept=199 | rest=7404
[TEST] {4} tested=1700/2974 | kept=23 | rest=7371
[TEST] {24} tested=400/496 | kept=274 | rest=7183
[TEST] {4} tested=1800/2974 | kept=23 | rest=7138
[WARN] batch start failed | size=496 {23} | split=83 {50} + 83 {51} + 83 {52} + 83 {53} + 83 {54} + 81 {55}
[TEST] {4} tested=1900/2974 | kept=23 | rest=6977
[TEST] {22} tested=100/496 | kept=93 | rest=6836
[TEST] {22} tested=200/496 | kept=179 | rest=6671
[TEST] {3} tested=1400/2974 | kept=85 | rest=6521
[TEST] {2} tested=2300/2974 | kept=459 | rest=6516
[TEST] {22} tested=300/496 | kept=268 | rest=6439
[TEST] {2} tested=2400/2974 | kept=459 | rest=6271
[TEST] {4} tested=2000/2974 | kept=23 | rest=6235
[TEST] {25} tested=100/491 | kept=61 | rest=6103
[TEST] {25} tested=200/491 | kept=107 | rest=5907
[TEST] {4} tested=2100/2974 | kept=23 | rest=5738
[TEST] {22} tested=400/496 | kept=301 | rest=5545
[TEST] {4} tested=2200/2974 | kept=23 | rest=5511
[TEST] {2} tested=2500/2974 | kept=460 | rest=5381
[TEST] {3} tested=1500/2974 | kept=85 | rest=5366
[TEST] {4} tested=2300/2974 | kept=23 | rest=5232
[TEST] {2} tested=2600/2974 | kept=460 | rest=5103
[TEST] {25} tested=300/491 | kept=125 | rest=5018
[TEST] {4} tested=2400/2974 | kept=23 | rest=4938
[TEST] {4} tested=2500/2974 | kept=23 | rest=4787
[TEST] {26} tested=83/83 | kept=1 | rest=4649
[TEST] {25} tested=400/491 | kept=150 | rest=4617
[WARN] batch start failed | size=83 {27} | split=14 {56} + 14 {57} + 14 {58} + 14 {59} + 14 {60} + 13 {61}
[TEST] {4} tested=2600/2974 | kept=23 | rest=4470
[TEST] {3} tested=1600/2974 | kept=85 | rest=4334
[TEST] {2} tested=2700/2974 | kept=460 | rest=4245
[TEST] {4} tested=2700/2974 | kept=23 | rest=4212
[TEST] {2} tested=2800/2974 | kept=460 | rest=4073
[TEST] {4} tested=2800/2974 | kept=23 | rest=3811
[TEST] {28} tested=83/83 | kept=0 | rest=3658
[TEST] {29} tested=83/83 | kept=0 | rest=3555
[WARN] batch start failed | size=83 {32} | split=14 {62} + 14 {63} + 14 {64} + 14 {65} + 14 {66} + 13 {67}
[TEST] {3} tested=1700/2974 | kept=85 | rest=3551
[TEST] {4} tested=2900/2974 | kept=23 | rest=3451
[TEST] {2} tested=2900/2974 | kept=460 | rest=3444
[TEST] {3} tested=1800/2974 | kept=85 | rest=3245
[TEST] {30} tested=83/83 | kept=1 | rest=3104
[TEST] {33} tested=83/83 | kept=50 | rest=2914
[TEST] {31} tested=81/81 | kept=1 | rest=2912
[WARN] batch start failed | size=83 {39} | split=14 {68} + 14 {69} + 14 {70} + 14 {71} + 14 {72} + 13 {73}
[TEST] {3} tested=1900/2974 | kept=85 | rest=2725
[TEST] {3} tested=2000/2974 | kept=85 | rest=2622
[TEST] {34} tested=83/83 | kept=51 | rest=2619
[WARN] batch start failed | size=83 {40} | split=14 {74} + 14 {75} + 14 {76} + 14 {77} + 14 {78} + 13 {79}
[TEST] {35} tested=83/83 | kept=53 | rest=2554
[TEST] {36} tested=83/83 | kept=33 | rest=2487
[TEST] {37} tested=81/81 | kept=9 | rest=2292
[TEST] {3} tested=2100/2974 | kept=93 | rest=2170
[TEST] {41} tested=83/83 | kept=79 | rest=2131
[TEST] {38} tested=83/83 | kept=12 | rest=2121
[WARN] batch start failed | size=83 {46} | split=14 {80} + 14 {81} + 14 {82} + 14 {83} + 14 {84} + 13 {85}
[TEST] {42} tested=83/83 | kept=78 | rest=2094
[TEST] {43} tested=81/81 | kept=64 | rest=1980
[TEST] {3} tested=2200/2974 | kept=94 | rest=1819
[TEST] {44} tested=83/83 | kept=3 | rest=1758
[WARN] batch start failed | size=83 {51} | split=14 {86} + 14 {87} + 14 {88} + 14 {89} + 14 {90} + 13 {91}
[TEST] {50} tested=83/83 | kept=0 | rest=1640
[TEST] {3} tested=2300/2974 | kept=94 | rest=1574
[TEST] {45} tested=83/83 | kept=1 | rest=1542
[WARN] batch start failed | size=83 {54} | split=14 {92} + 14 {93} + 14 {94} + 14 {95} + 14 {96} + 13 {97}
[TEST] {47} tested=83/83 | kept=3 | rest=1485
[TEST] {48} tested=83/83 | kept=2 | rest=1394
[TEST] {49} tested=79/79 | kept=1 | rest=1331
[TEST] {3} tested=2400/2974 | kept=94 | rest=1188
[TEST] {52} tested=83/83 | kept=0 | rest=1083
[WARN] batch start failed | size=14 {58} | split=3 {98} + 3 {99} + 3 {100} + 3 {101} + 2 {102}
[TEST] {55} tested=81/81 | kept=59 | rest=1050
[TEST] {57} tested=14/14 | kept=0 | rest=1030
[TEST] {53} tested=83/83 | kept=0 | rest=1026
[TEST] {56} tested=14/14 | kept=1 | rest=999
[TEST] {3} tested=2500/2974 | kept=94 | rest=995
[WARN] batch start failed | size=14 {63} | split=3 {103} + 3 {104} + 3 {105} + 3 {106} + 2 {107}
[TEST] {3} tested=2600/2974 | kept=96 | rest=887
[TEST] {59} tested=14/14 | kept=1 | rest=794
[TEST] {3} tested=2700/2974 | kept=96 | rest=786
[TEST] {60} tested=14/14 | kept=0 | rest=767
[TEST] {61} tested=13/13 | kept=0 | rest=754
[TEST] {62} tested=14/14 | kept=0 | rest=747
[TEST] {65} tested=14/14 | kept=0 | rest=718
[WARN] batch start failed | size=14 {70} | split=3 {108} + 3 {109} + 3 {110} + 3 {111} + 2 {112}
[WARN] batch start failed | size=14 {71} | split=3 {113} + 3 {114} + 3 {115} + 3 {116} + 2 {117}
[WARN] batch start failed | size=14 {69} | split=3 {118} + 3 {119} + 3 {120} + 3 {121} + 2 {122}
[TEST] {3} tested=2800/2974 | kept=96 | rest=626
[TEST] {3} tested=2900/2974 | kept=96 | rest=526
[TEST] {64} tested=14/14 | kept=0 | rest=507
[TEST] {66} tested=14/14 | kept=0 | rest=481
[TEST] {67} tested=13/13 | kept=3 | rest=467
[TEST] {68} tested=14/14 | kept=2 | rest=465
[WARN] batch start failed | size=14 {75} | split=3 {123} + 3 {124} + 3 {125} + 3 {126} + 2 {127}
[TEST] {77} tested=14/14 | kept=14 | rest=435
[WARN] batch start failed | size=13 {79} | split=3 {128} + 3 {129} + 3 {130} + 3 {131} + 1 {132}
[TEST] {72} tested=14/14 | kept=0 | rest=423
[WARN] batch start failed | size=14 {81} | split=3 {133} + 3 {134} + 3 {135} + 3 {136} + 2 {137}
[TEST] {73} tested=13/13 | kept=0 | rest=347
[TEST] {74} tested=14/14 | kept=0 | rest=333
[WARN] batch start failed | size=14 {82} | split=3 {138} + 3 {139} + 3 {140} + 3 {141} + 2 {142}
[TEST] {76} tested=14/14 | kept=13 | rest=329
[TEST] {78} tested=14/14 | kept=12 | rest=318
[TEST] {80} tested=14/14 | kept=0 | rest=309
[WARN] batch start failed | size=14 {89} | split=3 {143} + 3 {144} + 3 {145} + 3 {146} + 2 {147}
[TEST] {83} tested=14/14 | kept=0 | rest=272
[TEST] {84} tested=14/14 | kept=7 | rest=263
[TEST] {85} tested=13/13 | kept=1 | rest=247
[WARN] batch start failed | size=14 {94} | split=3 {148} + 3 {149} + 3 {150} + 3 {151} + 2 {152}
[TEST] {87} tested=14/14 | kept=9 | rest=242
[TEST] {95} tested=14/14 | kept=0 | rest=222
[TEST] {86} tested=14/14 | kept=1 | rest=218
[TEST] {88} tested=14/14 | kept=3 | rest=196
[TEST] {96} tested=14/14 | kept=0 | rest=179
[TEST] {98} tested=3/3 | kept=0 | rest=176
[TEST] {90} tested=14/14 | kept=7 | rest=170
[TEST] {91} tested=13/13 | kept=2 | rest=161
[WARN] batch start failed | size=3 {101} | split=1 {153} + 1 {154} + 1 {155}
[TEST] {102} tested=2/2 | kept=0 | rest=159
[TEST] {103} tested=3/3 | kept=0 | rest=156
[WARN] batch start failed | size=3 {105} | split=1 {156} + 1 {157} + 1 {158}
[TEST] {93} tested=14/14 | kept=0 | rest=150
[TEST] {92} tested=14/14 | kept=0 | rest=140
[TEST] {97} tested=13/13 | kept=0 | rest=139
[WARN] batch start failed | size=3 {108} | split=1 {159} + 1 {160} + 1 {161}
[TEST] {99} tested=3/3 | kept=0 | rest=138
[WARN] batch start failed | size=3 {111} | split=1 {162} + 1 {163} + 1 {164}
[TEST] {100} tested=3/3 | kept=0 | rest=137
[WARN] batch start failed | size=2 {112} | split=1 {165} + 1 {166}
[TEST] {106} tested=3/3 | kept=0 | rest=134
[TEST] {104} tested=3/3 | kept=0 | rest=132
[WARN] batch start failed | size=3 {114} | split=1 {167} + 1 {168} + 1 {169}
[TEST] {107} tested=2/2 | kept=0 | rest=129
[TEST] {113} tested=3/3 | kept=0 | rest=126
[TEST] {118} tested=3/3 | kept=2 | rest=123
[TEST] {109} tested=3/3 | kept=0 | rest=120
[TEST] {119} tested=3/3 | kept=2 | rest=115
[TEST] {110} tested=3/3 | kept=0 | rest=112
[WARN] batch start failed | size=3 {121} | split=1 {170} + 1 {171} + 1 {172}
[WARN] batch start failed | size=2 {122} | split=1 {173} + 1 {174}
[WARN] batch start failed | size=3 {123} | split=1 {175} + 1 {176} + 1 {177}
[TEST] {126} tested=3/3 | kept=2 | rest=108
[TEST] {115} tested=3/3 | kept=0 | rest=105
[WARN] batch start failed | size=3 {124} | split=1 {178} + 1 {179} + 1 {180}
[WARN] batch start failed | size=3 {128} | split=1 {181} + 1 {182} + 1 {183}
[TEST] {127} tested=2/2 | kept=2 | rest=103
[TEST] {131} tested=3/3 | kept=3 | rest=99
[TEST] {116} tested=3/3 | kept=0 | rest=95
[TEST] {117} tested=2/2 | kept=0 | rest=92
[TEST] {120} tested=3/3 | kept=2 | rest=90
[TEST] {130} tested=3/3 | kept=3 | rest=88
[TEST] {129} tested=3/3 | kept=3 | rest=87
[TEST] {125} tested=3/3 | kept=2 | rest=86
[WARN] batch start failed | size=2 {137} | split=1 {184} + 1 {185}
[WARN] batch start failed | size=3 {138} | split=1 {186} + 1 {187} + 1 {188}
[TEST] {132} tested=1/1 | kept=0 | rest=83
[TEST] {133} tested=3/3 | kept=0 | rest=80
[TEST] {141} tested=3/3 | kept=0 | rest=77
[TEST] {134} tested=3/3 | kept=0 | rest=74
[TEST] {135} tested=3/3 | kept=0 | rest=70
[TEST] {136} tested=3/3 | kept=1 | rest=68
[TEST] {139} tested=3/3 | kept=0 | rest=63
[TEST] {142} tested=2/2 | kept=0 | rest=62
[WARN] batch start failed | size=2 {147} | split=1 {189} + 1 {190}
[TEST] {140} tested=3/3 | kept=0 | rest=59
[TEST] {144} tested=3/3 | kept=0 | rest=57
[TEST] {152} tested=2/2 | kept=0 | rest=54
[TEST] {151} tested=3/3 | kept=0 | rest=51
[TEST] {143} tested=3/3 | kept=0 | rest=50
[TEST] {145} tested=3/3 | kept=0 | rest=47
[WARN] batch start failed | size=3 {150} | split=1 {191} + 1 {192} + 1 {193}
[DROP] name=[Epodonios] vless-85 {153} | server=31.57.185.92:8080 | reason=Parse config error: proxy 0: 'reality-opts' has unset fields: public-key
[TEST] {154} tested=1/1 | kept=0 | rest=44
[REPAIR] name=[Pawdroid-SS-APK] United+Kingdom-3 {157} | fields=cipher
[TEST] {158} tested=1/1 | kept=0 | rest=43
[REPAIR] name=[ChromeGO-ShiteThings] hysteria-5 {159} | fields=up,down
[TEST] {146} tested=3/3 | kept=0 | rest=40
[TEST] {155} tested=1/1 | kept=0 | rest=39
[TEST] {161} tested=1/1 | kept=0 | rest=38
[TEST] {149} tested=3/3 | kept=1 | rest=37
[REPAIR] name=[ChromeGO-Merge] United {164} | fields=up,down
[REPAIR] name=[ChromeGO-Merge] France_hysteria_1 {165} | fields=up,down
[REPAIR] name=[ChromeGO-Merge] United-2 {166} | fields=up,down
[TEST] {148} tested=3/3 | kept=0 | rest=36
[TEST] {156} tested=1/1 | kept=0 | rest=35
[REPAIR] name=[ChromeGO-Merge] WARP {167} | fields=dialer-proxy
[TEST] {157} tested=1/1 | kept=0 | rest=34
[REPAIR] name=[ChromeGO-ShiteThings] hysteria {171} | fields=up,down
[REPAIR] name=[ChromeGO-ShiteThings] hysteria-2 {172} | fields=up,down
[TEST] {171} tested=1/1 | kept=0 | rest=33
[TEST] {160} tested=1/1 | kept=0 | rest=32
[TEST] {159} tested=1/1 | kept=0 | rest=31
[TEST] {162} tested=1/1 | kept=0 | rest=30
[REPAIR] name=[ChromeGO-ShiteThings] hysteria-3 {173} | fields=up,down
[REPAIR] name=[ChromeGO-ShiteThings] hysteria-4 {174} | fields=up,down
[TEST] {163} tested=1/1 | kept=0 | rest=29
[TEST] {172} tested=1/1 | kept=0 | rest=28
[REPAIR] name=[ChromeGO-Merge] France {177} | fields=up,down
[TEST] {175} tested=1/1 | kept=0 | rest=27
[REPAIR] name=[ChromeGO-Merge] Taiwan {176} | fields=up,down
[REPAIR] name=[ChromeGO-Merge] United-5 {180} | fields=up,down
[REPAIR] name=[ChromeGO-Merge] Taiwan-2 {179} | fields=up,down
[TEST] {173} tested=1/1 | kept=0 | rest=26
[REPAIR] name=[ChromeGO-Merge] United-4 {178} | fields=up,down
[TEST] {176} tested=1/1 | kept=0 | rest=25
[REPAIR] name=[Pawdroid-SR-APK] United+Kingdom-25 {182} | fields=cipher
[TEST] {170} tested=1/1 | kept=0 | rest=24
[TEST] {179} tested=1/1 | kept=0 | rest=23
[TEST] {174} tested=1/1 | kept=0 | rest=22
[REPAIR] name=[Epodonios] EPODONIOS-144 {185} | fields=cipher
[REPAIR] name=[Epodonios] EPODONIOS-143 {184} | fields=cipher
[TEST] {181} tested=1/1 | kept=1 | rest=21
[REPAIR] name=[Epodonios] EPODONIOS-145 {186} | fields=cipher
[TEST] {182} tested=1/1 | kept=1 | rest=20
[TEST] {185} tested=1/1 | kept=1 | rest=19
[TEST] {186} tested=1/1 | kept=0 | rest=18
[TEST] {183} tested=1/1 | kept=1 | rest=17
[REPAIR] name=[Free-clash-v2ray] hysteria {190} | fields=up,down
[TEST] {164} tested=1/1 | kept=0 | rest=16
[TEST] {190} tested=1/1 | kept=0 | rest=15
[TEST] {166} tested=1/1 | kept=0 | rest=14
[TEST] {165} tested=1/1 | kept=0 | rest=13
[TEST] {169} tested=1/1 | kept=0 | rest=12
[TEST] {168} tested=1/1 | kept=0 | rest=11
[DROP] name=[Free-clash-v2ray] 未知 SS-338 | free-nodes {192} | server=192.0.2.1:1 | reason=Parse config error: proxy 0: ss 192.0.2.1:1 cipher: i�5��\x1c�p initialize error: unknown method: i�5��\x1c�p
[TEST] {193} tested=1/1 | kept=0 | rest=9
[TEST] {191} tested=1/1 | kept=1 | rest=8
[TEST] {167} tested=1/1 | kept=0 | rest=7
[TEST] {177} tested=1/1 | kept=0 | rest=6
[TEST] {180} tested=1/1 | kept=0 | rest=5
[TEST] {178} tested=1/1 | kept=0 | rest=4
[TEST] {184} tested=1/1 | kept=0 | rest=3
[TEST] {187} tested=1/1 | kept=0 | rest=2
[TEST] {188} tested=1/1 | kept=0 | rest=1
[TEST] {189} tested=1/1 | kept=0 | rest=0
[DROP] dropped=3 | [ChromeGO-Toolkit] × 1 | [Epodonios] × 1 | [Free-clash-v2ray] × 1
============================================================
[CAP] source=[免费节点2] | from=258 | to=50
[CAP] source=[Mibei77-RSS] | from=53 | to=50
[CAP] source=[免费节点8] | from=101 | to=50
[CAP] source=[Pawdroid-SR-APK] | from=528 | to=50
[CAP] source=[Pawdroid-SS-APK] | from=264 | to=50
[CAP] source=[Epodonios] | from=90 | to=50
[CAP] source=[Free-clash-v2ray] | from=1337 | to=50
[CAP] source=[V2rayclashfree-RSS] | from=516 | to=50
[CAP] total | from=623 | to=400 | floor=5 | by=health_score
[CAP] reserved=107 | pool=516 | taken=293
[CAP] source=[免费节点3] | from=28 | to=5
[CAP] source=[Mibei77-RSS] | from=50 | to=5
[CAP] source=[Yoyapai-RSS] | from=25 | to=18
[CAP] source=[NekoWarp] | from=10 | to=5
[CAP] source=[免费节点4] | from=28 | to=15
[CAP] source=[免费节点1] | from=38 | to=6
[CAP] source=[免费节点8] | from=50 | to=18
[CAP] source=[免费节点10] | from=23 | to=7
[CAP] source=[免费节点11] | from=26 | to=5
[CAP] source=[ChromeGO-ShiteThings] | from=7 | to=5
[CAP] source=[1VPN-CRX] | from=16 | to=5
[CAP] source=[Epodonios] | from=50 | to=34
============================================================
+------------------------------+--------+--------+------+--------+
| source                       |    raw | unique | live | capped |
+------------------------------+--------+--------+------+--------+
| [大FQ运动]                   |     18 |     18 |    4 |      4 |
+------------------------------+--------+--------+------+--------+
| [Pawdroid]                   |     10 |      9 |    2 |      2 |
+------------------------------+--------+--------+------+--------+
| [FreeV2-Base64]              |      2 |      2 |    2 |      2 |
+------------------------------+--------+--------+------+--------+
| [Bocchi2b-Base64]            |     35 |     35 |    0 |      0 |
+------------------------------+--------+--------+------+--------+
| [Freesocks]                  |      4 |      4 |    3 |      3 |
+------------------------------+--------+--------+------+--------+
| [NekoWarp]                   |     10 |     10 |   10 |      5 |
+------------------------------+--------+--------+------+--------+
| [OpenRunner-RSS]             |     14 |     14 |    1 |      1 |
+------------------------------+--------+--------+------+--------+
| [V2Rayshare-RSS]             |     22 |     22 |    0 |      0 |
+------------------------------+--------+--------+------+--------+
| [Mibei77-RSS]                |    125 |    112 |   53 |      5 |
+------------------------------+--------+--------+------+--------+
| [Yoyapai-RSS]                |    295 |    288 |   25 |     18 |
+------------------------------+--------+--------+------+--------+
| [免费节点1]                  |    174 |     95 |   38 |      6 |
+------------------------------+--------+--------+------+--------+
| [免费节点2]                  |    562 |    530 |  258 |     50 |
+------------------------------+--------+--------+------+--------+
| [免费节点3]                  |     70 |     37 |   28 |      5 |
+------------------------------+--------+--------+------+--------+
| [免费节点4]                  |    374 |    207 |   28 |     15 |
+------------------------------+--------+--------+------+--------+
| [免费节点5]                  |     29 |     28 |    0 |      0 |
+------------------------------+--------+--------+------+--------+
| [免费节点6]                  |    566 |    553 |    1 |      1 |
+------------------------------+--------+--------+------+--------+
| [免费节点7]                  |     63 |      6 |    2 |      2 |
+------------------------------+--------+--------+------+--------+
| [免费节点8]                  |   4257 |   3667 |  101 |     18 |
+------------------------------+--------+--------+------+--------+
| [免费节点9]                  |    615 |    454 |    0 |      0 |
+------------------------------+--------+--------+------+--------+
| [免费节点10]                 |   4634 |   3089 |   23 |      7 |
+------------------------------+--------+--------+------+--------+
| [免费节点11]                 |    700 |    307 |   26 |      5 |
+------------------------------+--------+--------+------+--------+
| [ChromeGO-Toolkit]           |     20 |     18 |    2 |      2 |
+------------------------------+--------+--------+------+--------+
| [ChromeGO-ShiteThings]       |     31 |     25 |    7 |      5 |
+------------------------------+--------+--------+------+--------+
| [ChromeGO-Merge]             |    253 |     74 |    0 |      0 |
+------------------------------+--------+--------+------+--------+
| [Pawdroid-SR-APK]            |   1100 |    656 |  528 |     50 |
+------------------------------+--------+--------+------+--------+
| [Pawdroid-SS-APK]            |   1477 |   1121 |  264 |     50 |
+------------------------------+--------+--------+------+--------+
| [1VPN-CRX]                   |     17 |     17 |   16 |      5 |
+------------------------------+--------+--------+------+--------+
| [Clashfree]                  |    413 |     54 |    5 |      5 |
+------------------------------+--------+--------+------+--------+
| [Epodonios]                  |   4150 |   3283 |   90 |     34 |
+------------------------------+--------+--------+------+--------+
| [Free-clash-v2ray]           |   3285 |   2033 | 1337 |     50 |
+------------------------------+--------+--------+------+--------+
| [V2rayclashfree-RSS]         |   3406 |   1073 |  516 |     50 |
+------------------------------+--------+--------+------+--------+
============================================================
[SUMMARY] collected=26731 | candidates=17841 | kept=400 | avg=399.08ms
[SUMMARY] geo | HK=51 | JP=89 | KR=19 | TW=11 | SG=14 | US=59 | GB=1 | FR=69 | DE=1 | NL=11 | CA=6 | other=69
[SUMMARY] score | max=833.4157 | p90=107.6932 | p50=83.6267 | avg=85.2385 | min=0.0406 | geo_avg=29.9330 | adj_avg=+10.7674
============================================================
[WRITTEN] file=clash | path=/home/runner/work/Free-node-autotest/Free-node-autotest/output/clash.yaml | history=797389889969-clash-0030-20261011.yaml | proxies=400
[WRITTEN] file=raw | path=/home/runner/work/Free-node-autotest/Free-node-autotest/output/raw.yaml | history=797389889969-raw-0030-20261011.yaml | proxies=26733
[WRITTEN] file=debug | path=/home/runner/work/Free-node-autotest/Free-node-autotest/history/797389889969-debug-0030-20261011.log | proxies=26758
