============================================================
[INFO] sublink try page | url=https://end-gfw.com
[OK] proxies=2 | new=2 | url=https://raw.githubusercontent.com/hello-world-1989/cn-news/refs/heads/main/clash.yaml
[OK] proxies=2 | new=0 | url=https://raw.githubusercontent.com/hello-world-1989/cn-news/main/end-gfw-together
[OK] proxies=2 | new=2 | url=https://raw.githubusercontent.com/hello-world-1989/cn-news/main/end-gfw-together-ss
[INFO] source try link | url=https://end-gfw.com/ss-key
[OK] proxies=4 | new=4 | url=https://end-gfw.com/ss-key
[INFO] sublink try repo | url=https://github.com/hello-world-1989/cn-news
[INFO] sublink try page | url=https://raw.githubusercontent.com/hello-world-1989/cn-news/main/README.md
[OK] proxies=6 | new=6 | url=https://raw.githubusercontent.com/hello-world-1989/v2-sub/main/end-gfw-together-af3e13
[OK] proxies=14 | source=[大FQ运动] | url=https://raw.githubusercontent.com/hello-world-1989/cn-news/main/README.md
============================================================
[INFO] sublink try repo | url=https://github.com/Pawdroid/Free-servers
[INFO] sublink try page | url=https://raw.githubusercontent.com/Pawdroid/Free-servers/main/README.md
[OK] proxies=20 | new=20 | url=https://raw.githubusercontent.com/Pawdroid/Free-servers/main/README.md
[OK] proxies=20 | new=0 | url=https://raw.githubusercontent.com/Pawdroid/Free-servers/main/sub
[OK] proxies=1 | new=1 | url=https://apps.apple.com/cn/app/shadowshare/id1612647259
[OK] proxies=1 | new=1 | url=http://www.surflare.com
[OK] proxies=22 | source=[Pawdroid] | url=https://raw.githubusercontent.com/Pawdroid/Free-servers/main/README.md
============================================================
[INFO] source try link | url=https://xmxosfepggzm.503403.xyz
[OK] proxies=3 | new=3 | url=https://xmxosfepggzm.503403.xyz
[OK] proxies=3 | source=[FreeV2-Base64] | url=https://xmxosfepggzm.503403.xyz
============================================================
[INFO] source try link | url=https://links.bocchi2b.top/clash
[OK] proxies=35 | new=35 | url=https://links.bocchi2b.top/clash
[OK] proxies=35 | source=[Bocchi2b-Base64] | url=https://links.bocchi2b.top/clash
============================================================
[INFO] toolkit try repo | url=https://github.com/bannedbook/fanqiang
[INFO] toolkit try release | url=https://github.com/bannedbook/fanqiang/releases
[INFO] toolkit try release | url=https://github.com/bannedbook/fanqiang/releases/expanded_assets/ChromeGo-latest
[INFO] toolkit try download | url=https://github.com/bannedbook/fanqiang/releases/download/ChromeGo-latest/ChromeGo.7z
[OK] toolkit downloaded | file=ChromeGo.7z | bytes=100924352
[OK] toolkit extracted | archive=ChromeGo.7z | tool=7z | files=222 | dirs=45
[OK] toolkit discovered | subs=107 | embedded=12 | archive=ChromeGo.7z
[OK] proxies=6 | new=6 | embedded=archive-config
[OK] proxies=3 | new=3 | url=https://gitlab.com/free9999/ipupdate/master/backup/img/1/2/{ipp|ip}/clash.meta2/{5|6|3|1|4|2}/config.yaml
[OK] proxies=3 | new=0 | url=https://www.67867867.xyz/Alvin9999/PAC/refs/heads/master/backup/img/1/2/{ipp|ip}/clash.meta2/{5|6|3|1|4|2}/config.yaml
[OK] proxies=7 | new=5 | url=https://gitlab.com/free9999/ipupdate/master/backup/img/1/2/{ipp|ip}/{hysteria2|singbox|naiveproxy|hysteria|xray}/{3|1|4|2}/config.json
[OK] proxies=7 | new=0 | url=https://www.67867867.xyz/Alvin9999/PAC/refs/heads/master/backup/img/1/2/{ipp|ip}/{hysteria2|singbox|naiveproxy|hysteria|xray}/{3|1|4|2}/config.json
[OK] proxies=14 | source=[ChromeGO-Toolkit] | url=https://github.com/bannedbook/fanqiang/releases/download/ChromeGo-latest/ChromeGo.7z
============================================================
[INFO] sublink try repo | url=https://github.com/ShiteThings/extractNodes
[INFO] sublink try page | url=https://raw.githubusercontent.com/ShiteThings/extractNodes/main/README.md
[OK] proxies=31 | new=30 | url=https://{chg26.makou.cc.cd|chg64.makou.cc.cd}
[OK] proxies=26 | new=1 | url=https://chg26.makou.cc.cd/sb
[OK] proxies=31 | source=[ChromeGO-ShiteThings] | url=https://raw.githubusercontent.com/ShiteThings/extractNodes/main/README.md
============================================================
[INFO] sublink try repo | url=https://github.com/shangui999/chromego_merge
[INFO] sublink try page | url=https://raw.githubusercontent.com/shangui999/chromego_merge/master/ReadMe.md
[OK] proxies=10 | new=10 | url=https://freedman.netlify.app/sub/merged_proxies_new.yaml
[OK] proxies=11 | new=1 | url=https://freedman.netlify.app/sub/merged_warp_proxies_new.yaml
[OK] proxies=11 | new=6 | url=https://freedman.netlify.app/sub/shadowrocket_base64.txt
[OK] proxies=16 | new=16 | url=https://freedman.netlify.app/sub/sb.json
[INFO] sublink try repo | url=https://github.com/yaney01/chromego
[INFO] sublink try page | url=https://raw.githubusercontent.com/yaney01/chromego/main/ReadMe.md
[OK] proxies=50 | new=46 | url=https://raw.githubusercontent.com/yaney01/chromego/main/sub/merged_proxies_new.yaml
[OK] proxies=51 | new=0 | url=https://raw.githubusercontent.com/yaney01/chromego/main/sub/merged_warp_proxies_new.yaml
[OK] proxies=13 | new=7 | url=https://raw.githubusercontent.com/yaney01/chromego/main/sub/shadowrocket_base64.txt
[OK] proxies=13 | new=0 | url=https://raw.githubusercontent.com/yaney01/chromego/main/sub/sb.json
[INFO] sublink try repo | url=https://github.com/Misaka-blog/chromego_merge
[INFO] sublink try page | url=https://raw.githubusercontent.com/Misaka-blog/chromego_merge/main/README.md
[OK] proxies=21 | new=21 | url=https://chromego-sub.netlify.app/sub/merged_proxies_new.yaml
[OK] proxies=107 | source=[ChromeGO-Merge] | url=https://raw.githubusercontent.com/Misaka-blog/chromego_merge/main/README.md
============================================================
[INFO] source try link | url=https://freesocks.org/api/v1/sub/02b897e8e77f19176b0b9f2c75864b00
[OK] proxies=1 | new=1 | url=https://freesocks.org/api/v1/sub/02b897e8e77f19176b0b9f2c75864b00
[OK] proxies=1 | source=[Freesocks] | url=https://freesocks.org/api/v1/sub/02b897e8e77f19176b0b9f2c75864b00
============================================================
[INFO] source try link | url=https://neko-warp.nloli.xyz/neko_warp.yaml
[OK] proxies=10 | new=10 | url=https://neko-warp.nloli.xyz/neko_warp.yaml
[OK] proxies=10 | source=[NekoWarp] | url=https://neko-warp.nloli.xyz/neko_warp.yaml
============================================================
[INFO] toolkit try chrome | url=https://chromewebstore.google.com/detail/free-vpn-proxy-1vpn/akcocjjpkmlniicdeemdceeajlmoabhg
[INFO] toolkit try download | url=https://clients2.google.com/service/update2/crx?response=redirect&prodversion=131.0.6778.0&acceptformat=crx2,crx3&x=id%3dakcocjjpkmlniicdeemdceeajlmoabhg%26uc
[OK] toolkit downloaded | file=free-vpn-proxy-1vpn.crx | bytes=1627904
[OK] toolkit extracted | archive=free-vpn-proxy-1vpn.crx | tool=zipfile | files=68 | dirs=57
[OK] toolkit 1vpn-crx scanned | hosts=17 | keys=1 | archive=free-vpn-proxy-1vpn.crx
[OK] proxies=17 | source=[1VPN-CRX] | url=https://clients2.google.com/service/update2/crx?response=redirect&prodversion=131.0.6778.0&acceptformat=crx2,crx3&x=id%3dakcocjjpkmlniicdeemdceeajlmoabhg%26uc
============================================================
[INFO] article try feed | url=https://free.datiya.com/index.xml
[INFO] sublink try page | url=https://free.datiya.com/post/20260926/
[OK] proxies=11 | new=11 | url=https://free.datiya.com/uploads/20260926-clash.yaml
[OK] proxies=11 | source=[OpenRunner-RSS] | url=https://free.datiya.com/post/20260926/
============================================================
[INFO] article try feed | url=https://v2rayshare.com/feed
[INFO] sublink try page | url=https://v2rayshare.com/p/4097.html
[INFO] sublink try repo | url=https://github.com/firefoxmmx2/v2rayshare_subcription
[INFO] sublink try page | url=https://raw.githubusercontent.com/firefoxmmx2/v2rayshare_subcription/main/README.md
[OK] proxies=22 | new=22 | url=https://{raw.githubusercontent.com|cdn.jsdelivr.net}/firefoxmmx2/v2rayshare_subcription/main/subscription/vray_sub.txt
[OK] proxies=21 | new=0 | url=https://{raw.githubusercontent.com|cdn.jsdelivr.net}/firefoxmmx2/v2rayshare_subcription/main/subscription/clash_sub.yaml
[OK] proxies=22 | new=0 | url=https://{raw.githubusercontent.com|cdn.jsdelivr.net}/firefoxmmx2/v2rayshare_subcription/main/subscription/mihomo_sub.yaml
[OK] proxies=22 | source=[V2Rayshare-RSS] | url=https://raw.githubusercontent.com/firefoxmmx2/v2rayshare_subcription/main/README.md
============================================================
[INFO] article try feed | url=https://www.mibei77.com/feed
[INFO] sublink try page | url=https://www.mibei77.com/695.html
[OK] proxies=109 | new=109 | url=https://mm.mibei77.com/202609/09.2564bacvs.txt
[OK] proxies=108 | new=1 | url=https://mm.mibei77.com/202609/0925Clashizx.yaml
[OK] proxies=110 | source=[Mibei77-RSS] | url=https://www.mibei77.com/695.html
============================================================
[INFO] article try feed | url=https://yoyapai.com/feed
[INFO] sublink try page | url=https://yoyapai.com/734
[OK] proxies=1 | new=1 | url=https://yoyapai.com/734
[OK] proxies=225 | new=225 | url=https://freenode.yoyapai.com/2026/09/25-yoyapai.com-clashvpnmianfeijiedian.yaml
[OK] proxies=225 | new=0 | url=https://freenode.yoyapai.com/2026/09/25-yoyapai.com-ssrv2rayvpnmianfeijiedian.txt
[OK] proxies=226 | source=[Yoyapai-RSS] | url=https://yoyapai.com/734
============================================================
[INFO] sublink try repo | url=https://github.com/free18/v2ray
[INFO] sublink try page | url=https://raw.githubusercontent.com/free18/v2ray/main/README.md
[OK] proxies=3 | new=3 | url=https://raw.githubusercontent.com/free18/v2ray/main/README.md
[OK] proxies=166 | new=166 | url=https://ghfast.top/https://raw.githubusercontent.com/free18/v2ray/refs/heads/main/v.txt
[OK] proxies=166 | new=0 | url=https://ghfast.top/https://raw.githubusercontent.com/free18/v2ray/refs/heads/main/c.yaml
[OK] proxies=169 | source=[免费节点1] | url=https://raw.githubusercontent.com/free18/v2ray/main/README.md
============================================================
[INFO] sublink try repo | url=https://github.com/ermaozi/get_subscribe
[INFO] sublink try page | url=https://raw.githubusercontent.com/ermaozi/get_subscribe/main/README.md
[INFO] sublink file_nodes=0 | bare links=9
[OK] proxies=369 | new=369 | url=https://www.ermao.net/sub/{clash|v2ray}/ermao.net
[OK] proxies=369 | new=0 | url=https://www.ermao.net/sub/{reachable|unreachable|untested}/clash/ermao.net
[OK] proxies=369 | source=[免费节点2] | url=https://raw.githubusercontent.com/ermaozi/get_subscribe/main/README.md
============================================================
[INFO] sublink try repo | url=https://github.com/sunmiao4458/free-proxy-airport
[INFO] sublink try page | url=https://raw.githubusercontent.com/sunmiao4458/free-proxy-airport/main/README.md
[OK] proxies=27 | new=27 | url=https://sunmiao4458.github.io/free-proxy-airport/clash.yaml
[OK] proxies=27 | source=[免费节点3] | url=https://raw.githubusercontent.com/sunmiao4458/free-proxy-airport/main/README.md
============================================================
[INFO] sublink try repo | url=https://github.com/mfuu/FreeProxies
[INFO] sublink try page | url=https://raw.githubusercontent.com/mfuu/FreeProxies/master/README.md
[OK] proxies=818 | new=818 | url=https://raw.githubusercontent.com/mfuu/FreeProxies/master/sub.yaml
[OK] proxies=818 | source=[免费节点4] | url=https://raw.githubusercontent.com/mfuu/FreeProxies/master/README.md
============================================================
[INFO] sublink try repo | url=https://github.com/vxiaov/free_proxies
[INFO] sublink try page | url=https://raw.githubusercontent.com/vxiaov/free_proxies/main/README.md
[OK] proxies=1 | new=1 | url=https://raw.githubusercontent.com/vxiaov/free_proxies/main/README.md
[OK] proxies=28 | new=28 | url=https://{cdn.jsdelivr.net|raw.githubusercontent.com}/vxiaov/free_proxies/main/clash/clash.provider.yaml
[OK] proxies=29 | source=[免费节点5] | url=https://raw.githubusercontent.com/vxiaov/free_proxies/main/README.md
============================================================
[INFO] sublink try repo | url=https://github.com/anaer/Sub
[INFO] sublink try page | url=https://raw.githubusercontent.com/anaer/Sub/main/README.MD
[OK] proxies=1653 | new=1653 | url=https://anaer.github.io/Sub/clash.yaml
[OK] proxies=1653 | new=0 | url=https://raw.githubusercontent.com/anaer/Sub/main/clash.yaml
[OK] proxies=1653 | source=[免费节点6] | url=https://raw.githubusercontent.com/anaer/Sub/main/README.MD
============================================================
[INFO] sublink try repo | url=https://github.com/snakem982/proxypool
[INFO] sublink try page | url=https://raw.githubusercontent.com/snakem982/proxypool/main/README.md
[OK] proxies=64 | new=64 | url=https://raw.githubusercontent.com/snakem982/proxypool/main/source/clash-meta-2.yaml
[OK] proxies=61 | new=0 | url=https://raw.githubusercontent.com/snakem982/proxypool/main/source/v2ray-2.txt
[OK] proxies=60 | new=0 | url=https://raw.githubusercontent.com/snakem982/proxypool/main/source/sing-box-2.json
[OK] proxies=64 | source=[免费节点7] | url=https://raw.githubusercontent.com/snakem982/proxypool/main/README.md
============================================================
[INFO] sublink try repo | url=https://github.com/mahdibland/V2RayAggregator
[INFO] sublink try page | url=https://raw.githubusercontent.com/mahdibland/V2RayAggregator/master/README.md
[OK] proxies=375 | new=375 | url=https://raw.githubusercontent.com/mahdibland/V2RayAggregator/master/README.md
[OK] proxies=1 | new=1 | url=https://github.com/mahdibland/SSAggregator/actions/workflows/Collector.yml
[OK] proxies=1 | new=0 | url=https://github.com/mahdibland/SSAggregator/actions/workflows/Airport_Collector.yml
[OK] proxies=193 | new=0 | url=https://raw.githubusercontent.com/mahdibland/ShadowsocksAggregator/master/Eternity.txt
[OK] proxies=194 | new=11 | url=https://raw.githubusercontent.com/mahdibland/ShadowsocksAggregator/master/Eternity.yml
[OK] proxies=61 | new=61 | url=https://raw.githubusercontent.com/mahdibland/ShadowsocksAggregator/master/EternityAir.txt
[OK] proxies=3918 | new=3627 | url=https://raw.githubusercontent.com/mahdibland/SSAggregator/master/sub/sub_merge_base64.txt
[OK] proxies=3918 | new=0 | url=https://raw.githubusercontent.com/mahdibland/{SSAggregator|ShadowsocksAggregator}/master/sub/sub_merge.txt
[OK] proxies=4061 | new=144 | url=https://raw.githubusercontent.com/mahdibland/SSAggregator/master/sub/sub_merge_yaml.yml
[OK] proxies=61 | new=0 | url=https://raw.githubusercontent.com/mahdibland/SSAggregator/master/sub/airport_merge_base64.txt
[OK] proxies=61 | new=0 | url=https://raw.githubusercontent.com/mahdibland/SSAggregator/master/sub/airport_sub_merge.txt
[OK] proxies=1439 | new=0 | url=https://raw.githubusercontent.com/mahdibland/ShadowsocksAggregator/master/sub/splitted/vmess.txt
[OK] proxies=581 | new=0 | url=https://raw.githubusercontent.com/mahdibland/ShadowsocksAggregator/master/sub/splitted/trojan.txt
[OK] proxies=54 | new=0 | url=https://raw.githubusercontent.com/mahdibland/ShadowsocksAggregator/master/sub/splitted/ssr.txt
[OK] proxies=1844 | new=0 | url=https://raw.githubusercontent.com/mahdibland/ShadowsocksAggregator/master/sub/splitted/ss.txt
[OK] proxies=1 | new=0 | url=https://cdn.jsdelivr.net/gh/mahdibland/V2RayAggregator@master/update/provider/provider-meta.yml
[OK] proxies=1 | new=0 | url=https://cdn.jsdelivr.net/gh/mahdibland/V2RayAggregator@master/update/provider/provider-meta-cn.yml
[OK] proxies=1 | new=0 | url=https://cdn.jsdelivr.net/gh/mahdibland/V2RayAggregator@master/update/provider/provider-meta-others.yml
[OK] proxies=1 | new=0 | url=https://cdn.jsdelivr.net/gh/mahdibland/V2RayAggregator@master/update/provider/provider.yml
[OK] proxies=1 | new=0 | url=https://cdn.jsdelivr.net/gh/mahdibland/V2RayAggregator@master/update/provider/provider-cn.yml
[OK] proxies=1 | new=0 | url=https://cdn.jsdelivr.net/gh/mahdibland/V2RayAggregator@master/update/provider/provider-others.yml
[OK] proxies=4219 | source=[免费节点8] | url=https://raw.githubusercontent.com/mahdibland/V2RayAggregator/master/README.md
============================================================
[INFO] sublink try repo | url=https://github.com/w1770946466/Auto_proxy
[INFO] sublink try page | url=https://raw.githubusercontent.com/w1770946466/Auto_proxy/main/README.md
[OK] proxies=1 | new=1 | url=https://github.com/w1770946466/Auto_proxy/actions/workflows/main.yml
[OK] proxies=245 | new=245 | url=https://raw.githubusercontent.com/w1770946466/Auto_proxy/main/{Long_term_subscription2.yaml|Long_term_subscription1.yaml|Long_term_subscription3.yaml}
[OK] proxies=489 | new=54 | url=https://raw.githubusercontent.com/w1770946466/Auto_proxy/main/{Long_term_subscription1|Long_term_subscription2|Long_term_subscription3|Long_term_subscription4|Long_term_subscription5|Long_term_subscription6|Long_term_subscription7|Long_term_subscription8}
[OK] proxies=489 | new=315 | url=https://raw.githubusercontent.com/w1770946466/Auto_proxy/main/Long_term_subscription_num
[OK] proxies=615 | source=[免费节点9] | url=https://raw.githubusercontent.com/w1770946466/Auto_proxy/main/README.md
============================================================
[INFO] sublink try repo | url=https://github.com/PuddinCat/BestClash
[INFO] sublink try page | url=https://raw.githubusercontent.com/PuddinCat/BestClash/main/README.md
[OK] proxies=16 | new=16 | url=https://raw.githubusercontent.com/PuddinCat/BestClash/main/proxies.yaml
[OK] proxies=28 | new=28 | url=https://cdn.jsdelivr.net/gh/vxiaov/free_proxies@main/clash/clash.provider.yaml
[OK] proxies=24 | new=24 | url=https://freenode.openrunner.net/uploads/20240807-clash.yaml
[OK] proxies=21 | new=21 | url=https://raw.githubusercontent.com/Misaka-blog/chromego_merge/main/sub/merged_proxies_new.yaml
[OK] proxies=4800 | new=4774 | url=https://raw.githubusercontent.com/{NiceVPN123|anaer}/{NiceVPN|Sub}/main/{Clash.yaml|clash.yaml}
[OK] proxies=23 | new=2 | url=https://raw.githubusercontent.com/{chengaopan|peasoft}/{AutoMergePublicNodes|NoMoreWalls}/master/list.yml
[OK] proxies=373 | new=343 | url=https://raw.githubusercontent.com/{ermaozi|ermaozi01}/{get_subscribe|free_clash_vpn}/main/subscribe/clash.yml
[OK] proxies=194 | new=158 | url=https://raw.githubusercontent.com/mahdibland/ShadowsocksAggregator/master/Eternity.yml
[OK] proxies=165 | new=160 | url=https://raw.githubusercontent.com/ronghuaxueleng/get_v2/main/pub/combine.yaml
[OK] proxies=144 | new=3 | url=https://raw.githubusercontent.com/zhangkaiitugithub/passcro/main/speednodes.yaml
[OK] proxies=5529 | source=[免费节点10] | url=https://raw.githubusercontent.com/PuddinCat/BestClash/main/README.md
============================================================
[INFO] sublink try repo | url=https://github.com/kooker/FreeSubsCheck
[INFO] sublink try page | url=https://raw.githubusercontent.com/kooker/FreeSubsCheck/main/README.md
[OK] proxies=26 | new=26 | url=https://raw.githubusercontent.com/kooker/FreeSubsCheck/main/mihomo.yaml
[OK] proxies=26 | new=0 | url=https://raw.githubusercontent.com/kooker/FreeSubsCheck/main/all.yaml
[OK] proxies=9 | new=1 | url=https://raw.githubusercontent.com/kooker/FreeSubsCheck/main/base64.txt
[OK] proxies=7 | new=6 | url=https://raw.githubusercontent.com/kooker/FreeSubsCheck/main/byxiaoxi.txt
[OK] proxies=395 | new=389 | url=https://raw.githubusercontent.com/kooker/FreeSubsCheck/main/kooker.jp.txt
[OK] proxies=422 | source=[免费节点11] | url=https://raw.githubusercontent.com/kooker/FreeSubsCheck/main/README.md
============================================================
[INFO] toolkit try repo | url=https://github.com/Pawdroid/shadowrocket_for_android
[INFO] toolkit try release | url=https://github.com/Pawdroid/shadowrocket_for_android/releases
[INFO] toolkit try release | url=https://github.com/Pawdroid/shadowrocket_for_android/releases/expanded_assets/10.10.55
[INFO] toolkit try download | url=https://github.com/Pawdroid/shadowrocket_for_android/releases/download/10.10.55/Shadowrocket_10.10.55_shadowrocketStandard_arm64-v8a.apk
[OK] toolkit downloaded | file=Shadowrocket_10.10.55_shadowrocketStandard_arm64-v8a.apk | bytes=41449171
[OK] toolkit extracted | archive=Shadowrocket_10.10.55_shadowrocketStandard_arm64-v8a.apk | tool=zipfile | files=1179 | dirs=44
[OK] toolkit sr-apk scanned | prefixes=38 | files=6 | keys=2 | archive=Shadowrocket_10.10.55_shadowrocketStandard_arm64-v8a.apk
[OK] proxies=1127 | new=1127 | url=https://{cdn.jsdelivr.net|raw.githubusercontent.com}/pixelor/ecfg/main/data/ecfg6_zh
[OK] proxies=1266 | new=196 | url=https://{cdn.jsdelivr.net|raw.githubusercontent.com}/pixelor/ecfg/main/data/ecfg6_en
[OK] proxies=168 | new=62 | url=https://{cdn.jsdelivr.net|raw.githubusercontent.com}/pixelor/ecfg/main/data/ecfg6
[OK] proxies=150 | new=0 | url=https://{files.shadowrockets.app|cdn.shadowrockets.app}/ecfg/data/ecfg6
[OK] proxies=952 | new=0 | url=https://{files.shadowrockets.app|cdn.shadowrockets.app}/ecfg/data/ecfg6_en
[OK] proxies=952 | new=0 | url=https://{files.shadowrockets.app|cdn.shadowrockets.app}/ecfg/data/ecfg6_zh
[OK] proxies=1385 | source=[Pawdroid-SR-APK] | url=https://github.com/Pawdroid/shadowrocket_for_android/releases/download/10.10.55/Shadowrocket_10.10.55_shadowrocketStandard_arm64-v8a.apk
============================================================
[INFO] toolkit try page | url=https://shadowshare.v2cross.com
[INFO] toolkit try download | url=https://shadowshare.v2cross.com/shadowshare.apk
[OK] toolkit downloaded | file=shadowshare.apk | bytes=62868122
[OK] toolkit extracted | archive=shadowshare.apk | tool=zipfile | files=612 | dirs=39
[OK] toolkit ss-apk scanned | prefixes=10 | files=3 | keys=1 | archive=shadowshare.apk
[OK] proxies=203 | new=177 | url=https://{raw.githubusercontent.com|jsd.onmicrosoft.cn}/hideme9527/ecsfg/main/data/sareserver
[OK] proxies=1386 | new=1308 | url=https://{raw.githubusercontent.com|jsd.onmicrosoft.cn}/hideme9527/ecsfg/main/data/sareserver_en
[OK] proxies=109 | new=0 | url=https://{shadowsharing.com|sare.159236.xyz}/data/sareserver
[OK] proxies=1386 | new=0 | url=https://{shadowsharing.com|sare.159236.xyz}/data/sareserver_en
[OK] proxies=109 | new=0 | url=https://gitee.com/api/v5/repos/{guoyoucai1|elvenapp|zhiminghao}/ecsfg/raw/data/sareserver
[OK] proxies=1386 | new=0 | url=https://gitee.com/api/v5/repos/{zhiminghao|guoyoucai1|elvenapp}/ecsfg/raw/data/sareserver_en
[OK] proxies=1485 | source=[Pawdroid-SS-APK] | url=https://shadowshare.v2cross.com/shadowshare.apk
============================================================
[INFO] sublink try repo | url=https://github.com/free-nodes/clashfree
[INFO] sublink try page | url=https://raw.githubusercontent.com/free-nodes/clashfree/main/README.md
[OK] proxies=188 | new=188 | url=https://raw.githubusercontent.com/free-nodes/clashfree/main/README.md
[OK] proxies=188 | new=0 | url=https://raw.githubusercontent.com/free-nodes/clashfree/main/clash20260926.yml
[OK] proxies=1 | new=1 | url=https://github.com/free-nodes/clashfree/blob/main/clash20260926.yml
[OK] proxies=189 | source=[Clashfree] | url=https://raw.githubusercontent.com/free-nodes/clashfree/main/README.md
============================================================
[INFO] sublink try repo | url=https://github.com/Epodonios/v2ray-configs
[INFO] sublink try page | url=https://raw.githubusercontent.com/Epodonios/v2ray-configs/main/README.md
[OK] proxies=1 | new=1 | url=https://github.com/Epodonios/V2ray-Configs/actions/workflows/main.yml
[OK] proxies=4100 | new=4100 | url=https://github.com/Epodonios/v2ray-configs/raw/main/All_Configs_Sub.txt
[OK] proxies=4100 | new=0 | url=https://github.com/Epodonios/v2ray-configs/raw/main/All_Configs_base64_Sub.txt
[OK] proxies=3422 | new=171 | url=https://github.com/Epodonios/v2ray-configs/raw/main/Splitted-By-Protocol/vless.txt
[OK] proxies=182 | new=2 | url=https://github.com/Epodonios/v2ray-configs/raw/main/Splitted-By-Protocol/vmess.txt
[OK] proxies=369 | new=2 | url=https://github.com/Epodonios/v2ray-configs/raw/main/Splitted-By-Protocol/ss.txt
[OK] proxies=3 | new=0 | url=https://github.com/Epodonios/v2ray-configs/raw/main/Splitted-By-Protocol/ssr.txt
[OK] proxies=169 | new=3 | url=https://github.com/Epodonios/v2ray-configs/raw/main/Splitted-By-Protocol/trojan.txt
[OK] proxies=4100 | new=0 | url=https://raw.githubusercontent.com/Epodonios/v2ray-configs/main/{Sub1.txt|Sub2.txt|Sub3.txt|Sub4.txt|Sub5.txt|Sub6.txt|Sub7.txt|Sub8.txt}
[OK] proxies=4279 | source=[Epodonios] | url=https://raw.githubusercontent.com/Epodonios/v2ray-configs/main/README.md
============================================================
[INFO] sublink try repo | url=https://github.com/free-clash-v2ray/free-clash-v2ray.github.io
[INFO] sublink try page | url=https://raw.githubusercontent.com/free-clash-v2ray/free-clash-v2ray.github.io/main/README.md
[OK] proxies=3279 | new=3279 | url=https://free-clash-v2ray.github.io/uploads/2026/09/{0-20260920.yaml|1-20260920.yaml|2-20260920.yaml|3-20260920.yaml}
[OK] proxies=4810 | new=1941 | url=https://free-clash-v2ray.github.io/uploads/2026/09/{0-20260920.txt|1-20260920.txt|2-20260920.txt|3-20260920.txt|4-20260920.txt}
[OK] proxies=5220 | source=[Free-clash-v2ray] | url=https://raw.githubusercontent.com/free-clash-v2ray/free-clash-v2ray.github.io/main/README.md
============================================================
[INFO] article try page | url=https://v2rayclashfree.com
[INFO] sublink try page | url=https://v2rayclashfree.com/fn/20260926.html
[OK] proxies=788 | new=788 | url=https://v2rayclashfree.com/sub/20260926-v2ray.txt
[OK] proxies=773 | new=376 | url=https://v2rayclashfree.com/sub/20260926-clash.yaml
[OK] proxies=1164 | source=[V2rayclashfree-RSS] | url=https://v2rayclashfree.com/fn/20260926.html
============================================================
[INFO] raw backup written | path=/home/runner/work/Free-node-autotest/Free-node-autotest/output/raw.yaml | proxies=28261
[INFO] toolkit try repo | url=https://github.com/MetaCubeX/mihomo
[INFO] toolkit try release | url=https://github.com/MetaCubeX/mihomo/releases
[INFO] toolkit try release | url=https://github.com/MetaCubeX/mihomo/releases/expanded_assets/v1.19.31
[INFO] toolkit try download | url=https://github.com/MetaCubeX/mihomo/releases/download/v1.19.31/mihomo-linux-amd64-compatible-v1.19.31.gz
[OK] toolkit downloaded | file=mihomo-linux-amd64-compatible-v1.19.31.gz | bytes=22821836
[OK] toolkit hash verified | file=mihomo-linux-amd64-compatible-v1.19.31.gz | sha256=04cf9f09671704f839ddbee2e93069dc831a4123a75281e725d1d96ab9ac1afc
[OK] proxy engine ready, starting latency test | package=mihomo-linux-amd64-compatible-v1.19.31.gz
============================================================
[WARN] batch start failed | size=18089 {1} | split=9044 {2} + 9045 {3}
[WARN] batch start failed | size=9044 {2} | split=4522 {4} + 4522 {5}
[WARN] batch start failed | size=9045 {3} | split=4522 {6} + 4523 {7}
[WARN] batch start failed | size=4522 {4} | split=2261 {8} + 2261 {9}
[WARN] batch start failed | size=4522 {6} | split=2261 {10} + 2261 {11}
[WARN] batch start failed | size=4523 {7} | split=2261 {12} + 2262 {13}
[TEST] {5} tested=100/4522 | kept=0 | rest=17922
[WARN] batch start failed | size=2261 {8} | split=1130 {14} + 1131 {15}
[WARN] batch start failed | size=2261 {11} | split=1130 {16} + 1131 {17}
[TEST] {5} tested=200/4522 | kept=7 | rest=17809
[WARN] batch start failed | size=2261 {10} | split=1130 {18} + 1131 {19}
[TEST] {9} tested=100/2261 | kept=7 | rest=17743
[TEST] {9} tested=200/2261 | kept=14 | rest=17637
[TEST] {9} tested=300/2261 | kept=33 | rest=17515
[TEST] {5} tested=300/4522 | kept=79 | rest=17466
[TEST] {12} tested=100/2261 | kept=1 | rest=17290
[TEST] {5} tested=400/4522 | kept=105 | rest=17192
[TEST] {12} tested=200/2261 | kept=3 | rest=17126
[TEST] {9} tested=400/2261 | kept=41 | rest=16945
[TEST] {9} tested=500/2261 | kept=46 | rest=16839
[TEST] {12} tested=300/2261 | kept=13 | rest=16833
[TEST] {9} tested=600/2261 | kept=53 | rest=16689
[TEST] {12} tested=400/2261 | kept=13 | rest=16576
[TEST] {5} tested=500/4522 | kept=105 | rest=16474
[TEST] {12} tested=500/2261 | kept=14 | rest=16382
[TEST] {9} tested=700/2261 | kept=55 | rest=16258
[TEST] {12} tested=600/2261 | kept=18 | rest=16197
[TEST] {12} tested=700/2261 | kept=22 | rest=16069
[TEST] {9} tested=800/2261 | kept=58 | rest=15976
[TEST] {9} tested=900/2261 | kept=60 | rest=15833
[TEST] {5} tested=600/4522 | kept=105 | rest=15796
[TEST] {12} tested=800/2261 | kept=24 | rest=15769
[TEST] {12} tested=900/2261 | kept=28 | rest=15586
[TEST] {12} tested=1000/2261 | kept=33 | rest=15465
[TEST] {5} tested=700/4522 | kept=105 | rest=15433
[TEST] {9} tested=1000/2261 | kept=62 | rest=15300
[TEST] {12} tested=1100/2261 | kept=35 | rest=15271
[TEST] {12} tested=1200/2261 | kept=50 | rest=15034
[TEST] {9} tested=1100/2261 | kept=111 | rest=15000
[TEST] {5} tested=800/4522 | kept=105 | rest=14888
[TEST] {12} tested=1300/2261 | kept=62 | rest=14827
[TEST] {12} tested=1400/2261 | kept=67 | rest=14698
[TEST] {9} tested=1200/2261 | kept=143 | rest=14628
[TEST] {12} tested=1500/2261 | kept=93 | rest=14439
[TEST] {5} tested=900/4522 | kept=105 | rest=14388
[TEST] {9} tested=1300/2261 | kept=143 | rest=14295
[TEST] {12} tested=1600/2261 | kept=163 | rest=14261
[TEST] {12} tested=1700/2261 | kept=237 | rest=14144
[TEST] {12} tested=1800/2261 | kept=327 | rest=14041
[TEST] {12} tested=1900/2261 | kept=421 | rest=13934
[TEST] {12} tested=2000/2261 | kept=512 | rest=13825
[TEST] {12} tested=2100/2261 | kept=579 | rest=13714
[TEST] {9} tested=1400/2261 | kept=144 | rest=13606
[TEST] {12} tested=2200/2261 | kept=660 | rest=13516
[TEST] {5} tested=1000/4522 | kept=105 | rest=13398
[TEST] {9} tested=1500/2261 | kept=146 | rest=13322
[TEST] {12} tested=2261/2261 | kept=674 | rest=13192
[TEST] {9} tested=1600/2261 | kept=146 | rest=13167
[TEST] {5} tested=1100/4522 | kept=105 | rest=13111
[WARN] batch start failed | size=2262 {13} | split=1131 {20} + 1131 {21}
[WARN] batch start failed | size=1130 {14} | split=565 {22} + 565 {23}
[TEST] {9} tested=1700/2261 | kept=146 | rest=12920
[TEST] {5} tested=1200/4522 | kept=105 | rest=12877
[TEST] {9} tested=1800/2261 | kept=146 | rest=12722
[TEST] {15} tested=100/1131 | kept=1 | rest=12611
[TEST] {5} tested=1300/4522 | kept=105 | rest=12522
[TEST] {9} tested=1900/2261 | kept=146 | rest=12467
[TEST] {5} tested=1400/4522 | kept=105 | rest=12318
[TEST] {15} tested=200/1131 | kept=2 | rest=12254
[TEST] {15} tested=300/1131 | kept=33 | rest=12145
[TEST] {9} tested=2000/2261 | kept=146 | rest=12089
[TEST] {5} tested=1500/4522 | kept=105 | rest=11945
[TEST] {9} tested=2100/2261 | kept=146 | rest=11830
[TEST] {15} tested=400/1131 | kept=40 | rest=11762
[TEST] {15} tested=500/1131 | kept=42 | rest=11631
[TEST] {5} tested=1600/4522 | kept=105 | rest=11494
[TEST] {5} tested=1700/4522 | kept=105 | rest=11362
[TEST] {9} tested=2200/2261 | kept=146 | rest=11335
[TEST] {15} tested=600/1131 | kept=43 | rest=11244
[TEST] {15} tested=700/1131 | kept=55 | rest=11131
[TEST] {9} tested=2261/2261 | kept=146 | rest=10983
[TEST] {5} tested=1800/4522 | kept=105 | rest=10979
[TEST] {15} tested=800/1131 | kept=58 | rest=10953
[WARN] batch start failed | size=1131 {17} | split=565 {24} + 566 {25}
[TEST] {5} tested=1900/4522 | kept=105 | rest=10850
[TEST] {5} tested=2000/4522 | kept=105 | rest=10733
[WARN] batch start failed | size=1130 {16} | split=565 {26} + 565 {27}
[TEST] {5} tested=2100/4522 | kept=105 | rest=10618
[TEST] {18} tested=100/1130 | kept=0 | rest=10466
[TEST] {15} tested=900/1131 | kept=58 | rest=10354
[TEST] {15} tested=1000/1131 | kept=58 | rest=10211
[TEST] {18} tested=200/1130 | kept=0 | rest=10202
[TEST] {18} tested=300/1130 | kept=0 | rest=10045
[TEST] {5} tested=2200/4522 | kept=106 | rest=9920
[TEST] {5} tested=2300/4522 | kept=106 | rest=9807
[TEST] {5} tested=2400/4522 | kept=106 | rest=9703
[TEST] {15} tested=1100/1131 | kept=58 | rest=9618
[TEST] {18} tested=400/1130 | kept=0 | rest=9569
[TEST] {18} tested=500/1130 | kept=0 | rest=9466
[TEST] {5} tested=2500/4522 | kept=106 | rest=9437
[TEST] {15} tested=1131/1131 | kept=58 | rest=9333
[TEST] {18} tested=600/1130 | kept=0 | rest=9301
[WARN] batch start failed | size=1131 {19} | split=565 {28} + 566 {29}
[TEST] {5} tested=2600/4522 | kept=106 | rest=9213
[TEST] {20} tested=100/1131 | kept=73 | rest=9069
[TEST] {20} tested=200/1131 | kept=164 | rest=8940
[TEST] {20} tested=300/1131 | kept=262 | rest=8825
[TEST] {20} tested=400/1131 | kept=358 | rest=8717
[TEST] {5} tested=2700/4522 | kept=116 | rest=8691
[TEST] {20} tested=500/1131 | kept=453 | rest=8596
[TEST] {20} tested=600/1131 | kept=545 | rest=8488
[TEST] {20} tested=700/1131 | kept=636 | rest=8374
[TEST] {18} tested=700/1130 | kept=0 | rest=8266
[TEST] {18} tested=800/1130 | kept=0 | rest=8120
[TEST] {20} tested=800/1131 | kept=734 | rest=8054
[TEST] {18} tested=900/1130 | kept=0 | rest=7950
[TEST] {20} tested=900/1131 | kept=810 | rest=7859
[TEST] {20} tested=1000/1131 | kept=854 | rest=7727
[TEST] {18} tested=1000/1130 | kept=0 | rest=7602
[TEST] {5} tested=2800/4522 | kept=116 | rest=7531
[TEST] {20} tested=1100/1131 | kept=887 | rest=7476
[TEST] {18} tested=1100/1130 | kept=0 | rest=7360
[TEST] {20} tested=1131/1131 | kept=887 | rest=7327
[WARN] batch start failed | size=1131 {21} | split=565 {30} + 566 {31}
[TEST] {5} tested=2900/4522 | kept=116 | rest=7285
[WARN] batch start failed | size=565 {22} | split=282 {32} + 283 {33}
[TEST] {5} tested=3000/4522 | kept=116 | rest=7185
[TEST] {23} tested=100/565 | kept=22 | rest=7034
[TEST] {18} tested=1130/1130 | kept=0 | rest=7000
[WARN] batch start failed | size=565 {24} | split=282 {34} + 283 {35}
[TEST] {23} tested=200/565 | kept=106 | rest=6856
[TEST] {25} tested=100/566 | kept=2 | rest=6759
[TEST] {5} tested=3100/4522 | kept=117 | rest=6692
[TEST] {25} tested=200/566 | kept=11 | rest=6613
[TEST] {5} tested=3200/4522 | kept=117 | rest=6512
[TEST] {23} tested=300/565 | kept=140 | rest=6332
[TEST] {25} tested=300/566 | kept=19 | rest=6284
[TEST] {25} tested=400/566 | kept=21 | rest=6161
[TEST] {5} tested=3300/4522 | kept=117 | rest=6134
[TEST] {5} tested=3400/4522 | kept=117 | rest=5888
[TEST] {25} tested=500/566 | kept=25 | rest=5857
[TEST] {23} tested=400/565 | kept=186 | rest=5836
[TEST] {5} tested=3500/4522 | kept=117 | rest=5642
[TEST] {25} tested=566/566 | kept=26 | rest=5617
[WARN] batch start failed | size=565 {26} | split=282 {36} + 283 {37}
[TEST] {23} tested=500/565 | kept=188 | rest=5525
[TEST] {5} tested=3600/4522 | kept=117 | rest=5508
[TEST] {23} tested=565/565 | kept=188 | rest=5346
[WARN] batch start failed | size=566 {29} | split=283 {38} + 283 {39}
[TEST] {5} tested=3700/4522 | kept=118 | rest=5173
[TEST] {27} tested=100/565 | kept=19 | rest=5101
[TEST] {27} tested=200/565 | kept=23 | rest=4981
[TEST] {28} tested=100/565 | kept=14 | rest=4884
[TEST] {28} tested=200/565 | kept=14 | rest=4779
[TEST] {5} tested=3800/4522 | kept=118 | rest=4669
[TEST] {28} tested=300/565 | kept=50 | rest=4660
[TEST] {28} tested=400/565 | kept=143 | rest=4539
[TEST] {27} tested=300/565 | kept=63 | rest=4381
[TEST] {5} tested=3900/4522 | kept=119 | rest=4325
[TEST] {27} tested=400/565 | kept=80 | rest=4217
[TEST] {28} tested=500/565 | kept=231 | rest=4156
[TEST] {5} tested=4000/4522 | kept=120 | rest=3999
[TEST] {5} tested=4100/4522 | kept=121 | rest=3895
[TEST] {28} tested=565/565 | kept=231 | rest=3872
[TEST] {27} tested=500/565 | kept=104 | rest=3840
[TEST] {5} tested=4200/4522 | kept=121 | rest=3755
[TEST] {31} tested=100/566 | kept=0 | rest=3638
[TEST] {31} tested=200/566 | kept=0 | rest=3526
[TEST] {31} tested=300/566 | kept=0 | rest=3405
[TEST] {31} tested=400/566 | kept=33 | rest=3267
[TEST] {27} tested=565/565 | kept=104 | rest=3174
[TEST] {31} tested=500/566 | kept=115 | rest=3139
[WARN] batch start failed | size=565 {30} | split=282 {40} + 283 {41}
[WARN] batch start failed | size=282 {32} | split=141 {42} + 141 {43}
[TEST] {5} tested=4300/4522 | kept=121 | rest=3101
[TEST] {5} tested=4400/4522 | kept=121 | rest=2957
[TEST] {33} tested=100/283 | kept=13 | rest=2891
[TEST] {33} tested=200/283 | kept=32 | rest=2685
[TEST] {31} tested=566/566 | kept=127 | rest=2683
[TEST] {35} tested=100/283 | kept=2 | rest=2576
[TEST] {5} tested=4500/4522 | kept=121 | rest=2428
[TEST] {35} tested=200/283 | kept=4 | rest=2388
[TEST] {5} tested=4522/4522 | kept=121 | rest=2374
[WARN] batch start failed | size=282 {34} | split=141 {44} + 141 {45}
[TEST] {33} tested=283/283 | kept=34 | rest=2338
[TEST] {37} tested=100/283 | kept=60 | rest=2238
[WARN] batch start failed | size=282 {36} | split=141 {46} + 141 {47}
[TEST] {37} tested=200/283 | kept=130 | rest=2138
[WARN] batch start failed | size=283 {38} | split=141 {48} + 142 {49}
[TEST] {39} tested=100/283 | kept=87 | rest=1935
[TEST] {39} tested=200/283 | kept=165 | rest=1823
[TEST] {35} tested=283/283 | kept=4 | rest=1760
[WARN] batch start failed | size=282 {40} | split=141 {50} + 141 {51}
[TEST] {37} tested=283/283 | kept=157 | rest=1677
[WARN] batch start failed | size=141 {43} | split=70 {52} + 71 {53}
[WARN] batch start failed | size=141 {42} | split=70 {54} + 71 {55}
[WARN] batch start failed | size=141 {44} | split=70 {56} + 71 {57}
[TEST] {39} tested=283/283 | kept=234 | rest=1657
[WARN] batch start failed | size=141 {45} | split=70 {58} + 71 {59}
[WARN] batch start failed | size=141 {47} | split=70 {60} + 71 {61}
[TEST] {46} tested=100/141 | kept=75 | rest=1557
[TEST] {41} tested=100/283 | kept=19 | rest=1432
[TEST] {46} tested=141/141 | kept=108 | rest=1320
[TEST] {60} tested=70/70 | kept=52 | rest=1315
[WARN] batch start failed | size=142 {49} | split=71 {62} + 71 {63}
[WARN] batch start failed | size=141 {50} | split=70 {64} + 71 {65}
[TEST] {41} tested=200/283 | kept=21 | rest=1283
[WARN] batch start failed | size=70 {52} | split=35 {66} + 35 {67}
[TEST] {41} tested=283/283 | kept=21 | rest=1118
[TEST] {51} tested=100/141 | kept=16 | rest=1041
[WARN] batch start failed | size=71 {55} | split=35 {68} + 36 {69}
[TEST] {53} tested=71/71 | kept=24 | rest=1012
[TEST] {51} tested=141/141 | kept=25 | rest=931
[WARN] batch start failed | size=71 {57} | split=35 {70} + 36 {71}
[TEST] {54} tested=70/70 | kept=5 | rest=890
[WARN] batch start failed | size=71 {59} | split=35 {72} + 36 {73}
[TEST] {56} tested=70/70 | kept=5 | rest=806
[WARN] batch start failed | size=71 {61} | split=35 {74} + 36 {75}
[TEST] {48} tested=100/141 | kept=86 | rest=703
[TEST] {58} tested=70/70 | kept=1 | rest=573
[WARN] batch start failed | size=71 {63} | split=35 {76} + 36 {77}
[TEST] {48} tested=141/141 | kept=119 | rest=569
[WARN] batch start failed | size=71 {65} | split=35 {78} + 36 {79}
[TEST] {62} tested=71/71 | kept=46 | rest=535
[WARN] batch start failed | size=35 {67} | split=17 {80} + 18 {81}
[TEST] {64} tested=70/70 | kept=9 | rest=447
[WARN] batch start failed | size=36 {69} | split=18 {82} + 18 {83}
[TEST] {66} tested=35/35 | kept=0 | rest=434
[WARN] batch start failed | size=36 {71} | split=18 {84} + 18 {85}
[WARN] batch start failed | size=35 {72} | split=17 {86} + 18 {87}
[TEST] {68} tested=35/35 | kept=11 | rest=420
[WARN] batch start failed | size=35 {74} | split=17 {88} + 18 {89}
[TEST] {70} tested=35/35 | kept=0 | rest=345
[WARN] batch start failed | size=35 {76} | split=17 {90} + 18 {91}
[TEST] {73} tested=36/36 | kept=0 | rest=338
[WARN] batch start failed | size=35 {78} | split=17 {92} + 18 {93}
[TEST] {75} tested=36/36 | kept=10 | rest=296
[WARN] batch start failed | size=18 {81} | split=9 {94} + 9 {95}
[WARN] batch start failed | size=17 {80} | split=8 {96} + 9 {97}
[WARN] batch start failed | size=18 {82} | split=9 {98} + 9 {99}
[WARN] batch start failed | size=18 {83} | split=9 {100} + 9 {101}
[WARN] batch start failed | size=18 {84} | split=9 {102} + 9 {103}
[TEST] {77} tested=36/36 | kept=34 | rest=275
[WARN] batch start failed | size=18 {87} | split=9 {104} + 9 {105}
[TEST] {79} tested=36/36 | kept=1 | rest=241
[WARN] batch start failed | size=18 {89} | split=9 {106} + 9 {107}
[TEST] {85} tested=18/18 | kept=0 | rest=206
[TEST] {86} tested=17/17 | kept=0 | rest=189
[WARN] batch start failed | size=18 {91} | split=9 {108} + 9 {109}
[TEST] {88} tested=17/17 | kept=0 | rest=180
[WARN] batch start failed | size=18 {93} | split=9 {110} + 9 {111}
[WARN] batch start failed | size=9 {94} | split=4 {112} + 5 {113}
[TEST] {90} tested=17/17 | kept=16 | rest=164
[TEST] {96} tested=8/8 | kept=0 | rest=156
[WARN] batch start failed | size=9 {97} | split=4 {114} + 5 {115}
[WARN] batch start failed | size=9 {98} | split=4 {116} + 5 {117}
[WARN] batch start failed | size=9 {99} | split=4 {118} + 5 {119}
[TEST] {95} tested=9/9 | kept=2 | rest=154
[WARN] batch start failed | size=9 {100} | split=4 {120} + 5 {121}
[TEST] {92} tested=17/17 | kept=0 | rest=142
[WARN] batch start failed | size=9 {102} | split=4 {122} + 5 {123}
[TEST] {101} tested=9/9 | kept=0 | rest=123
[WARN] batch start failed | size=9 {105} | split=4 {124} + 5 {125}
[TEST] {103} tested=9/9 | kept=0 | rest=118
[TEST] {104} tested=9/9 | kept=0 | rest=117
[WARN] batch start failed | size=9 {107} | split=4 {126} + 5 {127}
[WARN] batch start failed | size=9 {109} | split=4 {128} + 5 {129}
[TEST] {106} tested=9/9 | kept=0 | rest=98
[WARN] batch start failed | size=9 {111} | split=4 {130} + 5 {131}
[TEST] {108} tested=9/9 | kept=8 | rest=97
[WARN] batch start failed | size=4 {112} | split=2 {132} + 2 {133}
[TEST] {113} tested=5/5 | kept=0 | rest=92
[TEST] {110} tested=9/9 | kept=0 | rest=85
[WARN] batch start failed | size=5 {115} | split=2 {134} + 3 {135}
[WARN] batch start failed | size=4 {116} | split=2 {136} + 2 {137}
[WARN] batch start failed | size=5 {117} | split=2 {138} + 3 {139}
[WARN] batch start failed | size=5 {119} | split=2 {140} + 3 {141}
[WARN] batch start failed | size=4 {120} | split=2 {142} + 2 {143}
[TEST] {114} tested=4/4 | kept=0 | rest=79
[WARN] batch start failed | size=5 {123} | split=2 {144} + 3 {145}
[TEST] {118} tested=4/4 | kept=0 | rest=75
[WARN] batch start failed | size=4 {124} | split=2 {146} + 2 {147}
[TEST] {121} tested=5/5 | kept=0 | rest=69
[TEST] {122} tested=4/4 | kept=0 | rest=65
[WARN] batch start failed | size=4 {126} | split=2 {148} + 2 {149}
[TEST] {125} tested=5/5 | kept=0 | rest=62
[WARN] batch start failed | size=5 {129} | split=2 {150} + 3 {151}
[TEST] {127} tested=5/5 | kept=0 | rest=56
[TEST] {128} tested=4/4 | kept=4 | rest=53
[WARN] batch start failed | size=5 {131} | split=2 {152} + 3 {153}
[WARN] batch start failed | size=2 {133} | split=1 {154} + 1 {155}
[WARN] batch start failed | size=2 {132} | split=1 {156} + 1 {157}
[WARN] batch start failed | size=3 {135} | split=1 {158} + 2 {159}
[WARN] batch start failed | size=2 {137} | split=1 {160} + 1 {161}
[TEST] {136} tested=2/2 | kept=0 | rest=50
[WARN] batch start failed | size=2 {138} | split=1 {162} + 1 {163}
[WARN] batch start failed | size=3 {139} | split=1 {164} + 2 {165}
[WARN] batch start failed | size=3 {141} | split=1 {166} + 2 {167}
[TEST] {130} tested=4/4 | kept=0 | rest=47
[WARN] batch start failed | size=2 {143} | split=1 {168} + 1 {169}
[WARN] batch start failed | size=2 {142} | split=1 {170} + 1 {171}
[TEST] {134} tested=2/2 | kept=0 | rest=46
[WARN] batch start failed | size=3 {145} | split=1 {172} + 2 {173}
[TEST] {140} tested=2/2 | kept=0 | rest=43
[WARN] batch start failed | size=2 {147} | split=1 {174} + 1 {175}
[WARN] batch start failed | size=2 {149} | split=1 {176} + 1 {177}
[TEST] {144} tested=2/2 | kept=0 | rest=41
[TEST] {148} tested=2/2 | kept=0 | rest=39
[TEST] {150} tested=2/2 | kept=1 | rest=37
[TEST] {146} tested=2/2 | kept=0 | rest=36
[WARN] batch start failed | size=3 {151} | split=1 {178} + 2 {179}
[WARN] batch start failed | size=3 {153} | split=1 {180} + 2 {181}
[REPAIR] name=[ChromeGO-Merge] United-5 {154} | fields=up,down
[REPAIR] name=[ChromeGO-Merge] Taiwan-2 {157} | fields=up,down
[TEST] {155} tested=1/1 | kept=0 | rest=34
[REPAIR] name=[ChromeGO-Merge] United-4 {156} | fields=up,down
[TEST] {157} tested=1/1 | kept=0 | rest=33
[WARN] batch start failed | size=2 {159} | split=1 {182} + 1 {183}
[REPAIR] name=[ChromeGO-ShiteThings] hysteria {160} | fields=up,down
[REPAIR] name=[ChromeGO-ShiteThings] hysteria-2 {161} | fields=up,down
[REPAIR] name=[ChromeGO-ShiteThings] hysteria-3 {162} | fields=up,down
[TEST] {160} tested=1/1 | kept=0 | rest=32
[REPAIR] name=[ChromeGO-ShiteThings] hysteria-4 {163} | fields=up,down
[TEST] {161} tested=1/1 | kept=0 | rest=31
[TEST] {162} tested=1/1 | kept=0 | rest=30
[REPAIR] name=[ChromeGO-ShiteThings] hysteria-5 {164} | fields=up,down
[TEST] {163} tested=1/1 | kept=0 | rest=29
[TEST] {152} tested=2/2 | kept=0 | rest=27
[WARN] batch start failed | size=2 {167} | split=1 {184} + 1 {185}
[TEST] {154} tested=1/1 | kept=0 | rest=26
[TEST] {158} tested=1/1 | kept=0 | rest=25
[TEST] {156} tested=1/1 | kept=0 | rest=24
[TEST] {169} tested=1/1 | kept=0 | rest=23
[REPAIR] name=[ChromeGO-Merge] United-2 {168} | fields=up,down
[REPAIR] name=[ChromeGO-Merge] United {170} | fields=up,down
[REPAIR] name=[ChromeGO-Merge] France_hysteria_1 {171} | fields=up,down
[TEST] {165} tested=2/2 | kept=0 | rest=22
[TEST] {164} tested=1/1 | kept=0 | rest=21
[TEST] {172} tested=1/1 | kept=0 | rest=20
[WARN] batch start failed | size=2 {173} | split=1 {186} + 1 {187}
[DROP] name=[Epodonios] EPODONIOS-226 {175} | server=194.93.61.120:443 | reason=Parse config error: proxy 0: 'reality-opts' has unset fields: public-key
[TEST] {166} tested=1/1 | kept=0 | rest=18
[TEST] {177} tested=1/1 | kept=0 | rest=17
[REPAIR] name=[Pawdroid-SS-APK] United+Kingdom-2 {176} | fields=cipher
[WARN] batch start failed | size=2 {179} | split=1 {188} + 1 {189}
[TEST] {178} tested=1/1 | kept=1 | rest=16
[WARN] batch start failed | size=2 {181} | split=1 {190} + 1 {191}
[REPAIR] name=[ChromeGO-Merge] Taiwan {182} | fields=up,down
[TEST] {176} tested=1/1 | kept=1 | rest=15
[REPAIR] name=[ChromeGO-Merge] France {183} | fields=up,down
[TEST] {182} tested=1/1 | kept=0 | rest=14
[TEST] {168} tested=1/1 | kept=0 | rest=13
[REPAIR] name=[ChromeGO-Merge] WARP {185} | fields=dialer-proxy
[TEST] {180} tested=1/1 | kept=1 | rest=12
[TEST] {170} tested=1/1 | kept=0 | rest=11
[TEST] {185} tested=1/1 | kept=1 | rest=10
[TEST] {171} tested=1/1 | kept=0 | rest=9
[TEST] {174} tested=1/1 | kept=0 | rest=8
[REPAIR] name=[Epodonios] EPODONIOS-100 {187} | fields=cipher
[TEST] {188} tested=1/1 | kept=1 | rest=7
[DROP] name=[Pawdroid-SR-APK] 沙特阿拉伯+Arabic+Computer+System+Co. {189} | server=85.209.157.184:8388 | reason=Parse config error: proxy 0: ss 85.209.157.184:8388 cipher: mnv{v]ʉ \t>\x0f\x18\t,y initialize error: unknown method: mnv{v]ʉ \t>\x0f\x18\t,y
[TEST] {183} tested=1/1 | kept=0 | rest=5
[TEST] {184} tested=1/1 | kept=0 | rest=4
[TEST] {186} tested=1/1 | kept=0 | rest=3
[REPAIR] name=[Free-clash-v2ray] hysteria {191} | fields=up,down
[TEST] {191} tested=1/1 | kept=0 | rest=2
[TEST] {187} tested=1/1 | kept=0 | rest=1
[TEST] {190} tested=1/1 | kept=0 | rest=0
[INFO] dropped=2 | [Epodonios] × 1 | [Pawdroid-SR-APK] × 1
============================================================
[INFO] core-dedupe | dropped=1 | by=health_score
[INFO] cap live | source=[免费节点2] | from=151 | to=50
[INFO] cap live | source=[Pawdroid-SS-APK] | from=255 | to=50
[INFO] cap live | source=[免费节点6] | from=87 | to=50
[INFO] cap live | source=[免费节点8] | from=181 | to=50
[INFO] cap live | source=[Pawdroid-SR-APK] | from=827 | to=50
[INFO] cap live | source=[Epodonios] | from=105 | to=50
[INFO] cap live | source=[Free-clash-v2ray] | from=1548 | to=50
[INFO] cap live | source=[V2rayclashfree-RSS] | from=124 | to=50
[INFO] cap live total | from=619 | to=400 | floor=5 | by=health_score
[INFO] cap live | reserved=106 | pool=513 | taken=294
============================================================
+------------------------------+--------+--------+------+--------+
| source                       |    raw | unique | live | capped |
+------------------------------+--------+--------+------+--------+
| [大FQ运动]                   |     14 |     14 |    3 |      3 |
+------------------------------+--------+--------+------+--------+
| [Pawdroid]                   |     22 |     21 |    0 |      0 |
+------------------------------+--------+--------+------+--------+
| [FreeV2-Base64]              |      3 |      3 |    2 |      2 |
+------------------------------+--------+--------+------+--------+
| [Bocchi2b-Base64]            |     35 |     35 |    0 |      0 |
+------------------------------+--------+--------+------+--------+
| [ChromeGO-Toolkit]           |     14 |     14 |    4 |      4 |
+------------------------------+--------+--------+------+--------+
| [ChromeGO-ShiteThings]       |     31 |     25 |    7 |      5 |
+------------------------------+--------+--------+------+--------+
| [ChromeGO-Merge]             |    107 |    107 |    3 |      3 |
+------------------------------+--------+--------+------+--------+
| [Freesocks]                  |      1 |      1 |    0 |      0 |
+------------------------------+--------+--------+------+--------+
| [NekoWarp]                   |     10 |     10 |    7 |      5 |
+------------------------------+--------+--------+------+--------+
| [1VPN-CRX]                   |     17 |     17 |   16 |      5 |
+------------------------------+--------+--------+------+--------+
| [OpenRunner-RSS]             |     11 |      0 |    0 |      0 |
+------------------------------+--------+--------+------+--------+
| [V2Rayshare-RSS]             |     22 |     22 |    1 |      1 |
+------------------------------+--------+--------+------+--------+
| [Mibei77-RSS]                |    110 |     92 |    3 |      3 |
+------------------------------+--------+--------+------+--------+
| [Yoyapai-RSS]                |    226 |    199 |   30 |     19 |
+------------------------------+--------+--------+------+--------+
| [免费节点1]                  |    169 |    157 |   28 |      7 |
+------------------------------+--------+--------+------+--------+
| [免费节点2]                  |    369 |    316 |  151 |     19 |
+------------------------------+--------+--------+------+--------+
| [免费节点3]                  |     27 |     15 |   10 |      5 |
+------------------------------+--------+--------+------+--------+
| [免费节点4]                  |    818 |    714 |   42 |      5 |
+------------------------------+--------+--------+------+--------+
| [免费节点5]                  |     29 |     28 |    0 |      0 |
+------------------------------+--------+--------+------+--------+
| [免费节点6]                  |   1653 |   1602 |   87 |     40 |
+------------------------------+--------+--------+------+--------+
| [免费节点7]                  |     64 |      0 |    0 |      0 |
+------------------------------+--------+--------+------+--------+
| [免费节点8]                  |   4219 |   3370 |  181 |     28 |
+------------------------------+--------+--------+------+--------+
| [免费节点9]                  |    615 |    457 |    0 |      0 |
+------------------------------+--------+--------+------+--------+
| [免费节点10]                 |   5529 |   3086 |   15 |      5 |
+------------------------------+--------+--------+------+--------+
| [免费节点11]                 |    422 |    211 |   28 |      5 |
+------------------------------+--------+--------+------+--------+
| [Pawdroid-SR-APK]            |   1385 |    999 |  827 |     50 |
+------------------------------+--------+--------+------+--------+
| [Pawdroid-SS-APK]            |   1485 |    883 |  255 |     50 |
+------------------------------+--------+--------+------+--------+
| [Clashfree]                  |    189 |     51 |   21 |      5 |
+------------------------------+--------+--------+------+--------+
| [Epodonios]                  |   4279 |   2625 |  105 |     48 |
+------------------------------+--------+--------+------+--------+
| [Free-clash-v2ray]           |   5220 |   2860 | 1548 |     50 |
+------------------------------+--------+--------+------+--------+
| [V2rayclashfree-RSS]         |   1164 |    155 |  124 |     33 |
+------------------------------+--------+--------+------+--------+
============================================================
[SUMMARY] total_nodes=28259
[SUMMARY] legal_candidates=18089
[SUMMARY] passed_latency_test=400
[SUMMARY] region_HK=11 | region_JP=16 | region_US=183
[SUMMARY] avg_latency_ms=147.26
[SUMMARY] output=/home/runner/work/Free-node-autotest/Free-node-autotest/output/clash.yaml
============================================================
