[OK] source=大FQ运动 proxies=2 url=https://raw.githubusercontent.com/hello-world-1989/cn-news/refs/heads/main/clash.yaml
============================================================
[OK] source=大FQ运动-官网 proxies=4 url=https://end-gfw.com/ss-key
============================================================
[OK] source=ChromeGO proxies=28 url=https://chg26.makou.cc.cd/
============================================================
[WARN] v2rayshare feed failed: failed to fetch https://v2rayshare.com/feed: HTTPSConnectionPool(host='v2rayshare.com', port=443): Max retries exceeded with url: /feed (Caused by NewConnectionError("HTTPSConnection(host='v2rayshare.com', port=443): Failed to establish a new connection: [Errno 101] Network is unreachable"))
[WARN] source=V2Rayshare-RSS no proxies
============================================================
[INFO] openrunner try page: https://free.datiya.com/post/20260828/
[OK] openrunner discovered: https://free.datiya.com/uploads/20260828-clash.yaml
[OK] source=OpenRunner-RSS proxies=14 url=https://free.datiya.com/uploads/20260828-clash.yaml
============================================================
[INFO] mibei77 try page: https://www.mibei77.com/621.html
[OK] mibei77 discovered: https://mm.mibei77.com/202608/0828Clashiax.yaml
[OK] source=Mibei77-RSS proxies=262 url=https://mm.mibei77.com/202608/0828Clashiax.yaml
============================================================
[INFO] yoyapai try page: https://yoyapai.com/688
[OK] yoyapai discovered: https://freenode.yoyapai.com/2026/08/28-yoyapai.com-clash-vpn-mian-fei-jiedian.yaml
[OK] source=Yoyapai-RSS proxies=280 url=https://freenode.yoyapai.com/2026/08/28-yoyapai.com-clash-vpn-mian-fei-jiedian.yaml
============================================================
[OK] source=Free-clash-v2ray-README proxies=253 url=https://free-clash-v2ray.github.io/uploads/2026/08/0-20260823.yaml
============================================================
[OK] source=FreeV2-Base64 proxies=7 url=https://xmxosfepggzm.503403.xyz
============================================================
[OK] source=Pawdroid-Base64 proxies=20 url=https://raw.githubusercontent.com/Pawdroid/Free-servers/main/sub
============================================================
[OK] source=V2Rayshare-订阅 proxies=27 url=https://cdn.jsdelivr.net/gh/firefoxmmx2/v2rayshare_subcription/subscription/mihomo_sub.yaml
============================================================
[OK] source=免费节点1 proxies=298 url=https://raw.githubusercontent.com/free18/v2ray/refs/heads/main/c.yaml
============================================================
[OK] source=免费节点1-README自建 proxies=6 url=https://raw.githubusercontent.com/free18/v2ray/refs/heads/main/README.md
============================================================
[OK] source=免费节点2 proxies=29 url=https://raw.githubusercontent.com/ermaozi/get_subscribe/main/subscribe/clash.yml
============================================================
[OK] source=免费节点3 proxies=93 url=https://sunmiao4458.github.io/free-proxy-airport/clash.yaml
============================================================
[WARN] YAML document parse failed: while parsing a flow mapping
  in "<unicode string>", line 31, column 3:
    - {name: "🇫🇷FR-"2001:bc8:32d7:1a9: ... 
      ^
expected ',' or '}', but got '<scalar>'
  in "<unicode string>", line 31, column 17:
    - {name: "🇫🇷FR-"2001:bc8:32d7:1a9::2"-029", serv ... 
                    ^
[WARN] proxy block parse failed, fallback to per-line: while parsing a flow mapping
  in "<unicode string>", line 31, column 3:
    - {name: "🇫🇷FR-"2001:bc8:32d7:1a9: ... 
      ^
expected ',' or '}', but got '<scalar>'
  in "<unicode string>", line 31, column 17:
    - {name: "🇫🇷FR-"2001:bc8:32d7:1a9::2"-029", serv ... 
                    ^
[WARN] skipped 15 invalid proxy line(s) in this source
[OK] source=免费节点4 proxies=207 url=https://raw.githubusercontent.com/mfuu/v2ray/master/clash.yaml
============================================================
[OK] source=免费节点5 proxies=28 url=https://cdn.jsdelivr.net/gh/vxiaov/free_proxies@main/clash/clash.provider.yaml
============================================================
[OK] source=免费节点6 proxies=1397 url=https://raw.githubusercontent.com/anaer/Sub/main/clash.yaml
============================================================
[OK] source=免费节点7 proxies=91 url=https://raw.githubusercontent.com/snakem982/proxypool/main/source/clash-meta-2.yaml
============================================================
[OK] source=免费节点8 proxies=4096 url=https://raw.githubusercontent.com/mahdibland/SSAggregator/master/sub/sub_merge_yaml.yml
============================================================
[OK] source=免费节点9-1 proxies=188 url=https://raw.githubusercontent.com/w1770946466/Auto_proxy/main/Long_term_subscription1.yaml
============================================================
[WARN] YAML document parse failed: while scanning a simple key
  in "<unicode string>", line 98, column 1:
    _11
    ^
could not find expected ':'
  in "<unicode string>", line 107, column 1:
    _10
    ^
[OK] source=免费节点9-2 proxies=55 url=https://raw.githubusercontent.com/w1770946466/Auto_proxy/main/Long_term_subscription2.yaml
============================================================
[WARN] YAML document parse failed: while scanning a simple key
  in "<unicode string>", line 99, column 1:
    _6
    ^
could not find expected ':'
  in "<unicode string>", line 126, column 1:
    _3
    ^
[OK] source=免费节点9-3 proxies=52 url=https://raw.githubusercontent.com/w1770946466/Auto_proxy/main/Long_term_subscription3.yaml
============================================================
[INFO] clashfree try readme: https://raw.githubusercontent.com/free-nodes/clashfree/refs/heads/main/README.md
[OK] clashfree discovered: https://raw.githubusercontent.com/free-nodes/clashfree/refs/heads/main/clash20260828.yml
[OK] source=Clashfree-README proxies=1399 url=https://raw.githubusercontent.com/free-nodes/clashfree/refs/heads/main/clash20260828.yml
============================================================
[INFO] downloading proxy engine: https://github.com/MetaCubeX/mihomo/releases/download/v1.19.30/mihomo-linux-amd64-v3-v1.19.30.gz
[INFO] tested 25/6381 kept=9
[INFO] tested 50/6381 kept=10
[INFO] tested 75/6381 kept=11
[INFO] tested 100/6381 kept=11
[INFO] tested 125/6381 kept=13
[INFO] tested 150/6381 kept=15
[INFO] tested 175/6381 kept=18
[DROP] [ChromeGO] 节点5 failed: HTTPConnectionPool(host='127.0.0.1', port=60121): Read timed out. (read timeout=8.0)
[INFO] tested 200/6381 kept=19
[INFO] tested 225/6381 kept=19
[INFO] tested 250/6381 kept=19
[INFO] tested 275/6381 kept=21
[INFO] tested 300/6381 kept=22
[INFO] tested 325/6381 kept=27
[INFO] tested 350/6381 kept=29
[INFO] tested 375/6381 kept=34
[INFO] tested 400/6381 kept=40
[INFO] tested 425/6381 kept=49
[INFO] tested 450/6381 kept=66
[INFO] tested 475/6381 kept=81
[INFO] tested 500/6381 kept=88
[INFO] tested 525/6381 kept=92
[INFO] tested 550/6381 kept=97
[INFO] tested 575/6381 kept=98
[INFO] tested 600/6381 kept=99
[INFO] tested 625/6381 kept=103
[INFO] tested 650/6381 kept=114
[INFO] tested 675/6381 kept=121
[INFO] tested 700/6381 kept=121
[INFO] tested 725/6381 kept=121
[INFO] tested 750/6381 kept=121
[INFO] tested 775/6381 kept=121
[INFO] tested 800/6381 kept=121
[INFO] tested 825/6381 kept=122
[INFO] tested 850/6381 kept=122
[INFO] tested 875/6381 kept=122
[INFO] tested 900/6381 kept=123
[INFO] tested 925/6381 kept=125
[INFO] tested 950/6381 kept=125
[INFO] tested 975/6381 kept=126
[INFO] tested 1000/6381 kept=126
[INFO] tested 1025/6381 kept=126
[INFO] tested 1050/6381 kept=126
[INFO] tested 1075/6381 kept=127
[INFO] tested 1100/6381 kept=127
[INFO] tested 1125/6381 kept=127
[INFO] tested 1150/6381 kept=128
[INFO] tested 1175/6381 kept=128
[INFO] tested 1200/6381 kept=128
[INFO] tested 1225/6381 kept=129
[INFO] tested 1250/6381 kept=129
[INFO] tested 1275/6381 kept=129
[INFO] tested 1300/6381 kept=129
[INFO] tested 1325/6381 kept=129
[INFO] tested 1350/6381 kept=129
[INFO] tested 1375/6381 kept=130
[INFO] tested 1400/6381 kept=130
[INFO] tested 1425/6381 kept=130
[INFO] tested 1450/6381 kept=130
[INFO] tested 1475/6381 kept=130
[INFO] tested 1500/6381 kept=130
[INFO] tested 1525/6381 kept=130
[INFO] tested 1550/6381 kept=130
[INFO] tested 1575/6381 kept=130
[INFO] tested 1600/6381 kept=130
[INFO] tested 1625/6381 kept=130
[INFO] tested 1650/6381 kept=130
[INFO] tested 1675/6381 kept=130
[INFO] tested 1700/6381 kept=130
[INFO] tested 1725/6381 kept=130
[INFO] tested 1750/6381 kept=130
[INFO] tested 1775/6381 kept=130
[INFO] tested 1800/6381 kept=130
[INFO] tested 1825/6381 kept=130
[INFO] tested 1850/6381 kept=130
[INFO] tested 1875/6381 kept=130
[INFO] tested 1900/6381 kept=133
[INFO] tested 1925/6381 kept=142
[INFO] tested 1950/6381 kept=156
[INFO] tested 1975/6381 kept=159
[INFO] tested 2000/6381 kept=172
[INFO] tested 2025/6381 kept=194
[INFO] tested 2050/6381 kept=217
[INFO] tested 2075/6381 kept=233
[INFO] tested 2100/6381 kept=240
[INFO] tested 2125/6381 kept=246
[INFO] tested 2150/6381 kept=246
[INFO] tested 2175/6381 kept=246
[INFO] tested 2200/6381 kept=246
[INFO] tested 2225/6381 kept=246
[INFO] tested 2250/6381 kept=246
[INFO] tested 2275/6381 kept=246
[INFO] tested 2300/6381 kept=246
[INFO] tested 2325/6381 kept=246
[INFO] tested 2350/6381 kept=246
[INFO] tested 2375/6381 kept=246
[INFO] tested 2400/6381 kept=246
[INFO] tested 2425/6381 kept=246
[INFO] tested 2450/6381 kept=246
[INFO] tested 2475/6381 kept=246
[INFO] tested 2500/6381 kept=246
[INFO] tested 2525/6381 kept=246
[INFO] tested 2550/6381 kept=246
[INFO] tested 2575/6381 kept=246
[INFO] tested 2600/6381 kept=246
[INFO] tested 2625/6381 kept=246
[INFO] tested 2650/6381 kept=246
[INFO] tested 2675/6381 kept=246
[INFO] tested 2700/6381 kept=246
[INFO] tested 2725/6381 kept=246
[INFO] tested 2750/6381 kept=246
[INFO] tested 2775/6381 kept=246
[INFO] tested 2800/6381 kept=246
[INFO] tested 2825/6381 kept=246
[INFO] tested 2850/6381 kept=246
[INFO] tested 2875/6381 kept=246
[INFO] tested 2900/6381 kept=246
[INFO] tested 2925/6381 kept=246
[INFO] tested 2950/6381 kept=246
[INFO] tested 2975/6381 kept=246
[INFO] tested 3000/6381 kept=246
[INFO] tested 3025/6381 kept=246
[INFO] tested 3050/6381 kept=246
[INFO] tested 3075/6381 kept=246
[INFO] tested 3100/6381 kept=246
[INFO] tested 3125/6381 kept=246
[INFO] tested 3150/6381 kept=246
[INFO] tested 3175/6381 kept=246
[INFO] tested 3200/6381 kept=246
[INFO] tested 3225/6381 kept=246
[INFO] tested 3250/6381 kept=246
[INFO] tested 3275/6381 kept=247
[INFO] tested 3300/6381 kept=247
[INFO] tested 3325/6381 kept=247
[INFO] tested 3350/6381 kept=247
[INFO] tested 3375/6381 kept=247
[INFO] tested 3400/6381 kept=247
[INFO] tested 3425/6381 kept=247
[INFO] tested 3450/6381 kept=247
[INFO] tested 3475/6381 kept=247
[INFO] tested 3500/6381 kept=247
[INFO] tested 3525/6381 kept=247
[INFO] tested 3550/6381 kept=247
[INFO] tested 3575/6381 kept=247
[INFO] tested 3600/6381 kept=247
[INFO] tested 3625/6381 kept=247
[INFO] tested 3650/6381 kept=247
[INFO] tested 3675/6381 kept=247
[INFO] tested 3700/6381 kept=247
[INFO] tested 3725/6381 kept=247
[INFO] tested 3750/6381 kept=247
[INFO] tested 3775/6381 kept=247
[INFO] tested 3800/6381 kept=247
[INFO] tested 3825/6381 kept=247
[INFO] tested 3850/6381 kept=247
[INFO] tested 3875/6381 kept=247
[INFO] tested 3900/6381 kept=247
[INFO] tested 3925/6381 kept=247
[INFO] tested 3950/6381 kept=247
[INFO] tested 3975/6381 kept=247
[INFO] tested 4000/6381 kept=247
[INFO] tested 4025/6381 kept=247
[INFO] tested 4050/6381 kept=247
[INFO] tested 4075/6381 kept=247
[INFO] tested 4100/6381 kept=247
[INFO] tested 4125/6381 kept=247
[INFO] tested 4150/6381 kept=247
[INFO] tested 4175/6381 kept=247
[INFO] tested 4200/6381 kept=247
[INFO] tested 4225/6381 kept=247
[INFO] tested 4250/6381 kept=247
[INFO] tested 4275/6381 kept=247
[INFO] tested 4300/6381 kept=247
[INFO] tested 4325/6381 kept=247
[INFO] tested 4350/6381 kept=247
[INFO] tested 4375/6381 kept=247
[INFO] tested 4400/6381 kept=247
[INFO] tested 4425/6381 kept=247
[INFO] tested 4450/6381 kept=247
[INFO] tested 4475/6381 kept=247
[INFO] tested 4500/6381 kept=247
[INFO] tested 4525/6381 kept=247
[INFO] tested 4550/6381 kept=247
[INFO] tested 4575/6381 kept=247
[INFO] tested 4600/6381 kept=247
[INFO] tested 4625/6381 kept=247
[INFO] tested 4650/6381 kept=247
[INFO] tested 4675/6381 kept=247
[INFO] tested 4700/6381 kept=247
[INFO] tested 4725/6381 kept=247
[INFO] tested 4750/6381 kept=247
[INFO] tested 4775/6381 kept=247
[INFO] tested 4800/6381 kept=247
[INFO] tested 4825/6381 kept=247
[INFO] tested 4850/6381 kept=247
[INFO] tested 4875/6381 kept=247
[INFO] tested 4900/6381 kept=247
[INFO] tested 4925/6381 kept=247
[INFO] tested 4950/6381 kept=247
[INFO] tested 4975/6381 kept=247
[INFO] tested 5000/6381 kept=247
[INFO] tested 5025/6381 kept=247
[INFO] tested 5050/6381 kept=247
[INFO] tested 5075/6381 kept=247
[INFO] tested 5100/6381 kept=247
[INFO] tested 5125/6381 kept=247
[INFO] tested 5150/6381 kept=247
[INFO] tested 5175/6381 kept=247
[INFO] tested 5200/6381 kept=247
[INFO] tested 5225/6381 kept=247
[INFO] tested 5250/6381 kept=247
[INFO] tested 5275/6381 kept=247
[INFO] tested 5300/6381 kept=247
[INFO] tested 5325/6381 kept=247
[INFO] tested 5350/6381 kept=247
[INFO] tested 5375/6381 kept=247
[INFO] tested 5400/6381 kept=247
[INFO] tested 5425/6381 kept=251
[INFO] tested 5450/6381 kept=253
[INFO] tested 5475/6381 kept=253
[INFO] tested 5500/6381 kept=253
[INFO] tested 5525/6381 kept=253
[INFO] tested 5550/6381 kept=253
[INFO] tested 5575/6381 kept=253
[INFO] tested 5600/6381 kept=262
[INFO] tested 5625/6381 kept=277
[INFO] tested 5650/6381 kept=281
[INFO] tested 5675/6381 kept=284
[INFO] tested 5700/6381 kept=287
[INFO] tested 5725/6381 kept=287
[INFO] tested 5750/6381 kept=289
[INFO] tested 5775/6381 kept=290
[INFO] tested 5800/6381 kept=296
[INFO] tested 5825/6381 kept=300
[INFO] tested 5850/6381 kept=300
[INFO] tested 5875/6381 kept=304
[INFO] tested 5900/6381 kept=310
[INFO] tested 5925/6381 kept=312
[INFO] tested 5950/6381 kept=312
[INFO] tested 5975/6381 kept=313
[INFO] tested 6000/6381 kept=313
[INFO] tested 6025/6381 kept=316
[INFO] tested 6050/6381 kept=325
[INFO] tested 6075/6381 kept=330
[INFO] tested 6100/6381 kept=332
[INFO] tested 6125/6381 kept=333
[INFO] tested 6150/6381 kept=335
[INFO] tested 6175/6381 kept=336
[INFO] tested 6200/6381 kept=337
[INFO] tested 6225/6381 kept=339
[INFO] tested 6250/6381 kept=340
[INFO] tested 6275/6381 kept=341
[INFO] tested 6300/6381 kept=342
[INFO] tested 6325/6381 kept=344
[INFO] tested 6350/6381 kept=345
[INFO] tested 6375/6381 kept=350
[INFO] tested 6381/6381 kept=351
[SUMMARY] total_nodes=8836
[SUMMARY] legal_candidates=6381
[SUMMARY] passed_latency_test=351
[SUMMARY] region_HK=11 region_JP=6 region_US=55
[SUMMARY] avg_latency_ms=711.8
[SUMMARY] output=output/clash.yaml
