============================================================
[INFO] sublink try page: https://end-gfw.com
[OK] proxies=2 new=2 url=https://raw.githubusercontent.com/hello-world-1989/cn-news/refs/heads/main/clash.yaml
[OK] proxies=2 new=0 url=https://raw.githubusercontent.com/hello-world-1989/cn-news/main/end-gfw-together
[OK] proxies=2 new=2 url=https://raw.githubusercontent.com/hello-world-1989/cn-news/main/end-gfw-together-ss
[INFO] source try url: https://end-gfw.com/ss-key
[WARN] source=[大FQ运动] empty url=https://end-gfw.com/ss-key
[INFO] sublink try repo: https://github.com/hello-world-1989/cn-news
[INFO] sublink try page: https://raw.githubusercontent.com/hello-world-1989/cn-news/main/README.md
[OK] proxies=6 new=6 url=https://raw.githubusercontent.com/hello-world-1989/v2-sub/main/end-gfw-together-af3e13
[OK] proxies=10 source=[大FQ运动] url=https://raw.githubusercontent.com/hello-world-1989/cn-news/main/README.md
============================================================
[INFO] sublink try repo: https://github.com/Pawdroid/Free-servers
[INFO] sublink try page: https://raw.githubusercontent.com/Pawdroid/Free-servers/main/README.md
[OK] proxies=20 new=20 url=https://raw.githubusercontent.com/Pawdroid/Free-servers/main/README.md
[OK] proxies=20 new=0 url=https://raw.githubusercontent.com/Pawdroid/Free-servers/main/sub
[OK] proxies=1 new=1 url=https://apps.apple.com/cn/app/shadowshare/id1612647259
[OK] proxies=1 new=1 url=http://www.surflare.com
[OK] proxies=22 source=[Pawdroid] url=https://raw.githubusercontent.com/Pawdroid/Free-servers/main/README.md
============================================================
[INFO] source try url: https://xmxosfepggzm.503403.xyz
[OK] proxies=3 new=3 url=https://xmxosfepggzm.503403.xyz
[OK] proxies=3 source=[FreeV2-Base64] url=https://xmxosfepggzm.503403.xyz
============================================================
[INFO] source try url: https://links.bocchi2b.top/clash
[OK] proxies=32 new=32 url=https://links.bocchi2b.top/clash
[OK] proxies=32 source=[Bocchi2b-Base64] url=https://links.bocchi2b.top/clash
============================================================
[INFO] toolkit try repo: https://github.com/bannedbook/fanqiang
[INFO] toolkit try release: https://github.com/bannedbook/fanqiang/releases
[INFO] toolkit try release: https://github.com/bannedbook/fanqiang/releases/expanded_assets/ChromeGo-latest
[INFO] toolkit try download: https://github.com/bannedbook/fanqiang/releases/download/ChromeGo-latest/ChromeGo.7z
[OK] toolkit downloaded: ChromeGo.7z bytes=100924352
[OK] toolkit extracted archive=ChromeGo.7z tool=7z files=222 dirs=45
[OK] toolkit discovered subs=107 embedded=12 archive=ChromeGo.7z
[OK] proxies=6 new=6 embedded=archive-config
[OK] proxies=3 new=3 url=https://gitlab.com/free9999/ipupdate/master/backup/img/1/2/{ipp|ip}/clash.meta2/{5|6|3|1|4|2}/config.yaml
[OK] proxies=3 new=0 url=https://www.67867867.xyz/Alvin9999/PAC/refs/heads/master/backup/img/1/2/{ipp|ip}/clash.meta2/{5|6|3|1|4|2}/config.yaml
[OK] proxies=7 new=5 url=https://gitlab.com/free9999/ipupdate/master/backup/img/1/2/{ipp|ip}/{hysteria2|singbox|naiveproxy|hysteria|xray}/{3|1|4|2}/config.json
[OK] proxies=7 new=0 url=https://www.67867867.xyz/Alvin9999/PAC/refs/heads/master/backup/img/1/2/{ipp|ip}/{hysteria2|singbox|naiveproxy|hysteria|xray}/{3|1|4|2}/config.json
[OK] proxies=14 source=[ChromeGO-Toolkit] url=https://github.com/bannedbook/fanqiang/releases/download/ChromeGo-latest/ChromeGo.7z
============================================================
[INFO] sublink try repo: https://github.com/ShiteThings/extractNodes
[INFO] sublink try page: https://raw.githubusercontent.com/ShiteThings/extractNodes/main/README.md
[OK] proxies=31 new=30 url=https://{chg26.makou.cc.cd|chg64.makou.cc.cd}
[OK] proxies=26 new=1 url=https://chg26.makou.cc.cd/sb
[OK] proxies=31 source=[ChromeGO-ShiteThings] url=https://raw.githubusercontent.com/ShiteThings/extractNodes/main/README.md
============================================================
[INFO] sublink try repo: https://github.com/shangui999/chromego_merge
[INFO] sublink try page: https://raw.githubusercontent.com/shangui999/chromego_merge/master/ReadMe.md
[OK] proxies=10 new=10 url=https://freedman.netlify.app/sub/merged_proxies_new.yaml
[OK] proxies=11 new=1 url=https://freedman.netlify.app/sub/merged_warp_proxies_new.yaml
[OK] proxies=11 new=6 url=https://freedman.netlify.app/sub/shadowrocket_base64.txt
[OK] proxies=16 new=16 url=https://freedman.netlify.app/sub/sb.json
[INFO] sublink try repo: https://github.com/yaney01/chromego
[INFO] sublink try page: https://raw.githubusercontent.com/yaney01/chromego/main/ReadMe.md
[OK] proxies=50 new=46 url=https://raw.githubusercontent.com/yaney01/chromego/main/sub/merged_proxies_new.yaml
[OK] proxies=51 new=0 url=https://raw.githubusercontent.com/yaney01/chromego/main/sub/merged_warp_proxies_new.yaml
[OK] proxies=13 new=7 url=https://raw.githubusercontent.com/yaney01/chromego/main/sub/shadowrocket_base64.txt
[OK] proxies=13 new=0 url=https://raw.githubusercontent.com/yaney01/chromego/main/sub/sb.json
[INFO] sublink try repo: https://github.com/Misaka-blog/chromego_merge
[INFO] sublink try page: https://raw.githubusercontent.com/Misaka-blog/chromego_merge/main/README.md
[OK] proxies=38 new=38 url=https://chromego-sub.netlify.app/sub/merged_proxies_new.yaml
[OK] proxies=124 source=[ChromeGO-Merge] url=https://raw.githubusercontent.com/Misaka-blog/chromego_merge/main/README.md
============================================================
[INFO] source try url: https://freesocks.org/api/v1/sub/02b897e8e77f19176b0b9f2c75864b00
[OK] proxies=1 new=1 url=https://freesocks.org/api/v1/sub/02b897e8e77f19176b0b9f2c75864b00
[OK] proxies=1 source=[Freesocks] url=https://freesocks.org/api/v1/sub/02b897e8e77f19176b0b9f2c75864b00
============================================================
[INFO] source try url: https://neko-warp.nloli.xyz/neko_warp.yaml
[OK] proxies=10 new=10 url=https://neko-warp.nloli.xyz/neko_warp.yaml
[OK] proxies=10 source=[NekoWarp] url=https://neko-warp.nloli.xyz/neko_warp.yaml
============================================================
[INFO] toolkit try chrome: https://chromewebstore.google.com/detail/free-vpn-proxy-1vpn/akcocjjpkmlniicdeemdceeajlmoabhg
[INFO] toolkit try download: https://clients2.google.com/service/update2/crx?response=redirect&prodversion=131.0.6778.0&acceptformat=crx2,crx3&x=id%3dakcocjjpkmlniicdeemdceeajlmoabhg%26uc
[OK] toolkit downloaded: free-vpn-proxy-1vpn.crx bytes=1627904
[OK] toolkit extracted archive=free-vpn-proxy-1vpn.crx tool=zipfile files=68 dirs=57
[OK] toolkit 1vpn-crx scanned hosts=17 keys=1 archive=free-vpn-proxy-1vpn.crx
[OK] proxies=17 source=[1VPN-CRX] url=https://clients2.google.com/service/update2/crx?response=redirect&prodversion=131.0.6778.0&acceptformat=crx2,crx3&x=id%3dakcocjjpkmlniicdeemdceeajlmoabhg%26uc
============================================================
[INFO] article try feed: https://free.datiya.com/index.xml
[INFO] sublink try page: https://free.datiya.com/post/20260922/
[OK] proxies=14 new=14 url=https://free.datiya.com/uploads/20260922-clash.yaml
[OK] proxies=14 source=[OpenRunner-RSS] url=https://free.datiya.com/post/20260922/
============================================================
[INFO] article try feed: https://v2rayshare.com/feed
[INFO] sublink try page: https://v2rayshare.net/p/5058.html
[OK] proxies=22 new=22 url=https://static.v2rayshare.net/2026/09/20260922.txt
[OK] proxies=21 new=0 url=https://static.v2rayshare.net/2026/09/20260922.yaml
[OK] proxies=22 new=0 url=https://static.v2rayshare.net/2026/09/m20260922.yaml
[INFO] sublink try repo: https://github.com/firefoxmmx2/v2rayshare_subcription
[INFO] sublink try page: https://raw.githubusercontent.com/firefoxmmx2/v2rayshare_subcription/main/README.md
[OK] proxies=23 new=23 url=https://{raw.githubusercontent.com|cdn.jsdelivr.net}/firefoxmmx2/v2rayshare_subcription/main/subscription/vray_sub.txt
[OK] proxies=30 new=30 url=https://{raw.githubusercontent.com|cdn.jsdelivr.net}/firefoxmmx2/v2rayshare_subcription/main/subscription/clash_sub.yaml
[OK] proxies=30 new=0 url=https://{raw.githubusercontent.com|cdn.jsdelivr.net}/firefoxmmx2/v2rayshare_subcription/main/subscription/mihomo_sub.yaml
[OK] proxies=75 source=[V2Rayshare-RSS] url=https://raw.githubusercontent.com/firefoxmmx2/v2rayshare_subcription/main/README.md
============================================================
[INFO] article try feed: https://www.mibei77.com/feed
[INFO] sublink try page: https://www.mibei77.com/689.html
[OK] proxies=138 new=138 url=https://mm.mibei77.com/202609/09.2264bacds.txt
[OK] proxies=135 new=0 url=https://mm.mibei77.com/202609/0922Clashijz.yaml
[OK] proxies=138 source=[Mibei77-RSS] url=https://www.mibei77.com/689.html
============================================================
[INFO] article try feed: https://yoyapai.com/feed
[INFO] sublink try page: https://yoyapai.com/729
[OK] proxies=1 new=1 url=https://yoyapai.com/729
[OK] proxies=217 new=217 url=https://freenode.yoyapai.com/2026/09/22-yoyapai.com-clash-vpnmianfeijiedian.yaml
[OK] proxies=217 new=0 url=https://freenode.yoyapai.com/2026/09/22-yoyapai.com-ssrv2ray-vpnmianfeijiedian.txt
[OK] proxies=218 source=[Yoyapai-RSS] url=https://yoyapai.com/729
============================================================
[INFO] sublink try repo: https://github.com/free18/v2ray
[INFO] sublink try page: https://raw.githubusercontent.com/free18/v2ray/main/README.md
[OK] proxies=3 new=3 url=https://raw.githubusercontent.com/free18/v2ray/main/README.md
[OK] proxies=332 new=332 url=https://ghfast.top/https://raw.githubusercontent.com/free18/v2ray/refs/heads/main/v.txt
[OK] proxies=332 new=0 url=https://ghfast.top/https://raw.githubusercontent.com/free18/v2ray/refs/heads/main/c.yaml
[OK] proxies=335 source=[免费节点1] url=https://raw.githubusercontent.com/free18/v2ray/main/README.md
============================================================
[INFO] sublink try repo: https://github.com/ermaozi/get_subscribe
[INFO] sublink try page: https://raw.githubusercontent.com/ermaozi/get_subscribe/main/README.md
[INFO] sublink file_nodes=0 bare links=9
[OK] proxies=332 new=332 url=https://www.ermao.net/sub/{clash|v2ray}/ermao.net
[OK] proxies=330 new=0 url=https://www.ermao.net/sub/{reachable|unreachable|untested}/clash/ermao.net
[OK] proxies=332 source=[免费节点2] url=https://raw.githubusercontent.com/ermaozi/get_subscribe/main/README.md
============================================================
[INFO] sublink try repo: https://github.com/sunmiao4458/free-proxy-airport
[INFO] sublink try page: https://raw.githubusercontent.com/sunmiao4458/free-proxy-airport/main/README.md
[OK] proxies=22 new=22 url=https://sunmiao4458.github.io/free-proxy-airport/clash.yaml
[OK] proxies=22 source=[免费节点3] url=https://raw.githubusercontent.com/sunmiao4458/free-proxy-airport/main/README.md
============================================================
[INFO] sublink try repo: https://github.com/mfuu/FreeProxies
[INFO] sublink try page: https://raw.githubusercontent.com/mfuu/FreeProxies/master/README.md
[OK] proxies=827 new=827 url=https://raw.githubusercontent.com/mfuu/FreeProxies/master/sub.yaml
[OK] proxies=827 source=[免费节点4] url=https://raw.githubusercontent.com/mfuu/FreeProxies/master/README.md
============================================================
[INFO] sublink try repo: https://github.com/vxiaov/free_proxies
[INFO] sublink try page: https://raw.githubusercontent.com/vxiaov/free_proxies/main/README.md
[OK] proxies=1 new=1 url=https://raw.githubusercontent.com/vxiaov/free_proxies/main/README.md
[OK] proxies=28 new=28 url=https://{cdn.jsdelivr.net|raw.githubusercontent.com}/vxiaov/free_proxies/main/clash/clash.provider.yaml
[OK] proxies=29 source=[免费节点5] url=https://raw.githubusercontent.com/vxiaov/free_proxies/main/README.md
============================================================
[INFO] sublink try repo: https://github.com/anaer/Sub
[INFO] sublink try page: https://raw.githubusercontent.com/anaer/Sub/main/README.MD
[OK] proxies=566 new=566 url=https://anaer.github.io/Sub/clash.yaml
[OK] proxies=566 new=0 url=https://raw.githubusercontent.com/anaer/Sub/main/clash.yaml
[OK] proxies=566 source=[免费节点6] url=https://raw.githubusercontent.com/anaer/Sub/main/README.MD
============================================================
[INFO] sublink try repo: https://github.com/snakem982/proxypool
[INFO] sublink try page: https://raw.githubusercontent.com/snakem982/proxypool/main/README.md
[OK] proxies=64 new=64 url=https://raw.githubusercontent.com/snakem982/proxypool/main/source/clash-meta-2.yaml
[OK] proxies=60 new=0 url=https://raw.githubusercontent.com/snakem982/proxypool/main/source/v2ray-2.txt
[OK] proxies=58 new=0 url=https://raw.githubusercontent.com/snakem982/proxypool/main/source/sing-box-2.json
[OK] proxies=64 source=[免费节点7] url=https://raw.githubusercontent.com/snakem982/proxypool/main/README.md
============================================================
[INFO] sublink try repo: https://github.com/mahdibland/V2RayAggregator
[INFO] sublink try page: https://raw.githubusercontent.com/mahdibland/V2RayAggregator/master/README.md
[OK] proxies=373 new=373 url=https://raw.githubusercontent.com/mahdibland/V2RayAggregator/master/README.md
[OK] proxies=1 new=1 url=https://github.com/mahdibland/SSAggregator/actions/workflows/Collector.yml
[OK] proxies=1 new=0 url=https://github.com/mahdibland/SSAggregator/actions/workflows/Airport_Collector.yml
[OK] proxies=193 new=0 url=https://raw.githubusercontent.com/mahdibland/ShadowsocksAggregator/master/Eternity.txt
[OK] proxies=194 new=7 url=https://raw.githubusercontent.com/mahdibland/ShadowsocksAggregator/master/Eternity.yml
[OK] proxies=61 new=61 url=https://raw.githubusercontent.com/mahdibland/ShadowsocksAggregator/master/EternityAir.txt
[OK] proxies=3941 new=3653 url=https://raw.githubusercontent.com/mahdibland/SSAggregator/master/sub/sub_merge_base64.txt
[OK] proxies=3941 new=0 url=https://raw.githubusercontent.com/mahdibland/{SSAggregator|ShadowsocksAggregator}/master/sub/sub_merge.txt
[OK] proxies=4008 new=245 url=https://raw.githubusercontent.com/mahdibland/SSAggregator/master/sub/sub_merge_yaml.yml
[OK] proxies=61 new=0 url=https://raw.githubusercontent.com/mahdibland/SSAggregator/master/sub/airport_merge_base64.txt
[OK] proxies=61 new=0 url=https://raw.githubusercontent.com/mahdibland/SSAggregator/master/sub/airport_sub_merge.txt
[OK] proxies=1439 new=0 url=https://raw.githubusercontent.com/mahdibland/ShadowsocksAggregator/master/sub/splitted/vmess.txt
[OK] proxies=621 new=0 url=https://raw.githubusercontent.com/mahdibland/ShadowsocksAggregator/master/sub/splitted/trojan.txt
[OK] proxies=46 new=0 url=https://raw.githubusercontent.com/mahdibland/ShadowsocksAggregator/master/sub/splitted/ssr.txt
[OK] proxies=1835 new=0 url=https://raw.githubusercontent.com/mahdibland/ShadowsocksAggregator/master/sub/splitted/ss.txt
[OK] proxies=1 new=0 url=https://cdn.jsdelivr.net/gh/mahdibland/V2RayAggregator@master/update/provider/provider-meta.yml
[OK] proxies=1 new=0 url=https://cdn.jsdelivr.net/gh/mahdibland/V2RayAggregator@master/update/provider/provider-meta-cn.yml
[OK] proxies=1 new=0 url=https://cdn.jsdelivr.net/gh/mahdibland/V2RayAggregator@master/update/provider/provider-meta-others.yml
[OK] proxies=1 new=0 url=https://cdn.jsdelivr.net/gh/mahdibland/V2RayAggregator@master/update/provider/provider.yml
[OK] proxies=1 new=0 url=https://cdn.jsdelivr.net/gh/mahdibland/V2RayAggregator@master/update/provider/provider-cn.yml
[OK] proxies=1 new=0 url=https://cdn.jsdelivr.net/gh/mahdibland/V2RayAggregator@master/update/provider/provider-others.yml
[OK] proxies=4340 source=[免费节点8] url=https://raw.githubusercontent.com/mahdibland/V2RayAggregator/master/README.md
============================================================
[INFO] sublink try repo: https://github.com/w1770946466/Auto_proxy
[INFO] sublink try page: https://raw.githubusercontent.com/w1770946466/Auto_proxy/main/README.md
[OK] proxies=1 new=1 url=https://github.com/w1770946466/Auto_proxy/actions/workflows/main.yml
[OK] proxies=245 new=245 url=https://raw.githubusercontent.com/w1770946466/Auto_proxy/main/{Long_term_subscription2.yaml|Long_term_subscription1.yaml|Long_term_subscription3.yaml}
[OK] proxies=489 new=54 url=https://raw.githubusercontent.com/w1770946466/Auto_proxy/main/{Long_term_subscription1|Long_term_subscription2|Long_term_subscription3|Long_term_subscription4|Long_term_subscription5|Long_term_subscription6|Long_term_subscription7|Long_term_subscription8}
[OK] proxies=489 new=315 url=https://raw.githubusercontent.com/w1770946466/Auto_proxy/main/Long_term_subscription_num
[OK] proxies=615 source=[免费节点9] url=https://raw.githubusercontent.com/w1770946466/Auto_proxy/main/README.md
============================================================
[INFO] sublink try repo: https://github.com/PuddinCat/BestClash
[INFO] sublink try page: https://raw.githubusercontent.com/PuddinCat/BestClash/main/README.md
[OK] proxies=16 new=16 url=https://raw.githubusercontent.com/PuddinCat/BestClash/main/proxies.yaml
[OK] proxies=28 new=28 url=https://cdn.jsdelivr.net/gh/vxiaov/free_proxies@main/clash/clash.provider.yaml
[OK] proxies=24 new=24 url=https://freenode.openrunner.net/uploads/20240807-clash.yaml
[OK] proxies=38 new=38 url=https://raw.githubusercontent.com/Misaka-blog/chromego_merge/main/sub/merged_proxies_new.yaml
[OK] proxies=3701 new=3689 url=https://raw.githubusercontent.com/{NiceVPN123|anaer}/{NiceVPN|Sub}/main/{Clash.yaml|clash.yaml}
[OK] proxies=27 new=2 url=https://raw.githubusercontent.com/{chengaopan|peasoft}/{AutoMergePublicNodes|NoMoreWalls}/master/list.yml
[OK] proxies=343 new=307 url=https://raw.githubusercontent.com/{ermaozi|ermaozi01}/{get_subscribe|free_clash_vpn}/main/subscribe/clash.yml
[OK] proxies=194 new=187 url=https://raw.githubusercontent.com/mahdibland/ShadowsocksAggregator/master/Eternity.yml
[OK] proxies=165 new=160 url=https://raw.githubusercontent.com/ronghuaxueleng/get_v2/main/pub/combine.yaml
[OK] proxies=144 new=3 url=https://raw.githubusercontent.com/zhangkaiitugithub/passcro/main/speednodes.yaml
[OK] proxies=4454 source=[免费节点10] url=https://raw.githubusercontent.com/PuddinCat/BestClash/main/README.md
============================================================
[INFO] sublink try repo: https://github.com/kooker/FreeSubsCheck
[INFO] sublink try page: https://raw.githubusercontent.com/kooker/FreeSubsCheck/main/README.md
[OK] proxies=39 new=39 url=https://raw.githubusercontent.com/kooker/FreeSubsCheck/main/mihomo.yaml
[OK] proxies=39 new=0 url=https://raw.githubusercontent.com/kooker/FreeSubsCheck/main/all.yaml
[OK] proxies=31 new=0 url=https://raw.githubusercontent.com/kooker/FreeSubsCheck/main/base64.txt
[OK] proxies=41 new=29 url=https://raw.githubusercontent.com/kooker/FreeSubsCheck/main/byxiaoxi.txt
[OK] proxies=616 new=608 url=https://raw.githubusercontent.com/kooker/FreeSubsCheck/main/kooker.jp.txt
[OK] proxies=676 source=[免费节点11] url=https://raw.githubusercontent.com/kooker/FreeSubsCheck/main/README.md
============================================================
[INFO] toolkit try repo: https://github.com/Pawdroid/shadowrocket_for_android
[INFO] toolkit try release: https://github.com/Pawdroid/shadowrocket_for_android/releases
[INFO] toolkit try release: https://github.com/Pawdroid/shadowrocket_for_android/releases/expanded_assets/10.10.52
[INFO] toolkit try download: https://github.com/Pawdroid/shadowrocket_for_android/releases/download/10.10.52/Shadowrocket_10.10.52_shadowrocketStandard_arm64-v8a.apk
[OK] toolkit downloaded: Shadowrocket_10.10.52_shadowrocketStandard_arm64-v8a.apk bytes=41176999
[OK] toolkit extracted archive=Shadowrocket_10.10.52_shadowrocketStandard_arm64-v8a.apk tool=zipfile files=1176 dirs=44
[OK] toolkit sr-apk scanned prefixes=38 files=6 keys=2 archive=Shadowrocket_10.10.52_shadowrocketStandard_arm64-v8a.apk
[OK] proxies=1345 new=1345 url=https://{raw.githubusercontent.com|cdn.jsdelivr.net}/pixelor/ecfg/main/data/ecfg6_zh
[OK] proxies=1908 new=698 url=https://{raw.githubusercontent.com|cdn.jsdelivr.net}/pixelor/ecfg/main/data/ecfg6_en
[OK] proxies=208 new=74 url=https://{raw.githubusercontent.com|cdn.jsdelivr.net}/pixelor/ecfg/main/data/ecfg6
[OK] proxies=208 new=0 url=https://{files.shadowrockets.app|cdn.shadowrockets.app}/ecfg/data/ecfg6
[OK] proxies=853 new=0 url=https://{files.shadowrockets.app|cdn.shadowrockets.app}/ecfg/data/ecfg6_en
[OK] proxies=853 new=0 url=https://{files.shadowrockets.app|cdn.shadowrockets.app}/ecfg/data/ecfg6_zh
[OK] proxies=2117 source=[Pawdroid-SR-APK] url=https://github.com/Pawdroid/shadowrocket_for_android/releases/download/10.10.52/Shadowrocket_10.10.52_shadowrocketStandard_arm64-v8a.apk
============================================================
[INFO] toolkit try page: https://shadowshare.v2cross.com
[INFO] toolkit try download: https://shadowshare.v2cross.com/shadowshare.apk
[OK] toolkit downloaded: shadowshare.apk bytes=62868122
[OK] toolkit extracted archive=shadowshare.apk tool=zipfile files=612 dirs=39
[OK] toolkit ss-apk scanned prefixes=10 files=3 keys=1 archive=shadowshare.apk
[OK] proxies=220 new=192 url=https://{raw.githubusercontent.com|jsd.onmicrosoft.cn}/hideme9527/ecsfg/main/data/sareserver
[OK] proxies=1386 new=1311 url=https://{raw.githubusercontent.com|jsd.onmicrosoft.cn}/hideme9527/ecsfg/main/data/sareserver_en
[OK] proxies=128 new=0 url=https://shadowsharing.com/data/sareserver
[OK] proxies=1386 new=0 url=https://shadowsharing.com/data/sareserver_en
[OK] proxies=1503 source=[Pawdroid-SS-APK] url=https://shadowshare.v2cross.com/shadowshare.apk
============================================================
[INFO] sublink try repo: https://github.com/free-nodes/clashfree
[INFO] sublink try page: https://raw.githubusercontent.com/free-nodes/clashfree/main/README.md
[OK] proxies=1 new=1 url=https://github.com/free-nodes/clashfree/blob/main/clash20260922.yml
[INFO] sublink file_nodes=1 bare links=3
[WARN] source=[Clashfree] few proxies found=1 raw=138
[INFO] source=[Clashfree] reused previous raw file=797390778598-raw-1401-20260922.yaml stamp=202609221401
[OK] proxies=138 source=[Clashfree] url=https://raw.githubusercontent.com/free-nodes/clashfree/main/README.md
============================================================
[INFO] sublink try repo: https://github.com/Epodonios/v2ray-configs
[INFO] sublink try page: https://raw.githubusercontent.com/Epodonios/v2ray-configs/main/README.md
[OK] proxies=1 new=1 url=https://github.com/Epodonios/V2ray-Configs/actions/workflows/main.yml
[OK] proxies=4124 new=4124 url=https://github.com/Epodonios/v2ray-configs/raw/main/All_Configs_Sub.txt
[OK] proxies=4124 new=0 url=https://github.com/Epodonios/v2ray-configs/raw/main/All_Configs_base64_Sub.txt
[OK] proxies=3285 new=149 url=https://github.com/Epodonios/v2ray-configs/raw/main/Splitted-By-Protocol/vless.txt
[OK] proxies=178 new=6 url=https://github.com/Epodonios/v2ray-configs/raw/main/Splitted-By-Protocol/vmess.txt
[OK] proxies=385 new=7 url=https://github.com/Epodonios/v2ray-configs/raw/main/Splitted-By-Protocol/ss.txt
[OK] proxies=3 new=0 url=https://github.com/Epodonios/v2ray-configs/raw/main/Splitted-By-Protocol/ssr.txt
[OK] proxies=162 new=3 url=https://github.com/Epodonios/v2ray-configs/raw/main/Splitted-By-Protocol/trojan.txt
[OK] proxies=4124 new=0 url=https://raw.githubusercontent.com/Epodonios/v2ray-configs/main/{Sub1.txt|Sub2.txt|Sub3.txt|Sub4.txt|Sub5.txt|Sub6.txt|Sub7.txt|Sub8.txt}
[OK] proxies=4290 source=[Epodonios] url=https://raw.githubusercontent.com/Epodonios/v2ray-configs/main/README.md
============================================================
[INFO] sublink try repo: https://github.com/free-clash-v2ray/free-clash-v2ray.github.io
[INFO] sublink try page: https://raw.githubusercontent.com/free-clash-v2ray/free-clash-v2ray.github.io/main/README.md
[OK] proxies=3279 new=3279 url=https://free-clash-v2ray.github.io/uploads/2026/09/{0-20260920.yaml|1-20260920.yaml|2-20260920.yaml|3-20260920.yaml}
[OK] proxies=4810 new=1941 url=https://free-clash-v2ray.github.io/uploads/2026/09/{0-20260920.txt|1-20260920.txt|2-20260920.txt|3-20260920.txt|4-20260920.txt}
[OK] proxies=5220 source=[Free-clash-v2ray] url=https://raw.githubusercontent.com/free-clash-v2ray/free-clash-v2ray.github.io/main/README.md
============================================================
[INFO] article try page: https://v2rayclashfree.com
[INFO] sublink try page: https://v2rayclashfree.com/fn/20260922.html
[OK] proxies=3433 new=3433 url=https://v2rayclashfree.com/sub/20260922-v2ray.txt
[OK] proxies=3170 new=421 url=https://v2rayclashfree.com/sub/20260922-clash.yaml
[OK] proxies=3854 source=[V2rayclashfree-RSS] url=https://v2rayclashfree.com/fn/20260922.html
============================================================
[INFO] raw backup written path=/home/runner/work/Free-node-autotest/Free-node-autotest/output/raw.yaml proxies=30093
[INFO] toolkit try repo: https://github.com/MetaCubeX/mihomo
[INFO] toolkit try release: https://github.com/MetaCubeX/mihomo/releases
[INFO] toolkit try release: https://github.com/MetaCubeX/mihomo/releases/expanded_assets/v1.19.31
[INFO] toolkit try download: https://github.com/MetaCubeX/mihomo/releases/download/v1.19.31/mihomo-linux-amd64-compatible-v1.19.31.gz
[OK] toolkit downloaded: mihomo-linux-amd64-compatible-v1.19.31.gz bytes=22821836
[OK] toolkit sha256 verified: mihomo-linux-amd64-compatible-v1.19.31.gz sha256=04cf9f09671704f839ddbee2e93069dc831a4123a75281e725d1d96ab9ac1afc
[OK] proxy engine ready: starting latency test package=mihomo-linux-amd64-compatible-v1.19.31.gz
============================================================
[WARN] batch start failed size=18780 {1} split -> 9390 {2} + 9390 {3}
[WARN] batch start failed size=9390 {2} split -> 4695 {4} + 4695 {5}
[WARN] batch start failed size=9390 {3} split -> 4695 {6} + 4695 {7}
[WARN] batch start failed size=4695 {4} split -> 2347 {8} + 2348 {9}
[WARN] batch start failed size=4695 {7} split -> 2347 {10} + 2348 {11}
[WARN] batch start failed size=4695 {6} split -> 2347 {12} + 2348 {13}
[WARN] batch start failed size=2347 {8} split -> 1173 {14} + 1174 {15}
[TEST] {5} tested 100/4695 kept=0 rest=18680
[TEST] {9} tested 100/2348 kept=74 rest=18534
[TEST] {10} tested 100/2347 kept=0 rest=18418
[TEST] {10} tested 200/2347 kept=2 rest=18309
[TEST] {10} tested 300/2347 kept=6 rest=18205
[TEST] {5} tested 200/4695 kept=0 rest=18133
[TEST] {9} tested 200/2348 kept=85 rest=17999
[TEST] {10} tested 400/2347 kept=6 rest=17844
[TEST] {10} tested 500/2347 kept=6 rest=17732
[TEST] {10} tested 600/2347 kept=25 rest=17629
[TEST] {5} tested 300/4695 kept=0 rest=17540
[TEST] {9} tested 300/2348 kept=85 rest=17432
[TEST] {9} tested 400/2348 kept=86 rest=17328
[TEST] {10} tested 700/2347 kept=29 rest=17271
[TEST] {10} tested 800/2347 kept=29 rest=17125
[TEST] {9} tested 500/2348 kept=87 rest=17007
[TEST] {10} tested 900/2347 kept=36 rest=16998
[TEST] {5} tested 400/4695 kept=0 rest=16920
[TEST] {10} tested 1000/2347 kept=37 rest=16846
[TEST] {9} tested 600/2348 kept=87 rest=16717
[TEST] {5} tested 500/4695 kept=0 rest=16594
[TEST] {9} tested 700/2348 kept=87 rest=16508
[TEST] {10} tested 1100/2347 kept=45 rest=16400
[TEST] {9} tested 800/2348 kept=87 rest=16262
[TEST] {5} tested 600/4695 kept=0 rest=16194
[TEST] {9} tested 900/2348 kept=87 rest=16068
[TEST] {10} tested 1200/2347 kept=45 rest=16046
[TEST] {10} tested 1300/2347 kept=45 rest=15914
[TEST] {10} tested 1400/2347 kept=49 rest=15801
[TEST] {10} tested 1500/2347 kept=52 rest=15625
[TEST] {5} tested 700/4695 kept=0 rest=15606
[TEST] {9} tested 1000/2348 kept=87 rest=15509
[TEST] {10} tested 1600/2347 kept=62 rest=15371
[TEST] {10} tested 1700/2347 kept=64 rest=15260
[TEST] {5} tested 800/4695 kept=0 rest=15131
[TEST] {9} tested 1100/2348 kept=87 rest=14999
[TEST] {10} tested 1800/2347 kept=69 rest=14910
[TEST] {5} tested 900/4695 kept=0 rest=14890
[TEST] {9} tested 1200/2348 kept=87 rest=14867
[TEST] {10} tested 1900/2347 kept=101 rest=14707
[TEST] {5} tested 1000/4695 kept=0 rest=14532
[TEST] {10} tested 2000/2347 kept=160 rest=14516
[TEST] {5} tested 1100/4695 kept=0 rest=14393
[TEST] {10} tested 2100/2347 kept=204 rest=14293
[TEST] {10} tested 2200/2347 kept=226 rest=14187
[TEST] {10} tested 2300/2347 kept=248 rest=14039
[TEST] {5} tested 1200/4695 kept=0 rest=13975
[TEST] {9} tested 1300/2348 kept=87 rest=13964
[TEST] {5} tested 1300/4695 kept=0 rest=13749
[TEST] {10} tested 2347/2347 kept=251 rest=13702
[TEST] {5} tested 1400/4695 kept=0 rest=13646
[TEST] {5} tested 1500/4695 kept=5 rest=13537
[TEST] {9} tested 1400/2348 kept=87 rest=13520
[TEST] {5} tested 1600/4695 kept=8 rest=13395
[TEST] {9} tested 1500/2348 kept=87 rest=13261
[WARN] batch start failed size=2348 {11} split -> 1174 {16} + 1174 {17}
[TEST] {5} tested 1700/4695 kept=8 rest=13202
[TEST] {12} tested 100/2347 kept=0 rest=13046
[TEST] {5} tested 1800/4695 kept=8 rest=12883
[TEST] {12} tested 200/2347 kept=1 rest=12860
[TEST] {9} tested 1600/2348 kept=87 rest=12750
[TEST] {5} tested 1900/4695 kept=8 rest=12708
[TEST] {5} tested 2000/4695 kept=18 rest=12526
[TEST] {9} tested 1700/2348 kept=87 rest=12459
[TEST] {12} tested 300/2347 kept=4 rest=12425
[TEST] {12} tested 400/2347 kept=19 rest=12229
[TEST] {5} tested 2100/4695 kept=18 rest=12142
[TEST] {9} tested 1800/2348 kept=87 rest=12101
[TEST] {12} tested 500/2347 kept=22 rest=11934
[TEST] {9} tested 1900/2348 kept=153 rest=11796
[TEST] {12} tested 600/2347 kept=32 rest=11684
[TEST] {5} tested 2200/4695 kept=18 rest=11680
[TEST] {9} tested 2000/2348 kept=210 rest=11603
[TEST] {5} tested 2300/4695 kept=18 rest=11349
[TEST] {12} tested 700/2347 kept=62 rest=11328
[TEST] {9} tested 2100/2348 kept=230 rest=11322
[TEST] {12} tested 800/2347 kept=125 rest=11194
[TEST] {12} tested 900/2347 kept=204 rest=11040
[TEST] {5} tested 2400/4695 kept=19 rest=11001
[TEST] {12} tested 1000/2347 kept=266 rest=10911
[TEST] {12} tested 1100/2347 kept=323 rest=10738
[TEST] {9} tested 2200/2348 kept=230 rest=10648
[TEST] {12} tested 1200/2347 kept=388 rest=10557
[TEST] {12} tested 1300/2347 kept=431 rest=10453
[TEST] {12} tested 1400/2347 kept=456 rest=10352
[TEST] {12} tested 1500/2347 kept=488 rest=10247
[TEST] {12} tested 1600/2347 kept=510 rest=10108
[TEST] {5} tested 2500/4695 kept=19 rest=10083
[TEST] {12} tested 1700/2347 kept=529 rest=9972
[TEST] {12} tested 1800/2347 kept=557 rest=9839
[TEST] {12} tested 1900/2347 kept=581 rest=9712
[TEST] {5} tested 2600/4695 kept=19 rest=9606
[TEST] {12} tested 2000/2347 kept=585 rest=9593
[TEST] {12} tested 2100/2347 kept=589 rest=9485
[TEST] {12} tested 2200/2347 kept=599 rest=9368
[TEST] {9} tested 2300/2348 kept=230 rest=9215
[TEST] {12} tested 2300/2347 kept=616 rest=9161
[TEST] {5} tested 2700/4695 kept=19 rest=9080
[TEST] {5} tested 2800/4695 kept=19 rest=8962
[TEST] {9} tested 2348/2348 kept=230 rest=8919
[TEST] {12} tested 2347/2347 kept=625 rest=8915
[WARN] batch start failed size=2348 {13} split -> 1174 {18} + 1174 {19}
[TEST] {5} tested 2900/4695 kept=19 rest=8838
[WARN] batch start failed size=1173 {14} split -> 586 {20} + 587 {21}
[WARN] batch start failed size=1174 {16} split -> 587 {22} + 587 {23}
[TEST] {5} tested 3000/4695 kept=20 rest=8703
[TEST] {17} tested 100/1174 kept=91 rest=8586
[TEST] {17} tested 200/1174 kept=174 rest=8410
[TEST] {15} tested 100/1174 kept=2 rest=8371
[TEST] {5} tested 3100/4695 kept=20 rest=8232
[TEST] {17} tested 300/1174 kept=209 rest=8137
[TEST] {15} tested 200/1174 kept=4 rest=8052
[TEST] {15} tested 300/1174 kept=35 rest=7866
[TEST] {17} tested 400/1174 kept=209 rest=7843
[TEST] {17} tested 500/1174 kept=209 rest=7728
[TEST] {5} tested 3200/4695 kept=21 rest=7725
[TEST] {17} tested 600/1174 kept=209 rest=7604
[TEST] {17} tested 700/1174 kept=210 rest=7451
[TEST] {5} tested 3300/4695 kept=22 rest=7367
[TEST] {17} tested 800/1174 kept=218 rest=7255
[TEST] {17} tested 900/1174 kept=223 rest=7141
[TEST] {17} tested 1000/1174 kept=261 rest=7007
[TEST] {15} tested 400/1174 kept=39 rest=6880
[TEST] {5} tested 3400/4695 kept=23 rest=6875
[TEST] {17} tested 1100/1174 kept=329 rest=6749
[TEST] {15} tested 500/1174 kept=42 rest=6650
[TEST] {5} tested 3500/4695 kept=23 rest=6577
[TEST] {15} tested 600/1174 kept=42 rest=6429
[TEST] {5} tested 3600/4695 kept=23 rest=6370
[TEST] {17} tested 1174/1174 kept=355 rest=6199
[TEST] {5} tested 3700/4695 kept=23 rest=6196
[TEST] {15} tested 700/1174 kept=42 rest=6133
[WARN] batch start failed size=1174 {18} split -> 587 {24} + 587 {25}
[TEST] {5} tested 3800/4695 kept=23 rest=5977
[TEST] {15} tested 800/1174 kept=44 rest=5935
[TEST] {5} tested 3900/4695 kept=23 rest=5831
[TEST] {19} tested 100/1174 kept=0 rest=5699
[TEST] {19} tested 200/1174 kept=0 rest=5504
[TEST] {15} tested 900/1174 kept=44 rest=5481
[TEST] {5} tested 4000/4695 kept=23 rest=5461
[TEST] {5} tested 4100/4695 kept=23 rest=5333
[TEST] {5} tested 4200/4695 kept=23 rest=5222
[TEST] {5} tested 4300/4695 kept=23 rest=5069
[TEST] {15} tested 1000/1174 kept=45 rest=5034
[TEST] {19} tested 300/1174 kept=2 rest=4903
[TEST] {19} tested 400/1174 kept=2 rest=4789
[TEST] {19} tested 500/1174 kept=4 rest=4666
[TEST] {5} tested 4400/4695 kept=23 rest=4581
[TEST] {5} tested 4500/4695 kept=23 rest=4395
[TEST] {15} tested 1100/1174 kept=46 rest=4338
[TEST] {5} tested 4600/4695 kept=23 rest=4256
[TEST] {19} tested 600/1174 kept=6 rest=4224
[TEST] {19} tested 700/1174 kept=7 rest=4111
[TEST] {19} tested 800/1174 kept=9 rest=3998
[TEST] {19} tested 900/1174 kept=12 rest=3858
[TEST] {15} tested 1174/1174 kept=46 rest=3810
[WARN] batch start failed size=586 {20} split -> 293 {26} + 293 {27}
[TEST] {5} tested 4695/4695 kept=23 rest=3722
[TEST] {19} tested 1000/1174 kept=17 rest=3586
[TEST] {22} tested 100/587 kept=62 rest=3483
[TEST] {21} tested 100/587 kept=34 rest=3446
[TEST] {22} tested 200/587 kept=109 rest=3308
[TEST] {22} tested 300/587 kept=130 rest=3157
[TEST] {22} tested 400/587 kept=141 rest=3027
[TEST] {22} tested 500/587 kept=152 rest=2909
[TEST] {21} tested 200/587 kept=121 rest=2867
[TEST] {19} tested 1100/1174 kept=25 rest=2856
[TEST] {21} tested 300/587 kept=169 rest=2695
[TEST] {19} tested 1174/1174 kept=25 rest=2611
[TEST] {22} tested 587/587 kept=176 rest=2609
[WARN] batch start failed size=587 {23} split -> 293 {28} + 294 {29}
[WARN] batch start failed size=587 {24} split -> 293 {30} + 294 {31}
[WARN] batch start failed size=587 {25} split -> 293 {32} + 294 {33}
[WARN] batch start failed size=293 {26} split -> 146 {34} + 147 {35}
[WARN] batch start failed size=294 {29} split -> 147 {36} + 147 {37}
[TEST] {27} tested 100/293 kept=1 rest=2447
[TEST] {21} tested 400/587 kept=194 rest=2406
[TEST] {27} tested 200/293 kept=19 rest=2296
[TEST] {28} tested 100/293 kept=3 rest=2186
[TEST] {28} tested 200/293 kept=7 rest=2080
[TEST] {21} tested 500/587 kept=197 rest=1885
[TEST] {27} tested 293/293 kept=28 rest=1815
[TEST] {28} tested 293/293 kept=16 rest=1802
[WARN] batch start failed size=293 {30} split -> 146 {38} + 147 {39}
[WARN] batch start failed size=294 {33} split -> 147 {40} + 147 {41}
[TEST] {31} tested 100/294 kept=5 rest=1682
[TEST] {21} tested 587/587 kept=197 rest=1558
[WARN] batch start failed size=147 {35} split -> 73 {42} + 74 {43}
[WARN] batch start failed size=146 {34} split -> 73 {44} + 73 {45}
[TEST] {36} tested 100/147 kept=31 rest=1454
[TEST] {31} tested 200/294 kept=6 rest=1356
[TEST] {32} tested 100/293 kept=1 rest=1283
[TEST] {32} tested 200/293 kept=4 rest=1177
[TEST] {36} tested 147/147 kept=41 rest=1121
[WARN] batch start failed size=147 {37} split -> 73 {46} + 74 {47}
[TEST] {31} tested 294/294 kept=6 rest=1084
[TEST] {38} tested 100/146 kept=4 rest=984
[WARN] batch start failed size=147 {39} split -> 73 {48} + 74 {49}
[TEST] {32} tested 293/293 kept=11 rest=902
[WARN] batch start failed size=147 {40} split -> 73 {50} + 74 {51}
[TEST] {38} tested 146/146 kept=15 rest=727
[WARN] batch start failed size=73 {42} split -> 36 {52} + 37 {53}
[TEST] {41} tested 100/147 kept=2 rest=707
[TEST] {41} tested 147/147 kept=2 rest=644
[TEST] {43} tested 74/74 kept=40 rest=640
[WARN] batch start failed size=73 {45} split -> 36 {54} + 37 {55}
[WARN] batch start failed size=74 {47} split -> 37 {56} + 37 {57}
[WARN] batch start failed size=73 {48} split -> 36 {58} + 37 {59}
[TEST] {44} tested 73/73 kept=11 rest=475
[TEST] {46} tested 73/73 kept=12 rest=432
[WARN] batch start failed size=74 {51} split -> 37 {60} + 37 {61}
[WARN] batch start failed size=37 {53} split -> 18 {62} + 19 {63}
[TEST] {49} tested 74/74 kept=3 rest=400
[WARN] batch start failed size=36 {54} split -> 18 {64} + 18 {65}
[WARN] batch start failed size=37 {55} split -> 18 {66} + 19 {67}
[WARN] batch start failed size=37 {57} split -> 18 {68} + 19 {69}
[TEST] {50} tested 73/73 kept=19 rest=321
[WARN] batch start failed size=37 {59} split -> 18 {70} + 19 {71}
[TEST] {52} tested 36/36 kept=0 rest=278
[WARN] batch start failed size=37 {61} split -> 18 {72} + 19 {73}
[TEST] {56} tested 37/37 kept=3 rest=253
[TEST] {58} tested 36/36 kept=16 rest=242
[WARN] batch start failed size=18 {62} split -> 9 {74} + 9 {75}
[TEST] {60} tested 37/37 kept=3 rest=201
[WARN] batch start failed size=18 {65} split -> 9 {76} + 9 {77}
[WARN] batch start failed size=18 {66} split -> 9 {78} + 9 {79}
[TEST] {63} tested 19/19 kept=4 rest=184
[WARN] batch start failed size=19 {69} split -> 9 {80} + 10 {81}
[TEST] {64} tested 18/18 kept=5 rest=168
[TEST] {67} tested 19/19 kept=0 rest=146
[WARN] batch start failed size=19 {71} split -> 9 {82} + 10 {83}
[WARN] batch start failed size=19 {73} split -> 9 {84} + 10 {85}
[TEST] {68} tested 18/18 kept=1 rest=135
[TEST] {75} tested 9/9 kept=0 rest=126
[WARN] batch start failed size=9 {74} split -> 4 {86} + 5 {87}
[WARN] batch start failed size=9 {77} split -> 4 {88} + 5 {89}
[TEST] {70} tested 18/18 kept=2 rest=117
[WARN] batch start failed size=9 {79} split -> 4 {90} + 5 {91}
[WARN] batch start failed size=9 {78} split -> 4 {92} + 5 {93}
[WARN] batch start failed size=9 {80} split -> 4 {94} + 5 {95}
[TEST] {81} tested 10/10 kept=10 rest=101
[WARN] batch start failed size=10 {83} split -> 5 {96} + 5 {97}
[TEST] {72} tested 18/18 kept=0 rest=81
[WARN] batch start failed size=10 {85} split -> 5 {98} + 5 {99}
[TEST] {76} tested 9/9 kept=0 rest=75
[WARN] batch start failed size=4 {86} split -> 2 {100} + 2 {101}
[WARN] batch start failed size=5 {87} split -> 2 {102} + 3 {103}
[WARN] batch start failed size=4 {88} split -> 2 {104} + 2 {105}
[WARN] batch start failed size=5 {89} split -> 2 {106} + 3 {107}
[WARN] batch start failed size=4 {90} split -> 2 {108} + 2 {109}
[TEST] {82} tested 9/9 kept=1 rest=72
[TEST] {84} tested 9/9 kept=0 rest=64
[WARN] batch start failed size=5 {93} split -> 2 {110} + 3 {111}
[WARN] batch start failed size=4 {94} split -> 2 {112} + 2 {113}
[TEST] {95} tested 5/5 kept=5 rest=59
[WARN] batch start failed size=5 {96} split -> 2 {114} + 3 {115}
[TEST] {91} tested 5/5 kept=0 rest=54
[WARN] batch start failed size=5 {99} split -> 2 {116} + 3 {117}
[TEST] {92} tested 4/4 kept=0 rest=50
[WARN] batch start failed size=2 {101} split -> 1 {118} + 1 {119}
[TEST] {97} tested 5/5 kept=0 rest=45
[WARN] batch start failed size=2 {102} split -> 1 {120} + 1 {121}
[WARN] batch start failed size=3 {103} split -> 1 {122} + 2 {123}
[WARN] batch start failed size=2 {104} split -> 1 {124} + 1 {125}
[TEST] {98} tested 5/5 kept=0 rest=41
[REPAIR] {124} name=[ChromeGO-ShiteThings] hysteria fields=up,down
[TEST] {100} tested 2/2 kept=0 rest=38
[WARN] batch start failed size=2 {106} split -> 1 {126} + 1 {127}
[TEST] {124} tested 1/1 kept=0 rest=37
[WARN] batch start failed size=2 {108} split -> 1 {128} + 1 {129}
[WARN] batch start failed size=3 {111} split -> 1 {130} + 2 {131}
[TEST] {109} tested 2/2 kept=0 rest=35
[TEST] {112} tested 2/2 kept=2 rest=33
[WARN] batch start failed size=2 {113} split -> 1 {132} + 1 {133}
[TEST] {107} tested 3/3 kept=0 rest=30
[WARN] batch start failed size=3 {115} split -> 1 {134} + 2 {135}
[TEST] {110} tested 2/2 kept=0 rest=27
[WARN] batch start failed size=3 {117} split -> 1 {136} + 2 {137}
[REPAIR] {119} name=[ChromeGO-Merge] France fields=up,down
[REPAIR] {118} name=[ChromeGO-Merge] Taiwan fields=up,down
[REPAIR] {120} name=[ChromeGO-Merge] United-4 fields=up,down
[TEST] {118} tested 1/1 kept=0 rest=26
[REPAIR] {121} name=[ChromeGO-Merge] Taiwan-2 fields=up,down
[TEST] {114} tested 2/2 kept=0 rest=25
[REPAIR] {122} name=[ChromeGO-Merge] United-5 fields=up,down
[TEST] {121} tested 1/1 kept=0 rest=24
[WARN] batch start failed size=2 {105} split -> 1 {138} + 1 {139}
[TEST] {123} tested 2/2 kept=0 rest=22
[REPAIR] {125} name=[ChromeGO-ShiteThings] hysteria-2 fields=up,down
[TEST] {116} tested 2/2 kept=0 rest=21
[REPAIR] {126} name=[ChromeGO-ShiteThings] hysteria-5 fields=up,down
[REPAIR] {128} name=[ChromeGO-Merge] United-2 fields=up,down
[TEST] {125} tested 1/1 kept=0 rest=20
[REPAIR] {130} name=[ChromeGO-Merge] WARP fields=dialer-proxy
[WARN] batch start failed size=2 {131} split -> 1 {140} + 1 {141}
[TEST] {129} tested 1/1 kept=0 rest=19
[TEST] {130} tested 1/1 kept=1 rest=18
[TEST] {119} tested 1/1 kept=0 rest=17
[REPAIR] {132} name=[Free-clash-v2ray] hysteria fields=up,down
[TEST] {133} tested 1/1 kept=1 rest=16
[TEST] {134} tested 1/1 kept=0 rest=15
[WARN] batch start failed size=2 {135} split -> 1 {142} + 1 {143}
[TEST] {120} tested 1/1 kept=0 rest=14
[WARN] batch start failed size=2 {137} split -> 1 {144} + 1 {145}
[REPAIR] {138} name=[ChromeGO-ShiteThings] hysteria-3 fields=up,down
[TEST] {122} tested 1/1 kept=0 rest=13
[REPAIR] {139} name=[ChromeGO-ShiteThings] hysteria-4 fields=up,down
[TEST] {138} tested 1/1 kept=0 rest=12
[TEST] {136} tested 1/1 kept=1 rest=11
[REPAIR] {141} name=[ChromeGO-Merge] France_hysteria_1 fields=up,down
[TEST] {127} tested 1/1 kept=0 rest=10
[TEST] {139} tested 1/1 kept=0 rest=9
[REPAIR] {140} name=[ChromeGO-Merge] United fields=up,down
[TEST] {142} tested 1/1 kept=0 rest=8
[REPAIR] {143} name=[Pawdroid-SS-APK] United+Kingdom-2 fields=cipher
[TEST] {126} tested 1/1 kept=0 rest=7
[REPAIR] {144} name=[Epodonios] EPODONIOS-101 fields=cipher
[TEST] {128} tested 1/1 kept=0 rest=6
[TEST] {145} tested 1/1 kept=0 rest=5
[TEST] {143} tested 1/1 kept=1 rest=4
[TEST] {132} tested 1/1 kept=0 rest=3
[TEST] {141} tested 1/1 kept=0 rest=2
[TEST] {140} tested 1/1 kept=0 rest=1
[TEST] {144} tested 1/1 kept=0 rest=0
============================================================
[INFO] core-dedupe dropped 1 same-host variants, kept higher health_score
[INFO] cap live source=[免费节点1] from 125 to 50 by health_score
[INFO] cap live source=[免费节点2] from 69 to 50 by health_score
[INFO] cap live source=[免费节点8] from 210 to 50 by health_score
[INFO] cap live source=[免费节点11] from 61 to 50 by health_score
[INFO] cap live source=[Pawdroid-SR-APK] from 588 to 50 by health_score
[INFO] cap live source=[Epodonios] from 101 to 50 by health_score
[INFO] cap live source=[Free-clash-v2ray] from 664 to 50 by health_score
[INFO] cap live source=[V2rayclashfree-RSS] from 139 to 50 by health_score
[INFO] cap live total from 630 to 400 floor=5 then health_score pool
[INFO] cap live reserved=114 pool=516 taken=286
============================================================
+------------------------------+--------+--------+------+--------+
| source                       |    raw | unique | live | capped |
+------------------------------+--------+--------+------+--------+
| [大FQ运动]                   |     10 |     10 |    2 |      2 |
+------------------------------+--------+--------+------+--------+
| [Pawdroid]                   |     22 |     21 |    6 |      5 |
+------------------------------+--------+--------+------+--------+
| [FreeV2-Base64]              |      3 |      3 |    2 |      2 |
+------------------------------+--------+--------+------+--------+
| [Bocchi2b-Base64]            |     32 |     32 |    0 |      0 |
+------------------------------+--------+--------+------+--------+
| [ChromeGO-Toolkit]           |     14 |     14 |    5 |      5 |
+------------------------------+--------+--------+------+--------+
| [ChromeGO-ShiteThings]       |     31 |     25 |    1 |      1 |
+------------------------------+--------+--------+------+--------+
| [ChromeGO-Merge]             |    124 |    124 |   13 |      5 |
+------------------------------+--------+--------+------+--------+
| [Freesocks]                  |      1 |      1 |    0 |      0 |
+------------------------------+--------+--------+------+--------+
| [NekoWarp]                   |     10 |     10 |   10 |      7 |
+------------------------------+--------+--------+------+--------+
| [1VPN-CRX]                   |     17 |     17 |   12 |      5 |
+------------------------------+--------+--------+------+--------+
| [OpenRunner-RSS]             |     14 |      0 |    0 |      0 |
+------------------------------+--------+--------+------+--------+
| [V2Rayshare-RSS]             |     75 |     74 |   11 |      5 |
+------------------------------+--------+--------+------+--------+
| [Mibei77-RSS]                |    138 |    109 |   24 |      5 |
+------------------------------+--------+--------+------+--------+
| [Yoyapai-RSS]                |    218 |    191 |    6 |      5 |
+------------------------------+--------+--------+------+--------+
| [免费节点1]                  |    335 |    205 |  125 |     25 |
+------------------------------+--------+--------+------+--------+
| [免费节点2]                  |    332 |    229 |   69 |      5 |
+------------------------------+--------+--------+------+--------+
| [免费节点3]                  |     22 |      0 |    0 |      0 |
+------------------------------+--------+--------+------+--------+
| [免费节点4]                  |    827 |    713 |   42 |     33 |
+------------------------------+--------+--------+------+--------+
| [免费节点5]                  |     29 |     28 |    0 |      0 |
+------------------------------+--------+--------+------+--------+
| [免费节点6]                  |    566 |    543 |    4 |      4 |
+------------------------------+--------+--------+------+--------+
| [免费节点7]                  |     64 |     38 |   28 |     16 |
+------------------------------+--------+--------+------+--------+
| [免费节点8]                  |   4340 |   3888 |  210 |     50 |
+------------------------------+--------+--------+------+--------+
| [免费节点9]                  |    615 |    452 |    0 |      0 |
+------------------------------+--------+--------+------+--------+
| [免费节点10]                 |   4454 |   3083 |   19 |      5 |
+------------------------------+--------+--------+------+--------+
| [免费节点11]                 |    676 |    361 |   61 |     16 |
+------------------------------+--------+--------+------+--------+
| [Pawdroid-SR-APK]            |   2117 |   1738 |  588 |     50 |
+------------------------------+--------+--------+------+--------+
| [Pawdroid-SS-APK]            |   1503 |    716 |   27 |     12 |
+------------------------------+--------+--------+------+--------+
| [Clashfree]                  |    138 |     37 |   19 |      5 |
+------------------------------+--------+--------+------+--------+
| [Epodonios]                  |   4290 |   3282 |  101 |     42 |
+------------------------------+--------+--------+------+--------+
| [Free-clash-v2ray]           |   5220 |   2483 |  664 |     50 |
+------------------------------+--------+--------+------+--------+
| [V2rayclashfree-RSS]         |   3854 |    353 |  139 |     40 |
+------------------------------+--------+--------+------+--------+
============================================================
[SUMMARY] total_nodes=30091
[SUMMARY] legal_candidates=18780
[SUMMARY] passed_latency_test=400
[SUMMARY] region_HK=4 region_JP=3 region_US=119
[SUMMARY] avg_latency_ms=189.26
[SUMMARY] output=/home/runner/work/Free-node-autotest/Free-node-autotest/output/clash.yaml
============================================================
