============================================================
[INFO] sublink try page | url=https://end-gfw.com
[OK] proxies=6 | new=6 | url=https://raw.githubusercontent.com/hello-world-1989/cn-news/main/end-gfw-free
[OK] proxies=6 | new=0 | url=https://raw.githubusercontent.com/hello-world-1989/cn-news/main/clash-free.yaml
[INFO] source try link | url=https://end-gfw.com/ss-key
[OK] proxies=4 | new=4 | url=https://end-gfw.com/ss-key
[INFO] sublink try repo | url=https://github.com/hello-world-1989/cn-news
[INFO] sublink try page | url=https://raw.githubusercontent.com/hello-world-1989/cn-news/main/README.md
[OK] proxies=2 | new=2 | url=https://raw.githubusercontent.com/hello-world-1989/cn-news/main/end-gfw-together
[OK] proxies=6 | new=6 | url=https://raw.githubusercontent.com/hello-world-1989/v2-sub/main/end-gfw-together-af3e13
[OK] proxies=2 | new=0 | url=https://raw.githubusercontent.com/hello-world-1989/cn-news/refs/heads/main/clash.yaml
[OK] proxies=18 | source=[大FQ运动] | url=https://raw.githubusercontent.com/hello-world-1989/cn-news/main/README.md
============================================================
[INFO] sublink try repo | url=https://github.com/Pawdroid/Free-servers
[INFO] sublink try page | url=https://raw.githubusercontent.com/Pawdroid/Free-servers/main/README.md
[OK] proxies=20 | new=20 | url=https://raw.githubusercontent.com/Pawdroid/Free-servers/main/README.md
[OK] proxies=20 | new=0 | url=https://raw.githubusercontent.com/Pawdroid/Free-servers/main/sub
[OK] proxies=1 | new=1 | url=https://apps.apple.com/cn/app/shadowshare/id1612647259
[OK] proxies=1 | new=1 | url=http://www.surflare.com
[OK] proxies=22 | source=[Pawdroid] | url=https://raw.githubusercontent.com/Pawdroid/Free-servers/main/README.md
============================================================
[INFO] source try link | url=https://xmxosfepggzm.503403.xyz
[OK] proxies=3 | new=3 | url=https://xmxosfepggzm.503403.xyz
[OK] proxies=3 | source=[FreeV2-Base64] | url=https://xmxosfepggzm.503403.xyz
============================================================
[INFO] source try link | url=https://links.bocchi2b.top/clash
[OK] proxies=35 | new=35 | url=https://links.bocchi2b.top/clash
[OK] proxies=35 | source=[Bocchi2b-Base64] | url=https://links.bocchi2b.top/clash
============================================================
[INFO] toolkit try repo | url=https://github.com/bannedbook/fanqiang
[INFO] toolkit try release | url=https://github.com/bannedbook/fanqiang/releases
[INFO] toolkit try release | url=https://github.com/bannedbook/fanqiang/releases/expanded_assets/ChromeGo-latest
[INFO] toolkit try download | url=https://github.com/bannedbook/fanqiang/releases/download/ChromeGo-latest/ChromeGo.7z
[OK] toolkit downloaded | file=ChromeGo.7z | size=96.2MB
[OK] toolkit extracted | archive=ChromeGo.7z | tool=7z | files=222 | dirs=45
[OK] toolkit discovered | subs=107 | embedded=46 | archive=ChromeGo.7z
[OK] proxies=12 | new=12 | embedded=archive-config
[OK] proxies=3 | new=3 | url=https://gitlab.com/free9999/ipupdate/master/backup/img/1/2/{ipp|ip}/clash.meta2/{5|6|3|1|4|2}/config.yaml
[OK] proxies=3 | new=0 | url=https://www.67867867.xyz/Alvin9999/PAC/refs/heads/master/backup/img/1/2/{ipp|ip}/clash.meta2/{5|6|3|1|4|2}/config.yaml
[OK] proxies=7 | new=5 | url=https://www.67867867.xyz/Alvin9999/PAC/refs/heads/master/backup/img/1/2/{ipp|ip}/{hysteria2|singbox|naiveproxy|hysteria|xray}/{3|1|4|2}/config.json
[OK] proxies=7 | new=0 | url=https://gitlab.com/free9999/ipupdate/master/backup/img/1/2/{ipp|ip}/{hysteria2|singbox|naiveproxy|hysteria|xray}/{3|1|4|2}/config.json
[OK] proxies=20 | source=[ChromeGO-Toolkit] | url=https://github.com/bannedbook/fanqiang/releases/download/ChromeGo-latest/ChromeGo.7z
============================================================
[INFO] sublink try repo | url=https://github.com/ShiteThings/extractNodes
[INFO] sublink try page | url=https://raw.githubusercontent.com/ShiteThings/extractNodes/main/README.md
[OK] proxies=26 | new=26 | url=https://chg26.makou.cc.cd/sb
[OK] proxies=31 | new=5 | url=https://{chg26.makou.cc.cd|chg64.makou.cc.cd}
[OK] proxies=31 | source=[ChromeGO-ShiteThings] | url=https://raw.githubusercontent.com/ShiteThings/extractNodes/main/README.md
============================================================
[INFO] sublink try repo | url=https://github.com/shangui999/chromego_merge
[INFO] sublink try page | url=https://raw.githubusercontent.com/shangui999/chromego_merge/master/ReadMe.md
[OK] proxies=11 | new=11 | url=https://freedman.netlify.app/sub/merged_warp_proxies_new.yaml
[OK] proxies=16 | new=16 | url=https://freedman.netlify.app/sub/sb.json
[OK] proxies=10 | new=0 | url=https://freedman.netlify.app/sub/merged_proxies_new.yaml
[OK] proxies=11 | new=6 | url=https://freedman.netlify.app/sub/shadowrocket_base64.txt
[INFO] sublink try repo | url=https://github.com/yaney01/chromego
[INFO] sublink try page | url=https://raw.githubusercontent.com/yaney01/chromego/main/ReadMe.md
[OK] proxies=51 | new=46 | url=https://raw.githubusercontent.com/yaney01/chromego/main/sub/merged_warp_proxies_new.yaml
[OK] proxies=13 | new=7 | url=https://raw.githubusercontent.com/yaney01/chromego/main/sub/shadowrocket_base64.txt
[OK] proxies=50 | new=0 | url=https://raw.githubusercontent.com/yaney01/chromego/main/sub/merged_proxies_new.yaml
[OK] proxies=13 | new=0 | url=https://raw.githubusercontent.com/yaney01/chromego/main/sub/sb.json
[INFO] sublink try repo | url=https://github.com/Misaka-blog/chromego_merge
[INFO] sublink try page | url=https://raw.githubusercontent.com/Misaka-blog/chromego_merge/main/README.md
[OK] proxies=28 | new=28 | url=https://chromego-sub.netlify.app/sub/merged_proxies_new.yaml
[OK] proxies=114 | source=[ChromeGO-Merge] | url=https://raw.githubusercontent.com/Misaka-blog/chromego_merge/main/README.md
============================================================
[INFO] source try link | url=https://freesocks.org/api/v1/sub/02b897e8e77f19176b0b9f2c75864b00
[OK] proxies=1 | new=1 | url=https://freesocks.org/api/v1/sub/02b897e8e77f19176b0b9f2c75864b00
[INFO] source try link | url=https://freesocks.org/api/v1/sub/4cae35810e6f5c4d92e28e32104e0080
[OK] proxies=3 | new=3 | url=https://freesocks.org/api/v1/sub/4cae35810e6f5c4d92e28e32104e0080
[OK] proxies=4 | source=[Freesocks] | url=https://freesocks.org/api/v1/sub/4cae35810e6f5c4d92e28e32104e0080
============================================================
[INFO] source try link | url=https://neko-warp.nloli.xyz/neko_warp.yaml
[OK] proxies=10 | new=10 | url=https://neko-warp.nloli.xyz/neko_warp.yaml
[OK] proxies=10 | source=[NekoWarp] | url=https://neko-warp.nloli.xyz/neko_warp.yaml
============================================================
[INFO] toolkit try chrome | url=https://chromewebstore.google.com/detail/free-vpn-proxy-1vpn/akcocjjpkmlniicdeemdceeajlmoabhg
[INFO] toolkit try download | url=https://clients2.google.com/service/update2/crx?response=redirect&prodversion=131.0.6778.0&acceptformat=crx2,crx3&x=id%3dakcocjjpkmlniicdeemdceeajlmoabhg%26uc
[OK] toolkit downloaded | file=free-vpn-proxy-1vpn.crx | size=1.6MB
[OK] toolkit extracted | archive=free-vpn-proxy-1vpn.crx | tool=zipfile | files=68 | dirs=57
[OK] toolkit 1vpn-crx scanned | hosts=17 | keys=1 | archive=free-vpn-proxy-1vpn.crx
[OK] proxies=17 | source=[1VPN-CRX] | url=https://clients2.google.com/service/update2/crx?response=redirect&prodversion=131.0.6778.0&acceptformat=crx2,crx3&x=id%3dakcocjjpkmlniicdeemdceeajlmoabhg%26uc
============================================================
[INFO] article try feed | url=https://free.datiya.com/index.xml
[INFO] sublink try page | url=https://free.datiya.com/post/20260928/
[OK] proxies=11 | new=11 | url=https://free.datiya.com/uploads/20260928-clash.yaml
[OK] proxies=11 | source=[OpenRunner-RSS] | url=https://free.datiya.com/post/20260928/
============================================================
[INFO] article try feed | url=https://v2rayshare.com/feed
[INFO] sublink try page | url=https://v2rayshare.com/p/4097.html
[INFO] sublink try repo | url=https://github.com/firefoxmmx2/v2rayshare_subcription
[INFO] sublink try page | url=https://raw.githubusercontent.com/firefoxmmx2/v2rayshare_subcription/main/README.md
[OK] proxies=22 | new=22 | url=https://{raw.githubusercontent.com|cdn.jsdelivr.net}/firefoxmmx2/v2rayshare_subcription/main/subscription/vray_sub.txt
[OK] proxies=22 | new=0 | url=https://{raw.githubusercontent.com|cdn.jsdelivr.net}/firefoxmmx2/v2rayshare_subcription/main/subscription/mihomo_sub.yaml
[OK] proxies=21 | new=0 | url=https://{raw.githubusercontent.com|cdn.jsdelivr.net}/firefoxmmx2/v2rayshare_subcription/main/subscription/clash_sub.yaml
[OK] proxies=22 | source=[V2Rayshare-RSS] | url=https://raw.githubusercontent.com/firefoxmmx2/v2rayshare_subcription/main/README.md
============================================================
[INFO] article try feed | url=https://www.mibei77.com/feed
[INFO] sublink try page | url=https://www.mibei77.com/703.html
[OK] proxies=159 | new=159 | url=https://mm.mibei77.com/202609/09.2864baczx.txt
[OK] proxies=157 | new=0 | url=https://mm.mibei77.com/202609/0928Clashizx.yaml
[OK] proxies=159 | source=[Mibei77-RSS] | url=https://www.mibei77.com/703.html
============================================================
[INFO] article try feed | url=https://yoyapai.com/feed
[INFO] sublink try page | url=https://yoyapai.com/737
[OK] proxies=1 | new=1 | url=https://yoyapai.com/737
[OK] proxies=227 | new=227 | url=https://freenode.yoyapai.com/2026/09/27-yoyapai.com-clashvpnmianfeijiedian.yaml
[OK] proxies=227 | new=0 | url=https://freenode.yoyapai.com/2026/09/27-yoyapai.com-ssrv2rayvpnmianfeijiedian.txt
[OK] proxies=228 | source=[Yoyapai-RSS] | url=https://yoyapai.com/737
============================================================
[INFO] sublink try repo | url=https://github.com/free18/v2ray
[INFO] sublink try page | url=https://raw.githubusercontent.com/free18/v2ray/main/README.md
[OK] proxies=3 | new=3 | url=https://raw.githubusercontent.com/free18/v2ray/main/README.md
[OK] proxies=288 | new=288 | url=https://ghfast.top/https://raw.githubusercontent.com/free18/v2ray/refs/heads/main/c.yaml
[OK] proxies=288 | new=0 | url=https://ghfast.top/https://raw.githubusercontent.com/free18/v2ray/refs/heads/main/v.txt
[OK] proxies=291 | source=[免费节点1] | url=https://raw.githubusercontent.com/free18/v2ray/main/README.md
============================================================
[INFO] sublink try repo | url=https://github.com/ermaozi/get_subscribe
[INFO] sublink try page | url=https://raw.githubusercontent.com/ermaozi/get_subscribe/main/README.md
[INFO] sublink file_nodes=0 | bare links=9
[OK] proxies=346 | new=346 | url=https://www.ermao.net/sub/{clash|v2ray}/ermao.net
[OK] proxies=346 | new=0 | url=https://www.ermao.net/sub/{reachable|unreachable|untested}/clash/ermao.net
[OK] proxies=346 | source=[免费节点2] | url=https://raw.githubusercontent.com/ermaozi/get_subscribe/main/README.md
============================================================
[INFO] sublink try repo | url=https://github.com/sunmiao4458/free-proxy-airport
[INFO] sublink try page | url=https://raw.githubusercontent.com/sunmiao4458/free-proxy-airport/main/README.md
[OK] proxies=54 | new=54 | url=https://sunmiao4458.github.io/free-proxy-airport/clash.yaml
[OK] proxies=54 | source=[免费节点3] | url=https://raw.githubusercontent.com/sunmiao4458/free-proxy-airport/main/README.md
============================================================
[INFO] sublink try repo | url=https://github.com/mfuu/FreeProxies
[INFO] sublink try page | url=https://raw.githubusercontent.com/mfuu/FreeProxies/master/README.md
[OK] proxies=835 | new=835 | url=https://raw.githubusercontent.com/mfuu/FreeProxies/master/sub.yaml
[OK] proxies=835 | source=[免费节点4] | url=https://raw.githubusercontent.com/mfuu/FreeProxies/master/README.md
============================================================
[INFO] sublink try repo | url=https://github.com/vxiaov/free_proxies
[INFO] sublink try page | url=https://raw.githubusercontent.com/vxiaov/free_proxies/main/README.md
[OK] proxies=1 | new=1 | url=https://raw.githubusercontent.com/vxiaov/free_proxies/main/README.md
[OK] proxies=28 | new=28 | url=https://{cdn.jsdelivr.net|raw.githubusercontent.com}/vxiaov/free_proxies/main/clash/clash.provider.yaml
[OK] proxies=29 | source=[免费节点5] | url=https://raw.githubusercontent.com/vxiaov/free_proxies/main/README.md
============================================================
[INFO] sublink try repo | url=https://github.com/anaer/Sub
[INFO] sublink try page | url=https://raw.githubusercontent.com/anaer/Sub/main/README.MD
[OK] proxies=1635 | new=1635 | url=https://anaer.github.io/Sub/clash.yaml
[OK] proxies=1635 | new=0 | url=https://raw.githubusercontent.com/anaer/Sub/main/clash.yaml
[OK] proxies=1635 | source=[免费节点6] | url=https://raw.githubusercontent.com/anaer/Sub/main/README.MD
============================================================
[INFO] sublink try repo | url=https://github.com/snakem982/proxypool
[INFO] sublink try page | url=https://raw.githubusercontent.com/snakem982/proxypool/main/README.md
[OK] proxies=63 | new=63 | url=https://raw.githubusercontent.com/snakem982/proxypool/main/source/v2ray-2.txt
[OK] proxies=63 | new=0 | url=https://raw.githubusercontent.com/snakem982/proxypool/main/source/sing-box-2.json
[OK] proxies=64 | new=1 | url=https://raw.githubusercontent.com/snakem982/proxypool/main/source/clash-meta-2.yaml
[OK] proxies=64 | source=[免费节点7] | url=https://raw.githubusercontent.com/snakem982/proxypool/main/README.md
============================================================
[INFO] sublink try repo | url=https://github.com/mahdibland/V2RayAggregator
[INFO] sublink try page | url=https://raw.githubusercontent.com/mahdibland/V2RayAggregator/master/README.md
[OK] proxies=54 | new=54 | url=https://raw.githubusercontent.com/mahdibland/ShadowsocksAggregator/master/sub/splitted/ssr.txt
[OK] proxies=1 | new=1 | url=https://cdn.jsdelivr.net/gh/mahdibland/V2RayAggregator@master/update/provider/provider.yml
[OK] proxies=1 | new=0 | url=https://cdn.jsdelivr.net/gh/mahdibland/V2RayAggregator@master/update/provider/provider-meta.yml
[OK] proxies=1 | new=0 | url=https://cdn.jsdelivr.net/gh/mahdibland/V2RayAggregator@master/update/provider/provider-others.yml
[OK] proxies=197 | new=197 | url=https://raw.githubusercontent.com/mahdibland/ShadowsocksAggregator/master/Eternity.txt
[OK] proxies=380 | new=183 | url=https://raw.githubusercontent.com/mahdibland/V2RayAggregator/master/README.md
[OK] proxies=466 | new=454 | url=https://raw.githubusercontent.com/mahdibland/ShadowsocksAggregator/master/sub/splitted/trojan.txt
[OK] proxies=61 | new=61 | url=https://raw.githubusercontent.com/mahdibland/SSAggregator/master/sub/airport_merge_base64.txt
[OK] proxies=1 | new=0 | url=https://cdn.jsdelivr.net/gh/mahdibland/V2RayAggregator@master/update/provider/provider-meta-cn.yml
[OK] proxies=61 | new=0 | url=https://raw.githubusercontent.com/mahdibland/ShadowsocksAggregator/master/EternityAir.txt
[OK] proxies=61 | new=0 | url=https://raw.githubusercontent.com/mahdibland/SSAggregator/master/sub/airport_sub_merge.txt
[OK] proxies=189 | new=3 | url=https://raw.githubusercontent.com/mahdibland/ShadowsocksAggregator/master/Eternity.yml
[OK] proxies=1 | new=0 | url=https://cdn.jsdelivr.net/gh/mahdibland/V2RayAggregator@master/update/provider/provider-cn.yml
[OK] proxies=1 | new=0 | url=https://cdn.jsdelivr.net/gh/mahdibland/V2RayAggregator@master/update/provider/provider-meta-others.yml
[OK] proxies=1838 | new=1622 | url=https://raw.githubusercontent.com/mahdibland/ShadowsocksAggregator/master/sub/splitted/ss.txt
[OK] proxies=1449 | new=1388 | url=https://raw.githubusercontent.com/mahdibland/ShadowsocksAggregator/master/sub/splitted/vmess.txt
[OK] proxies=3945 | new=139 | url=https://raw.githubusercontent.com/mahdibland/SSAggregator/master/sub/sub_merge_yaml.yml
[OK] proxies=1 | new=0 | url=https://github.com/mahdibland/SSAggregator/actions/workflows/Airport_Collector.yml
[OK] proxies=3807 | new=0 | url=https://raw.githubusercontent.com/mahdibland/SSAggregator/master/sub/sub_merge_base64.txt
[OK] proxies=1 | new=0 | url=https://github.com/mahdibland/SSAggregator/actions/workflows/Collector.yml
[OK] proxies=3807 | new=0 | url=https://raw.githubusercontent.com/mahdibland/{SSAggregator|ShadowsocksAggregator}/master/sub/sub_merge.txt
[OK] proxies=4102 | source=[免费节点8] | url=https://raw.githubusercontent.com/mahdibland/V2RayAggregator/master/README.md
============================================================
[INFO] sublink try repo | url=https://github.com/w1770946466/Auto_proxy
[INFO] sublink try page | url=https://raw.githubusercontent.com/w1770946466/Auto_proxy/main/README.md
[OK] proxies=489 | new=489 | url=https://raw.githubusercontent.com/w1770946466/Auto_proxy/main/Long_term_subscription_num
[OK] proxies=489 | new=0 | url=https://raw.githubusercontent.com/w1770946466/Auto_proxy/main/{Long_term_subscription1|Long_term_subscription2|Long_term_subscription3|Long_term_subscription4|Long_term_subscription5|Long_term_subscription6|Long_term_subscription7|Long_term_subscription8}
[OK] proxies=1 | new=1 | url=https://github.com/w1770946466/Auto_proxy/actions/workflows/main.yml
[OK] proxies=245 | new=125 | url=https://raw.githubusercontent.com/w1770946466/Auto_proxy/main/{Long_term_subscription2.yaml|Long_term_subscription1.yaml|Long_term_subscription3.yaml}
[OK] proxies=615 | source=[免费节点9] | url=https://raw.githubusercontent.com/w1770946466/Auto_proxy/main/README.md
============================================================
[INFO] sublink try repo | url=https://github.com/PuddinCat/BestClash
[INFO] sublink try page | url=https://raw.githubusercontent.com/PuddinCat/BestClash/main/README.md
[OK] proxies=28 | new=28 | url=https://cdn.jsdelivr.net/gh/vxiaov/free_proxies@main/clash/clash.provider.yaml
[OK] proxies=28 | new=28 | url=https://raw.githubusercontent.com/Misaka-blog/chromego_merge/main/sub/merged_proxies_new.yaml
[OK] proxies=189 | new=188 | url=https://raw.githubusercontent.com/mahdibland/ShadowsocksAggregator/master/Eternity.yml
[OK] proxies=144 | new=144 | url=https://raw.githubusercontent.com/zhangkaiitugithub/passcro/main/speednodes.yaml
[OK] proxies=346 | new=180 | url=https://raw.githubusercontent.com/{ermaozi|ermaozi01}/{get_subscribe|free_clash_vpn}/main/subscribe/clash.yml
[OK] proxies=165 | new=165 | url=https://raw.githubusercontent.com/ronghuaxueleng/get_v2/main/pub/combine.yaml
[OK] proxies=24 | new=24 | url=https://freenode.openrunner.net/uploads/20240807-clash.yaml
[OK] proxies=28 | new=0 | url=https://raw.githubusercontent.com/{chengaopan|peasoft}/{AutoMergePublicNodes|NoMoreWalls}/master/list.yml
[OK] proxies=16 | new=13 | url=https://raw.githubusercontent.com/PuddinCat/BestClash/main/proxies.yaml
[OK] proxies=4782 | new=4723 | url=https://raw.githubusercontent.com/{NiceVPN123|anaer}/{NiceVPN|Sub}/main/{Clash.yaml|clash.yaml}
[OK] proxies=5493 | source=[免费节点10] | url=https://raw.githubusercontent.com/PuddinCat/BestClash/main/README.md
============================================================
[INFO] sublink try repo | url=https://github.com/kooker/FreeSubsCheck
[INFO] sublink try page | url=https://raw.githubusercontent.com/kooker/FreeSubsCheck/main/README.md
[OK] proxies=39 | new=39 | url=https://raw.githubusercontent.com/kooker/FreeSubsCheck/main/base64.txt
[OK] proxies=370 | new=370 | url=https://raw.githubusercontent.com/kooker/FreeSubsCheck/main/kooker.jp.txt
[OK] proxies=2 | new=2 | url=https://raw.githubusercontent.com/kooker/FreeSubsCheck/main/byxiaoxi.txt
[OK] proxies=57 | new=18 | url=https://raw.githubusercontent.com/kooker/FreeSubsCheck/main/all.yaml
[OK] proxies=57 | new=0 | url=https://raw.githubusercontent.com/kooker/FreeSubsCheck/main/mihomo.yaml
[OK] proxies=429 | source=[免费节点11] | url=https://raw.githubusercontent.com/kooker/FreeSubsCheck/main/README.md
============================================================
[INFO] toolkit try repo | url=https://github.com/Pawdroid/shadowrocket_for_android
[INFO] toolkit try release | url=https://github.com/Pawdroid/shadowrocket_for_android/releases
[INFO] toolkit try release | url=https://github.com/Pawdroid/shadowrocket_for_android/releases/expanded_assets/10.10.55
[INFO] toolkit try download | url=https://github.com/Pawdroid/shadowrocket_for_android/releases/download/10.10.55/Shadowrocket_10.10.55_shadowrocketStandard_arm64-v8a.apk
[OK] toolkit downloaded | file=Shadowrocket_10.10.55_shadowrocketStandard_arm64-v8a.apk | size=39.5MB
[OK] toolkit extracted | archive=Shadowrocket_10.10.55_shadowrocketStandard_arm64-v8a.apk | tool=zipfile | files=1179 | dirs=44
[OK] toolkit sr-apk scanned | prefixes=38 | files=6 | keys=2 | archive=Shadowrocket_10.10.55_shadowrocketStandard_arm64-v8a.apk
[OK] proxies=162 | new=162 | url=https://{cdn.jsdelivr.net|raw.githubusercontent.com}/pixelor/ecfg/main/data/ecfg6
[OK] proxies=814 | new=698 | url=https://{cdn.jsdelivr.net|raw.githubusercontent.com}/pixelor/ecfg/main/data/ecfg6_en
[OK] proxies=669 | new=0 | url=https://{cdn.jsdelivr.net|raw.githubusercontent.com}/pixelor/ecfg/main/data/ecfg6_zh
[OK] proxies=144 | new=0 | url=https://{files.shadowrockets.app|cdn.shadowrockets.app}/ecfg/data/ecfg6
[OK] proxies=669 | new=0 | url=https://{files.shadowrockets.app|cdn.shadowrockets.app}/ecfg/data/ecfg6_zh
[OK] proxies=669 | new=0 | url=https://{files.shadowrockets.app|cdn.shadowrockets.app}/ecfg/data/ecfg6_en
[OK] proxies=860 | source=[Pawdroid-SR-APK] | url=https://github.com/Pawdroid/shadowrocket_for_android/releases/download/10.10.55/Shadowrocket_10.10.55_shadowrocketStandard_arm64-v8a.apk
============================================================
[INFO] toolkit try page | url=https://shadowshare.v2cross.com
[INFO] toolkit try download | url=https://shadowshare.v2cross.com/shadowshare.apk
[OK] toolkit downloaded | file=shadowshare.apk | size=60MB
[OK] toolkit extracted | archive=shadowshare.apk | tool=zipfile | files=612 | dirs=39
[OK] toolkit ss-apk scanned | prefixes=10 | files=3 | keys=1 | archive=shadowshare.apk
[OK] proxies=210 | new=210 | url=https://{raw.githubusercontent.com|jsd.onmicrosoft.cn}/hideme9527/ecsfg/main/data/sareserver
[OK] proxies=1386 | new=1279 | url=https://{raw.githubusercontent.com|jsd.onmicrosoft.cn}/hideme9527/ecsfg/main/data/sareserver_en
[OK] proxies=119 | new=0 | url=https://{shadowsharing.com|sare.159236.xyz}/data/sareserver
[OK] proxies=1386 | new=0 | url=https://{shadowsharing.com|sare.159236.xyz}/data/sareserver_en
[OK] proxies=119 | new=0 | url=https://gitee.com/api/v5/repos/{zhiminghao|elvenapp|guoyoucai1}/ecsfg/raw/data/sareserver
[OK] proxies=1386 | new=0 | url=https://gitee.com/api/v5/repos/{guoyoucai1|elvenapp|zhiminghao}/ecsfg/raw/data/sareserver_en
[OK] proxies=1489 | source=[Pawdroid-SS-APK] | url=https://shadowshare.v2cross.com/shadowshare.apk
============================================================
[INFO] sublink try repo | url=https://github.com/free-nodes/clashfree
[INFO] sublink try page | url=https://raw.githubusercontent.com/free-nodes/clashfree/main/README.md
[OK] proxies=190 | new=190 | url=https://raw.githubusercontent.com/free-nodes/clashfree/main/README.md
[OK] proxies=190 | new=0 | url=https://raw.githubusercontent.com/free-nodes/clashfree/main/clash20260928.yml
[OK] proxies=1 | new=1 | url=https://github.com/free-nodes/clashfree/blob/main/clash20260928.yml
[OK] proxies=191 | source=[Clashfree] | url=https://raw.githubusercontent.com/free-nodes/clashfree/main/README.md
============================================================
[INFO] sublink try repo | url=https://github.com/Epodonios/v2ray-configs
[INFO] sublink try page | url=https://raw.githubusercontent.com/Epodonios/v2ray-configs/main/README.md
[OK] proxies=4118 | new=4118 | url=https://raw.githubusercontent.com/Epodonios/v2ray-configs/main/{Sub1.txt|Sub2.txt|Sub3.txt|Sub4.txt|Sub5.txt|Sub6.txt|Sub7.txt|Sub8.txt}
[OK] proxies=184 | new=0 | url=https://github.com/Epodonios/v2ray-configs/raw/main/Splitted-By-Protocol/vmess.txt
[OK] proxies=381 | new=0 | url=https://github.com/Epodonios/v2ray-configs/raw/main/Splitted-By-Protocol/ss.txt
[OK] proxies=162 | new=0 | url=https://github.com/Epodonios/v2ray-configs/raw/main/Splitted-By-Protocol/trojan.txt
[OK] proxies=4118 | new=0 | url=https://github.com/Epodonios/v2ray-configs/raw/main/All_Configs_Sub.txt
[OK] proxies=3355 | new=0 | url=https://github.com/Epodonios/v2ray-configs/raw/main/Splitted-By-Protocol/vless.txt
[OK] proxies=4118 | new=0 | url=https://github.com/Epodonios/v2ray-configs/raw/main/All_Configs_base64_Sub.txt
[OK] proxies=1 | new=1 | url=https://github.com/Epodonios/V2ray-Configs/actions/workflows/main.yml
[OK] proxies=4119 | source=[Epodonios] | url=https://raw.githubusercontent.com/Epodonios/v2ray-configs/main/README.md
============================================================
[INFO] sublink try repo | url=https://github.com/free-clash-v2ray/free-clash-v2ray.github.io
[INFO] sublink try page | url=https://raw.githubusercontent.com/free-clash-v2ray/free-clash-v2ray.github.io/main/README.md
[OK] proxies=3129 | new=3129 | url=https://free-clash-v2ray.github.io/uploads/2026/09/{0-20260927.txt|1-20260927.txt|2-20260927.txt|3-20260927.txt|4-20260927.txt}
[OK] proxies=2984 | new=392 | url=https://free-clash-v2ray.github.io/uploads/2026/09/{0-20260927.yaml|1-20260927.yaml|2-20260927.yaml|3-20260927.yaml}
[OK] proxies=3521 | source=[Free-clash-v2ray] | url=https://raw.githubusercontent.com/free-clash-v2ray/free-clash-v2ray.github.io/main/README.md
============================================================
[INFO] article try page | url=https://v2rayclashfree.com
[INFO] sublink try page | url=https://v2rayclashfree.com/fn/20260928.html
[OK] proxies=959 | new=959 | url=https://v2rayclashfree.com/sub/20260928-v2ray.txt
[OK] proxies=930 | new=446 | url=https://v2rayclashfree.com/sub/20260928-clash.yaml
[OK] proxies=1405 | source=[V2rayclashfree-RSS] | url=https://v2rayclashfree.com/fn/20260928.html
============================================================
[INFO] toolkit try repo | url=https://github.com/MetaCubeX/meta-rules-dat
[INFO] toolkit try release | url=https://github.com/MetaCubeX/meta-rules-dat/releases
[INFO] toolkit try release | url=https://github.com/MetaCubeX/meta-rules-dat/releases/expanded_assets/latest
[INFO] toolkit try download | url=https://github.com/MetaCubeX/meta-rules-dat/releases/download/latest/country.mmdb
[OK] toolkit downloaded | file=country.mmdb | size=7.3MB
[INFO] toolkit try repo | url=https://github.com/mledoze/countries
[INFO] toolkit try release | url=https://github.com/mledoze/countries/releases
[INFO] toolkit try release | url=https://github.com/mledoze/countries/releases/expanded_assets/v1.8.0
[INFO] toolkit try download | url=https://github.com/mledoze/countries/archive/refs/tags/v1.8.0.zip
[OK] toolkit downloaded | file=countries-1.8.0.zip | size=4.8MB
[OK] toolkit extracted | archive=countries-1.8.0.zip | tool=zipfile | files=528 | dirs=8
[OK] toolkit found | file=countries.json | from=countries-1.8.0.zip
[OK] geo score ready | files=country.mmdb, countries.json | centroids=247
============================================================
[INFO] raw backup written | path=/home/runner/work/Free-node-autotest/Free-node-autotest/output/raw.yaml | history=797390719755-raw-0244-20260928.yaml | proxies=26174
[INFO] toolkit try repo | url=https://github.com/MetaCubeX/mihomo
[INFO] toolkit try release | url=https://github.com/MetaCubeX/mihomo/releases
[INFO] toolkit try release | url=https://github.com/MetaCubeX/mihomo/releases/expanded_assets/v1.19.31
[INFO] toolkit try download | url=https://github.com/MetaCubeX/mihomo/releases/download/v1.19.31/mihomo-linux-amd64-compatible-v1.19.31.gz
[OK] toolkit downloaded | file=mihomo-linux-amd64-compatible-v1.19.31.gz | size=21.8MB
[OK] toolkit hash verified | file=mihomo-linux-amd64-compatible-v1.19.31.gz | sha256=04cf9f09671704f839ddbee2e93069dc831a4123a75281e725d1d96ab9ac1afc
[OK] proxy engine ready, starting latency test | package=mihomo-linux-amd64-compatible-v1.19.31.gz
============================================================
[WARN] batch start failed | size=16844 {1} | split=8422 {2} + 8422 {3}
[WARN] batch start failed | size=8422 {2} | split=4211 {4} + 4211 {5}
[WARN] batch start failed | size=8422 {3} | split=4211 {6} + 4211 {7}
[WARN] batch start failed | size=4211 {4} | split=2105 {8} + 2106 {9}
[WARN] batch start failed | size=4211 {6} | split=2105 {10} + 2106 {11}
[TEST] {5} tested=100/4211 | kept=1 | rest=16744
[TEST] {9} tested=100/2106 | kept=0 | rest=16640
[TEST] {9} tested=200/2106 | kept=0 | rest=16515
[WARN] batch start failed | size=4211 {7} | split=2105 {12} + 2106 {13}
[TEST] {5} tested=200/4211 | kept=1 | rest=16436
[WARN] batch start failed | size=2105 {8} | split=1052 {14} + 1053 {15}
[TEST] {9} tested=300/2106 | kept=0 | rest=16337
[WARN] batch start failed | size=2106 {11} | split=1053 {16} + 1053 {17}
[TEST] {9} tested=400/2106 | kept=13 | rest=16191
[TEST] {5} tested=300/4211 | kept=1 | rest=16118
[TEST] {9} tested=500/2106 | kept=26 | rest=15967
[TEST] {9} tested=600/2106 | kept=30 | rest=15852
[TEST] {9} tested=700/2106 | kept=37 | rest=15719
[TEST] {5} tested=400/4211 | kept=2 | rest=15709
[TEST] {10} tested=100/2105 | kept=1 | rest=15529
[TEST] {10} tested=200/2105 | kept=2 | rest=15415
[TEST] {9} tested=800/2106 | kept=51 | rest=15295
[TEST] {9} tested=900/2106 | kept=53 | rest=15184
[TEST] {5} tested=500/4211 | kept=2 | rest=15068
[TEST] {9} tested=1000/2106 | kept=56 | rest=15045
[TEST] {10} tested=300/2105 | kept=3 | rest=14897
[TEST] {10} tested=400/2105 | kept=3 | rest=14790
[TEST] {10} tested=500/2105 | kept=3 | rest=14681
[TEST] {9} tested=1100/2106 | kept=58 | rest=14570
[TEST] {5} tested=600/4211 | kept=2 | rest=14548
[TEST] {9} tested=1200/2106 | kept=60 | rest=14375
[TEST] {10} tested=600/2105 | kept=3 | rest=14340
[TEST] {10} tested=700/2105 | kept=3 | rest=14229
[TEST] {5} tested=700/4211 | kept=2 | rest=14159
[TEST] {10} tested=800/2105 | kept=3 | rest=14114
[TEST] {10} tested=900/2105 | kept=3 | rest=14002
[TEST] {10} tested=1000/2105 | kept=3 | rest=13892
[TEST] {9} tested=1300/2106 | kept=79 | rest=13770
[TEST] {9} tested=1400/2106 | kept=133 | rest=13639
[TEST] {5} tested=800/4211 | kept=2 | rest=13558
[TEST] {10} tested=1100/2105 | kept=3 | rest=13447
[TEST] {10} tested=1200/2105 | kept=3 | rest=13334
[TEST] {10} tested=1300/2105 | kept=3 | rest=13212
[TEST] {9} tested=1500/2106 | kept=141 | rest=13181
[TEST] {5} tested=900/4211 | kept=2 | rest=13059
[TEST] {9} tested=1600/2106 | kept=141 | rest=13012
[TEST] {10} tested=1400/2105 | kept=3 | rest=12887
[TEST] {10} tested=1500/2105 | kept=3 | rest=12780
[TEST] {10} tested=1600/2105 | kept=3 | rest=12671
[TEST] {5} tested=1000/4211 | kept=2 | rest=12494
[TEST] {9} tested=1700/2106 | kept=141 | rest=12409
[TEST] {10} tested=1700/2105 | kept=14 | rest=12381
[TEST] {10} tested=1800/2105 | kept=18 | rest=12245
[TEST] {10} tested=1900/2105 | kept=26 | rest=12134
[TEST] {5} tested=1100/4211 | kept=2 | rest=12018
[TEST] {9} tested=1800/2106 | kept=141 | rest=11921
[TEST] {10} tested=2000/2105 | kept=81 | rest=11871
[TEST] {10} tested=2100/2105 | kept=96 | rest=11651
[TEST] {5} tested=1200/4211 | kept=2 | rest=11642
[TEST] {9} tested=1900/2106 | kept=141 | rest=11625
[TEST] {10} tested=2105/2105 | kept=96 | rest=11617
[TEST] {9} tested=2000/2106 | kept=141 | rest=11453
[TEST] {5} tested=1300/4211 | kept=2 | rest=11417
[TEST] {13} tested=100/2106 | kept=95 | rest=11305
[TEST] {13} tested=200/2106 | kept=192 | rest=11201
[TEST] {13} tested=300/2106 | kept=286 | rest=11099
[TEST] {13} tested=400/2106 | kept=378 | rest=10998
[TEST] {13} tested=500/2106 | kept=475 | rest=10898
[TEST] {13} tested=600/2106 | kept=568 | rest=10797
[TEST] {13} tested=700/2106 | kept=652 | rest=10696
[TEST] {13} tested=800/2106 | kept=737 | rest=10596
[TEST] {13} tested=900/2106 | kept=823 | rest=10496
[TEST] {13} tested=1000/2106 | kept=915 | rest=10372
[TEST] {13} tested=1100/2106 | kept=1005 | rest=10222
[TEST] {13} tested=1200/2106 | kept=1090 | rest=10079
[TEST] {9} tested=2100/2106 | kept=141 | rest=10006
[TEST] {5} tested=1400/4211 | kept=2 | rest=10000
[TEST] {9} tested=2106/2106 | kept=141 | rest=9986
[TEST] {13} tested=1300/2106 | kept=1177 | rest=9920
[TEST] {13} tested=1400/2106 | kept=1240 | rest=9807
[WARN] batch start failed | size=2105 {12} | split=1052 {18} + 1053 {19}
[TEST] {13} tested=1500/2106 | kept=1286 | rest=9704
[WARN] batch start failed | size=1052 {14} | split=526 {20} + 526 {21}
[TEST] {13} tested=1600/2106 | kept=1353 | rest=9570
[TEST] {5} tested=1500/4211 | kept=2 | rest=9504
[TEST] {13} tested=1700/2106 | kept=1435 | rest=9395
[TEST] {13} tested=1800/2106 | kept=1525 | rest=9218
[TEST] {5} tested=1600/4211 | kept=2 | rest=9158
[TEST] {13} tested=1900/2106 | kept=1597 | rest=9087
[TEST] {13} tested=2000/2106 | kept=1674 | rest=8971
[TEST] {5} tested=1700/4211 | kept=2 | rest=8836
[TEST] {15} tested=100/1053 | kept=23 | rest=8695
[TEST] {5} tested=1800/4211 | kept=2 | rest=8637
[TEST] {13} tested=2100/2106 | kept=1730 | rest=8545
[TEST] {13} tested=2106/2106 | kept=1730 | rest=8533
[WARN] batch start failed | size=1053 {16} | split=526 {22} + 527 {23}
[TEST] {5} tested=1900/4211 | kept=2 | rest=8479
[WARN] batch start failed | size=1053 {17} | split=526 {24} + 527 {25}
[TEST] {15} tested=200/1053 | kept=24 | rest=8384
[TEST] {5} tested=2000/4211 | kept=2 | rest=8250
[TEST] {18} tested=100/1052 | kept=6 | rest=8067
[TEST] {18} tested=200/1052 | kept=11 | rest=7963
[TEST] {5} tested=2100/4211 | kept=2 | rest=7905
[TEST] {5} tested=2200/4211 | kept=2 | rest=7796
[TEST] {5} tested=2300/4211 | kept=2 | rest=7686
[TEST] {15} tested=300/1053 | kept=25 | rest=7633
[TEST] {15} tested=400/1053 | kept=39 | rest=7481
[TEST] {5} tested=2400/4211 | kept=2 | rest=7428
[TEST] {18} tested=300/1052 | kept=21 | rest=7365
[TEST] {18} tested=400/1052 | kept=23 | rest=7228
[TEST] {18} tested=500/1052 | kept=27 | rest=7102
[TEST] {5} tested=2500/4211 | kept=2 | rest=6996
[TEST] {18} tested=600/1052 | kept=29 | rest=6899
[TEST] {15} tested=500/1053 | kept=62 | rest=6828
[TEST] {5} tested=2600/4211 | kept=2 | rest=6804
[TEST] {5} tested=2700/4211 | kept=2 | rest=6621
[TEST] {15} tested=600/1053 | kept=63 | rest=6541
[TEST] {5} tested=2800/4211 | kept=2 | rest=6461
[TEST] {18} tested=700/1052 | kept=32 | rest=6341
[TEST] {18} tested=800/1052 | kept=39 | rest=6203
[TEST] {18} tested=900/1052 | kept=41 | rest=6080
[TEST] {15} tested=700/1053 | kept=63 | rest=5980
[TEST] {5} tested=2900/4211 | kept=2 | rest=5887
[TEST] {15} tested=800/1053 | kept=70 | rest=5843
[TEST] {18} tested=1000/1052 | kept=43 | rest=5634
[TEST] {5} tested=3000/4211 | kept=2 | rest=5632
[TEST] {15} tested=900/1053 | kept=75 | rest=5614
[TEST] {18} tested=1052/1052 | kept=43 | rest=5455
[TEST] {5} tested=3100/4211 | kept=14 | rest=5428
[WARN] batch start failed | size=1053 {19} | split=526 {26} + 527 {27}
[TEST] {15} tested=1000/1053 | kept=76 | rest=5335
[WARN] batch start failed | size=526 {20} | split=263 {28} + 263 {29}
[TEST] {21} tested=100/526 | kept=36 | rest=5157
[TEST] {5} tested=3200/4211 | kept=14 | rest=5092
[TEST] {15} tested=1053/1053 | kept=76 | rest=5068
[TEST] {22} tested=100/526 | kept=97 | rest=4893
[TEST] {5} tested=3300/4211 | kept=14 | rest=4825
[TEST] {22} tested=200/526 | kept=168 | rest=4759
[TEST] {22} tested=300/526 | kept=264 | rest=4646
[TEST] {21} tested=200/526 | kept=49 | rest=4546
[TEST] {22} tested=400/526 | kept=344 | rest=4433
[TEST] {21} tested=300/526 | kept=65 | rest=4330
[TEST] {5} tested=3400/4211 | kept=15 | rest=4157
[TEST] {5} tested=3500/4211 | kept=15 | rest=4047
[TEST] {21} tested=400/526 | kept=148 | rest=4006
[TEST] {22} tested=500/526 | kept=389 | rest=3940
[TEST] {22} tested=526/526 | kept=389 | rest=3897
[WARN] batch start failed | size=527 {23} | split=263 {30} + 264 {31}
[TEST] {5} tested=3600/4211 | kept=15 | rest=3800
[WARN] batch start failed | size=527 {25} | split=263 {32} + 264 {33}
[TEST] {21} tested=500/526 | kept=154 | rest=3788
[TEST] {5} tested=3700/4211 | kept=15 | rest=3603
[TEST] {24} tested=100/526 | kept=32 | rest=3588
[TEST] {21} tested=526/526 | kept=154 | rest=3508
[WARN] batch start failed | size=527 {27} | split=263 {34} + 264 {35}
[TEST] {5} tested=3800/4211 | kept=15 | rest=3437
[TEST] {26} tested=100/526 | kept=3 | rest=3292
[TEST] {26} tested=200/526 | kept=4 | rest=3105
[TEST] {24} tested=200/526 | kept=57 | rest=3088
[TEST] {5} tested=3900/4211 | kept=15 | rest=2984
[TEST] {24} tested=300/526 | kept=98 | rest=2823
[TEST] {26} tested=300/526 | kept=18 | rest=2740
[TEST] {5} tested=4000/4211 | kept=15 | rest=2698
[TEST] {26} tested=400/526 | kept=19 | rest=2601
[TEST] {24} tested=400/526 | kept=126 | rest=2478
[TEST] {5} tested=4100/4211 | kept=16 | rest=2347
[TEST] {26} tested=500/526 | kept=21 | rest=2273
[TEST] {26} tested=526/526 | kept=21 | rest=2199
[TEST] {24} tested=500/526 | kept=129 | rest=2186
[TEST] {24} tested=526/526 | kept=129 | rest=2148
[WARN] batch start failed | size=263 {28} | split=131 {36} + 132 {37}
[TEST] {29} tested=100/263 | kept=8 | rest=2022
[WARN] batch start failed | size=263 {30} | split=131 {38} + 132 {39}
[TEST] {5} tested=4200/4211 | kept=16 | rest=1983
[TEST] {5} tested=4211/4211 | kept=16 | rest=1847
[TEST] {31} tested=100/264 | kept=59 | rest=1841
[WARN] batch start failed | size=263 {32} | split=131 {40} + 132 {41}
[TEST] {33} tested=100/264 | kept=7 | rest=1663
[TEST] {29} tested=200/263 | kept=17 | rest=1586
[TEST] {33} tested=200/264 | kept=9 | rest=1493
[TEST] {29} tested=263/263 | kept=17 | rest=1449
[TEST] {31} tested=200/264 | kept=95 | rest=1444
[TEST] {31} tested=264/264 | kept=95 | rest=1286
[TEST] {34} tested=100/263 | kept=3 | rest=1280
[WARN] batch start failed | size=264 {35} | split=132 {42} + 132 {43}
[WARN] batch start failed | size=131 {36} | split=65 {44} + 66 {45}
[TEST] {34} tested=200/263 | kept=15 | rest=1118
[TEST] {33} tested=264/264 | kept=9 | rest=1116
[WARN] batch start failed | size=132 {37} | split=66 {46} + 66 {47}
[WARN] batch start failed | size=131 {38} | split=65 {48} + 66 {49}
[WARN] batch start failed | size=131 {40} | split=65 {50} + 66 {51}
[TEST] {39} tested=100/132 | kept=65 | rest=1015
[WARN] batch start failed | size=132 {41} | split=66 {52} + 66 {53}
[TEST] {34} tested=263/263 | kept=15 | rest=830
[WARN] batch start failed | size=132 {43} | split=66 {54} + 66 {55}
[WARN] batch start failed | size=66 {45} | split=33 {56} + 33 {57}
[TEST] {39} tested=132/132 | kept=91 | rest=800
[WARN] batch start failed | size=66 {46} | split=33 {58} + 33 {59}
[WARN] batch start failed | size=66 {47} | split=33 {60} + 33 {61}
[TEST] {42} tested=100/132 | kept=30 | rest=785
[TEST] {42} tested=132/132 | kept=30 | rest=753
[WARN] batch start failed | size=65 {48} | split=32 {62} + 33 {63}
[WARN] batch start failed | size=65 {50} | split=32 {64} + 33 {65}
[TEST] {44} tested=65/65 | kept=7 | rest=610
[WARN] batch start failed | size=66 {52} | split=33 {66} + 33 {67}
[TEST] {49} tested=66/66 | kept=43 | rest=559
[TEST] {51} tested=66/66 | kept=1 | rest=516
[WARN] batch start failed | size=66 {54} | split=33 {68} + 33 {69}
[TEST] {55} tested=66/66 | kept=61 | rest=466
[WARN] batch start failed | size=33 {57} | split=16 {70} + 17 {71}
[TEST] {53} tested=66/66 | kept=3 | rest=422
[WARN] batch start failed | size=33 {58} | split=16 {72} + 17 {73}
[WARN] batch start failed | size=33 {60} | split=16 {74} + 17 {75}
[TEST] {56} tested=33/33 | kept=4 | rest=371
[WARN] batch start failed | size=32 {62} | split=16 {76} + 16 {77}
[TEST] {61} tested=33/33 | kept=32 | rest=369
[TEST] {59} tested=33/33 | kept=0 | rest=349
[WARN] batch start failed | size=32 {64} | split=16 {78} + 16 {79}
[WARN] batch start failed | size=33 {66} | split=16 {80} + 17 {81}
[TEST] {63} tested=33/33 | kept=7 | rest=290
[TEST] {68} tested=33/33 | kept=32 | rest=256
[TEST] {65} tested=33/33 | kept=2 | rest=238
[WARN] batch start failed | size=33 {69} | split=16 {82} + 17 {83}
[TEST] {67} tested=33/33 | kept=0 | rest=229
[WARN] batch start failed | size=17 {71} | split=8 {84} + 9 {85}
[WARN] batch start failed | size=17 {73} | split=8 {86} + 9 {87}
[TEST] {70} tested=16/16 | kept=6 | rest=201
[TEST] {72} tested=16/16 | kept=0 | rest=187
[WARN] batch start failed | size=16 {74} | split=8 {88} + 8 {89}
[TEST] {75} tested=17/17 | kept=2 | rest=180
[WARN] batch start failed | size=16 {77} | split=8 {90} + 8 {91}
[WARN] batch start failed | size=16 {79} | split=8 {92} + 8 {93}
[WARN] batch start failed | size=16 {80} | split=8 {94} + 8 {95}
[TEST] {76} tested=16/16 | kept=1 | rest=148
[TEST] {78} tested=16/16 | kept=1 | rest=134
[WARN] batch start failed | size=17 {83} | split=8 {96} + 9 {97}
[WARN] batch start failed | size=8 {84} | split=4 {98} + 4 {99}
[TEST] {81} tested=17/17 | kept=0 | rest=116
[WARN] batch start failed | size=9 {85} | split=4 {100} + 5 {101}
[WARN] batch start failed | size=8 {86} | split=4 {102} + 4 {103}
[WARN] batch start failed | size=8 {88} | split=4 {104} + 4 {105}
[WARN] batch start failed | size=8 {89} | split=4 {106} + 4 {107}
[WARN] batch start failed | size=8 {90} | split=4 {108} + 4 {109}
[TEST] {82} tested=16/16 | kept=15 | rest=103
[TEST] {87} tested=9/9 | kept=0 | rest=97
[WARN] batch start failed | size=8 {92} | split=4 {110} + 4 {111}
[TEST] {91} tested=8/8 | kept=2 | rest=86
[WARN] batch start failed | size=8 {95} | split=4 {112} + 4 {113}
[WARN] batch start failed | size=8 {96} | split=4 {114} + 4 {115}
[TEST] {93} tested=8/8 | kept=0 | rest=75
[TEST] {97} tested=9/9 | kept=9 | rest=74
[WARN] batch start failed | size=4 {98} | split=2 {116} + 2 {117}
[WARN] batch start failed | size=4 {99} | split=2 {118} + 2 {119}
[WARN] batch start failed | size=4 {100} | split=2 {120} + 2 {121}
[WARN] batch start failed | size=4 {102} | split=2 {122} + 2 {123}
[WARN] batch start failed | size=4 {103} | split=2 {124} + 2 {125}
[WARN] batch start failed | size=4 {105} | split=2 {126} + 2 {127}
[TEST] {94} tested=8/8 | kept=0 | rest=73
[WARN] batch start failed | size=4 {106} | split=2 {128} + 2 {129}
[TEST] {107} tested=4/4 | kept=0 | rest=68
[TEST] {101} tested=5/5 | kept=0 | rest=61
[WARN] batch start failed | size=4 {109} | split=2 {130} + 2 {131}
[WARN] batch start failed | size=4 {110} | split=2 {132} + 2 {133}
[TEST] {104} tested=4/4 | kept=0 | rest=56
[TEST] {112} tested=4/4 | kept=0 | rest=52
[TEST] {108} tested=4/4 | kept=0 | rest=51
[WARN] batch start failed | size=4 {113} | split=2 {134} + 2 {135}
[WARN] batch start failed | size=4 {114} | split=2 {136} + 2 {137}
[TEST] {115} tested=4/4 | kept=3 | rest=47
[WARN] batch start failed | size=2 {117} | split=1 {138} + 1 {139}
[WARN] batch start failed | size=2 {118} | split=1 {140} + 1 {141}
[WARN] batch start failed | size=2 {119} | split=1 {142} + 1 {143}
[WARN] batch start failed | size=2 {120} | split=1 {144} + 1 {145}
[TEST] {111} tested=4/4 | kept=1 | rest=42
[WARN] batch start failed | size=2 {123} | split=1 {146} + 1 {147}
[TEST] {116} tested=2/2 | kept=1 | rest=41
[TEST] {125} tested=2/2 | kept=0 | rest=39
[WARN] batch start failed | size=2 {124} | split=1 {148} + 1 {149}
[TEST] {121} tested=2/2 | kept=0 | rest=38
[WARN] batch start failed | size=2 {126} | split=1 {150} + 1 {151}
[WARN] batch start failed | size=2 {127} | split=1 {152} + 1 {153}
[WARN] batch start failed | size=2 {128} | split=1 {154} + 1 {155}
[TEST] {129} tested=2/2 | kept=0 | rest=36
[TEST] {122} tested=2/2 | kept=0 | rest=34
[WARN] batch start failed | size=2 {131} | split=1 {156} + 1 {157}
[WARN] batch start failed | size=2 {133} | split=1 {158} + 1 {159}
[TEST] {130} tested=2/2 | kept=1 | rest=32
[WARN] batch start failed | size=2 {135} | split=1 {160} + 1 {161}
[WARN] batch start failed | size=2 {136} | split=1 {162} + 1 {163}
[TEST] {137} tested=2/2 | kept=2 | rest=28
[TEST] {138} tested=1/1 | kept=0 | rest=27
[REPAIR] name=[ChromeGO-ShiteThings] hysteria {139} | fields=up,down
[REPAIR] name=[ChromeGO-ShiteThings] hysteria-2 {140} | fields=up,down
[TEST] {139} tested=1/1 | kept=0 | rest=26
[REPAIR] name=[ChromeGO-ShiteThings] hysteria-3 {141} | fields=up,down
[TEST] {140} tested=1/1 | kept=0 | rest=25
[REPAIR] name=[ChromeGO-ShiteThings] hysteria-4 {142} | fields=up,down
[TEST] {132} tested=2/2 | kept=0 | rest=24
[TEST] {134} tested=2/2 | kept=0 | rest=23
[TEST] {141} tested=1/1 | kept=0 | rest=22
[REPAIR] name=[ChromeGO-ShiteThings] hysteria-5 {143} | fields=up,down
[REPAIR] name=[ChromeGO-Merge] WARP {144} | fields=dialer-proxy
[TEST] {142} tested=1/1 | kept=0 | rest=21
[REPAIR] name=[ChromeGO-Merge] France_hysteria_1 {147} | fields=up,down
[REPAIR] name=[ChromeGO-Merge] United {146} | fields=up,down
[TEST] {144} tested=1/1 | kept=1 | rest=20
[REPAIR] name=[ChromeGO-Merge] United-2 {148} | fields=up,down
[REPAIR] name=[ChromeGO-Merge] France {151} | fields=up,down
[TEST] {149} tested=1/1 | kept=0 | rest=19
[REPAIR] name=[ChromeGO-Merge] Taiwan {150} | fields=up,down
[REPAIR] name=[ChromeGO-Merge] United-4 {152} | fields=up,down
[REPAIR] name=[ChromeGO-Merge] Taiwan-2 {153} | fields=up,down
[TEST] {150} tested=1/1 | kept=0 | rest=18
[REPAIR] name=[ChromeGO-Merge] United-5 {154} | fields=up,down
[TEST] {153} tested=1/1 | kept=0 | rest=17
[REPAIR] name=[Pawdroid-SS-APK] United+Kingdom-4 {157} | fields=cipher
[TEST] {155} tested=1/1 | kept=0 | rest=16
[TEST] {157} tested=1/1 | kept=1 | rest=15
[REPAIR] name=[Epodonios] EPODONIOS-108 {159} | fields=cipher
[TEST] {156} tested=1/1 | kept=1 | rest=14
[DROP] name=[Epodonios] EPODONIOS-230 {160} | server=194.93.61.120:443 | reason=Parse config error: proxy 0: 'reality-opts' has unset fields: public-key
[TEST] {145} tested=1/1 | kept=0 | rest=12
[TEST] {143} tested=1/1 | kept=0 | rest=11
[REPAIR] name=[Free-clash-v2ray] hysteria {162} | fields=up,down
[TEST] {161} tested=1/1 | kept=0 | rest=10
[TEST] {147} tested=1/1 | kept=0 | rest=9
[TEST] {146} tested=1/1 | kept=0 | rest=8
[TEST] {162} tested=1/1 | kept=0 | rest=7
[TEST] {148} tested=1/1 | kept=0 | rest=6
[TEST] {163} tested=1/1 | kept=1 | rest=5
[TEST] {151} tested=1/1 | kept=0 | rest=4
[TEST] {152} tested=1/1 | kept=0 | rest=3
[TEST] {154} tested=1/1 | kept=0 | rest=2
[TEST] {159} tested=1/1 | kept=0 | rest=1
[TEST] {158} tested=1/1 | kept=0 | rest=0
[DROP] name=[免费节点4] 🇬🇧GB-82.38.31.189-0703 {core} | server=82.38.31.189:8080 | reason=duplicate core
[INFO] dropped=2 | [Epodonios] × 1 | [免费节点4] × 1
============================================================
[INFO] cap live | source=[免费节点2] | from=120 | to=50
[INFO] cap live | source=[Pawdroid-SS-APK] | from=344 | to=50
[INFO] cap live | source=[免费节点6] | from=79 | to=50
[INFO] cap live | source=[免费节点8] | from=77 | to=50
[INFO] cap live | source=[Pawdroid-SR-APK] | from=432 | to=50
[INFO] cap live | source=[Epodonios] | from=119 | to=50
[INFO] cap live | source=[Free-clash-v2ray] | from=1697 | to=50
[INFO] cap live | source=[V2rayclashfree-RSS] | from=166 | to=50
[INFO] cap live total | from=657 | to=400 | floor=5 | by=health_score
[INFO] cap live | reserved=110 | pool=547 | taken=290
[INFO] cap live | source=[ChromeGO-ShiteThings] | from=7 | to=5
[INFO] cap live | source=[ChromeGO-Merge] | from=8 | to=5
[INFO] cap live | source=[NekoWarp] | from=10 | to=5
[INFO] cap live | source=[1VPN-CRX] | from=16 | to=5
[INFO] cap live | source=[Mibei77-RSS] | from=6 | to=5
[INFO] cap live | source=[Yoyapai-RSS] | from=21 | to=13
[INFO] cap live | source=[免费节点1] | from=44 | to=5
[INFO] cap live | source=[免费节点2] | from=50 | to=8
[INFO] cap live | source=[免费节点4] | from=39 | to=5
[INFO] cap live | source=[免费节点6] | from=50 | to=39
[INFO] cap live | source=[免费节点8] | from=50 | to=31
[INFO] cap live | source=[免费节点10] | from=17 | to=5
[INFO] cap live | source=[免费节点11] | from=39 | to=19
[INFO] cap live | source=[Clashfree] | from=35 | to=5
[INFO] cap live | source=[Epodonios] | from=50 | to=43
[INFO] cap live | source=[V2rayclashfree-RSS] | from=50 | to=37
[INFO] geo tally | live=400 | HK=31 | JP=72 | KR=25 | TW=18 | SG=11 | US=103 | GB=1 | FR=8 | DE=4 | NL=9 | CA=21 | other=97
[INFO] score summary | n=400 | max=129.2381 | p90=107.6766 | p50=33.3890 | avg=53.5974 | min=-3.2682 | geo_avg=26.8797 | adj_avg=+6.5975
============================================================
+------------------------------+--------+--------+------+--------+
| source                       |    raw | unique | live | capped |
+------------------------------+--------+--------+------+--------+
| [大FQ运动]                   |     18 |     18 |    5 |      5 |
+------------------------------+--------+--------+------+--------+
| [Pawdroid]                   |     22 |     21 |    2 |      2 |
+------------------------------+--------+--------+------+--------+
| [FreeV2-Base64]              |      3 |      3 |    0 |      0 |
+------------------------------+--------+--------+------+--------+
| [Bocchi2b-Base64]            |     35 |     35 |    0 |      0 |
+------------------------------+--------+--------+------+--------+
| [ChromeGO-Toolkit]           |     20 |     20 |    4 |      4 |
+------------------------------+--------+--------+------+--------+
| [ChromeGO-ShiteThings]       |     31 |     25 |    7 |      5 |
+------------------------------+--------+--------+------+--------+
| [ChromeGO-Merge]             |    114 |    113 |    8 |      5 |
+------------------------------+--------+--------+------+--------+
| [Freesocks]                  |      4 |      4 |    3 |      3 |
+------------------------------+--------+--------+------+--------+
| [NekoWarp]                   |     10 |     10 |   10 |      5 |
+------------------------------+--------+--------+------+--------+
| [1VPN-CRX]                   |     17 |     17 |   16 |      5 |
+------------------------------+--------+--------+------+--------+
| [OpenRunner-RSS]             |     11 |      0 |    0 |      0 |
+------------------------------+--------+--------+------+--------+
| [V2Rayshare-RSS]             |     22 |     22 |    1 |      1 |
+------------------------------+--------+--------+------+--------+
| [Mibei77-RSS]                |    159 |    142 |    6 |      5 |
+------------------------------+--------+--------+------+--------+
| [Yoyapai-RSS]                |    228 |    201 |   21 |     13 |
+------------------------------+--------+--------+------+--------+
| [免费节点1]                  |    291 |    202 |   44 |      5 |
+------------------------------+--------+--------+------+--------+
| [免费节点2]                  |    346 |    280 |  120 |      8 |
+------------------------------+--------+--------+------+--------+
| [免费节点3]                  |     54 |      0 |    0 |      0 |
+------------------------------+--------+--------+------+--------+
| [免费节点4]                  |    835 |    708 |   39 |      5 |
+------------------------------+--------+--------+------+--------+
| [免费节点5]                  |     29 |     28 |    0 |      0 |
+------------------------------+--------+--------+------+--------+
| [免费节点6]                  |   1635 |   1567 |   79 |     39 |
+------------------------------+--------+--------+------+--------+
| [免费节点7]                  |     64 |      0 |    0 |      0 |
+------------------------------+--------+--------+------+--------+
| [免费节点8]                  |   4102 |   3245 |   77 |     31 |
+------------------------------+--------+--------+------+--------+
| [免费节点9]                  |    615 |    457 |    0 |      0 |
+------------------------------+--------+--------+------+--------+
| [免费节点10]                 |   5493 |   3086 |   17 |      5 |
+------------------------------+--------+--------+------+--------+
| [免费节点11]                 |    429 |    254 |   39 |     19 |
+------------------------------+--------+--------+------+--------+
| [Pawdroid-SR-APK]            |    860 |    508 |  432 |     50 |
+------------------------------+--------+--------+------+--------+
| [Pawdroid-SS-APK]            |   1489 |    979 |  344 |     50 |
+------------------------------+--------+--------+------+--------+
| [Clashfree]                  |    191 |     73 |   35 |      5 |
+------------------------------+--------+--------+------+--------+
| [Epodonios]                  |   4119 |   2554 |  119 |     43 |
+------------------------------+--------+--------+------+--------+
| [Free-clash-v2ray]           |   3521 |   2050 | 1697 |     50 |
+------------------------------+--------+--------+------+--------+
| [V2rayclashfree-RSS]         |   1405 |    222 |  166 |     37 |
+------------------------------+--------+--------+------+--------+
============================================================
[INFO] clash history written | path=/home/runner/work/Free-node-autotest/Free-node-autotest/history/797390719755-clash-0244-20260928.yaml
[SUMMARY] total_nodes=26172
[SUMMARY] legal_candidates=16844
[SUMMARY] passed_latency_test=400
[SUMMARY] region_HK=31 | region_JP=72 | region_US=109
[SUMMARY] avg_latency_ms=383.54
[SUMMARY] output=/home/runner/work/Free-node-autotest/Free-node-autotest/output/clash.yaml
============================================================
[INFO] debug history written | path=/home/runner/work/Free-node-autotest/Free-node-autotest/history/797390719755-debug-0244-20260928.log | proxies=26174
