============================================================
[INFO] sublink try page: https://end-gfw.com
[WARN] sublink page failed: https://end-gfw.com failed to fetch https://end-gfw.com: 522 Server Error: <none> for url: https://end-gfw.com/
[INFO] source try url: https://end-gfw.com/ss-key
[OK] proxies=4 new=4 url=https://end-gfw.com/ss-key
[INFO] sublink try repo: https://github.com/hello-world-1989/cn-news
[INFO] sublink try page: https://raw.githubusercontent.com/hello-world-1989/cn-news/main/README.md
[OK] proxies=2 new=2 url=https://raw.githubusercontent.com/hello-world-1989/cn-news/refs/heads/main/clash.yaml
[OK] proxies=2 new=0 url=https://raw.githubusercontent.com/hello-world-1989/cn-news/main/end-gfw-together
[OK] proxies=6 new=6 url=https://raw.githubusercontent.com/hello-world-1989/v2-sub/main/end-gfw-together-af3e13
[OK] proxies=12 source=[大FQ运动] url=https://raw.githubusercontent.com/hello-world-1989/cn-news/main/README.md
============================================================
[INFO] sublink try repo: https://github.com/Pawdroid/Free-servers
[INFO] sublink try page: https://raw.githubusercontent.com/Pawdroid/Free-servers/main/README.md
[OK] proxies=20 new=20 url=https://raw.githubusercontent.com/Pawdroid/Free-servers/main/README.md
[OK] proxies=20 new=0 url=https://raw.githubusercontent.com/Pawdroid/Free-servers/main/sub
[OK] proxies=1 new=1 url=https://apps.apple.com/cn/app/shadowshare/id1612647259
[OK] proxies=1 new=1 url=http://www.surflare.com
[OK] proxies=22 source=[Pawdroid] url=https://raw.githubusercontent.com/Pawdroid/Free-servers/main/README.md
============================================================
[INFO] source try url: https://xmxosfepggzm.503403.xyz
[OK] proxies=2 new=2 url=https://xmxosfepggzm.503403.xyz
[OK] proxies=2 source=[FreeV2-Base64] url=https://xmxosfepggzm.503403.xyz
============================================================
[INFO] source try url: https://links.bocchi2b.top/clash
[OK] proxies=35 new=35 url=https://links.bocchi2b.top/clash
[OK] proxies=35 source=[Bocchi2b-Base64] url=https://links.bocchi2b.top/clash
============================================================
[INFO] toolkit try repo: https://github.com/bannedbook/fanqiang
[INFO] toolkit try release: https://github.com/bannedbook/fanqiang/releases
[INFO] toolkit try release: https://github.com/bannedbook/fanqiang/releases/expanded_assets/ChromeGo-latest
[INFO] toolkit try download: https://github.com/bannedbook/fanqiang/releases/download/ChromeGo-latest/ChromeGo.7z
[OK] toolkit downloaded: ChromeGo.7z bytes=100924352
[OK] toolkit extracted archive=ChromeGo.7z tool=7z files=222 dirs=45
[OK] toolkit discovered subs=107 embedded=12 archive=ChromeGo.7z
[OK] proxies=6 new=6 embedded=archive-config
[OK] proxies=3 new=3 url=https://gitlab.com/free9999/ipupdate/master/backup/img/1/2/{ipp|ip}/clash.meta2/{5|6|3|1|4|2}/config.yaml
[OK] proxies=3 new=0 url=https://www.67867867.xyz/Alvin9999/PAC/refs/heads/master/backup/img/1/2/{ipp|ip}/clash.meta2/{5|6|3|1|4|2}/config.yaml
[OK] proxies=7 new=5 url=https://gitlab.com/free9999/ipupdate/master/backup/img/1/2/{ipp|ip}/{hysteria2|singbox|naiveproxy|hysteria|xray}/{3|1|4|2}/config.json
[OK] proxies=7 new=0 url=https://www.67867867.xyz/Alvin9999/PAC/refs/heads/master/backup/img/1/2/{ipp|ip}/{hysteria2|singbox|naiveproxy|hysteria|xray}/{3|1|4|2}/config.json
[OK] proxies=14 source=[ChromeGO-Toolkit] url=https://github.com/bannedbook/fanqiang/releases/download/ChromeGo-latest/ChromeGo.7z
============================================================
[INFO] sublink try repo: https://github.com/ShiteThings/extractNodes
[INFO] sublink try page: https://raw.githubusercontent.com/ShiteThings/extractNodes/main/README.md
[OK] proxies=31 new=30 url=https://{chg26.makou.cc.cd|chg64.makou.cc.cd}
[OK] proxies=26 new=1 url=https://chg26.makou.cc.cd/sb
[OK] proxies=31 source=[ChromeGO-ShiteThings] url=https://raw.githubusercontent.com/ShiteThings/extractNodes/main/README.md
============================================================
[INFO] sublink try repo: https://github.com/shangui999/chromego_merge
[INFO] sublink try page: https://raw.githubusercontent.com/shangui999/chromego_merge/master/ReadMe.md
[OK] proxies=10 new=10 url=https://freedman.netlify.app/sub/merged_proxies_new.yaml
[OK] proxies=11 new=1 url=https://freedman.netlify.app/sub/merged_warp_proxies_new.yaml
[OK] proxies=11 new=6 url=https://freedman.netlify.app/sub/shadowrocket_base64.txt
[OK] proxies=16 new=16 url=https://freedman.netlify.app/sub/sb.json
[INFO] sublink try repo: https://github.com/yaney01/chromego
[INFO] sublink try page: https://raw.githubusercontent.com/yaney01/chromego/main/ReadMe.md
[OK] proxies=50 new=46 url=https://raw.githubusercontent.com/yaney01/chromego/main/sub/merged_proxies_new.yaml
[OK] proxies=51 new=0 url=https://raw.githubusercontent.com/yaney01/chromego/main/sub/merged_warp_proxies_new.yaml
[OK] proxies=13 new=7 url=https://raw.githubusercontent.com/yaney01/chromego/main/sub/shadowrocket_base64.txt
[OK] proxies=13 new=0 url=https://raw.githubusercontent.com/yaney01/chromego/main/sub/sb.json
[INFO] sublink try repo: https://github.com/Misaka-blog/chromego_merge
[INFO] sublink try page: https://raw.githubusercontent.com/Misaka-blog/chromego_merge/main/README.md
[OK] proxies=43 new=43 url=https://chromego-sub.netlify.app/sub/merged_proxies_new.yaml
[OK] proxies=129 source=[ChromeGO-Merge] url=https://raw.githubusercontent.com/Misaka-blog/chromego_merge/main/README.md
============================================================
[INFO] source try url: https://freesocks.org/api/v1/sub/02b897e8e77f19176b0b9f2c75864b00
[OK] proxies=1 new=1 url=https://freesocks.org/api/v1/sub/02b897e8e77f19176b0b9f2c75864b00
[OK] proxies=1 source=[Freesocks] url=https://freesocks.org/api/v1/sub/02b897e8e77f19176b0b9f2c75864b00
============================================================
[INFO] source try url: https://neko-warp.nloli.xyz/neko_warp.yaml
[OK] proxies=10 new=10 url=https://neko-warp.nloli.xyz/neko_warp.yaml
[OK] proxies=10 source=[NekoWarp] url=https://neko-warp.nloli.xyz/neko_warp.yaml
============================================================
[INFO] toolkit try chrome: https://chromewebstore.google.com/detail/free-vpn-proxy-1vpn/akcocjjpkmlniicdeemdceeajlmoabhg
[INFO] toolkit try download: https://clients2.google.com/service/update2/crx?response=redirect&prodversion=131.0.6778.0&acceptformat=crx2,crx3&x=id%3dakcocjjpkmlniicdeemdceeajlmoabhg%26uc
[OK] toolkit downloaded: free-vpn-proxy-1vpn.crx bytes=1627904
[OK] toolkit extracted archive=free-vpn-proxy-1vpn.crx tool=zipfile files=68 dirs=57
[OK] toolkit 1vpn-crx scanned hosts=17 keys=1 archive=free-vpn-proxy-1vpn.crx
[OK] proxies=17 source=[1VPN-CRX] url=https://clients2.google.com/service/update2/crx?response=redirect&prodversion=131.0.6778.0&acceptformat=crx2,crx3&x=id%3dakcocjjpkmlniicdeemdceeajlmoabhg%26uc
============================================================
[INFO] article try feed: https://free.datiya.com/index.xml
[INFO] sublink try page: https://free.datiya.com/post/20260924/
[OK] proxies=14 new=14 url=https://free.datiya.com/uploads/20260924-clash.yaml
[OK] proxies=14 source=[OpenRunner-RSS] url=https://free.datiya.com/post/20260924/
============================================================
[INFO] article try feed: https://v2rayshare.com/feed
[INFO] sublink try page: https://v2rayshare.com/p/4097.html
[INFO] sublink try repo: https://github.com/firefoxmmx2/v2rayshare_subcription
[INFO] sublink try page: https://raw.githubusercontent.com/firefoxmmx2/v2rayshare_subcription/main/README.md
[OK] proxies=22 new=22 url=https://{raw.githubusercontent.com|cdn.jsdelivr.net}/firefoxmmx2/v2rayshare_subcription/main/subscription/vray_sub.txt
[OK] proxies=21 new=0 url=https://{raw.githubusercontent.com|cdn.jsdelivr.net}/firefoxmmx2/v2rayshare_subcription/main/subscription/clash_sub.yaml
[OK] proxies=22 new=0 url=https://{raw.githubusercontent.com|cdn.jsdelivr.net}/firefoxmmx2/v2rayshare_subcription/main/subscription/mihomo_sub.yaml
[OK] proxies=22 source=[V2Rayshare-RSS] url=https://raw.githubusercontent.com/firefoxmmx2/v2rayshare_subcription/main/README.md
============================================================
[INFO] article try feed: https://www.mibei77.com/feed
[INFO] sublink try page: https://www.mibei77.com/693.html
[OK] proxies=128 new=128 url=https://mm.mibei77.com/202609/09.2464bacvd.txt
[OK] proxies=128 new=1 url=https://mm.mibei77.com/202609/0924Clashizx.yaml
[OK] proxies=129 source=[Mibei77-RSS] url=https://www.mibei77.com/693.html
============================================================
[INFO] article try feed: https://yoyapai.com/feed
[INFO] sublink try page: https://yoyapai.com/732
[OK] proxies=1 new=1 url=https://yoyapai.com/732
[OK] proxies=225 new=225 url=https://freenode.yoyapai.com/2026/09/24-yoyapai.com-clash-vpnmianfeijiedian.yaml
[OK] proxies=225 new=0 url=https://freenode.yoyapai.com/2026/09/24-yoyapai.com-ssrv2ray-vpnmianfeijiedian.txt
[OK] proxies=226 source=[Yoyapai-RSS] url=https://yoyapai.com/732
============================================================
[INFO] sublink try repo: https://github.com/free18/v2ray
[INFO] sublink try page: https://raw.githubusercontent.com/free18/v2ray/main/README.md
[OK] proxies=3 new=3 url=https://raw.githubusercontent.com/free18/v2ray/main/README.md
[OK] proxies=260 new=260 url=https://ghfast.top/https://raw.githubusercontent.com/free18/v2ray/refs/heads/main/v.txt
[OK] proxies=260 new=0 url=https://ghfast.top/https://raw.githubusercontent.com/free18/v2ray/refs/heads/main/c.yaml
[OK] proxies=263 source=[免费节点1] url=https://raw.githubusercontent.com/free18/v2ray/main/README.md
============================================================
[INFO] sublink try repo: https://github.com/ermaozi/get_subscribe
[INFO] sublink try page: https://raw.githubusercontent.com/ermaozi/get_subscribe/main/README.md
[INFO] sublink file_nodes=0 bare links=9
[OK] proxies=369 new=369 url=https://www.ermao.net/sub/{clash|v2ray}/ermao.net
[OK] proxies=368 new=0 url=https://www.ermao.net/sub/{reachable|unreachable|untested}/clash/ermao.net
[OK] proxies=369 source=[免费节点2] url=https://raw.githubusercontent.com/ermaozi/get_subscribe/main/README.md
============================================================
[INFO] sublink try repo: https://github.com/sunmiao4458/free-proxy-airport
[INFO] sublink try page: https://raw.githubusercontent.com/sunmiao4458/free-proxy-airport/main/README.md
[OK] proxies=34 new=34 url=https://sunmiao4458.github.io/free-proxy-airport/clash.yaml
[OK] proxies=34 source=[免费节点3] url=https://raw.githubusercontent.com/sunmiao4458/free-proxy-airport/main/README.md
============================================================
[INFO] sublink try repo: https://github.com/mfuu/FreeProxies
[INFO] sublink try page: https://raw.githubusercontent.com/mfuu/FreeProxies/master/README.md
[OK] proxies=839 new=839 url=https://raw.githubusercontent.com/mfuu/FreeProxies/master/sub.yaml
[OK] proxies=839 source=[免费节点4] url=https://raw.githubusercontent.com/mfuu/FreeProxies/master/README.md
============================================================
[INFO] sublink try repo: https://github.com/vxiaov/free_proxies
[INFO] sublink try page: https://raw.githubusercontent.com/vxiaov/free_proxies/main/README.md
[OK] proxies=1 new=1 url=https://raw.githubusercontent.com/vxiaov/free_proxies/main/README.md
[OK] proxies=28 new=28 url=https://{cdn.jsdelivr.net|raw.githubusercontent.com}/vxiaov/free_proxies/main/clash/clash.provider.yaml
[OK] proxies=29 source=[免费节点5] url=https://raw.githubusercontent.com/vxiaov/free_proxies/main/README.md
============================================================
[INFO] sublink try repo: https://github.com/anaer/Sub
[INFO] sublink try page: https://raw.githubusercontent.com/anaer/Sub/main/README.MD
[OK] proxies=1627 new=1627 url=https://anaer.github.io/Sub/clash.yaml
[OK] proxies=1627 new=0 url=https://raw.githubusercontent.com/anaer/Sub/main/clash.yaml
[OK] proxies=1627 source=[免费节点6] url=https://raw.githubusercontent.com/anaer/Sub/main/README.MD
============================================================
[INFO] sublink try repo: https://github.com/snakem982/proxypool
[INFO] sublink try page: https://raw.githubusercontent.com/snakem982/proxypool/main/README.md
[OK] proxies=64 new=64 url=https://raw.githubusercontent.com/snakem982/proxypool/main/source/clash-meta-2.yaml
[OK] proxies=64 new=0 url=https://raw.githubusercontent.com/snakem982/proxypool/main/source/v2ray-2.txt
[OK] proxies=63 new=0 url=https://raw.githubusercontent.com/snakem982/proxypool/main/source/sing-box-2.json
[OK] proxies=64 source=[免费节点7] url=https://raw.githubusercontent.com/snakem982/proxypool/main/README.md
============================================================
[INFO] sublink try repo: https://github.com/mahdibland/V2RayAggregator
[INFO] sublink try page: https://raw.githubusercontent.com/mahdibland/V2RayAggregator/master/README.md
[OK] proxies=374 new=374 url=https://raw.githubusercontent.com/mahdibland/V2RayAggregator/master/README.md
[OK] proxies=1 new=1 url=https://github.com/mahdibland/SSAggregator/actions/workflows/Collector.yml
[OK] proxies=1 new=0 url=https://github.com/mahdibland/SSAggregator/actions/workflows/Airport_Collector.yml
[OK] proxies=195 new=0 url=https://raw.githubusercontent.com/mahdibland/ShadowsocksAggregator/master/Eternity.txt
[OK] proxies=197 new=5 url=https://raw.githubusercontent.com/mahdibland/ShadowsocksAggregator/master/Eternity.yml
[OK] proxies=61 new=61 url=https://raw.githubusercontent.com/mahdibland/ShadowsocksAggregator/master/EternityAir.txt
[OK] proxies=3929 new=3642 url=https://raw.githubusercontent.com/mahdibland/SSAggregator/master/sub/sub_merge_base64.txt
[OK] proxies=3929 new=0 url=https://raw.githubusercontent.com/mahdibland/{SSAggregator|ShadowsocksAggregator}/master/sub/sub_merge.txt
[OK] proxies=4168 new=292 url=https://raw.githubusercontent.com/mahdibland/SSAggregator/master/sub/sub_merge_yaml.yml
[OK] proxies=61 new=0 url=https://raw.githubusercontent.com/mahdibland/SSAggregator/master/sub/airport_merge_base64.txt
[OK] proxies=61 new=0 url=https://raw.githubusercontent.com/mahdibland/SSAggregator/master/sub/airport_sub_merge.txt
[OK] proxies=1444 new=0 url=https://raw.githubusercontent.com/mahdibland/ShadowsocksAggregator/master/sub/splitted/vmess.txt
[OK] proxies=588 new=0 url=https://raw.githubusercontent.com/mahdibland/ShadowsocksAggregator/master/sub/splitted/trojan.txt
[OK] proxies=54 new=0 url=https://raw.githubusercontent.com/mahdibland/ShadowsocksAggregator/master/sub/splitted/ssr.txt
[OK] proxies=1844 new=0 url=https://raw.githubusercontent.com/mahdibland/ShadowsocksAggregator/master/sub/splitted/ss.txt
[OK] proxies=1 new=0 url=https://cdn.jsdelivr.net/gh/mahdibland/V2RayAggregator@master/update/provider/provider-meta.yml
[OK] proxies=1 new=0 url=https://cdn.jsdelivr.net/gh/mahdibland/V2RayAggregator@master/update/provider/provider-meta-cn.yml
[OK] proxies=1 new=0 url=https://cdn.jsdelivr.net/gh/mahdibland/V2RayAggregator@master/update/provider/provider-meta-others.yml
[OK] proxies=1 new=0 url=https://cdn.jsdelivr.net/gh/mahdibland/V2RayAggregator@master/update/provider/provider.yml
[OK] proxies=1 new=0 url=https://cdn.jsdelivr.net/gh/mahdibland/V2RayAggregator@master/update/provider/provider-cn.yml
[OK] proxies=1 new=0 url=https://cdn.jsdelivr.net/gh/mahdibland/V2RayAggregator@master/update/provider/provider-others.yml
[OK] proxies=4375 source=[免费节点8] url=https://raw.githubusercontent.com/mahdibland/V2RayAggregator/master/README.md
============================================================
[INFO] sublink try repo: https://github.com/w1770946466/Auto_proxy
[INFO] sublink try page: https://raw.githubusercontent.com/w1770946466/Auto_proxy/main/README.md
[OK] proxies=1 new=1 url=https://github.com/w1770946466/Auto_proxy/actions/workflows/main.yml
[OK] proxies=245 new=245 url=https://raw.githubusercontent.com/w1770946466/Auto_proxy/main/{Long_term_subscription2.yaml|Long_term_subscription1.yaml|Long_term_subscription3.yaml}
[OK] proxies=489 new=54 url=https://raw.githubusercontent.com/w1770946466/Auto_proxy/main/{Long_term_subscription1|Long_term_subscription2|Long_term_subscription3|Long_term_subscription4|Long_term_subscription5|Long_term_subscription6|Long_term_subscription7|Long_term_subscription8}
[OK] proxies=489 new=315 url=https://raw.githubusercontent.com/w1770946466/Auto_proxy/main/Long_term_subscription_num
[OK] proxies=615 source=[免费节点9] url=https://raw.githubusercontent.com/w1770946466/Auto_proxy/main/README.md
============================================================
[INFO] sublink try repo: https://github.com/PuddinCat/BestClash
[INFO] sublink try page: https://raw.githubusercontent.com/PuddinCat/BestClash/main/README.md
[OK] proxies=16 new=16 url=https://raw.githubusercontent.com/PuddinCat/BestClash/main/proxies.yaml
[OK] proxies=28 new=28 url=https://cdn.jsdelivr.net/gh/vxiaov/free_proxies@main/clash/clash.provider.yaml
[OK] proxies=24 new=24 url=https://freenode.openrunner.net/uploads/20240807-clash.yaml
[OK] proxies=43 new=43 url=https://raw.githubusercontent.com/Misaka-blog/chromego_merge/main/sub/merged_proxies_new.yaml
[OK] proxies=4774 new=4745 url=https://raw.githubusercontent.com/{NiceVPN123|anaer}/{NiceVPN|Sub}/main/{Clash.yaml|clash.yaml}
[OK] proxies=25 new=0 url=https://raw.githubusercontent.com/{chengaopan|peasoft}/{AutoMergePublicNodes|NoMoreWalls}/master/list.yml
[OK] proxies=303 new=267 url=https://raw.githubusercontent.com/{ermaozi|ermaozi01}/{get_subscribe|free_clash_vpn}/main/subscribe/clash.yml
[OK] proxies=197 new=163 url=https://raw.githubusercontent.com/mahdibland/ShadowsocksAggregator/master/Eternity.yml
[OK] proxies=165 new=160 url=https://raw.githubusercontent.com/ronghuaxueleng/get_v2/main/pub/combine.yaml
[OK] proxies=144 new=3 url=https://raw.githubusercontent.com/zhangkaiitugithub/passcro/main/speednodes.yaml
[OK] proxies=5449 source=[免费节点10] url=https://raw.githubusercontent.com/PuddinCat/BestClash/main/README.md
============================================================
[INFO] sublink try repo: https://github.com/kooker/FreeSubsCheck
[INFO] sublink try page: https://raw.githubusercontent.com/kooker/FreeSubsCheck/main/README.md
[OK] proxies=1 new=1 url=https://raw.githubusercontent.com/kooker/FreeSubsCheck/main/mihomo.yaml
[OK] proxies=1 new=0 url=https://raw.githubusercontent.com/kooker/FreeSubsCheck/main/all.yaml
[OK] proxies=1 new=1 url=https://raw.githubusercontent.com/kooker/FreeSubsCheck/main/base64.txt
[OK] proxies=4 new=3 url=https://raw.githubusercontent.com/kooker/FreeSubsCheck/main/byxiaoxi.txt
[OK] proxies=416 new=415 url=https://raw.githubusercontent.com/kooker/FreeSubsCheck/main/kooker.jp.txt
[OK] proxies=420 source=[免费节点11] url=https://raw.githubusercontent.com/kooker/FreeSubsCheck/main/README.md
============================================================
[INFO] toolkit try repo: https://github.com/Pawdroid/shadowrocket_for_android
[INFO] toolkit try release: https://github.com/Pawdroid/shadowrocket_for_android/releases
[INFO] toolkit try release: https://github.com/Pawdroid/shadowrocket_for_android/releases/expanded_assets/10.10.55
[INFO] toolkit try download: https://github.com/Pawdroid/shadowrocket_for_android/releases/download/10.10.55/Shadowrocket_10.10.55_shadowrocketStandard_arm64-v8a.apk
[OK] toolkit downloaded: Shadowrocket_10.10.55_shadowrocketStandard_arm64-v8a.apk bytes=41449171
[OK] toolkit extracted archive=Shadowrocket_10.10.55_shadowrocketStandard_arm64-v8a.apk tool=zipfile files=1179 dirs=44
[OK] toolkit sr-apk scanned prefixes=38 files=6 keys=2 archive=Shadowrocket_10.10.55_shadowrocketStandard_arm64-v8a.apk
[OK] proxies=860 new=860 url=https://{cdn.jsdelivr.net|raw.githubusercontent.com}/pixelor/ecfg/main/data/ecfg6_zh
[OK] proxies=1136 new=335 url=https://{raw.githubusercontent.com|cdn.jsdelivr.net}/pixelor/ecfg/main/data/ecfg6_en
[OK] proxies=171 new=64 url=https://{cdn.jsdelivr.net|raw.githubusercontent.com}/pixelor/ecfg/main/data/ecfg6
[OK] proxies=147 new=0 url=https://{files.shadowrockets.app|cdn.shadowrockets.app}/ecfg/data/ecfg6
[OK] proxies=620 new=0 url=https://{files.shadowrockets.app|cdn.shadowrockets.app}/ecfg/data/ecfg6_en
[OK] proxies=620 new=0 url=https://{files.shadowrockets.app|cdn.shadowrockets.app}/ecfg/data/ecfg6_zh
[OK] proxies=1259 source=[Pawdroid-SR-APK] url=https://github.com/Pawdroid/shadowrocket_for_android/releases/download/10.10.55/Shadowrocket_10.10.55_shadowrocketStandard_arm64-v8a.apk
============================================================
[INFO] toolkit try page: https://shadowshare.v2cross.com
[INFO] toolkit try download: https://shadowshare.v2cross.com/shadowshare.apk
[OK] toolkit downloaded: shadowshare.apk bytes=62868122
[OK] toolkit extracted archive=shadowshare.apk tool=zipfile files=612 dirs=39
[OK] toolkit ss-apk scanned prefixes=10 files=3 keys=1 archive=shadowshare.apk
[OK] proxies=224 new=199 url=https://{raw.githubusercontent.com|jsd.onmicrosoft.cn}/hideme9527/ecsfg/main/data/sareserver
[OK] proxies=1386 new=1305 url=https://{raw.githubusercontent.com|jsd.onmicrosoft.cn}/hideme9527/ecsfg/main/data/sareserver_en
[OK] proxies=131 new=0 url=https://{shadowsharing.com|sare.159236.xyz}/data/sareserver
[OK] proxies=1386 new=0 url=https://{shadowsharing.com|sare.159236.xyz}/data/sareserver_en
[OK] proxies=131 new=0 url=https://gitee.com/api/v5/repos/{elvenapp|guoyoucai1|zhiminghao}/ecsfg/raw/data/sareserver
[OK] proxies=1386 new=0 url=https://gitee.com/api/v5/repos/{zhiminghao|elvenapp|guoyoucai1}/ecsfg/raw/data/sareserver_en
[OK] proxies=1504 source=[Pawdroid-SS-APK] url=https://shadowshare.v2cross.com/shadowshare.apk
============================================================
[INFO] sublink try repo: https://github.com/free-nodes/clashfree
[INFO] sublink try page: https://raw.githubusercontent.com/free-nodes/clashfree/main/README.md
[OK] proxies=162 new=162 url=https://raw.githubusercontent.com/free-nodes/clashfree/main/README.md
[OK] proxies=162 new=0 url=https://raw.githubusercontent.com/free-nodes/clashfree/main/clash20260924.yml
[OK] proxies=1 new=1 url=https://github.com/free-nodes/clashfree/blob/main/clash20260924.yml
[OK] proxies=163 source=[Clashfree] url=https://raw.githubusercontent.com/free-nodes/clashfree/main/README.md
============================================================
[INFO] sublink try repo: https://github.com/Epodonios/v2ray-configs
[INFO] sublink try page: https://raw.githubusercontent.com/Epodonios/v2ray-configs/main/README.md
[OK] proxies=1 new=1 url=https://github.com/Epodonios/V2ray-Configs/actions/workflows/main.yml
[OK] proxies=4103 new=4103 url=https://github.com/Epodonios/v2ray-configs/raw/main/All_Configs_Sub.txt
[OK] proxies=4103 new=0 url=https://github.com/Epodonios/v2ray-configs/raw/main/All_Configs_base64_Sub.txt
[OK] proxies=3342 new=0 url=https://github.com/Epodonios/v2ray-configs/raw/main/Splitted-By-Protocol/vless.txt
[OK] proxies=180 new=0 url=https://github.com/Epodonios/v2ray-configs/raw/main/Splitted-By-Protocol/vmess.txt
[OK] proxies=378 new=0 url=https://github.com/Epodonios/v2ray-configs/raw/main/Splitted-By-Protocol/ss.txt
[OK] proxies=3 new=0 url=https://github.com/Epodonios/v2ray-configs/raw/main/Splitted-By-Protocol/ssr.txt
[OK] proxies=162 new=0 url=https://github.com/Epodonios/v2ray-configs/raw/main/Splitted-By-Protocol/trojan.txt
[OK] proxies=4103 new=0 url=https://raw.githubusercontent.com/Epodonios/v2ray-configs/main/{Sub1.txt|Sub2.txt|Sub3.txt|Sub4.txt|Sub5.txt|Sub6.txt|Sub7.txt|Sub8.txt}
[OK] proxies=4104 source=[Epodonios] url=https://raw.githubusercontent.com/Epodonios/v2ray-configs/main/README.md
============================================================
[INFO] sublink try repo: https://github.com/free-clash-v2ray/free-clash-v2ray.github.io
[INFO] sublink try page: https://raw.githubusercontent.com/free-clash-v2ray/free-clash-v2ray.github.io/main/README.md
[OK] proxies=3279 new=3279 url=https://free-clash-v2ray.github.io/uploads/2026/09/{0-20260920.yaml|1-20260920.yaml|2-20260920.yaml|3-20260920.yaml}
[OK] proxies=4810 new=1941 url=https://free-clash-v2ray.github.io/uploads/2026/09/{0-20260920.txt|1-20260920.txt|2-20260920.txt|3-20260920.txt|4-20260920.txt}
[OK] proxies=5220 source=[Free-clash-v2ray] url=https://raw.githubusercontent.com/free-clash-v2ray/free-clash-v2ray.github.io/main/README.md
============================================================
[INFO] article try page: https://v2rayclashfree.com
[INFO] sublink try page: https://v2rayclashfree.com/fn/20260924.html
[OK] proxies=1094 new=1094 url=https://v2rayclashfree.com/sub/20260924-v2ray.txt
[OK] proxies=1005 new=154 url=https://v2rayclashfree.com/sub/20260924-clash.yaml
[OK] proxies=1248 source=[V2rayclashfree-RSS] url=https://v2rayclashfree.com/fn/20260924.html
============================================================
[INFO] raw backup written path=/home/runner/work/Free-node-autotest/Free-node-autotest/output/raw.yaml proxies=28248
[INFO] toolkit try repo: https://github.com/MetaCubeX/mihomo
[INFO] toolkit try release: https://github.com/MetaCubeX/mihomo/releases
[INFO] toolkit try release: https://github.com/MetaCubeX/mihomo/releases/expanded_assets/v1.19.31
[INFO] toolkit try download: https://github.com/MetaCubeX/mihomo/releases/download/v1.19.31/mihomo-linux-amd64-compatible-v1.19.31.gz
[OK] toolkit downloaded: mihomo-linux-amd64-compatible-v1.19.31.gz bytes=22821836
[OK] toolkit sha256 verified: mihomo-linux-amd64-compatible-v1.19.31.gz sha256=04cf9f09671704f839ddbee2e93069dc831a4123a75281e725d1d96ab9ac1afc
[OK] proxy engine ready: starting latency test package=mihomo-linux-amd64-compatible-v1.19.31.gz
============================================================
[WARN] batch start failed size=17975 {1} split -> 8987 {2} + 8988 {3}
[WARN] batch start failed size=8987 {2} split -> 4493 {4} + 4494 {5}
[WARN] batch start failed size=8988 {3} split -> 4494 {6} + 4494 {7}
[WARN] batch start failed size=4493 {4} split -> 2246 {8} + 2247 {9}
[WARN] batch start failed size=4494 {6} split -> 2247 {10} + 2247 {11}
[TEST] {9} tested 100/2247 kept=1 rest=17805
[WARN] batch start failed size=4494 {7} split -> 2247 {12} + 2247 {13}
[TEST] {9} tested 200/2247 kept=1 rest=17701
[WARN] batch start failed size=2246 {8} split -> 1123 {14} + 1123 {15}
[TEST] {10} tested 100/2247 kept=0 rest=17561
[TEST] {5} tested 100/4494 kept=0 rest=17460
[TEST] {5} tested 200/4494 kept=0 rest=17283
[TEST] {9} tested 300/2247 kept=5 rest=17281
[TEST] {10} tested 200/2247 kept=0 rest=17185
[TEST] {10} tested 300/2247 kept=0 rest=17085
[TEST] {10} tested 400/2247 kept=0 rest=16983
[TEST] {10} tested 500/2247 kept=0 rest=16879
[TEST] {10} tested 600/2247 kept=0 rest=16765
[TEST] {5} tested 300/4494 kept=12 rest=16668
[TEST] {5} tested 400/4494 kept=82 rest=16562
[TEST] {9} tested 400/2247 kept=5 rest=16531
[TEST] {9} tested 500/2247 kept=10 rest=16390
[TEST] {9} tested 600/2247 kept=12 rest=16279
[TEST] {10} tested 700/2247 kept=0 rest=16178
[TEST] {10} tested 800/2247 kept=0 rest=16063
[TEST] {10} tested 900/2247 kept=0 rest=15957
[TEST] {5} tested 500/4494 kept=104 rest=15863
[TEST] {9} tested 700/2247 kept=14 rest=15717
[TEST] {9} tested 800/2247 kept=14 rest=15593
[TEST] {9} tested 900/2247 kept=15 rest=15482
[TEST] {10} tested 1000/2247 kept=0 rest=15465
[TEST] {5} tested 600/4494 kept=104 rest=15440
[TEST] {10} tested 1100/2247 kept=0 rest=15329
[TEST] {10} tested 1200/2247 kept=5 rest=15207
[TEST] {5} tested 700/4494 kept=104 rest=15063
[TEST] {9} tested 1000/2247 kept=15 rest=15048
[TEST] {9} tested 1100/2247 kept=41 rest=14940
[TEST] {10} tested 1300/2247 kept=12 rest=14767
[TEST] {10} tested 1400/2247 kept=14 rest=14654
[TEST] {9} tested 1200/2247 kept=90 rest=14511
[TEST] {5} tested 800/4494 kept=104 rest=14505
[TEST] {9} tested 1300/2247 kept=92 rest=14341
[TEST] {10} tested 1500/2247 kept=20 rest=14324
[TEST] {10} tested 1600/2247 kept=54 rest=14186
[TEST] {10} tested 1700/2247 kept=113 rest=14061
[TEST] {5} tested 900/4494 kept=104 rest=13984
[TEST] {10} tested 1800/2247 kept=171 rest=13875
[TEST] {9} tested 1400/2247 kept=92 rest=13763
[TEST] {10} tested 1900/2247 kept=229 rest=13669
[TEST] {9} tested 1500/2247 kept=92 rest=13524
[TEST] {10} tested 2000/2247 kept=283 rest=13513
[TEST] {10} tested 2100/2247 kept=329 rest=13389
[TEST] {10} tested 2200/2247 kept=359 rest=13227
[TEST] {5} tested 1000/4494 kept=104 rest=13207
[TEST] {9} tested 1600/2247 kept=92 rest=13083
[TEST] {10} tested 2247/2247 kept=367 rest=12962
[TEST] {5} tested 1100/4494 kept=104 rest=12952
[WARN] batch start failed size=2247 {11} split -> 1123 {16} + 1124 {17}
[TEST] {9} tested 1700/2247 kept=92 rest=12898
[TEST] {12} tested 100/2247 kept=1 rest=12690
[TEST] {5} tested 1200/4494 kept=104 rest=12662
[TEST] {12} tested 200/2247 kept=4 rest=12564
[TEST] {9} tested 1800/2247 kept=92 rest=12455
[TEST] {5} tested 1300/4494 kept=104 rest=12293
[TEST] {12} tested 300/2247 kept=5 rest=12235
[TEST] {9} tested 1900/2247 kept=92 rest=12185
[TEST] {12} tested 400/2247 kept=5 rest=12095
[TEST] {12} tested 500/2247 kept=6 rest=11957
[TEST] {12} tested 600/2247 kept=6 rest=11840
[TEST] {9} tested 2000/2247 kept=92 rest=11660
[TEST] {5} tested 1400/4494 kept=104 rest=11659
[TEST] {12} tested 700/2247 kept=8 rest=11570
[TEST] {12} tested 800/2247 kept=11 rest=11429
[TEST] {12} tested 900/2247 kept=14 rest=11305
[TEST] {9} tested 2100/2247 kept=92 rest=11188
[TEST] {12} tested 1000/2247 kept=17 rest=11160
[TEST] {5} tested 1500/4494 kept=104 rest=11084
[TEST] {9} tested 2200/2247 kept=92 rest=10855
[TEST] {12} tested 1100/2247 kept=18 rest=10850
[TEST] {12} tested 1200/2247 kept=18 rest=10720
[TEST] {5} tested 1600/4494 kept=104 rest=10656
[TEST] {12} tested 1300/2247 kept=21 rest=10608
[TEST] {9} tested 2247/2247 kept=92 rest=10404
[TEST] {5} tested 1700/4494 kept=104 rest=10393
[TEST] {12} tested 1400/2247 kept=24 rest=10329
[WARN] batch start failed size=2247 {13} split -> 1123 {18} + 1124 {19}
[TEST] {5} tested 1800/4494 kept=104 rest=10187
[TEST] {12} tested 1500/2247 kept=46 rest=10144
[TEST] {12} tested 1600/2247 kept=120 rest=10002
[TEST] {5} tested 1900/4494 kept=104 rest=9877
[TEST] {12} tested 1700/2247 kept=158 rest=9858
[TEST] {12} tested 1800/2247 kept=179 rest=9711
[TEST] {12} tested 1900/2247 kept=197 rest=9576
[TEST] {5} tested 2000/4494 kept=104 rest=9481
[TEST] {12} tested 2000/2247 kept=217 rest=9463
[TEST] {12} tested 2100/2247 kept=263 rest=9317
[TEST] {5} tested 2100/4494 kept=104 rest=9209
[TEST] {12} tested 2200/2247 kept=335 rest=9146
[TEST] {15} tested 100/1123 kept=0 rest=9058
[TEST] {5} tested 2200/4494 kept=113 rest=8902
[TEST] {5} tested 2300/4494 kept=152 rest=8791
[TEST] {5} tested 2400/4494 kept=164 rest=8690
[TEST] {5} tested 2500/4494 kept=171 rest=8590
[TEST] {12} tested 2247/2247 kept=349 rest=8530
[WARN] batch start failed size=1123 {14} split -> 561 {20} + 562 {21}
[TEST] {15} tested 200/1123 kept=1 rest=8468
[TEST] {15} tested 300/1123 kept=31 rest=8354
[WARN] batch start failed size=1124 {17} split -> 562 {22} + 562 {23}
[TEST] {5} tested 2600/4494 kept=171 rest=8326
[WARN] batch start failed size=1123 {16} split -> 561 {24} + 562 {25}
[TEST] {18} tested 100/1123 kept=4 rest=8186
[TEST] {18} tested 200/1123 kept=16 rest=8074
[TEST] {18} tested 300/1123 kept=21 rest=7963
[TEST] {18} tested 400/1123 kept=35 rest=7844
[TEST] {5} tested 2700/4494 kept=171 rest=7754
[TEST] {18} tested 500/1123 kept=48 rest=7684
[TEST] {18} tested 600/1123 kept=56 rest=7572
[TEST] {18} tested 700/1123 kept=69 rest=7459
[TEST] {18} tested 800/1123 kept=74 rest=7344
[TEST] {18} tested 900/1123 kept=92 rest=7220
[TEST] {5} tested 2800/4494 kept=179 rest=7117
[TEST] {18} tested 1000/1123 kept=112 rest=7110
[TEST] {15} tested 400/1123 kept=34 rest=6949
[TEST] {15} tested 500/1123 kept=37 rest=6809
[TEST] {5} tested 2900/4494 kept=180 rest=6709
[TEST] {18} tested 1100/1123 kept=136 rest=6681
[TEST] {18} tested 1123/1123 kept=136 rest=6632
[TEST] {15} tested 600/1123 kept=37 rest=6574
[WARN] batch start failed size=1124 {19} split -> 562 {26} + 562 {27}
[TEST] {15} tested 700/1123 kept=55 rest=6466
[TEST] {21} tested 100/562 kept=10 rest=6269
[TEST] {15} tested 800/1123 kept=60 rest=6236
[TEST] {5} tested 3000/4494 kept=180 rest=6132
[TEST] {5} tested 3100/4494 kept=180 rest=6005
[TEST] {21} tested 200/562 kept=85 rest=5941
[TEST] {15} tested 900/1123 kept=66 rest=5865
[TEST] {15} tested 1000/1123 kept=66 rest=5735
[TEST] {21} tested 300/562 kept=115 rest=5585
[TEST] {5} tested 3200/4494 kept=181 rest=5510
[TEST] {5} tested 3300/4494 kept=181 rest=5408
[TEST] {15} tested 1100/1123 kept=66 rest=5330
[TEST] {21} tested 400/562 kept=131 rest=5218
[TEST] {15} tested 1123/1123 kept=66 rest=5155
[WARN] batch start failed size=561 {20} split -> 280 {28} + 281 {29}
[WARN] batch start failed size=562 {22} split -> 281 {30} + 281 {31}
[TEST] {5} tested 3400/4494 kept=181 rest=5109
[TEST] {5} tested 3500/4494 kept=181 rest=5008
[TEST] {23} tested 100/562 kept=0 rest=4878
[TEST] {23} tested 200/562 kept=1 rest=4760
[TEST] {23} tested 300/562 kept=4 rest=4618
[TEST] {21} tested 500/562 kept=151 rest=4607
[TEST] {21} tested 562/562 kept=151 rest=4492
[TEST] {5} tested 3600/4494 kept=181 rest=4483
[WARN] batch start failed size=561 {24} split -> 280 {32} + 281 {33}
[TEST] {5} tested 3700/4494 kept=181 rest=4296
[TEST] {25} tested 100/562 kept=4 rest=4221
[TEST] {23} tested 400/562 kept=7 rest=4183
[TEST] {23} tested 500/562 kept=10 rest=4040
[TEST] {5} tested 3800/4494 kept=182 rest=3948
[TEST] {25} tested 200/562 kept=9 rest=3880
[TEST] {25} tested 300/562 kept=9 rest=3718
[TEST] {23} tested 562/562 kept=11 rest=3675
[TEST] {27} tested 100/562 kept=0 rest=3525
[TEST] {27} tested 200/562 kept=0 rest=3424
[TEST] {27} tested 300/562 kept=0 rest=3320
[TEST] {27} tested 400/562 kept=0 rest=3219
[TEST] {5} tested 3900/4494 kept=182 rest=3111
[TEST] {27} tested 500/562 kept=38 rest=3096
[TEST] {25} tested 400/562 kept=16 rest=2986
[TEST] {5} tested 4000/4494 kept=183 rest=2863
[TEST] {25} tested 500/562 kept=25 rest=2822
[TEST] {27} tested 562/562 kept=57 rest=2746
[WARN] batch start failed size=562 {26} split -> 281 {34} + 281 {35}
[TEST] {5} tested 4100/4494 kept=184 rest=2600
[TEST] {29} tested 100/281 kept=4 rest=2575
[TEST] {5} tested 4200/4494 kept=185 rest=2358
[TEST] {29} tested 200/281 kept=8 rest=2345
[TEST] {25} tested 562/562 kept=26 rest=2279
[TEST] {5} tested 4300/4494 kept=185 rest=2230
[WARN] batch start failed size=280 {28} split -> 140 {36} + 140 {37}
[TEST] {31} tested 100/281 kept=0 rest=2075
[TEST] {5} tested 4400/4494 kept=185 rest=1921
[TEST] {29} tested 281/281 kept=10 rest=1819
[WARN] batch start failed size=281 {30} split -> 140 {38} + 141 {39}
[TEST] {31} tested 200/281 kept=1 rest=1783
[TEST] {32} tested 100/280 kept=3 rest=1642
[TEST] {32} tested 200/280 kept=13 rest=1514
[TEST] {5} tested 4494/4494 kept=185 rest=1471
[TEST] {31} tested 281/281 kept=1 rest=1433
[WARN] batch start failed size=281 {33} split -> 140 {40} + 141 {41}
[WARN] batch start failed size=281 {34} split -> 140 {42} + 141 {43}
[WARN] batch start failed size=140 {37} split -> 70 {44} + 70 {45}
[WARN] batch start failed size=140 {36} split -> 70 {46} + 70 {47}
[TEST] {32} tested 280/280 kept=60 rest=1264
[WARN] batch start failed size=141 {39} split -> 70 {48} + 71 {49}
[TEST] {41} tested 100/141 kept=2 rest=1161
[TEST] {35} tested 100/281 kept=26 rest=1084
[TEST] {38} tested 100/140 kept=31 rest=1009
[TEST] {38} tested 140/140 kept=31 rest=964
[WARN] batch start failed size=140 {40} split -> 70 {50} + 70 {51}
[TEST] {41} tested 141/141 kept=3 rest=911
[WARN] batch start failed size=140 {42} split -> 70 {52} + 70 {53}
[TEST] {35} tested 200/281 kept=26 rest=881
[WARN] batch start failed size=70 {44} split -> 35 {54} + 35 {55}
[TEST] {35} tested 281/281 kept=26 rest=760
[TEST] {43} tested 100/141 kept=30 rest=691
[TEST] {43} tested 141/141 kept=30 rest=614
[WARN] batch start failed size=70 {47} split -> 35 {56} + 35 {57}
[WARN] batch start failed size=71 {49} split -> 35 {58} + 36 {59}
[TEST] {45} tested 70/70 kept=36 rest=598
[WARN] batch start failed size=70 {50} split -> 35 {60} + 35 {61}
[TEST] {46} tested 70/70 kept=6 rest=479
[WARN] batch start failed size=70 {53} split -> 35 {62} + 35 {63}
[TEST] {48} tested 70/70 kept=1 rest=387
[WARN] batch start failed size=35 {55} split -> 17 {64} + 18 {65}
[TEST] {51} tested 70/70 kept=1 rest=386
[WARN] batch start failed size=35 {56} split -> 17 {66} + 18 {67}
[WARN] batch start failed size=35 {57} split -> 17 {68} + 18 {69}
[WARN] batch start failed size=35 {58} split -> 17 {70} + 18 {71}
[TEST] {52} tested 70/70 kept=6 rest=326
[TEST] {54} tested 35/35 kept=0 rest=265
[WARN] batch start failed size=35 {61} split -> 17 {72} + 18 {73}
[WARN] batch start failed size=35 {62} split -> 17 {74} + 18 {75}
[TEST] {59} tested 36/36 kept=0 rest=253
[TEST] {60} tested 35/35 kept=5 rest=244
[WARN] batch start failed size=18 {65} split -> 9 {76} + 9 {77}
[WARN] batch start failed size=17 {64} split -> 8 {78} + 9 {79}
[WARN] batch start failed size=18 {67} split -> 9 {80} + 9 {81}
[WARN] batch start failed size=18 {69} split -> 9 {82} + 9 {83}
[WARN] batch start failed size=17 {68} split -> 8 {84} + 9 {85}
[WARN] batch start failed size=17 {70} split -> 8 {86} + 9 {87}
[TEST] {63} tested 35/35 kept=0 rest=191
[WARN] batch start failed size=17 {72} split -> 8 {88} + 9 {89}
[TEST] {66} tested 17/17 kept=6 rest=188
[WARN] batch start failed size=17 {74} split -> 8 {90} + 9 {91}
[TEST] {71} tested 18/18 kept=0 rest=170
[WARN] batch start failed size=9 {76} split -> 4 {92} + 5 {93}
[TEST] {73} tested 18/18 kept=2 rest=151
[WARN] batch start failed size=9 {79} split -> 4 {94} + 5 {95}
[TEST] {75} tested 18/18 kept=0 rest=134
[WARN] batch start failed size=9 {81} split -> 4 {96} + 5 {97}
[TEST] {77} tested 9/9 kept=1 rest=115
[WARN] batch start failed size=9 {82} split -> 4 {98} + 5 {99}
[TEST] {78} tested 8/8 kept=0 rest=113
[WARN] batch start failed size=8 {84} split -> 4 {100} + 4 {101}
[WARN] batch start failed size=9 {85} split -> 4 {102} + 5 {103}
[TEST] {80} tested 9/9 kept=0 rest=112
[WARN] batch start failed size=8 {86} split -> 4 {104} + 4 {105}
[WARN] batch start failed size=8 {88} split -> 4 {106} + 4 {107}
[TEST] {83} tested 9/9 kept=0 rest=98
[TEST] {87} tested 9/9 kept=0 rest=92
[WARN] batch start failed size=8 {90} split -> 4 {108} + 4 {109}
[TEST] {89} tested 9/9 kept=0 rest=85
[WARN] batch start failed size=4 {92} split -> 2 {110} + 2 {111}
[TEST] {93} tested 5/5 kept=0 rest=80
[WARN] batch start failed size=5 {95} split -> 2 {112} + 3 {113}
[WARN] batch start failed size=3 {113} split -> 1 {114} + 2 {115}
[TEST] {91} tested 9/9 kept=1 rest=70
[WARN] batch start failed size=5 {97} split -> 2 {116} + 3 {117}
[WARN] batch start failed size=4 {98} split -> 2 {118} + 2 {119}
[TEST] {94} tested 4/4 kept=0 rest=66
[WARN] batch start failed size=4 {100} split -> 2 {120} + 2 {121}
[TEST] {99} tested 5/5 kept=0 rest=62
[TEST] {101} tested 4/4 kept=0 rest=59
[WARN] batch start failed size=5 {103} split -> 2 {122} + 3 {123}
[WARN] batch start failed size=4 {105} split -> 2 {124} + 2 {125}
[TEST] {102} tested 4/4 kept=0 rest=51
[WARN] batch start failed size=4 {107} split -> 2 {126} + 2 {127}
[WARN] batch start failed size=4 {109} split -> 2 {128} + 2 {129}
[TEST] {104} tested 4/4 kept=0 rest=48
[TEST] {106} tested 4/4 kept=0 rest=47
[WARN] batch start failed size=2 {110} split -> 1 {130} + 1 {131}
[WARN] batch start failed size=2 {112} split -> 1 {132} + 1 {133}
[TEST] {111} tested 2/2 kept=0 rest=44
[WARN] batch start failed size=2 {115} split -> 1 {134} + 1 {135}
[REPAIR] {114} name=[ChromeGO-Merge] France fields=up,down
[TEST] {96} tested 4/4 kept=0 rest=38
[WARN] batch start failed size=3 {117} split -> 1 {136} + 2 {137}
[TEST] {119} tested 2/2 kept=0 rest=35
[WARN] batch start failed size=2 {118} split -> 1 {138} + 1 {139}
[WARN] batch start failed size=2 {121} split -> 1 {140} + 1 {141}
[TEST] {108} tested 4/4 kept=2 rest=34
[WARN] batch start failed size=2 {120} split -> 1 {142} + 1 {143}
[WARN] batch start failed size=3 {123} split -> 1 {144} + 2 {145}
[WARN] batch start failed size=2 {124} split -> 1 {146} + 1 {147}
[TEST] {116} tested 2/2 kept=0 rest=32
[TEST] {114} tested 1/1 kept=0 rest=31
[WARN] batch start failed size=2 {126} split -> 1 {148} + 1 {149}
[TEST] {122} tested 2/2 kept=0 rest=28
[TEST] {125} tested 2/2 kept=0 rest=27
[WARN] batch start failed size=2 {128} split -> 1 {150} + 1 {151}
[REPAIR] {130} name=[ChromeGO-Merge] United-5 fields=up,down
[TEST] {127} tested 2/2 kept=0 rest=26
[TEST] {131} tested 1/1 kept=0 rest=25
[REPAIR] {133} name=[ChromeGO-Merge] Taiwan fields=up,down
[REPAIR] {134} name=[ChromeGO-Merge] United-4 fields=up,down
[TEST] {133} tested 1/1 kept=0 rest=24
[REPAIR] {135} name=[ChromeGO-Merge] Taiwan-2 fields=up,down
[TEST] {129} tested 2/2 kept=0 rest=22
[WARN] batch start failed size=2 {137} split -> 1 {152} + 1 {153}
[TEST] {135} tested 1/1 kept=0 rest=21
[TEST] {136} tested 1/1 kept=0 rest=20
[TEST] {139} tested 1/1 kept=0 rest=19
[REPAIR] {138} name=[ChromeGO-Merge] United-2 fields=up,down
[REPAIR] {140} name=[ChromeGO-ShiteThings] hysteria-4 fields=up,down
[TEST] {130} tested 1/1 kept=0 rest=18
[REPAIR] {141} name=[ChromeGO-ShiteThings] hysteria-5 fields=up,down
[REPAIR] {143} name=[ChromeGO-ShiteThings] hysteria-3 fields=up,down
[TEST] {132} tested 1/1 kept=0 rest=17
[REPAIR] {142} name=[ChromeGO-ShiteThings] hysteria-2 fields=up,down
[TEST] {140} tested 1/1 kept=0 rest=16
[REPAIR] {144} name=[ChromeGO-Merge] WARP fields=dialer-proxy
[WARN] batch start failed size=2 {145} split -> 1 {154} + 1 {155}
[REPAIR] {146} name=[Epodonios] EPODONIOS-105 fields=cipher
[REPAIR] {149} name=[Pawdroid-SS-APK] United+Kingdom-2 fields=cipher
[TEST] {142} tested 1/1 kept=0 rest=15
[TEST] {144} tested 1/1 kept=1 rest=14
[TEST] {143} tested 1/1 kept=0 rest=13
[TEST] {148} tested 1/1 kept=0 rest=12
[REPAIR] {151} name=[Free-clash-v2ray] hysteria fields=up,down
[TEST] {134} tested 1/1 kept=0 rest=11
[TEST] {152} tested 1/1 kept=0 rest=10
[TEST] {151} tested 1/1 kept=0 rest=9
[REPAIR] {153} name=[ChromeGO-ShiteThings] hysteria fields=up,down
[REPAIR] {154} name=[ChromeGO-Merge] United fields=up,down
[TEST] {153} tested 1/1 kept=0 rest=8
[TEST] {149} tested 1/1 kept=1 rest=7
[REPAIR] {155} name=[ChromeGO-Merge] France_hysteria_1 fields=up,down
[TEST] {138} tested 1/1 kept=0 rest=6
[TEST] {141} tested 1/1 kept=0 rest=5
[TEST] {147} tested 1/1 kept=0 rest=4
[TEST] {146} tested 1/1 kept=0 rest=3
[TEST] {150} tested 1/1 kept=0 rest=2
[TEST] {154} tested 1/1 kept=0 rest=1
[TEST] {155} tested 1/1 kept=0 rest=0
============================================================
[INFO] cap live source=[免费节点2] from 124 to 50 by health_score
[INFO] cap live source=[免费节点8] from 233 to 50 by health_score
[INFO] cap live source=[Pawdroid-SR-APK] from 400 to 50 by health_score
[INFO] cap live source=[Free-clash-v2ray] from 538 to 50 by health_score
[INFO] cap live total from 575 to 400 floor=5 then health_score pool
[INFO] cap live reserved=114 pool=461 taken=286
============================================================
+------------------------------+--------+--------+------+--------+
| source                       |    raw | unique | live | capped |
+------------------------------+--------+--------+------+--------+
| [大FQ运动]                   |     12 |     12 |    4 |      4 |
+------------------------------+--------+--------+------+--------+
| [Pawdroid]                   |     22 |     21 |    1 |      1 |
+------------------------------+--------+--------+------+--------+
| [FreeV2-Base64]              |      2 |      2 |    1 |      1 |
+------------------------------+--------+--------+------+--------+
| [Bocchi2b-Base64]            |     35 |     35 |    0 |      0 |
+------------------------------+--------+--------+------+--------+
| [ChromeGO-Toolkit]           |     14 |     14 |    5 |      5 |
+------------------------------+--------+--------+------+--------+
| [ChromeGO-ShiteThings]       |     31 |     25 |    1 |      1 |
+------------------------------+--------+--------+------+--------+
| [ChromeGO-Merge]             |    129 |    127 |   15 |      5 |
+------------------------------+--------+--------+------+--------+
| [Freesocks]                  |      1 |      1 |    0 |      0 |
+------------------------------+--------+--------+------+--------+
| [NekoWarp]                   |     10 |     10 |   10 |     10 |
+------------------------------+--------+--------+------+--------+
| [1VPN-CRX]                   |     17 |     17 |   12 |      5 |
+------------------------------+--------+--------+------+--------+
| [OpenRunner-RSS]             |     14 |      0 |    0 |      0 |
+------------------------------+--------+--------+------+--------+
| [V2Rayshare-RSS]             |     22 |     22 |    2 |      2 |
+------------------------------+--------+--------+------+--------+
| [Mibei77-RSS]                |    129 |    103 |    5 |      5 |
+------------------------------+--------+--------+------+--------+
| [Yoyapai-RSS]                |    226 |    192 |    7 |      5 |
+------------------------------+--------+--------+------+--------+
| [免费节点1]                  |    263 |    157 |   16 |      5 |
+------------------------------+--------+--------+------+--------+
| [免费节点2]                  |    369 |    298 |  124 |     39 |
+------------------------------+--------+--------+------+--------+
| [免费节点3]                  |     34 |     14 |    8 |      5 |
+------------------------------+--------+--------+------+--------+
| [免费节点4]                  |    839 |    717 |   37 |     33 |
+------------------------------+--------+--------+------+--------+
| [免费节点5]                  |     29 |     28 |    0 |      0 |
+------------------------------+--------+--------+------+--------+
| [免费节点6]                  |   1627 |   1573 |   44 |     31 |
+------------------------------+--------+--------+------+--------+
| [免费节点7]                  |     64 |     38 |   15 |      8 |
+------------------------------+--------+--------+------+--------+
| [免费节点8]                  |   4375 |   3436 |  233 |     50 |
+------------------------------+--------+--------+------+--------+
| [免费节点9]                  |    615 |    457 |    0 |      0 |
+------------------------------+--------+--------+------+--------+
| [免费节点10]                 |   5449 |   3097 |   26 |      8 |
+------------------------------+--------+--------+------+--------+
| [免费节点11]                 |    420 |    220 |   15 |      5 |
+------------------------------+--------+--------+------+--------+
| [Pawdroid-SR-APK]            |   1259 |    901 |  400 |     50 |
+------------------------------+--------+--------+------+--------+
| [Pawdroid-SS-APK]            |   1504 |    898 |   40 |     22 |
+------------------------------+--------+--------+------+--------+
| [Clashfree]                  |    163 |     52 |   28 |     17 |
+------------------------------+--------+--------+------+--------+
| [Epodonios]                  |   4104 |   2484 |   39 |     12 |
+------------------------------+--------+--------+------+--------+
| [Free-clash-v2ray]           |   5220 |   2843 |  538 |     50 |
+------------------------------+--------+--------+------+--------+
| [V2rayclashfree-RSS]         |   1248 |    181 |   44 |     21 |
+------------------------------+--------+--------+------+--------+
============================================================
[SUMMARY] total_nodes=28246
[SUMMARY] legal_candidates=17975
[SUMMARY] passed_latency_test=400
[SUMMARY] region_HK=3 region_JP=8 region_US=125
[SUMMARY] avg_latency_ms=246.46
[SUMMARY] output=/home/runner/work/Free-node-autotest/Free-node-autotest/output/clash.yaml
============================================================
