============================================================
[INFO] sublink try page: https://end-gfw.com
[OK] proxies=2 new=2 url=https://raw.githubusercontent.com/hello-world-1989/cn-news/refs/heads/main/clash.yaml
[OK] proxies=2 new=0 url=https://raw.githubusercontent.com/hello-world-1989/cn-news/main/end-gfw-together
[OK] proxies=2 new=2 url=https://raw.githubusercontent.com/hello-world-1989/cn-news/main/end-gfw-together-ss
[INFO] source try url: https://end-gfw.com/ss-key
[OK] proxies=4 new=4 url=https://end-gfw.com/ss-key
[INFO] sublink try repo: https://github.com/hello-world-1989/cn-news
[INFO] sublink try page: https://raw.githubusercontent.com/hello-world-1989/cn-news/main/README.md
[OK] proxies=6 new=6 url=https://raw.githubusercontent.com/hello-world-1989/v2-sub/main/end-gfw-together-af3e13
[OK] proxies=14 source=[大FQ运动] url=https://raw.githubusercontent.com/hello-world-1989/cn-news/main/README.md
============================================================
[INFO] sublink try repo: https://github.com/Pawdroid/Free-servers
[INFO] sublink try page: https://raw.githubusercontent.com/Pawdroid/Free-servers/main/README.md
[OK] proxies=20 new=20 url=https://raw.githubusercontent.com/Pawdroid/Free-servers/main/README.md
[OK] proxies=20 new=0 url=https://raw.githubusercontent.com/Pawdroid/Free-servers/main/sub
[OK] proxies=1 new=1 url=https://apps.apple.com/cn/app/shadowshare/id1612647259
[OK] proxies=1 new=1 url=http://www.surflare.com
[OK] proxies=22 source=[Pawdroid] url=https://raw.githubusercontent.com/Pawdroid/Free-servers/main/README.md
============================================================
[INFO] source try url: https://xmxosfepggzm.503403.xyz
[OK] proxies=3 new=3 url=https://xmxosfepggzm.503403.xyz
[OK] proxies=3 source=[FreeV2-Base64] url=https://xmxosfepggzm.503403.xyz
============================================================
[INFO] source try url: https://links.bocchi2b.top/clash
[OK] proxies=35 new=35 url=https://links.bocchi2b.top/clash
[OK] proxies=35 source=[Bocchi2b-Base64] url=https://links.bocchi2b.top/clash
============================================================
[INFO] toolkit try repo: https://github.com/bannedbook/fanqiang
[INFO] toolkit try release: https://github.com/bannedbook/fanqiang/releases
[INFO] toolkit try release: https://github.com/bannedbook/fanqiang/releases/expanded_assets/ChromeGo-latest
[INFO] toolkit try download: https://github.com/bannedbook/fanqiang/releases/download/ChromeGo-latest/ChromeGo.7z
[OK] toolkit downloaded: ChromeGo.7z bytes=100924352
[OK] toolkit extracted archive=ChromeGo.7z tool=7z files=222 dirs=45
[OK] toolkit discovered subs=107 embedded=12 archive=ChromeGo.7z
[OK] proxies=6 new=6 embedded=archive-config
[OK] proxies=3 new=3 url=https://gitlab.com/free9999/ipupdate/master/backup/img/1/2/{ipp|ip}/clash.meta2/{5|6|3|1|4|2}/config.yaml
[OK] proxies=3 new=0 url=https://www.67867867.xyz/Alvin9999/PAC/refs/heads/master/backup/img/1/2/{ipp|ip}/clash.meta2/{5|6|3|1|4|2}/config.yaml
[OK] proxies=7 new=5 url=https://gitlab.com/free9999/ipupdate/master/backup/img/1/2/{ipp|ip}/{hysteria2|singbox|naiveproxy|hysteria|xray}/{3|1|4|2}/config.json
[OK] proxies=7 new=0 url=https://www.67867867.xyz/Alvin9999/PAC/refs/heads/master/backup/img/1/2/{ipp|ip}/{hysteria2|singbox|naiveproxy|hysteria|xray}/{3|1|4|2}/config.json
[OK] proxies=14 source=[ChromeGO-Toolkit] url=https://github.com/bannedbook/fanqiang/releases/download/ChromeGo-latest/ChromeGo.7z
============================================================
[INFO] sublink try repo: https://github.com/ShiteThings/extractNodes
[INFO] sublink try page: https://raw.githubusercontent.com/ShiteThings/extractNodes/main/README.md
[OK] proxies=31 new=30 url=https://{chg26.makou.cc.cd|chg64.makou.cc.cd}
[OK] proxies=26 new=1 url=https://chg26.makou.cc.cd/sb
[OK] proxies=31 source=[ChromeGO-ShiteThings] url=https://raw.githubusercontent.com/ShiteThings/extractNodes/main/README.md
============================================================
[INFO] sublink try repo: https://github.com/shangui999/chromego_merge
[INFO] sublink try page: https://raw.githubusercontent.com/shangui999/chromego_merge/master/ReadMe.md
[OK] proxies=10 new=10 url=https://freedman.netlify.app/sub/merged_proxies_new.yaml
[OK] proxies=11 new=1 url=https://freedman.netlify.app/sub/merged_warp_proxies_new.yaml
[OK] proxies=11 new=6 url=https://freedman.netlify.app/sub/shadowrocket_base64.txt
[OK] proxies=16 new=16 url=https://freedman.netlify.app/sub/sb.json
[INFO] sublink try repo: https://github.com/yaney01/chromego
[INFO] sublink try page: https://raw.githubusercontent.com/yaney01/chromego/main/ReadMe.md
[OK] proxies=50 new=46 url=https://raw.githubusercontent.com/yaney01/chromego/main/sub/merged_proxies_new.yaml
[OK] proxies=51 new=0 url=https://raw.githubusercontent.com/yaney01/chromego/main/sub/merged_warp_proxies_new.yaml
[OK] proxies=13 new=7 url=https://raw.githubusercontent.com/yaney01/chromego/main/sub/shadowrocket_base64.txt
[OK] proxies=13 new=0 url=https://raw.githubusercontent.com/yaney01/chromego/main/sub/sb.json
[INFO] sublink try repo: https://github.com/Misaka-blog/chromego_merge
[INFO] sublink try page: https://raw.githubusercontent.com/Misaka-blog/chromego_merge/main/README.md
[OK] proxies=24 new=24 url=https://chromego-sub.netlify.app/sub/merged_proxies_new.yaml
[OK] proxies=110 source=[ChromeGO-Merge] url=https://raw.githubusercontent.com/Misaka-blog/chromego_merge/main/README.md
============================================================
[INFO] source try url: https://freesocks.org/api/v1/sub/02b897e8e77f19176b0b9f2c75864b00
[OK] proxies=1 new=1 url=https://freesocks.org/api/v1/sub/02b897e8e77f19176b0b9f2c75864b00
[OK] proxies=1 source=[Freesocks] url=https://freesocks.org/api/v1/sub/02b897e8e77f19176b0b9f2c75864b00
============================================================
[INFO] source try url: https://neko-warp.nloli.xyz/neko_warp.yaml
[OK] proxies=10 new=10 url=https://neko-warp.nloli.xyz/neko_warp.yaml
[OK] proxies=10 source=[NekoWarp] url=https://neko-warp.nloli.xyz/neko_warp.yaml
============================================================
[INFO] toolkit try chrome: https://chromewebstore.google.com/detail/free-vpn-proxy-1vpn/akcocjjpkmlniicdeemdceeajlmoabhg
[INFO] toolkit try download: https://clients2.google.com/service/update2/crx?response=redirect&prodversion=131.0.6778.0&acceptformat=crx2,crx3&x=id%3dakcocjjpkmlniicdeemdceeajlmoabhg%26uc
[OK] toolkit downloaded: free-vpn-proxy-1vpn.crx bytes=1627904
[OK] toolkit extracted archive=free-vpn-proxy-1vpn.crx tool=zipfile files=68 dirs=57
[OK] toolkit 1vpn-crx scanned hosts=17 keys=1 archive=free-vpn-proxy-1vpn.crx
[OK] proxies=17 source=[1VPN-CRX] url=https://clients2.google.com/service/update2/crx?response=redirect&prodversion=131.0.6778.0&acceptformat=crx2,crx3&x=id%3dakcocjjpkmlniicdeemdceeajlmoabhg%26uc
============================================================
[INFO] article try feed: https://free.datiya.com/index.xml
[INFO] sublink try page: https://free.datiya.com/post/20260924/
[OK] proxies=14 new=14 url=https://free.datiya.com/uploads/20260924-clash.yaml
[OK] proxies=14 source=[OpenRunner-RSS] url=https://free.datiya.com/post/20260924/
============================================================
[INFO] article try feed: https://v2rayshare.com/feed
[INFO] sublink try page: https://v2rayshare.com/p/4097.html
[INFO] sublink try repo: https://github.com/firefoxmmx2/v2rayshare_subcription
[INFO] sublink try page: https://raw.githubusercontent.com/firefoxmmx2/v2rayshare_subcription/main/README.md
[OK] proxies=22 new=22 url=https://{raw.githubusercontent.com|cdn.jsdelivr.net}/firefoxmmx2/v2rayshare_subcription/main/subscription/vray_sub.txt
[OK] proxies=21 new=0 url=https://{raw.githubusercontent.com|cdn.jsdelivr.net}/firefoxmmx2/v2rayshare_subcription/main/subscription/clash_sub.yaml
[OK] proxies=22 new=0 url=https://{raw.githubusercontent.com|cdn.jsdelivr.net}/firefoxmmx2/v2rayshare_subcription/main/subscription/mihomo_sub.yaml
[OK] proxies=22 source=[V2Rayshare-RSS] url=https://raw.githubusercontent.com/firefoxmmx2/v2rayshare_subcription/main/README.md
============================================================
[INFO] article try feed: https://www.mibei77.com/feed
[INFO] sublink try page: https://www.mibei77.com/693.html
[OK] proxies=128 new=128 url=https://mm.mibei77.com/202609/09.2464bacvd.txt
[OK] proxies=128 new=1 url=https://mm.mibei77.com/202609/0924Clashizx.yaml
[OK] proxies=129 source=[Mibei77-RSS] url=https://www.mibei77.com/693.html
============================================================
[INFO] article try feed: https://yoyapai.com/feed
[INFO] sublink try page: https://yoyapai.com/732
[OK] proxies=1 new=1 url=https://yoyapai.com/732
[OK] proxies=225 new=225 url=https://freenode.yoyapai.com/2026/09/24-yoyapai.com-clash-vpnmianfeijiedian.yaml
[OK] proxies=225 new=0 url=https://freenode.yoyapai.com/2026/09/24-yoyapai.com-ssrv2ray-vpnmianfeijiedian.txt
[OK] proxies=226 source=[Yoyapai-RSS] url=https://yoyapai.com/732
============================================================
[INFO] sublink try repo: https://github.com/free18/v2ray
[INFO] sublink try page: https://raw.githubusercontent.com/free18/v2ray/main/README.md
[OK] proxies=3 new=3 url=https://raw.githubusercontent.com/free18/v2ray/main/README.md
[OK] proxies=225 new=225 url=https://ghfast.top/https://raw.githubusercontent.com/free18/v2ray/refs/heads/main/v.txt
[OK] proxies=225 new=0 url=https://ghfast.top/https://raw.githubusercontent.com/free18/v2ray/refs/heads/main/c.yaml
[OK] proxies=228 source=[免费节点1] url=https://raw.githubusercontent.com/free18/v2ray/main/README.md
============================================================
[INFO] sublink try repo: https://github.com/ermaozi/get_subscribe
[INFO] sublink try page: https://raw.githubusercontent.com/ermaozi/get_subscribe/main/README.md
[INFO] sublink file_nodes=0 bare links=9
[OK] proxies=369 new=369 url=https://www.ermao.net/sub/{clash|v2ray}/ermao.net
[OK] proxies=368 new=0 url=https://www.ermao.net/sub/{reachable|unreachable|untested}/clash/ermao.net
[OK] proxies=369 source=[免费节点2] url=https://raw.githubusercontent.com/ermaozi/get_subscribe/main/README.md
============================================================
[INFO] sublink try repo: https://github.com/sunmiao4458/free-proxy-airport
[INFO] sublink try page: https://raw.githubusercontent.com/sunmiao4458/free-proxy-airport/main/README.md
[OK] proxies=41 new=41 url=https://sunmiao4458.github.io/free-proxy-airport/clash.yaml
[OK] proxies=41 source=[免费节点3] url=https://raw.githubusercontent.com/sunmiao4458/free-proxy-airport/main/README.md
============================================================
[INFO] sublink try repo: https://github.com/mfuu/FreeProxies
[INFO] sublink try page: https://raw.githubusercontent.com/mfuu/FreeProxies/master/README.md
[OK] proxies=783 new=783 url=https://raw.githubusercontent.com/mfuu/FreeProxies/master/sub.yaml
[OK] proxies=783 source=[免费节点4] url=https://raw.githubusercontent.com/mfuu/FreeProxies/master/README.md
============================================================
[INFO] sublink try repo: https://github.com/vxiaov/free_proxies
[INFO] sublink try page: https://raw.githubusercontent.com/vxiaov/free_proxies/main/README.md
[OK] proxies=1 new=1 url=https://raw.githubusercontent.com/vxiaov/free_proxies/main/README.md
[OK] proxies=28 new=28 url=https://{cdn.jsdelivr.net|raw.githubusercontent.com}/vxiaov/free_proxies/main/clash/clash.provider.yaml
[OK] proxies=29 source=[免费节点5] url=https://raw.githubusercontent.com/vxiaov/free_proxies/main/README.md
============================================================
[INFO] sublink try repo: https://github.com/anaer/Sub
[INFO] sublink try page: https://raw.githubusercontent.com/anaer/Sub/main/README.MD
[OK] proxies=1627 new=1627 url=https://anaer.github.io/Sub/clash.yaml
[OK] proxies=1627 new=0 url=https://raw.githubusercontent.com/anaer/Sub/main/clash.yaml
[OK] proxies=1627 source=[免费节点6] url=https://raw.githubusercontent.com/anaer/Sub/main/README.MD
============================================================
[INFO] sublink try repo: https://github.com/snakem982/proxypool
[INFO] sublink try page: https://raw.githubusercontent.com/snakem982/proxypool/main/README.md
[OK] proxies=63 new=63 url=https://raw.githubusercontent.com/snakem982/proxypool/main/source/clash-meta-2.yaml
[OK] proxies=59 new=0 url=https://raw.githubusercontent.com/snakem982/proxypool/main/source/v2ray-2.txt
[OK] proxies=60 new=0 url=https://raw.githubusercontent.com/snakem982/proxypool/main/source/sing-box-2.json
[OK] proxies=63 source=[免费节点7] url=https://raw.githubusercontent.com/snakem982/proxypool/main/README.md
============================================================
[INFO] sublink try repo: https://github.com/mahdibland/V2RayAggregator
[INFO] sublink try page: https://raw.githubusercontent.com/mahdibland/V2RayAggregator/master/README.md
[OK] proxies=374 new=374 url=https://raw.githubusercontent.com/mahdibland/V2RayAggregator/master/README.md
[OK] proxies=1 new=1 url=https://github.com/mahdibland/SSAggregator/actions/workflows/Collector.yml
[OK] proxies=1 new=0 url=https://github.com/mahdibland/SSAggregator/actions/workflows/Airport_Collector.yml
[OK] proxies=194 new=0 url=https://raw.githubusercontent.com/mahdibland/ShadowsocksAggregator/master/Eternity.txt
[OK] proxies=195 new=30 url=https://raw.githubusercontent.com/mahdibland/ShadowsocksAggregator/master/Eternity.yml
[OK] proxies=61 new=61 url=https://raw.githubusercontent.com/mahdibland/ShadowsocksAggregator/master/EternityAir.txt
[OK] proxies=3921 new=3615 url=https://raw.githubusercontent.com/mahdibland/SSAggregator/master/sub/sub_merge_base64.txt
[OK] proxies=3921 new=0 url=https://raw.githubusercontent.com/mahdibland/{SSAggregator|ShadowsocksAggregator}/master/sub/sub_merge.txt
[OK] proxies=4067 new=175 url=https://raw.githubusercontent.com/mahdibland/SSAggregator/master/sub/sub_merge_yaml.yml
[OK] proxies=61 new=0 url=https://raw.githubusercontent.com/mahdibland/SSAggregator/master/sub/airport_merge_base64.txt
[OK] proxies=61 new=0 url=https://raw.githubusercontent.com/mahdibland/SSAggregator/master/sub/airport_sub_merge.txt
[OK] proxies=1432 new=0 url=https://raw.githubusercontent.com/mahdibland/ShadowsocksAggregator/master/sub/splitted/vmess.txt
[OK] proxies=592 new=0 url=https://raw.githubusercontent.com/mahdibland/ShadowsocksAggregator/master/sub/splitted/trojan.txt
[OK] proxies=54 new=0 url=https://raw.githubusercontent.com/mahdibland/ShadowsocksAggregator/master/sub/splitted/ssr.txt
[OK] proxies=1843 new=0 url=https://raw.githubusercontent.com/mahdibland/ShadowsocksAggregator/master/sub/splitted/ss.txt
[OK] proxies=1 new=0 url=https://cdn.jsdelivr.net/gh/mahdibland/V2RayAggregator@master/update/provider/provider-meta.yml
[OK] proxies=1 new=0 url=https://cdn.jsdelivr.net/gh/mahdibland/V2RayAggregator@master/update/provider/provider-meta-cn.yml
[OK] proxies=1 new=0 url=https://cdn.jsdelivr.net/gh/mahdibland/V2RayAggregator@master/update/provider/provider-meta-others.yml
[OK] proxies=1 new=0 url=https://cdn.jsdelivr.net/gh/mahdibland/V2RayAggregator@master/update/provider/provider.yml
[OK] proxies=1 new=0 url=https://cdn.jsdelivr.net/gh/mahdibland/V2RayAggregator@master/update/provider/provider-cn.yml
[OK] proxies=1 new=0 url=https://cdn.jsdelivr.net/gh/mahdibland/V2RayAggregator@master/update/provider/provider-others.yml
[OK] proxies=4256 source=[免费节点8] url=https://raw.githubusercontent.com/mahdibland/V2RayAggregator/master/README.md
============================================================
[INFO] sublink try repo: https://github.com/w1770946466/Auto_proxy
[INFO] sublink try page: https://raw.githubusercontent.com/w1770946466/Auto_proxy/main/README.md
[OK] proxies=1 new=1 url=https://github.com/w1770946466/Auto_proxy/actions/workflows/main.yml
[OK] proxies=245 new=245 url=https://raw.githubusercontent.com/w1770946466/Auto_proxy/main/{Long_term_subscription2.yaml|Long_term_subscription1.yaml|Long_term_subscription3.yaml}
[OK] proxies=489 new=54 url=https://raw.githubusercontent.com/w1770946466/Auto_proxy/main/{Long_term_subscription1|Long_term_subscription2|Long_term_subscription3|Long_term_subscription4|Long_term_subscription5|Long_term_subscription6|Long_term_subscription7|Long_term_subscription8}
[OK] proxies=489 new=315 url=https://raw.githubusercontent.com/w1770946466/Auto_proxy/main/Long_term_subscription_num
[OK] proxies=615 source=[免费节点9] url=https://raw.githubusercontent.com/w1770946466/Auto_proxy/main/README.md
============================================================
[INFO] sublink try repo: https://github.com/PuddinCat/BestClash
[INFO] sublink try page: https://raw.githubusercontent.com/PuddinCat/BestClash/main/README.md
[OK] proxies=16 new=16 url=https://raw.githubusercontent.com/PuddinCat/BestClash/main/proxies.yaml
[OK] proxies=28 new=28 url=https://cdn.jsdelivr.net/gh/vxiaov/free_proxies@main/clash/clash.provider.yaml
[OK] proxies=24 new=24 url=https://freenode.openrunner.net/uploads/20240807-clash.yaml
[OK] proxies=24 new=24 url=https://raw.githubusercontent.com/Misaka-blog/chromego_merge/main/sub/merged_proxies_new.yaml
[OK] proxies=4774 new=4745 url=https://raw.githubusercontent.com/{NiceVPN123|anaer}/{NiceVPN|Sub}/main/{Clash.yaml|clash.yaml}
[OK] proxies=28 new=3 url=https://raw.githubusercontent.com/{chengaopan|peasoft}/{AutoMergePublicNodes|NoMoreWalls}/master/list.yml
[OK] proxies=368 new=333 url=https://raw.githubusercontent.com/{ermaozi|ermaozi01}/{get_subscribe|free_clash_vpn}/main/subscribe/clash.yml
[OK] proxies=195 new=159 url=https://raw.githubusercontent.com/mahdibland/ShadowsocksAggregator/master/Eternity.yml
[OK] proxies=165 new=160 url=https://raw.githubusercontent.com/ronghuaxueleng/get_v2/main/pub/combine.yaml
[OK] proxies=144 new=3 url=https://raw.githubusercontent.com/zhangkaiitugithub/passcro/main/speednodes.yaml
[OK] proxies=5495 source=[免费节点10] url=https://raw.githubusercontent.com/PuddinCat/BestClash/main/README.md
============================================================
[INFO] sublink try repo: https://github.com/kooker/FreeSubsCheck
[INFO] sublink try page: https://raw.githubusercontent.com/kooker/FreeSubsCheck/main/README.md
[OK] proxies=40 new=40 url=https://raw.githubusercontent.com/kooker/FreeSubsCheck/main/mihomo.yaml
[OK] proxies=40 new=0 url=https://raw.githubusercontent.com/kooker/FreeSubsCheck/main/all.yaml
[OK] proxies=30 new=3 url=https://raw.githubusercontent.com/kooker/FreeSubsCheck/main/base64.txt
[OK] proxies=20 new=8 url=https://raw.githubusercontent.com/kooker/FreeSubsCheck/main/byxiaoxi.txt
[OK] proxies=414 new=408 url=https://raw.githubusercontent.com/kooker/FreeSubsCheck/main/kooker.jp.txt
[OK] proxies=459 source=[免费节点11] url=https://raw.githubusercontent.com/kooker/FreeSubsCheck/main/README.md
============================================================
[INFO] toolkit try repo: https://github.com/Pawdroid/shadowrocket_for_android
[INFO] toolkit try release: https://github.com/Pawdroid/shadowrocket_for_android/releases
[INFO] toolkit try release: https://github.com/Pawdroid/shadowrocket_for_android/releases/expanded_assets/10.10.55
[INFO] toolkit try download: https://github.com/Pawdroid/shadowrocket_for_android/releases/download/10.10.55/Shadowrocket_10.10.55_shadowrocketStandard_arm64-v8a.apk
[OK] toolkit downloaded: Shadowrocket_10.10.55_shadowrocketStandard_arm64-v8a.apk bytes=41449171
[OK] toolkit extracted archive=Shadowrocket_10.10.55_shadowrocketStandard_arm64-v8a.apk tool=zipfile files=1179 dirs=44
[OK] toolkit sr-apk scanned prefixes=38 files=6 keys=2 archive=Shadowrocket_10.10.55_shadowrocketStandard_arm64-v8a.apk
[OK] proxies=1133 new=1017 url=https://{cdn.jsdelivr.net|raw.githubusercontent.com}/pixelor/ecfg/main/data/ecfg6_zh
[OK] proxies=1130 new=157 url=https://{cdn.jsdelivr.net|raw.githubusercontent.com}/pixelor/ecfg/main/data/ecfg6_en
[OK] proxies=141 new=44 url=https://{raw.githubusercontent.com|cdn.jsdelivr.net}/pixelor/ecfg/main/data/ecfg6
[OK] proxies=141 new=0 url=https://{files.shadowrockets.app|cdn.shadowrockets.app}/ecfg/data/ecfg6
[OK] proxies=1070 new=0 url=https://{files.shadowrockets.app|cdn.shadowrockets.app}/ecfg/data/ecfg6_zh
[OK] proxies=1070 new=0 url=https://{files.shadowrockets.app|cdn.shadowrockets.app}/ecfg/data/ecfg6_en
[OK] proxies=1218 source=[Pawdroid-SR-APK] url=https://github.com/Pawdroid/shadowrocket_for_android/releases/download/10.10.55/Shadowrocket_10.10.55_shadowrocketStandard_arm64-v8a.apk
============================================================
[INFO] toolkit try page: https://shadowshare.v2cross.com
[INFO] toolkit try download: https://shadowshare.v2cross.com/shadowshare.apk
[OK] toolkit downloaded: shadowshare.apk bytes=62868122
[OK] toolkit extracted archive=shadowshare.apk tool=zipfile files=612 dirs=39
[OK] toolkit ss-apk scanned prefixes=10 files=3 keys=1 archive=shadowshare.apk
[OK] proxies=230 new=206 url=https://{raw.githubusercontent.com|jsd.onmicrosoft.cn}/hideme9527/ecsfg/main/data/sareserver
[OK] proxies=1386 new=1303 url=https://{raw.githubusercontent.com|jsd.onmicrosoft.cn}/hideme9527/ecsfg/main/data/sareserver_en
[OK] proxies=138 new=0 url=https://{shadowsharing.com|sare.159236.xyz}/data/sareserver
[OK] proxies=1386 new=0 url=https://{shadowsharing.com|sare.159236.xyz}/data/sareserver_en
[OK] proxies=138 new=0 url=https://gitee.com/api/v5/repos/{zhiminghao|guoyoucai1|elvenapp}/ecsfg/raw/data/sareserver
[OK] proxies=1386 new=0 url=https://gitee.com/api/v5/repos/{elvenapp|guoyoucai1|zhiminghao}/ecsfg/raw/data/sareserver_en
[OK] proxies=1509 source=[Pawdroid-SS-APK] url=https://shadowshare.v2cross.com/shadowshare.apk
============================================================
[INFO] sublink try repo: https://github.com/free-nodes/clashfree
[INFO] sublink try page: https://raw.githubusercontent.com/free-nodes/clashfree/main/README.md
[OK] proxies=1 new=1 url=https://github.com/free-nodes/clashfree/blob/main/clash20260924.yml
[INFO] sublink file_nodes=1 bare links=3
[WARN] source=[Clashfree] few proxies found=1 raw=153
[INFO] source=[Clashfree] reused previous raw file=797390759698-raw-0301-20260924.yaml stamp=202609240301
[OK] proxies=153 source=[Clashfree] url=https://raw.githubusercontent.com/free-nodes/clashfree/main/README.md
============================================================
[INFO] sublink try repo: https://github.com/Epodonios/v2ray-configs
[INFO] sublink try page: https://raw.githubusercontent.com/Epodonios/v2ray-configs/main/README.md
[OK] proxies=1 new=1 url=https://github.com/Epodonios/V2ray-Configs/actions/workflows/main.yml
[OK] proxies=4137 new=4137 url=https://github.com/Epodonios/v2ray-configs/raw/main/All_Configs_Sub.txt
[OK] proxies=4137 new=0 url=https://github.com/Epodonios/v2ray-configs/raw/main/All_Configs_base64_Sub.txt
[OK] proxies=3372 new=0 url=https://github.com/Epodonios/v2ray-configs/raw/main/Splitted-By-Protocol/vless.txt
[OK] proxies=186 new=0 url=https://github.com/Epodonios/v2ray-configs/raw/main/Splitted-By-Protocol/vmess.txt
[OK] proxies=379 new=0 url=https://github.com/Epodonios/v2ray-configs/raw/main/Splitted-By-Protocol/ss.txt
[OK] proxies=3 new=0 url=https://github.com/Epodonios/v2ray-configs/raw/main/Splitted-By-Protocol/ssr.txt
[OK] proxies=160 new=0 url=https://github.com/Epodonios/v2ray-configs/raw/main/Splitted-By-Protocol/trojan.txt
[OK] proxies=4137 new=0 url=https://raw.githubusercontent.com/Epodonios/v2ray-configs/main/{Sub1.txt|Sub2.txt|Sub3.txt|Sub4.txt|Sub5.txt|Sub6.txt|Sub7.txt|Sub8.txt}
[OK] proxies=4138 source=[Epodonios] url=https://raw.githubusercontent.com/Epodonios/v2ray-configs/main/README.md
============================================================
[INFO] sublink try repo: https://github.com/free-clash-v2ray/free-clash-v2ray.github.io
[INFO] sublink try page: https://raw.githubusercontent.com/free-clash-v2ray/free-clash-v2ray.github.io/main/README.md
[OK] proxies=3279 new=3279 url=https://free-clash-v2ray.github.io/uploads/2026/09/{0-20260920.yaml|1-20260920.yaml|2-20260920.yaml|3-20260920.yaml}
[OK] proxies=4810 new=1941 url=https://free-clash-v2ray.github.io/uploads/2026/09/{0-20260920.txt|1-20260920.txt|2-20260920.txt|3-20260920.txt|4-20260920.txt}
[OK] proxies=5220 source=[Free-clash-v2ray] url=https://raw.githubusercontent.com/free-clash-v2ray/free-clash-v2ray.github.io/main/README.md
============================================================
[INFO] article try page: https://v2rayclashfree.com
[INFO] sublink try page: https://v2rayclashfree.com/fn/20260924.html
[OK] proxies=248 new=248 url=https://v2rayclashfree.com/sub/20260924-v2ray.txt
[OK] proxies=204 new=74 url=https://v2rayclashfree.com/sub/20260924-clash.yaml
[OK] proxies=322 source=[V2rayclashfree-RSS] url=https://v2rayclashfree.com/fn/20260924.html
============================================================
[INFO] raw backup written path=/home/runner/work/Free-node-autotest/Free-node-autotest/output/raw.yaml proxies=27175
[INFO] toolkit try repo: https://github.com/MetaCubeX/mihomo
[INFO] toolkit try release: https://github.com/MetaCubeX/mihomo/releases
[INFO] toolkit try release: https://github.com/MetaCubeX/mihomo/releases/expanded_assets/v1.19.31
[INFO] toolkit try download: https://github.com/MetaCubeX/mihomo/releases/download/v1.19.31/mihomo-linux-amd64-compatible-v1.19.31.gz
[OK] toolkit downloaded: mihomo-linux-amd64-compatible-v1.19.31.gz bytes=22821836
[OK] toolkit sha256 verified: mihomo-linux-amd64-compatible-v1.19.31.gz sha256=04cf9f09671704f839ddbee2e93069dc831a4123a75281e725d1d96ab9ac1afc
[OK] proxy engine ready: starting latency test package=mihomo-linux-amd64-compatible-v1.19.31.gz
============================================================
[WARN] batch start failed size=17773 {1} split -> 8886 {2} + 8887 {3}
[WARN] batch start failed size=8886 {2} split -> 4443 {4} + 4443 {5}
[WARN] batch start failed size=8887 {3} split -> 4443 {6} + 4444 {7}
[WARN] batch start failed size=4443 {4} split -> 2221 {8} + 2222 {9}
[WARN] batch start failed size=4444 {7} split -> 2222 {10} + 2222 {11}
[WARN] batch start failed size=2221 {8} split -> 1110 {12} + 1111 {13}
[WARN] batch start failed size=4443 {6} split -> 2221 {14} + 2222 {15}
[TEST] {9} tested 100/2222 kept=3 rest=17606
[TEST] {9} tested 200/2222 kept=6 rest=17415
[TEST] {10} tested 100/2222 kept=2 rest=17400
[TEST] {10} tested 200/2222 kept=6 rest=17266
[TEST] {5} tested 100/4443 kept=0 rest=17129
[TEST] {5} tested 200/4443 kept=0 rest=17023
[TEST] {9} tested 300/2222 kept=14 rest=16991
[TEST] {10} tested 300/2222 kept=7 rest=16944
[TEST] {10} tested 400/2222 kept=9 rest=16806
[TEST] {10} tested 500/2222 kept=12 rest=16696
[TEST] {10} tested 600/2222 kept=12 rest=16571
[TEST] {5} tested 300/4443 kept=38 rest=16443
[TEST] {5} tested 400/4443 kept=87 rest=16297
[TEST] {10} tested 700/2222 kept=18 rest=16232
[TEST] {9} tested 400/2222 kept=15 rest=16156
[TEST] {9} tested 500/2222 kept=30 rest=16028
[TEST] {10} tested 800/2222 kept=20 rest=15934
[TEST] {9} tested 600/2222 kept=31 rest=15867
[TEST] {10} tested 900/2222 kept=24 rest=15787
[TEST] {10} tested 1000/2222 kept=26 rest=15678
[TEST] {5} tested 500/4443 kept=103 rest=15567
[TEST] {10} tested 1100/2222 kept=32 rest=15452
[TEST] {9} tested 700/2222 kept=32 rest=15333
[TEST] {9} tested 800/2222 kept=32 rest=15222
[TEST] {5} tested 600/4443 kept=103 rest=15164
[TEST] {9} tested 900/2222 kept=32 rest=15079
[TEST] {10} tested 1200/2222 kept=39 rest=15066
[TEST] {10} tested 1300/2222 kept=39 rest=14934
[TEST] {10} tested 1400/2222 kept=65 rest=14827
[TEST] {5} tested 700/4443 kept=103 rest=14669
[TEST] {9} tested 1000/2222 kept=32 rest=14580
[TEST] {9} tested 1100/2222 kept=80 rest=14475
[TEST] {10} tested 1500/2222 kept=78 rest=14396
[TEST] {10} tested 1600/2222 kept=130 rest=14288
[TEST] {10} tested 1700/2222 kept=198 rest=14162
[TEST] {10} tested 1800/2222 kept=285 rest=14015
[TEST] {5} tested 800/4443 kept=103 rest=13963
[TEST] {10} tested 1900/2222 kept=383 rest=13888
[TEST] {10} tested 2000/2222 kept=480 rest=13779
[TEST] {10} tested 2100/2222 kept=561 rest=13676
[TEST] {10} tested 2200/2222 kept=647 rest=13537
[TEST] {9} tested 1200/2222 kept=100 rest=13535
[TEST] {9} tested 1300/2222 kept=100 rest=13411
[TEST] {5} tested 900/4443 kept=103 rest=13337
[TEST] {10} tested 2222/2222 kept=647 rest=13291
[WARN] batch start failed size=2222 {11} split -> 1111 {16} + 1111 {17}
[TEST] {9} tested 1400/2222 kept=102 rest=13189
[WARN] batch start failed size=1110 {12} split -> 555 {18} + 555 {19}
[TEST] {9} tested 1500/2222 kept=103 rest=13086
[TEST] {5} tested 1000/4443 kept=103 rest=12976
[TEST] {9} tested 1600/2222 kept=103 rest=12838
[TEST] {13} tested 100/1111 kept=1 rest=12712
[TEST] {5} tested 1100/4443 kept=103 rest=12633
[TEST] {5} tested 1200/4443 kept=103 rest=12525
[TEST] {9} tested 1700/2222 kept=103 rest=12497
[TEST] {13} tested 200/1111 kept=1 rest=12344
[TEST] {9} tested 1800/2222 kept=103 rest=12338
[TEST] {13} tested 300/1111 kept=34 rest=12226
[TEST] {5} tested 1300/4443 kept=103 rest=12077
[TEST] {9} tested 1900/2222 kept=103 rest=11974
[TEST] {13} tested 400/1111 kept=38 rest=11886
[TEST] {13} tested 500/1111 kept=38 rest=11738
[TEST] {5} tested 1400/4443 kept=103 rest=11654
[TEST] {13} tested 600/1111 kept=41 rest=11546
[TEST] {9} tested 2000/2222 kept=103 rest=11508
[TEST] {13} tested 700/1111 kept=61 rest=11322
[TEST] {9} tested 2100/2222 kept=103 rest=11255
[TEST] {5} tested 1500/4443 kept=103 rest=11146
[TEST] {13} tested 800/1111 kept=69 rest=11139
[TEST] {13} tested 900/1111 kept=77 rest=10954
[TEST] {13} tested 1000/1111 kept=84 rest=10767
[TEST] {9} tested 2200/2222 kept=103 rest=10744
[TEST] {5} tested 1600/4443 kept=103 rest=10702
[TEST] {5} tested 1700/4443 kept=103 rest=10574
[TEST] {9} tested 2222/2222 kept=103 rest=10475
[TEST] {5} tested 1800/4443 kept=103 rest=10438
[TEST] {14} tested 100/2221 kept=0 rest=10300
[TEST] {13} tested 1100/1111 kept=87 rest=10213
[TEST] {13} tested 1111/1111 kept=87 rest=10199
[TEST] {5} tested 1900/4443 kept=103 rest=10129
[WARN] batch start failed size=2222 {15} split -> 1111 {20} + 1111 {21}
[TEST] {5} tested 2000/4443 kept=103 rest=10029
[TEST] {5} tested 2100/4443 kept=103 rest=9929
[WARN] batch start failed size=1111 {17} split -> 555 {22} + 556 {23}
[TEST] {5} tested 2200/4443 kept=105 rest=9769
[TEST] {16} tested 100/1111 kept=69 rest=9666
[TEST] {14} tested 200/2221 kept=0 rest=9611
[TEST] {5} tested 2300/4443 kept=105 rest=9580
[TEST] {14} tested 300/2221 kept=0 rest=9440
[TEST] {16} tested 200/1111 kept=165 rest=9363
[TEST] {14} tested 400/2221 kept=0 rest=9274
[TEST] {14} tested 500/2221 kept=0 rest=9116
[TEST] {16} tested 300/1111 kept=265 rest=9105
[TEST] {16} tested 400/1111 kept=362 rest=8927
[TEST] {16} tested 500/1111 kept=454 rest=8818
[TEST] {14} tested 600/2221 kept=0 rest=8775
[TEST] {16} tested 600/1111 kept=550 rest=8709
[TEST] {16} tested 700/1111 kept=643 rest=8608
[TEST] {16} tested 800/1111 kept=739 rest=8505
[TEST] {16} tested 900/1111 kept=830 rest=8394
[TEST] {16} tested 1000/1111 kept=901 rest=8252
[TEST] {5} tested 2400/4443 kept=105 rest=8181
[TEST] {5} tested 2500/4443 kept=105 rest=8028
[TEST] {14} tested 700/2221 kept=0 rest=7868
[TEST] {14} tested 800/2221 kept=0 rest=7764
[TEST] {14} tested 900/2221 kept=0 rest=7664
[TEST] {16} tested 1100/1111 kept=941 rest=7584
[TEST] {5} tested 2600/4443 kept=105 rest=7527
[TEST] {16} tested 1111/1111 kept=941 rest=7507
[WARN] batch start failed size=555 {18} split -> 277 {24} + 278 {25}
[TEST] {5} tested 2700/4443 kept=111 rest=7423
[TEST] {19} tested 100/555 kept=7 rest=7275
[TEST] {19} tested 200/555 kept=71 rest=7161
[TEST] {14} tested 1000/2221 kept=0 rest=7123
[TEST] {14} tested 1100/2221 kept=1 rest=6999
[TEST] {5} tested 2800/4443 kept=111 rest=6876
[TEST] {19} tested 300/555 kept=120 rest=6769
[TEST] {14} tested 1200/2221 kept=2 rest=6672
[TEST] {14} tested 1300/2221 kept=4 rest=6541
[TEST] {14} tested 1400/2221 kept=19 rest=6425
[TEST] {5} tested 2900/4443 kept=111 rest=6379
[TEST] {5} tested 3000/4443 kept=111 rest=6247
[TEST] {19} tested 400/555 kept=145 rest=6182
[TEST] {5} tested 3100/4443 kept=112 rest=6064
[TEST] {14} tested 1500/2221 kept=40 rest=6031
[TEST] {14} tested 1600/2221 kept=107 rest=5905
[TEST] {14} tested 1700/2221 kept=173 rest=5793
[TEST] {14} tested 1800/2221 kept=246 rest=5652
[TEST] {5} tested 3200/4443 kept=112 rest=5575
[TEST] {14} tested 1900/2221 kept=315 rest=5489
[TEST] {19} tested 500/555 kept=147 rest=5368
[TEST] {14} tested 2000/2221 kept=391 rest=5343
[TEST] {14} tested 2100/2221 kept=484 rest=5212
[TEST] {19} tested 555/555 kept=147 rest=5075
[TEST] {5} tested 3300/4443 kept=112 rest=5059
[WARN] batch start failed size=1111 {20} split -> 555 {26} + 556 {27}
[TEST] {14} tested 2200/2221 kept=565 rest=5044
[WARN] batch start failed size=1111 {21} split -> 555 {28} + 556 {29}
[WARN] batch start failed size=555 {22} split -> 277 {30} + 278 {31}
[TEST] {5} tested 3400/4443 kept=112 rest=4938
[TEST] {14} tested 2221/2221 kept=569 rest=4826
[WARN] batch start failed size=277 {24} split -> 138 {32} + 139 {33}
[TEST] {5} tested 3500/4443 kept=112 rest=4792
[TEST] {25} tested 100/278 kept=0 rest=4690
[TEST] {25} tested 200/278 kept=19 rest=4583
[TEST] {5} tested 3600/4443 kept=112 rest=4478
[TEST] {23} tested 100/556 kept=3 rest=4398
[TEST] {23} tested 200/556 kept=3 rest=4297
[TEST] {23} tested 300/556 kept=3 rest=4193
[TEST] {23} tested 400/556 kept=3 rest=4089
[TEST] {23} tested 500/556 kept=17 rest=3963
[TEST] {25} tested 278/278 kept=21 rest=3846
[TEST] {5} tested 3700/4443 kept=113 rest=3814
[TEST] {27} tested 100/556 kept=52 rest=3711
[TEST] {23} tested 556/556 kept=28 rest=3596
[WARN] batch start failed size=555 {26} split -> 277 {34} + 278 {35}
[TEST] {5} tested 3800/4443 kept=113 rest=3562
[WARN] batch start failed size=555 {28} split -> 277 {36} + 278 {37}
[TEST] {29} tested 100/556 kept=2 rest=3451
[TEST] {29} tested 200/556 kept=7 rest=3349
[TEST] {27} tested 200/556 kept=64 rest=3211
[TEST] {29} tested 300/556 kept=14 rest=3038
[TEST] {27} tested 300/556 kept=82 rest=3012
[TEST] {5} tested 3900/4443 kept=114 rest=2948
[TEST] {29} tested 400/556 kept=20 rest=2764
[TEST] {5} tested 4000/4443 kept=115 rest=2651
[TEST] {29} tested 500/556 kept=25 rest=2630
[TEST] {27} tested 400/556 kept=106 rest=2550
[TEST] {5} tested 4100/4443 kept=116 rest=2453
[TEST] {5} tested 4200/4443 kept=116 rest=2292
[TEST] {27} tested 500/556 kept=133 rest=2223
[TEST] {5} tested 4300/4443 kept=116 rest=2164
[TEST] {29} tested 556/556 kept=25 rest=2133
[WARN] batch start failed size=277 {30} split -> 138 {38} + 139 {39}
[TEST] {27} tested 556/556 kept=134 rest=1956
[TEST] {31} tested 100/278 kept=87 rest=1897
[WARN] batch start failed size=139 {33} split -> 69 {40} + 70 {41}
[TEST] {5} tested 4400/4443 kept=116 rest=1855
[WARN] batch start failed size=138 {32} split -> 69 {42} + 69 {43}
[TEST] {31} tested 200/278 kept=166 rest=1767
[WARN] batch start failed size=278 {35} split -> 139 {44} + 139 {45}
[TEST] {34} tested 100/277 kept=71 rest=1649
[TEST] {34} tested 200/277 kept=156 rest=1547
[TEST] {5} tested 4443/4443 kept=116 rest=1472
[TEST] {37} tested 100/278 kept=2 rest=1330
[TEST] {31} tested 278/278 kept=172 rest=1209
[WARN] batch start failed size=277 {36} split -> 138 {46} + 139 {47}
[WARN] batch start failed size=139 {39} split -> 69 {48} + 70 {49}
[TEST] {34} tested 277/277 kept=204 rest=1123
[TEST] {38} tested 100/138 kept=30 rest=1096
[TEST] {37} tested 200/278 kept=5 rest=1021
[TEST] {37} tested 278/278 kept=5 rest=936
[WARN] batch start failed size=69 {40} split -> 34 {50} + 35 {51}
[TEST] {38} tested 138/138 kept=41 rest=886
[WARN] batch start failed size=69 {43} split -> 34 {52} + 35 {53}
[TEST] {41} tested 70/70 kept=31 rest=870
[WARN] batch start failed size=139 {44} split -> 69 {54} + 70 {55}
[TEST] {45} tested 100/139 kept=73 rest=769
[TEST] {42} tested 69/69 kept=13 rest=633
[WARN] batch start failed size=139 {47} split -> 69 {56} + 70 {57}
[WARN] batch start failed size=70 {49} split -> 35 {58} + 35 {59}
[TEST] {45} tested 139/139 kept=94 rest=589
[WARN] batch start failed size=35 {51} split -> 17 {60} + 18 {61}
[TEST] {46} tested 100/138 kept=31 rest=558
[TEST] {46} tested 138/138 kept=31 rest=518
[TEST] {48} tested 69/69 kept=10 rest=440
[WARN] batch start failed size=35 {53} split -> 17 {62} + 18 {63}
[WARN] batch start failed size=69 {54} split -> 34 {64} + 35 {65}
[TEST] {50} tested 34/34 kept=0 rest=425
[TEST] {52} tested 34/34 kept=11 rest=351
[WARN] batch start failed size=70 {57} split -> 35 {66} + 35 {67}
[WARN] batch start failed size=35 {58} split -> 17 {68} + 18 {69}
[TEST] {55} tested 70/70 kept=50 rest=301
[WARN] batch start failed size=18 {61} split -> 9 {70} + 9 {71}
[TEST] {56} tested 69/69 kept=2 rest=246
[WARN] batch start failed size=17 {62} split -> 8 {72} + 9 {73}
[TEST] {59} tested 35/35 kept=32 rest=229
[WARN] batch start failed size=18 {63} split -> 9 {74} + 9 {75}
[WARN] batch start failed size=34 {64} split -> 17 {76} + 17 {77}
[WARN] batch start failed size=35 {66} split -> 17 {78} + 18 {79}
[TEST] {60} tested 17/17 kept=0 rest=175
[WARN] batch start failed size=17 {68} split -> 8 {80} + 9 {81}
[TEST] {69} tested 18/18 kept=15 rest=155
[TEST] {65} tested 35/35 kept=19 rest=150
[WARN] batch start failed size=9 {70} split -> 4 {82} + 5 {83}
[TEST] {71} tested 9/9 kept=0 rest=141
[TEST] {67} tested 35/35 kept=5 rest=130
[WARN] batch start failed size=8 {72} split -> 4 {84} + 4 {85}
[WARN] batch start failed size=9 {73} split -> 4 {86} + 5 {87}
[WARN] batch start failed size=9 {74} split -> 4 {88} + 5 {89}
[WARN] batch start failed size=17 {76} split -> 8 {90} + 9 {91}
[WARN] batch start failed size=17 {78} split -> 8 {92} + 9 {93}
[TEST] {75} tested 9/9 kept=0 rest=112
[TEST] {77} tested 17/17 kept=1 rest=91
[WARN] batch start failed size=8 {80} split -> 4 {94} + 4 {95}
[TEST] {79} tested 18/18 kept=0 rest=78
[WARN] batch start failed size=4 {82} split -> 2 {96} + 2 {97}
[WARN] batch start failed size=5 {83} split -> 2 {98} + 3 {99}
[TEST] {81} tested 9/9 kept=7 rest=77
[WARN] batch start failed size=4 {85} split -> 2 {100} + 2 {101}
[WARN] batch start failed size=4 {86} split -> 2 {102} + 2 {103}
[WARN] batch start failed size=4 {88} split -> 2 {104} + 2 {105}
[WARN] batch start failed size=5 {89} split -> 2 {106} + 3 {107}
[TEST] {84} tested 4/4 kept=1 rest=67
[WARN] batch start failed size=9 {91} split -> 4 {108} + 5 {109}
[TEST] {87} tested 5/5 kept=0 rest=62
[WARN] batch start failed size=8 {92} split -> 4 {110} + 4 {111}
[TEST] {90} tested 8/8 kept=1 rest=55
[WARN] batch start failed size=4 {95} split -> 2 {112} + 2 {113}
[TEST] {94} tested 4/4 kept=3 rest=51
[WARN] batch start failed size=2 {97} split -> 1 {114} + 1 {115}
[WARN] batch start failed size=3 {99} split -> 1 {116} + 2 {117}
[WARN] batch start failed size=2 {98} split -> 1 {118} + 1 {119}
[WARN] batch start failed size=2 {100} split -> 1 {120} + 1 {121}
[WARN] batch start failed size=2 {101} split -> 1 {122} + 1 {123}
[TEST] {93} tested 9/9 kept=0 rest=47
[WARN] batch start failed size=2 {102} split -> 1 {124} + 1 {125}
[WARN] batch start failed size=2 {105} split -> 1 {126} + 1 {127}
[TEST] {96} tested 2/2 kept=0 rest=44
[WARN] batch start failed size=2 {106} split -> 1 {128} + 1 {129}
[TEST] {107} tested 3/3 kept=0 rest=41
[TEST] {103} tested 2/2 kept=0 rest=37
[WARN] batch start failed size=5 {109} split -> 2 {130} + 3 {131}
[WARN] batch start failed size=4 {110} split -> 2 {132} + 2 {133}
[TEST] {104} tested 2/2 kept=0 rest=35
[TEST] {113} tested 2/2 kept=2 rest=32
[WARN] batch start failed size=2 {112} split -> 1 {134} + 1 {135}
[REPAIR] {114} name=[ChromeGO-Merge] Taiwan fields=up,down
[REPAIR] {115} name=[ChromeGO-Merge] France fields=up,down
[TEST] {114} tested 1/1 kept=0 rest=31
[TEST] {108} tested 4/4 kept=0 rest=30
[REPAIR] {116} name=[ChromeGO-Merge] United-5 fields=up,down
[REPAIR] {119} name=[ChromeGO-Merge] Taiwan-2 fields=up,down
[TEST] {117} tested 2/2 kept=0 rest=28
[REPAIR] {118} name=[ChromeGO-Merge] United-4 fields=up,down
[TEST] {119} tested 1/1 kept=0 rest=27
[REPAIR] {120} name=[ChromeGO-ShiteThings] hysteria fields=up,down
[REPAIR] {121} name=[ChromeGO-ShiteThings] hysteria-2 fields=up,down
[REPAIR] {123} name=[ChromeGO-ShiteThings] hysteria-4 fields=up,down
[TEST] {120} tested 1/1 kept=0 rest=26
[REPAIR] {122} name=[ChromeGO-ShiteThings] hysteria-3 fields=up,down
[TEST] {111} tested 4/4 kept=0 rest=23
[TEST] {121} tested 1/1 kept=0 rest=22
[REPAIR] {124} name=[ChromeGO-ShiteThings] hysteria-5 fields=up,down
[TEST] {122} tested 1/1 kept=0 rest=21
[TEST] {123} tested 1/1 kept=0 rest=20
[REPAIR] {126} name=[ChromeGO-Merge] WARP fields=dialer-proxy
[REPAIR] {127} name=[ChromeGO-Merge] United fields=up,down
[REPAIR] {128} name=[ChromeGO-Merge] France_hysteria_1 fields=up,down
[REPAIR] {129} name=[ChromeGO-Merge] United-2 fields=up,down
[WARN] batch start failed size=2 {130} split -> 1 {136} + 1 {137}
[WARN] batch start failed size=2 {133} split -> 1 {138} + 1 {139}
[TEST] {115} tested 1/1 kept=0 rest=18
[TEST] {116} tested 1/1 kept=0 rest=16
[TEST] {118} tested 1/1 kept=0 rest=15
[TEST] {125} tested 1/1 kept=0 rest=14
[TEST] {134} tested 1/1 kept=1 rest=13
[TEST] {124} tested 1/1 kept=0 rest=12
[TEST] {126} tested 1/1 kept=0 rest=11
[REPAIR] {135} name=[Free-clash-v2ray] hysteria fields=up,down
[TEST] {127} tested 1/1 kept=0 rest=10
[TEST] {131} tested 3/3 kept=0 rest=8
[TEST] {128} tested 1/1 kept=0 rest=7
[TEST] {129} tested 1/1 kept=0 rest=6
[TEST] {136} tested 1/1 kept=0 rest=5
[TEST] {135} tested 1/1 kept=0 rest=4
[REPAIR] {137} name=[Pawdroid-SS-APK] United+Kingdom-2 fields=cipher
[REPAIR] {139} name=[Epodonios] EPODONIOS-111 fields=cipher
[TEST] {132} tested 2/2 kept=0 rest=3
[TEST] {137} tested 1/1 kept=1 rest=2
[TEST] {138} tested 1/1 kept=0 rest=1
[TEST] {139} tested 1/1 kept=0 rest=0
============================================================
[INFO] core-dedupe dropped 1 same-host variants, kept higher health_score
[INFO] cap live source=[免费节点2] from 132 to 50 by health_score
[INFO] cap live source=[免费节点6] from 81 to 50 by health_score
[INFO] cap live source=[免费节点8] from 176 to 50 by health_score
[INFO] cap live source=[Pawdroid-SR-APK] from 720 to 50 by health_score
[INFO] cap live source=[Pawdroid-SS-APK] from 313 to 50 by health_score
[INFO] cap live source=[Epodonios] from 115 to 50 by health_score
[INFO] cap live source=[Free-clash-v2ray] from 1803 to 50 by health_score
[INFO] cap live total from 579 to 400 floor=5 then health_score pool
[INFO] cap live reserved=111 pool=468 taken=289
============================================================
+------------------------------+--------+--------+------+--------+
| source                       |    raw | unique | live | capped |
+------------------------------+--------+--------+------+--------+
| [大FQ运动]                   |     14 |     14 |    4 |      4 |
+------------------------------+--------+--------+------+--------+
| [Pawdroid]                   |     22 |     21 |    6 |      5 |
+------------------------------+--------+--------+------+--------+
| [FreeV2-Base64]              |      3 |      3 |    3 |      3 |
+------------------------------+--------+--------+------+--------+
| [Bocchi2b-Base64]            |     35 |     35 |    0 |      0 |
+------------------------------+--------+--------+------+--------+
| [ChromeGO-Toolkit]           |     14 |     14 |    5 |      5 |
+------------------------------+--------+--------+------+--------+
| [ChromeGO-ShiteThings]       |     31 |     25 |    7 |      5 |
+------------------------------+--------+--------+------+--------+
| [ChromeGO-Merge]             |    110 |    110 |    2 |      2 |
+------------------------------+--------+--------+------+--------+
| [Freesocks]                  |      1 |      1 |    0 |      0 |
+------------------------------+--------+--------+------+--------+
| [NekoWarp]                   |     10 |     10 |   10 |     10 |
+------------------------------+--------+--------+------+--------+
| [1VPN-CRX]                   |     17 |     17 |   16 |      5 |
+------------------------------+--------+--------+------+--------+
| [OpenRunner-RSS]             |     14 |      0 |    0 |      0 |
+------------------------------+--------+--------+------+--------+
| [V2Rayshare-RSS]             |     22 |     22 |    3 |      3 |
+------------------------------+--------+--------+------+--------+
| [Mibei77-RSS]                |    129 |    117 |    4 |      4 |
+------------------------------+--------+--------+------+--------+
| [Yoyapai-RSS]                |    226 |    192 |   19 |     13 |
+------------------------------+--------+--------+------+--------+
| [免费节点1]                  |    228 |    126 |   13 |      5 |
+------------------------------+--------+--------+------+--------+
| [免费节点2]                  |    369 |    299 |  132 |     30 |
+------------------------------+--------+--------+------+--------+
| [免费节点3]                  |     41 |      0 |    0 |      0 |
+------------------------------+--------+--------+------+--------+
| [免费节点4]                  |    783 |    714 |   38 |      5 |
+------------------------------+--------+--------+------+--------+
| [免费节点5]                  |     29 |     28 |    0 |      0 |
+------------------------------+--------+--------+------+--------+
| [免费节点6]                  |   1627 |   1576 |   81 |     44 |
+------------------------------+--------+--------+------+--------+
| [免费节点7]                  |     63 |      0 |    0 |      0 |
+------------------------------+--------+--------+------+--------+
| [免费节点8]                  |   4256 |   3371 |  176 |     37 |
+------------------------------+--------+--------+------+--------+
| [免费节点9]                  |    615 |    457 |    0 |      0 |
+------------------------------+--------+--------+------+--------+
| [免费节点10]                 |   5495 |   3081 |   13 |      5 |
+------------------------------+--------+--------+------+--------+
| [免费节点11]                 |    459 |    242 |   41 |      5 |
+------------------------------+--------+--------+------+--------+
| [Pawdroid-SR-APK]            |   1218 |    871 |  720 |     50 |
+------------------------------+--------+--------+------+--------+
| [Pawdroid-SS-APK]            |   1509 |    920 |  314 |     50 |
+------------------------------+--------+--------+------+--------+
| [Clashfree]                  |    153 |     52 |   22 |      5 |
+------------------------------+--------+--------+------+--------+
| [Epodonios]                  |   4138 |   2533 |  115 |     50 |
+------------------------------+--------+--------+------+--------+
| [Free-clash-v2ray]           |   5220 |   2890 | 1803 |     50 |
+------------------------------+--------+--------+------+--------+
| [V2rayclashfree-RSS]         |    322 |     32 |   23 |      5 |
+------------------------------+--------+--------+------+--------+
============================================================
[SUMMARY] total_nodes=27173
[SUMMARY] legal_candidates=17773
[SUMMARY] passed_latency_test=400
[SUMMARY] region_HK=4 region_JP=3 region_US=157
[SUMMARY] avg_latency_ms=163.53
[SUMMARY] output=/home/runner/work/Free-node-autotest/Free-node-autotest/output/clash.yaml
============================================================
