============================================================
[INFO] sublink try page: https://end-gfw.com
[OK] proxies=2 new=2 url=https://raw.githubusercontent.com/hello-world-1989/cn-news/refs/heads/main/clash.yaml
[OK] proxies=2 new=0 url=https://raw.githubusercontent.com/hello-world-1989/cn-news/main/end-gfw-together
[OK] proxies=2 new=2 url=https://raw.githubusercontent.com/hello-world-1989/cn-news/main/end-gfw-together-ss
[INFO] source try url: https://end-gfw.com/ss-key
[OK] proxies=4 new=4 url=https://end-gfw.com/ss-key
[INFO] sublink try repo: https://github.com/hello-world-1989/cn-news
[INFO] sublink try page: https://raw.githubusercontent.com/hello-world-1989/cn-news/main/README.md
[OK] proxies=6 new=6 url=https://raw.githubusercontent.com/hello-world-1989/v2-sub/main/end-gfw-together-af3e13
[OK] proxies=14 source=[大FQ运动] url=https://raw.githubusercontent.com/hello-world-1989/cn-news/main/README.md
============================================================
[INFO] sublink try repo: https://github.com/Pawdroid/Free-servers
[INFO] sublink try page: https://raw.githubusercontent.com/Pawdroid/Free-servers/main/README.md
[OK] proxies=20 new=20 url=https://raw.githubusercontent.com/Pawdroid/Free-servers/main/README.md
[OK] proxies=20 new=0 url=https://raw.githubusercontent.com/Pawdroid/Free-servers/main/sub
[OK] proxies=1 new=1 url=https://apps.apple.com/cn/app/shadowshare/id1612647259
[OK] proxies=1 new=1 url=http://www.surflare.com
[OK] proxies=22 source=[Pawdroid] url=https://raw.githubusercontent.com/Pawdroid/Free-servers/main/README.md
============================================================
[INFO] source try url: https://xmxosfepggzm.503403.xyz
[OK] proxies=3 new=3 url=https://xmxosfepggzm.503403.xyz
[OK] proxies=3 source=[FreeV2-Base64] url=https://xmxosfepggzm.503403.xyz
============================================================
[INFO] source try url: https://links.bocchi2b.top/clash
[OK] proxies=35 new=35 url=https://links.bocchi2b.top/clash
[OK] proxies=35 source=[Bocchi2b-Base64] url=https://links.bocchi2b.top/clash
============================================================
[INFO] toolkit try repo: https://github.com/bannedbook/fanqiang
[INFO] toolkit try release: https://github.com/bannedbook/fanqiang/releases
[INFO] toolkit try release: https://github.com/bannedbook/fanqiang/releases/expanded_assets/ChromeGo-latest
[INFO] toolkit try download: https://github.com/bannedbook/fanqiang/releases/download/ChromeGo-latest/ChromeGo.7z
[OK] toolkit downloaded: ChromeGo.7z bytes=100924352
[OK] toolkit extracted archive=ChromeGo.7z tool=7z files=222 dirs=45
[OK] toolkit discovered subs=107 embedded=12 archive=ChromeGo.7z
[OK] proxies=6 new=6 embedded=archive-config
[OK] proxies=7 new=5 url=https://gitlab.com/free9999/ipupdate/master/backup/img/1/2/{ipp|ip}/{hysteria2|singbox|naiveproxy|hysteria|xray}/{2|3|1|4}/config.json
[OK] proxies=7 new=0 url=https://www.67867867.xyz/Alvin9999/PAC/refs/heads/master/backup/img/1/2/{ipp|ip}/{hysteria2|singbox|naiveproxy|hysteria|xray}/{2|3|1|4}/config.json
[OK] proxies=3 new=3 url=https://gitlab.com/free9999/ipupdate/master/backup/img/1/2/{ipp|ip}/clash.meta2/{2|3|1|5|4|6}/config.yaml
[OK] proxies=3 new=0 url=https://www.67867867.xyz/Alvin9999/PAC/refs/heads/master/backup/img/1/2/{ipp|ip}/clash.meta2/{2|3|1|5|4|6}/config.yaml
[OK] proxies=14 source=[ChromeGO-Toolkit] url=https://github.com/bannedbook/fanqiang/releases/download/ChromeGo-latest/ChromeGo.7z
============================================================
[INFO] sublink try repo: https://github.com/ShiteThings/extractNodes
[INFO] sublink try page: https://raw.githubusercontent.com/ShiteThings/extractNodes/main/README.md
[OK] proxies=31 new=30 url=https://{chg26.makou.cc.cd|chg64.makou.cc.cd}
[OK] proxies=26 new=1 url=https://chg26.makou.cc.cd/sb
[OK] proxies=31 source=[ChromeGO-ShiteThings] url=https://raw.githubusercontent.com/ShiteThings/extractNodes/main/README.md
============================================================
[INFO] sublink try repo: https://github.com/shangui999/chromego_merge
[INFO] sublink try page: https://raw.githubusercontent.com/shangui999/chromego_merge/master/ReadMe.md
[OK] proxies=10 new=10 url=https://freedman.netlify.app/sub/merged_proxies_new.yaml
[OK] proxies=11 new=1 url=https://freedman.netlify.app/sub/merged_warp_proxies_new.yaml
[OK] proxies=11 new=6 url=https://freedman.netlify.app/sub/shadowrocket_base64.txt
[OK] proxies=16 new=16 url=https://freedman.netlify.app/sub/sb.json
[INFO] sublink try repo: https://github.com/yaney01/chromego
[INFO] sublink try page: https://raw.githubusercontent.com/yaney01/chromego/main/ReadMe.md
[OK] proxies=50 new=46 url=https://raw.githubusercontent.com/yaney01/chromego/main/sub/merged_proxies_new.yaml
[OK] proxies=51 new=0 url=https://raw.githubusercontent.com/yaney01/chromego/main/sub/merged_warp_proxies_new.yaml
[OK] proxies=13 new=7 url=https://raw.githubusercontent.com/yaney01/chromego/main/sub/shadowrocket_base64.txt
[OK] proxies=13 new=0 url=https://raw.githubusercontent.com/yaney01/chromego/main/sub/sb.json
[INFO] sublink try repo: https://github.com/Misaka-blog/chromego_merge
[INFO] sublink try page: https://raw.githubusercontent.com/Misaka-blog/chromego_merge/main/README.md
[OK] proxies=28 new=28 url=https://chromego-sub.netlify.app/sub/merged_proxies_new.yaml
[OK] proxies=114 source=[ChromeGO-Merge] url=https://raw.githubusercontent.com/Misaka-blog/chromego_merge/main/README.md
============================================================
[INFO] source try url: https://freesocks.org/api/v1/sub/02b897e8e77f19176b0b9f2c75864b00
[OK] proxies=3 new=3 url=https://freesocks.org/api/v1/sub/02b897e8e77f19176b0b9f2c75864b00
[OK] proxies=3 source=[Freesocks] url=https://freesocks.org/api/v1/sub/02b897e8e77f19176b0b9f2c75864b00
============================================================
[INFO] source try url: https://neko-warp.nloli.xyz/neko_warp.yaml
[OK] proxies=10 new=10 url=https://neko-warp.nloli.xyz/neko_warp.yaml
[OK] proxies=10 source=[NekoWarp] url=https://neko-warp.nloli.xyz/neko_warp.yaml
============================================================
[INFO] toolkit try chrome: https://chromewebstore.google.com/detail/free-vpn-proxy-1vpn/akcocjjpkmlniicdeemdceeajlmoabhg
[INFO] toolkit try download: https://clients2.google.com/service/update2/crx?response=redirect&prodversion=131.0.6778.0&acceptformat=crx2,crx3&x=id%3dakcocjjpkmlniicdeemdceeajlmoabhg%26uc
[OK] toolkit downloaded: free-vpn-proxy-1vpn.crx bytes=1627904
[OK] toolkit extracted archive=free-vpn-proxy-1vpn.crx tool=zipfile files=68 dirs=57
[OK] toolkit 1vpn-crx scanned hosts=17 keys=1 archive=free-vpn-proxy-1vpn.crx
[OK] proxies=17 source=[1VPN-CRX] url=https://clients2.google.com/service/update2/crx?response=redirect&prodversion=131.0.6778.0&acceptformat=crx2,crx3&x=id%3dakcocjjpkmlniicdeemdceeajlmoabhg%26uc
============================================================
[INFO] article try feed: https://free.datiya.com/index.xml
[INFO] sublink try page: https://free.datiya.com/post/20260918/
[OK] proxies=14 new=14 url=https://free.datiya.com/uploads/20260918-clash.yaml
[OK] proxies=14 source=[OpenRunner-RSS] url=https://free.datiya.com/post/20260918/
============================================================
[INFO] article try feed: https://v2rayshare.com/feed
[INFO] sublink try page: https://v2rayshare.net/p/5062.html
[OK] proxies=27 new=27 url=https://static.v2rayshare.net/2026/09/20260918.txt
[OK] proxies=27 new=0 url=https://static.v2rayshare.net/2026/09/20260918.yaml
[OK] proxies=27 new=0 url=https://static.v2rayshare.net/2026/09/m20260918.yaml
[INFO] sublink try repo: https://github.com/firefoxmmx2/v2rayshare_subcription
[INFO] sublink try page: https://raw.githubusercontent.com/firefoxmmx2/v2rayshare_subcription/main/README.md
[OK] proxies=27 new=0 url=https://{raw.githubusercontent.com|cdn.jsdelivr.net}/firefoxmmx2/v2rayshare_subcription/main/subscription/vray_sub.txt
[OK] proxies=27 new=0 url=https://{raw.githubusercontent.com|cdn.jsdelivr.net}/firefoxmmx2/v2rayshare_subcription/main/subscription/clash_sub.yaml
[OK] proxies=27 new=0 url=https://{raw.githubusercontent.com|cdn.jsdelivr.net}/firefoxmmx2/v2rayshare_subcription/main/subscription/mihomo_sub.yaml
[OK] proxies=27 source=[V2Rayshare-RSS] url=https://raw.githubusercontent.com/firefoxmmx2/v2rayshare_subcription/main/README.md
============================================================
[INFO] article try feed: https://www.mibei77.com/feed
[INFO] sublink try page: https://www.mibei77.com/679.html
[OK] proxies=111 new=111 url=https://mm.mibei77.com/202609/09.1864bacvd.txt
[OK] proxies=110 new=0 url=https://mm.mibei77.com/202609/0918Clashizx.yaml
[OK] proxies=111 source=[Mibei77-RSS] url=https://www.mibei77.com/679.html
============================================================
[INFO] article try feed: https://yoyapai.com/feed
[INFO] sublink try page: https://yoyapai.com/723
[OK] proxies=1 new=1 url=https://yoyapai.com/723
[OK] proxies=208 new=208 url=https://freenode.yoyapai.com/2026/09/18-yoyapai.com-clash-vpn-mianfeijiedian.yaml
[OK] proxies=208 new=0 url=https://freenode.yoyapai.com/2026/09/18-yoyapai.com-ssrv2ray-vpn-mianfeijiedian.txt
[OK] proxies=209 source=[Yoyapai-RSS] url=https://yoyapai.com/723
============================================================
[INFO] sublink try repo: https://github.com/free18/v2ray
[INFO] sublink try page: https://raw.githubusercontent.com/free18/v2ray/main/README.md
[OK] proxies=3 new=3 url=https://raw.githubusercontent.com/free18/v2ray/main/README.md
[OK] proxies=116 new=116 url=https://ghfast.top/https://raw.githubusercontent.com/free18/v2ray/refs/heads/main/v.txt
[OK] proxies=116 new=0 url=https://ghfast.top/https://raw.githubusercontent.com/free18/v2ray/refs/heads/main/c.yaml
[OK] proxies=119 source=[免费节点1] url=https://raw.githubusercontent.com/free18/v2ray/main/README.md
============================================================
[INFO] sublink try repo: https://github.com/ermaozi/get_subscribe
[INFO] sublink try page: https://raw.githubusercontent.com/ermaozi/get_subscribe/main/README.md
[INFO] sublink file_nodes=0 bare links=9
[OK] proxies=390 new=390 url=https://www.ermao.net/sub/{clash|v2ray}/ermao.net
[OK] proxies=388 new=0 url=https://www.ermao.net/sub/{reachable|unreachable|untested}/clash/ermao.net
[OK] proxies=390 source=[免费节点2] url=https://raw.githubusercontent.com/ermaozi/get_subscribe/main/README.md
============================================================
[INFO] sublink try repo: https://github.com/sunmiao4458/free-proxy-airport
[INFO] sublink try page: https://raw.githubusercontent.com/sunmiao4458/free-proxy-airport/main/README.md
[OK] proxies=23 new=23 url=https://sunmiao4458.github.io/free-proxy-airport/clash.yaml
[OK] proxies=23 source=[免费节点3] url=https://raw.githubusercontent.com/sunmiao4458/free-proxy-airport/main/README.md
============================================================
[INFO] sublink try repo: https://github.com/mfuu/FreeProxies
[INFO] sublink try page: https://raw.githubusercontent.com/mfuu/FreeProxies/master/README.md
[OK] proxies=842 new=842 url=https://raw.githubusercontent.com/mfuu/FreeProxies/master/sub.yaml
[OK] proxies=842 source=[免费节点4] url=https://raw.githubusercontent.com/mfuu/FreeProxies/master/README.md
============================================================
[INFO] sublink try repo: https://github.com/vxiaov/free_proxies
[INFO] sublink try page: https://raw.githubusercontent.com/vxiaov/free_proxies/main/README.md
[OK] proxies=1 new=1 url=https://raw.githubusercontent.com/vxiaov/free_proxies/main/README.md
[OK] proxies=28 new=28 url=https://{cdn.jsdelivr.net|raw.githubusercontent.com}/vxiaov/free_proxies/main/clash/clash.provider.yaml
[OK] proxies=29 source=[免费节点5] url=https://raw.githubusercontent.com/vxiaov/free_proxies/main/README.md
============================================================
[INFO] sublink try repo: https://github.com/anaer/Sub
[INFO] sublink try page: https://raw.githubusercontent.com/anaer/Sub/main/README.MD
[OK] proxies=1520 new=1520 url=https://anaer.github.io/Sub/clash.yaml
[OK] proxies=1520 new=0 url=https://raw.githubusercontent.com/anaer/Sub/main/clash.yaml
[OK] proxies=1520 source=[免费节点6] url=https://raw.githubusercontent.com/anaer/Sub/main/README.MD
============================================================
[INFO] sublink try repo: https://github.com/snakem982/proxypool
[INFO] sublink try page: https://raw.githubusercontent.com/snakem982/proxypool/main/README.md
[OK] proxies=64 new=64 url=https://raw.githubusercontent.com/snakem982/proxypool/main/source/clash-meta-2.yaml
[OK] proxies=62 new=0 url=https://raw.githubusercontent.com/snakem982/proxypool/main/source/v2ray-2.txt
[OK] proxies=60 new=0 url=https://raw.githubusercontent.com/snakem982/proxypool/main/source/sing-box-2.json
[OK] proxies=64 source=[免费节点7] url=https://raw.githubusercontent.com/snakem982/proxypool/main/README.md
============================================================
[INFO] sublink try repo: https://github.com/mahdibland/V2RayAggregator
[INFO] sublink try page: https://raw.githubusercontent.com/mahdibland/V2RayAggregator/master/README.md
[OK] proxies=379 new=379 url=https://raw.githubusercontent.com/mahdibland/V2RayAggregator/master/README.md
[OK] proxies=1 new=1 url=https://github.com/mahdibland/SSAggregator/actions/workflows/Collector.yml
[OK] proxies=1 new=0 url=https://github.com/mahdibland/SSAggregator/actions/workflows/Airport_Collector.yml
[OK] proxies=198 new=0 url=https://raw.githubusercontent.com/mahdibland/ShadowsocksAggregator/master/Eternity.txt
[OK] proxies=199 new=1 url=https://raw.githubusercontent.com/mahdibland/ShadowsocksAggregator/master/Eternity.yml
[OK] proxies=61 new=61 url=https://raw.githubusercontent.com/mahdibland/ShadowsocksAggregator/master/EternityAir.txt
[OK] proxies=3844 new=3558 url=https://raw.githubusercontent.com/mahdibland/SSAggregator/master/sub/sub_merge_base64.txt
[OK] proxies=3844 new=0 url=https://raw.githubusercontent.com/mahdibland/{SSAggregator|ShadowsocksAggregator}/master/sub/sub_merge.txt
[OK] proxies=3976 new=164 url=https://raw.githubusercontent.com/mahdibland/SSAggregator/master/sub/sub_merge_yaml.yml
[OK] proxies=61 new=0 url=https://raw.githubusercontent.com/mahdibland/SSAggregator/master/sub/airport_merge_base64.txt
[OK] proxies=61 new=0 url=https://raw.githubusercontent.com/mahdibland/SSAggregator/master/sub/airport_sub_merge.txt
[OK] proxies=1381 new=0 url=https://raw.githubusercontent.com/mahdibland/ShadowsocksAggregator/master/sub/splitted/vmess.txt
[OK] proxies=582 new=0 url=https://raw.githubusercontent.com/mahdibland/ShadowsocksAggregator/master/sub/splitted/trojan.txt
[OK] proxies=43 new=0 url=https://raw.githubusercontent.com/mahdibland/ShadowsocksAggregator/master/sub/splitted/ssr.txt
[OK] proxies=1838 new=0 url=https://raw.githubusercontent.com/mahdibland/ShadowsocksAggregator/master/sub/splitted/ss.txt
[OK] proxies=1 new=0 url=https://cdn.jsdelivr.net/gh/mahdibland/V2RayAggregator@master/update/provider/provider-meta.yml
[OK] proxies=1 new=0 url=https://cdn.jsdelivr.net/gh/mahdibland/V2RayAggregator@master/update/provider/provider-meta-cn.yml
[OK] proxies=1 new=0 url=https://cdn.jsdelivr.net/gh/mahdibland/V2RayAggregator@master/update/provider/provider-meta-others.yml
[OK] proxies=1 new=0 url=https://cdn.jsdelivr.net/gh/mahdibland/V2RayAggregator@master/update/provider/provider.yml
[OK] proxies=1 new=0 url=https://cdn.jsdelivr.net/gh/mahdibland/V2RayAggregator@master/update/provider/provider-cn.yml
[OK] proxies=1 new=0 url=https://cdn.jsdelivr.net/gh/mahdibland/V2RayAggregator@master/update/provider/provider-others.yml
[OK] proxies=4164 source=[免费节点8] url=https://raw.githubusercontent.com/mahdibland/V2RayAggregator/master/README.md
============================================================
[INFO] sublink try repo: https://github.com/w1770946466/Auto_proxy
[INFO] sublink try page: https://raw.githubusercontent.com/w1770946466/Auto_proxy/main/README.md
[OK] proxies=1 new=1 url=https://github.com/w1770946466/Auto_proxy/actions/workflows/main.yml
[OK] proxies=245 new=245 url=https://raw.githubusercontent.com/w1770946466/Auto_proxy/main/{Long_term_subscription2.yaml|Long_term_subscription1.yaml|Long_term_subscription3.yaml}
[OK] proxies=489 new=54 url=https://raw.githubusercontent.com/w1770946466/Auto_proxy/main/{Long_term_subscription1|Long_term_subscription2|Long_term_subscription3|Long_term_subscription4|Long_term_subscription5|Long_term_subscription6|Long_term_subscription7|Long_term_subscription8}
[OK] proxies=489 new=315 url=https://raw.githubusercontent.com/w1770946466/Auto_proxy/main/Long_term_subscription_num
[OK] proxies=615 source=[免费节点9] url=https://raw.githubusercontent.com/w1770946466/Auto_proxy/main/README.md
============================================================
[INFO] sublink try repo: https://github.com/PuddinCat/BestClash
[INFO] sublink try page: https://raw.githubusercontent.com/PuddinCat/BestClash/main/README.md
[OK] proxies=16 new=16 url=https://raw.githubusercontent.com/PuddinCat/BestClash/main/proxies.yaml
[OK] proxies=28 new=28 url=https://cdn.jsdelivr.net/gh/vxiaov/free_proxies@main/clash/clash.provider.yaml
[OK] proxies=24 new=24 url=https://freenode.openrunner.net/uploads/20240807-clash.yaml
[OK] proxies=28 new=28 url=https://raw.githubusercontent.com/Misaka-blog/chromego_merge/main/sub/merged_proxies_new.yaml
[OK] proxies=4667 new=4638 url=https://raw.githubusercontent.com/{NiceVPN123|anaer}/{NiceVPN|Sub}/main/{Clash.yaml|clash.yaml}
[OK] proxies=31 new=5 url=https://raw.githubusercontent.com/{chengaopan|peasoft}/{AutoMergePublicNodes|NoMoreWalls}/master/list.yml
[OK] proxies=388 new=357 url=https://raw.githubusercontent.com/{ermaozi|ermaozi01}/{get_subscribe|free_clash_vpn}/main/subscribe/clash.yml
[OK] proxies=199 new=176 url=https://raw.githubusercontent.com/mahdibland/ShadowsocksAggregator/master/Eternity.yml
[OK] proxies=165 new=160 url=https://raw.githubusercontent.com/ronghuaxueleng/get_v2/main/pub/combine.yaml
[OK] proxies=144 new=3 url=https://raw.githubusercontent.com/zhangkaiitugithub/passcro/main/speednodes.yaml
[OK] proxies=5435 source=[免费节点10] url=https://raw.githubusercontent.com/PuddinCat/BestClash/main/README.md
============================================================
[INFO] sublink try repo: https://github.com/kooker/FreeSubsCheck
[INFO] sublink try page: https://raw.githubusercontent.com/kooker/FreeSubsCheck/main/README.md
[OK] proxies=15 new=15 url=https://raw.githubusercontent.com/kooker/FreeSubsCheck/main/mihomo.yaml
[OK] proxies=15 new=0 url=https://raw.githubusercontent.com/kooker/FreeSubsCheck/main/all.yaml
[OK] proxies=13 new=2 url=https://raw.githubusercontent.com/kooker/FreeSubsCheck/main/base64.txt
[OK] proxies=10 new=6 url=https://raw.githubusercontent.com/kooker/FreeSubsCheck/main/byxiaoxi.txt
[OK] proxies=413 new=410 url=https://raw.githubusercontent.com/kooker/FreeSubsCheck/main/kooker.jp.txt
[OK] proxies=433 source=[免费节点11] url=https://raw.githubusercontent.com/kooker/FreeSubsCheck/main/README.md
============================================================
[INFO] toolkit try repo: https://github.com/Pawdroid/shadowrocket_for_android
[INFO] toolkit try release: https://github.com/Pawdroid/shadowrocket_for_android/releases
[INFO] toolkit try release: https://github.com/Pawdroid/shadowrocket_for_android/releases/expanded_assets/10.10.51
[INFO] toolkit try download: https://github.com/Pawdroid/shadowrocket_for_android/releases/download/10.10.51/Shadowrocket_10.10.51_shadowrocketStandard_arm64-v8a.apk
[OK] toolkit downloaded: Shadowrocket_10.10.51_shadowrocketStandard_arm64-v8a.apk bytes=41111539
[OK] toolkit extracted archive=Shadowrocket_10.10.51_shadowrocketStandard_arm64-v8a.apk tool=zipfile files=1175 dirs=44
[OK] toolkit sr-apk scanned prefixes=36 files=6 keys=2 archive=Shadowrocket_10.10.51_shadowrocketStandard_arm64-v8a.apk
[OK] proxies=1132 new=1132 url=https://{cdn.jsdelivr.net|raw.githubusercontent.com}/pixelor/ecfg/main/data/ecfg6_zh
[OK] proxies=1132 new=0 url=https://{cdn.jsdelivr.net|raw.githubusercontent.com}/pixelor/ecfg/main/data/ecfg6_en
[OK] proxies=210 new=92 url=https://{cdn.jsdelivr.net|raw.githubusercontent.com}/pixelor/ecfg/main/data/ecfg6
[OK] proxies=996 new=0 url=https://{files.shadowrockets.app|cdn.shadowrockets.app}/ecfg/data/ecfg6_en
[OK] proxies=996 new=0 url=https://{files.shadowrockets.app|cdn.shadowrockets.app}/ecfg/data/ecfg6_zh
[OK] proxies=185 new=0 url=https://{files.shadowrockets.app|cdn.shadowrockets.app}/ecfg/data/ecfg6
[OK] proxies=1224 source=[Pawdroid-SR-APK] url=https://github.com/Pawdroid/shadowrocket_for_android/releases/download/10.10.51/Shadowrocket_10.10.51_shadowrocketStandard_arm64-v8a.apk
============================================================
[INFO] toolkit try page: https://shadowshare.v2cross.com
[INFO] toolkit try download: https://shadowshare.v2cross.com/shadowshare.apk
[OK] toolkit downloaded: shadowshare.apk bytes=62868122
[OK] toolkit extracted archive=shadowshare.apk tool=zipfile files=612 dirs=39
[OK] toolkit ss-apk scanned prefixes=10 files=3 keys=1 archive=shadowshare.apk
[OK] proxies=1386 new=1386 url=https://{raw.githubusercontent.com|jsd.onmicrosoft.cn}/hideme9527/ecsfg/main/data/sareserver_en
[OK] proxies=248 new=139 url=https://{raw.githubusercontent.com|jsd.onmicrosoft.cn}/hideme9527/ecsfg/main/data/sareserver
[OK] proxies=157 new=0 url=https://{shadowsharing.com|sare.159236.xyz}/data/sareserver
[OK] proxies=1386 new=0 url=https://{shadowsharing.com|sare.159236.xyz}/data/sareserver_en
[OK] proxies=157 new=0 url=https://gitee.com/api/v5/repos/{zhiminghao|guoyoucai1|elvenapp}/ecsfg/raw/data/sareserver
[OK] proxies=1386 new=0 url=https://gitee.com/api/v5/repos/{zhiminghao|guoyoucai1|elvenapp}/ecsfg/raw/data/sareserver_en
[OK] proxies=1525 source=[Pawdroid-SS-APK] url=https://shadowshare.v2cross.com/shadowshare.apk
============================================================
[INFO] sublink try repo: https://github.com/free-nodes/clashfree
[INFO] sublink try page: https://raw.githubusercontent.com/free-nodes/clashfree/main/README.md
[OK] proxies=1327 new=1327 url=https://raw.githubusercontent.com/free-nodes/clashfree/main/README.md
[OK] proxies=1327 new=0 url=https://raw.githubusercontent.com/free-nodes/clashfree/main/clash20260918.yml
[OK] proxies=1 new=1 url=https://github.com/free-nodes/clashfree/blob/main/clash20260918.yml
[OK] proxies=1328 source=[Clashfree] url=https://raw.githubusercontent.com/free-nodes/clashfree/main/README.md
============================================================
[INFO] sublink try repo: https://github.com/Epodonios/v2ray-configs
[INFO] sublink try page: https://raw.githubusercontent.com/Epodonios/v2ray-configs/main/README.md
[OK] proxies=1 new=1 url=https://github.com/Epodonios/V2ray-Configs/actions/workflows/main.yml
[OK] proxies=4056 new=4056 url=https://github.com/Epodonios/v2ray-configs/raw/main/All_Configs_Sub.txt
[OK] proxies=4056 new=0 url=https://github.com/Epodonios/v2ray-configs/raw/main/All_Configs_base64_Sub.txt
[OK] proxies=3201 new=3 url=https://github.com/Epodonios/v2ray-configs/raw/main/Splitted-By-Protocol/vless.txt
[OK] proxies=140 new=0 url=https://github.com/Epodonios/v2ray-configs/raw/main/Splitted-By-Protocol/vmess.txt
[OK] proxies=465 new=0 url=https://github.com/Epodonios/v2ray-configs/raw/main/Splitted-By-Protocol/ss.txt
[OK] proxies=182 new=0 url=https://github.com/Epodonios/v2ray-configs/raw/main/Splitted-By-Protocol/trojan.txt
[OK] proxies=4056 new=0 url=https://raw.githubusercontent.com/Epodonios/v2ray-configs/main/{Sub1.txt|Sub2.txt|Sub3.txt|Sub4.txt|Sub5.txt|Sub6.txt|Sub7.txt|Sub8.txt|Sub9.txt}
[OK] proxies=4060 source=[Epodonios] url=https://raw.githubusercontent.com/Epodonios/v2ray-configs/main/README.md
============================================================
[INFO] sublink try repo: https://github.com/free-clash-v2ray/free-clash-v2ray.github.io
[INFO] sublink try page: https://raw.githubusercontent.com/free-clash-v2ray/free-clash-v2ray.github.io/main/README.md
[OK] proxies=2890 new=2890 url=https://free-clash-v2ray.github.io/uploads/2026/09/{0-20260913.yaml|1-20260913.yaml|2-20260913.yaml|3-20260913.yaml}
[OK] proxies=4384 new=1835 url=https://free-clash-v2ray.github.io/uploads/2026/09/{0-20260913.txt|1-20260913.txt|2-20260913.txt|3-20260913.txt|4-20260913.txt}
[OK] proxies=4725 source=[Free-clash-v2ray] url=https://raw.githubusercontent.com/free-clash-v2ray/free-clash-v2ray.github.io/main/README.md
============================================================
[INFO] article try page: https://v2rayclashfree.com
[INFO] sublink try page: https://v2rayclashfree.com/fn/20260918.html
[OK] proxies=610 new=610 url=https://v2rayclashfree.com/sub/20260918-v2ray.txt
[OK] proxies=491 new=179 url=https://v2rayclashfree.com/sub/20260918-clash.yaml
[OK] proxies=789 source=[V2rayclashfree-RSS] url=https://v2rayclashfree.com/fn/20260918.html
============================================================
[INFO] raw backup written path=/home/runner/work/Free-node-autotest/Free-node-autotest/output/raw.yaml proxies=27911
[INFO] toolkit try repo: https://github.com/MetaCubeX/mihomo
[INFO] toolkit try release: https://github.com/MetaCubeX/mihomo/releases
[INFO] toolkit try release: https://github.com/MetaCubeX/mihomo/releases/expanded_assets/v1.19.31
[INFO] toolkit try download: https://github.com/MetaCubeX/mihomo/releases/download/v1.19.31/mihomo-linux-amd64-compatible-v1.19.31.gz
[OK] toolkit downloaded: mihomo-linux-amd64-compatible-v1.19.31.gz bytes=22821836
[OK] toolkit sha256 verified: mihomo-linux-amd64-compatible-v1.19.31.gz sha256=04cf9f09671704f839ddbee2e93069dc831a4123a75281e725d1d96ab9ac1afc
[OK] proxy engine ready: starting latency test package=mihomo-linux-amd64-compatible-v1.19.31.gz
============================================================
[WARN] batch start failed size=17157 {1} split -> 8578 {2} + 8579 {3}
[WARN] batch start failed size=8578 {2} split -> 4289 {4} + 4289 {5}
[WARN] batch start failed size=8579 {3} split -> 4289 {6} + 4290 {7}
[WARN] batch start failed size=4289 {4} split -> 2144 {8} + 2145 {9}
[WARN] batch start failed size=4289 {6} split -> 2144 {10} + 2145 {11}
[WARN] batch start failed size=2144 {8} split -> 1072 {12} + 1072 {13}
[WARN] batch start failed size=4290 {7} split -> 2145 {14} + 2145 {15}
[INFO] {10} tested 100/2144 kept=0 rest=16922
[INFO] {5} tested 100/4289 kept=0 rest=16790
[INFO] {9} tested 100/2145 kept=18 rest=16704
[INFO] {5} tested 200/4289 kept=0 rest=16674
[INFO] {9} tested 200/2145 kept=19 rest=16574
[INFO] {10} tested 200/2144 kept=0 rest=16470
[INFO] {9} tested 300/2145 kept=22 rest=16411
[INFO] {10} tested 300/2144 kept=0 rest=16340
[INFO] {10} tested 400/2144 kept=0 rest=16190
[INFO] {10} tested 500/2144 kept=0 rest=16065
[INFO] {9} tested 400/2145 kept=28 rest=16032
[INFO] {10} tested 600/2144 kept=0 rest=15931
[INFO] {5} tested 300/4289 kept=6 rest=15735
[INFO] {9} tested 500/2145 kept=49 rest=15693
[INFO] {5} tested 400/4289 kept=80 rest=15621
[INFO] {9} tested 600/2145 kept=56 rest=15467
[INFO] {10} tested 700/2144 kept=0 rest=15346
[INFO] {9} tested 700/2145 kept=65 rest=15210
[INFO] {10} tested 800/2144 kept=0 rest=15193
[INFO] {10} tested 900/2144 kept=0 rest=15013
[INFO] {5} tested 500/4289 kept=90 rest=14954
[INFO] {9} tested 800/2145 kept=78 rest=14838
[INFO] {10} tested 1000/2144 kept=0 rest=14741
[INFO] {10} tested 1100/2144 kept=0 rest=14632
[INFO] {10} tested 1200/2144 kept=0 rest=14512
[INFO] {5} tested 600/4289 kept=90 rest=14484
[INFO] {9} tested 900/2145 kept=81 rest=14403
[INFO] {9} tested 1000/2145 kept=150 rest=14224
[INFO] {5} tested 700/4289 kept=90 rest=14211
[INFO] {10} tested 1300/2144 kept=1 rest=14070
[INFO] {10} tested 1400/2144 kept=6 rest=13928
[INFO] {9} tested 1100/2145 kept=154 rest=13865
[INFO] {5} tested 800/4289 kept=90 rest=13762
[INFO] {10} tested 1500/2144 kept=43 rest=13639
[INFO] {9} tested 1200/2145 kept=154 rest=13597
[INFO] {10} tested 1600/2144 kept=59 rest=13462
[INFO] {9} tested 1300/2145 kept=154 rest=13334
[INFO] {10} tested 1700/2144 kept=136 rest=13288
[INFO] {5} tested 900/4289 kept=90 rest=13148
[INFO] {10} tested 1800/2144 kept=216 rest=13111
[INFO] {10} tested 1900/2144 kept=282 rest=12978
[INFO] {10} tested 2000/2144 kept=339 rest=12869
[INFO] {10} tested 2100/2144 kept=408 rest=12715
[INFO] {9} tested 1400/2145 kept=156 rest=12695
[INFO] {5} tested 1000/4289 kept=90 rest=12538
[INFO] {9} tested 1500/2145 kept=157 rest=12464
[INFO] {10} tested 2144/2144 kept=413 rest=12441
[WARN] batch start failed size=2145 {11} split -> 1072 {16} + 1073 {17}
[WARN] batch start failed size=1072 {12} split -> 536 {18} + 536 {19}
[INFO] {5} tested 1100/4289 kept=90 rest=12323
[INFO] {9} tested 1600/2145 kept=157 rest=12306
[INFO] {5} tested 1200/4289 kept=90 rest=12069
[INFO] {9} tested 1700/2145 kept=157 rest=12066
[INFO] {13} tested 100/1072 kept=2 rest=11920
[INFO] {9} tested 1800/2145 kept=157 rest=11719
[INFO] {5} tested 1300/4289 kept=90 rest=11718
[INFO] {13} tested 200/1072 kept=34 rest=11664
[INFO] {9} tested 1900/2145 kept=157 rest=11508
[INFO] {13} tested 300/1072 kept=34 rest=11442
[INFO] {5} tested 1400/4289 kept=90 rest=11346
[INFO] {9} tested 2000/2145 kept=157 rest=11164
[INFO] {13} tested 400/1072 kept=38 rest=11105
[INFO] {5} tested 1500/4289 kept=90 rest=11026
[INFO] {13} tested 500/1072 kept=38 rest=10941
[INFO] {13} tested 600/1072 kept=44 rest=10792
[INFO] {5} tested 1600/4289 kept=90 rest=10677
[INFO] {9} tested 2100/2145 kept=157 rest=10655
[INFO] {13} tested 700/1072 kept=48 rest=10490
[INFO] {9} tested 2145/2145 kept=157 rest=10471
[INFO] {5} tested 1700/4289 kept=90 rest=10451
[INFO] {13} tested 800/1072 kept=48 rest=10270
[INFO] {5} tested 1800/4289 kept=90 rest=10264
[INFO] {13} tested 900/1072 kept=48 rest=10167
[WARN] batch start failed size=2145 {14} split -> 1072 {20} + 1073 {21}
[WARN] batch start failed size=2145 {15} split -> 1072 {22} + 1073 {23}
[INFO] {5} tested 1900/4289 kept=90 rest=9970
[WARN] batch start failed size=1072 {16} split -> 536 {24} + 536 {25}
[INFO] {13} tested 1000/1072 kept=48 rest=9932
[WARN] batch start failed size=1073 {17} split -> 536 {26} + 537 {27}
[INFO] {5} tested 2000/4289 kept=90 rest=9856
[WARN] batch start failed size=536 {18} split -> 268 {28} + 268 {29}
[INFO] {5} tested 2100/4289 kept=90 rest=9746
[INFO] {5} tested 2200/4289 kept=91 rest=9638
[INFO] {5} tested 2300/4289 kept=91 rest=9508
[INFO] {13} tested 1072/1072 kept=48 rest=9456
[INFO] {19} tested 100/536 kept=64 rest=9386
[WARN] batch start failed size=1072 {20} split -> 536 {30} + 536 {31}
[INFO] {21} tested 100/1073 kept=2 rest=9204
[INFO] {21} tested 200/1073 kept=13 rest=9049
[INFO] {5} tested 2400/4289 kept=93 rest=9012
[INFO] {5} tested 2500/4289 kept=93 rest=8846
[INFO] {19} tested 200/536 kept=123 rest=8787
[INFO] {21} tested 300/1073 kept=17 rest=8740
[INFO] {5} tested 2600/4289 kept=106 rest=8532
[INFO] {21} tested 400/1073 kept=21 rest=8494
[INFO] {19} tested 300/536 kept=147 rest=8482
[INFO] {21} tested 500/1073 kept=22 rest=8346
[INFO] {21} tested 600/1073 kept=30 rest=8221
[INFO] {5} tested 2700/4289 kept=106 rest=8132
[INFO] {21} tested 700/1073 kept=32 rest=7976
[INFO] {19} tested 400/536 kept=156 rest=7894
[INFO] {21} tested 800/1073 kept=33 rest=7825
[INFO] {21} tested 900/1073 kept=46 rest=7687
[INFO] {21} tested 1000/1073 kept=127 rest=7571
[INFO] {5} tested 2800/4289 kept=108 rest=7553
[INFO] {19} tested 500/536 kept=156 rest=7376
[INFO] {5} tested 2900/4289 kept=108 rest=7359
[INFO] {21} tested 1073/1073 kept=132 rest=7242
[INFO] {5} tested 3000/4289 kept=109 rest=7133
[INFO] {22} tested 100/1072 kept=96 rest=7081
[INFO] {22} tested 200/1072 kept=195 rest=6961
[INFO] {19} tested 536/536 kept=156 rest=6935
[INFO] {22} tested 300/1072 kept=294 rest=6830
[INFO] {22} tested 400/1072 kept=391 rest=6697
[INFO] {5} tested 3100/4289 kept=109 rest=6615
[INFO] {22} tested 500/1072 kept=483 rest=6587
[WARN] batch start failed size=1073 {23} split -> 536 {32} + 537 {33}
[INFO] {22} tested 600/1072 kept=563 rest=6487
[INFO] {22} tested 700/1072 kept=653 rest=6385
[INFO] {22} tested 800/1072 kept=749 rest=6282
[INFO] {22} tested 900/1072 kept=846 rest=6166
[WARN] batch start failed size=536 {24} split -> 268 {34} + 268 {35}
[INFO] {22} tested 1000/1072 kept=943 rest=6062
[INFO] {25} tested 100/536 kept=73 rest=5906
[INFO] {25} tested 200/536 kept=138 rest=5772
[INFO] {5} tested 3200/4289 kept=109 rest=5711
[INFO] {5} tested 3300/4289 kept=109 rest=5574
[INFO] {22} tested 1072/1072 kept=985 rest=5547
[INFO] {25} tested 300/536 kept=155 rest=5439
[INFO] {25} tested 400/536 kept=167 rest=5247
[INFO] {26} tested 100/536 kept=43 rest=5205
[INFO] {5} tested 3400/4289 kept=109 rest=5171
[INFO] {5} tested 3500/4289 kept=109 rest=5032
[INFO] {25} tested 500/536 kept=198 rest=4853
[INFO] {26} tested 200/536 kept=53 rest=4839
[INFO] {26} tested 300/536 kept=54 rest=4718
[INFO] {26} tested 400/536 kept=55 rest=4600
[INFO] {25} tested 536/536 kept=198 rest=4524
[INFO] {5} tested 3600/4289 kept=109 rest=4505
[WARN] batch start failed size=537 {27} split -> 268 {36} + 269 {37}
[WARN] batch start failed size=268 {28} split -> 134 {38} + 134 {39}
[INFO] {29} tested 100/268 kept=7 rest=4334
[INFO] {29} tested 200/268 kept=22 rest=4217
[INFO] {26} tested 500/536 kept=57 rest=4188
[INFO] {5} tested 3700/4289 kept=110 rest=4145
[INFO] {26} tested 536/536 kept=57 rest=4123
[WARN] batch start failed size=536 {30} split -> 268 {40} + 268 {41}
[INFO] {31} tested 100/536 kept=8 rest=3951
[INFO] {29} tested 268/268 kept=23 rest=3800
[INFO] {5} tested 3800/4289 kept=111 rest=3780
[INFO] {31} tested 200/536 kept=15 rest=3774
[INFO] {32} tested 100/536 kept=93 rest=3638
[INFO] {32} tested 200/536 kept=188 rest=3526
[INFO] {32} tested 300/536 kept=282 rest=3417
[INFO] {32} tested 400/536 kept=350 rest=3308
[INFO] {32} tested 500/536 kept=416 rest=3163
[INFO] {5} tested 3900/4289 kept=111 rest=3118
[INFO] {31} tested 300/536 kept=16 rest=3025
[INFO] {31} tested 400/536 kept=17 rest=2882
[INFO] {5} tested 4000/4289 kept=113 rest=2805
[INFO] {32} tested 536/536 kept=417 rest=2673
[INFO] {5} tested 4100/4289 kept=113 rest=2667
[WARN] batch start failed size=537 {33} split -> 268 {42} + 269 {43}
[INFO] {5} tested 4200/4289 kept=113 rest=2474
[INFO] {34} tested 100/268 kept=84 rest=2462
[INFO] {34} tested 200/268 kept=177 rest=2328
[INFO] {31} tested 500/536 kept=17 rest=2318
[INFO] {31} tested 536/536 kept=17 rest=2215
[WARN] batch start failed size=268 {35} split -> 134 {44} + 134 {45}
[WARN] batch start failed size=269 {37} split -> 134 {46} + 135 {47}
[WARN] batch start failed size=268 {36} split -> 134 {48} + 134 {49}
[WARN] batch start failed size=134 {38} split -> 67 {50} + 67 {51}
[WARN] batch start failed size=134 {39} split -> 67 {52} + 67 {53}
[INFO] {5} tested 4289/4289 kept=113 rest=2120
[INFO] {34} tested 268/268 kept=236 rest=2087
[INFO] {41} tested 100/268 kept=1 rest=2046
[WARN] batch start failed size=268 {40} split -> 134 {54} + 134 {55}
[WARN] batch start failed size=268 {42} split -> 134 {56} + 134 {57}
[INFO] {41} tested 200/268 kept=6 rest=1946
[WARN] batch start failed size=269 {43} split -> 134 {58} + 135 {59}
[WARN] batch start failed size=134 {45} split -> 67 {60} + 67 {61}
[INFO] {44} tested 100/134 kept=85 rest=1836
[WARN] batch start failed size=134 {46} split -> 67 {62} + 67 {63}
[INFO] {41} tested 268/268 kept=7 rest=1656
[INFO] {44} tested 134/134 kept=112 rest=1589
[INFO] {48} tested 100/134 kept=3 rest=1552
[WARN] batch start failed size=134 {49} split -> 67 {64} + 67 {65}
[INFO] {47} tested 100/135 kept=5 rest=1521
[INFO] {47} tested 135/135 kept=5 rest=1473
[WARN] batch start failed size=67 {51} split -> 33 {66} + 34 {67}
[INFO] {48} tested 134/134 kept=13 rest=1402
[WARN] batch start failed size=67 {52} split -> 33 {68} + 34 {69}
[WARN] batch start failed size=134 {54} split -> 67 {70} + 67 {71}
[INFO] {50} tested 67/67 kept=8 rest=1363
[WARN] batch start failed size=67 {70} split -> 33 {72} + 34 {73}
[WARN] batch start failed size=134 {56} split -> 67 {74} + 67 {75}
[WARN] batch start failed size=134 {58} split -> 67 {76} + 67 {77}
[INFO] {53} tested 67/67 kept=34 rest=1265
[WARN] batch start failed size=67 {60} split -> 33 {78} + 34 {79}
[INFO] {59} tested 100/135 kept=78 rest=1148
[INFO] {57} tested 100/134 kept=77 rest=1052
[INFO] {57} tested 134/134 kept=77 rest=1018
[WARN] batch start failed size=67 {62} split -> 33 {80} + 34 {81}
[INFO] {59} tested 135/135 kept=99 rest=1006
[WARN] batch start failed size=67 {64} split -> 33 {82} + 34 {83}
[INFO] {61} tested 67/67 kept=47 rest=968
[WARN] batch start failed size=34 {67} split -> 17 {84} + 17 {85}
[INFO] {63} tested 67/67 kept=9 rest=894
[WARN] batch start failed size=34 {69} split -> 17 {86} + 17 {87}
[INFO] {65} tested 67/67 kept=1 rest=848
[INFO] {66} tested 33/33 kept=8 rest=803
[INFO] {86} tested 17/17 kept=0 rest=794
[WARN] batch start failed size=34 {73} split -> 17 {88} + 17 {89}
[INFO] {71} tested 67/67 kept=1 rest=628
[INFO] {55} tested 100/134 kept=8 rest=603
[INFO] {55} tested 134/134 kept=8 rest=545
[INFO] {72} tested 33/33 kept=4 rest=531
[WARN] batch start failed size=67 {74} split -> 33 {90} + 34 {91}
[WARN] batch start failed size=67 {77} split -> 33 {92} + 34 {93}
[WARN] batch start failed size=33 {78} split -> 16 {94} + 17 {95}
[INFO] {75} tested 67/67 kept=60 rest=466
[WARN] batch start failed size=34 {81} split -> 17 {96} + 17 {97}
[WARN] batch start failed size=33 {80} split -> 16 {98} + 17 {99}
[INFO] {76} tested 67/67 kept=12 rest=438
[WARN] batch start failed size=34 {83} split -> 17 {100} + 17 {101}
[WARN] batch start failed size=33 {82} split -> 16 {102} + 17 {103}
[WARN] batch start failed size=17 {84} split -> 8 {104} + 9 {105}
[WARN] batch start failed size=17 {85} split -> 8 {106} + 9 {107}
[INFO] {79} tested 34/34 kept=10 rest=419
[WARN] batch start failed size=17 {87} split -> 8 {108} + 9 {109}
[WARN] batch start failed size=17 {88} split -> 8 {110} + 9 {111}
[WARN] batch start failed size=33 {90} split -> 16 {112} + 17 {113}
[INFO] {91} tested 34/34 kept=30 rest=356
[WARN] batch start failed size=33 {92} split -> 16 {114} + 17 {115}
[INFO] {68} tested 33/33 kept=0 rest=310
[INFO] {89} tested 17/17 kept=0 rest=307
[WARN] batch start failed size=17 {95} split -> 8 {116} + 9 {117}
[INFO] {93} tested 34/34 kept=0 rest=280
[WARN] batch start failed size=17 {97} split -> 8 {118} + 9 {119}
[INFO] {94} tested 16/16 kept=1 rest=274
[WARN] batch start failed size=17 {99} split -> 8 {120} + 9 {121}
[INFO] {96} tested 17/17 kept=1 rest=265
[WARN] batch start failed size=17 {100} split -> 8 {122} + 9 {123}
[WARN] batch start failed size=17 {101} split -> 8 {124} + 9 {125}
[WARN] batch start failed size=17 {103} split -> 8 {126} + 9 {127}
[WARN] batch start failed size=8 {104} split -> 4 {128} + 4 {129}
[WARN] batch start failed size=9 {105} split -> 4 {130} + 5 {131}
[WARN] batch start failed size=8 {106} split -> 4 {132} + 4 {133}
[WARN] batch start failed size=9 {107} split -> 4 {134} + 5 {135}
[WARN] batch start failed size=8 {108} split -> 4 {136} + 4 {137}
[INFO] {98} tested 16/16 kept=1 rest=236
[INFO] {102} tested 16/16 kept=0 rest=234
[WARN] batch start failed size=9 {111} split -> 4 {138} + 5 {139}
[INFO] {136} tested 4/4 kept=0 rest=226
[WARN] batch start failed size=17 {113} split -> 8 {140} + 9 {141}
[WARN] batch start failed size=16 {114} split -> 8 {142} + 8 {143}
[INFO] {110} tested 8/8 kept=0 rest=221
[INFO] {112} tested 16/16 kept=1 rest=189
[WARN] batch start failed size=9 {117} split -> 4 {144} + 5 {145}
[WARN] batch start failed size=8 {118} split -> 4 {146} + 4 {147}
[INFO] {116} tested 8/8 kept=0 rest=182
[INFO] {115} tested 17/17 kept=0 rest=176
[WARN] batch start failed size=8 {120} split -> 4 {148} + 4 {149}
[WARN] batch start failed size=8 {122} split -> 4 {150} + 4 {151}
[INFO] {119} tested 9/9 kept=4 rest=170
[INFO] {121} tested 9/9 kept=1 rest=160
[WARN] batch start failed size=9 {125} split -> 4 {152} + 5 {153}
[INFO] {123} tested 9/9 kept=0 rest=152
[WARN] batch start failed size=9 {127} split -> 4 {154} + 5 {155}
[INFO] {124} tested 8/8 kept=1 rest=148
[WARN] batch start failed size=4 {129} split -> 2 {156} + 2 {157}
[INFO] {128} tested 4/4 kept=4 rest=143
[WARN] batch start failed size=4 {130} split -> 2 {158} + 2 {159}
[WARN] batch start failed size=4 {133} split -> 2 {160} + 2 {161}
[INFO] {126} tested 8/8 kept=0 rest=135
[INFO] {131} tested 5/5 kept=0 rest=130
[WARN] batch start failed size=4 {134} split -> 2 {162} + 2 {163}
[WARN] batch start failed size=4 {137} split -> 2 {164} + 2 {165}
[WARN] batch start failed size=9 {109} split -> 4 {166} + 5 {167}
[INFO] {132} tested 4/4 kept=0 rest=126
[WARN] batch start failed size=4 {138} split -> 2 {168} + 2 {169}
[INFO] {139} tested 5/5 kept=0 rest=121
[WARN] batch start failed size=9 {141} split -> 4 {170} + 5 {171}
[INFO] {135} tested 5/5 kept=0 rest=117
[WARN] batch start failed size=8 {143} split -> 4 {172} + 4 {173}
[WARN] batch start failed size=5 {145} split -> 2 {174} + 3 {175}
[INFO] {144} tested 4/4 kept=2 rest=106
[INFO] {140} tested 8/8 kept=0 rest=97
[WARN] batch start failed size=4 {146} split -> 2 {176} + 2 {177}
[INFO] {142} tested 8/8 kept=3 rest=96
[WARN] batch start failed size=4 {149} split -> 2 {178} + 2 {179}
[WARN] batch start failed size=4 {150} split -> 2 {180} + 2 {181}
[INFO] {147} tested 4/4 kept=0 rest=91
[WARN] batch start failed size=4 {152} split -> 2 {182} + 2 {183}
[WARN] batch start failed size=5 {153} split -> 2 {184} + 3 {185}
[WARN] batch start failed size=2 {184} split -> 1 {186} + 1 {187}
[INFO] {154} tested 4/4 kept=0 rest=87
[WARN] batch start failed size=2 {157} split -> 1 {188} + 1 {189}
[INFO] {148} tested 4/4 kept=0 rest=84
[WARN] batch start failed size=2 {159} split -> 1 {190} + 1 {191}
[WARN] batch start failed size=2 {158} split -> 1 {192} + 1 {193}
[WARN] batch start failed size=2 {160} split -> 1 {194} + 1 {195}
[INFO] {151} tested 4/4 kept=0 rest=81
[WARN] batch start failed size=2 {161} split -> 1 {196} + 1 {197}
[WARN] batch start failed size=2 {162} split -> 1 {198} + 1 {199}
[INFO] {163} tested 2/2 kept=0 rest=77
[WARN] batch start failed size=2 {165} split -> 1 {200} + 1 {201}
[WARN] batch start failed size=4 {166} split -> 2 {202} + 2 {203}
[INFO] {156} tested 2/2 kept=0 rest=73
[WARN] batch start failed size=2 {168} split -> 1 {204} + 1 {205}
[INFO] {167} tested 5/5 kept=0 rest=71
[INFO] {169} tested 2/2 kept=0 rest=67
[INFO] {164} tested 2/2 kept=0 rest=65
[WARN] batch start failed size=5 {171} split -> 2 {206} + 3 {207}
[WARN] batch start failed size=4 {173} split -> 2 {208} + 2 {209}
[INFO] {170} tested 4/4 kept=1 rest=60
[WARN] batch start failed size=2 {174} split -> 1 {210} + 1 {211}
[INFO] {172} tested 4/4 kept=0 rest=59
[INFO] {175} tested 3/3 kept=1 rest=57
[WARN] batch start failed size=2 {177} split -> 1 {212} + 1 {213}
[WARN] batch start failed size=2 {178} split -> 1 {214} + 1 {215}
[INFO] {176} tested 2/2 kept=0 rest=54
[WARN] batch start failed size=2 {180} split -> 1 {216} + 1 {217}
[WARN] batch start failed size=2 {183} split -> 1 {218} + 1 {219}
[INFO] {179} tested 2/2 kept=1 rest=53
[INFO] {181} tested 2/2 kept=0 rest=51
[WARN] batch start failed size=5 {155} split -> 2 {220} + 3 {221}
[WARN] batch start failed size=3 {185} split -> 1 {222} + 2 {223}
[DROP] {186} name=[Epodonios] EPODONIOS-39 server=172.66.44.155:443 reason=Start initial configuration in progress
[DROP] {187} name=[Epodonios] EPODONIOS-40 server=66.235.200.1:443 reason=Start initial configuration in progress
[DROP] {189} name=[ChromeGO-ShiteThings] hysteria server=62.210.70.191:23556 reason=Start initial configuration in progress
[INFO] {188} tested 1/1 kept=0 rest=46
[DROP] {190} name=[ChromeGO-ShiteThings] hysteria-4 server=5.83.129.153:27626 reason=Start initial configuration in progress
[DROP] {191} name=[ChromeGO-ShiteThings] hysteria-5 server=45.150.65.154:47119 reason=Start initial configuration in progress
[DROP] {192} name=[ChromeGO-ShiteThings] hysteria-2 server=5.83.129.153:20088 reason=Start initial configuration in progress
[DROP] {193} name=[ChromeGO-ShiteThings] hysteria-3 server=5.83.129.90:54177 reason=Start initial configuration in progress
[DROP] {195} name=[ChromeGO-Merge] WARP server=162.159.192.1:2408 reason=Start initial configuration in progress
[DROP] {196} name=[ChromeGO-Merge] United server=108.181.5.133:26022 reason=Start initial configuration in progress
[DROP] {197} name=[ChromeGO-Merge] France_hysteria_1 server=62.210.243.131:18702 reason=Start initial configuration in progress
[DROP] {198} name=[ChromeGO-Merge] United-2 server=109.104.152.194:58510 reason=Start initial configuration in progress
[INFO] {182} tested 2/2 kept=0 rest=37
[DROP] {201} name=[ChromeGO-Merge] Taiwan server=www2.dtku48.xyz:22334 reason=Start initial configuration in progress
[INFO] {199} tested 1/1 kept=0 rest=35
[WARN] batch start failed size=2 {202} split -> 1 {224} + 1 {225}
[DROP] {224} name=[ChromeGO-Merge] France server=51.158.54.46:55396 reason=Start initial configuration in progress
[DROP] {204} name=[Epodonios] EPODONIOS-411 server=66.33.22.232:34118 reason=Start initial configuration in progress
[INFO] {205} tested 1/1 kept=0 rest=32
[WARN] batch start failed size=2 {206} split -> 1 {226} + 1 {227}
[INFO] {194} tested 1/1 kept=0 rest=31
[INFO] {207} tested 3/3 kept=3 rest=27
[INFO] {209} tested 2/2 kept=0 rest=26
[WARN] batch start failed size=2 {208} split -> 1 {228} + 1 {229}
[DROP] {210} name=[Pawdroid-SS-APK] United+Kingdom-4 server=82.38.31.189:8080 reason=Start initial configuration in progress
[INFO] {211} tested 1/1 kept=0 rest=24
[DROP] {212} name=[Epodonios] EPODONIOS-162 server=172.64.143.88:443 reason=Start initial configuration in progress
[INFO] {200} tested 1/1 kept=0 rest=22
[DROP] {215} name=[Epodonios] EPODONIOS-131 server=92.119.166.62:2222 reason=Start initial configuration in progress
[DROP] {214} name=[Epodonios] EPODONIOS-130 server=78.38.246.150:8446 reason=Start initial configuration in progress
[DROP] {216} name=[Epodonios] EPODONIOS-10 server=172.67.166.178:443 reason=Start initial configuration in progress
[DROP] {217} name=[Epodonios] EPODONIOS-11 server=iran.shatak.top:11344 reason=Start initial configuration in progress
[DROP] {219} name=[Epodonios] EPODONIOS-38 server=104.18.32.115:2083 reason=Start initial configuration in progress
[INFO] {218} tested 1/1 kept=0 rest=16
[WARN] batch start failed size=3 {221} split -> 1 {230} + 2 {231}
[DROP] {222} name=[Epodonios] EPODONIOS-41 server=65.109.193.102:9090 reason=Start initial configuration in progress
[INFO] {213} tested 1/1 kept=0 rest=13
[DROP] {225} name=[ChromeGO-Merge] United-4 server=173.234.25.52:48919 reason=Start initial configuration in progress
[WARN] batch start failed size=2 {203} split -> 1 {232} + 1 {233}
[DROP] {227} name=[Free-clash-v2ray] hysteria server=5.83.129.143:26691 reason=Start initial configuration in progress
[INFO] {220} tested 2/2 kept=0 rest=9
[INFO] {223} tested 2/2 kept=0 rest=8
[DROP] {228} name=[Free-clash-v2ray] 未知 SS-1521 | free-nodes server=192.0.2.1:1 reason=Start initial configuration in progress
[INFO] {226} tested 1/1 kept=0 rest=6
[WARN] batch start failed size=2 {231} split -> 1 {234} + 1 {235}
[INFO] {229} tested 1/1 kept=0 rest=5
[DROP] {232} name=[ChromeGO-Merge] Taiwan-2 server=www.dtku40.xyz:18490 reason=Start initial configuration in progress
[DROP] {233} name=[ChromeGO-Merge] United-5 server=167.160.91.115:41189 reason=Start initial configuration in progress
[DROP] {234} name=[Epodonios] EPODONIOS-8 server=fra.iranbuildings.com:2096 reason=Start initial configuration in progress
[INFO] {230} tested 1/1 kept=0 rest=1
[INFO] {235} tested 1/1 kept=0 rest=0
[INFO] dropped=28 [Epodonios] × 11 | [ChromeGO-ShiteThings] × 5 | [ChromeGO-Merge] × 9 | [Pawdroid-SS-APK] × 1 | [Free-clash-v2ray] × 2
============================================================
[INFO] cap live source=[免费节点2] from 139 to 50 by health_score
[INFO] cap live source=[免费节点6] from 93 to 50 by health_score
[INFO] cap live source=[免费节点8] from 167 to 50 by health_score
[INFO] cap live source=[免费节点11] from 67 to 50 by health_score
[INFO] cap live source=[Pawdroid-SR-APK] from 693 to 50 by health_score
[INFO] cap live source=[Pawdroid-SS-APK] from 311 to 50 by health_score
[INFO] cap live source=[Epodonios] from 110 to 50 by health_score
[INFO] cap live source=[Free-clash-v2ray] from 1672 to 50 by health_score
[INFO] cap live source=[V2rayclashfree-RSS] from 99 to 50 by health_score
[INFO] cap live total from 621 to 400 trim large sources first
============================================================
+------------------------------+--------+--------+------+--------+
| source                       |    raw | unique | live | capped |
+------------------------------+--------+--------+------+--------+
| [大FQ运动]                   |     14 |     14 |    3 |      3 |
+------------------------------+--------+--------+------+--------+
| [Pawdroid]                   |     22 |     21 |    2 |      2 |
+------------------------------+--------+--------+------+--------+
| [FreeV2-Base64]              |      3 |      3 |    3 |      3 |
+------------------------------+--------+--------+------+--------+
| [Bocchi2b-Base64]            |     35 |     35 |    0 |      0 |
+------------------------------+--------+--------+------+--------+
| [ChromeGO-Toolkit]           |     14 |     14 |    5 |      5 |
+------------------------------+--------+--------+------+--------+
| [ChromeGO-ShiteThings]       |     31 |     25 |    7 |      7 |
+------------------------------+--------+--------+------+--------+
| [ChromeGO-Merge]             |    114 |    114 |    5 |      5 |
+------------------------------+--------+--------+------+--------+
| [Freesocks]                  |      3 |      3 |    3 |      3 |
+------------------------------+--------+--------+------+--------+
| [NekoWarp]                   |     10 |     10 |   10 |     10 |
+------------------------------+--------+--------+------+--------+
| [1VPN-CRX]                   |     17 |     17 |   15 |     15 |
+------------------------------+--------+--------+------+--------+
| [OpenRunner-RSS]             |     14 |      0 |    0 |      0 |
+------------------------------+--------+--------+------+--------+
| [V2Rayshare-RSS]             |     27 |     26 |    4 |      4 |
+------------------------------+--------+--------+------+--------+
| [Mibei77-RSS]                |    111 |     99 |    2 |      2 |
+------------------------------+--------+--------+------+--------+
| [Yoyapai-RSS]                |    209 |    186 |   21 |     21 |
+------------------------------+--------+--------+------+--------+
| [免费节点1]                  |    119 |     16 |    1 |      1 |
+------------------------------+--------+--------+------+--------+
| [免费节点2]                  |    390 |    332 |  139 |     26 |
+------------------------------+--------+--------+------+--------+
| [免费节点3]                  |     23 |     14 |   13 |     13 |
+------------------------------+--------+--------+------+--------+
| [免费节点4]                  |    842 |    716 |   38 |     26 |
+------------------------------+--------+--------+------+--------+
| [免费节点5]                  |     29 |     28 |    0 |      0 |
+------------------------------+--------+--------+------+--------+
| [免费节点6]                  |   1520 |   1471 |   93 |     26 |
+------------------------------+--------+--------+------+--------+
| [免费节点7]                  |     64 |      0 |    0 |      0 |
+------------------------------+--------+--------+------+--------+
| [免费节点8]                  |   4164 |   3349 |  167 |     27 |
+------------------------------+--------+--------+------+--------+
| [免费节点9]                  |    615 |    456 |    0 |      0 |
+------------------------------+--------+--------+------+--------+
| [免费节点10]                 |   5435 |   3088 |   21 |     21 |
+------------------------------+--------+--------+------+--------+
| [免费节点11]                 |    433 |    225 |   67 |     27 |
+------------------------------+--------+--------+------+--------+
| [Pawdroid-SR-APK]            |   1224 |    861 |  693 |     27 |
+------------------------------+--------+--------+------+--------+
| [Pawdroid-SS-APK]            |   1525 |    871 |  311 |     27 |
+------------------------------+--------+--------+------+--------+
| [Clashfree]                  |   1328 |    494 |   18 |     18 |
+------------------------------+--------+--------+------+--------+
| [Epodonios]                  |   4060 |   2423 |  110 |     27 |
+------------------------------+--------+--------+------+--------+
| [Free-clash-v2ray]           |   4725 |   2118 | 1672 |     27 |
+------------------------------+--------+--------+------+--------+
| [V2rayclashfree-RSS]         |    789 |    128 |   99 |     27 |
+------------------------------+--------+--------+------+--------+
============================================================
[SUMMARY] total_nodes=27909
[SUMMARY] legal_candidates=17157
[SUMMARY] passed_latency_test=400
[SUMMARY] region_HK=16 region_JP=2 region_US=124
[SUMMARY] avg_latency_ms=382.41
[SUMMARY] output=/home/runner/work/Free-node-autotest/Free-node-autotest/output/clash.yaml
============================================================
