============================================================
[INFO] sublink try page: https://end-gfw.com/
[OK] proxies=2 new=2 url=https://raw.githubusercontent.com/hello-world-1989/cn-news/refs/heads/main/clash.yaml
[OK] proxies=2 new=0 url=https://raw.githubusercontent.com/hello-world-1989/cn-news/main/end-gfw-together
[OK] proxies=2 new=2 url=https://raw.githubusercontent.com/hello-world-1989/cn-news/main/end-gfw-together-ss
[OK] proxies=4 source=[大FQ运动] url=https://end-gfw.com/
============================================================
[INFO] source try url: https://end-gfw.com/ss-key
[OK] proxies=4 new=4 url=https://end-gfw.com/ss-key
[OK] proxies=4 source=[大FQ运动-SS密钥] url=https://end-gfw.com/ss-key
============================================================
[INFO] sublink try page: https://github.com/hello-world-1989/cn-news/raw/refs/heads/main/README.md
[OK] proxies=2 new=2 url=https://raw.githubusercontent.com/hello-world-1989/cn-news/refs/heads/main/clash.yaml
[OK] proxies=2 new=0 url=https://raw.githubusercontent.com/hello-world-1989/cn-news/main/end-gfw-together
[OK] proxies=6 new=6 url=https://raw.githubusercontent.com/hello-world-1989/v2-sub/main/end-gfw-together-af3e13
[OK] proxies=8 source=[大FQ运动-补充] url=https://github.com/hello-world-1989/cn-news/raw/refs/heads/main/README.md
============================================================
[INFO] toolkit try release: https://github.com/bannedbook/fanqiang/releases
[INFO] toolkit try page: https://github.com/bannedbook/fanqiang/releases/expanded_assets/ChromeGo-latest
[INFO] toolkit try download: https://github.com/bannedbook/fanqiang/releases/download/ChromeGo-latest/ChromeGo.7z
[OK] toolkit downloaded: ChromeGo.7z bytes=100924352
[OK] toolkit extracted archive=ChromeGo.7z tool=7z files=222 dirs=45
[OK] toolkit discovered subs=107 embedded=12 archive=ChromeGo.7z
[OK] proxies=6 new=6 embedded=archive-config
[OK] proxies=7 new=5 url=https://gitlab.com/free9999/ipupdate/master/backup/img/1/2/{ipp|ip}/{hysteria2|singbox|naiveproxy|hysteria|xray}/{2|3|1|4}/config.json
[OK] proxies=7 new=0 url=https://www.67867867.xyz/Alvin9999/PAC/refs/heads/master/backup/img/1/2/{ipp|ip}/{hysteria2|singbox|naiveproxy|hysteria|xray}/{2|3|1|4}/config.json
[OK] proxies=3 new=3 url=https://gitlab.com/free9999/ipupdate/master/backup/img/1/2/{ipp|ip}/clash.meta2/{2|3|1|5|4|6}/config.yaml
[OK] proxies=3 new=0 url=https://www.67867867.xyz/Alvin9999/PAC/refs/heads/master/backup/img/1/2/{ipp|ip}/clash.meta2/{2|3|1|5|4|6}/config.yaml
[OK] proxies=14 source=[ChromeGO-工具包] url=https://github.com/bannedbook/fanqiang/releases/download/ChromeGo-latest/ChromeGo.7z
============================================================
[INFO] sublink try page: https://raw.githubusercontent.com/ShiteThings/extractNodes/refs/heads/main/README.md
[OK] proxies=31 new=30 url=https://{chg26.makou.cc.cd|chg64.makou.cc.cd}
[OK] proxies=26 new=1 url=https://chg26.makou.cc.cd/sb
[OK] proxies=31 source=[ChromeGO-ShiteThings] url=https://raw.githubusercontent.com/ShiteThings/extractNodes/refs/heads/main/README.md
============================================================
[INFO] sublink try page: https://github.com/Misaka-blog/chromego_merge/raw/refs/heads/main/README.md
[OK] proxies=24 new=24 url=https://chromego-sub.netlify.app/sub/merged_proxies_new.yaml
[OK] proxies=24 source=[ChromeGO-Merge] url=https://github.com/Misaka-blog/chromego_merge/raw/refs/heads/main/README.md
============================================================
[INFO] source try url: https://freesocks.org/api/v1/sub/02b897e8e77f19176b0b9f2c75864b00
[OK] proxies=3 new=3 url=https://freesocks.org/api/v1/sub/02b897e8e77f19176b0b9f2c75864b00
[OK] proxies=3 source=[Freesocks] url=https://freesocks.org/api/v1/sub/02b897e8e77f19176b0b9f2c75864b00
============================================================
[INFO] source try url: https://neko-warp.nloli.xyz/neko_warp.yaml
[OK] proxies=10 new=10 url=https://neko-warp.nloli.xyz/neko_warp.yaml
[OK] proxies=10 source=[NekoWarp] url=https://neko-warp.nloli.xyz/neko_warp.yaml
============================================================
[INFO] article try feed: https://free.datiya.com/index.xml
[INFO] sublink try page: https://free.datiya.com/post/20260911/
[OK] proxies=14 new=14 url=https://free.datiya.com/uploads/20260911-clash.yaml
[OK] proxies=14 source=[OpenRunner-RSS] url=https://free.datiya.com/post/20260911/
============================================================
[INFO] article try feed: https://v2rayshare.com/feed
[INFO] sublink try page: https://v2rayshare.net/p/5069.html
[OK] proxies=27 new=27 url=https://static.v2rayshare.net/2026/09/20260911.txt
[OK] proxies=27 new=0 url=https://static.v2rayshare.net/2026/09/20260911.yaml
[OK] proxies=27 new=0 url=https://static.v2rayshare.net/2026/09/m20260911.yaml
[OK] proxies=27 source=[V2Rayshare-RSS] url=https://v2rayshare.net/p/5069.html
============================================================
[INFO] sublink try page: https://github.com/firefoxmmx2/v2rayshare_subcription/raw/refs/heads/main/README.md
[OK] proxies=27 new=27 url=https://{raw.githubusercontent.com|cdn.jsdelivr.net}/firefoxmmx2/v2rayshare_subcription/main/subscription/vray_sub.txt
[OK] proxies=27 new=0 url=https://{raw.githubusercontent.com|cdn.jsdelivr.net}/firefoxmmx2/v2rayshare_subcription/main/subscription/clash_sub.yaml
[OK] proxies=27 new=0 url=https://{raw.githubusercontent.com|cdn.jsdelivr.net}/firefoxmmx2/v2rayshare_subcription/main/subscription/mihomo_sub.yaml
[OK] proxies=27 source=[V2Rayshare-SUB] url=https://github.com/firefoxmmx2/v2rayshare_subcription/raw/refs/heads/main/README.md
============================================================
[INFO] article try feed: https://www.mibei77.com/feed
[INFO] sublink try page: https://www.mibei77.com/662.html
[OK] proxies=108 new=108 url=https://mm.mibei77.com/202609/09.1164bacve.txt
[OK] proxies=107 new=0 url=https://mm.mibei77.com/202609/0911Clashizx.yaml
[OK] proxies=108 source=[Mibei77-RSS] url=https://www.mibei77.com/662.html
============================================================
[INFO] article try feed: https://yoyapai.com/feed
[INFO] sublink try page: https://yoyapai.com/713
[OK] proxies=1 new=1 url=https://yoyapai.com/713
[OK] proxies=207 new=207 url=https://freenode.yoyapai.com/2026/09/11-yoyapai.com-clash-vpn-mianfei-jiedian.yaml
[OK] proxies=207 new=0 url=https://freenode.yoyapai.com/2026/09/11-yoyapai.com-ssrv2ray-vpn-mianfei-jiedian.txt
[OK] proxies=208 source=[Yoyapai-RSS] url=https://yoyapai.com/713
============================================================
[INFO] sublink try page: https://raw.githubusercontent.com/free-clash-v2ray/free-clash-v2ray.github.io/main/README.md
[OK] proxies=2281 new=2281 url=https://free-clash-v2ray.github.io/uploads/2026/09/{0-20260906.yaml|1-20260906.yaml|2-20260906.yaml|3-20260906.yaml}
[OK] proxies=3958 new=2247 url=https://free-clash-v2ray.github.io/uploads/2026/09/{1-20260906.txt|2-20260906.txt|3-20260906.txt|4-20260906.txt}
[OK] proxies=4528 source=[Free-clash-v2ray] url=https://raw.githubusercontent.com/free-clash-v2ray/free-clash-v2ray.github.io/main/README.md
============================================================
[INFO] sublink try page: https://raw.githubusercontent.com/Pawdroid/Free-servers/refs/heads/main/README.md
[OK] proxies=20 new=20 url=https://raw.githubusercontent.com/Pawdroid/Free-servers/refs/heads/main/README.md
[OK] proxies=20 new=0 url=https://raw.githubusercontent.com/Pawdroid/Free-servers/main/sub
[OK] proxies=1 new=1 url=https://apps.apple.com/cn/app/shadowshare/id1612647259
[OK] proxies=21 source=[Pawdroid] url=https://raw.githubusercontent.com/Pawdroid/Free-servers/refs/heads/main/README.md
============================================================
[INFO] source try url: https://xmxosfepggzm.503403.xyz
[OK] proxies=3 new=3 url=https://xmxosfepggzm.503403.xyz
[OK] proxies=3 source=[FreeV2-Base64] url=https://xmxosfepggzm.503403.xyz
============================================================
[INFO] source try url: https://links.bocchi2b.top/clash
[OK] proxies=32 new=32 url=https://links.bocchi2b.top/clash
[OK] proxies=32 source=[Bocchi2b-Base64] url=https://links.bocchi2b.top/clash
============================================================
[INFO] sublink try page: https://raw.githubusercontent.com/free18/v2ray/refs/heads/main/README.md
[OK] proxies=3 new=3 url=https://raw.githubusercontent.com/free18/v2ray/refs/heads/main/README.md
[OK] proxies=105 new=105 url=https://ghfast.top/https://raw.githubusercontent.com/free18/v2ray/refs/heads/main/v.txt
[OK] proxies=105 new=0 url=https://ghfast.top/https://raw.githubusercontent.com/free18/v2ray/refs/heads/main/c.yaml
[OK] proxies=108 source=[免费节点1] url=https://raw.githubusercontent.com/free18/v2ray/refs/heads/main/README.md
============================================================
[INFO] sublink try page: https://github.com/ermaozi/get_subscribe/raw/refs/heads/main/README.md
[INFO] sublink file_nodes=0 bare links=9
[OK] proxies=385 new=385 url=https://www.ermao.net/sub/{clash|v2ray}/ermao.net
[OK] proxies=383 new=0 url=https://www.ermao.net/sub/{reachable|unreachable|untested}/clash/ermao.net
[OK] proxies=385 source=[免费节点2] url=https://github.com/ermaozi/get_subscribe/raw/refs/heads/main/README.md
============================================================
[INFO] sublink try page: https://raw.githubusercontent.com/sunmiao4458/free-proxy-airport/refs/heads/main/README.md
[OK] proxies=32 new=32 url=https://sunmiao4458.github.io/free-proxy-airport/clash.yaml
[OK] proxies=32 source=[免费节点3] url=https://raw.githubusercontent.com/sunmiao4458/free-proxy-airport/refs/heads/main/README.md
============================================================
[INFO] sublink try page: https://raw.githubusercontent.com/mfuu/FreeProxies/refs/heads/master/README.md
[OK] proxies=752 new=752 url=https://raw.githubusercontent.com/mfuu/FreeProxies/master/sub.yaml
[OK] proxies=752 source=[免费节点4] url=https://raw.githubusercontent.com/mfuu/FreeProxies/refs/heads/master/README.md
============================================================
[INFO] sublink try page: https://github.com/vxiaov/free_proxies/raw/refs/heads/main/README.md
[OK] proxies=1 new=1 url=https://github.com/vxiaov/free_proxies/raw/refs/heads/main/README.md
[OK] proxies=28 new=28 url=https://{cdn.jsdelivr.net|raw.githubusercontent.com}/vxiaov/free_proxies/main/clash/clash.provider.yaml
[OK] proxies=29 source=[免费节点5] url=https://github.com/vxiaov/free_proxies/raw/refs/heads/main/README.md
============================================================
[INFO] sublink try page: https://github.com/anaer/Sub/raw/refs/heads/main/README.MD
[OK] proxies=1464 new=1464 url=https://anaer.github.io/Sub/clash.yaml
[OK] proxies=1464 new=0 url=https://raw.githubusercontent.com/anaer/Sub/main/clash.yaml
[OK] proxies=1464 source=[免费节点6] url=https://github.com/anaer/Sub/raw/refs/heads/main/README.MD
============================================================
[INFO] sublink try page: https://github.com/snakem982/proxypool/raw/refs/heads/main/README.md
[OK] proxies=64 new=64 url=https://raw.githubusercontent.com/snakem982/proxypool/main/source/clash-meta-2.yaml
[OK] proxies=62 new=0 url=https://raw.githubusercontent.com/snakem982/proxypool/main/source/v2ray-2.txt
[OK] proxies=60 new=0 url=https://raw.githubusercontent.com/snakem982/proxypool/main/source/sing-box-2.json
[OK] proxies=64 source=[免费节点7] url=https://github.com/snakem982/proxypool/raw/refs/heads/main/README.md
============================================================
[INFO] sublink try page: https://raw.githubusercontent.com/mahdibland/V2RayAggregator/refs/heads/master/README.md
[OK] proxies=380 new=380 url=https://raw.githubusercontent.com/mahdibland/V2RayAggregator/refs/heads/master/README.md
[OK] proxies=1 new=1 url=https://github.com/mahdibland/SSAggregator/actions/workflows/Collector.yml
[OK] proxies=1 new=0 url=https://github.com/mahdibland/SSAggregator/actions/workflows/Airport_Collector.yml
[OK] proxies=195 new=0 url=https://raw.githubusercontent.com/mahdibland/ShadowsocksAggregator/master/Eternity.txt
[OK] proxies=196 new=1 url=https://raw.githubusercontent.com/mahdibland/ShadowsocksAggregator/master/Eternity.yml
[OK] proxies=61 new=61 url=https://raw.githubusercontent.com/mahdibland/ShadowsocksAggregator/master/EternityAir.txt
[OK] proxies=3828 new=3542 url=https://raw.githubusercontent.com/mahdibland/SSAggregator/master/sub/sub_merge_base64.txt
[OK] proxies=3828 new=0 url=https://raw.githubusercontent.com/mahdibland/{SSAggregator|ShadowsocksAggregator}/master/sub/sub_merge.txt
[OK] proxies=3971 new=177 url=https://raw.githubusercontent.com/mahdibland/SSAggregator/master/sub/sub_merge_yaml.yml
[OK] proxies=61 new=0 url=https://raw.githubusercontent.com/mahdibland/SSAggregator/master/sub/airport_merge_base64.txt
[OK] proxies=61 new=0 url=https://raw.githubusercontent.com/mahdibland/SSAggregator/master/sub/airport_sub_merge.txt
[OK] proxies=1354 new=0 url=https://raw.githubusercontent.com/mahdibland/ShadowsocksAggregator/master/sub/splitted/vmess.txt
[OK] proxies=588 new=0 url=https://raw.githubusercontent.com/mahdibland/ShadowsocksAggregator/master/sub/splitted/trojan.txt
[OK] proxies=43 new=0 url=https://raw.githubusercontent.com/mahdibland/ShadowsocksAggregator/master/sub/splitted/ssr.txt
[OK] proxies=1843 new=0 url=https://raw.githubusercontent.com/mahdibland/ShadowsocksAggregator/master/sub/splitted/ss.txt
[OK] proxies=1 new=0 url=https://cdn.jsdelivr.net/gh/mahdibland/V2RayAggregator@master/update/provider/provider-meta.yml
[OK] proxies=1 new=0 url=https://cdn.jsdelivr.net/gh/mahdibland/V2RayAggregator@master/update/provider/provider-meta-cn.yml
[OK] proxies=1 new=0 url=https://cdn.jsdelivr.net/gh/mahdibland/V2RayAggregator@master/update/provider/provider-meta-others.yml
[OK] proxies=1 new=0 url=https://cdn.jsdelivr.net/gh/mahdibland/V2RayAggregator@master/update/provider/provider.yml
[OK] proxies=1 new=0 url=https://cdn.jsdelivr.net/gh/mahdibland/V2RayAggregator@master/update/provider/provider-cn.yml
[OK] proxies=1 new=0 url=https://cdn.jsdelivr.net/gh/mahdibland/V2RayAggregator@master/update/provider/provider-others.yml
[OK] proxies=4162 source=[免费节点8] url=https://raw.githubusercontent.com/mahdibland/V2RayAggregator/refs/heads/master/README.md
============================================================
[INFO] sublink try page: https://raw.githubusercontent.com/w1770946466/Auto_proxy/refs/heads/main/README.md
[OK] proxies=1 new=1 url=https://github.com/w1770946466/Auto_proxy/actions/workflows/main.yml
[OK] proxies=245 new=245 url=https://raw.githubusercontent.com/w1770946466/Auto_proxy/main/{Long_term_subscription2.yaml|Long_term_subscription1.yaml|Long_term_subscription3.yaml}
[OK] proxies=489 new=54 url=https://raw.githubusercontent.com/w1770946466/Auto_proxy/main/{Long_term_subscription1|Long_term_subscription2|Long_term_subscription3|Long_term_subscription4|Long_term_subscription5|Long_term_subscription6|Long_term_subscription7|Long_term_subscription8}
[OK] proxies=489 new=315 url=https://raw.githubusercontent.com/w1770946466/Auto_proxy/main/Long_term_subscription_num
[OK] proxies=615 source=[免费节点9] url=https://raw.githubusercontent.com/w1770946466/Auto_proxy/refs/heads/main/README.md
============================================================
[INFO] sublink try page: https://raw.githubusercontent.com/PuddinCat/BestClash/refs/heads/main/README.md
[OK] proxies=16 new=16 url=https://raw.githubusercontent.com/PuddinCat/BestClash/main/proxies.yaml
[OK] proxies=28 new=28 url=https://cdn.jsdelivr.net/gh/vxiaov/free_proxies@main/clash/clash.provider.yaml
[OK] proxies=24 new=24 url=https://freenode.openrunner.net/uploads/20240807-clash.yaml
[OK] proxies=24 new=24 url=https://raw.githubusercontent.com/Misaka-blog/chromego_merge/main/sub/merged_proxies_new.yaml
[OK] proxies=4612 new=4583 url=https://raw.githubusercontent.com/{NiceVPN123|anaer}/{NiceVPN|Sub}/main/{Clash.yaml|clash.yaml}
[OK] proxies=25 new=1 url=https://raw.githubusercontent.com/{chengaopan|peasoft}/{AutoMergePublicNodes|NoMoreWalls}/master/list.yml
[OK] proxies=383 new=346 url=https://raw.githubusercontent.com/{ermaozi|ermaozi01}/{get_subscribe|free_clash_vpn}/main/subscribe/clash.yml
[OK] proxies=196 new=180 url=https://raw.githubusercontent.com/mahdibland/ShadowsocksAggregator/master/Eternity.yml
[OK] proxies=165 new=160 url=https://raw.githubusercontent.com/ronghuaxueleng/get_v2/main/pub/combine.yaml
[OK] proxies=144 new=3 url=https://raw.githubusercontent.com/zhangkaiitugithub/passcro/main/speednodes.yaml
[OK] proxies=5365 source=[免费节点10] url=https://raw.githubusercontent.com/PuddinCat/BestClash/refs/heads/main/README.md
============================================================
[INFO] sublink try page: https://raw.githubusercontent.com/kooker/FreeSubsCheck/main/README.md
[OK] proxies=3 new=3 url=https://raw.githubusercontent.com/kooker/FreeSubsCheck/main/mihomo.yaml
[OK] proxies=3 new=0 url=https://raw.githubusercontent.com/kooker/FreeSubsCheck/main/all.yaml
[OK] proxies=3 new=0 url=https://raw.githubusercontent.com/kooker/FreeSubsCheck/main/base64.txt
[OK] proxies=2 new=2 url=https://raw.githubusercontent.com/kooker/FreeSubsCheck/main/byxiaoxi.txt
[OK] proxies=425 new=425 url=https://raw.githubusercontent.com/kooker/FreeSubsCheck/main/kooker.jp.txt
[OK] proxies=430 source=[免费节点11] url=https://raw.githubusercontent.com/kooker/FreeSubsCheck/main/README.md
============================================================
[INFO] toolkit try release: https://github.com/Pawdroid/shadowrocket_for_android/releases
[INFO] toolkit try page: https://github.com/Pawdroid/shadowrocket_for_android/releases/expanded_assets/v10.10.5-standard
[INFO] toolkit try download: https://github.com/Pawdroid/shadowrocket_for_android/releases/download/v10.10.5-standard/Shadowrocket_10.10.5_shadowrocketStandard_arm64-v8a.apk
[OK] toolkit downloaded: Shadowrocket_10.10.5_shadowrocketStandard_arm64-v8a.apk bytes=42354602
[OK] toolkit extracted archive=Shadowrocket_10.10.5_shadowrocketStandard_arm64-v8a.apk tool=zipfile files=1320 dirs=36
[OK] toolkit sr-apk scanned prefixes=29 files=11 keys=2 archive=Shadowrocket_10.10.5_shadowrocketStandard_arm64-v8a.apk
[OK] proxies=1386 new=1386 url=https://raw.githubusercontent.com/hideme9527/ecfg/refs/heads/main/data/ecfg_zh
[OK] proxies=171 new=68 url=https://raw.githubusercontent.com/hideme9527/ecfg/refs/heads/main/data/ecfg5
[OK] proxies=129 new=0 url=https://raw.githubusercontent.com/hideme9527/ecfg/refs/heads/main/data/ecfg
[OK] proxies=171 new=0 url=https://{vip.foxovpn.com|ecfg.v2gh.com|cdn100.159236.xyz|cdn.159236.xyz|cdn10.159236.xyz}/{config|data}/ecfg5
[OK] proxies=129 new=0 url=https://{ecfg.v2gh.com|vip.foxovpn.com|cdn.159236.xyz|cdn10.159236.xyz|cdn100.159236.xyz}/{data|config}/ecfg
[OK] proxies=1386 new=0 url=https://{ecfg.v2gh.com|vip.foxovpn.com|cdn100.159236.xyz|cdn10.159236.xyz|cdn.159236.xyz}/{data|config}/ecfg_zh
[OK] proxies=1386 new=0 url=https://{ecfg.v2gh.com|cdn100.159236.xyz|cdn10.159236.xyz|cdn.159236.xyz|vip.foxovpn.com}/{data|config}/ecfg_fr
[OK] proxies=1386 new=0 url=https://{ecfg.v2gh.com|cdn.159236.xyz|cdn10.159236.xyz|cdn100.159236.xyz|vip.foxovpn.com}/{data|config}/ecfg_es
[OK] proxies=1386 new=0 url=https://{ecfg.v2gh.com|cdn.159236.xyz|cdn10.159236.xyz|cdn100.159236.xyz|vip.foxovpn.com}/{data|config}/ecfg_ja
[OK] proxies=1386 new=0 url=https://{ecfg.v2gh.com|cdn10.159236.xyz|cdn.159236.xyz|cdn100.159236.xyz|vip.foxovpn.com}/{data|config}/ecfg_pt
[OK] proxies=1386 new=0 url=https://{ecfg.v2gh.com|cdn.159236.xyz|cdn100.159236.xyz|vip.foxovpn.com|cdn10.159236.xyz}/{data|config}/ecfg_ru
[OK] proxies=1386 new=0 url=https://{cdn10.159236.xyz|cdn.159236.xyz|ecfg.v2gh.com|cdn100.159236.xyz|vip.foxovpn.com}/{config|data}/ecfg_en
[OK] proxies=1386 new=0 url=https://{ecfg.v2gh.com|cdn10.159236.xyz|cdn.159236.xyz|cdn100.159236.xyz|vip.foxovpn.com}/{data|config}/ecfg_de
[OK] proxies=1386 new=0 url=https://raw.githubusercontent.com/hideme9527/ecfg/refs/heads/main/data/ecfg_de
[OK] proxies=1386 new=0 url=https://raw.githubusercontent.com/hideme9527/ecfg/refs/heads/main/data/ecfg_en
[OK] proxies=1386 new=0 url=https://raw.githubusercontent.com/hideme9527/ecfg/refs/heads/main/data/ecfg_es
[OK] proxies=1386 new=0 url=https://raw.githubusercontent.com/hideme9527/ecfg/refs/heads/main/data/ecfg_ja
[OK] proxies=1386 new=0 url=https://raw.githubusercontent.com/hideme9527/ecfg/refs/heads/main/data/ecfg_pt
[OK] proxies=1386 new=0 url=https://raw.githubusercontent.com/hideme9527/ecfg/refs/heads/main/data/ecfg_ru
[OK] proxies=1386 new=0 url=https://raw.githubusercontent.com/hideme9527/ecfg/refs/heads/main/data/ecfg_fr
[OK] proxies=1454 source=[Pawdroid-sr-apk] url=https://github.com/Pawdroid/shadowrocket_for_android/releases/download/v10.10.5-standard/Shadowrocket_10.10.5_shadowrocketStandard_arm64-v8a.apk
============================================================
[INFO] toolkit try page: https://shadowshare.v2cross.com/
[INFO] toolkit try download: https://shadowshare.v2cross.com/shadowshare.apk
[OK] toolkit downloaded: shadowshare.apk bytes=62868122
[OK] toolkit extracted archive=shadowshare.apk tool=zipfile files=612 dirs=39
[OK] toolkit ss-apk scanned prefixes=10 files=3 keys=1 archive=shadowshare.apk
[OK] proxies=171 new=171 url=https://{raw.githubusercontent.com|jsd.onmicrosoft.cn}/hideme9527/ecsfg/main/data/sareserver
[OK] proxies=1386 new=1283 url=https://{raw.githubusercontent.com|jsd.onmicrosoft.cn}/hideme9527/ecsfg/main/data/sareserver_en
[OK] proxies=171 new=0 url=https://{shadowsharing.com|sare.159236.xyz}/data/sareserver
[OK] proxies=1386 new=0 url=https://{shadowsharing.com|sare.159236.xyz}/data/sareserver_en
[OK] proxies=171 new=0 url=https://gitee.com/api/v5/repos/{zhiminghao|guoyoucai1|elvenapp}/ecsfg/raw/data/sareserver
[OK] proxies=1386 new=0 url=https://gitee.com/api/v5/repos/{guoyoucai1|elvenapp|zhiminghao}/ecsfg/raw/data/sareserver_en
[OK] proxies=1454 source=[Pawdroid-ss-apk] url=https://shadowshare.v2cross.com/shadowshare.apk
============================================================
[INFO] sublink try page: https://raw.githubusercontent.com/free-nodes/clashfree/refs/heads/main/README.md
[OK] proxies=1344 new=1344 url=https://raw.githubusercontent.com/free-nodes/clashfree/refs/heads/main/README.md
[OK] proxies=1344 new=0 url=https://raw.githubusercontent.com/free-nodes/clashfree/main/clash20260911.yml
[OK] proxies=1 new=1 url=https://github.com/free-nodes/clashfree/blob/main/clash20260911.yml
[OK] proxies=1345 source=[Clashfree] url=https://raw.githubusercontent.com/free-nodes/clashfree/refs/heads/main/README.md
============================================================
[INFO] sublink try page: https://github.com/Epodonios/v2ray-configs/raw/refs/heads/main/README.md
[OK] proxies=1 new=1 url=https://github.com/Epodonios/V2ray-Configs/actions/workflows/main.yml
[OK] proxies=2836 new=2836 url=https://github.com/Epodonios/v2ray-configs/raw/main/All_Configs_Sub.txt
[OK] proxies=2836 new=0 url=https://github.com/Epodonios/v2ray-configs/raw/main/All_Configs_base64_Sub.txt
[OK] proxies=3211 new=1179 url=https://github.com/Epodonios/v2ray-configs/raw/main/Splitted-By-Protocol/vless.txt
[OK] proxies=141 new=1 url=https://github.com/Epodonios/v2ray-configs/raw/main/Splitted-By-Protocol/vmess.txt
[OK] proxies=417 new=50 url=https://github.com/Epodonios/v2ray-configs/raw/main/Splitted-By-Protocol/ss.txt
[OK] proxies=172 new=120 url=https://github.com/Epodonios/v2ray-configs/raw/main/Splitted-By-Protocol/trojan.txt
[OK] proxies=4040 new=86 url=https://raw.githubusercontent.com/Epodonios/v2ray-configs/main/{Sub1.txt|Sub2.txt|Sub3.txt|Sub4.txt|Sub5.txt|Sub6.txt|Sub7.txt|Sub8.txt}
[OK] proxies=4273 source=[Epodonios] url=https://github.com/Epodonios/v2ray-configs/raw/refs/heads/main/README.md
============================================================
[INFO] article try page: https://v2rayclashfree.com/
[INFO] sublink try page: https://v2rayclashfree.com/fn/20260912.html
[WARN] source=[V2rayclashfree-RSS] no proxies found=0 raw=2957
[INFO] source=[V2rayclashfree-RSS] reused previous raw file=797390888298-raw-1701-20260911.yaml stamp=202609111701
[OK] proxies=2957 source=[V2rayclashfree-RSS] url=https://v2rayclashfree.com/fn/20260912.html
============================================================
[INFO] raw backup written path=/home/runner/work/Free-node-autotest/Free-node-autotest/output/raw.yaml proxies=29957
[INFO] release digest sha256=b358eba638b01c1f1841c4d612d4b6da58419bef96055958cf9c3be04f625642 asset=mihomo-linux-amd64-v1-go120-v1.19.30.gz
[INFO] downloading proxy engine: https://github.com/MetaCubeX/mihomo/releases/download/v1.19.30/mihomo-linux-amd64-v1-go120-v1.19.30.gz
[OK] proxy engine sha256 verified: b358eba638b01c1f1841c4d612d4b6da58419bef96055958cf9c3be04f625642
============================================================
[WARN] batch start failed size=17670
[WARN] split batch 17670 -> 8835 + 8835
[WARN] batch start failed size=8835
[WARN] split batch 8835 -> 4417 + 4418
[WARN] batch start failed size=4417
[WARN] split batch 4417 -> 2208 + 2209
[WARN] batch start failed size=2208
[WARN] split batch 2208 -> 1104 + 1104
[WARN] batch start failed size=1104
[WARN] split batch 1104 -> 552 + 552
[WARN] batch start failed size=552
[WARN] split batch 552 -> 276 + 276
[WARN] batch start failed size=276
[WARN] split batch 276 -> 138 + 138
[WARN] batch start failed size=138
[WARN] split batch 138 -> 69 + 69
[WARN] batch start failed size=69
[WARN] split batch 69 -> 34 + 35
[INFO] tested 34/34 kept=12 rest=17636
[WARN] batch start failed size=35
[WARN] split batch 35 -> 17 + 18
[WARN] batch start failed size=17
[WARN] split batch 17 -> 8 + 9
[INFO] tested 8/8 kept=0 rest=17628
[WARN] batch start failed size=9
[WARN] split batch 9 -> 4 + 5
[INFO] tested 4/4 kept=0 rest=17624
[WARN] batch start failed size=5
[WARN] split batch 5 -> 2 + 3
[INFO] tested 2/2 kept=0 rest=17622
[WARN] batch start failed size=3
[WARN] split batch 3 -> 1 + 2
[WARN] batch start failed size=1
[DROP] name=[ChromeGO-ShiteThings] hysteria server=5.83.129.153:20088 reason=Start initial configuration in progress
[WARN] batch start failed size=2
[WARN] split batch 2 -> 1 + 1
[WARN] batch start failed size=1
[DROP] name=[ChromeGO-ShiteThings] hysteria-2 server=5.83.129.153:27626 reason=Start initial configuration in progress
[WARN] batch start failed size=1
[DROP] name=[ChromeGO-ShiteThings] hysteria-3 server=5.83.129.90:54177 reason=Start initial configuration in progress
[WARN] batch start failed size=18
[WARN] split batch 18 -> 9 + 9
[WARN] batch start failed size=9
[WARN] split batch 9 -> 4 + 5
[WARN] batch start failed size=4
[WARN] split batch 4 -> 2 + 2
[WARN] batch start failed size=2
[WARN] split batch 2 -> 1 + 1
[WARN] batch start failed size=1
[DROP] name=[ChromeGO-ShiteThings] hysteria-4 server=62.210.70.191:23556 reason=Start initial configuration in progress
[WARN] batch start failed size=1
[DROP] name=[ChromeGO-ShiteThings] hysteria-5 server=45.150.65.154:47119 reason=Start initial configuration in progress
[INFO] tested 2/2 kept=0 rest=17615
[INFO] tested 5/5 kept=0 rest=17610
[INFO] tested 9/9 kept=0 rest=17601
[INFO] tested 69/69 kept=27 rest=17532
[INFO] tested 100/138 kept=3 rest=17432
[INFO] tested 138/138 kept=5 rest=17394
[INFO] tested 100/276 kept=5 rest=17294
[INFO] tested 200/276 kept=39 rest=17194
[INFO] tested 276/276 kept=41 rest=17118
[INFO] tested 100/552 kept=9 rest=17018
[INFO] tested 200/552 kept=34 rest=16918
[INFO] tested 300/552 kept=66 rest=16818
[INFO] tested 400/552 kept=100 rest=16718
[INFO] tested 500/552 kept=162 rest=16618
[INFO] tested 552/552 kept=190 rest=16566
[INFO] tested 100/1104 kept=18 rest=16466
[INFO] tested 200/1104 kept=71 rest=16366
[INFO] tested 300/1104 kept=135 rest=16266
[INFO] tested 400/1104 kept=225 rest=16166
[INFO] tested 500/1104 kept=293 rest=16066
[INFO] tested 600/1104 kept=361 rest=15966
[INFO] tested 700/1104 kept=430 rest=15866
[INFO] tested 800/1104 kept=476 rest=15766
[INFO] tested 900/1104 kept=528 rest=15666
[INFO] tested 1000/1104 kept=546 rest=15566
[INFO] tested 1100/1104 kept=551 rest=15466
[INFO] tested 1104/1104 kept=551 rest=15462
[WARN] batch start failed size=2209
[WARN] split batch 2209 -> 1104 + 1105
[WARN] batch start failed size=1104
[WARN] split batch 1104 -> 552 + 552
[WARN] batch start failed size=552
[WARN] split batch 552 -> 276 + 276
[INFO] tested 100/276 kept=24 rest=15362
[INFO] tested 200/276 kept=47 rest=15262
[INFO] tested 276/276 kept=47 rest=15186
[WARN] batch start failed size=276
[WARN] split batch 276 -> 138 + 138
[WARN] batch start failed size=138
[WARN] split batch 138 -> 69 + 69
[WARN] batch start failed size=69
[WARN] split batch 69 -> 34 + 35
[INFO] tested 34/34 kept=6 rest=15152
[WARN] batch start failed size=35
[WARN] split batch 35 -> 17 + 18
[WARN] batch start failed size=17
[WARN] split batch 17 -> 8 + 9
[INFO] tested 8/8 kept=7 rest=15144
[WARN] batch start failed size=9
[WARN] split batch 9 -> 4 + 5
[INFO] tested 4/4 kept=4 rest=15140
[WARN] batch start failed size=5
[WARN] split batch 5 -> 2 + 3
[INFO] tested 2/2 kept=0 rest=15138
[WARN] batch start failed size=3
[WARN] split batch 3 -> 1 + 2
[INFO] tested 1/1 kept=0 rest=15137
[WARN] batch start failed size=2
[WARN] split batch 2 -> 1 + 1
[INFO] tested 1/1 kept=1 rest=15136
[WARN] batch start failed size=1
[DROP] name=[Free-clash-v2ray] hysteria server=5.83.129.143:26691 reason=Start initial configuration in progress
[INFO] tested 18/18 kept=15 rest=15117
[INFO] tested 69/69 kept=54 rest=15048
[INFO] tested 100/138 kept=83 rest=14948
[INFO] tested 138/138 kept=94 rest=14910
[INFO] tested 100/552 kept=60 rest=14810
[INFO] tested 200/552 kept=96 rest=14710
[INFO] tested 300/552 kept=148 rest=14610
[INFO] tested 400/552 kept=163 rest=14510
[INFO] tested 500/552 kept=177 rest=14410
[INFO] tested 552/552 kept=182 rest=14358
[INFO] tested 100/1105 kept=20 rest=14258
[INFO] tested 200/1105 kept=32 rest=14158
[INFO] tested 300/1105 kept=32 rest=14058
[INFO] tested 400/1105 kept=34 rest=13958
[INFO] tested 500/1105 kept=35 rest=13858
[INFO] tested 600/1105 kept=38 rest=13758
[INFO] tested 700/1105 kept=38 rest=13658
[INFO] tested 800/1105 kept=38 rest=13558
[INFO] tested 900/1105 kept=39 rest=13458
[INFO] tested 1000/1105 kept=41 rest=13358
[INFO] tested 1100/1105 kept=44 rest=13258
[INFO] tested 1105/1105 kept=44 rest=13253
[WARN] batch start failed size=4418
[WARN] split batch 4418 -> 2209 + 2209
[WARN] batch start failed size=2209
[WARN] split batch 2209 -> 1104 + 1105
[WARN] batch start failed size=1104
[WARN] split batch 1104 -> 552 + 552
[WARN] batch start failed size=552
[WARN] split batch 552 -> 276 + 276
[WARN] batch start failed size=276
[WARN] split batch 276 -> 138 + 138
[INFO] tested 100/138 kept=4 rest=13153
[INFO] tested 138/138 kept=4 rest=13115
[WARN] batch start failed size=138
[WARN] split batch 138 -> 69 + 69
[WARN] batch start failed size=69
[WARN] split batch 69 -> 34 + 35
[INFO] tested 34/34 kept=0 rest=13081
[WARN] batch start failed size=35
[WARN] split batch 35 -> 17 + 18
[WARN] batch start failed size=17
[WARN] split batch 17 -> 8 + 9
[INFO] tested 8/8 kept=0 rest=13073
[WARN] batch start failed size=9
[WARN] split batch 9 -> 4 + 5
[WARN] batch start failed size=4
[WARN] split batch 4 -> 2 + 2
[INFO] tested 2/2 kept=0 rest=13071
[WARN] batch start failed size=2
[WARN] split batch 2 -> 1 + 1
[WARN] batch start failed size=1
[DROP] name=[Free-clash-v2ray] 未知 SS-1439 | free-nodes server=192.0.2.1:1 reason=Start initial configuration in progress
[INFO] tested 1/1 kept=0 rest=13069
[INFO] tested 5/5 kept=0 rest=13064
[INFO] tested 18/18 kept=0 rest=13046
[INFO] tested 69/69 kept=6 rest=12977
[INFO] tested 100/276 kept=18 rest=12877
[INFO] tested 200/276 kept=23 rest=12777
[INFO] tested 276/276 kept=26 rest=12701
[INFO] tested 100/552 kept=15 rest=12601
[INFO] tested 200/552 kept=27 rest=12501
[INFO] tested 300/552 kept=31 rest=12401
[INFO] tested 400/552 kept=33 rest=12301
[INFO] tested 500/552 kept=42 rest=12201
[INFO] tested 552/552 kept=42 rest=12149
[INFO] tested 100/1105 kept=0 rest=12049
[INFO] tested 200/1105 kept=6 rest=11949
[INFO] tested 300/1105 kept=7 rest=11849
[INFO] tested 400/1105 kept=9 rest=11749
[INFO] tested 500/1105 kept=9 rest=11649
[INFO] tested 600/1105 kept=9 rest=11549
[INFO] tested 700/1105 kept=9 rest=11449
[INFO] tested 800/1105 kept=18 rest=11349
[INFO] tested 900/1105 kept=32 rest=11249
[INFO] tested 1000/1105 kept=32 rest=11149
[INFO] tested 1100/1105 kept=32 rest=11049
[INFO] tested 1105/1105 kept=32 rest=11044
[INFO] tested 100/2209 kept=0 rest=10944
[INFO] tested 200/2209 kept=0 rest=10844
[INFO] tested 300/2209 kept=0 rest=10744
[INFO] tested 400/2209 kept=0 rest=10644
[INFO] tested 500/2209 kept=0 rest=10544
[INFO] tested 600/2209 kept=0 rest=10444
[INFO] tested 700/2209 kept=0 rest=10344
[INFO] tested 800/2209 kept=0 rest=10244
[INFO] tested 900/2209 kept=0 rest=10144
[INFO] tested 1000/2209 kept=0 rest=10044
[INFO] tested 1100/2209 kept=0 rest=9944
[INFO] tested 1200/2209 kept=53 rest=9844
[INFO] tested 1300/2209 kept=74 rest=9744
[INFO] tested 1400/2209 kept=74 rest=9644
[INFO] tested 1500/2209 kept=74 rest=9544
[INFO] tested 1600/2209 kept=74 rest=9444
[INFO] tested 1700/2209 kept=74 rest=9344
[INFO] tested 1800/2209 kept=74 rest=9244
[INFO] tested 1900/2209 kept=74 rest=9144
[INFO] tested 2000/2209 kept=74 rest=9044
[INFO] tested 2100/2209 kept=74 rest=8944
[INFO] tested 2200/2209 kept=74 rest=8844
[INFO] tested 2209/2209 kept=74 rest=8835
[WARN] batch start failed size=8835
[WARN] split batch 8835 -> 4417 + 4418
[INFO] tested 100/4417 kept=0 rest=8735
[INFO] tested 200/4417 kept=0 rest=8635
[INFO] tested 300/4417 kept=0 rest=8535
[INFO] tested 400/4417 kept=0 rest=8435
[INFO] tested 500/4417 kept=0 rest=8335
[INFO] tested 600/4417 kept=0 rest=8235
[INFO] tested 700/4417 kept=0 rest=8135
[INFO] tested 800/4417 kept=0 rest=8035
[INFO] tested 900/4417 kept=0 rest=7935
[INFO] tested 1000/4417 kept=0 rest=7835
[INFO] tested 1100/4417 kept=0 rest=7735
[INFO] tested 1200/4417 kept=0 rest=7635
[INFO] tested 1300/4417 kept=2 rest=7535
[INFO] tested 1400/4417 kept=2 rest=7435
[INFO] tested 1500/4417 kept=3 rest=7335
[INFO] tested 1600/4417 kept=4 rest=7235
[INFO] tested 1700/4417 kept=4 rest=7135
[INFO] tested 1800/4417 kept=4 rest=7035
[INFO] tested 1900/4417 kept=4 rest=6935
[INFO] tested 2000/4417 kept=4 rest=6835
[INFO] tested 2100/4417 kept=4 rest=6735
[INFO] tested 2200/4417 kept=4 rest=6635
[INFO] tested 2300/4417 kept=5 rest=6535
[INFO] tested 2400/4417 kept=6 rest=6435
[INFO] tested 2500/4417 kept=6 rest=6335
[INFO] tested 2600/4417 kept=8 rest=6235
[INFO] tested 2700/4417 kept=8 rest=6135
[INFO] tested 2800/4417 kept=8 rest=6035
[INFO] tested 2900/4417 kept=8 rest=5935
[INFO] tested 3000/4417 kept=8 rest=5835
[INFO] tested 3100/4417 kept=8 rest=5735
[INFO] tested 3200/4417 kept=8 rest=5635
[INFO] tested 3300/4417 kept=8 rest=5535
[INFO] tested 3400/4417 kept=8 rest=5435
[INFO] tested 3500/4417 kept=8 rest=5335
[INFO] tested 3600/4417 kept=8 rest=5235
[INFO] tested 3700/4417 kept=8 rest=5135
[INFO] tested 3800/4417 kept=8 rest=5035
[INFO] tested 3900/4417 kept=8 rest=4935
[INFO] tested 4000/4417 kept=8 rest=4835
[INFO] tested 4100/4417 kept=8 rest=4735
[INFO] tested 4200/4417 kept=8 rest=4635
[INFO] tested 4300/4417 kept=11 rest=4535
[INFO] tested 4400/4417 kept=15 rest=4435
[INFO] tested 4417/4417 kept=15 rest=4418
[WARN] batch start failed size=4418
[WARN] split batch 4418 -> 2209 + 2209
[WARN] batch start failed size=2209
[WARN] split batch 2209 -> 1104 + 1105
[WARN] batch start failed size=1104
[WARN] split batch 1104 -> 552 + 552
[WARN] batch start failed size=552
[WARN] split batch 552 -> 276 + 276
[WARN] batch start failed size=276
[WARN] split batch 276 -> 138 + 138
[INFO] tested 100/138 kept=5 rest=4318
[INFO] tested 138/138 kept=5 rest=4280
[WARN] batch start failed size=138
[WARN] split batch 138 -> 69 + 69
[WARN] batch start failed size=69
[WARN] split batch 69 -> 34 + 35
[WARN] batch start failed size=34
[WARN] split batch 34 -> 17 + 17
[WARN] batch start failed size=17
[WARN] split batch 17 -> 8 + 9
[INFO] tested 8/8 kept=0 rest=4272
[WARN] batch start failed size=9
[WARN] split batch 9 -> 4 + 5
[INFO] tested 4/4 kept=1 rest=4268
[WARN] batch start failed size=5
[WARN] split batch 5 -> 2 + 3
[INFO] tested 2/2 kept=0 rest=4266
[WARN] batch start failed size=3
[WARN] split batch 3 -> 1 + 2
[INFO] tested 1/1 kept=0 rest=4265
[WARN] batch start failed size=2
[WARN] split batch 2 -> 1 + 1
[INFO] tested 1/1 kept=0 rest=4264
[WARN] batch start failed size=1
[DROP] name=[Pawdroid-sr-apk] 英国+V2CROSS.COM server=82.38.31.189:8080 reason=Start initial configuration in progress
[INFO] tested 17/17 kept=4 rest=4246
[INFO] tested 35/35 kept=0 rest=4211
[INFO] tested 69/69 kept=0 rest=4142
[INFO] tested 100/276 kept=0 rest=4042
[INFO] tested 200/276 kept=5 rest=3942
[INFO] tested 276/276 kept=5 rest=3866
[WARN] batch start failed size=552
[WARN] split batch 552 -> 276 + 276
[INFO] tested 100/276 kept=1 rest=3766
[INFO] tested 200/276 kept=8 rest=3666
[INFO] tested 276/276 kept=8 rest=3590
[WARN] batch start failed size=276
[WARN] split batch 276 -> 138 + 138
[INFO] tested 100/138 kept=13 rest=3490
[INFO] tested 138/138 kept=13 rest=3452
[WARN] batch start failed size=138
[WARN] split batch 138 -> 69 + 69
[INFO] tested 69/69 kept=5 rest=3383
[WARN] batch start failed size=69
[WARN] split batch 69 -> 34 + 35
[INFO] tested 34/34 kept=2 rest=3349
[WARN] batch start failed size=35
[WARN] split batch 35 -> 17 + 18
[WARN] batch start failed size=17
[WARN] split batch 17 -> 8 + 9
[INFO] tested 8/8 kept=0 rest=3341
[WARN] batch start failed size=9
[WARN] split batch 9 -> 4 + 5
[WARN] batch start failed size=4
[WARN] split batch 4 -> 2 + 2
[INFO] tested 2/2 kept=1 rest=3339
[WARN] batch start failed size=2
[WARN] split batch 2 -> 1 + 1
[WARN] batch start failed size=1
[DROP] name=[Epodonios] EPODONIOS-106 server=78.38.246.150:8446 reason=Start initial configuration in progress
[INFO] tested 1/1 kept=0 rest=3337
[INFO] tested 5/5 kept=1 rest=3332
[INFO] tested 18/18 kept=2 rest=3314
[INFO] tested 100/1105 kept=2 rest=3214
[INFO] tested 200/1105 kept=5 rest=3114
[INFO] tested 300/1105 kept=8 rest=3014
[INFO] tested 400/1105 kept=10 rest=2914
[INFO] tested 500/1105 kept=10 rest=2814
[INFO] tested 600/1105 kept=10 rest=2714
[INFO] tested 700/1105 kept=13 rest=2614
[INFO] tested 800/1105 kept=14 rest=2514
[INFO] tested 900/1105 kept=21 rest=2414
[INFO] tested 1000/1105 kept=21 rest=2314
[INFO] tested 1100/1105 kept=21 rest=2214
[INFO] tested 1105/1105 kept=21 rest=2209
[WARN] batch start failed size=2209
[WARN] split batch 2209 -> 1104 + 1105
[INFO] tested 100/1104 kept=0 rest=2109
[INFO] tested 200/1104 kept=5 rest=2009
[INFO] tested 300/1104 kept=11 rest=1909
[INFO] tested 400/1104 kept=11 rest=1809
[INFO] tested 500/1104 kept=11 rest=1709
[INFO] tested 600/1104 kept=12 rest=1609
[INFO] tested 700/1104 kept=12 rest=1509
[INFO] tested 800/1104 kept=14 rest=1409
[INFO] tested 900/1104 kept=15 rest=1309
[INFO] tested 1000/1104 kept=16 rest=1209
[INFO] tested 1100/1104 kept=16 rest=1109
[INFO] tested 1104/1104 kept=16 rest=1105
[WARN] batch start failed size=1105
[WARN] split batch 1105 -> 552 + 553
[WARN] batch start failed size=552
[WARN] split batch 552 -> 276 + 276
[WARN] batch start failed size=276
[WARN] split batch 276 -> 138 + 138
[WARN] batch start failed size=138
[WARN] split batch 138 -> 69 + 69
[WARN] batch start failed size=69
[WARN] split batch 69 -> 34 + 35
[WARN] batch start failed size=34
[WARN] split batch 34 -> 17 + 17
[WARN] batch start failed size=17
[WARN] split batch 17 -> 8 + 9
[INFO] tested 8/8 kept=0 rest=1097
[WARN] batch start failed size=9
[WARN] split batch 9 -> 4 + 5
[WARN] batch start failed size=4
[WARN] split batch 4 -> 2 + 2
[INFO] tested 2/2 kept=0 rest=1095
[WARN] batch start failed size=2
[WARN] split batch 2 -> 1 + 1
[INFO] tested 1/1 kept=0 rest=1094
[WARN] batch start failed size=1
[DROP] name=[Epodonios] EPODONIOS-2206 server=206.71.158.75:465 reason=Start initial configuration in progress
[INFO] tested 5/5 kept=1 rest=1088
[INFO] tested 17/17 kept=0 rest=1071
[INFO] tested 35/35 kept=1 rest=1036
[INFO] tested 69/69 kept=3 rest=967
[INFO] tested 100/138 kept=8 rest=867
[INFO] tested 138/138 kept=17 rest=829
[INFO] tested 100/276 kept=0 rest=729
[INFO] tested 200/276 kept=3 rest=629
[INFO] tested 276/276 kept=10 rest=553
[INFO] tested 100/553 kept=1 rest=453
[INFO] tested 200/553 kept=6 rest=353
[INFO] tested 300/553 kept=15 rest=253
[INFO] tested 400/553 kept=60 rest=153
[INFO] tested 500/553 kept=104 rest=53
[INFO] tested 553/553 kept=134 rest=0
[INFO] dropped=10 [ChromeGO-ShiteThings] × 5 | [Free-clash-v2ray] × 2 | [Pawdroid-sr-apk] × 1 | [Epodonios] × 2
============================================================
[INFO] cap live source=[Free-clash-v2ray] from 1237 to 50 by health_score
[INFO] cap live source=[免费节点8] from 97 to 50 by health_score
[INFO] cap live source=[Epodonios] from 54 to 50 by health_score
[INFO] cap live source=[V2rayclashfree-RSS] from 160 to 50 by health_score
[INFO] cap live total from 381 to 350 trim large sources first
============================================================
+------------------------------+--------+--------+------+--------+
| source                       |    raw | unique | live | capped |
+------------------------------+--------+--------+------+--------+
| [大FQ运动]                   |      4 |      4 |    2 |      2 |
+------------------------------+--------+--------+------+--------+
| [大FQ运动-SS密钥]            |      4 |      4 |    4 |      4 |
+------------------------------+--------+--------+------+--------+
| [大FQ运动-补充]              |      8 |      6 |    0 |      0 |
+------------------------------+--------+--------+------+--------+
| [ChromeGO-工具包]            |     14 |     14 |    5 |      5 |
+------------------------------+--------+--------+------+--------+
| [ChromeGO-ShiteThings]       |     31 |     25 |    1 |      1 |
+------------------------------+--------+--------+------+--------+
| [ChromeGO-Merge]             |     24 |     24 |    1 |      1 |
+------------------------------+--------+--------+------+--------+
| [Freesocks]                  |      3 |      3 |    3 |      3 |
+------------------------------+--------+--------+------+--------+
| [NekoWarp]                   |     10 |     10 |    7 |      7 |
+------------------------------+--------+--------+------+--------+
| [OpenRunner-RSS]             |     14 |      0 |    0 |      0 |
+------------------------------+--------+--------+------+--------+
| [V2Rayshare-RSS]             |     27 |     26 |    7 |      7 |
+------------------------------+--------+--------+------+--------+
| [V2Rayshare-SUB]             |     27 |      0 |    0 |      0 |
+------------------------------+--------+--------+------+--------+
| [Mibei77-RSS]                |    108 |    107 |   14 |     14 |
+------------------------------+--------+--------+------+--------+
| [Yoyapai-RSS]                |    208 |    183 |    3 |      3 |
+------------------------------+--------+--------+------+--------+
| [Free-clash-v2ray]           |   4528 |   4251 | 1237 |     42 |
+------------------------------+--------+--------+------+--------+
| [Pawdroid]                   |     21 |      5 |    3 |      3 |
+------------------------------+--------+--------+------+--------+
| [FreeV2-Base64]              |      3 |      3 |    3 |      3 |
+------------------------------+--------+--------+------+--------+
| [Bocchi2b-Base64]            |     32 |     32 |    0 |      0 |
+------------------------------+--------+--------+------+--------+
| [免费节点1]                  |    108 |     30 |    3 |      3 |
+------------------------------+--------+--------+------+--------+
| [免费节点2]                  |    385 |    272 |   37 |     37 |
+------------------------------+--------+--------+------+--------+
| [免费节点3]                  |     32 |     17 |   15 |     15 |
+------------------------------+--------+--------+------+--------+
| [免费节点4]                  |    752 |      4 |    0 |      0 |
+------------------------------+--------+--------+------+--------+
| [免费节点5]                  |     29 |     28 |    0 |      0 |
+------------------------------+--------+--------+------+--------+
| [免费节点6]                  |   1464 |   1321 |   22 |     22 |
+------------------------------+--------+--------+------+--------+
| [免费节点7]                  |     64 |      8 |    0 |      0 |
+------------------------------+--------+--------+------+--------+
| [免费节点8]                  |   4162 |   3290 |   97 |     42 |
+------------------------------+--------+--------+------+--------+
| [免费节点9]                  |    615 |    457 |    0 |      0 |
+------------------------------+--------+--------+------+--------+
| [免费节点10]                 |   5365 |   3078 |    8 |      8 |
+------------------------------+--------+--------+------+--------+
| [免费节点11]                 |    430 |    180 |   12 |     12 |
+------------------------------+--------+--------+------+--------+
| [Pawdroid-sr-apk]            |   1454 |    700 |   18 |     18 |
+------------------------------+--------+--------+------+--------+
| [Pawdroid-ss-apk]            |   1454 |      0 |    0 |      0 |
+------------------------------+--------+--------+------+--------+
| [Clashfree]                  |   1345 |    144 |   13 |     13 |
+------------------------------+--------+--------+------+--------+
| [Epodonios]                  |   4273 |   2513 |   54 |     42 |
+------------------------------+--------+--------+------+--------+
| [V2rayclashfree-RSS]         |   2957 |    931 |  160 |     43 |
+------------------------------+--------+--------+------+--------+
============================================================
[SUMMARY] total_nodes=29955
[SUMMARY] legal_candidates=17670
[SUMMARY] passed_latency_test=350
[SUMMARY] region_HK=6 region_JP=11 region_US=74
[SUMMARY] avg_latency_ms=588.15
[SUMMARY] output=/home/runner/work/Free-node-autotest/Free-node-autotest/output/clash.yaml
============================================================
