============================================================
[INFO] sublink try page: https://end-gfw.com
[WARN] sublink page failed: https://end-gfw.com failed to fetch https://end-gfw.com: 522 Server Error: <none> for url: https://end-gfw.com/
[INFO] source try url: https://end-gfw.com/ss-key
[OK] proxies=4 new=4 url=https://end-gfw.com/ss-key
[INFO] sublink try repo: https://github.com/hello-world-1989/cn-news
[INFO] sublink try page: https://raw.githubusercontent.com/hello-world-1989/cn-news/main/README.md
[OK] proxies=2 new=2 url=https://raw.githubusercontent.com/hello-world-1989/cn-news/refs/heads/main/clash.yaml
[OK] proxies=2 new=0 url=https://raw.githubusercontent.com/hello-world-1989/cn-news/main/end-gfw-together
[OK] proxies=6 new=6 url=https://raw.githubusercontent.com/hello-world-1989/v2-sub/main/end-gfw-together-af3e13
[OK] proxies=12 source=[大FQ运动] url=https://raw.githubusercontent.com/hello-world-1989/cn-news/main/README.md
============================================================
[INFO] sublink try repo: https://github.com/Pawdroid/Free-servers
[INFO] sublink try page: https://raw.githubusercontent.com/Pawdroid/Free-servers/main/README.md
[OK] proxies=20 new=20 url=https://raw.githubusercontent.com/Pawdroid/Free-servers/main/README.md
[OK] proxies=20 new=0 url=https://raw.githubusercontent.com/Pawdroid/Free-servers/main/sub
[OK] proxies=1 new=1 url=https://apps.apple.com/cn/app/shadowshare/id1612647259
[OK] proxies=1 new=1 url=http://www.surflare.com
[OK] proxies=22 source=[Pawdroid] url=https://raw.githubusercontent.com/Pawdroid/Free-servers/main/README.md
============================================================
[INFO] source try url: https://xmxosfepggzm.503403.xyz
[OK] proxies=3 new=3 url=https://xmxosfepggzm.503403.xyz
[OK] proxies=3 source=[FreeV2-Base64] url=https://xmxosfepggzm.503403.xyz
============================================================
[INFO] source try url: https://links.bocchi2b.top/clash
[OK] proxies=32 new=32 url=https://links.bocchi2b.top/clash
[OK] proxies=32 source=[Bocchi2b-Base64] url=https://links.bocchi2b.top/clash
============================================================
[INFO] toolkit try repo: https://github.com/bannedbook/fanqiang
[INFO] toolkit try release: https://github.com/bannedbook/fanqiang/releases
[INFO] toolkit try release: https://github.com/bannedbook/fanqiang/releases/expanded_assets/ChromeGo-latest
[INFO] toolkit try download: https://github.com/bannedbook/fanqiang/releases/download/ChromeGo-latest/ChromeGo.7z
[OK] toolkit downloaded: ChromeGo.7z bytes=100924352
[OK] toolkit extracted archive=ChromeGo.7z tool=7z files=222 dirs=45
[OK] toolkit discovered subs=107 embedded=12 archive=ChromeGo.7z
[OK] proxies=6 new=6 embedded=archive-config
[OK] proxies=3 new=3 url=https://gitlab.com/free9999/ipupdate/master/backup/img/1/2/{ipp|ip}/clash.meta2/{5|6|3|1|4|2}/config.yaml
[OK] proxies=3 new=0 url=https://www.67867867.xyz/Alvin9999/PAC/refs/heads/master/backup/img/1/2/{ipp|ip}/clash.meta2/{5|6|3|1|4|2}/config.yaml
[OK] proxies=7 new=5 url=https://gitlab.com/free9999/ipupdate/master/backup/img/1/2/{ipp|ip}/{hysteria2|singbox|naiveproxy|hysteria|xray}/{3|1|4|2}/config.json
[OK] proxies=7 new=0 url=https://www.67867867.xyz/Alvin9999/PAC/refs/heads/master/backup/img/1/2/{ipp|ip}/{hysteria2|singbox|naiveproxy|hysteria|xray}/{3|1|4|2}/config.json
[OK] proxies=14 source=[ChromeGO-Toolkit] url=https://github.com/bannedbook/fanqiang/releases/download/ChromeGo-latest/ChromeGo.7z
============================================================
[INFO] sublink try repo: https://github.com/ShiteThings/extractNodes
[INFO] sublink try page: https://raw.githubusercontent.com/ShiteThings/extractNodes/main/README.md
[OK] proxies=31 new=30 url=https://{chg26.makou.cc.cd|chg64.makou.cc.cd}
[OK] proxies=26 new=1 url=https://chg26.makou.cc.cd/sb
[OK] proxies=31 source=[ChromeGO-ShiteThings] url=https://raw.githubusercontent.com/ShiteThings/extractNodes/main/README.md
============================================================
[INFO] sublink try repo: https://github.com/shangui999/chromego_merge
[INFO] sublink try page: https://raw.githubusercontent.com/shangui999/chromego_merge/master/ReadMe.md
[OK] proxies=10 new=10 url=https://freedman.netlify.app/sub/merged_proxies_new.yaml
[OK] proxies=11 new=1 url=https://freedman.netlify.app/sub/merged_warp_proxies_new.yaml
[OK] proxies=11 new=6 url=https://freedman.netlify.app/sub/shadowrocket_base64.txt
[OK] proxies=16 new=16 url=https://freedman.netlify.app/sub/sb.json
[INFO] sublink try repo: https://github.com/yaney01/chromego
[INFO] sublink try page: https://raw.githubusercontent.com/yaney01/chromego/main/ReadMe.md
[OK] proxies=50 new=46 url=https://raw.githubusercontent.com/yaney01/chromego/main/sub/merged_proxies_new.yaml
[OK] proxies=51 new=0 url=https://raw.githubusercontent.com/yaney01/chromego/main/sub/merged_warp_proxies_new.yaml
[OK] proxies=13 new=7 url=https://raw.githubusercontent.com/yaney01/chromego/main/sub/shadowrocket_base64.txt
[OK] proxies=13 new=0 url=https://raw.githubusercontent.com/yaney01/chromego/main/sub/sb.json
[INFO] sublink try repo: https://github.com/Misaka-blog/chromego_merge
[INFO] sublink try page: https://raw.githubusercontent.com/Misaka-blog/chromego_merge/main/README.md
[OK] proxies=27 new=27 url=https://chromego-sub.netlify.app/sub/merged_proxies_new.yaml
[OK] proxies=113 source=[ChromeGO-Merge] url=https://raw.githubusercontent.com/Misaka-blog/chromego_merge/main/README.md
============================================================
[INFO] source try url: https://freesocks.org/api/v1/sub/02b897e8e77f19176b0b9f2c75864b00
[OK] proxies=1 new=1 url=https://freesocks.org/api/v1/sub/02b897e8e77f19176b0b9f2c75864b00
[OK] proxies=1 source=[Freesocks] url=https://freesocks.org/api/v1/sub/02b897e8e77f19176b0b9f2c75864b00
============================================================
[INFO] source try url: https://neko-warp.nloli.xyz/neko_warp.yaml
[OK] proxies=10 new=10 url=https://neko-warp.nloli.xyz/neko_warp.yaml
[OK] proxies=10 source=[NekoWarp] url=https://neko-warp.nloli.xyz/neko_warp.yaml
============================================================
[INFO] toolkit try chrome: https://chromewebstore.google.com/detail/free-vpn-proxy-1vpn/akcocjjpkmlniicdeemdceeajlmoabhg
[INFO] toolkit try download: https://clients2.google.com/service/update2/crx?response=redirect&prodversion=131.0.6778.0&acceptformat=crx2,crx3&x=id%3dakcocjjpkmlniicdeemdceeajlmoabhg%26uc
[OK] toolkit downloaded: free-vpn-proxy-1vpn.crx bytes=1627904
[OK] toolkit extracted archive=free-vpn-proxy-1vpn.crx tool=zipfile files=68 dirs=57
[OK] toolkit 1vpn-crx scanned hosts=17 keys=1 archive=free-vpn-proxy-1vpn.crx
[OK] proxies=17 source=[1VPN-CRX] url=https://clients2.google.com/service/update2/crx?response=redirect&prodversion=131.0.6778.0&acceptformat=crx2,crx3&x=id%3dakcocjjpkmlniicdeemdceeajlmoabhg%26uc
============================================================
[INFO] article try feed: https://free.datiya.com/index.xml
[INFO] sublink try page: https://free.datiya.com/post/20260923/
[OK] proxies=14 new=14 url=https://free.datiya.com/uploads/20260923-clash.yaml
[OK] proxies=14 source=[OpenRunner-RSS] url=https://free.datiya.com/post/20260923/
============================================================
[INFO] article try feed: https://v2rayshare.com/feed
[INFO] sublink try page: https://v2rayshare.net/p/5057.html
[OK] proxies=22 new=22 url=https://static.v2rayshare.net/2026/09/20260923.txt
[OK] proxies=21 new=0 url=https://static.v2rayshare.net/2026/09/20260923.yaml
[OK] proxies=22 new=0 url=https://static.v2rayshare.net/2026/09/m20260923.yaml
[INFO] sublink try repo: https://github.com/firefoxmmx2/v2rayshare_subcription
[INFO] sublink try page: https://raw.githubusercontent.com/firefoxmmx2/v2rayshare_subcription/main/README.md
[OK] proxies=45 new=23 url=https://{raw.githubusercontent.com|cdn.jsdelivr.net}/firefoxmmx2/v2rayshare_subcription/main/subscription/vray_sub.txt
[OK] proxies=51 new=30 url=https://{raw.githubusercontent.com|cdn.jsdelivr.net}/firefoxmmx2/v2rayshare_subcription/main/subscription/clash_sub.yaml
[OK] proxies=52 new=0 url=https://{raw.githubusercontent.com|cdn.jsdelivr.net}/firefoxmmx2/v2rayshare_subcription/main/subscription/mihomo_sub.yaml
[OK] proxies=75 source=[V2Rayshare-RSS] url=https://raw.githubusercontent.com/firefoxmmx2/v2rayshare_subcription/main/README.md
============================================================
[INFO] article try feed: https://www.mibei77.com/feed
[INFO] sublink try page: https://www.mibei77.com/691.html
[OK] proxies=111 new=111 url=https://mm.mibei77.com/202609/09.2364bacfe.txt
[OK] proxies=110 new=0 url=https://mm.mibei77.com/202609/0923Clashizs.yaml
[OK] proxies=111 source=[Mibei77-RSS] url=https://www.mibei77.com/691.html
============================================================
[INFO] article try feed: https://yoyapai.com/feed
[INFO] sublink try page: https://yoyapai.com/730
[OK] proxies=1 new=1 url=https://yoyapai.com/730
[OK] proxies=219 new=219 url=https://freenode.yoyapai.com/2026/09/23-yoyapai.com-clash-vpnmianfeijiedian.yaml
[OK] proxies=219 new=0 url=https://freenode.yoyapai.com/2026/09/23-yoyapai.com-ssrv2ray-vpnmianfeijiedian.txt
[OK] proxies=220 source=[Yoyapai-RSS] url=https://yoyapai.com/730
============================================================
[INFO] sublink try repo: https://github.com/free18/v2ray
[INFO] sublink try page: https://raw.githubusercontent.com/free18/v2ray/main/README.md
[OK] proxies=3 new=3 url=https://raw.githubusercontent.com/free18/v2ray/main/README.md
[OK] proxies=225 new=225 url=https://ghfast.top/https://raw.githubusercontent.com/free18/v2ray/refs/heads/main/v.txt
[OK] proxies=225 new=0 url=https://ghfast.top/https://raw.githubusercontent.com/free18/v2ray/refs/heads/main/c.yaml
[OK] proxies=228 source=[免费节点1] url=https://raw.githubusercontent.com/free18/v2ray/main/README.md
============================================================
[INFO] sublink try repo: https://github.com/ermaozi/get_subscribe
[INFO] sublink try page: https://raw.githubusercontent.com/ermaozi/get_subscribe/main/README.md
[INFO] sublink file_nodes=0 bare links=9
[OK] proxies=304 new=304 url=https://www.ermao.net/sub/{clash|v2ray}/ermao.net
[OK] proxies=303 new=0 url=https://www.ermao.net/sub/{reachable|unreachable|untested}/clash/ermao.net
[OK] proxies=304 source=[免费节点2] url=https://raw.githubusercontent.com/ermaozi/get_subscribe/main/README.md
============================================================
[INFO] sublink try repo: https://github.com/sunmiao4458/free-proxy-airport
[INFO] sublink try page: https://raw.githubusercontent.com/sunmiao4458/free-proxy-airport/main/README.md
[OK] proxies=25 new=25 url=https://sunmiao4458.github.io/free-proxy-airport/clash.yaml
[OK] proxies=25 source=[免费节点3] url=https://raw.githubusercontent.com/sunmiao4458/free-proxy-airport/main/README.md
============================================================
[INFO] sublink try repo: https://github.com/mfuu/FreeProxies
[INFO] sublink try page: https://raw.githubusercontent.com/mfuu/FreeProxies/master/README.md
[OK] proxies=838 new=838 url=https://raw.githubusercontent.com/mfuu/FreeProxies/master/sub.yaml
[OK] proxies=838 source=[免费节点4] url=https://raw.githubusercontent.com/mfuu/FreeProxies/master/README.md
============================================================
[INFO] sublink try repo: https://github.com/vxiaov/free_proxies
[INFO] sublink try page: https://raw.githubusercontent.com/vxiaov/free_proxies/main/README.md
[OK] proxies=1 new=1 url=https://raw.githubusercontent.com/vxiaov/free_proxies/main/README.md
[OK] proxies=28 new=28 url=https://{cdn.jsdelivr.net|raw.githubusercontent.com}/vxiaov/free_proxies/main/clash/clash.provider.yaml
[OK] proxies=29 source=[免费节点5] url=https://raw.githubusercontent.com/vxiaov/free_proxies/main/README.md
============================================================
[INFO] sublink try repo: https://github.com/anaer/Sub
[INFO] sublink try page: https://raw.githubusercontent.com/anaer/Sub/main/README.MD
[OK] proxies=1627 new=1627 url=https://anaer.github.io/Sub/clash.yaml
[OK] proxies=1627 new=0 url=https://raw.githubusercontent.com/anaer/Sub/main/clash.yaml
[OK] proxies=1627 source=[免费节点6] url=https://raw.githubusercontent.com/anaer/Sub/main/README.MD
============================================================
[INFO] sublink try repo: https://github.com/snakem982/proxypool
[INFO] sublink try page: https://raw.githubusercontent.com/snakem982/proxypool/main/README.md
[OK] proxies=64 new=64 url=https://raw.githubusercontent.com/snakem982/proxypool/main/source/clash-meta-2.yaml
[OK] proxies=59 new=0 url=https://raw.githubusercontent.com/snakem982/proxypool/main/source/v2ray-2.txt
[OK] proxies=60 new=0 url=https://raw.githubusercontent.com/snakem982/proxypool/main/source/sing-box-2.json
[OK] proxies=64 source=[免费节点7] url=https://raw.githubusercontent.com/snakem982/proxypool/main/README.md
============================================================
[INFO] sublink try repo: https://github.com/mahdibland/V2RayAggregator
[INFO] sublink try page: https://raw.githubusercontent.com/mahdibland/V2RayAggregator/master/README.md
[OK] proxies=373 new=373 url=https://raw.githubusercontent.com/mahdibland/V2RayAggregator/master/README.md
[OK] proxies=1 new=1 url=https://github.com/mahdibland/SSAggregator/actions/workflows/Collector.yml
[OK] proxies=1 new=0 url=https://github.com/mahdibland/SSAggregator/actions/workflows/Airport_Collector.yml
[OK] proxies=194 new=0 url=https://raw.githubusercontent.com/mahdibland/ShadowsocksAggregator/master/Eternity.txt
[OK] proxies=195 new=4 url=https://raw.githubusercontent.com/mahdibland/ShadowsocksAggregator/master/Eternity.yml
[OK] proxies=61 new=61 url=https://raw.githubusercontent.com/mahdibland/ShadowsocksAggregator/master/EternityAir.txt
[OK] proxies=3822 new=3537 url=https://raw.githubusercontent.com/mahdibland/SSAggregator/master/sub/sub_merge_base64.txt
[OK] proxies=3822 new=0 url=https://raw.githubusercontent.com/mahdibland/{SSAggregator|ShadowsocksAggregator}/master/sub/sub_merge.txt
[OK] proxies=4103 new=328 url=https://raw.githubusercontent.com/mahdibland/SSAggregator/master/sub/sub_merge_yaml.yml
[OK] proxies=61 new=0 url=https://raw.githubusercontent.com/mahdibland/SSAggregator/master/sub/airport_merge_base64.txt
[OK] proxies=61 new=0 url=https://raw.githubusercontent.com/mahdibland/SSAggregator/master/sub/airport_sub_merge.txt
[OK] proxies=1424 new=0 url=https://raw.githubusercontent.com/mahdibland/ShadowsocksAggregator/master/sub/splitted/vmess.txt
[OK] proxies=491 new=0 url=https://raw.githubusercontent.com/mahdibland/ShadowsocksAggregator/master/sub/splitted/trojan.txt
[OK] proxies=54 new=0 url=https://raw.githubusercontent.com/mahdibland/ShadowsocksAggregator/master/sub/splitted/ssr.txt
[OK] proxies=1853 new=0 url=https://raw.githubusercontent.com/mahdibland/ShadowsocksAggregator/master/sub/splitted/ss.txt
[OK] proxies=1 new=0 url=https://cdn.jsdelivr.net/gh/mahdibland/V2RayAggregator@master/update/provider/provider-meta.yml
[OK] proxies=1 new=0 url=https://cdn.jsdelivr.net/gh/mahdibland/V2RayAggregator@master/update/provider/provider-meta-cn.yml
[OK] proxies=1 new=0 url=https://cdn.jsdelivr.net/gh/mahdibland/V2RayAggregator@master/update/provider/provider-meta-others.yml
[OK] proxies=1 new=0 url=https://cdn.jsdelivr.net/gh/mahdibland/V2RayAggregator@master/update/provider/provider.yml
[OK] proxies=1 new=0 url=https://cdn.jsdelivr.net/gh/mahdibland/V2RayAggregator@master/update/provider/provider-cn.yml
[OK] proxies=1 new=0 url=https://cdn.jsdelivr.net/gh/mahdibland/V2RayAggregator@master/update/provider/provider-others.yml
[OK] proxies=4304 source=[免费节点8] url=https://raw.githubusercontent.com/mahdibland/V2RayAggregator/master/README.md
============================================================
[INFO] sublink try repo: https://github.com/w1770946466/Auto_proxy
[INFO] sublink try page: https://raw.githubusercontent.com/w1770946466/Auto_proxy/main/README.md
[OK] proxies=1 new=1 url=https://github.com/w1770946466/Auto_proxy/actions/workflows/main.yml
[OK] proxies=245 new=245 url=https://raw.githubusercontent.com/w1770946466/Auto_proxy/main/{Long_term_subscription2.yaml|Long_term_subscription1.yaml|Long_term_subscription3.yaml}
[OK] proxies=489 new=54 url=https://raw.githubusercontent.com/w1770946466/Auto_proxy/main/{Long_term_subscription1|Long_term_subscription2|Long_term_subscription3|Long_term_subscription4|Long_term_subscription5|Long_term_subscription6|Long_term_subscription7|Long_term_subscription8}
[OK] proxies=489 new=315 url=https://raw.githubusercontent.com/w1770946466/Auto_proxy/main/Long_term_subscription_num
[OK] proxies=615 source=[免费节点9] url=https://raw.githubusercontent.com/w1770946466/Auto_proxy/main/README.md
============================================================
[INFO] sublink try repo: https://github.com/PuddinCat/BestClash
[INFO] sublink try page: https://raw.githubusercontent.com/PuddinCat/BestClash/main/README.md
[OK] proxies=16 new=16 url=https://raw.githubusercontent.com/PuddinCat/BestClash/main/proxies.yaml
[OK] proxies=28 new=28 url=https://cdn.jsdelivr.net/gh/vxiaov/free_proxies@main/clash/clash.provider.yaml
[OK] proxies=24 new=24 url=https://freenode.openrunner.net/uploads/20240807-clash.yaml
[OK] proxies=27 new=27 url=https://raw.githubusercontent.com/Misaka-blog/chromego_merge/main/sub/merged_proxies_new.yaml
[OK] proxies=4774 new=4745 url=https://raw.githubusercontent.com/{NiceVPN123|anaer}/{NiceVPN|Sub}/main/{Clash.yaml|clash.yaml}
[OK] proxies=28 new=4 url=https://raw.githubusercontent.com/{chengaopan|peasoft}/{AutoMergePublicNodes|NoMoreWalls}/master/list.yml
[OK] proxies=310 new=275 url=https://raw.githubusercontent.com/{ermaozi|ermaozi01}/{get_subscribe|free_clash_vpn}/main/subscribe/clash.yml
[OK] proxies=195 new=159 url=https://raw.githubusercontent.com/mahdibland/ShadowsocksAggregator/master/Eternity.yml
[OK] proxies=165 new=160 url=https://raw.githubusercontent.com/ronghuaxueleng/get_v2/main/pub/combine.yaml
[OK] proxies=144 new=3 url=https://raw.githubusercontent.com/zhangkaiitugithub/passcro/main/speednodes.yaml
[OK] proxies=5441 source=[免费节点10] url=https://raw.githubusercontent.com/PuddinCat/BestClash/main/README.md
============================================================
[INFO] sublink try repo: https://github.com/kooker/FreeSubsCheck
[INFO] sublink try page: https://raw.githubusercontent.com/kooker/FreeSubsCheck/main/README.md
[OK] proxies=24 new=24 url=https://raw.githubusercontent.com/kooker/FreeSubsCheck/main/mihomo.yaml
[OK] proxies=24 new=0 url=https://raw.githubusercontent.com/kooker/FreeSubsCheck/main/all.yaml
[OK] proxies=5 new=1 url=https://raw.githubusercontent.com/kooker/FreeSubsCheck/main/base64.txt
[OK] proxies=2 new=2 url=https://raw.githubusercontent.com/kooker/FreeSubsCheck/main/byxiaoxi.txt
[OK] proxies=336 new=334 url=https://raw.githubusercontent.com/kooker/FreeSubsCheck/main/kooker.jp.txt
[OK] proxies=361 source=[免费节点11] url=https://raw.githubusercontent.com/kooker/FreeSubsCheck/main/README.md
============================================================
[INFO] toolkit try repo: https://github.com/Pawdroid/shadowrocket_for_android
[INFO] toolkit try release: https://github.com/Pawdroid/shadowrocket_for_android/releases
[INFO] toolkit try release: https://github.com/Pawdroid/shadowrocket_for_android/releases/expanded_assets/10.10.54
[INFO] toolkit try download: https://github.com/Pawdroid/shadowrocket_for_android/releases/download/10.10.54/Shadowrocket_10.10.54_shadowrocketStandard_arm64-v8a.apk
[OK] toolkit downloaded: Shadowrocket_10.10.54_shadowrocketStandard_arm64-v8a.apk bytes=41179203
[OK] toolkit extracted archive=Shadowrocket_10.10.54_shadowrocketStandard_arm64-v8a.apk tool=zipfile files=1176 dirs=44
[OK] toolkit sr-apk scanned prefixes=38 files=6 keys=2 archive=Shadowrocket_10.10.54_shadowrocketStandard_arm64-v8a.apk
[OK] proxies=1772 new=1772 url=https://{cdn.jsdelivr.net|raw.githubusercontent.com}/pixelor/ecfg/main/data/ecfg6_zh
[OK] proxies=1815 new=277 url=https://{raw.githubusercontent.com|cdn.jsdelivr.net}/pixelor/ecfg/main/data/ecfg6_en
[OK] proxies=163 new=52 url=https://{cdn.jsdelivr.net|raw.githubusercontent.com}/pixelor/ecfg/main/data/ecfg6
[OK] proxies=583 new=0 url=https://{files.shadowrockets.app|cdn.shadowrockets.app}/ecfg/data/ecfg6_zh
[OK] proxies=583 new=0 url=https://{files.shadowrockets.app|cdn.shadowrockets.app}/ecfg/data/ecfg6_en
[OK] proxies=163 new=0 url=https://{files.shadowrockets.app|cdn.shadowrockets.app}/ecfg/data/ecfg6
[OK] proxies=2101 source=[Pawdroid-SR-APK] url=https://github.com/Pawdroid/shadowrocket_for_android/releases/download/10.10.54/Shadowrocket_10.10.54_shadowrocketStandard_arm64-v8a.apk
============================================================
[INFO] toolkit try page: https://shadowshare.v2cross.com
[INFO] toolkit try download: https://shadowshare.v2cross.com/shadowshare.apk
[OK] toolkit downloaded: shadowshare.apk bytes=62868122
[OK] toolkit extracted archive=shadowshare.apk tool=zipfile files=612 dirs=39
[OK] toolkit ss-apk scanned prefixes=10 files=3 keys=1 archive=shadowshare.apk
[OK] proxies=236 new=212 url=https://{raw.githubusercontent.com|jsd.onmicrosoft.cn}/hideme9527/ecsfg/main/data/sareserver
[OK] proxies=1386 new=1305 url=https://{raw.githubusercontent.com|jsd.onmicrosoft.cn}/hideme9527/ecsfg/main/data/sareserver_en
[OK] proxies=144 new=0 url=https://{shadowsharing.com|sare.159236.xyz}/data/sareserver
[OK] proxies=1386 new=0 url=https://{shadowsharing.com|sare.159236.xyz}/data/sareserver_en
[OK] proxies=184 new=33 url=https://gitee.com/api/v5/repos/{elvenapp|zhiminghao|guoyoucai1}/ecsfg/raw/data/sareserver
[OK] proxies=1386 new=0 url=https://gitee.com/api/v5/repos/{guoyoucai1|elvenapp|zhiminghao}/ecsfg/raw/data/sareserver_en
[OK] proxies=1550 source=[Pawdroid-SS-APK] url=https://shadowshare.v2cross.com/shadowshare.apk
============================================================
[INFO] sublink try repo: https://github.com/free-nodes/clashfree
[INFO] sublink try page: https://raw.githubusercontent.com/free-nodes/clashfree/main/README.md
[OK] proxies=152 new=152 url=https://raw.githubusercontent.com/free-nodes/clashfree/main/README.md
[OK] proxies=152 new=0 url=https://raw.githubusercontent.com/free-nodes/clashfree/main/clash20260923.yml
[OK] proxies=1 new=1 url=https://github.com/free-nodes/clashfree/blob/main/clash20260923.yml
[OK] proxies=153 source=[Clashfree] url=https://raw.githubusercontent.com/free-nodes/clashfree/main/README.md
============================================================
[INFO] sublink try repo: https://github.com/Epodonios/v2ray-configs
[INFO] sublink try page: https://raw.githubusercontent.com/Epodonios/v2ray-configs/main/README.md
[OK] proxies=1 new=1 url=https://github.com/Epodonios/V2ray-Configs/actions/workflows/main.yml
[OK] proxies=4174 new=4174 url=https://github.com/Epodonios/v2ray-configs/raw/main/All_Configs_Sub.txt
[OK] proxies=4174 new=0 url=https://github.com/Epodonios/v2ray-configs/raw/main/All_Configs_base64_Sub.txt
[OK] proxies=3420 new=88 url=https://github.com/Epodonios/v2ray-configs/raw/main/Splitted-By-Protocol/vless.txt
[OK] proxies=177 new=0 url=https://github.com/Epodonios/v2ray-configs/raw/main/Splitted-By-Protocol/vmess.txt
[OK] proxies=382 new=6 url=https://github.com/Epodonios/v2ray-configs/raw/main/Splitted-By-Protocol/ss.txt
[OK] proxies=3 new=0 url=https://github.com/Epodonios/v2ray-configs/raw/main/Splitted-By-Protocol/ssr.txt
[OK] proxies=159 new=4 url=https://github.com/Epodonios/v2ray-configs/raw/main/Splitted-By-Protocol/trojan.txt
[OK] proxies=4174 new=0 url=https://raw.githubusercontent.com/Epodonios/v2ray-configs/main/{Sub1.txt|Sub2.txt|Sub3.txt|Sub4.txt|Sub5.txt|Sub6.txt|Sub7.txt|Sub8.txt}
[OK] proxies=4273 source=[Epodonios] url=https://raw.githubusercontent.com/Epodonios/v2ray-configs/main/README.md
============================================================
[INFO] sublink try repo: https://github.com/free-clash-v2ray/free-clash-v2ray.github.io
[INFO] sublink try page: https://raw.githubusercontent.com/free-clash-v2ray/free-clash-v2ray.github.io/main/README.md
[OK] proxies=3279 new=3279 url=https://free-clash-v2ray.github.io/uploads/2026/09/{0-20260920.yaml|1-20260920.yaml|2-20260920.yaml|3-20260920.yaml}
[OK] proxies=4810 new=1941 url=https://free-clash-v2ray.github.io/uploads/2026/09/{0-20260920.txt|1-20260920.txt|2-20260920.txt|3-20260920.txt|4-20260920.txt}
[OK] proxies=5220 source=[Free-clash-v2ray] url=https://raw.githubusercontent.com/free-clash-v2ray/free-clash-v2ray.github.io/main/README.md
============================================================
[INFO] article try page: https://v2rayclashfree.com
[INFO] sublink try page: https://v2rayclashfree.com/fn/20260923.html
[OK] proxies=1034 new=1034 url=https://v2rayclashfree.com/sub/20260923-v2ray.txt
[OK] proxies=970 new=122 url=https://v2rayclashfree.com/sub/20260923-clash.yaml
[OK] proxies=1156 source=[V2rayclashfree-RSS] url=https://v2rayclashfree.com/fn/20260923.html
============================================================
[INFO] raw backup written path=/home/runner/work/Free-node-autotest/Free-node-autotest/output/raw.yaml proxies=28966
[INFO] toolkit try repo: https://github.com/MetaCubeX/mihomo
[INFO] toolkit try release: https://github.com/MetaCubeX/mihomo/releases
[INFO] toolkit try release: https://github.com/MetaCubeX/mihomo/releases/expanded_assets/v1.19.31
[INFO] toolkit try download: https://github.com/MetaCubeX/mihomo/releases/download/v1.19.31/mihomo-linux-amd64-compatible-v1.19.31.gz
[OK] toolkit downloaded: mihomo-linux-amd64-compatible-v1.19.31.gz bytes=22821836
[OK] toolkit sha256 verified: mihomo-linux-amd64-compatible-v1.19.31.gz sha256=04cf9f09671704f839ddbee2e93069dc831a4123a75281e725d1d96ab9ac1afc
[OK] proxy engine ready: starting latency test package=mihomo-linux-amd64-compatible-v1.19.31.gz
============================================================
[WARN] batch start failed size=18096 {1} split -> 9048 {2} + 9048 {3}
[WARN] batch start failed size=9048 {2} split -> 4524 {4} + 4524 {5}
[WARN] batch start failed size=9048 {3} split -> 4524 {6} + 4524 {7}
[WARN] batch start failed size=4524 {4} split -> 2262 {8} + 2262 {9}
[WARN] batch start failed size=2262 {8} split -> 1131 {10} + 1131 {11}
[WARN] batch start failed size=4524 {6} split -> 2262 {12} + 2262 {13}
[WARN] batch start failed size=1131 {10} split -> 565 {14} + 566 {15}
[TEST] {5} tested 100/4524 kept=0 rest=17996
[TEST] {5} tested 200/4524 kept=3 rest=17896
[TEST] {12} tested 100/2262 kept=0 rest=17792
[WARN] batch start failed size=4524 {7} split -> 2262 {16} + 2262 {17}
[TEST] {12} tested 200/2262 kept=0 rest=17685
[TEST] {12} tested 300/2262 kept=0 rest=17572
[TEST] {9} tested 100/2262 kept=11 rest=17356
[TEST] {9} tested 200/2262 kept=12 rest=17239
[TEST] {5} tested 300/4524 kept=3 rest=17214
[TEST] {12} tested 400/2262 kept=0 rest=17157
[TEST] {12} tested 500/2262 kept=0 rest=17049
[TEST] {12} tested 600/2262 kept=0 rest=16946
[TEST] {9} tested 300/2262 kept=15 rest=16763
[TEST] {5} tested 400/4524 kept=3 rest=16755
[TEST] {12} tested 700/2262 kept=0 rest=16586
[TEST] {12} tested 800/2262 kept=0 rest=16479
[TEST] {12} tested 900/2262 kept=0 rest=16377
[TEST] {12} tested 1000/2262 kept=0 rest=16268
[TEST] {9} tested 400/2262 kept=27 rest=16198
[TEST] {5} tested 500/4524 kept=3 rest=16135
[TEST] {9} tested 500/2262 kept=27 rest=16064
[TEST] {9} tested 600/2262 kept=27 rest=15898
[TEST] {9} tested 700/2262 kept=29 rest=15792
[TEST] {12} tested 1100/2262 kept=1 rest=15709
[TEST] {5} tested 600/4524 kept=3 rest=15591
[TEST] {9} tested 800/2262 kept=29 rest=15464
[TEST] {12} tested 1200/2262 kept=11 rest=15444
[TEST] {9} tested 900/2262 kept=29 rest=15291
[TEST] {12} tested 1300/2262 kept=17 rest=15190
[TEST] {12} tested 1400/2262 kept=23 rest=15086
[TEST] {5} tested 700/4524 kept=3 rest=15073
[TEST] {12} tested 1500/2262 kept=94 rest=14983
[TEST] {12} tested 1600/2262 kept=113 rest=14857
[TEST] {12} tested 1700/2262 kept=129 rest=14697
[TEST] {9} tested 1000/2262 kept=49 rest=14581
[TEST] {12} tested 1800/2262 kept=158 rest=14457
[TEST] {9} tested 1100/2262 kept=103 rest=14332
[TEST] {12} tested 1900/2262 kept=192 rest=14286
[TEST] {5} tested 800/4524 kept=3 rest=14283
[TEST] {12} tested 2000/2262 kept=236 rest=14170
[TEST] {12} tested 2100/2262 kept=274 rest=14050
[TEST] {12} tested 2200/2262 kept=294 rest=13945
[TEST] {5} tested 900/4524 kept=3 rest=13755
[TEST] {9} tested 1200/2262 kept=120 rest=13747
[TEST] {12} tested 2262/2262 kept=312 rest=13617
[TEST] {9} tested 1300/2262 kept=120 rest=13605
[WARN] batch start failed size=2262 {13} split -> 1131 {18} + 1131 {19}
[TEST] {5} tested 1000/4524 kept=3 rest=13464
[TEST] {9} tested 1400/2262 kept=120 rest=13399
[TEST] {9} tested 1500/2262 kept=120 rest=13244
[TEST] {5} tested 1100/4524 kept=3 rest=13168
[TEST] {11} tested 100/1131 kept=2 rest=12997
[TEST] {9} tested 1600/2262 kept=120 rest=12924
[TEST] {11} tested 200/1131 kept=35 rest=12826
[TEST] {5} tested 1200/4524 kept=3 rest=12789
[TEST] {9} tested 1700/2262 kept=120 rest=12592
[TEST] {11} tested 300/1131 kept=36 rest=12554
[TEST] {5} tested 1300/4524 kept=3 rest=12348
[TEST] {9} tested 1800/2262 kept=120 rest=12342
[TEST] {5} tested 1400/4524 kept=3 rest=12202
[TEST] {11} tested 400/1131 kept=39 rest=12159
[TEST] {11} tested 500/1131 kept=39 rest=12033
[TEST] {9} tested 1900/2262 kept=120 rest=11942
[TEST] {11} tested 600/1131 kept=47 rest=11900
[TEST] {5} tested 1500/4524 kept=3 rest=11718
[TEST] {5} tested 1600/4524 kept=3 rest=11589
[TEST] {11} tested 700/1131 kept=62 rest=11480
[TEST] {9} tested 2000/2262 kept=120 rest=11458
[TEST] {11} tested 800/1131 kept=66 rest=11339
[TEST] {11} tested 900/1131 kept=66 rest=11216
[TEST] {5} tested 1700/4524 kept=3 rest=11113
[TEST] {11} tested 1000/1131 kept=67 rest=11009
[TEST] {5} tested 1800/4524 kept=3 rest=10932
[TEST] {9} tested 2100/2262 kept=120 rest=10896
[TEST] {5} tested 1900/4524 kept=3 rest=10800
[TEST] {5} tested 2000/4524 kept=6 rest=10655
[TEST] {5} tested 2100/4524 kept=43 rest=10443
[TEST] {11} tested 1100/1131 kept=68 rest=10416
[TEST] {9} tested 2200/2262 kept=120 rest=10409
[TEST] {5} tested 2200/4524 kept=100 rest=10308
[TEST] {5} tested 2300/4524 kept=106 rest=10203
[TEST] {5} tested 2400/4524 kept=115 rest=10081
[TEST] {11} tested 1131/1131 kept=68 rest=9988
[TEST] {9} tested 2262/2262 kept=120 rest=9947
[TEST] {5} tested 2500/4524 kept=115 rest=9941
[WARN] batch start failed size=565 {14} split -> 282 {20} + 283 {21}
[TEST] {15} tested 100/566 kept=7 rest=9828
[WARN] batch start failed size=2262 {16} split -> 1131 {22} + 1131 {23}
[TEST] {5} tested 2600/4524 kept=116 rest=9659
[TEST] {5} tested 2700/4524 kept=127 rest=9548
[WARN] batch start failed size=2262 {17} split -> 1131 {24} + 1131 {25}
[TEST] {15} tested 200/566 kept=55 rest=9487
[WARN] batch start failed size=1131 {19} split -> 565 {26} + 566 {27}
[WARN] batch start failed size=1131 {18} split -> 565 {28} + 566 {29}
[TEST] {15} tested 300/566 kept=69 rest=9327
[TEST] {5} tested 2800/4524 kept=128 rest=9204
[TEST] {21} tested 100/283 kept=1 rest=9195
[TEST] {21} tested 200/283 kept=3 rest=9040
[TEST] {15} tested 400/566 kept=82 rest=8955
[TEST] {5} tested 2900/4524 kept=128 rest=8880
[TEST] {5} tested 3000/4524 kept=128 rest=8713
[TEST] {21} tested 283/283 kept=3 rest=8650
[WARN] batch start failed size=282 {20} split -> 141 {30} + 141 {31}
[WARN] batch start failed size=1131 {22} split -> 565 {32} + 566 {33}
[TEST] {15} tested 500/566 kept=82 rest=8578
[TEST] {5} tested 3100/4524 kept=129 rest=8534
[TEST] {23} tested 100/1131 kept=2 rest=8362
[TEST] {5} tested 3200/4524 kept=129 rest=8228
[TEST] {23} tested 200/1131 kept=4 rest=8171
[TEST] {15} tested 566/566 kept=82 rest=8034
[WARN] batch start failed size=1131 {25} split -> 565 {34} + 566 {35}
[TEST] {5} tested 3300/4524 kept=129 rest=8000
[TEST] {23} tested 300/1131 kept=6 rest=7963
[TEST] {23} tested 400/1131 kept=6 rest=7842
[TEST] {24} tested 100/1131 kept=10 rest=7636
[TEST] {5} tested 3400/4524 kept=129 rest=7548
[TEST] {23} tested 500/1131 kept=7 rest=7516
[TEST] {24} tested 200/1131 kept=66 rest=7422
[TEST] {24} tested 300/1131 kept=122 rest=7264
[TEST] {24} tested 400/1131 kept=139 rest=7148
[TEST] {24} tested 500/1131 kept=151 rest=7033
[TEST] {24} tested 600/1131 kept=155 rest=6927
[TEST] {23} tested 600/1131 kept=10 rest=6849
[TEST] {24} tested 700/1131 kept=160 rest=6807
[TEST] {24} tested 800/1131 kept=163 rest=6699
[TEST] {24} tested 900/1131 kept=164 rest=6587
[TEST] {24} tested 1000/1131 kept=178 rest=6473
[TEST] {5} tested 3500/4524 kept=129 rest=6366
[TEST] {5} tested 3600/4524 kept=129 rest=6200
[TEST] {24} tested 1100/1131 kept=204 rest=6196
[TEST] {23} tested 700/1131 kept=13 rest=6183
[TEST] {23} tested 800/1131 kept=75 rest=6019
[TEST] {24} tested 1131/1131 kept=207 rest=5926
[TEST] {23} tested 900/1131 kept=143 rest=5889
[TEST] {23} tested 1000/1131 kept=154 rest=5787
[WARN] batch start failed size=566 {27} split -> 283 {36} + 283 {37}
[TEST] {5} tested 3700/4524 kept=130 rest=5687
[TEST] {23} tested 1100/1131 kept=164 rest=5577
[TEST] {23} tested 1131/1131 kept=168 rest=5435
[TEST] {5} tested 3800/4524 kept=130 rest=5433
[TEST] {28} tested 100/565 kept=9 rest=5319
[TEST] {28} tested 200/565 kept=30 rest=5206
[TEST] {26} tested 100/565 kept=2 rest=5172
[TEST] {26} tested 200/565 kept=2 rest=5001
[TEST] {28} tested 300/565 kept=60 rest=4987
[TEST] {28} tested 400/565 kept=89 rest=4857
[TEST] {5} tested 3900/4524 kept=131 rest=4687
[TEST] {28} tested 500/565 kept=160 rest=4671
[TEST] {5} tested 4000/4524 kept=132 rest=4516
[TEST] {26} tested 300/565 kept=14 rest=4465
[TEST] {26} tested 400/565 kept=25 rest=4325
[TEST] {28} tested 565/565 kept=185 rest=4251
[TEST] {5} tested 4100/4524 kept=133 rest=4226
[TEST] {5} tested 4200/4524 kept=133 rest=4117
[WARN] batch start failed size=566 {29} split -> 283 {38} + 283 {39}
[WARN] batch start failed size=141 {31} split -> 70 {40} + 71 {41}
[WARN] batch start failed size=141 {30} split -> 70 {42} + 71 {43}
[WARN] batch start failed size=566 {33} split -> 283 {44} + 283 {45}
[TEST] {5} tested 4300/4524 kept=133 rest=4011
[TEST] {32} tested 100/565 kept=1 rest=3841
[TEST] {26} tested 500/565 kept=36 rest=3739
[TEST] {32} tested 200/565 kept=1 rest=3659
[TEST] {5} tested 4400/4524 kept=133 rest=3595
[TEST] {32} tested 300/565 kept=5 rest=3428
[TEST] {26} tested 565/565 kept=36 rest=3368
[TEST] {32} tested 400/565 kept=8 rest=3303
[TEST] {5} tested 4500/4524 kept=133 rest=3287
[WARN] batch start failed size=565 {34} split -> 282 {46} + 283 {47}
[TEST] {32} tested 500/565 kept=8 rest=3179
[TEST] {5} tested 4524/4524 kept=133 rest=3176
[WARN] batch start failed size=283 {36} split -> 141 {48} + 142 {49}
[TEST] {35} tested 100/566 kept=0 rest=3066
[TEST] {35} tested 200/566 kept=0 rest=2965
[TEST] {35} tested 300/566 kept=0 rest=2865
[TEST] {37} tested 100/283 kept=1 rest=2709
[TEST] {37} tested 200/283 kept=3 rest=2598
[TEST] {35} tested 400/566 kept=2 rest=2555
[TEST] {32} tested 565/565 kept=10 rest=2449
[WARN] batch start failed size=283 {39} split -> 141 {50} + 142 {51}
[TEST] {35} tested 500/566 kept=22 rest=2400
[TEST] {38} tested 100/283 kept=4 rest=2265
[TEST] {38} tested 200/283 kept=12 rest=2156
[TEST] {37} tested 283/283 kept=3 rest=2023
[TEST] {35} tested 566/566 kept=25 rest=1963
[WARN] batch start failed size=70 {40} split -> 35 {52} + 35 {53}
[TEST] {38} tested 283/283 kept=37 rest=1927
[WARN] batch start failed size=71 {43} split -> 35 {54} + 36 {55}
[WARN] batch start failed size=283 {44} split -> 141 {56} + 142 {57}
[TEST] {41} tested 71/71 kept=28 rest=1879
[TEST] {45} tested 100/283 kept=0 rest=1778
[WARN] batch start failed size=282 {46} split -> 141 {58} + 141 {59}
[TEST] {45} tested 200/283 kept=1 rest=1678
[TEST] {47} tested 100/283 kept=81 rest=1575
[TEST] {42} tested 70/70 kept=9 rest=1507
[TEST] {45} tested 283/283 kept=1 rest=1294
[TEST] {47} tested 200/283 kept=123 rest=1267
[WARN] batch start failed size=141 {48} split -> 70 {60} + 71 {61}
[TEST] {49} tested 100/142 kept=0 rest=1113
[TEST] {49} tested 142/142 kept=0 rest=1067
[WARN] batch start failed size=141 {50} split -> 70 {62} + 71 {63}
[WARN] batch start failed size=35 {53} split -> 17 {64} + 18 {65}
[TEST] {47} tested 283/283 kept=123 rest=1029
[WARN] batch start failed size=35 {54} split -> 17 {66} + 18 {67}
[TEST] {51} tested 100/142 kept=7 rest=1003
[WARN] batch start failed size=36 {55} split -> 18 {68} + 18 {69}
[TEST] {51} tested 142/142 kept=7 rest=961
[WARN] batch start failed size=142 {57} split -> 71 {70} + 71 {71}
[TEST] {56} tested 100/141 kept=0 rest=861
[WARN] batch start failed size=141 {59} split -> 70 {72} + 71 {73}
[TEST] {58} tested 100/141 kept=14 rest=756
[TEST] {52} tested 35/35 kept=0 rest=747
[WARN] batch start failed size=70 {60} split -> 35 {74} + 35 {75}
[TEST] {56} tested 141/141 kept=0 rest=651
[WARN] batch start failed size=70 {62} split -> 35 {76} + 35 {77}
[TEST] {58} tested 141/141 kept=17 rest=555
[WARN] batch start failed size=17 {64} split -> 8 {78} + 9 {79}
[TEST] {61} tested 71/71 kept=0 rest=522
[WARN] batch start failed size=18 {67} split -> 9 {80} + 9 {81}
[TEST] {63} tested 71/71 kept=1 rest=501
[TEST] {65} tested 18/18 kept=1 rest=492
[WARN] batch start failed size=18 {68} split -> 9 {82} + 9 {83}
[WARN] batch start failed size=71 {71} split -> 35 {84} + 36 {85}
[TEST] {66} tested 17/17 kept=6 rest=450
[TEST] {69} tested 18/18 kept=0 rest=362
[WARN] batch start failed size=70 {72} split -> 35 {86} + 35 {87}
[TEST] {70} tested 71/71 kept=0 rest=325
[WARN] batch start failed size=35 {74} split -> 17 {88} + 18 {89}
[TEST] {73} tested 71/71 kept=61 rest=317
[WARN] batch start failed size=35 {76} split -> 17 {90} + 18 {91}
[WARN] batch start failed size=9 {79} split -> 4 {92} + 5 {93}
[TEST] {75} tested 35/35 kept=4 rest=261
[TEST] {77} tested 35/35 kept=1 rest=250
[WARN] batch start failed size=9 {81} split -> 4 {94} + 5 {95}
[TEST] {78} tested 8/8 kept=0 rest=248
[WARN] batch start failed size=9 {83} split -> 4 {96} + 5 {97}
[WARN] batch start failed size=9 {82} split -> 4 {98} + 5 {99}
[WARN] batch start failed size=36 {85} split -> 18 {100} + 18 {101}
[WARN] batch start failed size=35 {86} split -> 17 {102} + 18 {103}
[TEST] {80} tested 9/9 kept=0 rest=190
[WARN] batch start failed size=17 {88} split -> 8 {104} + 9 {105}
[TEST] {84} tested 35/35 kept=0 rest=170
[WARN] batch start failed size=17 {90} split -> 8 {106} + 9 {107}
[TEST] {87} tested 35/35 kept=34 rest=169
[WARN] batch start failed size=5 {93} split -> 2 {108} + 3 {109}
[WARN] batch start failed size=4 {92} split -> 2 {110} + 2 {111}
[TEST] {89} tested 18/18 kept=0 rest=154
[WARN] batch start failed size=5 {95} split -> 2 {112} + 3 {113}
[WARN] batch start failed size=5 {97} split -> 2 {114} + 3 {115}
[WARN] batch start failed size=4 {96} split -> 2 {116} + 2 {117}
[WARN] batch start failed size=4 {98} split -> 2 {118} + 2 {119}
[TEST] {91} tested 18/18 kept=2 rest=138
[WARN] batch start failed size=18 {100} split -> 9 {120} + 9 {121}
[TEST] {94} tested 4/4 kept=0 rest=132
[WARN] batch start failed size=18 {103} split -> 9 {122} + 9 {123}
[TEST] {99} tested 5/5 kept=0 rest=122
[TEST] {101} tested 18/18 kept=0 rest=107
[WARN] batch start failed size=9 {105} split -> 4 {124} + 5 {125}
[WARN] batch start failed size=8 {106} split -> 4 {126} + 4 {127}
[TEST] {102} tested 17/17 kept=2 rest=97
[WARN] batch start failed size=3 {109} split -> 1 {128} + 2 {129}
[WARN] batch start failed size=2 {108} split -> 1 {130} + 1 {131}
[WARN] batch start failed size=2 {111} split -> 1 {132} + 1 {133}
[TEST] {104} tested 8/8 kept=0 rest=87
[TEST] {112} tested 2/2 kept=0 rest=85
[WARN] batch start failed size=3 {113} split -> 1 {134} + 2 {135}
[WARN] batch start failed size=2 {114} split -> 1 {136} + 1 {137}
[WARN] batch start failed size=3 {115} split -> 1 {138} + 2 {139}
[TEST] {107} tested 9/9 kept=0 rest=78
[WARN] batch start failed size=2 {117} split -> 1 {140} + 1 {141}
[TEST] {110} tested 2/2 kept=0 rest=75
[WARN] batch start failed size=2 {118} split -> 1 {142} + 1 {143}
[WARN] batch start failed size=9 {121} split -> 4 {144} + 5 {145}
[TEST] {116} tested 2/2 kept=0 rest=65
[TEST] {119} tested 2/2 kept=0 rest=60
[WARN] batch start failed size=9 {123} split -> 4 {146} + 5 {147}
[TEST] {120} tested 9/9 kept=0 rest=57
[WARN] batch start failed size=5 {125} split -> 2 {148} + 3 {149}
[TEST] {122} tested 9/9 kept=1 rest=51
[WARN] batch start failed size=4 {127} split -> 2 {150} + 2 {151}
[REPAIR] {128} name=[ChromeGO-Merge] United-5 fields=up,down
[TEST] {124} tested 4/4 kept=0 rest=48
[REPAIR] {130} name=[ChromeGO-Merge] United-4 fields=up,down
[TEST] {129} tested 2/2 kept=0 rest=46
[REPAIR] {131} name=[ChromeGO-Merge] Taiwan-2 fields=up,down
[REPAIR] {132} name=[ChromeGO-Merge] Taiwan fields=up,down
[REPAIR] {133} name=[ChromeGO-Merge] France fields=up,down
[TEST] {131} tested 1/1 kept=0 rest=45
[WARN] batch start failed size=2 {135} split -> 1 {152} + 1 {153}
[TEST] {132} tested 1/1 kept=0 rest=44
[REPAIR] {134} name=[ChromeGO-ShiteThings] hysteria fields=up,down
[REPAIR] {136} name=[ChromeGO-Merge] United fields=up,down
[TEST] {126} tested 4/4 kept=0 rest=42
[REPAIR] {137} name=[ChromeGO-Merge] France_hysteria_1 fields=up,down
[TEST] {134} tested 1/1 kept=0 rest=41
[REPAIR] {138} name=[ChromeGO-Merge] United-2 fields=up,down
[REPAIR] {141} name=[ChromeGO-Merge] WARP fields=dialer-proxy
[TEST] {139} tested 2/2 kept=0 rest=39
[REPAIR] {143} name=[ChromeGO-ShiteThings] hysteria-5 fields=up,down
[REPAIR] {142} name=[ChromeGO-ShiteThings] hysteria-4 fields=up,down
[WARN] batch start failed size=5 {145} split -> 2 {154} + 3 {155}
[TEST] {128} tested 1/1 kept=0 rest=37
[TEST] {142} tested 1/1 kept=0 rest=34
[TEST] {130} tested 1/1 kept=0 rest=32
[TEST] {146} tested 4/4 kept=4 rest=31
[WARN] batch start failed size=5 {147} split -> 2 {156} + 3 {157}
[TEST] {133} tested 1/1 kept=0 rest=29
[TEST] {136} tested 1/1 kept=0 rest=28
[TEST] {140} tested 1/1 kept=0 rest=27
[TEST] {137} tested 1/1 kept=0 rest=26
[TEST] {138} tested 1/1 kept=0 rest=25
[WARN] batch start failed size=3 {149} split -> 1 {158} + 2 {159}
[TEST] {141} tested 1/1 kept=0 rest=24
[TEST] {150} tested 2/2 kept=0 rest=22
[TEST] {143} tested 1/1 kept=0 rest=21
[TEST] {144} tested 4/4 kept=1 rest=19
[WARN] batch start failed size=2 {151} split -> 1 {160} + 1 {161}
[REPAIR] {152} name=[ChromeGO-ShiteThings] hysteria-2 fields=up,down
[REPAIR] {153} name=[ChromeGO-ShiteThings] hysteria-3 fields=up,down
[WARN] batch start failed size=3 {155} split -> 1 {162} + 2 {163}
[TEST] {154} tested 2/2 kept=0 rest=17
[TEST] {153} tested 1/1 kept=0 rest=16
[TEST] {152} tested 1/1 kept=0 rest=15
[WARN] batch start failed size=2 {156} split -> 1 {164} + 1 {165}
[TEST] {157} tested 3/3 kept=3 rest=12
[REPAIR] {158} name=[Epodonios] EPODONIOS-102 fields=cipher
[REPAIR] {160} name=[Pawdroid-SS-APK] United+Kingdom-2 fields=cipher
[TEST] {148} tested 2/2 kept=0 rest=9
[DROP] {162} name=[Epodonios] vless-92 server=201.10.90.24:2027 reason=Parse config error: proxy 0: 'reality-opts' has unset fields: public-key
[TEST] {161} tested 1/1 kept=0 rest=7
[TEST] {160} tested 1/1 kept=1 rest=6
[REPAIR] {164} name=[Free-clash-v2ray] hysteria fields=up,down
[TEST] {164} tested 1/1 kept=0 rest=4
[TEST] {165} tested 1/1 kept=1 rest=3
[TEST] {159} tested 2/2 kept=0 rest=2
[TEST] {158} tested 1/1 kept=0 rest=1
[TEST] {163} tested 2/2 kept=0 rest=0
[INFO] dropped=1 [Epodonios] × 1
============================================================
[INFO] core-dedupe dropped 1 same-host variants, kept higher health_score
[INFO] cap live source=[免费节点2] from 66 to 50 by health_score
[INFO] cap live source=[免费节点6] from 58 to 50 by health_score
[INFO] cap live source=[免费节点8] from 176 to 50 by health_score
[INFO] cap live source=[Pawdroid-SR-APK] from 496 to 50 by health_score
[INFO] cap live source=[Free-clash-v2ray] from 611 to 50 by health_score
[INFO] cap live total from 539 to 400 floor=5 then health_score pool
[INFO] cap live reserved=108 pool=431 taken=292
============================================================
+------------------------------+--------+--------+------+--------+
| source                       |    raw | unique | live | capped |
+------------------------------+--------+--------+------+--------+
| [大FQ运动]                   |     12 |     12 |    5 |      5 |
+------------------------------+--------+--------+------+--------+
| [Pawdroid]                   |     22 |     21 |    3 |      3 |
+------------------------------+--------+--------+------+--------+
| [FreeV2-Base64]              |      3 |      3 |    1 |      1 |
+------------------------------+--------+--------+------+--------+
| [Bocchi2b-Base64]            |     32 |     32 |    0 |      0 |
+------------------------------+--------+--------+------+--------+
| [ChromeGO-Toolkit]           |     14 |     14 |    5 |      5 |
+------------------------------+--------+--------+------+--------+
| [ChromeGO-ShiteThings]       |     31 |     25 |    1 |      1 |
+------------------------------+--------+--------+------+--------+
| [ChromeGO-Merge]             |    113 |    113 |    4 |      4 |
+------------------------------+--------+--------+------+--------+
| [Freesocks]                  |      1 |      1 |    0 |      0 |
+------------------------------+--------+--------+------+--------+
| [NekoWarp]                   |     10 |     10 |   10 |     10 |
+------------------------------+--------+--------+------+--------+
| [1VPN-CRX]                   |     17 |     17 |   12 |      5 |
+------------------------------+--------+--------+------+--------+
| [OpenRunner-RSS]             |     14 |      0 |    0 |      0 |
+------------------------------+--------+--------+------+--------+
| [V2Rayshare-RSS]             |     75 |     75 |    4 |      4 |
+------------------------------+--------+--------+------+--------+
| [Mibei77-RSS]                |    111 |     96 |    0 |      0 |
+------------------------------+--------+--------+------+--------+
| [Yoyapai-RSS]                |    220 |    188 |    6 |      5 |
+------------------------------+--------+--------+------+--------+
| [免费节点1]                  |    228 |    131 |   12 |      5 |
+------------------------------+--------+--------+------+--------+
| [免费节点2]                  |    304 |    251 |   66 |     28 |
+------------------------------+--------+--------+------+--------+
| [免费节点3]                  |     25 |      0 |    0 |      0 |
+------------------------------+--------+--------+------+--------+
| [免费节点4]                  |    838 |    714 |   39 |     34 |
+------------------------------+--------+--------+------+--------+
| [免费节点5]                  |     29 |     28 |    0 |      0 |
+------------------------------+--------+--------+------+--------+
| [免费节点6]                  |   1627 |   1575 |   58 |     38 |
+------------------------------+--------+--------+------+--------+
| [免费节点7]                  |     64 |     35 |   31 |     20 |
+------------------------------+--------+--------+------+--------+
| [免费节点8]                  |   4304 |   3438 |  176 |     50 |
+------------------------------+--------+--------+------+--------+
| [免费节点9]                  |    615 |    457 |    0 |      0 |
+------------------------------+--------+--------+------+--------+
| [免费节点10]                 |   5441 |   3090 |   18 |      9 |
+------------------------------+--------+--------+------+--------+
| [免费节点11]                 |    361 |    203 |   35 |     17 |
+------------------------------+--------+--------+------+--------+
| [Pawdroid-SR-APK]            |   2101 |   1603 |  496 |     50 |
+------------------------------+--------+--------+------+--------+
| [Pawdroid-SS-APK]            |   1550 |    750 |   35 |     18 |
+------------------------------+--------+--------+------+--------+
| [Clashfree]                  |    153 |     37 |   15 |     11 |
+------------------------------+--------+--------+------+--------+
| [Epodonios]                  |   4273 |   2511 |   31 |     14 |
+------------------------------+--------+--------+------+--------+
| [Free-clash-v2ray]           |   5220 |   2558 |  611 |     50 |
+------------------------------+--------+--------+------+--------+
| [V2rayclashfree-RSS]         |   1156 |    108 |   23 |     13 |
+------------------------------+--------+--------+------+--------+
============================================================
[SUMMARY] total_nodes=28964
[SUMMARY] legal_candidates=18096
[SUMMARY] passed_latency_test=400
[SUMMARY] region_HK=2 region_JP=2 region_US=124
[SUMMARY] avg_latency_ms=221.69
[SUMMARY] output=/home/runner/work/Free-node-autotest/Free-node-autotest/output/clash.yaml
============================================================
