============================================================
[INFO] sublink try page: https://end-gfw.com
[OK] proxies=2 new=2 url=https://raw.githubusercontent.com/hello-world-1989/cn-news/refs/heads/main/clash.yaml
[OK] proxies=2 new=0 url=https://raw.githubusercontent.com/hello-world-1989/cn-news/main/end-gfw-together
[OK] proxies=2 new=2 url=https://raw.githubusercontent.com/hello-world-1989/cn-news/main/end-gfw-together-ss
[INFO] source try url: https://end-gfw.com/ss-key
[OK] proxies=4 new=4 url=https://end-gfw.com/ss-key
[INFO] sublink try repo: https://github.com/hello-world-1989/cn-news
[INFO] sublink try page: https://raw.githubusercontent.com/hello-world-1989/cn-news/main/README.md
[OK] proxies=6 new=6 url=https://raw.githubusercontent.com/hello-world-1989/v2-sub/main/end-gfw-together-af3e13
[OK] proxies=14 source=[大FQ运动] url=https://raw.githubusercontent.com/hello-world-1989/cn-news/main/README.md
============================================================
[INFO] sublink try repo: https://github.com/Pawdroid/Free-servers
[INFO] sublink try page: https://raw.githubusercontent.com/Pawdroid/Free-servers/main/README.md
[OK] proxies=20 new=20 url=https://raw.githubusercontent.com/Pawdroid/Free-servers/main/README.md
[OK] proxies=20 new=0 url=https://raw.githubusercontent.com/Pawdroid/Free-servers/main/sub
[OK] proxies=1 new=1 url=https://apps.apple.com/cn/app/shadowshare/id1612647259
[OK] proxies=1 new=1 url=http://www.surflare.com
[OK] proxies=22 source=[Pawdroid] url=https://raw.githubusercontent.com/Pawdroid/Free-servers/main/README.md
============================================================
[INFO] source try url: https://xmxosfepggzm.503403.xyz
[OK] proxies=3 new=3 url=https://xmxosfepggzm.503403.xyz
[OK] proxies=3 source=[FreeV2-Base64] url=https://xmxosfepggzm.503403.xyz
============================================================
[INFO] source try url: https://links.bocchi2b.top/clash
[OK] proxies=35 new=35 url=https://links.bocchi2b.top/clash
[OK] proxies=35 source=[Bocchi2b-Base64] url=https://links.bocchi2b.top/clash
============================================================
[INFO] toolkit try repo: https://github.com/bannedbook/fanqiang
[INFO] toolkit try release: https://github.com/bannedbook/fanqiang/releases
[INFO] toolkit try release: https://github.com/bannedbook/fanqiang/releases/expanded_assets/ChromeGo-latest
[INFO] toolkit try download: https://github.com/bannedbook/fanqiang/releases/download/ChromeGo-latest/ChromeGo.7z
[OK] toolkit downloaded: ChromeGo.7z bytes=100924352
[OK] toolkit extracted archive=ChromeGo.7z tool=7z files=222 dirs=45
[OK] toolkit discovered subs=107 embedded=12 archive=ChromeGo.7z
[OK] proxies=6 new=6 embedded=archive-config
[OK] proxies=7 new=5 url=https://gitlab.com/free9999/ipupdate/master/backup/img/1/2/{ipp|ip}/{hysteria2|singbox|naiveproxy|hysteria|xray}/{2|3|1|4}/config.json
[OK] proxies=7 new=0 url=https://www.67867867.xyz/Alvin9999/PAC/refs/heads/master/backup/img/1/2/{ipp|ip}/{hysteria2|singbox|naiveproxy|hysteria|xray}/{2|3|1|4}/config.json
[OK] proxies=3 new=3 url=https://gitlab.com/free9999/ipupdate/master/backup/img/1/2/{ipp|ip}/clash.meta2/{2|3|1|5|4|6}/config.yaml
[OK] proxies=3 new=0 url=https://www.67867867.xyz/Alvin9999/PAC/refs/heads/master/backup/img/1/2/{ipp|ip}/clash.meta2/{2|3|1|5|4|6}/config.yaml
[OK] proxies=14 source=[ChromeGO-Toolkit] url=https://github.com/bannedbook/fanqiang/releases/download/ChromeGo-latest/ChromeGo.7z
============================================================
[INFO] sublink try repo: https://github.com/ShiteThings/extractNodes
[INFO] sublink try page: https://raw.githubusercontent.com/ShiteThings/extractNodes/main/README.md
[OK] proxies=31 new=30 url=https://{chg26.makou.cc.cd|chg64.makou.cc.cd}
[OK] proxies=26 new=1 url=https://chg26.makou.cc.cd/sb
[OK] proxies=31 source=[ChromeGO-ShiteThings] url=https://raw.githubusercontent.com/ShiteThings/extractNodes/main/README.md
============================================================
[INFO] sublink try repo: https://github.com/shangui999/chromego_merge
[INFO] sublink try page: https://raw.githubusercontent.com/shangui999/chromego_merge/master/ReadMe.md
[OK] proxies=10 new=10 url=https://freedman.netlify.app/sub/merged_proxies_new.yaml
[OK] proxies=11 new=1 url=https://freedman.netlify.app/sub/merged_warp_proxies_new.yaml
[OK] proxies=11 new=6 url=https://freedman.netlify.app/sub/shadowrocket_base64.txt
[OK] proxies=16 new=16 url=https://freedman.netlify.app/sub/sb.json
[INFO] sublink try repo: https://github.com/yaney01/chromego
[INFO] sublink try page: https://raw.githubusercontent.com/yaney01/chromego/main/ReadMe.md
[OK] proxies=50 new=46 url=https://raw.githubusercontent.com/yaney01/chromego/main/sub/merged_proxies_new.yaml
[OK] proxies=51 new=0 url=https://raw.githubusercontent.com/yaney01/chromego/main/sub/merged_warp_proxies_new.yaml
[OK] proxies=13 new=7 url=https://raw.githubusercontent.com/yaney01/chromego/main/sub/shadowrocket_base64.txt
[OK] proxies=13 new=0 url=https://raw.githubusercontent.com/yaney01/chromego/main/sub/sb.json
[INFO] sublink try repo: https://github.com/Misaka-blog/chromego_merge
[INFO] sublink try page: https://raw.githubusercontent.com/Misaka-blog/chromego_merge/main/README.md
[OK] proxies=26 new=26 url=https://chromego-sub.netlify.app/sub/merged_proxies_new.yaml
[OK] proxies=112 source=[ChromeGO-Merge] url=https://raw.githubusercontent.com/Misaka-blog/chromego_merge/main/README.md
============================================================
[INFO] source try url: https://freesocks.org/api/v1/sub/02b897e8e77f19176b0b9f2c75864b00
[OK] proxies=3 new=3 url=https://freesocks.org/api/v1/sub/02b897e8e77f19176b0b9f2c75864b00
[OK] proxies=3 source=[Freesocks] url=https://freesocks.org/api/v1/sub/02b897e8e77f19176b0b9f2c75864b00
============================================================
[INFO] source try url: https://neko-warp.nloli.xyz/neko_warp.yaml
[OK] proxies=10 new=10 url=https://neko-warp.nloli.xyz/neko_warp.yaml
[OK] proxies=10 source=[NekoWarp] url=https://neko-warp.nloli.xyz/neko_warp.yaml
============================================================
[INFO] article try feed: https://free.datiya.com/index.xml
[INFO] sublink try page: https://free.datiya.com/post/20260917/
[OK] proxies=14 new=14 url=https://free.datiya.com/uploads/20260917-clash.yaml
[OK] proxies=14 source=[OpenRunner-RSS] url=https://free.datiya.com/post/20260917/
============================================================
[INFO] article try feed: https://v2rayshare.com/feed
[INFO] sublink try page: https://v2rayshare.net/p/5063.html
[OK] proxies=27 new=27 url=https://static.v2rayshare.net/2026/09/20260917.txt
[OK] proxies=27 new=0 url=https://static.v2rayshare.net/2026/09/20260917.yaml
[OK] proxies=27 new=0 url=https://static.v2rayshare.net/2026/09/m20260917.yaml
[INFO] sublink try repo: https://github.com/firefoxmmx2/v2rayshare_subcription
[INFO] sublink try page: https://raw.githubusercontent.com/firefoxmmx2/v2rayshare_subcription/main/README.md
[OK] proxies=27 new=0 url=https://{raw.githubusercontent.com|cdn.jsdelivr.net}/firefoxmmx2/v2rayshare_subcription/main/subscription/vray_sub.txt
[OK] proxies=27 new=0 url=https://{raw.githubusercontent.com|cdn.jsdelivr.net}/firefoxmmx2/v2rayshare_subcription/main/subscription/clash_sub.yaml
[OK] proxies=27 new=0 url=https://{raw.githubusercontent.com|cdn.jsdelivr.net}/firefoxmmx2/v2rayshare_subcription/main/subscription/mihomo_sub.yaml
[OK] proxies=27 source=[V2Rayshare-RSS] url=https://raw.githubusercontent.com/firefoxmmx2/v2rayshare_subcription/main/README.md
============================================================
[INFO] article try feed: https://www.mibei77.com/feed
[INFO] sublink try page: https://www.mibei77.com/677.html
[OK] proxies=110 new=110 url=https://mm.mibei77.com/202609/09.1764bacvd.txt
[OK] proxies=108 new=0 url=https://mm.mibei77.com/202609/0917Clashizx.yaml
[OK] proxies=110 source=[Mibei77-RSS] url=https://www.mibei77.com/677.html
============================================================
[INFO] article try feed: https://yoyapai.com/feed
[INFO] sublink try page: https://yoyapai.com/722
[OK] proxies=1 new=1 url=https://yoyapai.com/722
[OK] proxies=212 new=212 url=https://freenode.yoyapai.com/2026/09/17-yoyapai.com-clash-vpn-mianfeijiedian.yaml
[OK] proxies=212 new=0 url=https://freenode.yoyapai.com/2026/09/17-yoyapai.com-ssrv2ray-vpn-mianfeijiedian.txt
[OK] proxies=213 source=[Yoyapai-RSS] url=https://yoyapai.com/722
============================================================
[INFO] sublink try repo: https://github.com/free18/v2ray
[INFO] sublink try page: https://raw.githubusercontent.com/free18/v2ray/main/README.md
[OK] proxies=3 new=3 url=https://raw.githubusercontent.com/free18/v2ray/main/README.md
[OK] proxies=116 new=116 url=https://ghfast.top/https://raw.githubusercontent.com/free18/v2ray/refs/heads/main/v.txt
[OK] proxies=116 new=0 url=https://ghfast.top/https://raw.githubusercontent.com/free18/v2ray/refs/heads/main/c.yaml
[OK] proxies=119 source=[免费节点1] url=https://raw.githubusercontent.com/free18/v2ray/main/README.md
============================================================
[INFO] sublink try repo: https://github.com/ermaozi/get_subscribe
[INFO] sublink try page: https://raw.githubusercontent.com/ermaozi/get_subscribe/main/README.md
[INFO] sublink file_nodes=0 bare links=9
[OK] proxies=425 new=425 url=https://www.ermao.net/sub/{clash|v2ray}/ermao.net
[OK] proxies=423 new=0 url=https://www.ermao.net/sub/{reachable|unreachable|untested}/clash/ermao.net
[OK] proxies=425 source=[免费节点2] url=https://raw.githubusercontent.com/ermaozi/get_subscribe/main/README.md
============================================================
[INFO] sublink try repo: https://github.com/sunmiao4458/free-proxy-airport
[INFO] sublink try page: https://raw.githubusercontent.com/sunmiao4458/free-proxy-airport/main/README.md
[OK] proxies=59 new=59 url=https://sunmiao4458.github.io/free-proxy-airport/clash.yaml
[OK] proxies=59 source=[免费节点3] url=https://raw.githubusercontent.com/sunmiao4458/free-proxy-airport/main/README.md
============================================================
[INFO] sublink try repo: https://github.com/mfuu/FreeProxies
[INFO] sublink try page: https://raw.githubusercontent.com/mfuu/FreeProxies/master/README.md
[OK] proxies=754 new=754 url=https://raw.githubusercontent.com/mfuu/FreeProxies/master/sub.yaml
[OK] proxies=754 source=[免费节点4] url=https://raw.githubusercontent.com/mfuu/FreeProxies/master/README.md
============================================================
[INFO] sublink try repo: https://github.com/vxiaov/free_proxies
[INFO] sublink try page: https://raw.githubusercontent.com/vxiaov/free_proxies/main/README.md
[OK] proxies=1 new=1 url=https://raw.githubusercontent.com/vxiaov/free_proxies/main/README.md
[OK] proxies=28 new=28 url=https://{cdn.jsdelivr.net|raw.githubusercontent.com}/vxiaov/free_proxies/main/clash/clash.provider.yaml
[OK] proxies=29 source=[免费节点5] url=https://raw.githubusercontent.com/vxiaov/free_proxies/main/README.md
============================================================
[INFO] sublink try repo: https://github.com/anaer/Sub
[INFO] sublink try page: https://raw.githubusercontent.com/anaer/Sub/main/README.MD
[OK] proxies=626 new=626 url=https://anaer.github.io/Sub/clash.yaml
[OK] proxies=626 new=0 url=https://raw.githubusercontent.com/anaer/Sub/main/clash.yaml
[OK] proxies=626 source=[免费节点6] url=https://raw.githubusercontent.com/anaer/Sub/main/README.MD
============================================================
[INFO] sublink try repo: https://github.com/snakem982/proxypool
[INFO] sublink try page: https://raw.githubusercontent.com/snakem982/proxypool/main/README.md
[OK] proxies=62 new=62 url=https://raw.githubusercontent.com/snakem982/proxypool/main/source/clash-meta-2.yaml
[OK] proxies=61 new=0 url=https://raw.githubusercontent.com/snakem982/proxypool/main/source/v2ray-2.txt
[OK] proxies=56 new=0 url=https://raw.githubusercontent.com/snakem982/proxypool/main/source/sing-box-2.json
[OK] proxies=62 source=[免费节点7] url=https://raw.githubusercontent.com/snakem982/proxypool/main/README.md
============================================================
[INFO] sublink try repo: https://github.com/mahdibland/V2RayAggregator
[INFO] sublink try page: https://raw.githubusercontent.com/mahdibland/V2RayAggregator/master/README.md
[OK] proxies=379 new=379 url=https://raw.githubusercontent.com/mahdibland/V2RayAggregator/master/README.md
[OK] proxies=1 new=1 url=https://github.com/mahdibland/SSAggregator/actions/workflows/Collector.yml
[OK] proxies=1 new=0 url=https://github.com/mahdibland/SSAggregator/actions/workflows/Airport_Collector.yml
[OK] proxies=197 new=0 url=https://raw.githubusercontent.com/mahdibland/ShadowsocksAggregator/master/Eternity.txt
[OK] proxies=197 new=19 url=https://raw.githubusercontent.com/mahdibland/ShadowsocksAggregator/master/Eternity.yml
[OK] proxies=61 new=61 url=https://raw.githubusercontent.com/mahdibland/ShadowsocksAggregator/master/EternityAir.txt
[OK] proxies=3816 new=3515 url=https://raw.githubusercontent.com/mahdibland/SSAggregator/master/sub/sub_merge_base64.txt
[OK] proxies=3816 new=0 url=https://raw.githubusercontent.com/mahdibland/{SSAggregator|ShadowsocksAggregator}/master/sub/sub_merge.txt
[OK] proxies=4029 new=241 url=https://raw.githubusercontent.com/mahdibland/SSAggregator/master/sub/sub_merge_yaml.yml
[OK] proxies=61 new=0 url=https://raw.githubusercontent.com/mahdibland/SSAggregator/master/sub/airport_merge_base64.txt
[OK] proxies=61 new=0 url=https://raw.githubusercontent.com/mahdibland/SSAggregator/master/sub/airport_sub_merge.txt
[OK] proxies=1381 new=0 url=https://raw.githubusercontent.com/mahdibland/ShadowsocksAggregator/master/sub/splitted/vmess.txt
[OK] proxies=566 new=0 url=https://raw.githubusercontent.com/mahdibland/ShadowsocksAggregator/master/sub/splitted/trojan.txt
[OK] proxies=43 new=0 url=https://raw.githubusercontent.com/mahdibland/ShadowsocksAggregator/master/sub/splitted/ssr.txt
[OK] proxies=1827 new=0 url=https://raw.githubusercontent.com/mahdibland/ShadowsocksAggregator/master/sub/splitted/ss.txt
[OK] proxies=1 new=0 url=https://cdn.jsdelivr.net/gh/mahdibland/V2RayAggregator@master/update/provider/provider-meta.yml
[OK] proxies=1 new=0 url=https://cdn.jsdelivr.net/gh/mahdibland/V2RayAggregator@master/update/provider/provider-meta-cn.yml
[OK] proxies=1 new=0 url=https://cdn.jsdelivr.net/gh/mahdibland/V2RayAggregator@master/update/provider/provider-meta-others.yml
[OK] proxies=1 new=0 url=https://cdn.jsdelivr.net/gh/mahdibland/V2RayAggregator@master/update/provider/provider.yml
[OK] proxies=1 new=0 url=https://cdn.jsdelivr.net/gh/mahdibland/V2RayAggregator@master/update/provider/provider-cn.yml
[OK] proxies=1 new=0 url=https://cdn.jsdelivr.net/gh/mahdibland/V2RayAggregator@master/update/provider/provider-others.yml
[OK] proxies=4216 source=[免费节点8] url=https://raw.githubusercontent.com/mahdibland/V2RayAggregator/master/README.md
============================================================
[INFO] sublink try repo: https://github.com/w1770946466/Auto_proxy
[INFO] sublink try page: https://raw.githubusercontent.com/w1770946466/Auto_proxy/main/README.md
[OK] proxies=1 new=1 url=https://github.com/w1770946466/Auto_proxy/actions/workflows/main.yml
[OK] proxies=245 new=245 url=https://raw.githubusercontent.com/w1770946466/Auto_proxy/main/{Long_term_subscription2.yaml|Long_term_subscription1.yaml|Long_term_subscription3.yaml}
[OK] proxies=489 new=54 url=https://raw.githubusercontent.com/w1770946466/Auto_proxy/main/{Long_term_subscription1|Long_term_subscription2|Long_term_subscription3|Long_term_subscription4|Long_term_subscription5|Long_term_subscription6|Long_term_subscription7|Long_term_subscription8}
[OK] proxies=489 new=315 url=https://raw.githubusercontent.com/w1770946466/Auto_proxy/main/Long_term_subscription_num
[OK] proxies=615 source=[免费节点9] url=https://raw.githubusercontent.com/w1770946466/Auto_proxy/main/README.md
============================================================
[INFO] sublink try repo: https://github.com/PuddinCat/BestClash
[INFO] sublink try page: https://raw.githubusercontent.com/PuddinCat/BestClash/main/README.md
[OK] proxies=16 new=16 url=https://raw.githubusercontent.com/PuddinCat/BestClash/main/proxies.yaml
[OK] proxies=28 new=28 url=https://cdn.jsdelivr.net/gh/vxiaov/free_proxies@main/clash/clash.provider.yaml
[OK] proxies=24 new=24 url=https://freenode.openrunner.net/uploads/20240807-clash.yaml
[OK] proxies=26 new=26 url=https://raw.githubusercontent.com/Misaka-blog/chromego_merge/main/sub/merged_proxies_new.yaml
[OK] proxies=3774 new=3745 url=https://raw.githubusercontent.com/{NiceVPN123|anaer}/{NiceVPN|Sub}/main/{Clash.yaml|clash.yaml}
[OK] proxies=38 new=8 url=https://raw.githubusercontent.com/{chengaopan|peasoft}/{AutoMergePublicNodes|NoMoreWalls}/master/list.yml
[OK] proxies=423 new=388 url=https://raw.githubusercontent.com/{ermaozi|ermaozi01}/{get_subscribe|free_clash_vpn}/main/subscribe/clash.yml
[OK] proxies=197 new=171 url=https://raw.githubusercontent.com/mahdibland/ShadowsocksAggregator/master/Eternity.yml
[OK] proxies=165 new=160 url=https://raw.githubusercontent.com/ronghuaxueleng/get_v2/main/pub/combine.yaml
[OK] proxies=144 new=3 url=https://raw.githubusercontent.com/zhangkaiitugithub/passcro/main/speednodes.yaml
[OK] proxies=4569 source=[免费节点10] url=https://raw.githubusercontent.com/PuddinCat/BestClash/main/README.md
============================================================
[INFO] sublink try repo: https://github.com/kooker/FreeSubsCheck
[INFO] sublink try page: https://raw.githubusercontent.com/kooker/FreeSubsCheck/main/README.md
[OK] proxies=16 new=16 url=https://raw.githubusercontent.com/kooker/FreeSubsCheck/main/mihomo.yaml
[OK] proxies=16 new=0 url=https://raw.githubusercontent.com/kooker/FreeSubsCheck/main/all.yaml
[OK] proxies=15 new=0 url=https://raw.githubusercontent.com/kooker/FreeSubsCheck/main/base64.txt
[OK] proxies=6 new=4 url=https://raw.githubusercontent.com/kooker/FreeSubsCheck/main/byxiaoxi.txt
[OK] proxies=443 new=437 url=https://raw.githubusercontent.com/kooker/FreeSubsCheck/main/kooker.jp.txt
[OK] proxies=457 source=[免费节点11] url=https://raw.githubusercontent.com/kooker/FreeSubsCheck/main/README.md
============================================================
[INFO] toolkit try repo: https://github.com/Pawdroid/shadowrocket_for_android
[INFO] toolkit try release: https://github.com/Pawdroid/shadowrocket_for_android/releases
[INFO] toolkit try release: https://github.com/Pawdroid/shadowrocket_for_android/releases/expanded_assets/10.10.51
[INFO] toolkit try download: https://github.com/Pawdroid/shadowrocket_for_android/releases/download/10.10.51/Shadowrocket_10.10.51_shadowrocketStandard_arm64-v8a.apk
[OK] toolkit downloaded: Shadowrocket_10.10.51_shadowrocketStandard_arm64-v8a.apk bytes=41111539
[OK] toolkit extracted archive=Shadowrocket_10.10.51_shadowrocketStandard_arm64-v8a.apk tool=zipfile files=1175 dirs=44
[OK] toolkit sr-apk scanned prefixes=36 files=6 keys=2 archive=Shadowrocket_10.10.51_shadowrocketStandard_arm64-v8a.apk
[OK] proxies=679 new=679 url=https://{cdn.jsdelivr.net|raw.githubusercontent.com}/pixelor/ecfg/main/data/ecfg6_zh
[OK] proxies=686 new=57 url=https://{raw.githubusercontent.com|cdn.jsdelivr.net}/pixelor/ecfg/main/data/ecfg6_en
[OK] proxies=165 new=70 url=https://{raw.githubusercontent.com|cdn.jsdelivr.net}/pixelor/ecfg/main/data/ecfg6
[OK] proxies=130 new=0 url=https://{files.shadowrockets.app|cdn.shadowrockets.app}/ecfg/data/ecfg6
[OK] proxies=529 new=0 url=https://{files.shadowrockets.app|cdn.shadowrockets.app}/ecfg/data/ecfg6_zh
[OK] proxies=529 new=0 url=https://{files.shadowrockets.app|cdn.shadowrockets.app}/ecfg/data/ecfg6_en
[OK] proxies=806 source=[Pawdroid-sr-apk] url=https://github.com/Pawdroid/shadowrocket_for_android/releases/download/10.10.51/Shadowrocket_10.10.51_shadowrocketStandard_arm64-v8a.apk
============================================================
[INFO] toolkit try page: https://shadowshare.v2cross.com
[INFO] toolkit try download: https://shadowshare.v2cross.com/shadowshare.apk
[OK] toolkit downloaded: shadowshare.apk bytes=62868122
[OK] toolkit extracted archive=shadowshare.apk tool=zipfile files=612 dirs=39
[OK] toolkit ss-apk scanned prefixes=10 files=3 keys=1 archive=shadowshare.apk
[OK] proxies=209 new=209 url=https://{jsd.onmicrosoft.cn|raw.githubusercontent.com}/hideme9527/ecsfg/main/data/sareserver
[OK] proxies=1386 new=1283 url=https://{jsd.onmicrosoft.cn|raw.githubusercontent.com}/hideme9527/ecsfg/main/data/sareserver_en
[OK] proxies=110 new=0 url=https://{shadowsharing.com|sare.159236.xyz}/data/sareserver
[OK] proxies=1386 new=0 url=https://{shadowsharing.com|sare.159236.xyz}/data/sareserver_en
[OK] proxies=110 new=0 url=https://gitee.com/api/v5/repos/{elvenapp|zhiminghao|guoyoucai1}/ecsfg/raw/data/sareserver
[OK] proxies=1386 new=0 url=https://gitee.com/api/v5/repos/{elvenapp|guoyoucai1|zhiminghao}/ecsfg/raw/data/sareserver_en
[OK] proxies=1492 source=[Pawdroid-ss-apk] url=https://shadowshare.v2cross.com/shadowshare.apk
============================================================
[INFO] sublink try repo: https://github.com/free-nodes/clashfree
[INFO] sublink try page: https://raw.githubusercontent.com/free-nodes/clashfree/main/README.md
[OK] proxies=1323 new=1323 url=https://raw.githubusercontent.com/free-nodes/clashfree/main/README.md
[OK] proxies=1323 new=0 url=https://raw.githubusercontent.com/free-nodes/clashfree/main/clash20260917.yml
[OK] proxies=1 new=1 url=https://github.com/free-nodes/clashfree/blob/main/clash20260917.yml
[OK] proxies=1324 source=[Clashfree] url=https://raw.githubusercontent.com/free-nodes/clashfree/main/README.md
============================================================
[INFO] sublink try repo: https://github.com/Epodonios/v2ray-configs
[INFO] sublink try page: https://raw.githubusercontent.com/Epodonios/v2ray-configs/main/README.md
[OK] proxies=1 new=1 url=https://github.com/Epodonios/V2ray-Configs/actions/workflows/main.yml
[OK] proxies=4056 new=4056 url=https://github.com/Epodonios/v2ray-configs/raw/main/All_Configs_Sub.txt
[OK] proxies=4056 new=0 url=https://github.com/Epodonios/v2ray-configs/raw/main/All_Configs_base64_Sub.txt
[OK] proxies=3192 new=97 url=https://github.com/Epodonios/v2ray-configs/raw/main/Splitted-By-Protocol/vless.txt
[OK] proxies=157 new=17 url=https://github.com/Epodonios/v2ray-configs/raw/main/Splitted-By-Protocol/vmess.txt
[OK] proxies=414 new=43 url=https://github.com/Epodonios/v2ray-configs/raw/main/Splitted-By-Protocol/ss.txt
[OK] proxies=162 new=9 url=https://github.com/Epodonios/v2ray-configs/raw/main/Splitted-By-Protocol/trojan.txt
[OK] proxies=4056 new=0 url=https://raw.githubusercontent.com/Epodonios/v2ray-configs/main/{Sub1.txt|Sub2.txt|Sub3.txt|Sub4.txt|Sub5.txt|Sub6.txt|Sub7.txt|Sub8.txt}
[OK] proxies=4223 source=[Epodonios] url=https://raw.githubusercontent.com/Epodonios/v2ray-configs/main/README.md
============================================================
[INFO] sublink try repo: https://github.com/free-clash-v2ray/free-clash-v2ray.github.io
[INFO] sublink try page: https://raw.githubusercontent.com/free-clash-v2ray/free-clash-v2ray.github.io/main/README.md
[OK] proxies=2890 new=2890 url=https://free-clash-v2ray.github.io/uploads/2026/09/{0-20260913.yaml|1-20260913.yaml|2-20260913.yaml|3-20260913.yaml}
[OK] proxies=4384 new=1835 url=https://free-clash-v2ray.github.io/uploads/2026/09/{0-20260913.txt|1-20260913.txt|2-20260913.txt|3-20260913.txt|4-20260913.txt}
[OK] proxies=4725 source=[Free-clash-v2ray] url=https://raw.githubusercontent.com/free-clash-v2ray/free-clash-v2ray.github.io/main/README.md
============================================================
[INFO] article try page: https://v2rayclashfree.com
[INFO] sublink try page: https://v2rayclashfree.com/fn/20260917.html
[OK] proxies=1325 new=1325 url=https://v2rayclashfree.com/sub/20260917-v2ray.txt
[OK] proxies=1043 new=363 url=https://v2rayclashfree.com/sub/20260917-clash.yaml
[OK] proxies=1688 source=[V2rayclashfree-RSS] url=https://v2rayclashfree.com/fn/20260917.html
============================================================
[INFO] raw backup written path=/home/runner/work/Free-node-autotest/Free-node-autotest/output/raw.yaml proxies=26799
[INFO] toolkit try repo: https://github.com/MetaCubeX/mihomo
[INFO] toolkit try release: https://github.com/MetaCubeX/mihomo/releases
[INFO] toolkit try release: https://github.com/MetaCubeX/mihomo/releases/expanded_assets/v1.19.31
[INFO] toolkit try download: https://github.com/MetaCubeX/mihomo/releases/download/v1.19.31/mihomo-linux-amd64-compatible-v1.19.31.gz
[OK] toolkit downloaded: mihomo-linux-amd64-compatible-v1.19.31.gz bytes=22821836
[OK] toolkit sha256 verified: mihomo-linux-amd64-compatible-v1.19.31.gz sha256=04cf9f09671704f839ddbee2e93069dc831a4123a75281e725d1d96ab9ac1afc
[OK] proxy engine ready: starting latency test package=mihomo-linux-amd64-compatible-v1.19.31.gz
============================================================
[WARN] batch start failed size=17284 {1} split -> 8642 {2} + 8642 {3}
[WARN] batch start failed size=8642 {2} split -> 4321 {4} + 4321 {5}
[WARN] batch start failed size=8642 {3} split -> 4321 {6} + 4321 {7}
[WARN] batch start failed size=4321 {4} split -> 2160 {8} + 2161 {9}
[WARN] batch start failed size=4321 {6} split -> 2160 {10} + 2161 {11}
[WARN] batch start failed size=4321 {7} split -> 2160 {12} + 2161 {13}
[INFO] {9} tested 100/2161 kept=53 rest=17163
[WARN] batch start failed size=2160 {8} split -> 1080 {14} + 1080 {15}
[INFO] {5} tested 100/4321 kept=0 rest=17064
[WARN] batch start failed size=2160 {10} split -> 1080 {16} + 1080 {17}
[WARN] batch start failed size=2161 {11} split -> 1080 {18} + 1081 {19}
[INFO] {9} tested 200/2161 kept=73 rest=16946
[INFO] {5} tested 200/4321 kept=0 rest=16822
[WARN] batch start failed size=2161 {13} split -> 1080 {20} + 1081 {21}
[WARN] batch start failed size=2160 {12} split -> 1080 {22} + 1080 {23}
[INFO] {9} tested 300/2161 kept=76 rest=16717
[WARN] batch start failed size=1080 {14} split -> 540 {24} + 540 {25}
[INFO] {9} tested 400/2161 kept=77 rest=16613
[INFO] {5} tested 300/4321 kept=0 rest=16489
[INFO] {9} tested 500/2161 kept=77 rest=16362
[INFO] {9} tested 600/2161 kept=78 rest=16258
[INFO] {15} tested 100/1080 kept=4 rest=16163
[INFO] {5} tested 400/4321 kept=0 rest=16130
[INFO] {5} tested 500/4321 kept=0 rest=15970
[INFO] {9} tested 700/2161 kept=79 rest=15891
[INFO] {15} tested 200/1080 kept=37 rest=15830
[INFO] {15} tested 300/1080 kept=38 rest=15712
[INFO] {5} tested 600/4321 kept=0 rest=15599
[INFO] {9} tested 800/2161 kept=79 rest=15457
[INFO] {9} tested 900/2161 kept=79 rest=15342
[INFO] {15} tested 400/1080 kept=41 rest=15310
[INFO] {5} tested 700/4321 kept=0 rest=15188
[INFO] {15} tested 500/1080 kept=41 rest=15130
[INFO] {5} tested 800/4321 kept=0 rest=15016
[INFO] {15} tested 600/1080 kept=41 rest=14877
[INFO] {9} tested 1000/2161 kept=79 rest=14751
[INFO] {5} tested 900/4321 kept=0 rest=14716
[INFO] {15} tested 700/1080 kept=41 rest=14578
[INFO] {5} tested 1000/4321 kept=0 rest=14497
[INFO] {15} tested 800/1080 kept=41 rest=14394
[INFO] {5} tested 1100/4321 kept=0 rest=14269
[INFO] {5} tested 1200/4321 kept=0 rest=14141
[INFO] {15} tested 900/1080 kept=41 rest=14128
[INFO] {5} tested 1300/4321 kept=3 rest=14005
[INFO] {9} tested 1100/2161 kept=79 rest=13810
[INFO] {15} tested 1000/1080 kept=41 rest=13706
[INFO] {5} tested 1400/4321 kept=6 rest=13679
[INFO] {9} tested 1200/2161 kept=79 rest=13675
[INFO] {5} tested 1500/4321 kept=6 rest=13540
[INFO] {5} tested 1600/4321 kept=6 rest=13407
[INFO] {15} tested 1080/1080 kept=41 rest=13351
[INFO] {16} tested 100/1080 kept=0 rest=13198
[INFO] {16} tested 200/1080 kept=0 rest=13086
[INFO] {9} tested 1300/2161 kept=79 rest=13007
[INFO] {5} tested 1700/4321 kept=12 rest=12853
[INFO] {5} tested 1800/4321 kept=16 rest=12750
[INFO] {16} tested 300/1080 kept=0 rest=12684
[INFO] {9} tested 1400/2161 kept=79 rest=12678
[INFO] {16} tested 400/1080 kept=0 rest=12556
[INFO] {9} tested 1500/2161 kept=89 rest=12377
[INFO] {5} tested 1900/4321 kept=17 rest=12330
[INFO] {9} tested 1600/2161 kept=157 rest=12185
[INFO] {16} tested 500/1080 kept=8 rest=12131
[INFO] {16} tested 600/1080 kept=11 rest=11963
[INFO] {9} tested 1700/2161 kept=164 rest=11929
[INFO] {5} tested 2000/4321 kept=17 rest=11819
[INFO] {16} tested 700/1080 kept=60 rest=11681
[INFO] {5} tested 2100/4321 kept=18 rest=11676
[INFO] {16} tested 800/1080 kept=140 rest=11481
[INFO] {16} tested 900/1080 kept=178 rest=11359
[INFO] {9} tested 1800/2161 kept=164 rest=11258
[INFO] {16} tested 1000/1080 kept=229 rest=11182
[INFO] {5} tested 2200/4321 kept=18 rest=11114
[INFO] {5} tested 2300/4321 kept=18 rest=10990
[INFO] {9} tested 1900/2161 kept=164 rest=10853
[INFO] {16} tested 1080/1080 kept=277 rest=10810
[INFO] {5} tested 2400/4321 kept=18 rest=10749
[WARN] batch start failed size=1080 {17} split -> 540 {26} + 540 {27}
[INFO] {5} tested 2500/4321 kept=18 rest=10643
[WARN] batch start failed size=1080 {18} split -> 540 {28} + 540 {29}
[INFO] {9} tested 2000/2161 kept=164 rest=10444
[INFO] {19} tested 100/1081 kept=0 rest=10442
[INFO] {5} tested 2600/4321 kept=18 rest=10260
[INFO] {5} tested 2700/4321 kept=18 rest=10137
[INFO] {9} tested 2100/2161 kept=164 rest=10081
[INFO] {19} tested 200/1081 kept=2 rest=10072
[INFO] {19} tested 300/1081 kept=3 rest=9969
[INFO] {19} tested 400/1081 kept=3 rest=9845
[INFO] {9} tested 2161/2161 kept=164 rest=9771
[INFO] {19} tested 500/1081 kept=3 rest=9708
[INFO] {5} tested 2800/4321 kept=19 rest=9591
[INFO] {20} tested 100/1080 kept=59 rest=9476
[INFO] {20} tested 200/1080 kept=132 rest=9344
[INFO] {20} tested 300/1080 kept=197 rest=9206
[INFO] {20} tested 400/1080 kept=263 rest=9093
[INFO] {19} tested 600/1081 kept=8 rest=8992
[INFO] {20} tested 500/1080 kept=306 rest=8989
[INFO] {20} tested 600/1080 kept=353 rest=8883
[INFO] {20} tested 700/1080 kept=402 rest=8779
[INFO] {20} tested 800/1080 kept=441 rest=8675
[INFO] {20} tested 900/1080 kept=466 rest=8539
[INFO] {20} tested 1000/1080 kept=496 rest=8421
[INFO] {19} tested 700/1081 kept=8 rest=8374
[INFO] {19} tested 800/1081 kept=9 rest=8256
[INFO] {5} tested 2900/4321 kept=20 rest=8164
[INFO] {19} tested 900/1081 kept=11 rest=8032
[INFO] {5} tested 3000/4321 kept=20 rest=7989
[INFO] {20} tested 1080/1080 kept=513 rest=7861
[INFO] {19} tested 1000/1081 kept=20 rest=7802
[WARN] batch start failed size=1081 {21} split -> 540 {30} + 541 {31}
[INFO] {5} tested 3100/4321 kept=22 rest=7742
[INFO] {5} tested 3200/4321 kept=22 rest=7557
[INFO] {22} tested 100/1080 kept=0 rest=7510
[INFO] {5} tested 3300/4321 kept=22 rest=7363
[INFO] {22} tested 200/1080 kept=2 rest=7272
[INFO] {19} tested 1081/1081 kept=20 rest=7141
[INFO] {5} tested 3400/4321 kept=22 rest=7139
[WARN] batch start failed size=1080 {23} split -> 540 {32} + 540 {33}
[INFO] {22} tested 300/1080 kept=4 rest=6995
[INFO] {5} tested 3500/4321 kept=22 rest=6925
[INFO] {22} tested 400/1080 kept=5 rest=6798
[INFO] {5} tested 3600/4321 kept=22 rest=6700
[INFO] {25} tested 100/540 kept=71 rest=6606
[INFO] {22} tested 500/1080 kept=5 rest=6476
[INFO] {5} tested 3700/4321 kept=22 rest=6400
[INFO] {25} tested 200/540 kept=119 rest=6247
[INFO] {5} tested 3800/4321 kept=22 rest=6231
[INFO] {5} tested 3900/4321 kept=22 rest=6105
[INFO] {22} tested 600/1080 kept=16 rest=6066
[INFO] {5} tested 4000/4321 kept=22 rest=5921
[INFO] {22} tested 700/1080 kept=19 rest=5838
[INFO] {22} tested 800/1080 kept=22 rest=5633
[INFO] {5} tested 4100/4321 kept=22 rest=5625
[INFO] {25} tested 300/540 kept=148 rest=5562
[INFO] {22} tested 900/1080 kept=31 rest=5359
[INFO] {5} tested 4200/4321 kept=22 rest=5289
[INFO] {22} tested 1000/1080 kept=32 rest=5166
[INFO] {25} tested 400/540 kept=158 rest=5088
[INFO] {5} tested 4300/4321 kept=22 rest=5011
[INFO] {5} tested 4321/4321 kept=22 rest=4927
[INFO] {22} tested 1080/1080 kept=33 rest=4918
[WARN] batch start failed size=540 {24} split -> 270 {34} + 270 {35}
[WARN] batch start failed size=540 {26} split -> 270 {36} + 270 {37}
[INFO] {25} tested 500/540 kept=159 rest=4901
[INFO] {27} tested 100/540 kept=22 rest=4797
[INFO] {27} tested 200/540 kept=36 rest=4694
[INFO] {28} tested 100/540 kept=37 rest=4550
[INFO] {25} tested 540/540 kept=159 rest=4502
[WARN] batch start failed size=540 {29} split -> 270 {38} + 270 {39}
[WARN] batch start failed size=540 {30} split -> 270 {40} + 270 {41}
[WARN] batch start failed size=541 {31} split -> 270 {42} + 271 {43}
[INFO] {27} tested 300/540 kept=47 rest=4455
[INFO] {28} tested 200/540 kept=42 rest=4269
[INFO] {27} tested 400/540 kept=53 rest=4251
[INFO] {28} tested 300/540 kept=44 rest=4140
[INFO] {28} tested 400/540 kept=44 rest=4017
[INFO] {28} tested 500/540 kept=48 rest=3867
[INFO] {27} tested 500/540 kept=65 rest=3802
[INFO] {28} tested 540/540 kept=51 rest=3731
[INFO] {27} tested 540/540 kept=65 rest=3730
[INFO] {32} tested 100/540 kept=5 rest=3681
[INFO] {32} tested 200/540 kept=6 rest=3581
[INFO] {32} tested 300/540 kept=7 rest=3481
[WARN] batch start failed size=540 {33} split -> 270 {44} + 270 {45}
[INFO] {32} tested 400/540 kept=20 rest=3328
[WARN] batch start failed size=270 {34} split -> 135 {46} + 135 {47}
[INFO] {35} tested 100/270 kept=7 rest=3272
[INFO] {36} tested 100/270 kept=61 rest=3043
[INFO] {35} tested 200/270 kept=13 rest=2946
[INFO] {36} tested 200/270 kept=117 rest=2932
[INFO] {32} tested 500/540 kept=29 rest=2858
[INFO] {32} tested 540/540 kept=30 rest=2776
[INFO] {35} tested 270/270 kept=13 rest=2743
[WARN] batch start failed size=270 {37} split -> 135 {48} + 135 {49}
[WARN] batch start failed size=270 {38} split -> 135 {50} + 135 {51}
[INFO] {36} tested 270/270 kept=137 rest=2701
[INFO] {39} tested 100/270 kept=4 rest=2601
[WARN] batch start failed size=270 {41} split -> 135 {52} + 135 {53}
[INFO] {40} tested 100/270 kept=40 rest=2438
[INFO] {40} tested 200/270 kept=79 rest=2319
[INFO] {43} tested 100/271 kept=59 rest=2148
[INFO] {43} tested 200/271 kept=148 rest=2046
[INFO] {39} tested 200/270 kept=9 rest=1993
[INFO] {40} tested 270/270 kept=103 rest=1913
[INFO] {39} tested 270/270 kept=9 rest=1912
[WARN] batch start failed size=270 {42} split -> 135 {54} + 135 {55}
[INFO] {45} tested 100/270 kept=74 rest=1799
[WARN] batch start failed size=270 {44} split -> 135 {56} + 135 {57}
[INFO] {45} tested 200/270 kept=150 rest=1695
[INFO] {43} tested 271/271 kept=193 rest=1638
[WARN] batch start failed size=135 {46} split -> 67 {58} + 68 {59}
[WARN] batch start failed size=135 {47} split -> 67 {60} + 68 {61}
[INFO] {49} tested 100/135 kept=25 rest=1525
[WARN] batch start failed size=135 {48} split -> 67 {62} + 68 {63}
[WARN] batch start failed size=135 {51} split -> 67 {64} + 68 {65}
[WARN] batch start failed size=135 {50} split -> 67 {66} + 68 {67}
[WARN] batch start failed size=135 {52} split -> 67 {68} + 68 {69}
[INFO] {53} tested 100/135 kept=81 rest=1390
[INFO] {45} tested 270/270 kept=217 rest=1371
[INFO] {49} tested 135/135 kept=42 rest=1279
[WARN] batch start failed size=135 {55} split -> 67 {70} + 68 {71}
[WARN] batch start failed size=135 {56} split -> 67 {72} + 68 {73}
[INFO] {57} tested 100/135 kept=66 rest=1171
[INFO] {57} tested 135/135 kept=98 rest=1136
[INFO] {53} tested 135/135 kept=99 rest=1122
[WARN] batch start failed size=68 {59} split -> 34 {74} + 34 {75}
[WARN] batch start failed size=67 {60} split -> 33 {76} + 34 {77}
[INFO] {54} tested 100/135 kept=52 rest=1091
[INFO] {54} tested 135/135 kept=52 rest=1051
[WARN] batch start failed size=67 {62} split -> 33 {78} + 34 {79}
[INFO] {58} tested 67/67 kept=9 rest=927
[WARN] batch start failed size=68 {65} split -> 34 {80} + 34 {81}
[INFO] {61} tested 68/68 kept=20 rest=883
[INFO] {63} tested 68/68 kept=20 rest=804
[WARN] batch start failed size=68 {67} split -> 34 {82} + 34 {83}
[INFO] {64} tested 67/67 kept=2 rest=701
[WARN] batch start failed size=68 {69} split -> 34 {84} + 34 {85}
[INFO] {66} tested 67/67 kept=7 rest=695
[WARN] batch start failed size=67 {70} split -> 33 {86} + 34 {87}
[WARN] batch start failed size=68 {73} split -> 34 {88} + 34 {89}
[INFO] {68} tested 67/67 kept=5 rest=625
[INFO] {71} tested 68/68 kept=31 rest=523
[WARN] batch start failed size=34 {75} split -> 17 {90} + 17 {91}
[INFO] {72} tested 67/67 kept=17 rest=500
[WARN] batch start failed size=34 {77} split -> 17 {92} + 17 {93}
[INFO] {74} tested 34/34 kept=9 rest=491
[WARN] batch start failed size=34 {79} split -> 17 {94} + 17 {95}
[INFO] {76} tested 33/33 kept=0 rest=444
[INFO] {78} tested 33/33 kept=1 rest=415
[WARN] batch start failed size=34 {83} split -> 17 {96} + 17 {97}
[INFO] {94} tested 17/17 kept=2 rest=407
[INFO] {85} tested 34/34 kept=30 rest=359
[WARN] batch start failed size=34 {84} split -> 17 {98} + 17 {99}
[WARN] batch start failed size=33 {86} split -> 16 {100} + 17 {101}
[INFO] {81} tested 34/34 kept=2 rest=341
[WARN] batch start failed size=34 {88} split -> 17 {102} + 17 {103}
[INFO] {82} tested 34/34 kept=0 rest=270
[WARN] batch start failed size=17 {90} split -> 8 {104} + 9 {105}
[WARN] batch start failed size=17 {91} split -> 8 {106} + 9 {107}
[WARN] batch start failed size=17 {93} split -> 8 {108} + 9 {109}
[WARN] batch start failed size=8 {108} split -> 4 {110} + 4 {111}
[WARN] batch start failed size=34 {80} split -> 17 {112} + 17 {113}
[WARN] batch start failed size=17 {95} split -> 8 {114} + 9 {115}
[INFO] {89} tested 34/34 kept=17 rest=252
[INFO] {87} tested 34/34 kept=0 rest=249
[WARN] batch start failed size=17 {97} split -> 8 {116} + 9 {117}
[WARN] batch start failed size=17 {98} split -> 8 {118} + 9 {119}
[WARN] batch start failed size=16 {100} split -> 8 {120} + 8 {121}
[INFO] {99} tested 17/17 kept=16 rest=217
[WARN] batch start failed size=17 {102} split -> 8 {122} + 9 {123}
[INFO] {96} tested 17/17 kept=1 rest=198
[WARN] batch start failed size=9 {105} split -> 4 {124} + 5 {125}
[WARN] batch start failed size=8 {104} split -> 4 {126} + 4 {127}
[INFO] {101} tested 17/17 kept=0 rest=190
[WARN] batch start failed size=8 {106} split -> 4 {128} + 4 {129}
[INFO] {103} tested 17/17 kept=1 rest=182
[WARN] batch start failed size=9 {109} split -> 4 {130} + 5 {131}
[INFO] {107} tested 9/9 kept=0 rest=158
[WARN] batch start failed size=4 {111} split -> 2 {132} + 2 {133}
[INFO] {92} tested 17/17 kept=0 rest=152
[INFO] {110} tested 4/4 kept=0 rest=151
[WARN] batch start failed size=17 {113} split -> 8 {134} + 9 {135}
[WARN] batch start failed size=9 {115} split -> 4 {136} + 5 {137}
[INFO] {112} tested 17/17 kept=0 rest=126
[WARN] batch start failed size=9 {117} split -> 4 {138} + 5 {139}
[INFO] {114} tested 8/8 kept=2 rest=124
[WARN] batch start failed size=9 {119} split -> 4 {140} + 5 {141}
[INFO] {116} tested 8/8 kept=0 rest=123
[WARN] batch start failed size=8 {121} split -> 4 {142} + 4 {143}
[WARN] batch start failed size=9 {123} split -> 4 {144} + 5 {145}
[INFO] {118} tested 8/8 kept=0 rest=104
[WARN] batch start failed size=4 {124} split -> 2 {146} + 2 {147}
[INFO] {120} tested 8/8 kept=1 rest=101
[INFO] {122} tested 8/8 kept=0 rest=95
[WARN] batch start failed size=4 {127} split -> 2 {148} + 2 {149}
[WARN] batch start failed size=4 {129} split -> 2 {150} + 2 {151}
[INFO] {125} tested 5/5 kept=0 rest=91
[WARN] batch start failed size=4 {130} split -> 2 {152} + 2 {153}
[INFO] {131} tested 5/5 kept=0 rest=86
[WARN] batch start failed size=2 {133} split -> 1 {154} + 1 {155}
[INFO] {126} tested 4/4 kept=3 rest=85
[WARN] batch start failed size=9 {135} split -> 4 {156} + 5 {157}
[INFO] {128} tested 4/4 kept=0 rest=80
[WARN] batch start failed size=4 {136} split -> 2 {158} + 2 {159}
[INFO] {132} tested 2/2 kept=0 rest=76
[INFO] {134} tested 8/8 kept=0 rest=68
[WARN] batch start failed size=5 {139} split -> 2 {160} + 3 {161}
[INFO] {137} tested 5/5 kept=1 rest=64
[WARN] batch start failed size=5 {141} split -> 2 {162} + 3 {163}
[WARN] batch start failed size=4 {143} split -> 2 {164} + 2 {165}
[INFO] {138} tested 4/4 kept=0 rest=59
[INFO] {140} tested 4/4 kept=0 rest=55
[WARN] batch start failed size=4 {144} split -> 2 {166} + 2 {167}
[WARN] batch start failed size=2 {146} split -> 1 {168} + 1 {169}
[WARN] batch start failed size=2 {147} split -> 1 {170} + 1 {171}
[INFO] {148} tested 2/2 kept=0 rest=53
[WARN] batch start failed size=2 {149} split -> 1 {172} + 1 {173}
[INFO] {142} tested 4/4 kept=0 rest=51
[WARN] batch start failed size=2 {150} split -> 1 {174} + 1 {175}
[WARN] batch start failed size=2 {151} split -> 1 {176} + 1 {177}
[WARN] batch start failed size=2 {152} split -> 1 {178} + 1 {179}
[WARN] batch start failed size=2 {153} split -> 1 {180} + 1 {181}
[INFO] {145} tested 5/5 kept=1 rest=47
[DROP] {154} name=[ChromeGO-Merge] Taiwan server=www2.dtku48.xyz:22334 reason=Start initial configuration in progress
[DROP] {155} name=[ChromeGO-Merge] France server=51.158.54.46:55396 reason=Start initial configuration in progress
[WARN] batch start failed size=4 {156} split -> 2 {182} + 2 {183}
[WARN] batch start failed size=2 {158} split -> 1 {184} + 1 {185}
[WARN] batch start failed size=3 {161} split -> 1 {186} + 2 {187}
[WARN] batch start failed size=2 {160} split -> 1 {188} + 1 {189}
[INFO] {157} tested 5/5 kept=0 rest=38
[INFO] {159} tested 2/2 kept=0 rest=37
[WARN] batch start failed size=3 {163} split -> 1 {190} + 2 {191}
[INFO] {165} tested 2/2 kept=0 rest=35
[WARN] batch start failed size=2 {164} split -> 1 {192} + 1 {193}
[WARN] batch start failed size=2 {166} split -> 1 {194} + 1 {195}
[WARN] batch start failed size=2 {167} split -> 1 {196} + 1 {197}
[INFO] {162} tested 2/2 kept=0 rest=34
[DROP] {168} name=[ChromeGO-ShiteThings] hysteria-3 server=5.83.129.153:27626 reason=Start initial configuration in progress
[DROP] {169} name=[ChromeGO-ShiteThings] hysteria-4 server=5.83.129.90:54177 reason=Start initial configuration in progress
[DROP] {170} name=[ChromeGO-ShiteThings] hysteria-5 server=45.150.65.154:47119 reason=Start initial configuration in progress
[DROP] {172} name=[ChromeGO-ShiteThings] hysteria server=62.210.70.191:23556 reason=Start initial configuration in progress
[DROP] {173} name=[ChromeGO-ShiteThings] hysteria-2 server=5.83.129.153:20088 reason=Start initial configuration in progress
[DROP] {174} name=[ChromeGO-Merge] WARP server=162.159.192.1:2408 reason=Start initial configuration in progress
[DROP] {175} name=[ChromeGO-Merge] United server=108.181.5.133:26022 reason=Start initial configuration in progress
[DROP] {177} name=[ChromeGO-Merge] United-2 server=109.104.152.194:58510 reason=Start initial configuration in progress
[DROP] {176} name=[ChromeGO-Merge] France_hysteria_1 server=62.210.243.131:18702 reason=Start initial configuration in progress
[DROP] {178} name=[ChromeGO-Merge] United-4 server=173.234.25.52:48919 reason=Start initial configuration in progress
[DROP] {179} name=[ChromeGO-Merge] Taiwan-2 server=www.dtku40.xyz:18490 reason=Start initial configuration in progress
[DROP] {180} name=[ChromeGO-Merge] United-5 server=167.160.91.115:41189 reason=Start initial configuration in progress
[INFO] {181} tested 1/1 kept=0 rest=20
[WARN] batch start failed size=2 {183} split -> 1 {198} + 1 {199}
[INFO] {185} tested 1/1 kept=1 rest=19
[INFO] {171} tested 1/1 kept=0 rest=18
[DROP] {184} name=[Pawdroid-ss-apk] United+Kingdom-4 server=82.38.31.189:8080 reason=Start initial configuration in progress
[WARN] batch start failed size=2 {187} split -> 1 {200} + 1 {201}
[DROP] {188} name=[Epodonios] EPODONIOS-15 server=www.hxino.com:443 reason=Start initial configuration in progress
[DROP] {189} name=[Epodonios] EPODONIOS-16 server=63.178.100.140:22224 reason=Start initial configuration in progress
[INFO] {182} tested 2/2 kept=1 rest=14
[INFO] {190} tested 1/1 kept=1 rest=13
[WARN] batch start failed size=2 {191} split -> 1 {202} + 1 {203}
[DROP] {192} name=[Free-clash-v2ray] 未知 SS-1521 | free-nodes server=192.0.2.1:1 reason=Start initial configuration in progress
[INFO] {186} tested 1/1 kept=0 rest=11
[DROP] {195} name=[Epodonios] EPODONIOS-3025 server=63.177.173.183:22224 reason=Start initial configuration in progress
[DROP] {196} name=[Epodonios] EPODONIOS-3026 server=172.66.44.174:2053 reason=Start initial configuration in progress
[INFO] {197} tested 1/1 kept=0 rest=8
[DROP] {198} name=[Epodonios] EPODONIOS-114 server=78.38.246.150:8446 reason=Start initial configuration in progress
[DROP] {199} name=[Epodonios] EPODONIOS-115 server=92.119.166.62:2222 reason=Start initial configuration in progress
[DROP] {200} name=[Epodonios] EPODONIOS-18 server=206.71.158.75:465 reason=Start initial configuration in progress
[INFO] {193} tested 1/1 kept=0 rest=4
[INFO] {194} tested 1/1 kept=0 rest=3
[DROP] {203} name=[Free-clash-v2ray] hysteria server=5.83.129.143:26691 reason=Start initial configuration in progress
[INFO] {201} tested 1/1 kept=0 rest=1
[INFO] {202} tested 1/1 kept=0 rest=0
[INFO] dropped=24 [ChromeGO-Merge] × 9 | [ChromeGO-ShiteThings] × 5 | [Pawdroid-ss-apk] × 1 | [Epodonios] × 7 | [Free-clash-v2ray] × 2
============================================================
[INFO] cap live source=[免费节点2] from 149 to 50 by health_score
[INFO] cap live source=[免费节点8] from 163 to 50 by health_score
[INFO] cap live source=[Pawdroid-sr-apk] from 378 to 50 by health_score
[INFO] cap live source=[Pawdroid-ss-apk] from 181 to 50 by health_score
[INFO] cap live source=[Epodonios] from 117 to 50 by health_score
[INFO] cap live source=[Free-clash-v2ray] from 1152 to 50 by health_score
[INFO] cap live source=[V2rayclashfree-RSS] from 224 to 50 by health_score
[INFO] cap live total from 525 to 350 trim large sources first
============================================================
+------------------------------+--------+--------+------+--------+
| source                       |    raw | unique | live | capped |
+------------------------------+--------+--------+------+--------+
| [大FQ运动]                   |     14 |     14 |    4 |      4 |
+------------------------------+--------+--------+------+--------+
| [Pawdroid]                   |     22 |     21 |    2 |      2 |
+------------------------------+--------+--------+------+--------+
| [FreeV2-Base64]              |      3 |      3 |    3 |      3 |
+------------------------------+--------+--------+------+--------+
| [Bocchi2b-Base64]            |     35 |     35 |    0 |      0 |
+------------------------------+--------+--------+------+--------+
| [ChromeGO-Toolkit]           |     14 |     14 |    5 |      5 |
+------------------------------+--------+--------+------+--------+
| [ChromeGO-ShiteThings]       |     31 |     25 |    7 |      7 |
+------------------------------+--------+--------+------+--------+
| [ChromeGO-Merge]             |    112 |    112 |    4 |      4 |
+------------------------------+--------+--------+------+--------+
| [Freesocks]                  |      3 |      3 |    3 |      3 |
+------------------------------+--------+--------+------+--------+
| [NekoWarp]                   |     10 |     10 |   10 |     10 |
+------------------------------+--------+--------+------+--------+
| [OpenRunner-RSS]             |     14 |      0 |    0 |      0 |
+------------------------------+--------+--------+------+--------+
| [V2Rayshare-RSS]             |     27 |     25 |    3 |      3 |
+------------------------------+--------+--------+------+--------+
| [Mibei77-RSS]                |    110 |    100 |    4 |      4 |
+------------------------------+--------+--------+------+--------+
| [Yoyapai-RSS]                |    213 |    186 |   11 |     11 |
+------------------------------+--------+--------+------+--------+
| [免费节点1]                  |    119 |     14 |    0 |      0 |
+------------------------------+--------+--------+------+--------+
| [免费节点2]                  |    425 |    357 |  149 |     27 |
+------------------------------+--------+--------+------+--------+
| [免费节点3]                  |     59 |     24 |    8 |      8 |
+------------------------------+--------+--------+------+--------+
| [免费节点4]                  |    754 |    715 |   41 |     27 |
+------------------------------+--------+--------+------+--------+
| [免费节点5]                  |     29 |     28 |    0 |      0 |
+------------------------------+--------+--------+------+--------+
| [免费节点6]                  |    626 |    584 |    6 |      6 |
+------------------------------+--------+--------+------+--------+
| [免费节点7]                  |     62 |      5 |    1 |      1 |
+------------------------------+--------+--------+------+--------+
| [免费节点8]                  |   4216 |   3348 |  163 |     27 |
+------------------------------+--------+--------+------+--------+
| [免费节点9]                  |    615 |    456 |    0 |      0 |
+------------------------------+--------+--------+------+--------+
| [免费节点10]                 |   4569 |   3084 |   16 |     16 |
+------------------------------+--------+--------+------+--------+
| [免费节点11]                 |    457 |    231 |   31 |     27 |
+------------------------------+--------+--------+------+--------+
| [Pawdroid-sr-apk]            |    806 |    546 |  378 |     27 |
+------------------------------+--------+--------+------+--------+
| [Pawdroid-ss-apk]            |   1492 |   1033 |  181 |     28 |
+------------------------------+--------+--------+------+--------+
| [Clashfree]                  |   1324 |    485 |   16 |     16 |
+------------------------------+--------+--------+------+--------+
| [Epodonios]                  |   4223 |   3221 |  117 |     28 |
+------------------------------+--------+--------+------+--------+
| [Free-clash-v2ray]           |   4725 |   2273 | 1152 |     28 |
+------------------------------+--------+--------+------+--------+
| [V2rayclashfree-RSS]         |   1688 |    332 |  224 |     28 |
+------------------------------+--------+--------+------+--------+
============================================================
[SUMMARY] total_nodes=26797
[SUMMARY] legal_candidates=17284
[SUMMARY] passed_latency_test=350
[SUMMARY] region_HK=12 region_JP=3 region_US=96
[SUMMARY] avg_latency_ms=277.0
[SUMMARY] output=/home/runner/work/Free-node-autotest/Free-node-autotest/output/clash.yaml
============================================================
