============================================================
[INFO] sublink try page: https://end-gfw.com
[WARN] sublink page failed: https://end-gfw.com failed to fetch https://end-gfw.com: HTTPSConnectionPool(host='end-gfw.com', port=443): Read timed out.
[INFO] source try url: https://end-gfw.com/ss-key
[OK] proxies=4 new=4 url=https://end-gfw.com/ss-key
[INFO] sublink try repo: https://github.com/hello-world-1989/cn-news
[INFO] sublink try page: https://raw.githubusercontent.com/hello-world-1989/cn-news/main/README.md
[OK] proxies=2 new=2 url=https://raw.githubusercontent.com/hello-world-1989/cn-news/refs/heads/main/clash.yaml
[OK] proxies=2 new=0 url=https://raw.githubusercontent.com/hello-world-1989/cn-news/main/end-gfw-together
[OK] proxies=6 new=6 url=https://raw.githubusercontent.com/hello-world-1989/v2-sub/main/end-gfw-together-af3e13
[OK] proxies=12 source=[大FQ运动] url=https://raw.githubusercontent.com/hello-world-1989/cn-news/main/README.md
============================================================
[INFO] sublink try repo: https://github.com/Pawdroid/Free-servers
[INFO] sublink try page: https://raw.githubusercontent.com/Pawdroid/Free-servers/main/README.md
[OK] proxies=20 new=20 url=https://raw.githubusercontent.com/Pawdroid/Free-servers/main/README.md
[OK] proxies=20 new=0 url=https://raw.githubusercontent.com/Pawdroid/Free-servers/main/sub
[OK] proxies=1 new=1 url=https://apps.apple.com/cn/app/shadowshare/id1612647259
[OK] proxies=1 new=1 url=http://www.surflare.com
[OK] proxies=22 source=[Pawdroid] url=https://raw.githubusercontent.com/Pawdroid/Free-servers/main/README.md
============================================================
[INFO] source try url: https://xmxosfepggzm.503403.xyz
[OK] proxies=3 new=3 url=https://xmxosfepggzm.503403.xyz
[OK] proxies=3 source=[FreeV2-Base64] url=https://xmxosfepggzm.503403.xyz
============================================================
[INFO] source try url: https://links.bocchi2b.top/clash
[OK] proxies=35 new=35 url=https://links.bocchi2b.top/clash
[OK] proxies=35 source=[Bocchi2b-Base64] url=https://links.bocchi2b.top/clash
============================================================
[INFO] toolkit try repo: https://github.com/bannedbook/fanqiang
[INFO] toolkit try release: https://github.com/bannedbook/fanqiang/releases
[INFO] toolkit try release: https://github.com/bannedbook/fanqiang/releases/expanded_assets/ChromeGo-latest
[INFO] toolkit try download: https://github.com/bannedbook/fanqiang/releases/download/ChromeGo-latest/ChromeGo.7z
[OK] toolkit downloaded: ChromeGo.7z bytes=100924352
[OK] toolkit extracted archive=ChromeGo.7z tool=7z files=222 dirs=45
[OK] toolkit discovered subs=107 embedded=12 archive=ChromeGo.7z
[OK] proxies=6 new=6 embedded=archive-config
[OK] proxies=3 new=3 url=https://gitlab.com/free9999/ipupdate/master/backup/img/1/2/{ipp|ip}/clash.meta2/{5|6|3|1|4|2}/config.yaml
[OK] proxies=3 new=0 url=https://www.67867867.xyz/Alvin9999/PAC/refs/heads/master/backup/img/1/2/{ipp|ip}/clash.meta2/{5|6|3|1|4|2}/config.yaml
[OK] proxies=7 new=5 url=https://gitlab.com/free9999/ipupdate/master/backup/img/1/2/{ipp|ip}/{hysteria2|singbox|naiveproxy|hysteria|xray}/{3|1|4|2}/config.json
[OK] proxies=7 new=0 url=https://www.67867867.xyz/Alvin9999/PAC/refs/heads/master/backup/img/1/2/{ipp|ip}/{hysteria2|singbox|naiveproxy|hysteria|xray}/{3|1|4|2}/config.json
[OK] proxies=14 source=[ChromeGO-Toolkit] url=https://github.com/bannedbook/fanqiang/releases/download/ChromeGo-latest/ChromeGo.7z
============================================================
[INFO] sublink try repo: https://github.com/ShiteThings/extractNodes
[INFO] sublink try page: https://raw.githubusercontent.com/ShiteThings/extractNodes/main/README.md
[OK] proxies=31 new=30 url=https://{chg26.makou.cc.cd|chg64.makou.cc.cd}
[OK] proxies=26 new=1 url=https://chg26.makou.cc.cd/sb
[OK] proxies=31 source=[ChromeGO-ShiteThings] url=https://raw.githubusercontent.com/ShiteThings/extractNodes/main/README.md
============================================================
[INFO] sublink try repo: https://github.com/shangui999/chromego_merge
[INFO] sublink try page: https://raw.githubusercontent.com/shangui999/chromego_merge/master/ReadMe.md
[OK] proxies=10 new=10 url=https://freedman.netlify.app/sub/merged_proxies_new.yaml
[OK] proxies=11 new=1 url=https://freedman.netlify.app/sub/merged_warp_proxies_new.yaml
[OK] proxies=11 new=6 url=https://freedman.netlify.app/sub/shadowrocket_base64.txt
[OK] proxies=16 new=16 url=https://freedman.netlify.app/sub/sb.json
[INFO] sublink try repo: https://github.com/yaney01/chromego
[INFO] sublink try page: https://raw.githubusercontent.com/yaney01/chromego/main/ReadMe.md
[OK] proxies=50 new=46 url=https://raw.githubusercontent.com/yaney01/chromego/main/sub/merged_proxies_new.yaml
[OK] proxies=51 new=0 url=https://raw.githubusercontent.com/yaney01/chromego/main/sub/merged_warp_proxies_new.yaml
[OK] proxies=13 new=7 url=https://raw.githubusercontent.com/yaney01/chromego/main/sub/shadowrocket_base64.txt
[OK] proxies=13 new=0 url=https://raw.githubusercontent.com/yaney01/chromego/main/sub/sb.json
[INFO] sublink try repo: https://github.com/Misaka-blog/chromego_merge
[INFO] sublink try page: https://raw.githubusercontent.com/Misaka-blog/chromego_merge/main/README.md
[OK] proxies=25 new=25 url=https://chromego-sub.netlify.app/sub/merged_proxies_new.yaml
[OK] proxies=111 source=[ChromeGO-Merge] url=https://raw.githubusercontent.com/Misaka-blog/chromego_merge/main/README.md
============================================================
[INFO] source try url: https://freesocks.org/api/v1/sub/02b897e8e77f19176b0b9f2c75864b00
[OK] proxies=1 new=1 url=https://freesocks.org/api/v1/sub/02b897e8e77f19176b0b9f2c75864b00
[OK] proxies=1 source=[Freesocks] url=https://freesocks.org/api/v1/sub/02b897e8e77f19176b0b9f2c75864b00
============================================================
[INFO] source try url: https://neko-warp.nloli.xyz/neko_warp.yaml
[OK] proxies=10 new=10 url=https://neko-warp.nloli.xyz/neko_warp.yaml
[OK] proxies=10 source=[NekoWarp] url=https://neko-warp.nloli.xyz/neko_warp.yaml
============================================================
[INFO] toolkit try chrome: https://chromewebstore.google.com/detail/free-vpn-proxy-1vpn/akcocjjpkmlniicdeemdceeajlmoabhg
[INFO] toolkit try download: https://clients2.google.com/service/update2/crx?response=redirect&prodversion=131.0.6778.0&acceptformat=crx2,crx3&x=id%3dakcocjjpkmlniicdeemdceeajlmoabhg%26uc
[OK] toolkit downloaded: free-vpn-proxy-1vpn.crx bytes=1627904
[OK] toolkit extracted archive=free-vpn-proxy-1vpn.crx tool=zipfile files=68 dirs=57
[OK] toolkit 1vpn-crx scanned hosts=17 keys=1 archive=free-vpn-proxy-1vpn.crx
[OK] proxies=17 source=[1VPN-CRX] url=https://clients2.google.com/service/update2/crx?response=redirect&prodversion=131.0.6778.0&acceptformat=crx2,crx3&x=id%3dakcocjjpkmlniicdeemdceeajlmoabhg%26uc
============================================================
[INFO] article try feed: https://free.datiya.com/index.xml
[INFO] sublink try page: https://free.datiya.com/post/20260924/
[OK] proxies=14 new=14 url=https://free.datiya.com/uploads/20260924-clash.yaml
[OK] proxies=14 source=[OpenRunner-RSS] url=https://free.datiya.com/post/20260924/
============================================================
[INFO] article try feed: https://v2rayshare.com/feed
[INFO] sublink try page: https://v2rayshare.com/p/4097.html
[INFO] sublink try repo: https://github.com/firefoxmmx2/v2rayshare_subcription
[INFO] sublink try page: https://raw.githubusercontent.com/firefoxmmx2/v2rayshare_subcription/main/README.md
[OK] proxies=22 new=22 url=https://{raw.githubusercontent.com|cdn.jsdelivr.net}/firefoxmmx2/v2rayshare_subcription/main/subscription/vray_sub.txt
[OK] proxies=21 new=0 url=https://{raw.githubusercontent.com|cdn.jsdelivr.net}/firefoxmmx2/v2rayshare_subcription/main/subscription/clash_sub.yaml
[OK] proxies=22 new=0 url=https://{raw.githubusercontent.com|cdn.jsdelivr.net}/firefoxmmx2/v2rayshare_subcription/main/subscription/mihomo_sub.yaml
[OK] proxies=22 source=[V2Rayshare-RSS] url=https://raw.githubusercontent.com/firefoxmmx2/v2rayshare_subcription/main/README.md
============================================================
[INFO] article try feed: https://www.mibei77.com/feed
[INFO] sublink try page: https://www.mibei77.com/693.html
[OK] proxies=128 new=128 url=https://mm.mibei77.com/202609/09.2464bacvd.txt
[OK] proxies=128 new=1 url=https://mm.mibei77.com/202609/0924Clashizx.yaml
[OK] proxies=129 source=[Mibei77-RSS] url=https://www.mibei77.com/693.html
============================================================
[INFO] article try feed: https://yoyapai.com/feed
[INFO] sublink try page: https://yoyapai.com/732
[OK] proxies=1 new=1 url=https://yoyapai.com/732
[OK] proxies=225 new=225 url=https://freenode.yoyapai.com/2026/09/24-yoyapai.com-clash-vpnmianfeijiedian.yaml
[OK] proxies=225 new=0 url=https://freenode.yoyapai.com/2026/09/24-yoyapai.com-ssrv2ray-vpnmianfeijiedian.txt
[OK] proxies=226 source=[Yoyapai-RSS] url=https://yoyapai.com/732
============================================================
[INFO] sublink try repo: https://github.com/free18/v2ray
[INFO] sublink try page: https://raw.githubusercontent.com/free18/v2ray/main/README.md
[OK] proxies=3 new=3 url=https://raw.githubusercontent.com/free18/v2ray/main/README.md
[OK] proxies=260 new=260 url=https://ghfast.top/https://raw.githubusercontent.com/free18/v2ray/refs/heads/main/v.txt
[OK] proxies=260 new=0 url=https://ghfast.top/https://raw.githubusercontent.com/free18/v2ray/refs/heads/main/c.yaml
[OK] proxies=263 source=[免费节点1] url=https://raw.githubusercontent.com/free18/v2ray/main/README.md
============================================================
[INFO] sublink try repo: https://github.com/ermaozi/get_subscribe
[INFO] sublink try page: https://raw.githubusercontent.com/ermaozi/get_subscribe/main/README.md
[INFO] sublink file_nodes=0 bare links=9
[OK] proxies=299 new=299 url=https://www.ermao.net/sub/{clash|v2ray}/ermao.net
[OK] proxies=299 new=0 url=https://www.ermao.net/sub/{reachable|unreachable|untested}/clash/ermao.net
[OK] proxies=299 source=[免费节点2] url=https://raw.githubusercontent.com/ermaozi/get_subscribe/main/README.md
============================================================
[INFO] sublink try repo: https://github.com/sunmiao4458/free-proxy-airport
[INFO] sublink try page: https://raw.githubusercontent.com/sunmiao4458/free-proxy-airport/main/README.md
[OK] proxies=18 new=18 url=https://sunmiao4458.github.io/free-proxy-airport/clash.yaml
[OK] proxies=18 source=[免费节点3] url=https://raw.githubusercontent.com/sunmiao4458/free-proxy-airport/main/README.md
============================================================
[INFO] sublink try repo: https://github.com/mfuu/FreeProxies
[INFO] sublink try page: https://raw.githubusercontent.com/mfuu/FreeProxies/master/README.md
[OK] proxies=839 new=839 url=https://raw.githubusercontent.com/mfuu/FreeProxies/master/sub.yaml
[OK] proxies=839 source=[免费节点4] url=https://raw.githubusercontent.com/mfuu/FreeProxies/master/README.md
============================================================
[INFO] sublink try repo: https://github.com/vxiaov/free_proxies
[INFO] sublink try page: https://raw.githubusercontent.com/vxiaov/free_proxies/main/README.md
[OK] proxies=1 new=1 url=https://raw.githubusercontent.com/vxiaov/free_proxies/main/README.md
[OK] proxies=28 new=28 url=https://{cdn.jsdelivr.net|raw.githubusercontent.com}/vxiaov/free_proxies/main/clash/clash.provider.yaml
[OK] proxies=29 source=[免费节点5] url=https://raw.githubusercontent.com/vxiaov/free_proxies/main/README.md
============================================================
[INFO] sublink try repo: https://github.com/anaer/Sub
[INFO] sublink try page: https://raw.githubusercontent.com/anaer/Sub/main/README.MD
[OK] proxies=566 new=566 url=https://anaer.github.io/Sub/clash.yaml
[OK] proxies=566 new=0 url=https://raw.githubusercontent.com/anaer/Sub/main/clash.yaml
[OK] proxies=566 source=[免费节点6] url=https://raw.githubusercontent.com/anaer/Sub/main/README.MD
============================================================
[INFO] sublink try repo: https://github.com/snakem982/proxypool
[INFO] sublink try page: https://raw.githubusercontent.com/snakem982/proxypool/main/README.md
[OK] proxies=64 new=64 url=https://raw.githubusercontent.com/snakem982/proxypool/main/source/clash-meta-2.yaml
[OK] proxies=63 new=0 url=https://raw.githubusercontent.com/snakem982/proxypool/main/source/v2ray-2.txt
[OK] proxies=63 new=0 url=https://raw.githubusercontent.com/snakem982/proxypool/main/source/sing-box-2.json
[OK] proxies=64 source=[免费节点7] url=https://raw.githubusercontent.com/snakem982/proxypool/main/README.md
============================================================
[INFO] sublink try repo: https://github.com/mahdibland/V2RayAggregator
[INFO] sublink try page: https://raw.githubusercontent.com/mahdibland/V2RayAggregator/master/README.md
[OK] proxies=374 new=374 url=https://raw.githubusercontent.com/mahdibland/V2RayAggregator/master/README.md
[OK] proxies=1 new=1 url=https://github.com/mahdibland/SSAggregator/actions/workflows/Collector.yml
[OK] proxies=1 new=0 url=https://github.com/mahdibland/SSAggregator/actions/workflows/Airport_Collector.yml
[OK] proxies=195 new=0 url=https://raw.githubusercontent.com/mahdibland/ShadowsocksAggregator/master/Eternity.txt
[OK] proxies=197 new=5 url=https://raw.githubusercontent.com/mahdibland/ShadowsocksAggregator/master/Eternity.yml
[OK] proxies=61 new=61 url=https://raw.githubusercontent.com/mahdibland/ShadowsocksAggregator/master/EternityAir.txt
[OK] proxies=3929 new=3642 url=https://raw.githubusercontent.com/mahdibland/SSAggregator/master/sub/sub_merge_base64.txt
[OK] proxies=3929 new=0 url=https://raw.githubusercontent.com/mahdibland/{SSAggregator|ShadowsocksAggregator}/master/sub/sub_merge.txt
[OK] proxies=4168 new=292 url=https://raw.githubusercontent.com/mahdibland/SSAggregator/master/sub/sub_merge_yaml.yml
[OK] proxies=61 new=0 url=https://raw.githubusercontent.com/mahdibland/SSAggregator/master/sub/airport_merge_base64.txt
[OK] proxies=61 new=0 url=https://raw.githubusercontent.com/mahdibland/SSAggregator/master/sub/airport_sub_merge.txt
[OK] proxies=1444 new=0 url=https://raw.githubusercontent.com/mahdibland/ShadowsocksAggregator/master/sub/splitted/vmess.txt
[OK] proxies=588 new=0 url=https://raw.githubusercontent.com/mahdibland/ShadowsocksAggregator/master/sub/splitted/trojan.txt
[OK] proxies=54 new=0 url=https://raw.githubusercontent.com/mahdibland/ShadowsocksAggregator/master/sub/splitted/ssr.txt
[OK] proxies=1844 new=0 url=https://raw.githubusercontent.com/mahdibland/ShadowsocksAggregator/master/sub/splitted/ss.txt
[OK] proxies=1 new=0 url=https://cdn.jsdelivr.net/gh/mahdibland/V2RayAggregator@master/update/provider/provider-meta.yml
[OK] proxies=1 new=0 url=https://cdn.jsdelivr.net/gh/mahdibland/V2RayAggregator@master/update/provider/provider-meta-cn.yml
[OK] proxies=1 new=0 url=https://cdn.jsdelivr.net/gh/mahdibland/V2RayAggregator@master/update/provider/provider-meta-others.yml
[OK] proxies=1 new=0 url=https://cdn.jsdelivr.net/gh/mahdibland/V2RayAggregator@master/update/provider/provider.yml
[OK] proxies=1 new=0 url=https://cdn.jsdelivr.net/gh/mahdibland/V2RayAggregator@master/update/provider/provider-cn.yml
[OK] proxies=1 new=0 url=https://cdn.jsdelivr.net/gh/mahdibland/V2RayAggregator@master/update/provider/provider-others.yml
[OK] proxies=4375 source=[免费节点8] url=https://raw.githubusercontent.com/mahdibland/V2RayAggregator/master/README.md
============================================================
[INFO] sublink try repo: https://github.com/w1770946466/Auto_proxy
[INFO] sublink try page: https://raw.githubusercontent.com/w1770946466/Auto_proxy/main/README.md
[OK] proxies=1 new=1 url=https://github.com/w1770946466/Auto_proxy/actions/workflows/main.yml
[OK] proxies=245 new=245 url=https://raw.githubusercontent.com/w1770946466/Auto_proxy/main/{Long_term_subscription2.yaml|Long_term_subscription1.yaml|Long_term_subscription3.yaml}
[OK] proxies=489 new=54 url=https://raw.githubusercontent.com/w1770946466/Auto_proxy/main/{Long_term_subscription1|Long_term_subscription2|Long_term_subscription3|Long_term_subscription4|Long_term_subscription5|Long_term_subscription6|Long_term_subscription7|Long_term_subscription8}
[OK] proxies=489 new=315 url=https://raw.githubusercontent.com/w1770946466/Auto_proxy/main/Long_term_subscription_num
[OK] proxies=615 source=[免费节点9] url=https://raw.githubusercontent.com/w1770946466/Auto_proxy/main/README.md
============================================================
[INFO] sublink try repo: https://github.com/PuddinCat/BestClash
[INFO] sublink try page: https://raw.githubusercontent.com/PuddinCat/BestClash/main/README.md
[OK] proxies=16 new=16 url=https://raw.githubusercontent.com/PuddinCat/BestClash/main/proxies.yaml
[OK] proxies=28 new=28 url=https://cdn.jsdelivr.net/gh/vxiaov/free_proxies@main/clash/clash.provider.yaml
[OK] proxies=24 new=24 url=https://freenode.openrunner.net/uploads/20240807-clash.yaml
[OK] proxies=25 new=25 url=https://raw.githubusercontent.com/Misaka-blog/chromego_merge/main/sub/merged_proxies_new.yaml
[OK] proxies=3701 new=3689 url=https://raw.githubusercontent.com/{NiceVPN123|anaer}/{NiceVPN|Sub}/main/{Clash.yaml|clash.yaml}
[OK] proxies=25 new=0 url=https://raw.githubusercontent.com/{chengaopan|peasoft}/{AutoMergePublicNodes|NoMoreWalls}/master/list.yml
[OK] proxies=299 new=268 url=https://raw.githubusercontent.com/{ermaozi|ermaozi01}/{get_subscribe|free_clash_vpn}/main/subscribe/clash.yml
[OK] proxies=197 new=190 url=https://raw.githubusercontent.com/mahdibland/ShadowsocksAggregator/master/Eternity.yml
[OK] proxies=165 new=160 url=https://raw.githubusercontent.com/ronghuaxueleng/get_v2/main/pub/combine.yaml
[OK] proxies=144 new=3 url=https://raw.githubusercontent.com/zhangkaiitugithub/passcro/main/speednodes.yaml
[OK] proxies=4403 source=[免费节点10] url=https://raw.githubusercontent.com/PuddinCat/BestClash/main/README.md
============================================================
[INFO] sublink try repo: https://github.com/kooker/FreeSubsCheck
[INFO] sublink try page: https://raw.githubusercontent.com/kooker/FreeSubsCheck/main/README.md
[OK] proxies=3 new=3 url=https://raw.githubusercontent.com/kooker/FreeSubsCheck/main/mihomo.yaml
[OK] proxies=3 new=0 url=https://raw.githubusercontent.com/kooker/FreeSubsCheck/main/all.yaml
[OK] proxies=3 new=0 url=https://raw.githubusercontent.com/kooker/FreeSubsCheck/main/base64.txt
[OK] proxies=2 new=1 url=https://raw.githubusercontent.com/kooker/FreeSubsCheck/main/byxiaoxi.txt
[OK] proxies=392 new=392 url=https://raw.githubusercontent.com/kooker/FreeSubsCheck/main/kooker.jp.txt
[OK] proxies=396 source=[免费节点11] url=https://raw.githubusercontent.com/kooker/FreeSubsCheck/main/README.md
============================================================
[INFO] toolkit try repo: https://github.com/Pawdroid/shadowrocket_for_android
[INFO] toolkit try release: https://github.com/Pawdroid/shadowrocket_for_android/releases
[INFO] toolkit try release: https://github.com/Pawdroid/shadowrocket_for_android/releases/expanded_assets/10.10.55
[INFO] toolkit try download: https://github.com/Pawdroid/shadowrocket_for_android/releases/download/10.10.55/Shadowrocket_10.10.55_shadowrocketStandard_arm64-v8a.apk
[OK] toolkit downloaded: Shadowrocket_10.10.55_shadowrocketStandard_arm64-v8a.apk bytes=41449171
[OK] toolkit extracted archive=Shadowrocket_10.10.55_shadowrocketStandard_arm64-v8a.apk tool=zipfile files=1179 dirs=44
[OK] toolkit sr-apk scanned prefixes=38 files=6 keys=2 archive=Shadowrocket_10.10.55_shadowrocketStandard_arm64-v8a.apk
[OK] proxies=854 new=854 url=https://{cdn.jsdelivr.net|raw.githubusercontent.com}/pixelor/ecfg/main/data/ecfg6_zh
[OK] proxies=1116 new=336 url=https://{cdn.jsdelivr.net|raw.githubusercontent.com}/pixelor/ecfg/main/data/ecfg6_en
[OK] proxies=136 new=45 url=https://{raw.githubusercontent.com|cdn.jsdelivr.net}/pixelor/ecfg/main/data/ecfg6
[OK] proxies=585 new=0 url=https://{files.shadowrockets.app|cdn.shadowrockets.app}/ecfg/data/ecfg6_en
[OK] proxies=136 new=0 url=https://{files.shadowrockets.app|cdn.shadowrockets.app}/ecfg/data/ecfg6
[OK] proxies=585 new=0 url=https://{files.shadowrockets.app|cdn.shadowrockets.app}/ecfg/data/ecfg6_zh
[OK] proxies=1235 source=[Pawdroid-SR-APK] url=https://github.com/Pawdroid/shadowrocket_for_android/releases/download/10.10.55/Shadowrocket_10.10.55_shadowrocketStandard_arm64-v8a.apk
============================================================
[INFO] toolkit try page: https://shadowshare.v2cross.com
[INFO] toolkit try download: https://shadowshare.v2cross.com/shadowshare.apk
[OK] toolkit downloaded: shadowshare.apk bytes=62868122
[OK] toolkit extracted archive=shadowshare.apk tool=zipfile files=612 dirs=39
[OK] toolkit ss-apk scanned prefixes=10 files=3 keys=1 archive=shadowshare.apk
[OK] proxies=193 new=167 url=https://{raw.githubusercontent.com|jsd.onmicrosoft.cn}/hideme9527/ecsfg/main/data/sareserver
[OK] proxies=1386 new=1308 url=https://{raw.githubusercontent.com|jsd.onmicrosoft.cn}/hideme9527/ecsfg/main/data/sareserver_en
[OK] proxies=99 new=0 url=https://{shadowsharing.com|sare.159236.xyz}/data/sareserver
[OK] proxies=1386 new=0 url=https://{shadowsharing.com|sare.159236.xyz}/data/sareserver_en
[OK] proxies=99 new=0 url=https://gitee.com/api/v5/repos/{zhiminghao|guoyoucai1|elvenapp}/ecsfg/raw/data/sareserver
[OK] proxies=1386 new=0 url=https://gitee.com/api/v5/repos/{guoyoucai1|elvenapp|zhiminghao}/ecsfg/raw/data/sareserver_en
[OK] proxies=1475 source=[Pawdroid-SS-APK] url=https://shadowshare.v2cross.com/shadowshare.apk
============================================================
[INFO] sublink try repo: https://github.com/free-nodes/clashfree
[INFO] sublink try page: https://raw.githubusercontent.com/free-nodes/clashfree/main/README.md
[OK] proxies=177 new=177 url=https://raw.githubusercontent.com/free-nodes/clashfree/main/README.md
[OK] proxies=177 new=0 url=https://raw.githubusercontent.com/free-nodes/clashfree/main/clash20260924.yml
[OK] proxies=1 new=1 url=https://github.com/free-nodes/clashfree/blob/main/clash20260924.yml
[OK] proxies=178 source=[Clashfree] url=https://raw.githubusercontent.com/free-nodes/clashfree/main/README.md
============================================================
[INFO] sublink try repo: https://github.com/Epodonios/v2ray-configs
[INFO] sublink try page: https://raw.githubusercontent.com/Epodonios/v2ray-configs/main/README.md
[OK] proxies=1 new=1 url=https://github.com/Epodonios/V2ray-Configs/actions/workflows/main.yml
[OK] proxies=4103 new=4103 url=https://github.com/Epodonios/v2ray-configs/raw/main/All_Configs_Sub.txt
[OK] proxies=4103 new=0 url=https://github.com/Epodonios/v2ray-configs/raw/main/All_Configs_base64_Sub.txt
[OK] proxies=3342 new=0 url=https://github.com/Epodonios/v2ray-configs/raw/main/Splitted-By-Protocol/vless.txt
[OK] proxies=180 new=0 url=https://github.com/Epodonios/v2ray-configs/raw/main/Splitted-By-Protocol/vmess.txt
[OK] proxies=378 new=0 url=https://github.com/Epodonios/v2ray-configs/raw/main/Splitted-By-Protocol/ss.txt
[OK] proxies=3 new=0 url=https://github.com/Epodonios/v2ray-configs/raw/main/Splitted-By-Protocol/ssr.txt
[OK] proxies=162 new=0 url=https://github.com/Epodonios/v2ray-configs/raw/main/Splitted-By-Protocol/trojan.txt
[OK] proxies=4103 new=0 url=https://raw.githubusercontent.com/Epodonios/v2ray-configs/main/{Sub1.txt|Sub2.txt|Sub3.txt|Sub4.txt|Sub5.txt|Sub6.txt|Sub7.txt|Sub8.txt}
[OK] proxies=4104 source=[Epodonios] url=https://raw.githubusercontent.com/Epodonios/v2ray-configs/main/README.md
============================================================
[INFO] sublink try repo: https://github.com/free-clash-v2ray/free-clash-v2ray.github.io
[INFO] sublink try page: https://raw.githubusercontent.com/free-clash-v2ray/free-clash-v2ray.github.io/main/README.md
[OK] proxies=3279 new=3279 url=https://free-clash-v2ray.github.io/uploads/2026/09/{0-20260920.yaml|1-20260920.yaml|2-20260920.yaml|3-20260920.yaml}
[OK] proxies=4810 new=1941 url=https://free-clash-v2ray.github.io/uploads/2026/09/{0-20260920.txt|1-20260920.txt|2-20260920.txt|3-20260920.txt|4-20260920.txt}
[OK] proxies=5220 source=[Free-clash-v2ray] url=https://raw.githubusercontent.com/free-clash-v2ray/free-clash-v2ray.github.io/main/README.md
============================================================
[INFO] article try page: https://v2rayclashfree.com
[INFO] sublink try page: https://v2rayclashfree.com/fn/20260925.html
[WARN] source=[V2rayclashfree-RSS] no proxies found=0 raw=1606
[INFO] source=[V2rayclashfree-RSS] reused previous raw file=797390758398-raw-1601-20260924.yaml stamp=202609241601
[OK] proxies=1606 source=[V2rayclashfree-RSS] url=https://v2rayclashfree.com/fn/20260925.html
============================================================
[INFO] raw backup written path=/home/runner/work/Free-node-autotest/Free-node-autotest/output/raw.yaml proxies=26334
[INFO] toolkit try repo: https://github.com/MetaCubeX/mihomo
[INFO] toolkit try release: https://github.com/MetaCubeX/mihomo/releases
[INFO] toolkit try release: https://github.com/MetaCubeX/mihomo/releases/expanded_assets/v1.19.31
[INFO] toolkit try download: https://github.com/MetaCubeX/mihomo/releases/download/v1.19.31/mihomo-linux-amd64-compatible-v1.19.31.gz
[OK] toolkit downloaded: mihomo-linux-amd64-compatible-v1.19.31.gz bytes=22821836
[OK] toolkit sha256 verified: mihomo-linux-amd64-compatible-v1.19.31.gz sha256=04cf9f09671704f839ddbee2e93069dc831a4123a75281e725d1d96ab9ac1afc
[OK] proxy engine ready: starting latency test package=mihomo-linux-amd64-compatible-v1.19.31.gz
============================================================
[WARN] batch start failed size=18241 {1} split -> 9120 {2} + 9121 {3}
[WARN] batch start failed size=9120 {2} split -> 4560 {4} + 4560 {5}
[WARN] batch start failed size=9121 {3} split -> 4560 {6} + 4561 {7}
[WARN] batch start failed size=4560 {4} split -> 2280 {8} + 2280 {9}
[WARN] batch start failed size=4560 {6} split -> 2280 {10} + 2280 {11}
[WARN] batch start failed size=4561 {7} split -> 2280 {12} + 2281 {13}
[WARN] batch start failed size=2280 {11} split -> 1140 {14} + 1140 {15}
[TEST] {5} tested 100/4560 kept=0 rest=18084
[TEST] {9} tested 100/2280 kept=71 rest=18003
[WARN] batch start failed size=2280 {8} split -> 1140 {16} + 1140 {17}
[WARN] batch start failed size=2280 {10} split -> 1140 {18} + 1140 {19}
[TEST] {5} tested 200/4560 kept=0 rest=17867
[TEST] {9} tested 200/2280 kept=87 rest=17830
[TEST] {12} tested 100/2280 kept=0 rest=17679
[TEST] {9} tested 300/2280 kept=87 rest=17485
[TEST] {12} tested 200/2280 kept=1 rest=17468
[TEST] {5} tested 300/4560 kept=0 rest=17323
[TEST] {12} tested 300/2280 kept=1 rest=17211
[TEST] {9} tested 400/2280 kept=87 rest=17190
[TEST] {12} tested 400/2280 kept=1 rest=16998
[TEST] {9} tested 500/2280 kept=87 rest=16962
[TEST] {9} tested 600/2280 kept=87 rest=16817
[TEST] {12} tested 500/2280 kept=1 rest=16723
[TEST] {12} tested 600/2280 kept=2 rest=16594
[TEST] {5} tested 400/4560 kept=0 rest=16516
[TEST] {12} tested 700/2280 kept=8 rest=16422
[TEST] {9} tested 700/2280 kept=87 rest=16371
[TEST] {12} tested 800/2280 kept=11 rest=16176
[TEST] {5} tested 500/4560 kept=0 rest=16160
[TEST] {9} tested 800/2280 kept=87 rest=16086
[TEST] {12} tested 900/2280 kept=11 rest=15924
[TEST] {9} tested 900/2280 kept=87 rest=15843
[TEST] {5} tested 600/4560 kept=0 rest=15802
[TEST] {12} tested 1000/2280 kept=11 rest=15659
[TEST] {12} tested 1100/2280 kept=13 rest=15519
[TEST] {9} tested 1000/2280 kept=87 rest=15397
[TEST] {12} tested 1200/2280 kept=13 rest=15332
[TEST] {5} tested 700/4560 kept=0 rest=15306
[TEST] {12} tested 1300/2280 kept=13 rest=15131
[TEST] {9} tested 1100/2280 kept=87 rest=15059
[TEST] {12} tested 1400/2280 kept=19 rest=14967
[TEST] {5} tested 800/4560 kept=0 rest=14903
[TEST] {9} tested 1200/2280 kept=87 rest=14733
[TEST] {12} tested 1500/2280 kept=27 rest=14613
[TEST] {12} tested 1600/2280 kept=87 rest=14496
[TEST] {5} tested 900/4560 kept=0 rest=14425
[TEST] {12} tested 1700/2280 kept=131 rest=14360
[TEST] {12} tested 1800/2280 kept=143 rest=14224
[TEST] {12} tested 1900/2280 kept=148 rest=14104
[TEST] {12} tested 2000/2280 kept=149 rest=13987
[TEST] {5} tested 1000/4560 kept=0 rest=13860
[TEST] {9} tested 1300/2280 kept=87 rest=13831
[TEST] {12} tested 2100/2280 kept=165 rest=13828
[TEST] {5} tested 1100/4560 kept=0 rest=13634
[TEST] {12} tested 2200/2280 kept=234 rest=13563
[TEST] {9} tested 1400/2280 kept=87 rest=13458
[TEST] {5} tested 1200/4560 kept=0 rest=13379
[TEST] {5} tested 1300/4560 kept=0 rest=13235
[TEST] {5} tested 1400/4560 kept=0 rest=13110
[TEST] {12} tested 2280/2280 kept=270 rest=13028
[TEST] {9} tested 1500/2280 kept=87 rest=12993
[TEST] {5} tested 1500/4560 kept=5 rest=12940
[WARN] batch start failed size=2281 {13} split -> 1140 {20} + 1141 {21}
[TEST] {5} tested 1600/4560 kept=61 rest=12791
[TEST] {5} tested 1700/4560 kept=70 rest=12687
[TEST] {5} tested 1800/4560 kept=70 rest=12584
[TEST] {15} tested 100/1140 kept=0 rest=12455
[TEST] {9} tested 1600/2280 kept=87 rest=12327
[TEST] {15} tested 200/1140 kept=2 rest=12302
[TEST] {5} tested 1900/4560 kept=70 rest=12102
[TEST] {15} tested 300/1140 kept=8 rest=12081
[TEST] {9} tested 1700/2280 kept=87 rest=12005
[TEST] {5} tested 2000/4560 kept=70 rest=11910
[TEST] {15} tested 400/1140 kept=11 rest=11759
[TEST] {5} tested 2100/4560 kept=80 rest=11651
[TEST] {15} tested 500/1140 kept=12 rest=11632
[TEST] {15} tested 600/1140 kept=14 rest=11430
[TEST] {9} tested 1800/2280 kept=92 rest=11393
[TEST] {9} tested 1900/2280 kept=159 rest=11238
[TEST] {5} tested 2200/4560 kept=81 rest=11086
[TEST] {15} tested 700/1140 kept=16 rest=11037
[TEST] {9} tested 2000/2280 kept=190 rest=10980
[TEST] {15} tested 800/1140 kept=16 rest=10908
[TEST] {15} tested 900/1140 kept=17 rest=10767
[TEST] {15} tested 1000/1140 kept=18 rest=10638
[TEST] {5} tested 2300/4560 kept=81 rest=10549
[TEST] {9} tested 2100/2280 kept=190 rest=10535
[TEST] {5} tested 2400/4560 kept=81 rest=10405
[TEST] {15} tested 1100/1140 kept=18 rest=10221
[TEST] {9} tested 2200/2280 kept=190 rest=10131
[TEST] {5} tested 2500/4560 kept=82 rest=10118
[TEST] {5} tested 2600/4560 kept=82 rest=9995
[TEST] {15} tested 1140/1140 kept=18 rest=9972
[WARN] batch start failed size=1140 {14} split -> 570 {22} + 570 {23}
[TEST] {5} tested 2700/4560 kept=82 rest=9854
[WARN] batch start failed size=1140 {16} split -> 570 {24} + 570 {25}
[TEST] {9} tested 2280/2280 kept=190 rest=9835
[TEST] {18} tested 100/1140 kept=0 rest=9648
[TEST] {18} tested 200/1140 kept=0 rest=9528
[TEST] {5} tested 2800/4560 kept=82 rest=9454
[TEST] {5} tested 2900/4560 kept=82 rest=9338
[TEST] {17} tested 100/1140 kept=1 rest=9267
[TEST] {18} tested 300/1140 kept=0 rest=9132
[TEST] {18} tested 400/1140 kept=0 rest=9009
[TEST] {5} tested 3000/4560 kept=82 rest=8895
[TEST] {17} tested 200/1140 kept=33 rest=8889
[TEST] {17} tested 300/1140 kept=37 rest=8696
[TEST] {5} tested 3100/4560 kept=83 rest=8649
[TEST] {18} tested 500/1140 kept=0 rest=8592
[TEST] {18} tested 600/1140 kept=2 rest=8468
[TEST] {18} tested 700/1140 kept=6 rest=8302
[TEST] {17} tested 400/1140 kept=38 rest=8227
[TEST] {5} tested 3200/4560 kept=83 rest=8213
[TEST] {17} tested 500/1140 kept=38 rest=8085
[TEST] {17} tested 600/1140 kept=38 rest=7944
[TEST] {18} tested 800/1140 kept=27 rest=7891
[TEST] {18} tested 900/1140 kept=81 rest=7741
[TEST] {5} tested 3300/4560 kept=84 rest=7643
[TEST] {18} tested 1000/1140 kept=137 rest=7567
[TEST] {17} tested 700/1140 kept=38 rest=7409
[TEST] {18} tested 1100/1140 kept=200 rest=7269
[TEST] {17} tested 800/1140 kept=38 rest=7238
[TEST] {5} tested 3400/4560 kept=85 rest=7211
[TEST] {5} tested 3500/4560 kept=86 rest=7045
[TEST] {18} tested 1140/1140 kept=204 rest=6954
[TEST] {5} tested 3600/4560 kept=86 rest=6925
[WARN] batch start failed size=1140 {19} split -> 570 {26} + 570 {27}
[TEST] {17} tested 900/1140 kept=41 rest=6807
[TEST] {20} tested 100/1140 kept=5 rest=6684
[TEST] {5} tested 3700/4560 kept=86 rest=6649
[TEST] {20} tested 200/1140 kept=12 rest=6565
[TEST] {20} tested 300/1140 kept=17 rest=6445
[TEST] {20} tested 400/1140 kept=24 rest=6333
[TEST] {20} tested 500/1140 kept=25 rest=6209
[TEST] {20} tested 600/1140 kept=29 rest=6063
[TEST] {20} tested 700/1140 kept=31 rest=5942
[TEST] {20} tested 800/1140 kept=32 rest=5818
[TEST] {17} tested 1000/1140 kept=41 rest=5790
[TEST] {5} tested 3800/4560 kept=86 rest=5756
[TEST] {20} tested 900/1140 kept=41 rest=5651
[TEST] {20} tested 1000/1140 kept=59 rest=5516
[TEST] {5} tested 3900/4560 kept=86 rest=5413
[TEST] {5} tested 4000/4560 kept=86 rest=5278
[TEST] {20} tested 1100/1140 kept=78 rest=5246
[TEST] {17} tested 1100/1140 kept=52 rest=5181
[TEST] {5} tested 4100/4560 kept=86 rest=5058
[TEST] {5} tested 4200/4560 kept=86 rest=4944
[TEST] {5} tested 4300/4560 kept=86 rest=4843
[TEST] {20} tested 1140/1140 kept=78 rest=4783
[TEST] {17} tested 1140/1140 kept=52 rest=4740
[TEST] {5} tested 4400/4560 kept=86 rest=4721
[WARN] batch start failed size=1141 {21} split -> 570 {28} + 571 {29}
[WARN] batch start failed size=570 {23} split -> 285 {30} + 285 {31}
[TEST] {25} tested 100/570 kept=7 rest=4469
[TEST] {22} tested 100/570 kept=1 rest=4398
[TEST] {5} tested 4500/4560 kept=86 rest=4383
[TEST] {22} tested 200/570 kept=4 rest=4219
[TEST] {25} tested 200/570 kept=51 rest=4108
[TEST] {5} tested 4560/4560 kept=86 rest=4052
[WARN] batch start failed size=570 {24} split -> 285 {32} + 285 {33}
[TEST] {26} tested 100/570 kept=41 rest=3890
[TEST] {22} tested 300/570 kept=14 rest=3774
[TEST] {26} tested 200/570 kept=87 rest=3770
[TEST] {25} tested 300/570 kept=74 rest=3668
[TEST] {26} tested 300/570 kept=135 rest=3590
[TEST] {22} tested 400/570 kept=19 rest=3503
[TEST] {26} tested 400/570 kept=158 rest=3412
[TEST] {26} tested 500/570 kept=176 rest=3193
[TEST] {25} tested 400/570 kept=83 rest=3161
[TEST] {22} tested 500/570 kept=50 rest=3099
[TEST] {26} tested 570/570 kept=186 rest=3004
[TEST] {22} tested 570/570 kept=50 rest=2996
[WARN] batch start failed size=570 {27} split -> 285 {34} + 285 {35}
[TEST] {25} tested 500/570 kept=83 rest=2921
[WARN] batch start failed size=570 {28} split -> 285 {36} + 285 {37}
[WARN] batch start failed size=285 {30} split -> 142 {38} + 143 {39}
[TEST] {29} tested 100/571 kept=0 rest=2811
[TEST] {29} tested 200/571 kept=0 rest=2709
[TEST] {29} tested 300/571 kept=0 rest=2607
[TEST] {29} tested 400/571 kept=0 rest=2505
[TEST] {29} tested 500/571 kept=25 rest=2313
[TEST] {31} tested 100/285 kept=0 rest=2301
[TEST] {25} tested 570/570 kept=83 rest=2153
[WARN] batch start failed size=285 {32} split -> 142 {40} + 143 {41}
[TEST] {31} tested 200/285 kept=1 rest=2020
[TEST] {29} tested 571/571 kept=48 rest=1983
[TEST] {33} tested 100/285 kept=3 rest=1922
[TEST] {35} tested 100/285 kept=0 rest=1779
[TEST] {35} tested 200/285 kept=5 rest=1655
[TEST] {33} tested 200/285 kept=8 rest=1581
[TEST] {31} tested 285/285 kept=1 rest=1554
[WARN] batch start failed size=285 {34} split -> 142 {42} + 143 {43}
[TEST] {35} tested 285/285 kept=10 rest=1370
[TEST] {37} tested 100/285 kept=62 rest=1335
[WARN] batch start failed size=285 {36} split -> 142 {44} + 143 {45}
[TEST] {33} tested 285/285 kept=9 rest=1305
[WARN] batch start failed size=142 {38} split -> 71 {46} + 71 {47}
[TEST] {39} tested 100/143 kept=0 rest=1201
[WARN] batch start failed size=142 {40} split -> 71 {48} + 71 {49}
[WARN] batch start failed size=143 {41} split -> 71 {50} + 72 {51}
[TEST] {42} tested 100/142 kept=16 rest=1033
[TEST] {37} tested 200/285 kept=80 rest=1025
[TEST] {39} tested 143/143 kept=0 rest=926
[WARN] batch start failed size=143 {43} split -> 71 {52} + 72 {53}
[WARN] batch start failed size=142 {44} split -> 71 {54} + 71 {55}
[TEST] {42} tested 142/142 kept=32 rest=832
[WARN] batch start failed size=71 {46} split -> 35 {56} + 36 {57}
[TEST] {37} tested 285/285 kept=80 rest=766
[TEST] {45} tested 100/143 kept=85 rest=755
[TEST] {45} tested 143/143 kept=101 rest=648
[WARN] batch start failed size=71 {49} split -> 35 {58} + 36 {59}
[TEST] {47} tested 71/71 kept=2 rest=578
[TEST] {48} tested 71/71 kept=8 rest=534
[WARN] batch start failed size=71 {50} split -> 35 {60} + 36 {61}
[WARN] batch start failed size=71 {52} split -> 35 {62} + 36 {63}
[TEST] {51} tested 72/72 kept=21 rest=387
[WARN] batch start failed size=71 {55} split -> 35 {64} + 36 {65}
[TEST] {53} tested 72/72 kept=0 rest=379
[TEST] {54} tested 71/71 kept=7 rest=349
[WARN] batch start failed size=36 {57} split -> 18 {66} + 18 {67}
[WARN] batch start failed size=36 {59} split -> 18 {68} + 18 {69}
[WARN] batch start failed size=35 {58} split -> 17 {70} + 18 {71}
[WARN] batch start failed size=36 {61} split -> 18 {72} + 18 {73}
[WARN] batch start failed size=35 {62} split -> 17 {74} + 18 {75}
[TEST] {63} tested 36/36 kept=0 rest=287
[TEST] {56} tested 35/35 kept=1 rest=224
[WARN] batch start failed size=35 {64} split -> 17 {76} + 18 {77}
[WARN] batch start failed size=18 {67} split -> 9 {78} + 9 {79}
[TEST] {60} tested 35/35 kept=0 rest=211
[TEST] {65} tested 36/36 kept=31 rest=203
[WARN] batch start failed size=18 {68} split -> 9 {80} + 9 {81}
[WARN] batch start failed size=18 {71} split -> 9 {82} + 9 {83}
[TEST] {66} tested 18/18 kept=0 rest=180
[WARN] batch start failed size=18 {72} split -> 9 {84} + 9 {85}
[TEST] {69} tested 18/18 kept=0 rest=164
[TEST] {70} tested 17/17 kept=6 rest=144
[WARN] batch start failed size=17 {74} split -> 8 {86} + 9 {87}
[TEST] {73} tested 18/18 kept=1 rest=131
[TEST] {75} tested 18/18 kept=1 rest=117
[WARN] batch start failed size=18 {77} split -> 9 {88} + 9 {89}
[WARN] batch start failed size=9 {78} split -> 4 {90} + 5 {91}
[WARN] batch start failed size=9 {80} split -> 4 {92} + 5 {93}
[WARN] batch start failed size=9 {81} split -> 4 {94} + 5 {95}
[WARN] batch start failed size=9 {83} split -> 4 {96} + 5 {97}
[TEST] {76} tested 17/17 kept=5 rest=94
[WARN] batch start failed size=9 {85} split -> 4 {98} + 5 {99}
[TEST] {79} tested 9/9 kept=0 rest=83
[TEST] {82} tested 9/9 kept=0 rest=80
[WARN] batch start failed size=8 {86} split -> 4 {100} + 4 {101}
[WARN] batch start failed size=9 {88} split -> 4 {102} + 5 {103}
[TEST] {84} tested 9/9 kept=0 rest=70
[WARN] batch start failed size=4 {90} split -> 2 {104} + 2 {105}
[TEST] {89} tested 9/9 kept=9 rest=69
[TEST] {87} tested 9/9 kept=0 rest=60
[WARN] batch start failed size=4 {92} split -> 2 {106} + 2 {107}
[TEST] {91} tested 5/5 kept=0 rest=56
[WARN] batch start failed size=5 {95} split -> 2 {108} + 3 {109}
[TEST] {93} tested 5/5 kept=0 rest=52
[WARN] batch start failed size=5 {97} split -> 2 {110} + 3 {111}
[WARN] batch start failed size=5 {99} split -> 2 {112} + 3 {113}
[TEST] {94} tested 4/4 kept=0 rest=45
[WARN] batch start failed size=4 {98} split -> 2 {114} + 2 {115}
[TEST] {96} tested 4/4 kept=0 rest=44
[WARN] batch start failed size=4 {100} split -> 2 {116} + 2 {117}
[WARN] batch start failed size=4 {102} split -> 2 {118} + 2 {119}
[WARN] batch start failed size=2 {105} split -> 1 {120} + 1 {121}
[TEST] {103} tested 5/5 kept=4 rest=38
[WARN] batch start failed size=2 {106} split -> 1 {122} + 1 {123}
[WARN] batch start failed size=2 {107} split -> 1 {124} + 1 {125}
[WARN] batch start failed size=2 {108} split -> 1 {126} + 1 {127}
[WARN] batch start failed size=3 {109} split -> 1 {128} + 2 {129}
[TEST] {101} tested 4/4 kept=0 rest=33
[WARN] batch start failed size=3 {111} split -> 1 {130} + 2 {131}
[WARN] batch start failed size=2 {112} split -> 1 {132} + 1 {133}
[TEST] {104} tested 2/2 kept=1 rest=32
[WARN] batch start failed size=3 {113} split -> 1 {134} + 2 {135}
[WARN] batch start failed size=2 {115} split -> 1 {136} + 1 {137}
[WARN] batch start failed size=2 {116} split -> 1 {138} + 1 {139}
[TEST] {110} tested 2/2 kept=0 rest=29
[WARN] batch start failed size=2 {119} split -> 1 {140} + 1 {141}
[TEST] {118} tested 2/2 kept=2 rest=27
[REPAIR] {120} name=[Epodonios] EPODONIOS-106 fields=cipher
[TEST] {114} tested 2/2 kept=0 rest=26
[REPAIR] {122} name=[ChromeGO-ShiteThings] hysteria-2 fields=up,down
[REPAIR] {123} name=[ChromeGO-ShiteThings] hysteria-3 fields=up,down
[TEST] {117} tested 2/2 kept=0 rest=25
[TEST] {122} tested 1/1 kept=0 rest=24
[REPAIR] {125} name=[ChromeGO-ShiteThings] hysteria-5 fields=up,down
[REPAIR] {124} name=[ChromeGO-ShiteThings] hysteria-4 fields=up,down
[TEST] {123} tested 1/1 kept=0 rest=23
[REPAIR] {127} name=[ChromeGO-Merge] WARP fields=dialer-proxy
[TEST] {124} tested 1/1 kept=0 rest=22
[REPAIR] {128} name=[ChromeGO-Merge] United fields=up,down
[WARN] batch start failed size=2 {129} split -> 1 {142} + 1 {143}
[WARN] batch start failed size=2 {131} split -> 1 {144} + 1 {145}
[TEST] {130} tested 1/1 kept=0 rest=21
[TEST] {121} tested 1/1 kept=0 rest=20
[TEST] {120} tested 1/1 kept=0 rest=19
[REPAIR] {132} name=[ChromeGO-Merge] France fields=up,down
[REPAIR] {133} name=[ChromeGO-Merge] United-4 fields=up,down
[REPAIR] {134} name=[ChromeGO-Merge] Taiwan-2 fields=up,down
[WARN] batch start failed size=2 {135} split -> 1 {146} + 1 {147}
[TEST] {134} tested 1/1 kept=0 rest=18
[REPAIR] {137} name=[ChromeGO-Merge] Taiwan fields=up,down
[TEST] {126} tested 1/1 kept=0 rest=17
[TEST] {125} tested 1/1 kept=0 rest=16
[REPAIR] {139} name=[Pawdroid-SS-APK] United+Kingdom-2 fields=cipher
[TEST] {137} tested 1/1 kept=0 rest=15
[TEST] {127} tested 1/1 kept=0 rest=14
[REPAIR] {140} name=[Free-clash-v2ray] hysteria fields=up,down
[TEST] {138} tested 1/1 kept=0 rest=13
[TEST] {128} tested 1/1 kept=0 rest=12
[REPAIR] {143} name=[ChromeGO-Merge] United-2 fields=up,down
[TEST] {140} tested 1/1 kept=0 rest=11
[TEST] {141} tested 1/1 kept=1 rest=10
[TEST] {139} tested 1/1 kept=1 rest=9
[REPAIR] {142} name=[ChromeGO-Merge] France_hysteria_1 fields=up,down
[TEST] {144} tested 1/1 kept=0 rest=8
[REPAIR] {145} name=[ChromeGO-ShiteThings] hysteria fields=up,down
[REPAIR] {146} name=[ChromeGO-Merge] United-5 fields=up,down
[TEST] {145} tested 1/1 kept=0 rest=7
[TEST] {147} tested 1/1 kept=0 rest=6
[TEST] {132} tested 1/1 kept=0 rest=5
[TEST] {133} tested 1/1 kept=0 rest=4
[TEST] {136} tested 1/1 kept=0 rest=3
[TEST] {143} tested 1/1 kept=0 rest=2
[TEST] {142} tested 1/1 kept=0 rest=1
[TEST] {146} tested 1/1 kept=0 rest=0
============================================================
[INFO] core-dedupe dropped 1 same-host variants, kept higher health_score
[INFO] cap live source=[免费节点2] from 71 to 50 by health_score
[INFO] cap live source=[免费节点8] from 237 to 50 by health_score
[INFO] cap live source=[Pawdroid-SR-APK] from 404 to 50 by health_score
[INFO] cap live source=[Free-clash-v2ray] from 573 to 50 by health_score
[INFO] cap live total from 513 to 400 floor=5 then health_score pool
[INFO] cap live reserved=102 pool=411 taken=298
============================================================
+------------------------------+--------+--------+------+--------+
| source                       |    raw | unique | live | capped |
+------------------------------+--------+--------+------+--------+
| [大FQ运动]                   |     12 |     12 |    4 |      4 |
+------------------------------+--------+--------+------+--------+
| [Pawdroid]                   |     22 |     21 |    1 |      1 |
+------------------------------+--------+--------+------+--------+
| [FreeV2-Base64]              |      3 |      3 |    3 |      3 |
+------------------------------+--------+--------+------+--------+
| [Bocchi2b-Base64]            |     35 |     35 |    0 |      0 |
+------------------------------+--------+--------+------+--------+
| [ChromeGO-Toolkit]           |     14 |     14 |    5 |      5 |
+------------------------------+--------+--------+------+--------+
| [ChromeGO-ShiteThings]       |     31 |     25 |    1 |      1 |
+------------------------------+--------+--------+------+--------+
| [ChromeGO-Merge]             |    111 |    110 |    2 |      2 |
+------------------------------+--------+--------+------+--------+
| [Freesocks]                  |      1 |      1 |    0 |      0 |
+------------------------------+--------+--------+------+--------+
| [NekoWarp]                   |     10 |     10 |   10 |      9 |
+------------------------------+--------+--------+------+--------+
| [1VPN-CRX]                   |     17 |     17 |   10 |      5 |
+------------------------------+--------+--------+------+--------+
| [OpenRunner-RSS]             |     14 |      0 |    0 |      0 |
+------------------------------+--------+--------+------+--------+
| [V2Rayshare-RSS]             |     22 |     22 |    0 |      0 |
+------------------------------+--------+--------+------+--------+
| [Mibei77-RSS]                |    129 |    109 |    3 |      3 |
+------------------------------+--------+--------+------+--------+
| [Yoyapai-RSS]                |    226 |    192 |    6 |      5 |
+------------------------------+--------+--------+------+--------+
| [免费节点1]                  |    263 |    158 |   12 |      5 |
+------------------------------+--------+--------+------+--------+
| [免费节点2]                  |    299 |    247 |   71 |     44 |
+------------------------------+--------+--------+------+--------+
| [免费节点3]                  |     18 |      0 |    0 |      0 |
+------------------------------+--------+--------+------+--------+
| [免费节点4]                  |    839 |    716 |   38 |     32 |
+------------------------------+--------+--------+------+--------+
| [免费节点5]                  |     29 |     28 |    0 |      0 |
+------------------------------+--------+--------+------+--------+
| [免费节点6]                  |    566 |    543 |    3 |      3 |
+------------------------------+--------+--------+------+--------+
| [免费节点7]                  |     64 |     44 |   34 |     12 |
+------------------------------+--------+--------+------+--------+
| [免费节点8]                  |   4375 |   3923 |  237 |     50 |
+------------------------------+--------+--------+------+--------+
| [免费节点9]                  |    615 |    452 |    0 |      0 |
+------------------------------+--------+--------+------+--------+
| [免费节点10]                 |   4403 |   3073 |   16 |     11 |
+------------------------------+--------+--------+------+--------+
| [免费节点11]                 |    396 |    219 |   15 |      9 |
+------------------------------+--------+--------+------+--------+
| [Pawdroid-SR-APK]            |   1235 |    970 |  404 |     50 |
+------------------------------+--------+--------+------+--------+
| [Pawdroid-SS-APK]            |   1475 |    915 |   33 |     18 |
+------------------------------+--------+--------+------+--------+
| [Clashfree]                  |    178 |     61 |   31 |     20 |
+------------------------------+--------+--------+------+--------+
| [Epodonios]                  |   4104 |   3260 |   43 |     26 |
+------------------------------+--------+--------+------+--------+
| [Free-clash-v2ray]           |   5220 |   2881 |  573 |     50 |
+------------------------------+--------+--------+------+--------+
| [V2rayclashfree-RSS]         |   1606 |    180 |   44 |     32 |
+------------------------------+--------+--------+------+--------+
============================================================
[SUMMARY] total_nodes=26332
[SUMMARY] legal_candidates=18241
[SUMMARY] passed_latency_test=400
[SUMMARY] region_HK=2 region_JP=9 region_US=125
[SUMMARY] avg_latency_ms=303.13
[SUMMARY] output=/home/runner/work/Free-node-autotest/Free-node-autotest/output/clash.yaml
============================================================
