[OK] source=大FQ运动 proxies=2 url=https://raw.githubusercontent.com/hello-world-1989/cn-news/refs/heads/main/clash.yaml
============================================================
[OK] source=大FQ运动-官网 proxies=4 url=https://end-gfw.com/ss-key
============================================================
[OK] source=ChromeGO proxies=28 url=https://chg26.makou.cc.cd/
============================================================
[INFO] v2rayshare try page: https://v2rayshare.net/p/5083.html
[OK] v2rayshare discovered: https://static.v2rayshare.net/2026/08/m20260828.yaml
[OK] source=V2Rayshare-RSS proxies=27 url=https://static.v2rayshare.net/2026/08/m20260828.yaml
============================================================
[INFO] openrunner try page: https://free.datiya.com/post/20260828/
[OK] openrunner discovered: https://free.datiya.com/uploads/20260828-clash.yaml
[OK] source=OpenRunner-RSS proxies=14 url=https://free.datiya.com/uploads/20260828-clash.yaml
============================================================
[INFO] mibei77 try page: https://www.mibei77.com/621.html
[OK] mibei77 discovered: https://mm.mibei77.com/202608/0828Clashiax.yaml
[OK] source=Mibei77-RSS proxies=262 url=https://mm.mibei77.com/202608/0828Clashiax.yaml
============================================================
[INFO] yoyapai try page: https://yoyapai.com/688
[OK] yoyapai discovered: https://freenode.yoyapai.com/2026/08/28-yoyapai.com-clash-vpn-mian-fei-jiedian.yaml
[OK] source=Yoyapai-RSS proxies=280 url=https://freenode.yoyapai.com/2026/08/28-yoyapai.com-clash-vpn-mian-fei-jiedian.yaml
============================================================
[OK] source=Free-clash-v2ray-README proxies=253 url=https://free-clash-v2ray.github.io/uploads/2026/08/0-20260823.yaml
============================================================
[OK] source=FreeV2-Base64 proxies=7 url=https://xmxosfepggzm.503403.xyz
============================================================
[OK] source=Pawdroid-Base64 proxies=20 url=https://raw.githubusercontent.com/Pawdroid/Free-servers/main/sub
============================================================
[OK] source=V2Rayshare-订阅 proxies=27 url=https://cdn.jsdelivr.net/gh/firefoxmmx2/v2rayshare_subcription/subscription/mihomo_sub.yaml
============================================================
[OK] source=免费节点1 proxies=298 url=https://raw.githubusercontent.com/free18/v2ray/refs/heads/main/c.yaml
============================================================
[OK] source=免费节点1-README自建 proxies=6 url=https://raw.githubusercontent.com/free18/v2ray/refs/heads/main/README.md
============================================================
[OK] source=免费节点2 proxies=29 url=https://raw.githubusercontent.com/ermaozi/get_subscribe/main/subscribe/clash.yml
============================================================
[OK] source=免费节点3 proxies=93 url=https://sunmiao4458.github.io/free-proxy-airport/clash.yaml
============================================================
[WARN] YAML document parse failed: while parsing a flow mapping
  in "<unicode string>", line 31, column 3:
    - {name: "🇫🇷FR-"2001:bc8:32d7:1a9: ... 
      ^
expected ',' or '}', but got '<scalar>'
  in "<unicode string>", line 31, column 17:
    - {name: "🇫🇷FR-"2001:bc8:32d7:1a9::2"-029", serv ... 
                    ^
[WARN] proxy block parse failed, fallback to per-line: while parsing a flow mapping
  in "<unicode string>", line 31, column 3:
    - {name: "🇫🇷FR-"2001:bc8:32d7:1a9: ... 
      ^
expected ',' or '}', but got '<scalar>'
  in "<unicode string>", line 31, column 17:
    - {name: "🇫🇷FR-"2001:bc8:32d7:1a9::2"-029", serv ... 
                    ^
[WARN] skipped 15 invalid proxy line(s) in this source
[OK] source=免费节点4 proxies=207 url=https://raw.githubusercontent.com/mfuu/v2ray/master/clash.yaml
============================================================
[OK] source=免费节点5 proxies=28 url=https://cdn.jsdelivr.net/gh/vxiaov/free_proxies@main/clash/clash.provider.yaml
============================================================
[OK] source=免费节点6 proxies=1397 url=https://raw.githubusercontent.com/anaer/Sub/main/clash.yaml
============================================================
[OK] source=免费节点7 proxies=128 url=https://raw.githubusercontent.com/snakem982/proxypool/main/source/clash-meta-2.yaml
============================================================
[OK] source=免费节点8 proxies=4096 url=https://raw.githubusercontent.com/mahdibland/SSAggregator/master/sub/sub_merge_yaml.yml
============================================================
[OK] source=免费节点9-1 proxies=188 url=https://raw.githubusercontent.com/w1770946466/Auto_proxy/main/Long_term_subscription1.yaml
============================================================
[WARN] YAML document parse failed: while scanning a simple key
  in "<unicode string>", line 98, column 1:
    _11
    ^
could not find expected ':'
  in "<unicode string>", line 107, column 1:
    _10
    ^
[OK] source=免费节点9-2 proxies=55 url=https://raw.githubusercontent.com/w1770946466/Auto_proxy/main/Long_term_subscription2.yaml
============================================================
[WARN] YAML document parse failed: while scanning a simple key
  in "<unicode string>", line 99, column 1:
    _6
    ^
could not find expected ':'
  in "<unicode string>", line 126, column 1:
    _3
    ^
[OK] source=免费节点9-3 proxies=52 url=https://raw.githubusercontent.com/w1770946466/Auto_proxy/main/Long_term_subscription3.yaml
============================================================
[INFO] clashfree try readme: https://raw.githubusercontent.com/free-nodes/clashfree/refs/heads/main/README.md
[OK] clashfree discovered: https://raw.githubusercontent.com/free-nodes/clashfree/refs/heads/main/clash20260828.yml
[OK] source=Clashfree-README proxies=1414 url=https://raw.githubusercontent.com/free-nodes/clashfree/refs/heads/main/clash20260828.yml
============================================================
[INFO] raw backup written path=output/raw.yaml proxies=8915
[INFO] downloading proxy engine: https://github.com/MetaCubeX/mihomo/releases/download/v1.19.30/mihomo-linux-amd64-v3-v1.19.30.gz
[INFO] tested 25/6426 kept=6
[INFO] tested 50/6426 kept=9
[INFO] tested 75/6426 kept=10
[INFO] tested 100/6426 kept=10
[INFO] tested 125/6426 kept=10
[INFO] tested 150/6426 kept=13
[INFO] tested 175/6426 kept=15
[INFO] tested 200/6426 kept=16
[INFO] tested 225/6426 kept=19
[INFO] tested 250/6426 kept=19
[INFO] tested 275/6426 kept=19
[INFO] tested 300/6426 kept=21
[INFO] tested 325/6426 kept=21
[INFO] tested 350/6426 kept=25
[INFO] tested 375/6426 kept=30
[INFO] tested 400/6426 kept=42
[INFO] tested 425/6426 kept=51
[INFO] tested 450/6426 kept=65
[INFO] tested 475/6426 kept=78
[INFO] tested 500/6426 kept=81
[INFO] tested 525/6426 kept=83
[INFO] tested 550/6426 kept=86
[INFO] tested 575/6426 kept=87
[INFO] tested 600/6426 kept=89
[INFO] tested 625/6426 kept=91
[INFO] tested 650/6426 kept=99
[INFO] tested 675/6426 kept=104
[INFO] tested 700/6426 kept=107
[INFO] tested 725/6426 kept=107
[INFO] tested 750/6426 kept=107
[INFO] tested 775/6426 kept=107
[INFO] tested 800/6426 kept=107
[INFO] tested 825/6426 kept=108
[INFO] tested 850/6426 kept=108
[INFO] tested 875/6426 kept=108
[INFO] tested 900/6426 kept=109
[INFO] tested 925/6426 kept=109
[INFO] tested 950/6426 kept=110
[INFO] tested 975/6426 kept=111
[INFO] tested 1000/6426 kept=111
[INFO] tested 1025/6426 kept=111
[INFO] tested 1050/6426 kept=111
[INFO] tested 1075/6426 kept=112
[INFO] tested 1100/6426 kept=112
[INFO] tested 1125/6426 kept=112
[INFO] tested 1150/6426 kept=113
[INFO] tested 1175/6426 kept=113
[INFO] tested 1200/6426 kept=113
[INFO] tested 1225/6426 kept=113
[INFO] tested 1250/6426 kept=113
[INFO] tested 1275/6426 kept=113
[INFO] tested 1300/6426 kept=113
[INFO] tested 1325/6426 kept=113
[INFO] tested 1350/6426 kept=113
[INFO] tested 1375/6426 kept=113
[INFO] tested 1400/6426 kept=113
[INFO] tested 1425/6426 kept=113
[INFO] tested 1450/6426 kept=113
[INFO] tested 1475/6426 kept=113
[INFO] tested 1500/6426 kept=113
[INFO] tested 1525/6426 kept=113
[INFO] tested 1550/6426 kept=113
[INFO] tested 1575/6426 kept=113
[INFO] tested 1600/6426 kept=113
[INFO] tested 1625/6426 kept=113
[INFO] tested 1650/6426 kept=113
[INFO] tested 1675/6426 kept=113
[INFO] tested 1700/6426 kept=113
[INFO] tested 1725/6426 kept=113
[INFO] tested 1750/6426 kept=113
[INFO] tested 1775/6426 kept=113
[INFO] tested 1800/6426 kept=113
[INFO] tested 1825/6426 kept=113
[INFO] tested 1850/6426 kept=113
[INFO] tested 1875/6426 kept=113
[INFO] tested 1900/6426 kept=120
[INFO] tested 1925/6426 kept=132
[INFO] tested 1950/6426 kept=150
[INFO] tested 1975/6426 kept=170
[INFO] tested 2000/6426 kept=187
[INFO] tested 2025/6426 kept=191
[INFO] tested 2050/6426 kept=209
[INFO] tested 2075/6426 kept=233
[INFO] tested 2100/6426 kept=254
[INFO] tested 2125/6426 kept=265
[INFO] tested 2150/6426 kept=266
[INFO] tested 2175/6426 kept=272
[INFO] tested 2200/6426 kept=272
[INFO] tested 2225/6426 kept=272
[INFO] tested 2250/6426 kept=272
[INFO] tested 2275/6426 kept=272
[INFO] tested 2300/6426 kept=272
[INFO] tested 2325/6426 kept=272
[INFO] tested 2350/6426 kept=272
[INFO] tested 2375/6426 kept=272
[INFO] tested 2400/6426 kept=272
[INFO] tested 2425/6426 kept=272
[INFO] tested 2450/6426 kept=272
[INFO] tested 2475/6426 kept=272
[INFO] tested 2500/6426 kept=272
[INFO] tested 2525/6426 kept=272
[INFO] tested 2550/6426 kept=272
[INFO] tested 2575/6426 kept=272
[INFO] tested 2600/6426 kept=272
[INFO] tested 2625/6426 kept=272
[INFO] tested 2650/6426 kept=272
[INFO] tested 2675/6426 kept=272
[INFO] tested 2700/6426 kept=272
[INFO] tested 2725/6426 kept=272
[INFO] tested 2750/6426 kept=272
[INFO] tested 2775/6426 kept=272
[INFO] tested 2800/6426 kept=272
[INFO] tested 2825/6426 kept=272
[INFO] tested 2850/6426 kept=272
[INFO] tested 2875/6426 kept=272
[INFO] tested 2900/6426 kept=272
[INFO] tested 2925/6426 kept=272
[INFO] tested 2950/6426 kept=272
[INFO] tested 2975/6426 kept=272
[INFO] tested 3000/6426 kept=272
[INFO] tested 3025/6426 kept=272
[INFO] tested 3050/6426 kept=272
[INFO] tested 3075/6426 kept=272
[INFO] tested 3100/6426 kept=272
[INFO] tested 3125/6426 kept=272
[INFO] tested 3150/6426 kept=272
[INFO] tested 3175/6426 kept=272
[INFO] tested 3200/6426 kept=272
[INFO] tested 3225/6426 kept=272
[INFO] tested 3250/6426 kept=272
[INFO] tested 3275/6426 kept=272
[INFO] tested 3300/6426 kept=272
[INFO] tested 3325/6426 kept=272
[INFO] tested 3350/6426 kept=272
[INFO] tested 3375/6426 kept=272
[INFO] tested 3400/6426 kept=272
[INFO] tested 3425/6426 kept=272
[INFO] tested 3450/6426 kept=272
[INFO] tested 3475/6426 kept=272
[INFO] tested 3500/6426 kept=272
[INFO] tested 3525/6426 kept=272
[INFO] tested 3550/6426 kept=272
[INFO] tested 3575/6426 kept=272
[INFO] tested 3600/6426 kept=272
[INFO] tested 3625/6426 kept=272
[INFO] tested 3650/6426 kept=272
[INFO] tested 3675/6426 kept=272
[INFO] tested 3700/6426 kept=272
[INFO] tested 3725/6426 kept=272
[INFO] tested 3750/6426 kept=272
[INFO] tested 3775/6426 kept=272
[INFO] tested 3800/6426 kept=272
[INFO] tested 3825/6426 kept=272
[INFO] tested 3850/6426 kept=272
[INFO] tested 3875/6426 kept=272
[INFO] tested 3900/6426 kept=272
[INFO] tested 3925/6426 kept=272
[INFO] tested 3950/6426 kept=272
[INFO] tested 3975/6426 kept=272
[INFO] tested 4000/6426 kept=272
[INFO] tested 4025/6426 kept=272
[INFO] tested 4050/6426 kept=272
[INFO] tested 4075/6426 kept=272
[INFO] tested 4100/6426 kept=272
[INFO] tested 4125/6426 kept=272
[INFO] tested 4150/6426 kept=272
[INFO] tested 4175/6426 kept=272
[INFO] tested 4200/6426 kept=272
[INFO] tested 4225/6426 kept=272
[INFO] tested 4250/6426 kept=272
[INFO] tested 4275/6426 kept=272
[INFO] tested 4300/6426 kept=272
[INFO] tested 4325/6426 kept=272
[INFO] tested 4350/6426 kept=272
[INFO] tested 4375/6426 kept=272
[INFO] tested 4400/6426 kept=272
[INFO] tested 4425/6426 kept=272
[INFO] tested 4450/6426 kept=272
[INFO] tested 4475/6426 kept=272
[INFO] tested 4500/6426 kept=272
[INFO] tested 4525/6426 kept=272
[INFO] tested 4550/6426 kept=272
[INFO] tested 4575/6426 kept=272
[INFO] tested 4600/6426 kept=272
[INFO] tested 4625/6426 kept=272
[INFO] tested 4650/6426 kept=272
[INFO] tested 4675/6426 kept=272
[INFO] tested 4700/6426 kept=272
[INFO] tested 4725/6426 kept=272
[INFO] tested 4750/6426 kept=272
[INFO] tested 4775/6426 kept=272
[INFO] tested 4800/6426 kept=272
[INFO] tested 4825/6426 kept=272
[INFO] tested 4850/6426 kept=272
[INFO] tested 4875/6426 kept=272
[INFO] tested 4900/6426 kept=272
[INFO] tested 4925/6426 kept=272
[INFO] tested 4950/6426 kept=272
[INFO] tested 4975/6426 kept=272
[INFO] tested 5000/6426 kept=272
[INFO] tested 5025/6426 kept=272
[INFO] tested 5050/6426 kept=272
[INFO] tested 5075/6426 kept=272
[INFO] tested 5100/6426 kept=272
[INFO] tested 5125/6426 kept=272
[INFO] tested 5150/6426 kept=272
[INFO] tested 5175/6426 kept=272
[INFO] tested 5200/6426 kept=272
[INFO] tested 5225/6426 kept=272
[INFO] tested 5250/6426 kept=272
[INFO] tested 5275/6426 kept=272
[INFO] tested 5300/6426 kept=272
[INFO] tested 5325/6426 kept=272
[INFO] tested 5350/6426 kept=272
[INFO] tested 5375/6426 kept=272
[INFO] tested 5400/6426 kept=272
[INFO] tested 5425/6426 kept=272
[INFO] tested 5450/6426 kept=273
[INFO] tested 5475/6426 kept=276
[INFO] tested 5500/6426 kept=279
[INFO] tested 5525/6426 kept=280
[INFO] tested 5550/6426 kept=280
[INFO] tested 5575/6426 kept=280
[INFO] tested 5600/6426 kept=280
[INFO] tested 5625/6426 kept=284
[INFO] tested 5650/6426 kept=295
[INFO] tested 5675/6426 kept=306
[INFO] tested 5700/6426 kept=313
[INFO] tested 5725/6426 kept=315
[INFO] tested 5750/6426 kept=316
[INFO] tested 5775/6426 kept=316
[INFO] tested 5800/6426 kept=320
[INFO] tested 5825/6426 kept=320
[INFO] tested 5850/6426 kept=324
[INFO] tested 5875/6426 kept=331
[INFO] tested 5900/6426 kept=332
[INFO] tested 5925/6426 kept=334
[INFO] tested 5950/6426 kept=342
[INFO] tested 5975/6426 kept=345
[INFO] tested 6000/6426 kept=345
[INFO] tested 6025/6426 kept=345
[INFO] tested 6050/6426 kept=346
[INFO] tested 6075/6426 kept=348
[INFO] tested 6100/6426 kept=355
[INFO] tested 6125/6426 kept=361
[INFO] tested 6150/6426 kept=363
[INFO] tested 6175/6426 kept=363
[INFO] tested 6200/6426 kept=363
[INFO] tested 6225/6426 kept=365
[INFO] tested 6250/6426 kept=366
[INFO] tested 6275/6426 kept=368
[INFO] tested 6300/6426 kept=368
[INFO] tested 6325/6426 kept=370
[INFO] tested 6350/6426 kept=371
[INFO] tested 6375/6426 kept=374
[INFO] tested 6400/6426 kept=376
[INFO] tested 6425/6426 kept=379
[INFO] tested 6426/6426 kept=379
[SUMMARY] total_nodes=8915
[SUMMARY] legal_candidates=6426
[SUMMARY] passed_latency_test=379
[SUMMARY] region_HK=13 region_JP=13 region_US=64
[SUMMARY] avg_latency_ms=712.6
[SUMMARY] output=output/clash.yaml
