[OK] source=大FQ运动 proxies=3 url=https://raw.githubusercontent.com/hello-world-1989/cn-news/refs/heads/main/clash.yaml
============================================================
[OK] source=大FQ运动-官网 proxies=4 url=https://end-gfw.com/ss-key
============================================================
[OK] source=大FQ运动-补充 proxies=6 url=https://raw.githubusercontent.com/hello-world-1989/v2-sub/main/end-gfw-together-af3e13
============================================================
[OK] source=ChromeGO proxies=59 url=https://chg26.makou.cc.cd/
============================================================
[OK] source=ChromeGO-Merge proxies=66 url=https://chromego-sub.netlify.app/sub/merged_proxies_new.yaml
============================================================
[OK] source=NEKOWARP proxies=16 url=https://neko-warp.nloli.xyz/neko_warp.yaml
============================================================
[INFO] rss try feed: https://v2rayshare.com/feed
[INFO] url try page: https://v2rayshare.net/p/5082.html
[INFO] url try file: https://static.v2rayshare.net/2026/08/20260829.txt
[OK] url discovered: https://static.v2rayshare.net/2026/08/20260829.txt proxies=27
[OK] rss discovered via v2rayshare.com: https://static.v2rayshare.net/2026/08/20260829.txt
[OK] source=V2Rayshare-RSS proxies=27 url=https://static.v2rayshare.net/2026/08/20260829.txt
============================================================
[INFO] rss try feed: https://free.datiya.com/index.xml
[INFO] url try page: https://free.datiya.com/post/20260829/
[INFO] url try file: https://free.datiya.com/uploads/20260829-v2ray.txt
[WARN] url empty file: https://free.datiya.com/uploads/20260829-v2ray.txt
[INFO] url try file: https://free.datiya.com/uploads/20260829-clash.yaml
[OK] url discovered: https://free.datiya.com/uploads/20260829-clash.yaml proxies=21
[OK] rss discovered via free.datiya.com: https://free.datiya.com/uploads/20260829-clash.yaml
[OK] source=OpenRunner-RSS proxies=21 url=https://free.datiya.com/uploads/20260829-clash.yaml
============================================================
[INFO] rss try feed: https://www.mibei77.com/feed
[INFO] url try page: https://www.mibei77.com/624.html
[INFO] url try file: https://mm.mibei77.com/202608/08.2964bavca.txt
[OK] url discovered: https://mm.mibei77.com/202608/08.2964bavca.txt proxies=284
[OK] rss discovered via www.mibei77.com: https://mm.mibei77.com/202608/08.2964bavca.txt
[OK] source=Mibei77-RSS proxies=284 url=https://mm.mibei77.com/202608/08.2964bavca.txt
============================================================
[INFO] rss try feed: https://yoyapai.com/feed
[INFO] url try page: https://yoyapai.com/689
[OK] url fallback content: https://yoyapai.com/689 proxies=50
[OK] rss discovered via yoyapai.com: https://yoyapai.com/689
[OK] source=Yoyapai-RSS proxies=50 url=https://yoyapai.com/689
============================================================
[INFO] url try page: https://raw.githubusercontent.com/free-clash-v2ray/free-clash-v2ray.github.io/main/README.md
[INFO] url try file: https://free-clash-v2ray.github.io/uploads/2026/08/0-20260823.yaml
[OK] url discovered: https://free-clash-v2ray.github.io/uploads/2026/08/0-20260823.yaml proxies=272
[OK] source=Free-clash-v2ray-README proxies=272 url=https://free-clash-v2ray.github.io/uploads/2026/08/0-20260823.yaml
============================================================
[OK] source=FreeV2-Base64 proxies=7 url=https://xmxosfepggzm.503403.xyz
============================================================
[OK] source=Pawdroid-Base64 proxies=20 url=https://raw.githubusercontent.com/Pawdroid/Free-servers/main/sub
============================================================
[OK] source=Bocchi2b-Base64 proxies=35 url=https://links.bocchi2b.top/clash
============================================================
[OK] source=Freesocks-Base64 proxies=3 url=https://freesocks.org/api/v1/sub/02b897e8e77f19176b0b9f2c75864b00
============================================================
[OK] source=V2Rayshare-订阅 proxies=46 url=https://cdn.jsdelivr.net/gh/firefoxmmx2/v2rayshare_subcription/subscription/mihomo_sub.yaml
============================================================
[OK] source=免费节点1 proxies=297 url=https://raw.githubusercontent.com/free18/v2ray/refs/heads/main/c.yaml
============================================================
[INFO] content try page: https://raw.githubusercontent.com/free18/v2ray/refs/heads/main/README.md
[OK] content discovered: https://raw.githubusercontent.com/free18/v2ray/refs/heads/main/README.md proxies=51
[OK] source=免费节点1-README自建 proxies=51 url=https://raw.githubusercontent.com/free18/v2ray/refs/heads/main/README.md
============================================================
[OK] source=免费节点2 proxies=44 url=https://raw.githubusercontent.com/ermaozi/get_subscribe/main/subscribe/clash.yml
============================================================
[OK] source=免费节点3 proxies=60 url=https://sunmiao4458.github.io/free-proxy-airport/clash.yaml
============================================================
[OK] source=免费节点4 proxies=42 url=https://raw.githubusercontent.com/mfuu/v2ray/master/clash.yaml
============================================================
[OK] source=免费节点5 proxies=28 url=https://cdn.jsdelivr.net/gh/vxiaov/free_proxies@main/clash/clash.provider.yaml
============================================================
[OK] source=免费节点6 proxies=274 url=https://raw.githubusercontent.com/anaer/Sub/main/clash.yaml
============================================================
[OK] source=免费节点7 proxies=136 url=https://raw.githubusercontent.com/snakem982/proxypool/main/source/clash-meta-2.yaml
============================================================
[OK] source=免费节点8 proxies=3952 url=https://raw.githubusercontent.com/mahdibland/SSAggregator/master/sub/sub_merge_yaml.yml
============================================================
[OK] source=免费节点9-1 proxies=201 url=https://raw.githubusercontent.com/w1770946466/Auto_proxy/main/Long_term_subscription1.yaml
============================================================
[WARN] YAML document parse failed: while scanning a simple key
  in "<unicode string>", line 98, column 1:
    _11
    ^
could not find expected ':'
  in "<unicode string>", line 107, column 1:
    _10
    ^
[OK] source=免费节点9-2 proxies=64 url=https://raw.githubusercontent.com/w1770946466/Auto_proxy/main/Long_term_subscription2.yaml
============================================================
[WARN] YAML document parse failed: while scanning a simple key
  in "<unicode string>", line 99, column 1:
    _6
    ^
could not find expected ':'
  in "<unicode string>", line 126, column 1:
    _3
    ^
[OK] source=免费节点9-3 proxies=61 url=https://raw.githubusercontent.com/w1770946466/Auto_proxy/main/Long_term_subscription3.yaml
============================================================
[INFO] url try page: https://raw.githubusercontent.com/free-nodes/clashfree/refs/heads/main/README.md
[INFO] url try file: https://raw.githubusercontent.com/free-nodes/clashfree/main/clash20260829.yml
[WARN] url empty file: https://raw.githubusercontent.com/free-nodes/clashfree/main/clash20260829.yml
[OK] url fallback content: https://raw.githubusercontent.com/free-nodes/clashfree/refs/heads/main/README.md proxies=7
[OK] source=Clashfree-README proxies=7 url=https://raw.githubusercontent.com/free-nodes/clashfree/refs/heads/main/README.md
============================================================
[OK] source=Epodonios-v2ray-configs proxies=4846 url=https://github.com/Epodonios/v2ray-configs/raw/main/All_Configs_Sub.txt
============================================================
[INFO] url try page: https://v2rayclashfree.com/
[OK] url fallback content: https://v2rayclashfree.com/ proxies=1
[OK] source=V2rayclashfree-RSS proxies=1 url=https://v2rayclashfree.com/
============================================================
[INFO] raw backup written path=output/raw.yaml proxies=10983
[INFO] release digest sha256=b358eba638b01c1f1841c4d612d4b6da58419bef96055958cf9c3be04f625642 asset=mihomo-linux-amd64-v1-go120-v1.19.30.gz
[INFO] downloading proxy engine: https://github.com/MetaCubeX/mihomo/releases/download/v1.19.30/mihomo-linux-amd64-v1-go120-v1.19.30.gz
[OK] proxy engine sha256 verified: b358eba638b01c1f1841c4d612d4b6da58419bef96055958cf9c3be04f625642
[WARN] batch start failed size=6929
[WARN] split batch 6929 -> 3464 + 3465
[INFO] tested 25/3464 kept=0
[INFO] tested 50/3464 kept=6
[INFO] tested 75/3464 kept=12
[INFO] tested 100/3464 kept=12
[INFO] tested 125/3464 kept=14
[INFO] tested 150/3464 kept=15
[INFO] tested 175/3464 kept=15
[INFO] tested 200/3464 kept=17
[INFO] tested 225/3464 kept=18
[INFO] tested 250/3464 kept=20
[INFO] tested 275/3464 kept=21
[INFO] tested 300/3464 kept=21
[INFO] tested 325/3464 kept=21
[INFO] tested 350/3464 kept=22
[INFO] tested 375/3464 kept=26
[INFO] tested 400/3464 kept=30
[INFO] tested 425/3464 kept=36
[INFO] tested 450/3464 kept=38
[INFO] tested 475/3464 kept=46
[INFO] tested 500/3464 kept=63
[INFO] tested 525/3464 kept=83
[INFO] tested 550/3464 kept=91
[INFO] tested 575/3464 kept=92
[INFO] tested 600/3464 kept=93
[INFO] tested 625/3464 kept=100
[INFO] tested 650/3464 kept=102
[INFO] tested 675/3464 kept=102
[INFO] tested 700/3464 kept=102
[INFO] tested 725/3464 kept=102
[INFO] tested 750/3464 kept=102
[INFO] tested 775/3464 kept=102
[INFO] tested 800/3464 kept=103
[INFO] tested 825/3464 kept=105
[INFO] tested 850/3464 kept=105
[INFO] tested 875/3464 kept=111
[INFO] tested 900/3464 kept=128
[INFO] tested 925/3464 kept=150
[INFO] tested 950/3464 kept=170
[INFO] tested 975/3464 kept=182
[INFO] tested 1000/3464 kept=186
[INFO] tested 1025/3464 kept=186
[INFO] tested 1050/3464 kept=186
[INFO] tested 1075/3464 kept=186
[INFO] tested 1100/3464 kept=186
[INFO] tested 1125/3464 kept=186
[INFO] tested 1150/3464 kept=186
[INFO] tested 1175/3464 kept=186
[INFO] tested 1200/3464 kept=186
[INFO] tested 1225/3464 kept=186
[INFO] tested 1250/3464 kept=186
[INFO] tested 1275/3464 kept=186
[INFO] tested 1300/3464 kept=186
[INFO] tested 1325/3464 kept=186
[INFO] tested 1350/3464 kept=186
[INFO] tested 1375/3464 kept=186
[INFO] tested 1400/3464 kept=186
[INFO] tested 1425/3464 kept=186
[INFO] tested 1450/3464 kept=186
[INFO] tested 1475/3464 kept=186
[INFO] tested 1500/3464 kept=186
[INFO] tested 1525/3464 kept=186
[INFO] tested 1550/3464 kept=186
[INFO] tested 1575/3464 kept=186
[INFO] tested 1600/3464 kept=186
[INFO] tested 1625/3464 kept=186
[INFO] tested 1650/3464 kept=186
[INFO] tested 1675/3464 kept=186
[INFO] tested 1700/3464 kept=186
[INFO] tested 1725/3464 kept=186
[INFO] tested 1750/3464 kept=186
[INFO] tested 1775/3464 kept=186
[INFO] tested 1800/3464 kept=186
[INFO] tested 1825/3464 kept=186
[INFO] tested 1850/3464 kept=186
[INFO] tested 1875/3464 kept=186
[INFO] tested 1900/3464 kept=186
[INFO] tested 1925/3464 kept=186
[INFO] tested 1950/3464 kept=186
[INFO] tested 1975/3464 kept=186
[INFO] tested 2000/3464 kept=186
[INFO] tested 2025/3464 kept=186
[INFO] tested 2050/3464 kept=186
[INFO] tested 2075/3464 kept=186
[INFO] tested 2100/3464 kept=186
[INFO] tested 2125/3464 kept=186
[INFO] tested 2150/3464 kept=186
[INFO] tested 2175/3464 kept=186
[INFO] tested 2200/3464 kept=186
[INFO] tested 2225/3464 kept=186
[INFO] tested 2250/3464 kept=186
[INFO] tested 2275/3464 kept=186
[INFO] tested 2300/3464 kept=186
[INFO] tested 2325/3464 kept=186
[INFO] tested 2350/3464 kept=186
[INFO] tested 2375/3464 kept=186
[INFO] tested 2400/3464 kept=186
[INFO] tested 2425/3464 kept=186
[INFO] tested 2450/3464 kept=188
[INFO] tested 2475/3464 kept=189
[INFO] tested 2500/3464 kept=190
[INFO] tested 2525/3464 kept=190
[INFO] tested 2550/3464 kept=190
[INFO] tested 2575/3464 kept=190
[INFO] tested 2600/3464 kept=190
[INFO] tested 2625/3464 kept=190
[INFO] tested 2650/3464 kept=190
[INFO] tested 2675/3464 kept=190
[INFO] tested 2700/3464 kept=190
[INFO] tested 2725/3464 kept=190
[INFO] tested 2750/3464 kept=190
[INFO] tested 2775/3464 kept=190
[INFO] tested 2800/3464 kept=190
[INFO] tested 2825/3464 kept=190
[INFO] tested 2850/3464 kept=190
[INFO] tested 2875/3464 kept=190
[INFO] tested 2900/3464 kept=190
[INFO] tested 2925/3464 kept=190
[INFO] tested 2950/3464 kept=190
[INFO] tested 2975/3464 kept=190
[INFO] tested 3000/3464 kept=190
[INFO] tested 3025/3464 kept=190
[INFO] tested 3050/3464 kept=190
[INFO] tested 3075/3464 kept=190
[INFO] tested 3100/3464 kept=190
[INFO] tested 3125/3464 kept=190
[INFO] tested 3150/3464 kept=190
[INFO] tested 3175/3464 kept=190
[INFO] tested 3200/3464 kept=190
[INFO] tested 3225/3464 kept=190
[INFO] tested 3250/3464 kept=190
[INFO] tested 3275/3464 kept=190
[INFO] tested 3300/3464 kept=190
[INFO] tested 3325/3464 kept=190
[INFO] tested 3350/3464 kept=190
[INFO] tested 3375/3464 kept=190
[INFO] tested 3400/3464 kept=190
[INFO] tested 3425/3464 kept=190
[INFO] tested 3450/3464 kept=190
[INFO] tested 3464/3464 kept=190
[WARN] batch start failed size=3465
[WARN] split batch 3465 -> 1732 + 1733
[WARN] batch start failed size=1732
[WARN] split batch 1732 -> 866 + 866
[INFO] tested 25/866 kept=0
[INFO] tested 50/866 kept=0
[INFO] tested 75/866 kept=0
[INFO] tested 100/866 kept=0
[INFO] tested 125/866 kept=0
[INFO] tested 150/866 kept=0
[INFO] tested 175/866 kept=0
[INFO] tested 200/866 kept=0
[INFO] tested 225/866 kept=0
[INFO] tested 250/866 kept=0
[INFO] tested 275/866 kept=0
[INFO] tested 300/866 kept=0
[INFO] tested 325/866 kept=0
[INFO] tested 350/866 kept=0
[INFO] tested 375/866 kept=0
[INFO] tested 400/866 kept=0
[INFO] tested 425/866 kept=0
[INFO] tested 450/866 kept=0
[INFO] tested 475/866 kept=0
[INFO] tested 500/866 kept=0
[INFO] tested 525/866 kept=0
[INFO] tested 550/866 kept=0
[INFO] tested 575/866 kept=0
[INFO] tested 600/866 kept=0
[INFO] tested 625/866 kept=0
[INFO] tested 650/866 kept=0
[INFO] tested 675/866 kept=0
[INFO] tested 700/866 kept=0
[INFO] tested 725/866 kept=0
[INFO] tested 750/866 kept=0
[INFO] tested 775/866 kept=0
[INFO] tested 800/866 kept=0
[INFO] tested 825/866 kept=0
[INFO] tested 850/866 kept=0
[INFO] tested 866/866 kept=0
[WARN] batch start failed size=866
[WARN] split batch 866 -> 433 + 433
[INFO] tested 25/433 kept=0
[INFO] tested 50/433 kept=0
[INFO] tested 75/433 kept=0
[INFO] tested 100/433 kept=0
[INFO] tested 125/433 kept=0
[INFO] tested 150/433 kept=0
[INFO] tested 175/433 kept=0
[INFO] tested 200/433 kept=0
[INFO] tested 225/433 kept=3
[INFO] tested 250/433 kept=6
[INFO] tested 275/433 kept=7
[INFO] tested 300/433 kept=7
[INFO] tested 325/433 kept=8
[INFO] tested 350/433 kept=16
[INFO] tested 375/433 kept=17
[INFO] tested 400/433 kept=23
[INFO] tested 425/433 kept=28
[INFO] tested 433/433 kept=28
[WARN] batch start failed size=433
[WARN] split batch 433 -> 216 + 217
[WARN] batch start failed size=216
[WARN] split batch 216 -> 108 + 108
[WARN] batch start failed size=108
[WARN] split batch 108 -> 54 + 54
[WARN] batch start failed size=54
[WARN] split batch 54 -> 27 + 27
[INFO] tested 25/27 kept=18
[INFO] tested 27/27 kept=18
[WARN] batch start failed size=27
[WARN] split batch 27 -> 13 + 14
[INFO] tested 13/13 kept=9
[WARN] batch start failed size=14
[WARN] split batch 14 -> 7 + 7
[WARN] batch start failed size=7
[WARN] split batch 7 -> 3 + 4
[INFO] tested 3/3 kept=0
[WARN] batch start failed size=4
[WARN] split batch 4 -> 2 + 2
[WARN] batch start failed size=2
[WARN] split batch 2 -> 1 + 1
[INFO] tested 1/1 kept=0
[WARN] batch start failed size=1
[DROP] isolate bad proxy name=[Epodonios-v2ray-configs] EPODONIOS-255 server=78.38.246.150:8446
[DROP] reason: Mihomo exited before controller became ready

time="2026-08-29T18:56:23.774450189Z" level=info msg="Start initial configuration in progress"
time="2026-08-29T18:56:23.774537671Z" level=fatal msg="Parse config error: proxy 0: ss 78.38.246.150:8446 cipher: chacha20-poly1305 initialize error: unknown m
[WARN] batch start failed size=2
[WARN] split batch 2 -> 1 + 1
[WARN] batch start failed size=1
[DROP] isolate bad proxy name=[Epodonios-v2ray-configs] EPODONIOS-256 server=Istanbul.morteza1388m1122.ir:54985
[DROP] reason: Mihomo exited before controller became ready

time="2026-08-29T18:56:24.780914053Z" level=info msg="Start initial configuration in progress"
time="2026-08-29T18:56:24.781012771Z" level=fatal msg="Parse config error: proxy 0: ss Istanbul.morteza1388m1122.ir:54985 cipher: chacha20-poly1305 initialize 
[INFO] tested 1/1 kept=0
[INFO] tested 7/7 kept=0
[INFO] tested 25/54 kept=5
[INFO] tested 50/54 kept=10
[INFO] tested 54/54 kept=10
[INFO] tested 25/108 kept=1
[INFO] tested 50/108 kept=3
[INFO] tested 75/108 kept=4
[INFO] tested 100/108 kept=6
[INFO] tested 108/108 kept=6
[INFO] tested 25/217 kept=3
[INFO] tested 50/217 kept=5
[INFO] tested 75/217 kept=5
[INFO] tested 100/217 kept=13
[INFO] tested 125/217 kept=16
[INFO] tested 150/217 kept=23
[INFO] tested 175/217 kept=26
[INFO] tested 200/217 kept=29
[INFO] tested 217/217 kept=29
[WARN] batch start failed size=1733
[WARN] split batch 1733 -> 866 + 867
[INFO] tested 25/866 kept=0
[INFO] tested 50/866 kept=0
[INFO] tested 75/866 kept=5
[INFO] tested 100/866 kept=10
[INFO] tested 125/866 kept=11
[INFO] tested 150/866 kept=13
[INFO] tested 175/866 kept=13
[INFO] tested 200/866 kept=13
[INFO] tested 225/866 kept=13
[INFO] tested 250/866 kept=14
[INFO] tested 275/866 kept=15
[INFO] tested 300/866 kept=15
[INFO] tested 325/866 kept=17
[INFO] tested 350/866 kept=19
[INFO] tested 375/866 kept=20
[INFO] tested 400/866 kept=20
[INFO] tested 425/866 kept=21
[INFO] tested 450/866 kept=21
[INFO] tested 475/866 kept=21
[INFO] tested 500/866 kept=22
[INFO] tested 525/866 kept=24
[INFO] tested 550/866 kept=25
[INFO] tested 575/866 kept=26
[INFO] tested 600/866 kept=27
[INFO] tested 625/866 kept=30
[INFO] tested 650/866 kept=31
[INFO] tested 675/866 kept=42
[INFO] tested 700/866 kept=44
[INFO] tested 725/866 kept=46
[INFO] tested 750/866 kept=46
[INFO] tested 775/866 kept=49
[INFO] tested 800/866 kept=49
[INFO] tested 825/866 kept=50
[INFO] tested 850/866 kept=52
[INFO] tested 866/866 kept=52
[WARN] batch start failed size=867
[WARN] split batch 867 -> 433 + 434
[INFO] tested 25/433 kept=2
[INFO] tested 50/433 kept=2
[INFO] tested 75/433 kept=4
[INFO] tested 100/433 kept=6
[INFO] tested 125/433 kept=9
[INFO] tested 150/433 kept=18
[INFO] tested 175/433 kept=21
[INFO] tested 200/433 kept=26
[INFO] tested 225/433 kept=31
[INFO] tested 250/433 kept=34
[INFO] tested 275/433 kept=36
[INFO] tested 300/433 kept=40
[INFO] tested 325/433 kept=40
[INFO] tested 350/433 kept=40
[INFO] tested 375/433 kept=40
[INFO] tested 400/433 kept=41
[INFO] tested 425/433 kept=44
[INFO] tested 433/433 kept=44
[WARN] batch start failed size=434
[WARN] split batch 434 -> 217 + 217
[WARN] batch start failed size=217
[WARN] split batch 217 -> 108 + 109
[WARN] batch start failed size=108
[WARN] split batch 108 -> 54 + 54
[INFO] tested 25/54 kept=0
[INFO] tested 50/54 kept=3
[INFO] tested 54/54 kept=3
[WARN] batch start failed size=54
[WARN] split batch 54 -> 27 + 27
[INFO] tested 25/27 kept=1
[INFO] tested 27/27 kept=1
[WARN] batch start failed size=27
[WARN] split batch 27 -> 13 + 14
[INFO] tested 13/13 kept=4
[WARN] batch start failed size=14
[WARN] split batch 14 -> 7 + 7
[INFO] tested 7/7 kept=2
[WARN] batch start failed size=7
[WARN] split batch 7 -> 3 + 4
[INFO] tested 3/3 kept=0
[WARN] batch start failed size=4
[WARN] split batch 4 -> 2 + 2
[INFO] tested 2/2 kept=0
[WARN] batch start failed size=2
[WARN] split batch 2 -> 1 + 1
[WARN] batch start failed size=1
[DROP] isolate bad proxy name=[Epodonios-v2ray-configs] EPODONIOS-1979 server=s1.test.anti-zapret.com:8443
[DROP] reason: Mihomo exited before controller became ready

time="2026-08-29T18:59:13.317450696Z" level=info msg="Start initial configuration in progress"
time="2026-08-29T18:59:13.317611128Z" level=fatal msg="Parse config error: proxy 0: invalid REALITY public key"

[INFO] tested 1/1 kept=0
[INFO] tested 25/109 kept=2
[INFO] tested 50/109 kept=3
[INFO] tested 75/109 kept=6
[INFO] tested 100/109 kept=10
[INFO] tested 109/109 kept=10
[INFO] tested 25/217 kept=7
[INFO] tested 50/217 kept=15
[INFO] tested 75/217 kept=19
[INFO] tested 100/217 kept=33
[INFO] tested 125/217 kept=37
[INFO] tested 150/217 kept=44
[INFO] tested 175/217 kept=58
[INFO] tested 200/217 kept=61
[INFO] tested 217/217 kept=66
[INFO] cap live source=[免费节点8] from 83 to 50 by health_score
[INFO] cap live source=[Epodonios-v2ray-configs] from 282 to 50 by health_score
[SUMMARY] total_nodes=10983
[SUMMARY] legal_candidates=6929
[SUMMARY] passed_latency_test=207
[SUMMARY] region_HK=2 region_JP=7 region_US=34
[SUMMARY] avg_latency_ms=506.91
[SUMMARY] output=output/clash.yaml
