[OK] proxies=2 source=大FQ运动 url=https://raw.githubusercontent.com/hello-world-1989/cn-news/refs/heads/main/clash.yaml
============================================================
[OK] proxies=4 source=大FQ运动-官网 url=https://end-gfw.com/ss-key
============================================================
[OK] proxies=6 source=大FQ运动-补充 url=https://raw.githubusercontent.com/hello-world-1989/v2-sub/main/end-gfw-together-af3e13
============================================================
[OK] proxies=28 source=ChromeGO url=https://chg26.makou.cc.cd/
============================================================
[OK] proxies=30 source=ChromeGO-Merge url=https://chromego-sub.netlify.app/sub/merged_proxies_new.yaml
============================================================
[OK] proxies=6 source=Freesocks url=https://freesocks.org/api/v1/sub/02b897e8e77f19176b0b9f2c75864b00
============================================================
[OK] proxies=10 source=NEKOWARP url=https://neko-warp.nloli.xyz/neko_warp.yaml
============================================================
[INFO] rss try feed: https://v2rayshare.com/feed
[INFO] url try page: https://v2rayshare.net/p/5081.html
[INFO] url try file: https://static.v2rayshare.net/2026/08/20260830.txt
[OK] proxies=27 source=V2Rayshare-RSS url=https://static.v2rayshare.net/2026/08/20260830.txt
============================================================
[INFO] rss try feed: https://free.datiya.com/index.xml
[INFO] url try page: https://free.datiya.com/post/20260830/
[INFO] url try file: https://free.datiya.com/uploads/20260830-v2ray.txt
[WARN] url empty file: https://free.datiya.com/uploads/20260830-v2ray.txt
[INFO] url try file: https://free.datiya.com/uploads/20260830-clash.yaml
[OK] proxies=14 source=OpenRunner-RSS url=https://free.datiya.com/uploads/20260830-clash.yaml
============================================================
[INFO] rss try feed: https://www.mibei77.com/feed
[INFO] url try page: https://www.mibei77.com/626.html
[INFO] url try file: https://mm.mibei77.com/202608/08.3064bavdq.txt
[OK] proxies=266 source=Mibei77-RSS url=https://mm.mibei77.com/202608/08.3064bavdq.txt
============================================================
[INFO] rss try feed: https://yoyapai.com/feed
[INFO] url try page: https://yoyapai.com/691
[INFO] url try file: https://freenode.yoyapai.com/2026/08/30-yoyapai.com-ssrv2ray-vpn-mian-fei-jiedian.txt
[OK] proxies=283 source=Yoyapai-RSS url=https://freenode.yoyapai.com/2026/08/30-yoyapai.com-ssrv2ray-vpn-mian-fei-jiedian.txt
============================================================
[INFO] url try page: https://raw.githubusercontent.com/free-clash-v2ray/free-clash-v2ray.github.io/main/README.md
[INFO] url try file: https://free-clash-v2ray.github.io/uploads/2026/08/3-20260830.txt
[OK] proxies=27 source=Free-clash-v2ray-README url=https://free-clash-v2ray.github.io/uploads/2026/08/3-20260830.txt
============================================================
[OK] proxies=7 source=FreeV2-Base64 url=https://xmxosfepggzm.503403.xyz
============================================================
[OK] proxies=20 source=Pawdroid-Base64 url=https://raw.githubusercontent.com/Pawdroid/Free-servers/main/sub
============================================================
[OK] proxies=35 source=Bocchi2b-Base64 url=https://links.bocchi2b.top/clash
============================================================
[OK] proxies=27 source=V2Rayshare-订阅 url=https://cdn.jsdelivr.net/gh/firefoxmmx2/v2rayshare_subcription/subscription/mihomo_sub.yaml
============================================================
[OK] proxies=421 source=免费节点1 url=https://raw.githubusercontent.com/free18/v2ray/refs/heads/main/c.yaml
============================================================
[OK] proxies=6 source=免费节点1-README自建 url=https://raw.githubusercontent.com/free18/v2ray/refs/heads/main/README.md
============================================================
[OK] proxies=24 source=免费节点2 url=https://raw.githubusercontent.com/ermaozi/get_subscribe/main/subscribe/clash.yml
============================================================
[OK] proxies=54 source=免费节点3 url=https://sunmiao4458.github.io/free-proxy-airport/clash.yaml
============================================================
[OK] proxies=42 source=免费节点4 url=https://raw.githubusercontent.com/mfuu/v2ray/master/clash.yaml
============================================================
[OK] proxies=28 source=免费节点5 url=https://cdn.jsdelivr.net/gh/vxiaov/free_proxies@main/clash/clash.provider.yaml
============================================================
[OK] proxies=1517 source=免费节点6 url=https://raw.githubusercontent.com/anaer/Sub/main/clash.yaml
============================================================
[OK] proxies=130 source=免费节点7 url=https://raw.githubusercontent.com/snakem982/proxypool/main/source/clash-meta-2.yaml
============================================================
[OK] proxies=4044 source=免费节点8 url=https://raw.githubusercontent.com/mahdibland/SSAggregator/master/sub/sub_merge_yaml.yml
============================================================
[OK] proxies=188 source=免费节点9-1 url=https://raw.githubusercontent.com/w1770946466/Auto_proxy/main/Long_term_subscription1.yaml
============================================================
[WARN] YAML parse failed: YAML scan error at=_10 ^
[OK] proxies=55 source=免费节点9-2 url=https://raw.githubusercontent.com/w1770946466/Auto_proxy/main/Long_term_subscription2.yaml
============================================================
[WARN] YAML parse failed: YAML scan error at=_3 ^
[OK] proxies=52 source=免费节点9-3 url=https://raw.githubusercontent.com/w1770946466/Auto_proxy/main/Long_term_subscription3.yaml
============================================================
[INFO] url try page: https://raw.githubusercontent.com/free-nodes/clashfree/refs/heads/main/README.md
[INFO] url try file: https://raw.githubusercontent.com/free-nodes/clashfree/main/clash20260830.yml
[OK] proxies=1454 source=Clashfree-README url=https://raw.githubusercontent.com/free-nodes/clashfree/main/clash20260830.yml
============================================================
[OK] proxies=4907 source=Epodonios-v2ray-configs url=https://github.com/Epodonios/v2ray-configs/raw/main/All_Configs_Sub.txt
============================================================
[INFO] url try page: https://v2rayclashfree.com/
[INFO] url try page: https://v2rayclashfree.com/fn/20260828.html
[INFO] url try file: https://v2rayclashfree.com/sub/20260828-v2ray.txt
[OK] proxies=3075 source=V2rayclashfree-RSS url=https://v2rayclashfree.com/sub/20260828-v2ray.txt
============================================================
[INFO] raw backup written path=output/raw.yaml proxies=16789
[INFO] release digest sha256=b358eba638b01c1f1841c4d612d4b6da58419bef96055958cf9c3be04f625642 asset=mihomo-linux-amd64-v1-go120-v1.19.30.gz
[INFO] downloading proxy engine: https://github.com/MetaCubeX/mihomo/releases/download/v1.19.30/mihomo-linux-amd64-v1-go120-v1.19.30.gz
[OK] proxy engine sha256 verified: b358eba638b01c1f1841c4d612d4b6da58419bef96055958cf9c3be04f625642
============================================================
[WARN] batch start failed size=10483
[WARN] split batch 10483 -> 5241 + 5242
[WARN] batch start failed size=5241
[WARN] split batch 5241 -> 2620 + 2621
[WARN] batch start failed size=2620
[WARN] split batch 2620 -> 1310 + 1310
[WARN] batch start failed size=1310
[WARN] split batch 1310 -> 655 + 655
[WARN] batch start failed size=655
[WARN] split batch 655 -> 327 + 328
[INFO] tested 25/327 kept=0
[INFO] tested 50/327 kept=17
[INFO] tested 75/327 kept=19
[INFO] tested 100/327 kept=19
[INFO] tested 125/327 kept=21
[INFO] tested 150/327 kept=22
[INFO] tested 175/327 kept=22
[INFO] tested 200/327 kept=25
[INFO] tested 225/327 kept=26
[INFO] tested 250/327 kept=27
[INFO] tested 275/327 kept=27
[INFO] tested 300/327 kept=27
[INFO] tested 325/327 kept=27
[INFO] tested 327/327 kept=27
[WARN] batch start failed size=328
[WARN] split batch 328 -> 164 + 164
[INFO] tested 25/164 kept=4
[INFO] tested 50/164 kept=5
[INFO] tested 75/164 kept=6
[INFO] tested 100/164 kept=11
[INFO] tested 125/164 kept=11
[INFO] tested 150/164 kept=11
[INFO] tested 164/164 kept=11
[WARN] batch start failed size=164
[WARN] split batch 164 -> 82 + 82
[WARN] batch start failed size=82
[WARN] split batch 82 -> 41 + 41
[INFO] tested 25/41 kept=8
[INFO] tested 41/41 kept=9
[WARN] batch start failed size=41
[WARN] split batch 41 -> 20 + 21
[INFO] tested 20/20 kept=4
[WARN] batch start failed size=21
[WARN] split batch 21 -> 10 + 11
[INFO] tested 10/10 kept=3
[WARN] batch start failed size=11
[WARN] split batch 11 -> 5 + 6
[WARN] batch start failed size=5
[WARN] split batch 5 -> 2 + 3
[INFO] tested 2/2 kept=2
[WARN] batch start failed size=3
[WARN] split batch 3 -> 1 + 2
[INFO] tested 1/1 kept=1
[WARN] batch start failed size=2
[WARN] split batch 2 -> 1 + 1
[WARN] batch start failed size=1
[DROP] isolate bad proxy name=[免费节点2] 🇨🇦_CA_加拿大->🇺🇸_US_美国 server=cdn.shopify.com:80
[DROP] reason: Mihomo exited before controller became ready

time="2026-08-30T16:33:01.381057663Z" level=info msg="Start initial configuration in progress"
time="2026-08-30T16:33:01.381198017Z" level=fatal msg="Parse config error: proxy 0: ss cdn.shopify.com:80 initialize gost-plugin error: 'tls' expected type 'bo
[INFO] tested 1/1 kept=1
[INFO] tested 6/6 kept=4
[INFO] tested 25/82 kept=13
[INFO] tested 50/82 kept=17
[INFO] tested 75/82 kept=20
[INFO] tested 82/82 kept=20
[INFO] tested 25/655 kept=0
[INFO] tested 50/655 kept=0
[INFO] tested 75/655 kept=0
[INFO] tested 100/655 kept=2
[INFO] tested 125/655 kept=2
[INFO] tested 150/655 kept=11
[INFO] tested 175/655 kept=15
[INFO] tested 200/655 kept=16
[INFO] tested 225/655 kept=17
[INFO] tested 250/655 kept=17
[INFO] tested 275/655 kept=17
[INFO] tested 300/655 kept=17
[INFO] tested 325/655 kept=17
[INFO] tested 350/655 kept=18
[INFO] tested 375/655 kept=19
[INFO] tested 400/655 kept=19
[INFO] tested 425/655 kept=20
[INFO] tested 450/655 kept=22
[INFO] tested 475/655 kept=22
[INFO] tested 500/655 kept=22
[INFO] tested 525/655 kept=24
[INFO] tested 550/655 kept=28
[INFO] tested 575/655 kept=28
[INFO] tested 600/655 kept=29
[INFO] tested 625/655 kept=29
[INFO] tested 650/655 kept=29
[INFO] tested 655/655 kept=29
[INFO] tested 25/1310 kept=0
[INFO] tested 50/1310 kept=1
[INFO] tested 75/1310 kept=1
[INFO] tested 100/1310 kept=1
[INFO] tested 125/1310 kept=1
[INFO] tested 150/1310 kept=1
[INFO] tested 175/1310 kept=1
[INFO] tested 200/1310 kept=1
[INFO] tested 225/1310 kept=1
[INFO] tested 250/1310 kept=1
[INFO] tested 275/1310 kept=1
[INFO] tested 300/1310 kept=1
[INFO] tested 325/1310 kept=1
[INFO] tested 350/1310 kept=1
[INFO] tested 375/1310 kept=1
[INFO] tested 400/1310 kept=1
[INFO] tested 425/1310 kept=1
[INFO] tested 450/1310 kept=1
[INFO] tested 475/1310 kept=1
[INFO] tested 500/1310 kept=1
[INFO] tested 525/1310 kept=1
[INFO] tested 550/1310 kept=1
[INFO] tested 575/1310 kept=1
[INFO] tested 600/1310 kept=1
[INFO] tested 625/1310 kept=1
[INFO] tested 650/1310 kept=1
[INFO] tested 675/1310 kept=1
[INFO] tested 700/1310 kept=1
[INFO] tested 725/1310 kept=1
[INFO] tested 750/1310 kept=1
[INFO] tested 775/1310 kept=1
[INFO] tested 800/1310 kept=8
[INFO] tested 825/1310 kept=23
[INFO] tested 850/1310 kept=36
[INFO] tested 875/1310 kept=49
[INFO] tested 900/1310 kept=61
[INFO] tested 925/1310 kept=78
[INFO] tested 950/1310 kept=100
[INFO] tested 975/1310 kept=116
[INFO] tested 1000/1310 kept=125
[INFO] tested 1025/1310 kept=126
[INFO] tested 1050/1310 kept=126
[INFO] tested 1075/1310 kept=126
[INFO] tested 1100/1310 kept=126
[INFO] tested 1125/1310 kept=126
[INFO] tested 1150/1310 kept=126
[INFO] tested 1175/1310 kept=128
[INFO] tested 1200/1310 kept=128
[INFO] tested 1225/1310 kept=128
[INFO] tested 1250/1310 kept=128
[INFO] tested 1275/1310 kept=128
[INFO] tested 1300/1310 kept=128
[INFO] tested 1310/1310 kept=128
[INFO] tested 25/2621 kept=0
[INFO] tested 50/2621 kept=0
[INFO] tested 75/2621 kept=0
[INFO] tested 100/2621 kept=0
[INFO] tested 125/2621 kept=0
[INFO] tested 150/2621 kept=0
[INFO] tested 175/2621 kept=0
[INFO] tested 200/2621 kept=0
[INFO] tested 225/2621 kept=0
[INFO] tested 250/2621 kept=0
[INFO] tested 275/2621 kept=0
[INFO] tested 300/2621 kept=0
[INFO] tested 325/2621 kept=0
[INFO] tested 350/2621 kept=0
[INFO] tested 375/2621 kept=0
[INFO] tested 400/2621 kept=0
[INFO] tested 425/2621 kept=0
[INFO] tested 450/2621 kept=0
[INFO] tested 475/2621 kept=0
[INFO] tested 500/2621 kept=0
[INFO] tested 525/2621 kept=0
[INFO] tested 550/2621 kept=0
[INFO] tested 575/2621 kept=0
[INFO] tested 600/2621 kept=0
[INFO] tested 625/2621 kept=0
[INFO] tested 650/2621 kept=0
[INFO] tested 675/2621 kept=0
[INFO] tested 700/2621 kept=0
[INFO] tested 725/2621 kept=0
[INFO] tested 750/2621 kept=0
[INFO] tested 775/2621 kept=0
[INFO] tested 800/2621 kept=0
[INFO] tested 825/2621 kept=2
[INFO] tested 850/2621 kept=2
[INFO] tested 875/2621 kept=3
[INFO] tested 900/2621 kept=3
[INFO] tested 925/2621 kept=3
[INFO] tested 950/2621 kept=3
[INFO] tested 975/2621 kept=3
[INFO] tested 1000/2621 kept=3
[INFO] tested 1025/2621 kept=3
[INFO] tested 1050/2621 kept=3
[INFO] tested 1075/2621 kept=3
[INFO] tested 1100/2621 kept=3
[INFO] tested 1125/2621 kept=3
[INFO] tested 1150/2621 kept=3
[INFO] tested 1175/2621 kept=3
[INFO] tested 1200/2621 kept=3
[INFO] tested 1225/2621 kept=3
[INFO] tested 1250/2621 kept=3
[INFO] tested 1275/2621 kept=3
[INFO] tested 1300/2621 kept=3
[INFO] tested 1325/2621 kept=3
[INFO] tested 1350/2621 kept=3
[INFO] tested 1375/2621 kept=3
[INFO] tested 1400/2621 kept=3
[INFO] tested 1425/2621 kept=3
[INFO] tested 1450/2621 kept=3
[INFO] tested 1475/2621 kept=3
[INFO] tested 1500/2621 kept=3
[INFO] tested 1525/2621 kept=3
[INFO] tested 1550/2621 kept=3
[INFO] tested 1575/2621 kept=3
[INFO] tested 1600/2621 kept=3
[INFO] tested 1625/2621 kept=3
[INFO] tested 1650/2621 kept=3
[INFO] tested 1675/2621 kept=3
[INFO] tested 1700/2621 kept=3
[INFO] tested 1725/2621 kept=3
[INFO] tested 1750/2621 kept=3
[INFO] tested 1775/2621 kept=3
[INFO] tested 1800/2621 kept=3
[INFO] tested 1825/2621 kept=3
[INFO] tested 1850/2621 kept=3
[INFO] tested 1875/2621 kept=3
[INFO] tested 1900/2621 kept=3
[INFO] tested 1925/2621 kept=3
[INFO] tested 1950/2621 kept=3
[INFO] tested 1975/2621 kept=3
[INFO] tested 2000/2621 kept=3
[INFO] tested 2025/2621 kept=3
[INFO] tested 2050/2621 kept=3
[INFO] tested 2075/2621 kept=3
[INFO] tested 2100/2621 kept=3
[INFO] tested 2125/2621 kept=3
[INFO] tested 2150/2621 kept=3
[INFO] tested 2175/2621 kept=3
[INFO] tested 2200/2621 kept=3
[INFO] tested 2225/2621 kept=3
[INFO] tested 2250/2621 kept=3
[INFO] tested 2275/2621 kept=3
[INFO] tested 2300/2621 kept=3
[INFO] tested 2325/2621 kept=3
[INFO] tested 2350/2621 kept=3
[INFO] tested 2375/2621 kept=3
[INFO] tested 2400/2621 kept=3
[INFO] tested 2425/2621 kept=3
[INFO] tested 2450/2621 kept=3
[INFO] tested 2475/2621 kept=3
[INFO] tested 2500/2621 kept=3
[INFO] tested 2525/2621 kept=3
[INFO] tested 2550/2621 kept=3
[INFO] tested 2575/2621 kept=3
[INFO] tested 2600/2621 kept=3
[INFO] tested 2621/2621 kept=3
[WARN] batch start failed size=5242
[WARN] split batch 5242 -> 2621 + 2621
[WARN] batch start failed size=2621
[WARN] split batch 2621 -> 1310 + 1311
[INFO] tested 25/1310 kept=0
[INFO] tested 50/1310 kept=0
[INFO] tested 75/1310 kept=0
[INFO] tested 100/1310 kept=0
[INFO] tested 125/1310 kept=0
[INFO] tested 150/1310 kept=0
[INFO] tested 175/1310 kept=0
[INFO] tested 200/1310 kept=0
[INFO] tested 225/1310 kept=0
[INFO] tested 250/1310 kept=0
[INFO] tested 275/1310 kept=0
[INFO] tested 300/1310 kept=1
[INFO] tested 325/1310 kept=1
[INFO] tested 350/1310 kept=1
[INFO] tested 375/1310 kept=1
[INFO] tested 400/1310 kept=1
[INFO] tested 425/1310 kept=2
[INFO] tested 450/1310 kept=2
[INFO] tested 475/1310 kept=2
[INFO] tested 500/1310 kept=3
[INFO] tested 525/1310 kept=3
[INFO] tested 550/1310 kept=3
[INFO] tested 575/1310 kept=3
[INFO] tested 600/1310 kept=7
[INFO] tested 625/1310 kept=25
[INFO] tested 650/1310 kept=26
[INFO] tested 675/1310 kept=30
[INFO] tested 700/1310 kept=31
[INFO] tested 725/1310 kept=32
[INFO] tested 750/1310 kept=40
[INFO] tested 775/1310 kept=41
[INFO] tested 800/1310 kept=42
[INFO] tested 825/1310 kept=52
[INFO] tested 850/1310 kept=53
[INFO] tested 875/1310 kept=55
[INFO] tested 900/1310 kept=58
[INFO] tested 925/1310 kept=59
[INFO] tested 950/1310 kept=61
[INFO] tested 975/1310 kept=61
[INFO] tested 1000/1310 kept=62
[INFO] tested 1025/1310 kept=66
[INFO] tested 1050/1310 kept=76
[INFO] tested 1075/1310 kept=83
[INFO] tested 1100/1310 kept=87
[INFO] tested 1125/1310 kept=87
[INFO] tested 1150/1310 kept=87
[INFO] tested 1175/1310 kept=87
[INFO] tested 1200/1310 kept=88
[INFO] tested 1225/1310 kept=89
[INFO] tested 1250/1310 kept=89
[INFO] tested 1275/1310 kept=91
[INFO] tested 1300/1310 kept=92
[INFO] tested 1310/1310 kept=92
[WARN] batch start failed size=1311
[WARN] split batch 1311 -> 655 + 656
[WARN] batch start failed size=655
[WARN] split batch 655 -> 327 + 328
[WARN] batch start failed size=327
[WARN] split batch 327 -> 163 + 164
[INFO] tested 25/163 kept=1
[INFO] tested 50/163 kept=2
[INFO] tested 75/163 kept=10
[INFO] tested 100/163 kept=12
[INFO] tested 125/163 kept=13
[INFO] tested 150/163 kept=13
[INFO] tested 163/163 kept=13
[WARN] batch start failed size=164
[WARN] split batch 164 -> 82 + 82
[INFO] tested 25/82 kept=1
[INFO] tested 50/82 kept=6
[INFO] tested 75/82 kept=9
[INFO] tested 82/82 kept=9
[WARN] batch start failed size=82
[WARN] split batch 82 -> 41 + 41
[INFO] tested 25/41 kept=19
[INFO] tested 41/41 kept=20
[WARN] batch start failed size=41
[WARN] split batch 41 -> 20 + 21
[WARN] batch start failed size=20
[WARN] split batch 20 -> 10 + 10
[WARN] batch start failed size=10
[WARN] split batch 10 -> 5 + 5
[INFO] tested 5/5 kept=1
[WARN] batch start failed size=5
[WARN] split batch 5 -> 2 + 3
[WARN] batch start failed size=2
[WARN] split batch 2 -> 1 + 1
[WARN] batch start failed size=1
[DROP] isolate bad proxy name=[Epodonios-v2ray-configs] EPODONIOS-205 server=78.38.246.150:8446
[DROP] reason: Mihomo exited before controller became ready

time="2026-08-30T16:45:20.378454114Z" level=info msg="Start initial configuration in progress"
time="2026-08-30T16:45:20.378551727Z" level=fatal msg="Parse config error: proxy 0: ss 78.38.246.150:8446 cipher: chacha20-poly1305 initialize error: unknown m
[WARN] batch start failed size=1
[DROP] isolate bad proxy name=[Epodonios-v2ray-configs] EPODONIOS-206 server=Istanbul.morteza1388m1122.ir:54985
[DROP] reason: Mihomo exited before controller became ready

time="2026-08-30T16:45:20.881296124Z" level=info msg="Start initial configuration in progress"
time="2026-08-30T16:45:20.881390722Z" level=fatal msg="Parse config error: proxy 0: ss Istanbul.morteza1388m1122.ir:54985 cipher: chacha20-poly1305 initialize 
[INFO] tested 3/3 kept=0
[INFO] tested 10/10 kept=0
[INFO] tested 21/21 kept=3
[INFO] tested 25/328 kept=6
[INFO] tested 50/328 kept=13
[INFO] tested 75/328 kept=16
[INFO] tested 100/328 kept=18
[INFO] tested 125/328 kept=19
[INFO] tested 150/328 kept=19
[INFO] tested 175/328 kept=25
[INFO] tested 200/328 kept=27
[INFO] tested 225/328 kept=32
[INFO] tested 250/328 kept=34
[INFO] tested 275/328 kept=35
[INFO] tested 300/328 kept=36
[INFO] tested 325/328 kept=36
[INFO] tested 328/328 kept=36
[WARN] batch start failed size=656
[WARN] split batch 656 -> 328 + 328
[INFO] tested 25/328 kept=2
[INFO] tested 50/328 kept=4
[INFO] tested 75/328 kept=4
[INFO] tested 100/328 kept=6
[INFO] tested 125/328 kept=8
[INFO] tested 150/328 kept=8
[INFO] tested 175/328 kept=9
[INFO] tested 200/328 kept=12
[INFO] tested 225/328 kept=12
[INFO] tested 250/328 kept=12
[INFO] tested 275/328 kept=13
[INFO] tested 300/328 kept=14
[INFO] tested 325/328 kept=14
[INFO] tested 328/328 kept=14
[WARN] batch start failed size=328
[WARN] split batch 328 -> 164 + 164
[WARN] batch start failed size=164
[WARN] split batch 164 -> 82 + 82
[INFO] tested 25/82 kept=0
[INFO] tested 50/82 kept=1
[INFO] tested 75/82 kept=4
[INFO] tested 82/82 kept=4
[WARN] batch start failed size=82
[WARN] split batch 82 -> 41 + 41
[WARN] batch start failed size=41
[WARN] split batch 41 -> 20 + 21
[WARN] batch start failed size=20
[WARN] split batch 20 -> 10 + 10
[INFO] tested 10/10 kept=0
[WARN] batch start failed size=10
[WARN] split batch 10 -> 5 + 5
[INFO] tested 5/5 kept=1
[WARN] batch start failed size=5
[WARN] split batch 5 -> 2 + 3
[WARN] batch start failed size=2
[WARN] split batch 2 -> 1 + 1
[WARN] batch start failed size=1
[DROP] isolate bad proxy name=[Epodonios-v2ray-configs] EPODONIOS-960 server=195.133.35.63:2096
[DROP] reason: Mihomo exited before controller became ready

time="2026-08-30T16:46:44.202620062Z" level=info msg="Start initial configuration in progress"
time="2026-08-30T16:46:44.202745828Z" level=fatal msg="Parse config error: proxy 0: invalid REALITY public key"

[INFO] tested 1/1 kept=0
[INFO] tested 3/3 kept=0
[INFO] tested 21/21 kept=2
[INFO] tested 25/41 kept=4
[INFO] tested 41/41 kept=12
[INFO] tested 25/164 kept=0
[INFO] tested 50/164 kept=2
[INFO] tested 75/164 kept=4
[INFO] tested 100/164 kept=4
[INFO] tested 125/164 kept=5
[INFO] tested 150/164 kept=5
[INFO] tested 164/164 kept=5
[WARN] batch start failed size=2621
[WARN] split batch 2621 -> 1310 + 1311
[WARN] batch start failed size=1310
[WARN] split batch 1310 -> 655 + 655
[WARN] batch start failed size=655
[WARN] split batch 655 -> 327 + 328
[INFO] tested 25/327 kept=2
[INFO] tested 50/327 kept=13
[INFO] tested 75/327 kept=18
[INFO] tested 100/327 kept=22
[INFO] tested 125/327 kept=25
[INFO] tested 150/327 kept=26
[INFO] tested 175/327 kept=26
[INFO] tested 200/327 kept=26
[INFO] tested 225/327 kept=27
[INFO] tested 250/327 kept=27
[INFO] tested 275/327 kept=27
[INFO] tested 300/327 kept=31
[INFO] tested 325/327 kept=33
[INFO] tested 327/327 kept=33
[WARN] batch start failed size=328
[WARN] split batch 328 -> 164 + 164
[WARN] batch start failed size=164
[WARN] split batch 164 -> 82 + 82
[WARN] batch start failed size=82
[WARN] split batch 82 -> 41 + 41
[WARN] batch start failed size=41
[WARN] split batch 41 -> 20 + 21
[WARN] batch start failed size=20
[WARN] split batch 20 -> 10 + 10
[WARN] batch start failed size=10
[WARN] split batch 10 -> 5 + 5
[INFO] tested 5/5 kept=0
[WARN] batch start failed size=5
[WARN] split batch 5 -> 2 + 3
[INFO] tested 2/2 kept=0
[WARN] batch start failed size=3
[WARN] split batch 3 -> 1 + 2
[INFO] tested 1/1 kept=0
[WARN] batch start failed size=2
[WARN] split batch 2 -> 1 + 1
[WARN] batch start failed size=1
[DROP] isolate bad proxy name=[Epodonios-v2ray-configs] EPODONIOS-1497 server=s1.test.anti-zapret.com:8443
[DROP] reason: Mihomo exited before controller became ready

time="2026-08-30T16:47:46.390969346Z" level=info msg="Start initial configuration in progress"
time="2026-08-30T16:47:46.391107936Z" level=fatal msg="Parse config error: proxy 0: invalid REALITY public key"

[INFO] tested 1/1 kept=0
[INFO] tested 10/10 kept=0
[INFO] tested 21/21 kept=1
[INFO] tested 25/41 kept=1
[INFO] tested 41/41 kept=2
[INFO] tested 25/82 kept=9
[INFO] tested 50/82 kept=17
[INFO] tested 75/82 kept=31
[INFO] tested 82/82 kept=32
[INFO] tested 25/164 kept=1
[INFO] tested 50/164 kept=6
[INFO] tested 75/164 kept=20
[INFO] tested 100/164 kept=25
[INFO] tested 125/164 kept=27
[INFO] tested 150/164 kept=34
[INFO] tested 164/164 kept=38
[WARN] batch start failed size=655
[WARN] split batch 655 -> 327 + 328
[WARN] batch start failed size=327
[WARN] split batch 327 -> 163 + 164
[WARN] batch start failed size=163
[WARN] split batch 163 -> 81 + 82
[WARN] batch start failed size=81
[WARN] split batch 81 -> 40 + 41
[WARN] batch start failed size=40
[WARN] split batch 40 -> 20 + 20
[WARN] batch start failed size=20
[WARN] split batch 20 -> 10 + 10
[WARN] batch start failed size=10
[WARN] split batch 10 -> 5 + 5
[INFO] tested 5/5 kept=1
[WARN] batch start failed size=5
[WARN] split batch 5 -> 2 + 3
[INFO] tested 2/2 kept=0
[WARN] batch start failed size=3
[WARN] split batch 3 -> 1 + 2
[INFO] tested 1/1 kept=0
[WARN] batch start failed size=2
[WARN] split batch 2 -> 1 + 1
[INFO] tested 1/1 kept=1
[WARN] batch start failed size=1
[DROP] isolate bad proxy name=[V2rayclashfree-RSS] 🇩🇪DE_3|288KB/s|C002-260622 01 server=5.83.129.90:54177
[DROP] reason: Mihomo exited before controller became ready

time="2026-08-30T16:48:24.601130128Z" level=info msg="Start initial configuration in progress"
time="2026-08-30T16:48:24.601228453Z" level=fatal msg="Parse config error: proxy 0: '' has unset fields: down, up"

[WARN] batch start failed size=10
[WARN] split batch 10 -> 5 + 5
[WARN] batch start failed size=5
[WARN] split batch 5 -> 2 + 3
[WARN] batch start failed size=2
[WARN] split batch 2 -> 1 + 1
[INFO] tested 1/1 kept=0
[WARN] batch start failed size=1
[DROP] isolate bad proxy name=[V2rayclashfree-RSS] 🇩🇪DE_4|248KB/s|C002-260622 01 server=5.83.129.153:20088
[DROP] reason: Mihomo exited before controller became ready

time="2026-08-30T16:48:27.161168858Z" level=info msg="Start initial configuration in progress"
time="2026-08-30T16:48:27.161260920Z" level=fatal msg="Parse config error: proxy 0: '' has unset fields: down, up"

[INFO] tested 3/3 kept=0
[INFO] tested 5/5 kept=0
[INFO] tested 20/20 kept=2
[INFO] tested 25/41 kept=0
[INFO] tested 41/41 kept=0
[WARN] batch start failed size=82
[WARN] split batch 82 -> 41 + 41
[WARN] batch start failed size=41
[WARN] split batch 41 -> 20 + 21
[WARN] batch start failed size=20
[WARN] split batch 20 -> 10 + 10
[WARN] batch start failed size=10
[WARN] split batch 10 -> 5 + 5
[INFO] tested 5/5 kept=0
[WARN] batch start failed size=5
[WARN] split batch 5 -> 2 + 3
[WARN] batch start failed size=2
[WARN] split batch 2 -> 1 + 1
[INFO] tested 1/1 kept=0
[WARN] batch start failed size=1
[DROP] isolate bad proxy name=[V2rayclashfree-RSS] hysteria server=5.83.129.143:26691
[DROP] reason: Mihomo exited before controller became ready

time="2026-08-30T16:48:36.747191936Z" level=info msg="Start initial configuration in progress"
time="2026-08-30T16:48:36.747296922Z" level=fatal msg="Parse config error: proxy 0: '' has unset fields: down, up"

[INFO] tested 3/3 kept=0
[INFO] tested 10/10 kept=4
[INFO] tested 21/21 kept=0
[INFO] tested 25/41 kept=0
[INFO] tested 41/41 kept=1
[INFO] tested 25/164 kept=2
[INFO] tested 50/164 kept=11
[INFO] tested 75/164 kept=14
[INFO] tested 100/164 kept=20
[INFO] tested 125/164 kept=34
[INFO] tested 150/164 kept=50
[INFO] tested 164/164 kept=60
[INFO] tested 25/328 kept=2
[INFO] tested 50/328 kept=13
[INFO] tested 75/328 kept=14
[INFO] tested 100/328 kept=14
[INFO] tested 125/328 kept=15
[INFO] tested 150/328 kept=16
[INFO] tested 175/328 kept=16
[INFO] tested 200/328 kept=17
[INFO] tested 225/328 kept=17
[INFO] tested 250/328 kept=18
[INFO] tested 275/328 kept=23
[INFO] tested 300/328 kept=25
[INFO] tested 325/328 kept=41
[INFO] tested 328/328 kept=41
[INFO] tested 25/1311 kept=0
[INFO] tested 50/1311 kept=7
[INFO] tested 75/1311 kept=27
[INFO] tested 100/1311 kept=40
[INFO] tested 125/1311 kept=48
[INFO] tested 150/1311 kept=57
[INFO] tested 175/1311 kept=58
[INFO] tested 200/1311 kept=58
[INFO] tested 225/1311 kept=58
[INFO] tested 250/1311 kept=59
[INFO] tested 275/1311 kept=63
[INFO] tested 300/1311 kept=70
[INFO] tested 325/1311 kept=80
[INFO] tested 350/1311 kept=91
[INFO] tested 375/1311 kept=101
[INFO] tested 400/1311 kept=105
[INFO] tested 425/1311 kept=122
[INFO] tested 450/1311 kept=133
[INFO] tested 475/1311 kept=143
[INFO] tested 500/1311 kept=156
[INFO] tested 525/1311 kept=168
[INFO] tested 550/1311 kept=173
[INFO] tested 575/1311 kept=177
[INFO] tested 600/1311 kept=179
[INFO] tested 625/1311 kept=179
[INFO] tested 650/1311 kept=185
[INFO] tested 675/1311 kept=199
[INFO] tested 700/1311 kept=208
[INFO] tested 725/1311 kept=213
[INFO] tested 750/1311 kept=220
[INFO] tested 775/1311 kept=227
[INFO] tested 800/1311 kept=237
[INFO] tested 825/1311 kept=253
[INFO] tested 850/1311 kept=265
[INFO] tested 875/1311 kept=270
[INFO] tested 900/1311 kept=273
[INFO] tested 925/1311 kept=281
[INFO] tested 950/1311 kept=286
[INFO] tested 975/1311 kept=293
[INFO] tested 1000/1311 kept=306
[INFO] tested 1025/1311 kept=321
[INFO] tested 1050/1311 kept=327
[INFO] tested 1075/1311 kept=337
[INFO] tested 1100/1311 kept=351
[INFO] tested 1125/1311 kept=370
[INFO] tested 1150/1311 kept=377
[INFO] tested 1175/1311 kept=385
[INFO] tested 1200/1311 kept=398
[INFO] tested 1225/1311 kept=408
[INFO] tested 1250/1311 kept=421
[INFO] tested 1275/1311 kept=427
[INFO] tested 1300/1311 kept=429
[INFO] tested 1311/1311 kept=429
============================================================
[INFO] cap live source=[免费节点8] from 80 to 50 by health_score
[INFO] cap live source=[Clashfree-README] from 98 to 50 by health_score
[INFO] cap live source=[Epodonios-v2ray-configs] from 196 to 50 by health_score
[INFO] cap live source=[V2rayclashfree-RSS] from 563 to 50 by health_score
============================================================
[SUMMARY] total_nodes=16789
[SUMMARY] legal_candidates=10483
[SUMMARY] passed_latency_test=362
[SUMMARY] region_HK=4 region_JP=3 region_US=58
[SUMMARY] avg_latency_ms=476.99
[SUMMARY] output=output/clash.yaml
