============================================================
[INFO] sublink try page: https://end-gfw.com
[OK] proxies=2 new=2 url=https://raw.githubusercontent.com/hello-world-1989/cn-news/refs/heads/main/clash.yaml
[OK] proxies=2 new=0 url=https://raw.githubusercontent.com/hello-world-1989/cn-news/main/end-gfw-together
[OK] proxies=2 new=2 url=https://raw.githubusercontent.com/hello-world-1989/cn-news/main/end-gfw-together-ss
[INFO] source try url: https://end-gfw.com/ss-key
[OK] proxies=4 new=4 url=https://end-gfw.com/ss-key
[INFO] sublink try repo: https://github.com/hello-world-1989/cn-news
[INFO] sublink try page: https://raw.githubusercontent.com/hello-world-1989/cn-news/main/README.md
[OK] proxies=6 new=6 url=https://raw.githubusercontent.com/hello-world-1989/v2-sub/main/end-gfw-together-af3e13
[OK] proxies=14 source=[大FQ运动] url=https://raw.githubusercontent.com/hello-world-1989/cn-news/main/README.md
============================================================
[INFO] sublink try repo: https://github.com/Pawdroid/Free-servers
[INFO] sublink try page: https://raw.githubusercontent.com/Pawdroid/Free-servers/main/README.md
[OK] proxies=20 new=20 url=https://raw.githubusercontent.com/Pawdroid/Free-servers/main/README.md
[OK] proxies=20 new=0 url=https://raw.githubusercontent.com/Pawdroid/Free-servers/main/sub
[OK] proxies=1 new=1 url=http://www.surflare.com
[OK] proxies=21 source=[Pawdroid] url=https://raw.githubusercontent.com/Pawdroid/Free-servers/main/README.md
============================================================
[INFO] source try url: https://xmxosfepggzm.503403.xyz
[OK] proxies=3 new=3 url=https://xmxosfepggzm.503403.xyz
[OK] proxies=3 source=[FreeV2-Base64] url=https://xmxosfepggzm.503403.xyz
============================================================
[INFO] source try url: https://links.bocchi2b.top/clash
[OK] proxies=35 new=35 url=https://links.bocchi2b.top/clash
[OK] proxies=35 source=[Bocchi2b-Base64] url=https://links.bocchi2b.top/clash
============================================================
[INFO] toolkit try repo: https://github.com/bannedbook/fanqiang
[INFO] toolkit try release: https://github.com/bannedbook/fanqiang/releases
[INFO] toolkit try release: https://github.com/bannedbook/fanqiang/releases/expanded_assets/ChromeGo-latest
[INFO] toolkit try download: https://github.com/bannedbook/fanqiang/releases/download/ChromeGo-latest/ChromeGo.7z
[OK] toolkit downloaded: ChromeGo.7z bytes=100924352
[OK] toolkit extracted archive=ChromeGo.7z tool=7z files=222 dirs=45
[OK] toolkit discovered subs=107 embedded=12 archive=ChromeGo.7z
[OK] proxies=6 new=6 embedded=archive-config
[OK] proxies=7 new=5 url=https://gitlab.com/free9999/ipupdate/master/backup/img/1/2/{ipp|ip}/{hysteria2|singbox|naiveproxy|hysteria|xray}/{2|3|1|4}/config.json
[OK] proxies=7 new=0 url=https://www.67867867.xyz/Alvin9999/PAC/refs/heads/master/backup/img/1/2/{ipp|ip}/{hysteria2|singbox|naiveproxy|hysteria|xray}/{2|3|1|4}/config.json
[OK] proxies=3 new=3 url=https://gitlab.com/free9999/ipupdate/master/backup/img/1/2/{ipp|ip}/clash.meta2/{2|3|1|5|4|6}/config.yaml
[OK] proxies=3 new=0 url=https://www.67867867.xyz/Alvin9999/PAC/refs/heads/master/backup/img/1/2/{ipp|ip}/clash.meta2/{2|3|1|5|4|6}/config.yaml
[OK] proxies=14 source=[ChromeGO-Toolkit] url=https://github.com/bannedbook/fanqiang/releases/download/ChromeGo-latest/ChromeGo.7z
============================================================
[INFO] sublink try repo: https://github.com/ShiteThings/extractNodes
[INFO] sublink try page: https://raw.githubusercontent.com/ShiteThings/extractNodes/main/README.md
[OK] proxies=31 new=30 url=https://{chg26.makou.cc.cd|chg64.makou.cc.cd}
[OK] proxies=26 new=1 url=https://chg26.makou.cc.cd/sb
[OK] proxies=31 source=[ChromeGO-ShiteThings] url=https://raw.githubusercontent.com/ShiteThings/extractNodes/main/README.md
============================================================
[INFO] sublink try repo: https://github.com/shangui999/chromego_merge
[INFO] sublink try page: https://raw.githubusercontent.com/shangui999/chromego_merge/master/ReadMe.md
[OK] proxies=10 new=10 url=https://freedman.netlify.app/sub/merged_proxies_new.yaml
[OK] proxies=11 new=1 url=https://freedman.netlify.app/sub/merged_warp_proxies_new.yaml
[OK] proxies=11 new=6 url=https://freedman.netlify.app/sub/shadowrocket_base64.txt
[OK] proxies=16 new=16 url=https://freedman.netlify.app/sub/sb.json
[INFO] sublink try repo: https://github.com/yaney01/chromego
[INFO] sublink try page: https://raw.githubusercontent.com/yaney01/chromego/main/ReadMe.md
[OK] proxies=50 new=46 url=https://raw.githubusercontent.com/yaney01/chromego/main/sub/merged_proxies_new.yaml
[OK] proxies=51 new=0 url=https://raw.githubusercontent.com/yaney01/chromego/main/sub/merged_warp_proxies_new.yaml
[OK] proxies=13 new=7 url=https://raw.githubusercontent.com/yaney01/chromego/main/sub/shadowrocket_base64.txt
[OK] proxies=13 new=0 url=https://raw.githubusercontent.com/yaney01/chromego/main/sub/sb.json
[INFO] sublink try repo: https://github.com/Misaka-blog/chromego_merge
[INFO] sublink try page: https://raw.githubusercontent.com/Misaka-blog/chromego_merge/main/README.md
[OK] proxies=28 new=28 url=https://chromego-sub.netlify.app/sub/merged_proxies_new.yaml
[OK] proxies=114 source=[ChromeGO-Merge] url=https://raw.githubusercontent.com/Misaka-blog/chromego_merge/main/README.md
============================================================
[INFO] source try url: https://freesocks.org/api/v1/sub/02b897e8e77f19176b0b9f2c75864b00
[OK] proxies=3 new=3 url=https://freesocks.org/api/v1/sub/02b897e8e77f19176b0b9f2c75864b00
[OK] proxies=3 source=[Freesocks] url=https://freesocks.org/api/v1/sub/02b897e8e77f19176b0b9f2c75864b00
============================================================
[INFO] source try url: https://neko-warp.nloli.xyz/neko_warp.yaml
[OK] proxies=10 new=10 url=https://neko-warp.nloli.xyz/neko_warp.yaml
[OK] proxies=10 source=[NekoWarp] url=https://neko-warp.nloli.xyz/neko_warp.yaml
============================================================
[INFO] toolkit try chrome: https://chromewebstore.google.com/detail/free-vpn-proxy-1vpn/akcocjjpkmlniicdeemdceeajlmoabhg
[INFO] toolkit try download: https://clients2.google.com/service/update2/crx?response=redirect&prodversion=131.0.6778.0&acceptformat=crx2,crx3&x=id%3dakcocjjpkmlniicdeemdceeajlmoabhg%26uc
[OK] toolkit downloaded: free-vpn-proxy-1vpn.crx bytes=1627904
[OK] toolkit extracted archive=free-vpn-proxy-1vpn.crx tool=zipfile files=68 dirs=57
[OK] toolkit 1vpn-crx scanned hosts=17 keys=1 archive=free-vpn-proxy-1vpn.crx
[OK] proxies=17 source=[1VPN-CRX] url=https://clients2.google.com/service/update2/crx?response=redirect&prodversion=131.0.6778.0&acceptformat=crx2,crx3&x=id%3dakcocjjpkmlniicdeemdceeajlmoabhg%26uc
============================================================
[INFO] article try feed: https://free.datiya.com/index.xml
[INFO] sublink try page: https://free.datiya.com/post/20260918/
[OK] proxies=14 new=14 url=https://free.datiya.com/uploads/20260918-clash.yaml
[OK] proxies=14 source=[OpenRunner-RSS] url=https://free.datiya.com/post/20260918/
============================================================
[WARN] article discovery failed: https://v2rayshare.com
[INFO] sublink try repo: https://github.com/firefoxmmx2/v2rayshare_subcription
[INFO] sublink try page: https://raw.githubusercontent.com/firefoxmmx2/v2rayshare_subcription/main/README.md
[OK] proxies=27 new=27 url=https://{raw.githubusercontent.com|cdn.jsdelivr.net}/firefoxmmx2/v2rayshare_subcription/main/subscription/vray_sub.txt
[OK] proxies=27 new=0 url=https://{raw.githubusercontent.com|cdn.jsdelivr.net}/firefoxmmx2/v2rayshare_subcription/main/subscription/clash_sub.yaml
[OK] proxies=27 new=0 url=https://{raw.githubusercontent.com|cdn.jsdelivr.net}/firefoxmmx2/v2rayshare_subcription/main/subscription/mihomo_sub.yaml
[OK] proxies=27 source=[V2Rayshare-RSS] url=https://raw.githubusercontent.com/firefoxmmx2/v2rayshare_subcription/main/README.md
============================================================
[INFO] article try feed: https://www.mibei77.com/feed
[INFO] sublink try page: https://www.mibei77.com/679.html
[OK] proxies=111 new=111 url=https://mm.mibei77.com/202609/09.1864bacvd.txt
[OK] proxies=110 new=0 url=https://mm.mibei77.com/202609/0918Clashizx.yaml
[OK] proxies=111 source=[Mibei77-RSS] url=https://www.mibei77.com/679.html
============================================================
[INFO] article try feed: https://yoyapai.com/feed
[INFO] sublink try page: https://yoyapai.com/723
[OK] proxies=1 new=1 url=https://yoyapai.com/723
[OK] proxies=208 new=208 url=https://freenode.yoyapai.com/2026/09/18-yoyapai.com-clash-vpn-mianfeijiedian.yaml
[OK] proxies=208 new=0 url=https://freenode.yoyapai.com/2026/09/18-yoyapai.com-ssrv2ray-vpn-mianfeijiedian.txt
[OK] proxies=209 source=[Yoyapai-RSS] url=https://yoyapai.com/723
============================================================
[INFO] sublink try repo: https://github.com/free18/v2ray
[INFO] sublink try page: https://raw.githubusercontent.com/free18/v2ray/main/README.md
[OK] proxies=3 new=3 url=https://raw.githubusercontent.com/free18/v2ray/main/README.md
[OK] proxies=144 new=144 url=https://ghfast.top/https://raw.githubusercontent.com/free18/v2ray/refs/heads/main/v.txt
[OK] proxies=144 new=0 url=https://ghfast.top/https://raw.githubusercontent.com/free18/v2ray/refs/heads/main/c.yaml
[OK] proxies=147 source=[免费节点1] url=https://raw.githubusercontent.com/free18/v2ray/main/README.md
============================================================
[INFO] sublink try repo: https://github.com/ermaozi/get_subscribe
[INFO] sublink try page: https://raw.githubusercontent.com/ermaozi/get_subscribe/main/README.md
[INFO] sublink file_nodes=0 bare links=9
[OK] proxies=390 new=390 url=https://www.ermao.net/sub/{clash|v2ray}/ermao.net
[OK] proxies=388 new=0 url=https://www.ermao.net/sub/{reachable|unreachable|untested}/clash/ermao.net
[OK] proxies=390 source=[免费节点2] url=https://raw.githubusercontent.com/ermaozi/get_subscribe/main/README.md
============================================================
[INFO] sublink try repo: https://github.com/sunmiao4458/free-proxy-airport
[INFO] sublink try page: https://raw.githubusercontent.com/sunmiao4458/free-proxy-airport/main/README.md
[OK] proxies=23 new=23 url=https://sunmiao4458.github.io/free-proxy-airport/clash.yaml
[OK] proxies=23 source=[免费节点3] url=https://raw.githubusercontent.com/sunmiao4458/free-proxy-airport/main/README.md
============================================================
[INFO] sublink try repo: https://github.com/mfuu/FreeProxies
[INFO] sublink try page: https://raw.githubusercontent.com/mfuu/FreeProxies/master/README.md
[OK] proxies=842 new=842 url=https://raw.githubusercontent.com/mfuu/FreeProxies/master/sub.yaml
[OK] proxies=842 source=[免费节点4] url=https://raw.githubusercontent.com/mfuu/FreeProxies/master/README.md
============================================================
[INFO] sublink try repo: https://github.com/vxiaov/free_proxies
[INFO] sublink try page: https://raw.githubusercontent.com/vxiaov/free_proxies/main/README.md
[OK] proxies=1 new=1 url=https://raw.githubusercontent.com/vxiaov/free_proxies/main/README.md
[OK] proxies=28 new=28 url=https://{cdn.jsdelivr.net|raw.githubusercontent.com}/vxiaov/free_proxies/main/clash/clash.provider.yaml
[OK] proxies=29 source=[免费节点5] url=https://raw.githubusercontent.com/vxiaov/free_proxies/main/README.md
============================================================
[INFO] sublink try repo: https://github.com/anaer/Sub
[INFO] sublink try page: https://raw.githubusercontent.com/anaer/Sub/main/README.MD
[OK] proxies=1520 new=1520 url=https://anaer.github.io/Sub/clash.yaml
[OK] proxies=1520 new=0 url=https://raw.githubusercontent.com/anaer/Sub/main/clash.yaml
[OK] proxies=1520 source=[免费节点6] url=https://raw.githubusercontent.com/anaer/Sub/main/README.MD
============================================================
[INFO] sublink try repo: https://github.com/snakem982/proxypool
[INFO] sublink try page: https://raw.githubusercontent.com/snakem982/proxypool/main/README.md
[OK] proxies=64 new=64 url=https://raw.githubusercontent.com/snakem982/proxypool/main/source/clash-meta-2.yaml
[OK] proxies=64 new=0 url=https://raw.githubusercontent.com/snakem982/proxypool/main/source/v2ray-2.txt
[OK] proxies=61 new=0 url=https://raw.githubusercontent.com/snakem982/proxypool/main/source/sing-box-2.json
[OK] proxies=64 source=[免费节点7] url=https://raw.githubusercontent.com/snakem982/proxypool/main/README.md
============================================================
[INFO] sublink try repo: https://github.com/mahdibland/V2RayAggregator
[INFO] sublink try page: https://raw.githubusercontent.com/mahdibland/V2RayAggregator/master/README.md
[OK] proxies=385 new=385 url=https://raw.githubusercontent.com/mahdibland/V2RayAggregator/master/README.md
[OK] proxies=1 new=1 url=https://github.com/mahdibland/SSAggregator/actions/workflows/Collector.yml
[OK] proxies=1 new=0 url=https://github.com/mahdibland/SSAggregator/actions/workflows/Airport_Collector.yml
[OK] proxies=198 new=0 url=https://raw.githubusercontent.com/mahdibland/ShadowsocksAggregator/master/Eternity.txt
[OK] proxies=199 new=1 url=https://raw.githubusercontent.com/mahdibland/ShadowsocksAggregator/master/Eternity.yml
[OK] proxies=61 new=61 url=https://raw.githubusercontent.com/mahdibland/ShadowsocksAggregator/master/EternityAir.txt
[OK] proxies=3840 new=3549 url=https://raw.githubusercontent.com/mahdibland/SSAggregator/master/sub/sub_merge_base64.txt
[OK] proxies=3840 new=0 url=https://raw.githubusercontent.com/mahdibland/{SSAggregator|ShadowsocksAggregator}/master/sub/sub_merge.txt
[OK] proxies=4012 new=173 url=https://raw.githubusercontent.com/mahdibland/SSAggregator/master/sub/sub_merge_yaml.yml
[OK] proxies=61 new=0 url=https://raw.githubusercontent.com/mahdibland/SSAggregator/master/sub/airport_merge_base64.txt
[OK] proxies=61 new=0 url=https://raw.githubusercontent.com/mahdibland/SSAggregator/master/sub/airport_sub_merge.txt
[OK] proxies=1391 new=0 url=https://raw.githubusercontent.com/mahdibland/ShadowsocksAggregator/master/sub/splitted/vmess.txt
[OK] proxies=569 new=0 url=https://raw.githubusercontent.com/mahdibland/ShadowsocksAggregator/master/sub/splitted/trojan.txt
[OK] proxies=43 new=0 url=https://raw.githubusercontent.com/mahdibland/ShadowsocksAggregator/master/sub/splitted/ssr.txt
[OK] proxies=1837 new=0 url=https://raw.githubusercontent.com/mahdibland/ShadowsocksAggregator/master/sub/splitted/ss.txt
[OK] proxies=1 new=0 url=https://cdn.jsdelivr.net/gh/mahdibland/V2RayAggregator@master/update/provider/provider-meta.yml
[OK] proxies=1 new=0 url=https://cdn.jsdelivr.net/gh/mahdibland/V2RayAggregator@master/update/provider/provider-meta-cn.yml
[OK] proxies=1 new=0 url=https://cdn.jsdelivr.net/gh/mahdibland/V2RayAggregator@master/update/provider/provider-meta-others.yml
[OK] proxies=1 new=0 url=https://cdn.jsdelivr.net/gh/mahdibland/V2RayAggregator@master/update/provider/provider.yml
[OK] proxies=1 new=0 url=https://cdn.jsdelivr.net/gh/mahdibland/V2RayAggregator@master/update/provider/provider-cn.yml
[OK] proxies=1 new=0 url=https://cdn.jsdelivr.net/gh/mahdibland/V2RayAggregator@master/update/provider/provider-others.yml
[OK] proxies=4170 source=[免费节点8] url=https://raw.githubusercontent.com/mahdibland/V2RayAggregator/master/README.md
============================================================
[INFO] sublink try repo: https://github.com/w1770946466/Auto_proxy
[INFO] sublink try page: https://raw.githubusercontent.com/w1770946466/Auto_proxy/main/README.md
[OK] proxies=1 new=1 url=https://github.com/w1770946466/Auto_proxy/actions/workflows/main.yml
[OK] proxies=245 new=245 url=https://raw.githubusercontent.com/w1770946466/Auto_proxy/main/{Long_term_subscription2.yaml|Long_term_subscription1.yaml|Long_term_subscription3.yaml}
[OK] proxies=489 new=54 url=https://raw.githubusercontent.com/w1770946466/Auto_proxy/main/{Long_term_subscription1|Long_term_subscription2|Long_term_subscription3|Long_term_subscription4|Long_term_subscription5|Long_term_subscription6|Long_term_subscription7|Long_term_subscription8}
[OK] proxies=489 new=315 url=https://raw.githubusercontent.com/w1770946466/Auto_proxy/main/Long_term_subscription_num
[OK] proxies=615 source=[免费节点9] url=https://raw.githubusercontent.com/w1770946466/Auto_proxy/main/README.md
============================================================
[INFO] sublink try repo: https://github.com/PuddinCat/BestClash
[INFO] sublink try page: https://raw.githubusercontent.com/PuddinCat/BestClash/main/README.md
[OK] proxies=16 new=16 url=https://raw.githubusercontent.com/PuddinCat/BestClash/main/proxies.yaml
[OK] proxies=28 new=28 url=https://cdn.jsdelivr.net/gh/vxiaov/free_proxies@main/clash/clash.provider.yaml
[OK] proxies=24 new=24 url=https://freenode.openrunner.net/uploads/20240807-clash.yaml
[OK] proxies=28 new=28 url=https://raw.githubusercontent.com/Misaka-blog/chromego_merge/main/sub/merged_proxies_new.yaml
[OK] proxies=4667 new=4638 url=https://raw.githubusercontent.com/{NiceVPN123|anaer}/{NiceVPN|Sub}/main/{Clash.yaml|clash.yaml}
[OK] proxies=30 new=5 url=https://raw.githubusercontent.com/{chengaopan|peasoft}/{AutoMergePublicNodes|NoMoreWalls}/master/list.yml
[OK] proxies=388 new=355 url=https://raw.githubusercontent.com/{ermaozi|ermaozi01}/{get_subscribe|free_clash_vpn}/main/subscribe/clash.yml
[OK] proxies=199 new=173 url=https://raw.githubusercontent.com/mahdibland/ShadowsocksAggregator/master/Eternity.yml
[OK] proxies=165 new=160 url=https://raw.githubusercontent.com/ronghuaxueleng/get_v2/main/pub/combine.yaml
[OK] proxies=144 new=3 url=https://raw.githubusercontent.com/zhangkaiitugithub/passcro/main/speednodes.yaml
[OK] proxies=5430 source=[免费节点10] url=https://raw.githubusercontent.com/PuddinCat/BestClash/main/README.md
============================================================
[INFO] sublink try repo: https://github.com/kooker/FreeSubsCheck
[INFO] sublink try page: https://raw.githubusercontent.com/kooker/FreeSubsCheck/main/README.md
[OK] proxies=10 new=10 url=https://raw.githubusercontent.com/kooker/FreeSubsCheck/main/mihomo.yaml
[OK] proxies=10 new=0 url=https://raw.githubusercontent.com/kooker/FreeSubsCheck/main/all.yaml
[OK] proxies=9 new=2 url=https://raw.githubusercontent.com/kooker/FreeSubsCheck/main/base64.txt
[OK] proxies=7 new=3 url=https://raw.githubusercontent.com/kooker/FreeSubsCheck/main/byxiaoxi.txt
[OK] proxies=427 new=422 url=https://raw.githubusercontent.com/kooker/FreeSubsCheck/main/kooker.jp.txt
[OK] proxies=437 source=[免费节点11] url=https://raw.githubusercontent.com/kooker/FreeSubsCheck/main/README.md
============================================================
[INFO] toolkit try repo: https://github.com/Pawdroid/shadowrocket_for_android
[INFO] toolkit try release: https://github.com/Pawdroid/shadowrocket_for_android/releases
[INFO] toolkit try release: https://github.com/Pawdroid/shadowrocket_for_android/releases/expanded_assets/10.10.51
[INFO] toolkit try download: https://github.com/Pawdroid/shadowrocket_for_android/releases/download/10.10.51/Shadowrocket_10.10.51_shadowrocketStandard_arm64-v8a.apk
[OK] toolkit downloaded: Shadowrocket_10.10.51_shadowrocketStandard_arm64-v8a.apk bytes=41111539
[OK] toolkit extracted archive=Shadowrocket_10.10.51_shadowrocketStandard_arm64-v8a.apk tool=zipfile files=1175 dirs=44
[OK] toolkit sr-apk scanned prefixes=36 files=6 keys=2 archive=Shadowrocket_10.10.51_shadowrocketStandard_arm64-v8a.apk
[OK] proxies=1132 new=1132 url=https://{cdn.jsdelivr.net|raw.githubusercontent.com}/pixelor/ecfg/main/data/ecfg6_zh
[OK] proxies=1121 new=90 url=https://{cdn.jsdelivr.net|raw.githubusercontent.com}/pixelor/ecfg/main/data/ecfg6_en
[OK] proxies=217 new=95 url=https://{cdn.jsdelivr.net|raw.githubusercontent.com}/pixelor/ecfg/main/data/ecfg6
[OK] proxies=185 new=0 url=https://{files.shadowrockets.app|cdn.shadowrockets.app}/ecfg/data/ecfg6
[OK] proxies=996 new=0 url=https://{files.shadowrockets.app|cdn.shadowrockets.app}/ecfg/data/ecfg6_zh
[OK] proxies=996 new=0 url=https://{files.shadowrockets.app|cdn.shadowrockets.app}/ecfg/data/ecfg6_en
[OK] proxies=1317 source=[Pawdroid-SR-APK] url=https://github.com/Pawdroid/shadowrocket_for_android/releases/download/10.10.51/Shadowrocket_10.10.51_shadowrocketStandard_arm64-v8a.apk
============================================================
[INFO] toolkit try page: https://shadowshare.v2cross.com
[INFO] toolkit try download: https://shadowshare.v2cross.com/shadowshare.apk
[OK] toolkit downloaded: shadowshare.apk bytes=62868122
[OK] toolkit extracted archive=shadowshare.apk tool=zipfile files=612 dirs=39
[OK] toolkit ss-apk scanned prefixes=10 files=3 keys=1 archive=shadowshare.apk
[OK] proxies=1386 new=1386 url=https://{raw.githubusercontent.com|jsd.onmicrosoft.cn}/hideme9527/ecsfg/main/data/sareserver_en
[OK] proxies=229 new=119 url=https://{raw.githubusercontent.com|jsd.onmicrosoft.cn}/hideme9527/ecsfg/main/data/sareserver
[OK] proxies=140 new=0 url=https://{shadowsharing.com|sare.159236.xyz}/data/sareserver
[OK] proxies=1386 new=0 url=https://{shadowsharing.com|sare.159236.xyz}/data/sareserver_en
[OK] proxies=140 new=0 url=https://gitee.com/api/v5/repos/{elvenapp|zhiminghao|guoyoucai1}/ecsfg/raw/data/sareserver
[OK] proxies=1386 new=0 url=https://gitee.com/api/v5/repos/{guoyoucai1|elvenapp|zhiminghao}/ecsfg/raw/data/sareserver_en
[OK] proxies=1505 source=[Pawdroid-SS-APK] url=https://shadowshare.v2cross.com/shadowshare.apk
============================================================
[INFO] sublink try repo: https://github.com/free-nodes/clashfree
[INFO] sublink try page: https://raw.githubusercontent.com/free-nodes/clashfree/main/README.md
[OK] proxies=1336 new=1336 url=https://raw.githubusercontent.com/free-nodes/clashfree/main/README.md
[OK] proxies=1336 new=0 url=https://raw.githubusercontent.com/free-nodes/clashfree/main/clash20260918.yml
[OK] proxies=1 new=1 url=https://github.com/free-nodes/clashfree/blob/main/clash20260918.yml
[OK] proxies=1337 source=[Clashfree] url=https://raw.githubusercontent.com/free-nodes/clashfree/main/README.md
============================================================
[INFO] sublink try repo: https://github.com/Epodonios/v2ray-configs
[INFO] sublink try page: https://raw.githubusercontent.com/Epodonios/v2ray-configs/main/README.md
[OK] proxies=1 new=1 url=https://github.com/Epodonios/V2ray-Configs/actions/workflows/main.yml
[OK] proxies=3999 new=3999 url=https://github.com/Epodonios/v2ray-configs/raw/main/All_Configs_Sub.txt
[OK] proxies=3999 new=0 url=https://github.com/Epodonios/v2ray-configs/raw/main/All_Configs_base64_Sub.txt
[OK] proxies=3198 new=165 url=https://github.com/Epodonios/v2ray-configs/raw/main/Splitted-By-Protocol/vless.txt
[OK] proxies=140 new=10 url=https://github.com/Epodonios/v2ray-configs/raw/main/Splitted-By-Protocol/vmess.txt
[OK] proxies=465 new=52 url=https://github.com/Epodonios/v2ray-configs/raw/main/Splitted-By-Protocol/ss.txt
[OK] proxies=182 new=12 url=https://github.com/Epodonios/v2ray-configs/raw/main/Splitted-By-Protocol/trojan.txt
[OK] proxies=3999 new=0 url=https://raw.githubusercontent.com/Epodonios/v2ray-configs/main/{Sub1.txt|Sub2.txt|Sub3.txt|Sub4.txt|Sub5.txt|Sub6.txt|Sub7.txt|Sub8.txt}
[OK] proxies=4239 source=[Epodonios] url=https://raw.githubusercontent.com/Epodonios/v2ray-configs/main/README.md
============================================================
[INFO] sublink try repo: https://github.com/free-clash-v2ray/free-clash-v2ray.github.io
[INFO] sublink try page: https://raw.githubusercontent.com/free-clash-v2ray/free-clash-v2ray.github.io/main/README.md
[OK] proxies=2890 new=2890 url=https://free-clash-v2ray.github.io/uploads/2026/09/{0-20260913.yaml|1-20260913.yaml|2-20260913.yaml|3-20260913.yaml}
[OK] proxies=4384 new=1835 url=https://free-clash-v2ray.github.io/uploads/2026/09/{0-20260913.txt|1-20260913.txt|2-20260913.txt|3-20260913.txt|4-20260913.txt}
[OK] proxies=4725 source=[Free-clash-v2ray] url=https://raw.githubusercontent.com/free-clash-v2ray/free-clash-v2ray.github.io/main/README.md
============================================================
[INFO] article try page: https://v2rayclashfree.com
[INFO] sublink try page: https://v2rayclashfree.com/fn/20260918.html
[OK] proxies=610 new=610 url=https://v2rayclashfree.com/sub/20260918-v2ray.txt
[OK] proxies=491 new=179 url=https://v2rayclashfree.com/sub/20260918-clash.yaml
[OK] proxies=789 source=[V2rayclashfree-RSS] url=https://v2rayclashfree.com/fn/20260918.html
============================================================
[INFO] raw backup written path=/home/runner/work/Free-node-autotest/Free-node-autotest/output/raw.yaml proxies=28204
[INFO] toolkit try repo: https://github.com/MetaCubeX/mihomo
[INFO] toolkit try release: https://github.com/MetaCubeX/mihomo/releases
[INFO] toolkit try release: https://github.com/MetaCubeX/mihomo/releases/expanded_assets/v1.19.31
[INFO] toolkit try download: https://github.com/MetaCubeX/mihomo/releases/download/v1.19.31/mihomo-linux-amd64-compatible-v1.19.31.gz
[OK] toolkit downloaded: mihomo-linux-amd64-compatible-v1.19.31.gz bytes=22821836
[OK] toolkit sha256 verified: mihomo-linux-amd64-compatible-v1.19.31.gz sha256=04cf9f09671704f839ddbee2e93069dc831a4123a75281e725d1d96ab9ac1afc
[OK] proxy engine ready: starting latency test package=mihomo-linux-amd64-compatible-v1.19.31.gz
============================================================
[WARN] batch start failed size=17322 {1} split -> 8661 {2} + 8661 {3}
[WARN] batch start failed size=8661 {2} split -> 4330 {4} + 4331 {5}
[WARN] batch start failed size=8661 {3} split -> 4330 {6} + 4331 {7}
[WARN] batch start failed size=4330 {4} split -> 2165 {8} + 2165 {9}
[WARN] batch start failed size=4330 {6} split -> 2165 {10} + 2165 {11}
[INFO] {5} tested 100/4331 kept=0 rest=17222
[WARN] batch start failed size=4331 {7} split -> 2165 {12} + 2166 {13}
[WARN] batch start failed size=2165 {8} split -> 1082 {14} + 1083 {15}
[INFO] {5} tested 200/4331 kept=1 rest=17122
[INFO] {10} tested 100/2165 kept=0 rest=16958
[INFO] {5} tested 300/4331 kept=21 rest=16769
[INFO] {5} tested 400/4331 kept=83 rest=16669
[INFO] {9} tested 100/2165 kept=11 rest=16590
[INFO] {9} tested 200/2165 kept=13 rest=16490
[INFO] {10} tested 200/2165 kept=0 rest=16467
[INFO] {10} tested 300/2165 kept=0 rest=16292
[INFO] {9} tested 300/2165 kept=17 rest=16251
[INFO] {10} tested 400/2165 kept=0 rest=16138
[INFO] {10} tested 500/2165 kept=0 rest=16006
[INFO] {10} tested 600/2165 kept=0 rest=15882
[INFO] {9} tested 400/2165 kept=24 rest=15856
[INFO] {5} tested 500/4331 kept=84 rest=15755
[INFO] {9} tested 500/2165 kept=43 rest=15621
[INFO] {10} tested 700/2165 kept=0 rest=15455
[INFO] {9} tested 600/2165 kept=46 rest=15434
[INFO] {10} tested 800/2165 kept=0 rest=15255
[INFO] {9} tested 700/2165 kept=56 rest=15133
[INFO] {10} tested 900/2165 kept=0 rest=15132
[INFO] {5} tested 600/4331 kept=84 rest=15001
[INFO] {10} tested 1000/2165 kept=0 rest=14837
[INFO] {9} tested 800/2165 kept=69 rest=14776
[INFO] {10} tested 1100/2165 kept=0 rest=14707
[INFO] {5} tested 700/4331 kept=84 rest=14605
[INFO] {10} tested 1200/2165 kept=0 rest=14554
[INFO] {9} tested 900/2165 kept=71 rest=14501
[INFO] {5} tested 800/4331 kept=84 rest=14387
[INFO] {9} tested 1000/2165 kept=141 rest=14296
[INFO] {10} tested 1300/2165 kept=0 rest=14104
[INFO] {9} tested 1100/2165 kept=167 rest=14055
[INFO] {10} tested 1400/2165 kept=11 rest=13957
[INFO] {5} tested 900/4331 kept=84 rest=13875
[INFO] {9} tested 1200/2165 kept=171 rest=13731
[INFO] {10} tested 1500/2165 kept=16 rest=13635
[INFO] {10} tested 1600/2165 kept=65 rest=13499
[INFO] {9} tested 1300/2165 kept=171 rest=13392
[INFO] {10} tested 1700/2165 kept=149 rest=13331
[INFO] {5} tested 1000/4331 kept=84 rest=13209
[INFO] {10} tested 1800/2165 kept=225 rest=13159
[INFO] {10} tested 1900/2165 kept=292 rest=13030
[INFO] {10} tested 2000/2165 kept=357 rest=12917
[INFO] {9} tested 1400/2165 kept=171 rest=12778
[INFO] {10} tested 2100/2165 kept=418 rest=12749
[INFO] {9} tested 1500/2165 kept=171 rest=12586
[INFO] {5} tested 1100/4331 kept=84 rest=12584
[INFO] {10} tested 2165/2165 kept=439 rest=12443
[INFO] {9} tested 1600/2165 kept=171 rest=12366
[INFO] {5} tested 1200/4331 kept=84 rest=12332
[WARN] batch start failed size=2165 {11} split -> 1082 {16} + 1083 {17}
[WARN] batch start failed size=2166 {13} split -> 1083 {18} + 1083 {19}
[INFO] {9} tested 1700/2165 kept=171 rest=12162
[WARN] batch start failed size=2165 {12} split -> 1082 {20} + 1083 {21}
[INFO] {5} tested 1300/4331 kept=84 rest=12098
[INFO] {9} tested 1800/2165 kept=171 rest=12045
[WARN] batch start failed size=1082 {14} split -> 541 {22} + 541 {23}
[INFO] {5} tested 1400/4331 kept=84 rest=11899
[INFO] {9} tested 1900/2165 kept=171 rest=11785
[INFO] {5} tested 1500/4331 kept=84 rest=11666
[INFO] {15} tested 100/1083 kept=3 rest=11574
[INFO] {9} tested 2000/2165 kept=171 rest=11402
[INFO] {5} tested 1600/4331 kept=84 rest=11307
[INFO] {5} tested 1700/4331 kept=84 rest=11176
[INFO] {15} tested 200/1083 kept=36 rest=11100
[INFO] {15} tested 300/1083 kept=37 rest=10984
[INFO] {5} tested 1800/4331 kept=84 rest=10904
[INFO] {9} tested 2100/2165 kept=171 rest=10886
[INFO] {9} tested 2165/2165 kept=171 rest=10709
[INFO] {5} tested 1900/4331 kept=84 rest=10706
[WARN] batch start failed size=1083 {17} split -> 541 {24} + 542 {25}
[INFO] {5} tested 2000/4331 kept=84 rest=10602
[INFO] {15} tested 400/1083 kept=41 rest=10510
[INFO] {5} tested 2100/4331 kept=84 rest=10487
[INFO] {5} tested 2200/4331 kept=84 rest=10296
[INFO] {15} tested 500/1083 kept=41 rest=10282
[WARN] batch start failed size=1082 {16} split -> 541 {26} + 541 {27}
[INFO] {15} tested 600/1083 kept=46 rest=10099
[INFO] {5} tested 2300/4331 kept=84 rest=10044
[INFO] {18} tested 100/1083 kept=95 rest=9941
[INFO] {18} tested 200/1083 kept=190 rest=9839
[INFO] {18} tested 300/1083 kept=285 rest=9723
[INFO] {18} tested 400/1083 kept=382 rest=9617
[INFO] {18} tested 500/1083 kept=474 rest=9510
[INFO] {18} tested 600/1083 kept=560 rest=9403
[INFO] {18} tested 700/1083 kept=645 rest=9259
[INFO] {18} tested 800/1083 kept=728 rest=9141
[INFO] {18} tested 900/1083 kept=809 rest=9038
[INFO] {5} tested 2400/4331 kept=84 rest=8999
[INFO] {18} tested 1000/1083 kept=903 rest=8910
[INFO] {15} tested 700/1083 kept=51 rest=8810
[INFO] {5} tested 2500/4331 kept=84 rest=8688
[INFO] {15} tested 800/1083 kept=51 rest=8631
[INFO] {15} tested 900/1083 kept=51 rest=8505
[INFO] {5} tested 2600/4331 kept=96 rest=8333
[INFO] {18} tested 1083/1083 kept=942 rest=8251
[INFO] {15} tested 1000/1083 kept=51 rest=8238
[INFO] {5} tested 2700/4331 kept=97 rest=8187
[WARN] batch start failed size=1083 {19} split -> 541 {28} + 542 {29}
[INFO] {15} tested 1083/1083 kept=51 rest=8100
[INFO] {20} tested 100/1082 kept=4 rest=7996
[WARN] batch start failed size=1083 {21} split -> 541 {30} + 542 {31}
[INFO] {20} tested 200/1082 kept=7 rest=7877
[WARN] batch start failed size=541 {22} split -> 270 {32} + 271 {33}
[INFO] {5} tested 2800/4331 kept=98 rest=7790
[INFO] {23} tested 100/541 kept=49 rest=7594
[INFO] {20} tested 300/1082 kept=8 rest=7482
[INFO] {20} tested 400/1082 kept=10 rest=7371
[INFO] {5} tested 2900/4331 kept=98 rest=7319
[INFO] {20} tested 500/1082 kept=13 rest=7250
[INFO] {5} tested 3000/4331 kept=99 rest=7094
[INFO] {23} tested 200/541 kept=113 rest=7015
[INFO] {20} tested 600/1082 kept=21 rest=6907
[INFO] {5} tested 3100/4331 kept=99 rest=6794
[INFO] {23} tested 300/541 kept=130 rest=6757
[INFO] {20} tested 700/1082 kept=21 rest=6713
[INFO] {20} tested 800/1082 kept=22 rest=6568
[INFO] {5} tested 3200/4331 kept=99 rest=6419
[INFO] {20} tested 900/1082 kept=22 rest=6370
[INFO] {23} tested 400/541 kept=138 rest=6208
[INFO] {5} tested 3300/4331 kept=99 rest=6154
[INFO] {20} tested 1000/1082 kept=24 rest=6095
[INFO] {5} tested 3400/4331 kept=99 rest=5938
[INFO] {23} tested 500/541 kept=138 rest=5766
[INFO] {5} tested 3500/4331 kept=99 rest=5742
[INFO] {20} tested 1082/1082 kept=25 rest=5689
[INFO] {24} tested 100/541 kept=42 rest=5542
[INFO] {5} tested 3600/4331 kept=100 rest=5500
[INFO] {23} tested 541/541 kept=138 rest=5478
[WARN] batch start failed size=542 {25} split -> 271 {34} + 271 {35}
[INFO] {27} tested 100/541 kept=48 rest=5333
[INFO] {27} tested 200/541 kept=96 rest=5228
[INFO] {24} tested 200/541 kept=49 rest=5083
[INFO] {24} tested 300/541 kept=50 rest=4981
[INFO] {24} tested 400/541 kept=52 rest=4876
[INFO] {5} tested 3700/4331 kept=100 rest=4869
[INFO] {24} tested 500/541 kept=55 rest=4719
[INFO] {27} tested 300/541 kept=107 rest=4619
[INFO] {27} tested 400/541 kept=120 rest=4510
[INFO] {5} tested 3800/4331 kept=101 rest=4487
[INFO] {24} tested 541/541 kept=59 rest=4385
[WARN] batch start failed size=541 {26} split -> 270 {36} + 271 {37}
[INFO] {5} tested 3900/4331 kept=101 rest=4308
[INFO] {28} tested 100/541 kept=66 rest=4129
[INFO] {28} tested 200/541 kept=137 rest=4020
[INFO] {28} tested 300/541 kept=217 rest=3916
[INFO] {28} tested 400/541 kept=286 rest=3803
[INFO] {5} tested 4000/4331 kept=103 rest=3793
[INFO] {27} tested 500/541 kept=144 rest=3667
[INFO] {28} tested 500/541 kept=342 rest=3612
[INFO] {27} tested 541/541 kept=144 rest=3533
[INFO] {5} tested 4100/4331 kept=103 rest=3511
[WARN] batch start failed size=542 {29} split -> 271 {38} + 271 {39}
[INFO] {5} tested 4200/4331 kept=103 rest=3410
[INFO] {30} tested 100/541 kept=5 rest=3252
[INFO] {28} tested 541/541 kept=347 rest=3156
[INFO] {30} tested 200/541 kept=9 rest=3113
[WARN] batch start failed size=542 {31} split -> 271 {40} + 271 {41}
[WARN] batch start failed size=270 {32} split -> 135 {42} + 135 {43}
[INFO] {5} tested 4300/4331 kept=103 rest=2999
[INFO] {33} tested 100/271 kept=3 rest=2907
[INFO] {5} tested 4331/4331 kept=103 rest=2785
[INFO] {30} tested 300/541 kept=18 rest=2756
[INFO] {30} tested 400/541 kept=18 rest=2651
[WARN] batch start failed size=271 {34} split -> 135 {44} + 136 {45}
[INFO] {33} tested 200/271 kept=16 rest=2610
[WARN] batch start failed size=271 {35} split -> 135 {46} + 136 {47}
[INFO] {36} tested 100/270 kept=70 rest=2472
[INFO] {36} tested 200/270 kept=150 rest=2370
[INFO] {33} tested 271/271 kept=16 rest=2235
[WARN] batch start failed size=271 {37} split -> 135 {48} + 136 {49}
[INFO] {30} tested 500/541 kept=19 rest=2222
[WARN] batch start failed size=271 {38} split -> 135 {50} + 136 {51}
[INFO] {30} tested 541/541 kept=19 rest=2180
[WARN] batch start failed size=271 {39} split -> 135 {52} + 136 {53}
[WARN] batch start failed size=271 {41} split -> 135 {54} + 136 {55}
[WARN] batch start failed size=135 {42} split -> 67 {56} + 68 {57}
[INFO] {40} tested 100/271 kept=2 rest=2070
[INFO] {36} tested 270/270 kept=199 rest=2056
[WARN] batch start failed size=135 {43} split -> 67 {58} + 68 {59}
[INFO] {40} tested 200/271 kept=5 rest=1967
[WARN] batch start failed size=136 {45} split -> 68 {60} + 68 {61}
[WARN] batch start failed size=68 {60} split -> 34 {62} + 34 {63}
[INFO] {44} tested 100/135 kept=5 rest=1860
[WARN] batch start failed size=136 {47} split -> 68 {64} + 68 {65}
[WARN] batch start failed size=136 {49} split -> 68 {66} + 68 {67}
[INFO] {48} tested 100/135 kept=50 rest=1751
[INFO] {40} tested 271/271 kept=7 rest=1674
[INFO] {44} tested 135/135 kept=5 rest=1643
[WARN] batch start failed size=135 {50} split -> 67 {68} + 68 {69}
[WARN] batch start failed size=135 {52} split -> 67 {70} + 68 {71}
[INFO] {51} tested 100/136 kept=82 rest=1543
[INFO] {48} tested 135/135 kept=67 rest=1443
[INFO] {53} tested 100/136 kept=83 rest=1424
[INFO] {51} tested 136/136 kept=83 rest=1271
[WARN] batch start failed size=136 {55} split -> 68 {72} + 68 {73}
[INFO] {53} tested 136/136 kept=102 rest=1228
[WARN] batch start failed size=68 {57} split -> 34 {74} + 34 {75}
[INFO] {54} tested 100/135 kept=12 rest=1223
[WARN] batch start failed size=67 {58} split -> 33 {76} + 34 {77}
[INFO] {54} tested 135/135 kept=12 rest=1188
[INFO] {56} tested 67/67 kept=8 rest=1027
[WARN] batch start failed size=68 {61} split -> 34 {78} + 34 {79}
[WARN] batch start failed size=34 {62} split -> 17 {80} + 17 {81}
[INFO] {59} tested 68/68 kept=33 rest=990
[INFO] {46} tested 100/135 kept=11 rest=975
[INFO] {46} tested 135/135 kept=11 rest=940
[WARN] batch start failed size=68 {65} split -> 34 {82} + 34 {83}
[INFO] {63} tested 34/34 kept=0 rest=805
[WARN] batch start failed size=68 {66} split -> 34 {84} + 34 {85}
[INFO] {64} tested 68/68 kept=1 rest=739
[WARN] batch start failed size=67 {68} split -> 33 {86} + 34 {87}
[INFO] {67} tested 68/68 kept=37 rest=723
[WARN] batch start failed size=68 {71} split -> 34 {88} + 34 {89}
[WARN] batch start failed size=68 {72} split -> 34 {90} + 34 {91}
[WARN] batch start failed size=68 {73} split -> 34 {92} + 34 {93}
[INFO] {69} tested 68/68 kept=62 rest=649
[WARN] batch start failed size=34 {75} split -> 17 {94} + 17 {95}
[INFO] {70} tested 67/67 kept=11 rest=603
[WARN] batch start failed size=34 {77} split -> 17 {96} + 17 {97}
[WARN] batch start failed size=34 {79} split -> 17 {98} + 17 {99}
[INFO] {74} tested 34/34 kept=9 rest=594
[INFO] {76} tested 33/33 kept=0 rest=564
[WARN] batch start failed size=17 {81} split -> 8 {100} + 9 {101}
[INFO] {78} tested 34/34 kept=2 rest=515
[INFO] {80} tested 17/17 kept=0 rest=501
[WARN] batch start failed size=34 {83} split -> 17 {102} + 17 {103}
[WARN] batch start failed size=34 {84} split -> 17 {104} + 17 {105}
[INFO] {82} tested 34/34 kept=0 rest=459
[WARN] batch start failed size=34 {87} split -> 17 {106} + 17 {107}
[INFO] {85} tested 34/34 kept=12 rest=419
[INFO] {86} tested 33/33 kept=5 rest=397
[WARN] batch start failed size=34 {88} split -> 17 {108} + 17 {109}
[WARN] batch start failed size=34 {91} split -> 17 {110} + 17 {111}
[WARN] batch start failed size=34 {92} split -> 17 {112} + 17 {113}
[INFO] {89} tested 34/34 kept=0 rest=335
[WARN] batch start failed size=17 {94} split -> 8 {114} + 9 {115}
[INFO] {90} tested 34/34 kept=2 rest=330
[WARN] batch start failed size=17 {95} split -> 8 {116} + 9 {117}
[WARN] batch start failed size=17 {97} split -> 8 {118} + 9 {119}
[WARN] batch start failed size=17 {98} split -> 8 {120} + 9 {121}
[INFO] {93} tested 34/34 kept=24 rest=307
[WARN] batch start failed size=8 {100} split -> 4 {122} + 4 {123}
[INFO] {96} tested 17/17 kept=0 rest=297
[INFO] {99} tested 17/17 kept=1 rest=274
[WARN] batch start failed size=17 {103} split -> 8 {124} + 9 {125}
[INFO] {101} tested 9/9 kept=0 rest=266
[WARN] batch start failed size=17 {104} split -> 8 {126} + 9 {127}
[WARN] batch start failed size=17 {106} split -> 8 {128} + 9 {129}
[INFO] {107} tested 17/17 kept=14 rest=242
[WARN] batch start failed size=17 {108} split -> 8 {130} + 9 {131}
[INFO] {102} tested 17/17 kept=0 rest=239
[INFO] {105} tested 17/17 kept=4 rest=201
[WARN] batch start failed size=17 {111} split -> 8 {132} + 9 {133}
[WARN] batch start failed size=17 {112} split -> 8 {134} + 9 {135}
[INFO] {110} tested 17/17 kept=0 rest=191
[WARN] batch start failed size=8 {114} split -> 4 {136} + 4 {137}
[INFO] {109} tested 17/17 kept=0 rest=187
[WARN] batch start failed size=9 {115} split -> 4 {138} + 5 {139}
[WARN] batch start failed size=8 {116} split -> 4 {140} + 4 {141}
[WARN] batch start failed size=9 {119} split -> 4 {142} + 5 {143}
[WARN] batch start failed size=8 {118} split -> 4 {144} + 4 {145}
[INFO] {113} tested 17/17 kept=0 rest=174
[WARN] batch start failed size=9 {121} split -> 4 {146} + 5 {147}
[INFO] {117} tested 9/9 kept=0 rest=166
[WARN] batch start failed size=4 {123} split -> 2 {148} + 2 {149}
[INFO] {120} tested 8/8 kept=0 rest=157
[WARN] batch start failed size=9 {125} split -> 4 {150} + 5 {151}
[INFO] {122} tested 4/4 kept=0 rest=152
[WARN] batch start failed size=9 {127} split -> 4 {152} + 5 {153}
[INFO] {124} tested 8/8 kept=0 rest=140
[WARN] batch start failed size=9 {129} split -> 4 {154} + 5 {155}
[WARN] batch start failed size=9 {131} split -> 4 {156} + 5 {157}
[INFO] {126} tested 8/8 kept=1 rest=138
[WARN] batch start failed size=9 {133} split -> 4 {158} + 5 {159}
[WARN] batch start failed size=8 {132} split -> 4 {160} + 4 {161}
[INFO] {128} tested 8/8 kept=1 rest=127
[WARN] batch start failed size=9 {135} split -> 4 {162} + 5 {163}
[WARN] batch start failed size=4 {137} split -> 2 {164} + 2 {165}
[INFO] {130} tested 8/8 kept=1 rest=118
[WARN] batch start failed size=4 {138} split -> 2 {166} + 2 {167}
[INFO] {134} tested 8/8 kept=0 rest=113
[INFO] {136} tested 4/4 kept=3 rest=112
[WARN] batch start failed size=4 {141} split -> 2 {168} + 2 {169}
[WARN] batch start failed size=4 {142} split -> 2 {170} + 2 {171}
[INFO] {143} tested 5/5 kept=0 rest=107
[WARN] batch start failed size=4 {145} split -> 2 {172} + 2 {173}
[INFO] {139} tested 5/5 kept=0 rest=100
[WARN] batch start failed size=5 {147} split -> 2 {174} + 3 {175}
[INFO] {140} tested 4/4 kept=0 rest=96
[INFO] {144} tested 4/4 kept=0 rest=93
[WARN] batch start failed size=2 {149} split -> 1 {176} + 1 {177}
[INFO] {146} tested 4/4 kept=0 rest=90
[INFO] {148} tested 2/2 kept=0 rest=89
[WARN] batch start failed size=5 {151} split -> 2 {178} + 3 {179}
[WARN] batch start failed size=5 {153} split -> 2 {180} + 3 {181}
[INFO] {155} tested 5/5 kept=5 rest=81
[WARN] batch start failed size=4 {154} split -> 2 {182} + 2 {183}
[INFO] {150} tested 4/4 kept=0 rest=77
[WARN] batch start failed size=5 {157} split -> 2 {184} + 3 {185}
[WARN] batch start failed size=4 {158} split -> 2 {186} + 2 {187}
[INFO] {152} tested 4/4 kept=0 rest=72
[INFO] {156} tested 4/4 kept=0 rest=69
[WARN] batch start failed size=4 {161} split -> 2 {188} + 2 {189}
[INFO] {159} tested 5/5 kept=0 rest=65
[WARN] batch start failed size=5 {163} split -> 2 {190} + 3 {191}
[INFO] {160} tested 4/4 kept=0 rest=62
[WARN] batch start failed size=2 {165} split -> 1 {192} + 1 {193}
[INFO] {164} tested 2/2 kept=0 rest=60
[WARN] batch start failed size=2 {166} split -> 1 {194} + 1 {195}
[WARN] batch start failed size=2 {167} split -> 1 {196} + 1 {197}
[WARN] batch start failed size=2 {168} split -> 1 {198} + 1 {199}
[WARN] batch start failed size=2 {169} split -> 1 {200} + 1 {201}
[WARN] batch start failed size=2 {170} split -> 1 {202} + 1 {203}
[WARN] batch start failed size=2 {171} split -> 1 {204} + 1 {205}
[WARN] batch start failed size=2 {173} split -> 1 {206} + 1 {207}
[WARN] batch start failed size=2 {174} split -> 1 {208} + 1 {209}
[INFO] {162} tested 4/4 kept=0 rest=55
[DROP] {176} name=[Epodonios] EPODONIOS-33 server=66.235.200.1:443 reason=Start initial configuration in progress
[DROP] {177} name=[Epodonios] EPODONIOS-34 server=65.109.193.102:9090 reason=Start initial configuration in progress
[INFO] {179} tested 3/3 kept=0 rest=50
[WARN] batch start failed size=2 {178} split -> 1 {210} + 1 {211}
[INFO] {180} tested 2/2 kept=2 rest=48
[INFO] {172} tested 2/2 kept=0 rest=46
[WARN] batch start failed size=3 {181} split -> 1 {212} + 2 {213}
[WARN] batch start failed size=2 {182} split -> 1 {214} + 1 {215}
[WARN] batch start failed size=2 {184} split -> 1 {216} + 1 {217}
[INFO] {183} tested 2/2 kept=2 rest=44
[INFO] {175} tested 3/3 kept=1 rest=43
[WARN] batch start failed size=2 {186} split -> 1 {218} + 1 {219}
[INFO] {185} tested 3/3 kept=0 rest=40
[WARN] batch start failed size=2 {188} split -> 1 {220} + 1 {221}
[WARN] batch start failed size=2 {189} split -> 1 {222} + 1 {223}
[INFO] {190} tested 2/2 kept=1 rest=38
[WARN] batch start failed size=3 {191} split -> 1 {224} + 2 {225}
[DROP] {193} name=[ChromeGO-ShiteThings] hysteria-2 server=5.83.129.90:54177 reason=Start initial configuration in progress
[DROP] {192} name=[ChromeGO-ShiteThings] hysteria server=62.210.70.191:23556 reason=Start initial configuration in progress
[DROP] {195} name=[ChromeGO-ShiteThings] hysteria-4 server=5.83.129.153:27626 reason=Start initial configuration in progress
[DROP] {194} name=[ChromeGO-ShiteThings] hysteria-3 server=5.83.129.153:20088 reason=Start initial configuration in progress
[DROP] {196} name=[ChromeGO-ShiteThings] hysteria-5 server=45.150.65.154:47119 reason=Start initial configuration in progress
[DROP] {198} name=[ChromeGO-Merge] WARP server=162.159.192.1:2408 reason=Start initial configuration in progress
[DROP] {199} name=[ChromeGO-Merge] United server=108.181.5.133:26022 reason=Start initial configuration in progress
[DROP] {200} name=[ChromeGO-Merge] France_hysteria_1 server=62.210.243.131:18702 reason=Start initial configuration in progress
[DROP] {201} name=[ChromeGO-Merge] United-2 server=109.104.152.194:58510 reason=Start initial configuration in progress
[INFO] {187} tested 2/2 kept=0 rest=27
[DROP] {202} name=[ChromeGO-Merge] United-4 server=173.234.25.52:48919 reason=Start initial configuration in progress
[DROP] {203} name=[ChromeGO-Merge] Taiwan-2 server=www.dtku40.xyz:18490 reason=Start initial configuration in progress
[DROP] {204} name=[ChromeGO-Merge] United-5 server=167.160.91.115:41189 reason=Start initial configuration in progress
[DROP] {206} name=[ChromeGO-Merge] Taiwan server=www2.dtku48.xyz:22334 reason=Start initial configuration in progress
[DROP] {207} name=[ChromeGO-Merge] France server=51.158.54.46:55396 reason=Start initial configuration in progress
[INFO] {205} tested 1/1 kept=0 rest=21
[DROP] {208} name=[Epodonios] EPODONIOS-124 server=78.38.246.150:8446 reason=Start initial configuration in progress
[DROP] {209} name=[Epodonios] EPODONIOS-125 server=92.119.166.62:2222 reason=Start initial configuration in progress
[INFO] {197} tested 1/1 kept=0 rest=18
[DROP] {210} name=[Epodonios] EPODONIOS-403 server=66.33.22.232:34118 reason=Start initial configuration in progress
[INFO] {211} tested 1/1 kept=0 rest=16
[DROP] {212} name=[Pawdroid-SS-APK] United+Kingdom-4 server=82.38.31.189:8080 reason=Start initial configuration in progress
[DROP] {214} name=[Free-clash-v2ray] hysteria server=5.83.129.143:26691 reason=Start initial configuration in progress
[INFO] {215} tested 1/1 kept=1 rest=12
[DROP] {216} name=[Free-clash-v2ray] 未知 SS-1521 | free-nodes server=192.0.2.1:1 reason=Start initial configuration in progress
[DROP] {218} name=[Epodonios] EPODONIOS-2370 server=172.66.44.155:443 reason=Start initial configuration in progress
[INFO] {219} tested 1/1 kept=0 rest=9
[DROP] {220} name=[Epodonios] EPODONIOS-2366 server=fra.iranbuildings.com:2096 reason=Start initial configuration in progress
[DROP] {221} name=[Epodonios] EPODONIOS-2367 server=172.67.166.178:443 reason=Start initial configuration in progress
[DROP] {222} name=[Epodonios] EPODONIOS-2368 server=iran.shatak.top:11344 reason=Start initial configuration in progress
[DROP] {223} name=[Epodonios] EPODONIOS-2369 server=104.18.32.115:2083 reason=Start initial configuration in progress
[INFO] {213} tested 2/2 kept=0 rest=4
[WARN] batch start failed size=2 {225} split -> 1 {226} + 1 {227}
[DROP] {226} name=[Epodonios] EPODONIOS-2393 server=172.64.143.88:443 reason=Start initial configuration in progress
[INFO] {217} tested 1/1 kept=0 rest=2
[INFO] {224} tested 1/1 kept=0 rest=1
[INFO] {227} tested 1/1 kept=0 rest=0
[INFO] dropped=28 [Epodonios] × 11 | [ChromeGO-ShiteThings] × 5 | [ChromeGO-Merge] × 9 | [Pawdroid-SS-APK] × 1 | [Free-clash-v2ray] × 2
============================================================
[INFO] cap live source=[免费节点2] from 121 to 50 by health_score
[INFO] cap live source=[免费节点6] from 83 to 50 by health_score
[INFO] cap live source=[免费节点8] from 154 to 50 by health_score
[INFO] cap live source=[Pawdroid-SR-APK] from 673 to 50 by health_score
[INFO] cap live source=[Pawdroid-SS-APK] from 249 to 50 by health_score
[INFO] cap live source=[Epodonios] from 82 to 50 by health_score
[INFO] cap live source=[Free-clash-v2ray] from 1498 to 50 by health_score
[INFO] cap live source=[V2rayclashfree-RSS] from 102 to 50 by health_score
[INFO] cap live total from 621 to 400 floor=5 then health_score pool
[INFO] cap live reserved=117 pool=504 taken=283
============================================================
+------------------------------+--------+--------+------+--------+
| source                       |    raw | unique | live | capped |
+------------------------------+--------+--------+------+--------+
| [大FQ运动]                   |     14 |     14 |    4 |      4 |
+------------------------------+--------+--------+------+--------+
| [Pawdroid]                   |     21 |     21 |    2 |      2 |
+------------------------------+--------+--------+------+--------+
| [FreeV2-Base64]              |      3 |      3 |    2 |      2 |
+------------------------------+--------+--------+------+--------+
| [Bocchi2b-Base64]            |     35 |     35 |    0 |      0 |
+------------------------------+--------+--------+------+--------+
| [ChromeGO-Toolkit]           |     14 |     14 |    5 |      5 |
+------------------------------+--------+--------+------+--------+
| [ChromeGO-ShiteThings]       |     31 |     25 |    7 |      5 |
+------------------------------+--------+--------+------+--------+
| [ChromeGO-Merge]             |    114 |    114 |    4 |      4 |
+------------------------------+--------+--------+------+--------+
| [Freesocks]                  |      3 |      3 |    3 |      3 |
+------------------------------+--------+--------+------+--------+
| [NekoWarp]                   |     10 |     10 |   10 |     10 |
+------------------------------+--------+--------+------+--------+
| [1VPN-CRX]                   |     17 |     17 |   15 |      5 |
+------------------------------+--------+--------+------+--------+
| [OpenRunner-RSS]             |     14 |      0 |    0 |      0 |
+------------------------------+--------+--------+------+--------+
| [V2Rayshare-RSS]             |     27 |     26 |    2 |      2 |
+------------------------------+--------+--------+------+--------+
| [Mibei77-RSS]                |    111 |     94 |    2 |      2 |
+------------------------------+--------+--------+------+--------+
| [Yoyapai-RSS]                |    209 |    186 |   15 |     12 |
+------------------------------+--------+--------+------+--------+
| [免费节点1]                  |    147 |     38 |    3 |      3 |
+------------------------------+--------+--------+------+--------+
| [免费节点2]                  |    390 |    329 |  121 |      8 |
+------------------------------+--------+--------+------+--------+
| [免费节点3]                  |     23 |     14 |   12 |      6 |
+------------------------------+--------+--------+------+--------+
| [免费节点4]                  |    842 |    718 |   41 |      5 |
+------------------------------+--------+--------+------+--------+
| [免费节点5]                  |     29 |     28 |    0 |      0 |
+------------------------------+--------+--------+------+--------+
| [免费节点6]                  |   1520 |   1472 |   83 |     43 |
+------------------------------+--------+--------+------+--------+
| [免费节点7]                  |     64 |     42 |   28 |     19 |
+------------------------------+--------+--------+------+--------+
| [免费节点8]                  |   4170 |   3315 |  154 |     29 |
+------------------------------+--------+--------+------+--------+
| [免费节点9]                  |    615 |    457 |    0 |      0 |
+------------------------------+--------+--------+------+--------+
| [免费节点10]                 |   5430 |   3084 |   19 |      5 |
+------------------------------+--------+--------+------+--------+
| [免费节点11]                 |    437 |    216 |   32 |      5 |
+------------------------------+--------+--------+------+--------+
| [Pawdroid-SR-APK]            |   1317 |    941 |  673 |     50 |
+------------------------------+--------+--------+------+--------+
| [Pawdroid-SS-APK]            |   1505 |    871 |  249 |     50 |
+------------------------------+--------+--------+------+--------+
| [Clashfree]                  |   1337 |    488 |   15 |      5 |
+------------------------------+--------+--------+------+--------+
| [Epodonios]                  |   4239 |   2537 |   82 |     43 |
+------------------------------+--------+--------+------+--------+
| [Free-clash-v2ray]           |   4725 |   2080 | 1498 |     50 |
+------------------------------+--------+--------+------+--------+
| [V2rayclashfree-RSS]         |    789 |    130 |  102 |     23 |
+------------------------------+--------+--------+------+--------+
============================================================
[SUMMARY] total_nodes=28202
[SUMMARY] legal_candidates=17322
[SUMMARY] passed_latency_test=400
[SUMMARY] region_HK=6 region_JP=1 region_US=151
[SUMMARY] avg_latency_ms=110.04
[SUMMARY] output=/home/runner/work/Free-node-autotest/Free-node-autotest/output/clash.yaml
============================================================
