============================================================
[INFO] sublink try page: https://end-gfw.com
[OK] proxies=2 new=2 url=https://raw.githubusercontent.com/hello-world-1989/cn-news/refs/heads/main/clash.yaml
[OK] proxies=2 new=0 url=https://raw.githubusercontent.com/hello-world-1989/cn-news/main/end-gfw-together
[OK] proxies=2 new=2 url=https://raw.githubusercontent.com/hello-world-1989/cn-news/main/end-gfw-together-ss
[INFO] source try url: https://end-gfw.com/ss-key
[OK] proxies=4 new=4 url=https://end-gfw.com/ss-key
[INFO] sublink try repo: https://github.com/hello-world-1989/cn-news
[INFO] sublink try page: https://raw.githubusercontent.com/hello-world-1989/cn-news/main/README.md
[OK] proxies=6 new=6 url=https://raw.githubusercontent.com/hello-world-1989/v2-sub/main/end-gfw-together-af3e13
[OK] proxies=14 source=[大FQ运动] url=https://raw.githubusercontent.com/hello-world-1989/cn-news/main/README.md
============================================================
[INFO] sublink try repo: https://github.com/Pawdroid/Free-servers
[INFO] sublink try page: https://raw.githubusercontent.com/Pawdroid/Free-servers/main/README.md
[OK] proxies=20 new=20 url=https://raw.githubusercontent.com/Pawdroid/Free-servers/main/README.md
[OK] proxies=20 new=0 url=https://raw.githubusercontent.com/Pawdroid/Free-servers/main/sub
[OK] proxies=1 new=1 url=https://apps.apple.com/cn/app/shadowshare/id1612647259
[OK] proxies=1 new=1 url=http://www.surflare.com
[OK] proxies=22 source=[Pawdroid] url=https://raw.githubusercontent.com/Pawdroid/Free-servers/main/README.md
============================================================
[INFO] source try url: https://xmxosfepggzm.503403.xyz
[OK] proxies=3 new=3 url=https://xmxosfepggzm.503403.xyz
[OK] proxies=3 source=[FreeV2-Base64] url=https://xmxosfepggzm.503403.xyz
============================================================
[INFO] source try url: https://links.bocchi2b.top/clash
[OK] proxies=35 new=35 url=https://links.bocchi2b.top/clash
[OK] proxies=35 source=[Bocchi2b-Base64] url=https://links.bocchi2b.top/clash
============================================================
[INFO] toolkit try repo: https://github.com/bannedbook/fanqiang
[INFO] toolkit try release: https://github.com/bannedbook/fanqiang/releases
[INFO] toolkit try release: https://github.com/bannedbook/fanqiang/releases/expanded_assets/ChromeGo-latest
[INFO] toolkit try download: https://github.com/bannedbook/fanqiang/releases/download/ChromeGo-latest/ChromeGo.7z
[OK] toolkit downloaded: ChromeGo.7z bytes=100924352
[OK] toolkit extracted archive=ChromeGo.7z tool=7z files=222 dirs=45
[OK] toolkit discovered subs=107 embedded=12 archive=ChromeGo.7z
[OK] proxies=6 new=6 embedded=archive-config
[OK] proxies=7 new=5 url=https://gitlab.com/free9999/ipupdate/master/backup/img/1/2/{ipp|ip}/{hysteria2|singbox|naiveproxy|hysteria|xray}/{2|3|1|4}/config.json
[OK] proxies=7 new=0 url=https://www.67867867.xyz/Alvin9999/PAC/refs/heads/master/backup/img/1/2/{ipp|ip}/{hysteria2|singbox|naiveproxy|hysteria|xray}/{2|3|1|4}/config.json
[OK] proxies=3 new=3 url=https://gitlab.com/free9999/ipupdate/master/backup/img/1/2/{ipp|ip}/clash.meta2/{2|3|1|5|4|6}/config.yaml
[OK] proxies=3 new=0 url=https://www.67867867.xyz/Alvin9999/PAC/refs/heads/master/backup/img/1/2/{ipp|ip}/clash.meta2/{2|3|1|5|4|6}/config.yaml
[OK] proxies=14 source=[ChromeGO-Toolkit] url=https://github.com/bannedbook/fanqiang/releases/download/ChromeGo-latest/ChromeGo.7z
============================================================
[INFO] sublink try repo: https://github.com/ShiteThings/extractNodes
[INFO] sublink try page: https://raw.githubusercontent.com/ShiteThings/extractNodes/main/README.md
[OK] proxies=31 new=30 url=https://{chg26.makou.cc.cd|chg64.makou.cc.cd}
[OK] proxies=26 new=1 url=https://chg26.makou.cc.cd/sb
[OK] proxies=31 source=[ChromeGO-ShiteThings] url=https://raw.githubusercontent.com/ShiteThings/extractNodes/main/README.md
============================================================
[INFO] sublink try repo: https://github.com/shangui999/chromego_merge
[INFO] sublink try page: https://raw.githubusercontent.com/shangui999/chromego_merge/master/ReadMe.md
[OK] proxies=10 new=10 url=https://freedman.netlify.app/sub/merged_proxies_new.yaml
[OK] proxies=11 new=1 url=https://freedman.netlify.app/sub/merged_warp_proxies_new.yaml
[OK] proxies=11 new=6 url=https://freedman.netlify.app/sub/shadowrocket_base64.txt
[OK] proxies=16 new=16 url=https://freedman.netlify.app/sub/sb.json
[INFO] sublink try repo: https://github.com/yaney01/chromego
[INFO] sublink try page: https://raw.githubusercontent.com/yaney01/chromego/main/ReadMe.md
[OK] proxies=50 new=46 url=https://raw.githubusercontent.com/yaney01/chromego/main/sub/merged_proxies_new.yaml
[OK] proxies=51 new=0 url=https://raw.githubusercontent.com/yaney01/chromego/main/sub/merged_warp_proxies_new.yaml
[OK] proxies=13 new=7 url=https://raw.githubusercontent.com/yaney01/chromego/main/sub/shadowrocket_base64.txt
[OK] proxies=13 new=0 url=https://raw.githubusercontent.com/yaney01/chromego/main/sub/sb.json
[INFO] sublink try repo: https://github.com/Misaka-blog/chromego_merge
[INFO] sublink try page: https://raw.githubusercontent.com/Misaka-blog/chromego_merge/main/README.md
[OK] proxies=24 new=24 url=https://chromego-sub.netlify.app/sub/merged_proxies_new.yaml
[OK] proxies=110 source=[ChromeGO-Merge] url=https://raw.githubusercontent.com/Misaka-blog/chromego_merge/main/README.md
============================================================
[INFO] source try url: https://freesocks.org/api/v1/sub/02b897e8e77f19176b0b9f2c75864b00
[OK] proxies=1 new=1 url=https://freesocks.org/api/v1/sub/02b897e8e77f19176b0b9f2c75864b00
[OK] proxies=1 source=[Freesocks] url=https://freesocks.org/api/v1/sub/02b897e8e77f19176b0b9f2c75864b00
============================================================
[INFO] source try url: https://neko-warp.nloli.xyz/neko_warp.yaml
[OK] proxies=10 new=10 url=https://neko-warp.nloli.xyz/neko_warp.yaml
[OK] proxies=10 source=[NekoWarp] url=https://neko-warp.nloli.xyz/neko_warp.yaml
============================================================
[INFO] toolkit try chrome: https://chromewebstore.google.com/detail/free-vpn-proxy-1vpn/akcocjjpkmlniicdeemdceeajlmoabhg
[INFO] toolkit try download: https://clients2.google.com/service/update2/crx?response=redirect&prodversion=131.0.6778.0&acceptformat=crx2,crx3&x=id%3dakcocjjpkmlniicdeemdceeajlmoabhg%26uc
[OK] toolkit downloaded: free-vpn-proxy-1vpn.crx bytes=1627904
[OK] toolkit extracted archive=free-vpn-proxy-1vpn.crx tool=zipfile files=68 dirs=57
[OK] toolkit 1vpn-crx scanned hosts=17 keys=1 archive=free-vpn-proxy-1vpn.crx
[OK] proxies=17 source=[1VPN-CRX] url=https://clients2.google.com/service/update2/crx?response=redirect&prodversion=131.0.6778.0&acceptformat=crx2,crx3&x=id%3dakcocjjpkmlniicdeemdceeajlmoabhg%26uc
============================================================
[INFO] article try feed: https://free.datiya.com/index.xml
[INFO] sublink try page: https://free.datiya.com/post/20260921/
[OK] proxies=14 new=14 url=https://free.datiya.com/uploads/20260921-clash.yaml
[OK] proxies=14 source=[OpenRunner-RSS] url=https://free.datiya.com/post/20260921/
============================================================
[INFO] article try feed: https://v2rayshare.com/feed
[INFO] sublink try page: https://v2rayshare.net/p/5059.html
[OK] proxies=23 new=23 url=https://static.v2rayshare.net/2026/09/20260921.txt
[OK] proxies=30 new=30 url=https://static.v2rayshare.net/2026/09/20260921.yaml
[OK] proxies=30 new=0 url=https://static.v2rayshare.net/2026/09/m20260921.yaml
[INFO] sublink try repo: https://github.com/firefoxmmx2/v2rayshare_subcription
[INFO] sublink try page: https://raw.githubusercontent.com/firefoxmmx2/v2rayshare_subcription/main/README.md
[OK] proxies=23 new=0 url=https://{raw.githubusercontent.com|cdn.jsdelivr.net}/firefoxmmx2/v2rayshare_subcription/main/subscription/vray_sub.txt
[OK] proxies=30 new=0 url=https://{raw.githubusercontent.com|cdn.jsdelivr.net}/firefoxmmx2/v2rayshare_subcription/main/subscription/clash_sub.yaml
[OK] proxies=30 new=0 url=https://{raw.githubusercontent.com|cdn.jsdelivr.net}/firefoxmmx2/v2rayshare_subcription/main/subscription/mihomo_sub.yaml
[OK] proxies=53 source=[V2Rayshare-RSS] url=https://raw.githubusercontent.com/firefoxmmx2/v2rayshare_subcription/main/README.md
============================================================
[INFO] article try feed: https://www.mibei77.com/feed
[INFO] sublink try page: https://www.mibei77.com/686.html
[OK] proxies=192 new=192 url=https://mm.mibei77.com/202609/09.2164bavgb.txt
[OK] proxies=190 new=0 url=https://mm.mibei77.com/202609/0921Clashijz.yaml
[OK] proxies=192 source=[Mibei77-RSS] url=https://www.mibei77.com/686.html
============================================================
[INFO] article try feed: https://yoyapai.com/feed
[INFO] sublink try page: https://yoyapai.com/728
[OK] proxies=1 new=1 url=https://yoyapai.com/728
[OK] proxies=215 new=215 url=https://freenode.yoyapai.com/2026/09/21-yoyapai.com-clash-vpnmianfeijiedian.yaml
[OK] proxies=215 new=0 url=https://freenode.yoyapai.com/2026/09/21-yoyapai.com-ssrv2ray-vpnmianfeijiedian.txt
[OK] proxies=216 source=[Yoyapai-RSS] url=https://yoyapai.com/728
============================================================
[INFO] sublink try repo: https://github.com/free18/v2ray
[INFO] sublink try page: https://raw.githubusercontent.com/free18/v2ray/main/README.md
[OK] proxies=3 new=3 url=https://raw.githubusercontent.com/free18/v2ray/main/README.md
[OK] proxies=204 new=204 url=https://ghfast.top/https://raw.githubusercontent.com/free18/v2ray/refs/heads/main/v.txt
[OK] proxies=204 new=0 url=https://ghfast.top/https://raw.githubusercontent.com/free18/v2ray/refs/heads/main/c.yaml
[OK] proxies=207 source=[免费节点1] url=https://raw.githubusercontent.com/free18/v2ray/main/README.md
============================================================
[INFO] sublink try repo: https://github.com/ermaozi/get_subscribe
[INFO] sublink try page: https://raw.githubusercontent.com/ermaozi/get_subscribe/main/README.md
[INFO] sublink file_nodes=0 bare links=9
[OK] proxies=371 new=371 url=https://www.ermao.net/sub/{clash|v2ray}/ermao.net
[OK] proxies=369 new=0 url=https://www.ermao.net/sub/{reachable|unreachable|untested}/clash/ermao.net
[OK] proxies=371 source=[免费节点2] url=https://raw.githubusercontent.com/ermaozi/get_subscribe/main/README.md
============================================================
[INFO] sublink try repo: https://github.com/sunmiao4458/free-proxy-airport
[INFO] sublink try page: https://raw.githubusercontent.com/sunmiao4458/free-proxy-airport/main/README.md
[OK] proxies=53 new=53 url=https://sunmiao4458.github.io/free-proxy-airport/clash.yaml
[OK] proxies=53 source=[免费节点3] url=https://raw.githubusercontent.com/sunmiao4458/free-proxy-airport/main/README.md
============================================================
[INFO] sublink try repo: https://github.com/mfuu/FreeProxies
[INFO] sublink try page: https://raw.githubusercontent.com/mfuu/FreeProxies/master/README.md
[OK] proxies=830 new=830 url=https://raw.githubusercontent.com/mfuu/FreeProxies/master/sub.yaml
[OK] proxies=830 source=[免费节点4] url=https://raw.githubusercontent.com/mfuu/FreeProxies/master/README.md
============================================================
[INFO] sublink try repo: https://github.com/vxiaov/free_proxies
[INFO] sublink try page: https://raw.githubusercontent.com/vxiaov/free_proxies/main/README.md
[OK] proxies=1 new=1 url=https://raw.githubusercontent.com/vxiaov/free_proxies/main/README.md
[OK] proxies=28 new=28 url=https://{cdn.jsdelivr.net|raw.githubusercontent.com}/vxiaov/free_proxies/main/clash/clash.provider.yaml
[OK] proxies=29 source=[免费节点5] url=https://raw.githubusercontent.com/vxiaov/free_proxies/main/README.md
============================================================
[INFO] sublink try repo: https://github.com/anaer/Sub
[INFO] sublink try page: https://raw.githubusercontent.com/anaer/Sub/main/README.MD
[OK] proxies=1605 new=1605 url=https://anaer.github.io/Sub/clash.yaml
[OK] proxies=1605 new=0 url=https://raw.githubusercontent.com/anaer/Sub/main/clash.yaml
[OK] proxies=1605 source=[免费节点6] url=https://raw.githubusercontent.com/anaer/Sub/main/README.MD
============================================================
[INFO] sublink try repo: https://github.com/snakem982/proxypool
[INFO] sublink try page: https://raw.githubusercontent.com/snakem982/proxypool/main/README.md
[OK] proxies=63 new=63 url=https://raw.githubusercontent.com/snakem982/proxypool/main/source/clash-meta-2.yaml
[OK] proxies=63 new=0 url=https://raw.githubusercontent.com/snakem982/proxypool/main/source/v2ray-2.txt
[OK] proxies=62 new=0 url=https://raw.githubusercontent.com/snakem982/proxypool/main/source/sing-box-2.json
[OK] proxies=63 source=[免费节点7] url=https://raw.githubusercontent.com/snakem982/proxypool/main/README.md
============================================================
[INFO] sublink try repo: https://github.com/mahdibland/V2RayAggregator
[INFO] sublink try page: https://raw.githubusercontent.com/mahdibland/V2RayAggregator/master/README.md
[OK] proxies=373 new=373 url=https://raw.githubusercontent.com/mahdibland/V2RayAggregator/master/README.md
[OK] proxies=1 new=1 url=https://github.com/mahdibland/SSAggregator/actions/workflows/Collector.yml
[OK] proxies=1 new=0 url=https://github.com/mahdibland/SSAggregator/actions/workflows/Airport_Collector.yml
[OK] proxies=193 new=0 url=https://raw.githubusercontent.com/mahdibland/ShadowsocksAggregator/master/Eternity.txt
[OK] proxies=194 new=4 url=https://raw.githubusercontent.com/mahdibland/ShadowsocksAggregator/master/Eternity.yml
[OK] proxies=61 new=61 url=https://raw.githubusercontent.com/mahdibland/ShadowsocksAggregator/master/EternityAir.txt
[OK] proxies=3941 new=3656 url=https://raw.githubusercontent.com/mahdibland/SSAggregator/master/sub/sub_merge_base64.txt
[OK] proxies=3941 new=0 url=https://raw.githubusercontent.com/mahdibland/{SSAggregator|ShadowsocksAggregator}/master/sub/sub_merge.txt
[OK] proxies=4106 new=166 url=https://raw.githubusercontent.com/mahdibland/SSAggregator/master/sub/sub_merge_yaml.yml
[OK] proxies=61 new=0 url=https://raw.githubusercontent.com/mahdibland/SSAggregator/master/sub/airport_merge_base64.txt
[OK] proxies=61 new=0 url=https://raw.githubusercontent.com/mahdibland/SSAggregator/master/sub/airport_sub_merge.txt
[OK] proxies=1439 new=0 url=https://raw.githubusercontent.com/mahdibland/ShadowsocksAggregator/master/sub/splitted/vmess.txt
[OK] proxies=621 new=0 url=https://raw.githubusercontent.com/mahdibland/ShadowsocksAggregator/master/sub/splitted/trojan.txt
[OK] proxies=46 new=0 url=https://raw.githubusercontent.com/mahdibland/ShadowsocksAggregator/master/sub/splitted/ssr.txt
[OK] proxies=1835 new=0 url=https://raw.githubusercontent.com/mahdibland/ShadowsocksAggregator/master/sub/splitted/ss.txt
[OK] proxies=1 new=0 url=https://cdn.jsdelivr.net/gh/mahdibland/V2RayAggregator@master/update/provider/provider-meta.yml
[OK] proxies=1 new=0 url=https://cdn.jsdelivr.net/gh/mahdibland/V2RayAggregator@master/update/provider/provider-meta-cn.yml
[OK] proxies=1 new=0 url=https://cdn.jsdelivr.net/gh/mahdibland/V2RayAggregator@master/update/provider/provider-meta-others.yml
[OK] proxies=1 new=0 url=https://cdn.jsdelivr.net/gh/mahdibland/V2RayAggregator@master/update/provider/provider.yml
[OK] proxies=1 new=0 url=https://cdn.jsdelivr.net/gh/mahdibland/V2RayAggregator@master/update/provider/provider-cn.yml
[OK] proxies=1 new=0 url=https://cdn.jsdelivr.net/gh/mahdibland/V2RayAggregator@master/update/provider/provider-others.yml
[OK] proxies=4261 source=[免费节点8] url=https://raw.githubusercontent.com/mahdibland/V2RayAggregator/master/README.md
============================================================
[INFO] sublink try repo: https://github.com/w1770946466/Auto_proxy
[INFO] sublink try page: https://raw.githubusercontent.com/w1770946466/Auto_proxy/main/README.md
[OK] proxies=1 new=1 url=https://github.com/w1770946466/Auto_proxy/actions/workflows/main.yml
[OK] proxies=245 new=245 url=https://raw.githubusercontent.com/w1770946466/Auto_proxy/main/{Long_term_subscription2.yaml|Long_term_subscription1.yaml|Long_term_subscription3.yaml}
[OK] proxies=489 new=54 url=https://raw.githubusercontent.com/w1770946466/Auto_proxy/main/{Long_term_subscription1|Long_term_subscription2|Long_term_subscription3|Long_term_subscription4|Long_term_subscription5|Long_term_subscription6|Long_term_subscription7|Long_term_subscription8}
[OK] proxies=489 new=315 url=https://raw.githubusercontent.com/w1770946466/Auto_proxy/main/Long_term_subscription_num
[OK] proxies=615 source=[免费节点9] url=https://raw.githubusercontent.com/w1770946466/Auto_proxy/main/README.md
============================================================
[INFO] sublink try repo: https://github.com/PuddinCat/BestClash
[INFO] sublink try page: https://raw.githubusercontent.com/PuddinCat/BestClash/main/README.md
[OK] proxies=16 new=16 url=https://raw.githubusercontent.com/PuddinCat/BestClash/main/proxies.yaml
[OK] proxies=28 new=28 url=https://cdn.jsdelivr.net/gh/vxiaov/free_proxies@main/clash/clash.provider.yaml
[OK] proxies=24 new=24 url=https://freenode.openrunner.net/uploads/20240807-clash.yaml
[OK] proxies=24 new=24 url=https://raw.githubusercontent.com/Misaka-blog/chromego_merge/main/sub/merged_proxies_new.yaml
[OK] proxies=4752 new=4723 url=https://raw.githubusercontent.com/{NiceVPN123|anaer}/{NiceVPN|Sub}/main/{Clash.yaml|clash.yaml}
[OK] proxies=24 new=0 url=https://raw.githubusercontent.com/{chengaopan|peasoft}/{AutoMergePublicNodes|NoMoreWalls}/master/list.yml
[OK] proxies=369 new=317 url=https://raw.githubusercontent.com/{ermaozi|ermaozi01}/{get_subscribe|free_clash_vpn}/main/subscribe/clash.yml
[OK] proxies=194 new=162 url=https://raw.githubusercontent.com/mahdibland/ShadowsocksAggregator/master/Eternity.yml
[OK] proxies=165 new=160 url=https://raw.githubusercontent.com/ronghuaxueleng/get_v2/main/pub/combine.yaml
[OK] proxies=144 new=3 url=https://raw.githubusercontent.com/zhangkaiitugithub/passcro/main/speednodes.yaml
[OK] proxies=5457 source=[免费节点10] url=https://raw.githubusercontent.com/PuddinCat/BestClash/main/README.md
============================================================
[INFO] sublink try repo: https://github.com/kooker/FreeSubsCheck
[INFO] sublink try page: https://raw.githubusercontent.com/kooker/FreeSubsCheck/main/README.md
[OK] proxies=20 new=20 url=https://raw.githubusercontent.com/kooker/FreeSubsCheck/main/mihomo.yaml
[OK] proxies=20 new=0 url=https://raw.githubusercontent.com/kooker/FreeSubsCheck/main/all.yaml
[OK] proxies=14 new=0 url=https://raw.githubusercontent.com/kooker/FreeSubsCheck/main/base64.txt
[OK] proxies=22 new=20 url=https://raw.githubusercontent.com/kooker/FreeSubsCheck/main/byxiaoxi.txt
[OK] proxies=636 new=629 url=https://raw.githubusercontent.com/kooker/FreeSubsCheck/main/kooker.jp.txt
[OK] proxies=669 source=[免费节点11] url=https://raw.githubusercontent.com/kooker/FreeSubsCheck/main/README.md
============================================================
[INFO] toolkit try repo: https://github.com/Pawdroid/shadowrocket_for_android
[INFO] toolkit try release: https://github.com/Pawdroid/shadowrocket_for_android/releases
[INFO] toolkit try release: https://github.com/Pawdroid/shadowrocket_for_android/releases/expanded_assets/10.10.52
[INFO] toolkit try download: https://github.com/Pawdroid/shadowrocket_for_android/releases/download/10.10.52/Shadowrocket_10.10.52_shadowrocketStandard_arm64-v8a.apk
[OK] toolkit downloaded: Shadowrocket_10.10.52_shadowrocketStandard_arm64-v8a.apk bytes=41176999
[OK] toolkit extracted archive=Shadowrocket_10.10.52_shadowrocketStandard_arm64-v8a.apk tool=zipfile files=1176 dirs=44
[OK] toolkit sr-apk scanned prefixes=38 files=6 keys=2 archive=Shadowrocket_10.10.52_shadowrocketStandard_arm64-v8a.apk
[OK] proxies=1233 new=1141 url=https://{raw.githubusercontent.com|cdn.jsdelivr.net}/pixelor/ecfg/main/data/ecfg6_zh
[OK] proxies=1150 new=156 url=https://{cdn.jsdelivr.net|raw.githubusercontent.com}/pixelor/ecfg/main/data/ecfg6_en
[OK] proxies=198 new=63 url=https://{cdn.jsdelivr.net|raw.githubusercontent.com}/pixelor/ecfg/main/data/ecfg6
[OK] proxies=166 new=0 url=https://{files.shadowrockets.app|cdn.shadowrockets.app}/ecfg/data/ecfg6
[OK] proxies=994 new=0 url=https://{files.shadowrockets.app|cdn.shadowrockets.app}/ecfg/data/ecfg6_zh
[OK] proxies=994 new=0 url=https://{files.shadowrockets.app|cdn.shadowrockets.app}/ecfg/data/ecfg6_en
[OK] proxies=1360 source=[Pawdroid-SR-APK] url=https://github.com/Pawdroid/shadowrocket_for_android/releases/download/10.10.52/Shadowrocket_10.10.52_shadowrocketStandard_arm64-v8a.apk
============================================================
[INFO] toolkit try page: https://shadowshare.v2cross.com
[INFO] toolkit try download: https://shadowshare.v2cross.com/shadowshare.apk
[OK] toolkit downloaded: shadowshare.apk bytes=62868122
[OK] toolkit extracted archive=shadowshare.apk tool=zipfile files=612 dirs=39
[OK] toolkit ss-apk scanned prefixes=10 files=3 keys=1 archive=shadowshare.apk
[OK] proxies=199 new=199 url=https://{raw.githubusercontent.com|jsd.onmicrosoft.cn}/hideme9527/ecsfg/main/data/sareserver
[OK] proxies=1386 new=1282 url=https://{raw.githubusercontent.com|jsd.onmicrosoft.cn}/hideme9527/ecsfg/main/data/sareserver_en
[OK] proxies=110 new=0 url=https://{shadowsharing.com|sare.159236.xyz}/data/sareserver
[OK] proxies=1386 new=0 url=https://{shadowsharing.com|sare.159236.xyz}/data/sareserver_en
[OK] proxies=110 new=0 url=https://gitee.com/api/v5/repos/{zhiminghao|guoyoucai1|elvenapp}/ecsfg/raw/data/sareserver
[OK] proxies=1386 new=0 url=https://gitee.com/api/v5/repos/{guoyoucai1|zhiminghao|elvenapp}/ecsfg/raw/data/sareserver_en
[OK] proxies=1481 source=[Pawdroid-SS-APK] url=https://shadowshare.v2cross.com/shadowshare.apk
============================================================
[INFO] sublink try repo: https://github.com/free-nodes/clashfree
[INFO] sublink try page: https://raw.githubusercontent.com/free-nodes/clashfree/main/README.md
[OK] proxies=136 new=136 url=https://raw.githubusercontent.com/free-nodes/clashfree/main/README.md
[OK] proxies=136 new=0 url=https://raw.githubusercontent.com/free-nodes/clashfree/main/clash20260922.yml
[OK] proxies=1 new=1 url=https://github.com/free-nodes/clashfree/blob/main/clash20260922.yml
[OK] proxies=137 source=[Clashfree] url=https://raw.githubusercontent.com/free-nodes/clashfree/main/README.md
============================================================
[INFO] sublink try repo: https://github.com/Epodonios/v2ray-configs
[INFO] sublink try page: https://raw.githubusercontent.com/Epodonios/v2ray-configs/main/README.md
[OK] proxies=1 new=1 url=https://github.com/Epodonios/V2ray-Configs/actions/workflows/main.yml
[OK] proxies=4147 new=4147 url=https://github.com/Epodonios/v2ray-configs/raw/main/All_Configs_Sub.txt
[OK] proxies=4147 new=0 url=https://github.com/Epodonios/v2ray-configs/raw/main/All_Configs_base64_Sub.txt
[OK] proxies=3343 new=323 url=https://github.com/Epodonios/v2ray-configs/raw/main/Splitted-By-Protocol/vless.txt
[OK] proxies=162 new=7 url=https://github.com/Epodonios/v2ray-configs/raw/main/Splitted-By-Protocol/vmess.txt
[OK] proxies=400 new=26 url=https://github.com/Epodonios/v2ray-configs/raw/main/Splitted-By-Protocol/ss.txt
[OK] proxies=3 new=0 url=https://github.com/Epodonios/v2ray-configs/raw/main/Splitted-By-Protocol/ssr.txt
[OK] proxies=195 new=7 url=https://github.com/Epodonios/v2ray-configs/raw/main/Splitted-By-Protocol/trojan.txt
[OK] proxies=4147 new=0 url=https://raw.githubusercontent.com/Epodonios/v2ray-configs/main/{Sub1.txt|Sub2.txt|Sub3.txt|Sub4.txt|Sub5.txt|Sub6.txt|Sub7.txt|Sub8.txt}
[OK] proxies=4511 source=[Epodonios] url=https://raw.githubusercontent.com/Epodonios/v2ray-configs/main/README.md
============================================================
[INFO] sublink try repo: https://github.com/free-clash-v2ray/free-clash-v2ray.github.io
[INFO] sublink try page: https://raw.githubusercontent.com/free-clash-v2ray/free-clash-v2ray.github.io/main/README.md
[OK] proxies=3279 new=3279 url=https://free-clash-v2ray.github.io/uploads/2026/09/{0-20260920.yaml|1-20260920.yaml|2-20260920.yaml|3-20260920.yaml}
[OK] proxies=4810 new=1941 url=https://free-clash-v2ray.github.io/uploads/2026/09/{0-20260920.txt|1-20260920.txt|2-20260920.txt|3-20260920.txt|4-20260920.txt}
[OK] proxies=5220 source=[Free-clash-v2ray] url=https://raw.githubusercontent.com/free-clash-v2ray/free-clash-v2ray.github.io/main/README.md
============================================================
[INFO] article try page: https://v2rayclashfree.com
[INFO] sublink try page: https://v2rayclashfree.com/fn/20260922.html
[OK] proxies=2004 new=2004 url=https://v2rayclashfree.com/sub/20260922-v2ray.txt
[OK] proxies=1739 new=415 url=https://v2rayclashfree.com/sub/20260922-clash.yaml
[OK] proxies=2419 source=[V2rayclashfree-RSS] url=https://v2rayclashfree.com/fn/20260922.html
============================================================
[INFO] raw backup written path=/home/runner/work/Free-node-autotest/Free-node-autotest/output/raw.yaml proxies=30022
[INFO] toolkit try repo: https://github.com/MetaCubeX/mihomo
[INFO] toolkit try release: https://github.com/MetaCubeX/mihomo/releases
[INFO] toolkit try release: https://github.com/MetaCubeX/mihomo/releases/expanded_assets/v1.19.31
[INFO] toolkit try download: https://github.com/MetaCubeX/mihomo/releases/download/v1.19.31/mihomo-linux-amd64-compatible-v1.19.31.gz
[OK] toolkit downloaded: mihomo-linux-amd64-compatible-v1.19.31.gz bytes=22821836
[OK] toolkit sha256 verified: mihomo-linux-amd64-compatible-v1.19.31.gz sha256=04cf9f09671704f839ddbee2e93069dc831a4123a75281e725d1d96ab9ac1afc
[OK] proxy engine ready: starting latency test package=mihomo-linux-amd64-compatible-v1.19.31.gz
============================================================
[WARN] batch start failed size=18116 {1} split -> 9058 {2} + 9058 {3}
[WARN] batch start failed size=9058 {2} split -> 4529 {4} + 4529 {5}
[WARN] batch start failed size=9058 {3} split -> 4529 {6} + 4529 {7}
[WARN] batch start failed size=4529 {4} split -> 2264 {8} + 2265 {9}
[WARN] batch start failed size=4529 {6} split -> 2264 {10} + 2265 {11}
[WARN] batch start failed size=4529 {7} split -> 2264 {12} + 2265 {13}
[TEST] {5} tested 100/4529 kept=0 rest=17937
[WARN] batch start failed size=2264 {8} split -> 1132 {14} + 1132 {15}
[TEST] {5} tested 200/4529 kept=31 rest=17826
[TEST] {9} tested 100/2265 kept=17 rest=17809
[WARN] batch start failed size=2265 {11} split -> 1132 {16} + 1133 {17}
[TEST] {9} tested 200/2265 kept=17 rest=17666
[TEST] {9} tested 300/2265 kept=17 rest=17528
[TEST] {5} tested 300/4529 kept=123 rest=17497
[TEST] {10} tested 100/2264 kept=0 rest=17314
[TEST] {10} tested 200/2264 kept=0 rest=17186
[TEST] {10} tested 300/2264 kept=0 rest=17057
[TEST] {9} tested 400/2265 kept=18 rest=16960
[TEST] {5} tested 400/4529 kept=144 rest=16958
[TEST] {9} tested 500/2265 kept=19 rest=16820
[TEST] {9} tested 600/2265 kept=29 rest=16717
[TEST] {10} tested 400/2264 kept=0 rest=16580
[TEST] {9} tested 700/2265 kept=35 rest=16495
[TEST] {10} tested 500/2264 kept=0 rest=16467
[TEST] {5} tested 500/4529 kept=145 rest=16321
[TEST] {10} tested 600/2264 kept=0 rest=16276
[TEST] {9} tested 800/2265 kept=38 rest=16094
[TEST] {10} tested 700/2264 kept=0 rest=15980
[TEST] {10} tested 800/2264 kept=0 rest=15878
[TEST] {5} tested 600/4529 kept=145 rest=15764
[TEST] {10} tested 900/2264 kept=0 rest=15741
[TEST] {9} tested 900/2265 kept=41 rest=15554
[TEST] {9} tested 1000/2265 kept=59 rest=15434
[TEST] {9} tested 1100/2265 kept=115 rest=15326
[TEST] {10} tested 1000/2264 kept=0 rest=15320
[TEST] {5} tested 700/4529 kept=145 rest=15279
[TEST] {10} tested 1100/2264 kept=0 rest=15147
[TEST] {5} tested 800/4529 kept=145 rest=14987
[TEST] {10} tested 1200/2264 kept=16 rest=14979
[TEST] {9} tested 1200/2265 kept=119 rest=14882
[TEST] {10} tested 1300/2264 kept=17 rest=14718
[TEST] {5} tested 900/4529 kept=145 rest=14561
[TEST] {10} tested 1400/2264 kept=40 rest=14521
[TEST] {9} tested 1300/2265 kept=119 rest=14424
[TEST] {10} tested 1500/2264 kept=116 rest=14336
[TEST] {9} tested 1400/2265 kept=119 rest=14261
[TEST] {10} tested 1600/2264 kept=177 rest=14103
[TEST] {10} tested 1700/2264 kept=242 rest=13925
[TEST] {5} tested 1000/4529 kept=145 rest=13909
[TEST] {9} tested 1500/2265 kept=119 rest=13840
[TEST] {10} tested 1800/2264 kept=312 rest=13800
[TEST] {10} tested 1900/2264 kept=373 rest=13683
[TEST] {10} tested 2000/2264 kept=428 rest=13567
[TEST] {10} tested 2100/2264 kept=483 rest=13456
[TEST] {10} tested 2200/2264 kept=544 rest=13352
[TEST] {9} tested 1600/2265 kept=120 rest=13219
[TEST] {5} tested 1100/4529 kept=145 rest=13171
[TEST] {10} tested 2264/2264 kept=573 rest=13036
[TEST] {9} tested 1700/2265 kept=120 rest=12928
[TEST] {12} tested 100/2264 kept=2 rest=12853
[TEST] {5} tested 1200/4529 kept=145 rest=12788
[TEST] {12} tested 200/2264 kept=2 rest=12650
[TEST] {9} tested 1800/2265 kept=120 rest=12518
[TEST] {12} tested 300/2264 kept=3 rest=12404
[TEST] {5} tested 1300/4529 kept=145 rest=12287
[TEST] {12} tested 400/2264 kept=14 rest=12259
[TEST] {9} tested 1900/2265 kept=120 rest=12139
[TEST] {12} tested 500/2264 kept=17 rest=12094
[TEST] {12} tested 600/2264 kept=19 rest=11928
[TEST] {5} tested 1400/4529 kept=145 rest=11873
[TEST] {12} tested 700/2264 kept=30 rest=11746
[TEST] {9} tested 2000/2265 kept=120 rest=11737
[TEST] {12} tested 800/2264 kept=31 rest=11540
[TEST] {5} tested 1500/4529 kept=145 rest=11480
[TEST] {12} tested 900/2264 kept=35 rest=11338
[TEST] {9} tested 2100/2265 kept=120 rest=11194
[TEST] {12} tested 1000/2264 kept=37 rest=11191
[TEST] {5} tested 1600/4529 kept=145 rest=10984
[TEST] {12} tested 1100/2264 kept=37 rest=10939
[TEST] {9} tested 2200/2265 kept=120 rest=10775
[TEST] {12} tested 1200/2264 kept=43 rest=10761
[TEST] {5} tested 1700/4529 kept=145 rest=10708
[TEST] {12} tested 1300/2264 kept=44 rest=10572
[TEST] {12} tested 1400/2264 kept=46 rest=10437
[TEST] {5} tested 1800/4529 kept=145 rest=10396
[TEST] {9} tested 2265/2265 kept=120 rest=10309
[TEST] {5} tested 1900/4529 kept=145 rest=10197
[TEST] {12} tested 1500/2264 kept=48 rest=10141
[TEST] {5} tested 2000/4529 kept=145 rest=10064
[TEST] {5} tested 2100/4529 kept=145 rest=9959
[WARN] batch start failed size=2265 {13} split -> 1132 {18} + 1133 {19}
[TEST] {5} tested 2200/4529 kept=145 rest=9820
[WARN] batch start failed size=1132 {14} split -> 566 {20} + 566 {21}
[TEST] {12} tested 1600/2264 kept=99 rest=9715
[TEST] {12} tested 1700/2264 kept=165 rest=9601
[TEST] {12} tested 1800/2264 kept=202 rest=9470
[TEST] {12} tested 1900/2264 kept=207 rest=9364
[TEST] {12} tested 2000/2264 kept=216 rest=9259
[TEST] {12} tested 2100/2264 kept=217 rest=9159
[TEST] {5} tested 2300/4529 kept=145 rest=9121
[TEST] {12} tested 2200/2264 kept=279 rest=9044
[TEST] {5} tested 2400/4529 kept=145 rest=8906
[TEST] {5} tested 2500/4529 kept=145 rest=8798
[TEST] {15} tested 100/1132 kept=1 rest=8684
[TEST] {12} tested 2264/2264 kept=292 rest=8606
[TEST] {5} tested 2600/4529 kept=154 rest=8569
[WARN] batch start failed size=1132 {16} split -> 566 {22} + 566 {23}
[WARN] batch start failed size=1133 {17} split -> 566 {24} + 567 {25}
[TEST] {5} tested 2700/4529 kept=155 rest=8469
[WARN] batch start failed size=1133 {19} split -> 566 {26} + 567 {27}
[TEST] {15} tested 200/1132 kept=1 rest=8399
[TEST] {15} tested 300/1132 kept=33 rest=8285
[TEST] {18} tested 100/1132 kept=53 rest=8178
[TEST] {18} tested 200/1132 kept=73 rest=8068
[TEST] {18} tested 300/1132 kept=91 rest=7965
[TEST] {18} tested 400/1132 kept=101 rest=7860
[TEST] {18} tested 500/1132 kept=102 rest=7759
[TEST] {18} tested 600/1132 kept=103 rest=7653
[TEST] {18} tested 700/1132 kept=104 rest=7551
[TEST] {18} tested 800/1132 kept=107 rest=7448
[TEST] {18} tested 900/1132 kept=108 rest=7338
[TEST] {18} tested 1000/1132 kept=113 rest=7219
[TEST] {18} tested 1100/1132 kept=165 rest=7073
[TEST] {5} tested 2800/4529 kept=155 rest=7060
[TEST] {15} tested 400/1132 kept=38 rest=6958
[TEST] {15} tested 500/1132 kept=38 rest=6839
[TEST] {5} tested 2900/4529 kept=155 rest=6731
[TEST] {18} tested 1132/1132 kept=168 rest=6690
[TEST] {15} tested 600/1132 kept=38 rest=6639
[TEST] {5} tested 3000/4529 kept=156 rest=6560
[TEST] {21} tested 100/566 kept=9 rest=6396
[TEST] {15} tested 700/1132 kept=40 rest=6250
[TEST] {15} tested 800/1132 kept=40 rest=6111
[TEST] {5} tested 3100/4529 kept=156 rest=6089
[TEST] {21} tested 200/566 kept=83 rest=5916
[TEST] {15} tested 900/1132 kept=40 rest=5878
[TEST] {5} tested 3200/4529 kept=156 rest=5871
[TEST] {15} tested 1000/1132 kept=40 rest=5641
[TEST] {21} tested 300/566 kept=93 rest=5557
[TEST] {5} tested 3300/4529 kept=156 rest=5489
[TEST] {5} tested 3400/4529 kept=156 rest=5312
[TEST] {21} tested 400/566 kept=115 rest=5279
[TEST] {15} tested 1100/1132 kept=40 rest=5275
[TEST] {15} tested 1132/1132 kept=40 rest=5144
[WARN] batch start failed size=566 {20} split -> 283 {28} + 283 {29}
[TEST] {23} tested 100/566 kept=1 rest=4995
[TEST] {5} tested 3500/4529 kept=156 rest=4990
[TEST] {21} tested 500/566 kept=118 rest=4824
[TEST] {5} tested 3600/4529 kept=157 rest=4779
[TEST] {21} tested 566/566 kept=118 rest=4689
[TEST] {23} tested 200/566 kept=4 rest=4642
[TEST] {23} tested 300/566 kept=4 rest=4506
[WARN] batch start failed size=566 {22} split -> 283 {30} + 283 {31}
[TEST] {5} tested 3700/4529 kept=159 rest=4448
[WARN] batch start failed size=566 {24} split -> 283 {32} + 283 {33}
[TEST] {25} tested 100/567 kept=2 rest=4259
[TEST] {25} tested 200/567 kept=5 rest=4153
[TEST] {23} tested 400/566 kept=8 rest=4068
[TEST] {5} tested 3800/4529 kept=160 rest=4003
[TEST] {23} tested 500/566 kept=11 rest=3887
[TEST] {5} tested 3900/4529 kept=160 rest=3816
[TEST] {25} tested 300/567 kept=6 rest=3762
[TEST] {25} tested 400/567 kept=9 rest=3624
[TEST] {5} tested 4000/4529 kept=162 rest=3441
[TEST] {23} tested 566/566 kept=13 rest=3395
[TEST] {5} tested 4100/4529 kept=162 rest=3328
[TEST] {25} tested 500/567 kept=14 rest=3275
[TEST] {27} tested 100/567 kept=0 rest=3171
[TEST] {27} tested 200/567 kept=0 rest=3069
[TEST] {27} tested 300/567 kept=1 rest=2928
[TEST] {5} tested 4200/4529 kept=162 rest=2926
[TEST] {27} tested 400/567 kept=24 rest=2795
[TEST] {27} tested 500/567 kept=95 rest=2614
[TEST] {25} tested 567/567 kept=14 rest=2555
[WARN] batch start failed size=566 {26} split -> 283 {34} + 283 {35}
[TEST] {5} tested 4300/4529 kept=162 rest=2540
[TEST] {5} tested 4400/4529 kept=162 rest=2345
[TEST] {29} tested 100/283 kept=22 rest=2330
[TEST] {29} tested 200/283 kept=69 rest=2195
[TEST] {27} tested 567/567 kept=114 rest=2096
[WARN] batch start failed size=283 {28} split -> 141 {36} + 142 {37}
[WARN] batch start failed size=283 {30} split -> 141 {38} + 142 {39}
[TEST] {31} tested 100/283 kept=1 rest=1975
[TEST] {31} tested 200/283 kept=4 rest=1872
[TEST] {5} tested 4500/4529 kept=162 rest=1794
[TEST] {5} tested 4529/4529 kept=162 rest=1735
[TEST] {29} tested 283/283 kept=99 rest=1733
[WARN] batch start failed size=283 {32} split -> 141 {40} + 142 {41}
[WARN] batch start failed size=283 {34} split -> 141 {42} + 142 {43}
[TEST] {33} tested 100/283 kept=0 rest=1633
[TEST] {35} tested 100/283 kept=79 rest=1441
[TEST] {31} tested 283/283 kept=5 rest=1382
[WARN] batch start failed size=142 {37} split -> 71 {44} + 71 {45}
[WARN] batch start failed size=141 {36} split -> 70 {46} + 71 {47}
[TEST] {33} tested 200/283 kept=1 rest=1278
[TEST] {38} tested 100/141 kept=63 rest=1238
[TEST] {33} tested 283/283 kept=1 rest=1107
[TEST] {35} tested 200/283 kept=96 rest=1089
[WARN] batch start failed size=142 {39} split -> 71 {48} + 71 {49}
[WARN] batch start failed size=141 {40} split -> 70 {50} + 71 {51}
[TEST] {38} tested 141/141 kept=82 rest=937
[TEST] {35} tested 283/283 kept=96 rest=812
[TEST] {43} tested 100/142 kept=92 rest=801
[WARN] batch start failed size=141 {42} split -> 70 {52} + 71 {53}
[WARN] batch start failed size=71 {44} split -> 35 {54} + 36 {55}
[TEST] {41} tested 100/142 kept=4 rest=766
[TEST] {41} tested 142/142 kept=4 rest=717
[TEST] {43} tested 142/142 kept=117 rest=625
[WARN] batch start failed size=71 {47} split -> 35 {56} + 36 {57}
[WARN] batch start failed size=71 {49} split -> 35 {58} + 36 {59}
[TEST] {45} tested 71/71 kept=28 rest=547
[TEST] {46} tested 70/70 kept=7 rest=501
[WARN] batch start failed size=71 {51} split -> 35 {60} + 36 {61}
[WARN] batch start failed size=71 {53} split -> 35 {62} + 36 {63}
[TEST] {48} tested 71/71 kept=24 rest=407
[WARN] batch start failed size=36 {55} split -> 18 {64} + 18 {65}
[TEST] {50} tested 70/70 kept=18 rest=346
[TEST] {52} tested 70/70 kept=24 rest=308
[WARN] batch start failed size=36 {57} split -> 18 {66} + 18 {67}
[TEST] {54} tested 35/35 kept=0 rest=272
[WARN] batch start failed size=36 {59} split -> 18 {68} + 18 {69}
[TEST] {56} tested 35/35 kept=6 rest=259
[WARN] batch start failed size=36 {61} split -> 18 {70} + 18 {71}
[WARN] batch start failed size=36 {63} split -> 18 {72} + 18 {73}
[TEST] {58} tested 35/35 kept=0 rest=224
[WARN] batch start failed size=18 {65} split -> 9 {74} + 9 {75}
[WARN] batch start failed size=18 {64} split -> 9 {76} + 9 {77}
[WARN] batch start failed size=18 {66} split -> 9 {78} + 9 {79}
[WARN] batch start failed size=18 {67} split -> 9 {80} + 9 {81}
[TEST] {60} tested 35/35 kept=2 rest=191
[WARN] batch start failed size=18 {69} split -> 9 {82} + 9 {83}
[TEST] {62} tested 35/35 kept=2 rest=166
[WARN] batch start failed size=18 {71} split -> 9 {84} + 9 {85}
[WARN] batch start failed size=18 {73} split -> 9 {86} + 9 {87}
[TEST] {68} tested 18/18 kept=1 rest=153
[WARN] batch start failed size=9 {74} split -> 4 {88} + 5 {89}
[TEST] {70} tested 18/18 kept=0 rest=139
[WARN] batch start failed size=9 {77} split -> 4 {90} + 5 {91}
[TEST] {72} tested 18/18 kept=0 rest=111
[WARN] batch start failed size=9 {78} split -> 4 {92} + 5 {93}
[WARN] batch start failed size=9 {79} split -> 4 {94} + 5 {95}
[WARN] batch start failed size=9 {80} split -> 4 {96} + 5 {97}
[TEST] {75} tested 9/9 kept=1 rest=107
[TEST] {76} tested 9/9 kept=0 rest=102
[WARN] batch start failed size=9 {83} split -> 4 {98} + 5 {99}
[TEST] {81} tested 9/9 kept=0 rest=91
[WARN] batch start failed size=9 {85} split -> 4 {100} + 5 {101}
[TEST] {82} tested 9/9 kept=0 rest=86
[WARN] batch start failed size=9 {87} split -> 4 {102} + 5 {103}
[WARN] batch start failed size=4 {88} split -> 2 {104} + 2 {105}
[TEST] {84} tested 9/9 kept=1 rest=76
[TEST] {89} tested 5/5 kept=0 rest=70
[WARN] batch start failed size=5 {91} split -> 2 {106} + 3 {107}
[WARN] batch start failed size=4 {92} split -> 2 {108} + 2 {109}
[WARN] batch start failed size=5 {93} split -> 2 {110} + 3 {111}
[WARN] batch start failed size=5 {95} split -> 2 {112} + 3 {113}
[TEST] {86} tested 9/9 kept=5 rest=64
[WARN] batch start failed size=4 {96} split -> 2 {114} + 2 {115}
[TEST] {90} tested 4/4 kept=0 rest=61
[WARN] batch start failed size=5 {99} split -> 2 {116} + 3 {117}
[TEST] {94} tested 4/4 kept=0 rest=54
[TEST] {97} tested 5/5 kept=0 rest=50
[WARN] batch start failed size=4 {100} split -> 2 {118} + 2 {119}
[WARN] batch start failed size=4 {102} split -> 2 {120} + 2 {121}
[TEST] {98} tested 4/4 kept=0 rest=45
[WARN] batch start failed size=2 {104} split -> 1 {122} + 1 {123}
[TEST] {103} tested 5/5 kept=5 rest=44
[TEST] {105} tested 2/2 kept=0 rest=42
[WARN] batch start failed size=3 {107} split -> 1 {124} + 2 {125}
[TEST] {101} tested 5/5 kept=0 rest=38
[WARN] batch start failed size=2 {109} split -> 1 {126} + 1 {127}
[WARN] batch start failed size=3 {111} split -> 1 {128} + 2 {129}
[WARN] batch start failed size=2 {110} split -> 1 {130} + 1 {131}
[TEST] {108} tested 2/2 kept=0 rest=36
[WARN] batch start failed size=3 {113} split -> 1 {132} + 2 {133}
[WARN] batch start failed size=2 {115} split -> 1 {134} + 1 {135}
[WARN] batch start failed size=2 {114} split -> 1 {136} + 1 {137}
[TEST] {106} tested 2/2 kept=0 rest=34
[WARN] batch start failed size=2 {116} split -> 1 {138} + 1 {139}
[WARN] batch start failed size=2 {118} split -> 1 {140} + 1 {141}
[TEST] {112} tested 2/2 kept=0 rest=30
[WARN] batch start failed size=2 {120} split -> 1 {142} + 1 {143}
[TEST] {121} tested 2/2 kept=2 rest=28
[REPAIR] {122} name=[ChromeGO-Merge] Taiwan-2 fields=up,down
[TEST] {117} tested 3/3 kept=1 rest=26
[REPAIR] {123} name=[ChromeGO-Merge] United-5 fields=up,down
[TEST] {122} tested 1/1 kept=0 rest=25
[REPAIR] {124} name=[ChromeGO-Merge] Taiwan fields=up,down
[WARN] batch start failed size=2 {125} split -> 1 {144} + 1 {145}
[REPAIR] {126} name=[ChromeGO-ShiteThings] hysteria fields=up,down
[TEST] {124} tested 1/1 kept=0 rest=24
[REPAIR] {127} name=[ChromeGO-ShiteThings] hysteria-2 fields=up,down
[REPAIR] {128} name=[ChromeGO-ShiteThings] hysteria-5 fields=up,down
[TEST] {119} tested 2/2 kept=0 rest=23
[TEST] {126} tested 1/1 kept=0 rest=22
[REPAIR] {131} name=[ChromeGO-ShiteThings] hysteria-4 fields=up,down
[REPAIR] {130} name=[ChromeGO-ShiteThings] hysteria-3 fields=up,down
[TEST] {127} tested 1/1 kept=0 rest=20
[WARN] batch start failed size=2 {133} split -> 1 {146} + 1 {147}
[TEST] {130} tested 1/1 kept=0 rest=19
[TEST] {131} tested 1/1 kept=0 rest=18
[REPAIR] {134} name=[ChromeGO-Merge] United-2 fields=up,down
[TEST] {135} tested 1/1 kept=0 rest=17
[REPAIR] {136} name=[ChromeGO-Merge] United fields=up,down
[REPAIR] {137} name=[ChromeGO-Merge] France_hysteria_1 fields=up,down
[TEST] {123} tested 1/1 kept=0 rest=16
[REPAIR] {138} name=[Pawdroid-SS-APK] United+Kingdom-2 fields=cipher
[TEST] {139} tested 1/1 kept=0 rest=15
[TEST] {129} tested 2/2 kept=0 rest=14
[TEST] {128} tested 1/1 kept=0 rest=13
[REPAIR] {140} name=[Epodonios] EPODONIOS-102 fields=cipher
[TEST] {141} tested 1/1 kept=0 rest=12
[TEST] {132} tested 1/1 kept=0 rest=11
[REPAIR] {142} name=[Free-clash-v2ray] hysteria fields=up,down
[TEST] {143} tested 1/1 kept=1 rest=10
[REPAIR] {144} name=[ChromeGO-Merge] France fields=up,down
[REPAIR] {145} name=[ChromeGO-Merge] United-4 fields=up,down
[TEST] {142} tested 1/1 kept=0 rest=9
[TEST] {134} tested 1/1 kept=0 rest=8
[REPAIR] {147} name=[ChromeGO-Merge] WARP fields=dialer-proxy
[TEST] {147} tested 1/1 kept=1 rest=7
[TEST] {136} tested 1/1 kept=0 rest=6
[TEST] {138} tested 1/1 kept=1 rest=5
[TEST] {137} tested 1/1 kept=0 rest=4
[TEST] {140} tested 1/1 kept=0 rest=3
[TEST] {146} tested 1/1 kept=0 rest=2
[TEST] {144} tested 1/1 kept=0 rest=1
[TEST] {145} tested 1/1 kept=0 rest=0
============================================================
[INFO] core-dedupe dropped 1 same-host variants, kept higher health_score
[INFO] cap live source=[Mibei77-RSS] from 99 to 50 by health_score
[INFO] cap live source=[免费节点2] from 107 to 50 by health_score
[INFO] cap live source=[免费节点6] from 52 to 50 by health_score
[INFO] cap live source=[免费节点8] from 204 to 50 by health_score
[INFO] cap live source=[免费节点11] from 87 to 50 by health_score
[INFO] cap live source=[Pawdroid-SR-APK] from 590 to 50 by health_score
[INFO] cap live source=[Epodonios] from 70 to 50 by health_score
[INFO] cap live source=[Free-clash-v2ray] from 664 to 50 by health_score
[INFO] cap live source=[V2rayclashfree-RSS] from 114 to 50 by health_score
[INFO] cap live total from 610 to 400 floor=5 then health_score pool
[INFO] cap live reserved=106 pool=504 taken=294
============================================================
+------------------------------+--------+--------+------+--------+
| source                       |    raw | unique | live | capped |
+------------------------------+--------+--------+------+--------+
| [大FQ运动]                   |     14 |     14 |    3 |      3 |
+------------------------------+--------+--------+------+--------+
| [Pawdroid]                   |     22 |     21 |    1 |      1 |
+------------------------------+--------+--------+------+--------+
| [FreeV2-Base64]              |      3 |      3 |    3 |      3 |
+------------------------------+--------+--------+------+--------+
| [Bocchi2b-Base64]            |     35 |     35 |    0 |      0 |
+------------------------------+--------+--------+------+--------+
| [ChromeGO-Toolkit]           |     14 |     14 |    5 |      5 |
+------------------------------+--------+--------+------+--------+
| [ChromeGO-ShiteThings]       |     31 |     25 |    1 |      1 |
+------------------------------+--------+--------+------+--------+
| [ChromeGO-Merge]             |    110 |    110 |    3 |      3 |
+------------------------------+--------+--------+------+--------+
| [Freesocks]                  |      1 |      1 |    0 |      0 |
+------------------------------+--------+--------+------+--------+
| [NekoWarp]                   |     10 |     10 |   10 |     10 |
+------------------------------+--------+--------+------+--------+
| [1VPN-CRX]                   |     17 |     17 |   16 |      5 |
+------------------------------+--------+--------+------+--------+
| [OpenRunner-RSS]             |     14 |      0 |    0 |      0 |
+------------------------------+--------+--------+------+--------+
| [V2Rayshare-RSS]             |     53 |     53 |    1 |      1 |
+------------------------------+--------+--------+------+--------+
| [Mibei77-RSS]                |    192 |    178 |   99 |      5 |
+------------------------------+--------+--------+------+--------+
| [Yoyapai-RSS]                |    216 |    193 |    2 |      2 |
+------------------------------+--------+--------+------+--------+
| [免费节点1]                  |    207 |     28 |    2 |      2 |
+------------------------------+--------+--------+------+--------+
| [免费节点2]                  |    371 |    306 |  107 |     28 |
+------------------------------+--------+--------+------+--------+
| [免费节点3]                  |     53 |     22 |    7 |      7 |
+------------------------------+--------+--------+------+--------+
| [免费节点4]                  |    830 |    713 |   38 |     33 |
+------------------------------+--------+--------+------+--------+
| [免费节点5]                  |     29 |     28 |    0 |      0 |
+------------------------------+--------+--------+------+--------+
| [免费节点6]                  |   1605 |   1531 |   52 |     34 |
+------------------------------+--------+--------+------+--------+
| [免费节点7]                  |     63 |     34 |   11 |      5 |
+------------------------------+--------+--------+------+--------+
| [免费节点8]                  |   4261 |   3391 |  204 |     50 |
+------------------------------+--------+--------+------+--------+
| [免费节点9]                  |    615 |    457 |    0 |      0 |
+------------------------------+--------+--------+------+--------+
| [免费节点10]                 |   5457 |   3082 |   17 |      5 |
+------------------------------+--------+--------+------+--------+
| [免费节点11]                 |    669 |    346 |   87 |     13 |
+------------------------------+--------+--------+------+--------+
| [Pawdroid-SR-APK]            |   1360 |    889 |  590 |     50 |
+------------------------------+--------+--------+------+--------+
| [Pawdroid-SS-APK]            |   1481 |    962 |   29 |      8 |
+------------------------------+--------+--------+------+--------+
| [Clashfree]                  |    137 |     22 |   12 |      5 |
+------------------------------+--------+--------+------+--------+
| [Epodonios]                  |   4511 |   2652 |   70 |     29 |
+------------------------------+--------+--------+------+--------+
| [Free-clash-v2ray]           |   5220 |   2791 |  664 |     50 |
+------------------------------+--------+--------+------+--------+
| [V2rayclashfree-RSS]         |   2419 |    188 |  114 |     42 |
+------------------------------+--------+--------+------+--------+
============================================================
[SUMMARY] total_nodes=30020
[SUMMARY] legal_candidates=18116
[SUMMARY] passed_latency_test=400
[SUMMARY] region_HK=5 region_JP=7 region_US=144
[SUMMARY] avg_latency_ms=208.75
[SUMMARY] output=/home/runner/work/Free-node-autotest/Free-node-autotest/output/clash.yaml
============================================================
