============================================================
[INFO] sublink try page: https://end-gfw.com
[OK] proxies=2 new=2 url=https://raw.githubusercontent.com/hello-world-1989/cn-news/refs/heads/main/clash.yaml
[OK] proxies=2 new=0 url=https://raw.githubusercontent.com/hello-world-1989/cn-news/main/end-gfw-together
[OK] proxies=2 new=2 url=https://raw.githubusercontent.com/hello-world-1989/cn-news/main/end-gfw-together-ss
[INFO] source try url: https://end-gfw.com/ss-key
[OK] proxies=4 new=4 url=https://end-gfw.com/ss-key
[INFO] sublink try repo: https://github.com/hello-world-1989/cn-news
[INFO] sublink try page: https://raw.githubusercontent.com/hello-world-1989/cn-news/main/README.md
[OK] proxies=6 new=6 url=https://raw.githubusercontent.com/hello-world-1989/v2-sub/main/end-gfw-together-af3e13
[OK] proxies=14 source=[大FQ运动] url=https://raw.githubusercontent.com/hello-world-1989/cn-news/main/README.md
============================================================
[INFO] sublink try repo: https://github.com/Pawdroid/Free-servers
[INFO] sublink try page: https://raw.githubusercontent.com/Pawdroid/Free-servers/main/README.md
[OK] proxies=15 new=15 url=https://raw.githubusercontent.com/Pawdroid/Free-servers/main/README.md
[OK] proxies=20 new=17 url=https://raw.githubusercontent.com/Pawdroid/Free-servers/main/sub
[OK] proxies=1 new=1 url=https://apps.apple.com/cn/app/shadowshare/id1612647259
[OK] proxies=1 new=1 url=http://www.surflare.com
[OK] proxies=34 source=[Pawdroid] url=https://raw.githubusercontent.com/Pawdroid/Free-servers/main/README.md
============================================================
[INFO] source try url: https://xmxosfepggzm.503403.xyz
[OK] proxies=3 new=3 url=https://xmxosfepggzm.503403.xyz
[OK] proxies=3 source=[FreeV2-Base64] url=https://xmxosfepggzm.503403.xyz
============================================================
[INFO] source try url: https://links.bocchi2b.top/clash
[OK] proxies=35 new=35 url=https://links.bocchi2b.top/clash
[OK] proxies=35 source=[Bocchi2b-Base64] url=https://links.bocchi2b.top/clash
============================================================
[INFO] toolkit try repo: https://github.com/bannedbook/fanqiang
[INFO] toolkit try release: https://github.com/bannedbook/fanqiang/releases
[INFO] toolkit try release: https://github.com/bannedbook/fanqiang/releases/expanded_assets/ChromeGo-latest
[INFO] toolkit try download: https://github.com/bannedbook/fanqiang/releases/download/ChromeGo-latest/ChromeGo.7z
[OK] toolkit downloaded: ChromeGo.7z bytes=100924352
[OK] toolkit extracted archive=ChromeGo.7z tool=7z files=222 dirs=45
[OK] toolkit discovered subs=107 embedded=12 archive=ChromeGo.7z
[OK] proxies=6 new=6 embedded=archive-config
[OK] proxies=7 new=5 url=https://gitlab.com/free9999/ipupdate/master/backup/img/1/2/{ipp|ip}/{hysteria2|singbox|naiveproxy|hysteria|xray}/{2|3|1|4}/config.json
[OK] proxies=7 new=0 url=https://www.67867867.xyz/Alvin9999/PAC/refs/heads/master/backup/img/1/2/{ipp|ip}/{hysteria2|singbox|naiveproxy|hysteria|xray}/{2|3|1|4}/config.json
[OK] proxies=3 new=3 url=https://gitlab.com/free9999/ipupdate/master/backup/img/1/2/{ipp|ip}/clash.meta2/{2|3|1|5|4|6}/config.yaml
[OK] proxies=3 new=0 url=https://www.67867867.xyz/Alvin9999/PAC/refs/heads/master/backup/img/1/2/{ipp|ip}/clash.meta2/{2|3|1|5|4|6}/config.yaml
[OK] proxies=14 source=[ChromeGO-Toolkit] url=https://github.com/bannedbook/fanqiang/releases/download/ChromeGo-latest/ChromeGo.7z
============================================================
[INFO] sublink try repo: https://github.com/ShiteThings/extractNodes
[INFO] sublink try page: https://raw.githubusercontent.com/ShiteThings/extractNodes/main/README.md
[OK] proxies=31 new=30 url=https://{chg26.makou.cc.cd|chg64.makou.cc.cd}
[OK] proxies=26 new=1 url=https://chg26.makou.cc.cd/sb
[OK] proxies=31 source=[ChromeGO-ShiteThings] url=https://raw.githubusercontent.com/ShiteThings/extractNodes/main/README.md
============================================================
[INFO] sublink try repo: https://github.com/shangui999/chromego_merge
[INFO] sublink try page: https://raw.githubusercontent.com/shangui999/chromego_merge/master/ReadMe.md
[OK] proxies=10 new=10 url=https://freedman.netlify.app/sub/merged_proxies_new.yaml
[OK] proxies=11 new=1 url=https://freedman.netlify.app/sub/merged_warp_proxies_new.yaml
[OK] proxies=11 new=6 url=https://freedman.netlify.app/sub/shadowrocket_base64.txt
[OK] proxies=16 new=16 url=https://freedman.netlify.app/sub/sb.json
[INFO] sublink try repo: https://github.com/yaney01/chromego
[INFO] sublink try page: https://raw.githubusercontent.com/yaney01/chromego/main/ReadMe.md
[OK] proxies=50 new=46 url=https://raw.githubusercontent.com/yaney01/chromego/main/sub/merged_proxies_new.yaml
[OK] proxies=51 new=0 url=https://raw.githubusercontent.com/yaney01/chromego/main/sub/merged_warp_proxies_new.yaml
[OK] proxies=13 new=7 url=https://raw.githubusercontent.com/yaney01/chromego/main/sub/shadowrocket_base64.txt
[OK] proxies=13 new=0 url=https://raw.githubusercontent.com/yaney01/chromego/main/sub/sb.json
[INFO] sublink try repo: https://github.com/Misaka-blog/chromego_merge
[INFO] sublink try page: https://raw.githubusercontent.com/Misaka-blog/chromego_merge/main/README.md
[OK] proxies=30 new=30 url=https://chromego-sub.netlify.app/sub/merged_proxies_new.yaml
[OK] proxies=116 source=[ChromeGO-Merge] url=https://raw.githubusercontent.com/Misaka-blog/chromego_merge/main/README.md
============================================================
[INFO] source try url: https://freesocks.org/api/v1/sub/02b897e8e77f19176b0b9f2c75864b00
[OK] proxies=3 new=3 url=https://freesocks.org/api/v1/sub/02b897e8e77f19176b0b9f2c75864b00
[OK] proxies=3 source=[Freesocks] url=https://freesocks.org/api/v1/sub/02b897e8e77f19176b0b9f2c75864b00
============================================================
[INFO] source try url: https://neko-warp.nloli.xyz/neko_warp.yaml
[OK] proxies=10 new=10 url=https://neko-warp.nloli.xyz/neko_warp.yaml
[OK] proxies=10 source=[NekoWarp] url=https://neko-warp.nloli.xyz/neko_warp.yaml
============================================================
[INFO] toolkit try chrome: https://chromewebstore.google.com/detail/free-vpn-proxy-1vpn/akcocjjpkmlniicdeemdceeajlmoabhg
[INFO] toolkit try download: https://clients2.google.com/service/update2/crx?response=redirect&prodversion=131.0.6778.0&acceptformat=crx2,crx3&x=id%3dakcocjjpkmlniicdeemdceeajlmoabhg%26uc
[OK] toolkit downloaded: free-vpn-proxy-1vpn.crx bytes=1627904
[OK] toolkit extracted archive=free-vpn-proxy-1vpn.crx tool=zipfile files=68 dirs=57
[OK] toolkit 1vpn-crx scanned hosts=17 keys=1 archive=free-vpn-proxy-1vpn.crx
[OK] proxies=17 source=[1VPN-CRX] url=https://clients2.google.com/service/update2/crx?response=redirect&prodversion=131.0.6778.0&acceptformat=crx2,crx3&x=id%3dakcocjjpkmlniicdeemdceeajlmoabhg%26uc
============================================================
[INFO] article try feed: https://free.datiya.com/index.xml
[INFO] sublink try page: https://free.datiya.com/post/20260919/
[OK] proxies=14 new=14 url=https://free.datiya.com/uploads/20260919-clash.yaml
[OK] proxies=14 source=[OpenRunner-RSS] url=https://free.datiya.com/post/20260919/
============================================================
[INFO] article try feed: https://v2rayshare.com/feed
[INFO] sublink try page: https://v2rayshare.net/p/5061.html
[OK] proxies=27 new=27 url=https://static.v2rayshare.net/2026/09/20260919.txt
[OK] proxies=27 new=0 url=https://static.v2rayshare.net/2026/09/20260919.yaml
[OK] proxies=27 new=0 url=https://static.v2rayshare.net/2026/09/m20260919.yaml
[INFO] sublink try repo: https://github.com/firefoxmmx2/v2rayshare_subcription
[INFO] sublink try page: https://raw.githubusercontent.com/firefoxmmx2/v2rayshare_subcription/main/README.md
[OK] proxies=27 new=0 url=https://{raw.githubusercontent.com|cdn.jsdelivr.net}/firefoxmmx2/v2rayshare_subcription/main/subscription/vray_sub.txt
[OK] proxies=27 new=0 url=https://{raw.githubusercontent.com|cdn.jsdelivr.net}/firefoxmmx2/v2rayshare_subcription/main/subscription/clash_sub.yaml
[OK] proxies=27 new=0 url=https://{raw.githubusercontent.com|cdn.jsdelivr.net}/firefoxmmx2/v2rayshare_subcription/main/subscription/mihomo_sub.yaml
[OK] proxies=27 source=[V2Rayshare-RSS] url=https://raw.githubusercontent.com/firefoxmmx2/v2rayshare_subcription/main/README.md
============================================================
[INFO] article try feed: https://www.mibei77.com/feed
[INFO] sublink try page: https://www.mibei77.com/681.html
[OK] proxies=149 new=149 url=https://mm.mibei77.com/202609/09.1964bad5s.txt
[OK] proxies=146 new=0 url=https://mm.mibei77.com/202609/0919Clasgizx.yaml
[OK] proxies=149 source=[Mibei77-RSS] url=https://www.mibei77.com/681.html
============================================================
[INFO] article try feed: https://yoyapai.com/feed
[INFO] sublink try page: https://yoyapai.com/724
[OK] proxies=1 new=1 url=https://yoyapai.com/724
[OK] proxies=210 new=210 url=https://freenode.yoyapai.com/2026/09/19-yoyapai.com-clash-vpn-mianfeijiedian.yaml
[OK] proxies=210 new=0 url=https://freenode.yoyapai.com/2026/09/19-yoyapai.com-ssrv2ray-vpn-mianfeijiedian.txt
[OK] proxies=211 source=[Yoyapai-RSS] url=https://yoyapai.com/724
============================================================
[INFO] sublink try repo: https://github.com/free18/v2ray
[INFO] sublink try page: https://raw.githubusercontent.com/free18/v2ray/main/README.md
[OK] proxies=3 new=3 url=https://raw.githubusercontent.com/free18/v2ray/main/README.md
[OK] proxies=378 new=378 url=https://ghfast.top/https://raw.githubusercontent.com/free18/v2ray/refs/heads/main/v.txt
[OK] proxies=378 new=0 url=https://ghfast.top/https://raw.githubusercontent.com/free18/v2ray/refs/heads/main/c.yaml
[OK] proxies=381 source=[免费节点1] url=https://raw.githubusercontent.com/free18/v2ray/main/README.md
============================================================
[INFO] sublink try repo: https://github.com/ermaozi/get_subscribe
[INFO] sublink try page: https://raw.githubusercontent.com/ermaozi/get_subscribe/main/README.md
[INFO] sublink file_nodes=0 bare links=9
[OK] proxies=387 new=387 url=https://www.ermao.net/sub/{clash|v2ray}/ermao.net
[OK] proxies=382 new=0 url=https://www.ermao.net/sub/{reachable|unreachable|untested}/clash/ermao.net
[OK] proxies=387 source=[免费节点2] url=https://raw.githubusercontent.com/ermaozi/get_subscribe/main/README.md
============================================================
[INFO] sublink try repo: https://github.com/sunmiao4458/free-proxy-airport
[INFO] sublink try page: https://raw.githubusercontent.com/sunmiao4458/free-proxy-airport/main/README.md
[OK] proxies=64 new=64 url=https://sunmiao4458.github.io/free-proxy-airport/clash.yaml
[OK] proxies=64 source=[免费节点3] url=https://raw.githubusercontent.com/sunmiao4458/free-proxy-airport/main/README.md
============================================================
[INFO] sublink try repo: https://github.com/mfuu/FreeProxies
[INFO] sublink try page: https://raw.githubusercontent.com/mfuu/FreeProxies/master/README.md
[OK] proxies=840 new=840 url=https://raw.githubusercontent.com/mfuu/FreeProxies/master/sub.yaml
[OK] proxies=840 source=[免费节点4] url=https://raw.githubusercontent.com/mfuu/FreeProxies/master/README.md
============================================================
[INFO] sublink try repo: https://github.com/vxiaov/free_proxies
[INFO] sublink try page: https://raw.githubusercontent.com/vxiaov/free_proxies/main/README.md
[OK] proxies=1 new=1 url=https://raw.githubusercontent.com/vxiaov/free_proxies/main/README.md
[OK] proxies=28 new=28 url=https://{cdn.jsdelivr.net|raw.githubusercontent.com}/vxiaov/free_proxies/main/clash/clash.provider.yaml
[OK] proxies=29 source=[免费节点5] url=https://raw.githubusercontent.com/vxiaov/free_proxies/main/README.md
============================================================
[INFO] sublink try repo: https://github.com/anaer/Sub
[INFO] sublink try page: https://raw.githubusercontent.com/anaer/Sub/main/README.MD
[OK] proxies=567 new=567 url=https://anaer.github.io/Sub/clash.yaml
[OK] proxies=567 new=0 url=https://raw.githubusercontent.com/anaer/Sub/main/clash.yaml
[OK] proxies=567 source=[免费节点6] url=https://raw.githubusercontent.com/anaer/Sub/main/README.MD
============================================================
[INFO] sublink try repo: https://github.com/snakem982/proxypool
[INFO] sublink try page: https://raw.githubusercontent.com/snakem982/proxypool/main/README.md
[OK] proxies=64 new=64 url=https://raw.githubusercontent.com/snakem982/proxypool/main/source/clash-meta-2.yaml
[OK] proxies=64 new=0 url=https://raw.githubusercontent.com/snakem982/proxypool/main/source/v2ray-2.txt
[OK] proxies=62 new=0 url=https://raw.githubusercontent.com/snakem982/proxypool/main/source/sing-box-2.json
[OK] proxies=64 source=[免费节点7] url=https://raw.githubusercontent.com/snakem982/proxypool/main/README.md
============================================================
[INFO] sublink try repo: https://github.com/mahdibland/V2RayAggregator
[INFO] sublink try page: https://raw.githubusercontent.com/mahdibland/V2RayAggregator/master/README.md
[OK] proxies=380 new=380 url=https://raw.githubusercontent.com/mahdibland/V2RayAggregator/master/README.md
[OK] proxies=1 new=1 url=https://github.com/mahdibland/SSAggregator/actions/workflows/Collector.yml
[OK] proxies=1 new=0 url=https://github.com/mahdibland/SSAggregator/actions/workflows/Airport_Collector.yml
[OK] proxies=197 new=0 url=https://raw.githubusercontent.com/mahdibland/ShadowsocksAggregator/master/Eternity.txt
[OK] proxies=198 new=1 url=https://raw.githubusercontent.com/mahdibland/ShadowsocksAggregator/master/Eternity.yml
[OK] proxies=61 new=61 url=https://raw.githubusercontent.com/mahdibland/ShadowsocksAggregator/master/EternityAir.txt
[OK] proxies=3857 new=3571 url=https://raw.githubusercontent.com/mahdibland/SSAggregator/master/sub/sub_merge_base64.txt
[OK] proxies=3857 new=0 url=https://raw.githubusercontent.com/mahdibland/{SSAggregator|ShadowsocksAggregator}/master/sub/sub_merge.txt
[OK] proxies=4037 new=181 url=https://raw.githubusercontent.com/mahdibland/SSAggregator/master/sub/sub_merge_yaml.yml
[OK] proxies=61 new=0 url=https://raw.githubusercontent.com/mahdibland/SSAggregator/master/sub/airport_merge_base64.txt
[OK] proxies=61 new=0 url=https://raw.githubusercontent.com/mahdibland/SSAggregator/master/sub/airport_sub_merge.txt
[OK] proxies=1413 new=0 url=https://raw.githubusercontent.com/mahdibland/ShadowsocksAggregator/master/sub/splitted/vmess.txt
[OK] proxies=565 new=0 url=https://raw.githubusercontent.com/mahdibland/ShadowsocksAggregator/master/sub/splitted/trojan.txt
[OK] proxies=43 new=0 url=https://raw.githubusercontent.com/mahdibland/ShadowsocksAggregator/master/sub/splitted/ssr.txt
[OK] proxies=1836 new=0 url=https://raw.githubusercontent.com/mahdibland/ShadowsocksAggregator/master/sub/splitted/ss.txt
[OK] proxies=1 new=0 url=https://cdn.jsdelivr.net/gh/mahdibland/V2RayAggregator@master/update/provider/provider-meta.yml
[OK] proxies=1 new=0 url=https://cdn.jsdelivr.net/gh/mahdibland/V2RayAggregator@master/update/provider/provider-meta-cn.yml
[OK] proxies=1 new=0 url=https://cdn.jsdelivr.net/gh/mahdibland/V2RayAggregator@master/update/provider/provider-meta-others.yml
[OK] proxies=1 new=0 url=https://cdn.jsdelivr.net/gh/mahdibland/V2RayAggregator@master/update/provider/provider.yml
[OK] proxies=1 new=0 url=https://cdn.jsdelivr.net/gh/mahdibland/V2RayAggregator@master/update/provider/provider-cn.yml
[OK] proxies=1 new=0 url=https://cdn.jsdelivr.net/gh/mahdibland/V2RayAggregator@master/update/provider/provider-others.yml
[OK] proxies=4195 source=[免费节点8] url=https://raw.githubusercontent.com/mahdibland/V2RayAggregator/master/README.md
============================================================
[INFO] sublink try repo: https://github.com/w1770946466/Auto_proxy
[INFO] sublink try page: https://raw.githubusercontent.com/w1770946466/Auto_proxy/main/README.md
[OK] proxies=1 new=1 url=https://github.com/w1770946466/Auto_proxy/actions/workflows/main.yml
[OK] proxies=245 new=245 url=https://raw.githubusercontent.com/w1770946466/Auto_proxy/main/{Long_term_subscription2.yaml|Long_term_subscription1.yaml|Long_term_subscription3.yaml}
[OK] proxies=489 new=54 url=https://raw.githubusercontent.com/w1770946466/Auto_proxy/main/{Long_term_subscription1|Long_term_subscription2|Long_term_subscription3|Long_term_subscription4|Long_term_subscription5|Long_term_subscription6|Long_term_subscription7|Long_term_subscription8}
[OK] proxies=489 new=315 url=https://raw.githubusercontent.com/w1770946466/Auto_proxy/main/Long_term_subscription_num
[OK] proxies=615 source=[免费节点9] url=https://raw.githubusercontent.com/w1770946466/Auto_proxy/main/README.md
============================================================
[INFO] sublink try repo: https://github.com/PuddinCat/BestClash
[INFO] sublink try page: https://raw.githubusercontent.com/PuddinCat/BestClash/main/README.md
[OK] proxies=16 new=16 url=https://raw.githubusercontent.com/PuddinCat/BestClash/main/proxies.yaml
[OK] proxies=28 new=28 url=https://cdn.jsdelivr.net/gh/vxiaov/free_proxies@main/clash/clash.provider.yaml
[OK] proxies=24 new=24 url=https://freenode.openrunner.net/uploads/20240807-clash.yaml
[OK] proxies=30 new=30 url=https://raw.githubusercontent.com/Misaka-blog/chromego_merge/main/sub/merged_proxies_new.yaml
[OK] proxies=3702 new=3690 url=https://raw.githubusercontent.com/{NiceVPN123|anaer}/{NiceVPN|Sub}/main/{Clash.yaml|clash.yaml}
[OK] proxies=28 new=0 url=https://raw.githubusercontent.com/{chengaopan|peasoft}/{AutoMergePublicNodes|NoMoreWalls}/master/list.yml
[OK] proxies=382 new=353 url=https://raw.githubusercontent.com/{ermaozi|ermaozi01}/{get_subscribe|free_clash_vpn}/main/subscribe/clash.yml
[OK] proxies=198 new=178 url=https://raw.githubusercontent.com/mahdibland/ShadowsocksAggregator/master/Eternity.yml
[OK] proxies=165 new=160 url=https://raw.githubusercontent.com/ronghuaxueleng/get_v2/main/pub/combine.yaml
[OK] proxies=144 new=3 url=https://raw.githubusercontent.com/zhangkaiitugithub/passcro/main/speednodes.yaml
[OK] proxies=4482 source=[免费节点10] url=https://raw.githubusercontent.com/PuddinCat/BestClash/main/README.md
============================================================
[INFO] sublink try repo: https://github.com/kooker/FreeSubsCheck
[INFO] sublink try page: https://raw.githubusercontent.com/kooker/FreeSubsCheck/main/README.md
[OK] proxies=30 new=30 url=https://raw.githubusercontent.com/kooker/FreeSubsCheck/main/mihomo.yaml
[OK] proxies=30 new=0 url=https://raw.githubusercontent.com/kooker/FreeSubsCheck/main/all.yaml
[OK] proxies=28 new=1 url=https://raw.githubusercontent.com/kooker/FreeSubsCheck/main/base64.txt
[OK] proxies=25 new=16 url=https://raw.githubusercontent.com/kooker/FreeSubsCheck/main/byxiaoxi.txt
[OK] proxies=421 new=416 url=https://raw.githubusercontent.com/kooker/FreeSubsCheck/main/kooker.jp.txt
[OK] proxies=463 source=[免费节点11] url=https://raw.githubusercontent.com/kooker/FreeSubsCheck/main/README.md
============================================================
[INFO] toolkit try repo: https://github.com/Pawdroid/shadowrocket_for_android
[INFO] toolkit try release: https://github.com/Pawdroid/shadowrocket_for_android/releases
[INFO] toolkit try release: https://github.com/Pawdroid/shadowrocket_for_android/releases/expanded_assets/10.10.51
[INFO] toolkit try download: https://github.com/Pawdroid/shadowrocket_for_android/releases/download/10.10.51/Shadowrocket_10.10.51_shadowrocketStandard_arm64-v8a.apk
[OK] toolkit downloaded: Shadowrocket_10.10.51_shadowrocketStandard_arm64-v8a.apk bytes=41111539
[OK] toolkit extracted archive=Shadowrocket_10.10.51_shadowrocketStandard_arm64-v8a.apk tool=zipfile files=1175 dirs=44
[OK] toolkit sr-apk scanned prefixes=36 files=6 keys=2 archive=Shadowrocket_10.10.51_shadowrocketStandard_arm64-v8a.apk
[OK] proxies=973 new=973 url=https://{cdn.jsdelivr.net|raw.githubusercontent.com}/pixelor/ecfg/main/data/ecfg6_zh
[OK] proxies=973 new=0 url=https://{cdn.jsdelivr.net|raw.githubusercontent.com}/pixelor/ecfg/main/data/ecfg6_en
[OK] proxies=221 new=111 url=https://{raw.githubusercontent.com|cdn.jsdelivr.net}/pixelor/ecfg/main/data/ecfg6
[OK] proxies=898 new=0 url=https://{files.shadowrockets.app|cdn.shadowrockets.app}/ecfg/data/ecfg6_zh
[OK] proxies=195 new=0 url=https://{cdn.shadowrockets.app|files.shadowrockets.app}/ecfg/data/ecfg6
[OK] proxies=898 new=0 url=https://{cdn.shadowrockets.app|files.shadowrockets.app}/ecfg/data/ecfg6_en
[OK] proxies=1084 source=[Pawdroid-SR-APK] url=https://github.com/Pawdroid/shadowrocket_for_android/releases/download/10.10.51/Shadowrocket_10.10.51_shadowrocketStandard_arm64-v8a.apk
============================================================
[INFO] toolkit try page: https://shadowshare.v2cross.com
[INFO] toolkit try download: https://shadowshare.v2cross.com/shadowshare.apk
[OK] toolkit downloaded: shadowshare.apk bytes=62868122
[OK] toolkit extracted archive=shadowshare.apk tool=zipfile files=612 dirs=39
[OK] toolkit ss-apk scanned prefixes=10 files=3 keys=1 archive=shadowshare.apk
[OK] proxies=252 new=252 url=https://{raw.githubusercontent.com|jsd.onmicrosoft.cn}/hideme9527/ecsfg/main/data/sareserver
[OK] proxies=1386 new=1280 url=https://{raw.githubusercontent.com|jsd.onmicrosoft.cn}/hideme9527/ecsfg/main/data/sareserver_en
[OK] proxies=163 new=0 url=https://{shadowsharing.com|sare.159236.xyz}/data/sareserver
[OK] proxies=1386 new=0 url=https://{shadowsharing.com|sare.159236.xyz}/data/sareserver_en
[OK] proxies=163 new=0 url=https://gitee.com/api/v5/repos/{elvenapp|guoyoucai1|zhiminghao}/ecsfg/raw/data/sareserver
[OK] proxies=1386 new=0 url=https://gitee.com/api/v5/repos/{zhiminghao|guoyoucai1|elvenapp}/ecsfg/raw/data/sareserver_en
[OK] proxies=1532 source=[Pawdroid-SS-APK] url=https://shadowshare.v2cross.com/shadowshare.apk
============================================================
[INFO] sublink try repo: https://github.com/free-nodes/clashfree
[INFO] sublink try page: https://raw.githubusercontent.com/free-nodes/clashfree/main/README.md
[OK] proxies=1355 new=1355 url=https://raw.githubusercontent.com/free-nodes/clashfree/main/README.md
[OK] proxies=1355 new=0 url=https://raw.githubusercontent.com/free-nodes/clashfree/main/clash20260919.yml
[OK] proxies=1 new=1 url=https://github.com/free-nodes/clashfree/blob/main/clash20260919.yml
[OK] proxies=1356 source=[Clashfree] url=https://raw.githubusercontent.com/free-nodes/clashfree/main/README.md
============================================================
[INFO] sublink try repo: https://github.com/Epodonios/v2ray-configs
[INFO] sublink try page: https://raw.githubusercontent.com/Epodonios/v2ray-configs/main/README.md
[OK] proxies=1 new=1 url=https://github.com/Epodonios/V2ray-Configs/actions/workflows/main.yml
[OK] proxies=4065 new=4065 url=https://github.com/Epodonios/v2ray-configs/raw/main/All_Configs_Sub.txt
[OK] proxies=4065 new=0 url=https://github.com/Epodonios/v2ray-configs/raw/main/All_Configs_base64_Sub.txt
[OK] proxies=3246 new=0 url=https://github.com/Epodonios/v2ray-configs/raw/main/Splitted-By-Protocol/vless.txt
[OK] proxies=152 new=0 url=https://github.com/Epodonios/v2ray-configs/raw/main/Splitted-By-Protocol/vmess.txt
[OK] proxies=419 new=0 url=https://github.com/Epodonios/v2ray-configs/raw/main/Splitted-By-Protocol/ss.txt
[OK] proxies=191 new=0 url=https://github.com/Epodonios/v2ray-configs/raw/main/Splitted-By-Protocol/trojan.txt
[OK] proxies=4065 new=0 url=https://raw.githubusercontent.com/Epodonios/v2ray-configs/main/{Sub1.txt|Sub2.txt|Sub3.txt|Sub4.txt|Sub5.txt|Sub6.txt|Sub7.txt|Sub8.txt}
[OK] proxies=4066 source=[Epodonios] url=https://raw.githubusercontent.com/Epodonios/v2ray-configs/main/README.md
============================================================
[INFO] sublink try repo: https://github.com/free-clash-v2ray/free-clash-v2ray.github.io
[INFO] sublink try page: https://raw.githubusercontent.com/free-clash-v2ray/free-clash-v2ray.github.io/main/README.md
[OK] proxies=2890 new=2890 url=https://free-clash-v2ray.github.io/uploads/2026/09/{0-20260913.yaml|1-20260913.yaml|2-20260913.yaml|3-20260913.yaml}
[OK] proxies=4384 new=1835 url=https://free-clash-v2ray.github.io/uploads/2026/09/{0-20260913.txt|1-20260913.txt|2-20260913.txt|3-20260913.txt|4-20260913.txt}
[OK] proxies=4725 source=[Free-clash-v2ray] url=https://raw.githubusercontent.com/free-clash-v2ray/free-clash-v2ray.github.io/main/README.md
============================================================
[INFO] article try page: https://v2rayclashfree.com
[INFO] sublink try page: https://v2rayclashfree.com/fn/20260919.html
[OK] proxies=1447 new=1447 url=https://v2rayclashfree.com/sub/20260919-v2ray.txt
[OK] proxies=1224 new=427 url=https://v2rayclashfree.com/sub/20260919-clash.yaml
[OK] proxies=1874 source=[V2rayclashfree-RSS] url=https://v2rayclashfree.com/fn/20260919.html
============================================================
[INFO] raw backup written path=/home/runner/work/Free-node-autotest/Free-node-autotest/output/raw.yaml proxies=27404
[INFO] toolkit try repo: https://github.com/MetaCubeX/mihomo
[INFO] toolkit try release: https://github.com/MetaCubeX/mihomo/releases
[INFO] toolkit try release: https://github.com/MetaCubeX/mihomo/releases/expanded_assets/v1.19.31
[INFO] toolkit try download: https://github.com/MetaCubeX/mihomo/releases/download/v1.19.31/mihomo-linux-amd64-compatible-v1.19.31.gz
[OK] toolkit downloaded: mihomo-linux-amd64-compatible-v1.19.31.gz bytes=22821836
[OK] toolkit sha256 verified: mihomo-linux-amd64-compatible-v1.19.31.gz sha256=04cf9f09671704f839ddbee2e93069dc831a4123a75281e725d1d96ab9ac1afc
[OK] proxy engine ready: starting latency test package=mihomo-linux-amd64-compatible-v1.19.31.gz
============================================================
[WARN] batch start failed size=17878 {1} split -> 8939 {2} + 8939 {3}
[WARN] batch start failed size=8939 {2} split -> 4469 {4} + 4470 {5}
[WARN] batch start failed size=8939 {3} split -> 4469 {6} + 4470 {7}
[WARN] batch start failed size=4469 {4} split -> 2234 {8} + 2235 {9}
[WARN] batch start failed size=4469 {6} split -> 2234 {10} + 2235 {11}
[TEST] {5} tested 100/4470 kept=0 rest=17778
[WARN] batch start failed size=2234 {8} split -> 1117 {12} + 1117 {13}
[WARN] batch start failed size=4470 {7} split -> 2235 {14} + 2235 {15}
[WARN] batch start failed size=2234 {10} split -> 1117 {16} + 1117 {17}
[TEST] {5} tested 200/4470 kept=0 rest=17624
[WARN] batch start failed size=2235 {11} split -> 1117 {18} + 1118 {19}
[WARN] batch start failed size=1117 {12} split -> 558 {20} + 559 {21}
[TEST] {9} tested 100/2235 kept=2 rest=17470
[TEST] {9} tested 200/2235 kept=31 rest=17369
[TEST] {5} tested 300/4470 kept=0 rest=17250
[TEST] {13} tested 100/1117 kept=20 rest=17108
[TEST] {9} tested 300/2235 kept=80 rest=17028
[TEST] {9} tested 400/2235 kept=80 rest=16920
[TEST] {5} tested 400/4470 kept=0 rest=16865
[TEST] {5} tested 500/4470 kept=0 rest=16758
[TEST] {13} tested 200/1117 kept=23 rest=16732
[TEST] {13} tested 300/1117 kept=24 rest=16580
[TEST] {9} tested 500/2235 kept=80 rest=16573
[TEST] {9} tested 600/2235 kept=80 rest=16470
[TEST] {5} tested 600/4470 kept=0 rest=16319
[TEST] {13} tested 400/1117 kept=33 rest=16187
[TEST] {9} tested 700/2235 kept=80 rest=16092
[TEST] {9} tested 800/2235 kept=80 rest=15972
[TEST] {9} tested 900/2235 kept=80 rest=15852
[TEST] {13} tested 500/1117 kept=62 rest=15822
[TEST] {5} tested 700/4470 kept=0 rest=15724
[TEST] {13} tested 600/1117 kept=62 rest=15574
[TEST] {9} tested 1000/2235 kept=80 rest=15478
[TEST] {13} tested 700/1117 kept=62 rest=15416
[TEST] {5} tested 800/4470 kept=0 rest=15225
[TEST] {13} tested 800/1117 kept=62 rest=15133
[TEST] {9} tested 1100/2235 kept=80 rest=15041
[TEST] {13} tested 900/1117 kept=62 rest=15000
[TEST] {9} tested 1200/2235 kept=80 rest=14862
[TEST] {5} tested 900/4470 kept=0 rest=14758
[TEST] {13} tested 1000/1117 kept=64 rest=14667
[TEST] {5} tested 1000/4470 kept=0 rest=14603
[TEST] {9} tested 1300/2235 kept=80 rest=14501
[TEST] {13} tested 1100/1117 kept=64 rest=14402
[TEST] {5} tested 1100/4470 kept=0 rest=14270
[TEST] {9} tested 1400/2235 kept=80 rest=14262
[TEST] {13} tested 1117/1117 kept=64 rest=14186
[TEST] {14} tested 100/2235 kept=4 rest=13990
[TEST] {9} tested 1500/2235 kept=80 rest=13954
[TEST] {5} tested 1200/4470 kept=0 rest=13891
[TEST] {5} tested 1300/4470 kept=0 rest=13764
[TEST] {5} tested 1400/4470 kept=0 rest=13628
[TEST] {14} tested 200/2235 kept=12 rest=13543
[TEST] {9} tested 1600/2235 kept=80 rest=13458
[TEST] {14} tested 300/2235 kept=16 rest=13380
[TEST] {14} tested 400/2235 kept=16 rest=13234
[TEST] {5} tested 1500/4470 kept=0 rest=13111
[TEST] {9} tested 1700/2235 kept=80 rest=13022
[TEST] {5} tested 1600/4470 kept=0 rest=12991
[TEST] {5} tested 1700/4470 kept=0 rest=12862
[TEST] {14} tested 500/2235 kept=17 rest=12823
[TEST] {5} tested 1800/4470 kept=0 rest=12740
[TEST] {5} tested 1900/4470 kept=0 rest=12580
[TEST] {14} tested 600/2235 kept=17 rest=12455
[TEST] {9} tested 1800/2235 kept=80 rest=12415
[TEST] {14} tested 700/2235 kept=21 rest=12324
[TEST] {5} tested 2000/4470 kept=0 rest=12116
[TEST] {14} tested 800/2235 kept=42 rest=12100
[TEST] {5} tested 2100/4470 kept=0 rest=11952
[TEST] {14} tested 900/2235 kept=44 rest=11826
[TEST] {9} tested 1900/2235 kept=80 rest=11731
[TEST] {14} tested 1000/2235 kept=46 rest=11654
[TEST] {5} tested 2200/4470 kept=14 rest=11503
[TEST] {14} tested 1100/2235 kept=50 rest=11464
[TEST] {9} tested 2000/2235 kept=95 rest=11362
[TEST] {14} tested 1200/2235 kept=56 rest=11242
[TEST] {5} tested 2300/4470 kept=14 rest=11140
[TEST] {9} tested 2100/2235 kept=166 rest=11120
[TEST] {9} tested 2200/2235 kept=166 rest=10980
[TEST] {14} tested 1300/2235 kept=58 rest=10861
[TEST] {5} tested 2400/4470 kept=14 rest=10841
[TEST] {14} tested 1400/2235 kept=58 rest=10696
[TEST] {9} tested 2235/2235 kept=166 rest=10560
[TEST] {14} tested 1500/2235 kept=60 rest=10543
[TEST] {14} tested 1600/2235 kept=63 rest=10434
[TEST] {5} tested 2500/4470 kept=15 rest=10418
[WARN] batch start failed size=2235 {15} split -> 1117 {22} + 1118 {23}
[TEST] {5} tested 2600/4470 kept=15 rest=10265
[TEST] {14} tested 1700/2235 kept=80 rest=10182
[TEST] {5} tested 2700/4470 kept=15 rest=9957
[TEST] {16} tested 100/1117 kept=0 rest=9950
[TEST] {14} tested 1800/2235 kept=131 rest=9892
[TEST] {14} tested 1900/2235 kept=218 rest=9783
[TEST] {14} tested 2000/2235 kept=313 rest=9672
[TEST] {14} tested 2100/2235 kept=402 rest=9569
[TEST] {14} tested 2200/2235 kept=467 rest=9460
[TEST] {5} tested 2800/4470 kept=15 rest=9367
[TEST] {16} tested 200/1117 kept=0 rest=9221
[TEST] {16} tested 300/1117 kept=0 rest=9114
[TEST] {16} tested 400/1117 kept=0 rest=9009
[TEST] {16} tested 500/1117 kept=0 rest=8898
[TEST] {5} tested 2900/4470 kept=15 rest=8888
[TEST] {14} tested 2235/2235 kept=468 rest=8867
[WARN] batch start failed size=1117 {17} split -> 558 {24} + 559 {25}
[TEST] {5} tested 3000/4470 kept=15 rest=8768
[WARN] batch start failed size=1117 {18} split -> 558 {26} + 559 {27}
[TEST] {5} tested 3100/4470 kept=15 rest=8618
[TEST] {16} tested 600/1117 kept=0 rest=8588
[WARN] batch start failed size=1118 {19} split -> 559 {28} + 559 {29}
[WARN] batch start failed size=558 {20} split -> 279 {30} + 279 {31}
[TEST] {16} tested 700/1117 kept=0 rest=8480
[TEST] {21} tested 100/559 kept=50 rest=8375
[TEST] {5} tested 3200/4470 kept=16 rest=8188
[TEST] {21} tested 200/559 kept=112 rest=8185
[TEST] {16} tested 800/1117 kept=6 rest=8060
[TEST] {16} tested 900/1117 kept=13 rest=7954
[TEST] {21} tested 300/559 kept=142 rest=7796
[TEST] {5} tested 3300/4470 kept=16 rest=7638
[TEST] {21} tested 400/559 kept=207 rest=7626
[TEST] {16} tested 1000/1117 kept=48 rest=7514
[TEST] {16} tested 1100/1117 kept=89 rest=7367
[TEST] {5} tested 3400/4470 kept=17 rest=7323
[TEST] {21} tested 500/559 kept=225 rest=7221
[TEST] {5} tested 3500/4470 kept=18 rest=7159
[TEST] {16} tested 1117/1117 kept=94 rest=7064
[TEST] {5} tested 3600/4470 kept=19 rest=7050
[TEST] {22} tested 100/1117 kept=99 rest=6906
[TEST] {22} tested 200/1117 kept=192 rest=6785
[TEST] {22} tested 300/1117 kept=272 rest=6677
[TEST] {22} tested 400/1117 kept=348 rest=6572
[TEST] {22} tested 500/1117 kept=441 rest=6466
[TEST] {22} tested 600/1117 kept=537 rest=6354
[TEST] {22} tested 700/1117 kept=634 rest=6241
[TEST] {21} tested 559/559 kept=225 rest=6208
[TEST] {5} tested 3700/4470 kept=19 rest=6166
[TEST] {22} tested 800/1117 kept=732 rest=6098
[TEST] {22} tested 900/1117 kept=825 rest=5944
[TEST] {22} tested 1000/1117 kept=920 rest=5823
[TEST] {5} tested 3800/4470 kept=19 rest=5807
[TEST] {5} tested 3900/4470 kept=19 rest=5644
[WARN] batch start failed size=1118 {23} split -> 559 {32} + 559 {33}
[TEST] {24} tested 100/558 kept=87 rest=5487
[TEST] {24} tested 200/558 kept=147 rest=5378
[TEST] {24} tested 300/558 kept=225 rest=5273
[TEST] {24} tested 400/558 kept=307 rest=5171
[TEST] {22} tested 1100/1117 kept=990 rest=5083
[TEST] {24} tested 500/558 kept=387 rest=5017
[TEST] {5} tested 4000/4470 kept=19 rest=5003
[TEST] {22} tested 1117/1117 kept=990 rest=4885
[TEST] {5} tested 4100/4470 kept=19 rest=4877
[TEST] {5} tested 4200/4470 kept=19 rest=4774
[WARN] batch start failed size=559 {25} split -> 279 {34} + 280 {35}
[TEST] {5} tested 4300/4470 kept=19 rest=4674
[WARN] batch start failed size=559 {27} split -> 279 {36} + 280 {37}
[TEST] {24} tested 558/558 kept=408 rest=4502
[TEST] {5} tested 4400/4470 kept=19 rest=4459
[WARN] batch start failed size=559 {28} split -> 279 {38} + 280 {39}
[TEST] {26} tested 100/558 kept=33 rest=4354
[TEST] {29} tested 100/559 kept=3 rest=4275
[TEST] {5} tested 4470/4470 kept=19 rest=4193
[TEST] {29} tested 200/559 kept=6 rest=4166
[WARN] batch start failed size=279 {30} split -> 139 {40} + 140 {41}
[TEST] {26} tested 200/558 kept=42 rest=4004
[TEST] {31} tested 100/279 kept=39 rest=3835
[TEST] {31} tested 200/279 kept=66 rest=3704
[TEST] {29} tested 300/559 kept=11 rest=3689
[TEST] {26} tested 300/558 kept=78 rest=3637
[TEST] {29} tested 400/559 kept=12 rest=3518
[TEST] {29} tested 500/559 kept=17 rest=3409
[TEST] {26} tested 400/558 kept=114 rest=3319
[TEST] {31} tested 279/279 kept=74 rest=3238
[WARN] batch start failed size=559 {32} split -> 279 {42} + 280 {43}
[WARN] batch start failed size=559 {33} split -> 279 {44} + 280 {45}
[TEST] {29} tested 559/559 kept=17 rest=3146
[WARN] batch start failed size=279 {34} split -> 139 {46} + 140 {47}
[TEST] {35} tested 100/280 kept=80 rest=3045
[TEST] {35} tested 200/280 kept=161 rest=2945
[TEST] {36} tested 100/279 kept=1 rest=2826
[TEST] {36} tested 200/279 kept=2 rest=2717
[TEST] {26} tested 500/558 kept=131 rest=2642
[TEST] {26} tested 558/558 kept=131 rest=2573
[WARN] batch start failed size=280 {37} split -> 140 {48} + 140 {49}
[WARN] batch start failed size=280 {39} split -> 140 {50} + 140 {51}
[TEST] {38} tested 100/279 kept=11 rest=2455
[TEST] {35} tested 280/280 kept=195 rest=2368
[TEST] {36} tested 279/279 kept=17 rest=2349
[WARN] batch start failed size=140 {41} split -> 70 {52} + 70 {53}
[WARN] batch start failed size=139 {40} split -> 69 {54} + 70 {55}
[WARN] batch start failed size=280 {43} split -> 140 {56} + 140 {57}
[TEST] {42} tested 100/279 kept=76 rest=2219
[TEST] {42} tested 200/279 kept=139 rest=2119
[WARN] batch start failed size=279 {44} split -> 139 {58} + 140 {59}
[TEST] {45} tested 100/280 kept=81 rest=1957
[TEST] {38} tested 200/279 kept=20 rest=1900
[TEST] {45} tested 200/280 kept=179 rest=1809
[TEST] {38} tested 279/279 kept=20 rest=1726
[TEST] {46} tested 100/139 kept=59 rest=1617
[TEST] {42} tested 279/279 kept=186 rest=1582
[WARN] batch start failed size=140 {47} split -> 70 {60} + 70 {61}
[WARN] batch start failed size=140 {49} split -> 70 {62} + 70 {63}
[TEST] {48} tested 100/140 kept=2 rest=1455
[TEST] {45} tested 280/280 kept=234 rest=1452
[WARN] batch start failed size=140 {50} split -> 70 {64} + 70 {65}
[TEST] {46} tested 139/139 kept=80 rest=1351
[WARN] batch start failed size=70 {52} split -> 35 {66} + 35 {67}
[TEST] {48} tested 140/140 kept=7 rest=1276
[TEST] {51} tested 100/140 kept=2 rest=1206
[TEST] {51} tested 140/140 kept=2 rest=1166
[WARN] batch start failed size=70 {55} split -> 35 {68} + 35 {69}
[WARN] batch start failed size=140 {56} split -> 70 {70} + 70 {71}
[TEST] {53} tested 70/70 kept=37 rest=1148
[WARN] batch start failed size=139 {58} split -> 69 {72} + 70 {73}
[TEST] {57} tested 100/140 kept=71 rest=961
[TEST] {54} tested 69/69 kept=16 rest=919
[TEST] {59} tested 100/140 kept=67 rest=917
[WARN] batch start failed size=70 {60} split -> 35 {74} + 35 {75}
[TEST] {57} tested 140/140 kept=80 rest=795
[TEST] {59} tested 140/140 kept=93 rest=769
[WARN] batch start failed size=70 {63} split -> 35 {76} + 35 {77}
[TEST] {61} tested 70/70 kept=35 rest=747
[WARN] batch start failed size=70 {64} split -> 35 {78} + 35 {79}
[TEST] {62} tested 70/70 kept=0 rest=646
[WARN] batch start failed size=35 {67} split -> 17 {80} + 18 {81}
[WARN] batch start failed size=35 {69} split -> 17 {82} + 18 {83}
[TEST] {65} tested 70/70 kept=2 rest=605
[WARN] batch start failed size=70 {70} split -> 35 {84} + 35 {85}
[TEST] {66} tested 35/35 kept=0 rest=579
[TEST] {68} tested 35/35 kept=6 rest=451
[WARN] batch start failed size=70 {73} split -> 35 {86} + 35 {87}
[TEST] {71} tested 70/70 kept=64 rest=433
[WARN] batch start failed size=35 {75} split -> 17 {88} + 18 {89}
[TEST] {72} tested 69/69 kept=17 rest=405
[WARN] batch start failed size=35 {77} split -> 17 {90} + 18 {91}
[TEST] {74} tested 35/35 kept=1 rest=345
[WARN] batch start failed size=35 {79} split -> 17 {92} + 18 {93}
[TEST] {80} tested 17/17 kept=0 rest=328
[WARN] batch start failed size=18 {81} split -> 9 {94} + 9 {95}
[TEST] {76} tested 35/35 kept=3 rest=304
[WARN] batch start failed size=18 {83} split -> 9 {96} + 9 {97}
[WARN] batch start failed size=17 {82} split -> 8 {98} + 9 {99}
[TEST] {78} tested 35/35 kept=1 rest=298
[WARN] batch start failed size=35 {84} split -> 17 {100} + 18 {101}
[WARN] batch start failed size=35 {86} split -> 17 {102} + 18 {103}
[TEST] {85} tested 35/35 kept=31 rest=221
[WARN] batch start failed size=18 {89} split -> 9 {104} + 9 {105}
[TEST] {88} tested 17/17 kept=1 rest=207
[WARN] batch start failed size=18 {91} split -> 9 {106} + 9 {107}
[TEST] {87} tested 35/35 kept=0 rest=206
[WARN] batch start failed size=18 {93} split -> 9 {108} + 9 {109}
[TEST] {90} tested 17/17 kept=1 rest=172
[WARN] batch start failed size=9 {95} split -> 4 {110} + 5 {111}
[WARN] batch start failed size=9 {96} split -> 4 {112} + 5 {113}
[WARN] batch start failed size=9 {97} split -> 4 {114} + 5 {115}
[TEST] {92} tested 17/17 kept=0 rest=163
[WARN] batch start failed size=9 {99} split -> 4 {116} + 5 {117}
[TEST] {94} tested 9/9 kept=0 rest=161
[WARN] batch start failed size=18 {101} split -> 9 {118} + 9 {119}
[TEST] {98} tested 8/8 kept=2 rest=146
[WARN] batch start failed size=18 {103} split -> 9 {120} + 9 {121}
[WARN] batch start failed size=9 {104} split -> 4 {122} + 5 {123}
[TEST] {100} tested 17/17 kept=1 rest=128
[WARN] batch start failed size=9 {106} split -> 4 {124} + 5 {125}
[TEST] {102} tested 17/17 kept=1 rest=121
[TEST] {105} tested 9/9 kept=3 rest=110
[WARN] batch start failed size=9 {109} split -> 4 {126} + 5 {127}
[WARN] batch start failed size=5 {111} split -> 2 {128} + 3 {129}
[WARN] batch start failed size=4 {110} split -> 2 {130} + 2 {131}
[TEST] {107} tested 9/9 kept=0 rest=103
[TEST] {108} tested 9/9 kept=0 rest=98
[WARN] batch start failed size=4 {112} split -> 2 {132} + 2 {133}
[WARN] batch start failed size=5 {115} split -> 2 {134} + 3 {135}
[TEST] {116} tested 4/4 kept=4 rest=94
[WARN] batch start failed size=5 {117} split -> 2 {136} + 3 {137}
[TEST] {113} tested 5/5 kept=0 rest=87
[WARN] batch start failed size=9 {119} split -> 4 {138} + 5 {139}
[WARN] batch start failed size=9 {120} split -> 4 {140} + 5 {141}
[TEST] {114} tested 4/4 kept=0 rest=83
[WARN] batch start failed size=4 {122} split -> 2 {142} + 2 {143}
[TEST] {118} tested 9/9 kept=1 rest=69
[TEST] {123} tested 5/5 kept=2 rest=66
[TEST] {121} tested 9/9 kept=0 rest=62
[WARN] batch start failed size=5 {125} split -> 2 {144} + 3 {145}
[WARN] batch start failed size=5 {127} split -> 2 {146} + 3 {147}
[WARN] batch start failed size=3 {129} split -> 1 {148} + 2 {149}
[TEST] {124} tested 4/4 kept=0 rest=59
[WARN] batch start failed size=2 {128} split -> 1 {150} + 1 {151}
[WARN] batch start failed size=2 {131} split -> 1 {152} + 1 {153}
[WARN] batch start failed size=2 {132} split -> 1 {154} + 1 {155}
[WARN] batch start failed size=2 {133} split -> 1 {156} + 1 {157}
[WARN] batch start failed size=3 {135} split -> 1 {158} + 2 {159}
[WARN] batch start failed size=2 {134} split -> 1 {160} + 1 {161}
[TEST] {126} tested 4/4 kept=0 rest=53
[WARN] batch start failed size=3 {137} split -> 1 {162} + 2 {163}
[WARN] batch start failed size=4 {138} split -> 2 {164} + 2 {165}
[TEST] {139} tested 5/5 kept=5 rest=48
[TEST] {130} tested 2/2 kept=0 rest=47
[WARN] batch start failed size=4 {140} split -> 2 {166} + 2 {167}
[TEST] {142} tested 2/2 kept=0 rest=41
[WARN] batch start failed size=2 {143} split -> 1 {168} + 1 {169}
[TEST] {136} tested 2/2 kept=0 rest=40
[WARN] batch start failed size=2 {144} split -> 1 {170} + 1 {171}
[TEST] {147} tested 3/3 kept=0 rest=37
[WARN] batch start failed size=2 {146} split -> 1 {172} + 1 {173}
[REPAIR] {148} name=[ChromeGO-Merge] Taiwan-2 fields=up,down
[WARN] batch start failed size=2 {149} split -> 1 {174} + 1 {175}
[TEST] {148} tested 1/1 kept=0 rest=36
[TEST] {141} tested 5/5 kept=0 rest=35
[REPAIR] {150} name=[ChromeGO-Merge] France fields=up,down
[REPAIR] {151} name=[ChromeGO-Merge] United-4 fields=up,down
[REPAIR] {153} name=[ChromeGO-Merge] Taiwan fields=up,down
[REPAIR] {154} name=[ChromeGO-ShiteThings] hysteria-3 fields=up,down
[TEST] {153} tested 1/1 kept=0 rest=34
[REPAIR] {155} name=[ChromeGO-ShiteThings] hysteria-4 fields=up,down
[TEST] {145} tested 3/3 kept=0 rest=31
[TEST] {154} tested 1/1 kept=0 rest=30
[REPAIR] {156} name=[ChromeGO-ShiteThings] hysteria-5 fields=up,down
[TEST] {155} tested 1/1 kept=0 rest=29
[REPAIR] {158} name=[ChromeGO-Merge] France_hysteria_1 fields=up,down
[WARN] batch start failed size=2 {159} split -> 1 {176} + 1 {177}
[REPAIR] {161} name=[ChromeGO-Merge] United fields=up,down
[REPAIR] {160} name=[ChromeGO-Merge] WARP fields=dialer-proxy
[TEST] {162} tested 1/1 kept=0 rest=28
[TEST] {160} tested 1/1 kept=1 rest=27
[TEST] {152} tested 1/1 kept=0 rest=26
[TEST] {150} tested 1/1 kept=0 rest=25
[WARN] batch start failed size=2 {163} split -> 1 {178} + 1 {179}
[TEST] {151} tested 1/1 kept=0 rest=24
[WARN] batch start failed size=2 {164} split -> 1 {180} + 1 {181}
[TEST] {157} tested 1/1 kept=0 rest=22
[TEST] {165} tested 2/2 kept=2 rest=20
[WARN] batch start failed size=2 {167} split -> 1 {182} + 1 {183}
[TEST] {156} tested 1/1 kept=0 rest=19
[REPAIR] {169} name=[Pawdroid-SS-APK] United+Kingdom-3 fields=cipher
[TEST] {158} tested 1/1 kept=0 rest=18
[TEST] {168} tested 1/1 kept=1 rest=17
[REPAIR] {170} name=[Epodonios] EPODONIOS-102 fields=cipher
[REPAIR] {171} name=[Epodonios] EPODONIOS-103 fields=cipher
[TEST] {169} tested 1/1 kept=1 rest=16
[TEST] {161} tested 1/1 kept=0 rest=15
[DROP] {173} name=[Epodonios] EPODONIOS-447 server=66.33.22.232:34118 reason=Parse config error: proxy 0: 'reality-opts' has unset fields: public-key
[TEST] {171} tested 1/1 kept=0 rest=13
[REPAIR] {174} name=[ChromeGO-Merge] United-5 fields=up,down
[TEST] {166} tested 2/2 kept=0 rest=12
[TEST] {175} tested 1/1 kept=0 rest=11
[REPAIR] {176} name=[ChromeGO-Merge] United-2 fields=up,down
[REPAIR] {178} name=[ChromeGO-ShiteThings] hysteria fields=up,down
[TEST] {177} tested 1/1 kept=0 rest=10
[REPAIR] {179} name=[ChromeGO-ShiteThings] hysteria-2 fields=up,down
[TEST] {178} tested 1/1 kept=0 rest=9
[REPAIR] {181} name=[Free-clash-v2ray] hysteria fields=up,down
[TEST] {179} tested 1/1 kept=0 rest=8
[TEST] {181} tested 1/1 kept=0 rest=7
[TEST] {172} tested 1/1 kept=0 rest=6
[TEST] {170} tested 1/1 kept=0 rest=5
[DROP] {183} name=[Free-clash-v2ray] 未知 SS-1521 | free-nodes server=192.0.2.1:1 reason=Parse config error: proxy 0: ss 192.0.2.1:1 cipher: i�5��\x1c�p initialize error: unknown method: i�5��\x1c�p
[TEST] {174} tested 1/1 kept=0 rest=3
[TEST] {176} tested 1/1 kept=0 rest=2
[TEST] {180} tested 1/1 kept=0 rest=1
[TEST] {182} tested 1/1 kept=0 rest=0
[INFO] dropped=2 [Epodonios] × 1 | [Free-clash-v2ray] × 1
============================================================
[INFO] core-dedupe dropped 1 same-host variants, kept higher health_score
[INFO] cap live source=[Mibei77-RSS] from 52 to 50 by health_score
[INFO] cap live source=[免费节点1] from 113 to 50 by health_score
[INFO] cap live source=[免费节点2] from 127 to 50 by health_score
[INFO] cap live source=[Pawdroid-SS-APK] from 375 to 50 by health_score
[INFO] cap live source=[免费节点8] from 147 to 50 by health_score
[INFO] cap live source=[Pawdroid-SR-APK] from 540 to 50 by health_score
[INFO] cap live source=[Epodonios] from 129 to 50 by health_score
[INFO] cap live source=[Free-clash-v2ray] from 1763 to 50 by health_score
[INFO] cap live source=[V2rayclashfree-RSS] from 327 to 50 by health_score
[INFO] cap live total from 685 to 400 floor=5 then health_score pool
[INFO] cap live reserved=120 pool=565 taken=280
============================================================
+------------------------------+--------+--------+------+--------+
| source                       |    raw | unique | live | capped |
+------------------------------+--------+--------+------+--------+
| [大FQ运动]                   |     14 |     14 |    1 |      1 |
+------------------------------+--------+--------+------+--------+
| [Pawdroid]                   |     34 |     33 |   13 |      5 |
+------------------------------+--------+--------+------+--------+
| [FreeV2-Base64]              |      3 |      3 |    2 |      2 |
+------------------------------+--------+--------+------+--------+
| [Bocchi2b-Base64]            |     35 |     35 |    0 |      0 |
+------------------------------+--------+--------+------+--------+
| [ChromeGO-Toolkit]           |     14 |     14 |    5 |      5 |
+------------------------------+--------+--------+------+--------+
| [ChromeGO-ShiteThings]       |     31 |     25 |    7 |      5 |
+------------------------------+--------+--------+------+--------+
| [ChromeGO-Merge]             |    116 |    116 |    7 |      5 |
+------------------------------+--------+--------+------+--------+
| [Freesocks]                  |      3 |      3 |    3 |      3 |
+------------------------------+--------+--------+------+--------+
| [NekoWarp]                   |     10 |     10 |   10 |      7 |
+------------------------------+--------+--------+------+--------+
| [1VPN-CRX]                   |     17 |     17 |   16 |      5 |
+------------------------------+--------+--------+------+--------+
| [OpenRunner-RSS]             |     14 |      0 |    0 |      0 |
+------------------------------+--------+--------+------+--------+
| [V2Rayshare-RSS]             |     27 |     25 |    5 |      5 |
+------------------------------+--------+--------+------+--------+
| [Mibei77-RSS]                |    149 |    137 |   52 |      5 |
+------------------------------+--------+--------+------+--------+
| [Yoyapai-RSS]                |    211 |    189 |   24 |     15 |
+------------------------------+--------+--------+------+--------+
| [免费节点1]                  |    381 |    240 |  113 |     37 |
+------------------------------+--------+--------+------+--------+
| [免费节点2]                  |    387 |    308 |  127 |     15 |
+------------------------------+--------+--------+------+--------+
| [免费节点3]                  |     64 |      0 |    0 |      0 |
+------------------------------+--------+--------+------+--------+
| [免费节点4]                  |    840 |    707 |   42 |      5 |
+------------------------------+--------+--------+------+--------+
| [免费节点5]                  |     29 |     28 |    0 |      0 |
+------------------------------+--------+--------+------+--------+
| [免费节点6]                  |    567 |    543 |    4 |      4 |
+------------------------------+--------+--------+------+--------+
| [免费节点7]                  |     64 |     41 |   17 |      5 |
+------------------------------+--------+--------+------+--------+
| [免费节点8]                  |   4195 |   3724 |  147 |      5 |
+------------------------------+--------+--------+------+--------+
| [免费节点9]                  |    615 |    452 |    0 |      0 |
+------------------------------+--------+--------+------+--------+
| [免费节点10]                 |   4482 |   3079 |   19 |      5 |
+------------------------------+--------+--------+------+--------+
| [免费节点11]                 |    463 |    248 |   33 |      6 |
+------------------------------+--------+--------+------+--------+
| [Pawdroid-SR-APK]            |   1084 |    716 |  540 |     50 |
+------------------------------+--------+--------+------+--------+
| [Pawdroid-SS-APK]            |   1532 |    954 |  375 |     50 |
+------------------------------+--------+--------+------+--------+
| [Clashfree]                  |   1356 |    514 |   28 |      5 |
+------------------------------+--------+--------+------+--------+
| [Epodonios]                  |   4066 |   3049 |  129 |     50 |
+------------------------------+--------+--------+------+--------+
| [Free-clash-v2ray]           |   4725 |   2246 | 1763 |     50 |
+------------------------------+--------+--------+------+--------+
| [V2rayclashfree-RSS]         |   1874 |    408 |  327 |     50 |
+------------------------------+--------+--------+------+--------+
============================================================
[SUMMARY] total_nodes=27402
[SUMMARY] legal_candidates=17878
[SUMMARY] passed_latency_test=400
[SUMMARY] region_HK=14 region_JP=3 region_US=159
[SUMMARY] avg_latency_ms=114.28
[SUMMARY] output=/home/runner/work/Free-node-autotest/Free-node-autotest/output/clash.yaml
============================================================
