============================================================
[INFO] sublink try page: https://end-gfw.com/
[OK] proxies=2 new=2 url=https://raw.githubusercontent.com/hello-world-1989/cn-news/refs/heads/main/clash.yaml
[OK] proxies=2 new=0 url=https://raw.githubusercontent.com/hello-world-1989/cn-news/main/end-gfw-together
[OK] proxies=2 new=2 url=https://raw.githubusercontent.com/hello-world-1989/cn-news/main/end-gfw-together-ss
[OK] proxies=4 source=[大FQ运动] url=https://end-gfw.com/
============================================================
[INFO] source try url: https://end-gfw.com/ss-key
[OK] proxies=4 new=4 url=https://end-gfw.com/ss-key
[OK] proxies=4 source=[大FQ运动-SS密钥] url=https://end-gfw.com/ss-key
============================================================
[INFO] sublink try page: https://github.com/hello-world-1989/cn-news/raw/refs/heads/main/README.md
[OK] proxies=2 new=2 url=https://raw.githubusercontent.com/hello-world-1989/cn-news/refs/heads/main/clash.yaml
[OK] proxies=2 new=0 url=https://raw.githubusercontent.com/hello-world-1989/cn-news/main/end-gfw-together
[OK] proxies=6 new=6 url=https://raw.githubusercontent.com/hello-world-1989/v2-sub/main/end-gfw-together-af3e13
[OK] proxies=8 source=[大FQ运动-补充] url=https://github.com/hello-world-1989/cn-news/raw/refs/heads/main/README.md
============================================================
[INFO] toolkit try release: https://github.com/bannedbook/fanqiang/releases
[INFO] toolkit try page: https://github.com/bannedbook/fanqiang/releases/expanded_assets/ChromeGo-latest
[INFO] toolkit try download: https://github.com/bannedbook/fanqiang/releases/download/ChromeGo-latest/ChromeGo.7z
[OK] toolkit downloaded: ChromeGo.7z bytes=100924352
[OK] toolkit extracted archive=ChromeGo.7z tool=7z files=222 dirs=45
[OK] toolkit embedded proxies=12 archive=ChromeGo.7z
[OK] toolkit discovered subs=107 archive=ChromeGo.7z
[OK] proxies=6 new=6 embedded=archive-config
[OK] proxies=7 new=5 url=https://gitlab.com/free9999/ipupdate/master/backup/img/1/2/{ipp|ip}/{hysteria2|singbox|naiveproxy|hysteria|xray}/{2|3|1|4}/config.json
[OK] proxies=7 new=0 url=https://www.67867867.xyz/Alvin9999/PAC/refs/heads/master/backup/img/1/2/{ipp|ip}/{hysteria2|singbox|naiveproxy|hysteria|xray}/{2|3|1|4}/config.json
[OK] proxies=3 new=3 url=https://gitlab.com/free9999/ipupdate/master/backup/img/1/2/{ipp|ip}/clash.meta2/{2|3|1|5|4|6}/config.yaml
[OK] proxies=3 new=0 url=https://www.67867867.xyz/Alvin9999/PAC/refs/heads/master/backup/img/1/2/{ipp|ip}/clash.meta2/{2|3|1|5|4|6}/config.yaml
[OK] proxies=14 source=[ChromeGO-工具包] url=https://github.com/bannedbook/fanqiang/releases/download/ChromeGo-latest/ChromeGo.7z
============================================================
[INFO] sublink try page: https://raw.githubusercontent.com/ShiteThings/extractNodes/refs/heads/main/README.md
[OK] proxies=25 new=25 url=https://chg26.makou.cc.cd/
[OK] proxies=26 new=1 url=https://chg26.makou.cc.cd/sb
[OK] proxies=26 source=[ChromeGO-ShiteThings] url=https://raw.githubusercontent.com/ShiteThings/extractNodes/refs/heads/main/README.md
============================================================
[INFO] sublink try page: https://github.com/Misaka-blog/chromego_merge/raw/refs/heads/main/README.md
[OK] proxies=25 new=25 url=https://chromego-sub.netlify.app/sub/merged_proxies_new.yaml
[OK] proxies=25 source=[ChromeGO-Merge] url=https://github.com/Misaka-blog/chromego_merge/raw/refs/heads/main/README.md
============================================================
[INFO] source try url: https://freesocks.org/api/v1/sub/02b897e8e77f19176b0b9f2c75864b00
[OK] proxies=3 new=3 url=https://freesocks.org/api/v1/sub/02b897e8e77f19176b0b9f2c75864b00
[OK] proxies=3 source=[Freesocks] url=https://freesocks.org/api/v1/sub/02b897e8e77f19176b0b9f2c75864b00
============================================================
[INFO] source try url: https://neko-warp.nloli.xyz/neko_warp.yaml
[OK] proxies=10 new=10 url=https://neko-warp.nloli.xyz/neko_warp.yaml
[OK] proxies=10 source=[NekoWarp] url=https://neko-warp.nloli.xyz/neko_warp.yaml
============================================================
[INFO] article try feed: https://free.datiya.com/index.xml
[INFO] sublink try page: https://free.datiya.com/post/20260910/
[OK] proxies=14 new=14 url=https://free.datiya.com/uploads/20260910-clash.yaml
[OK] proxies=14 source=[OpenRunner-RSS] url=https://free.datiya.com/post/20260910/
============================================================
[INFO] article try feed: https://v2rayshare.com/feed
[INFO] sublink try page: https://v2rayshare.net/p/5070.html
[OK] proxies=27 new=27 url=https://static.v2rayshare.net/2026/09/20260910.txt
[OK] proxies=27 new=0 url=https://static.v2rayshare.net/2026/09/20260910.yaml
[OK] proxies=27 new=0 url=https://static.v2rayshare.net/2026/09/m20260910.yaml
[OK] proxies=27 source=[V2Rayshare-RSS] url=https://v2rayshare.net/p/5070.html
============================================================
[INFO] sublink try page: https://github.com/firefoxmmx2/v2rayshare_subcription/raw/refs/heads/main/README.md
[OK] proxies=27 new=27 url=https://{raw.githubusercontent.com|cdn.jsdelivr.net}/firefoxmmx2/v2rayshare_subcription/main/subscription/vray_sub.txt
[OK] proxies=57 new=30 url=https://{raw.githubusercontent.com|cdn.jsdelivr.net}/firefoxmmx2/v2rayshare_subcription/main/subscription/clash_sub.yaml
[OK] proxies=27 new=0 url=https://{raw.githubusercontent.com|cdn.jsdelivr.net}/firefoxmmx2/v2rayshare_subcription/main/subscription/mihomo_sub.yaml
[OK] proxies=57 source=[V2Rayshare-SUB] url=https://github.com/firefoxmmx2/v2rayshare_subcription/raw/refs/heads/main/README.md
============================================================
[INFO] article try feed: https://www.mibei77.com/feed
[INFO] sublink try page: https://www.mibei77.com/660.html
[OK] proxies=116 new=116 url=https://mm.mibei77.com/202609/09.1064bacve.txt
[OK] proxies=114 new=0 url=https://mm.mibei77.com/202609/0910Clashizx.yaml
[OK] proxies=116 source=[Mibei77-RSS] url=https://www.mibei77.com/660.html
============================================================
[INFO] article try feed: https://yoyapai.com/feed
[INFO] sublink try page: https://yoyapai.com/712
[OK] proxies=1 new=1 url=https://yoyapai.com/712
[OK] proxies=206 new=206 url=https://freenode.yoyapai.com/2026/09/10-yoyapai.com-clash-vpn-mianfei-jiedian.yaml
[OK] proxies=206 new=0 url=https://freenode.yoyapai.com/2026/09/10-yoyapai.com-ssrv2ray-vpn-mianfei-jiedian.txt
[OK] proxies=207 source=[Yoyapai-RSS] url=https://yoyapai.com/712
============================================================
[INFO] sublink try page: https://raw.githubusercontent.com/free-clash-v2ray/free-clash-v2ray.github.io/main/README.md
[OK] proxies=2281 new=2281 url=https://free-clash-v2ray.github.io/uploads/2026/09/{0-20260906.yaml|1-20260906.yaml|2-20260906.yaml|3-20260906.yaml}
[OK] proxies=3958 new=2247 url=https://free-clash-v2ray.github.io/uploads/2026/09/{1-20260906.txt|2-20260906.txt|3-20260906.txt|4-20260906.txt}
[OK] proxies=4528 source=[Free-clash-v2ray] url=https://raw.githubusercontent.com/free-clash-v2ray/free-clash-v2ray.github.io/main/README.md
============================================================
[INFO] sublink try page: https://raw.githubusercontent.com/Pawdroid/Free-servers/refs/heads/main/README.md
[OK] proxies=17 new=17 url=https://raw.githubusercontent.com/Pawdroid/Free-servers/refs/heads/main/README.md
[OK] proxies=17 new=0 url=https://raw.githubusercontent.com/Pawdroid/Free-servers/main/sub
[OK] proxies=1 new=1 url=https://apps.apple.com/cn/app/shadowshare/id1612647259
[OK] proxies=1 new=1 url=http://www.surflare.com
[OK] proxies=19 source=[Pawdroid] url=https://raw.githubusercontent.com/Pawdroid/Free-servers/refs/heads/main/README.md
============================================================
[INFO] source try url: https://xmxosfepggzm.503403.xyz
[OK] proxies=3 new=3 url=https://xmxosfepggzm.503403.xyz
[OK] proxies=3 source=[FreeV2-Base64] url=https://xmxosfepggzm.503403.xyz
============================================================
[INFO] source try url: https://links.bocchi2b.top/clash
[OK] proxies=35 new=35 url=https://links.bocchi2b.top/clash
[OK] proxies=35 source=[Bocchi2b-Base64] url=https://links.bocchi2b.top/clash
============================================================
[INFO] sublink try page: https://raw.githubusercontent.com/free18/v2ray/refs/heads/main/README.md
[OK] proxies=3 new=3 url=https://raw.githubusercontent.com/free18/v2ray/refs/heads/main/README.md
[OK] proxies=156 new=156 url=https://ghfast.top/https://raw.githubusercontent.com/free18/v2ray/refs/heads/main/v.txt
[OK] proxies=156 new=0 url=https://ghfast.top/https://raw.githubusercontent.com/free18/v2ray/refs/heads/main/c.yaml
[OK] proxies=159 source=[免费节点1] url=https://raw.githubusercontent.com/free18/v2ray/refs/heads/main/README.md
============================================================
[INFO] sublink try page: https://github.com/ermaozi/get_subscribe/raw/refs/heads/main/README.md
[INFO] sublink file_nodes=0 bare links=9
[OK] proxies=402 new=402 url=https://www.ermao.net/sub/{clash|v2ray}/ermao.net
[OK] proxies=402 new=0 url=https://www.ermao.net/sub/{reachable|unreachable|untested}/clash/ermao.net
[OK] proxies=402 source=[免费节点2] url=https://github.com/ermaozi/get_subscribe/raw/refs/heads/main/README.md
============================================================
[INFO] sublink try page: https://raw.githubusercontent.com/sunmiao4458/free-proxy-airport/refs/heads/main/README.md
[OK] proxies=32 new=32 url=https://sunmiao4458.github.io/free-proxy-airport/clash.yaml
[OK] proxies=32 source=[免费节点3] url=https://raw.githubusercontent.com/sunmiao4458/free-proxy-airport/refs/heads/main/README.md
============================================================
[INFO] sublink try page: https://raw.githubusercontent.com/mfuu/FreeProxies/refs/heads/master/README.md
[OK] proxies=744 new=744 url=https://raw.githubusercontent.com/mfuu/FreeProxies/master/sub.yaml
[OK] proxies=744 source=[免费节点4] url=https://raw.githubusercontent.com/mfuu/FreeProxies/refs/heads/master/README.md
============================================================
[INFO] sublink try page: https://github.com/vxiaov/free_proxies/raw/refs/heads/main/README.md
[OK] proxies=1 new=1 url=https://github.com/vxiaov/free_proxies/raw/refs/heads/main/README.md
[OK] proxies=28 new=28 url=https://{cdn.jsdelivr.net|raw.githubusercontent.com}/vxiaov/free_proxies/main/clash/clash.provider.yaml
[OK] proxies=29 source=[免费节点5] url=https://github.com/vxiaov/free_proxies/raw/refs/heads/main/README.md
============================================================
[INFO] sublink try page: https://github.com/anaer/Sub/raw/refs/heads/main/README.MD
[OK] proxies=247 new=247 url=https://anaer.github.io/Sub/clash.yaml
[OK] proxies=247 new=0 url=https://raw.githubusercontent.com/anaer/Sub/main/clash.yaml
[OK] proxies=247 source=[免费节点6] url=https://github.com/anaer/Sub/raw/refs/heads/main/README.MD
============================================================
[INFO] sublink try page: https://github.com/snakem982/proxypool/raw/refs/heads/main/README.md
[OK] proxies=64 new=64 url=https://raw.githubusercontent.com/snakem982/proxypool/main/source/clash-meta-2.yaml
[OK] proxies=63 new=0 url=https://raw.githubusercontent.com/snakem982/proxypool/main/source/v2ray-2.txt
[OK] proxies=62 new=0 url=https://raw.githubusercontent.com/snakem982/proxypool/main/source/sing-box-2.json
[OK] proxies=64 source=[免费节点7] url=https://github.com/snakem982/proxypool/raw/refs/heads/main/README.md
============================================================
[INFO] sublink try page: https://raw.githubusercontent.com/mahdibland/V2RayAggregator/refs/heads/master/README.md
[OK] proxies=375 new=375 url=https://raw.githubusercontent.com/mahdibland/V2RayAggregator/refs/heads/master/README.md
[OK] proxies=1 new=1 url=https://github.com/mahdibland/SSAggregator/actions/workflows/Collector.yml
[OK] proxies=1 new=0 url=https://github.com/mahdibland/SSAggregator/actions/workflows/Airport_Collector.yml
[OK] proxies=192 new=0 url=https://raw.githubusercontent.com/mahdibland/ShadowsocksAggregator/master/Eternity.txt
[OK] proxies=193 new=1 url=https://raw.githubusercontent.com/mahdibland/ShadowsocksAggregator/master/Eternity.yml
[OK] proxies=61 new=61 url=https://raw.githubusercontent.com/mahdibland/ShadowsocksAggregator/master/EternityAir.txt
[OK] proxies=3887 new=3606 url=https://raw.githubusercontent.com/mahdibland/SSAggregator/master/sub/sub_merge_base64.txt
[OK] proxies=3887 new=0 url=https://raw.githubusercontent.com/mahdibland/{SSAggregator|ShadowsocksAggregator}/master/sub/sub_merge.txt
[OK] proxies=4029 new=143 url=https://raw.githubusercontent.com/mahdibland/SSAggregator/master/sub/sub_merge_yaml.yml
[OK] proxies=61 new=0 url=https://raw.githubusercontent.com/mahdibland/SSAggregator/master/sub/airport_merge_base64.txt
[OK] proxies=61 new=0 url=https://raw.githubusercontent.com/mahdibland/SSAggregator/master/sub/airport_sub_merge.txt
[OK] proxies=1353 new=0 url=https://raw.githubusercontent.com/mahdibland/ShadowsocksAggregator/master/sub/splitted/vmess.txt
[OK] proxies=655 new=0 url=https://raw.githubusercontent.com/mahdibland/ShadowsocksAggregator/master/sub/splitted/trojan.txt
[OK] proxies=43 new=0 url=https://raw.githubusercontent.com/mahdibland/ShadowsocksAggregator/master/sub/splitted/ssr.txt
[OK] proxies=1836 new=0 url=https://raw.githubusercontent.com/mahdibland/ShadowsocksAggregator/master/sub/splitted/ss.txt
[OK] proxies=1 new=0 url=https://cdn.jsdelivr.net/gh/mahdibland/V2RayAggregator@master/update/provider/provider-meta.yml
[OK] proxies=1 new=0 url=https://cdn.jsdelivr.net/gh/mahdibland/V2RayAggregator@master/update/provider/provider-meta-cn.yml
[OK] proxies=1 new=0 url=https://cdn.jsdelivr.net/gh/mahdibland/V2RayAggregator@master/update/provider/provider-meta-others.yml
[OK] proxies=1 new=0 url=https://cdn.jsdelivr.net/gh/mahdibland/V2RayAggregator@master/update/provider/provider.yml
[OK] proxies=1 new=0 url=https://cdn.jsdelivr.net/gh/mahdibland/V2RayAggregator@master/update/provider/provider-cn.yml
[OK] proxies=1 new=0 url=https://cdn.jsdelivr.net/gh/mahdibland/V2RayAggregator@master/update/provider/provider-others.yml
[OK] proxies=4187 source=[免费节点8] url=https://raw.githubusercontent.com/mahdibland/V2RayAggregator/refs/heads/master/README.md
============================================================
[INFO] sublink try page: https://raw.githubusercontent.com/w1770946466/Auto_proxy/refs/heads/main/README.md
[OK] proxies=1 new=1 url=https://github.com/w1770946466/Auto_proxy/actions/workflows/main.yml
[OK] proxies=245 new=245 url=https://raw.githubusercontent.com/w1770946466/Auto_proxy/main/{Long_term_subscription2.yaml|Long_term_subscription1.yaml|Long_term_subscription3.yaml}
[OK] proxies=489 new=54 url=https://raw.githubusercontent.com/w1770946466/Auto_proxy/main/{Long_term_subscription1|Long_term_subscription2|Long_term_subscription3|Long_term_subscription4|Long_term_subscription5|Long_term_subscription6|Long_term_subscription7|Long_term_subscription8}
[OK] proxies=489 new=315 url=https://raw.githubusercontent.com/w1770946466/Auto_proxy/main/Long_term_subscription_num
[OK] proxies=615 source=[免费节点9] url=https://raw.githubusercontent.com/w1770946466/Auto_proxy/refs/heads/main/README.md
============================================================
[INFO] sublink try page: https://raw.githubusercontent.com/PuddinCat/BestClash/refs/heads/main/README.md
[OK] proxies=16 new=16 url=https://raw.githubusercontent.com/PuddinCat/BestClash/main/proxies.yaml
[OK] proxies=28 new=28 url=https://cdn.jsdelivr.net/gh/vxiaov/free_proxies@main/clash/clash.provider.yaml
[OK] proxies=24 new=24 url=https://freenode.openrunner.net/uploads/20240807-clash.yaml
[OK] proxies=25 new=25 url=https://raw.githubusercontent.com/Misaka-blog/chromego_merge/main/sub/merged_proxies_new.yaml
[OK] proxies=3385 new=3373 url=https://raw.githubusercontent.com/{NiceVPN123|anaer}/{NiceVPN|Sub}/main/{Clash.yaml|clash.yaml}
[OK] proxies=29 new=2 url=https://raw.githubusercontent.com/{chengaopan|peasoft}/{AutoMergePublicNodes|NoMoreWalls}/master/list.yml
[OK] proxies=402 new=367 url=https://raw.githubusercontent.com/{ermaozi|ermaozi01}/{get_subscribe|free_clash_vpn}/main/subscribe/clash.yml
[OK] proxies=193 new=179 url=https://raw.githubusercontent.com/mahdibland/ShadowsocksAggregator/master/Eternity.yml
[OK] proxies=165 new=160 url=https://raw.githubusercontent.com/ronghuaxueleng/get_v2/main/pub/combine.yaml
[OK] proxies=144 new=3 url=https://raw.githubusercontent.com/zhangkaiitugithub/passcro/main/speednodes.yaml
[OK] proxies=4177 source=[免费节点10] url=https://raw.githubusercontent.com/PuddinCat/BestClash/refs/heads/main/README.md
============================================================
[INFO] sublink try page: https://raw.githubusercontent.com/kooker/FreeSubsCheck/main/README.md
[OK] proxies=1 new=1 url=https://raw.githubusercontent.com/kooker/FreeSubsCheck/main/mihomo.yaml
[OK] proxies=1 new=0 url=https://raw.githubusercontent.com/kooker/FreeSubsCheck/main/all.yaml
[OK] proxies=1 new=0 url=https://raw.githubusercontent.com/kooker/FreeSubsCheck/main/base64.txt
[OK] proxies=16 new=16 url=https://raw.githubusercontent.com/kooker/FreeSubsCheck/main/byxiaoxi.txt
[OK] proxies=434 new=427 url=https://raw.githubusercontent.com/kooker/FreeSubsCheck/main/kooker.jp.txt
[OK] proxies=444 source=[免费节点11] url=https://raw.githubusercontent.com/kooker/FreeSubsCheck/main/README.md
============================================================
[INFO] toolkit try release: https://github.com/Pawdroid/shadowrocket_for_android/releases
[INFO] toolkit try page: https://github.com/Pawdroid/shadowrocket_for_android/releases/expanded_assets/v10.10.5-standard
[INFO] toolkit try download: https://github.com/Pawdroid/shadowrocket_for_android/releases/download/v10.10.5-standard/Shadowrocket_10.10.5_shadowrocketStandard_arm64-v8a.apk
[OK] toolkit downloaded: Shadowrocket_10.10.5_shadowrocketStandard_arm64-v8a.apk bytes=42354602
[OK] toolkit extracted archive=Shadowrocket_10.10.5_shadowrocketStandard_arm64-v8a.apk tool=zipfile files=1320 dirs=36
[OK] toolkit sr-apk scanned prefixes=29 files=11 keys=2 archive=Shadowrocket_10.10.5_shadowrocketStandard_arm64-v8a.apk
[OK] proxies=1386 new=1386 url=https://raw.githubusercontent.com/hideme9527/ecfg/refs/heads/main/data/ecfg_zh
[OK] proxies=171 new=68 url=https://raw.githubusercontent.com/hideme9527/ecfg/refs/heads/main/data/ecfg5
[OK] proxies=171 new=0 url=https://{ecfg.v2gh.com|vip.foxovpn.com|cdn10.159236.xyz|cdn.159236.xyz|cdn100.159236.xyz}/{data|config}/ecfg5
[OK] proxies=129 new=0 url=https://raw.githubusercontent.com/hideme9527/ecfg/refs/heads/main/data/ecfg
[OK] proxies=129 new=0 url=https://{ecfg.v2gh.com|vip.foxovpn.com|cdn10.159236.xyz|cdn.159236.xyz|cdn100.159236.xyz}/{data|config}/ecfg
[OK] proxies=1386 new=0 url=https://{vip.foxovpn.com|ecfg.v2gh.com|cdn.159236.xyz|cdn10.159236.xyz|cdn100.159236.xyz}/{config|data}/ecfg_zh
[OK] proxies=1386 new=0 url=https://{cdn10.159236.xyz|cdn.159236.xyz|cdn100.159236.xyz|ecfg.v2gh.com|vip.foxovpn.com}/{config|data}/ecfg_en
[OK] proxies=1386 new=0 url=https://{cdn10.159236.xyz|cdn.159236.xyz|ecfg.v2gh.com|cdn100.159236.xyz|vip.foxovpn.com}/{config|data}/ecfg_es
[OK] proxies=1386 new=0 url=https://{cdn.159236.xyz|cdn10.159236.xyz|cdn100.159236.xyz|ecfg.v2gh.com|vip.foxovpn.com}/{config|data}/ecfg_pt
[OK] proxies=1386 new=0 url=https://{cdn.159236.xyz|cdn10.159236.xyz|cdn100.159236.xyz|ecfg.v2gh.com|vip.foxovpn.com}/{config|data}/ecfg_ja
[OK] proxies=1386 new=0 url=https://{cdn10.159236.xyz|cdn.159236.xyz|ecfg.v2gh.com|cdn100.159236.xyz|vip.foxovpn.com}/{config|data}/ecfg_ru
[OK] proxies=1386 new=0 url=https://{cdn10.159236.xyz|cdn.159236.xyz|cdn100.159236.xyz|ecfg.v2gh.com|vip.foxovpn.com}/{config|data}/ecfg_de
[OK] proxies=1386 new=0 url=https://{cdn100.159236.xyz|cdn.159236.xyz|cdn10.159236.xyz|ecfg.v2gh.com|vip.foxovpn.com}/{data|config}/ecfg_fr
[OK] proxies=1386 new=0 url=https://raw.githubusercontent.com/hideme9527/ecfg/refs/heads/main/data/ecfg_de
[OK] proxies=1386 new=0 url=https://raw.githubusercontent.com/hideme9527/ecfg/refs/heads/main/data/ecfg_en
[OK] proxies=1386 new=0 url=https://raw.githubusercontent.com/hideme9527/ecfg/refs/heads/main/data/ecfg_es
[OK] proxies=1386 new=0 url=https://raw.githubusercontent.com/hideme9527/ecfg/refs/heads/main/data/ecfg_ja
[OK] proxies=1386 new=0 url=https://raw.githubusercontent.com/hideme9527/ecfg/refs/heads/main/data/ecfg_fr
[OK] proxies=1386 new=0 url=https://raw.githubusercontent.com/hideme9527/ecfg/refs/heads/main/data/ecfg_ru
[OK] proxies=1386 new=0 url=https://raw.githubusercontent.com/hideme9527/ecfg/refs/heads/main/data/ecfg_pt
[OK] proxies=1454 source=[Pawdroid-sr-apk] url=https://github.com/Pawdroid/shadowrocket_for_android/releases/download/v10.10.5-standard/Shadowrocket_10.10.5_shadowrocketStandard_arm64-v8a.apk
============================================================
[INFO] toolkit try page: https://shadowshare.v2cross.com/
[INFO] toolkit try download: https://shadowshare.v2cross.com/shadowshare.apk
[OK] toolkit downloaded: shadowshare.apk bytes=62868122
[OK] toolkit extracted archive=shadowshare.apk tool=zipfile files=612 dirs=39
[OK] toolkit ss-apk scanned prefixes=10 files=3 keys=1 archive=shadowshare.apk
[OK] proxies=1386 new=1386 url=https://{raw.githubusercontent.com|jsd.onmicrosoft.cn}/hideme9527/ecsfg/main/data/sareserver_en
[OK] proxies=171 new=68 url=https://{jsd.onmicrosoft.cn|raw.githubusercontent.com}/hideme9527/ecsfg/main/data/sareserver
[OK] proxies=1386 new=0 url=https://{shadowsharing.com|sare.159236.xyz}/data/sareserver_en
[OK] proxies=171 new=0 url=https://{shadowsharing.com|sare.159236.xyz}/data/sareserver
[OK] proxies=171 new=0 url=https://gitee.com/api/v5/repos/{guoyoucai1|zhiminghao|elvenapp}/ecsfg/raw/data/sareserver
[OK] proxies=1386 new=0 url=https://gitee.com/api/v5/repos/{guoyoucai1|elvenapp|zhiminghao}/ecsfg/raw/data/sareserver_en
[OK] proxies=1454 source=[Pawdroid-ss-apk] url=https://shadowshare.v2cross.com/shadowshare.apk
============================================================
[INFO] sublink try page: https://raw.githubusercontent.com/free-nodes/clashfree/refs/heads/main/README.md
[OK] proxies=1339 new=1339 url=https://raw.githubusercontent.com/free-nodes/clashfree/refs/heads/main/README.md
[OK] proxies=1339 new=0 url=https://raw.githubusercontent.com/free-nodes/clashfree/main/clash20260910.yml
[OK] proxies=1 new=1 url=https://github.com/free-nodes/clashfree/blob/main/clash20260910.yml
[OK] proxies=1340 source=[Clashfree] url=https://raw.githubusercontent.com/free-nodes/clashfree/refs/heads/main/README.md
============================================================
[INFO] sublink try page: https://github.com/Epodonios/v2ray-configs/raw/refs/heads/main/README.md
[OK] proxies=1 new=1 url=https://github.com/Epodonios/V2ray-Configs/actions/workflows/main.yml
[OK] proxies=2900 new=2900 url=https://github.com/Epodonios/v2ray-configs/raw/main/All_Configs_Sub.txt
[OK] proxies=2900 new=0 url=https://github.com/Epodonios/v2ray-configs/raw/main/All_Configs_base64_Sub.txt
[OK] proxies=3187 new=1173 url=https://github.com/Epodonios/v2ray-configs/raw/main/Splitted-By-Protocol/vless.txt
[OK] proxies=144 new=4 url=https://github.com/Epodonios/v2ray-configs/raw/main/Splitted-By-Protocol/vmess.txt
[OK] proxies=379 new=5 url=https://github.com/Epodonios/v2ray-configs/raw/main/Splitted-By-Protocol/ss.txt
[OK] proxies=151 new=98 url=https://github.com/Epodonios/v2ray-configs/raw/main/Splitted-By-Protocol/trojan.txt
[OK] proxies=4080 new=79 url=https://raw.githubusercontent.com/Epodonios/v2ray-configs/main/{Sub1.txt|Sub2.txt|Sub3.txt|Sub4.txt|Sub5.txt|Sub6.txt|Sub7.txt|Sub8.txt}
[OK] proxies=4260 source=[Epodonios] url=https://github.com/Epodonios/v2ray-configs/raw/refs/heads/main/README.md
============================================================
[INFO] article try page: https://v2rayclashfree.com/
[INFO] sublink try page: https://v2rayclashfree.com/fn/20260910.html
[OK] proxies=3705 new=3705 url=https://v2rayclashfree.com/sub/20260910-v2ray.txt
[OK] proxies=3166 new=411 url=https://v2rayclashfree.com/sub/20260910-clash.yaml
[OK] proxies=4116 source=[V2rayclashfree-RSS] url=https://v2rayclashfree.com/fn/20260910.html
============================================================
[INFO] raw backup written path=/home/runner/work/Free-node-autotest/Free-node-autotest/output/raw.yaml proxies=28826
[INFO] release digest sha256=b358eba638b01c1f1841c4d612d4b6da58419bef96055958cf9c3be04f625642 asset=mihomo-linux-amd64-v1-go120-v1.19.30.gz
[INFO] downloading proxy engine: https://github.com/MetaCubeX/mihomo/releases/download/v1.19.30/mihomo-linux-amd64-v1-go120-v1.19.30.gz
[OK] proxy engine sha256 verified: b358eba638b01c1f1841c4d612d4b6da58419bef96055958cf9c3be04f625642
============================================================
[WARN] batch start failed size=18103
[WARN] split batch 18103 -> 9051 + 9052
[WARN] batch start failed size=9051
[WARN] split batch 9051 -> 4525 + 4526
[WARN] batch start failed size=4525
[WARN] split batch 4525 -> 2262 + 2263
[INFO] tested 100/2262 kept=23 rest=18003
[INFO] tested 200/2262 kept=32 rest=17903
[INFO] tested 300/2262 kept=42 rest=17803
[INFO] tested 400/2262 kept=52 rest=17703
[INFO] tested 500/2262 kept=69 rest=17603
[INFO] tested 600/2262 kept=89 rest=17503
[INFO] tested 700/2262 kept=121 rest=17403
[INFO] tested 800/2262 kept=155 rest=17303
[INFO] tested 900/2262 kept=190 rest=17203
[INFO] tested 1000/2262 kept=223 rest=17103
[INFO] tested 1100/2262 kept=278 rest=17003
[INFO] tested 1200/2262 kept=314 rest=16903
[INFO] tested 1300/2262 kept=366 rest=16803
[INFO] tested 1400/2262 kept=408 rest=16703
[INFO] tested 1500/2262 kept=428 rest=16603
[INFO] tested 1600/2262 kept=456 rest=16503
[INFO] tested 1700/2262 kept=520 rest=16403
[INFO] tested 1800/2262 kept=582 rest=16303
[INFO] tested 1900/2262 kept=611 rest=16203
[INFO] tested 2000/2262 kept=672 rest=16103
[INFO] tested 2100/2262 kept=700 rest=16003
[INFO] tested 2200/2262 kept=722 rest=15903
[INFO] tested 2262/2262 kept=722 rest=15841
[WARN] batch start failed size=2263
[WARN] split batch 2263 -> 1131 + 1132
[WARN] batch start failed size=1131
[WARN] split batch 1131 -> 565 + 566
[WARN] batch start failed size=565
[WARN] split batch 565 -> 282 + 283
[WARN] batch start failed size=282
[WARN] split batch 282 -> 141 + 141
[INFO] tested 100/141 kept=27 rest=15741
[INFO] tested 141/141 kept=27 rest=15700
[WARN] batch start failed size=141
[WARN] split batch 141 -> 70 + 71
[INFO] tested 70/70 kept=11 rest=15630
[WARN] batch start failed size=71
[WARN] split batch 71 -> 35 + 36
[INFO] tested 35/35 kept=3 rest=15595
[WARN] batch start failed size=36
[WARN] split batch 36 -> 18 + 18
[WARN] batch start failed size=18
[WARN] split batch 18 -> 9 + 9
[INFO] tested 9/9 kept=8 rest=15586
[WARN] batch start failed size=9
[WARN] split batch 9 -> 4 + 5
[INFO] tested 4/4 kept=4 rest=15582
[WARN] batch start failed size=5
[WARN] split batch 5 -> 2 + 3
[INFO] tested 2/2 kept=1 rest=15580
[WARN] batch start failed size=3
[WARN] split batch 3 -> 1 + 2
[INFO] tested 1/1 kept=0 rest=15579
[WARN] batch start failed size=2
[WARN] split batch 2 -> 1 + 1
[INFO] tested 1/1 kept=1 rest=15578
[WARN] batch start failed size=1
[DROP] name=[Free-clash-v2ray] hysteria server=5.83.129.143:26691 reason=Start initial configuration in progress
[WARN] batch start failed size=18
[WARN] split batch 18 -> 9 + 9
[WARN] batch start failed size=9
[WARN] split batch 9 -> 4 + 5
[WARN] batch start failed size=4
[WARN] split batch 4 -> 2 + 2
[INFO] tested 2/2 kept=2 rest=15575
[WARN] batch start failed size=2
[WARN] split batch 2 -> 1 + 1
[INFO] tested 1/1 kept=1 rest=15574
[WARN] batch start failed size=1
[DROP] name=[Free-clash-v2ray] 🇩🇪DE_5|576KB/s|K001-260618 01 server=5.83.129.90:54177 reason=Start initial configuration in progress
[INFO] tested 5/5 kept=5 rest=15568
[INFO] tested 9/9 kept=8 rest=15559
[INFO] tested 100/283 kept=84 rest=15459
[INFO] tested 200/283 kept=171 rest=15359
[INFO] tested 283/283 kept=222 rest=15276
[WARN] batch start failed size=566
[WARN] split batch 566 -> 283 + 283
[INFO] tested 100/283 kept=29 rest=15176
[INFO] tested 200/283 kept=76 rest=15076
[INFO] tested 283/283 kept=101 rest=14993
[WARN] batch start failed size=283
[WARN] split batch 283 -> 141 + 142
[WARN] batch start failed size=141
[WARN] split batch 141 -> 70 + 71
[WARN] batch start failed size=70
[WARN] split batch 70 -> 35 + 35
[INFO] tested 35/35 kept=9 rest=14958
[WARN] batch start failed size=35
[WARN] split batch 35 -> 17 + 18
[WARN] batch start failed size=17
[WARN] split batch 17 -> 8 + 9
[INFO] tested 8/8 kept=5 rest=14950
[WARN] batch start failed size=9
[WARN] split batch 9 -> 4 + 5
[INFO] tested 4/4 kept=0 rest=14946
[WARN] batch start failed size=5
[WARN] split batch 5 -> 2 + 3
[WARN] batch start failed size=2
[WARN] split batch 2 -> 1 + 1
[INFO] tested 1/1 kept=0 rest=14945
[WARN] batch start failed size=1
[DROP] name=[Free-clash-v2ray] 🇩🇪DE_92|773KB/s|C002-260622 01 server=5.83.129.153:20088 reason=Start initial configuration in progress
[INFO] tested 3/3 kept=0 rest=14941
[INFO] tested 18/18 kept=7 rest=14923
[INFO] tested 71/71 kept=8 rest=14852
[INFO] tested 100/142 kept=22 rest=14752
[INFO] tested 142/142 kept=25 rest=14710
[INFO] tested 100/1132 kept=21 rest=14610
[INFO] tested 200/1132 kept=22 rest=14510
[INFO] tested 300/1132 kept=22 rest=14410
[INFO] tested 400/1132 kept=23 rest=14310
[INFO] tested 500/1132 kept=26 rest=14210
[INFO] tested 600/1132 kept=28 rest=14110
[INFO] tested 700/1132 kept=28 rest=14010
[INFO] tested 800/1132 kept=28 rest=13910
[INFO] tested 900/1132 kept=29 rest=13810
[INFO] tested 1000/1132 kept=30 rest=13710
[INFO] tested 1100/1132 kept=30 rest=13610
[INFO] tested 1132/1132 kept=30 rest=13578
[WARN] batch start failed size=4526
[WARN] split batch 4526 -> 2263 + 2263
[WARN] batch start failed size=2263
[WARN] split batch 2263 -> 1131 + 1132
[WARN] batch start failed size=1131
[WARN] split batch 1131 -> 565 + 566
[WARN] batch start failed size=565
[WARN] split batch 565 -> 282 + 283
[WARN] batch start failed size=282
[WARN] split batch 282 -> 141 + 141
[WARN] batch start failed size=141
[WARN] split batch 141 -> 70 + 71
[WARN] batch start failed size=70
[WARN] split batch 70 -> 35 + 35
[INFO] tested 35/35 kept=0 rest=13543
[WARN] batch start failed size=35
[WARN] split batch 35 -> 17 + 18
[INFO] tested 17/17 kept=0 rest=13526
[WARN] batch start failed size=18
[WARN] split batch 18 -> 9 + 9
[INFO] tested 9/9 kept=3 rest=13517
[WARN] batch start failed size=9
[WARN] split batch 9 -> 4 + 5
[INFO] tested 4/4 kept=0 rest=13513
[WARN] batch start failed size=5
[WARN] split batch 5 -> 2 + 3
[WARN] batch start failed size=2
[WARN] split batch 2 -> 1 + 1
[INFO] tested 1/1 kept=0 rest=13512
[WARN] batch start failed size=1
[DROP] name=[Free-clash-v2ray] 未知 SS-1439 | free-nodes server=192.0.2.1:1 reason=Start initial configuration in progress
[INFO] tested 3/3 kept=0 rest=13508
[INFO] tested 71/71 kept=4 rest=13437
[INFO] tested 100/141 kept=23 rest=13337
[INFO] tested 141/141 kept=23 rest=13296
[INFO] tested 100/283 kept=6 rest=13196
[INFO] tested 200/283 kept=16 rest=13096
[INFO] tested 283/283 kept=34 rest=13013
[INFO] tested 100/566 kept=0 rest=12913
[INFO] tested 200/566 kept=17 rest=12813
[INFO] tested 300/566 kept=20 rest=12713
[INFO] tested 400/566 kept=22 rest=12613
[INFO] tested 500/566 kept=22 rest=12513
[INFO] tested 566/566 kept=22 rest=12447
[INFO] tested 100/1132 kept=0 rest=12347
[INFO] tested 200/1132 kept=0 rest=12247
[INFO] tested 300/1132 kept=0 rest=12147
[INFO] tested 400/1132 kept=0 rest=12047
[INFO] tested 500/1132 kept=0 rest=11947
[INFO] tested 600/1132 kept=0 rest=11847
[INFO] tested 700/1132 kept=1 rest=11747
[INFO] tested 800/1132 kept=1 rest=11647
[INFO] tested 900/1132 kept=1 rest=11547
[INFO] tested 1000/1132 kept=1 rest=11447
[INFO] tested 1100/1132 kept=1 rest=11347
[INFO] tested 1132/1132 kept=1 rest=11315
[INFO] tested 100/2263 kept=0 rest=11215
[INFO] tested 200/2263 kept=30 rest=11115
[INFO] tested 300/2263 kept=122 rest=11015
[INFO] tested 400/2263 kept=145 rest=10915
[INFO] tested 500/2263 kept=146 rest=10815
[INFO] tested 600/2263 kept=146 rest=10715
[INFO] tested 700/2263 kept=146 rest=10615
[INFO] tested 800/2263 kept=146 rest=10515
[INFO] tested 900/2263 kept=146 rest=10415
[INFO] tested 1000/2263 kept=146 rest=10315
[INFO] tested 1100/2263 kept=146 rest=10215
[INFO] tested 1200/2263 kept=147 rest=10115
[INFO] tested 1300/2263 kept=147 rest=10015
[INFO] tested 1400/2263 kept=147 rest=9915
[INFO] tested 1500/2263 kept=147 rest=9815
[INFO] tested 1600/2263 kept=147 rest=9715
[INFO] tested 1700/2263 kept=147 rest=9615
[INFO] tested 1800/2263 kept=147 rest=9515
[INFO] tested 1900/2263 kept=147 rest=9415
[INFO] tested 2000/2263 kept=147 rest=9315
[INFO] tested 2100/2263 kept=147 rest=9215
[INFO] tested 2200/2263 kept=147 rest=9115
[INFO] tested 2263/2263 kept=147 rest=9052
[WARN] batch start failed size=9052
[WARN] split batch 9052 -> 4526 + 4526
[WARN] batch start failed size=4526
[WARN] split batch 4526 -> 2263 + 2263
[INFO] tested 100/2263 kept=0 rest=8952
[INFO] tested 200/2263 kept=0 rest=8852
[INFO] tested 300/2263 kept=0 rest=8752
[INFO] tested 400/2263 kept=1 rest=8652
[INFO] tested 500/2263 kept=3 rest=8552
[INFO] tested 600/2263 kept=4 rest=8452
[INFO] tested 700/2263 kept=4 rest=8352
[INFO] tested 800/2263 kept=5 rest=8252
[INFO] tested 900/2263 kept=5 rest=8152
[INFO] tested 1000/2263 kept=5 rest=8052
[INFO] tested 1100/2263 kept=5 rest=7952
[INFO] tested 1200/2263 kept=5 rest=7852
[INFO] tested 1300/2263 kept=5 rest=7752
[INFO] tested 1400/2263 kept=6 rest=7652
[INFO] tested 1500/2263 kept=6 rest=7552
[INFO] tested 1600/2263 kept=7 rest=7452
[INFO] tested 1700/2263 kept=8 rest=7352
[INFO] tested 1800/2263 kept=9 rest=7252
[INFO] tested 1900/2263 kept=9 rest=7152
[INFO] tested 2000/2263 kept=9 rest=7052
[INFO] tested 2100/2263 kept=9 rest=6952
[INFO] tested 2200/2263 kept=9 rest=6852
[INFO] tested 2263/2263 kept=9 rest=6789
[WARN] batch start failed size=2263
[WARN] split batch 2263 -> 1131 + 1132
[INFO] tested 100/1131 kept=0 rest=6689
[INFO] tested 200/1131 kept=0 rest=6589
[INFO] tested 300/1131 kept=0 rest=6489
[INFO] tested 400/1131 kept=0 rest=6389
[INFO] tested 500/1131 kept=0 rest=6289
[INFO] tested 600/1131 kept=0 rest=6189
[INFO] tested 700/1131 kept=0 rest=6089
[INFO] tested 800/1131 kept=0 rest=5989
[INFO] tested 900/1131 kept=0 rest=5889
[INFO] tested 1000/1131 kept=0 rest=5789
[INFO] tested 1100/1131 kept=0 rest=5689
[INFO] tested 1131/1131 kept=0 rest=5658
[WARN] batch start failed size=1132
[WARN] split batch 1132 -> 566 + 566
[WARN] batch start failed size=566
[WARN] split batch 566 -> 283 + 283
[INFO] tested 100/283 kept=4 rest=5558
[INFO] tested 200/283 kept=5 rest=5458
[INFO] tested 283/283 kept=6 rest=5375
[WARN] batch start failed size=283
[WARN] split batch 283 -> 141 + 142
[WARN] batch start failed size=141
[WARN] split batch 141 -> 70 + 71
[WARN] batch start failed size=70
[WARN] split batch 70 -> 35 + 35
[INFO] tested 35/35 kept=2 rest=5340
[WARN] batch start failed size=35
[WARN] split batch 35 -> 17 + 18
[INFO] tested 17/17 kept=1 rest=5323
[WARN] batch start failed size=18
[WARN] split batch 18 -> 9 + 9
[WARN] batch start failed size=9
[WARN] split batch 9 -> 4 + 5
[WARN] batch start failed size=4
[WARN] split batch 4 -> 2 + 2
[WARN] batch start failed size=2
[WARN] split batch 2 -> 1 + 1
[INFO] tested 1/1 kept=0 rest=5322
[WARN] batch start failed size=1
[DROP] name=[Pawdroid-sr-apk] 英国+V2CROSS.COM server=82.38.31.189:8080 reason=Start initial configuration in progress
[INFO] tested 2/2 kept=0 rest=5319
[INFO] tested 5/5 kept=2 rest=5314
[INFO] tested 9/9 kept=2 rest=5305
[INFO] tested 71/71 kept=4 rest=5234
[INFO] tested 100/142 kept=0 rest=5134
[INFO] tested 142/142 kept=2 rest=5092
[INFO] tested 100/566 kept=2 rest=4992
[INFO] tested 200/566 kept=5 rest=4892
[INFO] tested 300/566 kept=8 rest=4792
[INFO] tested 400/566 kept=23 rest=4692
[INFO] tested 500/566 kept=38 rest=4592
[INFO] tested 566/566 kept=41 rest=4526
[WARN] batch start failed size=4526
[WARN] split batch 4526 -> 2263 + 2263
[WARN] batch start failed size=2263
[WARN] split batch 2263 -> 1131 + 1132
[WARN] batch start failed size=1131
[WARN] split batch 1131 -> 565 + 566
[WARN] batch start failed size=565
[WARN] split batch 565 -> 282 + 283
[WARN] batch start failed size=282
[WARN] split batch 282 -> 141 + 141
[INFO] tested 100/141 kept=2 rest=4426
[INFO] tested 141/141 kept=2 rest=4385
[WARN] batch start failed size=141
[WARN] split batch 141 -> 70 + 71
[WARN] batch start failed size=70
[WARN] split batch 70 -> 35 + 35
[WARN] batch start failed size=35
[WARN] split batch 35 -> 17 + 18
[INFO] tested 17/17 kept=2 rest=4368
[WARN] batch start failed size=18
[WARN] split batch 18 -> 9 + 9
[INFO] tested 9/9 kept=0 rest=4359
[WARN] batch start failed size=9
[WARN] split batch 9 -> 4 + 5
[WARN] batch start failed size=4
[WARN] split batch 4 -> 2 + 2
[INFO] tested 2/2 kept=0 rest=4357
[WARN] batch start failed size=2
[WARN] split batch 2 -> 1 + 1
[INFO] tested 1/1 kept=0 rest=4356
[WARN] batch start failed size=1
[DROP] name=[Epodonios] EPODONIOS-139 server=78.38.246.150:8446 reason=Start initial configuration in progress
[INFO] tested 5/5 kept=1 rest=4350
[INFO] tested 35/35 kept=3 rest=4315
[INFO] tested 71/71 kept=3 rest=4244
[INFO] tested 100/283 kept=1 rest=4144
[INFO] tested 200/283 kept=1 rest=4044
[INFO] tested 283/283 kept=4 rest=3961
[INFO] tested 100/566 kept=4 rest=3861
[INFO] tested 200/566 kept=8 rest=3761
[INFO] tested 300/566 kept=8 rest=3661
[INFO] tested 400/566 kept=9 rest=3561
[INFO] tested 500/566 kept=9 rest=3461
[INFO] tested 566/566 kept=12 rest=3395
[INFO] tested 100/1132 kept=0 rest=3295
[INFO] tested 200/1132 kept=4 rest=3195
[INFO] tested 300/1132 kept=14 rest=3095
[INFO] tested 400/1132 kept=15 rest=2995
[INFO] tested 500/1132 kept=18 rest=2895
[INFO] tested 600/1132 kept=22 rest=2795
[INFO] tested 700/1132 kept=22 rest=2695
[INFO] tested 800/1132 kept=27 rest=2595
[INFO] tested 900/1132 kept=32 rest=2495
[INFO] tested 1000/1132 kept=33 rest=2395
[INFO] tested 1100/1132 kept=35 rest=2295
[INFO] tested 1132/1132 kept=35 rest=2263
[INFO] tested 100/2263 kept=1 rest=2163
[INFO] tested 200/2263 kept=2 rest=2063
[INFO] tested 300/2263 kept=6 rest=1963
[INFO] tested 400/2263 kept=6 rest=1863
[INFO] tested 500/2263 kept=9 rest=1763
[INFO] tested 600/2263 kept=11 rest=1663
[INFO] tested 700/2263 kept=14 rest=1563
[INFO] tested 800/2263 kept=14 rest=1463
[INFO] tested 900/2263 kept=22 rest=1363
[INFO] tested 1000/2263 kept=35 rest=1263
[INFO] tested 1100/2263 kept=44 rest=1163
[INFO] tested 1200/2263 kept=55 rest=1063
[INFO] tested 1300/2263 kept=63 rest=963
[INFO] tested 1400/2263 kept=67 rest=863
[INFO] tested 1500/2263 kept=69 rest=763
[INFO] tested 1600/2263 kept=70 rest=663
[INFO] tested 1700/2263 kept=70 rest=563
[INFO] tested 1800/2263 kept=80 rest=463
[INFO] tested 1900/2263 kept=92 rest=363
[INFO] tested 2000/2263 kept=108 rest=263
[INFO] tested 2100/2263 kept=175 rest=163
[INFO] tested 2200/2263 kept=233 rest=63
[INFO] tested 2263/2263 kept=240 rest=0
[INFO] dropped=6 [Free-clash-v2ray] × 4 | [Pawdroid-sr-apk] × 1 | [Epodonios] × 1
============================================================
[INFO] cap live source=[Free-clash-v2ray] from 1157 to 50 by health_score
[INFO] cap live source=[免费节点8] from 169 to 50 by health_score
[INFO] cap live source=[Epodonios] from 82 to 50 by health_score
[INFO] cap live source=[V2rayclashfree-RSS] from 220 to 50 by health_score
[INFO] cap live total from 377 to 350 trim large sources first
============================================================
+------------------------------+--------+--------+------+--------+
| source                       |    raw | unique | live | capped |
+------------------------------+--------+--------+------+--------+
| [大FQ运动]                   |      4 |      4 |    2 |      2 |
+------------------------------+--------+--------+------+--------+
| [大FQ运动-SS密钥]            |      4 |      4 |    2 |      2 |
+------------------------------+--------+--------+------+--------+
| [大FQ运动-补充]              |      8 |      6 |    0 |      0 |
+------------------------------+--------+--------+------+--------+
| [ChromeGO-工具包]            |     14 |     14 |    5 |      5 |
+------------------------------+--------+--------+------+--------+
| [ChromeGO-ShiteThings]       |     26 |     20 |    1 |      1 |
+------------------------------+--------+--------+------+--------+
| [ChromeGO-Merge]             |     25 |     25 |    2 |      2 |
+------------------------------+--------+--------+------+--------+
| [Freesocks]                  |      3 |      3 |    3 |      3 |
+------------------------------+--------+--------+------+--------+
| [NekoWarp]                   |     10 |     10 |   10 |     10 |
+------------------------------+--------+--------+------+--------+
| [OpenRunner-RSS]             |     14 |      0 |    0 |      0 |
+------------------------------+--------+--------+------+--------+
| [V2Rayshare-RSS]             |     27 |     25 |    8 |      8 |
+------------------------------+--------+--------+------+--------+
| [V2Rayshare-SUB]             |     57 |     30 |    0 |      0 |
+------------------------------+--------+--------+------+--------+
| [Mibei77-RSS]                |    116 |    112 |    9 |      9 |
+------------------------------+--------+--------+------+--------+
| [Yoyapai-RSS]                |    207 |    174 |    4 |      4 |
+------------------------------+--------+--------+------+--------+
| [Free-clash-v2ray]           |   4528 |   4222 | 1157 |     43 |
+------------------------------+--------+--------+------+--------+
| [Pawdroid]                   |     19 |      7 |    1 |      1 |
+------------------------------+--------+--------+------+--------+
| [FreeV2-Base64]              |      3 |      3 |    3 |      3 |
+------------------------------+--------+--------+------+--------+
| [Bocchi2b-Base64]            |     35 |     35 |    0 |      0 |
+------------------------------+--------+--------+------+--------+
| [免费节点1]                  |    159 |     37 |   12 |     12 |
+------------------------------+--------+--------+------+--------+
| [免费节点2]                  |    402 |    270 |   30 |     30 |
+------------------------------+--------+--------+------+--------+
| [免费节点3]                  |     32 |     18 |   15 |     15 |
+------------------------------+--------+--------+------+--------+
| [免费节点4]                  |    744 |      5 |    0 |      0 |
+------------------------------+--------+--------+------+--------+
| [免费节点5]                  |     29 |     28 |    0 |      0 |
+------------------------------+--------+--------+------+--------+
| [免费节点6]                  |    247 |    224 |    1 |      1 |
+------------------------------+--------+--------+------+--------+
| [免费节点7]                  |     64 |      9 |    0 |      0 |
+------------------------------+--------+--------+------+--------+
| [免费节点8]                  |   4187 |   3757 |  169 |     43 |
+------------------------------+--------+--------+------+--------+
| [免费节点9]                  |    615 |    452 |    0 |      0 |
+------------------------------+--------+--------+------+--------+
| [免费节点10]                 |   4177 |   3070 |    9 |      9 |
+------------------------------+--------+--------+------+--------+
| [免费节点11]                 |    444 |    193 |    8 |      8 |
+------------------------------+--------+--------+------+--------+
| [Pawdroid-sr-apk]            |   1454 |    721 |   34 |     34 |
+------------------------------+--------+--------+------+--------+
| [Pawdroid-ss-apk]            |   1454 |      0 |    0 |      0 |
+------------------------------+--------+--------+------+--------+
| [Clashfree]                  |   1340 |    131 |   18 |     18 |
+------------------------------+--------+--------+------+--------+
| [Epodonios]                  |   4260 |   3182 |   82 |     43 |
+------------------------------+--------+--------+------+--------+
| [V2rayclashfree-RSS]         |   4116 |   1312 |  220 |     44 |
+------------------------------+--------+--------+------+--------+
============================================================
[SUMMARY] total_nodes=28824
[SUMMARY] legal_candidates=18103
[SUMMARY] passed_latency_test=350
[SUMMARY] region_HK=16 region_JP=20 region_US=95
[SUMMARY] avg_latency_ms=480.11
[SUMMARY] output=/home/runner/work/Free-node-autotest/Free-node-autotest/output/clash.yaml
============================================================
