============================================================
[INFO] sublink try page: https://end-gfw.com
[OK] proxies=2 new=2 url=https://raw.githubusercontent.com/hello-world-1989/cn-news/refs/heads/main/clash.yaml
[OK] proxies=2 new=0 url=https://raw.githubusercontent.com/hello-world-1989/cn-news/main/end-gfw-together
[OK] proxies=2 new=2 url=https://raw.githubusercontent.com/hello-world-1989/cn-news/main/end-gfw-together-ss
[INFO] source try url: https://end-gfw.com/ss-key
[OK] proxies=4 new=4 url=https://end-gfw.com/ss-key
[INFO] sublink try repo: https://github.com/hello-world-1989/cn-news
[INFO] sublink try page: https://raw.githubusercontent.com/hello-world-1989/cn-news/main/README.md
[OK] proxies=6 new=6 url=https://raw.githubusercontent.com/hello-world-1989/v2-sub/main/end-gfw-together-af3e13
[OK] proxies=14 source=[大FQ运动] url=https://raw.githubusercontent.com/hello-world-1989/cn-news/main/README.md
============================================================
[INFO] sublink try repo: https://github.com/Pawdroid/Free-servers
[INFO] sublink try page: https://raw.githubusercontent.com/Pawdroid/Free-servers/main/README.md
[OK] proxies=20 new=20 url=https://raw.githubusercontent.com/Pawdroid/Free-servers/main/README.md
[OK] proxies=20 new=0 url=https://raw.githubusercontent.com/Pawdroid/Free-servers/main/sub
[OK] proxies=1 new=1 url=https://apps.apple.com/cn/app/shadowshare/id1612647259
[OK] proxies=1 new=1 url=http://www.surflare.com
[OK] proxies=22 source=[Pawdroid] url=https://raw.githubusercontent.com/Pawdroid/Free-servers/main/README.md
============================================================
[INFO] source try url: https://xmxosfepggzm.503403.xyz
[OK] proxies=3 new=3 url=https://xmxosfepggzm.503403.xyz
[OK] proxies=3 source=[FreeV2-Base64] url=https://xmxosfepggzm.503403.xyz
============================================================
[INFO] source try url: https://links.bocchi2b.top/clash
[OK] proxies=35 new=35 url=https://links.bocchi2b.top/clash
[OK] proxies=35 source=[Bocchi2b-Base64] url=https://links.bocchi2b.top/clash
============================================================
[INFO] toolkit try repo: https://github.com/bannedbook/fanqiang
[INFO] toolkit try release: https://github.com/bannedbook/fanqiang/releases
[INFO] toolkit try release: https://github.com/bannedbook/fanqiang/releases/expanded_assets/ChromeGo-latest
[INFO] toolkit try download: https://github.com/bannedbook/fanqiang/releases/download/ChromeGo-latest/ChromeGo.7z
[OK] toolkit downloaded: ChromeGo.7z bytes=100924352
[OK] toolkit extracted archive=ChromeGo.7z tool=7z files=222 dirs=45
[OK] toolkit discovered subs=107 embedded=12 archive=ChromeGo.7z
[OK] proxies=6 new=6 embedded=archive-config
[OK] proxies=7 new=5 url=https://gitlab.com/free9999/ipupdate/master/backup/img/1/2/{ipp|ip}/{hysteria2|singbox|naiveproxy|hysteria|xray}/{2|3|1|4}/config.json
[OK] proxies=7 new=0 url=https://www.67867867.xyz/Alvin9999/PAC/refs/heads/master/backup/img/1/2/{ipp|ip}/{hysteria2|singbox|naiveproxy|hysteria|xray}/{2|3|1|4}/config.json
[OK] proxies=3 new=3 url=https://gitlab.com/free9999/ipupdate/master/backup/img/1/2/{ipp|ip}/clash.meta2/{2|3|1|5|4|6}/config.yaml
[OK] proxies=3 new=0 url=https://www.67867867.xyz/Alvin9999/PAC/refs/heads/master/backup/img/1/2/{ipp|ip}/clash.meta2/{2|3|1|5|4|6}/config.yaml
[OK] proxies=14 source=[ChromeGO-Toolkit] url=https://github.com/bannedbook/fanqiang/releases/download/ChromeGo-latest/ChromeGo.7z
============================================================
[INFO] sublink try repo: https://github.com/ShiteThings/extractNodes
[INFO] sublink try page: https://raw.githubusercontent.com/ShiteThings/extractNodes/main/README.md
[OK] proxies=31 new=30 url=https://{chg26.makou.cc.cd|chg64.makou.cc.cd}
[OK] proxies=26 new=1 url=https://chg26.makou.cc.cd/sb
[OK] proxies=31 source=[ChromeGO-ShiteThings] url=https://raw.githubusercontent.com/ShiteThings/extractNodes/main/README.md
============================================================
[INFO] sublink try repo: https://github.com/shangui999/chromego_merge
[INFO] sublink try page: https://raw.githubusercontent.com/shangui999/chromego_merge/master/ReadMe.md
[OK] proxies=10 new=10 url=https://freedman.netlify.app/sub/merged_proxies_new.yaml
[OK] proxies=11 new=1 url=https://freedman.netlify.app/sub/merged_warp_proxies_new.yaml
[OK] proxies=11 new=6 url=https://freedman.netlify.app/sub/shadowrocket_base64.txt
[OK] proxies=16 new=16 url=https://freedman.netlify.app/sub/sb.json
[INFO] sublink try repo: https://github.com/yaney01/chromego
[INFO] sublink try page: https://raw.githubusercontent.com/yaney01/chromego/main/ReadMe.md
[OK] proxies=50 new=46 url=https://raw.githubusercontent.com/yaney01/chromego/main/sub/merged_proxies_new.yaml
[OK] proxies=51 new=0 url=https://raw.githubusercontent.com/yaney01/chromego/main/sub/merged_warp_proxies_new.yaml
[OK] proxies=13 new=7 url=https://raw.githubusercontent.com/yaney01/chromego/main/sub/shadowrocket_base64.txt
[OK] proxies=13 new=0 url=https://raw.githubusercontent.com/yaney01/chromego/main/sub/sb.json
[INFO] sublink try repo: https://github.com/Misaka-blog/chromego_merge
[INFO] sublink try page: https://raw.githubusercontent.com/Misaka-blog/chromego_merge/main/README.md
[OK] proxies=30 new=30 url=https://chromego-sub.netlify.app/sub/merged_proxies_new.yaml
[OK] proxies=116 source=[ChromeGO-Merge] url=https://raw.githubusercontent.com/Misaka-blog/chromego_merge/main/README.md
============================================================
[INFO] source try url: https://freesocks.org/api/v1/sub/02b897e8e77f19176b0b9f2c75864b00
[OK] proxies=3 new=3 url=https://freesocks.org/api/v1/sub/02b897e8e77f19176b0b9f2c75864b00
[OK] proxies=3 source=[Freesocks] url=https://freesocks.org/api/v1/sub/02b897e8e77f19176b0b9f2c75864b00
============================================================
[INFO] source try url: https://neko-warp.nloli.xyz/neko_warp.yaml
[OK] proxies=10 new=10 url=https://neko-warp.nloli.xyz/neko_warp.yaml
[OK] proxies=10 source=[NekoWarp] url=https://neko-warp.nloli.xyz/neko_warp.yaml
============================================================
[INFO] toolkit try chrome: https://chromewebstore.google.com/detail/free-vpn-proxy-1vpn/akcocjjpkmlniicdeemdceeajlmoabhg
[INFO] toolkit try download: https://clients2.google.com/service/update2/crx?response=redirect&prodversion=131.0.6778.0&acceptformat=crx2,crx3&x=id%3dakcocjjpkmlniicdeemdceeajlmoabhg%26uc
[OK] toolkit downloaded: free-vpn-proxy-1vpn.crx bytes=1627904
[OK] toolkit extracted archive=free-vpn-proxy-1vpn.crx tool=zipfile files=68 dirs=57
[OK] toolkit 1vpn-crx scanned hosts=17 keys=1 archive=free-vpn-proxy-1vpn.crx
[OK] proxies=17 source=[1VPN-CRX] url=https://clients2.google.com/service/update2/crx?response=redirect&prodversion=131.0.6778.0&acceptformat=crx2,crx3&x=id%3dakcocjjpkmlniicdeemdceeajlmoabhg%26uc
============================================================
[INFO] article try feed: https://free.datiya.com/index.xml
[INFO] sublink try page: https://free.datiya.com/post/20260919/
[OK] proxies=14 new=14 url=https://free.datiya.com/uploads/20260919-clash.yaml
[OK] proxies=14 source=[OpenRunner-RSS] url=https://free.datiya.com/post/20260919/
============================================================
[INFO] article try feed: https://v2rayshare.com/feed
[INFO] sublink try page: https://v2rayshare.net/p/5061.html
[OK] proxies=27 new=27 url=https://static.v2rayshare.net/2026/09/20260919.txt
[OK] proxies=27 new=0 url=https://static.v2rayshare.net/2026/09/20260919.yaml
[OK] proxies=27 new=0 url=https://static.v2rayshare.net/2026/09/m20260919.yaml
[INFO] sublink try repo: https://github.com/firefoxmmx2/v2rayshare_subcription
[INFO] sublink try page: https://raw.githubusercontent.com/firefoxmmx2/v2rayshare_subcription/main/README.md
[OK] proxies=27 new=0 url=https://{raw.githubusercontent.com|cdn.jsdelivr.net}/firefoxmmx2/v2rayshare_subcription/main/subscription/vray_sub.txt
[OK] proxies=27 new=0 url=https://{raw.githubusercontent.com|cdn.jsdelivr.net}/firefoxmmx2/v2rayshare_subcription/main/subscription/clash_sub.yaml
[OK] proxies=27 new=0 url=https://{raw.githubusercontent.com|cdn.jsdelivr.net}/firefoxmmx2/v2rayshare_subcription/main/subscription/mihomo_sub.yaml
[OK] proxies=27 source=[V2Rayshare-RSS] url=https://raw.githubusercontent.com/firefoxmmx2/v2rayshare_subcription/main/README.md
============================================================
[INFO] article try feed: https://www.mibei77.com/feed
[INFO] sublink try page: https://www.mibei77.com/681.html
[OK] proxies=149 new=149 url=https://mm.mibei77.com/202609/09.1964bad5s.txt
[OK] proxies=146 new=0 url=https://mm.mibei77.com/202609/0919Clasgizx.yaml
[OK] proxies=149 source=[Mibei77-RSS] url=https://www.mibei77.com/681.html
============================================================
[INFO] article try feed: https://yoyapai.com/feed
[INFO] sublink try page: https://yoyapai.com/724
[OK] proxies=1 new=1 url=https://yoyapai.com/724
[OK] proxies=210 new=210 url=https://freenode.yoyapai.com/2026/09/19-yoyapai.com-clash-vpn-mianfeijiedian.yaml
[OK] proxies=210 new=0 url=https://freenode.yoyapai.com/2026/09/19-yoyapai.com-ssrv2ray-vpn-mianfeijiedian.txt
[OK] proxies=211 source=[Yoyapai-RSS] url=https://yoyapai.com/724
============================================================
[INFO] sublink try repo: https://github.com/free18/v2ray
[INFO] sublink try page: https://raw.githubusercontent.com/free18/v2ray/main/README.md
[OK] proxies=3 new=3 url=https://raw.githubusercontent.com/free18/v2ray/main/README.md
[OK] proxies=144 new=144 url=https://ghfast.top/https://raw.githubusercontent.com/free18/v2ray/refs/heads/main/v.txt
[OK] proxies=144 new=0 url=https://ghfast.top/https://raw.githubusercontent.com/free18/v2ray/refs/heads/main/c.yaml
[OK] proxies=147 source=[免费节点1] url=https://raw.githubusercontent.com/free18/v2ray/main/README.md
============================================================
[INFO] sublink try repo: https://github.com/ermaozi/get_subscribe
[INFO] sublink try page: https://raw.githubusercontent.com/ermaozi/get_subscribe/main/README.md
[INFO] sublink file_nodes=0 bare links=9
[OK] proxies=387 new=387 url=https://www.ermao.net/sub/{clash|v2ray}/ermao.net
[OK] proxies=382 new=0 url=https://www.ermao.net/sub/{reachable|unreachable|untested}/clash/ermao.net
[OK] proxies=387 source=[免费节点2] url=https://raw.githubusercontent.com/ermaozi/get_subscribe/main/README.md
============================================================
[INFO] sublink try repo: https://github.com/sunmiao4458/free-proxy-airport
[INFO] sublink try page: https://raw.githubusercontent.com/sunmiao4458/free-proxy-airport/main/README.md
[OK] proxies=64 new=64 url=https://sunmiao4458.github.io/free-proxy-airport/clash.yaml
[OK] proxies=64 source=[免费节点3] url=https://raw.githubusercontent.com/sunmiao4458/free-proxy-airport/main/README.md
============================================================
[INFO] sublink try repo: https://github.com/mfuu/FreeProxies
[INFO] sublink try page: https://raw.githubusercontent.com/mfuu/FreeProxies/master/README.md
[OK] proxies=840 new=840 url=https://raw.githubusercontent.com/mfuu/FreeProxies/master/sub.yaml
[OK] proxies=840 source=[免费节点4] url=https://raw.githubusercontent.com/mfuu/FreeProxies/master/README.md
============================================================
[INFO] sublink try repo: https://github.com/vxiaov/free_proxies
[INFO] sublink try page: https://raw.githubusercontent.com/vxiaov/free_proxies/main/README.md
[OK] proxies=1 new=1 url=https://raw.githubusercontent.com/vxiaov/free_proxies/main/README.md
[OK] proxies=28 new=28 url=https://{cdn.jsdelivr.net|raw.githubusercontent.com}/vxiaov/free_proxies/main/clash/clash.provider.yaml
[OK] proxies=29 source=[免费节点5] url=https://raw.githubusercontent.com/vxiaov/free_proxies/main/README.md
============================================================
[INFO] sublink try repo: https://github.com/anaer/Sub
[INFO] sublink try page: https://raw.githubusercontent.com/anaer/Sub/main/README.MD
[OK] proxies=567 new=567 url=https://anaer.github.io/Sub/clash.yaml
[OK] proxies=567 new=0 url=https://raw.githubusercontent.com/anaer/Sub/main/clash.yaml
[OK] proxies=567 source=[免费节点6] url=https://raw.githubusercontent.com/anaer/Sub/main/README.MD
============================================================
[INFO] sublink try repo: https://github.com/snakem982/proxypool
[INFO] sublink try page: https://raw.githubusercontent.com/snakem982/proxypool/main/README.md
[OK] proxies=64 new=64 url=https://raw.githubusercontent.com/snakem982/proxypool/main/source/clash-meta-2.yaml
[OK] proxies=63 new=0 url=https://raw.githubusercontent.com/snakem982/proxypool/main/source/v2ray-2.txt
[OK] proxies=61 new=0 url=https://raw.githubusercontent.com/snakem982/proxypool/main/source/sing-box-2.json
[OK] proxies=64 source=[免费节点7] url=https://raw.githubusercontent.com/snakem982/proxypool/main/README.md
============================================================
[INFO] sublink try repo: https://github.com/mahdibland/V2RayAggregator
[INFO] sublink try page: https://raw.githubusercontent.com/mahdibland/V2RayAggregator/master/README.md
[OK] proxies=381 new=381 url=https://raw.githubusercontent.com/mahdibland/V2RayAggregator/master/README.md
[OK] proxies=1 new=1 url=https://github.com/mahdibland/SSAggregator/actions/workflows/Collector.yml
[OK] proxies=1 new=0 url=https://github.com/mahdibland/SSAggregator/actions/workflows/Airport_Collector.yml
[OK] proxies=196 new=0 url=https://raw.githubusercontent.com/mahdibland/ShadowsocksAggregator/master/Eternity.txt
[OK] proxies=199 new=11 url=https://raw.githubusercontent.com/mahdibland/ShadowsocksAggregator/master/Eternity.yml
[OK] proxies=61 new=61 url=https://raw.githubusercontent.com/mahdibland/ShadowsocksAggregator/master/EternityAir.txt
[OK] proxies=3840 new=3543 url=https://raw.githubusercontent.com/mahdibland/SSAggregator/master/sub/sub_merge_base64.txt
[OK] proxies=3840 new=0 url=https://raw.githubusercontent.com/mahdibland/{SSAggregator|ShadowsocksAggregator}/master/sub/sub_merge.txt
[OK] proxies=3978 new=203 url=https://raw.githubusercontent.com/mahdibland/SSAggregator/master/sub/sub_merge_yaml.yml
[OK] proxies=61 new=0 url=https://raw.githubusercontent.com/mahdibland/SSAggregator/master/sub/airport_merge_base64.txt
[OK] proxies=61 new=0 url=https://raw.githubusercontent.com/mahdibland/SSAggregator/master/sub/airport_sub_merge.txt
[OK] proxies=1391 new=0 url=https://raw.githubusercontent.com/mahdibland/ShadowsocksAggregator/master/sub/splitted/vmess.txt
[OK] proxies=569 new=0 url=https://raw.githubusercontent.com/mahdibland/ShadowsocksAggregator/master/sub/splitted/trojan.txt
[OK] proxies=43 new=0 url=https://raw.githubusercontent.com/mahdibland/ShadowsocksAggregator/master/sub/splitted/ssr.txt
[OK] proxies=1837 new=0 url=https://raw.githubusercontent.com/mahdibland/ShadowsocksAggregator/master/sub/splitted/ss.txt
[OK] proxies=1 new=0 url=https://cdn.jsdelivr.net/gh/mahdibland/V2RayAggregator@master/update/provider/provider-meta.yml
[OK] proxies=1 new=0 url=https://cdn.jsdelivr.net/gh/mahdibland/V2RayAggregator@master/update/provider/provider-meta-cn.yml
[OK] proxies=1 new=0 url=https://cdn.jsdelivr.net/gh/mahdibland/V2RayAggregator@master/update/provider/provider-meta-others.yml
[OK] proxies=1 new=0 url=https://cdn.jsdelivr.net/gh/mahdibland/V2RayAggregator@master/update/provider/provider.yml
[OK] proxies=1 new=0 url=https://cdn.jsdelivr.net/gh/mahdibland/V2RayAggregator@master/update/provider/provider-cn.yml
[OK] proxies=1 new=0 url=https://cdn.jsdelivr.net/gh/mahdibland/V2RayAggregator@master/update/provider/provider-others.yml
[OK] proxies=4200 source=[免费节点8] url=https://raw.githubusercontent.com/mahdibland/V2RayAggregator/master/README.md
============================================================
[INFO] sublink try repo: https://github.com/w1770946466/Auto_proxy
[INFO] sublink try page: https://raw.githubusercontent.com/w1770946466/Auto_proxy/main/README.md
[OK] proxies=1 new=1 url=https://github.com/w1770946466/Auto_proxy/actions/workflows/main.yml
[OK] proxies=245 new=245 url=https://raw.githubusercontent.com/w1770946466/Auto_proxy/main/{Long_term_subscription2.yaml|Long_term_subscription1.yaml|Long_term_subscription3.yaml}
[OK] proxies=489 new=54 url=https://raw.githubusercontent.com/w1770946466/Auto_proxy/main/{Long_term_subscription1|Long_term_subscription2|Long_term_subscription3|Long_term_subscription4|Long_term_subscription5|Long_term_subscription6|Long_term_subscription7|Long_term_subscription8}
[OK] proxies=489 new=315 url=https://raw.githubusercontent.com/w1770946466/Auto_proxy/main/Long_term_subscription_num
[OK] proxies=615 source=[免费节点9] url=https://raw.githubusercontent.com/w1770946466/Auto_proxy/main/README.md
============================================================
[INFO] sublink try repo: https://github.com/PuddinCat/BestClash
[INFO] sublink try page: https://raw.githubusercontent.com/PuddinCat/BestClash/main/README.md
[OK] proxies=16 new=16 url=https://raw.githubusercontent.com/PuddinCat/BestClash/main/proxies.yaml
[OK] proxies=28 new=28 url=https://cdn.jsdelivr.net/gh/vxiaov/free_proxies@main/clash/clash.provider.yaml
[OK] proxies=24 new=24 url=https://freenode.openrunner.net/uploads/20240807-clash.yaml
[OK] proxies=30 new=30 url=https://raw.githubusercontent.com/Misaka-blog/chromego_merge/main/sub/merged_proxies_new.yaml
[OK] proxies=3702 new=3690 url=https://raw.githubusercontent.com/{NiceVPN123|anaer}/{NiceVPN|Sub}/main/{Clash.yaml|clash.yaml}
[OK] proxies=28 new=0 url=https://raw.githubusercontent.com/{chengaopan|peasoft}/{AutoMergePublicNodes|NoMoreWalls}/master/list.yml
[OK] proxies=382 new=353 url=https://raw.githubusercontent.com/{ermaozi|ermaozi01}/{get_subscribe|free_clash_vpn}/main/subscribe/clash.yml
[OK] proxies=199 new=186 url=https://raw.githubusercontent.com/mahdibland/ShadowsocksAggregator/master/Eternity.yml
[OK] proxies=165 new=160 url=https://raw.githubusercontent.com/ronghuaxueleng/get_v2/main/pub/combine.yaml
[OK] proxies=144 new=3 url=https://raw.githubusercontent.com/zhangkaiitugithub/passcro/main/speednodes.yaml
[OK] proxies=4490 source=[免费节点10] url=https://raw.githubusercontent.com/PuddinCat/BestClash/main/README.md
============================================================
[INFO] sublink try repo: https://github.com/kooker/FreeSubsCheck
[INFO] sublink try page: https://raw.githubusercontent.com/kooker/FreeSubsCheck/main/README.md
[OK] proxies=30 new=30 url=https://raw.githubusercontent.com/kooker/FreeSubsCheck/main/mihomo.yaml
[OK] proxies=30 new=0 url=https://raw.githubusercontent.com/kooker/FreeSubsCheck/main/all.yaml
[OK] proxies=28 new=1 url=https://raw.githubusercontent.com/kooker/FreeSubsCheck/main/base64.txt
[OK] proxies=25 new=16 url=https://raw.githubusercontent.com/kooker/FreeSubsCheck/main/byxiaoxi.txt
[OK] proxies=421 new=416 url=https://raw.githubusercontent.com/kooker/FreeSubsCheck/main/kooker.jp.txt
[OK] proxies=463 source=[免费节点11] url=https://raw.githubusercontent.com/kooker/FreeSubsCheck/main/README.md
============================================================
[INFO] toolkit try repo: https://github.com/Pawdroid/shadowrocket_for_android
[INFO] toolkit try release: https://github.com/Pawdroid/shadowrocket_for_android/releases
[INFO] toolkit try release: https://github.com/Pawdroid/shadowrocket_for_android/releases/expanded_assets/10.10.51
[INFO] toolkit try download: https://github.com/Pawdroid/shadowrocket_for_android/releases/download/10.10.51/Shadowrocket_10.10.51_shadowrocketStandard_arm64-v8a.apk
[OK] toolkit downloaded: Shadowrocket_10.10.51_shadowrocketStandard_arm64-v8a.apk bytes=41111539
[OK] toolkit extracted archive=Shadowrocket_10.10.51_shadowrocketStandard_arm64-v8a.apk tool=zipfile files=1175 dirs=44
[OK] toolkit sr-apk scanned prefixes=36 files=6 keys=2 archive=Shadowrocket_10.10.51_shadowrocketStandard_arm64-v8a.apk
[OK] proxies=1062 new=1011 url=https://{raw.githubusercontent.com|cdn.jsdelivr.net}/pixelor/ecfg/main/data/ecfg6_zh
[OK] proxies=179 new=70 url=https://{cdn.jsdelivr.net|raw.githubusercontent.com}/pixelor/ecfg/main/data/ecfg6
[OK] proxies=1062 new=49 url=https://{raw.githubusercontent.com|cdn.jsdelivr.net}/pixelor/ecfg/main/data/ecfg6_en
[OK] proxies=154 new=0 url=https://{files.shadowrockets.app|cdn.shadowrockets.app}/ecfg/data/ecfg6
[OK] proxies=1011 new=0 url=https://{files.shadowrockets.app|cdn.shadowrockets.app}/ecfg/data/ecfg6_zh
[OK] proxies=1011 new=0 url=https://{files.shadowrockets.app|cdn.shadowrockets.app}/ecfg/data/ecfg6_en
[OK] proxies=1130 source=[Pawdroid-SR-APK] url=https://github.com/Pawdroid/shadowrocket_for_android/releases/download/10.10.51/Shadowrocket_10.10.51_shadowrocketStandard_arm64-v8a.apk
============================================================
[INFO] toolkit try page: https://shadowshare.v2cross.com
[INFO] toolkit try download: https://shadowshare.v2cross.com/shadowshare.apk
[OK] toolkit downloaded: shadowshare.apk bytes=62868122
[OK] toolkit extracted archive=shadowshare.apk tool=zipfile files=612 dirs=39
[OK] toolkit ss-apk scanned prefixes=10 files=3 keys=1 archive=shadowshare.apk
[OK] proxies=252 new=228 url=https://{raw.githubusercontent.com|jsd.onmicrosoft.cn}/hideme9527/ecsfg/main/data/sareserver
[OK] proxies=1386 new=1304 url=https://{raw.githubusercontent.com|jsd.onmicrosoft.cn}/hideme9527/ecsfg/main/data/sareserver_en
[OK] proxies=163 new=0 url=https://{shadowsharing.com|sare.159236.xyz}/data/sareserver
[OK] proxies=1386 new=0 url=https://{shadowsharing.com|sare.159236.xyz}/data/sareserver_en
[OK] proxies=163 new=0 url=https://gitee.com/api/v5/repos/{guoyoucai1|elvenapp|zhiminghao}/ecsfg/raw/data/sareserver
[OK] proxies=1386 new=0 url=https://gitee.com/api/v5/repos/{elvenapp|zhiminghao|guoyoucai1}/ecsfg/raw/data/sareserver_en
[OK] proxies=1532 source=[Pawdroid-SS-APK] url=https://shadowshare.v2cross.com/shadowshare.apk
============================================================
[INFO] sublink try repo: https://github.com/free-nodes/clashfree
[INFO] sublink try page: https://raw.githubusercontent.com/free-nodes/clashfree/main/README.md
[OK] proxies=1348 new=1348 url=https://raw.githubusercontent.com/free-nodes/clashfree/main/README.md
[OK] proxies=1348 new=0 url=https://raw.githubusercontent.com/free-nodes/clashfree/main/clash20260919.yml
[OK] proxies=1 new=1 url=https://github.com/free-nodes/clashfree/blob/main/clash20260919.yml
[OK] proxies=1349 source=[Clashfree] url=https://raw.githubusercontent.com/free-nodes/clashfree/main/README.md
============================================================
[INFO] sublink try repo: https://github.com/Epodonios/v2ray-configs
[INFO] sublink try page: https://raw.githubusercontent.com/Epodonios/v2ray-configs/main/README.md
[OK] proxies=1 new=1 url=https://github.com/Epodonios/V2ray-Configs/actions/workflows/main.yml
[OK] proxies=4065 new=4065 url=https://github.com/Epodonios/v2ray-configs/raw/main/All_Configs_Sub.txt
[OK] proxies=4065 new=0 url=https://github.com/Epodonios/v2ray-configs/raw/main/All_Configs_base64_Sub.txt
[OK] proxies=3246 new=0 url=https://github.com/Epodonios/v2ray-configs/raw/main/Splitted-By-Protocol/vless.txt
[OK] proxies=152 new=0 url=https://github.com/Epodonios/v2ray-configs/raw/main/Splitted-By-Protocol/vmess.txt
[OK] proxies=419 new=0 url=https://github.com/Epodonios/v2ray-configs/raw/main/Splitted-By-Protocol/ss.txt
[OK] proxies=191 new=0 url=https://github.com/Epodonios/v2ray-configs/raw/main/Splitted-By-Protocol/trojan.txt
[OK] proxies=4065 new=0 url=https://raw.githubusercontent.com/Epodonios/v2ray-configs/main/{Sub1.txt|Sub2.txt|Sub3.txt|Sub4.txt|Sub5.txt|Sub6.txt|Sub7.txt|Sub8.txt}
[OK] proxies=4066 source=[Epodonios] url=https://raw.githubusercontent.com/Epodonios/v2ray-configs/main/README.md
============================================================
[INFO] sublink try repo: https://github.com/free-clash-v2ray/free-clash-v2ray.github.io
[INFO] sublink try page: https://raw.githubusercontent.com/free-clash-v2ray/free-clash-v2ray.github.io/main/README.md
[OK] proxies=2890 new=2890 url=https://free-clash-v2ray.github.io/uploads/2026/09/{0-20260913.yaml|1-20260913.yaml|2-20260913.yaml|3-20260913.yaml}
[OK] proxies=4384 new=1835 url=https://free-clash-v2ray.github.io/uploads/2026/09/{0-20260913.txt|1-20260913.txt|2-20260913.txt|3-20260913.txt|4-20260913.txt}
[OK] proxies=4725 source=[Free-clash-v2ray] url=https://raw.githubusercontent.com/free-clash-v2ray/free-clash-v2ray.github.io/main/README.md
============================================================
[INFO] article try page: https://v2rayclashfree.com
[INFO] sublink try page: https://v2rayclashfree.com/fn/20260919.html
[OK] proxies=1447 new=1447 url=https://v2rayclashfree.com/sub/20260919-v2ray.txt
[OK] proxies=1224 new=427 url=https://v2rayclashfree.com/sub/20260919-clash.yaml
[OK] proxies=1874 source=[V2rayclashfree-RSS] url=https://v2rayclashfree.com/fn/20260919.html
============================================================
[INFO] raw backup written path=/home/runner/work/Free-node-autotest/Free-node-autotest/output/raw.yaml proxies=27210
[INFO] toolkit try repo: https://github.com/MetaCubeX/mihomo
[INFO] toolkit try release: https://github.com/MetaCubeX/mihomo/releases
[INFO] toolkit try release: https://github.com/MetaCubeX/mihomo/releases/expanded_assets/v1.19.31
[INFO] toolkit try download: https://github.com/MetaCubeX/mihomo/releases/download/v1.19.31/mihomo-linux-amd64-compatible-v1.19.31.gz
[OK] toolkit downloaded: mihomo-linux-amd64-compatible-v1.19.31.gz bytes=22821836
[OK] toolkit sha256 verified: mihomo-linux-amd64-compatible-v1.19.31.gz sha256=04cf9f09671704f839ddbee2e93069dc831a4123a75281e725d1d96ab9ac1afc
[OK] proxy engine ready: starting latency test package=mihomo-linux-amd64-compatible-v1.19.31.gz
============================================================
[WARN] batch start failed size=17851 {1} split -> 8925 {2} + 8926 {3}
[WARN] batch start failed size=8925 {2} split -> 4462 {4} + 4463 {5}
[WARN] batch start failed size=8926 {3} split -> 4463 {6} + 4463 {7}
[WARN] batch start failed size=4462 {4} split -> 2231 {8} + 2231 {9}
[WARN] batch start failed size=4463 {6} split -> 2231 {10} + 2232 {11}
[WARN] batch start failed size=4463 {7} split -> 2231 {12} + 2232 {13}
[WARN] batch start failed size=2231 {8} split -> 1115 {14} + 1116 {15}
[INFO] {5} tested 100/4463 kept=0 rest=17659
[WARN] batch start failed size=2231 {10} split -> 1115 {16} + 1116 {17}
[WARN] batch start failed size=2232 {11} split -> 1116 {18} + 1116 {19}
[INFO] {9} tested 100/2231 kept=60 rest=17601
[INFO] {9} tested 200/2231 kept=60 rest=17400
[INFO] {12} tested 100/2231 kept=4 rest=17379
[INFO] {5} tested 200/4463 kept=0 rest=17230
[INFO] {12} tested 200/2231 kept=20 rest=17150
[INFO] {12} tested 300/2231 kept=21 rest=17008
[INFO] {9} tested 300/2231 kept=60 rest=16956
[INFO] {9} tested 400/2231 kept=61 rest=16807
[INFO] {12} tested 400/2231 kept=21 rest=16735
[INFO] {5} tested 300/4463 kept=0 rest=16619
[INFO] {12} tested 500/2231 kept=23 rest=16517
[INFO] {9} tested 500/2231 kept=62 rest=16374
[INFO] {12} tested 600/2231 kept=24 rest=16344
[INFO] {9} tested 600/2231 kept=62 rest=16241
[INFO] {9} tested 700/2231 kept=62 rest=16075
[INFO] {12} tested 700/2231 kept=28 rest=16018
[INFO] {5} tested 400/4463 kept=0 rest=15996
[INFO] {12} tested 800/2231 kept=54 rest=15832
[INFO] {9} tested 800/2231 kept=62 rest=15734
[INFO] {12} tested 900/2231 kept=59 rest=15650
[INFO] {5} tested 500/4463 kept=0 rest=15641
[INFO] {12} tested 1000/2231 kept=62 rest=15535
[INFO] {9} tested 900/2231 kept=62 rest=15346
[INFO] {12} tested 1100/2231 kept=68 rest=15294
[INFO] {5} tested 600/4463 kept=0 rest=15087
[INFO] {12} tested 1200/2231 kept=79 rest=15081
[INFO] {12} tested 1300/2231 kept=85 rest=14922
[INFO] {9} tested 1000/2231 kept=63 rest=14917
[INFO] {5} tested 700/4463 kept=0 rest=14741
[INFO] {12} tested 1400/2231 kept=86 rest=14636
[INFO] {12} tested 1500/2231 kept=88 rest=14521
[INFO] {12} tested 1600/2231 kept=89 rest=14421
[INFO] {9} tested 1100/2231 kept=63 rest=14385
[INFO] {9} tested 1200/2231 kept=63 rest=14211
[INFO] {5} tested 800/4463 kept=0 rest=14123
[INFO] {12} tested 1700/2231 kept=106 rest=14105
[INFO] {12} tested 1800/2231 kept=134 rest=13905
[INFO] {12} tested 1900/2231 kept=222 rest=13797
[INFO] {12} tested 2000/2231 kept=313 rest=13696
[INFO] {12} tested 2100/2231 kept=408 rest=13596
[INFO] {9} tested 1300/2231 kept=63 rest=13458
[INFO] {5} tested 900/4463 kept=0 rest=13450
[INFO] {12} tested 2200/2231 kept=473 rest=13408
[INFO] {5} tested 1000/4463 kept=0 rest=13248
[INFO] {12} tested 2231/2231 kept=475 rest=13144
[INFO] {9} tested 1400/2231 kept=63 rest=13135
[WARN] batch start failed size=2232 {13} split -> 1116 {20} + 1116 {21}
[INFO] {5} tested 1100/4463 kept=0 rest=13079
[INFO] {9} tested 1500/2231 kept=63 rest=12943
[INFO] {5} tested 1200/4463 kept=0 rest=12903
[INFO] {5} tested 1300/4463 kept=0 rest=12758
[INFO] {5} tested 1400/4463 kept=0 rest=12631
[INFO] {5} tested 1500/4463 kept=4 rest=12482
[INFO] {9} tested 1600/2231 kept=63 rest=12473
[INFO] {5} tested 1600/4463 kept=4 rest=12339
[INFO] {15} tested 100/1116 kept=4 rest=12158
[INFO] {5} tested 1700/4463 kept=4 rest=12107
[INFO] {9} tested 1700/2231 kept=63 rest=12041
[INFO] {5} tested 1800/4463 kept=4 rest=11942
[INFO] {5} tested 1900/4463 kept=4 rest=11743
[INFO] {9} tested 1800/2231 kept=63 rest=11692
[INFO] {15} tested 200/1116 kept=37 rest=11685
[INFO] {15} tested 300/1116 kept=37 rest=11526
[INFO] {5} tested 2000/4463 kept=12 rest=11466
[INFO] {9} tested 1900/2231 kept=121 rest=11258
[INFO] {9} tested 2000/2231 kept=148 rest=11149
[INFO] {5} tested 2100/4463 kept=19 rest=11098
[INFO] {15} tested 400/1116 kept=42 rest=11076
[INFO] {15} tested 500/1116 kept=42 rest=10925
[INFO] {15} tested 600/1116 kept=42 rest=10794
[INFO] {9} tested 2100/2231 kept=149 rest=10672
[INFO] {5} tested 2200/4463 kept=19 rest=10658
[INFO] {15} tested 700/1116 kept=42 rest=10497
[INFO] {5} tested 2300/4463 kept=19 rest=10406
[INFO] {15} tested 800/1116 kept=44 rest=10281
[INFO] {5} tested 2400/4463 kept=20 rest=10144
[INFO] {9} tested 2200/2231 kept=149 rest=10112
[INFO] {9} tested 2231/2231 kept=149 rest=10072
[INFO] {15} tested 900/1116 kept=44 rest=10028
[WARN] batch start failed size=1115 {14} split -> 557 {22} + 558 {23}
[INFO] {5} tested 2500/4463 kept=20 rest=9968
[INFO] {15} tested 1000/1116 kept=46 rest=9705
[INFO] {16} tested 100/1115 kept=0 rest=9698
[INFO] {16} tested 200/1115 kept=0 rest=9590
[INFO] {5} tested 2600/4463 kept=20 rest=9551
[INFO] {5} tested 2700/4463 kept=20 rest=9382
[INFO] {5} tested 2800/4463 kept=20 rest=9243
[INFO] {16} tested 300/1115 kept=0 rest=9192
[INFO] {15} tested 1100/1116 kept=46 rest=9133
[INFO] {16} tested 400/1115 kept=0 rest=9087
[INFO] {15} tested 1116/1116 kept=46 rest=9010
[WARN] batch start failed size=1116 {17} split -> 558 {24} + 558 {25}
[WARN] batch start failed size=1116 {18} split -> 558 {26} + 558 {27}
[WARN] batch start failed size=1116 {19} split -> 558 {28} + 558 {29}
[INFO] {5} tested 2900/4463 kept=20 rest=8912
[INFO] {20} tested 100/1116 kept=99 rest=8740
[INFO] {16} tested 500/1115 kept=0 rest=8617
[INFO] {20} tested 200/1116 kept=194 rest=8544
[INFO] {16} tested 600/1115 kept=4 rest=8425
[INFO] {20} tested 300/1116 kept=279 rest=8378
[INFO] {20} tested 400/1116 kept=352 rest=8209
[INFO] {20} tested 500/1116 kept=448 rest=8102
[INFO] {20} tested 600/1116 kept=547 rest=7987
[INFO] {20} tested 700/1116 kept=646 rest=7881
[INFO] {16} tested 700/1115 kept=23 rest=7855
[INFO] {20} tested 800/1116 kept=744 rest=7775
[INFO] {20} tested 900/1116 kept=839 rest=7666
[INFO] {20} tested 1000/1116 kept=936 rest=7564
[INFO] {5} tested 3000/4463 kept=21 rest=7487
[INFO] {5} tested 3100/4463 kept=21 rest=7348
[INFO] {20} tested 1100/1116 kept=1017 rest=7319
[INFO] {16} tested 800/1115 kept=34 rest=7254
[INFO] {16} tested 900/1115 kept=92 rest=7143
[INFO] {16} tested 1000/1115 kept=174 rest=7040
[INFO] {20} tested 1116/1116 kept=1018 rest=6977
[WARN] batch start failed size=1116 {21} split -> 558 {30} + 558 {31}
[WARN] batch start failed size=557 {22} split -> 278 {32} + 279 {33}
[INFO] {5} tested 3200/4463 kept=22 rest=6884
[INFO] {16} tested 1100/1115 kept=238 rest=6697
[INFO] {23} tested 100/558 kept=28 rest=6679
[INFO] {16} tested 1115/1115 kept=240 rest=6592
[INFO] {24} tested 100/558 kept=89 rest=6460
[INFO] {5} tested 3300/4463 kept=23 rest=6416
[INFO] {24} tested 200/558 kept=173 rest=6352
[INFO] {24} tested 300/558 kept=258 rest=6222
[INFO] {24} tested 400/558 kept=330 rest=6095
[INFO] {5} tested 3400/4463 kept=24 rest=5976
[INFO] {24} tested 500/558 kept=407 rest=5899
[INFO] {23} tested 200/558 kept=110 rest=5891
[INFO] {5} tested 3500/4463 kept=24 rest=5782
[INFO] {5} tested 3600/4463 kept=24 rest=5621
[INFO] {23} tested 300/558 kept=119 rest=5595
[INFO] {24} tested 558/558 kept=445 rest=5466
[INFO] {5} tested 3700/4463 kept=24 rest=5446
[WARN] batch start failed size=558 {25} split -> 279 {34} + 279 {35}
[INFO] {5} tested 3800/4463 kept=24 rest=5287
[INFO] {23} tested 400/558 kept=149 rest=5281
[WARN] batch start failed size=558 {27} split -> 279 {36} + 279 {37}
[INFO] {5} tested 3900/4463 kept=24 rest=5170
[INFO] {26} tested 100/558 kept=29 rest=5032
[INFO] {5} tested 4000/4463 kept=24 rest=4910
[INFO] {5} tested 4100/4463 kept=24 rest=4782
[INFO] {5} tested 4200/4463 kept=24 rest=4677
[INFO] {23} tested 500/558 kept=150 rest=4584
[INFO] {5} tested 4300/4463 kept=24 rest=4542
[INFO] {26} tested 200/558 kept=46 rest=4419
[INFO] {26} tested 300/558 kept=80 rest=4291
[INFO] {23} tested 558/558 kept=150 rest=4178
[INFO] {5} tested 4400/4463 kept=24 rest=4166
[WARN] batch start failed size=558 {28} split -> 279 {38} + 279 {39}
[INFO] {29} tested 100/558 kept=3 rest=3975
[INFO] {26} tested 400/558 kept=116 rest=3960
[INFO] {29} tested 200/558 kept=4 rest=3833
[INFO] {5} tested 4463/4463 kept=24 rest=3705
[INFO] {29} tested 300/558 kept=9 rest=3692
[WARN] batch start failed size=558 {30} split -> 279 {40} + 279 {41}
[WARN] batch start failed size=558 {31} split -> 279 {42} + 279 {43}
[INFO] {33} tested 100/279 kept=39 rest=3490
[INFO] {29} tested 400/558 kept=12 rest=3435
[INFO] {26} tested 500/558 kept=120 rest=3362
[INFO] {33} tested 200/279 kept=66 rest=3321
[INFO] {29} tested 500/558 kept=17 rest=3182
[INFO] {26} tested 558/558 kept=120 rest=3170
[WARN] batch start failed size=278 {32} split -> 139 {44} + 139 {45}
[WARN] batch start failed size=279 {34} split -> 139 {46} + 140 {47}
[INFO] {35} tested 100/279 kept=81 rest=3051
[INFO] {35} tested 200/279 kept=151 rest=2947
[INFO] {33} tested 279/279 kept=74 rest=2872
[INFO] {29} tested 558/558 kept=17 rest=2855
[INFO] {36} tested 100/279 kept=0 rest=2755
[WARN] batch start failed size=279 {37} split -> 139 {48} + 140 {49}
[INFO] {36} tested 200/279 kept=3 rest=2655
[WARN] batch start failed size=279 {39} split -> 139 {50} + 140 {51}
[INFO] {38} tested 100/279 kept=7 rest=2499
[INFO] {35} tested 279/279 kept=160 rest=2343
[INFO] {40} tested 100/279 kept=91 rest=2234
[INFO] {40} tested 200/279 kept=145 rest=2134
[INFO] {36} tested 279/279 kept=16 rest=2053
[WARN] batch start failed size=279 {41} split -> 139 {52} + 140 {53}
[INFO] {38} tested 200/279 kept=17 rest=2048
[WARN] batch start failed size=279 {42} split -> 139 {54} + 140 {55}
[INFO] {43} tested 100/279 kept=81 rest=1870
[INFO] {38} tested 279/279 kept=17 rest=1862
[WARN] batch start failed size=139 {45} split -> 69 {56} + 70 {57}
[INFO] {43} tested 200/279 kept=180 rest=1769
[WARN] batch start failed size=139 {44} split -> 69 {58} + 70 {59}
[INFO] {40} tested 279/279 kept=191 rest=1705
[WARN] batch start failed size=139 {46} split -> 69 {60} + 70 {61}
[INFO] {47} tested 100/140 kept=79 rest=1598
[WARN] batch start failed size=140 {49} split -> 70 {62} + 70 {63}
[INFO] {48} tested 100/139 kept=3 rest=1475
[INFO] {43} tested 279/279 kept=236 rest=1440
[WARN] batch start failed size=139 {50} split -> 69 {64} + 70 {65}
[INFO] {47} tested 140/140 kept=98 rest=1373
[INFO] {48} tested 139/139 kept=8 rest=1295
[WARN] batch start failed size=139 {52} split -> 69 {66} + 70 {67}
[INFO] {53} tested 100/140 kept=70 rest=1194
[INFO] {55} tested 100/140 kept=67 rest=1118
[INFO] {51} tested 100/140 kept=3 rest=1060
[INFO] {51} tested 140/140 kept=3 rest=1019
[WARN] batch start failed size=139 {54} split -> 69 {68} + 70 {69}
[WARN] batch start failed size=69 {56} split -> 34 {70} + 35 {71}
[INFO] {53} tested 140/140 kept=76 rest=983
[INFO] {55} tested 140/140 kept=97 rest=901
[WARN] batch start failed size=70 {59} split -> 35 {72} + 35 {73}
[INFO] {57} tested 70/70 kept=35 rest=798
[INFO] {58} tested 69/69 kept=11 rest=770
[WARN] batch start failed size=70 {61} split -> 35 {74} + 35 {75}
[WARN] batch start failed size=70 {63} split -> 35 {76} + 35 {77}
[WARN] batch start failed size=69 {64} split -> 34 {78} + 35 {79}
[INFO] {60} tested 69/69 kept=54 rest=713
[WARN] batch start failed size=69 {66} split -> 34 {80} + 35 {81}
[INFO] {62} tested 70/70 kept=0 rest=595
[INFO] {65} tested 70/70 kept=1 rest=520
[WARN] batch start failed size=70 {69} split -> 35 {82} + 35 {83}
[INFO] {67} tested 70/70 kept=64 rest=494
[WARN] batch start failed size=35 {71} split -> 17 {84} + 18 {85}
[WARN] batch start failed size=35 {73} split -> 17 {86} + 18 {87}
[INFO] {68} tested 69/69 kept=15 rest=444
[WARN] batch start failed size=35 {75} split -> 17 {88} + 18 {89}
[INFO] {70} tested 34/34 kept=0 rest=396
[INFO] {72} tested 35/35 kept=11 rest=377
[WARN] batch start failed size=35 {77} split -> 17 {90} + 18 {91}
[INFO] {74} tested 35/35 kept=16 rest=344
[WARN] batch start failed size=35 {79} split -> 17 {92} + 18 {93}
[WARN] batch start failed size=34 {80} split -> 17 {94} + 17 {95}
[INFO] {76} tested 35/35 kept=4 rest=318
[WARN] batch start failed size=35 {82} split -> 17 {96} + 18 {97}
[INFO] {81} tested 35/35 kept=31 rest=257
[INFO] {78} tested 34/34 kept=1 rest=235
[WARN] batch start failed size=18 {85} split -> 9 {98} + 9 {99}
[WARN] batch start failed size=18 {87} split -> 9 {100} + 9 {101}
[WARN] batch start failed size=17 {86} split -> 8 {102} + 9 {103}
[INFO] {83} tested 35/35 kept=0 rest=218
[INFO] {84} tested 17/17 kept=0 rest=215
[WARN] batch start failed size=18 {89} split -> 9 {104} + 9 {105}
[WARN] batch start failed size=17 {90} split -> 8 {106} + 9 {107}
[INFO] {88} tested 17/17 kept=1 rest=193
[WARN] batch start failed size=18 {93} split -> 9 {108} + 9 {109}
[WARN] batch start failed size=17 {95} split -> 8 {110} + 9 {111}
[INFO] {91} tested 18/18 kept=0 rest=181
[INFO] {92} tested 17/17 kept=0 rest=172
[WARN] batch start failed size=17 {96} split -> 8 {112} + 9 {113}
[INFO] {99} tested 9/9 kept=0 rest=151
[WARN] batch start failed size=9 {98} split -> 4 {114} + 5 {115}
[INFO] {94} tested 17/17 kept=0 rest=134
[WARN] batch start failed size=9 {100} split -> 4 {116} + 5 {117}
[WARN] batch start failed size=8 {102} split -> 4 {118} + 4 {119}
[INFO] {97} tested 18/18 kept=0 rest=128
[WARN] batch start failed size=9 {104} split -> 4 {120} + 5 {121}
[INFO] {101} tested 9/9 kept=0 rest=121
[INFO] {103} tested 9/9 kept=0 rest=104
[WARN] batch start failed size=9 {107} split -> 4 {122} + 5 {123}
[WARN] batch start failed size=9 {108} split -> 4 {124} + 5 {125}
[INFO] {105} tested 9/9 kept=4 rest=93
[INFO] {106} tested 8/8 kept=0 rest=88
[WARN] batch start failed size=9 {111} split -> 4 {126} + 5 {127}
[WARN] batch start failed size=9 {113} split -> 4 {128} + 5 {129}
[INFO] {109} tested 9/9 kept=0 rest=79
[WARN] batch start failed size=4 {114} split -> 2 {130} + 2 {131}
[WARN] batch start failed size=5 {115} split -> 2 {132} + 3 {133}
[WARN] batch start failed size=4 {116} split -> 2 {134} + 2 {135}
[INFO] {110} tested 8/8 kept=1 rest=74
[WARN] batch start failed size=5 {117} split -> 2 {136} + 3 {137}
[WARN] batch start failed size=4 {118} split -> 2 {138} + 2 {139}
[WARN] batch start failed size=4 {119} split -> 2 {140} + 2 {141}
[INFO] {112} tested 8/8 kept=1 rest=71
[WARN] batch start failed size=4 {120} split -> 2 {142} + 2 {143}
[WARN] batch start failed size=5 {123} split -> 2 {144} + 3 {145}
[WARN] batch start failed size=4 {124} split -> 2 {146} + 2 {147}
[INFO] {125} tested 5/5 kept=0 rest=63
[WARN] batch start failed size=4 {126} split -> 2 {148} + 2 {149}
[INFO] {127} tested 5/5 kept=5 rest=58
[INFO] {121} tested 5/5 kept=1 rest=52
[INFO] {122} tested 4/4 kept=0 rest=49
[WARN] batch start failed size=5 {129} split -> 2 {150} + 3 {151}
[WARN] batch start failed size=2 {130} split -> 1 {152} + 1 {153}
[WARN] batch start failed size=2 {131} split -> 1 {154} + 1 {155}
[WARN] batch start failed size=2 {132} split -> 1 {156} + 1 {157}
[INFO] {133} tested 3/3 kept=0 rest=46
[WARN] batch start failed size=2 {134} split -> 1 {158} + 1 {159}
[WARN] batch start failed size=2 {135} split -> 1 {160} + 1 {161}
[WARN] batch start failed size=2 {136} split -> 1 {162} + 1 {163}
[WARN] batch start failed size=2 {139} split -> 1 {164} + 1 {165}
[INFO] {128} tested 4/4 kept=1 rest=42
[WARN] batch start failed size=2 {141} split -> 1 {166} + 1 {167}
[WARN] batch start failed size=2 {140} split -> 1 {168} + 1 {169}
[INFO] {142} tested 2/2 kept=1 rest=40
[WARN] batch start failed size=2 {143} split -> 1 {170} + 1 {171}
[INFO] {137} tested 3/3 kept=0 rest=39
[WARN] batch start failed size=3 {145} split -> 1 {172} + 2 {173}
[INFO] {138} tested 2/2 kept=0 rest=38
[WARN] batch start failed size=2 {147} split -> 1 {174} + 1 {175}
[INFO] {149} tested 2/2 kept=2 rest=36
[WARN] batch start failed size=2 {148} split -> 1 {176} + 1 {177}
[WARN] batch start failed size=3 {151} split -> 1 {178} + 2 {179}
[INFO] {144} tested 2/2 kept=0 rest=34
[INFO] {153} retry repair name=[ChromeGO-Merge] Taiwan fields=up,down
[INFO] {153} tested 1/1 kept=0 rest=32
[INFO] {146} tested 2/2 kept=0 rest=30
[INFO] {155} retry repair name=[ChromeGO-Merge] United-4 fields=up,down
[INFO] {154} retry repair name=[ChromeGO-Merge] France fields=up,down
[INFO] {156} retry repair name=[ChromeGO-Merge] Taiwan-2 fields=up,down
[INFO] {157} retry repair name=[ChromeGO-Merge] United-5 fields=up,down
[INFO] {156} tested 1/1 kept=0 rest=29
[INFO] {150} tested 2/2 kept=0 rest=28
[INFO] {159} retry repair name=[ChromeGO-Merge] WARP fields=dialer-proxy
[INFO] {152} tested 1/1 kept=0 rest=27
[INFO] {161} retry repair name=[ChromeGO-Merge] France_hysteria_1 fields=up,down
[INFO] {160} retry repair name=[ChromeGO-Merge] United fields=up,down
[INFO] {159} tested 1/1 kept=1 rest=26
[INFO] {162} retry repair name=[ChromeGO-Merge] United-2 fields=up,down
[INFO] {163} tested 1/1 kept=0 rest=25
[INFO] {165} retry repair name=[ChromeGO-ShiteThings] hysteria fields=up,down
[INFO] {155} tested 1/1 kept=0 rest=24
[INFO] {167} retry repair name=[ChromeGO-ShiteThings] hysteria-5 fields=up,down
[INFO] {164} tested 1/1 kept=0 rest=23
[INFO] {165} tested 1/1 kept=0 rest=22
[INFO] {154} tested 1/1 kept=0 rest=21
[INFO] {166} retry repair name=[ChromeGO-ShiteThings] hysteria-4 fields=up,down
[INFO] {168} retry repair name=[ChromeGO-ShiteThings] hysteria-2 fields=up,down
[INFO] {169} retry repair name=[ChromeGO-ShiteThings] hysteria-3 fields=up,down
[INFO] {170} retry repair name=[Pawdroid-SS-APK] United+Kingdom-3 fields=cipher
[INFO] {168} tested 1/1 kept=0 rest=20
[INFO] {166} tested 1/1 kept=0 rest=19
[INFO] {157} tested 1/1 kept=0 rest=18
[WARN] batch start failed size=2 {173} split -> 1 {180} + 1 {181}
[INFO] {171} tested 1/1 kept=1 rest=17
[INFO] {170} tested 1/1 kept=1 rest=16
[INFO] {172} retry repair name=[Epodonios] EPODONIOS-102 fields=cipher
[INFO] {169} tested 1/1 kept=0 rest=15
[DROP] {175} name=[Epodonios] EPODONIOS-442 server=66.33.22.232:34118 reason=Parse config error: proxy 0: 'reality-opts' has unset fields: public-key
[INFO] {161} tested 1/1 kept=0 rest=13
[INFO] {160} tested 1/1 kept=0 rest=12
[INFO] {162} tested 1/1 kept=0 rest=11
[INFO] {167} tested 1/1 kept=0 rest=10
[INFO] {174} tested 1/1 kept=0 rest=9
[INFO] {172} tested 1/1 kept=0 rest=8
[INFO] {177} retry repair name=[Free-clash-v2ray] hysteria fields=up,down
[INFO] {176} tested 1/1 kept=0 rest=7
[WARN] batch start failed size=2 {179} split -> 1 {182} + 1 {183}
[INFO] {177} tested 1/1 kept=0 rest=6
[INFO] {178} tested 1/1 kept=0 rest=5
[INFO] {180} retry repair name=[Epodonios] EPODONIOS-103 fields=cipher
[DROP] {183} name=[Free-clash-v2ray] 未知 SS-1521 | free-nodes server=192.0.2.1:1 reason=Parse config error: proxy 0: ss 192.0.2.1:1 cipher: i�5��\x1c�p initialize error: unknown method: i�5��\x1c�p
[INFO] {180} tested 1/1 kept=0 rest=3
[INFO] {181} tested 1/1 kept=0 rest=2
[INFO] {182} tested 1/1 kept=0 rest=1
[DROP] {158} name=[ChromeGO-Merge] United States_hy2_1 server=104.192.224.140:40391 reason=Mihomo controller did not become ready
[INFO] dropped=3 [Epodonios] × 1 | [Free-clash-v2ray] × 1 | [ChromeGO-Merge] × 1
============================================================
[INFO] core-dedupe dropped 1 same-host variants, kept higher health_score
[INFO] cap live source=[Mibei77-RSS] from 52 to 50 by health_score
[INFO] cap live source=[免费节点2] from 141 to 50 by health_score
[INFO] cap live source=[Pawdroid-SS-APK] from 391 to 50 by health_score
[INFO] cap live source=[免费节点8] from 153 to 50 by health_score
[INFO] cap live source=[免费节点11] from 53 to 50 by health_score
[INFO] cap live source=[Pawdroid-SR-APK] from 694 to 50 by health_score
[INFO] cap live source=[Epodonios] from 160 to 50 by health_score
[INFO] cap live source=[Free-clash-v2ray] from 1763 to 50 by health_score
[INFO] cap live source=[V2rayclashfree-RSS] from 333 to 50 by health_score
[INFO] cap live total from 632 to 400 floor=5 then health_score pool
[INFO] cap live reserved=115 pool=517 taken=285
============================================================
+------------------------------+--------+--------+------+--------+
| source                       |    raw | unique | live | capped |
+------------------------------+--------+--------+------+--------+
| [大FQ运动]                   |     14 |     14 |    4 |      4 |
+------------------------------+--------+--------+------+--------+
| [Pawdroid]                   |     22 |     21 |    4 |      4 |
+------------------------------+--------+--------+------+--------+
| [FreeV2-Base64]              |      3 |      3 |    3 |      3 |
+------------------------------+--------+--------+------+--------+
| [Bocchi2b-Base64]            |     35 |     35 |    0 |      0 |
+------------------------------+--------+--------+------+--------+
| [ChromeGO-Toolkit]           |     14 |     14 |    4 |      4 |
+------------------------------+--------+--------+------+--------+
| [ChromeGO-ShiteThings]       |     31 |     25 |    7 |      5 |
+------------------------------+--------+--------+------+--------+
| [ChromeGO-Merge]             |    116 |    116 |    6 |      5 |
+------------------------------+--------+--------+------+--------+
| [Freesocks]                  |      3 |      3 |    3 |      3 |
+------------------------------+--------+--------+------+--------+
| [NekoWarp]                   |     10 |     10 |   10 |      5 |
+------------------------------+--------+--------+------+--------+
| [1VPN-CRX]                   |     17 |     17 |   15 |      5 |
+------------------------------+--------+--------+------+--------+
| [OpenRunner-RSS]             |     14 |      0 |    0 |      0 |
+------------------------------+--------+--------+------+--------+
| [V2Rayshare-RSS]             |     27 |     26 |    3 |      3 |
+------------------------------+--------+--------+------+--------+
| [Mibei77-RSS]                |    149 |    137 |   52 |      5 |
+------------------------------+--------+--------+------+--------+
| [Yoyapai-RSS]                |    211 |    189 |   24 |     18 |
+------------------------------+--------+--------+------+--------+
| [免费节点1]                  |    147 |     50 |    5 |      5 |
+------------------------------+--------+--------+------+--------+
| [免费节点2]                  |    387 |    317 |  141 |     33 |
+------------------------------+--------+--------+------+--------+
| [免费节点3]                  |     64 |      0 |    0 |      0 |
+------------------------------+--------+--------+------+--------+
| [免费节点4]                  |    840 |    716 |   43 |      5 |
+------------------------------+--------+--------+------+--------+
| [免费节点5]                  |     29 |     28 |    0 |      0 |
+------------------------------+--------+--------+------+--------+
| [免费节点6]                  |    567 |    543 |    4 |      4 |
+------------------------------+--------+--------+------+--------+
| [免费节点7]                  |     64 |      0 |    0 |      0 |
+------------------------------+--------+--------+------+--------+
| [免费节点8]                  |   4200 |   3775 |  153 |     22 |
+------------------------------+--------+--------+------+--------+
| [免费节点9]                  |    615 |    452 |    0 |      0 |
+------------------------------+--------+--------+------+--------+
| [免费节点10]                 |   4490 |   3077 |   20 |      5 |
+------------------------------+--------+--------+------+--------+
| [免费节点11]                 |    463 |    261 |   53 |      7 |
+------------------------------+--------+--------+------+--------+
| [Pawdroid-SR-APK]            |   1130 |    848 |  694 |     50 |
+------------------------------+--------+--------+------+--------+
| [Pawdroid-SS-APK]            |   1532 |    964 |  391 |     50 |
+------------------------------+--------+--------+------+--------+
| [Clashfree]                  |   1349 |    509 |   28 |      5 |
+------------------------------+--------+--------+------+--------+
| [Epodonios]                  |   4066 |   3089 |  160 |     50 |
+------------------------------+--------+--------+------+--------+
| [Free-clash-v2ray]           |   4725 |   2201 | 1763 |     50 |
+------------------------------+--------+--------+------+--------+
| [V2rayclashfree-RSS]         |   1874 |    411 |  333 |     50 |
+------------------------------+--------+--------+------+--------+
============================================================
[SUMMARY] total_nodes=27208
[SUMMARY] legal_candidates=17851
[SUMMARY] passed_latency_test=400
[SUMMARY] region_HK=15 region_JP=1 region_US=165
[SUMMARY] avg_latency_ms=123.57
[SUMMARY] output=/home/runner/work/Free-node-autotest/Free-node-autotest/output/clash.yaml
============================================================
