============================================================
[INFO] sublink try page | url=https://end-gfw.com
[OK] proxies=6 | new=6 | url=https://raw.githubusercontent.com/hello-world-1989/cn-news/main/clash-free.yaml
[OK] proxies=6 | new=0 | url=https://raw.githubusercontent.com/hello-world-1989/cn-news/main/end-gfw-free
[INFO] source try link | url=https://end-gfw.com/ss-key
[OK] proxies=4 | new=4 | url=https://end-gfw.com/ss-key
[INFO] sublink try repo | url=https://github.com/hello-world-1989/cn-news
[INFO] sublink try page | url=https://raw.githubusercontent.com/hello-world-1989/cn-news/main/README.md
[OK] proxies=2 | new=2 | url=https://raw.githubusercontent.com/hello-world-1989/cn-news/refs/heads/main/clash.yaml
[OK] proxies=2 | new=0 | url=https://raw.githubusercontent.com/hello-world-1989/cn-news/main/end-gfw-together
[OK] proxies=6 | new=6 | url=https://raw.githubusercontent.com/hello-world-1989/v2-sub/main/end-gfw-together-af3e13
[OK] proxies=18 | source=[大FQ运动] | url=https://raw.githubusercontent.com/hello-world-1989/cn-news/main/README.md
============================================================
[INFO] sublink try repo | url=https://github.com/Pawdroid/Free-servers
[INFO] sublink try page | url=https://raw.githubusercontent.com/Pawdroid/Free-servers/main/README.md
[OK] proxies=7 | new=7 | url=https://raw.githubusercontent.com/Pawdroid/Free-servers/main/README.md
[OK] proxies=7 | new=0 | url=https://raw.githubusercontent.com/Pawdroid/Free-servers/main/sub
[OK] proxies=1 | new=1 | url=https://apps.apple.com/cn/app/shadowshare/id1612647259
[OK] proxies=1 | new=1 | url=http://www.surflare.com
[WARN] few proxies | found=9 | raw=20
[REUSE] raw | file=797389898669-raw-1330-20261010.yaml | stamp=202610101330
[OK] proxies=20 | source=[Pawdroid] | url=https://raw.githubusercontent.com/Pawdroid/Free-servers/main/README.md
============================================================
[INFO] source try link | url=https://xmxosfepggzm.503403.xyz
[OK] proxies=3 | new=3 | url=https://xmxosfepggzm.503403.xyz
[OK] proxies=3 | source=[FreeV2-Base64] | url=https://xmxosfepggzm.503403.xyz
============================================================
[INFO] source try link | url=https://links.bocchi2b.top/clash
[OK] proxies=32 | new=32 | url=https://links.bocchi2b.top/clash
[OK] proxies=32 | source=[Bocchi2b-Base64] | url=https://links.bocchi2b.top/clash
============================================================
[INFO] source try link | url=https://freesocks.org/api/v1/sub/02b897e8e77f19176b0b9f2c75864b00
[OK] proxies=1 | new=1 | url=https://freesocks.org/api/v1/sub/02b897e8e77f19176b0b9f2c75864b00
[INFO] source try link | url=https://freesocks.org/api/v1/sub/4cae35810e6f5c4d92e28e32104e0080
[OK] proxies=3 | new=3 | url=https://freesocks.org/api/v1/sub/4cae35810e6f5c4d92e28e32104e0080
[OK] proxies=4 | source=[Freesocks] | url=https://freesocks.org/api/v1/sub/4cae35810e6f5c4d92e28e32104e0080
============================================================
[INFO] source try link | url=https://neko-warp.nloli.xyz/neko_warp.yaml
[OK] proxies=10 | new=10 | url=https://neko-warp.nloli.xyz/neko_warp.yaml
[OK] proxies=10 | source=[NekoWarp] | url=https://neko-warp.nloli.xyz/neko_warp.yaml
============================================================
[INFO] article try feed | url=https://free.datiya.com/index.xml
[INFO] sublink try page | url=https://free.datiya.com/post/20261010/
[OK] proxies=14 | new=14 | url=https://free.datiya.com/uploads/20261010-clash.yaml
[OK] proxies=14 | source=[OpenRunner-RSS] | url=https://free.datiya.com/post/20261010/
============================================================
[INFO] article try feed | url=https://v2rayshare.com/feed
[INFO] sublink try page | url=https://v2rayshare.com/p/4097.html
[INFO] sublink try repo | url=https://github.com/firefoxmmx2/v2rayshare_subcription
[INFO] sublink try page | url=https://raw.githubusercontent.com/firefoxmmx2/v2rayshare_subcription/main/README.md
[OK] proxies=21 | new=21 | url=https://{raw.githubusercontent.com|cdn.jsdelivr.net}/firefoxmmx2/v2rayshare_subcription/main/subscription/clash_sub.yaml
[OK] proxies=22 | new=1 | url=https://{raw.githubusercontent.com|cdn.jsdelivr.net}/firefoxmmx2/v2rayshare_subcription/main/subscription/vray_sub.txt
[OK] proxies=22 | new=0 | url=https://{raw.githubusercontent.com|cdn.jsdelivr.net}/firefoxmmx2/v2rayshare_subcription/main/subscription/mihomo_sub.yaml
[OK] proxies=22 | source=[V2Rayshare-RSS] | url=https://raw.githubusercontent.com/firefoxmmx2/v2rayshare_subcription/main/README.md
============================================================
[INFO] article try feed | url=https://www.mibei77.com/feed
[INFO] sublink try page | url=https://www.mibei77.com/737.html
[OK] proxies=111 | new=111 | url=https://aa.mibei77.com/202610/10.1064bacdq.txt
[OK] proxies=119 | new=14 | url=https://aa.mibei77.com/202610/1010Clashizxc.yaml
[OK] proxies=125 | source=[Mibei77-RSS] | url=https://www.mibei77.com/737.html
============================================================
[INFO] article try feed | url=https://yoyapai.com/feed
[INFO] sublink try page | url=https://yoyapai.com/761
[OK] proxies=297 | new=297 | url=https://freenode.yoyapai.com/2026/10/10-yoyapai.com-ssrv2ray-vpn-mianfei-jiedian.txt
[OK] proxies=1 | new=1 | url=https://yoyapai.com/761
[OK] proxies=297 | new=0 | url=https://freenode.yoyapai.com/2026/10/10-yoyapai.com-clash-vpn-mianfei-jiedian.yaml
[OK] proxies=298 | source=[Yoyapai-RSS] | url=https://yoyapai.com/761
============================================================
[INFO] sublink try repo | url=https://github.com/free18/v2ray
[INFO] sublink try page | url=https://raw.githubusercontent.com/free18/v2ray/main/README.md
[OK] proxies=3 | new=3 | url=https://raw.githubusercontent.com/free18/v2ray/main/README.md
[OK] proxies=171 | new=171 | url=https://ghfast.top/https://raw.githubusercontent.com/free18/v2ray/refs/heads/main/c.yaml
[OK] proxies=171 | new=0 | url=https://ghfast.top/https://raw.githubusercontent.com/free18/v2ray/refs/heads/main/v.txt
[OK] proxies=174 | source=[免费节点1] | url=https://raw.githubusercontent.com/free18/v2ray/main/README.md
============================================================
[INFO] sublink try repo | url=https://github.com/ermaozi/get_subscribe
[INFO] sublink try page | url=https://raw.githubusercontent.com/ermaozi/get_subscribe/main/README.md
[INFO] sublink file_nodes=0 | bare links=9
[OK] proxies=562 | new=562 | url=https://blog.ermao.net/sub/{clash|v2ray}/ermao.net
[OK] proxies=562 | new=0 | url=https://{blog.ermao.net|www.ermao.net}/sub/{reachable|unreachable|untested}/clash/ermao.net
[OK] proxies=562 | source=[免费节点2] | url=https://raw.githubusercontent.com/ermaozi/get_subscribe/main/README.md
============================================================
[INFO] sublink try repo | url=https://github.com/sunmiao4458/free-proxy-airport
[INFO] sublink try page | url=https://raw.githubusercontent.com/sunmiao4458/free-proxy-airport/main/README.md
[OK] proxies=39 | new=39 | url=https://sunmiao4458.github.io/free-proxy-airport/clash.yaml
[OK] proxies=39 | source=[免费节点3] | url=https://raw.githubusercontent.com/sunmiao4458/free-proxy-airport/main/README.md
============================================================
[INFO] sublink try repo | url=https://github.com/mfuu/FreeProxies
[INFO] sublink try page | url=https://raw.githubusercontent.com/mfuu/FreeProxies/master/README.md
[OK] proxies=289 | new=289 | url=https://raw.githubusercontent.com/mfuu/FreeProxies/master/sub.yaml
[OK] proxies=289 | source=[免费节点4] | url=https://raw.githubusercontent.com/mfuu/FreeProxies/master/README.md
============================================================
[INFO] sublink try repo | url=https://github.com/vxiaov/free_proxies
[INFO] sublink try page | url=https://raw.githubusercontent.com/vxiaov/free_proxies/main/README.md
[OK] proxies=28 | new=28 | url=https://{cdn.jsdelivr.net|raw.githubusercontent.com}/vxiaov/free_proxies/main/clash/clash.provider.yaml
[OK] proxies=1 | new=1 | url=https://raw.githubusercontent.com/vxiaov/free_proxies/main/README.md
[OK] proxies=29 | source=[免费节点5] | url=https://raw.githubusercontent.com/vxiaov/free_proxies/main/README.md
============================================================
[INFO] sublink try repo | url=https://github.com/anaer/Sub
[INFO] sublink try page | url=https://raw.githubusercontent.com/anaer/Sub/main/README.MD
[OK] proxies=1702 | new=1702 | url=https://anaer.github.io/Sub/clash.yaml
[OK] proxies=1702 | new=0 | url=https://raw.githubusercontent.com/anaer/Sub/main/clash.yaml
[OK] proxies=1702 | source=[免费节点6] | url=https://raw.githubusercontent.com/anaer/Sub/main/README.MD
============================================================
[INFO] sublink try repo | url=https://github.com/snakem982/proxypool
[INFO] sublink try page | url=https://raw.githubusercontent.com/snakem982/proxypool/main/README.md
[OK] proxies=46 | new=46 | url=https://raw.githubusercontent.com/snakem982/proxypool/main/source/v2ray-2.txt
[OK] proxies=59 | new=13 | url=https://raw.githubusercontent.com/snakem982/proxypool/main/source/clash-meta-2.yaml
[OK] proxies=43 | new=0 | url=https://raw.githubusercontent.com/snakem982/proxypool/main/source/sing-box-2.json
[OK] proxies=59 | source=[免费节点7] | url=https://raw.githubusercontent.com/snakem982/proxypool/main/README.md
============================================================
[INFO] sublink try repo | url=https://github.com/mahdibland/V2RayAggregator
[INFO] sublink try page | url=https://raw.githubusercontent.com/mahdibland/V2RayAggregator/master/README.md
[OK] proxies=61 | new=61 | url=https://raw.githubusercontent.com/mahdibland/SSAggregator/master/sub/airport_sub_merge.txt
[OK] proxies=1 | new=1 | url=https://github.com/mahdibland/SSAggregator/actions/workflows/Airport_Collector.yml
[OK] proxies=1 | new=0 | url=https://cdn.jsdelivr.net/gh/mahdibland/V2RayAggregator@master/update/provider/provider-cn.yml
[OK] proxies=521 | new=521 | url=https://raw.githubusercontent.com/mahdibland/ShadowsocksAggregator/master/sub/splitted/trojan.txt
[OK] proxies=1476 | new=1476 | url=https://raw.githubusercontent.com/mahdibland/ShadowsocksAggregator/master/sub/splitted/vmess.txt
[OK] proxies=1 | new=0 | url=https://cdn.jsdelivr.net/gh/mahdibland/V2RayAggregator@master/update/provider/provider-others.yml
[OK] proxies=1856 | new=1856 | url=https://raw.githubusercontent.com/mahdibland/ShadowsocksAggregator/master/sub/splitted/ss.txt
[OK] proxies=388 | new=95 | url=https://raw.githubusercontent.com/mahdibland/V2RayAggregator/master/README.md
[OK] proxies=1 | new=0 | url=https://cdn.jsdelivr.net/gh/mahdibland/V2RayAggregator@master/update/provider/provider-meta-others.yml
[OK] proxies=1 | new=0 | url=https://github.com/mahdibland/SSAggregator/actions/workflows/Collector.yml
[OK] proxies=1 | new=0 | url=https://cdn.jsdelivr.net/gh/mahdibland/V2RayAggregator@master/update/provider/provider.yml
[OK] proxies=3907 | new=54 | url=https://raw.githubusercontent.com/mahdibland/SSAggregator/master/sub/sub_merge_base64.txt
[OK] proxies=1 | new=0 | url=https://cdn.jsdelivr.net/gh/mahdibland/V2RayAggregator@master/update/provider/provider-meta-cn.yml
[OK] proxies=200 | new=0 | url=https://raw.githubusercontent.com/mahdibland/ShadowsocksAggregator/master/Eternity.txt
[OK] proxies=61 | new=0 | url=https://raw.githubusercontent.com/mahdibland/ShadowsocksAggregator/master/EternityAir.txt
[OK] proxies=54 | new=0 | url=https://raw.githubusercontent.com/mahdibland/ShadowsocksAggregator/master/sub/splitted/ssr.txt
[OK] proxies=4104 | new=199 | url=https://raw.githubusercontent.com/mahdibland/SSAggregator/master/sub/sub_merge_yaml.yml
[OK] proxies=1 | new=0 | url=https://cdn.jsdelivr.net/gh/mahdibland/V2RayAggregator@master/update/provider/provider-meta.yml
[OK] proxies=201 | new=0 | url=https://raw.githubusercontent.com/mahdibland/ShadowsocksAggregator/master/Eternity.yml
[OK] proxies=61 | new=0 | url=https://raw.githubusercontent.com/mahdibland/SSAggregator/master/sub/airport_merge_base64.txt
[OK] proxies=3907 | new=0 | url=https://raw.githubusercontent.com/mahdibland/{SSAggregator|ShadowsocksAggregator}/master/sub/sub_merge.txt
[OK] proxies=4263 | source=[免费节点8] | url=https://raw.githubusercontent.com/mahdibland/V2RayAggregator/master/README.md
============================================================
[INFO] sublink try repo | url=https://github.com/w1770946466/Auto_proxy
[INFO] sublink try page | url=https://raw.githubusercontent.com/w1770946466/Auto_proxy/main/README.md
[OK] proxies=489 | new=489 | url=https://raw.githubusercontent.com/w1770946466/Auto_proxy/main/Long_term_subscription_num
[OK] proxies=1 | new=1 | url=https://github.com/w1770946466/Auto_proxy/actions/workflows/main.yml
[OK] proxies=489 | new=0 | url=https://raw.githubusercontent.com/w1770946466/Auto_proxy/main/{Long_term_subscription1|Long_term_subscription2|Long_term_subscription3|Long_term_subscription4|Long_term_subscription5|Long_term_subscription6|Long_term_subscription7|Long_term_subscription8}
[OK] proxies=245 | new=125 | url=https://raw.githubusercontent.com/w1770946466/Auto_proxy/main/{Long_term_subscription2.yaml|Long_term_subscription1.yaml|Long_term_subscription3.yaml}
[OK] proxies=615 | source=[免费节点9] | url=https://raw.githubusercontent.com/w1770946466/Auto_proxy/main/README.md
============================================================
[INFO] sublink try repo | url=https://github.com/PuddinCat/BestClash
[INFO] sublink try page | url=https://raw.githubusercontent.com/PuddinCat/BestClash/main/README.md
[OK] proxies=28 | new=28 | url=https://cdn.jsdelivr.net/gh/vxiaov/free_proxies@main/clash/clash.provider.yaml
[OK] proxies=165 | new=165 | url=https://raw.githubusercontent.com/ronghuaxueleng/get_v2/main/pub/combine.yaml
[OK] proxies=201 | new=201 | url=https://raw.githubusercontent.com/mahdibland/ShadowsocksAggregator/master/Eternity.yml
[OK] proxies=24 | new=24 | url=https://freenode.openrunner.net/uploads/20240807-clash.yaml
[OK] proxies=144 | new=144 | url=https://raw.githubusercontent.com/zhangkaiitugithub/passcro/main/speednodes.yaml
[OK] proxies=179 | new=95 | url=https://raw.githubusercontent.com/Misaka-blog/chromego_merge/main/sub/merged_proxies_new.yaml
[OK] proxies=16 | new=16 | url=https://raw.githubusercontent.com/PuddinCat/BestClash/main/proxies.yaml
[OK] proxies=565 | new=275 | url=https://raw.githubusercontent.com/{ermaozi|ermaozi01}/{get_subscribe|free_clash_vpn}/main/subscribe/clash.yml
[OK] proxies=196 | new=0 | url=https://raw.githubusercontent.com/{chengaopan|peasoft}/{AutoMergePublicNodes|NoMoreWalls}/master/list.yml
[OK] proxies=4849 | new=4717 | url=https://raw.githubusercontent.com/{NiceVPN123|anaer}/{NiceVPN|Sub}/main/{Clash.yaml|clash.yaml}
[OK] proxies=5665 | source=[免费节点10] | url=https://raw.githubusercontent.com/PuddinCat/BestClash/main/README.md
============================================================
[INFO] sublink try repo | url=https://github.com/kooker/FreeSubsCheck
[INFO] sublink try page | url=https://raw.githubusercontent.com/kooker/FreeSubsCheck/main/README.md
[OK] proxies=2 | new=2 | url=https://raw.githubusercontent.com/kooker/FreeSubsCheck/main/byxiaoxi.txt
[OK] proxies=1 | new=1 | url=https://raw.githubusercontent.com/kooker/FreeSubsCheck/main/base64.txt
[OK] proxies=709 | new=708 | url=https://raw.githubusercontent.com/kooker/FreeSubsCheck/main/kooker.jp.txt
[OK] proxies=1 | new=0 | url=https://raw.githubusercontent.com/kooker/FreeSubsCheck/main/mihomo.yaml
[OK] proxies=1 | new=0 | url=https://raw.githubusercontent.com/kooker/FreeSubsCheck/main/all.yaml
[OK] proxies=711 | source=[免费节点11] | url=https://raw.githubusercontent.com/kooker/FreeSubsCheck/main/README.md
============================================================
[INFO] toolkit try repo | url=https://github.com/bannedbook/fanqiang
[INFO] toolkit try release | url=https://github.com/bannedbook/fanqiang/releases
[INFO] toolkit try release | url=https://github.com/bannedbook/fanqiang/releases/expanded_assets/ChromeGo-latest
[INFO] toolkit try download | url=https://github.com/bannedbook/fanqiang/releases/download/ChromeGo-latest/ChromeGo.7z
[OK] toolkit downloaded | file=ChromeGo.7z | size=96.2mb | time=27.3s
[OK] toolkit extracted | archive=ChromeGo.7z | tool=7z | files=222 | dirs=45
[OK] toolkit discovered | subs=107 | embedded=46 | scan=24.7s | archive=ChromeGo.7z
[OK] proxies=12 | new=12 | embedded=archive-config
[OK] proxies=3 | new=3 | url=https://gitlab.com/free9999/ipupdate/master/backup/img/1/2/{ipp|ip}/clash.meta2/{5|6|3|1|4|2}/config.yaml
[OK] proxies=3 | new=0 | url=https://www.67867867.xyz/Alvin9999/PAC/refs/heads/master/backup/img/1/2/{ipp|ip}/clash.meta2/{5|6|3|1|4|2}/config.yaml
[OK] proxies=7 | new=5 | url=https://gitlab.com/free9999/ipupdate/master/backup/img/1/2/{ipp|ip}/{hysteria2|singbox|naiveproxy|hysteria|xray}/{3|1|4|2}/config.json
[OK] proxies=7 | new=0 | url=https://www.67867867.xyz/Alvin9999/PAC/refs/heads/master/backup/img/1/2/{ipp|ip}/{hysteria2|singbox|naiveproxy|hysteria|xray}/{3|1|4|2}/config.json
[OK] proxies=20 | source=[ChromeGO-Toolkit] | url=https://github.com/bannedbook/fanqiang/releases/download/ChromeGo-latest/ChromeGo.7z
============================================================
[INFO] sublink try repo | url=https://github.com/ShiteThings/extractNodes
[INFO] sublink try page | url=https://raw.githubusercontent.com/ShiteThings/extractNodes/main/README.md
[OK] proxies=26 | new=26 | url=https://chg26.makou.cc.cd/sb
[OK] proxies=31 | new=5 | url=https://{chg26.makou.cc.cd|chg64.makou.cc.cd}
[OK] proxies=31 | source=[ChromeGO-ShiteThings] | url=https://raw.githubusercontent.com/ShiteThings/extractNodes/main/README.md
============================================================
[INFO] sublink try repo | url=https://github.com/shangui999/chromego_merge
[INFO] sublink try page | url=https://raw.githubusercontent.com/shangui999/chromego_merge/master/ReadMe.md
[OK] proxies=10 | new=10 | url=https://freedman.netlify.app/sub/merged_proxies_new.yaml
[OK] proxies=11 | new=1 | url=https://freedman.netlify.app/sub/merged_warp_proxies_new.yaml
[OK] proxies=11 | new=6 | url=https://freedman.netlify.app/sub/shadowrocket_base64.txt
[OK] proxies=16 | new=16 | url=https://freedman.netlify.app/sub/sb.json
[INFO] sublink try repo | url=https://github.com/yaney01/chromego
[INFO] sublink try page | url=https://raw.githubusercontent.com/yaney01/chromego/main/ReadMe.md
[OK] proxies=50 | new=46 | url=https://raw.githubusercontent.com/yaney01/chromego/main/sub/merged_proxies_new.yaml
[OK] proxies=51 | new=0 | url=https://raw.githubusercontent.com/yaney01/chromego/main/sub/merged_warp_proxies_new.yaml
[OK] proxies=13 | new=7 | url=https://raw.githubusercontent.com/yaney01/chromego/main/sub/shadowrocket_base64.txt
[OK] proxies=13 | new=0 | url=https://raw.githubusercontent.com/yaney01/chromego/main/sub/sb.json
[INFO] sublink try repo | url=https://github.com/Misaka-blog/chromego_merge
[INFO] sublink try page | url=https://raw.githubusercontent.com/Misaka-blog/chromego_merge/main/README.md
[OK] proxies=179 | new=179 | url=https://chromego-sub.netlify.app/sub/merged_proxies_new.yaml
[OK] proxies=265 | source=[ChromeGO-Merge] | url=https://raw.githubusercontent.com/Misaka-blog/chromego_merge/main/README.md
============================================================
[INFO] toolkit try repo | url=https://github.com/Pawdroid/shadowrocket_for_android
[INFO] toolkit try release | url=https://github.com/Pawdroid/shadowrocket_for_android/releases
[INFO] toolkit try release | url=https://github.com/Pawdroid/shadowrocket_for_android/releases/expanded_assets/10.10.57
[INFO] toolkit try download | url=https://github.com/Pawdroid/shadowrocket_for_android/releases/download/10.10.57/Shadowrocket_10.10.57_shadowrocketStandard_arm64-v8a.apk
[OK] toolkit downloaded | file=Shadowrocket_10.10.57_shadowrocketStandard_arm64-v8a.apk | size=39.8mb | time=14.8s
[OK] toolkit extracted | archive=Shadowrocket_10.10.57_shadowrocketStandard_arm64-v8a.apk | tool=zipfile | files=1193 | dirs=44
[OK] toolkit sr-apk scanned | prefixes=38 | files=6 | keys=2 | archive=Shadowrocket_10.10.57_shadowrocketStandard_arm64-v8a.apk
[OK] proxies=884 | new=884 | url=https://{raw.githubusercontent.com|cdn.jsdelivr.net}/pixelor/ecfg/main/data/ecfg6_en
[OK] proxies=58 | new=43 | url=https://{cdn.jsdelivr.net|raw.githubusercontent.com}/pixelor/ecfg/main/data/ecfg6
[OK] proxies=1098 | new=232 | url=https://{raw.githubusercontent.com|cdn.jsdelivr.net}/pixelor/ecfg/main/data/ecfg6_zh
[OK] proxies=40 | new=0 | url=https://{files.shadowrockets.app|cdn.shadowrockets.app}/ecfg/data/ecfg6
[OK] proxies=713 | new=0 | url=https://{files.shadowrockets.app|cdn.shadowrockets.app}/ecfg/data/ecfg6_en
[OK] proxies=713 | new=0 | url=https://{files.shadowrockets.app|cdn.shadowrockets.app}/ecfg/data/ecfg6_zh
[OK] proxies=1159 | source=[Pawdroid-SR-APK] | url=https://github.com/Pawdroid/shadowrocket_for_android/releases/download/10.10.57/Shadowrocket_10.10.57_shadowrocketStandard_arm64-v8a.apk
============================================================
[INFO] toolkit try page | url=https://shadowshare.v2cross.com
[INFO] toolkit try download | url=https://shadowshare.v2cross.com/shadowshare.apk
[OK] toolkit downloaded | file=shadowshare.apk | size=60mb | time=24.8s
[OK] toolkit extracted | archive=shadowshare.apk | tool=zipfile | files=612 | dirs=39
[OK] toolkit ss-apk scanned | prefixes=10 | files=3 | keys=1 | archive=shadowshare.apk
[OK] proxies=191 | new=191 | url=https://{raw.githubusercontent.com|jsd.onmicrosoft.cn}/hideme9527/ecsfg/main/data/sareserver
[OK] proxies=1386 | new=1283 | url=https://{raw.githubusercontent.com|jsd.onmicrosoft.cn}/hideme9527/ecsfg/main/data/sareserver_en
[OK] proxies=22 | new=0 | url=https://{shadowsharing.com|sare.159236.xyz}/data/sareserver
[OK] proxies=1386 | new=0 | url=https://{shadowsharing.com|sare.159236.xyz}/data/sareserver_en
[OK] proxies=1386 | new=0 | url=https://gitee.com/api/v5/repos/{zhiminghao|elvenapp|guoyoucai1}/ecsfg/raw/data/sareserver_en
[OK] proxies=22 | new=0 | url=https://gitee.com/api/v5/repos/{elvenapp|zhiminghao|guoyoucai1}/ecsfg/raw/data/sareserver
[OK] proxies=1474 | source=[Pawdroid-SS-APK] | url=https://shadowshare.v2cross.com/shadowshare.apk
============================================================
[INFO] toolkit try chrome | url=https://chromewebstore.google.com/detail/free-vpn-proxy-1vpn/akcocjjpkmlniicdeemdceeajlmoabhg
[INFO] toolkit try download | url=https://clients2.google.com/service/update2/crx?response=redirect&prodversion=131.0.6778.0&acceptformat=crx2,crx3&x=id%3dakcocjjpkmlniicdeemdceeajlmoabhg%26uc
[OK] toolkit downloaded | file=free-vpn-proxy-1vpn.crx | size=1.6mb | time=6.1s
[OK] toolkit extracted | archive=free-vpn-proxy-1vpn.crx | tool=zipfile | files=68 | dirs=57
[OK] toolkit 1vpn-crx scanned | hosts=17 | keys=1 | archive=free-vpn-proxy-1vpn.crx
[OK] proxies=17 | source=[1VPN-CRX] | url=https://clients2.google.com/service/update2/crx?response=redirect&prodversion=131.0.6778.0&acceptformat=crx2,crx3&x=id%3dakcocjjpkmlniicdeemdceeajlmoabhg%26uc
============================================================
[INFO] sublink try repo | url=https://github.com/free-nodes/clashfree
[INFO] sublink try page | url=https://raw.githubusercontent.com/free-nodes/clashfree/main/README.md
[OK] proxies=407 | new=407 | url=https://raw.githubusercontent.com/free-nodes/clashfree/main/clash20261010.yml
[OK] proxies=407 | new=0 | url=https://raw.githubusercontent.com/free-nodes/clashfree/main/README.md
[OK] proxies=407 | source=[Clashfree] | url=https://raw.githubusercontent.com/free-nodes/clashfree/main/README.md
============================================================
[INFO] sublink try repo | url=https://github.com/Epodonios/v2ray-configs
[INFO] sublink try page | url=https://raw.githubusercontent.com/Epodonios/v2ray-configs/main/README.md
[OK] proxies=3344 | new=3344 | url=https://github.com/Epodonios/v2ray-configs/raw/main/Splitted-By-Protocol/vless.txt
[OK] proxies=1 | new=1 | url=https://github.com/Epodonios/V2ray-Configs/actions/workflows/main.yml
[OK] proxies=195 | new=195 | url=https://github.com/Epodonios/v2ray-configs/raw/main/Splitted-By-Protocol/vmess.txt
[OK] proxies=244 | new=244 | url=https://github.com/Epodonios/v2ray-configs/raw/main/Splitted-By-Protocol/trojan.txt
[OK] proxies=4157 | new=630 | url=https://github.com/Epodonios/v2ray-configs/raw/main/All_Configs_Sub.txt
[OK] proxies=4157 | new=0 | url=https://github.com/Epodonios/v2ray-configs/raw/main/All_Configs_base64_Sub.txt
[OK] proxies=388 | new=38 | url=https://github.com/Epodonios/v2ray-configs/raw/main/Splitted-By-Protocol/ss.txt
[OK] proxies=4157 | new=0 | url=https://raw.githubusercontent.com/Epodonios/v2ray-configs/main/{Sub1.txt|Sub2.txt|Sub3.txt|Sub4.txt|Sub5.txt|Sub6.txt|Sub7.txt|Sub8.txt}
[OK] proxies=4452 | source=[Epodonios] | url=https://raw.githubusercontent.com/Epodonios/v2ray-configs/main/README.md
============================================================
[INFO] sublink try repo | url=https://github.com/free-clash-v2ray/free-clash-v2ray.github.io
[INFO] sublink try page | url=https://raw.githubusercontent.com/free-clash-v2ray/free-clash-v2ray.github.io/main/README.md
[OK] proxies=2438 | new=2438 | url=https://free-clash-v2ray.github.io/uploads/2026/10/{0-20261004.yaml|1-20261004.yaml|2-20261004.yaml|3-20261004.yaml}
[OK] proxies=2772 | new=847 | url=https://free-clash-v2ray.github.io/uploads/2026/10/{0-20261004.txt|1-20261004.txt|2-20261004.txt|3-20261004.txt|4-20261004.txt}
[OK] proxies=3285 | source=[Free-clash-v2ray] | url=https://raw.githubusercontent.com/free-clash-v2ray/free-clash-v2ray.github.io/main/README.md
============================================================
[INFO] article try page | url=https://v2rayclashfree.com
[INFO] sublink try page | url=https://v2rayclashfree.com/fn/20261010.html
[INFO] sublink try page | url=https://v2rayclashfree.com/fn/20261009.html
[INFO] sublink try page | url=https://v2rayclashfree.com/fn/20261008.html
[INFO] sublink try page | url=https://v2rayclashfree.com/fn/20261007.html
[INFO] sublink try page | url=https://v2rayclashfree.com/fn/20261006.html
[INFO] sublink try page | url=https://v2rayclashfree.com/fn/20261005.html
[INFO] sublink try page | url=https://v2rayclashfree.com/fn/20261004.html
[INFO] sublink try page | url=https://v2rayclashfree.com/fn/20261003.html
[INFO] sublink try page | url=https://v2rayclashfree.com/fn/20261002.html
[INFO] sublink try page | url=https://v2rayclashfree.com/fn/20261001.html
[INFO] sublink try page | url=https://v2rayclashfree.com/fn/20260930.html
[OK] proxies=2901 | new=2901 | url=https://v2rayclashfree.com/sub/20260930-clash.yaml
[OK] proxies=2867 | new=505 | url=https://v2rayclashfree.com/sub/20260930-v2ray.txt
[OK] proxies=3406 | source=[V2rayclashfree-RSS] | url=https://v2rayclashfree.com/fn/20260930.html
============================================================
[INFO] toolkit try repo | url=https://github.com/MetaCubeX/meta-rules-dat
[INFO] toolkit try release | url=https://github.com/MetaCubeX/meta-rules-dat/releases
[INFO] toolkit try release | url=https://github.com/MetaCubeX/meta-rules-dat/releases/expanded_assets/latest
[INFO] toolkit try download | url=https://github.com/MetaCubeX/meta-rules-dat/releases/download/latest/country.mmdb
[OK] toolkit downloaded | file=country.mmdb | size=7.3mb | time=3.3s
[INFO] toolkit try repo | url=https://github.com/mledoze/countries
[INFO] toolkit try tree | url=https://github.com/mledoze/countries
[INFO] toolkit try download | url=https://raw.githubusercontent.com/mledoze/countries/master/countries.json
[OK] toolkit downloaded | file=countries.json | size=1.3mb | time=1.1s
[INFO] toolkit try repo | url=https://github.com/pycountry/pycountry
[INFO] toolkit try tree | url=https://github.com/pycountry/pycountry
[INFO] toolkit try download | url=https://raw.githubusercontent.com/pycountry/pycountry/main/src/pycountry/databases/iso3166-1.json
[OK] toolkit downloaded | file=iso3166-1.json | size=42.3kb | time=0.0s
[INFO] toolkit try repo | url=https://github.com/umpirsky/country-list
[INFO] toolkit try tree | url=https://github.com/umpirsky/country-list
[INFO] toolkit try download | url=https://raw.githubusercontent.com/umpirsky/country-list/master/data/zh/country.json
[OK] toolkit downloaded | file=country.json | size=7.6kb | time=0.0s
[OK] geo score ready | files=country.mmdb, countries.json, iso3166-1.json, country.json | centroids=250 | aliases=674
============================================================
[INFO] toolkit try repo | url=https://github.com/MetaCubeX/mihomo
[INFO] toolkit try release | url=https://github.com/MetaCubeX/mihomo/releases
[INFO] toolkit try release | url=https://github.com/MetaCubeX/mihomo/releases/expanded_assets/v1.19.32
[INFO] toolkit try download | url=https://github.com/MetaCubeX/mihomo/releases/download/v1.19.32/mihomo-linux-amd64-compatible-v1.19.32.gz
[OK] toolkit downloaded | file=mihomo-linux-amd64-compatible-v1.19.32.gz | size=21.8mb | time=7.8s
[OK] toolkit hash verified | file=mihomo-linux-amd64-compatible-v1.19.32.gz | sha256=ba3ce607747a07f948fc35780e108a4a7c7f552a38b9bd4d115f313ebcb89c20
[OK] proxy engine ready, starting latency test | package=mihomo-linux-amd64-compatible-v1.19.32.gz
============================================================
[WARN] batch reshard | size=17700 {1} | split=2950 {2} + 2950 {3} + 2950 {4} + 2950 {5} + 2950 {6} + 2950 {7}
[WARN] batch start failed | size=2950 {2} | split=492 {8} + 492 {9} + 492 {10} + 492 {11} + 492 {12} + 490 {13}
[WARN] batch start failed | size=2950 {6} | split=492 {14} + 492 {15} + 492 {16} + 492 {17} + 492 {18} + 490 {19}
[WARN] batch start failed | size=2950 {7} | split=492 {20} + 492 {21} + 492 {22} + 492 {23} + 492 {24} + 490 {25}
[WARN] batch start failed | size=2950 {5} | split=492 {26} + 492 {27} + 492 {28} + 492 {29} + 492 {30} + 490 {31}
[TEST] {9} tested=100/492 | kept=46 | rest=17600
[TEST] {9} tested=200/492 | kept=91 | rest=17500
[TEST] {9} tested=300/492 | kept=135 | rest=17400
[TEST] {9} tested=400/492 | kept=168 | rest=17300
[TEST] {10} tested=100/492 | kept=29 | rest=17122
[TEST] {10} tested=200/492 | kept=51 | rest=17021
[TEST] {11} tested=100/492 | kept=0 | rest=16885
[TEST] {11} tested=200/492 | kept=0 | rest=16785
[TEST] {11} tested=300/492 | kept=0 | rest=16685
[TEST] {8} tested=100/492 | kept=13 | rest=16509
[TEST] {8} tested=200/492 | kept=20 | rest=16409
[TEST] {8} tested=300/492 | kept=37 | rest=16309
[TEST] {11} tested=400/492 | kept=0 | rest=16197
[TEST] {10} tested=300/492 | kept=53 | rest=16136
[TEST] {8} tested=400/492 | kept=42 | rest=16056
[TEST] {10} tested=400/492 | kept=61 | rest=15986
[TEST] {4} tested=100/2950 | kept=0 | rest=15874
[TEST] {4} tested=200/2950 | kept=1 | rest=15774
[TEST] {4} tested=300/2950 | kept=2 | rest=15674
[TEST] {4} tested=400/2950 | kept=2 | rest=15574
[TEST] {4} tested=500/2950 | kept=2 | rest=15474
[TEST] {4} tested=600/2950 | kept=2 | rest=15374
[TEST] {4} tested=700/2950 | kept=2 | rest=15274
[TEST] {3} tested=100/2950 | kept=1 | rest=15139
[TEST] {3} tested=200/2950 | kept=2 | rest=15039
[TEST] {3} tested=300/2950 | kept=4 | rest=14939
[TEST] {3} tested=400/2950 | kept=9 | rest=14839
[TEST] {3} tested=500/2950 | kept=14 | rest=14739
[WARN] batch start failed | size=492 {12} | split=82 {32} + 82 {33} + 82 {34} + 82 {35} + 82 {36} + 82 {37}
[TEST] {3} tested=600/2950 | kept=15 | rest=14507
[TEST] {4} tested=800/2950 | kept=2 | rest=14199
[TEST] {3} tested=700/2950 | kept=15 | rest=14045
[TEST] {4} tested=900/2950 | kept=4 | rest=14030
[TEST] {14} tested=100/492 | kept=22 | rest=13960
[TEST] {14} tested=200/492 | kept=22 | rest=13787
[TEST] {3} tested=800/2950 | kept=15 | rest=13694
[TEST] {14} tested=300/492 | kept=22 | rest=13611
[TEST] {3} tested=900/2950 | kept=15 | rest=13460
[TEST] {4} tested=1000/2950 | kept=17 | rest=13453
[TEST] {14} tested=400/492 | kept=22 | rest=13378
[TEST] {3} tested=1000/2950 | kept=15 | rest=13246
[TEST] {3} tested=1100/2950 | kept=15 | rest=13102
[TEST] {3} tested=1200/2950 | kept=36 | rest=12972
[TEST] {4} tested=1100/2950 | kept=17 | rest=12913
[TEST] {3} tested=1300/2950 | kept=96 | rest=12839
[TEST] {4} tested=1200/2950 | kept=17 | rest=12712
[TEST] {18} tested=100/492 | kept=2 | rest=12586
[TEST] {18} tested=200/492 | kept=2 | rest=12486
[TEST] {13} tested=100/490 | kept=1 | rest=12344
[TEST] {13} tested=200/490 | kept=1 | rest=12244
[TEST] {17} tested=100/492 | kept=1 | rest=12076
[TEST] {17} tested=200/492 | kept=1 | rest=11976
[TEST] {17} tested=300/492 | kept=2 | rest=11800
[TEST] {18} tested=300/492 | kept=5 | rest=11698
[TEST] {4} tested=1300/2950 | kept=18 | rest=11529
[WARN] batch start failed | size=492 {16} | split=82 {38} + 82 {39} + 82 {40} + 82 {41} + 82 {42} + 82 {43}
[TEST] {17} tested=400/492 | kept=5 | rest=11495
[TEST] {18} tested=400/492 | kept=5 | rest=11469
[TEST] {13} tested=300/490 | kept=1 | rest=11395
[TEST] {3} tested=1400/2950 | kept=101 | rest=11319
[TEST] {15} tested=100/492 | kept=0 | rest=11294
[TEST] {15} tested=200/492 | kept=2 | rest=11089
[TEST] {13} tested=400/490 | kept=4 | rest=10853
[TEST] {4} tested=1400/2950 | kept=18 | rest=10804
[TEST] {4} tested=1500/2950 | kept=18 | rest=10550
[TEST] {3} tested=1500/2950 | kept=101 | rest=10538
[WARN] batch start failed | size=490 {19} | split=82 {44} + 82 {45} + 82 {46} + 82 {47} + 82 {48} + 80 {49}
[WARN] batch start failed | size=492 {20} | split=82 {50} + 82 {51} + 82 {52} + 82 {53} + 82 {54} + 82 {55}
[TEST] {15} tested=300/492 | kept=8 | rest=10484
[TEST] {15} tested=400/492 | kept=8 | rest=10350
[TEST] {21} tested=100/492 | kept=3 | rest=10210
[TEST] {22} tested=100/492 | kept=2 | rest=10109
[TEST] {22} tested=200/492 | kept=5 | rest=10009
[TEST] {21} tested=200/492 | kept=5 | rest=9884
[TEST] {21} tested=300/492 | kept=26 | rest=9750
[TEST] {21} tested=400/492 | kept=86 | rest=9574
[TEST] {22} tested=300/492 | kept=57 | rest=9547
[TEST] {4} tested=1600/2950 | kept=18 | rest=9291
[WARN] batch start failed | size=492 {23} | split=82 {56} + 82 {57} + 82 {58} + 82 {59} + 82 {60} + 82 {61}
[TEST] {3} tested=1600/2950 | kept=101 | rest=9190
[TEST] {24} tested=100/492 | kept=1 | rest=9064
[TEST] {24} tested=200/492 | kept=8 | rest=8936
[TEST] {4} tested=1700/2950 | kept=18 | rest=8815
[TEST] {24} tested=300/492 | kept=19 | rest=8813
[TEST] {22} tested=400/492 | kept=111 | rest=8713
[TEST] {25} tested=100/490 | kept=0 | rest=8449
[TEST] {25} tested=200/490 | kept=3 | rest=8313
[TEST] {3} tested=1700/2950 | kept=101 | rest=8279
[TEST] {26} tested=100/492 | kept=0 | rest=8080
[TEST] {26} tested=200/492 | kept=0 | rest=7944
[TEST] {26} tested=300/492 | kept=0 | rest=7829
[TEST] {4} tested=1800/2950 | kept=18 | rest=7756
[TEST] {24} tested=400/492 | kept=38 | rest=7691
[TEST] {25} tested=300/490 | kept=15 | rest=7626
[TEST] {27} tested=100/492 | kept=0 | rest=7449
[TEST] {27} tested=200/492 | kept=0 | rest=7334
[TEST] {4} tested=1900/2950 | kept=19 | rest=7293
[WARN] batch start failed | size=492 {29} | split=82 {62} + 82 {63} + 82 {64} + 82 {65} + 82 {66} + 82 {67}
[WARN] batch start failed | size=492 {28} | split=82 {68} + 82 {69} + 82 {70} + 82 {71} + 82 {72} + 82 {73}
[WARN] batch start failed | size=492 {30} | split=82 {74} + 82 {75} + 82 {76} + 82 {77} + 82 {78} + 82 {79}
[TEST] {3} tested=1800/2950 | kept=101 | rest=7158
[TEST] {31} tested=100/490 | kept=1 | rest=7019
[TEST] {25} tested=400/490 | kept=22 | rest=6863
[TEST] {26} tested=400/492 | kept=0 | rest=6830
[TEST] {4} tested=2000/2950 | kept=19 | rest=6606
[TEST] {27} tested=300/492 | kept=0 | rest=6541
[TEST] {27} tested=400/492 | kept=1 | rest=6427
[TEST] {3} tested=1900/2950 | kept=101 | rest=6327
[TEST] {31} tested=200/490 | kept=4 | rest=6222
[TEST] {31} tested=300/490 | kept=4 | rest=6092
[WARN] batch start failed | size=82 {33} | split=14 {80} + 14 {81} + 14 {82} + 14 {83} + 14 {84} + 12 {85}
[TEST] {4} tested=2100/2950 | kept=20 | rest=5874
[TEST] {4} tested=2200/2950 | kept=20 | rest=5669
[TEST] {3} tested=2000/2950 | kept=101 | rest=5565
[TEST] {31} tested=400/490 | kept=9 | rest=5455
[TEST] {32} tested=82/82 | kept=0 | rest=5286
[TEST] {34} tested=82/82 | kept=0 | rest=5239
[TEST] {4} tested=2300/2950 | kept=22 | rest=5238
[TEST] {4} tested=2400/2950 | kept=22 | rest=5008
[TEST] {3} tested=2100/2950 | kept=101 | rest=4998
[TEST] {4} tested=2500/2950 | kept=22 | rest=4875
[TEST] {36} tested=82/82 | kept=0 | rest=4837
[WARN] batch start failed | size=82 {39} | split=14 {86} + 14 {87} + 14 {88} + 14 {89} + 14 {90} + 12 {91}
[TEST] {3} tested=2200/2950 | kept=101 | rest=4568
[TEST] {4} tested=2600/2950 | kept=22 | rest=4553
[TEST] {4} tested=2700/2950 | kept=22 | rest=4398
[TEST] {35} tested=82/82 | kept=0 | rest=4338
[TEST] {37} tested=82/82 | kept=1 | rest=4310
[TEST] {4} tested=2800/2950 | kept=22 | rest=4233
[TEST] {38} tested=82/82 | kept=1 | rest=4132
[TEST] {41} tested=82/82 | kept=0 | rest=3924
[TEST] {3} tested=2300/2950 | kept=101 | rest=3921
[TEST] {4} tested=2900/2950 | kept=22 | rest=3781
[TEST] {40} tested=82/82 | kept=1 | rest=3718
[TEST] {42} tested=82/82 | kept=0 | rest=3676
[TEST] {43} tested=82/82 | kept=0 | rest=3561
[WARN] batch start failed | size=82 {47} | split=14 {92} + 14 {93} + 14 {94} + 14 {95} + 14 {96} + 12 {97}
[TEST] {3} tested=2400/2950 | kept=101 | rest=3422
[TEST] {44} tested=82/82 | kept=2 | rest=3357
[WARN] batch start failed | size=82 {50} | split=14 {98} + 14 {99} + 14 {100} + 14 {101} + 14 {102} + 12 {103}
[TEST] {45} tested=82/82 | kept=2 | rest=3198
[TEST] {46} tested=82/82 | kept=0 | rest=3103
[TEST] {48} tested=82/82 | kept=7 | rest=2956
[TEST] {53} tested=82/82 | kept=0 | rest=2947
[TEST] {49} tested=80/80 | kept=3 | rest=2863
[TEST] {3} tested=2500/2950 | kept=101 | rest=2862
[TEST] {55} tested=82/82 | kept=15 | rest=2657
[TEST] {51} tested=82/82 | kept=72 | rest=2596
[WARN] batch start failed | size=82 {58} | split=14 {104} + 14 {105} + 14 {106} + 14 {107} + 14 {108} + 12 {109}
[TEST] {3} tested=2600/2950 | kept=101 | rest=2439
[TEST] {52} tested=82/82 | kept=14 | rest=2433
[TEST] {54} tested=82/82 | kept=56 | rest=2381
[WARN] batch start failed | size=82 {61} | split=14 {110} + 14 {111} + 14 {112} + 14 {113} + 14 {114} + 12 {115}
[TEST] {56} tested=82/82 | kept=2 | rest=2318
[WARN] batch start failed | size=82 {65} | split=14 {116} + 14 {117} + 14 {118} + 14 {119} + 14 {120} + 12 {121}
[TEST] {57} tested=82/82 | kept=12 | rest=2178
[TEST] {59} tested=82/82 | kept=0 | rest=2073
[TEST] {3} tested=2700/2950 | kept=101 | rest=1976
[TEST] {60} tested=82/82 | kept=3 | rest=1902
[TEST] {62} tested=82/82 | kept=74 | rest=1819
[TEST] {63} tested=82/82 | kept=54 | rest=1741
[TEST] {64} tested=82/82 | kept=53 | rest=1664
[WARN] batch start failed | size=82 {71} | split=14 {122} + 14 {123} + 14 {124} + 14 {125} + 14 {126} + 12 {127}
[TEST] {3} tested=2800/2950 | kept=101 | rest=1574
[TEST] {67} tested=82/82 | kept=3 | rest=1544
[TEST] {66} tested=82/82 | kept=32 | rest=1414
[WARN] batch start failed | size=82 {72} | split=14 {128} + 14 {129} + 14 {130} + 14 {131} + 14 {132} + 12 {133}
[TEST] {69} tested=82/82 | kept=2 | rest=1288
[WARN] batch start failed | size=82 {76} | split=14 {134} + 14 {135} + 14 {136} + 14 {137} + 14 {138} + 12 {139}
[TEST] {70} tested=82/82 | kept=6 | rest=1223
[TEST] {73} tested=82/82 | kept=79 | rest=1197
[TEST] {3} tested=2900/2950 | kept=101 | rest=1070
[TEST] {68} tested=82/82 | kept=0 | rest=1013
[TEST] {74} tested=82/82 | kept=4 | rest=877
[WARN] batch start failed | size=14 {81} | split=3 {140} + 3 {141} + 3 {142} + 3 {143} + 2 {144}
[TEST] {75} tested=82/82 | kept=0 | rest=850
[TEST] {77} tested=82/82 | kept=2 | rest=810
[TEST] {78} tested=82/82 | kept=0 | rest=807
[TEST] {79} tested=82/82 | kept=1 | rest=782
[TEST] {80} tested=14/14 | kept=1 | rest=767
[TEST] {82} tested=14/14 | kept=0 | rest=757
[TEST] {83} tested=14/14 | kept=2 | rest=736
[WARN] batch start failed | size=14 {89} | split=3 {145} + 3 {146} + 3 {147} + 3 {148} + 2 {149}
[TEST] {84} tested=14/14 | kept=1 | rest=727
[TEST] {85} tested=12/12 | kept=0 | rest=725
[TEST] {87} tested=14/14 | kept=0 | rest=700
[TEST] {86} tested=14/14 | kept=0 | rest=692
[TEST] {88} tested=14/14 | kept=0 | rest=684
[TEST] {91} tested=12/12 | kept=0 | rest=672
[WARN] batch start failed | size=12 {97} | split=2 {150} + 2 {151} + 2 {152} + 2 {153} + 2 {154} + 2 {155}
[WARN] batch start failed | size=14 {96} | split=3 {156} + 3 {157} + 3 {158} + 3 {159} + 2 {160}
[TEST] {90} tested=14/14 | kept=0 | rest=668
[TEST] {92} tested=14/14 | kept=1 | rest=659
[TEST] {93} tested=14/14 | kept=0 | rest=632
[TEST] {94} tested=14/14 | kept=0 | rest=608
[WARN] batch start failed | size=14 {98} | split=3 {161} + 3 {162} + 3 {163} + 3 {164} + 2 {165}
[TEST] {95} tested=14/14 | kept=0 | rest=600
[TEST] {99} tested=14/14 | kept=0 | rest=580
[TEST] {101} tested=14/14 | kept=0 | rest=574
[WARN] batch start failed | size=14 {105} | split=3 {166} + 3 {167} + 3 {168} + 3 {169} + 2 {170}
[TEST] {100} tested=14/14 | kept=1 | rest=566
[TEST] {102} tested=14/14 | kept=3 | rest=549
[TEST] {103} tested=12/12 | kept=0 | rest=531
[TEST] {104} tested=14/14 | kept=0 | rest=523
[TEST] {111} tested=14/14 | kept=0 | rest=502
[WARN] batch start failed | size=14 {110} | split=3 {171} + 3 {172} + 3 {173} + 3 {174} + 2 {175}
[TEST] {106} tested=14/14 | kept=3 | rest=479
[TEST] {107} tested=14/14 | kept=0 | rest=470
[TEST] {108} tested=14/14 | kept=0 | rest=461
[TEST] {114} tested=14/14 | kept=0 | rest=447
[TEST] {115} tested=12/12 | kept=0 | rest=435
[TEST] {112} tested=14/14 | kept=0 | rest=427
[WARN] batch start failed | size=14 {116} | split=3 {176} + 3 {177} + 3 {178} + 3 {179} + 2 {180}
[TEST] {118} tested=14/14 | kept=0 | rest=406
[TEST] {109} tested=12/12 | kept=0 | rest=386
[TEST] {121} tested=12/12 | kept=6 | rest=363
[TEST] {113} tested=14/14 | kept=3 | rest=347
[WARN] batch start failed | size=14 {125} | split=3 {181} + 3 {182} + 3 {183} + 3 {184} + 2 {185}
[WARN] batch start failed | size=14 {124} | split=3 {186} + 3 {187} + 3 {188} + 3 {189} + 2 {190}
[TEST] {117} tested=14/14 | kept=5 | rest=340
[TEST] {119} tested=14/14 | kept=2 | rest=338
[TEST] {120} tested=14/14 | kept=6 | rest=333
[WARN] batch start failed | size=14 {129} | split=3 {191} + 3 {192} + 3 {193} + 3 {194} + 2 {195}
[WARN] batch start failed | size=14 {130} | split=3 {196} + 3 {197} + 3 {198} + 3 {199} + 2 {200}
[TEST] {128} tested=14/14 | kept=0 | rest=316
[TEST] {123} tested=14/14 | kept=1 | rest=284
[TEST] {122} tested=14/14 | kept=2 | rest=272
[TEST] {126} tested=14/14 | kept=0 | rest=259
[TEST] {134} tested=14/14 | kept=0 | rest=242
[TEST] {133} tested=12/12 | kept=12 | rest=239
[TEST] {127} tested=12/12 | kept=0 | rest=228
[WARN] batch start failed | size=14 {138} | split=3 {201} + 3 {202} + 3 {203} + 3 {204} + 2 {205}
[TEST] {132} tested=14/14 | kept=13 | rest=213
[TEST] {131} tested=14/14 | kept=13 | rest=212
[TEST] {135} tested=14/14 | kept=0 | rest=198
[WARN] batch start failed | size=3 {141} | split=1 {206} + 1 {207} + 1 {208}
[TEST] {137} tested=14/14 | kept=0 | rest=192
[TEST] {136} tested=14/14 | kept=0 | rest=187
[TEST] {139} tested=12/12 | kept=0 | rest=177
[WARN] batch start failed | size=3 {146} | split=1 {209} + 1 {210} + 1 {211}
[TEST] {140} tested=3/3 | kept=1 | rest=171
[TEST] {142} tested=3/3 | kept=1 | rest=170
[TEST] {147} tested=3/3 | kept=0 | rest=169
[TEST] {149} tested=2/2 | kept=0 | rest=166
[WARN] batch start failed | size=2 {150} | split=1 {212} + 1 {213}
[TEST] {143} tested=3/3 | kept=0 | rest=161
[TEST] {144} tested=2/2 | kept=0 | rest=158
[TEST] {145} tested=3/3 | kept=0 | rest=156
[TEST] {155} tested=2/2 | kept=0 | rest=154
[TEST] {148} tested=3/3 | kept=0 | rest=153
[TEST] {151} tested=2/2 | kept=0 | rest=151
[TEST] {152} tested=2/2 | kept=1 | rest=149
[TEST] {154} tested=2/2 | kept=0 | rest=147
[WARN] batch start failed | size=2 {160} | split=1 {214} + 1 {215}
[TEST] {153} tested=2/2 | kept=0 | rest=146
[TEST] {156} tested=3/3 | kept=0 | rest=141
[TEST] {157} tested=3/3 | kept=0 | rest=140
[TEST] {158} tested=3/3 | kept=0 | rest=137
[WARN] batch start failed | size=3 {164} | split=1 {216} + 1 {217} + 1 {218}
[TEST] {159} tested=3/3 | kept=0 | rest=133
[TEST] {161} tested=3/3 | kept=0 | rest=131
[TEST] {163} tested=3/3 | kept=0 | rest=128
[WARN] batch start failed | size=3 {168} | split=1 {219} + 1 {220} + 1 {221}
[TEST] {162} tested=3/3 | kept=1 | rest=126
[WARN] batch start failed | size=3 {171} | split=1 {222} + 1 {223} + 1 {224}
[TEST] {172} tested=3/3 | kept=0 | rest=123
[TEST] {165} tested=2/2 | kept=0 | rest=121
[TEST] {167} tested=3/3 | kept=0 | rest=118
[TEST] {170} tested=2/2 | kept=2 | rest=114
[TEST] {175} tested=2/2 | kept=0 | rest=109
[TEST] {173} tested=3/3 | kept=0 | rest=107
[TEST] {166} tested=3/3 | kept=0 | rest=105
[TEST] {174} tested=3/3 | kept=0 | rest=104
[WARN] batch start failed | size=3 {179} | split=1 {225} + 1 {226} + 1 {227}
[TEST] {178} tested=3/3 | kept=3 | rest=100
[TEST] {176} tested=3/3 | kept=3 | rest=97
[WARN] batch start failed | size=3 {184} | split=1 {228} + 1 {229} + 1 {230}
[WARN] batch start failed | size=3 {183} | split=1 {231} + 1 {232} + 1 {233}
[TEST] {185} tested=2/2 | kept=0 | rest=94
[TEST] {169} tested=3/3 | kept=2 | rest=91
[TEST] {186} tested=3/3 | kept=0 | rest=88
[TEST] {180} tested=2/2 | kept=0 | rest=85
[TEST] {177} tested=3/3 | kept=2 | rest=84
[TEST] {181} tested=3/3 | kept=0 | rest=81
[WARN] batch start failed | size=3 {189} | split=1 {234} + 1 {235} + 1 {236}
[WARN] batch start failed | size=3 {188} | split=1 {237} + 1 {238} + 1 {239}
[WARN] batch start failed | size=3 {194} | split=1 {240} + 1 {241} + 1 {242}
[TEST] {182} tested=3/3 | kept=0 | rest=74
[WARN] batch start failed | size=2 {195} | split=1 {243} + 1 {244}
[TEST] {191} tested=3/3 | kept=0 | rest=73
[WARN] batch start failed | size=3 {196} | split=1 {245} + 1 {246} + 1 {247}
[TEST] {187} tested=3/3 | kept=0 | rest=67
[TEST] {199} tested=3/3 | kept=3 | rest=64
[TEST] {200} tested=2/2 | kept=2 | rest=62
[TEST] {190} tested=2/2 | kept=0 | rest=60
[TEST] {192} tested=3/3 | kept=0 | rest=57
[TEST] {193} tested=3/3 | kept=0 | rest=55
[TEST] {202} tested=3/3 | kept=0 | rest=52
[TEST] {197} tested=3/3 | kept=2 | rest=51
[WARN] batch start failed | size=3 {204} | split=1 {248} + 1 {249} + 1 {250}
[TEST] {198} tested=3/3 | kept=2 | rest=50
[TEST] {207} tested=1/1 | kept=0 | rest=49
[DROP] name=[免费节点6] 日本 014 {208} | server=172.111.146.64:80 | reason=Parse config error: proxy 0: filed ws-opts.headers[Host] invalid
[DROP] name=[Epodonios] vless-55 {209} | server=31.57.185.92:8080 | reason=Parse config error: proxy 0: 'reality-opts' has unset fields: public-key
[TEST] {210} tested=1/1 | kept=0 | rest=45
[REPAIR] name=[Epodonios] EPODONIOS-2391 {212} | fields=cipher
[TEST] {211} tested=1/1 | kept=0 | rest=44
[REPAIR] name=[Epodonios] EPODONIOS-2392 {213} | fields=cipher
[REPAIR] name=[Epodonios] EPODONIOS-2390 {215} | fields=cipher
[TEST] {213} tested=1/1 | kept=0 | rest=43
[TEST] {212} tested=1/1 | kept=1 | rest=42
[TEST] {203} tested=3/3 | kept=0 | rest=40
[TEST] {217} tested=1/1 | kept=0 | rest=39
[REPAIR] name=[Epodonios] EPODONIOS-2576 {218} | fields=cipher
[TEST] {218} tested=1/1 | kept=1 | rest=38
[TEST] {201} tested=3/3 | kept=0 | rest=37
[TEST] {205} tested=2/2 | kept=0 | rest=36
[TEST] {206} tested=1/1 | kept=0 | rest=35
[REPAIR] name=[Free-clash-v2ray] hysteria {221} | fields=up,down
[DROP] name=[Free-clash-v2ray] 未知 SS-338 | free-nodes {222} | server=192.0.2.1:1 | reason=Parse config error: proxy 0: ss 192.0.2.1:1 cipher: i�5��\x1c�p initialize error: unknown method: i�5��\x1c�p
[TEST] {221} tested=1/1 | kept=0 | rest=33
[TEST] {224} tested=1/1 | kept=0 | rest=32
[TEST] {223} tested=1/1 | kept=0 | rest=31
[TEST] {214} tested=1/1 | kept=0 | rest=30
[TEST] {216} tested=1/1 | kept=0 | rest=29
[TEST] {215} tested=1/1 | kept=0 | rest=28
[REPAIR] name=[Pawdroid-SR-APK] United+Kingdom-56 {227} | fields=cipher
[TEST] {225} tested=1/1 | kept=1 | rest=27
[REPAIR] name=[ChromeGO-Merge] France_hysteria_1 {228} | fields=up,down
[REPAIR] name=[ChromeGO-Merge] United-2 {229} | fields=up,down
[TEST] {226} tested=1/1 | kept=1 | rest=26
[REPAIR] name=[ChromeGO-Merge] United {233} | fields=up,down
[REPAIR] name=[ChromeGO-Merge] WARP {232} | fields=dialer-proxy
[TEST] {227} tested=1/1 | kept=1 | rest=25
[REPAIR] name=[ChromeGO-ShiteThings] hysteria-5 {235} | fields=up,down
[REPAIR] name=[ChromeGO-ShiteThings] hysteria-4 {234} | fields=up,down
[REPAIR] name=[ChromeGO-ShiteThings] hysteria {237} | fields=up,down
[REPAIR] name=[ChromeGO-ShiteThings] hysteria-3 {239} | fields=up,down
[TEST] {230} tested=1/1 | kept=0 | rest=24
[REPAIR] name=[ChromeGO-ShiteThings] hysteria-2 {238} | fields=up,down
[TEST] {237} tested=1/1 | kept=0 | rest=23
[REPAIR] name=[ChromeGO-Merge] France {242} | fields=up,down
[TEST] {234} tested=1/1 | kept=0 | rest=22
[TEST] {239} tested=1/1 | kept=0 | rest=21
[REPAIR] name=[ChromeGO-Merge] Taiwan {241} | fields=up,down
[REPAIR] name=[ChromeGO-Merge] Taiwan-2 {244} | fields=up,down
[TEST] {241} tested=1/1 | kept=0 | rest=20
[REPAIR] name=[ChromeGO-Merge] United-4 {243} | fields=up,down
[TEST] {238} tested=1/1 | kept=0 | rest=19
[TEST] {244} tested=1/1 | kept=0 | rest=18
[TEST] {220} tested=1/1 | kept=0 | rest=17
[TEST] {247} tested=1/1 | kept=0 | rest=16
[REPAIR] name=[ChromeGO-Merge] United-5 {245} | fields=up,down
[TEST] {249} tested=1/1 | kept=0 | rest=15
[REPAIR] name=[Pawdroid-SS-APK] United+Kingdom-3 {248} | fields=cipher
[TEST] {219} tested=1/1 | kept=0 | rest=14
[TEST] {246} tested=1/1 | kept=0 | rest=13
[TEST] {228} tested=1/1 | kept=0 | rest=12
[TEST] {231} tested=1/1 | kept=0 | rest=11
[TEST] {229} tested=1/1 | kept=0 | rest=10
[TEST] {233} tested=1/1 | kept=0 | rest=9
[TEST] {232} tested=1/1 | kept=0 | rest=8
[TEST] {235} tested=1/1 | kept=0 | rest=7
[TEST] {236} tested=1/1 | kept=0 | rest=6
[TEST] {240} tested=1/1 | kept=0 | rest=5
[TEST] {242} tested=1/1 | kept=0 | rest=4
[TEST] {243} tested=1/1 | kept=0 | rest=3
[TEST] {248} tested=1/1 | kept=1 | rest=2
[TEST] {245} tested=1/1 | kept=0 | rest=1
[TEST] {250} tested=1/1 | kept=0 | rest=0
[DROP] dropped=4 | [ChromeGO-Toolkit] × 1 | [免费节点6] × 1 | [Epodonios] × 1 | [Free-clash-v2ray] × 1
============================================================
[CAP] source=[免费节点2] | from=238 | to=50
[CAP] source=[免费节点8] | from=103 | to=50
[CAP] source=[Pawdroid-SR-APK] | from=376 | to=50
[CAP] source=[Free-clash-v2ray] | from=417 | to=50
[CAP] source=[V2rayclashfree-RSS] | from=63 | to=50
[CAP] total | from=468 | to=400 | floor=5 | by=health_score
[CAP] reserved=98 | pool=370 | taken=302
[CAP] source=[Mibei77-RSS] | from=14 | to=9
[CAP] source=[NekoWarp] | from=10 | to=8
[CAP] source=[免费节点1] | from=23 | to=10
[CAP] source=[免费节点4] | from=18 | to=17
[CAP] source=[免费节点6] | from=17 | to=11
[CAP] source=[免费节点10] | from=20 | to=19
[CAP] source=[免费节点11] | from=14 | to=11
[CAP] source=[Pawdroid-SS-APK] | from=20 | to=11
[CAP] source=[1VPN-CRX] | from=13 | to=9
[CAP] source=[Epodonios] | from=45 | to=23
[CAP] source=[V2rayclashfree-RSS] | from=50 | to=48
============================================================
+------------------------------+--------+--------+------+--------+
| source                       |    raw | unique | live | capped |
+------------------------------+--------+--------+------+--------+
| [大FQ运动]                   |     18 |     18 |    6 |      6 |
+------------------------------+--------+--------+------+--------+
| [Pawdroid]                   |     20 |     19 |    4 |      4 |
+------------------------------+--------+--------+------+--------+
| [FreeV2-Base64]              |      3 |      3 |    3 |      3 |
+------------------------------+--------+--------+------+--------+
| [Bocchi2b-Base64]            |     32 |     32 |    0 |      0 |
+------------------------------+--------+--------+------+--------+
| [Freesocks]                  |      4 |      4 |    3 |      3 |
+------------------------------+--------+--------+------+--------+
| [NekoWarp]                   |     10 |     10 |   10 |      8 |
+------------------------------+--------+--------+------+--------+
| [OpenRunner-RSS]             |     14 |     14 |    0 |      0 |
+------------------------------+--------+--------+------+--------+
| [V2Rayshare-RSS]             |     22 |     22 |    1 |      1 |
+------------------------------+--------+--------+------+--------+
| [Mibei77-RSS]                |    125 |    110 |   14 |      9 |
+------------------------------+--------+--------+------+--------+
| [Yoyapai-RSS]                |    298 |    292 |    2 |      2 |
+------------------------------+--------+--------+------+--------+
| [免费节点1]                  |    174 |     93 |   23 |     10 |
+------------------------------+--------+--------+------+--------+
| [免费节点2]                  |    562 |    526 |  238 |     50 |
+------------------------------+--------+--------+------+--------+
| [免费节点3]                  |     39 |      0 |    0 |      0 |
+------------------------------+--------+--------+------+--------+
| [免费节点4]                  |    289 |    211 |   18 |     17 |
+------------------------------+--------+--------+------+--------+
| [免费节点5]                  |     29 |     28 |    0 |      0 |
+------------------------------+--------+--------+------+--------+
| [免费节点6]                  |   1702 |   1545 |   17 |     11 |
+------------------------------+--------+--------+------+--------+
| [免费节点7]                  |     59 |      0 |    0 |      0 |
+------------------------------+--------+--------+------+--------+
| [免费节点8]                  |   4263 |   3292 |  103 |     50 |
+------------------------------+--------+--------+------+--------+
| [免费节点9]                  |    615 |    459 |    0 |      0 |
+------------------------------+--------+--------+------+--------+
| [免费节点10]                 |   5665 |   3097 |   20 |     19 |
+------------------------------+--------+--------+------+--------+
| [免费节点11]                 |    711 |    300 |   14 |     11 |
+------------------------------+--------+--------+------+--------+
| [ChromeGO-Toolkit]           |     20 |     19 |    2 |      2 |
+------------------------------+--------+--------+------+--------+
| [ChromeGO-ShiteThings]       |     31 |     25 |    1 |      1 |
+------------------------------+--------+--------+------+--------+
| [ChromeGO-Merge]             |    265 |     74 |    0 |      0 |
+------------------------------+--------+--------+------+--------+
| [Pawdroid-SR-APK]            |   1159 |    683 |  376 |     50 |
+------------------------------+--------+--------+------+--------+
| [Pawdroid-SS-APK]            |   1474 |   1056 |   20 |     11 |
+------------------------------+--------+--------+------+--------+
| [1VPN-CRX]                   |     17 |     17 |   13 |      9 |
+------------------------------+--------+--------+------+--------+
| [Clashfree]                  |    407 |     48 |    2 |      2 |
+------------------------------+--------+--------+------+--------+
| [Epodonios]                  |   4452 |   2766 |   45 |     23 |
+------------------------------+--------+--------+------+--------+
| [Free-clash-v2ray]           |   3285 |   1916 |  417 |     50 |
+------------------------------+--------+--------+------+--------+
| [V2rayclashfree-RSS]         |   3406 |   1021 |   63 |     48 |
+------------------------------+--------+--------+------+--------+
============================================================
[SUMMARY] collected=29170 | candidates=17700 | kept=400 | avg=610.03ms
[SUMMARY] geo | HK=30 | JP=74 | KR=50 | TW=6 | SG=30 | US=82 | GB=21 | FR=12 | DE=10 | NL=17 | CA=7 | other=61
[SUMMARY] score | max=147.1111 | p90=107.0680 | p50=24.6054 | avg=44.5213 | min=-3.5541 | geo_avg=30.6683 | adj_avg=+3.8915
============================================================
[WRITTEN] file=clash | path=/home/runner/work/Free-node-autotest/Free-node-autotest/output/clash.yaml | history=797389898654-clash-1345-20261010.yaml | proxies=400
[WRITTEN] file=raw | path=/home/runner/work/Free-node-autotest/Free-node-autotest/output/raw.yaml | history=797389898654-raw-1345-20261010.yaml | proxies=29172
[WRITTEN] file=debug | path=/home/runner/work/Free-node-autotest/Free-node-autotest/history/797389898654-debug-1345-20261010.log | proxies=29197
