============================================================
[INFO] sublink try page: https://end-gfw.com
[OK] proxies=2 new=2 url=https://raw.githubusercontent.com/hello-world-1989/cn-news/refs/heads/main/clash.yaml
[OK] proxies=2 new=0 url=https://raw.githubusercontent.com/hello-world-1989/cn-news/main/end-gfw-together
[INFO] source try url: https://end-gfw.com/ss-key
[OK] proxies=4 new=4 url=https://end-gfw.com/ss-key
[INFO] sublink try repo: https://github.com/hello-world-1989/cn-news
[INFO] sublink try page: https://raw.githubusercontent.com/hello-world-1989/cn-news/main/README.md
[OK] proxies=6 new=6 url=https://raw.githubusercontent.com/hello-world-1989/v2-sub/main/end-gfw-together-af3e13
[OK] proxies=12 source=[大FQ运动] url=https://raw.githubusercontent.com/hello-world-1989/cn-news/main/README.md
============================================================
[INFO] sublink try repo: https://github.com/Pawdroid/Free-servers
[INFO] sublink try page: https://raw.githubusercontent.com/Pawdroid/Free-servers/main/README.md
[OK] proxies=12 new=12 url=https://raw.githubusercontent.com/Pawdroid/Free-servers/main/README.md
[OK] proxies=12 new=0 url=https://raw.githubusercontent.com/Pawdroid/Free-servers/main/sub
[OK] proxies=1 new=1 url=https://apps.apple.com/cn/app/shadowshare/id1612647259
[OK] proxies=1 new=1 url=http://www.surflare.com
[OK] proxies=14 source=[Pawdroid] url=https://raw.githubusercontent.com/Pawdroid/Free-servers/main/README.md
============================================================
[INFO] source try url: https://xmxosfepggzm.503403.xyz
[OK] proxies=3 new=3 url=https://xmxosfepggzm.503403.xyz
[OK] proxies=3 source=[FreeV2-Base64] url=https://xmxosfepggzm.503403.xyz
============================================================
[INFO] source try url: https://links.bocchi2b.top/clash
[OK] proxies=35 new=35 url=https://links.bocchi2b.top/clash
[OK] proxies=35 source=[Bocchi2b-Base64] url=https://links.bocchi2b.top/clash
============================================================
[INFO] toolkit try repo: https://github.com/bannedbook/fanqiang
[INFO] toolkit try release: https://github.com/bannedbook/fanqiang/releases
[INFO] toolkit try release: https://github.com/bannedbook/fanqiang/releases/expanded_assets/ChromeGo-latest
[INFO] toolkit try download: https://github.com/bannedbook/fanqiang/releases/download/ChromeGo-latest/ChromeGo.7z
[OK] toolkit downloaded: ChromeGo.7z bytes=100924352
[OK] toolkit extracted archive=ChromeGo.7z tool=7z files=222 dirs=45
[OK] toolkit discovered subs=107 embedded=12 archive=ChromeGo.7z
[OK] proxies=6 new=6 embedded=archive-config
[OK] proxies=7 new=5 url=https://gitlab.com/free9999/ipupdate/master/backup/img/1/2/{ipp|ip}/{hysteria2|singbox|naiveproxy|hysteria|xray}/{2|1|4|3}/config.json
[OK] proxies=7 new=0 url=https://www.67867867.xyz/Alvin9999/PAC/refs/heads/master/backup/img/1/2/{ipp|ip}/{hysteria2|singbox|naiveproxy|hysteria|xray}/{2|3|1|4}/config.json
[OK] proxies=3 new=3 url=https://gitlab.com/free9999/ipupdate/master/backup/img/1/2/{ipp|ip}/clash.meta2/{2|3|1|5|4|6}/config.yaml
[OK] proxies=3 new=0 url=https://www.67867867.xyz/Alvin9999/PAC/refs/heads/master/backup/img/1/2/{ipp|ip}/clash.meta2/{2|3|1|5|4|6}/config.yaml
[OK] proxies=14 source=[ChromeGO-Toolkit] url=https://github.com/bannedbook/fanqiang/releases/download/ChromeGo-latest/ChromeGo.7z
============================================================
[INFO] sublink try repo: https://github.com/ShiteThings/extractNodes
[INFO] sublink try page: https://raw.githubusercontent.com/ShiteThings/extractNodes/main/README.md
[OK] proxies=31 new=30 url=https://{chg26.makou.cc.cd|chg64.makou.cc.cd}
[OK] proxies=26 new=1 url=https://chg26.makou.cc.cd/sb
[OK] proxies=31 source=[ChromeGO-ShiteThings] url=https://raw.githubusercontent.com/ShiteThings/extractNodes/main/README.md
============================================================
[INFO] sublink try repo: https://github.com/shangui999/chromego_merge
[INFO] sublink try page: https://raw.githubusercontent.com/shangui999/chromego_merge/master/ReadMe.md
[OK] proxies=10 new=10 url=https://freedman.netlify.app/sub/merged_proxies_new.yaml
[OK] proxies=11 new=1 url=https://freedman.netlify.app/sub/merged_warp_proxies_new.yaml
[OK] proxies=11 new=6 url=https://freedman.netlify.app/sub/shadowrocket_base64.txt
[OK] proxies=16 new=16 url=https://freedman.netlify.app/sub/sb.json
[INFO] sublink try repo: https://github.com/yaney01/chromego
[INFO] sublink try page: https://raw.githubusercontent.com/yaney01/chromego/main/ReadMe.md
[OK] proxies=50 new=46 url=https://raw.githubusercontent.com/yaney01/chromego/main/sub/merged_proxies_new.yaml
[OK] proxies=51 new=0 url=https://raw.githubusercontent.com/yaney01/chromego/main/sub/merged_warp_proxies_new.yaml
[OK] proxies=13 new=7 url=https://raw.githubusercontent.com/yaney01/chromego/main/sub/shadowrocket_base64.txt
[OK] proxies=13 new=0 url=https://raw.githubusercontent.com/yaney01/chromego/main/sub/sb.json
[INFO] sublink try repo: https://github.com/Misaka-blog/chromego_merge
[INFO] sublink try page: https://raw.githubusercontent.com/Misaka-blog/chromego_merge/main/README.md
[OK] proxies=30 new=30 url=https://chromego-sub.netlify.app/sub/merged_proxies_new.yaml
[OK] proxies=116 source=[ChromeGO-Merge] url=https://raw.githubusercontent.com/Misaka-blog/chromego_merge/main/README.md
============================================================
[INFO] source try url: https://freesocks.org/api/v1/sub/02b897e8e77f19176b0b9f2c75864b00
[OK] proxies=3 new=3 url=https://freesocks.org/api/v1/sub/02b897e8e77f19176b0b9f2c75864b00
[OK] proxies=3 source=[Freesocks] url=https://freesocks.org/api/v1/sub/02b897e8e77f19176b0b9f2c75864b00
============================================================
[INFO] source try url: https://neko-warp.nloli.xyz/neko_warp.yaml
[OK] proxies=10 new=10 url=https://neko-warp.nloli.xyz/neko_warp.yaml
[OK] proxies=10 source=[NekoWarp] url=https://neko-warp.nloli.xyz/neko_warp.yaml
============================================================
[INFO] toolkit try chrome: https://chromewebstore.google.com/detail/free-vpn-proxy-1vpn/akcocjjpkmlniicdeemdceeajlmoabhg
[INFO] toolkit try download: https://clients2.google.com/service/update2/crx?response=redirect&prodversion=131.0.6778.0&acceptformat=crx2,crx3&x=id%3dakcocjjpkmlniicdeemdceeajlmoabhg%26uc
[OK] toolkit downloaded: free-vpn-proxy-1vpn.crx bytes=1627904
[OK] toolkit extracted archive=free-vpn-proxy-1vpn.crx tool=zipfile files=68 dirs=57
[OK] toolkit 1vpn-crx scanned hosts=17 keys=1 archive=free-vpn-proxy-1vpn.crx
[OK] proxies=17 source=[1VPN-CRX] url=https://clients2.google.com/service/update2/crx?response=redirect&prodversion=131.0.6778.0&acceptformat=crx2,crx3&x=id%3dakcocjjpkmlniicdeemdceeajlmoabhg%26uc
============================================================
[INFO] article try feed: https://free.datiya.com/index.xml
[INFO] sublink try page: https://free.datiya.com/post/20260919/
[OK] proxies=14 new=14 url=https://free.datiya.com/uploads/20260919-clash.yaml
[OK] proxies=14 source=[OpenRunner-RSS] url=https://free.datiya.com/post/20260919/
============================================================
[INFO] article try feed: https://v2rayshare.com/feed
[INFO] sublink try page: https://v2rayshare.net/p/5061.html
[OK] proxies=27 new=27 url=https://static.v2rayshare.net/2026/09/20260919.yaml
[OK] proxies=27 new=0 url=https://static.v2rayshare.net/2026/09/m20260919.yaml
[INFO] sublink try repo: https://github.com/firefoxmmx2/v2rayshare_subcription
[INFO] sublink try page: https://raw.githubusercontent.com/firefoxmmx2/v2rayshare_subcription/main/README.md
[OK] proxies=27 new=0 url=https://{raw.githubusercontent.com|cdn.jsdelivr.net}/firefoxmmx2/v2rayshare_subcription/main/subscription/vray_sub.txt
[OK] proxies=27 new=0 url=https://{raw.githubusercontent.com|cdn.jsdelivr.net}/firefoxmmx2/v2rayshare_subcription/main/subscription/clash_sub.yaml
[OK] proxies=27 new=0 url=https://{raw.githubusercontent.com|cdn.jsdelivr.net}/firefoxmmx2/v2rayshare_subcription/main/subscription/mihomo_sub.yaml
[OK] proxies=27 source=[V2Rayshare-RSS] url=https://raw.githubusercontent.com/firefoxmmx2/v2rayshare_subcription/main/README.md
============================================================
[INFO] article try feed: https://www.mibei77.com/feed
[INFO] sublink try page: https://www.mibei77.com/681.html
[OK] proxies=149 new=149 url=https://mm.mibei77.com/202609/09.1964bad5s.txt
[OK] proxies=146 new=0 url=https://mm.mibei77.com/202609/0919Clasgizx.yaml
[OK] proxies=149 source=[Mibei77-RSS] url=https://www.mibei77.com/681.html
============================================================
[INFO] article try feed: https://yoyapai.com/feed
[INFO] sublink try page: https://yoyapai.com/724
[OK] proxies=1 new=1 url=https://yoyapai.com/724
[OK] proxies=210 new=210 url=https://freenode.yoyapai.com/2026/09/19-yoyapai.com-clash-vpn-mianfeijiedian.yaml
[OK] proxies=210 new=0 url=https://freenode.yoyapai.com/2026/09/19-yoyapai.com-ssrv2ray-vpn-mianfeijiedian.txt
[OK] proxies=211 source=[Yoyapai-RSS] url=https://yoyapai.com/724
============================================================
[INFO] sublink try repo: https://github.com/free18/v2ray
[INFO] sublink try page: https://raw.githubusercontent.com/free18/v2ray/main/README.md
[OK] proxies=3 new=3 url=https://raw.githubusercontent.com/free18/v2ray/main/README.md
[OK] proxies=378 new=378 url=https://ghfast.top/https://raw.githubusercontent.com/free18/v2ray/refs/heads/main/v.txt
[OK] proxies=378 new=0 url=https://ghfast.top/https://raw.githubusercontent.com/free18/v2ray/refs/heads/main/c.yaml
[OK] proxies=381 source=[免费节点1] url=https://raw.githubusercontent.com/free18/v2ray/main/README.md
============================================================
[INFO] sublink try repo: https://github.com/ermaozi/get_subscribe
[INFO] sublink try page: https://raw.githubusercontent.com/ermaozi/get_subscribe/main/README.md
[INFO] sublink file_nodes=0 bare links=9
[OK] proxies=387 new=387 url=https://www.ermao.net/sub/{clash|v2ray}/ermao.net
[OK] proxies=317 new=0 url=https://www.ermao.net/sub/{reachable|unreachable}/clash/ermao.net
[OK] proxies=387 source=[免费节点2] url=https://raw.githubusercontent.com/ermaozi/get_subscribe/main/README.md
============================================================
[INFO] sublink try repo: https://github.com/sunmiao4458/free-proxy-airport
[INFO] sublink try page: https://raw.githubusercontent.com/sunmiao4458/free-proxy-airport/main/README.md
[OK] proxies=46 new=46 url=https://sunmiao4458.github.io/free-proxy-airport/clash.yaml
[OK] proxies=46 source=[免费节点3] url=https://raw.githubusercontent.com/sunmiao4458/free-proxy-airport/main/README.md
============================================================
[INFO] sublink try repo: https://github.com/mfuu/FreeProxies
[INFO] sublink try page: https://raw.githubusercontent.com/mfuu/FreeProxies/master/README.md
[OK] proxies=840 new=840 url=https://raw.githubusercontent.com/mfuu/FreeProxies/master/sub.yaml
[OK] proxies=840 source=[免费节点4] url=https://raw.githubusercontent.com/mfuu/FreeProxies/master/README.md
============================================================
[INFO] sublink try repo: https://github.com/vxiaov/free_proxies
[INFO] sublink try page: https://raw.githubusercontent.com/vxiaov/free_proxies/main/README.md
[OK] proxies=1 new=1 url=https://raw.githubusercontent.com/vxiaov/free_proxies/main/README.md
[OK] proxies=28 new=28 url=https://{cdn.jsdelivr.net|raw.githubusercontent.com}/vxiaov/free_proxies/main/clash/clash.provider.yaml
[OK] proxies=29 source=[免费节点5] url=https://raw.githubusercontent.com/vxiaov/free_proxies/main/README.md
============================================================
[INFO] sublink try repo: https://github.com/anaer/Sub
[INFO] sublink try page: https://raw.githubusercontent.com/anaer/Sub/main/README.MD
[OK] proxies=567 new=567 url=https://anaer.github.io/Sub/clash.yaml
[OK] proxies=567 new=0 url=https://raw.githubusercontent.com/anaer/Sub/main/clash.yaml
[OK] proxies=567 source=[免费节点6] url=https://raw.githubusercontent.com/anaer/Sub/main/README.MD
============================================================
[INFO] sublink try repo: https://github.com/snakem982/proxypool
[INFO] sublink try page: https://raw.githubusercontent.com/snakem982/proxypool/main/README.md
[OK] proxies=64 new=64 url=https://raw.githubusercontent.com/snakem982/proxypool/main/source/clash-meta-2.yaml
[OK] proxies=64 new=0 url=https://raw.githubusercontent.com/snakem982/proxypool/main/source/v2ray-2.txt
[OK] proxies=62 new=0 url=https://raw.githubusercontent.com/snakem982/proxypool/main/source/sing-box-2.json
[OK] proxies=64 source=[免费节点7] url=https://raw.githubusercontent.com/snakem982/proxypool/main/README.md
============================================================
[INFO] sublink try repo: https://github.com/mahdibland/V2RayAggregator
[INFO] sublink try page: https://raw.githubusercontent.com/mahdibland/V2RayAggregator/master/README.md
[OK] proxies=380 new=380 url=https://raw.githubusercontent.com/mahdibland/V2RayAggregator/master/README.md
[OK] proxies=1 new=1 url=https://github.com/mahdibland/SSAggregator/actions/workflows/Collector.yml
[OK] proxies=1 new=0 url=https://github.com/mahdibland/SSAggregator/actions/workflows/Airport_Collector.yml
[OK] proxies=197 new=0 url=https://raw.githubusercontent.com/mahdibland/ShadowsocksAggregator/master/Eternity.txt
[OK] proxies=198 new=1 url=https://raw.githubusercontent.com/mahdibland/ShadowsocksAggregator/master/Eternity.yml
[OK] proxies=61 new=61 url=https://raw.githubusercontent.com/mahdibland/ShadowsocksAggregator/master/EternityAir.txt
[OK] proxies=3857 new=3571 url=https://raw.githubusercontent.com/mahdibland/SSAggregator/master/sub/sub_merge_base64.txt
[OK] proxies=3857 new=0 url=https://raw.githubusercontent.com/mahdibland/{SSAggregator|ShadowsocksAggregator}/master/sub/sub_merge.txt
[OK] proxies=4037 new=181 url=https://raw.githubusercontent.com/mahdibland/SSAggregator/master/sub/sub_merge_yaml.yml
[OK] proxies=61 new=0 url=https://raw.githubusercontent.com/mahdibland/SSAggregator/master/sub/airport_merge_base64.txt
[OK] proxies=61 new=0 url=https://raw.githubusercontent.com/mahdibland/SSAggregator/master/sub/airport_sub_merge.txt
[OK] proxies=1413 new=0 url=https://raw.githubusercontent.com/mahdibland/ShadowsocksAggregator/master/sub/splitted/vmess.txt
[OK] proxies=565 new=0 url=https://raw.githubusercontent.com/mahdibland/ShadowsocksAggregator/master/sub/splitted/trojan.txt
[OK] proxies=43 new=0 url=https://raw.githubusercontent.com/mahdibland/ShadowsocksAggregator/master/sub/splitted/ssr.txt
[OK] proxies=1836 new=0 url=https://raw.githubusercontent.com/mahdibland/ShadowsocksAggregator/master/sub/splitted/ss.txt
[OK] proxies=1 new=0 url=https://cdn.jsdelivr.net/gh/mahdibland/V2RayAggregator@master/update/provider/provider-meta.yml
[OK] proxies=1 new=0 url=https://cdn.jsdelivr.net/gh/mahdibland/V2RayAggregator@master/update/provider/provider-meta-cn.yml
[OK] proxies=1 new=0 url=https://cdn.jsdelivr.net/gh/mahdibland/V2RayAggregator@master/update/provider/provider-meta-others.yml
[OK] proxies=1 new=0 url=https://cdn.jsdelivr.net/gh/mahdibland/V2RayAggregator@master/update/provider/provider.yml
[OK] proxies=1 new=0 url=https://cdn.jsdelivr.net/gh/mahdibland/V2RayAggregator@master/update/provider/provider-cn.yml
[OK] proxies=1 new=0 url=https://cdn.jsdelivr.net/gh/mahdibland/V2RayAggregator@master/update/provider/provider-others.yml
[OK] proxies=4195 source=[免费节点8] url=https://raw.githubusercontent.com/mahdibland/V2RayAggregator/master/README.md
============================================================
[INFO] sublink try repo: https://github.com/w1770946466/Auto_proxy
[INFO] sublink try page: https://raw.githubusercontent.com/w1770946466/Auto_proxy/main/README.md
[OK] proxies=1 new=1 url=https://github.com/w1770946466/Auto_proxy/actions/workflows/main.yml
[OK] proxies=245 new=245 url=https://raw.githubusercontent.com/w1770946466/Auto_proxy/main/{Long_term_subscription2.yaml|Long_term_subscription1.yaml|Long_term_subscription3.yaml}
[OK] proxies=489 new=54 url=https://raw.githubusercontent.com/w1770946466/Auto_proxy/main/{Long_term_subscription1|Long_term_subscription2|Long_term_subscription3|Long_term_subscription4|Long_term_subscription5|Long_term_subscription6|Long_term_subscription7|Long_term_subscription8}
[OK] proxies=489 new=315 url=https://raw.githubusercontent.com/w1770946466/Auto_proxy/main/Long_term_subscription_num
[OK] proxies=615 source=[免费节点9] url=https://raw.githubusercontent.com/w1770946466/Auto_proxy/main/README.md
============================================================
[INFO] sublink try repo: https://github.com/PuddinCat/BestClash
[INFO] sublink try page: https://raw.githubusercontent.com/PuddinCat/BestClash/main/README.md
[OK] proxies=16 new=16 url=https://raw.githubusercontent.com/PuddinCat/BestClash/main/proxies.yaml
[OK] proxies=28 new=28 url=https://cdn.jsdelivr.net/gh/vxiaov/free_proxies@main/clash/clash.provider.yaml
[OK] proxies=24 new=24 url=https://freenode.openrunner.net/uploads/20240807-clash.yaml
[OK] proxies=30 new=30 url=https://raw.githubusercontent.com/Misaka-blog/chromego_merge/main/sub/merged_proxies_new.yaml
[OK] proxies=3702 new=3690 url=https://raw.githubusercontent.com/{NiceVPN123|anaer}/{NiceVPN|Sub}/main/{Clash.yaml|clash.yaml}
[OK] proxies=28 new=0 url=https://raw.githubusercontent.com/{chengaopan|peasoft}/{AutoMergePublicNodes|NoMoreWalls}/master/list.yml
[OK] proxies=382 new=350 url=https://raw.githubusercontent.com/{ermaozi|ermaozi01}/{get_subscribe|free_clash_vpn}/main/subscribe/clash.yml
[OK] proxies=198 new=178 url=https://raw.githubusercontent.com/mahdibland/ShadowsocksAggregator/master/Eternity.yml
[OK] proxies=165 new=160 url=https://raw.githubusercontent.com/ronghuaxueleng/get_v2/main/pub/combine.yaml
[OK] proxies=144 new=3 url=https://raw.githubusercontent.com/zhangkaiitugithub/passcro/main/speednodes.yaml
[OK] proxies=4479 source=[免费节点10] url=https://raw.githubusercontent.com/PuddinCat/BestClash/main/README.md
============================================================
[INFO] sublink try repo: https://github.com/kooker/FreeSubsCheck
[INFO] sublink try page: https://raw.githubusercontent.com/kooker/FreeSubsCheck/main/README.md
[OK] proxies=46 new=46 url=https://raw.githubusercontent.com/kooker/FreeSubsCheck/main/mihomo.yaml
[OK] proxies=46 new=0 url=https://raw.githubusercontent.com/kooker/FreeSubsCheck/main/all.yaml
[OK] proxies=46 new=2 url=https://raw.githubusercontent.com/kooker/FreeSubsCheck/main/base64.txt
[OK] proxies=7 new=3 url=https://raw.githubusercontent.com/kooker/FreeSubsCheck/main/byxiaoxi.txt
[OK] proxies=424 new=419 url=https://raw.githubusercontent.com/kooker/FreeSubsCheck/main/kooker.jp.txt
[OK] proxies=470 source=[免费节点11] url=https://raw.githubusercontent.com/kooker/FreeSubsCheck/main/README.md
============================================================
[INFO] toolkit try repo: https://github.com/Pawdroid/shadowrocket_for_android
[INFO] toolkit try release: https://github.com/Pawdroid/shadowrocket_for_android/releases
[INFO] toolkit try release: https://github.com/Pawdroid/shadowrocket_for_android/releases/expanded_assets/10.10.51
[INFO] toolkit try download: https://github.com/Pawdroid/shadowrocket_for_android/releases/download/10.10.51/Shadowrocket_10.10.51_shadowrocketStandard_arm64-v8a.apk
[OK] toolkit downloaded: Shadowrocket_10.10.51_shadowrocketStandard_arm64-v8a.apk bytes=41111539
[OK] toolkit extracted archive=Shadowrocket_10.10.51_shadowrocketStandard_arm64-v8a.apk tool=zipfile files=1175 dirs=44
[OK] toolkit sr-apk scanned prefixes=36 files=6 keys=2 archive=Shadowrocket_10.10.51_shadowrocketStandard_arm64-v8a.apk
[OK] proxies=881 new=881 url=https://{raw.githubusercontent.com|cdn.jsdelivr.net}/pixelor/ecfg/main/data/ecfg6_zh
[OK] proxies=599 new=0 url=https://cdn.jsdelivr.net/gh/pixelor/ecfg@main/data/ecfg6_en
[OK] proxies=180 new=76 url=https://{raw.githubusercontent.com|cdn.jsdelivr.net}/pixelor/ecfg/main/data/ecfg6
[OK] proxies=747 new=0 url=https://{files.shadowrockets.app|cdn.shadowrockets.app}/ecfg/data/ecfg6_zh
[OK] proxies=86 new=0 url=https://{files.shadowrockets.app|cdn.shadowrockets.app}/ecfg/data/ecfg6
[OK] proxies=747 new=0 url=https://{files.shadowrockets.app|cdn.shadowrockets.app}/ecfg/data/ecfg6_en
[OK] proxies=957 source=[Pawdroid-SR-APK] url=https://github.com/Pawdroid/shadowrocket_for_android/releases/download/10.10.51/Shadowrocket_10.10.51_shadowrocketStandard_arm64-v8a.apk
============================================================
[INFO] toolkit try page: https://shadowshare.v2cross.com
[INFO] toolkit try download: https://shadowshare.v2cross.com/shadowshare.apk
[OK] toolkit downloaded: shadowshare.apk bytes=62868122
[OK] toolkit extracted archive=shadowshare.apk tool=zipfile files=612 dirs=39
[OK] toolkit ss-apk scanned prefixes=10 files=3 keys=1 archive=shadowshare.apk
[OK] proxies=206 new=206 url=https://{raw.githubusercontent.com|jsd.onmicrosoft.cn}/hideme9527/ecsfg/main/data/sareserver
[OK] proxies=1386 new=1281 url=https://{raw.githubusercontent.com|jsd.onmicrosoft.cn}/hideme9527/ecsfg/main/data/sareserver_en
[OK] proxies=53 new=0 url=https://{shadowsharing.com|sare.159236.xyz}/data/sareserver
[OK] proxies=1386 new=0 url=https://{shadowsharing.com|sare.159236.xyz}/data/sareserver_en
[OK] proxies=53 new=0 url=https://gitee.com/api/v5/repos/{guoyoucai1|elvenapp|zhiminghao}/ecsfg/raw/data/sareserver
[OK] proxies=1386 new=0 url=https://gitee.com/api/v5/repos/{zhiminghao|elvenapp|guoyoucai1}/ecsfg/raw/data/sareserver_en
[OK] proxies=1487 source=[Pawdroid-SS-APK] url=https://shadowshare.v2cross.com/shadowshare.apk
============================================================
[INFO] sublink try repo: https://github.com/free-nodes/clashfree
[INFO] sublink try page: https://raw.githubusercontent.com/free-nodes/clashfree/main/README.md
[OK] proxies=1355 new=1355 url=https://raw.githubusercontent.com/free-nodes/clashfree/main/clash20260919.yml
[OK] proxies=1 new=1 url=https://github.com/free-nodes/clashfree/blob/main/clash20260919.yml
[OK] proxies=1356 source=[Clashfree] url=https://raw.githubusercontent.com/free-nodes/clashfree/main/README.md
============================================================
[INFO] sublink try repo: https://github.com/Epodonios/v2ray-configs
[INFO] sublink try page: https://raw.githubusercontent.com/Epodonios/v2ray-configs/main/README.md
[OK] proxies=1 new=1 url=https://github.com/Epodonios/V2ray-Configs/actions/workflows/main.yml
[OK] proxies=4080 new=4080 url=https://github.com/Epodonios/v2ray-configs/raw/main/All_Configs_Sub.txt
[OK] proxies=4080 new=0 url=https://github.com/Epodonios/v2ray-configs/raw/main/All_Configs_base64_Sub.txt
[OK] proxies=3246 new=64 url=https://github.com/Epodonios/v2ray-configs/raw/main/Splitted-By-Protocol/vless.txt
[OK] proxies=152 new=2 url=https://github.com/Epodonios/v2ray-configs/raw/main/Splitted-By-Protocol/vmess.txt
[OK] proxies=419 new=24 url=https://github.com/Epodonios/v2ray-configs/raw/main/Splitted-By-Protocol/ss.txt
[OK] proxies=191 new=1 url=https://github.com/Epodonios/v2ray-configs/raw/main/Splitted-By-Protocol/trojan.txt
[OK] proxies=4080 new=0 url=https://raw.githubusercontent.com/Epodonios/v2ray-configs/main/{Sub1.txt|Sub2.txt|Sub3.txt|Sub4.txt|Sub5.txt|Sub6.txt|Sub7.txt|Sub8.txt}
[OK] proxies=4172 source=[Epodonios] url=https://raw.githubusercontent.com/Epodonios/v2ray-configs/main/README.md
============================================================
[INFO] sublink try repo: https://github.com/free-clash-v2ray/free-clash-v2ray.github.io
[INFO] sublink try page: https://raw.githubusercontent.com/free-clash-v2ray/free-clash-v2ray.github.io/main/README.md
[OK] proxies=2866 new=2866 url=https://free-clash-v2ray.github.io/uploads/2026/09/{0-20260913.yaml|1-20260913.yaml|2-20260913.yaml}
[OK] proxies=4384 new=1859 url=https://free-clash-v2ray.github.io/uploads/2026/09/{0-20260913.txt|1-20260913.txt|2-20260913.txt|3-20260913.txt|4-20260913.txt}
[OK] proxies=4725 source=[Free-clash-v2ray] url=https://raw.githubusercontent.com/free-clash-v2ray/free-clash-v2ray.github.io/main/README.md
============================================================
[INFO] article try page: https://v2rayclashfree.com
[INFO] sublink try page: https://v2rayclashfree.com/fn/20260919.html
[OK] proxies=4039 new=4039 url=https://v2rayclashfree.com/sub/20260919-v2ray.txt
[OK] proxies=3697 new=448 url=https://v2rayclashfree.com/sub/20260919-clash.yaml
[OK] proxies=4487 source=[V2rayclashfree-RSS] url=https://v2rayclashfree.com/fn/20260919.html
============================================================
[INFO] raw backup written path=/home/runner/work/Free-node-autotest/Free-node-autotest/output/raw.yaml proxies=29915
[INFO] toolkit try repo: https://github.com/MetaCubeX/mihomo
[INFO] toolkit try release: https://github.com/MetaCubeX/mihomo/releases
[INFO] toolkit try release: https://github.com/MetaCubeX/mihomo/releases/expanded_assets/v1.19.31
[INFO] toolkit try download: https://github.com/MetaCubeX/mihomo/releases/download/v1.19.31/mihomo-linux-amd64-compatible-v1.19.31.gz
[OK] toolkit downloaded: mihomo-linux-amd64-compatible-v1.19.31.gz bytes=22821836
[OK] toolkit sha256 verified: mihomo-linux-amd64-compatible-v1.19.31.gz sha256=04cf9f09671704f839ddbee2e93069dc831a4123a75281e725d1d96ab9ac1afc
[OK] proxy engine ready: starting latency test package=mihomo-linux-amd64-compatible-v1.19.31.gz
============================================================
[WARN] batch start failed size=18499 {1} split -> 9249 {2} + 9250 {3}
[WARN] batch start failed size=9249 {2} split -> 4624 {4} + 4625 {5}
[WARN] batch start failed size=9250 {3} split -> 4625 {6} + 4625 {7}
[WARN] batch start failed size=4624 {4} split -> 2312 {8} + 2312 {9}
[WARN] batch start failed size=4625 {6} split -> 2312 {10} + 2313 {11}
[WARN] batch start failed size=2312 {10} split -> 1156 {12} + 1156 {13}
[WARN] batch start failed size=4625 {7} split -> 2312 {14} + 2313 {15}
[WARN] batch start failed size=2312 {8} split -> 1156 {16} + 1156 {17}
[WARN] batch start failed size=2313 {11} split -> 1156 {18} + 1157 {19}
[TEST] {5} tested 100/4625 kept=0 rest=18359
[TEST] {12} tested 100/1156 kept=0 rest=18222
[TEST] {12} tested 200/1156 kept=0 rest=18122
[TEST] {9} tested 100/2312 kept=0 rest=18008
[TEST] {9} tested 200/2312 kept=43 rest=17908
[TEST] {5} tested 200/4625 kept=0 rest=17785
[TEST] {12} tested 300/1156 kept=0 rest=17682
[TEST] {12} tested 400/1156 kept=0 rest=17582
[TEST] {9} tested 300/2312 kept=61 rest=17482
[TEST] {9} tested 400/2312 kept=61 rest=17373
[TEST] {5} tested 300/4625 kept=0 rest=17308
[TEST] {12} tested 500/1156 kept=24 rest=17204
[TEST] {12} tested 600/1156 kept=24 rest=17098
[TEST] {12} tested 700/1156 kept=78 rest=16995
[TEST] {9} tested 500/2312 kept=61 rest=16862
[TEST] {12} tested 800/1156 kept=121 rest=16759
[TEST] {9} tested 600/2312 kept=61 rest=16699
[TEST] {5} tested 400/4625 kept=0 rest=16577
[TEST] {12} tested 900/1156 kept=163 rest=16516
[TEST] {9} tested 700/2312 kept=61 rest=16400
[TEST] {12} tested 1000/1156 kept=219 rest=16286
[TEST] {5} tested 500/4625 kept=0 rest=16277
[TEST] {12} tested 1100/1156 kept=250 rest=16169
[TEST] {9} tested 800/2312 kept=61 rest=16055
[TEST] {9} tested 900/2312 kept=61 rest=15922
[TEST] {5} tested 600/4625 kept=0 rest=15834
[TEST] {12} tested 1156/1156 kept=274 rest=15825
[WARN] batch start failed size=1156 {13} split -> 578 {20} + 578 {21}
[TEST] {14} tested 100/2312 kept=1 rest=15709
[TEST] {9} tested 1000/2312 kept=61 rest=15540
[TEST] {14} tested 200/2312 kept=2 rest=15510
[TEST] {5} tested 700/4625 kept=0 rest=15332
[TEST] {14} tested 300/2312 kept=17 rest=15264
[TEST] {14} tested 400/2312 kept=17 rest=15154
[TEST] {9} tested 1100/2312 kept=61 rest=15083
[TEST] {9} tested 1200/2312 kept=61 rest=14897
[TEST] {14} tested 500/2312 kept=18 rest=14867
[TEST] {5} tested 800/4625 kept=0 rest=14766
[TEST] {14} tested 600/2312 kept=24 rest=14655
[TEST] {14} tested 700/2312 kept=26 rest=14503
[TEST] {9} tested 1300/2312 kept=61 rest=14392
[TEST] {5} tested 900/4625 kept=0 rest=14388
[TEST] {5} tested 1000/4625 kept=0 rest=14196
[TEST] {14} tested 800/2312 kept=29 rest=14095
[TEST] {14} tested 900/2312 kept=29 rest=13986
[TEST] {9} tested 1400/2312 kept=61 rest=13922
[TEST] {5} tested 1100/4625 kept=0 rest=13823
[TEST] {14} tested 1000/2312 kept=29 rest=13695
[TEST] {9} tested 1500/2312 kept=61 rest=13596
[TEST] {5} tested 1200/4625 kept=0 rest=13559
[TEST] {14} tested 1100/2312 kept=30 rest=13433
[TEST] {5} tested 1300/4625 kept=0 rest=13426
[TEST] {5} tested 1400/4625 kept=0 rest=13280
[TEST] {14} tested 1200/2312 kept=42 rest=13139
[TEST] {9} tested 1600/2312 kept=61 rest=13007
[TEST] {5} tested 1500/4625 kept=0 rest=12950
[TEST] {14} tested 1300/2312 kept=44 rest=12813
[TEST] {5} tested 1600/4625 kept=0 rest=12778
[TEST] {14} tested 1400/2312 kept=87 rest=12577
[TEST] {5} tested 1700/4625 kept=0 rest=12522
[TEST] {14} tested 1500/2312 kept=142 rest=12431
[TEST] {14} tested 1600/2312 kept=200 rest=12280
[TEST] {14} tested 1700/2312 kept=269 rest=12160
[TEST] {5} tested 1800/4625 kept=0 rest=12123
[TEST] {14} tested 1800/2312 kept=344 rest=12035
[TEST] {14} tested 1900/2312 kept=416 rest=11925
[TEST] {9} tested 1700/2312 kept=61 rest=11850
[TEST] {14} tested 2000/2312 kept=471 rest=11817
[TEST] {14} tested 2100/2312 kept=521 rest=11717
[TEST] {14} tested 2200/2312 kept=577 rest=11613
[TEST] {5} tested 1900/4625 kept=0 rest=11369
[TEST] {9} tested 1800/2312 kept=61 rest=11357
[TEST] {5} tested 2000/4625 kept=8 rest=11250
[TEST] {14} tested 2300/2312 kept=622 rest=11169
[TEST] {14} tested 2312/2312 kept=622 rest=11145
[TEST] {9} tested 1900/2312 kept=61 rest=11059
[WARN] batch start failed size=2313 {15} split -> 1156 {22} + 1157 {23}
[TEST] {5} tested 2100/4625 kept=11 rest=10975
[TEST] {9} tested 2000/2312 kept=121 rest=10911
[TEST] {9} tested 2100/2312 kept=146 rest=10723
[TEST] {5} tested 2200/4625 kept=11 rest=10681
[TEST] {17} tested 100/1156 kept=13 rest=10501
[TEST] {5} tested 2300/4625 kept=11 rest=10481
[TEST] {9} tested 2200/2312 kept=146 rest=10299
[TEST] {5} tested 2400/4625 kept=12 rest=10223
[TEST] {5} tested 2500/4625 kept=12 rest=10072
[TEST] {17} tested 200/1156 kept=16 rest=10069
[TEST] {9} tested 2300/2312 kept=146 rest=9892
[TEST] {9} tested 2312/2312 kept=146 rest=9840
[TEST] {5} tested 2600/4625 kept=12 rest=9838
[WARN] batch start failed size=1156 {16} split -> 578 {24} + 578 {25}
[WARN] batch start failed size=1156 {18} split -> 578 {26} + 578 {27}
[TEST] {17} tested 300/1156 kept=17 rest=9727
[TEST] {5} tested 2700/4625 kept=12 rest=9684
[TEST] {17} tested 400/1156 kept=47 rest=9578
[TEST] {19} tested 100/1157 kept=1 rest=9386
[TEST] {5} tested 2800/4625 kept=12 rest=9262
[TEST] {19} tested 200/1157 kept=3 rest=9236
[TEST] {17} tested 500/1156 kept=56 rest=9063
[TEST] {5} tested 2900/4625 kept=12 rest=9028
[TEST] {19} tested 300/1157 kept=3 rest=8928
[TEST] {19} tested 400/1157 kept=5 rest=8761
[TEST] {17} tested 600/1156 kept=56 rest=8754
[TEST] {19} tested 500/1157 kept=6 rest=8586
[TEST] {17} tested 700/1156 kept=58 rest=8502
[TEST] {19} tested 600/1157 kept=9 rest=8375
[TEST] {5} tested 3000/4625 kept=13 rest=8303
[TEST] {17} tested 800/1156 kept=58 rest=8205
[TEST] {19} tested 700/1157 kept=13 rest=8074
[TEST] {5} tested 3100/4625 kept=13 rest=8014
[TEST] {17} tested 900/1156 kept=58 rest=7980
[TEST] {19} tested 800/1157 kept=19 rest=7867
[TEST] {19} tested 900/1157 kept=22 rest=7710
[TEST] {17} tested 1000/1156 kept=58 rest=7699
[TEST] {19} tested 1000/1157 kept=22 rest=7483
[TEST] {5} tested 3200/4625 kept=14 rest=7480
[TEST] {17} tested 1100/1156 kept=60 rest=7268
[TEST] {19} tested 1100/1157 kept=22 rest=7248
[TEST] {5} tested 3300/4625 kept=15 rest=7157
[TEST] {5} tested 3400/4625 kept=16 rest=7041
[TEST] {17} tested 1156/1156 kept=60 rest=6917
[TEST] {5} tested 3500/4625 kept=16 rest=6916
[TEST] {19} tested 1157/1157 kept=22 rest=6875
[WARN] batch start failed size=578 {20} split -> 289 {28} + 289 {29}
[TEST] {21} tested 100/578 kept=9 rest=6726
[WARN] batch start failed size=1156 {22} split -> 578 {30} + 578 {31}
[WARN] batch start failed size=1157 {23} split -> 578 {32} + 579 {33}
[TEST] {5} tested 3600/4625 kept=16 rest=6658
[WARN] batch start failed size=578 {24} split -> 289 {34} + 289 {35}
[TEST] {5} tested 3700/4625 kept=16 rest=6534
[TEST] {25} tested 100/578 kept=56 rest=6394
[TEST] {5} tested 3800/4625 kept=16 rest=6291
[TEST] {25} tested 200/578 kept=98 rest=6209
[TEST] {21} tested 200/578 kept=27 rest=6109
[TEST] {21} tested 300/578 kept=31 rest=5992
[TEST] {25} tested 300/578 kept=170 rest=5827
[TEST] {5} tested 3900/4625 kept=16 rest=5814
[TEST] {5} tested 4000/4625 kept=16 rest=5636
[TEST] {5} tested 4100/4625 kept=16 rest=5528
[TEST] {21} tested 400/578 kept=50 rest=5513
[TEST] {5} tested 4200/4625 kept=16 rest=5424
[TEST] {25} tested 400/578 kept=215 rest=5320
[TEST] {5} tested 4300/4625 kept=16 rest=5286
[TEST] {21} tested 500/578 kept=57 rest=5171
[TEST] {5} tested 4400/4625 kept=16 rest=4975
[TEST] {25} tested 500/578 kept=227 rest=4973
[TEST] {5} tested 4500/4625 kept=16 rest=4844
[TEST] {21} tested 578/578 kept=57 rest=4719
[WARN] batch start failed size=578 {27} split -> 289 {36} + 289 {37}
[WARN] batch start failed size=578 {26} split -> 289 {38} + 289 {39}
[TEST] {25} tested 578/578 kept=239 rest=4577
[TEST] {28} tested 100/289 kept=46 rest=4573
[TEST] {28} tested 200/289 kept=101 rest=4454
[WARN] batch start failed size=289 {29} split -> 144 {40} + 145 {41}
[TEST] {5} tested 4600/4625 kept=16 rest=4440
[TEST] {5} tested 4625/4625 kept=16 rest=4393
[TEST] {30} tested 100/578 kept=24 rest=4282
[TEST] {30} tested 200/578 kept=66 rest=4180
[WARN] batch start failed size=578 {31} split -> 289 {42} + 289 {43}
[TEST] {30} tested 300/578 kept=110 rest=4078
[TEST] {30} tested 400/578 kept=140 rest=3977
[TEST] {30} tested 500/578 kept=157 rest=3876
[TEST] {42} tested 100/289 kept=25 rest=3726
[TEST] {42} tested 200/289 kept=59 rest=3618
[TEST] {28} tested 289/289 kept=136 rest=3505
[WARN] batch start failed size=578 {32} split -> 289 {44} + 289 {45}
[WARN] batch start failed size=289 {34} split -> 144 {46} + 145 {47}
[TEST] {30} tested 578/578 kept=180 rest=3488
[TEST] {42} tested 289/289 kept=97 rest=3448
[TEST] {35} tested 100/289 kept=23 rest=3369
[WARN] batch start failed size=289 {37} split -> 144 {48} + 145 {49}
[WARN] batch start failed size=289 {36} split -> 144 {50} + 145 {51}
[TEST] {35} tested 200/289 kept=51 rest=3269
[WARN] batch start failed size=289 {39} split -> 144 {52} + 145 {53}
[TEST] {41} tested 100/145 kept=14 rest=3088
[TEST] {38} tested 100/289 kept=14 rest=3004
[TEST] {38} tested 200/289 kept=20 rest=2900
[TEST] {35} tested 289/289 kept=52 rest=2833
[WARN] batch start failed size=144 {40} split -> 72 {54} + 72 {55}
[TEST] {38} tested 289/289 kept=23 rest=2751
[TEST] {41} tested 145/145 kept=25 rest=2702
[TEST] {33} tested 100/579 kept=26 rest=2646
[WARN] batch start failed size=289 {43} split -> 144 {56} + 145 {57}
[TEST] {33} tested 200/579 kept=62 rest=2546
[WARN] batch start failed size=289 {44} split -> 144 {58} + 145 {59}
[TEST] {45} tested 100/289 kept=23 rest=2375
[WARN] batch start failed size=144 {46} split -> 72 {60} + 72 {61}
[TEST] {33} tested 300/579 kept=129 rest=2290
[TEST] {45} tested 200/289 kept=46 rest=2237
[WARN] batch start failed size=145 {47} split -> 72 {62} + 73 {63}
[TEST] {33} tested 400/579 kept=211 rest=2019
[TEST] {48} tested 100/144 kept=4 rest=1893
[TEST] {33} tested 500/579 kept=282 rest=1863
[TEST] {45} tested 289/289 kept=66 rest=1797
[WARN] batch start failed size=145 {49} split -> 72 {64} + 73 {65}
[WARN] batch start failed size=144 {50} split -> 72 {66} + 72 {67}
[TEST] {48} tested 144/144 kept=4 rest=1746
[TEST] {52} tested 100/144 kept=0 rest=1555
[TEST] {51} tested 100/145 kept=6 rest=1518
[TEST] {33} tested 579/579 kept=308 rest=1488
[WARN] batch start failed size=145 {53} split -> 72 {68} + 73 {69}
[TEST] {51} tested 145/145 kept=13 rest=1389
[TEST] {52} tested 144/144 kept=5 rest=1383
[WARN] batch start failed size=72 {54} split -> 36 {70} + 36 {71}
[WARN] batch start failed size=144 {56} split -> 72 {72} + 72 {73}
[TEST] {57} tested 100/145 kept=73 rest=1283
[WARN] batch start failed size=144 {58} split -> 72 {74} + 72 {75}
[TEST] {55} tested 72/72 kept=16 rest=1264
[TEST] {59} tested 100/145 kept=33 rest=1162
[TEST] {57} tested 145/145 kept=82 rest=1056
[WARN] batch start failed size=72 {61} split -> 36 {76} + 36 {77}
[WARN] batch start failed size=72 {62} split -> 36 {78} + 36 {79}
[TEST] {60} tested 72/72 kept=13 rest=1012
[WARN] batch start failed size=36 {79} split -> 18 {80} + 18 {81}
[WARN] batch start failed size=72 {64} split -> 36 {82} + 36 {83}
[TEST] {59} tested 145/145 kept=65 rest=1011
[WARN] batch start failed size=72 {67} split -> 36 {84} + 36 {85}
[TEST] {65} tested 73/73 kept=0 rest=853
[TEST] {66} tested 72/72 kept=5 rest=802
[WARN] batch start failed size=73 {69} split -> 36 {86} + 37 {87}
[WARN] batch start failed size=36 {71} split -> 18 {88} + 18 {89}
[TEST] {68} tested 72/72 kept=4 rest=794
[WARN] batch start failed size=72 {72} split -> 36 {90} + 36 {91}
[TEST] {70} tested 36/36 kept=2 rest=643
[WARN] batch start failed size=72 {75} split -> 36 {92} + 36 {93}
[TEST] {73} tested 72/72 kept=66 rest=640
[TEST] {74} tested 72/72 kept=21 rest=614
[WARN] batch start failed size=36 {76} split -> 18 {94} + 18 {95}
[WARN] batch start failed size=36 {77} split -> 18 {96} + 18 {97}
[WARN] batch start failed size=18 {80} split -> 9 {98} + 9 {99}
[TEST] {78} tested 36/36 kept=0 rest=518
[TEST] {63} tested 73/73 kept=45 rest=499
[WARN] batch start failed size=36 {82} split -> 18 {100} + 18 {101}
[TEST] {81} tested 18/18 kept=6 rest=487
[WARN] batch start failed size=36 {84} split -> 18 {102} + 18 {103}
[TEST] {83} tested 36/36 kept=0 rest=407
[TEST] {85} tested 36/36 kept=1 rest=389
[WARN] batch start failed size=37 {87} split -> 18 {104} + 19 {105}
[WARN] batch start failed size=18 {88} split -> 9 {106} + 9 {107}
[TEST] {86} tested 36/36 kept=3 rest=379
[WARN] batch start failed size=36 {91} split -> 18 {108} + 18 {109}
[TEST] {104} tested 18/18 kept=5 rest=315
[TEST] {90} tested 36/36 kept=4 rest=294
[WARN] batch start failed size=36 {92} split -> 18 {110} + 18 {111}
[WARN] batch start failed size=18 {95} split -> 9 {112} + 9 {113}
[TEST] {93} tested 36/36 kept=0 rest=266
[WARN] batch start failed size=18 {96} split -> 9 {114} + 9 {115}
[WARN] batch start failed size=9 {98} split -> 4 {116} + 5 {117}
[TEST] {99} tested 9/9 kept=0 rest=255
[TEST] {94} tested 18/18 kept=3 rest=248
[WARN] batch start failed size=18 {101} split -> 9 {118} + 9 {119}
[TEST] {97} tested 18/18 kept=0 rest=238
[WARN] batch start failed size=18 {102} split -> 9 {120} + 9 {121}
[TEST] {100} tested 18/18 kept=0 rest=207
[WARN] batch start failed size=19 {105} split -> 9 {122} + 10 {123}
[TEST] {103} tested 18/18 kept=0 rest=192
[TEST] {89} tested 18/18 kept=6 rest=183
[WARN] batch start failed size=9 {107} split -> 4 {124} + 5 {125}
[WARN] batch start failed size=18 {108} split -> 9 {126} + 9 {127}
[TEST] {109} tested 18/18 kept=15 rest=155
[TEST] {106} tested 9/9 kept=0 rest=153
[WARN] batch start failed size=18 {111} split -> 9 {128} + 9 {129}
[WARN] batch start failed size=9 {112} split -> 4 {130} + 5 {131}
[WARN] batch start failed size=9 {113} split -> 4 {132} + 5 {133}
[WARN] batch start failed size=9 {114} split -> 4 {134} + 5 {135}
[WARN] batch start failed size=4 {116} split -> 2 {136} + 2 {137}
[WARN] batch start failed size=5 {117} split -> 2 {138} + 3 {139}
[WARN] batch start failed size=9 {118} split -> 4 {140} + 5 {141}
[TEST] {110} tested 18/18 kept=2 rest=136
[WARN] batch start failed size=9 {121} split -> 4 {142} + 5 {143}
[TEST] {115} tested 9/9 kept=0 rest=127
[TEST] {119} tested 9/9 kept=0 rest=119
[WARN] batch start failed size=10 {123} split -> 5 {144} + 5 {145}
[WARN] batch start failed size=4 {124} split -> 2 {146} + 2 {147}
[TEST] {120} tested 9/9 kept=0 rest=112
[WARN] batch start failed size=9 {126} split -> 4 {148} + 5 {149}
[TEST] {122} tested 9/9 kept=0 rest=102
[TEST] {127} tested 9/9 kept=9 rest=99
[WARN] batch start failed size=9 {128} split -> 4 {150} + 5 {151}
[TEST] {130} tested 4/4 kept=0 rest=90
[WARN] batch start failed size=5 {131} split -> 2 {152} + 3 {153}
[WARN] batch start failed size=4 {132} split -> 2 {154} + 2 {155}
[TEST] {125} tested 5/5 kept=1 rest=86
[TEST] {129} tested 9/9 kept=0 rest=81
[WARN] batch start failed size=5 {135} split -> 2 {156} + 3 {157}
[WARN] batch start failed size=2 {136} split -> 1 {158} + 1 {159}
[TEST] {133} tested 5/5 kept=0 rest=77
[TEST] {134} tested 4/4 kept=0 rest=73
[WARN] batch start failed size=2 {137} split -> 1 {160} + 1 {161}
[WARN] batch start failed size=2 {138} split -> 1 {162} + 1 {163}
[WARN] batch start failed size=4 {140} split -> 2 {164} + 2 {165}
[WARN] batch start failed size=4 {142} split -> 2 {166} + 2 {167}
[TEST] {139} tested 3/3 kept=0 rest=67
[WARN] batch start failed size=5 {143} split -> 2 {168} + 3 {169}
[WARN] batch start failed size=5 {144} split -> 2 {170} + 3 {171}
[WARN] batch start failed size=2 {146} split -> 1 {172} + 1 {173}
[TEST] {147} tested 2/2 kept=1 rest=62
[TEST] {149} tested 5/5 kept=5 rest=57
[WARN] batch start failed size=4 {148} split -> 2 {174} + 2 {175}
[TEST] {141} tested 5/5 kept=0 rest=56
[WARN] batch start failed size=5 {151} split -> 2 {176} + 3 {177}
[TEST] {145} tested 5/5 kept=0 rest=50
[WARN] batch start failed size=3 {153} split -> 1 {178} + 2 {179}
[WARN] batch start failed size=2 {154} split -> 1 {180} + 1 {181}
[WARN] batch start failed size=2 {155} split -> 1 {182} + 1 {183}
[WARN] batch start failed size=3 {157} split -> 1 {184} + 2 {185}
[WARN] batch start failed size=2 {156} split -> 1 {186} + 1 {187}
[TEST] {150} tested 4/4 kept=0 rest=48
[REPAIR] {159} name=[ChromeGO-Merge] Taiwan fields=up,down
[TEST] {152} tested 2/2 kept=0 rest=47
[REPAIR] {161} name=[ChromeGO-Merge] United-4 fields=up,down
[TEST] {159} tested 1/1 kept=0 rest=46
[REPAIR] {160} name=[ChromeGO-Merge] France fields=up,down
[REPAIR] {162} name=[ChromeGO-Merge] Taiwan-2 fields=up,down
[REPAIR] {163} name=[ChromeGO-Merge] United-5 fields=up,down
[WARN] batch start failed size=2 {164} split -> 1 {188} + 1 {189}
[TEST] {162} tested 1/1 kept=0 rest=45
[TEST] {165} tested 2/2 kept=0 rest=42
[WARN] batch start failed size=2 {167} split -> 1 {190} + 1 {191}
[WARN] batch start failed size=2 {168} split -> 1 {192} + 1 {193}
[TEST] {158} tested 1/1 kept=0 rest=41
[TEST] {161} tested 1/1 kept=0 rest=40
[TEST] {160} tested 1/1 kept=0 rest=39
[TEST] {163} tested 1/1 kept=0 rest=38
[TEST] {166} tested 2/2 kept=0 rest=37
[WARN] batch start failed size=2 {170} split -> 1 {194} + 1 {195}
[TEST] {172} tested 1/1 kept=1 rest=36
[REPAIR] {173} name=[Pawdroid-SS-APK] United+Kingdom-3 fields=cipher
[TEST] {169} tested 3/3 kept=0 rest=33
[TEST] {171} tested 3/3 kept=0 rest=30
[WARN] batch start failed size=2 {175} split -> 1 {196} + 1 {197}
[WARN] batch start failed size=2 {176} split -> 1 {198} + 1 {199}
[TEST] {174} tested 2/2 kept=1 rest=28
[WARN] batch start failed size=2 {179} split -> 1 {200} + 1 {201}
[TEST] {178} tested 1/1 kept=0 rest=25
[TEST] {173} tested 1/1 kept=1 rest=24
[REPAIR] {181} name=[ChromeGO-ShiteThings] hysteria-4 fields=up,down
[REPAIR] {180} name=[ChromeGO-ShiteThings] hysteria-3 fields=up,down
[REPAIR] {182} name=[ChromeGO-ShiteThings] hysteria-5 fields=up,down
[TEST] {181} tested 1/1 kept=0 rest=23
[REPAIR] {184} name=[ChromeGO-Merge] France_hysteria_1 fields=up,down
[TEST] {180} tested 1/1 kept=0 rest=22
[WARN] batch start failed size=2 {185} split -> 1 {202} + 1 {203}
[REPAIR] {187} name=[ChromeGO-Merge] United fields=up,down
[REPAIR] {186} name=[ChromeGO-Merge] WARP fields=dialer-proxy
[TEST] {186} tested 1/1 kept=1 rest=21
[TEST] {177} tested 3/3 kept=0 rest=20
[DROP] {189} name=[Epodonios] EPODONIOS-457 server=66.33.22.232:34118 reason=Parse config error: proxy 0: 'reality-opts' has unset fields: public-key
[TEST] {183} tested 1/1 kept=0 rest=18
[TEST] {182} tested 1/1 kept=0 rest=17
[REPAIR] {191} name=[Epodonios] EPODONIOS-104 fields=cipher
[TEST] {184} tested 1/1 kept=0 rest=16
[REPAIR] {192} name=[Epodonios] EPODONIOS-105 fields=cipher
[TEST] {192} tested 1/1 kept=0 rest=15
[TEST] {187} tested 1/1 kept=0 rest=14
[TEST] {188} tested 1/1 kept=0 rest=13
[TEST] {190} tested 1/1 kept=0 rest=12
[DROP] {195} name=[Epodonios] EPODONIOS-11 server=5.75.207.9:8035 reason=Parse config error: proxy 0: ss 5.75.207.9:8035 cipher: Channel initialize error: unknown method: Channel
[REPAIR] {197} name=[Free-clash-v2ray] hysteria fields=up,down
[TEST] {191} tested 1/1 kept=0 rest=10
[TEST] {197} tested 1/1 kept=0 rest=9
[TEST] {193} tested 1/1 kept=0 rest=8
[DROP] {199} name=[Free-clash-v2ray] 未知 SS-1521 | free-nodes server=192.0.2.1:1 reason=Parse config error: proxy 0: ss 192.0.2.1:1 cipher: i�5��\x1c�p initialize error: unknown method: i�5��\x1c�p
[TEST] {194} tested 1/1 kept=0 rest=6
[REPAIR] {200} name=[ChromeGO-ShiteThings] hysteria fields=up,down
[REPAIR] {201} name=[ChromeGO-ShiteThings] hysteria-2 fields=up,down
[TEST] {200} tested 1/1 kept=0 rest=5
[TEST] {201} tested 1/1 kept=0 rest=4
[TEST] {203} tested 1/1 kept=0 rest=3
[REPAIR] {202} name=[ChromeGO-Merge] United-2 fields=up,down
[TEST] {196} tested 1/1 kept=0 rest=2
[TEST] {198} tested 1/1 kept=0 rest=1
[TEST] {202} tested 1/1 kept=0 rest=0
[INFO] dropped=3 [Epodonios] × 2 | [Free-clash-v2ray] × 1
============================================================
[INFO] core-dedupe dropped 1 same-host variants, kept higher health_score
[INFO] cap live source=[Mibei77-RSS] from 54 to 50 by health_score
[INFO] cap live source=[免费节点1] from 114 to 50 by health_score
[INFO] cap live source=[免费节点2] from 123 to 50 by health_score
[INFO] cap live source=[免费节点8] from 146 to 50 by health_score
[INFO] cap live source=[Pawdroid-SR-APK] from 363 to 50 by health_score
[INFO] cap live source=[Pawdroid-SS-APK] from 129 to 50 by health_score
[INFO] cap live source=[Epodonios] from 90 to 50 by health_score
[INFO] cap live source=[Free-clash-v2ray] from 1059 to 50 by health_score
[INFO] cap live source=[V2rayclashfree-RSS] from 439 to 50 by health_score
[INFO] cap live total from 661 to 400 floor=5 then health_score pool
[INFO] cap live reserved=116 pool=545 taken=284
============================================================
+------------------------------+--------+--------+------+--------+
| source                       |    raw | unique | live | capped |
+------------------------------+--------+--------+------+--------+
| [大FQ运动]                   |     12 |     12 |    3 |      3 |
+------------------------------+--------+--------+------+--------+
| [Pawdroid]                   |     14 |     13 |    4 |      4 |
+------------------------------+--------+--------+------+--------+
| [FreeV2-Base64]              |      3 |      3 |    3 |      3 |
+------------------------------+--------+--------+------+--------+
| [Bocchi2b-Base64]            |     35 |     35 |    0 |      0 |
+------------------------------+--------+--------+------+--------+
| [ChromeGO-Toolkit]           |     14 |     14 |    5 |      5 |
+------------------------------+--------+--------+------+--------+
| [ChromeGO-ShiteThings]       |     31 |     25 |    1 |      1 |
+------------------------------+--------+--------+------+--------+
| [ChromeGO-Merge]             |    116 |    116 |    7 |      5 |
+------------------------------+--------+--------+------+--------+
| [Freesocks]                  |      3 |      3 |    3 |      3 |
+------------------------------+--------+--------+------+--------+
| [NekoWarp]                   |     10 |     10 |   10 |      8 |
+------------------------------+--------+--------+------+--------+
| [1VPN-CRX]                   |     17 |     17 |   15 |      5 |
+------------------------------+--------+--------+------+--------+
| [OpenRunner-RSS]             |     14 |      0 |    0 |      0 |
+------------------------------+--------+--------+------+--------+
| [V2Rayshare-RSS]             |     27 |     26 |    6 |      5 |
+------------------------------+--------+--------+------+--------+
| [Mibei77-RSS]                |    149 |    142 |   54 |     11 |
+------------------------------+--------+--------+------+--------+
| [Yoyapai-RSS]                |    211 |    189 |   12 |      7 |
+------------------------------+--------+--------+------+--------+
| [免费节点1]                  |    381 |    241 |  114 |     35 |
+------------------------------+--------+--------+------+--------+
| [免费节点2]                  |    387 |    312 |  123 |     24 |
+------------------------------+--------+--------+------+--------+
| [免费节点3]                  |     46 |     16 |   11 |      5 |
+------------------------------+--------+--------+------+--------+
| [免费节点4]                  |    840 |    707 |   46 |      5 |
+------------------------------+--------+--------+------+--------+
| [免费节点5]                  |     29 |     28 |    0 |      0 |
+------------------------------+--------+--------+------+--------+
| [免费节点6]                  |    567 |    543 |    2 |      2 |
+------------------------------+--------+--------+------+--------+
| [免费节点7]                  |     64 |     25 |    0 |      0 |
+------------------------------+--------+--------+------+--------+
| [免费节点8]                  |   4195 |   3724 |  146 |     16 |
+------------------------------+--------+--------+------+--------+
| [免费节点9]                  |    615 |    452 |    0 |      0 |
+------------------------------+--------+--------+------+--------+
| [免费节点10]                 |   4479 |   3076 |   16 |      5 |
+------------------------------+--------+--------+------+--------+
| [免费节点11]                 |    470 |    250 |   40 |      5 |
+------------------------------+--------+--------+------+--------+
| [Pawdroid-SR-APK]            |    957 |    655 |  363 |     50 |
+------------------------------+--------+--------+------+--------+
| [Pawdroid-SS-APK]            |   1487 |    965 |  130 |     50 |
+------------------------------+--------+--------+------+--------+
| [Clashfree]                  |   1356 |    521 |   27 |      5 |
+------------------------------+--------+--------+------+--------+
| [Epodonios]                  |   4172 |   3135 |   90 |     38 |
+------------------------------+--------+--------+------+--------+
| [Free-clash-v2ray]           |   4725 |   2244 | 1059 |     50 |
+------------------------------+--------+--------+------+--------+
| [V2rayclashfree-RSS]         |   4487 |   1000 |  439 |     50 |
+------------------------------+--------+--------+------+--------+
============================================================
[SUMMARY] total_nodes=29913
[SUMMARY] legal_candidates=18499
[SUMMARY] passed_latency_test=400
[SUMMARY] region_HK=6 region_JP=1 region_US=122
[SUMMARY] avg_latency_ms=177.88
[SUMMARY] output=/home/runner/work/Free-node-autotest/Free-node-autotest/output/clash.yaml
============================================================
