============================================================
[INFO] sublink try page | url=https://end-gfw.com
[OK] proxies=2 | new=2 | url=https://raw.githubusercontent.com/hello-world-1989/cn-news/refs/heads/main/clash.yaml
[OK] proxies=2 | new=0 | url=https://raw.githubusercontent.com/hello-world-1989/cn-news/main/end-gfw-together
[OK] proxies=2 | new=2 | url=https://raw.githubusercontent.com/hello-world-1989/cn-news/main/end-gfw-together-ss
[INFO] source try link | url=https://end-gfw.com/ss-key
[OK] proxies=4 | new=4 | url=https://end-gfw.com/ss-key
[INFO] sublink try repo | url=https://github.com/hello-world-1989/cn-news
[INFO] sublink try page | url=https://raw.githubusercontent.com/hello-world-1989/cn-news/main/README.md
[OK] proxies=6 | new=6 | url=https://raw.githubusercontent.com/hello-world-1989/v2-sub/main/end-gfw-together-af3e13
[OK] proxies=14 | source=[大FQ运动] | url=https://raw.githubusercontent.com/hello-world-1989/cn-news/main/README.md
============================================================
[INFO] sublink try repo | url=https://github.com/Pawdroid/Free-servers
[INFO] sublink try page | url=https://raw.githubusercontent.com/Pawdroid/Free-servers/main/README.md
[OK] proxies=20 | new=20 | url=https://raw.githubusercontent.com/Pawdroid/Free-servers/main/README.md
[OK] proxies=20 | new=0 | url=https://raw.githubusercontent.com/Pawdroid/Free-servers/main/sub
[OK] proxies=1 | new=1 | url=https://apps.apple.com/cn/app/shadowshare/id1612647259
[OK] proxies=1 | new=1 | url=http://www.surflare.com
[OK] proxies=22 | source=[Pawdroid] | url=https://raw.githubusercontent.com/Pawdroid/Free-servers/main/README.md
============================================================
[INFO] source try link | url=https://xmxosfepggzm.503403.xyz
[OK] proxies=3 | new=3 | url=https://xmxosfepggzm.503403.xyz
[OK] proxies=3 | source=[FreeV2-Base64] | url=https://xmxosfepggzm.503403.xyz
============================================================
[INFO] source try link | url=https://links.bocchi2b.top/clash
[OK] proxies=35 | new=35 | url=https://links.bocchi2b.top/clash
[OK] proxies=35 | source=[Bocchi2b-Base64] | url=https://links.bocchi2b.top/clash
============================================================
[INFO] toolkit try repo | url=https://github.com/bannedbook/fanqiang
[INFO] toolkit try release | url=https://github.com/bannedbook/fanqiang/releases
[INFO] toolkit try release | url=https://github.com/bannedbook/fanqiang/releases/expanded_assets/ChromeGo-latest
[INFO] toolkit try download | url=https://github.com/bannedbook/fanqiang/releases/download/ChromeGo-latest/ChromeGo.7z
[OK] toolkit downloaded | file=ChromeGo.7z | bytes=100924352
[OK] toolkit extracted | archive=ChromeGo.7z | tool=7z | files=222 | dirs=45
[OK] toolkit discovered | subs=107 | embedded=12 | archive=ChromeGo.7z
[OK] proxies=6 | new=6 | embedded=archive-config
[OK] proxies=3 | new=3 | url=https://gitlab.com/free9999/ipupdate/master/backup/img/1/2/{ipp|ip}/clash.meta2/{5|6|3|1|4|2}/config.yaml
[OK] proxies=3 | new=0 | url=https://www.67867867.xyz/Alvin9999/PAC/refs/heads/master/backup/img/1/2/{ipp|ip}/clash.meta2/{5|6|3|1|4|2}/config.yaml
[OK] proxies=7 | new=5 | url=https://gitlab.com/free9999/ipupdate/master/backup/img/1/2/{ipp|ip}/{hysteria2|singbox|naiveproxy|hysteria|xray}/{3|1|4|2}/config.json
[OK] proxies=7 | new=0 | url=https://www.67867867.xyz/Alvin9999/PAC/refs/heads/master/backup/img/1/2/{ipp|ip}/{hysteria2|singbox|naiveproxy|hysteria|xray}/{3|1|4|2}/config.json
[OK] proxies=14 | source=[ChromeGO-Toolkit] | url=https://github.com/bannedbook/fanqiang/releases/download/ChromeGo-latest/ChromeGo.7z
============================================================
[INFO] sublink try repo | url=https://github.com/ShiteThings/extractNodes
[INFO] sublink try page | url=https://raw.githubusercontent.com/ShiteThings/extractNodes/main/README.md
[OK] proxies=31 | new=30 | url=https://{chg26.makou.cc.cd|chg64.makou.cc.cd}
[OK] proxies=26 | new=1 | url=https://chg26.makou.cc.cd/sb
[OK] proxies=31 | source=[ChromeGO-ShiteThings] | url=https://raw.githubusercontent.com/ShiteThings/extractNodes/main/README.md
============================================================
[INFO] sublink try repo | url=https://github.com/shangui999/chromego_merge
[INFO] sublink try page | url=https://raw.githubusercontent.com/shangui999/chromego_merge/master/ReadMe.md
[OK] proxies=10 | new=10 | url=https://freedman.netlify.app/sub/merged_proxies_new.yaml
[OK] proxies=11 | new=1 | url=https://freedman.netlify.app/sub/merged_warp_proxies_new.yaml
[OK] proxies=11 | new=6 | url=https://freedman.netlify.app/sub/shadowrocket_base64.txt
[OK] proxies=16 | new=16 | url=https://freedman.netlify.app/sub/sb.json
[INFO] sublink try repo | url=https://github.com/yaney01/chromego
[INFO] sublink try page | url=https://raw.githubusercontent.com/yaney01/chromego/main/ReadMe.md
[OK] proxies=50 | new=46 | url=https://raw.githubusercontent.com/yaney01/chromego/main/sub/merged_proxies_new.yaml
[OK] proxies=51 | new=0 | url=https://raw.githubusercontent.com/yaney01/chromego/main/sub/merged_warp_proxies_new.yaml
[OK] proxies=13 | new=7 | url=https://raw.githubusercontent.com/yaney01/chromego/main/sub/shadowrocket_base64.txt
[OK] proxies=13 | new=0 | url=https://raw.githubusercontent.com/yaney01/chromego/main/sub/sb.json
[INFO] sublink try repo | url=https://github.com/Misaka-blog/chromego_merge
[INFO] sublink try page | url=https://raw.githubusercontent.com/Misaka-blog/chromego_merge/main/README.md
[OK] proxies=27 | new=27 | url=https://chromego-sub.netlify.app/sub/merged_proxies_new.yaml
[OK] proxies=113 | source=[ChromeGO-Merge] | url=https://raw.githubusercontent.com/Misaka-blog/chromego_merge/main/README.md
============================================================
[INFO] source try link | url=https://freesocks.org/api/v1/sub/02b897e8e77f19176b0b9f2c75864b00
[OK] proxies=1 | new=1 | url=https://freesocks.org/api/v1/sub/02b897e8e77f19176b0b9f2c75864b00
[OK] proxies=1 | source=[Freesocks] | url=https://freesocks.org/api/v1/sub/02b897e8e77f19176b0b9f2c75864b00
============================================================
[INFO] source try link | url=https://neko-warp.nloli.xyz/neko_warp.yaml
[OK] proxies=10 | new=10 | url=https://neko-warp.nloli.xyz/neko_warp.yaml
[OK] proxies=10 | source=[NekoWarp] | url=https://neko-warp.nloli.xyz/neko_warp.yaml
============================================================
[INFO] toolkit try chrome | url=https://chromewebstore.google.com/detail/free-vpn-proxy-1vpn/akcocjjpkmlniicdeemdceeajlmoabhg
[INFO] toolkit try download | url=https://clients2.google.com/service/update2/crx?response=redirect&prodversion=131.0.6778.0&acceptformat=crx2,crx3&x=id%3dakcocjjpkmlniicdeemdceeajlmoabhg%26uc
[OK] toolkit downloaded | file=free-vpn-proxy-1vpn.crx | bytes=1627904
[OK] toolkit extracted | archive=free-vpn-proxy-1vpn.crx | tool=zipfile | files=68 | dirs=57
[OK] toolkit 1vpn-crx scanned | hosts=17 | keys=1 | archive=free-vpn-proxy-1vpn.crx
[OK] proxies=17 | source=[1VPN-CRX] | url=https://clients2.google.com/service/update2/crx?response=redirect&prodversion=131.0.6778.0&acceptformat=crx2,crx3&x=id%3dakcocjjpkmlniicdeemdceeajlmoabhg%26uc
============================================================
[INFO] article try feed | url=https://free.datiya.com/index.xml
[INFO] sublink try page | url=https://free.datiya.com/post/20260926/
[OK] proxies=11 | new=11 | url=https://free.datiya.com/uploads/20260926-clash.yaml
[OK] proxies=11 | source=[OpenRunner-RSS] | url=https://free.datiya.com/post/20260926/
============================================================
[INFO] article try feed | url=https://v2rayshare.com/feed
[INFO] sublink try page | url=https://v2rayshare.com/p/4097.html
[INFO] sublink try repo | url=https://github.com/firefoxmmx2/v2rayshare_subcription
[INFO] sublink try page | url=https://raw.githubusercontent.com/firefoxmmx2/v2rayshare_subcription/main/README.md
[OK] proxies=22 | new=22 | url=https://{raw.githubusercontent.com|cdn.jsdelivr.net}/firefoxmmx2/v2rayshare_subcription/main/subscription/vray_sub.txt
[OK] proxies=21 | new=0 | url=https://{raw.githubusercontent.com|cdn.jsdelivr.net}/firefoxmmx2/v2rayshare_subcription/main/subscription/clash_sub.yaml
[OK] proxies=22 | new=0 | url=https://{raw.githubusercontent.com|cdn.jsdelivr.net}/firefoxmmx2/v2rayshare_subcription/main/subscription/mihomo_sub.yaml
[OK] proxies=22 | source=[V2Rayshare-RSS] | url=https://raw.githubusercontent.com/firefoxmmx2/v2rayshare_subcription/main/README.md
============================================================
[INFO] article try feed | url=https://www.mibei77.com/feed
[INFO] sublink try page | url=https://www.mibei77.com/697.html
[OK] proxies=108 | new=108 | url=https://mm.mibei77.com/202609/09.2664bacds.txt
[OK] proxies=109 | new=2 | url=https://mm.mibei77.com/202609/0926Clashizxs.yaml
[OK] proxies=110 | source=[Mibei77-RSS] | url=https://www.mibei77.com/697.html
============================================================
[INFO] article try feed | url=https://yoyapai.com/feed
[INFO] sublink try page | url=https://yoyapai.com/736
[OK] proxies=1 | new=1 | url=https://yoyapai.com/736
[OK] proxies=226 | new=226 | url=https://freenode.yoyapai.com/2026/09/26-yoyapai.com-clashvpnmianfeijiedian.yaml
[OK] proxies=226 | new=0 | url=https://freenode.yoyapai.com/2026/09/26-yoyapai.com-ssrv2rayvpnmianfeijiedian.txt
[OK] proxies=227 | source=[Yoyapai-RSS] | url=https://yoyapai.com/736
============================================================
[INFO] sublink try repo | url=https://github.com/free18/v2ray
[INFO] sublink try page | url=https://raw.githubusercontent.com/free18/v2ray/main/README.md
[OK] proxies=3 | new=3 | url=https://raw.githubusercontent.com/free18/v2ray/main/README.md
[OK] proxies=148 | new=148 | url=https://ghfast.top/https://raw.githubusercontent.com/free18/v2ray/refs/heads/main/v.txt
[OK] proxies=148 | new=0 | url=https://ghfast.top/https://raw.githubusercontent.com/free18/v2ray/refs/heads/main/c.yaml
[OK] proxies=151 | source=[免费节点1] | url=https://raw.githubusercontent.com/free18/v2ray/main/README.md
============================================================
[INFO] sublink try repo | url=https://github.com/ermaozi/get_subscribe
[INFO] sublink try page | url=https://raw.githubusercontent.com/ermaozi/get_subscribe/main/README.md
[INFO] sublink file_nodes=0 | bare links=9
[OK] proxies=300 | new=300 | url=https://www.ermao.net/sub/{clash|v2ray}/ermao.net
[OK] proxies=300 | new=0 | url=https://www.ermao.net/sub/{reachable|unreachable|untested}/clash/ermao.net
[OK] proxies=300 | source=[免费节点2] | url=https://raw.githubusercontent.com/ermaozi/get_subscribe/main/README.md
============================================================
[INFO] sublink try repo | url=https://github.com/sunmiao4458/free-proxy-airport
[INFO] sublink try page | url=https://raw.githubusercontent.com/sunmiao4458/free-proxy-airport/main/README.md
[OK] proxies=30 | new=30 | url=https://sunmiao4458.github.io/free-proxy-airport/clash.yaml
[OK] proxies=30 | source=[免费节点3] | url=https://raw.githubusercontent.com/sunmiao4458/free-proxy-airport/main/README.md
============================================================
[INFO] sublink try repo | url=https://github.com/mfuu/FreeProxies
[INFO] sublink try page | url=https://raw.githubusercontent.com/mfuu/FreeProxies/master/README.md
[OK] proxies=786 | new=786 | url=https://raw.githubusercontent.com/mfuu/FreeProxies/master/sub.yaml
[OK] proxies=786 | source=[免费节点4] | url=https://raw.githubusercontent.com/mfuu/FreeProxies/master/README.md
============================================================
[INFO] sublink try repo | url=https://github.com/vxiaov/free_proxies
[INFO] sublink try page | url=https://raw.githubusercontent.com/vxiaov/free_proxies/main/README.md
[OK] proxies=1 | new=1 | url=https://raw.githubusercontent.com/vxiaov/free_proxies/main/README.md
[OK] proxies=28 | new=28 | url=https://{cdn.jsdelivr.net|raw.githubusercontent.com}/vxiaov/free_proxies/main/clash/clash.provider.yaml
[OK] proxies=29 | source=[免费节点5] | url=https://raw.githubusercontent.com/vxiaov/free_proxies/main/README.md
============================================================
[INFO] sublink try repo | url=https://github.com/anaer/Sub
[INFO] sublink try page | url=https://raw.githubusercontent.com/anaer/Sub/main/README.MD
[OK] proxies=566 | new=566 | url=https://anaer.github.io/Sub/clash.yaml
[OK] proxies=566 | new=0 | url=https://raw.githubusercontent.com/anaer/Sub/main/clash.yaml
[OK] proxies=566 | source=[免费节点6] | url=https://raw.githubusercontent.com/anaer/Sub/main/README.MD
============================================================
[INFO] sublink try repo | url=https://github.com/snakem982/proxypool
[INFO] sublink try page | url=https://raw.githubusercontent.com/snakem982/proxypool/main/README.md
[OK] proxies=64 | new=64 | url=https://raw.githubusercontent.com/snakem982/proxypool/main/source/clash-meta-2.yaml
[OK] proxies=59 | new=0 | url=https://raw.githubusercontent.com/snakem982/proxypool/main/source/v2ray-2.txt
[OK] proxies=59 | new=0 | url=https://raw.githubusercontent.com/snakem982/proxypool/main/source/sing-box-2.json
[OK] proxies=64 | source=[免费节点7] | url=https://raw.githubusercontent.com/snakem982/proxypool/main/README.md
============================================================
[INFO] sublink try repo | url=https://github.com/mahdibland/V2RayAggregator
[INFO] sublink try page | url=https://raw.githubusercontent.com/mahdibland/V2RayAggregator/master/README.md
[OK] proxies=374 | new=374 | url=https://raw.githubusercontent.com/mahdibland/V2RayAggregator/master/README.md
[OK] proxies=1 | new=1 | url=https://github.com/mahdibland/SSAggregator/actions/workflows/Collector.yml
[OK] proxies=1 | new=0 | url=https://github.com/mahdibland/SSAggregator/actions/workflows/Airport_Collector.yml
[OK] proxies=190 | new=0 | url=https://raw.githubusercontent.com/mahdibland/ShadowsocksAggregator/master/Eternity.txt
[OK] proxies=194 | new=23 | url=https://raw.githubusercontent.com/mahdibland/ShadowsocksAggregator/master/Eternity.yml
[OK] proxies=61 | new=61 | url=https://raw.githubusercontent.com/mahdibland/ShadowsocksAggregator/master/EternityAir.txt
[OK] proxies=3933 | new=3631 | url=https://raw.githubusercontent.com/mahdibland/SSAggregator/master/sub/sub_merge_base64.txt
[OK] proxies=3933 | new=0 | url=https://raw.githubusercontent.com/mahdibland/{SSAggregator|ShadowsocksAggregator}/master/sub/sub_merge.txt
[OK] proxies=4114 | new=182 | url=https://raw.githubusercontent.com/mahdibland/SSAggregator/master/sub/sub_merge_yaml.yml
[OK] proxies=61 | new=0 | url=https://raw.githubusercontent.com/mahdibland/SSAggregator/master/sub/airport_merge_base64.txt
[OK] proxies=61 | new=0 | url=https://raw.githubusercontent.com/mahdibland/SSAggregator/master/sub/airport_sub_merge.txt
[OK] proxies=1443 | new=0 | url=https://raw.githubusercontent.com/mahdibland/ShadowsocksAggregator/master/sub/splitted/vmess.txt
[OK] proxies=589 | new=0 | url=https://raw.githubusercontent.com/mahdibland/ShadowsocksAggregator/master/sub/splitted/trojan.txt
[OK] proxies=54 | new=0 | url=https://raw.githubusercontent.com/mahdibland/ShadowsocksAggregator/master/sub/splitted/ssr.txt
[OK] proxies=1847 | new=0 | url=https://raw.githubusercontent.com/mahdibland/ShadowsocksAggregator/master/sub/splitted/ss.txt
[OK] proxies=1 | new=0 | url=https://cdn.jsdelivr.net/gh/mahdibland/V2RayAggregator@master/update/provider/provider-meta.yml
[OK] proxies=1 | new=0 | url=https://cdn.jsdelivr.net/gh/mahdibland/V2RayAggregator@master/update/provider/provider-meta-cn.yml
[OK] proxies=1 | new=0 | url=https://cdn.jsdelivr.net/gh/mahdibland/V2RayAggregator@master/update/provider/provider-meta-others.yml
[OK] proxies=1 | new=0 | url=https://cdn.jsdelivr.net/gh/mahdibland/V2RayAggregator@master/update/provider/provider.yml
[OK] proxies=1 | new=0 | url=https://cdn.jsdelivr.net/gh/mahdibland/V2RayAggregator@master/update/provider/provider-cn.yml
[OK] proxies=1 | new=0 | url=https://cdn.jsdelivr.net/gh/mahdibland/V2RayAggregator@master/update/provider/provider-others.yml
[OK] proxies=4272 | source=[免费节点8] | url=https://raw.githubusercontent.com/mahdibland/V2RayAggregator/master/README.md
============================================================
[INFO] sublink try repo | url=https://github.com/w1770946466/Auto_proxy
[INFO] sublink try page | url=https://raw.githubusercontent.com/w1770946466/Auto_proxy/main/README.md
[OK] proxies=1 | new=1 | url=https://github.com/w1770946466/Auto_proxy/actions/workflows/main.yml
[OK] proxies=245 | new=245 | url=https://raw.githubusercontent.com/w1770946466/Auto_proxy/main/{Long_term_subscription2.yaml|Long_term_subscription1.yaml|Long_term_subscription3.yaml}
[OK] proxies=489 | new=54 | url=https://raw.githubusercontent.com/w1770946466/Auto_proxy/main/{Long_term_subscription1|Long_term_subscription2|Long_term_subscription3|Long_term_subscription4|Long_term_subscription5|Long_term_subscription6|Long_term_subscription7|Long_term_subscription8}
[OK] proxies=489 | new=315 | url=https://raw.githubusercontent.com/w1770946466/Auto_proxy/main/Long_term_subscription_num
[OK] proxies=615 | source=[免费节点9] | url=https://raw.githubusercontent.com/w1770946466/Auto_proxy/main/README.md
============================================================
[INFO] sublink try repo | url=https://github.com/PuddinCat/BestClash
[INFO] sublink try page | url=https://raw.githubusercontent.com/PuddinCat/BestClash/main/README.md
[OK] proxies=16 | new=16 | url=https://raw.githubusercontent.com/PuddinCat/BestClash/main/proxies.yaml
[OK] proxies=28 | new=28 | url=https://cdn.jsdelivr.net/gh/vxiaov/free_proxies@main/clash/clash.provider.yaml
[OK] proxies=24 | new=24 | url=https://freenode.openrunner.net/uploads/20240807-clash.yaml
[OK] proxies=27 | new=27 | url=https://raw.githubusercontent.com/Misaka-blog/chromego_merge/main/sub/merged_proxies_new.yaml
[OK] proxies=3701 | new=3689 | url=https://raw.githubusercontent.com/{NiceVPN123|anaer}/{NiceVPN|Sub}/main/{Clash.yaml|clash.yaml}
[OK] proxies=22 | new=1 | url=https://raw.githubusercontent.com/{chengaopan|peasoft}/{AutoMergePublicNodes|NoMoreWalls}/master/list.yml
[OK] proxies=319 | new=291 | url=https://raw.githubusercontent.com/{ermaozi|ermaozi01}/{get_subscribe|free_clash_vpn}/main/subscribe/clash.yml
[OK] proxies=194 | new=187 | url=https://raw.githubusercontent.com/mahdibland/ShadowsocksAggregator/master/Eternity.yml
[OK] proxies=165 | new=160 | url=https://raw.githubusercontent.com/ronghuaxueleng/get_v2/main/pub/combine.yaml
[OK] proxies=144 | new=3 | url=https://raw.githubusercontent.com/zhangkaiitugithub/passcro/main/speednodes.yaml
[OK] proxies=4426 | source=[免费节点10] | url=https://raw.githubusercontent.com/PuddinCat/BestClash/main/README.md
============================================================
[INFO] sublink try repo | url=https://github.com/kooker/FreeSubsCheck
[INFO] sublink try page | url=https://raw.githubusercontent.com/kooker/FreeSubsCheck/main/README.md
[OK] proxies=3 | new=3 | url=https://raw.githubusercontent.com/kooker/FreeSubsCheck/main/mihomo.yaml
[OK] proxies=3 | new=0 | url=https://raw.githubusercontent.com/kooker/FreeSubsCheck/main/all.yaml
[OK] proxies=3 | new=0 | url=https://raw.githubusercontent.com/kooker/FreeSubsCheck/main/base64.txt
[OK] proxies=2 | new=2 | url=https://raw.githubusercontent.com/kooker/FreeSubsCheck/main/byxiaoxi.txt
[OK] proxies=382 | new=382 | url=https://raw.githubusercontent.com/kooker/FreeSubsCheck/main/kooker.jp.txt
[OK] proxies=387 | source=[免费节点11] | url=https://raw.githubusercontent.com/kooker/FreeSubsCheck/main/README.md
============================================================
[INFO] toolkit try repo | url=https://github.com/Pawdroid/shadowrocket_for_android
[INFO] toolkit try release | url=https://github.com/Pawdroid/shadowrocket_for_android/releases
[INFO] toolkit try release | url=https://github.com/Pawdroid/shadowrocket_for_android/releases/expanded_assets/10.10.55
[INFO] toolkit try download | url=https://github.com/Pawdroid/shadowrocket_for_android/releases/download/10.10.55/Shadowrocket_10.10.55_shadowrocketStandard_arm64-v8a.apk
[OK] toolkit downloaded | file=Shadowrocket_10.10.55_shadowrocketStandard_arm64-v8a.apk | bytes=41449171
[OK] toolkit extracted | archive=Shadowrocket_10.10.55_shadowrocketStandard_arm64-v8a.apk | tool=zipfile | files=1179 | dirs=44
[OK] toolkit sr-apk scanned | prefixes=38 | files=6 | keys=2 | archive=Shadowrocket_10.10.55_shadowrocketStandard_arm64-v8a.apk
[OK] proxies=783 | new=783 | url=https://{cdn.jsdelivr.net|raw.githubusercontent.com}/pixelor/ecfg/main/data/ecfg6_zh
[OK] proxies=864 | new=156 | url=https://{cdn.jsdelivr.net|raw.githubusercontent.com}/pixelor/ecfg/main/data/ecfg6_en
[OK] proxies=183 | new=80 | url=https://{cdn.jsdelivr.net|raw.githubusercontent.com}/pixelor/ecfg/main/data/ecfg6
[OK] proxies=655 | new=0 | url=https://{files.shadowrockets.app|cdn.shadowrockets.app}/ecfg/data/ecfg6_zh
[OK] proxies=140 | new=0 | url=https://{files.shadowrockets.app|cdn.shadowrockets.app}/ecfg/data/ecfg6
[OK] proxies=655 | new=0 | url=https://{files.shadowrockets.app|cdn.shadowrockets.app}/ecfg/data/ecfg6_en
[OK] proxies=1019 | source=[Pawdroid-SR-APK] | url=https://github.com/Pawdroid/shadowrocket_for_android/releases/download/10.10.55/Shadowrocket_10.10.55_shadowrocketStandard_arm64-v8a.apk
============================================================
[INFO] toolkit try page | url=https://shadowshare.v2cross.com
[INFO] toolkit try download | url=https://shadowshare.v2cross.com/shadowshare.apk
[OK] toolkit downloaded | file=shadowshare.apk | bytes=62868122
[OK] toolkit extracted | archive=shadowshare.apk | tool=zipfile | files=612 | dirs=39
[OK] toolkit ss-apk scanned | prefixes=10 | files=3 | keys=1 | archive=shadowshare.apk
[OK] proxies=211 | new=179 | url=https://{raw.githubusercontent.com|jsd.onmicrosoft.cn}/hideme9527/ecsfg/main/data/sareserver
[OK] proxies=1386 | new=1314 | url=https://{raw.githubusercontent.com|jsd.onmicrosoft.cn}/hideme9527/ecsfg/main/data/sareserver_en
[OK] proxies=112 | new=0 | url=https://{shadowsharing.com|sare.159236.xyz}/data/sareserver
[OK] proxies=1386 | new=0 | url=https://{shadowsharing.com|sare.159236.xyz}/data/sareserver_en
[OK] proxies=112 | new=0 | url=https://gitee.com/api/v5/repos/{zhiminghao|guoyoucai1|elvenapp}/ecsfg/raw/data/sareserver
[OK] proxies=1386 | new=0 | url=https://gitee.com/api/v5/repos/{guoyoucai1|zhiminghao|elvenapp}/ecsfg/raw/data/sareserver_en
[OK] proxies=1493 | source=[Pawdroid-SS-APK] | url=https://shadowshare.v2cross.com/shadowshare.apk
============================================================
[INFO] sublink try repo | url=https://github.com/free-nodes/clashfree
[INFO] sublink try page | url=https://raw.githubusercontent.com/free-nodes/clashfree/main/README.md
[OK] proxies=186 | new=186 | url=https://raw.githubusercontent.com/free-nodes/clashfree/main/README.md
[OK] proxies=186 | new=0 | url=https://raw.githubusercontent.com/free-nodes/clashfree/main/clash20260926.yml
[OK] proxies=1 | new=1 | url=https://github.com/free-nodes/clashfree/blob/main/clash20260926.yml
[OK] proxies=187 | source=[Clashfree] | url=https://raw.githubusercontent.com/free-nodes/clashfree/main/README.md
============================================================
[INFO] sublink try repo | url=https://github.com/Epodonios/v2ray-configs
[INFO] sublink try page | url=https://raw.githubusercontent.com/Epodonios/v2ray-configs/main/README.md
[OK] proxies=1 | new=1 | url=https://github.com/Epodonios/V2ray-Configs/actions/workflows/main.yml
[OK] proxies=4075 | new=4075 | url=https://github.com/Epodonios/v2ray-configs/raw/main/All_Configs_Sub.txt
[OK] proxies=4075 | new=0 | url=https://github.com/Epodonios/v2ray-configs/raw/main/All_Configs_base64_Sub.txt
[OK] proxies=3355 | new=204 | url=https://github.com/Epodonios/v2ray-configs/raw/main/Splitted-By-Protocol/vless.txt
[OK] proxies=184 | new=25 | url=https://github.com/Epodonios/v2ray-configs/raw/main/Splitted-By-Protocol/vmess.txt
[OK] proxies=382 | new=22 | url=https://github.com/Epodonios/v2ray-configs/raw/main/Splitted-By-Protocol/ss.txt
[OK] proxies=173 | new=7 | url=https://github.com/Epodonios/v2ray-configs/raw/main/Splitted-By-Protocol/trojan.txt
[OK] proxies=4075 | new=0 | url=https://raw.githubusercontent.com/Epodonios/v2ray-configs/main/{Sub1.txt|Sub2.txt|Sub3.txt|Sub4.txt|Sub5.txt|Sub6.txt|Sub7.txt|Sub8.txt}
[OK] proxies=4334 | source=[Epodonios] | url=https://raw.githubusercontent.com/Epodonios/v2ray-configs/main/README.md
============================================================
[INFO] sublink try repo | url=https://github.com/free-clash-v2ray/free-clash-v2ray.github.io
[INFO] sublink try page | url=https://raw.githubusercontent.com/free-clash-v2ray/free-clash-v2ray.github.io/main/README.md
[OK] proxies=3279 | new=3279 | url=https://free-clash-v2ray.github.io/uploads/2026/09/{0-20260920.yaml|1-20260920.yaml|2-20260920.yaml|3-20260920.yaml}
[OK] proxies=4810 | new=1941 | url=https://free-clash-v2ray.github.io/uploads/2026/09/{0-20260920.txt|1-20260920.txt|2-20260920.txt|3-20260920.txt|4-20260920.txt}
[OK] proxies=5220 | source=[Free-clash-v2ray] | url=https://raw.githubusercontent.com/free-clash-v2ray/free-clash-v2ray.github.io/main/README.md
============================================================
[INFO] article try page | url=https://v2rayclashfree.com
[INFO] sublink try page | url=https://v2rayclashfree.com/fn/20260926.html
[OK] proxies=2774 | new=2774 | url=https://v2rayclashfree.com/sub/20260926-v2ray.txt
[OK] proxies=2743 | new=414 | url=https://v2rayclashfree.com/sub/20260926-clash.yaml
[OK] proxies=3188 | source=[V2rayclashfree-RSS] | url=https://v2rayclashfree.com/fn/20260926.html
============================================================
[INFO] raw backup written | path=/home/runner/work/Free-node-autotest/Free-node-autotest/output/raw.yaml | proxies=27699
[INFO] toolkit try repo | url=https://github.com/MetaCubeX/mihomo
[INFO] toolkit try release | url=https://github.com/MetaCubeX/mihomo/releases
[INFO] toolkit try release | url=https://github.com/MetaCubeX/mihomo/releases/expanded_assets/v1.19.31
[INFO] toolkit try download | url=https://github.com/MetaCubeX/mihomo/releases/download/v1.19.31/mihomo-linux-amd64-compatible-v1.19.31.gz
[OK] toolkit downloaded | file=mihomo-linux-amd64-compatible-v1.19.31.gz | bytes=22821836
[OK] toolkit hash verified | file=mihomo-linux-amd64-compatible-v1.19.31.gz | sha256=04cf9f09671704f839ddbee2e93069dc831a4123a75281e725d1d96ab9ac1afc
[OK] proxy engine ready, starting latency test | package=mihomo-linux-amd64-compatible-v1.19.31.gz
============================================================
[WARN] batch start failed | size=18553 {1} | split=9276 {2} + 9277 {3}
[WARN] batch start failed | size=9276 {2} | split=4638 {4} + 4638 {5}
[WARN] batch start failed | size=9277 {3} | split=4638 {6} + 4639 {7}
[WARN] batch start failed | size=4638 {4} | split=2319 {8} + 2319 {9}
[WARN] batch start failed | size=4638 {6} | split=2319 {10} + 2319 {11}
[WARN] batch start failed | size=2319 {8} | split=1159 {12} + 1160 {13}
[WARN] batch start failed | size=4639 {7} | split=2319 {14} + 2320 {15}
[TEST] {5} tested=100/4638 | kept=0 | rest=18453
[WARN] batch start failed | size=2320 {15} | split=1160 {16} + 1160 {17}
[WARN] batch start failed | size=2319 {11} | split=1159 {18} + 1160 {19}
[WARN] batch start failed | size=1159 {12} | split=579 {20} + 580 {21}
[TEST] {5} tested=200/4638 | kept=0 | rest=18286
[TEST] {9} tested=100/2319 | kept=4 | rest=18168
[TEST] {9} tested=200/2319 | kept=4 | rest=18063
[TEST] {5} tested=300/4638 | kept=0 | rest=17920
[TEST] {13} tested=100/1160 | kept=28 | rest=17780
[TEST] {9} tested=300/2319 | kept=6 | rest=17682
[TEST] {9} tested=400/2319 | kept=6 | rest=17576
[TEST] {13} tested=200/1160 | kept=37 | rest=17521
[TEST] {9} tested=500/2319 | kept=6 | rest=17467
[TEST] {9} tested=600/2319 | kept=7 | rest=17340
[TEST] {5} tested=400/4638 | kept=0 | rest=17313
[TEST] {13} tested=300/1160 | kept=37 | rest=17147
[TEST] {13} tested=400/1160 | kept=39 | rest=17007
[TEST] {9} tested=700/2319 | kept=7 | rest=16889
[TEST] {5} tested=500/4638 | kept=0 | rest=16791
[TEST] {13} tested=500/1160 | kept=39 | rest=16788
[TEST] {5} tested=600/4638 | kept=0 | rest=16655
[TEST] {13} tested=600/1160 | kept=39 | rest=16536
[TEST] {9} tested=800/2319 | kept=7 | rest=16489
[TEST] {13} tested=700/1160 | kept=40 | rest=16362
[TEST] {5} tested=700/4638 | kept=0 | rest=16200
[TEST] {9} tested=900/2319 | kept=7 | rest=16084
[TEST] {5} tested=800/4638 | kept=0 | rest=16078
[TEST] {13} tested=800/1160 | kept=41 | rest=16029
[TEST] {9} tested=1000/2319 | kept=7 | rest=15867
[TEST] {5} tested=900/4638 | kept=0 | rest=15692
[TEST] {5} tested=1000/4638 | kept=0 | rest=15587
[TEST] {13} tested=900/1160 | kept=42 | rest=15579
[TEST] {5} tested=1100/4638 | kept=0 | rest=15450
[TEST] {9} tested=1100/2319 | kept=7 | rest=15383
[TEST] {13} tested=1000/1160 | kept=77 | rest=15331
[TEST] {13} tested=1100/1160 | kept=130 | rest=15153
[TEST] {5} tested=1200/4638 | kept=0 | rest=15052
[TEST] {5} tested=1300/4638 | kept=0 | rest=14940
[TEST] {5} tested=1400/4638 | kept=2 | rest=14838
[TEST] {5} tested=1500/4638 | kept=3 | rest=14737
[TEST] {9} tested=1200/2319 | kept=7 | rest=14659
[TEST] {13} tested=1160/1160 | kept=136 | rest=14538
[TEST] {9} tested=1300/2319 | kept=7 | rest=14497
[TEST] {5} tested=1600/4638 | kept=4 | rest=14482
[WARN] batch start failed | size=2319 {10} | split=1159 {22} + 1160 {23}
[TEST] {5} tested=1700/4638 | kept=4 | rest=14343
[TEST] {5} tested=1800/4638 | kept=5 | rest=14243
[TEST] {14} tested=100/2319 | kept=0 | rest=14054
[TEST] {9} tested=1400/2319 | kept=7 | rest=14042
[TEST] {14} tested=200/2319 | kept=1 | rest=13898
[TEST] {9} tested=1500/2319 | kept=7 | rest=13738
[TEST] {5} tested=1900/4638 | kept=16 | rest=13703
[TEST] {14} tested=300/2319 | kept=10 | rest=13598
[TEST] {9} tested=1600/2319 | kept=7 | rest=13437
[TEST] {14} tested=400/2319 | kept=13 | rest=13366
[TEST] {5} tested=2000/4638 | kept=16 | rest=13350
[TEST] {5} tested=2100/4638 | kept=16 | rest=13203
[TEST] {14} tested=500/2319 | kept=13 | rest=13068
[TEST] {9} tested=1700/2319 | kept=7 | rest=12939
[TEST] {14} tested=600/2319 | kept=17 | rest=12911
[TEST] {14} tested=700/2319 | kept=19 | rest=12718
[TEST] {9} tested=1800/2319 | kept=46 | rest=12714
[TEST] {5} tested=2200/4638 | kept=17 | rest=12573
[TEST] {9} tested=1900/2319 | kept=104 | rest=12514
[TEST] {5} tested=2300/4638 | kept=17 | rest=12396
[TEST] {14} tested=800/2319 | kept=26 | rest=12315
[TEST] {14} tested=900/2319 | kept=29 | rest=12191
[TEST] {14} tested=1000/2319 | kept=34 | rest=12079
[TEST] {5} tested=2400/4638 | kept=17 | rest=11998
[TEST] {9} tested=2000/2319 | kept=104 | rest=11950
[TEST] {5} tested=2500/4638 | kept=17 | rest=11783
[TEST] {14} tested=1100/2319 | kept=47 | rest=11668
[TEST] {5} tested=2600/4638 | kept=17 | rest=11626
[TEST] {14} tested=1200/2319 | kept=89 | rest=11523
[TEST] {9} tested=2100/2319 | kept=104 | rest=11430
[TEST] {14} tested=1300/2319 | kept=147 | rest=11341
[TEST] {14} tested=1400/2319 | kept=174 | rest=11216
[TEST] {14} tested=1500/2319 | kept=181 | rest=11114
[TEST] {14} tested=1600/2319 | kept=192 | rest=11006
[TEST] {14} tested=1700/2319 | kept=193 | rest=10904
[TEST] {14} tested=1800/2319 | kept=223 | rest=10789
[TEST] {14} tested=1900/2319 | kept=277 | rest=10671
[TEST] {5} tested=2700/4638 | kept=17 | rest=10595
[TEST] {14} tested=2000/2319 | kept=311 | rest=10492
[TEST] {14} tested=2100/2319 | kept=317 | rest=10367
[TEST] {14} tested=2200/2319 | kept=321 | rest=10257
[TEST] {9} tested=2200/2319 | kept=104 | rest=10127
[TEST] {5} tested=2800/4638 | kept=18 | rest=10110
[TEST] {14} tested=2300/2319 | kept=330 | rest=10000
[TEST] {5} tested=2900/4638 | kept=18 | rest=9905
[TEST] {14} tested=2319/2319 | kept=330 | rest=9902
[WARN] batch start failed | size=1160 {16} | split=580 {24} + 580 {25}
[TEST] {9} tested=2300/2319 | kept=104 | rest=9853
[TEST] {9} tested=2319/2319 | kept=104 | rest=9831
[WARN] batch start failed | size=1159 {18} | split=579 {26} + 580 {27}
[TEST] {5} tested=3000/4638 | kept=19 | rest=9661
[TEST] {19} tested=100/1160 | kept=1 | rest=9582
[TEST] {19} tested=200/1160 | kept=5 | rest=9440
[TEST] {17} tested=100/1160 | kept=25 | rest=9345
[TEST] {5} tested=3100/4638 | kept=19 | rest=9277
[TEST] {5} tested=3200/4638 | kept=21 | rest=9124
[TEST] {19} tested=300/1160 | kept=6 | rest=9044
[TEST] {19} tested=400/1160 | kept=6 | rest=8898
[TEST] {5} tested=3300/4638 | kept=21 | rest=8853
[TEST] {19} tested=500/1160 | kept=8 | rest=8741
[TEST] {17} tested=200/1160 | kept=26 | rest=8632
[TEST] {17} tested=300/1160 | kept=26 | rest=8521
[TEST] {17} tested=400/1160 | kept=26 | rest=8417
[TEST] {5} tested=3400/4638 | kept=21 | rest=8390
[TEST] {17} tested=500/1160 | kept=26 | rest=8307
[TEST] {17} tested=600/1160 | kept=26 | rest=8190
[TEST] {17} tested=700/1160 | kept=26 | rest=8088
[TEST] {17} tested=800/1160 | kept=29 | rest=7960
[TEST] {17} tested=900/1160 | kept=39 | rest=7838
[TEST] {5} tested=3500/4638 | kept=21 | rest=7760
[TEST] {19} tested=600/1160 | kept=9 | rest=7631
[TEST] {17} tested=1000/1160 | kept=73 | rest=7583
[TEST] {5} tested=3600/4638 | kept=21 | rest=7414
[TEST] {19} tested=700/1160 | kept=9 | rest=7402
[TEST] {17} tested=1100/1160 | kept=141 | rest=7240
[TEST] {19} tested=800/1160 | kept=11 | rest=7214
[TEST] {19} tested=900/1160 | kept=13 | rest=7056
[TEST] {5} tested=3700/4638 | kept=21 | rest=7031
[TEST] {5} tested=3800/4638 | kept=21 | rest=6862
[TEST] {5} tested=3900/4638 | kept=21 | rest=6722
[TEST] {19} tested=1000/1160 | kept=16 | rest=6671
[TEST] {5} tested=4000/4638 | kept=21 | rest=6584
[TEST] {17} tested=1160/1160 | kept=148 | rest=6495
[TEST] {5} tested=4100/4638 | kept=21 | rest=6424
[TEST] {19} tested=1100/1160 | kept=16 | rest=6344
[TEST] {5} tested=4200/4638 | kept=21 | rest=6180
[TEST] {5} tested=4300/4638 | kept=21 | rest=6053
[TEST] {19} tested=1160/1160 | kept=16 | rest=5981
[TEST] {21} tested=100/580 | kept=51 | rest=5942
[TEST] {5} tested=4400/4638 | kept=21 | rest=5908
[WARN] batch start failed | size=579 {20} | split=289 {28} + 290 {29}
[TEST] {21} tested=200/580 | kept=59 | rest=5823
[WARN] batch start failed | size=1159 {22} | split=579 {30} + 580 {31}
[TEST] {5} tested=4500/4638 | kept=21 | rest=5679
[WARN] batch start failed | size=1160 {23} | split=580 {32} + 580 {33}
[TEST] {24} tested=100/580 | kept=0 | rest=5477
[TEST] {24} tested=200/580 | kept=1 | rest=5374
[TEST] {5} tested=4600/4638 | kept=21 | rest=5356
[TEST] {24} tested=300/580 | kept=1 | rest=5272
[TEST] {24} tested=400/580 | kept=1 | rest=5170
[TEST] {24} tested=500/580 | kept=1 | rest=5067
[TEST] {21} tested=300/580 | kept=83 | rest=4955
[TEST] {5} tested=4638/4638 | kept=21 | rest=4862
[WARN] batch start failed | size=580 {25} | split=290 {34} + 290 {35}
[TEST] {27} tested=100/580 | kept=0 | rest=4752
[TEST] {24} tested=580/580 | kept=4 | rest=4735
[TEST] {21} tested=400/580 | kept=83 | rest=4641
[TEST] {27} tested=200/580 | kept=5 | rest=4601
[WARN] batch start failed | size=579 {26} | split=289 {36} + 290 {37}
[WARN] batch start failed | size=289 {28} | split=144 {38} + 145 {39}
[TEST] {21} tested=500/580 | kept=84 | rest=4447
[TEST] {29} tested=100/290 | kept=3 | rest=4311
[TEST] {27} tested=300/580 | kept=7 | rest=4308
[TEST] {27} tested=400/580 | kept=14 | rest=4196
[TEST] {27} tested=500/580 | kept=16 | rest=4063
[TEST] {21} tested=580/580 | kept=84 | rest=3984
[WARN] batch start failed | size=579 {30} | split=289 {40} + 290 {41}
[TEST] {29} tested=200/290 | kept=5 | rest=3893
[TEST] {31} tested=100/580 | kept=87 | rest=3756
[TEST] {31} tested=200/580 | kept=165 | rest=3647
[TEST] {31} tested=300/580 | kept=218 | rest=3538
[TEST] {31} tested=400/580 | kept=279 | rest=3408
[TEST] {27} tested=580/580 | kept=18 | rest=3357
[TEST] {31} tested=500/580 | kept=317 | rest=3304
[WARN] batch start failed | size=580 {32} | split=290 {42} + 290 {43}
[TEST] {29} tested=290/290 | kept=11 | rest=3248
[TEST] {34} tested=100/290 | kept=5 | rest=3032
[TEST] {34} tested=200/290 | kept=27 | rest=2919
[TEST] {33} tested=100/580 | kept=1 | rest=2873
[TEST] {31} tested=580/580 | kept=340 | rest=2861
[WARN] batch start failed | size=290 {35} | split=145 {44} + 145 {45}
[TEST] {37} tested=100/290 | kept=1 | rest=2717
[TEST] {33} tested=200/580 | kept=2 | rest=2640
[TEST] {34} tested=290/290 | kept=36 | rest=2429
[WARN] batch start failed | size=289 {36} | split=144 {46} + 145 {47}
[WARN] batch start failed | size=144 {38} | split=72 {48} + 72 {49}
[WARN] batch start failed | size=145 {39} | split=72 {50} + 73 {51}
[TEST] {40} tested=100/289 | kept=0 | rest=2310
[TEST] {37} tested=200/290 | kept=3 | rest=2285
[TEST] {33} tested=300/580 | kept=9 | rest=2227
[TEST] {33} tested=400/580 | kept=13 | rest=2098
[TEST] {37} tested=290/290 | kept=3 | rest=1991
[TEST] {33} tested=500/580 | kept=38 | rest=1986
[WARN] batch start failed | size=290 {41} | split=145 {52} + 145 {53}
[TEST] {43} tested=100/290 | kept=0 | rest=1879
[TEST] {43} tested=200/290 | kept=2 | rest=1779
[TEST] {40} tested=200/289 | kept=4 | rest=1670
[TEST] {33} tested=580/580 | kept=43 | rest=1536
[WARN] batch start failed | size=290 {42} | split=145 {54} + 145 {55}
[WARN] batch start failed | size=145 {44} | split=72 {56} + 73 {57}
[TEST] {43} tested=290/290 | kept=9 | rest=1472
[TEST] {40} tested=289/289 | kept=4 | rest=1438
[WARN] batch start failed | size=144 {46} | split=72 {58} + 72 {59}
[WARN] batch start failed | size=145 {47} | split=72 {60} + 73 {61}
[WARN] batch start failed | size=72 {49} | split=36 {62} + 36 {63}
[WARN] batch start failed | size=72 {50} | split=36 {64} + 36 {65}
[TEST] {45} tested=100/145 | kept=29 | rest=1276
[TEST] {48} tested=72/72 | kept=6 | rest=1175
[WARN] batch start failed | size=145 {53} | split=72 {66} + 73 {67}
[TEST] {51} tested=73/73 | kept=29 | rest=1163
[TEST] {52} tested=100/145 | kept=7 | rest=1063
[TEST] {54} tested=100/145 | kept=6 | rest=957
[TEST] {45} tested=145/145 | kept=29 | rest=926
[WARN] batch start failed | size=145 {55} | split=72 {68} + 73 {69}
[TEST] {52} tested=145/145 | kept=10 | rest=846
[WARN] batch start failed | size=73 {57} | split=36 {70} + 37 {71}
[TEST] {54} tested=145/145 | kept=26 | rest=834
[WARN] batch start failed | size=72 {59} | split=36 {72} + 36 {73}
[TEST] {56} tested=72/72 | kept=3 | rest=716
[WARN] batch start failed | size=73 {61} | split=36 {74} + 37 {75}
[WARN] batch start failed | size=36 {62} | split=18 {76} + 18 {77}
[WARN] batch start failed | size=36 {63} | split=18 {78} + 18 {79}
[TEST] {58} tested=72/72 | kept=3 | rest=645
[TEST] {60} tested=72/72 | kept=4 | rest=625
[WARN] batch start failed | size=36 {65} | split=18 {80} + 18 {81}
[WARN] batch start failed | size=73 {67} | split=36 {82} + 37 {83}
[WARN] batch start failed | size=72 {68} | split=36 {84} + 36 {85}
[TEST] {64} tested=36/36 | kept=0 | rest=501
[WARN] batch start failed | size=36 {70} | split=18 {86} + 18 {87}
[TEST] {66} tested=72/72 | kept=12 | rest=472
[TEST] {69} tested=73/73 | kept=0 | rest=460
[WARN] batch start failed | size=36 {73} | split=18 {88} + 18 {89}
[WARN] batch start failed | size=36 {74} | split=18 {90} + 18 {91}
[TEST] {71} tested=37/37 | kept=0 | rest=396
[TEST] {72} tested=36/36 | kept=1 | rest=358
[WARN] batch start failed | size=18 {77} | split=9 {92} + 9 {93}
[WARN] batch start failed | size=18 {78} | split=9 {94} + 9 {95}
[TEST] {75} tested=37/37 | kept=1 | rest=341
[WARN] batch start failed | size=18 {80} | split=9 {96} + 9 {97}
[TEST] {76} tested=18/18 | kept=6 | rest=326
[WARN] batch start failed | size=37 {83} | split=18 {98} + 19 {99}
[TEST] {79} tested=18/18 | kept=0 | rest=299
[WARN] batch start failed | size=36 {84} | split=18 {100} + 18 {101}
[TEST] {81} tested=18/18 | kept=1 | rest=264
[WARN] batch start failed | size=18 {86} | split=9 {102} + 9 {103}
[TEST] {82} tested=36/36 | kept=13 | rest=240
[WARN] batch start failed | size=18 {88} | split=9 {104} + 9 {105}
[TEST] {85} tested=36/36 | kept=0 | rest=228
[TEST] {87} tested=18/18 | kept=0 | rest=195
[WARN] batch start failed | size=18 {91} | split=9 {106} + 9 {107}
[TEST] {89} tested=18/18 | kept=0 | rest=175
[WARN] batch start failed | size=9 {93} | split=4 {108} + 5 {109}
[WARN] batch start failed | size=9 {95} | split=4 {110} + 5 {111}
[WARN] batch start failed | size=9 {94} | split=4 {112} + 5 {113}
[WARN] batch start failed | size=9 {97} | split=4 {114} + 5 {115}
[TEST] {90} tested=18/18 | kept=0 | rest=173
[TEST] {92} tested=9/9 | kept=0 | rest=149
[WARN] batch start failed | size=19 {99} | split=9 {116} + 10 {117}
[WARN] batch start failed | size=18 {100} | split=9 {118} + 9 {119}
[TEST] {98} tested=18/18 | kept=17 | rest=143
[TEST] {96} tested=9/9 | kept=0 | rest=141
[WARN] batch start failed | size=9 {102} | split=4 {120} + 5 {121}
[TEST] {101} tested=18/18 | kept=1 | rest=121
[WARN] batch start failed | size=9 {104} | split=4 {122} + 5 {123}
[WARN] batch start failed | size=9 {106} | split=4 {124} + 5 {125}
[TEST] {103} tested=9/9 | kept=1 | rest=106
[TEST] {105} tested=9/9 | kept=0 | rest=102
[WARN] batch start failed | size=5 {109} | split=2 {126} + 3 {127}
[TEST] {108} tested=4/4 | kept=0 | rest=98
[WARN] batch start failed | size=5 {111} | split=2 {128} + 3 {129}
[WARN] batch start failed | size=4 {112} | split=2 {130} + 2 {131}
[TEST] {107} tested=9/9 | kept=0 | rest=95
[WARN] batch start failed | size=4 {114} | split=2 {132} + 2 {133}
[WARN] batch start failed | size=5 {115} | split=2 {134} + 3 {135}
[TEST] {110} tested=4/4 | kept=0 | rest=83
[WARN] batch start failed | size=10 {117} | split=5 {136} + 5 {137}
[TEST] {113} tested=5/5 | kept=0 | rest=72
[WARN] batch start failed | size=9 {119} | split=4 {138} + 5 {139}
[TEST] {116} tested=9/9 | kept=8 | rest=71
[WARN] batch start failed | size=4 {120} | split=2 {140} + 2 {141}
[WARN] batch start failed | size=4 {122} | split=2 {142} + 2 {143}
[TEST] {118} tested=9/9 | kept=0 | rest=69
[TEST] {123} tested=5/5 | kept=1 | rest=64
[WARN] batch start failed | size=5 {125} | split=2 {144} + 3 {145}
[TEST] {121} tested=5/5 | kept=0 | rest=56
[WARN] batch start failed | size=3 {127} | split=1 {146} + 2 {147}
[WARN] batch start failed | size=3 {129} | split=1 {148} + 2 {149}
[WARN] batch start failed | size=2 {128} | split=1 {150} + 1 {151}
[WARN] batch start failed | size=2 {131} | split=1 {152} + 1 {153}
[WARN] batch start failed | size=2 {130} | split=1 {154} + 1 {155}
[TEST] {124} tested=4/4 | kept=0 | rest=54
[TEST] {126} tested=2/2 | kept=0 | rest=53
[WARN] batch start failed | size=2 {133} | split=1 {156} + 1 {157}
[WARN] batch start failed | size=3 {135} | split=1 {158} + 2 {159}
[WARN] batch start failed | size=2 {134} | split=1 {160} + 1 {161}
[WARN] batch start failed | size=5 {137} | split=2 {162} + 3 {163}
[WARN] batch start failed | size=4 {138} | split=2 {164} + 2 {165}
[TEST] {132} tested=2/2 | kept=0 | rest=46
[TEST] {136} tested=5/5 | kept=5 | rest=45
[WARN] batch start failed | size=2 {141} | split=1 {166} + 1 {167}
[WARN] batch start failed | size=2 {142} | split=1 {168} + 1 {169}
[TEST] {139} tested=5/5 | kept=1 | rest=41
[TEST] {140} tested=2/2 | kept=0 | rest=38
[WARN] batch start failed | size=2 {144} | split=1 {170} + 1 {171}
[TEST] {146} tested=1/1 | kept=0 | rest=37
[TEST] {143} tested=2/2 | kept=0 | rest=35
[WARN] batch start failed | size=2 {147} | split=1 {172} + 1 {173}
[REPAIR] name=[ChromeGO-Merge] United {148} | fields=up,down
[WARN] batch start failed | size=2 {149} | split=1 {174} + 1 {175}
[TEST] {145} tested=3/3 | kept=0 | rest=33
[REPAIR] name=[ChromeGO-Merge] WARP {151} | fields=dialer-proxy
[REPAIR] name=[ChromeGO-ShiteThings] hysteria-5 {153} | fields=up,down
[REPAIR] name=[ChromeGO-ShiteThings] hysteria-4 {152} | fields=up,down
[TEST] {151} tested=1/1 | kept=1 | rest=32
[REPAIR] name=[ChromeGO-ShiteThings] hysteria-2 {154} | fields=up,down
[REPAIR] name=[ChromeGO-ShiteThings] hysteria-3 {155} | fields=up,down
[TEST] {152} tested=1/1 | kept=0 | rest=31
[REPAIR] name=[ChromeGO-Merge] Taiwan {156} | fields=up,down
[REPAIR] name=[ChromeGO-Merge] France {157} | fields=up,down
[TEST] {154} tested=1/1 | kept=0 | rest=30
[TEST] {155} tested=1/1 | kept=0 | rest=29
[REPAIR] name=[ChromeGO-Merge] United-5 {158} | fields=up,down
[TEST] {156} tested=1/1 | kept=0 | rest=27
[REPAIR] name=[ChromeGO-Merge] United-4 {160} | fields=up,down
[REPAIR] name=[ChromeGO-Merge] Taiwan-2 {161} | fields=up,down
[TEST] {159} tested=2/2 | kept=0 | rest=26
[WARN] batch start failed | size=3 {163} | split=1 {176} + 2 {177}
[TEST] {161} tested=1/1 | kept=0 | rest=25
[TEST] {164} tested=2/2 | kept=0 | rest=22
[TEST] {150} tested=1/1 | kept=0 | rest=21
[TEST] {148} tested=1/1 | kept=0 | rest=20
[WARN] batch start failed | size=2 {165} | split=1 {178} + 1 {179}
[REPAIR] name=[Free-clash-v2ray] hysteria {166} | fields=up,down
[REPAIR] name=[Epodonios] EPODONIOS-108 {168} | fields=cipher
[TEST] {166} tested=1/1 | kept=0 | rest=19
[TEST] {153} tested=1/1 | kept=0 | rest=18
[TEST] {162} tested=2/2 | kept=2 | rest=17
[TEST] {157} tested=1/1 | kept=0 | rest=16
[TEST] {171} tested=1/1 | kept=0 | rest=15
[TEST] {158} tested=1/1 | kept=0 | rest=14
[DROP] name=[Epodonios] EPODONIOS-235 {170} | server=194.93.61.120:443 | reason=Parse config error: proxy 0: 'reality-opts' has unset fields: public-key
[TEST] {160} tested=1/1 | kept=0 | rest=12
[TEST] {172} tested=1/1 | kept=0 | rest=11
[REPAIR] name=[ChromeGO-ShiteThings] hysteria {173} | fields=up,down
[REPAIR] name=[ChromeGO-Merge] France_hysteria_1 {174} | fields=up,down
[TEST] {173} tested=1/1 | kept=0 | rest=10
[REPAIR] name=[ChromeGO-Merge] United-2 {175} | fields=up,down
[TEST] {167} tested=1/1 | kept=0 | rest=9
[DROP] name=[Pawdroid-SR-APK] 沙特阿拉伯+Arabic+Computer+System+Co. {176} | server=85.209.157.184:8388 | reason=Parse config error: proxy 0: ss 85.209.157.184:8388 cipher: mnv{v]ʉ \t>\x0f\x18\t,y initialize error: unknown method: mnv{v]ʉ \t>\x0f\x18\t,y
[REPAIR] name=[Pawdroid-SS-APK] United+Kingdom-3 {179} | fields=cipher
[TEST] {169} tested=1/1 | kept=0 | rest=6
[TEST] {168} tested=1/1 | kept=0 | rest=5
[TEST] {178} tested=1/1 | kept=1 | rest=4
[TEST] {179} tested=1/1 | kept=1 | rest=3
[TEST] {174} tested=1/1 | kept=0 | rest=2
[TEST] {175} tested=1/1 | kept=0 | rest=1
[TEST] {177} tested=2/2 | kept=1 | rest=0
[INFO] dropped=2 | [Epodonios] × 1 | [Pawdroid-SR-APK] × 1
============================================================
[INFO] core-dedupe | dropped=1 | by=health_score
[INFO] cap live | source=[免费节点2] | from=80 | to=50
[INFO] cap live | source=[免费节点8] | from=171 | to=50
[INFO] cap live | source=[Pawdroid-SR-APK] | from=410 | to=50
[INFO] cap live | source=[Epodonios] | from=93 | to=50
[INFO] cap live | source=[Free-clash-v2ray] | from=386 | to=50
[INFO] cap live | source=[V2rayclashfree-RSS] | from=119 | to=50
[INFO] cap live total | from=531 | to=400 | floor=5 | by=health_score
[INFO] cap live | reserved=104 | pool=427 | taken=296
============================================================
+------------------------------+--------+--------+------+--------+
| source                       |    raw | unique | live | capped |
+------------------------------+--------+--------+------+--------+
| [大FQ运动]                   |     14 |     14 |    2 |      2 |
+------------------------------+--------+--------+------+--------+
| [Pawdroid]                   |     22 |     21 |    1 |      1 |
+------------------------------+--------+--------+------+--------+
| [FreeV2-Base64]              |      3 |      3 |    3 |      3 |
+------------------------------+--------+--------+------+--------+
| [Bocchi2b-Base64]            |     35 |     35 |    0 |      0 |
+------------------------------+--------+--------+------+--------+
| [ChromeGO-Toolkit]           |     14 |     14 |    5 |      5 |
+------------------------------+--------+--------+------+--------+
| [ChromeGO-ShiteThings]       |     31 |     25 |    1 |      1 |
+------------------------------+--------+--------+------+--------+
| [ChromeGO-Merge]             |    113 |    112 |    6 |      5 |
+------------------------------+--------+--------+------+--------+
| [Freesocks]                  |      1 |      1 |    0 |      0 |
+------------------------------+--------+--------+------+--------+
| [NekoWarp]                   |     10 |     10 |   10 |     10 |
+------------------------------+--------+--------+------+--------+
| [1VPN-CRX]                   |     17 |     17 |   14 |      5 |
+------------------------------+--------+--------+------+--------+
| [OpenRunner-RSS]             |     11 |      0 |    0 |      0 |
+------------------------------+--------+--------+------+--------+
| [V2Rayshare-RSS]             |     22 |     22 |    1 |      1 |
+------------------------------+--------+--------+------+--------+
| [Mibei77-RSS]                |    110 |     92 |    3 |      3 |
+------------------------------+--------+--------+------+--------+
| [Yoyapai-RSS]                |    227 |    199 |    6 |      5 |
+------------------------------+--------+--------+------+--------+
| [免费节点1]                  |    151 |     53 |    5 |      5 |
+------------------------------+--------+--------+------+--------+
| [免费节点2]                  |    300 |    264 |   80 |     23 |
+------------------------------+--------+--------+------+--------+
| [免费节点3]                  |     30 |      0 |    0 |      0 |
+------------------------------+--------+--------+------+--------+
| [免费节点4]                  |    786 |    714 |   40 |     33 |
+------------------------------+--------+--------+------+--------+
| [免费节点5]                  |     29 |     28 |    0 |      0 |
+------------------------------+--------+--------+------+--------+
| [免费节点6]                  |    566 |    543 |    3 |      3 |
+------------------------------+--------+--------+------+--------+
| [免费节点7]                  |     64 |     46 |   31 |     18 |
+------------------------------+--------+--------+------+--------+
| [免费节点8]                  |   4272 |   3836 |  171 |     50 |
+------------------------------+--------+--------+------+--------+
| [免费节点9]                  |    615 |    452 |    0 |      0 |
+------------------------------+--------+--------+------+--------+
| [免费节点10]                 |   4426 |   3088 |   21 |     10 |
+------------------------------+--------+--------+------+--------+
| [免费节点11]                 |    387 |    216 |   22 |     10 |
+------------------------------+--------+--------+------+--------+
| [Pawdroid-SR-APK]            |   1019 |    750 |  410 |     50 |
+------------------------------+--------+--------+------+--------+
| [Pawdroid-SS-APK]            |   1493 |    982 |   34 |     14 |
+------------------------------+--------+--------+------+--------+
| [Clashfree]                  |    187 |     59 |   24 |      9 |
+------------------------------+--------+--------+------+--------+
| [Epodonios]                  |   4334 |   3436 |   93 |     34 |
+------------------------------+--------+--------+------+--------+
| [Free-clash-v2ray]           |   5220 |   3039 |  386 |     50 |
+------------------------------+--------+--------+------+--------+
| [V2rayclashfree-RSS]         |   3188 |    482 |  119 |     50 |
+------------------------------+--------+--------+------+--------+
============================================================
[SUMMARY] total_nodes=27697
[SUMMARY] legal_candidates=18553
[SUMMARY] passed_latency_test=400
[SUMMARY] region_HK=2 | region_JP=7 | region_US=140
[SUMMARY] avg_latency_ms=239.74
[SUMMARY] output=/home/runner/work/Free-node-autotest/Free-node-autotest/output/clash.yaml
============================================================
