============================================================
[INFO] sublink try page: https://end-gfw.com
[OK] proxies=2 new=2 url=https://raw.githubusercontent.com/hello-world-1989/cn-news/refs/heads/main/clash.yaml
[OK] proxies=2 new=0 url=https://raw.githubusercontent.com/hello-world-1989/cn-news/main/end-gfw-together
[OK] proxies=2 new=2 url=https://raw.githubusercontent.com/hello-world-1989/cn-news/main/end-gfw-together-ss
[INFO] source try url: https://end-gfw.com/ss-key
[OK] proxies=4 new=4 url=https://end-gfw.com/ss-key
[INFO] sublink try repo: https://github.com/hello-world-1989/cn-news
[INFO] sublink try page: https://raw.githubusercontent.com/hello-world-1989/cn-news/main/README.md
[OK] proxies=6 new=6 url=https://raw.githubusercontent.com/hello-world-1989/v2-sub/main/end-gfw-together-af3e13
[OK] proxies=14 source=[大FQ运动] url=https://raw.githubusercontent.com/hello-world-1989/cn-news/main/README.md
============================================================
[INFO] sublink try repo: https://github.com/Pawdroid/Free-servers
[INFO] sublink try page: https://raw.githubusercontent.com/Pawdroid/Free-servers/main/README.md
[OK] proxies=20 new=20 url=https://raw.githubusercontent.com/Pawdroid/Free-servers/main/README.md
[OK] proxies=20 new=0 url=https://raw.githubusercontent.com/Pawdroid/Free-servers/main/sub
[OK] proxies=1 new=1 url=https://apps.apple.com/cn/app/shadowshare/id1612647259
[OK] proxies=1 new=1 url=http://www.surflare.com
[OK] proxies=22 source=[Pawdroid] url=https://raw.githubusercontent.com/Pawdroid/Free-servers/main/README.md
============================================================
[INFO] source try url: https://xmxosfepggzm.503403.xyz
[OK] proxies=3 new=3 url=https://xmxosfepggzm.503403.xyz
[OK] proxies=3 source=[FreeV2-Base64] url=https://xmxosfepggzm.503403.xyz
============================================================
[INFO] source try url: https://links.bocchi2b.top/clash
[OK] proxies=35 new=35 url=https://links.bocchi2b.top/clash
[OK] proxies=35 source=[Bocchi2b-Base64] url=https://links.bocchi2b.top/clash
============================================================
[INFO] toolkit try repo: https://github.com/bannedbook/fanqiang
[INFO] toolkit try release: https://github.com/bannedbook/fanqiang/releases
[INFO] toolkit try release: https://github.com/bannedbook/fanqiang/releases/expanded_assets/ChromeGo-latest
[INFO] toolkit try download: https://github.com/bannedbook/fanqiang/releases/download/ChromeGo-latest/ChromeGo.7z
[OK] toolkit downloaded: ChromeGo.7z bytes=100924352
[OK] toolkit extracted archive=ChromeGo.7z tool=7z files=222 dirs=45
[OK] toolkit discovered subs=107 embedded=12 archive=ChromeGo.7z
[OK] proxies=6 new=6 embedded=archive-config
[OK] proxies=7 new=5 url=https://gitlab.com/free9999/ipupdate/master/backup/img/1/2/{ipp|ip}/{hysteria2|singbox|naiveproxy|hysteria|xray}/{2|3|1|4}/config.json
[OK] proxies=7 new=0 url=https://www.67867867.xyz/Alvin9999/PAC/refs/heads/master/backup/img/1/2/{ipp|ip}/{hysteria2|singbox|naiveproxy|hysteria|xray}/{2|3|1|4}/config.json
[OK] proxies=3 new=3 url=https://gitlab.com/free9999/ipupdate/master/backup/img/1/2/{ipp|ip}/clash.meta2/{2|3|1|5|4|6}/config.yaml
[OK] proxies=3 new=0 url=https://www.67867867.xyz/Alvin9999/PAC/refs/heads/master/backup/img/1/2/{ipp|ip}/clash.meta2/{2|3|1|5|4|6}/config.yaml
[OK] proxies=14 source=[ChromeGO-Toolkit] url=https://github.com/bannedbook/fanqiang/releases/download/ChromeGo-latest/ChromeGo.7z
============================================================
[INFO] sublink try repo: https://github.com/ShiteThings/extractNodes
[INFO] sublink try page: https://raw.githubusercontent.com/ShiteThings/extractNodes/main/README.md
[OK] proxies=31 new=30 url=https://{chg26.makou.cc.cd|chg64.makou.cc.cd}
[OK] proxies=26 new=1 url=https://chg26.makou.cc.cd/sb
[OK] proxies=31 source=[ChromeGO-ShiteThings] url=https://raw.githubusercontent.com/ShiteThings/extractNodes/main/README.md
============================================================
[INFO] sublink try repo: https://github.com/shangui999/chromego_merge
[INFO] sublink try page: https://raw.githubusercontent.com/shangui999/chromego_merge/master/ReadMe.md
[OK] proxies=10 new=10 url=https://freedman.netlify.app/sub/merged_proxies_new.yaml
[OK] proxies=11 new=1 url=https://freedman.netlify.app/sub/merged_warp_proxies_new.yaml
[OK] proxies=11 new=6 url=https://freedman.netlify.app/sub/shadowrocket_base64.txt
[OK] proxies=16 new=16 url=https://freedman.netlify.app/sub/sb.json
[INFO] sublink try repo: https://github.com/yaney01/chromego
[INFO] sublink try page: https://raw.githubusercontent.com/yaney01/chromego/main/ReadMe.md
[OK] proxies=50 new=46 url=https://raw.githubusercontent.com/yaney01/chromego/main/sub/merged_proxies_new.yaml
[OK] proxies=51 new=0 url=https://raw.githubusercontent.com/yaney01/chromego/main/sub/merged_warp_proxies_new.yaml
[OK] proxies=13 new=7 url=https://raw.githubusercontent.com/yaney01/chromego/main/sub/shadowrocket_base64.txt
[OK] proxies=13 new=0 url=https://raw.githubusercontent.com/yaney01/chromego/main/sub/sb.json
[INFO] sublink try repo: https://github.com/Misaka-blog/chromego_merge
[INFO] sublink try page: https://raw.githubusercontent.com/Misaka-blog/chromego_merge/main/README.md
[OK] proxies=39 new=39 url=https://chromego-sub.netlify.app/sub/merged_proxies_new.yaml
[OK] proxies=125 source=[ChromeGO-Merge] url=https://raw.githubusercontent.com/Misaka-blog/chromego_merge/main/README.md
============================================================
[INFO] source try url: https://freesocks.org/api/v1/sub/02b897e8e77f19176b0b9f2c75864b00
[OK] proxies=3 new=3 url=https://freesocks.org/api/v1/sub/02b897e8e77f19176b0b9f2c75864b00
[OK] proxies=3 source=[Freesocks] url=https://freesocks.org/api/v1/sub/02b897e8e77f19176b0b9f2c75864b00
============================================================
[INFO] source try url: https://neko-warp.nloli.xyz/neko_warp.yaml
[OK] proxies=10 new=10 url=https://neko-warp.nloli.xyz/neko_warp.yaml
[OK] proxies=10 source=[NekoWarp] url=https://neko-warp.nloli.xyz/neko_warp.yaml
============================================================
[INFO] article try feed: https://free.datiya.com/index.xml
[INFO] sublink try page: https://free.datiya.com/post/20260916/
[OK] proxies=14 new=14 url=https://free.datiya.com/uploads/20260916-clash.yaml
[OK] proxies=14 source=[OpenRunner-RSS] url=https://free.datiya.com/post/20260916/
============================================================
[INFO] article try feed: https://v2rayshare.com/feed
[INFO] sublink try page: https://v2rayshare.net/p/5064.html
[OK] proxies=27 new=27 url=https://static.v2rayshare.net/2026/09/20260916.txt
[OK] proxies=27 new=0 url=https://static.v2rayshare.net/2026/09/20260916.yaml
[OK] proxies=27 new=0 url=https://static.v2rayshare.net/2026/09/m20260916.yaml
[INFO] sublink try repo: https://github.com/firefoxmmx2/v2rayshare_subcription
[INFO] sublink try page: https://raw.githubusercontent.com/firefoxmmx2/v2rayshare_subcription/main/README.md
[OK] proxies=27 new=0 url=https://{raw.githubusercontent.com|cdn.jsdelivr.net}/firefoxmmx2/v2rayshare_subcription/main/subscription/vray_sub.txt
[OK] proxies=27 new=0 url=https://{raw.githubusercontent.com|cdn.jsdelivr.net}/firefoxmmx2/v2rayshare_subcription/main/subscription/clash_sub.yaml
[OK] proxies=27 new=0 url=https://{raw.githubusercontent.com|cdn.jsdelivr.net}/firefoxmmx2/v2rayshare_subcription/main/subscription/mihomo_sub.yaml
[OK] proxies=27 source=[V2Rayshare-RSS] url=https://raw.githubusercontent.com/firefoxmmx2/v2rayshare_subcription/main/README.md
============================================================
[INFO] article try feed: https://www.mibei77.com/feed
[INFO] sublink try page: https://www.mibei77.com/674.html
[OK] proxies=108 new=108 url=https://mm.mibei77.com/202609/09.1664bacvt.txt
[OK] proxies=106 new=0 url=https://mm.mibei77.com/202609/0916Clashikl.yaml
[OK] proxies=108 source=[Mibei77-RSS] url=https://www.mibei77.com/674.html
============================================================
[INFO] article try feed: https://yoyapai.com/feed
[INFO] sublink try page: https://yoyapai.com/721
[OK] proxies=1 new=1 url=https://yoyapai.com/721
[OK] proxies=212 new=212 url=https://freenode.yoyapai.com/2026/09/16-yoyapai.com-clash-vpn-mianfeijiedian.yaml
[OK] proxies=212 new=0 url=https://freenode.yoyapai.com/2026/09/16-yoyapai.com-ssrv2ray-vpn-mianfeijiedian.txt
[OK] proxies=213 source=[Yoyapai-RSS] url=https://yoyapai.com/721
============================================================
[INFO] sublink try repo: https://github.com/free18/v2ray
[INFO] sublink try page: https://raw.githubusercontent.com/free18/v2ray/main/README.md
[OK] proxies=3 new=3 url=https://raw.githubusercontent.com/free18/v2ray/main/README.md
[OK] proxies=122 new=122 url=https://ghfast.top/https://raw.githubusercontent.com/free18/v2ray/refs/heads/main/v.txt
[OK] proxies=122 new=0 url=https://ghfast.top/https://raw.githubusercontent.com/free18/v2ray/refs/heads/main/c.yaml
[OK] proxies=125 source=[免费节点1] url=https://raw.githubusercontent.com/free18/v2ray/main/README.md
============================================================
[INFO] sublink try repo: https://github.com/ermaozi/get_subscribe
[INFO] sublink try page: https://raw.githubusercontent.com/ermaozi/get_subscribe/main/README.md
[INFO] sublink file_nodes=0 bare links=9
[OK] proxies=355 new=355 url=https://www.ermao.net/sub/{clash|v2ray}/ermao.net
[OK] proxies=355 new=0 url=https://www.ermao.net/sub/{reachable|unreachable|untested}/clash/ermao.net
[OK] proxies=355 source=[免费节点2] url=https://raw.githubusercontent.com/ermaozi/get_subscribe/main/README.md
============================================================
[INFO] sublink try repo: https://github.com/sunmiao4458/free-proxy-airport
[INFO] sublink try page: https://raw.githubusercontent.com/sunmiao4458/free-proxy-airport/main/README.md
[OK] proxies=49 new=49 url=https://sunmiao4458.github.io/free-proxy-airport/clash.yaml
[OK] proxies=49 source=[免费节点3] url=https://raw.githubusercontent.com/sunmiao4458/free-proxy-airport/main/README.md
============================================================
[INFO] sublink try repo: https://github.com/mfuu/FreeProxies
[INFO] sublink try page: https://raw.githubusercontent.com/mfuu/FreeProxies/master/README.md
[OK] proxies=837 new=837 url=https://raw.githubusercontent.com/mfuu/FreeProxies/master/sub.yaml
[OK] proxies=837 source=[免费节点4] url=https://raw.githubusercontent.com/mfuu/FreeProxies/master/README.md
============================================================
[INFO] sublink try repo: https://github.com/vxiaov/free_proxies
[INFO] sublink try page: https://raw.githubusercontent.com/vxiaov/free_proxies/main/README.md
[OK] proxies=1 new=1 url=https://raw.githubusercontent.com/vxiaov/free_proxies/main/README.md
[OK] proxies=28 new=28 url=https://{cdn.jsdelivr.net|raw.githubusercontent.com}/vxiaov/free_proxies/main/clash/clash.provider.yaml
[OK] proxies=29 source=[免费节点5] url=https://raw.githubusercontent.com/vxiaov/free_proxies/main/README.md
============================================================
[INFO] sublink try repo: https://github.com/anaer/Sub
[INFO] sublink try page: https://raw.githubusercontent.com/anaer/Sub/main/README.MD
[OK] proxies=626 new=626 url=https://anaer.github.io/Sub/clash.yaml
[OK] proxies=626 new=0 url=https://raw.githubusercontent.com/anaer/Sub/main/clash.yaml
[OK] proxies=626 source=[免费节点6] url=https://raw.githubusercontent.com/anaer/Sub/main/README.MD
============================================================
[INFO] sublink try repo: https://github.com/snakem982/proxypool
[INFO] sublink try page: https://raw.githubusercontent.com/snakem982/proxypool/main/README.md
[OK] proxies=64 new=64 url=https://raw.githubusercontent.com/snakem982/proxypool/main/source/clash-meta-2.yaml
[OK] proxies=63 new=0 url=https://raw.githubusercontent.com/snakem982/proxypool/main/source/v2ray-2.txt
[OK] proxies=58 new=0 url=https://raw.githubusercontent.com/snakem982/proxypool/main/source/sing-box-2.json
[OK] proxies=64 source=[免费节点7] url=https://raw.githubusercontent.com/snakem982/proxypool/main/README.md
============================================================
[INFO] sublink try repo: https://github.com/mahdibland/V2RayAggregator
[INFO] sublink try page: https://raw.githubusercontent.com/mahdibland/V2RayAggregator/master/README.md
[OK] proxies=373 new=373 url=https://raw.githubusercontent.com/mahdibland/V2RayAggregator/master/README.md
[OK] proxies=1 new=1 url=https://github.com/mahdibland/SSAggregator/actions/workflows/Collector.yml
[OK] proxies=1 new=0 url=https://github.com/mahdibland/SSAggregator/actions/workflows/Airport_Collector.yml
[OK] proxies=191 new=0 url=https://raw.githubusercontent.com/mahdibland/ShadowsocksAggregator/master/Eternity.txt
[OK] proxies=192 new=1 url=https://raw.githubusercontent.com/mahdibland/ShadowsocksAggregator/master/Eternity.yml
[OK] proxies=61 new=61 url=https://raw.githubusercontent.com/mahdibland/ShadowsocksAggregator/master/EternityAir.txt
[OK] proxies=3824 new=3545 url=https://raw.githubusercontent.com/mahdibland/SSAggregator/master/sub/sub_merge_base64.txt
[OK] proxies=3824 new=0 url=https://raw.githubusercontent.com/mahdibland/{SSAggregator|ShadowsocksAggregator}/master/sub/sub_merge.txt
[OK] proxies=4012 new=236 url=https://raw.githubusercontent.com/mahdibland/SSAggregator/master/sub/sub_merge_yaml.yml
[OK] proxies=61 new=0 url=https://raw.githubusercontent.com/mahdibland/SSAggregator/master/sub/airport_merge_base64.txt
[OK] proxies=61 new=0 url=https://raw.githubusercontent.com/mahdibland/SSAggregator/master/sub/airport_sub_merge.txt
[OK] proxies=1368 new=0 url=https://raw.githubusercontent.com/mahdibland/ShadowsocksAggregator/master/sub/splitted/vmess.txt
[OK] proxies=599 new=0 url=https://raw.githubusercontent.com/mahdibland/ShadowsocksAggregator/master/sub/splitted/trojan.txt
[OK] proxies=43 new=0 url=https://raw.githubusercontent.com/mahdibland/ShadowsocksAggregator/master/sub/splitted/ssr.txt
[OK] proxies=1814 new=0 url=https://raw.githubusercontent.com/mahdibland/ShadowsocksAggregator/master/sub/splitted/ss.txt
[OK] proxies=1 new=0 url=https://cdn.jsdelivr.net/gh/mahdibland/V2RayAggregator@master/update/provider/provider-meta.yml
[OK] proxies=1 new=0 url=https://cdn.jsdelivr.net/gh/mahdibland/V2RayAggregator@master/update/provider/provider-meta-cn.yml
[OK] proxies=1 new=0 url=https://cdn.jsdelivr.net/gh/mahdibland/V2RayAggregator@master/update/provider/provider-meta-others.yml
[OK] proxies=1 new=0 url=https://cdn.jsdelivr.net/gh/mahdibland/V2RayAggregator@master/update/provider/provider.yml
[OK] proxies=1 new=0 url=https://cdn.jsdelivr.net/gh/mahdibland/V2RayAggregator@master/update/provider/provider-cn.yml
[OK] proxies=1 new=0 url=https://cdn.jsdelivr.net/gh/mahdibland/V2RayAggregator@master/update/provider/provider-others.yml
[OK] proxies=4217 source=[免费节点8] url=https://raw.githubusercontent.com/mahdibland/V2RayAggregator/master/README.md
============================================================
[INFO] sublink try repo: https://github.com/w1770946466/Auto_proxy
[INFO] sublink try page: https://raw.githubusercontent.com/w1770946466/Auto_proxy/main/README.md
[OK] proxies=1 new=1 url=https://github.com/w1770946466/Auto_proxy/actions/workflows/main.yml
[OK] proxies=245 new=245 url=https://raw.githubusercontent.com/w1770946466/Auto_proxy/main/{Long_term_subscription2.yaml|Long_term_subscription1.yaml|Long_term_subscription3.yaml}
[OK] proxies=489 new=54 url=https://raw.githubusercontent.com/w1770946466/Auto_proxy/main/{Long_term_subscription1|Long_term_subscription2|Long_term_subscription3|Long_term_subscription4|Long_term_subscription5|Long_term_subscription6|Long_term_subscription7|Long_term_subscription8}
[OK] proxies=489 new=315 url=https://raw.githubusercontent.com/w1770946466/Auto_proxy/main/Long_term_subscription_num
[OK] proxies=615 source=[免费节点9] url=https://raw.githubusercontent.com/w1770946466/Auto_proxy/main/README.md
============================================================
[INFO] sublink try repo: https://github.com/PuddinCat/BestClash
[INFO] sublink try page: https://raw.githubusercontent.com/PuddinCat/BestClash/main/README.md
[OK] proxies=16 new=16 url=https://raw.githubusercontent.com/PuddinCat/BestClash/main/proxies.yaml
[OK] proxies=28 new=28 url=https://cdn.jsdelivr.net/gh/vxiaov/free_proxies@main/clash/clash.provider.yaml
[OK] proxies=24 new=24 url=https://freenode.openrunner.net/uploads/20240807-clash.yaml
[OK] proxies=39 new=39 url=https://raw.githubusercontent.com/Misaka-blog/chromego_merge/main/sub/merged_proxies_new.yaml
[OK] proxies=3774 new=3745 url=https://raw.githubusercontent.com/{NiceVPN123|anaer}/{NiceVPN|Sub}/main/{Clash.yaml|clash.yaml}
[OK] proxies=25 new=1 url=https://raw.githubusercontent.com/{chengaopan|peasoft}/{AutoMergePublicNodes|NoMoreWalls}/master/list.yml
[OK] proxies=365 new=328 url=https://raw.githubusercontent.com/{ermaozi|ermaozi01}/{get_subscribe|free_clash_vpn}/main/subscribe/clash.yml
[OK] proxies=192 new=171 url=https://raw.githubusercontent.com/mahdibland/ShadowsocksAggregator/master/Eternity.yml
[OK] proxies=165 new=160 url=https://raw.githubusercontent.com/ronghuaxueleng/get_v2/main/pub/combine.yaml
[OK] proxies=144 new=3 url=https://raw.githubusercontent.com/zhangkaiitugithub/passcro/main/speednodes.yaml
[OK] proxies=4515 source=[免费节点10] url=https://raw.githubusercontent.com/PuddinCat/BestClash/main/README.md
============================================================
[INFO] sublink try repo: https://github.com/kooker/FreeSubsCheck
[INFO] sublink try page: https://raw.githubusercontent.com/kooker/FreeSubsCheck/main/README.md
[OK] proxies=6 new=6 url=https://raw.githubusercontent.com/kooker/FreeSubsCheck/main/mihomo.yaml
[OK] proxies=6 new=0 url=https://raw.githubusercontent.com/kooker/FreeSubsCheck/main/all.yaml
[OK] proxies=5 new=0 url=https://raw.githubusercontent.com/kooker/FreeSubsCheck/main/base64.txt
[OK] proxies=4 new=4 url=https://raw.githubusercontent.com/kooker/FreeSubsCheck/main/byxiaoxi.txt
[OK] proxies=417 new=414 url=https://raw.githubusercontent.com/kooker/FreeSubsCheck/main/kooker.jp.txt
[OK] proxies=424 source=[免费节点11] url=https://raw.githubusercontent.com/kooker/FreeSubsCheck/main/README.md
============================================================
[INFO] toolkit try repo: https://github.com/Pawdroid/shadowrocket_for_android
[INFO] toolkit try release: https://github.com/Pawdroid/shadowrocket_for_android/releases
[INFO] toolkit try release: https://github.com/Pawdroid/shadowrocket_for_android/releases/expanded_assets/10.10.51
[INFO] toolkit try download: https://github.com/Pawdroid/shadowrocket_for_android/releases/download/10.10.51/Shadowrocket_10.10.51_shadowrocketStandard_arm64-v8a.apk
[OK] toolkit downloaded: Shadowrocket_10.10.51_shadowrocketStandard_arm64-v8a.apk bytes=41111539
[OK] toolkit extracted archive=Shadowrocket_10.10.51_shadowrocketStandard_arm64-v8a.apk tool=zipfile files=1175 dirs=44
[OK] toolkit sr-apk scanned prefixes=36 files=6 keys=2 archive=Shadowrocket_10.10.51_shadowrocketStandard_arm64-v8a.apk
[OK] proxies=581 new=581 url=https://{cdn.jsdelivr.net|raw.githubusercontent.com}/pixelor/ecfg/main/data/ecfg6_zh
[OK] proxies=635 new=117 url=https://{cdn.jsdelivr.net|raw.githubusercontent.com}/pixelor/ecfg/main/data/ecfg6_en
[OK] proxies=141 new=45 url=https://{raw.githubusercontent.com|cdn.jsdelivr.net}/pixelor/ecfg/main/data/ecfg6
[OK] proxies=126 new=0 url=https://{files.shadowrockets.app|cdn.shadowrockets.app}/ecfg/data/ecfg6
[OK] proxies=432 new=0 url=https://{files.shadowrockets.app|cdn.shadowrockets.app}/ecfg/data/ecfg6_zh
[OK] proxies=432 new=0 url=https://{files.shadowrockets.app|cdn.shadowrockets.app}/ecfg/data/ecfg6_en
[OK] proxies=743 source=[Pawdroid-sr-apk] url=https://github.com/Pawdroid/shadowrocket_for_android/releases/download/10.10.51/Shadowrocket_10.10.51_shadowrocketStandard_arm64-v8a.apk
============================================================
[INFO] toolkit try page: https://shadowshare.v2cross.com
[INFO] toolkit try download: https://shadowshare.v2cross.com/shadowshare.apk
[OK] toolkit downloaded: shadowshare.apk bytes=62868122
[OK] toolkit extracted archive=shadowshare.apk tool=zipfile files=612 dirs=39
[OK] toolkit ss-apk scanned prefixes=10 files=3 keys=1 archive=shadowshare.apk
[OK] proxies=171 new=171 url=https://{raw.githubusercontent.com|jsd.onmicrosoft.cn}/hideme9527/ecsfg/main/data/sareserver
[OK] proxies=1386 new=1283 url=https://{raw.githubusercontent.com|jsd.onmicrosoft.cn}/hideme9527/ecsfg/main/data/sareserver_en
[OK] proxies=171 new=0 url=https://{shadowsharing.com|sare.159236.xyz}/data/sareserver
[OK] proxies=1386 new=0 url=https://{shadowsharing.com|sare.159236.xyz}/data/sareserver_en
[OK] proxies=171 new=0 url=https://gitee.com/api/v5/repos/{zhiminghao|elvenapp|guoyoucai1}/ecsfg/raw/data/sareserver
[OK] proxies=1386 new=0 url=https://gitee.com/api/v5/repos/{elvenapp|guoyoucai1|zhiminghao}/ecsfg/raw/data/sareserver_en
[OK] proxies=1454 source=[Pawdroid-ss-apk] url=https://shadowshare.v2cross.com/shadowshare.apk
============================================================
[INFO] sublink try repo: https://github.com/free-nodes/clashfree
[INFO] sublink try page: https://raw.githubusercontent.com/free-nodes/clashfree/main/README.md
[OK] proxies=1378 new=1378 url=https://raw.githubusercontent.com/free-nodes/clashfree/main/README.md
[OK] proxies=1378 new=0 url=https://raw.githubusercontent.com/free-nodes/clashfree/main/clash20260916.yml
[OK] proxies=1 new=1 url=https://github.com/free-nodes/clashfree/blob/main/clash20260916.yml
[OK] proxies=1379 source=[Clashfree] url=https://raw.githubusercontent.com/free-nodes/clashfree/main/README.md
============================================================
[INFO] sublink try repo: https://github.com/Epodonios/v2ray-configs
[INFO] sublink try page: https://raw.githubusercontent.com/Epodonios/v2ray-configs/main/README.md
[OK] proxies=1 new=1 url=https://github.com/Epodonios/V2ray-Configs/actions/workflows/main.yml
[OK] proxies=4128 new=4128 url=https://github.com/Epodonios/v2ray-configs/raw/main/All_Configs_Sub.txt
[OK] proxies=4128 new=0 url=https://github.com/Epodonios/v2ray-configs/raw/main/All_Configs_base64_Sub.txt
[OK] proxies=3326 new=139 url=https://github.com/Epodonios/v2ray-configs/raw/main/Splitted-By-Protocol/vless.txt
[OK] proxies=153 new=1 url=https://github.com/Epodonios/v2ray-configs/raw/main/Splitted-By-Protocol/vmess.txt
[OK] proxies=417 new=30 url=https://github.com/Epodonios/v2ray-configs/raw/main/Splitted-By-Protocol/ss.txt
[OK] proxies=149 new=0 url=https://github.com/Epodonios/v2ray-configs/raw/main/Splitted-By-Protocol/trojan.txt
[OK] proxies=4128 new=0 url=https://raw.githubusercontent.com/Epodonios/v2ray-configs/main/{Sub1.txt|Sub2.txt|Sub3.txt|Sub4.txt|Sub5.txt|Sub6.txt|Sub7.txt|Sub8.txt|Sub9.txt}
[OK] proxies=4299 source=[Epodonios] url=https://raw.githubusercontent.com/Epodonios/v2ray-configs/main/README.md
============================================================
[INFO] sublink try repo: https://github.com/free-clash-v2ray/free-clash-v2ray.github.io
[INFO] sublink try page: https://raw.githubusercontent.com/free-clash-v2ray/free-clash-v2ray.github.io/main/README.md
[OK] proxies=2890 new=2890 url=https://free-clash-v2ray.github.io/uploads/2026/09/{0-20260913.yaml|1-20260913.yaml|2-20260913.yaml|3-20260913.yaml}
[OK] proxies=4384 new=1835 url=https://free-clash-v2ray.github.io/uploads/2026/09/{0-20260913.txt|1-20260913.txt|2-20260913.txt|3-20260913.txt|4-20260913.txt}
[OK] proxies=4725 source=[Free-clash-v2ray] url=https://raw.githubusercontent.com/free-clash-v2ray/free-clash-v2ray.github.io/main/README.md
============================================================
[INFO] article try page: https://v2rayclashfree.com
[INFO] sublink try page: https://v2rayclashfree.com/fn/20260916.html
[OK] proxies=939 new=939 url=https://v2rayclashfree.com/sub/20260916-v2ray.txt
[OK] proxies=844 new=89 url=https://v2rayclashfree.com/sub/20260916-clash.yaml
[OK] proxies=1028 source=[V2rayclashfree-RSS] url=https://v2rayclashfree.com/fn/20260916.html
============================================================
[INFO] raw backup written path=/home/runner/work/Free-node-autotest/Free-node-autotest/output/raw.yaml proxies=26105
[INFO] toolkit try repo: https://github.com/MetaCubeX/mihomo
[INFO] toolkit try release: https://github.com/MetaCubeX/mihomo/releases
[INFO] toolkit try release: https://github.com/MetaCubeX/mihomo/releases/expanded_assets/v1.19.31
[INFO] toolkit try download: https://github.com/MetaCubeX/mihomo/releases/download/v1.19.31/mihomo-linux-amd64-compatible-v1.19.31.gz
[OK] toolkit downloaded: mihomo-linux-amd64-compatible-v1.19.31.gz bytes=22821836
[OK] toolkit sha256 verified: mihomo-linux-amd64-compatible-v1.19.31.gz sha256=04cf9f09671704f839ddbee2e93069dc831a4123a75281e725d1d96ab9ac1afc
[OK] proxy engine ready: starting latency test package=mihomo-linux-amd64-compatible-v1.19.31.gz
============================================================
[WARN] batch start failed size=17195 {1} split -> 8597 {2} + 8598 {3}
[WARN] batch start failed size=8597 {2} split -> 4298 {4} + 4299 {5}
[WARN] batch start failed size=8598 {3} split -> 4299 {6} + 4299 {7}
[WARN] batch start failed size=4298 {4} split -> 2149 {8} + 2149 {9}
[WARN] batch start failed size=4299 {7} split -> 2149 {10} + 2150 {11}
[WARN] batch start failed size=4299 {6} split -> 2149 {12} + 2150 {13}
[INFO] {5} tested 100/4299 kept=0 rest=17053
[INFO] {10} tested 100/2149 kept=8 rest=16894
[INFO] {9} tested 100/2149 kept=57 rest=16850
[INFO] {10} tested 200/2149 kept=9 rest=16752
[INFO] {5} tested 200/4299 kept=0 rest=16618
[INFO] {10} tested 300/2149 kept=10 rest=16473
[INFO] {9} tested 200/2149 kept=68 rest=16441
[INFO] {10} tested 400/2149 kept=10 rest=16309
[INFO] {10} tested 500/2149 kept=10 rest=16165
[INFO] {5} tested 300/4299 kept=0 rest=16132
[INFO] {9} tested 300/2149 kept=68 rest=16034
[INFO] {9} tested 400/2149 kept=68 rest=15903
[INFO] {10} tested 600/2149 kept=10 rest=15814
[INFO] {10} tested 700/2149 kept=12 rest=15665
[INFO] {10} tested 800/2149 kept=14 rest=15560
[INFO] {5} tested 400/4299 kept=0 rest=15491
[INFO] {10} tested 900/2149 kept=18 rest=15396
[INFO] {9} tested 500/2149 kept=68 rest=15325
[INFO] {10} tested 1000/2149 kept=21 rest=15119
[INFO] {9} tested 600/2149 kept=68 rest=15073
[INFO] {10} tested 1100/2149 kept=26 rest=14996
[INFO] {5} tested 500/4299 kept=0 rest=14904
[INFO] {10} tested 1200/2149 kept=26 rest=14819
[INFO] {5} tested 600/4299 kept=0 rest=14711
[INFO] {9} tested 700/2149 kept=68 rest=14669
[INFO] {10} tested 1300/2149 kept=27 rest=14524
[INFO] {10} tested 1400/2149 kept=27 rest=14399
[INFO] {5} tested 700/4299 kept=0 rest=14358
[INFO] {9} tested 800/2149 kept=68 rest=14155
[INFO] {10} tested 1500/2149 kept=27 rest=14025
[INFO] {5} tested 800/4299 kept=0 rest=14020
[INFO] {10} tested 1600/2149 kept=32 rest=13816
[INFO] {10} tested 1700/2149 kept=36 rest=13698
[INFO] {5} tested 900/4299 kept=0 rest=13690
[INFO] {9} tested 900/2149 kept=68 rest=13678
[INFO] {5} tested 1000/4299 kept=0 rest=13517
[INFO] {10} tested 1800/2149 kept=44 rest=13465
[INFO] {5} tested 1100/4299 kept=0 rest=13297
[INFO] {9} tested 1000/2149 kept=68 rest=13203
[INFO] {10} tested 1900/2149 kept=49 rest=13090
[INFO] {5} tested 1200/4299 kept=0 rest=13082
[INFO] {10} tested 2000/2149 kept=53 rest=12957
[INFO] {5} tested 1300/4299 kept=4 rest=12771
[INFO] {10} tested 2100/2149 kept=76 rest=12769
[INFO] {5} tested 1400/4299 kept=4 rest=12662
[INFO] {5} tested 1500/4299 kept=6 rest=12530
[INFO] {9} tested 1100/2149 kept=68 rest=12387
[INFO] {10} tested 2149/2149 kept=79 rest=12301
[INFO] {5} tested 1600/4299 kept=6 rest=12268
[INFO] {9} tested 1200/2149 kept=68 rest=12156
[WARN] batch start failed size=2150 {11} split -> 1075 {14} + 1075 {15}
[INFO] {5} tested 1700/4299 kept=6 rest=12146
[INFO] {5} tested 1800/4299 kept=13 rest=12039
[WARN] batch start failed size=2149 {8} split -> 1074 {16} + 1075 {17}
[INFO] {9} tested 1300/2149 kept=68 rest=11925
[WARN] batch start failed size=2149 {12} split -> 1074 {18} + 1075 {19}
[WARN] batch start failed size=2150 {13} split -> 1075 {20} + 1075 {21}
[INFO] {5} tested 1900/4299 kept=16 rest=11795
[INFO] {14} tested 100/1075 kept=15 rest=11629
[INFO] {14} tested 200/1075 kept=41 rest=11507
[INFO] {9} tested 1400/2149 kept=68 rest=11458
[INFO] {14} tested 300/1075 kept=94 rest=11378
[INFO] {14} tested 400/1075 kept=131 rest=11246
[INFO] {14} tested 500/1075 kept=177 rest=11126
[INFO] {14} tested 600/1075 kept=213 rest=11013
[INFO] {14} tested 700/1075 kept=222 rest=10902
[INFO] {14} tested 800/1075 kept=228 rest=10790
[INFO] {14} tested 900/1075 kept=231 rest=10682
[INFO] {14} tested 1000/1075 kept=237 rest=10576
[INFO] {5} tested 2000/4299 kept=16 rest=10531
[INFO] {9} tested 1500/2149 kept=75 rest=10516
[INFO] {5} tested 2100/4299 kept=16 rest=10306
[INFO] {9} tested 1600/2149 kept=152 rest=10301
[INFO] {9} tested 1700/2149 kept=187 rest=10153
[INFO] {14} tested 1075/1075 kept=257 rest=10056
[INFO] {5} tested 2200/4299 kept=18 rest=10051
[WARN] batch start failed size=1075 {15} split -> 537 {22} + 538 {23}
[INFO] {5} tested 2300/4299 kept=18 rest=9949
[INFO] {9} tested 1800/2149 kept=187 rest=9780
[INFO] {5} tested 2400/4299 kept=18 rest=9673
[INFO] {5} tested 2500/4299 kept=18 rest=9571
[INFO] {17} tested 100/1075 kept=4 rest=9504
[INFO] {9} tested 1900/2149 kept=187 rest=9361
[INFO] {17} tested 200/1075 kept=34 rest=9201
[INFO] {5} tested 2600/4299 kept=18 rest=9196
[INFO] {5} tested 2700/4299 kept=18 rest=9092
[INFO] {17} tested 300/1075 kept=38 rest=8946
[INFO] {9} tested 2000/2149 kept=187 rest=8912
[INFO] {5} tested 2800/4299 kept=19 rest=8698
[INFO] {17} tested 400/1075 kept=41 rest=8615
[INFO] {9} tested 2100/2149 kept=187 rest=8525
[INFO] {17} tested 500/1075 kept=41 rest=8474
[INFO] {9} tested 2149/2149 kept=187 rest=8393
[INFO] {17} tested 600/1075 kept=42 rest=8326
[INFO] {5} tested 2900/4299 kept=19 rest=8318
[WARN] batch start failed size=1074 {16} split -> 537 {24} + 537 {25}
[INFO] {18} tested 100/1074 kept=0 rest=8143
[INFO] {18} tested 200/1074 kept=0 rest=8038
[INFO] {5} tested 3000/4299 kept=20 rest=7916
[INFO] {17} tested 700/1075 kept=42 rest=7835
[INFO] {17} tested 800/1075 kept=42 rest=7722
[INFO] {17} tested 900/1075 kept=42 rest=7602
[INFO] {5} tested 3100/4299 kept=21 rest=7467
[INFO] {18} tested 300/1074 kept=0 rest=7458
[INFO] {18} tested 400/1074 kept=0 rest=7343
[INFO] {5} tested 3200/4299 kept=22 rest=7199
[INFO] {17} tested 1000/1075 kept=42 rest=7093
[INFO] {5} tested 3300/4299 kept=22 rest=7061
[INFO] {5} tested 3400/4299 kept=22 rest=6901
[INFO] {18} tested 500/1074 kept=1 rest=6830
[INFO] {18} tested 600/1074 kept=5 rest=6692
[INFO] {17} tested 1075/1075 kept=42 rest=6613
[INFO] {5} tested 3500/4299 kept=22 rest=6588
[WARN] batch start failed size=1075 {19} split -> 537 {26} + 538 {27}
[INFO] {5} tested 3600/4299 kept=22 rest=6472
[INFO] {21} tested 100/1075 kept=0 rest=6321
[INFO] {5} tested 3700/4299 kept=22 rest=6205
[INFO] {18} tested 700/1074 kept=16 rest=6147
[INFO] {18} tested 800/1074 kept=43 rest=5992
[INFO] {21} tested 200/1075 kept=2 rest=5967
[INFO] {18} tested 900/1074 kept=95 rest=5853
[INFO] {5} tested 3800/4299 kept=22 rest=5818
[INFO] {5} tested 3900/4299 kept=22 rest=5650
[INFO] {5} tested 4000/4299 kept=22 rest=5538
[INFO] {18} tested 1000/1074 kept=155 rest=5508
[INFO] {21} tested 300/1075 kept=2 rest=5334
[INFO] {5} tested 4100/4299 kept=22 rest=5241
[INFO] {21} tested 400/1075 kept=2 rest=5228
[INFO] {21} tested 500/1075 kept=2 rest=5072
[INFO] {21} tested 600/1075 kept=2 rest=4901
[INFO] {5} tested 4200/4299 kept=22 rest=4859
[INFO] {18} tested 1074/1074 kept=173 rest=4805
[WARN] batch start failed size=1075 {20} split -> 537 {28} + 538 {29}
[WARN] batch start failed size=538 {23} split -> 269 {30} + 269 {31}
[INFO] {21} tested 700/1075 kept=2 rest=4713
[INFO] {21} tested 800/1075 kept=2 rest=4605
[INFO] {22} tested 100/537 kept=0 rest=4432
[INFO] {22} tested 200/537 kept=1 rest=4321
[INFO] {22} tested 300/537 kept=8 rest=4202
[INFO] {22} tested 400/537 kept=25 rest=4081
[INFO] {21} tested 900/1075 kept=4 rest=4055
[INFO] {5} tested 4299/4299 kept=22 rest=3952
[INFO] {22} tested 500/537 kept=49 rest=3901
[WARN] batch start failed size=537 {24} split -> 268 {32} + 269 {33}
[INFO] {21} tested 1000/1075 kept=5 rest=3772
[INFO] {22} tested 537/537 kept=64 rest=3694
[INFO] {21} tested 1075/1075 kept=5 rest=3667
[INFO] {27} tested 100/538 kept=0 rest=3567
[WARN] batch start failed size=537 {26} split -> 268 {34} + 269 {35}
[INFO] {27} tested 200/538 kept=7 rest=3467
[INFO] {25} tested 100/537 kept=58 rest=3457
[INFO] {25} tested 200/537 kept=65 rest=3233
[INFO] {28} tested 100/537 kept=22 rest=3194
[INFO] {25} tested 300/537 kept=118 rest=3079
[INFO] {27} tested 300/538 kept=24 rest=3050
[INFO] {27} tested 400/538 kept=26 rest=2949
[INFO] {28} tested 200/537 kept=32 rest=2716
[INFO] {28} tested 300/537 kept=32 rest=2609
[INFO] {28} tested 400/537 kept=34 rest=2504
[INFO] {28} tested 500/537 kept=46 rest=2390
[INFO] {25} tested 400/537 kept=120 rest=2374
[INFO] {27} tested 500/538 kept=33 rest=2348
[INFO] {27} tested 538/538 kept=33 rest=2266
[WARN] batch start failed size=538 {29} split -> 269 {36} + 269 {37}
[INFO] {28} tested 537/537 kept=54 rest=2197
[WARN] batch start failed size=269 {31} split -> 134 {38} + 135 {39}
[WARN] batch start failed size=269 {30} split -> 134 {40} + 135 {41}
[WARN] batch start failed size=268 {32} split -> 134 {42} + 134 {43}
[INFO] {33} tested 100/269 kept=0 rest=2093
[WARN] batch start failed size=269 {35} split -> 134 {44} + 135 {45}
[INFO] {25} tested 500/537 kept=120 rest=2004
[WARN] batch start failed size=268 {34} split -> 134 {46} + 134 {47}
[WARN] batch start failed size=269 {36} split -> 134 {48} + 135 {49}
[INFO] {25} tested 537/537 kept=120 rest=1955
[WARN] batch start failed size=269 {37} split -> 134 {50} + 135 {51}
[WARN] batch start failed size=134 {38} split -> 67 {52} + 67 {53}
[INFO] {39} tested 100/135 kept=9 rest=1852
[INFO] {41} tested 100/135 kept=70 rest=1733
[INFO] {33} tested 200/269 kept=4 rest=1716
[INFO] {33} tested 269/269 kept=4 rest=1638
[WARN] batch start failed size=134 {40} split -> 67 {54} + 67 {55}
[WARN] batch start failed size=134 {43} split -> 67 {56} + 67 {57}
[WARN] batch start failed size=134 {42} split -> 67 {58} + 67 {59}
[WARN] batch start failed size=134 {44} split -> 67 {60} + 67 {61}
[INFO] {39} tested 135/135 kept=35 rest=1630
[INFO] {41} tested 135/135 kept=85 rest=1611
[WARN] batch start failed size=134 {46} split -> 67 {62} + 67 {63}
[INFO] {45} tested 100/135 kept=1 rest=1511
[INFO] {47} tested 100/134 kept=39 rest=1285
[INFO] {48} tested 100/134 kept=8 rest=1273
[INFO] {45} tested 135/135 kept=2 rest=1270
[WARN] batch start failed size=135 {49} split -> 67 {64} + 68 {65}
[INFO] {47} tested 134/134 kept=40 rest=1238
[INFO] {48} tested 134/134 kept=9 rest=1208
[WARN] batch start failed size=134 {50} split -> 67 {66} + 67 {67}
[WARN] batch start failed size=67 {53} split -> 33 {68} + 34 {69}
[INFO] {51} tested 100/135 kept=0 rest=1107
[WARN] batch start failed size=67 {54} split -> 33 {70} + 34 {71}
[INFO] {51} tested 135/135 kept=0 rest=964
[WARN] batch start failed size=67 {56} split -> 33 {72} + 34 {73}
[INFO] {52} tested 67/67 kept=32 rest=940
[INFO] {55} tested 67/67 kept=62 rest=910
[WARN] batch start failed size=67 {59} split -> 33 {74} + 34 {75}
[INFO] {57} tested 67/67 kept=26 rest=793
[INFO] {58} tested 67/67 kept=8 rest=758
[WARN] batch start failed size=67 {60} split -> 33 {76} + 34 {77}
[WARN] batch start failed size=67 {62} split -> 33 {78} + 34 {79}
[WARN] batch start failed size=68 {65} split -> 34 {80} + 34 {81}
[INFO] {61} tested 67/67 kept=13 rest=703
[WARN] batch start failed size=67 {66} split -> 33 {82} + 34 {83}
[INFO] {63} tested 67/67 kept=37 rest=578
[INFO] {67} tested 67/67 kept=4 rest=523
[INFO] {64} tested 67/67 kept=0 rest=517
[WARN] batch start failed size=34 {69} split -> 17 {84} + 17 {85}
[WARN] batch start failed size=34 {71} split -> 17 {86} + 17 {87}
[WARN] batch start failed size=34 {73} split -> 17 {88} + 17 {89}
[INFO] {68} tested 33/33 kept=7 rest=479
[INFO] {70} tested 33/33 kept=2 rest=437
[WARN] batch start failed size=34 {75} split -> 17 {90} + 17 {91}
[INFO] {72} tested 33/33 kept=0 rest=410
[WARN] batch start failed size=34 {77} split -> 17 {92} + 17 {93}
[INFO] {76} tested 33/33 kept=1 rest=343
[WARN] batch start failed size=33 {78} split -> 16 {94} + 17 {95}
[INFO] {74} tested 33/33 kept=4 rest=342
[WARN] batch start failed size=34 {80} split -> 17 {96} + 17 {97}
[INFO] {79} tested 34/34 kept=26 rest=333
[WARN] batch start failed size=33 {82} split -> 16 {98} + 17 {99}
[WARN] batch start failed size=17 {84} split -> 8 {100} + 9 {101}
[INFO] {81} tested 34/34 kept=1 rest=275
[WARN] batch start failed size=17 {86} split -> 8 {102} + 9 {103}
[INFO] {83} tested 34/34 kept=1 rest=255
[INFO] {88} tested 17/17 kept=0 rest=227
[INFO] {85} tested 17/17 kept=13 rest=225
[WARN] batch start failed size=17 {89} split -> 8 {104} + 9 {105}
[WARN] batch start failed size=17 {90} split -> 8 {106} + 9 {107}
[WARN] batch start failed size=17 {91} split -> 8 {108} + 9 {109}
[INFO] {87} tested 17/17 kept=14 rest=209
[WARN] batch start failed size=17 {93} split -> 8 {110} + 9 {111}
[WARN] batch start failed size=17 {95} split -> 8 {112} + 9 {113}
[WARN] batch start failed size=17 {96} split -> 8 {114} + 9 {115}
[INFO] {94} tested 16/16 kept=13 rest=184
[INFO] {92} tested 17/17 kept=2 rest=176
[WARN] batch start failed size=17 {99} split -> 8 {116} + 9 {117}
[INFO] {97} tested 17/17 kept=1 rest=158
[WARN] batch start failed size=9 {101} split -> 4 {118} + 5 {119}
[WARN] batch start failed size=8 {102} split -> 4 {120} + 4 {121}
[INFO] {98} tested 16/16 kept=3 rest=141
[WARN] batch start failed size=8 {104} split -> 4 {122} + 4 {123}
[INFO] {103} tested 9/9 kept=9 rest=138
[WARN] batch start failed size=9 {105} split -> 4 {124} + 5 {125}
[WARN] batch start failed size=8 {106} split -> 4 {126} + 4 {127}
[WARN] batch start failed size=9 {107} split -> 4 {128} + 5 {129}
[INFO] {100} tested 8/8 kept=1 rest=136
[WARN] batch start failed size=9 {109} split -> 4 {130} + 5 {131}
[WARN] batch start failed size=8 {108} split -> 4 {132} + 4 {133}
[WARN] batch start failed size=8 {110} split -> 4 {134} + 4 {135}
[WARN] batch start failed size=8 {112} split -> 4 {136} + 4 {137}
[WARN] batch start failed size=8 {114} split -> 4 {138} + 4 {139}
[INFO] {111} tested 9/9 kept=2 rest=118
[INFO] {113} tested 9/9 kept=7 rest=117
[WARN] batch start failed size=9 {117} split -> 4 {140} + 5 {141}
[INFO] {115} tested 9/9 kept=0 rest=104
[WARN] batch start failed size=5 {119} split -> 2 {142} + 3 {143}
[INFO] {116} tested 8/8 kept=1 rest=96
[INFO] {118} tested 4/4 kept=1 rest=95
[WARN] batch start failed size=4 {121} split -> 2 {144} + 2 {145}
[WARN] batch start failed size=4 {123} split -> 2 {146} + 2 {147}
[WARN] batch start failed size=4 {124} split -> 2 {148} + 2 {149}
[INFO] {120} tested 4/4 kept=0 rest=91
[INFO] {126} tested 4/4 kept=0 rest=83
[WARN] batch start failed size=4 {127} split -> 2 {150} + 2 {151}
[INFO] {125} tested 5/5 kept=0 rest=82
[WARN] batch start failed size=4 {128} split -> 2 {152} + 2 {153}
[WARN] batch start failed size=4 {130} split -> 2 {154} + 2 {155}
[INFO] {122} tested 4/4 kept=0 rest=78
[INFO] {129} tested 5/5 kept=0 rest=74
[WARN] batch start failed size=4 {133} split -> 2 {156} + 2 {157}
[INFO] {131} tested 5/5 kept=0 rest=70
[WARN] batch start failed size=4 {135} split -> 2 {158} + 2 {159}
[WARN] batch start failed size=4 {136} split -> 2 {160} + 2 {161}
[INFO] {132} tested 4/4 kept=0 rest=62
[INFO] {134} tested 4/4 kept=0 rest=58
[WARN] batch start failed size=4 {139} split -> 2 {162} + 2 {163}
[INFO] {137} tested 4/4 kept=3 rest=57
[WARN] batch start failed size=5 {141} split -> 2 {164} + 3 {165}
[INFO] {138} tested 4/4 kept=0 rest=54
[WARN] batch start failed size=3 {143} split -> 1 {166} + 2 {167}
[INFO] {140} tested 4/4 kept=0 rest=49
[WARN] batch start failed size=2 {145} split -> 1 {168} + 1 {169}
[INFO] {142} tested 2/2 kept=0 rest=48
[WARN] batch start failed size=2 {147} split -> 1 {170} + 1 {171}
[INFO] {144} tested 2/2 kept=0 rest=45
[WARN] batch start failed size=2 {148} split -> 1 {172} + 1 {173}
[WARN] batch start failed size=2 {149} split -> 1 {174} + 1 {175}
[WARN] batch start failed size=2 {151} split -> 1 {176} + 1 {177}
[WARN] batch start failed size=2 {152} split -> 1 {178} + 1 {179}
[WARN] batch start failed size=2 {153} split -> 1 {180} + 1 {181}
[WARN] batch start failed size=2 {154} split -> 1 {182} + 1 {183}
[INFO] {155} tested 2/2 kept=0 rest=42
[WARN] batch start failed size=2 {157} split -> 1 {184} + 1 {185}
[INFO] {146} tested 2/2 kept=0 rest=41
[WARN] batch start failed size=2 {156} split -> 1 {186} + 1 {187}
[INFO] {158} tested 2/2 kept=2 rest=39
[WARN] batch start failed size=2 {159} split -> 1 {188} + 1 {189}
[WARN] batch start failed size=2 {161} split -> 1 {190} + 1 {191}
[INFO] {150} tested 2/2 kept=0 rest=37
[WARN] batch start failed size=2 {162} split -> 1 {192} + 1 {193}
[WARN] batch start failed size=2 {164} split -> 1 {194} + 1 {195}
[WARN] batch start failed size=3 {165} split -> 1 {196} + 2 {197}
[WARN] batch start failed size=2 {167} split -> 1 {198} + 1 {199}
[INFO] {160} tested 2/2 kept=1 rest=36
[INFO] {163} tested 2/2 kept=0 rest=34
[INFO] {169} tested 1/1 kept=1 rest=33
[DROP] {168} name=[Free-clash-v2ray] hysteria server=5.83.129.143:26691 reason=Start initial configuration in progress
[DROP] {171} name=[ChromeGO-Merge] Taiwan server=www2.dtku48.xyz:22334 reason=Start initial configuration in progress
[DROP] {173} name=[ChromeGO-Merge] United-4 server=173.234.25.52:48919 reason=Start initial configuration in progress
[DROP] {172} name=[ChromeGO-Merge] France server=51.158.54.46:55396 reason=Start initial configuration in progress
[INFO] {166} tested 1/1 kept=0 rest=28
[DROP] {174} name=[ChromeGO-Merge] Taiwan-2 server=www.dtku40.xyz:18490 reason=Start initial configuration in progress
[DROP] {175} name=[ChromeGO-Merge] United-5 server=167.160.91.115:41189 reason=Start initial configuration in progress
[INFO] {176} tested 1/1 kept=0 rest=25
[DROP] {177} name=[ChromeGO-ShiteThings] hysteria server=62.210.70.191:23556 reason=Start initial configuration in progress
[DROP] {178} name=[ChromeGO-ShiteThings] hysteria-2 server=5.83.129.153:20088 reason=Start initial configuration in progress
[DROP] {179} name=[ChromeGO-ShiteThings] hysteria-3 server=5.83.129.90:54177 reason=Start initial configuration in progress
[DROP] {181} name=[ChromeGO-ShiteThings] hysteria-5 server=45.150.65.154:47119 reason=Start initial configuration in progress
[DROP] {180} name=[ChromeGO-ShiteThings] hysteria-4 server=5.83.129.153:27626 reason=Start initial configuration in progress
[DROP] {182} name=[ChromeGO-Merge] United-2 server=109.104.152.194:58510 reason=Start initial configuration in progress
[DROP] {184} name=[ChromeGO-Merge] United server=108.181.5.133:26022 reason=Start initial configuration in progress
[INFO] {183} tested 1/1 kept=0 rest=17
[DROP] {185} name=[ChromeGO-Merge] France_hysteria_1 server=62.210.243.131:18702 reason=Start initial configuration in progress
[INFO] {170} tested 1/1 kept=0 rest=15
[DROP] {187} name=[ChromeGO-Merge] WARP server=162.159.192.1:2408 reason=Start initial configuration in progress
[DROP] {188} name=[Pawdroid-ss-apk] United+Kingdom-4 server=82.38.31.189:8080 reason=Start initial configuration in progress
[INFO] {189} tested 1/1 kept=1 rest=12
[INFO] {190} tested 1/1 kept=1 rest=11
[DROP] {191} name=[Pawdroid-sr-apk] 美国+纽约州纽约BuyVM server=198.98.53.130:443 reason=Start initial configuration in progress
[DROP] {192} name=[Epodonios] EPODONIOS-7 server=18.193.13.65:22224 reason=Start initial configuration in progress
[DROP] {193} name=[Epodonios] EPODONIOS-8 server=35.181.70.2:22224 reason=Start initial configuration in progress
[DROP] {195} name=[Epodonios] EPODONIOS-100 server=78.38.246.150:8446 reason=Start initial configuration in progress
[DROP] {196} name=[Epodonios] EPODONIOS-101 server=92.119.166.62:2222 reason=Start initial configuration in progress
[INFO] {186} tested 1/1 kept=0 rest=5
[DROP] {198} name=[Free-clash-v2ray] 未知 SS-1521 | free-nodes server=192.0.2.1:1 reason=Start initial configuration in progress
[INFO] {199} tested 1/1 kept=0 rest=3
[INFO] {194} tested 1/1 kept=0 rest=2
[INFO] {197} tested 2/2 kept=0 rest=0
[INFO] dropped=23 [ChromeGO-Toolkit] × 1 | [Free-clash-v2ray] × 2 | [ChromeGO-Merge] × 9 | [ChromeGO-ShiteThings] × 5 | [Pawdroid-ss-apk] × 1 | [Pawdroid-sr-apk] × 1 | [Epodonios] × 4
============================================================
[INFO] cap live source=[免费节点2] from 84 to 50 by health_score
[INFO] cap live source=[免费节点8] from 186 to 50 by health_score
[INFO] cap live source=[Pawdroid-sr-apk] from 279 to 50 by health_score
[INFO] cap live source=[Pawdroid-ss-apk] from 90 to 50 by health_score
[INFO] cap live source=[Epodonios] from 61 to 50 by health_score
[INFO] cap live source=[Free-clash-v2ray] from 569 to 50 by health_score
[INFO] cap live total from 542 to 350 trim large sources first
============================================================
+------------------------------+--------+--------+------+--------+
| source                       |    raw | unique | live | capped |
+------------------------------+--------+--------+------+--------+
| [大FQ运动]                   |     14 |     14 |    3 |      3 |
+------------------------------+--------+--------+------+--------+
| [Pawdroid]                   |     22 |     21 |    3 |      3 |
+------------------------------+--------+--------+------+--------+
| [FreeV2-Base64]              |      3 |      3 |    2 |      2 |
+------------------------------+--------+--------+------+--------+
| [Bocchi2b-Base64]            |     35 |     35 |    0 |      0 |
+------------------------------+--------+--------+------+--------+
| [ChromeGO-Toolkit]           |     14 |     14 |    4 |      4 |
+------------------------------+--------+--------+------+--------+
| [ChromeGO-ShiteThings]       |     31 |     25 |    0 |      0 |
+------------------------------+--------+--------+------+--------+
| [ChromeGO-Merge]             |    125 |    123 |   11 |     11 |
+------------------------------+--------+--------+------+--------+
| [Freesocks]                  |      3 |      3 |    3 |      3 |
+------------------------------+--------+--------+------+--------+
| [NekoWarp]                   |     10 |     10 |   10 |     10 |
+------------------------------+--------+--------+------+--------+
| [OpenRunner-RSS]             |     14 |      0 |    0 |      0 |
+------------------------------+--------+--------+------+--------+
| [V2Rayshare-RSS]             |     27 |     26 |    3 |      3 |
+------------------------------+--------+--------+------+--------+
| [Mibei77-RSS]                |    108 |     82 |    1 |      1 |
+------------------------------+--------+--------+------+--------+
| [Yoyapai-RSS]                |    213 |    184 |    3 |      3 |
+------------------------------+--------+--------+------+--------+
| [免费节点1]                  |    125 |     25 |    5 |      5 |
+------------------------------+--------+--------+------+--------+
| [免费节点2]                  |    355 |    322 |   84 |     25 |
+------------------------------+--------+--------+------+--------+
| [免费节点3]                  |     49 |     34 |   29 |     25 |
+------------------------------+--------+--------+------+--------+
| [免费节点4]                  |    837 |    719 |   42 |     26 |
+------------------------------+--------+--------+------+--------+
| [免费节点5]                  |     29 |     28 |    0 |      0 |
+------------------------------+--------+--------+------+--------+
| [免费节点6]                  |    626 |    580 |    7 |      7 |
+------------------------------+--------+--------+------+--------+
| [免费节点7]                  |     64 |      8 |    1 |      1 |
+------------------------------+--------+--------+------+--------+
| [免费节点8]                  |   4217 |   3424 |  186 |     26 |
+------------------------------+--------+--------+------+--------+
| [免费节点9]                  |    615 |    456 |    0 |      0 |
+------------------------------+--------+--------+------+--------+
| [免费节点10]                 |   4515 |   3088 |   17 |     17 |
+------------------------------+--------+--------+------+--------+
| [免费节点11]                 |    424 |    195 |   19 |     19 |
+------------------------------+--------+--------+------+--------+
| [Pawdroid-sr-apk]            |    743 |    469 |  279 |     26 |
+------------------------------+--------+--------+------+--------+
| [Pawdroid-ss-apk]            |   1454 |   1036 |   90 |     26 |
+------------------------------+--------+--------+------+--------+
| [Clashfree]                  |   1379 |    558 |   31 |     26 |
+------------------------------+--------+--------+------+--------+
| [Epodonios]                  |   4299 |   3318 |   61 |     26 |
+------------------------------+--------+--------+------+--------+
| [Free-clash-v2ray]           |   4725 |   2242 |  569 |     26 |
+------------------------------+--------+--------+------+--------+
| [V2rayclashfree-RSS]         |   1028 |    153 |   48 |     26 |
+------------------------------+--------+--------+------+--------+
============================================================
[SUMMARY] total_nodes=26103
[SUMMARY] legal_candidates=17195
[SUMMARY] passed_latency_test=350
[SUMMARY] region_HK=2 region_JP=3 region_US=78
[SUMMARY] avg_latency_ms=377.25
[SUMMARY] output=/home/runner/work/Free-node-autotest/Free-node-autotest/output/clash.yaml
============================================================
