============================================================
[INFO] sublink try page: https://end-gfw.com
[OK] proxies=2 new=2 url=https://raw.githubusercontent.com/hello-world-1989/cn-news/refs/heads/main/clash.yaml
[OK] proxies=2 new=0 url=https://raw.githubusercontent.com/hello-world-1989/cn-news/main/end-gfw-together
[OK] proxies=2 new=2 url=https://raw.githubusercontent.com/hello-world-1989/cn-news/main/end-gfw-together-ss
[INFO] source try url: https://end-gfw.com/ss-key
[OK] proxies=4 new=4 url=https://end-gfw.com/ss-key
[INFO] sublink try repo: https://github.com/hello-world-1989/cn-news
[INFO] sublink try page: https://raw.githubusercontent.com/hello-world-1989/cn-news/main/README.md
[OK] proxies=6 new=6 url=https://raw.githubusercontent.com/hello-world-1989/v2-sub/main/end-gfw-together-af3e13
[OK] proxies=14 source=[大FQ运动] url=https://raw.githubusercontent.com/hello-world-1989/cn-news/main/README.md
============================================================
[INFO] sublink try repo: https://github.com/Pawdroid/Free-servers
[INFO] sublink try page: https://raw.githubusercontent.com/Pawdroid/Free-servers/main/README.md
[OK] proxies=16 new=16 url=https://raw.githubusercontent.com/Pawdroid/Free-servers/main/README.md
[OK] proxies=16 new=0 url=https://raw.githubusercontent.com/Pawdroid/Free-servers/main/sub
[OK] proxies=1 new=1 url=https://apps.apple.com/cn/app/shadowshare/id1612647259
[OK] proxies=17 source=[Pawdroid] url=https://raw.githubusercontent.com/Pawdroid/Free-servers/main/README.md
============================================================
[INFO] source try url: https://xmxosfepggzm.503403.xyz
[OK] proxies=2 new=2 url=https://xmxosfepggzm.503403.xyz
[OK] proxies=2 source=[FreeV2-Base64] url=https://xmxosfepggzm.503403.xyz
============================================================
[INFO] source try url: https://links.bocchi2b.top/clash
[OK] proxies=35 new=35 url=https://links.bocchi2b.top/clash
[OK] proxies=35 source=[Bocchi2b-Base64] url=https://links.bocchi2b.top/clash
============================================================
[INFO] toolkit try repo: https://github.com/bannedbook/fanqiang
[INFO] toolkit try release: https://github.com/bannedbook/fanqiang/releases
[INFO] toolkit try release: https://github.com/bannedbook/fanqiang/releases/expanded_assets/ChromeGo-latest
[INFO] toolkit try download: https://github.com/bannedbook/fanqiang/releases/download/ChromeGo-latest/ChromeGo.7z
[OK] toolkit downloaded: ChromeGo.7z bytes=100924352
[OK] toolkit extracted archive=ChromeGo.7z tool=7z files=222 dirs=45
[OK] toolkit discovered subs=107 embedded=12 archive=ChromeGo.7z
[OK] proxies=6 new=6 embedded=archive-config
[OK] proxies=7 new=5 url=https://gitlab.com/free9999/ipupdate/master/backup/img/1/2/{ipp|ip}/{hysteria2|singbox|naiveproxy|hysteria|xray}/{2|3|1|4}/config.json
[OK] proxies=7 new=0 url=https://www.67867867.xyz/Alvin9999/PAC/refs/heads/master/backup/img/1/2/{ipp|ip}/{hysteria2|singbox|naiveproxy|hysteria|xray}/{2|3|1|4}/config.json
[OK] proxies=3 new=3 url=https://gitlab.com/free9999/ipupdate/master/backup/img/1/2/{ipp|ip}/clash.meta2/{2|3|1|5|4|6}/config.yaml
[OK] proxies=3 new=0 url=https://www.67867867.xyz/Alvin9999/PAC/refs/heads/master/backup/img/1/2/{ipp|ip}/clash.meta2/{2|3|1|5|4|6}/config.yaml
[OK] proxies=14 source=[ChromeGO-Toolkit] url=https://github.com/bannedbook/fanqiang/releases/download/ChromeGo-latest/ChromeGo.7z
============================================================
[INFO] sublink try repo: https://github.com/ShiteThings/extractNodes
[INFO] sublink try page: https://raw.githubusercontent.com/ShiteThings/extractNodes/main/README.md
[OK] proxies=31 new=30 url=https://{chg26.makou.cc.cd|chg64.makou.cc.cd}
[OK] proxies=26 new=1 url=https://chg26.makou.cc.cd/sb
[OK] proxies=31 source=[ChromeGO-ShiteThings] url=https://raw.githubusercontent.com/ShiteThings/extractNodes/main/README.md
============================================================
[INFO] sublink try repo: https://github.com/shangui999/chromego_merge
[INFO] sublink try page: https://raw.githubusercontent.com/shangui999/chromego_merge/master/ReadMe.md
[OK] proxies=10 new=10 url=https://freedman.netlify.app/sub/merged_proxies_new.yaml
[OK] proxies=11 new=1 url=https://freedman.netlify.app/sub/merged_warp_proxies_new.yaml
[OK] proxies=11 new=6 url=https://freedman.netlify.app/sub/shadowrocket_base64.txt
[OK] proxies=16 new=16 url=https://freedman.netlify.app/sub/sb.json
[INFO] sublink try repo: https://github.com/yaney01/chromego
[INFO] sublink try page: https://raw.githubusercontent.com/yaney01/chromego/main/ReadMe.md
[OK] proxies=50 new=46 url=https://raw.githubusercontent.com/yaney01/chromego/main/sub/merged_proxies_new.yaml
[OK] proxies=51 new=0 url=https://raw.githubusercontent.com/yaney01/chromego/main/sub/merged_warp_proxies_new.yaml
[OK] proxies=13 new=7 url=https://raw.githubusercontent.com/yaney01/chromego/main/sub/shadowrocket_base64.txt
[OK] proxies=13 new=0 url=https://raw.githubusercontent.com/yaney01/chromego/main/sub/sb.json
[INFO] sublink try repo: https://github.com/Misaka-blog/chromego_merge
[INFO] sublink try page: https://raw.githubusercontent.com/Misaka-blog/chromego_merge/main/README.md
[OK] proxies=29 new=29 url=https://chromego-sub.netlify.app/sub/merged_proxies_new.yaml
[OK] proxies=115 source=[ChromeGO-Merge] url=https://raw.githubusercontent.com/Misaka-blog/chromego_merge/main/README.md
============================================================
[INFO] source try url: https://freesocks.org/api/v1/sub/02b897e8e77f19176b0b9f2c75864b00
[OK] proxies=3 new=3 url=https://freesocks.org/api/v1/sub/02b897e8e77f19176b0b9f2c75864b00
[OK] proxies=3 source=[Freesocks] url=https://freesocks.org/api/v1/sub/02b897e8e77f19176b0b9f2c75864b00
============================================================
[INFO] source try url: https://neko-warp.nloli.xyz/neko_warp.yaml
[OK] proxies=10 new=10 url=https://neko-warp.nloli.xyz/neko_warp.yaml
[OK] proxies=10 source=[NekoWarp] url=https://neko-warp.nloli.xyz/neko_warp.yaml
============================================================
[INFO] article try feed: https://free.datiya.com/index.xml
[INFO] sublink try page: https://free.datiya.com/post/20260914/
[OK] proxies=14 new=14 url=https://free.datiya.com/uploads/20260914-clash.yaml
[OK] proxies=14 source=[OpenRunner-RSS] url=https://free.datiya.com/post/20260914/
============================================================
[INFO] article try feed: https://v2rayshare.com/feed
[INFO] sublink try page: https://v2rayshare.net/p/5065.html
[OK] proxies=27 new=27 url=https://static.v2rayshare.net/2026/09/20260915.txt
[OK] proxies=27 new=0 url=https://static.v2rayshare.net/2026/09/20260915.yaml
[OK] proxies=27 new=0 url=https://static.v2rayshare.net/2026/09/m20260915.yaml
[INFO] sublink try repo: https://github.com/firefoxmmx2/v2rayshare_subcription
[INFO] sublink try page: https://raw.githubusercontent.com/firefoxmmx2/v2rayshare_subcription/main/README.md
[OK] proxies=27 new=0 url=https://{raw.githubusercontent.com|cdn.jsdelivr.net}/firefoxmmx2/v2rayshare_subcription/main/subscription/vray_sub.txt
[OK] proxies=27 new=0 url=https://{raw.githubusercontent.com|cdn.jsdelivr.net}/firefoxmmx2/v2rayshare_subcription/main/subscription/clash_sub.yaml
[OK] proxies=27 new=0 url=https://{raw.githubusercontent.com|cdn.jsdelivr.net}/firefoxmmx2/v2rayshare_subcription/main/subscription/mihomo_sub.yaml
[OK] proxies=27 source=[V2Rayshare-RSS] url=https://raw.githubusercontent.com/firefoxmmx2/v2rayshare_subcription/main/README.md
============================================================
[INFO] article try feed: https://www.mibei77.com/feed
[INFO] sublink try page: https://www.mibei77.com/671.html
[OK] proxies=121 new=121 url=https://mm.mibei77.com/202609/09.1564bavfg.txt
[OK] proxies=119 new=0 url=https://mm.mibei77.com/202609/0915Clashimc.yaml
[OK] proxies=121 source=[Mibei77-RSS] url=https://www.mibei77.com/671.html
============================================================
[INFO] article try feed: https://yoyapai.com/feed
[INFO] sublink try page: https://yoyapai.com/718
[OK] proxies=1 new=1 url=https://yoyapai.com/718
[OK] proxies=211 new=211 url=https://freenode.yoyapai.com/2026/09/15-yoyapai.com-clash-vpn-mianfeijiedian.yaml
[OK] proxies=211 new=0 url=https://freenode.yoyapai.com/2026/09/15-yoyapai.com-ssrv2ray-vpn-mianfeijiedian.txt
[OK] proxies=212 source=[Yoyapai-RSS] url=https://yoyapai.com/718
============================================================
[INFO] sublink try repo: https://github.com/free18/v2ray
[INFO] sublink try page: https://raw.githubusercontent.com/free18/v2ray/main/README.md
[OK] proxies=3 new=3 url=https://raw.githubusercontent.com/free18/v2ray/main/README.md
[OK] proxies=358 new=358 url=https://ghfast.top/https://raw.githubusercontent.com/free18/v2ray/refs/heads/main/v.txt
[OK] proxies=358 new=0 url=https://ghfast.top/https://raw.githubusercontent.com/free18/v2ray/refs/heads/main/c.yaml
[OK] proxies=361 source=[免费节点1] url=https://raw.githubusercontent.com/free18/v2ray/main/README.md
============================================================
[INFO] sublink try repo: https://github.com/ermaozi/get_subscribe
[INFO] sublink try page: https://raw.githubusercontent.com/ermaozi/get_subscribe/main/README.md
[INFO] sublink file_nodes=0 bare links=9
[OK] proxies=433 new=433 url=https://www.ermao.net/sub/{clash|v2ray}/ermao.net
[OK] proxies=431 new=0 url=https://www.ermao.net/sub/{reachable|unreachable|untested}/clash/ermao.net
[OK] proxies=433 source=[免费节点2] url=https://raw.githubusercontent.com/ermaozi/get_subscribe/main/README.md
============================================================
[INFO] sublink try repo: https://github.com/sunmiao4458/free-proxy-airport
[INFO] sublink try page: https://raw.githubusercontent.com/sunmiao4458/free-proxy-airport/main/README.md
[OK] proxies=57 new=57 url=https://sunmiao4458.github.io/free-proxy-airport/clash.yaml
[OK] proxies=57 source=[免费节点3] url=https://raw.githubusercontent.com/sunmiao4458/free-proxy-airport/main/README.md
============================================================
[INFO] sublink try repo: https://github.com/mfuu/FreeProxies
[INFO] sublink try page: https://raw.githubusercontent.com/mfuu/FreeProxies/master/README.md
[OK] proxies=835 new=835 url=https://raw.githubusercontent.com/mfuu/FreeProxies/master/sub.yaml
[OK] proxies=835 source=[免费节点4] url=https://raw.githubusercontent.com/mfuu/FreeProxies/master/README.md
============================================================
[INFO] sublink try repo: https://github.com/vxiaov/free_proxies
[INFO] sublink try page: https://raw.githubusercontent.com/vxiaov/free_proxies/main/README.md
[OK] proxies=1 new=1 url=https://raw.githubusercontent.com/vxiaov/free_proxies/main/README.md
[OK] proxies=28 new=28 url=https://{cdn.jsdelivr.net|raw.githubusercontent.com}/vxiaov/free_proxies/main/clash/clash.provider.yaml
[OK] proxies=29 source=[免费节点5] url=https://raw.githubusercontent.com/vxiaov/free_proxies/main/README.md
============================================================
[INFO] sublink try repo: https://github.com/anaer/Sub
[INFO] sublink try page: https://raw.githubusercontent.com/anaer/Sub/main/README.MD
[OK] proxies=647 new=647 url=https://anaer.github.io/Sub/clash.yaml
[OK] proxies=647 new=0 url=https://raw.githubusercontent.com/anaer/Sub/main/clash.yaml
[OK] proxies=647 source=[免费节点6] url=https://raw.githubusercontent.com/anaer/Sub/main/README.MD
============================================================
[INFO] sublink try repo: https://github.com/snakem982/proxypool
[INFO] sublink try page: https://raw.githubusercontent.com/snakem982/proxypool/main/README.md
[OK] proxies=63 new=63 url=https://raw.githubusercontent.com/snakem982/proxypool/main/source/clash-meta-2.yaml
[OK] proxies=62 new=1 url=https://raw.githubusercontent.com/snakem982/proxypool/main/source/v2ray-2.txt
[OK] proxies=58 new=0 url=https://raw.githubusercontent.com/snakem982/proxypool/main/source/sing-box-2.json
[OK] proxies=64 source=[免费节点7] url=https://raw.githubusercontent.com/snakem982/proxypool/main/README.md
============================================================
[INFO] sublink try repo: https://github.com/mahdibland/V2RayAggregator
[INFO] sublink try page: https://raw.githubusercontent.com/mahdibland/V2RayAggregator/master/README.md
[OK] proxies=374 new=374 url=https://raw.githubusercontent.com/mahdibland/V2RayAggregator/master/README.md
[OK] proxies=1 new=1 url=https://github.com/mahdibland/SSAggregator/actions/workflows/Collector.yml
[OK] proxies=1 new=0 url=https://github.com/mahdibland/SSAggregator/actions/workflows/Airport_Collector.yml
[OK] proxies=192 new=0 url=https://raw.githubusercontent.com/mahdibland/ShadowsocksAggregator/master/Eternity.txt
[OK] proxies=193 new=1 url=https://raw.githubusercontent.com/mahdibland/ShadowsocksAggregator/master/Eternity.yml
[OK] proxies=61 new=61 url=https://raw.githubusercontent.com/mahdibland/ShadowsocksAggregator/master/EternityAir.txt
[OK] proxies=3844 new=3564 url=https://raw.githubusercontent.com/mahdibland/SSAggregator/master/sub/sub_merge_base64.txt
[OK] proxies=3844 new=0 url=https://raw.githubusercontent.com/mahdibland/{SSAggregator|ShadowsocksAggregator}/master/sub/sub_merge.txt
[OK] proxies=4021 new=178 url=https://raw.githubusercontent.com/mahdibland/SSAggregator/master/sub/sub_merge_yaml.yml
[OK] proxies=61 new=0 url=https://raw.githubusercontent.com/mahdibland/SSAggregator/master/sub/airport_merge_base64.txt
[OK] proxies=61 new=0 url=https://raw.githubusercontent.com/mahdibland/SSAggregator/master/sub/airport_sub_merge.txt
[OK] proxies=1363 new=0 url=https://raw.githubusercontent.com/mahdibland/ShadowsocksAggregator/master/sub/splitted/vmess.txt
[OK] proxies=617 new=0 url=https://raw.githubusercontent.com/mahdibland/ShadowsocksAggregator/master/sub/splitted/trojan.txt
[OK] proxies=43 new=0 url=https://raw.githubusercontent.com/mahdibland/ShadowsocksAggregator/master/sub/splitted/ssr.txt
[OK] proxies=1821 new=0 url=https://raw.githubusercontent.com/mahdibland/ShadowsocksAggregator/master/sub/splitted/ss.txt
[OK] proxies=1 new=0 url=https://cdn.jsdelivr.net/gh/mahdibland/V2RayAggregator@master/update/provider/provider-meta.yml
[OK] proxies=1 new=0 url=https://cdn.jsdelivr.net/gh/mahdibland/V2RayAggregator@master/update/provider/provider-meta-cn.yml
[OK] proxies=1 new=0 url=https://cdn.jsdelivr.net/gh/mahdibland/V2RayAggregator@master/update/provider/provider-meta-others.yml
[OK] proxies=1 new=0 url=https://cdn.jsdelivr.net/gh/mahdibland/V2RayAggregator@master/update/provider/provider.yml
[OK] proxies=1 new=0 url=https://cdn.jsdelivr.net/gh/mahdibland/V2RayAggregator@master/update/provider/provider-cn.yml
[OK] proxies=1 new=0 url=https://cdn.jsdelivr.net/gh/mahdibland/V2RayAggregator@master/update/provider/provider-others.yml
[OK] proxies=4179 source=[免费节点8] url=https://raw.githubusercontent.com/mahdibland/V2RayAggregator/master/README.md
============================================================
[INFO] sublink try repo: https://github.com/w1770946466/Auto_proxy
[INFO] sublink try page: https://raw.githubusercontent.com/w1770946466/Auto_proxy/main/README.md
[OK] proxies=1 new=1 url=https://github.com/w1770946466/Auto_proxy/actions/workflows/main.yml
[OK] proxies=245 new=245 url=https://raw.githubusercontent.com/w1770946466/Auto_proxy/main/{Long_term_subscription2.yaml|Long_term_subscription1.yaml|Long_term_subscription3.yaml}
[OK] proxies=489 new=54 url=https://raw.githubusercontent.com/w1770946466/Auto_proxy/main/{Long_term_subscription1|Long_term_subscription2|Long_term_subscription3|Long_term_subscription4|Long_term_subscription5|Long_term_subscription6|Long_term_subscription7|Long_term_subscription8}
[OK] proxies=489 new=315 url=https://raw.githubusercontent.com/w1770946466/Auto_proxy/main/Long_term_subscription_num
[OK] proxies=615 source=[免费节点9] url=https://raw.githubusercontent.com/w1770946466/Auto_proxy/main/README.md
============================================================
[INFO] sublink try repo: https://github.com/PuddinCat/BestClash
[INFO] sublink try page: https://raw.githubusercontent.com/PuddinCat/BestClash/main/README.md
[OK] proxies=16 new=16 url=https://raw.githubusercontent.com/PuddinCat/BestClash/main/proxies.yaml
[OK] proxies=28 new=28 url=https://cdn.jsdelivr.net/gh/vxiaov/free_proxies@main/clash/clash.provider.yaml
[OK] proxies=24 new=24 url=https://freenode.openrunner.net/uploads/20240807-clash.yaml
[OK] proxies=29 new=29 url=https://raw.githubusercontent.com/Misaka-blog/chromego_merge/main/sub/merged_proxies_new.yaml
[OK] proxies=3795 new=3766 url=https://raw.githubusercontent.com/{NiceVPN123|anaer}/{NiceVPN|Sub}/main/{Clash.yaml|clash.yaml}
[OK] proxies=30 new=6 url=https://raw.githubusercontent.com/{chengaopan|peasoft}/{AutoMergePublicNodes|NoMoreWalls}/master/list.yml
[OK] proxies=431 new=393 url=https://raw.githubusercontent.com/{ermaozi|ermaozi01}/{get_subscribe|free_clash_vpn}/main/subscribe/clash.yml
[OK] proxies=193 new=174 url=https://raw.githubusercontent.com/mahdibland/ShadowsocksAggregator/master/Eternity.yml
[OK] proxies=165 new=160 url=https://raw.githubusercontent.com/ronghuaxueleng/get_v2/main/pub/combine.yaml
[OK] proxies=144 new=3 url=https://raw.githubusercontent.com/zhangkaiitugithub/passcro/main/speednodes.yaml
[OK] proxies=4599 source=[免费节点10] url=https://raw.githubusercontent.com/PuddinCat/BestClash/main/README.md
============================================================
[INFO] sublink try repo: https://github.com/kooker/FreeSubsCheck
[INFO] sublink try page: https://raw.githubusercontent.com/kooker/FreeSubsCheck/main/README.md
[OK] proxies=4 new=4 url=https://raw.githubusercontent.com/kooker/FreeSubsCheck/main/mihomo.yaml
[OK] proxies=4 new=0 url=https://raw.githubusercontent.com/kooker/FreeSubsCheck/main/all.yaml
[OK] proxies=3 new=0 url=https://raw.githubusercontent.com/kooker/FreeSubsCheck/main/base64.txt
[OK] proxies=10 new=9 url=https://raw.githubusercontent.com/kooker/FreeSubsCheck/main/byxiaoxi.txt
[OK] proxies=419 new=415 url=https://raw.githubusercontent.com/kooker/FreeSubsCheck/main/kooker.jp.txt
[OK] proxies=428 source=[免费节点11] url=https://raw.githubusercontent.com/kooker/FreeSubsCheck/main/README.md
============================================================
[INFO] toolkit try repo: https://github.com/Pawdroid/shadowrocket_for_android
[INFO] toolkit try release: https://github.com/Pawdroid/shadowrocket_for_android/releases
[INFO] toolkit try release: https://github.com/Pawdroid/shadowrocket_for_android/releases/expanded_assets/10.10.51
[INFO] toolkit try download: https://github.com/Pawdroid/shadowrocket_for_android/releases/download/10.10.51/Shadowrocket_10.10.51_shadowrocketStandard_arm64-v8a.apk
[OK] toolkit downloaded: Shadowrocket_10.10.51_shadowrocketStandard_arm64-v8a.apk bytes=41111539
[OK] toolkit extracted archive=Shadowrocket_10.10.51_shadowrocketStandard_arm64-v8a.apk tool=zipfile files=1175 dirs=44
[OK] toolkit sr-apk scanned prefixes=36 files=6 keys=2 archive=Shadowrocket_10.10.51_shadowrocketStandard_arm64-v8a.apk
[OK] proxies=1016 new=1016 url=https://{cdn.jsdelivr.net|raw.githubusercontent.com}/pixelor/ecfg/main/data/ecfg6_zh
[OK] proxies=113 new=65 url=https://{cdn.jsdelivr.net|raw.githubusercontent.com}/pixelor/ecfg/main/data/ecfg6
[OK] proxies=985 new=72 url=https://{raw.githubusercontent.com|cdn.jsdelivr.net}/pixelor/ecfg/main/data/ecfg6_en
[OK] proxies=80 new=0 url=https://{files.shadowrockets.app|cdn.shadowrockets.app}/ecfg/data/ecfg6
[OK] proxies=822 new=0 url=https://{files.shadowrockets.app|cdn.shadowrockets.app}/ecfg/data/ecfg6_zh
[OK] proxies=822 new=0 url=https://{files.shadowrockets.app|cdn.shadowrockets.app}/ecfg/data/ecfg6_en
[OK] proxies=1153 source=[Pawdroid-sr-apk] url=https://github.com/Pawdroid/shadowrocket_for_android/releases/download/10.10.51/Shadowrocket_10.10.51_shadowrocketStandard_arm64-v8a.apk
============================================================
[INFO] toolkit try page: https://shadowshare.v2cross.com
[INFO] toolkit try download: https://shadowshare.v2cross.com/shadowshare.apk
[OK] toolkit downloaded: shadowshare.apk bytes=62868122
[OK] toolkit extracted archive=shadowshare.apk tool=zipfile files=612 dirs=39
[OK] toolkit ss-apk scanned prefixes=10 files=3 keys=1 archive=shadowshare.apk
[OK] proxies=1386 new=1386 url=https://{raw.githubusercontent.com|jsd.onmicrosoft.cn}/hideme9527/ecsfg/main/data/sareserver_en
[OK] proxies=171 new=68 url=https://{jsd.onmicrosoft.cn|raw.githubusercontent.com}/hideme9527/ecsfg/main/data/sareserver
[OK] proxies=171 new=0 url=https://{shadowsharing.com|sare.159236.xyz}/data/sareserver
[OK] proxies=1386 new=0 url=https://{shadowsharing.com|sare.159236.xyz}/data/sareserver_en
[OK] proxies=171 new=0 url=https://gitee.com/api/v5/repos/{guoyoucai1|elvenapp|zhiminghao}/ecsfg/raw/data/sareserver
[OK] proxies=1386 new=0 url=https://gitee.com/api/v5/repos/{elvenapp|guoyoucai1|zhiminghao}/ecsfg/raw/data/sareserver_en
[OK] proxies=1454 source=[Pawdroid-ss-apk] url=https://shadowshare.v2cross.com/shadowshare.apk
============================================================
[INFO] sublink try repo: https://github.com/free-nodes/clashfree
[INFO] sublink try page: https://raw.githubusercontent.com/free-nodes/clashfree/main/README.md
[OK] proxies=1372 new=1372 url=https://raw.githubusercontent.com/free-nodes/clashfree/main/README.md
[OK] proxies=1372 new=0 url=https://raw.githubusercontent.com/free-nodes/clashfree/main/clash20260915.yml
[OK] proxies=1 new=1 url=https://github.com/free-nodes/clashfree/blob/main/clash20260915.yml
[OK] proxies=1373 source=[Clashfree] url=https://raw.githubusercontent.com/free-nodes/clashfree/main/README.md
============================================================
[INFO] sublink try repo: https://github.com/Epodonios/v2ray-configs
[INFO] sublink try page: https://raw.githubusercontent.com/Epodonios/v2ray-configs/main/README.md
[OK] proxies=1 new=1 url=https://github.com/Epodonios/V2ray-Configs/actions/workflows/main.yml
[OK] proxies=4113 new=4113 url=https://github.com/Epodonios/v2ray-configs/raw/main/All_Configs_Sub.txt
[OK] proxies=4113 new=0 url=https://github.com/Epodonios/v2ray-configs/raw/main/All_Configs_base64_Sub.txt
[OK] proxies=3317 new=115 url=https://github.com/Epodonios/v2ray-configs/raw/main/Splitted-By-Protocol/vless.txt
[OK] proxies=159 new=7 url=https://github.com/Epodonios/v2ray-configs/raw/main/Splitted-By-Protocol/vmess.txt
[OK] proxies=424 new=53 url=https://github.com/Epodonios/v2ray-configs/raw/main/Splitted-By-Protocol/ss.txt
[OK] proxies=148 new=2 url=https://github.com/Epodonios/v2ray-configs/raw/main/Splitted-By-Protocol/trojan.txt
[OK] proxies=4113 new=0 url=https://raw.githubusercontent.com/Epodonios/v2ray-configs/main/{Sub1.txt|Sub2.txt|Sub3.txt|Sub4.txt|Sub5.txt|Sub6.txt|Sub7.txt|Sub8.txt|Sub9.txt}
[OK] proxies=4291 source=[Epodonios] url=https://raw.githubusercontent.com/Epodonios/v2ray-configs/main/README.md
============================================================
[INFO] sublink try repo: https://github.com/free-clash-v2ray/free-clash-v2ray.github.io
[INFO] sublink try page: https://raw.githubusercontent.com/free-clash-v2ray/free-clash-v2ray.github.io/main/README.md
[OK] proxies=2890 new=2890 url=https://free-clash-v2ray.github.io/uploads/2026/09/{0-20260913.yaml|1-20260913.yaml|2-20260913.yaml|3-20260913.yaml}
[OK] proxies=4384 new=1835 url=https://free-clash-v2ray.github.io/uploads/2026/09/{0-20260913.txt|1-20260913.txt|2-20260913.txt|3-20260913.txt|4-20260913.txt}
[OK] proxies=4725 source=[Free-clash-v2ray] url=https://raw.githubusercontent.com/free-clash-v2ray/free-clash-v2ray.github.io/main/README.md
============================================================
[INFO] article try page: https://v2rayclashfree.com
[INFO] sublink try page: https://v2rayclashfree.com/fn/20260914.html
[OK] proxies=1295 new=1295 url=https://v2rayclashfree.com/sub/20260914-v2ray.txt
[OK] proxies=1084 new=395 url=https://v2rayclashfree.com/sub/20260914-clash.yaml
[OK] proxies=1690 source=[V2rayclashfree-RSS] url=https://v2rayclashfree.com/fn/20260914.html
============================================================
[INFO] raw backup written path=/home/runner/work/Free-node-autotest/Free-node-autotest/output/raw.yaml proxies=27550
[INFO] toolkit try repo: https://github.com/MetaCubeX/mihomo
[INFO] toolkit try release: https://github.com/MetaCubeX/mihomo/releases
[INFO] toolkit try release: https://github.com/MetaCubeX/mihomo/releases/expanded_assets/v1.19.31
[INFO] toolkit try download: https://github.com/MetaCubeX/mihomo/releases/download/v1.19.31/mihomo-linux-amd64-compatible-v1.19.31.gz
[OK] toolkit downloaded: mihomo-linux-amd64-compatible-v1.19.31.gz bytes=22821836
[OK] toolkit sha256 verified: mihomo-linux-amd64-compatible-v1.19.31.gz sha256=04cf9f09671704f839ddbee2e93069dc831a4123a75281e725d1d96ab9ac1afc
[OK] proxy engine ready: starting latency test package=mihomo-linux-amd64-compatible-v1.19.31.gz
============================================================
[WARN] batch start failed size=17560 {1} split -> 8780 {2} + 8780 {3}
[WARN] batch start failed size=8780 {2} split -> 4390 {4} + 4390 {5}
[WARN] batch start failed size=8780 {3} split -> 4390 {6} + 4390 {7}
[WARN] batch start failed size=4390 {4} split -> 2195 {8} + 2195 {9}
[WARN] batch start failed size=2195 {8} split -> 1097 {10} + 1098 {11}
[WARN] batch start failed size=4390 {6} split -> 2195 {12} + 2195 {13}
[INFO] {9} tested 100/2195 kept=0 rest=17376
[INFO] {5} tested 100/4390 kept=0 rest=17341
[WARN] batch start failed size=4390 {7} split -> 2195 {14} + 2195 {15}
[INFO] {9} tested 200/2195 kept=0 rest=17130
[INFO] {5} tested 200/4390 kept=0 rest=17096
[INFO] {9} tested 300/2195 kept=23 rest=16976
[INFO] {9} tested 400/2195 kept=78 rest=16856
[INFO] {11} tested 100/1098 kept=26 rest=16788
[INFO] {5} tested 300/4390 kept=0 rest=16670
[INFO] {9} tested 500/2195 kept=91 rest=16520
[INFO] {11} tested 200/1098 kept=27 rest=16428
[INFO] {5} tested 400/4390 kept=0 rest=16287
[INFO] {9} tested 600/2195 kept=91 rest=16204
[INFO] {5} tested 500/4390 kept=0 rest=16149
[INFO] {9} tested 700/2195 kept=91 rest=16054
[INFO] {11} tested 300/1098 kept=30 rest=15995
[INFO] {11} tested 400/1098 kept=40 rest=15876
[INFO] {9} tested 800/2195 kept=91 rest=15760
[INFO] {5} tested 600/4390 kept=0 rest=15670
[INFO] {9} tested 900/2195 kept=91 rest=15541
[INFO] {11} tested 500/1098 kept=69 rest=15536
[INFO] {11} tested 600/1098 kept=70 rest=15423
[INFO] {5} tested 700/4390 kept=0 rest=15232
[INFO] {9} tested 1000/2195 kept=91 rest=15120
[INFO] {11} tested 700/1098 kept=70 rest=15116
[INFO] {11} tested 800/1098 kept=70 rest=14990
[INFO] {11} tested 900/1098 kept=70 rest=14865
[INFO] {5} tested 800/4390 kept=0 rest=14684
[INFO] {11} tested 1000/1098 kept=70 rest=14663
[INFO] {9} tested 1100/2195 kept=91 rest=14575
[INFO] {9} tested 1200/2195 kept=91 rest=14413
[INFO] {5} tested 900/4390 kept=0 rest=14354
[INFO] {11} tested 1098/1098 kept=71 rest=14339
[INFO] {5} tested 1000/4390 kept=0 rest=14232
[INFO] {5} tested 1100/4390 kept=0 rest=14105
[INFO] {9} tested 1300/2195 kept=91 rest=14032
[WARN] batch start failed size=1097 {10} split -> 548 {16} + 549 {17}
[WARN] batch start failed size=2195 {12} split -> 1097 {18} + 1098 {19}
[WARN] batch start failed size=2195 {13} split -> 1097 {20} + 1098 {21}
[INFO] {5} tested 1200/4390 kept=0 rest=13903
[INFO] {5} tested 1300/4390 kept=0 rest=13790
[INFO] {5} tested 1400/4390 kept=0 rest=13666
[INFO] {9} tested 1400/2195 kept=91 rest=13653
[INFO] {5} tested 1500/4390 kept=0 rest=13521
[INFO] {5} tested 1600/4390 kept=0 rest=13390
[WARN] batch start failed size=2195 {14} split -> 1097 {22} + 1098 {23}
[INFO] {9} tested 1500/2195 kept=91 rest=13342
[WARN] batch start failed size=2195 {15} split -> 1097 {24} + 1098 {25}
[WARN] batch start failed size=548 {16} split -> 274 {26} + 274 {27}
[INFO] {5} tested 1700/4390 kept=0 rest=13228
[INFO] {5} tested 1800/4390 kept=0 rest=13065
[INFO] {9} tested 1600/2195 kept=91 rest=13013
[INFO] {17} tested 100/549 kept=14 rest=12875
[INFO] {17} tested 200/549 kept=24 rest=12739
[INFO] {5} tested 1900/4390 kept=7 rest=12651
[INFO] {5} tested 2000/4390 kept=8 rest=12503
[INFO] {9} tested 1700/2195 kept=91 rest=12492
[INFO] {17} tested 300/549 kept=72 rest=12398
[INFO] {9} tested 1800/2195 kept=99 rest=12234
[INFO] {17} tested 400/549 kept=142 rest=12187
[INFO] {9} tested 1900/2195 kept=183 rest=12083
[INFO] {5} tested 2100/4390 kept=8 rest=11944
[INFO] {9} tested 2000/2195 kept=211 rest=11870
[INFO] {17} tested 500/549 kept=154 rest=11772
[INFO] {5} tested 2200/4390 kept=9 rest=11633
[INFO] {9} tested 2100/2195 kept=211 rest=11557
[INFO] {17} tested 549/549 kept=154 rest=11506
[INFO] {5} tested 2300/4390 kept=9 rest=11495
[INFO] {5} tested 2400/4390 kept=10 rest=11380
[INFO] {18} tested 100/1097 kept=0 rest=11275
[INFO] {18} tested 200/1097 kept=0 rest=11169
[INFO] {9} tested 2195/2195 kept=211 rest=11029
[INFO] {5} tested 2500/4390 kept=10 rest=10965
[WARN] batch start failed size=1098 {19} split -> 549 {28} + 549 {29}
[INFO] {18} tested 300/1097 kept=0 rest=10822
[INFO] {5} tested 2600/4390 kept=10 rest=10735
[INFO] {18} tested 400/1097 kept=0 rest=10717
[WARN] batch start failed size=1097 {20} split -> 548 {30} + 549 {31}
[WARN] batch start failed size=1098 {21} split -> 549 {32} + 549 {33}
[INFO] {22} tested 100/1097 kept=1 rest=10448
[INFO] {5} tested 2700/4390 kept=10 rest=10400
[INFO] {22} tested 200/1097 kept=10 rest=10278
[INFO] {18} tested 500/1097 kept=0 rest=10192
[INFO] {5} tested 2800/4390 kept=10 rest=10098
[INFO] {18} tested 600/1097 kept=0 rest=10076
[INFO] {18} tested 700/1097 kept=17 rest=9941
[INFO] {22} tested 300/1097 kept=14 rest=9875
[INFO] {22} tested 400/1097 kept=14 rest=9709
[INFO] {5} tested 2900/4390 kept=10 rest=9672
[INFO] {22} tested 500/1097 kept=16 rest=9565
[INFO] {18} tested 800/1097 kept=23 rest=9379
[INFO] {18} tested 900/1097 kept=82 rest=9260
[INFO] {22} tested 600/1097 kept=16 rest=9149
[INFO] {18} tested 1000/1097 kept=153 rest=9137
[INFO] {5} tested 3000/4390 kept=13 rest=9043
[INFO] {22} tested 700/1097 kept=17 rest=8940
[INFO] {5} tested 3100/4390 kept=14 rest=8820
[INFO] {18} tested 1097/1097 kept=198 rest=8714
[INFO] {22} tested 800/1097 kept=18 rest=8704
[WARN] batch start failed size=1098 {23} split -> 549 {34} + 549 {35}
[INFO] {22} tested 900/1097 kept=19 rest=8543
[INFO] {5} tested 3200/4390 kept=14 rest=8452
[INFO] {22} tested 1000/1097 kept=20 rest=8405
[INFO] {24} tested 100/1097 kept=90 rest=8283
[INFO] {24} tested 200/1097 kept=179 rest=8140
[INFO] {24} tested 300/1097 kept=267 rest=8011
[INFO] {5} tested 3300/4390 kept=16 rest=7916
[INFO] {24} tested 400/1097 kept=362 rest=7875
[INFO] {24} tested 500/1097 kept=449 rest=7760
[INFO] {24} tested 600/1097 kept=537 rest=7642
[INFO] {24} tested 700/1097 kept=623 rest=7528
[INFO] {24} tested 800/1097 kept=695 rest=7426
[INFO] {24} tested 900/1097 kept=775 rest=7326
[INFO] {24} tested 1000/1097 kept=843 rest=7224
[INFO] {5} tested 3400/4390 kept=16 rest=7098
[INFO] {5} tested 3500/4390 kept=16 rest=6962
[INFO] {22} tested 1097/1097 kept=20 rest=6940
[INFO] {5} tested 3600/4390 kept=16 rest=6849
[WARN] batch start failed size=1098 {25} split -> 549 {36} + 549 {37}
[INFO] {24} tested 1097/1097 kept=902 rest=6762
[INFO] {27} tested 100/274 kept=7 rest=6662
[WARN] batch start failed size=274 {26} split -> 137 {38} + 137 {39}
[WARN] batch start failed size=549 {28} split -> 274 {40} + 275 {41}
[INFO] {27} tested 200/274 kept=17 rest=6547
[INFO] {5} tested 3700/4390 kept=16 rest=6525
[WARN] batch start failed size=549 {29} split -> 274 {42} + 275 {43}
[INFO] {5} tested 3800/4390 kept=16 rest=6420
[WARN] batch start failed size=549 {31} split -> 274 {44} + 275 {45}
[INFO] {5} tested 3900/4390 kept=16 rest=6319
[INFO] {5} tested 4000/4390 kept=16 rest=6120
[INFO] {30} tested 100/548 kept=15 rest=6105
[INFO] {27} tested 274/274 kept=17 rest=6031
[WARN] batch start failed size=549 {32} split -> 274 {46} + 275 {47}
[INFO] {5} tested 4100/4390 kept=16 rest=5929
[INFO] {5} tested 4200/4390 kept=16 rest=5828
[INFO] {33} tested 100/549 kept=1 rest=5660
[INFO] {5} tested 4300/4390 kept=16 rest=5565
[INFO] {33} tested 200/549 kept=2 rest=5501
[INFO] {30} tested 200/548 kept=27 rest=5398
[INFO] {33} tested 300/549 kept=5 rest=5226
[INFO] {30} tested 300/548 kept=45 rest=5216
[INFO] {33} tested 400/549 kept=6 rest=4991
[INFO] {5} tested 4390/4390 kept=16 rest=4913
[WARN] batch start failed size=549 {35} split -> 274 {48} + 275 {49}
[INFO] {33} tested 500/549 kept=6 rest=4871
[INFO] {30} tested 400/548 kept=90 rest=4860
[INFO] {34} tested 100/549 kept=2 rest=4676
[INFO] {34} tested 200/549 kept=4 rest=4565
[INFO] {30} tested 500/548 kept=90 rest=4424
[INFO] {33} tested 549/549 kept=7 rest=4423
[WARN] batch start failed size=549 {37} split -> 274 {50} + 275 {51}
[INFO] {30} tested 548/548 kept=90 rest=4375
[INFO] {34} tested 300/549 kept=8 rest=4366
[WARN] batch start failed size=137 {38} split -> 68 {52} + 69 {53}
[INFO] {36} tested 100/549 kept=68 rest=4187
[INFO] {36} tested 200/549 kept=137 rest=4087
[INFO] {36} tested 300/549 kept=204 rest=3981
[WARN] batch start failed size=137 {39} split -> 68 {54} + 69 {55}
[INFO] {36} tested 400/549 kept=278 rest=3871
[INFO] {34} tested 400/549 kept=12 rest=3828
[INFO] {36} tested 500/549 kept=337 rest=3747
[INFO] {40} tested 100/274 kept=86 rest=3576
[INFO] {40} tested 200/274 kept=172 rest=3472
[INFO] {34} tested 500/549 kept=15 rest=3420
[INFO] {36} tested 549/549 kept=364 rest=3372
[WARN] batch start failed size=275 {41} split -> 137 {56} + 138 {57}
[INFO] {34} tested 549/549 kept=15 rest=3320
[WARN] batch start failed size=274 {42} split -> 137 {58} + 137 {59}
[WARN] batch start failed size=275 {45} split -> 137 {60} + 138 {61}
[INFO] {40} tested 274/274 kept=178 rest=3294
[INFO] {43} tested 100/275 kept=49 rest=3194
[INFO] {43} tested 200/275 kept=95 rest=3094
[INFO] {44} tested 100/274 kept=1 rest=2957
[INFO] {44} tested 200/274 kept=1 rest=2857
[INFO] {47} tested 100/275 kept=2 rest=2705
[INFO] {43} tested 275/275 kept=118 rest=2569
[WARN] batch start failed size=274 {46} split -> 137 {62} + 137 {63}
[INFO] {44} tested 274/274 kept=10 rest=2556
[INFO] {47} tested 200/275 kept=5 rest=2545
[WARN] batch start failed size=275 {49} split -> 137 {64} + 138 {65}
[INFO] {48} tested 100/274 kept=2 rest=2372
[INFO] {47} tested 275/275 kept=5 rest=2351
[WARN] batch start failed size=274 {50} split -> 137 {66} + 137 {67}
[WARN] batch start failed size=275 {51} split -> 137 {68} + 138 {69}
[WARN] batch start failed size=69 {53} split -> 34 {70} + 35 {71}
[WARN] batch start failed size=68 {54} split -> 34 {72} + 34 {73}
[INFO] {48} tested 200/274 kept=11 rest=2202
[INFO] {48} tested 274/274 kept=11 rest=2126
[WARN] batch start failed size=137 {56} split -> 68 {74} + 69 {75}
[INFO] {52} tested 68/68 kept=9 rest=2084
[INFO] {59} tested 100/137 kept=50 rest=1919
[INFO] {55} tested 69/69 kept=22 rest=1856
[INFO] {57} tested 100/138 kept=56 rest=1844
[WARN] batch start failed size=137 {58} split -> 68 {76} + 69 {77}
[INFO] {60} tested 100/137 kept=5 rest=1731
[INFO] {57} tested 138/138 kept=67 rest=1677
[INFO] {59} tested 137/137 kept=63 rest=1675
[WARN] batch start failed size=138 {61} split -> 69 {78} + 69 {79}
[WARN] batch start failed size=137 {62} split -> 68 {80} + 69 {81}
[WARN] batch start failed size=138 {65} split -> 69 {82} + 69 {83}
[INFO] {60} tested 137/137 kept=7 rest=1554
[INFO] {64} tested 100/137 kept=10 rest=1452
[WARN] batch start failed size=137 {66} split -> 68 {84} + 69 {85}
[INFO] {67} tested 100/137 kept=81 rest=1333
[INFO] {63} tested 100/137 kept=4 rest=1327
[INFO] {63} tested 137/137 kept=4 rest=1289
[WARN] batch start failed size=137 {68} split -> 68 {86} + 69 {87}
[INFO] {64} tested 137/137 kept=12 rest=1269
[WARN] batch start failed size=34 {70} split -> 17 {88} + 17 {89}
[WARN] batch start failed size=35 {71} split -> 17 {90} + 18 {91}
[INFO] {69} tested 100/138 kept=70 rest=1146
[INFO] {67} tested 137/137 kept=85 rest=1133
[WARN] batch start failed size=34 {73} split -> 17 {92} + 17 {93}
[WARN] batch start failed size=17 {92} split -> 8 {94} + 9 {95}
[WARN] batch start failed size=69 {75} split -> 34 {96} + 35 {97}
[WARN] batch start failed size=69 {77} split -> 34 {98} + 35 {99}
[INFO] {69} tested 138/138 kept=82 rest=1018
[WARN] batch start failed size=69 {79} split -> 34 {100} + 35 {101}
[INFO] {72} tested 34/34 kept=0 rest=999
[WARN] batch start failed size=68 {80} split -> 34 {102} + 34 {103}
[INFO] {76} tested 68/68 kept=49 rest=905
[WARN] batch start failed size=69 {82} split -> 34 {104} + 35 {105}
[INFO] {83} tested 69/69 kept=64 rest=836
[WARN] batch start failed size=68 {84} split -> 34 {106} + 34 {107}
[INFO] {78} tested 69/69 kept=2 rest=754
[INFO] {81} tested 69/69 kept=4 rest=725
[WARN] batch start failed size=68 {86} split -> 34 {108} + 34 {109}
[INFO] {85} tested 69/69 kept=65 rest=650
[WARN] batch start failed size=17 {89} split -> 8 {110} + 9 {111}
[WARN] batch start failed size=18 {91} split -> 9 {112} + 9 {113}
[WARN] batch start failed size=17 {90} split -> 8 {114} + 9 {115}
[INFO] {87} tested 69/69 kept=16 rest=636
[WARN] batch start failed size=17 {93} split -> 8 {116} + 9 {117}
[INFO] {88} tested 17/17 kept=6 rest=585
[WARN] batch start failed size=9 {95} split -> 4 {118} + 5 {119}
[INFO] {74} tested 68/68 kept=12 rest=528
[WARN] batch start failed size=34 {96} split -> 17 {120} + 17 {121}
[INFO] {94} tested 8/8 kept=0 rest=527
[WARN] batch start failed size=35 {99} split -> 17 {122} + 18 {123}
[INFO] {97} tested 35/35 kept=28 rest=514
[WARN] batch start failed size=34 {100} split -> 17 {124} + 17 {125}
[INFO] {98} tested 34/34 kept=15 rest=465
[WARN] batch start failed size=34 {102} split -> 17 {126} + 17 {127}
[INFO] {122} tested 17/17 kept=0 rest=457
[WARN] batch start failed size=34 {104} split -> 17 {128} + 17 {129}
[INFO] {103} tested 34/34 kept=1 rest=421
[WARN] batch start failed size=34 {107} split -> 17 {130} + 17 {131}
[INFO] {105} tested 35/35 kept=8 rest=348
[INFO] {106} tested 34/34 kept=13 rest=340
[WARN] batch start failed size=34 {108} split -> 17 {132} + 17 {133}
[WARN] batch start failed size=9 {111} split -> 4 {134} + 5 {135}
[INFO] {109} tested 34/34 kept=17 rest=328
[WARN] batch start failed size=9 {112} split -> 4 {136} + 5 {137}
[WARN] batch start failed size=8 {114} split -> 4 {138} + 4 {139}
[WARN] batch start failed size=9 {115} split -> 4 {140} + 5 {141}
[INFO] {110} tested 8/8 kept=2 rest=319
[WARN] batch start failed size=8 {116} split -> 4 {142} + 4 {143}
[INFO] {113} tested 9/9 kept=0 rest=310
[WARN] batch start failed size=5 {119} split -> 2 {144} + 3 {145}
[INFO] {117} tested 9/9 kept=1 rest=302
[WARN] batch start failed size=17 {121} split -> 8 {146} + 9 {147}
[INFO] {118} tested 4/4 kept=0 rest=278
[WARN] batch start failed size=18 {123} split -> 9 {148} + 9 {149}
[INFO] {120} tested 17/17 kept=11 rest=277
[WARN] batch start failed size=17 {124} split -> 8 {150} + 9 {151}
[WARN] batch start failed size=17 {127} split -> 8 {152} + 9 {153}
[INFO] {101} tested 35/35 kept=1 rest=249
[INFO] {125} tested 17/17 kept=1 rest=215
[WARN] batch start failed size=17 {129} split -> 8 {154} + 9 {155}
[INFO] {126} tested 17/17 kept=1 rest=204
[WARN] batch start failed size=17 {130} split -> 8 {156} + 9 {157}
[INFO] {128} tested 17/17 kept=0 rest=202
[WARN] batch start failed size=17 {133} split -> 8 {158} + 9 {159}
[INFO] {131} tested 17/17 kept=14 rest=173
[WARN] batch start failed size=5 {135} split -> 2 {160} + 3 {161}
[WARN] batch start failed size=4 {136} split -> 2 {162} + 2 {163}
[INFO] {134} tested 4/4 kept=3 rest=169
[WARN] batch start failed size=4 {138} split -> 2 {164} + 2 {165}
[INFO] {132} tested 17/17 kept=2 rest=162
[INFO] {137} tested 5/5 kept=0 rest=158
[WARN] batch start failed size=5 {141} split -> 2 {166} + 3 {167}
[WARN] batch start failed size=4 {142} split -> 2 {168} + 2 {169}
[INFO] {139} tested 4/4 kept=0 rest=155
[INFO] {143} tested 4/4 kept=0 rest=151
[WARN] batch start failed size=3 {145} split -> 1 {170} + 2 {171}
[INFO] {140} tested 4/4 kept=0 rest=144
[WARN] batch start failed size=8 {146} split -> 4 {172} + 4 {173}
[INFO] {144} tested 2/2 kept=0 rest=132
[WARN] batch start failed size=9 {149} split -> 4 {174} + 5 {175}
[INFO] {147} tested 9/9 kept=7 rest=130
[WARN] batch start failed size=9 {151} split -> 4 {176} + 5 {177}
[WARN] batch start failed size=9 {153} split -> 4 {178} + 5 {179}
[INFO] {148} tested 9/9 kept=0 rest=123
[INFO] {150} tested 8/8 kept=3 rest=113
[WARN] batch start failed size=8 {154} split -> 4 {180} + 4 {181}
[INFO] {152} tested 8/8 kept=0 rest=107
[INFO] {155} tested 9/9 kept=0 rest=101
[WARN] batch start failed size=9 {157} split -> 4 {182} + 5 {183}
[WARN] batch start failed size=8 {158} split -> 4 {184} + 4 {185}
[WARN] batch start failed size=3 {161} split -> 1 {186} + 2 {187}
[INFO] {156} tested 8/8 kept=0 rest=87
[WARN] batch start failed size=2 {162} split -> 1 {188} + 1 {189}
[INFO] {159} tested 9/9 kept=5 rest=84
[WARN] batch start failed size=2 {164} split -> 1 {190} + 1 {191}
[WARN] batch start failed size=2 {165} split -> 1 {192} + 1 {193}
[INFO] {160} tested 2/2 kept=1 rest=83
[WARN] batch start failed size=3 {167} split -> 1 {194} + 2 {195}
[INFO] {163} tested 2/2 kept=0 rest=81
[WARN] batch start failed size=2 {168} split -> 1 {196} + 1 {197}
[DROP] {170} name=[ChromeGO-Merge] Taiwan server=www2.dtku48.xyz:22334 reason=Start initial configuration in progress
[INFO] {169} tested 2/2 kept=0 rest=78
[WARN] batch start failed size=2 {171} split -> 1 {198} + 1 {199}
[WARN] batch start failed size=4 {172} split -> 2 {200} + 2 {201}
[INFO] {166} tested 2/2 kept=0 rest=72
[WARN] batch start failed size=4 {174} split -> 2 {202} + 2 {203}
[WARN] batch start failed size=5 {177} split -> 2 {204} + 3 {205}
[INFO] {173} tested 4/4 kept=3 rest=71
[INFO] {175} tested 5/5 kept=0 rest=67
[WARN] batch start failed size=5 {179} split -> 2 {206} + 3 {207}
[WARN] batch start failed size=4 {181} split -> 2 {208} + 2 {209}
[WARN] batch start failed size=4 {180} split -> 2 {210} + 2 {211}
[WARN] batch start failed size=4 {182} split -> 2 {212} + 2 {213}
[INFO] {183} tested 5/5 kept=5 rest=61
[INFO] {176} tested 4/4 kept=0 rest=57
[WARN] batch start failed size=4 {185} split -> 2 {214} + 2 {215}
[INFO] {178} tested 4/4 kept=0 rest=51
[INFO] {186} tested 1/1 kept=0 rest=50
[WARN] batch start failed size=2 {187} split -> 1 {216} + 1 {217}
[DROP] {188} name=[ChromeGO-Merge] United-2 server=109.104.152.194:58510 reason=Start initial configuration in progress
[DROP] {190} name=[ChromeGO-ShiteThings] hysteria-2 server=5.83.129.153:20088 reason=Start initial configuration in progress
[DROP] {191} name=[ChromeGO-ShiteThings] hysteria-3 server=5.83.129.90:54177 reason=Start initial configuration in progress
[INFO] {189} tested 1/1 kept=0 rest=46
[DROP] {192} name=[ChromeGO-ShiteThings] hysteria-4 server=5.83.129.153:27626 reason=Start initial configuration in progress
[DROP] {193} name=[ChromeGO-ShiteThings] hysteria-5 server=45.150.65.154:47119 reason=Start initial configuration in progress
[DROP] {194} name=[ChromeGO-Merge] WARP server=162.159.192.1:2408 reason=Start initial configuration in progress
[WARN] batch start failed size=2 {195} split -> 1 {218} + 1 {219}
[DROP] {196} name=[ChromeGO-Merge] Taiwan-2 server=www.dtku40.xyz:18490 reason=Start initial configuration in progress
[DROP] {197} name=[ChromeGO-Merge] United-5 server=167.160.91.115:41189 reason=Start initial configuration in progress
[DROP] {198} name=[ChromeGO-Merge] France server=51.158.54.46:55396 reason=Start initial configuration in progress
[DROP] {199} name=[ChromeGO-Merge] United-4 server=173.234.25.52:48919 reason=Start initial configuration in progress
[WARN] batch start failed size=2 {200} split -> 1 {220} + 1 {221}
[INFO] {184} tested 4/4 kept=0 rest=38
[WARN] batch start failed size=2 {203} split -> 1 {222} + 1 {223}
[INFO] {201} tested 2/2 kept=2 rest=35
[WARN] batch start failed size=2 {204} split -> 1 {224} + 1 {225}
[WARN] batch start failed size=2 {206} split -> 1 {226} + 1 {227}
[INFO] {202} tested 2/2 kept=0 rest=32
[INFO] {205} tested 3/3 kept=0 rest=29
[WARN] batch start failed size=2 {208} split -> 1 {228} + 1 {229}
[INFO] {207} tested 3/3 kept=0 rest=27
[WARN] batch start failed size=2 {211} split -> 1 {230} + 1 {231}
[INFO] {210} tested 2/2 kept=0 rest=25
[WARN] batch start failed size=2 {213} split -> 1 {232} + 1 {233}
[WARN] batch start failed size=2 {214} split -> 1 {234} + 1 {235}
[INFO] {212} tested 2/2 kept=1 rest=23
[INFO] {216} tested 1/1 kept=0 rest=21
[INFO] {215} tested 2/2 kept=1 rest=20
[DROP] {217} name=[ChromeGO-ShiteThings] hysteria server=62.210.70.191:23556 reason=Start initial configuration in progress
[DROP] {219} name=[ChromeGO-Merge] France_hysteria_1 server=62.210.243.131:18702 reason=Start initial configuration in progress
[DROP] {218} name=[ChromeGO-Merge] United server=108.181.5.133:26022 reason=Start initial configuration in progress
[INFO] {209} tested 2/2 kept=0 rest=16
[DROP] {221} name=[Pawdroid-sr-apk] 美国+纽约州纽约BuyVM server=198.98.53.130:443 reason=Start initial configuration in progress
[INFO] {220} tested 1/1 kept=1 rest=14
[DROP] {223} name=[Pawdroid-ss-apk] United+Kingdom-2 server=82.38.31.189:8080 reason=Start initial configuration in progress
[DROP] {224} name=[Epodonios] EPODONIOS-15 server=62.60.178.200:20322 reason=Start initial configuration in progress
[INFO] {222} tested 1/1 kept=0 rest=11
[DROP] {226} name=[Epodonios] EPODONIOS-101 server=78.38.246.150:8446 reason=Start initial configuration in progress
[DROP] {229} name=[Epodonios] EPODONIOS-3080 server=178.128.112.70:443 reason=Start initial configuration in progress
[DROP] {228} name=[Epodonios] EPODONIOS-3079 server=212.95.34.20:443 reason=Start initial configuration in progress
[INFO] {225} tested 1/1 kept=0 rest=7
[INFO] {227} tested 1/1 kept=0 rest=6
[DROP] {231} name=[Epodonios] EPODONIOS-3078 server=151.101.130.216:80 reason=Start initial configuration in progress
[DROP] {233} name=[Free-clash-v2ray] hysteria server=5.83.129.143:26691 reason=Start initial configuration in progress
[INFO] {235} tested 1/1 kept=1 rest=3
[INFO] {230} tested 1/1 kept=0 rest=2
[DROP] {234} name=[Free-clash-v2ray] 未知 SS-1521 | free-nodes server=192.0.2.1:1 reason=Start initial configuration in progress
[INFO] {232} tested 1/1 kept=0 rest=0
[INFO] dropped=23 [ChromeGO-Merge] × 9 | [ChromeGO-ShiteThings] × 5 | [Pawdroid-sr-apk] × 1 | [Pawdroid-ss-apk] × 1 | [Epodonios] × 5 | [Free-clash-v2ray] × 2
============================================================
[INFO] cap live source=[免费节点2] from 149 to 50 by health_score
[INFO] cap live source=[免费节点8] from 186 to 50 by health_score
[INFO] cap live source=[Pawdroid-sr-apk] from 546 to 50 by health_score
[INFO] cap live source=[Pawdroid-ss-apk] from 271 to 50 by health_score
[INFO] cap live source=[Epodonios] from 87 to 50 by health_score
[INFO] cap live source=[Free-clash-v2ray] from 1523 to 50 by health_score
[INFO] cap live source=[V2rayclashfree-RSS] from 122 to 50 by health_score
[INFO] cap live total from 570 to 350 trim large sources first
============================================================
+------------------------------+--------+--------+------+--------+
| source                       |    raw | unique | live | capped |
+------------------------------+--------+--------+------+--------+
| [大FQ运动]                   |     14 |     14 |    3 |      3 |
+------------------------------+--------+--------+------+--------+
| [Pawdroid]                   |     17 |     16 |    5 |      5 |
+------------------------------+--------+--------+------+--------+
| [FreeV2-Base64]              |      2 |      2 |    1 |      1 |
+------------------------------+--------+--------+------+--------+
| [Bocchi2b-Base64]            |     35 |     35 |    0 |      0 |
+------------------------------+--------+--------+------+--------+
| [ChromeGO-Toolkit]           |     14 |     14 |    5 |      5 |
+------------------------------+--------+--------+------+--------+
| [ChromeGO-ShiteThings]       |     31 |     25 |    7 |      7 |
+------------------------------+--------+--------+------+--------+
| [ChromeGO-Merge]             |    115 |    115 |    6 |      6 |
+------------------------------+--------+--------+------+--------+
| [Freesocks]                  |      3 |      3 |    3 |      3 |
+------------------------------+--------+--------+------+--------+
| [NekoWarp]                   |     10 |     10 |   10 |     10 |
+------------------------------+--------+--------+------+--------+
| [OpenRunner-RSS]             |     14 |      0 |    0 |      0 |
+------------------------------+--------+--------+------+--------+
| [V2Rayshare-RSS]             |     27 |     26 |    3 |      3 |
+------------------------------+--------+--------+------+--------+
| [Mibei77-RSS]                |    121 |    110 |    3 |      3 |
+------------------------------+--------+--------+------+--------+
| [Yoyapai-RSS]                |    212 |    184 |   17 |     17 |
+------------------------------+--------+--------+------+--------+
| [免费节点1]                  |    361 |    248 |   29 |     22 |
+------------------------------+--------+--------+------+--------+
| [免费节点2]                  |    433 |    368 |  149 |     22 |
+------------------------------+--------+--------+------+--------+
| [免费节点3]                  |     57 |      0 |    0 |      0 |
+------------------------------+--------+--------+------+--------+
| [免费节点4]                  |    835 |    717 |   44 |     23 |
+------------------------------+--------+--------+------+--------+
| [免费节点5]                  |     29 |     28 |    0 |      0 |
+------------------------------+--------+--------+------+--------+
| [免费节点6]                  |    647 |    606 |    9 |      9 |
+------------------------------+--------+--------+------+--------+
| [免费节点7]                  |     64 |     42 |   17 |     17 |
+------------------------------+--------+--------+------+--------+
| [免费节点8]                  |   4179 |   3354 |  186 |     23 |
+------------------------------+--------+--------+------+--------+
| [免费节点9]                  |    615 |    456 |    0 |      0 |
+------------------------------+--------+--------+------+--------+
| [免费节点10]                 |   4599 |   3082 |   16 |     16 |
+------------------------------+--------+--------+------+--------+
| [免费节点11]                 |    428 |    215 |   25 |     23 |
+------------------------------+--------+--------+------+--------+
| [Pawdroid-sr-apk]            |   1153 |    859 |  546 |     23 |
+------------------------------+--------+--------+------+--------+
| [Pawdroid-ss-apk]            |   1454 |    950 |  271 |     23 |
+------------------------------+--------+--------+------+--------+
| [Clashfree]                  |   1373 |    522 |   17 |     17 |
+------------------------------+--------+--------+------+--------+
| [Epodonios]                  |   4291 |   3268 |   87 |     23 |
+------------------------------+--------+--------+------+--------+
| [Free-clash-v2ray]           |   4725 |   2038 | 1523 |     23 |
+------------------------------+--------+--------+------+--------+
| [V2rayclashfree-RSS]         |   1690 |    253 |  122 |     23 |
+------------------------------+--------+--------+------+--------+
============================================================
[SUMMARY] total_nodes=27548
[SUMMARY] legal_candidates=17560
[SUMMARY] passed_latency_test=350
[SUMMARY] region_HK=14 region_JP=11 region_US=97
[SUMMARY] avg_latency_ms=294.55
[SUMMARY] output=/home/runner/work/Free-node-autotest/Free-node-autotest/output/clash.yaml
============================================================
