============================================================
[INFO] sublink try page: https://end-gfw.com
[OK] proxies=2 new=2 url=https://raw.githubusercontent.com/hello-world-1989/cn-news/refs/heads/main/clash.yaml
[OK] proxies=2 new=0 url=https://raw.githubusercontent.com/hello-world-1989/cn-news/main/end-gfw-together
[OK] proxies=2 new=2 url=https://raw.githubusercontent.com/hello-world-1989/cn-news/main/end-gfw-together-ss
[INFO] source try url: https://end-gfw.com/ss-key
[OK] proxies=4 new=4 url=https://end-gfw.com/ss-key
[INFO] sublink try repo: https://github.com/hello-world-1989/cn-news
[INFO] sublink try page: https://raw.githubusercontent.com/hello-world-1989/cn-news/main/README.md
[OK] proxies=6 new=6 url=https://raw.githubusercontent.com/hello-world-1989/v2-sub/main/end-gfw-together-af3e13
[OK] proxies=14 source=[大FQ运动] url=https://raw.githubusercontent.com/hello-world-1989/cn-news/main/README.md
============================================================
[INFO] sublink try repo: https://github.com/Pawdroid/Free-servers
[INFO] sublink try page: https://raw.githubusercontent.com/Pawdroid/Free-servers/main/README.md
[OK] proxies=20 new=20 url=https://raw.githubusercontent.com/Pawdroid/Free-servers/main/README.md
[OK] proxies=20 new=0 url=https://raw.githubusercontent.com/Pawdroid/Free-servers/main/sub
[OK] proxies=1 new=1 url=https://apps.apple.com/cn/app/shadowshare/id1612647259
[OK] proxies=1 new=1 url=http://www.surflare.com
[OK] proxies=22 source=[Pawdroid] url=https://raw.githubusercontent.com/Pawdroid/Free-servers/main/README.md
============================================================
[INFO] source try url: https://xmxosfepggzm.503403.xyz
[OK] proxies=3 new=3 url=https://xmxosfepggzm.503403.xyz
[OK] proxies=3 source=[FreeV2-Base64] url=https://xmxosfepggzm.503403.xyz
============================================================
[INFO] source try url: https://links.bocchi2b.top/clash
[OK] proxies=35 new=35 url=https://links.bocchi2b.top/clash
[OK] proxies=35 source=[Bocchi2b-Base64] url=https://links.bocchi2b.top/clash
============================================================
[INFO] toolkit try repo: https://github.com/bannedbook/fanqiang
[INFO] toolkit try release: https://github.com/bannedbook/fanqiang/releases
[INFO] toolkit try release: https://github.com/bannedbook/fanqiang/releases/expanded_assets/ChromeGo-latest
[INFO] toolkit try download: https://github.com/bannedbook/fanqiang/releases/download/ChromeGo-latest/ChromeGo.7z
[OK] toolkit downloaded: ChromeGo.7z bytes=100924352
[OK] toolkit extracted archive=ChromeGo.7z tool=7z files=222 dirs=45
[OK] toolkit discovered subs=107 embedded=12 archive=ChromeGo.7z
[OK] proxies=6 new=6 embedded=archive-config
[OK] proxies=7 new=5 url=https://gitlab.com/free9999/ipupdate/master/backup/img/1/2/{ipp|ip}/{hysteria2|singbox|naiveproxy|hysteria|xray}/{2|3|1|4}/config.json
[OK] proxies=7 new=0 url=https://www.67867867.xyz/Alvin9999/PAC/refs/heads/master/backup/img/1/2/{ipp|ip}/{hysteria2|singbox|naiveproxy|hysteria|xray}/{2|3|1|4}/config.json
[OK] proxies=3 new=3 url=https://gitlab.com/free9999/ipupdate/master/backup/img/1/2/{ipp|ip}/clash.meta2/{2|3|1|5|4|6}/config.yaml
[OK] proxies=3 new=0 url=https://www.67867867.xyz/Alvin9999/PAC/refs/heads/master/backup/img/1/2/{ipp|ip}/clash.meta2/{2|3|1|5|4|6}/config.yaml
[OK] proxies=14 source=[ChromeGO-Toolkit] url=https://github.com/bannedbook/fanqiang/releases/download/ChromeGo-latest/ChromeGo.7z
============================================================
[INFO] sublink try repo: https://github.com/ShiteThings/extractNodes
[INFO] sublink try page: https://raw.githubusercontent.com/ShiteThings/extractNodes/main/README.md
[OK] proxies=31 new=30 url=https://{chg26.makou.cc.cd|chg64.makou.cc.cd}
[OK] proxies=26 new=1 url=https://chg26.makou.cc.cd/sb
[OK] proxies=31 source=[ChromeGO-ShiteThings] url=https://raw.githubusercontent.com/ShiteThings/extractNodes/main/README.md
============================================================
[INFO] sublink try repo: https://github.com/shangui999/chromego_merge
[INFO] sublink try page: https://raw.githubusercontent.com/shangui999/chromego_merge/master/ReadMe.md
[OK] proxies=10 new=10 url=https://freedman.netlify.app/sub/merged_proxies_new.yaml
[OK] proxies=11 new=1 url=https://freedman.netlify.app/sub/merged_warp_proxies_new.yaml
[OK] proxies=11 new=6 url=https://freedman.netlify.app/sub/shadowrocket_base64.txt
[OK] proxies=16 new=16 url=https://freedman.netlify.app/sub/sb.json
[INFO] sublink try repo: https://github.com/yaney01/chromego
[INFO] sublink try page: https://raw.githubusercontent.com/yaney01/chromego/main/ReadMe.md
[OK] proxies=50 new=46 url=https://raw.githubusercontent.com/yaney01/chromego/main/sub/merged_proxies_new.yaml
[OK] proxies=51 new=0 url=https://raw.githubusercontent.com/yaney01/chromego/main/sub/merged_warp_proxies_new.yaml
[OK] proxies=13 new=7 url=https://raw.githubusercontent.com/yaney01/chromego/main/sub/shadowrocket_base64.txt
[OK] proxies=13 new=0 url=https://raw.githubusercontent.com/yaney01/chromego/main/sub/sb.json
[INFO] sublink try repo: https://github.com/Misaka-blog/chromego_merge
[INFO] sublink try page: https://raw.githubusercontent.com/Misaka-blog/chromego_merge/main/README.md
[OK] proxies=24 new=24 url=https://chromego-sub.netlify.app/sub/merged_proxies_new.yaml
[OK] proxies=110 source=[ChromeGO-Merge] url=https://raw.githubusercontent.com/Misaka-blog/chromego_merge/main/README.md
============================================================
[INFO] source try url: https://freesocks.org/api/v1/sub/02b897e8e77f19176b0b9f2c75864b00
[OK] proxies=3 new=3 url=https://freesocks.org/api/v1/sub/02b897e8e77f19176b0b9f2c75864b00
[OK] proxies=3 source=[Freesocks] url=https://freesocks.org/api/v1/sub/02b897e8e77f19176b0b9f2c75864b00
============================================================
[INFO] source try url: https://neko-warp.nloli.xyz/neko_warp.yaml
[OK] proxies=10 new=10 url=https://neko-warp.nloli.xyz/neko_warp.yaml
[OK] proxies=10 source=[NekoWarp] url=https://neko-warp.nloli.xyz/neko_warp.yaml
============================================================
[INFO] toolkit try chrome: https://chromewebstore.google.com/detail/free-vpn-proxy-1vpn/akcocjjpkmlniicdeemdceeajlmoabhg
[INFO] toolkit try download: https://clients2.google.com/service/update2/crx?response=redirect&prodversion=131.0.6778.0&acceptformat=crx2,crx3&x=id%3dakcocjjpkmlniicdeemdceeajlmoabhg%26uc
[OK] toolkit downloaded: free-vpn-proxy-1vpn.crx bytes=1627904
[OK] toolkit extracted archive=free-vpn-proxy-1vpn.crx tool=zipfile files=68 dirs=57
[OK] toolkit 1vpn-crx scanned hosts=17 keys=1 archive=free-vpn-proxy-1vpn.crx
[OK] proxies=17 source=[1VPN-CRX] url=https://clients2.google.com/service/update2/crx?response=redirect&prodversion=131.0.6778.0&acceptformat=crx2,crx3&x=id%3dakcocjjpkmlniicdeemdceeajlmoabhg%26uc
============================================================
[INFO] article try feed: https://free.datiya.com/index.xml
[INFO] sublink try page: https://free.datiya.com/post/20260920/
[OK] proxies=14 new=14 url=https://free.datiya.com/uploads/20260920-clash.yaml
[OK] proxies=14 source=[OpenRunner-RSS] url=https://free.datiya.com/post/20260920/
============================================================
[INFO] article try feed: https://v2rayshare.com/feed
[INFO] sublink try page: https://v2rayshare.net/p/5061.html
[OK] proxies=27 new=27 url=https://static.v2rayshare.net/2026/09/20260919.txt
[OK] proxies=27 new=0 url=https://static.v2rayshare.net/2026/09/20260919.yaml
[OK] proxies=27 new=0 url=https://static.v2rayshare.net/2026/09/m20260919.yaml
[INFO] sublink try repo: https://github.com/firefoxmmx2/v2rayshare_subcription
[INFO] sublink try page: https://raw.githubusercontent.com/firefoxmmx2/v2rayshare_subcription/main/README.md
[OK] proxies=27 new=0 url=https://{raw.githubusercontent.com|cdn.jsdelivr.net}/firefoxmmx2/v2rayshare_subcription/main/subscription/vray_sub.txt
[OK] proxies=27 new=0 url=https://{raw.githubusercontent.com|cdn.jsdelivr.net}/firefoxmmx2/v2rayshare_subcription/main/subscription/clash_sub.yaml
[OK] proxies=27 new=0 url=https://{raw.githubusercontent.com|cdn.jsdelivr.net}/firefoxmmx2/v2rayshare_subcription/main/subscription/mihomo_sub.yaml
[OK] proxies=27 source=[V2Rayshare-RSS] url=https://raw.githubusercontent.com/firefoxmmx2/v2rayshare_subcription/main/README.md
============================================================
[INFO] article try feed: https://www.mibei77.com/feed
[INFO] sublink try page: https://www.mibei77.com/681.html
[OK] proxies=149 new=149 url=https://mm.mibei77.com/202609/09.1964bad5s.txt
[OK] proxies=146 new=0 url=https://mm.mibei77.com/202609/0919Clasgizx.yaml
[OK] proxies=149 source=[Mibei77-RSS] url=https://www.mibei77.com/681.html
============================================================
[INFO] article try feed: https://yoyapai.com/feed
[INFO] sublink try page: https://yoyapai.com/724
[OK] proxies=1 new=1 url=https://yoyapai.com/724
[OK] proxies=210 new=210 url=https://freenode.yoyapai.com/2026/09/19-yoyapai.com-clash-vpn-mianfeijiedian.yaml
[OK] proxies=210 new=0 url=https://freenode.yoyapai.com/2026/09/19-yoyapai.com-ssrv2ray-vpn-mianfeijiedian.txt
[OK] proxies=211 source=[Yoyapai-RSS] url=https://yoyapai.com/724
============================================================
[INFO] sublink try repo: https://github.com/free18/v2ray
[INFO] sublink try page: https://raw.githubusercontent.com/free18/v2ray/main/README.md
[OK] proxies=3 new=3 url=https://raw.githubusercontent.com/free18/v2ray/main/README.md
[OK] proxies=378 new=378 url=https://ghfast.top/https://raw.githubusercontent.com/free18/v2ray/refs/heads/main/v.txt
[OK] proxies=378 new=0 url=https://ghfast.top/https://raw.githubusercontent.com/free18/v2ray/refs/heads/main/c.yaml
[OK] proxies=381 source=[免费节点1] url=https://raw.githubusercontent.com/free18/v2ray/main/README.md
============================================================
[INFO] sublink try repo: https://github.com/ermaozi/get_subscribe
[INFO] sublink try page: https://raw.githubusercontent.com/ermaozi/get_subscribe/main/README.md
[INFO] sublink file_nodes=0 bare links=9
[OK] proxies=312 new=312 url=https://www.ermao.net/sub/{clash|v2ray}/ermao.net
[OK] proxies=312 new=0 url=https://www.ermao.net/sub/{reachable|unreachable|untested}/clash/ermao.net
[OK] proxies=312 source=[免费节点2] url=https://raw.githubusercontent.com/ermaozi/get_subscribe/main/README.md
============================================================
[INFO] sublink try repo: https://github.com/sunmiao4458/free-proxy-airport
[INFO] sublink try page: https://raw.githubusercontent.com/sunmiao4458/free-proxy-airport/main/README.md
[OK] proxies=21 new=21 url=https://sunmiao4458.github.io/free-proxy-airport/clash.yaml
[OK] proxies=21 source=[免费节点3] url=https://raw.githubusercontent.com/sunmiao4458/free-proxy-airport/main/README.md
============================================================
[INFO] sublink try repo: https://github.com/mfuu/FreeProxies
[INFO] sublink try page: https://raw.githubusercontent.com/mfuu/FreeProxies/master/README.md
[OK] proxies=743 new=743 url=https://raw.githubusercontent.com/mfuu/FreeProxies/master/sub.yaml
[OK] proxies=743 source=[免费节点4] url=https://raw.githubusercontent.com/mfuu/FreeProxies/master/README.md
============================================================
[INFO] sublink try repo: https://github.com/vxiaov/free_proxies
[INFO] sublink try page: https://raw.githubusercontent.com/vxiaov/free_proxies/main/README.md
[OK] proxies=1 new=1 url=https://raw.githubusercontent.com/vxiaov/free_proxies/main/README.md
[OK] proxies=28 new=28 url=https://{cdn.jsdelivr.net|raw.githubusercontent.com}/vxiaov/free_proxies/main/clash/clash.provider.yaml
[OK] proxies=29 source=[免费节点5] url=https://raw.githubusercontent.com/vxiaov/free_proxies/main/README.md
============================================================
[INFO] sublink try repo: https://github.com/anaer/Sub
[INFO] sublink try page: https://raw.githubusercontent.com/anaer/Sub/main/README.MD
[OK] proxies=1615 new=1615 url=https://anaer.github.io/Sub/clash.yaml
[OK] proxies=1615 new=0 url=https://raw.githubusercontent.com/anaer/Sub/main/clash.yaml
[OK] proxies=1615 source=[免费节点6] url=https://raw.githubusercontent.com/anaer/Sub/main/README.MD
============================================================
[INFO] sublink try repo: https://github.com/snakem982/proxypool
[INFO] sublink try page: https://raw.githubusercontent.com/snakem982/proxypool/main/README.md
[OK] proxies=64 new=64 url=https://raw.githubusercontent.com/snakem982/proxypool/main/source/clash-meta-2.yaml
[OK] proxies=64 new=0 url=https://raw.githubusercontent.com/snakem982/proxypool/main/source/v2ray-2.txt
[OK] proxies=64 new=0 url=https://raw.githubusercontent.com/snakem982/proxypool/main/source/sing-box-2.json
[OK] proxies=64 source=[免费节点7] url=https://raw.githubusercontent.com/snakem982/proxypool/main/README.md
============================================================
[INFO] sublink try repo: https://github.com/mahdibland/V2RayAggregator
[INFO] sublink try page: https://raw.githubusercontent.com/mahdibland/V2RayAggregator/master/README.md
[OK] proxies=380 new=380 url=https://raw.githubusercontent.com/mahdibland/V2RayAggregator/master/README.md
[OK] proxies=1 new=1 url=https://github.com/mahdibland/SSAggregator/actions/workflows/Collector.yml
[OK] proxies=1 new=0 url=https://github.com/mahdibland/SSAggregator/actions/workflows/Airport_Collector.yml
[OK] proxies=197 new=0 url=https://raw.githubusercontent.com/mahdibland/ShadowsocksAggregator/master/Eternity.txt
[OK] proxies=198 new=7 url=https://raw.githubusercontent.com/mahdibland/ShadowsocksAggregator/master/Eternity.yml
[OK] proxies=61 new=61 url=https://raw.githubusercontent.com/mahdibland/ShadowsocksAggregator/master/EternityAir.txt
[OK] proxies=3857 new=3565 url=https://raw.githubusercontent.com/mahdibland/SSAggregator/master/sub/sub_merge_base64.txt
[OK] proxies=3857 new=0 url=https://raw.githubusercontent.com/mahdibland/{SSAggregator|ShadowsocksAggregator}/master/sub/sub_merge.txt
[OK] proxies=3991 new=160 url=https://raw.githubusercontent.com/mahdibland/SSAggregator/master/sub/sub_merge_yaml.yml
[OK] proxies=61 new=0 url=https://raw.githubusercontent.com/mahdibland/SSAggregator/master/sub/airport_merge_base64.txt
[OK] proxies=61 new=0 url=https://raw.githubusercontent.com/mahdibland/SSAggregator/master/sub/airport_sub_merge.txt
[OK] proxies=1413 new=0 url=https://raw.githubusercontent.com/mahdibland/ShadowsocksAggregator/master/sub/splitted/vmess.txt
[OK] proxies=565 new=0 url=https://raw.githubusercontent.com/mahdibland/ShadowsocksAggregator/master/sub/splitted/trojan.txt
[OK] proxies=43 new=0 url=https://raw.githubusercontent.com/mahdibland/ShadowsocksAggregator/master/sub/splitted/ssr.txt
[OK] proxies=1836 new=0 url=https://raw.githubusercontent.com/mahdibland/ShadowsocksAggregator/master/sub/splitted/ss.txt
[OK] proxies=1 new=0 url=https://cdn.jsdelivr.net/gh/mahdibland/V2RayAggregator@master/update/provider/provider-meta.yml
[OK] proxies=1 new=0 url=https://cdn.jsdelivr.net/gh/mahdibland/V2RayAggregator@master/update/provider/provider-meta-cn.yml
[OK] proxies=1 new=0 url=https://cdn.jsdelivr.net/gh/mahdibland/V2RayAggregator@master/update/provider/provider-meta-others.yml
[OK] proxies=1 new=0 url=https://cdn.jsdelivr.net/gh/mahdibland/V2RayAggregator@master/update/provider/provider.yml
[OK] proxies=1 new=0 url=https://cdn.jsdelivr.net/gh/mahdibland/V2RayAggregator@master/update/provider/provider-cn.yml
[OK] proxies=1 new=0 url=https://cdn.jsdelivr.net/gh/mahdibland/V2RayAggregator@master/update/provider/provider-others.yml
[OK] proxies=4174 source=[免费节点8] url=https://raw.githubusercontent.com/mahdibland/V2RayAggregator/master/README.md
============================================================
[INFO] sublink try repo: https://github.com/w1770946466/Auto_proxy
[INFO] sublink try page: https://raw.githubusercontent.com/w1770946466/Auto_proxy/main/README.md
[OK] proxies=1 new=1 url=https://github.com/w1770946466/Auto_proxy/actions/workflows/main.yml
[OK] proxies=245 new=245 url=https://raw.githubusercontent.com/w1770946466/Auto_proxy/main/{Long_term_subscription2.yaml|Long_term_subscription1.yaml|Long_term_subscription3.yaml}
[OK] proxies=489 new=54 url=https://raw.githubusercontent.com/w1770946466/Auto_proxy/main/{Long_term_subscription1|Long_term_subscription2|Long_term_subscription3|Long_term_subscription4|Long_term_subscription5|Long_term_subscription6|Long_term_subscription7|Long_term_subscription8}
[OK] proxies=489 new=315 url=https://raw.githubusercontent.com/w1770946466/Auto_proxy/main/Long_term_subscription_num
[OK] proxies=615 source=[免费节点9] url=https://raw.githubusercontent.com/w1770946466/Auto_proxy/main/README.md
============================================================
[INFO] sublink try repo: https://github.com/PuddinCat/BestClash
[INFO] sublink try page: https://raw.githubusercontent.com/PuddinCat/BestClash/main/README.md
[OK] proxies=16 new=16 url=https://raw.githubusercontent.com/PuddinCat/BestClash/main/proxies.yaml
[OK] proxies=28 new=28 url=https://cdn.jsdelivr.net/gh/vxiaov/free_proxies@main/clash/clash.provider.yaml
[OK] proxies=24 new=24 url=https://freenode.openrunner.net/uploads/20240807-clash.yaml
[OK] proxies=24 new=24 url=https://raw.githubusercontent.com/Misaka-blog/chromego_merge/main/sub/merged_proxies_new.yaml
[OK] proxies=4762 new=4733 url=https://raw.githubusercontent.com/{NiceVPN123|anaer}/{NiceVPN|Sub}/main/{Clash.yaml|clash.yaml}
[OK] proxies=29 new=5 url=https://raw.githubusercontent.com/{chengaopan|peasoft}/{AutoMergePublicNodes|NoMoreWalls}/master/list.yml
[OK] proxies=312 new=278 url=https://raw.githubusercontent.com/{ermaozi|ermaozi01}/{get_subscribe|free_clash_vpn}/main/subscribe/clash.yml
[OK] proxies=198 new=170 url=https://raw.githubusercontent.com/mahdibland/ShadowsocksAggregator/master/Eternity.yml
[OK] proxies=165 new=160 url=https://raw.githubusercontent.com/ronghuaxueleng/get_v2/main/pub/combine.yaml
[OK] proxies=144 new=3 url=https://raw.githubusercontent.com/zhangkaiitugithub/passcro/main/speednodes.yaml
[OK] proxies=5441 source=[免费节点10] url=https://raw.githubusercontent.com/PuddinCat/BestClash/main/README.md
============================================================
[INFO] sublink try repo: https://github.com/kooker/FreeSubsCheck
[INFO] sublink try page: https://raw.githubusercontent.com/kooker/FreeSubsCheck/main/README.md
[OK] proxies=19 new=19 url=https://raw.githubusercontent.com/kooker/FreeSubsCheck/main/mihomo.yaml
[OK] proxies=19 new=0 url=https://raw.githubusercontent.com/kooker/FreeSubsCheck/main/all.yaml
[OK] proxies=13 new=2 url=https://raw.githubusercontent.com/kooker/FreeSubsCheck/main/base64.txt
[OK] proxies=29 new=25 url=https://raw.githubusercontent.com/kooker/FreeSubsCheck/main/byxiaoxi.txt
[OK] proxies=480 new=466 url=https://raw.githubusercontent.com/kooker/FreeSubsCheck/main/kooker.jp.txt
[OK] proxies=512 source=[免费节点11] url=https://raw.githubusercontent.com/kooker/FreeSubsCheck/main/README.md
============================================================
[INFO] toolkit try repo: https://github.com/Pawdroid/shadowrocket_for_android
[INFO] toolkit try release: https://github.com/Pawdroid/shadowrocket_for_android/releases
[INFO] toolkit try release: https://github.com/Pawdroid/shadowrocket_for_android/releases/expanded_assets/10.10.51
[INFO] toolkit try download: https://github.com/Pawdroid/shadowrocket_for_android/releases/download/10.10.51/Shadowrocket_10.10.51_shadowrocketStandard_arm64-v8a.apk
[OK] toolkit downloaded: Shadowrocket_10.10.51_shadowrocketStandard_arm64-v8a.apk bytes=41111539
[OK] toolkit extracted archive=Shadowrocket_10.10.51_shadowrocketStandard_arm64-v8a.apk tool=zipfile files=1175 dirs=44
[OK] toolkit sr-apk scanned prefixes=36 files=6 keys=2 archive=Shadowrocket_10.10.51_shadowrocketStandard_arm64-v8a.apk
[OK] proxies=1039 new=1039 url=https://{cdn.jsdelivr.net|raw.githubusercontent.com}/pixelor/ecfg/main/data/ecfg6_zh
[OK] proxies=995 new=68 url=https://{cdn.jsdelivr.net|raw.githubusercontent.com}/pixelor/ecfg/main/data/ecfg6_en
[OK] proxies=90 new=50 url=https://{raw.githubusercontent.com|cdn.jsdelivr.net}/pixelor/ecfg/main/data/ecfg6
[OK] proxies=884 new=0 url=https://{files.shadowrockets.app|cdn.shadowrockets.app}/ecfg/data/ecfg6_zh
[OK] proxies=90 new=0 url=https://{files.shadowrockets.app|cdn.shadowrockets.app}/ecfg/data/ecfg6
[OK] proxies=884 new=0 url=https://{files.shadowrockets.app|cdn.shadowrockets.app}/ecfg/data/ecfg6_en
[OK] proxies=1157 source=[Pawdroid-SR-APK] url=https://github.com/Pawdroid/shadowrocket_for_android/releases/download/10.10.51/Shadowrocket_10.10.51_shadowrocketStandard_arm64-v8a.apk
============================================================
[INFO] toolkit try page: https://shadowshare.v2cross.com
[INFO] toolkit try download: https://shadowshare.v2cross.com/shadowshare.apk
[OK] toolkit downloaded: shadowshare.apk bytes=62868122
[OK] toolkit extracted archive=shadowshare.apk tool=zipfile files=612 dirs=39
[OK] toolkit ss-apk scanned prefixes=10 files=3 keys=1 archive=shadowshare.apk
[OK] proxies=1386 new=1386 url=https://{raw.githubusercontent.com|jsd.onmicrosoft.cn}/hideme9527/ecsfg/main/data/sareserver_en
[OK] proxies=198 new=94 url=https://{raw.githubusercontent.com|jsd.onmicrosoft.cn}/hideme9527/ecsfg/main/data/sareserver
[OK] proxies=107 new=0 url=https://{shadowsharing.com|sare.159236.xyz}/data/sareserver
[OK] proxies=1386 new=0 url=https://{shadowsharing.com|sare.159236.xyz}/data/sareserver_en
[OK] proxies=1480 source=[Pawdroid-SS-APK] url=https://shadowshare.v2cross.com/shadowshare.apk
============================================================
[INFO] sublink try repo: https://github.com/free-nodes/clashfree
[INFO] sublink try page: https://raw.githubusercontent.com/free-nodes/clashfree/main/README.md
[OK] proxies=1367 new=1367 url=https://raw.githubusercontent.com/free-nodes/clashfree/main/README.md
[OK] proxies=1367 new=0 url=https://raw.githubusercontent.com/free-nodes/clashfree/main/clash20260920.yml
[OK] proxies=1 new=1 url=https://github.com/free-nodes/clashfree/blob/main/clash20260920.yml
[OK] proxies=1368 source=[Clashfree] url=https://raw.githubusercontent.com/free-nodes/clashfree/main/README.md
============================================================
[INFO] sublink try repo: https://github.com/Epodonios/v2ray-configs
[INFO] sublink try page: https://raw.githubusercontent.com/Epodonios/v2ray-configs/main/README.md
[OK] proxies=1 new=1 url=https://github.com/Epodonios/V2ray-Configs/actions/workflows/main.yml
[OK] proxies=4065 new=4065 url=https://github.com/Epodonios/v2ray-configs/raw/main/All_Configs_Sub.txt
[OK] proxies=4065 new=0 url=https://github.com/Epodonios/v2ray-configs/raw/main/All_Configs_base64_Sub.txt
[OK] proxies=3311 new=139 url=https://github.com/Epodonios/v2ray-configs/raw/main/Splitted-By-Protocol/vless.txt
[OK] proxies=158 new=1 url=https://github.com/Epodonios/v2ray-configs/raw/main/Splitted-By-Protocol/vmess.txt
[OK] proxies=427 new=9 url=https://github.com/Epodonios/v2ray-configs/raw/main/Splitted-By-Protocol/ss.txt
[OK] proxies=154 new=0 url=https://github.com/Epodonios/v2ray-configs/raw/main/Splitted-By-Protocol/trojan.txt
[OK] proxies=4065 new=0 url=https://raw.githubusercontent.com/Epodonios/v2ray-configs/main/{Sub1.txt|Sub2.txt|Sub3.txt|Sub4.txt|Sub5.txt|Sub6.txt|Sub7.txt|Sub8.txt}
[OK] proxies=4215 source=[Epodonios] url=https://raw.githubusercontent.com/Epodonios/v2ray-configs/main/README.md
============================================================
[INFO] sublink try repo: https://github.com/free-clash-v2ray/free-clash-v2ray.github.io
[INFO] sublink try page: https://raw.githubusercontent.com/free-clash-v2ray/free-clash-v2ray.github.io/main/README.md
[OK] proxies=2890 new=2890 url=https://free-clash-v2ray.github.io/uploads/2026/09/{0-20260913.yaml|1-20260913.yaml|2-20260913.yaml|3-20260913.yaml}
[OK] proxies=4384 new=1835 url=https://free-clash-v2ray.github.io/uploads/2026/09/{0-20260913.txt|1-20260913.txt|2-20260913.txt|3-20260913.txt|4-20260913.txt}
[OK] proxies=4725 source=[Free-clash-v2ray] url=https://raw.githubusercontent.com/free-clash-v2ray/free-clash-v2ray.github.io/main/README.md
============================================================
[INFO] article try page: https://v2rayclashfree.com
[INFO] sublink try page: https://v2rayclashfree.com/fn/20260920.html
[OK] proxies=1395 new=1395 url=https://v2rayclashfree.com/sub/20260920-v2ray.txt
[OK] proxies=1113 new=336 url=https://v2rayclashfree.com/sub/20260920-clash.yaml
[OK] proxies=1731 source=[V2rayclashfree-RSS] url=https://v2rayclashfree.com/fn/20260920.html
============================================================
[INFO] raw backup written path=/home/runner/work/Free-node-autotest/Free-node-autotest/output/raw.yaml proxies=29245
[INFO] toolkit try repo: https://github.com/MetaCubeX/mihomo
[INFO] toolkit try release: https://github.com/MetaCubeX/mihomo/releases
[INFO] toolkit try release: https://github.com/MetaCubeX/mihomo/releases/expanded_assets/v1.19.31
[INFO] toolkit try download: https://github.com/MetaCubeX/mihomo/releases/download/v1.19.31/mihomo-linux-amd64-compatible-v1.19.31.gz
[OK] toolkit downloaded: mihomo-linux-amd64-compatible-v1.19.31.gz bytes=22821836
[OK] toolkit sha256 verified: mihomo-linux-amd64-compatible-v1.19.31.gz sha256=04cf9f09671704f839ddbee2e93069dc831a4123a75281e725d1d96ab9ac1afc
[OK] proxy engine ready: starting latency test package=mihomo-linux-amd64-compatible-v1.19.31.gz
============================================================
[WARN] batch start failed size=17701 {1} split -> 8850 {2} + 8851 {3}
[WARN] batch start failed size=8850 {2} split -> 4425 {4} + 4425 {5}
[WARN] batch start failed size=8851 {3} split -> 4425 {6} + 4426 {7}
[WARN] batch start failed size=4425 {4} split -> 2212 {8} + 2213 {9}
[WARN] batch start failed size=4425 {6} split -> 2212 {10} + 2213 {11}
[TEST] {9} tested 100/2213 kept=8 rest=17545
[WARN] batch start failed size=2212 {8} split -> 1106 {12} + 1106 {13}
[TEST] {9} tested 200/2213 kept=14 rest=17437
[WARN] batch start failed size=4426 {7} split -> 2213 {14} + 2213 {15}
[TEST] {5} tested 100/4425 kept=0 rest=17329
[TEST] {10} tested 100/2212 kept=0 rest=17192
[TEST] {5} tested 200/4425 kept=0 rest=17046
[TEST] {9} tested 300/2213 kept=31 rest=17003
[TEST] {9} tested 400/2213 kept=35 rest=16894
[TEST] {10} tested 200/2212 kept=0 rest=16826
[TEST] {10} tested 300/2212 kept=0 rest=16717
[TEST] {10} tested 400/2212 kept=0 rest=16610
[TEST] {10} tested 500/2212 kept=0 rest=16501
[TEST] {5} tested 300/4425 kept=0 rest=16391
[TEST] {10} tested 600/2212 kept=0 rest=16370
[TEST] {9} tested 500/2213 kept=35 rest=16240
[TEST] {9} tested 600/2213 kept=38 rest=16108
[TEST] {5} tested 400/4425 kept=56 rest=16026
[TEST] {5} tested 500/4425 kept=86 rest=15906
[TEST] {10} tested 700/2212 kept=0 rest=15810
[TEST] {10} tested 800/2212 kept=0 rest=15693
[TEST] {10} tested 900/2212 kept=0 rest=15569
[TEST] {9} tested 700/2213 kept=39 rest=15515
[TEST] {9} tested 800/2213 kept=39 rest=15388
[TEST] {9} tested 900/2213 kept=39 rest=15279
[TEST] {5} tested 600/4425 kept=86 rest=15153
[TEST] {10} tested 1000/2212 kept=0 rest=15087
[TEST] {10} tested 1100/2212 kept=0 rest=14951
[TEST] {10} tested 1200/2212 kept=3 rest=14822
[TEST] {9} tested 1000/2213 kept=39 rest=14797
[TEST] {9} tested 1100/2213 kept=43 rest=14688
[TEST] {5} tested 700/4425 kept=86 rest=14588
[TEST] {10} tested 1300/2212 kept=3 rest=14417
[TEST] {9} tested 1200/2213 kept=98 rest=14404
[TEST] {5} tested 800/4425 kept=86 rest=14358
[TEST] {10} tested 1400/2212 kept=8 rest=14289
[TEST] {9} tested 1300/2213 kept=99 rest=14125
[TEST] {10} tested 1500/2212 kept=19 rest=13978
[TEST] {5} tested 900/4425 kept=86 rest=13932
[TEST] {10} tested 1600/2212 kept=40 rest=13821
[TEST] {10} tested 1700/2212 kept=102 rest=13698
[TEST] {9} tested 1400/2213 kept=100 rest=13572
[TEST] {10} tested 1800/2212 kept=172 rest=13557
[TEST] {9} tested 1500/2213 kept=100 rest=13392
[TEST] {10} tested 1900/2212 kept=241 rest=13328
[TEST] {10} tested 2000/2212 kept=324 rest=13182
[TEST] {5} tested 1000/4425 kept=86 rest=13125
[TEST] {10} tested 2100/2212 kept=392 rest=13005
[TEST] {9} tested 1600/2213 kept=102 rest=12894
[TEST] {9} tested 1700/2213 kept=102 rest=12720
[TEST] {5} tested 1100/4425 kept=86 rest=12717
[TEST] {10} tested 2200/2212 kept=434 rest=12652
[TEST] {10} tested 2212/2212 kept=434 rest=12621
[WARN] batch start failed size=2213 {11} split -> 1106 {16} + 1107 {17}
[WARN] batch start failed size=1106 {12} split -> 553 {18} + 553 {19}
[TEST] {9} tested 1800/2213 kept=102 rest=12512
[WARN] batch start failed size=1106 {13} split -> 553 {20} + 553 {21}
[TEST] {5} tested 1200/4425 kept=86 rest=12475
[TEST] {14} tested 100/2213 kept=0 rest=12287
[TEST] {14} tested 200/2213 kept=4 rest=12171
[TEST] {9} tested 1900/2213 kept=102 rest=12025
[TEST] {5} tested 1300/4425 kept=86 rest=11977
[TEST] {14} tested 300/2213 kept=8 rest=11907
[TEST] {5} tested 1400/4425 kept=86 rest=11711
[TEST] {14} tested 400/2213 kept=16 rest=11692
[TEST] {9} tested 2000/2213 kept=102 rest=11643
[TEST] {14} tested 500/2213 kept=17 rest=11568
[TEST] {14} tested 600/2213 kept=19 rest=11416
[TEST] {9} tested 2100/2213 kept=102 rest=11343
[TEST] {14} tested 700/2213 kept=20 rest=11191
[TEST] {5} tested 1500/4425 kept=86 rest=11144
[TEST] {14} tested 800/2213 kept=24 rest=11032
[TEST] {14} tested 900/2213 kept=24 rest=10901
[TEST] {9} tested 2200/2213 kept=102 rest=10756
[TEST] {14} tested 1000/2213 kept=46 rest=10751
[TEST] {9} tested 2213/2213 kept=102 rest=10710
[TEST] {5} tested 1600/4425 kept=86 rest=10617
[TEST] {14} tested 1100/2213 kept=47 rest=10539
[WARN] batch start failed size=2213 {15} split -> 1106 {22} + 1107 {23}
[WARN] batch start failed size=1106 {16} split -> 553 {24} + 553 {25}
[TEST] {14} tested 1200/2213 kept=50 rest=10379
[TEST] {5} tested 1700/4425 kept=86 rest=10368
[TEST] {14} tested 1300/2213 kept=57 rest=10274
[WARN] batch start failed size=1107 {17} split -> 553 {26} + 554 {27}
[TEST] {14} tested 1400/2213 kept=61 rest=10120
[TEST] {19} tested 100/553 kept=45 rest=10053
[TEST] {19} tested 200/553 kept=93 rest=9840
[TEST] {5} tested 1800/4425 kept=86 rest=9789
[TEST] {5} tested 1900/4425 kept=86 rest=9654
[TEST] {14} tested 1500/2213 kept=62 rest=9600
[TEST] {14} tested 1600/2213 kept=62 rest=9398
[TEST] {5} tested 2000/4425 kept=86 rest=9314
[TEST] {14} tested 1700/2213 kept=66 rest=9291
[TEST] {19} tested 300/553 kept=142 rest=9266
[TEST] {14} tested 1800/2213 kept=72 rest=9135
[TEST] {5} tested 2100/4425 kept=86 rest=8947
[TEST] {5} tested 2200/4425 kept=86 rest=8814
[TEST] {14} tested 1900/2213 kept=83 rest=8811
[TEST] {5} tested 2300/4425 kept=86 rest=8658
[TEST] {14} tested 2000/2213 kept=94 rest=8504
[TEST] {5} tested 2400/4425 kept=86 rest=8473
[TEST] {14} tested 2100/2213 kept=113 rest=8375
[TEST] {19} tested 400/553 kept=158 rest=8312
[TEST] {14} tested 2200/2213 kept=131 rest=8124
[TEST] {19} tested 500/553 kept=183 rest=8098
[TEST] {5} tested 2500/4425 kept=86 rest=8052
[TEST] {5} tested 2600/4425 kept=86 rest=7937
[TEST] {14} tested 2213/2213 kept=132 rest=7862
[WARN] batch start failed size=553 {18} split -> 276 {28} + 277 {29}
[TEST] {19} tested 553/553 kept=183 rest=7810
[TEST] {5} tested 2700/4425 kept=98 rest=7808
[WARN] batch start failed size=553 {21} split -> 276 {30} + 277 {31}
[TEST] {22} tested 100/1106 kept=14 rest=7657
[TEST] {22} tested 200/1106 kept=60 rest=7527
[TEST] {22} tested 300/1106 kept=113 rest=7410
[TEST] {5} tested 2800/4425 kept=99 rest=7322
[TEST] {22} tested 400/1106 kept=149 rest=7289
[TEST] {22} tested 500/1106 kept=204 rest=7175
[TEST] {22} tested 600/1106 kept=230 rest=7071
[TEST] {22} tested 700/1106 kept=246 rest=6971
[TEST] {22} tested 800/1106 kept=257 rest=6869
[TEST] {22} tested 900/1106 kept=260 rest=6762
[TEST] {22} tested 1000/1106 kept=262 rest=6658
[TEST] {20} tested 100/553 kept=3 rest=6491
[TEST] {5} tested 2900/4425 kept=99 rest=6375
[TEST] {22} tested 1100/1106 kept=269 rest=6313
[TEST] {22} tested 1106/1106 kept=269 rest=6271
[TEST] {5} tested 3000/4425 kept=99 rest=6256
[WARN] batch start failed size=1107 {23} split -> 553 {32} + 554 {33}
[TEST] {20} tested 200/553 kept=6 rest=6193
[TEST] {25} tested 100/553 kept=2 rest=6023
[TEST] {5} tested 3100/4425 kept=100 rest=5928
[TEST] {5} tested 3200/4425 kept=100 rest=5828
[TEST] {20} tested 300/553 kept=7 rest=5759
[TEST] {20} tested 400/553 kept=40 rest=5655
[TEST] {25} tested 200/553 kept=2 rest=5546
[TEST] {25} tested 300/553 kept=3 rest=5407
[TEST] {5} tested 3300/4425 kept=100 rest=5307
[TEST] {5} tested 3400/4425 kept=100 rest=5202
[TEST] {20} tested 500/553 kept=45 rest=5141
[TEST] {25} tested 400/553 kept=8 rest=5029
[TEST] {20} tested 553/553 kept=45 rest=4966
[TEST] {25} tested 500/553 kept=20 rest=4917
[WARN] batch start failed size=553 {24} split -> 276 {34} + 277 {35}
[TEST] {5} tested 3500/4425 kept=100 rest=4846
[WARN] batch start failed size=553 {26} split -> 276 {36} + 277 {37}
[WARN] batch start failed size=554 {27} split -> 277 {38} + 277 {39}
[WARN] batch start failed size=276 {28} split -> 138 {40} + 138 {41}
[TEST] {5} tested 3600/4425 kept=100 rest=4743
[TEST] {29} tested 100/277 kept=6 rest=4588
[TEST] {25} tested 553/553 kept=20 rest=4465
[WARN] batch start failed size=276 {30} split -> 138 {42} + 138 {43}
[TEST] {5} tested 3700/4425 kept=100 rest=4328
[TEST] {31} tested 100/277 kept=2 rest=4310
[TEST] {29} tested 200/277 kept=8 rest=4130
[TEST] {29} tested 277/277 kept=8 rest=4045
[WARN] batch start failed size=553 {32} split -> 276 {44} + 277 {45}
[TEST] {5} tested 3800/4425 kept=101 rest=4029
[TEST] {31} tested 200/277 kept=5 rest=4016
[WARN] batch start failed size=554 {33} split -> 277 {46} + 277 {47}
[WARN] batch start failed size=276 {34} split -> 138 {48} + 138 {49}
[TEST] {31} tested 277/277 kept=5 rest=3870
[TEST] {35} tested 100/277 kept=1 rest=3769
[TEST] {35} tested 200/277 kept=1 rest=3666
[TEST] {5} tested 3900/4425 kept=102 rest=3590
[TEST] {36} tested 100/276 kept=2 rest=3479
[TEST] {5} tested 4000/4425 kept=102 rest=3305
[TEST] {35} tested 277/277 kept=5 rest=3202
[TEST] {5} tested 4100/4425 kept=104 rest=3183
[WARN] batch start failed size=277 {37} split -> 138 {50} + 139 {51}
[TEST] {36} tested 200/276 kept=2 rest=3137
[WARN] batch start failed size=277 {38} split -> 138 {52} + 139 {53}
[WARN] batch start failed size=277 {39} split -> 138 {54} + 139 {55}
[WARN] batch start failed size=138 {41} split -> 69 {56} + 69 {57}
[TEST] {36} tested 276/276 kept=2 rest=3046
[WARN] batch start failed size=138 {40} split -> 69 {58} + 69 {59}
[TEST] {5} tested 4200/4425 kept=104 rest=2958
[WARN] batch start failed size=138 {43} split -> 69 {60} + 69 {61}
[TEST] {5} tested 4300/4425 kept=104 rest=2823
[TEST] {44} tested 100/276 kept=0 rest=2686
[TEST] {44} tested 200/276 kept=4 rest=2583
[TEST] {42} tested 100/138 kept=0 rest=2443
[TEST] {42} tested 138/138 kept=0 rest=2393
[TEST] {5} tested 4400/4425 kept=104 rest=2385
[WARN] batch start failed size=277 {45} split -> 138 {62} + 139 {63}
[TEST] {5} tested 4425/4425 kept=104 rest=2360
[TEST] {44} tested 276/276 kept=14 rest=2352
[WARN] batch start failed size=277 {46} split -> 138 {64} + 139 {65}
[WARN] batch start failed size=138 {49} split -> 69 {66} + 69 {67}
[TEST] {47} tested 100/277 kept=72 rest=2236
[TEST] {50} tested 100/138 kept=0 rest=1997
[TEST] {48} tested 100/138 kept=38 rest=1968
[TEST] {47} tested 200/277 kept=161 rest=1911
[TEST] {48} tested 138/138 kept=62 rest=1808
[TEST] {50} tested 138/138 kept=1 rest=1802
[WARN] batch start failed size=139 {51} split -> 69 {68} + 70 {69}
[TEST] {47} tested 277/277 kept=215 rest=1799
[WARN] batch start failed size=138 {52} split -> 69 {70} + 69 {71}
[WARN] batch start failed size=138 {54} split -> 69 {72} + 69 {73}
[WARN] batch start failed size=69 {56} split -> 34 {74} + 35 {75}
[TEST] {55} tested 100/139 kept=1 rest=1610
[TEST] {53} tested 100/139 kept=2 rest=1551
[TEST] {53} tested 139/139 kept=2 rest=1512
[TEST] {55} tested 139/139 kept=1 rest=1476
[WARN] batch start failed size=69 {59} split -> 34 {76} + 35 {77}
[TEST] {57} tested 69/69 kept=36 rest=1428
[WARN] batch start failed size=69 {61} split -> 34 {78} + 35 {79}
[TEST] {62} tested 100/138 kept=13 rest=1273
[TEST] {58} tested 69/69 kept=9 rest=1207
[WARN] batch start failed size=139 {63} split -> 69 {80} + 70 {81}
[TEST] {60} tested 69/69 kept=1 rest=1189
[WARN] batch start failed size=139 {65} split -> 69 {82} + 70 {83}
[WARN] batch start failed size=69 {67} split -> 34 {84} + 35 {85}
[TEST] {62} tested 138/138 kept=24 rest=1164
[TEST] {64} tested 100/138 kept=73 rest=950
[TEST] {64} tested 138/138 kept=73 rest=912
[TEST] {66} tested 69/69 kept=25 rest=904
[TEST] {68} tested 69/69 kept=5 rest=900
[WARN] batch start failed size=70 {69} split -> 35 {86} + 35 {87}
[WARN] batch start failed size=69 {70} split -> 34 {88} + 35 {89}
[WARN] batch start failed size=69 {72} split -> 34 {90} + 35 {91}
[TEST] {71} tested 69/69 kept=2 rest=765
[TEST] {73} tested 69/69 kept=0 rest=743
[WARN] batch start failed size=35 {75} split -> 17 {92} + 18 {93}
[TEST] {74} tested 34/34 kept=0 rest=709
[WARN] batch start failed size=35 {77} split -> 17 {94} + 18 {95}
[WARN] batch start failed size=35 {79} split -> 17 {96} + 18 {97}
[TEST] {76} tested 34/34 kept=6 rest=607
[WARN] batch start failed size=69 {80} split -> 34 {98} + 35 {99}
[TEST] {78} tested 34/34 kept=8 rest=595
[WARN] batch start failed size=69 {82} split -> 34 {100} + 35 {101}
[TEST] {81} tested 70/70 kept=64 rest=590
[WARN] batch start failed size=34 {84} split -> 17 {102} + 17 {103}
[TEST] {85} tested 35/35 kept=1 rest=475
[WARN] batch start failed size=35 {87} split -> 17 {104} + 18 {105}
[TEST] {83} tested 70/70 kept=16 rest=468
[WARN] batch start failed size=35 {89} split -> 17 {106} + 18 {107}
[TEST] {86} tested 35/35 kept=2 rest=450
[WARN] batch start failed size=35 {91} split -> 17 {108} + 18 {109}
[TEST] {90} tested 34/34 kept=1 rest=382
[TEST] {88} tested 34/34 kept=2 rest=367
[WARN] batch start failed size=18 {93} split -> 9 {110} + 9 {111}
[WARN] batch start failed size=17 {94} split -> 8 {112} + 9 {113}
[TEST] {92} tested 17/17 kept=0 rest=365
[WARN] batch start failed size=18 {95} split -> 9 {114} + 9 {115}
[WARN] batch start failed size=17 {96} split -> 8 {116} + 9 {117}
[WARN] batch start failed size=34 {98} split -> 17 {118} + 17 {119}
[TEST] {97} tested 18/18 kept=5 rest=293
[TEST] {99} tested 35/35 kept=30 rest=292
[WARN] batch start failed size=35 {101} split -> 17 {120} + 18 {121}
[TEST] {100} tested 34/34 kept=2 rest=278
[WARN] batch start failed size=17 {103} split -> 8 {122} + 9 {123}
[WARN] batch start failed size=17 {104} split -> 8 {124} + 9 {125}
[TEST] {102} tested 17/17 kept=0 rest=251
[WARN] batch start failed size=18 {107} split -> 9 {126} + 9 {127}
[TEST] {105} tested 18/18 kept=0 rest=236
[TEST] {106} tested 17/17 kept=1 rest=226
[WARN] batch start failed size=18 {109} split -> 9 {128} + 9 {129}
[WARN] batch start failed size=9 {110} split -> 4 {130} + 5 {131}
[TEST] {111} tested 9/9 kept=0 rest=205
[WARN] batch start failed size=8 {112} split -> 4 {132} + 4 {133}
[WARN] batch start failed size=9 {113} split -> 4 {134} + 5 {135}
[WARN] batch start failed size=9 {114} split -> 4 {136} + 5 {137}
[TEST] {108} tested 17/17 kept=0 rest=191
[WARN] batch start failed size=8 {116} split -> 4 {138} + 4 {139}
[TEST] {115} tested 9/9 kept=0 rest=178
[TEST] {117} tested 9/9 kept=5 rest=176
[WARN] batch start failed size=17 {119} split -> 8 {140} + 9 {141}
[WARN] batch start failed size=18 {121} split -> 9 {142} + 9 {143}
[WARN] batch start failed size=8 {122} split -> 4 {144} + 4 {145}
[TEST] {118} tested 17/17 kept=0 rest=154
[TEST] {120} tested 17/17 kept=2 rest=144
[WARN] batch start failed size=8 {124} split -> 4 {146} + 4 {147}
[TEST] {123} tested 9/9 kept=0 rest=135
[WARN] batch start failed size=9 {127} split -> 4 {148} + 5 {149}
[WARN] batch start failed size=4 {148} split -> 2 {150} + 2 {151}
[WARN] batch start failed size=9 {129} split -> 4 {152} + 5 {153}
[WARN] batch start failed size=4 {130} split -> 2 {154} + 2 {155}
[WARN] batch start failed size=5 {131} split -> 2 {156} + 3 {157}
[TEST] {125} tested 9/9 kept=0 rest=128
[WARN] batch start failed size=4 {133} split -> 2 {158} + 2 {159}
[WARN] batch start failed size=4 {134} split -> 2 {160} + 2 {161}
[TEST] {126} tested 9/9 kept=0 rest=118
[WARN] batch start failed size=5 {137} split -> 2 {162} + 3 {163}
[WARN] batch start failed size=4 {136} split -> 2 {164} + 2 {165}
[TEST] {132} tested 4/4 kept=0 rest=114
[WARN] batch start failed size=4 {139} split -> 2 {166} + 2 {167}
[TEST] {135} tested 5/5 kept=0 rest=107
[WARN] batch start failed size=9 {141} split -> 4 {168} + 5 {169}
[TEST] {138} tested 4/4 kept=3 rest=106
[WARN] batch start failed size=9 {142} split -> 4 {170} + 5 {171}
[TEST] {140} tested 8/8 kept=0 rest=98
[WARN] batch start failed size=4 {144} split -> 2 {172} + 2 {173}
[WARN] batch start failed size=4 {146} split -> 2 {174} + 2 {175}
[TEST] {168} tested 4/4 kept=0 rest=95
[TEST] {145} tested 4/4 kept=0 rest=88
[TEST] {147} tested 4/4 kept=0 rest=81
[TEST] {128} tested 9/9 kept=0 rest=79
[WARN] batch start failed size=2 {151} split -> 1 {176} + 1 {177}
[TEST] {149} tested 5/5 kept=0 rest=73
[WARN] batch start failed size=5 {153} split -> 2 {178} + 3 {179}
[TEST] {150} tested 2/2 kept=0 rest=71
[WARN] batch start failed size=2 {155} split -> 1 {180} + 1 {181}
[TEST] {152} tested 4/4 kept=0 rest=68
[WARN] batch start failed size=2 {156} split -> 1 {182} + 1 {183}
[WARN] batch start failed size=3 {157} split -> 1 {184} + 2 {185}
[WARN] batch start failed size=2 {158} split -> 1 {186} + 1 {187}
[TEST] {154} tested 2/2 kept=0 rest=66
[WARN] batch start failed size=2 {159} split -> 1 {188} + 1 {189}
[WARN] batch start failed size=2 {160} split -> 1 {190} + 1 {191}
[WARN] batch start failed size=2 {162} split -> 1 {192} + 1 {193}
[WARN] batch start failed size=2 {165} split -> 1 {194} + 1 {195}
[TEST] {163} tested 3/3 kept=0 rest=62
[WARN] batch start failed size=2 {166} split -> 1 {196} + 1 {197}
[TEST] {167} tested 2/2 kept=2 rest=60
[WARN] batch start failed size=5 {169} split -> 2 {198} + 3 {199}
[TEST] {161} tested 2/2 kept=0 rest=53
[TEST] {164} tested 2/2 kept=0 rest=49
[WARN] batch start failed size=5 {171} split -> 2 {200} + 3 {201}
[TEST] {143} tested 9/9 kept=0 rest=45
[WARN] batch start failed size=2 {172} split -> 1 {202} + 1 {203}
[TEST] {170} tested 4/4 kept=0 rest=43
[WARN] batch start failed size=2 {175} split -> 1 {204} + 1 {205}
[REPAIR] {177} name=[Epodonios] EPODONIOS-102 fields=cipher
[TEST] {173} tested 2/2 kept=0 rest=41
[TEST] {174} tested 2/2 kept=0 rest=40
[WARN] batch start failed size=3 {179} split -> 1 {206} + 2 {207}
[REPAIR] {180} name=[ChromeGO-Merge] Taiwan fields=up,down
[REPAIR] {181} name=[ChromeGO-Merge] France fields=up,down
[TEST] {180} tested 1/1 kept=0 rest=39
[TEST] {177} tested 1/1 kept=0 rest=38
[TEST] {176} tested 1/1 kept=0 rest=37
[REPAIR] {182} name=[ChromeGO-Merge] United-4 fields=up,down
[REPAIR] {183} name=[ChromeGO-Merge] Taiwan-2 fields=up,down
[REPAIR] {184} name=[ChromeGO-Merge] United-5 fields=up,down
[TEST] {178} tested 2/2 kept=0 rest=35
[TEST] {183} tested 1/1 kept=0 rest=34
[REPAIR] {187} name=[ChromeGO-ShiteThings] hysteria-2 fields=up,down
[REPAIR] {186} name=[ChromeGO-ShiteThings] hysteria fields=up,down
[TEST] {185} tested 2/2 kept=0 rest=32
[REPAIR] {188} name=[ChromeGO-ShiteThings] hysteria-3 fields=up,down
[REPAIR] {189} name=[ChromeGO-ShiteThings] hysteria-4 fields=up,down
[TEST] {186} tested 1/1 kept=0 rest=31
[REPAIR] {190} name=[ChromeGO-ShiteThings] hysteria-5 fields=up,down
[REPAIR] {193} name=[ChromeGO-Merge] United-2 fields=up,down
[TEST] {189} tested 1/1 kept=0 rest=30
[REPAIR] {192} name=[ChromeGO-Merge] France_hysteria_1 fields=up,down
[TEST] {188} tested 1/1 kept=0 rest=29
[REPAIR] {194} name=[ChromeGO-Merge] WARP fields=dialer-proxy
[REPAIR] {195} name=[ChromeGO-Merge] United fields=up,down
[DROP] {196} name=[免费节点6] 日本 003 server=172.111.146.64:80 reason=Parse config error: proxy 0: filed ws-opts.headers[Host] invalid
[TEST] {194} tested 1/1 kept=1 rest=27
[TEST] {197} tested 1/1 kept=1 rest=26
[TEST] {198} tested 2/2 kept=1 rest=24
[WARN] batch start failed size=3 {199} split -> 1 {208} + 2 {209}
[WARN] batch start failed size=3 {201} split -> 1 {210} + 2 {211}
[TEST] {181} tested 1/1 kept=0 rest=23
[TEST] {202} tested 1/1 kept=0 rest=21
[TEST] {182} tested 1/1 kept=0 rest=20
[REPAIR] {203} name=[Pawdroid-SS-APK] United+Kingdom-2 fields=cipher
[TEST] {187} tested 1/1 kept=0 rest=19
[TEST] {184} tested 1/1 kept=0 rest=18
[TEST] {203} tested 1/1 kept=1 rest=17
[TEST] {191} tested 1/1 kept=0 rest=16
[TEST] {190} tested 1/1 kept=0 rest=15
[DROP] {205} name=[Epodonios] EPODONIOS-7 server=5.75.207.9:1819 reason=Parse config error: proxy 0: ss 5.75.207.9:1819 cipher: Channel initialize error: unknown method: Channel
[TEST] {193} tested 1/1 kept=0 rest=13
[TEST] {192} tested 1/1 kept=0 rest=12
[TEST] {195} tested 1/1 kept=0 rest=11
[TEST] {200} tested 2/2 kept=0 rest=10
[WARN] batch start failed size=2 {207} split -> 1 {212} + 1 {213}
[TEST] {204} tested 1/1 kept=0 rest=9
[WARN] batch start failed size=2 {209} split -> 1 {214} + 1 {215}
[DROP] {210} name=[Free-clash-v2ray] 未知 SS-1521 | free-nodes server=192.0.2.1:1 reason=Parse config error: proxy 0: ss 192.0.2.1:1 cipher: i�5��\x1c�p initialize error: unknown method: i�5��\x1c�p
[TEST] {206} tested 1/1 kept=0 rest=6
[DROP] {213} name=[Epodonios] EPODONIOS-375 server=66.33.22.232:34118 reason=Parse config error: proxy 0: 'reality-opts' has unset fields: public-key
[TEST] {212} tested 1/1 kept=1 rest=4
[REPAIR] {214} name=[Free-clash-v2ray] hysteria fields=up,down
[TEST] {214} tested 1/1 kept=0 rest=3
[TEST] {208} tested 1/1 kept=0 rest=2
[TEST] {215} tested 1/1 kept=1 rest=1
[TEST] {211} tested 2/2 kept=0 rest=0
[INFO] dropped=4 [免费节点6] × 1 | [Epodonios] × 2 | [Free-clash-v2ray] × 1
============================================================
[INFO] core-dedupe dropped 1 same-host variants, kept higher health_score
[INFO] cap live source=[免费节点1] from 107 to 50 by health_score
[INFO] cap live source=[免费节点2] from 61 to 50 by health_score
[INFO] cap live source=[免费节点6] from 69 to 50 by health_score
[INFO] cap live source=[免费节点8] from 148 to 50 by health_score
[INFO] cap live source=[Pawdroid-SR-APK] from 483 to 50 by health_score
[INFO] cap live source=[Epodonios] from 92 to 50 by health_score
[INFO] cap live source=[Free-clash-v2ray] from 530 to 50 by health_score
[INFO] cap live source=[V2rayclashfree-RSS] from 231 to 50 by health_score
[INFO] cap live total from 613 to 400 floor=5 then health_score pool
[INFO] cap live reserved=116 pool=497 taken=284
============================================================
+------------------------------+--------+--------+------+--------+
| source                       |    raw | unique | live | capped |
+------------------------------+--------+--------+------+--------+
| [大FQ运动]                   |     14 |     14 |    4 |      4 |
+------------------------------+--------+--------+------+--------+
| [Pawdroid]                   |     22 |     21 |    2 |      2 |
+------------------------------+--------+--------+------+--------+
| [FreeV2-Base64]              |      3 |      3 |    3 |      3 |
+------------------------------+--------+--------+------+--------+
| [Bocchi2b-Base64]            |     35 |     35 |    0 |      0 |
+------------------------------+--------+--------+------+--------+
| [ChromeGO-Toolkit]           |     14 |     14 |    5 |      5 |
+------------------------------+--------+--------+------+--------+
| [ChromeGO-ShiteThings]       |     31 |     25 |    1 |      1 |
+------------------------------+--------+--------+------+--------+
| [ChromeGO-Merge]             |    110 |    110 |    3 |      3 |
+------------------------------+--------+--------+------+--------+
| [Freesocks]                  |      3 |      3 |    3 |      3 |
+------------------------------+--------+--------+------+--------+
| [NekoWarp]                   |     10 |     10 |   10 |     10 |
+------------------------------+--------+--------+------+--------+
| [1VPN-CRX]                   |     17 |     17 |   16 |      5 |
+------------------------------+--------+--------+------+--------+
| [OpenRunner-RSS]             |     14 |      0 |    0 |      0 |
+------------------------------+--------+--------+------+--------+
| [V2Rayshare-RSS]             |     27 |     25 |    5 |      5 |
+------------------------------+--------+--------+------+--------+
| [Mibei77-RSS]                |    149 |    134 |    7 |      5 |
+------------------------------+--------+--------+------+--------+
| [Yoyapai-RSS]                |    211 |    189 |    4 |      4 |
+------------------------------+--------+--------+------+--------+
| [免费节点1]                  |    381 |    243 |  107 |     35 |
+------------------------------+--------+--------+------+--------+
| [免费节点2]                  |    312 |    251 |   61 |      8 |
+------------------------------+--------+--------+------+--------+
| [免费节点3]                  |     21 |     14 |   14 |      5 |
+------------------------------+--------+--------+------+--------+
| [免费节点4]                  |    743 |    706 |   43 |     16 |
+------------------------------+--------+--------+------+--------+
| [免费节点5]                  |     29 |     28 |    0 |      0 |
+------------------------------+--------+--------+------+--------+
| [免费节点6]                  |   1615 |   1524 |   69 |     36 |
+------------------------------+--------+--------+------+--------+
| [免费节点7]                  |     64 |     24 |    1 |      1 |
+------------------------------+--------+--------+------+--------+
| [免费节点8]                  |   4174 |   3328 |  148 |     38 |
+------------------------------+--------+--------+------+--------+
| [免费节点9]                  |    615 |    457 |    0 |      0 |
+------------------------------+--------+--------+------+--------+
| [免费节点10]                 |   5441 |   3089 |   21 |      7 |
+------------------------------+--------+--------+------+--------+
| [免费节点11]                 |    512 |    245 |   35 |      5 |
+------------------------------+--------+--------+------+--------+
| [Pawdroid-SR-APK]            |   1157 |    752 |  483 |     50 |
+------------------------------+--------+--------+------+--------+
| [Pawdroid-SS-APK]            |   1480 |    937 |   27 |      5 |
+------------------------------+--------+--------+------+--------+
| [Clashfree]                  |   1368 |    485 |   10 |      5 |
+------------------------------+--------+--------+------+--------+
| [Epodonios]                  |   4215 |   2528 |   92 |     39 |
+------------------------------+--------+--------+------+--------+
| [Free-clash-v2ray]           |   4725 |   2193 |  530 |     50 |
+------------------------------+--------+--------+------+--------+
| [V2rayclashfree-RSS]         |   1731 |    297 |  231 |     50 |
+------------------------------+--------+--------+------+--------+
============================================================
[SUMMARY] total_nodes=29243
[SUMMARY] legal_candidates=17701
[SUMMARY] passed_latency_test=400
[SUMMARY] region_HK=6 region_JP=1 region_US=147
[SUMMARY] avg_latency_ms=207.13
[SUMMARY] output=/home/runner/work/Free-node-autotest/Free-node-autotest/output/clash.yaml
============================================================
