============================================================
[INFO] sublink try page: https://end-gfw.com/
[OK] proxies=2 new=2 url=https://raw.githubusercontent.com/hello-world-1989/cn-news/refs/heads/main/clash.yaml
[INFO] sublink file_nodes=2 bare links=9
[OK] proxies=2 new=0 url=https://raw.githubusercontent.com/hello-world-1989/cn-news/main/end-gfw-together
[OK] proxies=2 new=2 url=https://raw.githubusercontent.com/hello-world-1989/cn-news/main/end-gfw-together-ss
[OK] proxies=4 source=大FQ运动 url=https://end-gfw.com/
============================================================
[INFO] source try url: https://end-gfw.com/ss-key
[OK] proxies=4 new=4 url=https://end-gfw.com/ss-key
[OK] proxies=4 source=大FQ运动-SS密钥 url=https://end-gfw.com/ss-key
============================================================
[INFO] sublink try page: https://github.com/hello-world-1989/cn-news/raw/refs/heads/main/README.md
[OK] proxies=2 new=2 url=https://raw.githubusercontent.com/hello-world-1989/cn-news/refs/heads/main/clash.yaml
[INFO] sublink file_nodes=2 bare links=5
[OK] proxies=2 new=0 url=https://raw.githubusercontent.com/hello-world-1989/cn-news/main/end-gfw-together
[OK] proxies=6 new=6 url=https://raw.githubusercontent.com/hello-world-1989/v2-sub/main/end-gfw-together-af3e13
[OK] proxies=8 source=大FQ运动-补充 url=https://github.com/hello-world-1989/cn-news/raw/refs/heads/main/README.md
============================================================
[INFO] toolkit try release: https://github.com/bannedbook/fanqiang/releases
[INFO] toolkit try page: https://github.com/bannedbook/fanqiang/releases/expanded_assets/ChromeGo-latest
[INFO] toolkit try download: https://github.com/bannedbook/fanqiang/releases/download/ChromeGo-latest/ChromeGo.7z
[OK] toolkit downloaded: ChromeGo.7z bytes=100924352
[OK] toolkit embedded proxies=12 archive=ChromeGo.7z
[OK] toolkit discovered subs=107 archive=ChromeGo.7z
[OK] proxies=6 new=12 embedded=archive-config
[OK] proxies=3 new=1 url=https://gitlab.com/free9999/ipupdate/master/backup/img/1/2/{ipp|ip}/clash.meta2/{2|3|1|5|4|6}/config.yaml
[OK] proxies=7 new=5 url=https://www.67867867.xyz/Alvin9999/PAC/refs/heads/master/backup/img/1/2/{ipp|ip}/{hysteria2|singbox|naiveproxy|hysteria|xray}/{1|2|3|4}/config.json
[OK] proxies=3 new=2 url=https://www.67867867.xyz/Alvin9999/PAC/refs/heads/master/backup/img/1/2/{ipp|ip}/clash.meta2/{2|3|5|1|4|6}/config.yaml
[OK] proxies=7 new=1 url=https://gitlab.com/free9999/ipupdate/master/backup/img/1/2/{ipp|ip}/{singbox|hysteria2|naiveproxy|hysteria|xray}/{1|2|4|3}/config.json
[OK] proxies=21 source=ChromeGO-工具包 url=https://github.com/bannedbook/fanqiang/releases/download/ChromeGo-latest/ChromeGo.7z
============================================================
[INFO] sublink try page: https://raw.githubusercontent.com/ShiteThings/extractNodes/refs/heads/main/README.md
[OK] proxies=26 new=26 url=https://chg26.makou.cc.cd/sb
[OK] proxies=31 new=5 url=https://{chg26.makou.cc.cd|chg64.makou.cc.cd}
[OK] proxies=31 source=ChromeGO-ShiteThings url=https://raw.githubusercontent.com/ShiteThings/extractNodes/refs/heads/main/README.md
============================================================
[INFO] sublink try page: https://github.com/Misaka-blog/chromego_merge/raw/refs/heads/main/README.md
[OK] proxies=26 new=26 url=https://chromego-sub.netlify.app/sub/merged_proxies_new.yaml
[OK] proxies=26 source=ChromeGO-Merge url=https://github.com/Misaka-blog/chromego_merge/raw/refs/heads/main/README.md
============================================================
[INFO] source try url: https://freesocks.org/api/v1/sub/02b897e8e77f19176b0b9f2c75864b00
[OK] proxies=6 new=6 url=https://freesocks.org/api/v1/sub/02b897e8e77f19176b0b9f2c75864b00
[OK] proxies=6 source=Freesocks url=https://freesocks.org/api/v1/sub/02b897e8e77f19176b0b9f2c75864b00
============================================================
[INFO] source try url: https://neko-warp.nloli.xyz/neko_warp.yaml
[OK] proxies=10 new=10 url=https://neko-warp.nloli.xyz/neko_warp.yaml
[OK] proxies=10 source=NekoWarp url=https://neko-warp.nloli.xyz/neko_warp.yaml
============================================================
[INFO] article try feed: https://v2rayshare.com/feed
[INFO] sublink try page: https://v2rayshare.net/p/5075.html
[OK] proxies=23 new=23 url=https://static.v2rayshare.net/2026/09/m20260905.yaml
[OK] proxies=24 new=1 url=https://static.v2rayshare.net/2026/09/20260905.txt
[OK] proxies=30 new=30 url=https://static.v2rayshare.net/2026/09/20260905.yaml
[OK] proxies=54 source=V2Rayshare-RSS url=https://v2rayshare.net/p/5075.html
============================================================
[INFO] sublink try page: https://github.com/firefoxmmx2/v2rayshare_subcription/raw/refs/heads/main/README.md
[OK] proxies=30 new=30 url=https://{raw.githubusercontent.com|cdn.jsdelivr.net}/firefoxmmx2/v2rayshare_subcription/main/subscription/clash_sub.yaml
[OK] proxies=24 new=24 url=https://{raw.githubusercontent.com|cdn.jsdelivr.net}/firefoxmmx2/v2rayshare_subcription/main/subscription/vray_sub.txt
[OK] proxies=23 new=0 url=https://{raw.githubusercontent.com|cdn.jsdelivr.net}/firefoxmmx2/v2rayshare_subcription/main/subscription/mihomo_sub.yaml
[OK] proxies=54 source=V2Rayshare-SUB url=https://github.com/firefoxmmx2/v2rayshare_subcription/raw/refs/heads/main/README.md
============================================================
[INFO] article try feed: https://free.datiya.com/index.xml
[INFO] sublink try page: https://free.datiya.com/post/20260905/
[OK] proxies=14 new=14 url=https://free.datiya.com/uploads/20260905-clash.yaml
[OK] proxies=14 source=OpenRunner-RSS url=https://free.datiya.com/post/20260905/
============================================================
[INFO] article try feed: https://www.mibei77.com/feed
[INFO] sublink try page: https://www.mibei77.com/648.html
[OK] proxies=121 new=121 url=https://mm.mibei77.com/202609/09.0564bacvs.txt
[OK] proxies=120 new=1 url=https://mm.mibei77.com/202609/0905Clashizx.yaml
[OK] proxies=122 source=Mibei77-RSS url=https://www.mibei77.com/648.html
============================================================
[INFO] article try feed: https://yoyapai.com/feed
[INFO] sublink try page: https://yoyapai.com/701
[OK] proxies=202 new=202 url=https://freenode.yoyapai.com/2026/09/05-yoyapai.com-ssrv2ray-vpn-mianfei-jie-dian.txt
[OK] proxies=202 new=0 url=https://freenode.yoyapai.com/2026/09/05-yoyapai.com-clash-vpn-mianfei-jie-dian.yaml
[OK] proxies=202 source=Yoyapai-RSS url=https://yoyapai.com/701
============================================================
[INFO] sublink try page: https://raw.githubusercontent.com/free-clash-v2ray/free-clash-v2ray.github.io/main/README.md
[OK] proxies=1495 new=1330 url=https://free-clash-v2ray.github.io/uploads/2026/08/{3-20260830.txt|2-20260830.txt|1-20260830.txt|0-20260830.txt|4-20260830.txt}
[OK] proxies=310 new=165 url=https://free-clash-v2ray.github.io/uploads/2026/08/{3-20260830.yaml|1-20260830.yaml|0-20260830.yaml|2-20260830.yaml}
[OK] proxies=1495 source=Free-clash-v2ray url=https://raw.githubusercontent.com/free-clash-v2ray/free-clash-v2ray.github.io/main/README.md
============================================================
[INFO] source try url: https://raw.githubusercontent.com/Pawdroid/Free-servers/refs/heads/main/README.md
[OK] proxies=14 new=14 url=https://raw.githubusercontent.com/Pawdroid/Free-servers/refs/heads/main/README.md
[OK] proxies=14 source=Pawdroid url=https://raw.githubusercontent.com/Pawdroid/Free-servers/refs/heads/main/README.md
============================================================
[INFO] source try url: https://xmxosfepggzm.503403.xyz
[OK] proxies=3 new=3 url=https://xmxosfepggzm.503403.xyz
[OK] proxies=3 source=FreeV2-Base64 url=https://xmxosfepggzm.503403.xyz
============================================================
[INFO] source try url: https://links.bocchi2b.top/clash
[OK] proxies=35 new=35 url=https://links.bocchi2b.top/clash
[OK] proxies=35 source=Bocchi2b-Base64 url=https://links.bocchi2b.top/clash
============================================================
[INFO] sublink try page: https://raw.githubusercontent.com/free18/v2ray/refs/heads/main/README.md
[OK] proxies=139 new=139 url=https://ghfast.top/https://raw.githubusercontent.com/free18/v2ray/refs/heads/main/v.txt
[OK] proxies=139 new=0 url=https://ghfast.top/https://raw.githubusercontent.com/free18/v2ray/refs/heads/main/c.yaml
[OK] proxies=139 source=免费节点1 url=https://raw.githubusercontent.com/free18/v2ray/refs/heads/main/README.md
============================================================
[INFO] source try url: https://raw.githubusercontent.com/free18/v2ray/refs/heads/main/README.md
[OK] proxies=3 new=3 url=https://raw.githubusercontent.com/free18/v2ray/refs/heads/main/README.md
[OK] proxies=3 source=免费节点1-自建 url=https://raw.githubusercontent.com/free18/v2ray/refs/heads/main/README.md
============================================================
[INFO] sublink try page: https://github.com/ermaozi/get_subscribe/raw/refs/heads/main/README.md
[OK] proxies=21 new=21 url=https://www.ermao.net/sub/{v2ray|clash}/ermao.net
[OK] proxies=21 source=免费节点2 url=https://github.com/ermaozi/get_subscribe/raw/refs/heads/main/README.md
============================================================
[INFO] sublink try page: https://raw.githubusercontent.com/sunmiao4458/free-proxy-airport/refs/heads/main/README.md
[OK] proxies=31 new=31 url=https://sunmiao4458.github.io/free-proxy-airport/clash.yaml
[OK] proxies=31 source=免费节点3 url=https://raw.githubusercontent.com/sunmiao4458/free-proxy-airport/refs/heads/main/README.md
============================================================
[INFO] sublink try page: https://raw.githubusercontent.com/mfuu/FreeProxies/refs/heads/master/README.md
[OK] proxies=754 new=754 url=https://raw.githubusercontent.com/mfuu/FreeProxies/master/sub.yaml
[OK] proxies=754 source=免费节点4 url=https://raw.githubusercontent.com/mfuu/FreeProxies/refs/heads/master/README.md
============================================================
[INFO] sublink try page: https://github.com/vxiaov/free_proxies/raw/refs/heads/main/README.md
[OK] proxies=28 new=28 url=https://{cdn.jsdelivr.net|raw.githubusercontent.com}/vxiaov/free_proxies/main/clash/clash.provider.yaml
[OK] proxies=28 source=免费节点5 url=https://github.com/vxiaov/free_proxies/raw/refs/heads/main/README.md
============================================================
[INFO] sublink try page: https://github.com/anaer/Sub/raw/refs/heads/main/README.MD
[OK] proxies=1412 new=1412 url=https://raw.githubusercontent.com/anaer/Sub/main/clash.yaml
[OK] proxies=1412 new=0 url=https://anaer.github.io/Sub/clash.yaml
[OK] proxies=1412 source=免费节点6 url=https://github.com/anaer/Sub/raw/refs/heads/main/README.MD
============================================================
[INFO] sublink try page: https://github.com/snakem982/proxypool/raw/refs/heads/main/README.md
[OK] proxies=63 new=63 url=https://raw.githubusercontent.com/snakem982/proxypool/main/source/v2ray-2.txt
[OK] proxies=64 new=1 url=https://raw.githubusercontent.com/snakem982/proxypool/main/source/clash-meta-2.yaml
[OK] proxies=62 new=0 url=https://raw.githubusercontent.com/snakem982/proxypool/main/source/sing-box-2.json
[OK] proxies=64 source=免费节点7 url=https://github.com/snakem982/proxypool/raw/refs/heads/main/README.md
============================================================
[INFO] sublink try page: https://raw.githubusercontent.com/mahdibland/V2RayAggregator/refs/heads/master/README.md
[OK] proxies=192 new=192 url=https://raw.githubusercontent.com/mahdibland/ShadowsocksAggregator/master/Eternity.txt
[OK] proxies=61 new=61 url=https://raw.githubusercontent.com/mahdibland/SSAggregator/master/sub/airport_sub_merge.txt
[OK] proxies=1 new=1 url=https://cdn.jsdelivr.net/gh/mahdibland/V2RayAggregator@master/update/provider/provider-meta-cn.yml
[OK] proxies=1 new=0 url=https://cdn.jsdelivr.net/gh/mahdibland/V2RayAggregator@master/update/provider/provider-meta-others.yml
[OK] proxies=61 new=0 url=https://raw.githubusercontent.com/mahdibland/ShadowsocksAggregator/master/EternityAir.txt
[OK] proxies=1 new=0 url=https://cdn.jsdelivr.net/gh/mahdibland/V2RayAggregator@master/update/provider/provider-others.yml
[OK] proxies=1 new=0 url=https://cdn.jsdelivr.net/gh/mahdibland/V2RayAggregator@master/update/provider/provider-cn.yml
[OK] proxies=1 new=0 url=https://cdn.jsdelivr.net/gh/mahdibland/V2RayAggregator@master/update/provider/provider.yml
[OK] proxies=1 new=0 url=https://cdn.jsdelivr.net/gh/mahdibland/V2RayAggregator@master/update/provider/provider-meta.yml
[OK] proxies=42 new=42 url=https://raw.githubusercontent.com/mahdibland/ShadowsocksAggregator/master/sub/splitted/ssr.txt
[OK] proxies=193 new=1 url=https://raw.githubusercontent.com/mahdibland/ShadowsocksAggregator/master/Eternity.yml
[OK] proxies=596 new=570 url=https://raw.githubusercontent.com/mahdibland/ShadowsocksAggregator/master/sub/splitted/trojan.txt
[OK] proxies=1846 new=1718 url=https://raw.githubusercontent.com/mahdibland/ShadowsocksAggregator/master/sub/splitted/ss.txt
[OK] proxies=3855 new=1362 url=https://raw.githubusercontent.com/mahdibland/SSAggregator/master/sub/sub_merge_yaml.yml
[OK] proxies=1379 new=10 url=https://raw.githubusercontent.com/mahdibland/ShadowsocksAggregator/master/sub/splitted/vmess.txt
[OK] proxies=61 new=0 url=https://raw.githubusercontent.com/mahdibland/SSAggregator/master/sub/airport_merge_base64.txt
[OK] proxies=3863 new=0 url=https://raw.githubusercontent.com/mahdibland/{ShadowsocksAggregator|SSAggregator}/master/sub/sub_merge.txt
[OK] proxies=3863 new=0 url=https://raw.githubusercontent.com/mahdibland/SSAggregator/master/sub/sub_merge_base64.txt
[OK] proxies=3957 source=免费节点8 url=https://raw.githubusercontent.com/mahdibland/V2RayAggregator/refs/heads/master/README.md
============================================================
[INFO] sublink try page: https://raw.githubusercontent.com/w1770946466/Auto_proxy/refs/heads/main/README.md
[OK] proxies=245 new=245 url=https://raw.githubusercontent.com/w1770946466/Auto_proxy/main/{Long_term_subscription3.yaml|Long_term_subscription2.yaml|Long_term_subscription1.yaml}
[OK] proxies=245 source=免费节点9 url=https://raw.githubusercontent.com/w1770946466/Auto_proxy/refs/heads/main/README.md
============================================================
[INFO] sublink try page: https://raw.githubusercontent.com/PuddinCat/BestClash/refs/heads/main/README.md
[OK] proxies=28 new=28 url=https://cdn.jsdelivr.net/gh/vxiaov/free_proxies@main/clash/clash.provider.yaml
[OK] proxies=39 new=39 url=https://raw.githubusercontent.com/{ermaozi|ermaozi01}/{get_subscribe|free_clash_vpn}/main/subscribe/clash.yml
[OK] proxies=26 new=25 url=https://raw.githubusercontent.com/Misaka-blog/chromego_merge/main/sub/merged_proxies_new.yaml
[OK] proxies=144 new=144 url=https://raw.githubusercontent.com/zhangkaiitugithub/passcro/main/speednodes.yaml
[OK] proxies=165 new=165 url=https://raw.githubusercontent.com/ronghuaxueleng/get_v2/main/pub/combine.yaml
[OK] proxies=24 new=24 url=https://freenode.openrunner.net/uploads/20240807-clash.yaml
[OK] proxies=30 new=3 url=https://raw.githubusercontent.com/{chengaopan|peasoft}/{AutoMergePublicNodes|NoMoreWalls}/master/list.yml
[OK] proxies=16 new=15 url=https://raw.githubusercontent.com/PuddinCat/BestClash/main/proxies.yaml
[OK] proxies=193 new=187 url=https://raw.githubusercontent.com/mahdibland/ShadowsocksAggregator/master/Eternity.yml
[OK] proxies=4558 new=4497 url=https://raw.githubusercontent.com/{anaer|NiceVPN123}/{Sub|NiceVPN}/main/{clash.yaml|Clash.yaml}
[OK] proxies=5127 source=免费节点10 url=https://raw.githubusercontent.com/PuddinCat/BestClash/refs/heads/main/README.md
============================================================
[INFO] sublink try page: https://raw.githubusercontent.com/kooker/FreeSubsCheck/main/README.md
[OK] proxies=4 new=4 url=https://raw.githubusercontent.com/kooker/FreeSubsCheck/main/byxiaoxi.txt
[OK] proxies=36 new=34 url=https://raw.githubusercontent.com/kooker/FreeSubsCheck/main/all.yaml
[OK] proxies=8 new=0 url=https://raw.githubusercontent.com/kooker/FreeSubsCheck/main/base64.txt
[OK] proxies=420 new=416 url=https://raw.githubusercontent.com/kooker/FreeSubsCheck/main/kooker.jp.txt
[OK] proxies=36 new=0 url=https://raw.githubusercontent.com/kooker/FreeSubsCheck/main/mihomo.yaml
[OK] proxies=454 source=免费节点11 url=https://raw.githubusercontent.com/kooker/FreeSubsCheck/main/README.md
============================================================
[INFO] toolkit try release: https://github.com/Pawdroid/shadowrocket_for_android/releases
[INFO] toolkit try page: https://github.com/Pawdroid/shadowrocket_for_android/releases/expanded_assets/v10.10.5-standard
[INFO] toolkit try download: https://github.com/Pawdroid/shadowrocket_for_android/releases/download/v10.10.5-standard/Shadowrocket_10.10.5_shadowrocketStandard_arm64-v8a.apk
[OK] toolkit downloaded: Shadowrocket_10.10.5_shadowrocketStandard_arm64-v8a.apk bytes=42354602
[INFO] toolkit sr-apk scanned prefixes=9 files=11 keys=2 archive=Shadowrocket_10.10.5_shadowrocketStandard_arm64-v8a.apk
[OK] proxies=171 new=171 url=https://raw.githubusercontent.com/hideme9527/ecfg/refs/heads/main/data/ecfg5
[OK] proxies=1386 new=1283 url=https://raw.githubusercontent.com/hideme9527/ecfg/refs/heads/main/data/ecfg_zh
[OK] proxies=171 new=0 url=https://{ecfg.v2gh.com|vip.foxovpn.com|cdn10.159236.xyz|cdn.159236.xyz|cdn100.159236.xyz}/{data|config}/ecfg5
[OK] proxies=129 new=0 url=https://{ecfg.v2gh.com|vip.foxovpn.com|cdn.159236.xyz|cdn10.159236.xyz|cdn100.159236.xyz}/{data|config}/ecfg
[OK] proxies=129 new=0 url=https://raw.githubusercontent.com/hideme9527/ecfg/refs/heads/main/data/ecfg
[OK] proxies=1386 new=0 url=https://{vip.foxovpn.com|ecfg.v2gh.com|cdn.159236.xyz|cdn100.159236.xyz|cdn10.159236.xyz}/{config|data}/ecfg_zh
[OK] proxies=1386 new=0 url=https://{cdn.159236.xyz|ecfg.v2gh.com|cdn100.159236.xyz|cdn10.159236.xyz|vip.foxovpn.com}/{config|data}/ecfg_es
[OK] proxies=1386 new=0 url=https://{cdn.159236.xyz|ecfg.v2gh.com|cdn100.159236.xyz|cdn10.159236.xyz|vip.foxovpn.com}/{config|data}/ecfg_fr
[OK] proxies=1386 new=0 url=https://{cdn.159236.xyz|ecfg.v2gh.com|cdn100.159236.xyz|cdn10.159236.xyz|vip.foxovpn.com}/{config|data}/ecfg_de
[OK] proxies=1386 new=0 url=https://{cdn.159236.xyz|ecfg.v2gh.com|cdn10.159236.xyz|cdn100.159236.xyz|vip.foxovpn.com}/{config|data}/ecfg_en
[OK] proxies=1386 new=0 url=https://{cdn.159236.xyz|ecfg.v2gh.com|cdn10.159236.xyz|cdn100.159236.xyz|vip.foxovpn.com}/{config|data}/ecfg_pt
[OK] proxies=1386 new=0 url=https://{cdn.159236.xyz|ecfg.v2gh.com|cdn10.159236.xyz|cdn100.159236.xyz|vip.foxovpn.com}/{config|data}/ecfg_ru
[OK] proxies=1386 new=0 url=https://{cdn.159236.xyz|ecfg.v2gh.com|cdn10.159236.xyz|cdn100.159236.xyz|vip.foxovpn.com}/{config|data}/ecfg_ja
[OK] proxies=1386 new=0 url=https://raw.githubusercontent.com/hideme9527/ecfg/refs/heads/main/data/ecfg_en
[OK] proxies=1386 new=0 url=https://raw.githubusercontent.com/hideme9527/ecfg/refs/heads/main/data/ecfg_fr
[OK] proxies=1386 new=0 url=https://raw.githubusercontent.com/hideme9527/ecfg/refs/heads/main/data/ecfg_de
[OK] proxies=1386 new=0 url=https://raw.githubusercontent.com/hideme9527/ecfg/refs/heads/main/data/ecfg_ja
[OK] proxies=1386 new=0 url=https://raw.githubusercontent.com/hideme9527/ecfg/refs/heads/main/data/ecfg_pt
[OK] proxies=1386 new=0 url=https://raw.githubusercontent.com/hideme9527/ecfg/refs/heads/main/data/ecfg_es
[OK] proxies=1386 new=0 url=https://raw.githubusercontent.com/hideme9527/ecfg/refs/heads/main/data/ecfg_ru
[OK] proxies=1454 source=Pawdroid-sr-apk url=https://github.com/Pawdroid/shadowrocket_for_android/releases/download/v10.10.5-standard/Shadowrocket_10.10.5_shadowrocketStandard_arm64-v8a.apk
============================================================
[INFO] toolkit try page: https://shadowshare.v2cross.com/
[INFO] toolkit try download: https://shadowshare.v2cross.com/shadowshare.apk
[OK] toolkit downloaded: shadowshare.apk bytes=62868122
[INFO] toolkit ss-apk scanned prefixes=10 files=3 keys=1 archive=shadowshare.apk
[OK] proxies=1386 new=1386 url=https://{raw.githubusercontent.com|jsd.onmicrosoft.cn}/hideme9527/ecsfg/main/data/sareserver_en
[OK] proxies=171 new=68 url=https://{raw.githubusercontent.com|jsd.onmicrosoft.cn}/hideme9527/ecsfg/main/data/sareserver
[OK] proxies=1386 new=0 url=https://{shadowsharing.com|sare.159236.xyz}/data/sareserver_en
[OK] proxies=171 new=0 url=https://{shadowsharing.com|sare.159236.xyz}/data/sareserver
[OK] proxies=171 new=0 url=https://gitee.com/api/v5/repos/{elvenapp|guoyoucai1|zhiminghao}/ecsfg/raw/data/sareserver
[OK] proxies=1386 new=0 url=https://gitee.com/api/v5/repos/{guoyoucai1|zhiminghao|elvenapp}/ecsfg/raw/data/sareserver_en
[OK] proxies=1454 source=Pawdroid-ss-apk url=https://shadowshare.v2cross.com/shadowshare.apk
============================================================
[INFO] sublink try page: https://raw.githubusercontent.com/free-nodes/clashfree/refs/heads/main/README.md
[OK] proxies=1296 new=1296 url=https://raw.githubusercontent.com/free-nodes/clashfree/main/clash20260905.yml
[OK] proxies=1296 source=Clashfree url=https://raw.githubusercontent.com/free-nodes/clashfree/refs/heads/main/README.md
============================================================
[INFO] sublink try page: https://github.com/Epodonios/v2ray-configs/raw/refs/heads/main/README.md
[OK] proxies=3812 new=3812 url=https://raw.githubusercontent.com/Epodonios/v2ray-configs/main/{Sub4.txt|Sub1.txt|Sub3.txt|Sub5.txt|Sub8.txt|Sub2.txt|Sub7.txt|Sub6.txt}
[OK] proxies=145 new=10 url=https://github.com/Epodonios/v2ray-configs/raw/main/Splitted-By-Protocol/trojan.txt
[OK] proxies=330 new=19 url=https://github.com/Epodonios/v2ray-configs/raw/main/Splitted-By-Protocol/ss.txt
[OK] proxies=157 new=17 url=https://github.com/Epodonios/v2ray-configs/raw/main/Splitted-By-Protocol/vmess.txt
[OK] proxies=2710 new=0 url=https://github.com/Epodonios/v2ray-configs/raw/main/All_Configs_Sub.txt
[OK] proxies=3050 new=204 url=https://github.com/Epodonios/v2ray-configs/raw/main/Splitted-By-Protocol/vless.txt
[OK] proxies=2710 new=0 url=https://github.com/Epodonios/v2ray-configs/raw/main/All_Configs_base64_Sub.txt
[OK] proxies=4062 source=Epodonios-v2ray-configs url=https://github.com/Epodonios/v2ray-configs/raw/refs/heads/main/README.md
============================================================
[INFO] article try page: https://v2rayclashfree.com/
[INFO] sublink try page: https://v2rayclashfree.com/fn/20260905.html
[OK] proxies=2791 new=2791 url=https://v2rayclashfree.com/sub/20260905-v2ray.txt
[OK] proxies=2057 new=397 url=https://v2rayclashfree.com/sub/20260905-clash.yaml
[OK] proxies=3188 source=V2rayclashfree-RSS url=https://v2rayclashfree.com/fn/20260905.html
============================================================
[INFO] raw backup written path=/home/runner/work/Free-node-autotest/Free-node-autotest/output/raw.yaml proxies=25792
[INFO] release digest sha256=b358eba638b01c1f1841c4d612d4b6da58419bef96055958cf9c3be04f625642 asset=mihomo-linux-amd64-v1-go120-v1.19.30.gz
[INFO] downloading proxy engine: https://github.com/MetaCubeX/mihomo/releases/download/v1.19.30/mihomo-linux-amd64-v1-go120-v1.19.30.gz
[OK] proxy engine sha256 verified: b358eba638b01c1f1841c4d612d4b6da58419bef96055958cf9c3be04f625642
============================================================
[WARN] batch start failed size=16155
[WARN] split batch 16155 -> 8077 + 8078
[WARN] batch start failed size=8077
[WARN] split batch 8077 -> 4038 + 4039
[WARN] batch start failed size=4038
[WARN] split batch 4038 -> 2019 + 2019
[WARN] batch start failed size=2019
[WARN] split batch 2019 -> 1009 + 1010
[WARN] batch start failed size=1009
[WARN] split batch 1009 -> 504 + 505
[WARN] batch start failed size=504
[WARN] split batch 504 -> 252 + 252
[WARN] batch start failed size=252
[WARN] split batch 252 -> 126 + 126
[WARN] batch start failed size=126
[WARN] split batch 126 -> 63 + 63
[WARN] batch start failed size=63
[WARN] split batch 63 -> 31 + 32
[INFO] tested 31/31 kept=11
[WARN] batch start failed size=32
[WARN] split batch 32 -> 16 + 16
[INFO] tested 16/16 kept=0
[WARN] batch start failed size=16
[WARN] split batch 16 -> 8 + 8
[WARN] batch start failed size=8
[WARN] split batch 8 -> 4 + 4
[WARN] batch start failed size=4
[WARN] split batch 4 -> 2 + 2
[WARN] batch start failed size=2
[WARN] split batch 2 -> 1 + 1
[INFO] tested 1/1 kept=0
[WARN] batch start failed size=1
[DROP] name=[ChromeGO-ShiteThings] hysteria server=5.83.129.153:20088 reason=Start initial configuration in progress
[WARN] batch start failed size=2
[WARN] split batch 2 -> 1 + 1
[WARN] batch start failed size=1
[DROP] name=[ChromeGO-ShiteThings] hysteria-2 server=5.83.129.153:27626 reason=Start initial configuration in progress
[WARN] batch start failed size=1
[DROP] name=[ChromeGO-ShiteThings] hysteria-3 server=62.210.70.191:23556 reason=Start initial configuration in progress
[WARN] batch start failed size=4
[WARN] split batch 4 -> 2 + 2
[WARN] batch start failed size=2
[WARN] split batch 2 -> 1 + 1
[WARN] batch start failed size=1
[DROP] name=[ChromeGO-ShiteThings] hysteria-4 server=5.83.129.90:54177 reason=Start initial configuration in progress
[WARN] batch start failed size=1
[DROP] name=[ChromeGO-ShiteThings] hysteria-5 server=45.150.65.154:47119 reason=Start initial configuration in progress
[INFO] tested 2/2 kept=0
[INFO] tested 8/8 kept=0
[INFO] tested 63/63 kept=29
[INFO] tested 100/126 kept=2
[INFO] tested 126/126 kept=5
[INFO] tested 100/252 kept=4
[INFO] tested 200/252 kept=13
[INFO] tested 252/252 kept=14
[INFO] tested 100/505 kept=0
[INFO] tested 200/505 kept=6
[INFO] tested 300/505 kept=37
[INFO] tested 400/505 kept=51
[INFO] tested 500/505 kept=64
[INFO] tested 505/505 kept=64
[WARN] batch start failed size=1010
[WARN] split batch 1010 -> 505 + 505
[INFO] tested 100/505 kept=0
[INFO] tested 200/505 kept=0
[INFO] tested 300/505 kept=13
[INFO] tested 400/505 kept=31
[INFO] tested 500/505 kept=31
[INFO] tested 505/505 kept=31
[WARN] batch start failed size=505
[WARN] split batch 505 -> 252 + 253
[WARN] batch start failed size=252
[WARN] split batch 252 -> 126 + 126
[WARN] batch start failed size=126
[WARN] split batch 126 -> 63 + 63
[INFO] tested 63/63 kept=9
[WARN] batch start failed size=63
[WARN] split batch 63 -> 31 + 32
[WARN] batch start failed size=31
[WARN] split batch 31 -> 15 + 16
[INFO] tested 15/15 kept=0
[WARN] batch start failed size=16
[WARN] split batch 16 -> 8 + 8
[INFO] tested 8/8 kept=1
[WARN] batch start failed size=8
[WARN] split batch 8 -> 4 + 4
[INFO] tested 4/4 kept=0
[WARN] batch start failed size=4
[WARN] split batch 4 -> 2 + 2
[INFO] tested 2/2 kept=0
[WARN] batch start failed size=2
[WARN] split batch 2 -> 1 + 1
[WARN] batch start failed size=1
[DROP] name=[Free-clash-v2ray] 未知 SS-1336 | free-nodes server=192.0.2.1:1 reason=Start initial configuration in progress
[INFO] tested 1/1 kept=0
[INFO] tested 32/32 kept=0
[INFO] tested 100/126 kept=23
[INFO] tested 126/126 kept=23
[INFO] tested 100/253 kept=5
[INFO] tested 200/253 kept=8
[INFO] tested 253/253 kept=8
[INFO] tested 100/2019 kept=0
[INFO] tested 200/2019 kept=0
[INFO] tested 300/2019 kept=0
[INFO] tested 400/2019 kept=10
[INFO] tested 500/2019 kept=15
[INFO] tested 600/2019 kept=18
[INFO] tested 700/2019 kept=19
[INFO] tested 800/2019 kept=23
[INFO] tested 900/2019 kept=25
[INFO] tested 1000/2019 kept=25
[INFO] tested 1100/2019 kept=38
[INFO] tested 1200/2019 kept=99
[INFO] tested 1300/2019 kept=104
[INFO] tested 1400/2019 kept=107
[INFO] tested 1500/2019 kept=109
[INFO] tested 1600/2019 kept=109
[INFO] tested 1700/2019 kept=119
[INFO] tested 1800/2019 kept=191
[INFO] tested 1900/2019 kept=216
[INFO] tested 2000/2019 kept=216
[INFO] tested 2019/2019 kept=216
[INFO] tested 100/4039 kept=0
[INFO] tested 200/4039 kept=0
[INFO] tested 300/4039 kept=0
[INFO] tested 400/4039 kept=0
[INFO] tested 500/4039 kept=0
[INFO] tested 600/4039 kept=0
[INFO] tested 700/4039 kept=0
[INFO] tested 800/4039 kept=0
[INFO] tested 900/4039 kept=0
[INFO] tested 1000/4039 kept=0
[INFO] tested 1100/4039 kept=0
[INFO] tested 1200/4039 kept=0
[INFO] tested 1300/4039 kept=0
[INFO] tested 1400/4039 kept=0
[INFO] tested 1500/4039 kept=0
[INFO] tested 1600/4039 kept=0
[INFO] tested 1700/4039 kept=0
[INFO] tested 1800/4039 kept=0
[INFO] tested 1900/4039 kept=1
[INFO] tested 2000/4039 kept=2
[INFO] tested 2100/4039 kept=2
[INFO] tested 2200/4039 kept=2
[INFO] tested 2300/4039 kept=2
[INFO] tested 2400/4039 kept=2
[INFO] tested 2500/4039 kept=2
[INFO] tested 2600/4039 kept=6
[INFO] tested 2700/4039 kept=14
[INFO] tested 2800/4039 kept=27
[INFO] tested 2900/4039 kept=27
[INFO] tested 3000/4039 kept=30
[INFO] tested 3100/4039 kept=30
[INFO] tested 3200/4039 kept=30
[INFO] tested 3300/4039 kept=31
[INFO] tested 3400/4039 kept=31
[INFO] tested 3500/4039 kept=31
[INFO] tested 3600/4039 kept=31
[INFO] tested 3700/4039 kept=31
[INFO] tested 3800/4039 kept=31
[INFO] tested 3900/4039 kept=31
[INFO] tested 4000/4039 kept=32
[INFO] tested 4039/4039 kept=32
[WARN] batch start failed size=8078
[WARN] split batch 8078 -> 4039 + 4039
[WARN] batch start failed size=4039
[WARN] split batch 4039 -> 2019 + 2020
[INFO] tested 100/2019 kept=0
[INFO] tested 200/2019 kept=1
[INFO] tested 300/2019 kept=2
[INFO] tested 400/2019 kept=3
[INFO] tested 500/2019 kept=3
[INFO] tested 600/2019 kept=3
[INFO] tested 700/2019 kept=3
[INFO] tested 800/2019 kept=3
[INFO] tested 900/2019 kept=3
[INFO] tested 1000/2019 kept=3
[INFO] tested 1100/2019 kept=3
[INFO] tested 1200/2019 kept=3
[INFO] tested 1300/2019 kept=3
[INFO] tested 1400/2019 kept=3
[INFO] tested 1500/2019 kept=3
[INFO] tested 1600/2019 kept=3
[INFO] tested 1700/2019 kept=3
[INFO] tested 1800/2019 kept=3
[INFO] tested 1900/2019 kept=34
[INFO] tested 2000/2019 kept=40
[INFO] tested 2019/2019 kept=40
[WARN] batch start failed size=2020
[WARN] split batch 2020 -> 1010 + 1010
[WARN] batch start failed size=1010
[WARN] split batch 1010 -> 505 + 505
[WARN] batch start failed size=505
[WARN] split batch 505 -> 252 + 253
[INFO] tested 100/252 kept=18
[INFO] tested 200/252 kept=21
[INFO] tested 252/252 kept=22
[WARN] batch start failed size=253
[WARN] split batch 253 -> 126 + 127
[WARN] batch start failed size=126
[WARN] split batch 126 -> 63 + 63
[WARN] batch start failed size=63
[WARN] split batch 63 -> 31 + 32
[WARN] batch start failed size=31
[WARN] split batch 31 -> 15 + 16
[INFO] tested 15/15 kept=4
[WARN] batch start failed size=16
[WARN] split batch 16 -> 8 + 8
[INFO] tested 8/8 kept=2
[WARN] batch start failed size=8
[WARN] split batch 8 -> 4 + 4
[INFO] tested 4/4 kept=3
[WARN] batch start failed size=4
[WARN] split batch 4 -> 2 + 2
[WARN] batch start failed size=2
[WARN] split batch 2 -> 1 + 1
[INFO] tested 1/1 kept=1
[WARN] batch start failed size=1
[DROP] name=[Pawdroid-sr-apk] 英国+V2CROSS.COM-9 server=82.38.31.189:8080 reason=Start initial configuration in progress
[INFO] tested 2/2 kept=1
[INFO] tested 32/32 kept=29
[INFO] tested 63/63 kept=27
[INFO] tested 100/127 kept=1
[INFO] tested 127/127 kept=2
[INFO] tested 100/505 kept=0
[INFO] tested 200/505 kept=20
[INFO] tested 300/505 kept=76
[INFO] tested 400/505 kept=92
[INFO] tested 500/505 kept=97
[INFO] tested 505/505 kept=97
[WARN] batch start failed size=1010
[WARN] split batch 1010 -> 505 + 505
[INFO] tested 100/505 kept=33
[INFO] tested 200/505 kept=69
[INFO] tested 300/505 kept=88
[INFO] tested 400/505 kept=121
[INFO] tested 500/505 kept=132
[INFO] tested 505/505 kept=132
[WARN] batch start failed size=505
[WARN] split batch 505 -> 252 + 253
[INFO] tested 100/252 kept=1
[INFO] tested 200/252 kept=4
[INFO] tested 252/252 kept=5
[WARN] batch start failed size=253
[WARN] split batch 253 -> 126 + 127
[WARN] batch start failed size=126
[WARN] split batch 126 -> 63 + 63
[INFO] tested 63/63 kept=9
[WARN] batch start failed size=63
[WARN] split batch 63 -> 31 + 32
[WARN] batch start failed size=31
[WARN] split batch 31 -> 15 + 16
[INFO] tested 15/15 kept=0
[WARN] batch start failed size=16
[WARN] split batch 16 -> 8 + 8
[WARN] batch start failed size=8
[WARN] split batch 8 -> 4 + 4
[WARN] batch start failed size=4
[WARN] split batch 4 -> 2 + 2
[WARN] batch start failed size=2
[WARN] split batch 2 -> 1 + 1
[WARN] batch start failed size=1
[DROP] name=[Epodonios-v2ray-configs] EPODONIOS-354 server=13.36.247.35:22224 reason=Start initial configuration in progress
[WARN] batch start failed size=1
[DROP] name=[Epodonios-v2ray-configs] EPODONIOS-355 server=54.38.214.56:37171 reason=Start initial configuration in progress
[WARN] batch start failed size=2
[WARN] split batch 2 -> 1 + 1
[INFO] tested 1/1 kept=0
[WARN] batch start failed size=1
[DROP] name=[Epodonios-v2ray-configs] EPODONIOS-357 server=www.ums.id:443 reason=Start initial configuration in progress
[WARN] batch start failed size=4
[WARN] split batch 4 -> 2 + 2
[WARN] batch start failed size=2
[WARN] split batch 2 -> 1 + 1
[WARN] batch start failed size=1
[DROP] name=[Epodonios-v2ray-configs] EPODONIOS-358 server=104.16.176.185:2087 reason=Start initial configuration in progress
[INFO] tested 1/1 kept=0
[INFO] tested 2/2 kept=0
[INFO] tested 8/8 kept=0
[INFO] tested 32/32 kept=3
[WARN] batch start failed size=127
[WARN] split batch 127 -> 63 + 64
[WARN] batch start failed size=63
[WARN] split batch 63 -> 31 + 32
[INFO] tested 31/31 kept=5
[WARN] batch start failed size=32
[WARN] split batch 32 -> 16 + 16
[WARN] batch start failed size=16
[WARN] split batch 16 -> 8 + 8
[WARN] batch start failed size=8
[WARN] split batch 8 -> 4 + 4
[INFO] tested 4/4 kept=0
[WARN] batch start failed size=4
[WARN] split batch 4 -> 2 + 2
[INFO] tested 2/2 kept=0
[WARN] batch start failed size=2
[WARN] split batch 2 -> 1 + 1
[WARN] batch start failed size=1
[DROP] name=[Epodonios-v2ray-configs] EPODONIOS-439 server=78.38.246.150:8446 reason=Start initial configuration in progress
[INFO] tested 1/1 kept=0
[INFO] tested 8/8 kept=2
[INFO] tested 16/16 kept=2
[INFO] tested 64/64 kept=4
[WARN] batch start failed size=4039
[WARN] split batch 4039 -> 2019 + 2020
[WARN] batch start failed size=2019
[WARN] split batch 2019 -> 1009 + 1010
[INFO] tested 100/1009 kept=3
[INFO] tested 200/1009 kept=6
[INFO] tested 300/1009 kept=6
[INFO] tested 400/1009 kept=19
[INFO] tested 500/1009 kept=22
[INFO] tested 600/1009 kept=25
[INFO] tested 700/1009 kept=43
[INFO] tested 800/1009 kept=51
[INFO] tested 900/1009 kept=52
[INFO] tested 1000/1009 kept=52
[INFO] tested 1009/1009 kept=52
[WARN] batch start failed size=1010
[WARN] split batch 1010 -> 505 + 505
[WARN] batch start failed size=505
[WARN] split batch 505 -> 252 + 253
[INFO] tested 100/252 kept=0
[INFO] tested 200/252 kept=7
[INFO] tested 252/252 kept=8
[WARN] batch start failed size=253
[WARN] split batch 253 -> 126 + 127
[WARN] batch start failed size=126
[WARN] split batch 126 -> 63 + 63
[INFO] tested 63/63 kept=3
[WARN] batch start failed size=63
[WARN] split batch 63 -> 31 + 32
[INFO] tested 31/31 kept=1
[WARN] batch start failed size=32
[WARN] split batch 32 -> 16 + 16
[INFO] tested 16/16 kept=0
[WARN] batch start failed size=16
[WARN] split batch 16 -> 8 + 8
[INFO] tested 8/8 kept=0
[WARN] batch start failed size=8
[WARN] split batch 8 -> 4 + 4
[INFO] tested 4/4 kept=1
[WARN] batch start failed size=4
[WARN] split batch 4 -> 2 + 2
[INFO] tested 2/2 kept=0
[WARN] batch start failed size=2
[WARN] split batch 2 -> 1 + 1
[WARN] batch start failed size=1
[DROP] name=[Epodonios-v2ray-configs] EPODONIOS-1857 server=s1.test.anti-zapret.com:8443 reason=Start initial configuration in progress
[INFO] tested 1/1 kept=0
[INFO] tested 100/127 kept=1
[INFO] tested 127/127 kept=1
[WARN] batch start failed size=505
[WARN] split batch 505 -> 252 + 253
[INFO] tested 100/252 kept=1
[INFO] tested 200/252 kept=8
[INFO] tested 252/252 kept=10
[WARN] batch start failed size=253
[WARN] split batch 253 -> 126 + 127
[WARN] batch start failed size=126
[WARN] split batch 126 -> 63 + 63
[WARN] batch start failed size=63
[WARN] split batch 63 -> 31 + 32
[INFO] tested 31/31 kept=0
[WARN] batch start failed size=32
[WARN] split batch 32 -> 16 + 16
[INFO] tested 16/16 kept=0
[WARN] batch start failed size=16
[WARN] split batch 16 -> 8 + 8
[WARN] batch start failed size=8
[WARN] split batch 8 -> 4 + 4
[WARN] batch start failed size=4
[WARN] split batch 4 -> 2 + 2
[INFO] tested 2/2 kept=1
[WARN] batch start failed size=2
[WARN] split batch 2 -> 1 + 1
[WARN] batch start failed size=1
[DROP] name=[Epodonios-v2ray-configs] EPODONIOS-2261 server=31.76.68.53:443 reason=Start initial configuration in progress
[WARN] batch start failed size=1
[DROP] name=[Epodonios-v2ray-configs] EPODONIOS-2262 server=172.67.75.52:443 reason=Start initial configuration in progress
[WARN] batch start failed size=4
[WARN] split batch 4 -> 2 + 2
[INFO] tested 2/2 kept=1
[WARN] batch start failed size=2
[WARN] split batch 2 -> 1 + 1
[INFO] tested 1/1 kept=0
[WARN] batch start failed size=1
[DROP] name=[Epodonios-v2ray-configs] EPODONIOS-2266 server=Istanbul.morteza1388m1122.ir:54985 reason=Start initial configuration in progress
[INFO] tested 8/8 kept=1
[INFO] tested 63/63 kept=9
[INFO] tested 100/127 kept=26
[INFO] tested 127/127 kept=29
[WARN] batch start failed size=2020
[WARN] split batch 2020 -> 1010 + 1010
[WARN] batch start failed size=1010
[WARN] split batch 1010 -> 505 + 505
[WARN] batch start failed size=505
[WARN] split batch 505 -> 252 + 253
[WARN] batch start failed size=252
[WARN] split batch 252 -> 126 + 126
[WARN] batch start failed size=126
[WARN] split batch 126 -> 63 + 63
[INFO] tested 63/63 kept=31
[WARN] batch start failed size=63
[WARN] split batch 63 -> 31 + 32
[INFO] tested 31/31 kept=0
[WARN] batch start failed size=32
[WARN] split batch 32 -> 16 + 16
[INFO] tested 16/16 kept=0
[WARN] batch start failed size=16
[WARN] split batch 16 -> 8 + 8
[INFO] tested 8/8 kept=0
[WARN] batch start failed size=8
[WARN] split batch 8 -> 4 + 4
[WARN] batch start failed size=4
[WARN] split batch 4 -> 2 + 2
[INFO] tested 2/2 kept=0
[WARN] batch start failed size=2
[WARN] split batch 2 -> 1 + 1
[INFO] tested 1/1 kept=0
[WARN] batch start failed size=1
[DROP] name=[V2rayclashfree-RSS] hysteria server=5.83.129.143:26691 reason=Start initial configuration in progress
[INFO] tested 4/4 kept=0
[INFO] tested 100/126 kept=5
[INFO] tested 126/126 kept=16
[INFO] tested 100/253 kept=12
[INFO] tested 200/253 kept=53
[INFO] tested 253/253 kept=97
[INFO] tested 100/505 kept=26
[INFO] tested 200/505 kept=62
[INFO] tested 300/505 kept=112
[INFO] tested 400/505 kept=180
[INFO] tested 500/505 kept=260
[INFO] tested 505/505 kept=260
[INFO] tested 100/1010 kept=35
[INFO] tested 200/1010 kept=104
[INFO] tested 300/1010 kept=179
[INFO] tested 400/1010 kept=230
[INFO] tested 500/1010 kept=278
[INFO] tested 600/1010 kept=317
[INFO] tested 700/1010 kept=394
[INFO] tested 800/1010 kept=479
[INFO] tested 900/1010 kept=555
[INFO] tested 1000/1010 kept=620
[INFO] tested 1010/1010 kept=620
[DROP] discarded=17 [ChromeGO-ShiteThings] hysteria | [ChromeGO-ShiteThings] hysteria-2 | [ChromeGO-ShiteThings] hysteria-3 | [ChromeGO-ShiteThings] hysteria-4 | [ChromeGO-ShiteThings] hysteria-5 | [Free-clash-v2ray] 未知 SS-1336 | free-nodes | [Pawdroid-sr-apk] 英国+V2CROSS.COM-9 | [Epodonios-v2ray-configs] EPODONIOS-354 | [Epodonios-v2ray-configs] EPODONIOS-355 | [Epodonios-v2ray-configs] EPODONIOS-357 | [Epodonios-...
============================================================
[INFO] cap live source=[Free-clash-v2ray] from 110 to 50 by health_score
[INFO] cap live source=[免费节点8] from 174 to 50 by health_score
[INFO] cap live source=[免费节点11] from 54 to 50 by health_score
[INFO] cap live source=[Pawdroid-sr-apk] from 237 to 50 by health_score
[INFO] cap live source=[Clashfree] from 66 to 50 by health_score
[INFO] cap live source=[Epodonios-v2ray-configs] from 125 to 50 by health_score
[INFO] cap live source=[V2rayclashfree-RSS] from 1046 to 50 by health_score
[INFO] cap live total from 512 to 350 trim large sources first
============================================================
+------------------------------+--------+--------+------+--------+
| source                       |    raw | unique | live | capped |
+------------------------------+--------+--------+------+--------+
| [大FQ运动]                   |      4 |      4 |    2 |      2 |
+------------------------------+--------+--------+------+--------+
| [大FQ运动-SS密钥]            |      4 |      4 |    3 |      3 |
+------------------------------+--------+--------+------+--------+
| [大FQ运动-补充]              |      8 |      6 |    0 |      0 |
+------------------------------+--------+--------+------+--------+
| [ChromeGO-工具包]            |     21 |     14 |    5 |      5 |
+------------------------------+--------+--------+------+--------+
| [ChromeGO-ShiteThings]       |     31 |     25 |    1 |      1 |
+------------------------------+--------+--------+------+--------+
| [ChromeGO-Merge]             |     26 |     26 |    0 |      0 |
+------------------------------+--------+--------+------+--------+
| [Freesocks]                  |      6 |      6 |    6 |      6 |
+------------------------------+--------+--------+------+--------+
| [NekoWarp]                   |     10 |     10 |    7 |      7 |
+------------------------------+--------+--------+------+--------+
| [V2Rayshare-RSS]             |     54 |     52 |   17 |     17 |
+------------------------------+--------+--------+------+--------+
| [V2Rayshare-SUB]             |     54 |      0 |    0 |      0 |
+------------------------------+--------+--------+------+--------+
| [OpenRunner-RSS]             |     14 |      0 |    0 |      0 |
+------------------------------+--------+--------+------+--------+
| [Mibei77-RSS]                |    122 |    116 |    8 |      8 |
+------------------------------+--------+--------+------+--------+
| [Yoyapai-RSS]                |    202 |    173 |    5 |      5 |
+------------------------------+--------+--------+------+--------+
| [Free-clash-v2ray]           |   1495 |   1231 |  110 |     28 |
+------------------------------+--------+--------+------+--------+
| [Pawdroid]                   |     14 |      8 |    3 |      3 |
+------------------------------+--------+--------+------+--------+
| [FreeV2-Base64]              |      3 |      3 |    2 |      2 |
+------------------------------+--------+--------+------+--------+
| [Bocchi2b-Base64]            |     35 |     35 |    0 |      0 |
+------------------------------+--------+--------+------+--------+
| [免费节点1]                  |    139 |     13 |    2 |      2 |
+------------------------------+--------+--------+------+--------+
| [免费节点1-自建]             |      3 |      3 |    0 |      0 |
+------------------------------+--------+--------+------+--------+
| [免费节点2]                  |     21 |      4 |    2 |      2 |
+------------------------------+--------+--------+------+--------+
| [免费节点3]                  |     31 |     22 |   14 |     14 |
+------------------------------+--------+--------+------+--------+
| [免费节点4]                  |    754 |     40 |    0 |      0 |
+------------------------------+--------+--------+------+--------+
| [免费节点5]                  |     28 |     28 |    0 |      0 |
+------------------------------+--------+--------+------+--------+
| [免费节点6]                  |   1412 |   1354 |   34 |     28 |
+------------------------------+--------+--------+------+--------+
| [免费节点7]                  |     64 |     36 |   18 |     18 |
+------------------------------+--------+--------+------+--------+
| [免费节点8]                  |   3957 |   3306 |  174 |     28 |
+------------------------------+--------+--------+------+--------+
| [免费节点9]                  |    245 |    184 |    0 |      0 |
+------------------------------+--------+--------+------+--------+
| [免费节点10]                 |   5127 |   3282 |   33 |     28 |
+------------------------------+--------+--------+------+--------+
| [免费节点11]                 |    454 |    296 |   54 |     28 |
+------------------------------+--------+--------+------+--------+
| [Pawdroid-sr-apk]            |   1454 |   1095 |  237 |     28 |
+------------------------------+--------+--------+------+--------+
| [Pawdroid-ss-apk]            |   1454 |      0 |    0 |      0 |
+------------------------------+--------+--------+------+--------+
| [Clashfree]                  |   1296 |    200 |   66 |     29 |
+------------------------------+--------+--------+------+--------+
| [Epodonios-v2ray-configs]    |   4062 |   2526 |  125 |     29 |
+------------------------------+--------+--------+------+--------+
| [V2rayclashfree-RSS]         |   3188 |   2053 | 1046 |     29 |
+------------------------------+--------+--------+------+--------+
============================================================
[SUMMARY] total_nodes=25792
[SUMMARY] legal_candidates=16155
[SUMMARY] passed_latency_test=350
[SUMMARY] region_HK=9 region_JP=8 region_US=99
[SUMMARY] avg_latency_ms=382.44
[SUMMARY] output=/home/runner/work/Free-node-autotest/Free-node-autotest/output/clash.yaml
============================================================
