============================================================
[INFO] sublink try page | url=https://end-gfw.com
[OK] proxies=6 | new=6 | url=https://raw.githubusercontent.com/hello-world-1989/cn-news/main/end-gfw-free
[OK] proxies=6 | new=0 | url=https://raw.githubusercontent.com/hello-world-1989/cn-news/main/clash-free.yaml
[INFO] source try link | url=https://end-gfw.com/ss-key
[OK] proxies=4 | new=4 | url=https://end-gfw.com/ss-key
[INFO] sublink try repo | url=https://github.com/hello-world-1989/cn-news
[INFO] sublink try page | url=https://raw.githubusercontent.com/hello-world-1989/cn-news/main/README.md
[OK] proxies=2 | new=2 | url=https://raw.githubusercontent.com/hello-world-1989/cn-news/refs/heads/main/clash.yaml
[OK] proxies=6 | new=6 | url=https://raw.githubusercontent.com/hello-world-1989/v2-sub/main/end-gfw-together-af3e13
[OK] proxies=2 | new=0 | url=https://raw.githubusercontent.com/hello-world-1989/cn-news/main/end-gfw-together
[OK] proxies=18 | source=[大FQ运动] | url=https://raw.githubusercontent.com/hello-world-1989/cn-news/main/README.md
============================================================
[INFO] sublink try repo | url=https://github.com/Pawdroid/Free-servers
[INFO] sublink try page | url=https://raw.githubusercontent.com/Pawdroid/Free-servers/main/README.md
[OK] proxies=1 | new=1 | url=http://www.surflare.com
[OK] proxies=1 | new=1 | url=https://apps.apple.com/cn/app/shadowshare/id1612647259
[OK] proxies=14 | new=14 | url=https://raw.githubusercontent.com/Pawdroid/Free-servers/main/sub
[OK] proxies=14 | new=13 | url=https://raw.githubusercontent.com/Pawdroid/Free-servers/main/README.md
[OK] proxies=29 | source=[Pawdroid] | url=https://raw.githubusercontent.com/Pawdroid/Free-servers/main/README.md
============================================================
[INFO] source try link | url=https://xmxosfepggzm.503403.xyz
[OK] proxies=3 | new=3 | url=https://xmxosfepggzm.503403.xyz
[OK] proxies=3 | source=[FreeV2-Base64] | url=https://xmxosfepggzm.503403.xyz
============================================================
[INFO] source try link | url=https://links.bocchi2b.top/clash
[OK] proxies=35 | new=35 | url=https://links.bocchi2b.top/clash
[OK] proxies=35 | source=[Bocchi2b-Base64] | url=https://links.bocchi2b.top/clash
============================================================
[INFO] source try link | url=https://freesocks.org/api/v1/sub/02b897e8e77f19176b0b9f2c75864b00
[OK] proxies=1 | new=1 | url=https://freesocks.org/api/v1/sub/02b897e8e77f19176b0b9f2c75864b00
[INFO] source try link | url=https://freesocks.org/api/v1/sub/4cae35810e6f5c4d92e28e32104e0080
[OK] proxies=3 | new=3 | url=https://freesocks.org/api/v1/sub/4cae35810e6f5c4d92e28e32104e0080
[OK] proxies=4 | source=[Freesocks] | url=https://freesocks.org/api/v1/sub/4cae35810e6f5c4d92e28e32104e0080
============================================================
[INFO] source try link | url=https://neko-warp.nloli.xyz/neko_warp.yaml
[OK] proxies=10 | new=10 | url=https://neko-warp.nloli.xyz/neko_warp.yaml
[OK] proxies=10 | source=[NekoWarp] | url=https://neko-warp.nloli.xyz/neko_warp.yaml
============================================================
[INFO] article try feed | url=https://free.datiya.com/index.xml
[INFO] sublink try page | url=https://free.datiya.com/post/20261009/
[OK] proxies=14 | new=14 | url=https://free.datiya.com/uploads/20261009-clash.yaml
[OK] proxies=14 | source=[OpenRunner-RSS] | url=https://free.datiya.com/post/20261009/
============================================================
[INFO] article try feed | url=https://v2rayshare.com/feed
[INFO] sublink try page | url=https://v2rayshare.com/p/4097.html
[INFO] sublink try repo | url=https://github.com/firefoxmmx2/v2rayshare_subcription
[INFO] sublink try page | url=https://raw.githubusercontent.com/firefoxmmx2/v2rayshare_subcription/main/README.md
[OK] proxies=21 | new=21 | url=https://{raw.githubusercontent.com|cdn.jsdelivr.net}/firefoxmmx2/v2rayshare_subcription/main/subscription/clash_sub.yaml
[OK] proxies=22 | new=1 | url=https://{raw.githubusercontent.com|cdn.jsdelivr.net}/firefoxmmx2/v2rayshare_subcription/main/subscription/vray_sub.txt
[OK] proxies=22 | new=0 | url=https://{raw.githubusercontent.com|cdn.jsdelivr.net}/firefoxmmx2/v2rayshare_subcription/main/subscription/mihomo_sub.yaml
[OK] proxies=22 | source=[V2Rayshare-RSS] | url=https://raw.githubusercontent.com/firefoxmmx2/v2rayshare_subcription/main/README.md
============================================================
[INFO] article try feed | url=https://www.mibei77.com/feed
[INFO] sublink try page | url=https://www.mibei77.com/733.html
[OK] proxies=64 | new=64 | url=https://aa.mibei77.com/202610/1009Clashimc.yaml
[OK] proxies=71 | new=8 | url=https://aa.mibei77.com/202610/10.0964bacde.txt
[OK] proxies=72 | source=[Mibei77-RSS] | url=https://www.mibei77.com/733.html
============================================================
[INFO] article try feed | url=https://yoyapai.com/feed
[INFO] sublink try page | url=https://yoyapai.com/760
[OK] proxies=297 | new=297 | url=https://freenode.yoyapai.com/2026/10/09-yoyapai.com-ssrv2ray-vpn-mianfei-jiedian.txt
[OK] proxies=1 | new=1 | url=https://yoyapai.com/760
[OK] proxies=297 | new=0 | url=https://freenode.yoyapai.com/2026/10/09-yoyapai.com-clash-vpn-mianfei-jiedian.yaml
[OK] proxies=298 | source=[Yoyapai-RSS] | url=https://yoyapai.com/760
============================================================
[INFO] sublink try repo | url=https://github.com/free18/v2ray
[INFO] sublink try page | url=https://raw.githubusercontent.com/free18/v2ray/main/README.md
[OK] proxies=3 | new=3 | url=https://raw.githubusercontent.com/free18/v2ray/main/README.md
[OK] proxies=220 | new=220 | url=https://ghfast.top/https://raw.githubusercontent.com/free18/v2ray/refs/heads/main/v.txt
[OK] proxies=219 | new=0 | url=https://ghfast.top/https://raw.githubusercontent.com/free18/v2ray/refs/heads/main/c.yaml
[OK] proxies=223 | source=[免费节点1] | url=https://raw.githubusercontent.com/free18/v2ray/main/README.md
============================================================
[INFO] sublink try repo | url=https://github.com/ermaozi/get_subscribe
[INFO] sublink try page | url=https://raw.githubusercontent.com/ermaozi/get_subscribe/main/README.md
[INFO] sublink file_nodes=0 | bare links=9
[OK] proxies=593 | new=593 | url=https://{blog.ermao.net|www.ermao.net}/sub/{reachable|unreachable|untested}/clash/ermao.net
[OK] proxies=593 | new=0 | url=https://blog.ermao.net/sub/{clash|v2ray}/ermao.net
[OK] proxies=593 | source=[免费节点2] | url=https://raw.githubusercontent.com/ermaozi/get_subscribe/main/README.md
============================================================
[INFO] sublink try repo | url=https://github.com/sunmiao4458/free-proxy-airport
[INFO] sublink try page | url=https://raw.githubusercontent.com/sunmiao4458/free-proxy-airport/main/README.md
[OK] proxies=40 | new=40 | url=https://sunmiao4458.github.io/free-proxy-airport/clash.yaml
[OK] proxies=40 | source=[免费节点3] | url=https://raw.githubusercontent.com/sunmiao4458/free-proxy-airport/main/README.md
============================================================
[INFO] sublink try repo | url=https://github.com/mfuu/FreeProxies
[INFO] sublink try page | url=https://raw.githubusercontent.com/mfuu/FreeProxies/master/README.md
[OK] proxies=775 | new=775 | url=https://raw.githubusercontent.com/mfuu/FreeProxies/master/sub.yaml
[OK] proxies=775 | source=[免费节点4] | url=https://raw.githubusercontent.com/mfuu/FreeProxies/master/README.md
============================================================
[INFO] sublink try repo | url=https://github.com/vxiaov/free_proxies
[INFO] sublink try page | url=https://raw.githubusercontent.com/vxiaov/free_proxies/main/README.md
[OK] proxies=28 | new=28 | url=https://{cdn.jsdelivr.net|raw.githubusercontent.com}/vxiaov/free_proxies/main/clash/clash.provider.yaml
[OK] proxies=1 | new=1 | url=https://raw.githubusercontent.com/vxiaov/free_proxies/main/README.md
[OK] proxies=29 | source=[免费节点5] | url=https://raw.githubusercontent.com/vxiaov/free_proxies/main/README.md
============================================================
[INFO] sublink try repo | url=https://github.com/anaer/Sub
[INFO] sublink try page | url=https://raw.githubusercontent.com/anaer/Sub/main/README.MD
[OK] proxies=566 | new=566 | url=https://anaer.github.io/Sub/clash.yaml
[OK] proxies=566 | new=0 | url=https://raw.githubusercontent.com/anaer/Sub/main/clash.yaml
[OK] proxies=566 | source=[免费节点6] | url=https://raw.githubusercontent.com/anaer/Sub/main/README.MD
============================================================
[INFO] sublink try repo | url=https://github.com/snakem982/proxypool
[INFO] sublink try page | url=https://raw.githubusercontent.com/snakem982/proxypool/main/README.md
[OK] proxies=51 | new=51 | url=https://raw.githubusercontent.com/snakem982/proxypool/main/source/v2ray-2.txt
[OK] proxies=61 | new=10 | url=https://raw.githubusercontent.com/snakem982/proxypool/main/source/clash-meta-2.yaml
[OK] proxies=52 | new=0 | url=https://raw.githubusercontent.com/snakem982/proxypool/main/source/sing-box-2.json
[OK] proxies=61 | source=[免费节点7] | url=https://raw.githubusercontent.com/snakem982/proxypool/main/README.md
============================================================
[INFO] sublink try repo | url=https://github.com/mahdibland/V2RayAggregator
[INFO] sublink try page | url=https://raw.githubusercontent.com/mahdibland/V2RayAggregator/master/README.md
[OK] proxies=1445 | new=1445 | url=https://raw.githubusercontent.com/mahdibland/ShadowsocksAggregator/master/sub/splitted/vmess.txt
[OK] proxies=61 | new=61 | url=https://raw.githubusercontent.com/mahdibland/SSAggregator/master/sub/airport_sub_merge.txt
[OK] proxies=1 | new=1 | url=https://github.com/mahdibland/SSAggregator/actions/workflows/Airport_Collector.yml
[OK] proxies=1 | new=0 | url=https://cdn.jsdelivr.net/gh/mahdibland/V2RayAggregator@master/update/provider/provider-meta-others.yml
[OK] proxies=198 | new=176 | url=https://raw.githubusercontent.com/mahdibland/ShadowsocksAggregator/master/Eternity.yml
[OK] proxies=4003 | new=2383 | url=https://raw.githubusercontent.com/mahdibland/SSAggregator/master/sub/sub_merge_base64.txt
[OK] proxies=1 | new=0 | url=https://github.com/mahdibland/SSAggregator/actions/workflows/Collector.yml
[OK] proxies=1 | new=0 | url=https://cdn.jsdelivr.net/gh/mahdibland/V2RayAggregator@master/update/provider/provider-meta-cn.yml
[OK] proxies=1868 | new=0 | url=https://raw.githubusercontent.com/mahdibland/ShadowsocksAggregator/master/sub/splitted/ss.txt
[OK] proxies=1 | new=0 | url=https://cdn.jsdelivr.net/gh/mahdibland/V2RayAggregator@master/update/provider/provider.yml
[OK] proxies=1 | new=0 | url=https://cdn.jsdelivr.net/gh/mahdibland/V2RayAggregator@master/update/provider/provider-others.yml
[OK] proxies=1 | new=0 | url=https://cdn.jsdelivr.net/gh/mahdibland/V2RayAggregator@master/update/provider/provider-meta.yml
[OK] proxies=386 | new=95 | url=https://raw.githubusercontent.com/mahdibland/V2RayAggregator/master/README.md
[OK] proxies=54 | new=0 | url=https://raw.githubusercontent.com/mahdibland/ShadowsocksAggregator/master/sub/splitted/ssr.txt
[OK] proxies=61 | new=0 | url=https://raw.githubusercontent.com/mahdibland/ShadowsocksAggregator/master/EternityAir.txt
[OK] proxies=61 | new=0 | url=https://raw.githubusercontent.com/mahdibland/SSAggregator/master/sub/airport_merge_base64.txt
[OK] proxies=4003 | new=0 | url=https://raw.githubusercontent.com/mahdibland/{SSAggregator|ShadowsocksAggregator}/master/sub/sub_merge.txt
[OK] proxies=4123 | new=282 | url=https://raw.githubusercontent.com/mahdibland/SSAggregator/master/sub/sub_merge_yaml.yml
[OK] proxies=1 | new=0 | url=https://cdn.jsdelivr.net/gh/mahdibland/V2RayAggregator@master/update/provider/provider-cn.yml
[OK] proxies=636 | new=0 | url=https://raw.githubusercontent.com/mahdibland/ShadowsocksAggregator/master/sub/splitted/trojan.txt
[OK] proxies=197 | new=0 | url=https://raw.githubusercontent.com/mahdibland/ShadowsocksAggregator/master/Eternity.txt
[OK] proxies=4443 | source=[免费节点8] | url=https://raw.githubusercontent.com/mahdibland/V2RayAggregator/master/README.md
============================================================
[INFO] sublink try repo | url=https://github.com/w1770946466/Auto_proxy
[INFO] sublink try page | url=https://raw.githubusercontent.com/w1770946466/Auto_proxy/main/README.md
[OK] proxies=1 | new=1 | url=https://github.com/w1770946466/Auto_proxy/actions/workflows/main.yml
[OK] proxies=245 | new=245 | url=https://raw.githubusercontent.com/w1770946466/Auto_proxy/main/{Long_term_subscription2.yaml|Long_term_subscription1.yaml|Long_term_subscription3.yaml}
[OK] proxies=489 | new=369 | url=https://raw.githubusercontent.com/w1770946466/Auto_proxy/main/Long_term_subscription_num
[OK] proxies=489 | new=0 | url=https://raw.githubusercontent.com/w1770946466/Auto_proxy/main/{Long_term_subscription1|Long_term_subscription2|Long_term_subscription3|Long_term_subscription4|Long_term_subscription5|Long_term_subscription6|Long_term_subscription7|Long_term_subscription8}
[OK] proxies=615 | source=[免费节点9] | url=https://raw.githubusercontent.com/w1770946466/Auto_proxy/main/README.md
============================================================
[INFO] sublink try repo | url=https://github.com/PuddinCat/BestClash
[INFO] sublink try page | url=https://raw.githubusercontent.com/PuddinCat/BestClash/main/README.md
[OK] proxies=24 | new=24 | url=https://freenode.openrunner.net/uploads/20240807-clash.yaml
[OK] proxies=16 | new=16 | url=https://raw.githubusercontent.com/PuddinCat/BestClash/main/proxies.yaml
[OK] proxies=144 | new=144 | url=https://raw.githubusercontent.com/zhangkaiitugithub/passcro/main/speednodes.yaml
[OK] proxies=166 | new=166 | url=https://raw.githubusercontent.com/{chengaopan|peasoft}/{AutoMergePublicNodes|NoMoreWalls}/master/list.yml
[OK] proxies=28 | new=28 | url=https://cdn.jsdelivr.net/gh/vxiaov/free_proxies@main/clash/clash.provider.yaml
[OK] proxies=593 | new=309 | url=https://raw.githubusercontent.com/{ermaozi|ermaozi01}/{get_subscribe|free_clash_vpn}/main/subscribe/clash.yml
[OK] proxies=198 | new=125 | url=https://raw.githubusercontent.com/mahdibland/ShadowsocksAggregator/master/Eternity.yml
[OK] proxies=165 | new=165 | url=https://raw.githubusercontent.com/ronghuaxueleng/get_v2/main/pub/combine.yaml
[OK] proxies=166 | new=0 | url=https://raw.githubusercontent.com/Misaka-blog/chromego_merge/main/sub/merged_proxies_new.yaml
[OK] proxies=3701 | new=3682 | url=https://raw.githubusercontent.com/{NiceVPN123|anaer}/{NiceVPN|Sub}/main/{Clash.yaml|clash.yaml}
[OK] proxies=4659 | source=[免费节点10] | url=https://raw.githubusercontent.com/PuddinCat/BestClash/main/README.md
============================================================
[INFO] sublink try repo | url=https://github.com/kooker/FreeSubsCheck
[INFO] sublink try page | url=https://raw.githubusercontent.com/kooker/FreeSubsCheck/main/README.md
[OK] proxies=7 | new=7 | url=https://raw.githubusercontent.com/kooker/FreeSubsCheck/main/mihomo.yaml
[OK] proxies=3 | new=3 | url=https://raw.githubusercontent.com/kooker/FreeSubsCheck/main/all.yaml
[OK] proxies=2 | new=2 | url=https://raw.githubusercontent.com/kooker/FreeSubsCheck/main/byxiaoxi.txt
[OK] proxies=3 | new=0 | url=https://raw.githubusercontent.com/kooker/FreeSubsCheck/main/base64.txt
[OK] proxies=686 | new=686 | url=https://raw.githubusercontent.com/kooker/FreeSubsCheck/main/kooker.jp.txt
[OK] proxies=698 | source=[免费节点11] | url=https://raw.githubusercontent.com/kooker/FreeSubsCheck/main/README.md
============================================================
[INFO] toolkit try repo | url=https://github.com/bannedbook/fanqiang
[INFO] toolkit try release | url=https://github.com/bannedbook/fanqiang/releases
[INFO] toolkit try release | url=https://github.com/bannedbook/fanqiang/releases/expanded_assets/ChromeGo-latest
[INFO] toolkit try download | url=https://github.com/bannedbook/fanqiang/releases/download/ChromeGo-latest/ChromeGo.7z
[OK] toolkit downloaded | file=ChromeGo.7z | size=96.2mb | time=17.0s
[OK] toolkit extracted | archive=ChromeGo.7z | tool=7z | files=222 | dirs=45
[OK] toolkit discovered | subs=107 | embedded=46 | scan=18.9s | archive=ChromeGo.7z
[OK] proxies=12 | new=12 | embedded=archive-config
[OK] proxies=3 | new=3 | url=https://www.67867867.xyz/Alvin9999/PAC/refs/heads/master/backup/img/1/2/{ipp|ip}/clash.meta2/{5|6|3|1|4|2}/config.yaml
[OK] proxies=3 | new=0 | url=https://gitlab.com/free9999/ipupdate/master/backup/img/1/2/{ipp|ip}/clash.meta2/{5|6|3|1|4|2}/config.yaml
[OK] proxies=7 | new=5 | url=https://www.67867867.xyz/Alvin9999/PAC/refs/heads/master/backup/img/1/2/{ipp|ip}/{hysteria2|singbox|naiveproxy|hysteria|xray}/{3|1|4|2}/config.json
[OK] proxies=7 | new=0 | url=https://gitlab.com/free9999/ipupdate/master/backup/img/1/2/{ipp|ip}/{hysteria2|singbox|naiveproxy|hysteria|xray}/{3|1|4|2}/config.json
[OK] proxies=20 | source=[ChromeGO-Toolkit] | url=https://github.com/bannedbook/fanqiang/releases/download/ChromeGo-latest/ChromeGo.7z
============================================================
[INFO] sublink try repo | url=https://github.com/ShiteThings/extractNodes
[INFO] sublink try page | url=https://raw.githubusercontent.com/ShiteThings/extractNodes/main/README.md
[OK] proxies=26 | new=26 | url=https://chg26.makou.cc.cd/sb
[OK] proxies=31 | new=5 | url=https://{chg26.makou.cc.cd|chg64.makou.cc.cd}
[OK] proxies=31 | source=[ChromeGO-ShiteThings] | url=https://raw.githubusercontent.com/ShiteThings/extractNodes/main/README.md
============================================================
[INFO] sublink try repo | url=https://github.com/shangui999/chromego_merge
[INFO] sublink try page | url=https://raw.githubusercontent.com/shangui999/chromego_merge/master/ReadMe.md
[OK] proxies=11 | new=11 | url=https://freedman.netlify.app/sub/shadowrocket_base64.txt
[OK] proxies=11 | new=6 | url=https://freedman.netlify.app/sub/merged_warp_proxies_new.yaml
[OK] proxies=10 | new=0 | url=https://freedman.netlify.app/sub/merged_proxies_new.yaml
[OK] proxies=16 | new=16 | url=https://freedman.netlify.app/sub/sb.json
[INFO] sublink try repo | url=https://github.com/yaney01/chromego
[INFO] sublink try page | url=https://raw.githubusercontent.com/yaney01/chromego/main/ReadMe.md
[OK] proxies=50 | new=46 | url=https://raw.githubusercontent.com/yaney01/chromego/main/sub/merged_proxies_new.yaml
[OK] proxies=51 | new=0 | url=https://raw.githubusercontent.com/yaney01/chromego/main/sub/merged_warp_proxies_new.yaml
[OK] proxies=13 | new=7 | url=https://raw.githubusercontent.com/yaney01/chromego/main/sub/shadowrocket_base64.txt
[OK] proxies=13 | new=0 | url=https://raw.githubusercontent.com/yaney01/chromego/main/sub/sb.json
[INFO] sublink try repo | url=https://github.com/Misaka-blog/chromego_merge
[INFO] sublink try page | url=https://raw.githubusercontent.com/Misaka-blog/chromego_merge/main/README.md
[OK] proxies=166 | new=166 | url=https://chromego-sub.netlify.app/sub/merged_proxies_new.yaml
[OK] proxies=252 | source=[ChromeGO-Merge] | url=https://raw.githubusercontent.com/Misaka-blog/chromego_merge/main/README.md
============================================================
[INFO] toolkit try repo | url=https://github.com/Pawdroid/shadowrocket_for_android
[INFO] toolkit try release | url=https://github.com/Pawdroid/shadowrocket_for_android/releases
[INFO] toolkit try release | url=https://github.com/Pawdroid/shadowrocket_for_android/releases/expanded_assets/10.10.57
[INFO] toolkit try download | url=https://github.com/Pawdroid/shadowrocket_for_android/releases/download/10.10.57/Shadowrocket_10.10.57_shadowrocketStandard_arm64-v8a.apk
[OK] toolkit downloaded | file=Shadowrocket_10.10.57_shadowrocketStandard_arm64-v8a.apk | size=39.8mb | time=14.7s
[OK] toolkit extracted | archive=Shadowrocket_10.10.57_shadowrocketStandard_arm64-v8a.apk | tool=zipfile | files=1193 | dirs=44
[OK] toolkit sr-apk scanned | prefixes=38 | files=6 | keys=2 | archive=Shadowrocket_10.10.57_shadowrocketStandard_arm64-v8a.apk
[OK] proxies=818 | new=818 | url=https://{cdn.jsdelivr.net|raw.githubusercontent.com}/pixelor/ecfg/main/data/ecfg6_zh
[OK] proxies=674 | new=23 | url=https://{cdn.jsdelivr.net|raw.githubusercontent.com}/pixelor/ecfg/main/data/ecfg6_en
[OK] proxies=87 | new=52 | url=https://{cdn.jsdelivr.net|raw.githubusercontent.com}/pixelor/ecfg/main/data/ecfg6
[OK] proxies=72 | new=0 | url=https://{files.shadowrockets.app|cdn.shadowrockets.app}/ecfg/data/ecfg6
[OK] proxies=578 | new=0 | url=https://{files.shadowrockets.app|cdn.shadowrockets.app}/ecfg/data/ecfg6_en
[OK] proxies=578 | new=0 | url=https://{files.shadowrockets.app|cdn.shadowrockets.app}/ecfg/data/ecfg6_zh
[OK] proxies=893 | source=[Pawdroid-SR-APK] | url=https://github.com/Pawdroid/shadowrocket_for_android/releases/download/10.10.57/Shadowrocket_10.10.57_shadowrocketStandard_arm64-v8a.apk
============================================================
[INFO] toolkit try page | url=https://shadowshare.v2cross.com
[INFO] toolkit try download | url=https://shadowshare.v2cross.com/shadowshare.apk
[OK] toolkit downloaded | file=shadowshare.apk | size=60mb | time=15.9s
[OK] toolkit extracted | archive=shadowshare.apk | tool=zipfile | files=612 | dirs=39
[OK] toolkit ss-apk scanned | prefixes=10 | files=3 | keys=1 | archive=shadowshare.apk
[OK] proxies=228 | new=228 | url=https://{raw.githubusercontent.com|jsd.onmicrosoft.cn}/hideme9527/ecsfg/main/data/sareserver
[OK] proxies=1386 | new=1279 | url=https://{raw.githubusercontent.com|jsd.onmicrosoft.cn}/hideme9527/ecsfg/main/data/sareserver_en
[OK] proxies=59 | new=0 | url=https://{shadowsharing.com|sare.159236.xyz}/data/sareserver
[OK] proxies=1386 | new=0 | url=https://{shadowsharing.com|sare.159236.xyz}/data/sareserver_en
[OK] proxies=59 | new=0 | url=https://gitee.com/api/v5/repos/{zhiminghao|guoyoucai1|elvenapp}/ecsfg/raw/data/sareserver
[OK] proxies=1386 | new=0 | url=https://gitee.com/api/v5/repos/{elvenapp|guoyoucai1|zhiminghao}/ecsfg/raw/data/sareserver_en
[OK] proxies=1507 | source=[Pawdroid-SS-APK] | url=https://shadowshare.v2cross.com/shadowshare.apk
============================================================
[INFO] toolkit try chrome | url=https://chromewebstore.google.com/detail/free-vpn-proxy-1vpn/akcocjjpkmlniicdeemdceeajlmoabhg
[INFO] toolkit try download | url=https://clients2.google.com/service/update2/crx?response=redirect&prodversion=131.0.6778.0&acceptformat=crx2,crx3&x=id%3dakcocjjpkmlniicdeemdceeajlmoabhg%26uc
[OK] toolkit downloaded | file=free-vpn-proxy-1vpn.crx | size=1.6mb | time=4.6s
[OK] toolkit extracted | archive=free-vpn-proxy-1vpn.crx | tool=zipfile | files=68 | dirs=57
[OK] toolkit 1vpn-crx scanned | hosts=17 | keys=1 | archive=free-vpn-proxy-1vpn.crx
[OK] proxies=17 | source=[1VPN-CRX] | url=https://clients2.google.com/service/update2/crx?response=redirect&prodversion=131.0.6778.0&acceptformat=crx2,crx3&x=id%3dakcocjjpkmlniicdeemdceeajlmoabhg%26uc
============================================================
[INFO] sublink try repo | url=https://github.com/free-nodes/clashfree
[INFO] sublink try page | url=https://raw.githubusercontent.com/free-nodes/clashfree/main/README.md
[OK] proxies=401 | new=401 | url=https://raw.githubusercontent.com/free-nodes/clashfree/main/README.md
[OK] proxies=1 | new=1 | url=https://github.com/free-nodes/clashfree/blob/main/clash20261009.yml
[OK] proxies=401 | new=0 | url=https://raw.githubusercontent.com/free-nodes/clashfree/main/clash20261009.yml
[OK] proxies=402 | source=[Clashfree] | url=https://raw.githubusercontent.com/free-nodes/clashfree/main/README.md
============================================================
[INFO] sublink try repo | url=https://github.com/Epodonios/v2ray-configs
[INFO] sublink try page | url=https://raw.githubusercontent.com/Epodonios/v2ray-configs/main/README.md
[OK] proxies=3280 | new=3280 | url=https://github.com/Epodonios/v2ray-configs/raw/main/Splitted-By-Protocol/vless.txt
[OK] proxies=4164 | new=974 | url=https://github.com/Epodonios/v2ray-configs/raw/main/All_Configs_Sub.txt
[OK] proxies=4164 | new=0 | url=https://github.com/Epodonios/v2ray-configs/raw/main/All_Configs_base64_Sub.txt
[OK] proxies=396 | new=19 | url=https://github.com/Epodonios/v2ray-configs/raw/main/Splitted-By-Protocol/ss.txt
[OK] proxies=212 | new=3 | url=https://github.com/Epodonios/v2ray-configs/raw/main/Splitted-By-Protocol/trojan.txt
[OK] proxies=203 | new=21 | url=https://github.com/Epodonios/v2ray-configs/raw/main/Splitted-By-Protocol/vmess.txt
[OK] proxies=1 | new=1 | url=https://github.com/Epodonios/V2ray-Configs/actions/workflows/main.yml
[OK] proxies=4164 | new=0 | url=https://raw.githubusercontent.com/Epodonios/v2ray-configs/main/{Sub1.txt|Sub2.txt|Sub3.txt|Sub4.txt|Sub5.txt|Sub6.txt|Sub7.txt|Sub8.txt}
[OK] proxies=4298 | source=[Epodonios] | url=https://raw.githubusercontent.com/Epodonios/v2ray-configs/main/README.md
============================================================
[INFO] sublink try repo | url=https://github.com/free-clash-v2ray/free-clash-v2ray.github.io
[INFO] sublink try page | url=https://raw.githubusercontent.com/free-clash-v2ray/free-clash-v2ray.github.io/main/README.md
[OK] proxies=2438 | new=2438 | url=https://free-clash-v2ray.github.io/uploads/2026/10/{0-20261004.yaml|1-20261004.yaml|2-20261004.yaml|3-20261004.yaml}
[OK] proxies=2772 | new=847 | url=https://free-clash-v2ray.github.io/uploads/2026/10/{0-20261004.txt|1-20261004.txt|2-20261004.txt|3-20261004.txt|4-20261004.txt}
[OK] proxies=3285 | source=[Free-clash-v2ray] | url=https://raw.githubusercontent.com/free-clash-v2ray/free-clash-v2ray.github.io/main/README.md
============================================================
[INFO] article try page | url=https://v2rayclashfree.com
[INFO] sublink try page | url=https://v2rayclashfree.com/fn/20261009.html
[INFO] sublink try page | url=https://v2rayclashfree.com/fn/20261008.html
[INFO] sublink try page | url=https://v2rayclashfree.com/fn/20261007.html
[INFO] sublink try page | url=https://v2rayclashfree.com/fn/20261006.html
[INFO] sublink try page | url=https://v2rayclashfree.com/fn/20261005.html
[INFO] sublink try page | url=https://v2rayclashfree.com/fn/20261004.html
[INFO] sublink try page | url=https://v2rayclashfree.com/fn/20261003.html
[INFO] sublink try page | url=https://v2rayclashfree.com/fn/20261002.html
[INFO] sublink try page | url=https://v2rayclashfree.com/fn/20261001.html
[INFO] sublink try page | url=https://v2rayclashfree.com/fn/20260930.html
[OK] proxies=2901 | new=2901 | url=https://v2rayclashfree.com/sub/20260930-clash.yaml
[OK] proxies=2867 | new=505 | url=https://v2rayclashfree.com/sub/20260930-v2ray.txt
[OK] proxies=3406 | source=[V2rayclashfree-RSS] | url=https://v2rayclashfree.com/fn/20260930.html
============================================================
[INFO] toolkit try repo | url=https://github.com/MetaCubeX/meta-rules-dat
[INFO] toolkit try release | url=https://github.com/MetaCubeX/meta-rules-dat/releases
[INFO] toolkit try release | url=https://github.com/MetaCubeX/meta-rules-dat/releases/expanded_assets/latest
[INFO] toolkit try download | url=https://github.com/MetaCubeX/meta-rules-dat/releases/download/latest/country.mmdb
[OK] toolkit downloaded | file=country.mmdb | size=7.3mb | time=0.6s
[INFO] toolkit try repo | url=https://github.com/mledoze/countries
[INFO] toolkit try release | url=https://github.com/mledoze/countries/releases
[INFO] toolkit try release | url=https://github.com/mledoze/countries/releases/expanded_assets/v1.8.0
[INFO] toolkit try download | url=https://github.com/mledoze/countries/archive/refs/tags/v1.8.0.zip
[OK] toolkit downloaded | file=countries-1.8.0.zip | size=4.8mb | time=12.7s
[OK] toolkit extracted | archive=countries-1.8.0.zip | tool=zipfile | files=528 | dirs=8
[INFO] toolkit try repo | url=https://github.com/pycountry/pycountry
[INFO] toolkit try release | url=https://github.com/pycountry/pycountry/releases
[INFO] toolkit try release | url=https://github.com/pycountry/pycountry/releases/expanded_assets/26.2.16
[INFO] toolkit try download | url=https://github.com/pycountry/pycountry/archive/refs/tags/26.2.16.zip
[OK] toolkit downloaded | file=pycountry-26.2.16.zip | size=7.8mb | time=3.1s
[OK] toolkit extracted | archive=pycountry-26.2.16.zip | tool=zipfile | files=643 | dirs=334
[INFO] toolkit try repo | url=https://github.com/umpirsky/country-list
[INFO] toolkit try release | url=https://github.com/umpirsky/country-list/releases
[INFO] toolkit try page | url=https://raw.githubusercontent.com/umpirsky/country-list/master/README.md
[OK] geo score ready | files=country.mmdb, countries.json, iso3166-1.json | centroids=247 | aliases=425
============================================================
[INFO] toolkit try repo | url=https://github.com/MetaCubeX/mihomo
[INFO] toolkit try release | url=https://github.com/MetaCubeX/mihomo/releases
[INFO] toolkit try release | url=https://github.com/MetaCubeX/mihomo/releases/expanded_assets/v1.19.32
[INFO] toolkit try download | url=https://github.com/MetaCubeX/mihomo/releases/download/v1.19.32/mihomo-linux-amd64-compatible-v1.19.32.gz
[OK] toolkit downloaded | file=mihomo-linux-amd64-compatible-v1.19.32.gz | size=21.8mb | time=10.7s
[OK] toolkit hash verified | file=mihomo-linux-amd64-compatible-v1.19.32.gz | sha256=ba3ce607747a07f948fc35780e108a4a7c7f552a38b9bd4d115f313ebcb89c20
[OK] proxy engine ready, starting latency test | package=mihomo-linux-amd64-compatible-v1.19.32.gz
============================================================
[WARN] batch reshard | size=18573 {1} | split=3096 {2} + 3096 {3} + 3096 {4} + 3096 {5} + 3096 {6} + 3093 {7}
[WARN] batch start failed | size=3093 {7} | split=516 {8} + 516 {9} + 516 {10} + 516 {11} + 516 {12} + 513 {13}
[WARN] batch start failed | size=3096 {5} | split=516 {14} + 516 {15} + 516 {16} + 516 {17} + 516 {18} + 516 {19}
[WARN] batch start failed | size=3096 {6} | split=516 {20} + 516 {21} + 516 {22} + 516 {23} + 516 {24} + 516 {25}
[TEST] {12} tested=100/516 | kept=10 | rest=18473
[TEST] {8} tested=100/516 | kept=37 | rest=18373
[TEST] {8} tested=200/516 | kept=73 | rest=18273
[TEST] {12} tested=200/516 | kept=23 | rest=18173
[TEST] {12} tested=300/516 | kept=30 | rest=18073
[TEST] {12} tested=400/516 | kept=41 | rest=17973
[TEST] {8} tested=300/516 | kept=101 | rest=17820
[TEST] {8} tested=400/516 | kept=140 | rest=17720
[TEST] {10} tested=100/516 | kept=34 | rest=17548
[TEST] {10} tested=200/516 | kept=63 | rest=17448
[TEST] {10} tested=300/516 | kept=89 | rest=17348
[TEST] {10} tested=400/516 | kept=111 | rest=17219
[TEST] {8} tested=500/516 | kept=185 | rest=17184
[TEST] {4} tested=100/3096 | kept=1 | rest=17051
[TEST] {4} tested=200/3096 | kept=3 | rest=16951
[TEST] {4} tested=300/3096 | kept=4 | rest=16851
[TEST] {4} tested=400/3096 | kept=4 | rest=16751
[TEST] {2} tested=100/3096 | kept=4 | rest=16574
[TEST] {2} tested=200/3096 | kept=13 | rest=16474
[TEST] {2} tested=300/3096 | kept=25 | rest=16374
[TEST] {2} tested=400/3096 | kept=39 | rest=16274
[TEST] {3} tested=100/3096 | kept=5 | rest=16136
[TEST] {3} tested=200/3096 | kept=6 | rest=16036
[TEST] {3} tested=300/3096 | kept=7 | rest=15936
[TEST] {3} tested=400/3096 | kept=7 | rest=15836
[TEST] {3} tested=500/3096 | kept=8 | rest=15736
[TEST] {3} tested=600/3096 | kept=12 | rest=15636
[TEST] {3} tested=700/3096 | kept=49 | rest=15511
[TEST] {4} tested=500/3096 | kept=5 | rest=15431
[TEST] {2} tested=500/3096 | kept=43 | rest=15347
[TEST] {4} tested=600/3096 | kept=16 | rest=15169
[TEST] {2} tested=600/3096 | kept=49 | rest=15161
[TEST] {10} tested=500/516 | kept=132 | rest=15063
[TEST] {2} tested=700/3096 | kept=63 | rest=14947
[TEST] {12} tested=500/516 | kept=50 | rest=14894
[TEST] {3} tested=800/3096 | kept=62 | rest=14819
[WARN] batch start failed | size=516 {15} | split=86 {26} + 86 {27} + 86 {28} + 86 {29} + 86 {30} + 86 {31}
[TEST] {14} tested=100/516 | kept=0 | rest=14689
[TEST] {2} tested=800/3096 | kept=132 | rest=14618
[TEST] {9} tested=100/516 | kept=8 | rest=14323
[TEST] {9} tested=200/516 | kept=21 | rest=14223
[TEST] {20} tested=100/516 | kept=1 | rest=14157
[TEST] {9} tested=300/516 | kept=34 | rest=14089
[TEST] {9} tested=400/516 | kept=88 | rest=13912
[TEST] {2} tested=900/3096 | kept=217 | rest=13899
[TEST] {4} tested=700/3096 | kept=18 | rest=13767
[TEST] {20} tested=200/516 | kept=1 | rest=13632
[TEST] {4} tested=800/3096 | kept=18 | rest=13465
[TEST] {2} tested=1000/3096 | kept=278 | rest=13454
[TEST] {3} tested=900/3096 | kept=62 | rest=13344
[TEST] {14} tested=200/516 | kept=0 | rest=13299
[TEST] {14} tested=300/516 | kept=0 | rest=13193
[TEST] {14} tested=400/516 | kept=0 | rest=13088
[TEST] {20} tested=300/516 | kept=1 | rest=12966
[TEST] {9} tested=500/516 | kept=154 | rest=12896
[TEST] {20} tested=400/516 | kept=1 | rest=12812
[WARN] batch start failed | size=516 {17} | split=86 {32} + 86 {33} + 86 {34} + 86 {35} + 86 {36} + 86 {37}
[WARN] batch start failed | size=516 {11} | split=86 {38} + 86 {39} + 86 {40} + 86 {41} + 86 {42} + 86 {43}
[TEST] {13} tested=100/513 | kept=0 | rest=12525
[TEST] {4} tested=900/3096 | kept=19 | rest=12425
[TEST] {13} tested=200/513 | kept=1 | rest=12402
[TEST] {3} tested=1000/3096 | kept=62 | rest=12382
[TEST] {2} tested=1100/3096 | kept=292 | rest=12323
[TEST] {13} tested=300/513 | kept=13 | rest=12147
[TEST] {14} tested=500/516 | kept=0 | rest=12025
[WARN] batch start failed | size=516 {16} | split=86 {44} + 86 {45} + 86 {46} + 86 {47} + 86 {48} + 86 {49}
[WARN] batch start failed | size=516 {21} | split=86 {50} + 86 {51} + 86 {52} + 86 {53} + 86 {54} + 86 {55}
[TEST] {20} tested=500/516 | kept=2 | rest=11925
[TEST] {18} tested=100/516 | kept=5 | rest=11801
[TEST] {4} tested=1000/3096 | kept=19 | rest=11754
[TEST] {3} tested=1100/3096 | kept=62 | rest=11694
[TEST] {23} tested=100/516 | kept=0 | rest=11601
[TEST] {2} tested=1200/3096 | kept=322 | rest=11583
[TEST] {23} tested=200/516 | kept=1 | rest=11342
[TEST] {13} tested=400/513 | kept=22 | rest=11299
[TEST] {4} tested=1100/3096 | kept=20 | rest=11233
[TEST] {4} tested=1200/3096 | kept=20 | rest=10989
[TEST] {3} tested=1200/3096 | kept=62 | rest=10847
[TEST] {18} tested=200/516 | kept=10 | rest=10807
[TEST] {18} tested=300/516 | kept=10 | rest=10684
[TEST] {23} tested=300/516 | kept=4 | rest=10681
[TEST] {2} tested=1300/3096 | kept=322 | rest=10587
[TEST] {23} tested=400/516 | kept=4 | rest=10471
[TEST] {13} tested=500/513 | kept=28 | rest=10267
[TEST] {4} tested=1300/3096 | kept=20 | rest=10266
[TEST] {2} tested=1400/3096 | kept=322 | rest=10014
[TEST] {3} tested=1300/3096 | kept=62 | rest=9957
[TEST] {4} tested=1400/3096 | kept=20 | rest=9952
[TEST] {18} tested=400/516 | kept=14 | rest=9810
[TEST] {23} tested=500/516 | kept=7 | rest=9646
[TEST] {22} tested=100/516 | kept=0 | rest=9438
[TEST] {4} tested=1500/3096 | kept=20 | rest=9375
[TEST] {3} tested=1400/3096 | kept=62 | rest=9327
[TEST] {22} tested=200/516 | kept=3 | rest=9225
[TEST] {2} tested=1500/3096 | kept=322 | rest=9186
[TEST] {19} tested=100/516 | kept=18 | rest=9157
[TEST] {4} tested=1600/3096 | kept=20 | rest=9024
[TEST] {19} tested=200/516 | kept=19 | rest=8962
[TEST] {19} tested=300/516 | kept=23 | rest=8746
[TEST] {18} tested=500/516 | kept=16 | rest=8737
[TEST] {3} tested=1500/3096 | kept=62 | rest=8701
[TEST] {24} tested=100/516 | kept=1 | rest=8508
[TEST] {2} tested=1600/3096 | kept=353 | rest=8475
[TEST] {4} tested=1700/3096 | kept=20 | rest=8387
[TEST] {22} tested=300/516 | kept=12 | rest=8300
[TEST] {22} tested=400/516 | kept=12 | rest=8161
[TEST] {2} tested=1700/3096 | kept=357 | rest=7942
[TEST] {19} tested=400/516 | kept=23 | rest=7880
[TEST] {3} tested=1600/3096 | kept=71 | rest=7819
[TEST] {3} tested=1700/3096 | kept=135 | rest=7645
[TEST] {4} tested=1800/3096 | kept=23 | rest=7575
[TEST] {24} tested=200/516 | kept=6 | rest=7438
[TEST] {24} tested=300/516 | kept=7 | rest=7306
[TEST] {2} tested=1800/3096 | kept=357 | rest=7265
[TEST] {24} tested=400/516 | kept=8 | rest=7064
[TEST] {22} tested=500/516 | kept=12 | rest=7063
[TEST] {2} tested=1900/3096 | kept=357 | rest=6990
[WARN] batch start failed | size=516 {25} | split=86 {56} + 86 {57} + 86 {58} + 86 {59} + 86 {60} + 86 {61}
[TEST] {2} tested=2000/3096 | kept=357 | rest=6793
[TEST] {19} tested=500/516 | kept=23 | rest=6736
[TEST] {4} tested=1900/3096 | kept=23 | rest=6708
[TEST] {3} tested=1800/3096 | kept=156 | rest=6595
[TEST] {3} tested=1900/3096 | kept=156 | rest=6404
[TEST] {2} tested=2100/3096 | kept=357 | rest=6353
[TEST] {24} tested=500/516 | kept=10 | rest=6292
[TEST] {4} tested=2000/3096 | kept=24 | rest=6155
[TEST] {26} tested=86/86 | kept=0 | rest=6086
[TEST] {2} tested=2200/3096 | kept=357 | rest=6078
[TEST] {29} tested=86/86 | kept=6 | rest=5848
[TEST] {4} tested=2100/3096 | kept=25 | rest=5847
[TEST] {3} tested=2000/3096 | kept=156 | rest=5631
[TEST] {4} tested=2200/3096 | kept=26 | rest=5532
[TEST] {2} tested=2300/3096 | kept=357 | rest=5524
[TEST] {28} tested=86/86 | kept=2 | rest=5371
[WARN] batch start failed | size=86 {31} | split=15 {62} + 15 {63} + 15 {64} + 15 {65} + 15 {66} + 11 {67}
[TEST] {4} tested=2300/3096 | kept=26 | rest=5286
[TEST] {27} tested=86/86 | kept=11 | rest=5155
[TEST] {2} tested=2400/3096 | kept=357 | rest=5079
[TEST] {4} tested=2400/3096 | kept=26 | rest=5040
[TEST] {30} tested=86/86 | kept=5 | rest=4963
[TEST] {3} tested=2100/3096 | kept=156 | rest=4792
[TEST] {4} tested=2500/3096 | kept=26 | rest=4667
[TEST] {2} tested=2500/3096 | kept=357 | rest=4518
[TEST] {33} tested=86/86 | kept=0 | rest=4470
[WARN] batch start failed | size=86 {34} | split=15 {68} + 15 {69} + 15 {70} + 15 {71} + 15 {72} + 11 {73}
[TEST] {4} tested=2600/3096 | kept=26 | rest=4417
[TEST] {2} tested=2600/3096 | kept=358 | rest=4255
[TEST] {32} tested=86/86 | kept=40 | rest=4122
[TEST] {2} tested=2700/3096 | kept=359 | rest=4112
[TEST] {4} tested=2700/3096 | kept=26 | rest=4037
[TEST] {3} tested=2200/3096 | kept=156 | rest=3829
[TEST] {35} tested=86/86 | kept=10 | rest=3820
[TEST] {4} tested=2800/3096 | kept=26 | rest=3619
[TEST] {2} tested=2800/3096 | kept=360 | rest=3584
[TEST] {4} tested=2900/3096 | kept=26 | rest=3510
[TEST] {4} tested=3000/3096 | kept=26 | rest=3393
[TEST] {36} tested=86/86 | kept=2 | rest=3294
[WARN] batch start failed | size=86 {40} | split=15 {74} + 15 {75} + 15 {76} + 15 {77} + 15 {78} + 11 {79}
[TEST] {2} tested=2900/3096 | kept=360 | rest=3266
[TEST] {37} tested=86/86 | kept=4 | rest=3171
[TEST] {3} tested=2300/3096 | kept=156 | rest=3038
[TEST] {38} tested=86/86 | kept=5 | rest=2919
[WARN] batch start failed | size=86 {43} | split=15 {80} + 15 {81} + 15 {82} + 15 {83} + 15 {84} + 11 {85}
[TEST] {2} tested=3000/3096 | kept=360 | rest=2830
[WARN] batch start failed | size=86 {44} | split=15 {86} + 15 {87} + 15 {88} + 15 {89} + 15 {90} + 11 {91}
[TEST] {39} tested=86/86 | kept=11 | rest=2592
[TEST] {3} tested=2400/3096 | kept=156 | rest=2506
[TEST] {42} tested=86/86 | kept=2 | rest=2469
[TEST] {41} tested=86/86 | kept=4 | rest=2296
[TEST] {3} tested=2500/3096 | kept=156 | rest=2263
[TEST] {45} tested=86/86 | kept=36 | rest=2095
[TEST] {46} tested=86/86 | kept=43 | rest=2007
[TEST] {47} tested=86/86 | kept=60 | rest=1895
[TEST] {3} tested=2600/3096 | kept=156 | rest=1814
[TEST] {48} tested=86/86 | kept=54 | rest=1776
[TEST] {49} tested=86/86 | kept=34 | rest=1721
[TEST] {50} tested=86/86 | kept=3 | rest=1597
[WARN] batch start failed | size=86 {55} | split=15 {92} + 15 {93} + 15 {94} + 15 {95} + 15 {96} + 11 {97}
[TEST] {52} tested=86/86 | kept=1 | rest=1547
[TEST] {53} tested=86/86 | kept=1 | rest=1404
[TEST] {3} tested=2700/3096 | kept=156 | rest=1399
[TEST] {51} tested=86/86 | kept=1 | rest=1292
[WARN] batch start failed | size=86 {58} | split=15 {98} + 15 {99} + 15 {100} + 15 {101} + 15 {102} + 11 {103}
[TEST] {54} tested=86/86 | kept=1 | rest=1255
[TEST] {57} tested=86/86 | kept=0 | rest=1040
[TEST] {56} tested=86/86 | kept=3 | rest=973
[TEST] {3} tested=2800/3096 | kept=156 | rest=952
[TEST] {59} tested=86/86 | kept=3 | rest=893
[TEST] {60} tested=86/86 | kept=6 | rest=839
[TEST] {61} tested=86/86 | kept=0 | rest=807
[WARN] batch start failed | size=15 {66} | split=3 {104} + 3 {105} + 3 {106} + 3 {107} + 3 {108}
[WARN] batch start failed | size=11 {67} | split=2 {109} + 2 {110} + 2 {111} + 2 {112} + 2 {113} + 1 {114}
[TEST] {62} tested=15/15 | kept=5 | rest=771
[TEST] {3} tested=2900/3096 | kept=156 | rest=745
[TEST] {65} tested=15/15 | kept=3 | rest=677
[TEST] {3} tested=3000/3096 | kept=156 | rest=626
[TEST] {63} tested=15/15 | kept=0 | rest=611
[TEST] {68} tested=15/15 | kept=0 | rest=610
[WARN] batch start failed | size=15 {71} | split=3 {115} + 3 {116} + 3 {117} + 3 {118} + 3 {119}
[TEST] {64} tested=15/15 | kept=2 | rest=594
[TEST] {69} tested=15/15 | kept=0 | rest=573
[TEST] {70} tested=15/15 | kept=1 | rest=480
[TEST] {72} tested=15/15 | kept=3 | rest=444
[TEST] {73} tested=11/11 | kept=2 | rest=436
[WARN] batch start failed | size=15 {77} | split=3 {120} + 3 {121} + 3 {122} + 3 {123} + 3 {124}
[TEST] {74} tested=15/15 | kept=7 | rest=418
[WARN] batch start failed | size=15 {81} | split=3 {125} + 3 {126} + 3 {127} + 3 {128} + 3 {129}
[TEST] {75} tested=15/15 | kept=5 | rest=398
[TEST] {82} tested=15/15 | kept=0 | rest=387
[TEST] {83} tested=15/15 | kept=0 | rest=374
[TEST] {76} tested=15/15 | kept=6 | rest=355
[TEST] {78} tested=15/15 | kept=6 | rest=347
[TEST] {79} tested=11/11 | kept=2 | rest=337
[TEST] {80} tested=15/15 | kept=0 | rest=328
[WARN] batch start failed | size=15 {89} | split=3 {130} + 3 {131} + 3 {132} + 3 {133} + 3 {134}
[TEST] {88} tested=15/15 | kept=0 | rest=313
[TEST] {84} tested=15/15 | kept=1 | rest=286
[TEST] {85} tested=11/11 | kept=1 | rest=280
[TEST] {86} tested=15/15 | kept=0 | rest=249
[TEST] {87} tested=15/15 | kept=0 | rest=231
[TEST] {91} tested=11/11 | kept=11 | rest=224
[WARN] batch start failed | size=15 {96} | split=3 {135} + 3 {136} + 3 {137} + 3 {138} + 3 {139}
[TEST] {90} tested=15/15 | kept=12 | rest=215
[TEST] {92} tested=15/15 | kept=0 | rest=205
[TEST] {93} tested=15/15 | kept=0 | rest=200
[WARN] batch start failed | size=15 {100} | split=3 {140} + 3 {141} + 3 {142} + 3 {143} + 3 {144}
[TEST] {94} tested=15/15 | kept=0 | rest=187
[TEST] {95} tested=15/15 | kept=0 | rest=165
[TEST] {97} tested=11/11 | kept=0 | rest=155
[TEST] {98} tested=15/15 | kept=0 | rest=141
[TEST] {105} tested=3/3 | kept=3 | rest=138
[WARN] batch start failed | size=3 {108} | split=1 {145} + 1 {146} + 1 {147}
[TEST] {104} tested=3/3 | kept=2 | rest=137
[WARN] batch start failed | size=3 {106} | split=1 {148} + 1 {149} + 1 {150}
[WARN] batch start failed | size=3 {107} | split=1 {151} + 1 {152} + 1 {153}
[WARN] batch start failed | size=2 {109} | split=1 {154} + 1 {155}
[WARN] batch start failed | size=2 {110} | split=1 {156} + 1 {157}
[TEST] {112} tested=2/2 | kept=0 | rest=135
[WARN] batch start failed | size=2 {113} | split=1 {158} + 1 {159}
[TEST] {99} tested=15/15 | kept=0 | rest=126
[TEST] {101} tested=15/15 | kept=0 | rest=115
[WARN] batch start failed | size=3 {118} | split=1 {160} + 1 {161} + 1 {162}
[TEST] {102} tested=15/15 | kept=7 | rest=110
[TEST] {116} tested=3/3 | kept=0 | rest=106
[TEST] {103} tested=11/11 | kept=0 | rest=102
[WARN] batch start failed | size=3 {121} | split=1 {163} + 1 {164} + 1 {165}
[TEST] {111} tested=2/2 | kept=0 | rest=98
[TEST] {122} tested=3/3 | kept=3 | rest=93
[TEST] {120} tested=3/3 | kept=2 | rest=92
[TEST] {114} tested=1/1 | kept=0 | rest=91
[TEST] {115} tested=3/3 | kept=0 | rest=88
[TEST] {117} tested=3/3 | kept=0 | rest=81
[TEST] {125} tested=3/3 | kept=0 | rest=80
[WARN] batch start failed | size=3 {128} | split=1 {166} + 1 {167} + 1 {168}
[TEST] {119} tested=3/3 | kept=0 | rest=78
[TEST] {129} tested=3/3 | kept=0 | rest=74
[TEST] {123} tested=3/3 | kept=2 | rest=69
[WARN] batch start failed | size=3 {133} | split=1 {169} + 1 {170} + 1 {171}
[TEST] {124} tested=3/3 | kept=2 | rest=68
[WARN] batch start failed | size=3 {134} | split=1 {172} + 1 {173} + 1 {174}
[TEST] {126} tested=3/3 | kept=0 | rest=66
[TEST] {135} tested=3/3 | kept=0 | rest=63
[WARN] batch start failed | size=3 {136} | split=1 {175} + 1 {176} + 1 {177}
[TEST] {137} tested=3/3 | kept=0 | rest=60
[TEST] {127} tested=3/3 | kept=0 | rest=54
[WARN] batch start failed | size=3 {140} | split=1 {178} + 1 {179} + 1 {180}
[TEST] {139} tested=3/3 | kept=0 | rest=53
[WARN] batch start failed | size=3 {141} | split=1 {181} + 1 {182} + 1 {183}
[TEST] {130} tested=3/3 | kept=0 | rest=52
[TEST] {131} tested=3/3 | kept=0 | rest=46
[TEST] {132} tested=3/3 | kept=0 | rest=44
[REPAIR] name=[ChromeGO-ShiteThings] hysteria-5 {145} | fields=up,down
[TEST] {147} tested=1/1 | kept=0 | rest=43
[TEST] {138} tested=3/3 | kept=0 | rest=42
[TEST] {149} tested=1/1 | kept=0 | rest=41
[REPAIR] name=[ChromeGO-ShiteThings] hysteria {150} | fields=up,down
[REPAIR] name=[ChromeGO-ShiteThings] hysteria-3 {152} | fields=up,down
[REPAIR] name=[ChromeGO-ShiteThings] hysteria-2 {151} | fields=up,down
[TEST] {150} tested=1/1 | kept=0 | rest=40
[REPAIR] name=[ChromeGO-ShiteThings] hysteria-4 {153} | fields=up,down
[TEST] {153} tested=1/1 | kept=0 | rest=39
[TEST] {143} tested=3/3 | kept=0 | rest=38
[TEST] {142} tested=3/3 | kept=1 | rest=36
[TEST] {152} tested=1/1 | kept=0 | rest=35
[TEST] {144} tested=3/3 | kept=0 | rest=34
[REPAIR] name=[ChromeGO-Merge] United-4 {155} | fields=up,down
[REPAIR] name=[ChromeGO-Merge] France_hysteria_1 {156} | fields=up,down
[TEST] {151} tested=1/1 | kept=0 | rest=33
[REPAIR] name=[ChromeGO-Merge] United-5 {157} | fields=up,down
[TEST] {146} tested=1/1 | kept=0 | rest=32
[REPAIR] name=[ChromeGO-Merge] WARP {159} | fields=dialer-proxy
[REPAIR] name=[Pawdroid-SS-APK] United+Kingdom-2 {161} | fields=cipher
[REPAIR] name=[Free-clash-v2ray] hysteria {164} | fields=up,down
[TEST] {159} tested=1/1 | kept=1 | rest=31
[TEST] {160} tested=1/1 | kept=0 | rest=30
[TEST] {162} tested=1/1 | kept=1 | rest=29
[TEST] {158} tested=1/1 | kept=0 | rest=28
[TEST] {164} tested=1/1 | kept=0 | rest=27
[DROP] name=[Free-clash-v2ray] 未知 SS-338 | free-nodes {167} | server=192.0.2.1:1 | reason=Parse config error: proxy 0: ss 192.0.2.1:1 cipher: i�5��\x1c�p initialize error: unknown method: i�5��\x1c�p
[TEST] {168} tested=1/1 | kept=0 | rest=25
[REPAIR] name=[ChromeGO-Merge] France {170} | fields=up,down
[REPAIR] name=[ChromeGO-Merge] Taiwan {169} | fields=up,down
[REPAIR] name=[ChromeGO-Merge] United-9 {171} | fields=up,down
[TEST] {169} tested=1/1 | kept=0 | rest=24
[REPAIR] name=[ChromeGO-Merge] United-10 {173} | fields=up,down
[REPAIR] name=[ChromeGO-Merge] Taiwan-2 {172} | fields=up,down
[TEST] {172} tested=1/1 | kept=0 | rest=23
[TEST] {165} tested=1/1 | kept=1 | rest=22
[DROP] name=[Epodonios] vless-82 {177} | server=31.57.185.92:8080 | reason=Parse config error: proxy 0: 'reality-opts' has unset fields: public-key
[TEST] {166} tested=1/1 | kept=1 | rest=20
[TEST] {175} tested=1/1 | kept=0 | rest=19
[TEST] {174} tested=1/1 | kept=0 | rest=18
[TEST] {145} tested=1/1 | kept=0 | rest=17
[TEST] {148} tested=1/1 | kept=0 | rest=16
[REPAIR] name=[Epodonios] EPODONIOS-2811 {180} | fields=cipher
[REPAIR] name=[Epodonios] EPODONIOS-2812 {181} | fields=cipher
[REPAIR] name=[Epodonios] EPODONIOS-2813 {182} | fields=cipher
[TEST] {179} tested=1/1 | kept=0 | rest=15
[TEST] {182} tested=1/1 | kept=0 | rest=14
[TEST] {161} tested=1/1 | kept=1 | rest=13
[TEST] {154} tested=1/1 | kept=0 | rest=12
[TEST] {155} tested=1/1 | kept=0 | rest=11
[TEST] {156} tested=1/1 | kept=0 | rest=10
[TEST] {157} tested=1/1 | kept=0 | rest=9
[TEST] {163} tested=1/1 | kept=0 | rest=8
[TEST] {170} tested=1/1 | kept=0 | rest=7
[TEST] {171} tested=1/1 | kept=0 | rest=6
[TEST] {173} tested=1/1 | kept=0 | rest=5
[TEST] {176} tested=1/1 | kept=0 | rest=4
[TEST] {178} tested=1/1 | kept=0 | rest=3
[TEST] {180} tested=1/1 | kept=0 | rest=2
[TEST] {181} tested=1/1 | kept=0 | rest=1
[TEST] {183} tested=1/1 | kept=0 | rest=0
[INFO] dropped=3 | [ChromeGO-Toolkit] × 1 | [Free-clash-v2ray] × 1 | [Epodonios] × 1
============================================================
[INFO] cap live | source=[免费节点2] | from=257 | to=50
[INFO] cap live | source=[免费节点8] | from=164 | to=50
[INFO] cap live | source=[Pawdroid-SR-APK] | from=287 | to=50
[INFO] cap live | source=[Epodonios] | from=60 | to=50
[INFO] cap live | source=[Free-clash-v2ray] | from=540 | to=50
[INFO] cap live | source=[V2rayclashfree-RSS] | from=80 | to=50
[INFO] cap live total | from=525 | to=400 | floor=5 | by=health_score
[INFO] cap live | reserved=107 | pool=418 | taken=293
[INFO] cap live | source=[Mibei77-RSS] | from=7 | to=5
[INFO] cap live | source=[NekoWarp] | from=10 | to=9
[INFO] cap live | source=[免费节点1] | from=11 | to=7
[INFO] cap live | source=[免费节点3] | from=17 | to=13
[INFO] cap live | source=[免费节点4] | from=35 | to=15
[INFO] cap live | source=[免费节点10] | from=21 | to=14
[INFO] cap live | source=[免费节点11] | from=29 | to=11
[INFO] cap live | source=[ChromeGO-ShiteThings] | from=7 | to=5
[INFO] cap live | source=[Pawdroid-SS-APK] | from=49 | to=33
[INFO] cap live | source=[1VPN-CRX] | from=12 | to=9
[INFO] cap live | source=[Epodonios] | from=50 | to=18
[INFO] cap live | source=[V2rayclashfree-RSS] | from=50 | to=34
[INFO] geo tally | live=400 | HK=34 | JP=71 | KR=60 | TW=7 | SG=22 | US=74 | GB=22 | FR=22 | DE=7 | NL=7 | CA=1 | other=73
[INFO] score summary | n=400 | max=833.3801 | p90=110.0596 | p50=53.2701 | avg=70.8897 | min=1.5964 | geo_avg=33.1604 | adj_avg=+2.9640
============================================================
+------------------------------+--------+--------+------+--------+
| source                       |    raw | unique | live | capped |
+------------------------------+--------+--------+------+--------+
| [大FQ运动]                   |     18 |     18 |    4 |      4 |
+------------------------------+--------+--------+------+--------+
| [Pawdroid]                   |     29 |     28 |    5 |      5 |
+------------------------------+--------+--------+------+--------+
| [FreeV2-Base64]              |      3 |      3 |    1 |      1 |
+------------------------------+--------+--------+------+--------+
| [Bocchi2b-Base64]            |     35 |     35 |    0 |      0 |
+------------------------------+--------+--------+------+--------+
| [Freesocks]                  |      4 |      4 |    3 |      3 |
+------------------------------+--------+--------+------+--------+
| [NekoWarp]                   |     10 |     10 |   10 |      9 |
+------------------------------+--------+--------+------+--------+
| [OpenRunner-RSS]             |     14 |     14 |    1 |      1 |
+------------------------------+--------+--------+------+--------+
| [V2Rayshare-RSS]             |     22 |     22 |    1 |      1 |
+------------------------------+--------+--------+------+--------+
| [Mibei77-RSS]                |     72 |     65 |    7 |      5 |
+------------------------------+--------+--------+------+--------+
| [Yoyapai-RSS]                |    298 |    289 |    5 |      5 |
+------------------------------+--------+--------+------+--------+
| [免费节点1]                  |    223 |    169 |   11 |      7 |
+------------------------------+--------+--------+------+--------+
| [免费节点2]                  |    593 |    562 |  257 |     50 |
+------------------------------+--------+--------+------+--------+
| [免费节点3]                  |     40 |     21 |   17 |     13 |
+------------------------------+--------+--------+------+--------+
| [免费节点4]                  |    775 |    716 |   35 |     15 |
+------------------------------+--------+--------+------+--------+
| [免费节点5]                  |     29 |     28 |    0 |      0 |
+------------------------------+--------+--------+------+--------+
| [免费节点6]                  |    566 |    553 |    0 |      0 |
+------------------------------+--------+--------+------+--------+
| [免费节点7]                  |     61 |     10 |    0 |      0 |
+------------------------------+--------+--------+------+--------+
| [免费节点8]                  |   4443 |   3822 |  164 |     50 |
+------------------------------+--------+--------+------+--------+
| [免费节点9]                  |    615 |    453 |    0 |      0 |
+------------------------------+--------+--------+------+--------+
| [免费节点10]                 |   4659 |   3090 |   21 |     14 |
+------------------------------+--------+--------+------+--------+
| [免费节点11]                 |    698 |    351 |   29 |     11 |
+------------------------------+--------+--------+------+--------+
| [ChromeGO-Toolkit]           |     20 |     19 |    3 |      3 |
+------------------------------+--------+--------+------+--------+
| [ChromeGO-ShiteThings]       |     31 |     25 |    7 |      5 |
+------------------------------+--------+--------+------+--------+
| [ChromeGO-Merge]             |    252 |     74 |    1 |      1 |
+------------------------------+--------+--------+------+--------+
| [Pawdroid-SR-APK]            |    893 |    515 |  287 |     50 |
+------------------------------+--------+--------+------+--------+
| [Pawdroid-SS-APK]            |   1507 |   1079 |   49 |     33 |
+------------------------------+--------+--------+------+--------+
| [1VPN-CRX]                   |     17 |     17 |   12 |      9 |
+------------------------------+--------+--------+------+--------+
| [Clashfree]                  |    402 |    154 |    3 |      3 |
+------------------------------+--------+--------+------+--------+
| [Epodonios]                  |   4298 |   3369 |   60 |     18 |
+------------------------------+--------+--------+------+--------+
| [Free-clash-v2ray]           |   3285 |   2011 |  540 |     50 |
+------------------------------+--------+--------+------+--------+
| [V2rayclashfree-RSS]         |   3406 |   1047 |   80 |     34 |
+------------------------------+--------+--------+------+--------+
============================================================
[INFO] clash history written | path=/home/runner/work/Free-node-autotest/Free-node-autotest/history/797389908996-clash-1003-20261009.yaml
[SUMMARY] total_nodes=27318
[SUMMARY] legal_candidates=18573
[SUMMARY] passed_latency_test=400
[SUMMARY] region_HK=34 | region_JP=72 | region_US=82
[SUMMARY] avg_latency_ms=469.85
[SUMMARY] output=/home/runner/work/Free-node-autotest/Free-node-autotest/output/clash.yaml
============================================================
[INFO] raw backup written | path=/home/runner/work/Free-node-autotest/Free-node-autotest/output/raw.yaml | history=797389908996-raw-1003-20261009.yaml | proxies=27320
[INFO] debug history written | path=/home/runner/work/Free-node-autotest/Free-node-autotest/history/797389908996-debug-1003-20261009.log | proxies=27333
