============================================================
[INFO] sublink try page | url=https://end-gfw.com
[OK] proxies=2 | new=2 | url=https://raw.githubusercontent.com/hello-world-1989/cn-news/refs/heads/main/clash.yaml
[OK] proxies=2 | new=0 | url=https://raw.githubusercontent.com/hello-world-1989/cn-news/main/end-gfw-together
[OK] proxies=2 | new=2 | url=https://raw.githubusercontent.com/hello-world-1989/cn-news/main/end-gfw-together-ss
[INFO] source try link | url=https://end-gfw.com/ss-key
[OK] proxies=4 | new=4 | url=https://end-gfw.com/ss-key
[INFO] sublink try repo | url=https://github.com/hello-world-1989/cn-news
[INFO] sublink try page | url=https://raw.githubusercontent.com/hello-world-1989/cn-news/main/README.md
[OK] proxies=6 | new=6 | url=https://raw.githubusercontent.com/hello-world-1989/v2-sub/main/end-gfw-together-af3e13
[OK] proxies=14 | source=[大FQ运动] | url=https://raw.githubusercontent.com/hello-world-1989/cn-news/main/README.md
============================================================
[INFO] sublink try repo | url=https://github.com/Pawdroid/Free-servers
[INFO] sublink try page | url=https://raw.githubusercontent.com/Pawdroid/Free-servers/main/README.md
[OK] proxies=20 | new=20 | url=https://raw.githubusercontent.com/Pawdroid/Free-servers/main/README.md
[OK] proxies=20 | new=0 | url=https://raw.githubusercontent.com/Pawdroid/Free-servers/main/sub
[OK] proxies=1 | new=1 | url=https://apps.apple.com/cn/app/shadowshare/id1612647259
[OK] proxies=1 | new=1 | url=http://www.surflare.com
[OK] proxies=22 | source=[Pawdroid] | url=https://raw.githubusercontent.com/Pawdroid/Free-servers/main/README.md
============================================================
[INFO] source try link | url=https://xmxosfepggzm.503403.xyz
[OK] proxies=3 | new=3 | url=https://xmxosfepggzm.503403.xyz
[OK] proxies=3 | source=[FreeV2-Base64] | url=https://xmxosfepggzm.503403.xyz
============================================================
[INFO] source try link | url=https://links.bocchi2b.top/clash
[OK] proxies=35 | new=35 | url=https://links.bocchi2b.top/clash
[OK] proxies=35 | source=[Bocchi2b-Base64] | url=https://links.bocchi2b.top/clash
============================================================
[INFO] toolkit try repo | url=https://github.com/bannedbook/fanqiang
[INFO] toolkit try release | url=https://github.com/bannedbook/fanqiang/releases
[INFO] toolkit try release | url=https://github.com/bannedbook/fanqiang/releases/expanded_assets/ChromeGo-latest
[INFO] toolkit try download | url=https://github.com/bannedbook/fanqiang/releases/download/ChromeGo-latest/ChromeGo.7z
[OK] toolkit downloaded | file=ChromeGo.7z | bytes=100924352
[OK] toolkit extracted | archive=ChromeGo.7z | tool=7z | files=222 | dirs=45
[OK] toolkit discovered | subs=107 | embedded=12 | archive=ChromeGo.7z
[OK] proxies=6 | new=6 | embedded=archive-config
[OK] proxies=3 | new=3 | url=https://gitlab.com/free9999/ipupdate/master/backup/img/1/2/{ipp|ip}/clash.meta2/{5|6|3|1|4|2}/config.yaml
[OK] proxies=3 | new=0 | url=https://www.67867867.xyz/Alvin9999/PAC/refs/heads/master/backup/img/1/2/{ipp|ip}/clash.meta2/{5|6|3|1|4|2}/config.yaml
[OK] proxies=7 | new=5 | url=https://gitlab.com/free9999/ipupdate/master/backup/img/1/2/{ipp|ip}/{hysteria2|singbox|naiveproxy|hysteria|xray}/{3|1|4|2}/config.json
[OK] proxies=7 | new=0 | url=https://www.67867867.xyz/Alvin9999/PAC/refs/heads/master/backup/img/1/2/{ipp|ip}/{hysteria2|singbox|naiveproxy|hysteria|xray}/{3|1|4|2}/config.json
[OK] proxies=14 | source=[ChromeGO-Toolkit] | url=https://github.com/bannedbook/fanqiang/releases/download/ChromeGo-latest/ChromeGo.7z
============================================================
[INFO] sublink try repo | url=https://github.com/ShiteThings/extractNodes
[INFO] sublink try page | url=https://raw.githubusercontent.com/ShiteThings/extractNodes/main/README.md
[OK] proxies=31 | new=30 | url=https://{chg26.makou.cc.cd|chg64.makou.cc.cd}
[OK] proxies=26 | new=1 | url=https://chg26.makou.cc.cd/sb
[OK] proxies=31 | source=[ChromeGO-ShiteThings] | url=https://raw.githubusercontent.com/ShiteThings/extractNodes/main/README.md
============================================================
[INFO] sublink try repo | url=https://github.com/shangui999/chromego_merge
[INFO] sublink try page | url=https://raw.githubusercontent.com/shangui999/chromego_merge/master/ReadMe.md
[OK] proxies=10 | new=10 | url=https://freedman.netlify.app/sub/merged_proxies_new.yaml
[OK] proxies=11 | new=1 | url=https://freedman.netlify.app/sub/merged_warp_proxies_new.yaml
[OK] proxies=11 | new=6 | url=https://freedman.netlify.app/sub/shadowrocket_base64.txt
[OK] proxies=16 | new=16 | url=https://freedman.netlify.app/sub/sb.json
[INFO] sublink try repo | url=https://github.com/yaney01/chromego
[INFO] sublink try page | url=https://raw.githubusercontent.com/yaney01/chromego/main/ReadMe.md
[OK] proxies=50 | new=46 | url=https://raw.githubusercontent.com/yaney01/chromego/main/sub/merged_proxies_new.yaml
[OK] proxies=51 | new=0 | url=https://raw.githubusercontent.com/yaney01/chromego/main/sub/merged_warp_proxies_new.yaml
[OK] proxies=13 | new=7 | url=https://raw.githubusercontent.com/yaney01/chromego/main/sub/shadowrocket_base64.txt
[OK] proxies=13 | new=0 | url=https://raw.githubusercontent.com/yaney01/chromego/main/sub/sb.json
[INFO] sublink try repo | url=https://github.com/Misaka-blog/chromego_merge
[INFO] sublink try page | url=https://raw.githubusercontent.com/Misaka-blog/chromego_merge/main/README.md
[OK] proxies=23 | new=23 | url=https://chromego-sub.netlify.app/sub/merged_proxies_new.yaml
[OK] proxies=109 | source=[ChromeGO-Merge] | url=https://raw.githubusercontent.com/Misaka-blog/chromego_merge/main/README.md
============================================================
[INFO] source try link | url=https://freesocks.org/api/v1/sub/02b897e8e77f19176b0b9f2c75864b00
[OK] proxies=1 | new=1 | url=https://freesocks.org/api/v1/sub/02b897e8e77f19176b0b9f2c75864b00
[OK] proxies=1 | source=[Freesocks] | url=https://freesocks.org/api/v1/sub/02b897e8e77f19176b0b9f2c75864b00
============================================================
[INFO] source try link | url=https://neko-warp.nloli.xyz/neko_warp.yaml
[OK] proxies=10 | new=10 | url=https://neko-warp.nloli.xyz/neko_warp.yaml
[OK] proxies=10 | source=[NekoWarp] | url=https://neko-warp.nloli.xyz/neko_warp.yaml
============================================================
[INFO] toolkit try chrome | url=https://chromewebstore.google.com/detail/free-vpn-proxy-1vpn/akcocjjpkmlniicdeemdceeajlmoabhg
[INFO] toolkit try download | url=https://clients2.google.com/service/update2/crx?response=redirect&prodversion=131.0.6778.0&acceptformat=crx2,crx3&x=id%3dakcocjjpkmlniicdeemdceeajlmoabhg%26uc
[OK] toolkit downloaded | file=free-vpn-proxy-1vpn.crx | bytes=1627904
[OK] toolkit extracted | archive=free-vpn-proxy-1vpn.crx | tool=zipfile | files=68 | dirs=57
[OK] toolkit 1vpn-crx scanned | hosts=17 | keys=1 | archive=free-vpn-proxy-1vpn.crx
[OK] proxies=17 | source=[1VPN-CRX] | url=https://clients2.google.com/service/update2/crx?response=redirect&prodversion=131.0.6778.0&acceptformat=crx2,crx3&x=id%3dakcocjjpkmlniicdeemdceeajlmoabhg%26uc
============================================================
[INFO] article try feed | url=https://free.datiya.com/index.xml
[INFO] sublink try page | url=https://free.datiya.com/post/20260926/
[OK] proxies=11 | new=11 | url=https://free.datiya.com/uploads/20260926-clash.yaml
[OK] proxies=11 | source=[OpenRunner-RSS] | url=https://free.datiya.com/post/20260926/
============================================================
[INFO] article try feed | url=https://v2rayshare.com/feed
[INFO] sublink try page | url=https://v2rayshare.com/p/4097.html
[INFO] sublink try repo | url=https://github.com/firefoxmmx2/v2rayshare_subcription
[INFO] sublink try page | url=https://raw.githubusercontent.com/firefoxmmx2/v2rayshare_subcription/main/README.md
[OK] proxies=22 | new=22 | url=https://{raw.githubusercontent.com|cdn.jsdelivr.net}/firefoxmmx2/v2rayshare_subcription/main/subscription/vray_sub.txt
[OK] proxies=21 | new=0 | url=https://{raw.githubusercontent.com|cdn.jsdelivr.net}/firefoxmmx2/v2rayshare_subcription/main/subscription/clash_sub.yaml
[OK] proxies=22 | new=0 | url=https://{raw.githubusercontent.com|cdn.jsdelivr.net}/firefoxmmx2/v2rayshare_subcription/main/subscription/mihomo_sub.yaml
[OK] proxies=22 | source=[V2Rayshare-RSS] | url=https://raw.githubusercontent.com/firefoxmmx2/v2rayshare_subcription/main/README.md
============================================================
[INFO] article try feed | url=https://www.mibei77.com/feed
[INFO] sublink try page | url=https://www.mibei77.com/697.html
[OK] proxies=108 | new=108 | url=https://mm.mibei77.com/202609/09.2664bacds.txt
[OK] proxies=109 | new=2 | url=https://mm.mibei77.com/202609/0926Clashizxs.yaml
[OK] proxies=110 | source=[Mibei77-RSS] | url=https://www.mibei77.com/697.html
============================================================
[INFO] article try feed | url=https://yoyapai.com/feed
[INFO] sublink try page | url=https://yoyapai.com/736
[OK] proxies=1 | new=1 | url=https://yoyapai.com/736
[OK] proxies=226 | new=226 | url=https://freenode.yoyapai.com/2026/09/26-yoyapai.com-clashvpnmianfeijiedian.yaml
[OK] proxies=226 | new=0 | url=https://freenode.yoyapai.com/2026/09/26-yoyapai.com-ssrv2rayvpnmianfeijiedian.txt
[OK] proxies=227 | source=[Yoyapai-RSS] | url=https://yoyapai.com/736
============================================================
[INFO] sublink try repo | url=https://github.com/free18/v2ray
[INFO] sublink try page | url=https://raw.githubusercontent.com/free18/v2ray/main/README.md
[OK] proxies=3 | new=3 | url=https://raw.githubusercontent.com/free18/v2ray/main/README.md
[OK] proxies=148 | new=148 | url=https://ghfast.top/https://raw.githubusercontent.com/free18/v2ray/refs/heads/main/v.txt
[OK] proxies=148 | new=0 | url=https://ghfast.top/https://raw.githubusercontent.com/free18/v2ray/refs/heads/main/c.yaml
[OK] proxies=151 | source=[免费节点1] | url=https://raw.githubusercontent.com/free18/v2ray/main/README.md
============================================================
[INFO] sublink try repo | url=https://github.com/ermaozi/get_subscribe
[INFO] sublink try page | url=https://raw.githubusercontent.com/ermaozi/get_subscribe/main/README.md
[INFO] sublink file_nodes=0 | bare links=9
[OK] proxies=369 | new=369 | url=https://www.ermao.net/sub/{clash|v2ray}/ermao.net
[OK] proxies=369 | new=0 | url=https://www.ermao.net/sub/{reachable|unreachable|untested}/clash/ermao.net
[OK] proxies=369 | source=[免费节点2] | url=https://raw.githubusercontent.com/ermaozi/get_subscribe/main/README.md
============================================================
[INFO] sublink try repo | url=https://github.com/sunmiao4458/free-proxy-airport
[INFO] sublink try page | url=https://raw.githubusercontent.com/sunmiao4458/free-proxy-airport/main/README.md
[OK] proxies=50 | new=50 | url=https://sunmiao4458.github.io/free-proxy-airport/clash.yaml
[OK] proxies=50 | source=[免费节点3] | url=https://raw.githubusercontent.com/sunmiao4458/free-proxy-airport/main/README.md
============================================================
[INFO] sublink try repo | url=https://github.com/mfuu/FreeProxies
[INFO] sublink try page | url=https://raw.githubusercontent.com/mfuu/FreeProxies/master/README.md
[OK] proxies=818 | new=818 | url=https://raw.githubusercontent.com/mfuu/FreeProxies/master/sub.yaml
[OK] proxies=818 | source=[免费节点4] | url=https://raw.githubusercontent.com/mfuu/FreeProxies/master/README.md
============================================================
[INFO] sublink try repo | url=https://github.com/vxiaov/free_proxies
[INFO] sublink try page | url=https://raw.githubusercontent.com/vxiaov/free_proxies/main/README.md
[OK] proxies=1 | new=1 | url=https://raw.githubusercontent.com/vxiaov/free_proxies/main/README.md
[OK] proxies=28 | new=28 | url=https://{cdn.jsdelivr.net|raw.githubusercontent.com}/vxiaov/free_proxies/main/clash/clash.provider.yaml
[OK] proxies=29 | source=[免费节点5] | url=https://raw.githubusercontent.com/vxiaov/free_proxies/main/README.md
============================================================
[INFO] sublink try repo | url=https://github.com/anaer/Sub
[INFO] sublink try page | url=https://raw.githubusercontent.com/anaer/Sub/main/README.MD
[OK] proxies=1653 | new=1653 | url=https://anaer.github.io/Sub/clash.yaml
[OK] proxies=1653 | new=0 | url=https://raw.githubusercontent.com/anaer/Sub/main/clash.yaml
[OK] proxies=1653 | source=[免费节点6] | url=https://raw.githubusercontent.com/anaer/Sub/main/README.MD
============================================================
[INFO] sublink try repo | url=https://github.com/snakem982/proxypool
[INFO] sublink try page | url=https://raw.githubusercontent.com/snakem982/proxypool/main/README.md
[OK] proxies=64 | new=64 | url=https://raw.githubusercontent.com/snakem982/proxypool/main/source/clash-meta-2.yaml
[OK] proxies=62 | new=0 | url=https://raw.githubusercontent.com/snakem982/proxypool/main/source/v2ray-2.txt
[OK] proxies=62 | new=0 | url=https://raw.githubusercontent.com/snakem982/proxypool/main/source/sing-box-2.json
[OK] proxies=64 | source=[免费节点7] | url=https://raw.githubusercontent.com/snakem982/proxypool/main/README.md
============================================================
[INFO] sublink try repo | url=https://github.com/mahdibland/V2RayAggregator
[INFO] sublink try page | url=https://raw.githubusercontent.com/mahdibland/V2RayAggregator/master/README.md
[OK] proxies=374 | new=374 | url=https://raw.githubusercontent.com/mahdibland/V2RayAggregator/master/README.md
[OK] proxies=1 | new=1 | url=https://github.com/mahdibland/SSAggregator/actions/workflows/Collector.yml
[OK] proxies=1 | new=0 | url=https://github.com/mahdibland/SSAggregator/actions/workflows/Airport_Collector.yml
[OK] proxies=190 | new=0 | url=https://raw.githubusercontent.com/mahdibland/ShadowsocksAggregator/master/Eternity.txt
[OK] proxies=194 | new=23 | url=https://raw.githubusercontent.com/mahdibland/ShadowsocksAggregator/master/Eternity.yml
[OK] proxies=61 | new=61 | url=https://raw.githubusercontent.com/mahdibland/ShadowsocksAggregator/master/EternityAir.txt
[OK] proxies=3933 | new=3631 | url=https://raw.githubusercontent.com/mahdibland/SSAggregator/master/sub/sub_merge_base64.txt
[OK] proxies=3933 | new=0 | url=https://raw.githubusercontent.com/mahdibland/{SSAggregator|ShadowsocksAggregator}/master/sub/sub_merge.txt
[OK] proxies=4114 | new=182 | url=https://raw.githubusercontent.com/mahdibland/SSAggregator/master/sub/sub_merge_yaml.yml
[OK] proxies=61 | new=0 | url=https://raw.githubusercontent.com/mahdibland/SSAggregator/master/sub/airport_merge_base64.txt
[OK] proxies=61 | new=0 | url=https://raw.githubusercontent.com/mahdibland/SSAggregator/master/sub/airport_sub_merge.txt
[OK] proxies=1443 | new=0 | url=https://raw.githubusercontent.com/mahdibland/ShadowsocksAggregator/master/sub/splitted/vmess.txt
[OK] proxies=589 | new=0 | url=https://raw.githubusercontent.com/mahdibland/ShadowsocksAggregator/master/sub/splitted/trojan.txt
[OK] proxies=54 | new=0 | url=https://raw.githubusercontent.com/mahdibland/ShadowsocksAggregator/master/sub/splitted/ssr.txt
[OK] proxies=1847 | new=0 | url=https://raw.githubusercontent.com/mahdibland/ShadowsocksAggregator/master/sub/splitted/ss.txt
[OK] proxies=1 | new=0 | url=https://cdn.jsdelivr.net/gh/mahdibland/V2RayAggregator@master/update/provider/provider-meta.yml
[OK] proxies=1 | new=0 | url=https://cdn.jsdelivr.net/gh/mahdibland/V2RayAggregator@master/update/provider/provider-meta-cn.yml
[OK] proxies=1 | new=0 | url=https://cdn.jsdelivr.net/gh/mahdibland/V2RayAggregator@master/update/provider/provider-meta-others.yml
[OK] proxies=1 | new=0 | url=https://cdn.jsdelivr.net/gh/mahdibland/V2RayAggregator@master/update/provider/provider.yml
[OK] proxies=1 | new=0 | url=https://cdn.jsdelivr.net/gh/mahdibland/V2RayAggregator@master/update/provider/provider-cn.yml
[OK] proxies=1 | new=0 | url=https://cdn.jsdelivr.net/gh/mahdibland/V2RayAggregator@master/update/provider/provider-others.yml
[OK] proxies=4272 | source=[免费节点8] | url=https://raw.githubusercontent.com/mahdibland/V2RayAggregator/master/README.md
============================================================
[INFO] sublink try repo | url=https://github.com/w1770946466/Auto_proxy
[INFO] sublink try page | url=https://raw.githubusercontent.com/w1770946466/Auto_proxy/main/README.md
[OK] proxies=1 | new=1 | url=https://github.com/w1770946466/Auto_proxy/actions/workflows/main.yml
[OK] proxies=245 | new=245 | url=https://raw.githubusercontent.com/w1770946466/Auto_proxy/main/{Long_term_subscription2.yaml|Long_term_subscription1.yaml|Long_term_subscription3.yaml}
[OK] proxies=489 | new=54 | url=https://raw.githubusercontent.com/w1770946466/Auto_proxy/main/{Long_term_subscription1|Long_term_subscription2|Long_term_subscription3|Long_term_subscription4|Long_term_subscription5|Long_term_subscription6|Long_term_subscription7|Long_term_subscription8}
[OK] proxies=489 | new=315 | url=https://raw.githubusercontent.com/w1770946466/Auto_proxy/main/Long_term_subscription_num
[OK] proxies=615 | source=[免费节点9] | url=https://raw.githubusercontent.com/w1770946466/Auto_proxy/main/README.md
============================================================
[INFO] sublink try repo | url=https://github.com/PuddinCat/BestClash
[INFO] sublink try page | url=https://raw.githubusercontent.com/PuddinCat/BestClash/main/README.md
[OK] proxies=16 | new=16 | url=https://raw.githubusercontent.com/PuddinCat/BestClash/main/proxies.yaml
[OK] proxies=28 | new=28 | url=https://cdn.jsdelivr.net/gh/vxiaov/free_proxies@main/clash/clash.provider.yaml
[OK] proxies=24 | new=24 | url=https://freenode.openrunner.net/uploads/20240807-clash.yaml
[OK] proxies=23 | new=23 | url=https://raw.githubusercontent.com/Misaka-blog/chromego_merge/main/sub/merged_proxies_new.yaml
[OK] proxies=4800 | new=4774 | url=https://raw.githubusercontent.com/{NiceVPN123|anaer}/{NiceVPN|Sub}/main/{Clash.yaml|clash.yaml}
[OK] proxies=27 | new=5 | url=https://raw.githubusercontent.com/{chengaopan|peasoft}/{AutoMergePublicNodes|NoMoreWalls}/master/list.yml
[OK] proxies=369 | new=337 | url=https://raw.githubusercontent.com/{ermaozi|ermaozi01}/{get_subscribe|free_clash_vpn}/main/subscribe/clash.yml
[OK] proxies=194 | new=159 | url=https://raw.githubusercontent.com/mahdibland/ShadowsocksAggregator/master/Eternity.yml
[OK] proxies=165 | new=160 | url=https://raw.githubusercontent.com/ronghuaxueleng/get_v2/main/pub/combine.yaml
[OK] proxies=144 | new=3 | url=https://raw.githubusercontent.com/zhangkaiitugithub/passcro/main/speednodes.yaml
[OK] proxies=5529 | source=[免费节点10] | url=https://raw.githubusercontent.com/PuddinCat/BestClash/main/README.md
============================================================
[INFO] sublink try repo | url=https://github.com/kooker/FreeSubsCheck
[INFO] sublink try page | url=https://raw.githubusercontent.com/kooker/FreeSubsCheck/main/README.md
[OK] proxies=10 | new=10 | url=https://raw.githubusercontent.com/kooker/FreeSubsCheck/main/mihomo.yaml
[OK] proxies=10 | new=0 | url=https://raw.githubusercontent.com/kooker/FreeSubsCheck/main/all.yaml
[OK] proxies=6 | new=0 | url=https://raw.githubusercontent.com/kooker/FreeSubsCheck/main/base64.txt
[OK] proxies=7 | new=7 | url=https://raw.githubusercontent.com/kooker/FreeSubsCheck/main/byxiaoxi.txt
[OK] proxies=388 | new=387 | url=https://raw.githubusercontent.com/kooker/FreeSubsCheck/main/kooker.jp.txt
[OK] proxies=404 | source=[免费节点11] | url=https://raw.githubusercontent.com/kooker/FreeSubsCheck/main/README.md
============================================================
[INFO] toolkit try repo | url=https://github.com/Pawdroid/shadowrocket_for_android
[INFO] toolkit try release | url=https://github.com/Pawdroid/shadowrocket_for_android/releases
[INFO] toolkit try release | url=https://github.com/Pawdroid/shadowrocket_for_android/releases/expanded_assets/10.10.55
[INFO] toolkit try download | url=https://github.com/Pawdroid/shadowrocket_for_android/releases/download/10.10.55/Shadowrocket_10.10.55_shadowrocketStandard_arm64-v8a.apk
[OK] toolkit downloaded | file=Shadowrocket_10.10.55_shadowrocketStandard_arm64-v8a.apk | bytes=41449171
[OK] toolkit extracted | archive=Shadowrocket_10.10.55_shadowrocketStandard_arm64-v8a.apk | tool=zipfile | files=1179 | dirs=44
[OK] toolkit sr-apk scanned | prefixes=38 | files=6 | keys=2 | archive=Shadowrocket_10.10.55_shadowrocketStandard_arm64-v8a.apk
[OK] proxies=949 | new=949 | url=https://{cdn.jsdelivr.net|raw.githubusercontent.com}/pixelor/ecfg/main/data/ecfg6_zh
[OK] proxies=1020 | new=100 | url=https://{raw.githubusercontent.com|cdn.jsdelivr.net}/pixelor/ecfg/main/data/ecfg6_en
[OK] proxies=183 | new=73 | url=https://{raw.githubusercontent.com|cdn.jsdelivr.net}/pixelor/ecfg/main/data/ecfg6
[OK] proxies=140 | new=0 | url=https://{files.shadowrockets.app|cdn.shadowrockets.app}/ecfg/data/ecfg6
[OK] proxies=898 | new=0 | url=https://{files.shadowrockets.app|cdn.shadowrockets.app}/ecfg/data/ecfg6_en
[OK] proxies=898 | new=0 | url=https://{files.shadowrockets.app|cdn.shadowrockets.app}/ecfg/data/ecfg6_zh
[OK] proxies=1122 | source=[Pawdroid-SR-APK] | url=https://github.com/Pawdroid/shadowrocket_for_android/releases/download/10.10.55/Shadowrocket_10.10.55_shadowrocketStandard_arm64-v8a.apk
============================================================
[INFO] toolkit try page | url=https://shadowshare.v2cross.com
[INFO] toolkit try download | url=https://shadowshare.v2cross.com/shadowshare.apk
[OK] toolkit downloaded | file=shadowshare.apk | bytes=62868122
[OK] toolkit extracted | archive=shadowshare.apk | tool=zipfile | files=612 | dirs=39
[OK] toolkit ss-apk scanned | prefixes=10 | files=3 | keys=1 | archive=shadowshare.apk
[OK] proxies=240 | new=218 | url=https://{raw.githubusercontent.com|jsd.onmicrosoft.cn}/hideme9527/ecsfg/main/data/sareserver
[OK] proxies=151 | new=0 | url=https://{shadowsharing.com|sare.159236.xyz}/data/sareserver
[OK] proxies=1386 | new=1296 | url=https://{raw.githubusercontent.com|jsd.onmicrosoft.cn}/hideme9527/ecsfg/main/data/sareserver_en
[OK] proxies=1386 | new=0 | url=https://{shadowsharing.com|sare.159236.xyz}/data/sareserver_en
[OK] proxies=1514 | source=[Pawdroid-SS-APK] | url=https://shadowshare.v2cross.com/shadowshare.apk
============================================================
[INFO] sublink try repo | url=https://github.com/free-nodes/clashfree
[INFO] sublink try page | url=https://raw.githubusercontent.com/free-nodes/clashfree/main/README.md
[OK] proxies=189 | new=189 | url=https://raw.githubusercontent.com/free-nodes/clashfree/main/README.md
[OK] proxies=189 | new=0 | url=https://raw.githubusercontent.com/free-nodes/clashfree/main/clash20260926.yml
[OK] proxies=1 | new=1 | url=https://github.com/free-nodes/clashfree/blob/main/clash20260926.yml
[OK] proxies=190 | source=[Clashfree] | url=https://raw.githubusercontent.com/free-nodes/clashfree/main/README.md
============================================================
[INFO] sublink try repo | url=https://github.com/Epodonios/v2ray-configs
[INFO] sublink try page | url=https://raw.githubusercontent.com/Epodonios/v2ray-configs/main/README.md
[OK] proxies=1 | new=1 | url=https://github.com/Epodonios/V2ray-Configs/actions/workflows/main.yml
[OK] proxies=4100 | new=4100 | url=https://github.com/Epodonios/v2ray-configs/raw/main/All_Configs_Sub.txt
[OK] proxies=4100 | new=0 | url=https://github.com/Epodonios/v2ray-configs/raw/main/All_Configs_base64_Sub.txt
[OK] proxies=3340 | new=0 | url=https://github.com/Epodonios/v2ray-configs/raw/main/Splitted-By-Protocol/vless.txt
[OK] proxies=182 | new=0 | url=https://github.com/Epodonios/v2ray-configs/raw/main/Splitted-By-Protocol/vmess.txt
[OK] proxies=369 | new=0 | url=https://github.com/Epodonios/v2ray-configs/raw/main/Splitted-By-Protocol/ss.txt
[OK] proxies=3 | new=0 | url=https://github.com/Epodonios/v2ray-configs/raw/main/Splitted-By-Protocol/ssr.txt
[OK] proxies=168 | new=0 | url=https://github.com/Epodonios/v2ray-configs/raw/main/Splitted-By-Protocol/trojan.txt
[OK] proxies=4100 | new=0 | url=https://raw.githubusercontent.com/Epodonios/v2ray-configs/main/{Sub1.txt|Sub2.txt|Sub3.txt|Sub4.txt|Sub5.txt|Sub6.txt|Sub7.txt|Sub8.txt}
[OK] proxies=4101 | source=[Epodonios] | url=https://raw.githubusercontent.com/Epodonios/v2ray-configs/main/README.md
============================================================
[INFO] sublink try repo | url=https://github.com/free-clash-v2ray/free-clash-v2ray.github.io
[INFO] sublink try page | url=https://raw.githubusercontent.com/free-clash-v2ray/free-clash-v2ray.github.io/main/README.md
[OK] proxies=3279 | new=3279 | url=https://free-clash-v2ray.github.io/uploads/2026/09/{0-20260920.yaml|1-20260920.yaml|2-20260920.yaml|3-20260920.yaml}
[OK] proxies=4810 | new=1941 | url=https://free-clash-v2ray.github.io/uploads/2026/09/{0-20260920.txt|1-20260920.txt|2-20260920.txt|3-20260920.txt|4-20260920.txt}
[OK] proxies=5220 | source=[Free-clash-v2ray] | url=https://raw.githubusercontent.com/free-clash-v2ray/free-clash-v2ray.github.io/main/README.md
============================================================
[INFO] article try page | url=https://v2rayclashfree.com
[INFO] sublink try page | url=https://v2rayclashfree.com/fn/20260926.html
[OK] proxies=852 | new=852 | url=https://v2rayclashfree.com/sub/20260926-v2ray.txt
[OK] proxies=807 | new=340 | url=https://v2rayclashfree.com/sub/20260926-clash.yaml
[OK] proxies=1192 | source=[V2rayclashfree-RSS] | url=https://v2rayclashfree.com/fn/20260926.html
============================================================
[INFO] raw backup written | path=/home/runner/work/Free-node-autotest/Free-node-autotest/output/raw.yaml | proxies=27921
[INFO] toolkit try repo | url=https://github.com/MetaCubeX/mihomo
[INFO] toolkit try release | url=https://github.com/MetaCubeX/mihomo/releases
[INFO] toolkit try release | url=https://github.com/MetaCubeX/mihomo/releases/expanded_assets/v1.19.31
[INFO] toolkit try download | url=https://github.com/MetaCubeX/mihomo/releases/download/v1.19.31/mihomo-linux-amd64-compatible-v1.19.31.gz
[OK] toolkit downloaded | file=mihomo-linux-amd64-compatible-v1.19.31.gz | bytes=22821836
[OK] toolkit hash verified | file=mihomo-linux-amd64-compatible-v1.19.31.gz | sha256=04cf9f09671704f839ddbee2e93069dc831a4123a75281e725d1d96ab9ac1afc
[OK] proxy engine ready, starting latency test | package=mihomo-linux-amd64-compatible-v1.19.31.gz
============================================================
[WARN] batch start failed | size=17857 {1} | split=8928 {2} + 8929 {3}
[WARN] batch start failed | size=8928 {2} | split=4464 {4} + 4464 {5}
[WARN] batch start failed | size=8929 {3} | split=4464 {6} + 4465 {7}
[WARN] batch start failed | size=4464 {4} | split=2232 {8} + 2232 {9}
[WARN] batch start failed | size=4464 {6} | split=2232 {10} + 2232 {11}
[WARN] batch start failed | size=2232 {8} | split=1116 {12} + 1116 {13}
[WARN] batch start failed | size=4465 {7} | split=2232 {14} + 2233 {15}
[WARN] batch start failed | size=2232 {10} | split=1116 {16} + 1116 {17}
[TEST] {9} tested=100/2232 | kept=20 | rest=17704
[WARN] batch start failed | size=2232 {11} | split=1116 {18} + 1116 {19}
[TEST] {5} tested=100/4464 | kept=0 | rest=17632
[WARN] batch start failed | size=1116 {12} | split=558 {20} + 558 {21}
[TEST] {5} tested=200/4464 | kept=0 | rest=17478
[TEST] {9} tested=200/2232 | kept=21 | rest=17417
[TEST] {9} tested=300/2232 | kept=22 | rest=17307
[TEST] {9} tested=400/2232 | kept=22 | rest=17197
[TEST] {5} tested=300/4464 | kept=36 | rest=17085
[TEST] {5} tested=400/4464 | kept=97 | rest=16970
[TEST] {13} tested=100/1116 | kept=1 | rest=16875
[TEST] {13} tested=200/1116 | kept=33 | rest=16748
[TEST] {9} tested=500/2232 | kept=24 | rest=16720
[TEST] {9} tested=600/2232 | kept=24 | rest=16619
[TEST] {9} tested=700/2232 | kept=25 | rest=16517
[TEST] {5} tested=500/4464 | kept=97 | rest=16389
[TEST] {13} tested=300/1116 | kept=38 | rest=16224
[TEST] {13} tested=400/1116 | kept=39 | rest=16107
[TEST] {9} tested=800/2232 | kept=27 | rest=16094
[TEST] {5} tested=600/4464 | kept=97 | rest=15925
[TEST] {13} tested=500/1116 | kept=39 | rest=15807
[TEST] {13} tested=600/1116 | kept=50 | rest=15686
[TEST] {9} tested=900/2232 | kept=27 | rest=15683
[TEST] {9} tested=1000/2232 | kept=40 | rest=15495
[TEST] {13} tested=700/1116 | kept=52 | rest=15418
[TEST] {9} tested=1100/2232 | kept=89 | rest=15370
[TEST] {5} tested=700/4464 | kept=97 | rest=15331
[TEST] {13} tested=800/1116 | kept=52 | rest=15119
[TEST] {13} tested=900/1116 | kept=52 | rest=15012
[TEST] {5} tested=800/4464 | kept=97 | rest=14939
[TEST] {13} tested=1000/1116 | kept=52 | rest=14868
[TEST] {9} tested=1200/2232 | kept=101 | rest=14853
[TEST] {5} tested=900/4464 | kept=97 | rest=14655
[TEST] {9} tested=1300/2232 | kept=102 | rest=14594
[TEST] {13} tested=1100/1116 | kept=52 | rest=14465
[TEST] {9} tested=1400/2232 | kept=102 | rest=14433
[TEST] {13} tested=1116/1116 | kept=52 | rest=14392
[TEST] {5} tested=1000/4464 | kept=97 | rest=14246
[TEST] {9} tested=1500/2232 | kept=102 | rest=14165
[TEST] {14} tested=100/2232 | kept=1 | rest=14109
[TEST] {14} tested=200/2232 | kept=2 | rest=13961
[TEST] {9} tested=1600/2232 | kept=102 | rest=13890
[TEST] {5} tested=1100/4464 | kept=97 | rest=13801
[TEST] {14} tested=300/2232 | kept=2 | rest=13673
[TEST] {14} tested=400/2232 | kept=2 | rest=13554
[TEST] {14} tested=500/2232 | kept=4 | rest=13440
[TEST] {9} tested=1700/2232 | kept=102 | rest=13290
[TEST] {14} tested=600/2232 | kept=6 | rest=13263
[TEST] {5} tested=1200/4464 | kept=97 | rest=13177
[TEST] {14} tested=700/2232 | kept=8 | rest=12981
[TEST] {9} tested=1800/2232 | kept=102 | rest=12883
[TEST] {14} tested=800/2232 | kept=9 | rest=12862
[TEST] {14} tested=900/2232 | kept=12 | rest=12698
[TEST] {5} tested=1300/4464 | kept=97 | rest=12638
[TEST] {9} tested=1900/2232 | kept=102 | rest=12549
[TEST] {14} tested=1000/2232 | kept=13 | rest=12426
[TEST] {14} tested=1100/2232 | kept=13 | rest=12315
[TEST] {14} tested=1200/2232 | kept=30 | rest=12208
[TEST] {9} tested=2000/2232 | kept=102 | rest=12096
[TEST] {5} tested=1400/4464 | kept=97 | rest=12085
[TEST] {5} tested=1500/4464 | kept=97 | rest=11944
[TEST] {14} tested=1300/2232 | kept=37 | rest=11822
[TEST] {14} tested=1400/2232 | kept=95 | rest=11706
[TEST] {9} tested=2100/2232 | kept=102 | rest=11660
[TEST] {14} tested=1500/2232 | kept=162 | rest=11586
[TEST] {14} tested=1600/2232 | kept=227 | rest=11476
[TEST] {14} tested=1700/2232 | kept=300 | rest=11369
[TEST] {14} tested=1800/2232 | kept=375 | rest=11257
[TEST] {14} tested=1900/2232 | kept=442 | rest=11149
[TEST] {14} tested=2000/2232 | kept=502 | rest=11004
[TEST] {5} tested=1600/4464 | kept=97 | rest=10928
[TEST] {14} tested=2100/2232 | kept=556 | rest=10778
[TEST] {5} tested=1700/4464 | kept=97 | rest=10720
[TEST] {9} tested=2200/2232 | kept=102 | rest=10567
[TEST] {14} tested=2200/2232 | kept=608 | rest=10542
[TEST] {9} tested=2232/2232 | kept=102 | rest=10504
[TEST] {5} tested=1800/4464 | kept=97 | rest=10489
[WARN] batch start failed | size=2233 {15} | split=1116 {22} + 1117 {23}
[TEST] {5} tested=1900/4464 | kept=97 | rest=10382
[TEST] {14} tested=2232/2232 | kept=611 | rest=10320
[TEST] {5} tested=2000/4464 | kept=97 | rest=10277
[WARN] batch start failed | size=1116 {17} | split=558 {24} + 558 {25}
[TEST] {5} tested=2100/4464 | kept=97 | rest=10177
[TEST] {16} tested=100/1116 | kept=0 | rest=10039
[WARN] batch start failed | size=1116 {18} | split=558 {26} + 558 {27}
[TEST] {5} tested=2200/4464 | kept=97 | rest=9898
[TEST] {16} tested=200/1116 | kept=0 | rest=9825
[WARN] batch start failed | size=1116 {19} | split=558 {28} + 558 {29}
[WARN] batch start failed | size=558 {20} | split=279 {30} + 279 {31}
[TEST] {16} tested=300/1116 | kept=0 | rest=9698
[TEST] {5} tested=2300/4464 | kept=97 | rest=9550
[TEST] {21} tested=100/558 | kept=50 | rest=9512
[TEST] {5} tested=2400/4464 | kept=97 | rest=9382
[TEST] {16} tested=400/1116 | kept=0 | rest=9233
[TEST] {16} tested=500/1116 | kept=0 | rest=9122
[TEST] {5} tested=2500/4464 | kept=97 | rest=9056
[TEST] {16} tested=600/1116 | kept=0 | rest=8989
[TEST] {21} tested=200/558 | kept=107 | rest=8915
[TEST] {5} tested=2600/4464 | kept=103 | rest=8829
[TEST] {21} tested=300/558 | kept=139 | rest=8680
[TEST] {16} tested=700/1116 | kept=0 | rest=8562
[TEST] {5} tested=2700/4464 | kept=106 | rest=8561
[TEST] {16} tested=800/1116 | kept=0 | rest=8454
[TEST] {16} tested=900/1116 | kept=0 | rest=8350
[TEST] {16} tested=1000/1116 | kept=0 | rest=8227
[TEST] {21} tested=400/558 | kept=152 | rest=8074
[TEST] {5} tested=2800/4464 | kept=106 | rest=8052
[TEST] {16} tested=1100/1116 | kept=1 | rest=7913
[TEST] {16} tested=1116/1116 | kept=1 | rest=7824
[TEST] {5} tested=2900/4464 | kept=106 | rest=7772
[WARN] batch start failed | size=1117 {23} | split=558 {32} + 559 {33}
[TEST] {21} tested=500/558 | kept=153 | rest=7700
[TEST] {5} tested=3000/4464 | kept=107 | rest=7645
[TEST] {22} tested=100/1116 | kept=52 | rest=7487
[TEST] {22} tested=200/1116 | kept=94 | rest=7383
[TEST] {22} tested=300/1116 | kept=151 | rest=7279
[TEST] {22} tested=400/1116 | kept=197 | rest=7176
[TEST] {22} tested=500/1116 | kept=244 | rest=7074
[TEST] {22} tested=600/1116 | kept=279 | rest=6973
[TEST] {22} tested=700/1116 | kept=323 | rest=6870
[TEST] {22} tested=800/1116 | kept=365 | rest=6761
[TEST] {22} tested=900/1116 | kept=393 | rest=6644
[TEST] {22} tested=1000/1116 | kept=424 | rest=6539
[TEST] {21} tested=558/558 | kept=153 | rest=6451
[WARN] batch start failed | size=558 {24} | split=279 {34} + 279 {35}
[TEST] {5} tested=3100/4464 | kept=107 | rest=6429
[TEST] {25} tested=100/558 | kept=56 | rest=6252
[TEST] {5} tested=3200/4464 | kept=107 | rest=6163
[TEST] {25} tested=200/558 | kept=125 | rest=6110
[TEST] {25} tested=300/558 | kept=184 | rest=5977
[TEST] {25} tested=400/558 | kept=235 | rest=5855
[TEST] {22} tested=1100/1116 | kept=450 | rest=5769
[TEST] {22} tested=1116/1116 | kept=450 | rest=5739
[TEST] {25} tested=500/558 | kept=293 | rest=5706
[TEST] {27} tested=100/558 | kept=8 | rest=5580
[TEST] {5} tested=3300/4464 | kept=107 | rest=5555
[TEST] {5} tested=3400/4464 | kept=107 | rest=5425
[TEST] {25} tested=558/558 | kept=316 | rest=5326
[WARN] batch start failed | size=558 {26} | split=279 {36} + 279 {37}
[TEST] {27} tested=200/558 | kept=16 | rest=5243
[TEST] {29} tested=100/558 | kept=5 | rest=5093
[TEST] {5} tested=3500/4464 | kept=107 | rest=4982
[TEST] {29} tested=200/558 | kept=6 | rest=4882
[TEST] {27} tested=300/558 | kept=30 | rest=4833
[TEST] {5} tested=3600/4464 | kept=107 | rest=4792
[TEST] {29} tested=300/558 | kept=9 | rest=4597
[TEST] {27} tested=400/558 | kept=38 | rest=4560
[TEST] {29} tested=400/558 | kept=11 | rest=4413
[TEST] {5} tested=3700/4464 | kept=108 | rest=4278
[TEST] {29} tested=500/558 | kept=15 | rest=4210
[TEST] {27} tested=500/558 | kept=51 | rest=4143
[TEST] {27} tested=558/558 | kept=51 | rest=4037
[TEST] {29} tested=558/558 | kept=15 | rest=4029
[TEST] {5} tested=3800/4464 | kept=109 | rest=4013
[WARN] batch start failed | size=558 {28} | split=279 {38} + 279 {39}
[TEST] {31} tested=100/279 | kept=6 | rest=3836
[WARN] batch start failed | size=279 {30} | split=139 {40} + 140 {41}
[TEST] {5} tested=3900/4464 | kept=109 | rest=3756
[WARN] batch start failed | size=558 {32} | split=279 {42} + 279 {43}
[TEST] {33} tested=100/559 | kept=0 | rest=3553
[TEST] {33} tested=200/559 | kept=0 | rest=3450
[TEST] {33} tested=300/559 | kept=0 | rest=3340
[TEST] {31} tested=200/279 | kept=13 | rest=3273
[TEST] {33} tested=400/559 | kept=27 | rest=3227
[TEST] {5} tested=4000/4464 | kept=111 | rest=3110
[TEST] {33} tested=500/559 | kept=104 | rest=3108
[TEST] {5} tested=4100/4464 | kept=111 | rest=3005
[TEST] {5} tested=4200/4464 | kept=111 | rest=2852
[TEST] {31} tested=279/279 | kept=16 | rest=2776
[WARN] batch start failed | size=279 {35} | split=139 {44} + 140 {45}
[TEST] {5} tested=4300/4464 | kept=111 | rest=2691
[TEST] {33} tested=559/559 | kept=115 | rest=2599
[TEST] {37} tested=100/279 | kept=18 | rest=2482
[TEST] {5} tested=4400/4464 | kept=111 | rest=2305
[TEST] {34} tested=100/279 | kept=12 | rest=2251
[TEST] {34} tested=200/279 | kept=12 | rest=2148
[TEST] {37} tested=200/279 | kept=28 | rest=2095
[TEST] {5} tested=4464/4464 | kept=111 | rest=2012
[TEST] {37} tested=279/279 | kept=28 | rest=1996
[WARN] batch start failed | size=279 {36} | split=139 {46} + 140 {47}
[WARN] batch start failed | size=279 {38} | split=139 {48} + 140 {49}
[WARN] batch start failed | size=139 {40} | split=69 {50} + 70 {51}
[TEST] {39} tested=100/279 | kept=0 | rest=1894
[WARN] batch start failed | size=140 {41} | split=70 {52} + 70 {53}
[WARN] batch start failed | size=279 {42} | split=139 {54} + 140 {55}
[TEST] {34} tested=279/279 | kept=16 | rest=1757
[TEST] {39} tested=200/279 | kept=1 | rest=1753
[TEST] {45} tested=100/140 | kept=93 | rest=1624
[TEST] {39} tested=279/279 | kept=1 | rest=1483
[WARN] batch start failed | size=139 {44} | split=69 {56} + 70 {57}
[TEST] {43} tested=100/279 | kept=25 | rest=1442
[TEST] {47} tested=100/140 | kept=19 | rest=1293
[TEST] {45} tested=140/140 | kept=123 | rest=1253
[WARN] batch start failed | size=139 {46} | split=69 {58} + 70 {59}
[WARN] batch start failed | size=139 {48} | split=69 {60} + 70 {61}
[WARN] batch start failed | size=140 {49} | split=70 {62} + 70 {63}
[TEST] {43} tested=200/279 | kept=25 | rest=1164
[TEST] {47} tested=140/140 | kept=29 | rest=1115
[WARN] batch start failed | size=70 {51} | split=35 {64} + 35 {65}
[WARN] batch start failed | size=70 {52} | split=35 {66} + 35 {67}
[TEST] {50} tested=69/69 | kept=8 | rest=1007
[WARN] batch start failed | size=139 {54} | split=69 {68} + 70 {69}
[TEST] {43} tested=279/279 | kept=25 | rest=997
[TEST] {53} tested=70/70 | kept=26 | rest=900
[WARN] batch start failed | size=70 {57} | split=35 {70} + 35 {71}
[TEST] {55} tested=100/140 | kept=26 | rest=779
[TEST] {56} tested=69/69 | kept=4 | rest=735
[WARN] batch start failed | size=70 {59} | split=35 {72} + 35 {73}
[WARN] batch start failed | size=69 {60} | split=34 {74} + 35 {75}
[TEST] {58} tested=69/69 | kept=18 | rest=643
[WARN] batch start failed | size=70 {62} | split=35 {76} + 35 {77}
[TEST] {55} tested=140/140 | kept=27 | rest=642
[TEST] {61} tested=70/70 | kept=1 | rest=558
[WARN] batch start failed | size=35 {65} | split=17 {78} + 18 {79}
[TEST] {63} tested=70/70 | kept=0 | rest=509
[TEST] {64} tested=35/35 | kept=12 | rest=502
[WARN] batch start failed | size=35 {67} | split=17 {80} + 18 {81}
[WARN] batch start failed | size=70 {69} | split=35 {82} + 35 {83}
[WARN] batch start failed | size=35 {71} | split=17 {84} + 18 {85}
[TEST] {66} tested=35/35 | kept=0 | rest=443
[WARN] batch start failed | size=35 {72} | split=17 {86} + 18 {87}
[TEST] {68} tested=69/69 | kept=8 | rest=390
[TEST] {70} tested=35/35 | kept=7 | rest=358
[WARN] batch start failed | size=34 {74} | split=17 {88} + 17 {89}
[WARN] batch start failed | size=35 {76} | split=17 {90} + 18 {91}
[TEST] {73} tested=35/35 | kept=6 | rest=308
[WARN] batch start failed | size=18 {79} | split=9 {92} + 9 {93}
[WARN] batch start failed | size=17 {78} | split=8 {94} + 9 {95}
[TEST] {75} tested=35/35 | kept=1 | rest=275
[WARN] batch start failed | size=18 {81} | split=9 {96} + 9 {97}
[WARN] batch start failed | size=35 {82} | split=17 {98} + 18 {99}
[TEST] {77} tested=35/35 | kept=1 | rest=266
[TEST] {80} tested=17/17 | kept=0 | rest=245
[WARN] batch start failed | size=18 {85} | split=9 {100} + 9 {101}
[TEST] {84} tested=17/17 | kept=17 | rest=244
[WARN] batch start failed | size=18 {87} | split=9 {102} + 9 {103}
[WARN] batch start failed | size=17 {88} | split=8 {104} + 9 {105}
[TEST] {83} tested=35/35 | kept=0 | rest=191
[TEST] {86} tested=17/17 | kept=0 | rest=173
[WARN] batch start failed | size=17 {90} | split=8 {106} + 9 {107}
[TEST] {89} tested=17/17 | kept=0 | rest=161
[WARN] batch start failed | size=9 {92} | split=4 {108} + 5 {109}
[WARN] batch start failed | size=8 {94} | split=4 {110} + 4 {111}
[TEST] {91} tested=18/18 | kept=0 | rest=156
[WARN] batch start failed | size=9 {96} | split=4 {112} + 5 {113}
[TEST] {97} tested=9/9 | kept=0 | rest=146
[WARN] batch start failed | size=17 {98} | split=8 {114} + 9 {115}
[TEST] {93} tested=9/9 | kept=0 | rest=138
[TEST] {100} tested=9/9 | kept=9 | rest=129
[WARN] batch start failed | size=9 {101} | split=4 {116} + 5 {117}
[TEST] {95} tested=9/9 | kept=0 | rest=121
[WARN] batch start failed | size=9 {102} | split=4 {118} + 5 {119}
[WARN] batch start failed | size=9 {105} | split=4 {120} + 5 {121}
[TEST] {99} tested=18/18 | kept=0 | rest=98
[TEST] {103} tested=9/9 | kept=1 | rest=84
[WARN] batch start failed | size=8 {106} | split=4 {122} + 4 {123}
[TEST] {104} tested=8/8 | kept=0 | rest=79
[WARN] batch start failed | size=4 {108} | split=2 {124} + 2 {125}
[WARN] batch start failed | size=5 {109} | split=2 {126} + 3 {127}
[WARN] batch start failed | size=4 {110} | split=2 {128} + 2 {129}
[WARN] batch start failed | size=4 {111} | split=2 {130} + 2 {131}
[TEST] {107} tested=9/9 | kept=0 | rest=78
[WARN] batch start failed | size=4 {112} | split=2 {132} + 2 {133}
[WARN] batch start failed | size=5 {113} | split=2 {134} + 3 {135}
[WARN] batch start failed | size=8 {114} | split=4 {136} + 4 {137}
[WARN] batch start failed | size=5 {117} | split=2 {138} + 3 {139}
[TEST] {116} tested=4/4 | kept=4 | rest=72
[WARN] batch start failed | size=5 {119} | split=2 {140} + 3 {141}
[WARN] batch start failed | size=4 {120} | split=2 {142} + 2 {143}
[TEST] {115} tested=9/9 | kept=1 | rest=60
[TEST] {118} tested=4/4 | kept=0 | rest=59
[WARN] batch start failed | size=4 {122} | split=2 {144} + 2 {145}
[WARN] batch start failed | size=2 {124} | split=1 {146} + 1 {147}
[WARN] batch start failed | size=2 {125} | split=1 {148} + 1 {149}
[TEST] {121} tested=5/5 | kept=0 | rest=54
[WARN] batch start failed | size=2 {126} | split=1 {150} + 1 {151}
[TEST] {123} tested=4/4 | kept=0 | rest=49
[WARN] batch start failed | size=2 {129} | split=1 {152} + 1 {153}
[WARN] batch start failed | size=2 {130} | split=1 {154} + 1 {155}
[WARN] batch start failed | size=2 {131} | split=1 {156} + 1 {157}
[WARN] batch start failed | size=2 {132} | split=1 {158} + 1 {159}
[TEST] {127} tested=3/3 | kept=0 | rest=48
[WARN] batch start failed | size=2 {133} | split=1 {160} + 1 {161}
[TEST] {128} tested=2/2 | kept=0 | rest=47
[WARN] batch start failed | size=2 {134} | split=1 {162} + 1 {163}
[WARN] batch start failed | size=4 {136} | split=2 {164} + 2 {165}
[TEST] {135} tested=3/3 | kept=0 | rest=44
[WARN] batch start failed | size=3 {139} | split=1 {166} + 2 {167}
[WARN] batch start failed | size=2 {140} | split=1 {168} + 1 {169}
[TEST] {138} tested=2/2 | kept=2 | rest=41
[WARN] batch start failed | size=2 {142} | split=1 {170} + 1 {171}
[TEST] {137} tested=4/4 | kept=0 | rest=37
[WARN] batch start failed | size=2 {144} | split=1 {172} + 1 {173}
[TEST] {141} tested=3/3 | kept=0 | rest=35
[TEST] {143} tested=2/2 | kept=0 | rest=32
[REPAIR] name=[ChromeGO-Merge] WARP {147} | fields=dialer-proxy
[REPAIR] name=[ChromeGO-Merge] United {148} | fields=up,down
[TEST] {147} tested=1/1 | kept=1 | rest=31
[REPAIR] name=[ChromeGO-Merge] France_hysteria_1 {149} | fields=up,down
[REPAIR] name=[ChromeGO-Merge] United-2 {150} | fields=up,down
[TEST] {151} tested=1/1 | kept=0 | rest=30
[TEST] {145} tested=2/2 | kept=0 | rest=29
[TEST] {152} tested=1/1 | kept=0 | rest=28
[REPAIR] name=[ChromeGO-ShiteThings] hysteria {153} | fields=up,down
[TEST] {146} tested=1/1 | kept=0 | rest=27
[REPAIR] name=[ChromeGO-ShiteThings] hysteria-2 {154} | fields=up,down
[REPAIR] name=[ChromeGO-ShiteThings] hysteria-3 {155} | fields=up,down
[REPAIR] name=[ChromeGO-ShiteThings] hysteria-5 {157} | fields=up,down
[REPAIR] name=[ChromeGO-ShiteThings] hysteria-4 {156} | fields=up,down
[REPAIR] name=[ChromeGO-Merge] Taiwan {158} | fields=up,down
[TEST] {153} tested=1/1 | kept=0 | rest=26
[TEST] {155} tested=1/1 | kept=0 | rest=25
[REPAIR] name=[ChromeGO-Merge] France {159} | fields=up,down
[REPAIR] name=[ChromeGO-Merge] United-4 {160} | fields=up,down
[TEST] {154} tested=1/1 | kept=0 | rest=24
[REPAIR] name=[ChromeGO-Merge] Taiwan-2 {161} | fields=up,down
[TEST] {158} tested=1/1 | kept=0 | rest=23
[TEST] {156} tested=1/1 | kept=0 | rest=22
[REPAIR] name=[ChromeGO-Merge] United-5 {162} | fields=up,down
[WARN] batch start failed | size=2 {165} | split=1 {174} + 1 {175}
[TEST] {161} tested=1/1 | kept=0 | rest=21
[TEST] {163} tested=1/1 | kept=0 | rest=20
[TEST] {148} tested=1/1 | kept=0 | rest=19
[WARN] batch start failed | size=2 {167} | split=1 {176} + 1 {177}
[TEST] {166} tested=1/1 | kept=1 | rest=18
[TEST] {149} tested=1/1 | kept=0 | rest=17
[REPAIR] name=[Pawdroid-SS-APK] United+Kingdom-3 {169} | fields=cipher
[TEST] {150} tested=1/1 | kept=0 | rest=16
[TEST] {168} tested=1/1 | kept=1 | rest=14
[TEST] {157} tested=1/1 | kept=0 | rest=13
[REPAIR] name=[Epodonios] EPODONIOS-100 {171} | fields=cipher
[TEST] {159} tested=1/1 | kept=0 | rest=12
[TEST] {160} tested=1/1 | kept=0 | rest=11
[DROP] name=[Epodonios] EPODONIOS-230 {173} | server=194.93.61.120:443 | reason=Parse config error: proxy 0: 'reality-opts' has unset fields: public-key
[TEST] {162} tested=1/1 | kept=0 | rest=9
[TEST] {164} tested=2/2 | kept=1 | rest=8
[REPAIR] name=[Free-clash-v2ray] hysteria {175} | fields=up,down
[TEST] {175} tested=1/1 | kept=0 | rest=7
[TEST] {170} tested=1/1 | kept=0 | rest=6
[TEST] {169} tested=1/1 | kept=0 | rest=5
[TEST] {176} tested=1/1 | kept=1 | rest=4
[DROP] name=[Pawdroid-SR-APK] 沙特阿拉伯+Arabic+Computer+System+Co. {177} | server=85.209.157.184:8388 | reason=Parse config error: proxy 0: ss 85.209.157.184:8388 cipher: mnv{v]ʉ \t>\x0f\x18\t,y initialize error: unknown method: mnv{v]ʉ \t>\x0f\x18\t,y
[TEST] {171} tested=1/1 | kept=0 | rest=2
[TEST] {172} tested=1/1 | kept=0 | rest=1
[TEST] {174} tested=1/1 | kept=0 | rest=0
[INFO] dropped=2 | [Epodonios] × 1 | [Pawdroid-SR-APK] × 1
============================================================
[INFO] cap live | source=[免费节点2] | from=127 | to=50
[INFO] cap live | source=[免费节点8] | from=166 | to=50
[INFO] cap live | source=[Pawdroid-SR-APK] | from=487 | to=50
[INFO] cap live | source=[Pawdroid-SS-APK] | from=105 | to=50
[INFO] cap live | source=[Epodonios] | from=54 | to=50
[INFO] cap live | source=[Free-clash-v2ray] | from=1090 | to=50
[INFO] cap live | source=[V2rayclashfree-RSS] | from=113 | to=50
[INFO] cap live total | from=581 | to=400 | floor=5 | by=health_score
[INFO] cap live | reserved=114 | pool=467 | taken=286
============================================================
+------------------------------+--------+--------+------+--------+
| source                       |    raw | unique | live | capped |
+------------------------------+--------+--------+------+--------+
| [大FQ运动]                   |     14 |     14 |    4 |      4 |
+------------------------------+--------+--------+------+--------+
| [Pawdroid]                   |     22 |     21 |    1 |      1 |
+------------------------------+--------+--------+------+--------+
| [FreeV2-Base64]              |      3 |      3 |    3 |      3 |
+------------------------------+--------+--------+------+--------+
| [Bocchi2b-Base64]            |     35 |     35 |    0 |      0 |
+------------------------------+--------+--------+------+--------+
| [ChromeGO-Toolkit]           |     14 |     14 |    5 |      5 |
+------------------------------+--------+--------+------+--------+
| [ChromeGO-ShiteThings]       |     31 |     25 |    7 |      5 |
+------------------------------+--------+--------+------+--------+
| [ChromeGO-Merge]             |    109 |    109 |    4 |      4 |
+------------------------------+--------+--------+------+--------+
| [Freesocks]                  |      1 |      1 |    0 |      0 |
+------------------------------+--------+--------+------+--------+
| [NekoWarp]                   |     10 |     10 |    8 |      8 |
+------------------------------+--------+--------+------+--------+
| [1VPN-CRX]                   |     17 |     17 |   14 |      5 |
+------------------------------+--------+--------+------+--------+
| [OpenRunner-RSS]             |     11 |      0 |    0 |      0 |
+------------------------------+--------+--------+------+--------+
| [V2Rayshare-RSS]             |     22 |     22 |    1 |      1 |
+------------------------------+--------+--------+------+--------+
| [Mibei77-RSS]                |    110 |     92 |    4 |      4 |
+------------------------------+--------+--------+------+--------+
| [Yoyapai-RSS]                |    227 |    200 |   12 |      8 |
+------------------------------+--------+--------+------+--------+
| [免费节点1]                  |    151 |     54 |   11 |      5 |
+------------------------------+--------+--------+------+--------+
| [免费节点2]                  |    369 |    296 |  127 |     20 |
+------------------------------+--------+--------+------+--------+
| [免费节点3]                  |     50 |     18 |   14 |      7 |
+------------------------------+--------+--------+------+--------+
| [免费节点4]                  |    818 |    715 |   40 |     28 |
+------------------------------+--------+--------+------+--------+
| [免费节点5]                  |     29 |     28 |    0 |      0 |
+------------------------------+--------+--------+------+--------+
| [免费节点6]                  |   1653 |   1608 |   44 |     24 |
+------------------------------+--------+--------+------+--------+
| [免费节点7]                  |     64 |     18 |    2 |      2 |
+------------------------------+--------+--------+------+--------+
| [免费节点8]                  |   4272 |   3361 |  166 |     50 |
+------------------------------+--------+--------+------+--------+
| [免费节点9]                  |    615 |    457 |    0 |      0 |
+------------------------------+--------+--------+------+--------+
| [免费节点10]                 |   5529 |   3083 |   15 |      5 |
+------------------------------+--------+--------+------+--------+
| [免费节点11]                 |    404 |    220 |   22 |      5 |
+------------------------------+--------+--------+------+--------+
| [Pawdroid-SR-APK]            |   1122 |    783 |  487 |     50 |
+------------------------------+--------+--------+------+--------+
| [Pawdroid-SS-APK]            |   1514 |    935 |  105 |     50 |
+------------------------------+--------+--------+------+--------+
| [Clashfree]                  |    190 |     47 |   20 |      5 |
+------------------------------+--------+--------+------+--------+
| [Epodonios]                  |   4101 |   2520 |   54 |     25 |
+------------------------------+--------+--------+------+--------+
| [Free-clash-v2ray]           |   5220 |   2999 | 1090 |     50 |
+------------------------------+--------+--------+------+--------+
| [V2rayclashfree-RSS]         |   1192 |    152 |  113 |     26 |
+------------------------------+--------+--------+------+--------+
============================================================
[SUMMARY] total_nodes=27919
[SUMMARY] legal_candidates=17857
[SUMMARY] passed_latency_test=400
[SUMMARY] region_HK=7 | region_JP=16 | region_US=166
[SUMMARY] avg_latency_ms=189.17
[SUMMARY] output=/home/runner/work/Free-node-autotest/Free-node-autotest/output/clash.yaml
============================================================
