============================================================
[INFO] sublink try page: https://end-gfw.com
[WARN] sublink page failed: https://end-gfw.com failed to fetch https://end-gfw.com: HTTPSConnectionPool(host='end-gfw.com', port=443): Read timed out.
[INFO] source try url: https://end-gfw.com/ss-key
[WARN] source=[大FQ运动] skipped url=https://end-gfw.com/ss-key error=failed to fetch https://end-gfw.com/ss-key: 522 Server Error: <none> for url: https://end-gfw.com/ss-key
[INFO] sublink try repo: https://github.com/hello-world-1989/cn-news
[INFO] sublink try page: https://raw.githubusercontent.com/hello-world-1989/cn-news/main/README.md
[OK] proxies=2 new=2 url=https://raw.githubusercontent.com/hello-world-1989/cn-news/refs/heads/main/clash.yaml
[OK] proxies=2 new=0 url=https://raw.githubusercontent.com/hello-world-1989/cn-news/main/end-gfw-together
[OK] proxies=6 new=6 url=https://raw.githubusercontent.com/hello-world-1989/v2-sub/main/end-gfw-together-af3e13
[WARN] source=[大FQ运动] few proxies found=8 raw=10
[INFO] source=[大FQ运动] reused previous raw file=797390789268-raw-0731-20260921.yaml stamp=202609210731
[OK] proxies=10 source=[大FQ运动] url=https://raw.githubusercontent.com/hello-world-1989/cn-news/main/README.md
============================================================
[INFO] sublink try repo: https://github.com/Pawdroid/Free-servers
[INFO] sublink try page: https://raw.githubusercontent.com/Pawdroid/Free-servers/main/README.md
[OK] proxies=20 new=20 url=https://raw.githubusercontent.com/Pawdroid/Free-servers/main/README.md
[OK] proxies=20 new=0 url=https://raw.githubusercontent.com/Pawdroid/Free-servers/main/sub
[OK] proxies=1 new=1 url=https://apps.apple.com/cn/app/shadowshare/id1612647259
[OK] proxies=1 new=1 url=http://www.surflare.com
[OK] proxies=22 source=[Pawdroid] url=https://raw.githubusercontent.com/Pawdroid/Free-servers/main/README.md
============================================================
[INFO] source try url: https://xmxosfepggzm.503403.xyz
[OK] proxies=2 new=2 url=https://xmxosfepggzm.503403.xyz
[OK] proxies=2 source=[FreeV2-Base64] url=https://xmxosfepggzm.503403.xyz
============================================================
[INFO] source try url: https://links.bocchi2b.top/clash
[OK] proxies=35 new=35 url=https://links.bocchi2b.top/clash
[OK] proxies=35 source=[Bocchi2b-Base64] url=https://links.bocchi2b.top/clash
============================================================
[INFO] toolkit try repo: https://github.com/bannedbook/fanqiang
[INFO] toolkit try release: https://github.com/bannedbook/fanqiang/releases
[INFO] toolkit try release: https://github.com/bannedbook/fanqiang/releases/expanded_assets/ChromeGo-latest
[INFO] toolkit try download: https://github.com/bannedbook/fanqiang/releases/download/ChromeGo-latest/ChromeGo.7z
[OK] toolkit downloaded: ChromeGo.7z bytes=100924352
[OK] toolkit extracted archive=ChromeGo.7z tool=7z files=222 dirs=45
[OK] toolkit discovered subs=107 embedded=12 archive=ChromeGo.7z
[OK] proxies=6 new=6 embedded=archive-config
[OK] proxies=7 new=5 url=https://gitlab.com/free9999/ipupdate/master/backup/img/1/2/{ipp|ip}/{hysteria2|singbox|naiveproxy|hysteria|xray}/{2|3|1|4}/config.json
[OK] proxies=7 new=0 url=https://www.67867867.xyz/Alvin9999/PAC/refs/heads/master/backup/img/1/2/{ipp|ip}/{hysteria2|singbox|naiveproxy|hysteria|xray}/{2|3|1|4}/config.json
[OK] proxies=3 new=3 url=https://gitlab.com/free9999/ipupdate/master/backup/img/1/2/{ipp|ip}/clash.meta2/{2|3|1|5|4|6}/config.yaml
[OK] proxies=3 new=0 url=https://www.67867867.xyz/Alvin9999/PAC/refs/heads/master/backup/img/1/2/{ipp|ip}/clash.meta2/{2|3|1|5|4|6}/config.yaml
[OK] proxies=14 source=[ChromeGO-Toolkit] url=https://github.com/bannedbook/fanqiang/releases/download/ChromeGo-latest/ChromeGo.7z
============================================================
[INFO] sublink try repo: https://github.com/ShiteThings/extractNodes
[INFO] sublink try page: https://raw.githubusercontent.com/ShiteThings/extractNodes/main/README.md
[OK] proxies=31 new=30 url=https://{chg26.makou.cc.cd|chg64.makou.cc.cd}
[OK] proxies=26 new=1 url=https://chg26.makou.cc.cd/sb
[OK] proxies=31 source=[ChromeGO-ShiteThings] url=https://raw.githubusercontent.com/ShiteThings/extractNodes/main/README.md
============================================================
[INFO] sublink try repo: https://github.com/shangui999/chromego_merge
[INFO] sublink try page: https://raw.githubusercontent.com/shangui999/chromego_merge/master/ReadMe.md
[OK] proxies=10 new=10 url=https://freedman.netlify.app/sub/merged_proxies_new.yaml
[OK] proxies=11 new=1 url=https://freedman.netlify.app/sub/merged_warp_proxies_new.yaml
[OK] proxies=11 new=6 url=https://freedman.netlify.app/sub/shadowrocket_base64.txt
[OK] proxies=16 new=16 url=https://freedman.netlify.app/sub/sb.json
[INFO] sublink try repo: https://github.com/yaney01/chromego
[INFO] sublink try page: https://raw.githubusercontent.com/yaney01/chromego/main/ReadMe.md
[OK] proxies=50 new=46 url=https://raw.githubusercontent.com/yaney01/chromego/main/sub/merged_proxies_new.yaml
[OK] proxies=51 new=0 url=https://raw.githubusercontent.com/yaney01/chromego/main/sub/merged_warp_proxies_new.yaml
[OK] proxies=13 new=7 url=https://raw.githubusercontent.com/yaney01/chromego/main/sub/shadowrocket_base64.txt
[OK] proxies=13 new=0 url=https://raw.githubusercontent.com/yaney01/chromego/main/sub/sb.json
[INFO] sublink try repo: https://github.com/Misaka-blog/chromego_merge
[INFO] sublink try page: https://raw.githubusercontent.com/Misaka-blog/chromego_merge/main/README.md
[OK] proxies=31 new=31 url=https://chromego-sub.netlify.app/sub/merged_proxies_new.yaml
[OK] proxies=117 source=[ChromeGO-Merge] url=https://raw.githubusercontent.com/Misaka-blog/chromego_merge/main/README.md
============================================================
[INFO] source try url: https://freesocks.org/api/v1/sub/02b897e8e77f19176b0b9f2c75864b00
[OK] proxies=1 new=1 url=https://freesocks.org/api/v1/sub/02b897e8e77f19176b0b9f2c75864b00
[OK] proxies=1 source=[Freesocks] url=https://freesocks.org/api/v1/sub/02b897e8e77f19176b0b9f2c75864b00
============================================================
[INFO] source try url: https://neko-warp.nloli.xyz/neko_warp.yaml
[OK] proxies=10 new=10 url=https://neko-warp.nloli.xyz/neko_warp.yaml
[OK] proxies=10 source=[NekoWarp] url=https://neko-warp.nloli.xyz/neko_warp.yaml
============================================================
[INFO] toolkit try chrome: https://chromewebstore.google.com/detail/free-vpn-proxy-1vpn/akcocjjpkmlniicdeemdceeajlmoabhg
[INFO] toolkit try download: https://clients2.google.com/service/update2/crx?response=redirect&prodversion=131.0.6778.0&acceptformat=crx2,crx3&x=id%3dakcocjjpkmlniicdeemdceeajlmoabhg%26uc
[OK] toolkit downloaded: free-vpn-proxy-1vpn.crx bytes=1627904
[OK] toolkit extracted archive=free-vpn-proxy-1vpn.crx tool=zipfile files=68 dirs=57
[OK] toolkit 1vpn-crx scanned hosts=17 keys=1 archive=free-vpn-proxy-1vpn.crx
[OK] proxies=17 source=[1VPN-CRX] url=https://clients2.google.com/service/update2/crx?response=redirect&prodversion=131.0.6778.0&acceptformat=crx2,crx3&x=id%3dakcocjjpkmlniicdeemdceeajlmoabhg%26uc
============================================================
[INFO] article try feed: https://free.datiya.com/index.xml
[INFO] sublink try page: https://free.datiya.com/post/20260921/
[OK] proxies=14 new=14 url=https://free.datiya.com/uploads/20260921-clash.yaml
[OK] proxies=14 source=[OpenRunner-RSS] url=https://free.datiya.com/post/20260921/
============================================================
[WARN] article discovery failed: https://v2rayshare.com
[INFO] sublink try repo: https://github.com/firefoxmmx2/v2rayshare_subcription
[INFO] sublink try page: https://raw.githubusercontent.com/firefoxmmx2/v2rayshare_subcription/main/README.md
[OK] proxies=27 new=27 url=https://{raw.githubusercontent.com|cdn.jsdelivr.net}/firefoxmmx2/v2rayshare_subcription/main/subscription/vray_sub.txt
[OK] proxies=27 new=0 url=https://{raw.githubusercontent.com|cdn.jsdelivr.net}/firefoxmmx2/v2rayshare_subcription/main/subscription/clash_sub.yaml
[OK] proxies=27 new=0 url=https://{raw.githubusercontent.com|cdn.jsdelivr.net}/firefoxmmx2/v2rayshare_subcription/main/subscription/mihomo_sub.yaml
[OK] proxies=27 source=[V2Rayshare-RSS] url=https://raw.githubusercontent.com/firefoxmmx2/v2rayshare_subcription/main/README.md
============================================================
[INFO] article try feed: https://www.mibei77.com/feed
[INFO] sublink try page: https://www.mibei77.com/686.html
[OK] proxies=192 new=192 url=https://mm.mibei77.com/202609/09.2164bavgb.txt
[OK] proxies=190 new=0 url=https://mm.mibei77.com/202609/0921Clashijz.yaml
[OK] proxies=192 source=[Mibei77-RSS] url=https://www.mibei77.com/686.html
============================================================
[INFO] article try feed: https://yoyapai.com/feed
[INFO] sublink try page: https://yoyapai.com/728
[OK] proxies=1 new=1 url=https://yoyapai.com/728
[OK] proxies=215 new=215 url=https://freenode.yoyapai.com/2026/09/21-yoyapai.com-clash-vpnmianfeijiedian.yaml
[OK] proxies=215 new=0 url=https://freenode.yoyapai.com/2026/09/21-yoyapai.com-ssrv2ray-vpnmianfeijiedian.txt
[OK] proxies=216 source=[Yoyapai-RSS] url=https://yoyapai.com/728
============================================================
[INFO] sublink try repo: https://github.com/free18/v2ray
[INFO] sublink try page: https://raw.githubusercontent.com/free18/v2ray/main/README.md
[OK] proxies=3 new=3 url=https://raw.githubusercontent.com/free18/v2ray/main/README.md
[OK] proxies=204 new=204 url=https://ghfast.top/https://raw.githubusercontent.com/free18/v2ray/refs/heads/main/v.txt
[OK] proxies=204 new=0 url=https://ghfast.top/https://raw.githubusercontent.com/free18/v2ray/refs/heads/main/c.yaml
[OK] proxies=207 source=[免费节点1] url=https://raw.githubusercontent.com/free18/v2ray/main/README.md
============================================================
[INFO] sublink try repo: https://github.com/ermaozi/get_subscribe
[INFO] sublink try page: https://raw.githubusercontent.com/ermaozi/get_subscribe/main/README.md
[INFO] sublink file_nodes=0 bare links=9
[OK] proxies=381 new=381 url=https://www.ermao.net/sub/{clash|v2ray}/ermao.net
[OK] proxies=371 new=0 url=https://www.ermao.net/sub/{reachable|unreachable|untested}/clash/ermao.net
[OK] proxies=381 source=[免费节点2] url=https://raw.githubusercontent.com/ermaozi/get_subscribe/main/README.md
============================================================
[INFO] sublink try repo: https://github.com/sunmiao4458/free-proxy-airport
[INFO] sublink try page: https://raw.githubusercontent.com/sunmiao4458/free-proxy-airport/main/README.md
[OK] proxies=53 new=53 url=https://sunmiao4458.github.io/free-proxy-airport/clash.yaml
[OK] proxies=53 source=[免费节点3] url=https://raw.githubusercontent.com/sunmiao4458/free-proxy-airport/main/README.md
============================================================
[INFO] sublink try repo: https://github.com/mfuu/FreeProxies
[INFO] sublink try page: https://raw.githubusercontent.com/mfuu/FreeProxies/master/README.md
[OK] proxies=839 new=839 url=https://raw.githubusercontent.com/mfuu/FreeProxies/master/sub.yaml
[OK] proxies=839 source=[免费节点4] url=https://raw.githubusercontent.com/mfuu/FreeProxies/master/README.md
============================================================
[INFO] sublink try repo: https://github.com/vxiaov/free_proxies
[INFO] sublink try page: https://raw.githubusercontent.com/vxiaov/free_proxies/main/README.md
[OK] proxies=1 new=1 url=https://raw.githubusercontent.com/vxiaov/free_proxies/main/README.md
[OK] proxies=28 new=28 url=https://{cdn.jsdelivr.net|raw.githubusercontent.com}/vxiaov/free_proxies/main/clash/clash.provider.yaml
[OK] proxies=29 source=[免费节点5] url=https://raw.githubusercontent.com/vxiaov/free_proxies/main/README.md
============================================================
[INFO] sublink try repo: https://github.com/anaer/Sub
[INFO] sublink try page: https://raw.githubusercontent.com/anaer/Sub/main/README.MD
[OK] proxies=1593 new=1593 url=https://anaer.github.io/Sub/clash.yaml
[OK] proxies=1593 new=0 url=https://raw.githubusercontent.com/anaer/Sub/main/clash.yaml
[OK] proxies=1593 source=[免费节点6] url=https://raw.githubusercontent.com/anaer/Sub/main/README.MD
============================================================
[INFO] sublink try repo: https://github.com/snakem982/proxypool
[INFO] sublink try page: https://raw.githubusercontent.com/snakem982/proxypool/main/README.md
[OK] proxies=63 new=63 url=https://raw.githubusercontent.com/snakem982/proxypool/main/source/clash-meta-2.yaml
[OK] proxies=60 new=0 url=https://raw.githubusercontent.com/snakem982/proxypool/main/source/v2ray-2.txt
[OK] proxies=58 new=0 url=https://raw.githubusercontent.com/snakem982/proxypool/main/source/sing-box-2.json
[OK] proxies=63 source=[免费节点7] url=https://raw.githubusercontent.com/snakem982/proxypool/main/README.md
============================================================
[INFO] sublink try repo: https://github.com/mahdibland/V2RayAggregator
[INFO] sublink try page: https://raw.githubusercontent.com/mahdibland/V2RayAggregator/master/README.md
[OK] proxies=378 new=378 url=https://raw.githubusercontent.com/mahdibland/V2RayAggregator/master/README.md
[OK] proxies=1 new=1 url=https://github.com/mahdibland/SSAggregator/actions/workflows/Collector.yml
[OK] proxies=1 new=0 url=https://github.com/mahdibland/SSAggregator/actions/workflows/Airport_Collector.yml
[OK] proxies=198 new=0 url=https://raw.githubusercontent.com/mahdibland/ShadowsocksAggregator/master/Eternity.txt
[OK] proxies=199 new=4 url=https://raw.githubusercontent.com/mahdibland/ShadowsocksAggregator/master/Eternity.yml
[OK] proxies=61 new=61 url=https://raw.githubusercontent.com/mahdibland/ShadowsocksAggregator/master/EternityAir.txt
[OK] proxies=3956 new=3666 url=https://raw.githubusercontent.com/mahdibland/SSAggregator/master/sub/sub_merge_base64.txt
[OK] proxies=3956 new=0 url=https://raw.githubusercontent.com/mahdibland/{SSAggregator|ShadowsocksAggregator}/master/sub/sub_merge.txt
[OK] proxies=4127 new=172 url=https://raw.githubusercontent.com/mahdibland/SSAggregator/master/sub/sub_merge_yaml.yml
[OK] proxies=61 new=0 url=https://raw.githubusercontent.com/mahdibland/SSAggregator/master/sub/airport_merge_base64.txt
[OK] proxies=61 new=0 url=https://raw.githubusercontent.com/mahdibland/SSAggregator/master/sub/airport_sub_merge.txt
[OK] proxies=1439 new=0 url=https://raw.githubusercontent.com/mahdibland/ShadowsocksAggregator/master/sub/splitted/vmess.txt
[OK] proxies=633 new=0 url=https://raw.githubusercontent.com/mahdibland/ShadowsocksAggregator/master/sub/splitted/trojan.txt
[OK] proxies=46 new=0 url=https://raw.githubusercontent.com/mahdibland/ShadowsocksAggregator/master/sub/splitted/ssr.txt
[OK] proxies=1839 new=0 url=https://raw.githubusercontent.com/mahdibland/ShadowsocksAggregator/master/sub/splitted/ss.txt
[OK] proxies=1 new=0 url=https://cdn.jsdelivr.net/gh/mahdibland/V2RayAggregator@master/update/provider/provider-meta.yml
[OK] proxies=1 new=0 url=https://cdn.jsdelivr.net/gh/mahdibland/V2RayAggregator@master/update/provider/provider-meta-cn.yml
[OK] proxies=1 new=0 url=https://cdn.jsdelivr.net/gh/mahdibland/V2RayAggregator@master/update/provider/provider-meta-others.yml
[OK] proxies=1 new=0 url=https://cdn.jsdelivr.net/gh/mahdibland/V2RayAggregator@master/update/provider/provider.yml
[OK] proxies=1 new=0 url=https://cdn.jsdelivr.net/gh/mahdibland/V2RayAggregator@master/update/provider/provider-cn.yml
[OK] proxies=1 new=0 url=https://cdn.jsdelivr.net/gh/mahdibland/V2RayAggregator@master/update/provider/provider-others.yml
[OK] proxies=4282 source=[免费节点8] url=https://raw.githubusercontent.com/mahdibland/V2RayAggregator/master/README.md
============================================================
[INFO] sublink try repo: https://github.com/w1770946466/Auto_proxy
[INFO] sublink try page: https://raw.githubusercontent.com/w1770946466/Auto_proxy/main/README.md
[OK] proxies=1 new=1 url=https://github.com/w1770946466/Auto_proxy/actions/workflows/main.yml
[OK] proxies=245 new=245 url=https://raw.githubusercontent.com/w1770946466/Auto_proxy/main/{Long_term_subscription2.yaml|Long_term_subscription1.yaml|Long_term_subscription3.yaml}
[OK] proxies=489 new=54 url=https://raw.githubusercontent.com/w1770946466/Auto_proxy/main/{Long_term_subscription1|Long_term_subscription2|Long_term_subscription3|Long_term_subscription4|Long_term_subscription5|Long_term_subscription6|Long_term_subscription7|Long_term_subscription8}
[OK] proxies=489 new=315 url=https://raw.githubusercontent.com/w1770946466/Auto_proxy/main/Long_term_subscription_num
[OK] proxies=615 source=[免费节点9] url=https://raw.githubusercontent.com/w1770946466/Auto_proxy/main/README.md
============================================================
[INFO] sublink try repo: https://github.com/PuddinCat/BestClash
[INFO] sublink try page: https://raw.githubusercontent.com/PuddinCat/BestClash/main/README.md
[OK] proxies=16 new=16 url=https://raw.githubusercontent.com/PuddinCat/BestClash/main/proxies.yaml
[OK] proxies=28 new=28 url=https://cdn.jsdelivr.net/gh/vxiaov/free_proxies@main/clash/clash.provider.yaml
[OK] proxies=24 new=24 url=https://freenode.openrunner.net/uploads/20240807-clash.yaml
[OK] proxies=31 new=31 url=https://raw.githubusercontent.com/Misaka-blog/chromego_merge/main/sub/merged_proxies_new.yaml
[OK] proxies=4740 new=4711 url=https://raw.githubusercontent.com/{NiceVPN123|anaer}/{NiceVPN|Sub}/main/{Clash.yaml|clash.yaml}
[OK] proxies=31 new=7 url=https://raw.githubusercontent.com/{chengaopan|peasoft}/{AutoMergePublicNodes|NoMoreWalls}/master/list.yml
[OK] proxies=371 new=332 url=https://raw.githubusercontent.com/{ermaozi|ermaozi01}/{get_subscribe|free_clash_vpn}/main/subscribe/clash.yml
[OK] proxies=199 new=168 url=https://raw.githubusercontent.com/mahdibland/ShadowsocksAggregator/master/Eternity.yml
[OK] proxies=165 new=160 url=https://raw.githubusercontent.com/ronghuaxueleng/get_v2/main/pub/combine.yaml
[OK] proxies=144 new=3 url=https://raw.githubusercontent.com/zhangkaiitugithub/passcro/main/speednodes.yaml
[OK] proxies=5480 source=[免费节点10] url=https://raw.githubusercontent.com/PuddinCat/BestClash/main/README.md
============================================================
[INFO] sublink try repo: https://github.com/kooker/FreeSubsCheck
[INFO] sublink try page: https://raw.githubusercontent.com/kooker/FreeSubsCheck/main/README.md
[OK] proxies=61 new=61 url=https://raw.githubusercontent.com/kooker/FreeSubsCheck/main/mihomo.yaml
[OK] proxies=61 new=0 url=https://raw.githubusercontent.com/kooker/FreeSubsCheck/main/all.yaml
[OK] proxies=59 new=2 url=https://raw.githubusercontent.com/kooker/FreeSubsCheck/main/base64.txt
[OK] proxies=31 new=16 url=https://raw.githubusercontent.com/kooker/FreeSubsCheck/main/byxiaoxi.txt
[OK] proxies=471 new=465 url=https://raw.githubusercontent.com/kooker/FreeSubsCheck/main/kooker.jp.txt
[OK] proxies=544 source=[免费节点11] url=https://raw.githubusercontent.com/kooker/FreeSubsCheck/main/README.md
============================================================
[INFO] toolkit try repo: https://github.com/Pawdroid/shadowrocket_for_android
[INFO] toolkit try release: https://github.com/Pawdroid/shadowrocket_for_android/releases
[INFO] toolkit try release: https://github.com/Pawdroid/shadowrocket_for_android/releases/expanded_assets/10.10.51
[INFO] toolkit try download: https://github.com/Pawdroid/shadowrocket_for_android/releases/download/10.10.51/Shadowrocket_10.10.51_shadowrocketStandard_arm64-v8a.apk
[OK] toolkit downloaded: Shadowrocket_10.10.51_shadowrocketStandard_arm64-v8a.apk bytes=41111539
[OK] toolkit extracted archive=Shadowrocket_10.10.51_shadowrocketStandard_arm64-v8a.apk tool=zipfile files=1175 dirs=44
[OK] toolkit sr-apk scanned prefixes=36 files=6 keys=2 archive=Shadowrocket_10.10.51_shadowrocketStandard_arm64-v8a.apk
[OK] proxies=1273 new=1064 url=https://{raw.githubusercontent.com|cdn.jsdelivr.net}/pixelor/ecfg/main/data/ecfg6_zh
[OK] proxies=1273 new=209 url=https://{cdn.jsdelivr.net|raw.githubusercontent.com}/pixelor/ecfg/main/data/ecfg6_en
[OK] proxies=249 new=91 url=https://{cdn.jsdelivr.net|raw.githubusercontent.com}/pixelor/ecfg/main/data/ecfg6
[OK] proxies=204 new=0 url=https://{cdn.shadowrockets.app|files.shadowrockets.app}/ecfg/data/ecfg6
[OK] proxies=1064 new=0 url=https://{files.shadowrockets.app|cdn.shadowrockets.app}/ecfg/data/ecfg6_en
[OK] proxies=1064 new=0 url=https://{files.shadowrockets.app|cdn.shadowrockets.app}/ecfg/data/ecfg6_zh
[OK] proxies=1364 source=[Pawdroid-SR-APK] url=https://github.com/Pawdroid/shadowrocket_for_android/releases/download/10.10.51/Shadowrocket_10.10.51_shadowrocketStandard_arm64-v8a.apk
============================================================
[INFO] toolkit try page: https://shadowshare.v2cross.com
[INFO] toolkit try download: https://shadowshare.v2cross.com/shadowshare.apk
[OK] toolkit downloaded: shadowshare.apk bytes=62868122
[OK] toolkit extracted archive=shadowshare.apk tool=zipfile files=612 dirs=39
[OK] toolkit ss-apk scanned prefixes=10 files=3 keys=1 archive=shadowshare.apk
[OK] proxies=1386 new=1386 url=https://{raw.githubusercontent.com|jsd.onmicrosoft.cn}/hideme9527/ecsfg/main/data/sareserver_en
[OK] proxies=267 new=160 url=https://{raw.githubusercontent.com|jsd.onmicrosoft.cn}/hideme9527/ecsfg/main/data/sareserver
[OK] proxies=177 new=0 url=https://{shadowsharing.com|sare.159236.xyz}/data/sareserver
[OK] proxies=1386 new=0 url=https://{shadowsharing.com|sare.159236.xyz}/data/sareserver_en
[OK] proxies=177 new=0 url=https://gitee.com/api/v5/repos/{guoyoucai1|elvenapp|zhiminghao}/ecsfg/raw/data/sareserver
[OK] proxies=1386 new=0 url=https://gitee.com/api/v5/repos/{zhiminghao|guoyoucai1|elvenapp}/ecsfg/raw/data/sareserver_en
[OK] proxies=1546 source=[Pawdroid-SS-APK] url=https://shadowshare.v2cross.com/shadowshare.apk
============================================================
[INFO] sublink try repo: https://github.com/free-nodes/clashfree
[INFO] sublink try page: https://raw.githubusercontent.com/free-nodes/clashfree/main/README.md
[OK] proxies=1373 new=1373 url=https://raw.githubusercontent.com/free-nodes/clashfree/main/README.md
[OK] proxies=1373 new=0 url=https://raw.githubusercontent.com/free-nodes/clashfree/main/clash20260921.yml
[OK] proxies=1 new=1 url=https://github.com/free-nodes/clashfree/blob/main/clash20260921.yml
[OK] proxies=1374 source=[Clashfree] url=https://raw.githubusercontent.com/free-nodes/clashfree/main/README.md
============================================================
[INFO] sublink try repo: https://github.com/Epodonios/v2ray-configs
[INFO] sublink try page: https://raw.githubusercontent.com/Epodonios/v2ray-configs/main/README.md
[OK] proxies=1 new=1 url=https://github.com/Epodonios/V2ray-Configs/actions/workflows/main.yml
[OK] proxies=4153 new=4153 url=https://github.com/Epodonios/v2ray-configs/raw/main/All_Configs_Sub.txt
[OK] proxies=4153 new=0 url=https://github.com/Epodonios/v2ray-configs/raw/main/All_Configs_base64_Sub.txt
[OK] proxies=3309 new=97 url=https://github.com/Epodonios/v2ray-configs/raw/main/Splitted-By-Protocol/vless.txt
[OK] proxies=165 new=13 url=https://github.com/Epodonios/v2ray-configs/raw/main/Splitted-By-Protocol/vmess.txt
[OK] proxies=405 new=15 url=https://github.com/Epodonios/v2ray-configs/raw/main/Splitted-By-Protocol/ss.txt
[OK] proxies=198 new=6 url=https://github.com/Epodonios/v2ray-configs/raw/main/Splitted-By-Protocol/trojan.txt
[OK] proxies=4153 new=0 url=https://raw.githubusercontent.com/Epodonios/v2ray-configs/main/{Sub1.txt|Sub2.txt|Sub3.txt|Sub4.txt|Sub5.txt|Sub6.txt|Sub7.txt|Sub8.txt}
[OK] proxies=4285 source=[Epodonios] url=https://raw.githubusercontent.com/Epodonios/v2ray-configs/main/README.md
============================================================
[INFO] sublink try repo: https://github.com/free-clash-v2ray/free-clash-v2ray.github.io
[INFO] sublink try page: https://raw.githubusercontent.com/free-clash-v2ray/free-clash-v2ray.github.io/main/README.md
[OK] proxies=3279 new=3279 url=https://free-clash-v2ray.github.io/uploads/2026/09/{0-20260920.yaml|1-20260920.yaml|2-20260920.yaml|3-20260920.yaml}
[OK] proxies=4810 new=1941 url=https://free-clash-v2ray.github.io/uploads/2026/09/{0-20260920.txt|1-20260920.txt|2-20260920.txt|3-20260920.txt|4-20260920.txt}
[OK] proxies=5220 source=[Free-clash-v2ray] url=https://raw.githubusercontent.com/free-clash-v2ray/free-clash-v2ray.github.io/main/README.md
============================================================
[INFO] article try page: https://v2rayclashfree.com
[INFO] sublink try page: https://v2rayclashfree.com/fn/20260921.html
[OK] proxies=1482 new=1482 url=https://v2rayclashfree.com/sub/20260921-v2ray.txt
[OK] proxies=1192 new=384 url=https://v2rayclashfree.com/sub/20260921-clash.yaml
[OK] proxies=1866 source=[V2rayclashfree-RSS] url=https://v2rayclashfree.com/fn/20260921.html
============================================================
[INFO] raw backup written path=/home/runner/work/Free-node-autotest/Free-node-autotest/output/raw.yaml proxies=30451
[INFO] toolkit try repo: https://github.com/MetaCubeX/mihomo
[INFO] toolkit try release: https://github.com/MetaCubeX/mihomo/releases
[INFO] toolkit try release: https://github.com/MetaCubeX/mihomo/releases/expanded_assets/v1.19.31
[INFO] toolkit try download: https://github.com/MetaCubeX/mihomo/releases/download/v1.19.31/mihomo-linux-amd64-compatible-v1.19.31.gz
[OK] toolkit downloaded: mihomo-linux-amd64-compatible-v1.19.31.gz bytes=22821836
[OK] toolkit sha256 verified: mihomo-linux-amd64-compatible-v1.19.31.gz sha256=04cf9f09671704f839ddbee2e93069dc831a4123a75281e725d1d96ab9ac1afc
[OK] proxy engine ready: starting latency test package=mihomo-linux-amd64-compatible-v1.19.31.gz
============================================================
[WARN] batch start failed size=17989 {1} split -> 8994 {2} + 8995 {3}
[WARN] batch start failed size=8994 {2} split -> 4497 {4} + 4497 {5}
[WARN] batch start failed size=8995 {3} split -> 4497 {6} + 4498 {7}
[WARN] batch start failed size=4497 {4} split -> 2248 {8} + 2249 {9}
[WARN] batch start failed size=4497 {6} split -> 2248 {10} + 2249 {11}
[WARN] batch start failed size=4498 {7} split -> 2249 {12} + 2249 {13}
[WARN] batch start failed size=2248 {8} split -> 1124 {14} + 1124 {15}
[TEST] {5} tested 100/4497 kept=0 rest=17825
[TEST] {10} tested 100/2248 kept=0 rest=17695
[TEST] {10} tested 200/2248 kept=0 rest=17562
[TEST] {10} tested 300/2248 kept=0 rest=17442
[TEST] {5} tested 200/4497 kept=20 rest=17362
[TEST] {9} tested 100/2249 kept=0 rest=17319
[TEST] {9} tested 200/2249 kept=12 rest=17213
[TEST] {9} tested 300/2249 kept=13 rest=17104
[TEST] {5} tested 300/4497 kept=83 rest=16978
[TEST] {10} tested 400/2248 kept=0 rest=16892
[TEST] {10} tested 500/2248 kept=0 rest=16759
[TEST] {5} tested 400/4497 kept=135 rest=16702
[TEST] {10} tested 600/2248 kept=0 rest=16579
[TEST] {9} tested 400/2249 kept=21 rest=16488
[TEST] {9} tested 500/2249 kept=25 rest=16385
[TEST] {9} tested 600/2249 kept=37 rest=16284
[TEST] {9} tested 700/2249 kept=41 rest=16181
[TEST] {10} tested 700/2248 kept=0 rest=16091
[TEST] {10} tested 800/2248 kept=0 rest=15980
[TEST] {5} tested 500/4497 kept=144 rest=15946
[TEST] {10} tested 900/2248 kept=0 rest=15826
[TEST] {10} tested 1000/2248 kept=0 rest=15668
[TEST] {5} tested 600/4497 kept=144 rest=15597
[TEST] {9} tested 800/2249 kept=54 rest=15555
[TEST] {10} tested 1100/2248 kept=0 rest=15318
[TEST] {5} tested 700/4497 kept=144 rest=15285
[TEST] {9} tested 900/2249 kept=65 rest=15189
[TEST] {10} tested 1200/2248 kept=5 rest=15169
[TEST] {9} tested 1000/2249 kept=73 rest=15050
[TEST] {9} tested 1100/2249 kept=130 rest=14944
[TEST] {10} tested 1300/2248 kept=12 rest=14788
[TEST] {5} tested 800/4497 kept=144 rest=14749
[TEST] {10} tested 1400/2248 kept=14 rest=14627
[TEST] {10} tested 1500/2248 kept=78 rest=14478
[TEST] {9} tested 1200/2249 kept=136 rest=14405
[TEST] {10} tested 1600/2248 kept=158 rest=14281
[TEST] {5} tested 900/4497 kept=144 rest=14127
[TEST] {10} tested 1700/2248 kept=212 rest=14115
[TEST] {10} tested 1800/2248 kept=284 rest=13960
[TEST] {10} tested 1900/2248 kept=352 rest=13852
[TEST] {10} tested 2000/2248 kept=427 rest=13735
[TEST] {9} tested 1300/2249 kept=136 rest=13701
[TEST] {10} tested 2100/2248 kept=483 rest=13609
[TEST] {9} tested 1400/2249 kept=136 rest=13439
[TEST] {10} tested 2200/2248 kept=552 rest=13403
[TEST] {5} tested 1000/4497 kept=144 rest=13338
[TEST] {9} tested 1500/2249 kept=136 rest=13170
[TEST] {10} tested 2248/2248 kept=568 rest=13139
[WARN] batch start failed size=2249 {11} split -> 1124 {16} + 1125 {17}
[TEST] {5} tested 1100/4497 kept=144 rest=13049
[TEST] {9} tested 1600/2249 kept=136 rest=12955
[TEST] {5} tested 1200/4497 kept=144 rest=12904
[TEST] {12} tested 100/2249 kept=1 rest=12836
[TEST] {12} tested 200/2249 kept=4 rest=12718
[TEST] {9} tested 1700/2249 kept=136 rest=12535
[TEST] {12} tested 300/2249 kept=6 rest=12487
[TEST] {5} tested 1300/4497 kept=144 rest=12422
[TEST] {12} tested 400/2249 kept=9 rest=12289
[TEST] {12} tested 500/2249 kept=20 rest=12140
[TEST] {9} tested 1800/2249 kept=136 rest=12086
[TEST] {12} tested 600/2249 kept=26 rest=11931
[TEST] {5} tested 1400/4497 kept=144 rest=11831
[TEST] {12} tested 700/2249 kept=26 rest=11709
[TEST] {9} tested 1900/2249 kept=136 rest=11693
[TEST] {12} tested 800/2249 kept=27 rest=11587
[TEST] {12} tested 900/2249 kept=30 rest=11410
[TEST] {9} tested 2000/2249 kept=136 rest=11357
[TEST] {5} tested 1500/4497 kept=144 rest=11244
[TEST] {12} tested 1000/2249 kept=40 rest=11143
[TEST] {12} tested 1100/2249 kept=42 rest=11008
[TEST] {9} tested 2100/2249 kept=136 rest=10873
[TEST] {12} tested 1200/2249 kept=44 rest=10808
[TEST] {5} tested 1600/4497 kept=144 rest=10748
[TEST] {5} tested 1700/4497 kept=144 rest=10601
[TEST] {5} tested 1800/4497 kept=144 rest=10491
[TEST] {12} tested 1300/2249 kept=59 rest=10437
[TEST] {12} tested 1400/2249 kept=62 rest=10313
[TEST] {9} tested 2200/2249 kept=136 rest=10296
[TEST] {12} tested 1500/2249 kept=72 rest=10171
[TEST] {9} tested 2249/2249 kept=136 rest=10126
[TEST] {5} tested 1900/4497 kept=144 rest=10015
[TEST] {5} tested 2000/4497 kept=144 rest=9904
[TEST] {5} tested 2100/4497 kept=144 rest=9800
[TEST] {12} tested 1600/2249 kept=75 rest=9746
[WARN] batch start failed size=2249 {13} split -> 1124 {18} + 1125 {19}
[TEST] {5} tested 2200/4497 kept=144 rest=9657
[TEST] {5} tested 2300/4497 kept=144 rest=9526
[WARN] batch start failed size=1124 {14} split -> 562 {20} + 562 {21}
[TEST] {12} tested 1700/2249 kept=75 rest=9479
[TEST] {12} tested 1800/2249 kept=92 rest=9354
[TEST] {12} tested 1900/2249 kept=97 rest=9231
[TEST] {5} tested 2400/4497 kept=144 rest=9120
[TEST] {5} tested 2500/4497 kept=144 rest=9017
[TEST] {15} tested 100/1124 kept=2 rest=8814
[TEST] {12} tested 2000/2249 kept=112 rest=8784
[TEST] {5} tested 2600/4497 kept=150 rest=8656
[TEST] {12} tested 2100/2249 kept=191 rest=8634
[TEST] {12} tested 2200/2249 kept=264 rest=8532
[TEST] {5} tested 2700/4497 kept=151 rest=8413
[TEST] {15} tested 200/1124 kept=2 rest=8294
[TEST] {15} tested 300/1124 kept=34 rest=8193
[TEST] {12} tested 2249/2249 kept=277 rest=8137
[WARN] batch start failed size=1124 {16} split -> 562 {22} + 562 {23}
[TEST] {5} tested 2800/4497 kept=151 rest=8089
[WARN] batch start failed size=1125 {17} split -> 562 {24} + 563 {25}
[TEST] {18} tested 100/1124 kept=85 rest=7902
[TEST] {18} tested 200/1124 kept=173 rest=7799
[TEST] {18} tested 300/1124 kept=257 rest=7699
[TEST] {15} tested 400/1124 kept=39 rest=7579
[TEST] {18} tested 400/1124 kept=349 rest=7546
[TEST] {18} tested 500/1124 kept=437 rest=7382
[TEST] {18} tested 600/1124 kept=511 rest=7258
[TEST] {15} tested 500/1124 kept=39 rest=7203
[TEST] {5} tested 2900/4497 kept=151 rest=7157
[TEST] {18} tested 700/1124 kept=589 rest=7137
[TEST] {18} tested 800/1124 kept=666 rest=7020
[TEST] {18} tested 900/1124 kept=733 rest=6908
[TEST] {18} tested 1000/1124 kept=804 rest=6796
[TEST] {18} tested 1100/1124 kept=876 rest=6589
[TEST] {5} tested 3000/4497 kept=152 rest=6559
[TEST] {15} tested 600/1124 kept=40 rest=6509
[TEST] {5} tested 3100/4497 kept=152 rest=6404
[TEST] {15} tested 700/1124 kept=41 rest=6315
[TEST] {18} tested 1124/1124 kept=884 rest=6220
[TEST] {15} tested 800/1124 kept=41 rest=6182
[WARN] batch start failed size=1125 {19} split -> 562 {26} + 563 {27}
[TEST] {5} tested 3200/4497 kept=152 rest=6103
[WARN] batch start failed size=562 {20} split -> 281 {28} + 281 {29}
[TEST] {5} tested 3300/4497 kept=152 rest=5898
[TEST] {15} tested 900/1124 kept=42 rest=5826
[TEST] {21} tested 100/562 kept=20 rest=5759
[TEST] {15} tested 1000/1124 kept=42 rest=5707
[TEST] {5} tested 3400/4497 kept=152 rest=5450
[TEST] {21} tested 200/562 kept=103 rest=5353
[TEST] {5} tested 3500/4497 kept=152 rest=5261
[TEST] {15} tested 1100/1124 kept=42 rest=5246
[TEST] {15} tested 1124/1124 kept=42 rest=5214
[WARN] batch start failed size=562 {22} split -> 281 {30} + 281 {31}
[TEST] {21} tested 300/562 kept=109 rest=5166
[TEST] {23} tested 100/562 kept=35 rest=4973
[TEST] {5} tested 3600/4497 kept=152 rest=4970
[TEST] {21} tested 400/562 kept=138 rest=4785
[TEST] {5} tested 3700/4497 kept=155 rest=4650
[TEST] {23} tested 200/562 kept=48 rest=4613
[TEST] {23} tested 300/562 kept=59 rest=4480
[TEST] {5} tested 3800/4497 kept=156 rest=4335
[TEST] {21} tested 500/562 kept=158 rest=4333
[TEST] {21} tested 562/562 kept=158 rest=4243
[TEST] {23} tested 400/562 kept=76 rest=4197
[TEST] {5} tested 3900/4497 kept=156 rest=3996
[TEST] {23} tested 500/562 kept=88 rest=3953
[TEST] {5} tested 4000/4497 kept=158 rest=3868
[TEST] {24} tested 100/562 kept=14 rest=3716
[TEST] {24} tested 200/562 kept=15 rest=3593
[TEST] {5} tested 4100/4497 kept=158 rest=3513
[TEST] {24} tested 300/562 kept=15 rest=3472
[TEST] {24} tested 400/562 kept=15 rest=3349
[TEST] {23} tested 562/562 kept=89 rest=3296
[TEST] {24} tested 500/562 kept=20 rest=3179
[TEST] {5} tested 4200/4497 kept=158 rest=3167
[WARN] batch start failed size=563 {25} split -> 281 {32} + 282 {33}
[TEST] {5} tested 4300/4497 kept=158 rest=3053
[TEST] {26} tested 100/562 kept=61 rest=2927
[TEST] {26} tested 200/562 kept=134 rest=2818
[TEST] {26} tested 300/562 kept=204 rest=2712
[TEST] {26} tested 400/562 kept=267 rest=2608
[TEST] {26} tested 500/562 kept=335 rest=2496
[TEST] {5} tested 4400/4497 kept=158 rest=2404
[TEST] {24} tested 562/562 kept=29 rest=2373
[WARN] batch start failed size=563 {27} split -> 281 {34} + 282 {35}
[WARN] batch start failed size=281 {28} split -> 140 {36} + 141 {37}
[TEST] {26} tested 562/562 kept=346 rest=2222
[TEST] {29} tested 100/281 kept=45 rest=2164
[TEST] {29} tested 200/281 kept=86 rest=1972
[TEST] {30} tested 100/281 kept=47 rest=1958
[TEST] {5} tested 4497/4497 kept=158 rest=1840
[TEST] {30} tested 200/281 kept=107 rest=1826
[WARN] batch start failed size=281 {31} split -> 140 {38} + 141 {39}
[WARN] batch start failed size=281 {32} split -> 140 {40} + 141 {41}
[TEST] {33} tested 100/282 kept=0 rest=1683
[TEST] {29} tested 281/281 kept=109 rest=1526
[TEST] {30} tested 281/281 kept=134 rest=1468
[WARN] batch start failed size=281 {34} split -> 140 {42} + 141 {43}
[TEST] {35} tested 100/282 kept=58 rest=1391
[WARN] batch start failed size=140 {36} split -> 70 {44} + 70 {45}
[WARN] batch start failed size=141 {37} split -> 70 {46} + 71 {47}
[TEST] {33} tested 200/282 kept=0 rest=1321
[TEST] {39} tested 100/141 kept=41 rest=1132
[TEST] {35} tested 200/282 kept=146 rest=1081
[TEST] {33} tested 282/282 kept=0 rest=1075
[WARN] batch start failed size=140 {38} split -> 70 {48} + 70 {49}
[WARN] batch start failed size=140 {40} split -> 70 {50} + 70 {51}
[TEST] {35} tested 282/282 kept=156 rest=916
[TEST] {39} tested 141/141 kept=63 rest=905
[WARN] batch start failed size=140 {42} split -> 70 {52} + 70 {53}
[TEST] {43} tested 100/141 kept=84 rest=783
[TEST] {41} tested 100/141 kept=5 rest=744
[TEST] {41} tested 141/141 kept=5 rest=699
[WARN] batch start failed size=70 {45} split -> 35 {54} + 35 {55}
[WARN] batch start failed size=70 {46} split -> 35 {56} + 35 {57}
[TEST] {43} tested 141/141 kept=102 rest=637
[TEST] {44} tested 70/70 kept=7 rest=595
[WARN] batch start failed size=70 {48} split -> 35 {58} + 35 {59}
[TEST] {47} tested 71/71 kept=29 rest=470
[WARN] batch start failed size=70 {51} split -> 35 {60} + 35 {61}
[WARN] batch start failed size=70 {52} split -> 35 {62} + 35 {63}
[TEST] {49} tested 70/70 kept=35 rest=422
[TEST] {50} tested 70/70 kept=0 rest=368
[WARN] batch start failed size=35 {54} split -> 17 {64} + 18 {65}
[WARN] batch start failed size=35 {55} split -> 17 {66} + 18 {67}
[WARN] batch start failed size=35 {57} split -> 17 {68} + 18 {69}
[TEST] {53} tested 70/70 kept=59 rest=292
[WARN] batch start failed size=35 {58} split -> 17 {70} + 18 {71}
[WARN] batch start failed size=17 {70} split -> 8 {72} + 9 {73}
[WARN] batch start failed size=35 {61} split -> 17 {74} + 18 {75}
[WARN] batch start failed size=35 {62} split -> 17 {76} + 18 {77}
[TEST] {56} tested 35/35 kept=0 rest=284
[TEST] {59} tested 35/35 kept=13 rest=280
[WARN] batch start failed size=18 {65} split -> 9 {78} + 9 {79}
[WARN] batch start failed size=17 {66} split -> 8 {80} + 9 {81}
[TEST] {63} tested 35/35 kept=33 rest=225
[TEST] {64} tested 17/17 kept=6 rest=224
[WARN] batch start failed size=17 {68} split -> 8 {82} + 9 {83}
[TEST] {67} tested 18/18 kept=0 rest=191
[TEST] {69} tested 18/18 kept=0 rest=179
[TEST] {60} tested 35/35 kept=0 rest=155
[WARN] batch start failed size=9 {73} split -> 4 {84} + 5 {85}
[TEST] {71} tested 18/18 kept=0 rest=134
[WARN] batch start failed size=18 {75} split -> 9 {86} + 9 {87}
[WARN] batch start failed size=17 {76} split -> 8 {88} + 9 {89}
[TEST] {77} tested 18/18 kept=17 rest=111
[TEST] {72} tested 8/8 kept=0 rest=100
[WARN] batch start failed size=9 {79} split -> 4 {90} + 5 {91}
[TEST] {74} tested 17/17 kept=0 rest=88
[WARN] batch start failed size=8 {80} split -> 4 {92} + 4 {93}
[WARN] batch start failed size=9 {81} split -> 4 {94} + 5 {95}
[WARN] batch start failed size=9 {83} split -> 4 {96} + 5 {97}
[WARN] batch start failed size=4 {84} split -> 2 {98} + 2 {99}
[TEST] {78} tested 9/9 kept=3 rest=81
[WARN] batch start failed size=9 {86} split -> 4 {100} + 5 {101}
[TEST] {82} tested 8/8 kept=0 rest=73
[WARN] batch start failed size=8 {88} split -> 4 {102} + 4 {103}
[TEST] {85} tested 5/5 kept=0 rest=69
[TEST] {87} tested 9/9 kept=0 rest=55
[WARN] batch start failed size=5 {91} split -> 2 {104} + 3 {105}
[TEST] {89} tested 9/9 kept=9 rest=53
[WARN] batch start failed size=4 {92} split -> 2 {106} + 2 {107}
[TEST] {90} tested 4/4 kept=3 rest=52
[WARN] batch start failed size=5 {95} split -> 2 {108} + 3 {109}
[WARN] batch start failed size=4 {96} split -> 2 {110} + 2 {111}
[WARN] batch start failed size=5 {97} split -> 2 {112} + 3 {113}
[WARN] batch start failed size=2 {98} split -> 1 {114} + 1 {115}
[TEST] {93} tested 4/4 kept=0 rest=48
[TEST] {94} tested 4/4 kept=0 rest=43
[WARN] batch start failed size=5 {101} split -> 2 {116} + 3 {117}
[WARN] batch start failed size=4 {103} split -> 2 {118} + 2 {119}
[TEST] {99} tested 2/2 kept=0 rest=40
[TEST] {100} tested 4/4 kept=0 rest=35
[WARN] batch start failed size=3 {105} split -> 1 {120} + 2 {121}
[WARN] batch start failed size=2 {106} split -> 1 {122} + 1 {123}
[TEST] {102} tested 4/4 kept=2 rest=33
[WARN] batch start failed size=2 {108} split -> 1 {124} + 1 {125}
[WARN] batch start failed size=3 {109} split -> 1 {126} + 2 {127}
[TEST] {104} tested 2/2 kept=0 rest=30
[WARN] batch start failed size=2 {111} split -> 1 {128} + 1 {129}
[WARN] batch start failed size=2 {112} split -> 1 {130} + 1 {131}
[WARN] batch start failed size=3 {113} split -> 1 {132} + 2 {133}
[TEST] {107} tested 2/2 kept=0 rest=29
[TEST] {114} tested 1/1 kept=0 rest=28
[REPAIR] {115} name=[Pawdroid-SS-APK] United+Kingdom-2 fields=cipher
[WARN] batch start failed size=3 {117} split -> 1 {134} + 2 {135}
[TEST] {110} tested 2/2 kept=0 rest=26
[TEST] {115} tested 1/1 kept=1 rest=25
[WARN] batch start failed size=2 {118} split -> 1 {136} + 1 {137}
[TEST] {119} tested 2/2 kept=2 rest=23
[WARN] batch start failed size=2 {121} split -> 1 {138} + 1 {139}
[REPAIR] {120} name=[ChromeGO-ShiteThings] hysteria fields=up,down
[REPAIR] {122} name=[ChromeGO-ShiteThings] hysteria-4 fields=up,down
[REPAIR] {123} name=[ChromeGO-ShiteThings] hysteria-5 fields=up,down
[REPAIR] {124} name=[ChromeGO-Merge] WARP fields=dialer-proxy
[TEST] {122} tested 1/1 kept=0 rest=22
[REPAIR] {125} name=[ChromeGO-Merge] United fields=up,down
[TEST] {120} tested 1/1 kept=0 rest=21
[WARN] batch start failed size=2 {127} split -> 1 {140} + 1 {141}
[TEST] {124} tested 1/1 kept=1 rest=20
[REPAIR] {126} name=[ChromeGO-Merge] France_hysteria_1 fields=up,down
[REPAIR] {129} name=[ChromeGO-Merge] Taiwan fields=up,down
[REPAIR] {130} name=[ChromeGO-Merge] France fields=up,down
[TEST] {129} tested 1/1 kept=0 rest=19
[REPAIR] {131} name=[ChromeGO-Merge] United-4 fields=up,down
[WARN] batch start failed size=2 {133} split -> 1 {142} + 1 {143}
[TEST] {116} tested 2/2 kept=0 rest=18
[REPAIR] {132} name=[ChromeGO-Merge] Taiwan-2 fields=up,down
[WARN] batch start failed size=2 {135} split -> 1 {144} + 1 {145}
[TEST] {132} tested 1/1 kept=0 rest=17
[TEST] {136} tested 1/1 kept=1 rest=16
[REPAIR] {137} name=[Free-clash-v2ray] hysteria fields=up,down
[REPAIR] {138} name=[ChromeGO-ShiteThings] hysteria-2 fields=up,down
[TEST] {137} tested 1/1 kept=0 rest=15
[TEST] {123} tested 1/1 kept=0 rest=14
[REPAIR] {139} name=[ChromeGO-ShiteThings] hysteria-3 fields=up,down
[TEST] {125} tested 1/1 kept=0 rest=13
[TEST] {138} tested 1/1 kept=0 rest=12
[TEST] {139} tested 1/1 kept=0 rest=11
[TEST] {126} tested 1/1 kept=0 rest=10
[TEST] {128} tested 1/1 kept=0 rest=9
[REPAIR] {140} name=[ChromeGO-Merge] United-2 fields=up,down
[TEST] {130} tested 1/1 kept=0 rest=8
[TEST] {141} tested 1/1 kept=0 rest=7
[TEST] {131} tested 1/1 kept=0 rest=6
[REPAIR] {142} name=[ChromeGO-Merge] United-5 fields=up,down
[TEST] {143} tested 1/1 kept=0 rest=5
[REPAIR] {144} name=[Epodonios] EPODONIOS-95 fields=cipher
[TEST] {134} tested 1/1 kept=0 rest=4
[TEST] {145} tested 1/1 kept=0 rest=3
[TEST] {140} tested 1/1 kept=0 rest=2
[TEST] {142} tested 1/1 kept=0 rest=1
[TEST] {144} tested 1/1 kept=0 rest=0
============================================================
[INFO] core-dedupe dropped 1 same-host variants, kept higher health_score
[INFO] cap live source=[Mibei77-RSS] from 103 to 50 by health_score
[INFO] cap live source=[免费节点2] from 126 to 50 by health_score
[INFO] cap live source=[Pawdroid-SS-APK] from 215 to 50 by health_score
[INFO] cap live source=[免费节点6] from 79 to 50 by health_score
[INFO] cap live source=[免费节点8] from 203 to 50 by health_score
[INFO] cap live source=[Pawdroid-SR-APK] from 655 to 50 by health_score
[INFO] cap live source=[Epodonios] from 107 to 50 by health_score
[INFO] cap live source=[Free-clash-v2ray] from 1637 to 50 by health_score
[INFO] cap live source=[V2rayclashfree-RSS] from 149 to 50 by health_score
[INFO] cap live total from 652 to 400 floor=5 then health_score pool
[INFO] cap live reserved=112 pool=540 taken=288
============================================================
+------------------------------+--------+--------+------+--------+
| source                       |    raw | unique | live | capped |
+------------------------------+--------+--------+------+--------+
| [大FQ运动]                   |     10 |     10 |    1 |      1 |
+------------------------------+--------+--------+------+--------+
| [Pawdroid]                   |     22 |     21 |    4 |      4 |
+------------------------------+--------+--------+------+--------+
| [FreeV2-Base64]              |      2 |      2 |    2 |      2 |
+------------------------------+--------+--------+------+--------+
| [Bocchi2b-Base64]            |     35 |     35 |    0 |      0 |
+------------------------------+--------+--------+------+--------+
| [ChromeGO-Toolkit]           |     14 |     14 |    5 |      5 |
+------------------------------+--------+--------+------+--------+
| [ChromeGO-ShiteThings]       |     31 |     25 |    7 |      5 |
+------------------------------+--------+--------+------+--------+
| [ChromeGO-Merge]             |    117 |    117 |    7 |      5 |
+------------------------------+--------+--------+------+--------+
| [Freesocks]                  |      1 |      1 |    0 |      0 |
+------------------------------+--------+--------+------+--------+
| [NekoWarp]                   |     10 |     10 |   10 |      8 |
+------------------------------+--------+--------+------+--------+
| [1VPN-CRX]                   |     17 |     17 |   11 |      5 |
+------------------------------+--------+--------+------+--------+
| [OpenRunner-RSS]             |     14 |      0 |    0 |      0 |
+------------------------------+--------+--------+------+--------+
| [V2Rayshare-RSS]             |     27 |     26 |    2 |      2 |
+------------------------------+--------+--------+------+--------+
| [Mibei77-RSS]                |    192 |    182 |  103 |      5 |
+------------------------------+--------+--------+------+--------+
| [Yoyapai-RSS]                |    216 |    198 |   13 |      9 |
+------------------------------+--------+--------+------+--------+
| [免费节点1]                  |    207 |     27 |    2 |      2 |
+------------------------------+--------+--------+------+--------+
| [免费节点2]                  |    381 |    322 |  126 |     22 |
+------------------------------+--------+--------+------+--------+
| [免费节点3]                  |     53 |     27 |   23 |      8 |
+------------------------------+--------+--------+------+--------+
| [免费节点4]                  |    839 |    715 |   39 |      5 |
+------------------------------+--------+--------+------+--------+
| [免费节点5]                  |     29 |     28 |    0 |      0 |
+------------------------------+--------+--------+------+--------+
| [免费节点6]                  |   1593 |   1544 |   79 |     49 |
+------------------------------+--------+--------+------+--------+
| [免费节点7]                  |     63 |     10 |    1 |      1 |
+------------------------------+--------+--------+------+--------+
| [免费节点8]                  |   4282 |   3393 |  203 |     16 |
+------------------------------+--------+--------+------+--------+
| [免费节点9]                  |    615 |    457 |    0 |      0 |
+------------------------------+--------+--------+------+--------+
| [免费节点10]                 |   5480 |   3079 |   14 |      5 |
+------------------------------+--------+--------+------+--------+
| [免费节点11]                 |    544 |    276 |   47 |      8 |
+------------------------------+--------+--------+------+--------+
| [Pawdroid-SR-APK]            |   1364 |    970 |  655 |     50 |
+------------------------------+--------+--------+------+--------+
| [Pawdroid-SS-APK]            |   1546 |    932 |  215 |     50 |
+------------------------------+--------+--------+------+--------+
| [Clashfree]                  |   1374 |    525 |   15 |      5 |
+------------------------------+--------+--------+------+--------+
| [Epodonios]                  |   4285 |   2539 |  107 |     50 |
+------------------------------+--------+--------+------+--------+
| [Free-clash-v2ray]           |   5220 |   2262 | 1637 |     50 |
+------------------------------+--------+--------+------+--------+
| [V2rayclashfree-RSS]         |   1866 |    225 |  149 |     28 |
+------------------------------+--------+--------+------+--------+
============================================================
[SUMMARY] total_nodes=30449
[SUMMARY] legal_candidates=17989
[SUMMARY] passed_latency_test=400
[SUMMARY] region_HK=6 region_JP=4 region_US=150
[SUMMARY] avg_latency_ms=160.46
[SUMMARY] output=/home/runner/work/Free-node-autotest/Free-node-autotest/output/clash.yaml
============================================================
