============================================================
[INFO] sublink try page: https://end-gfw.com
[OK] proxies=2 new=2 url=https://raw.githubusercontent.com/hello-world-1989/cn-news/refs/heads/main/clash.yaml
[OK] proxies=2 new=0 url=https://raw.githubusercontent.com/hello-world-1989/cn-news/main/end-gfw-together
[OK] proxies=2 new=2 url=https://raw.githubusercontent.com/hello-world-1989/cn-news/main/end-gfw-together-ss
[INFO] source try url: https://end-gfw.com/ss-key
[OK] proxies=4 new=4 url=https://end-gfw.com/ss-key
[INFO] sublink try repo: https://github.com/hello-world-1989/cn-news
[INFO] sublink try page: https://raw.githubusercontent.com/hello-world-1989/cn-news/main/README.md
[OK] proxies=6 new=6 url=https://raw.githubusercontent.com/hello-world-1989/v2-sub/main/end-gfw-together-af3e13
[OK] proxies=14 source=[大FQ运动] url=https://raw.githubusercontent.com/hello-world-1989/cn-news/main/README.md
============================================================
[INFO] sublink try repo: https://github.com/Pawdroid/Free-servers
[INFO] sublink try page: https://raw.githubusercontent.com/Pawdroid/Free-servers/main/README.md
[OK] proxies=17 new=17 url=https://raw.githubusercontent.com/Pawdroid/Free-servers/main/README.md
[OK] proxies=20 new=18 url=https://raw.githubusercontent.com/Pawdroid/Free-servers/main/sub
[OK] proxies=1 new=1 url=https://apps.apple.com/cn/app/shadowshare/id1612647259
[OK] proxies=36 source=[Pawdroid] url=https://raw.githubusercontent.com/Pawdroid/Free-servers/main/README.md
============================================================
[INFO] source try url: https://xmxosfepggzm.503403.xyz
[OK] proxies=2 new=2 url=https://xmxosfepggzm.503403.xyz
[OK] proxies=2 source=[FreeV2-Base64] url=https://xmxosfepggzm.503403.xyz
============================================================
[INFO] source try url: https://links.bocchi2b.top/clash
[OK] proxies=35 new=35 url=https://links.bocchi2b.top/clash
[OK] proxies=35 source=[Bocchi2b-Base64] url=https://links.bocchi2b.top/clash
============================================================
[INFO] toolkit try repo: https://github.com/bannedbook/fanqiang
[INFO] toolkit try release: https://github.com/bannedbook/fanqiang/releases
[INFO] toolkit try release: https://github.com/bannedbook/fanqiang/releases/expanded_assets/ChromeGo-latest
[INFO] toolkit try download: https://github.com/bannedbook/fanqiang/releases/download/ChromeGo-latest/ChromeGo.7z
[OK] toolkit downloaded: ChromeGo.7z bytes=100924352
[OK] toolkit extracted archive=ChromeGo.7z tool=7z files=222 dirs=45
[OK] toolkit discovered subs=107 embedded=12 archive=ChromeGo.7z
[OK] proxies=6 new=6 embedded=archive-config
[OK] proxies=7 new=5 url=https://gitlab.com/free9999/ipupdate/master/backup/img/1/2/{ipp|ip}/{hysteria2|singbox|naiveproxy|hysteria|xray}/{2|3|1|4}/config.json
[OK] proxies=7 new=0 url=https://www.67867867.xyz/Alvin9999/PAC/refs/heads/master/backup/img/1/2/{ipp|ip}/{hysteria2|singbox|naiveproxy|hysteria|xray}/{2|3|1|4}/config.json
[OK] proxies=3 new=3 url=https://gitlab.com/free9999/ipupdate/master/backup/img/1/2/{ipp|ip}/clash.meta2/{2|3|1|5|4|6}/config.yaml
[OK] proxies=3 new=0 url=https://www.67867867.xyz/Alvin9999/PAC/refs/heads/master/backup/img/1/2/{ipp|ip}/clash.meta2/{2|3|1|5|4|6}/config.yaml
[OK] proxies=14 source=[ChromeGO-Toolkit] url=https://github.com/bannedbook/fanqiang/releases/download/ChromeGo-latest/ChromeGo.7z
============================================================
[INFO] sublink try repo: https://github.com/ShiteThings/extractNodes
[INFO] sublink try page: https://raw.githubusercontent.com/ShiteThings/extractNodes/main/README.md
[OK] proxies=31 new=30 url=https://{chg26.makou.cc.cd|chg64.makou.cc.cd}
[OK] proxies=26 new=1 url=https://chg26.makou.cc.cd/sb
[OK] proxies=31 source=[ChromeGO-ShiteThings] url=https://raw.githubusercontent.com/ShiteThings/extractNodes/main/README.md
============================================================
[INFO] sublink try repo: https://github.com/shangui999/chromego_merge
[INFO] sublink try page: https://raw.githubusercontent.com/shangui999/chromego_merge/master/ReadMe.md
[OK] proxies=10 new=10 url=https://freedman.netlify.app/sub/merged_proxies_new.yaml
[OK] proxies=11 new=1 url=https://freedman.netlify.app/sub/merged_warp_proxies_new.yaml
[OK] proxies=11 new=6 url=https://freedman.netlify.app/sub/shadowrocket_base64.txt
[OK] proxies=16 new=16 url=https://freedman.netlify.app/sub/sb.json
[INFO] sublink try repo: https://github.com/yaney01/chromego
[INFO] sublink try page: https://raw.githubusercontent.com/yaney01/chromego/main/ReadMe.md
[OK] proxies=50 new=46 url=https://raw.githubusercontent.com/yaney01/chromego/main/sub/merged_proxies_new.yaml
[OK] proxies=51 new=0 url=https://raw.githubusercontent.com/yaney01/chromego/main/sub/merged_warp_proxies_new.yaml
[OK] proxies=13 new=7 url=https://raw.githubusercontent.com/yaney01/chromego/main/sub/shadowrocket_base64.txt
[OK] proxies=13 new=0 url=https://raw.githubusercontent.com/yaney01/chromego/main/sub/sb.json
[INFO] sublink try repo: https://github.com/Misaka-blog/chromego_merge
[INFO] sublink try page: https://raw.githubusercontent.com/Misaka-blog/chromego_merge/main/README.md
[OK] proxies=29 new=29 url=https://chromego-sub.netlify.app/sub/merged_proxies_new.yaml
[OK] proxies=115 source=[ChromeGO-Merge] url=https://raw.githubusercontent.com/Misaka-blog/chromego_merge/main/README.md
============================================================
[INFO] source try url: https://freesocks.org/api/v1/sub/02b897e8e77f19176b0b9f2c75864b00
[OK] proxies=3 new=3 url=https://freesocks.org/api/v1/sub/02b897e8e77f19176b0b9f2c75864b00
[OK] proxies=3 source=[Freesocks] url=https://freesocks.org/api/v1/sub/02b897e8e77f19176b0b9f2c75864b00
============================================================
[INFO] source try url: https://neko-warp.nloli.xyz/neko_warp.yaml
[OK] proxies=10 new=10 url=https://neko-warp.nloli.xyz/neko_warp.yaml
[OK] proxies=10 source=[NekoWarp] url=https://neko-warp.nloli.xyz/neko_warp.yaml
============================================================
[INFO] article try feed: https://free.datiya.com/index.xml
[INFO] sublink try page: https://free.datiya.com/post/20260914/
[OK] proxies=14 new=14 url=https://free.datiya.com/uploads/20260914-clash.yaml
[OK] proxies=14 source=[OpenRunner-RSS] url=https://free.datiya.com/post/20260914/
============================================================
[INFO] article try feed: https://v2rayshare.com/feed
[INFO] sublink try page: https://v2rayshare.net/p/5065.html
[OK] proxies=27 new=27 url=https://static.v2rayshare.net/2026/09/20260915.txt
[OK] proxies=27 new=0 url=https://static.v2rayshare.net/2026/09/20260915.yaml
[OK] proxies=27 new=0 url=https://static.v2rayshare.net/2026/09/m20260915.yaml
[INFO] sublink try repo: https://github.com/firefoxmmx2/v2rayshare_subcription
[INFO] sublink try page: https://raw.githubusercontent.com/firefoxmmx2/v2rayshare_subcription/main/README.md
[OK] proxies=27 new=0 url=https://{raw.githubusercontent.com|cdn.jsdelivr.net}/firefoxmmx2/v2rayshare_subcription/main/subscription/vray_sub.txt
[OK] proxies=27 new=0 url=https://{raw.githubusercontent.com|cdn.jsdelivr.net}/firefoxmmx2/v2rayshare_subcription/main/subscription/clash_sub.yaml
[OK] proxies=27 new=0 url=https://{raw.githubusercontent.com|cdn.jsdelivr.net}/firefoxmmx2/v2rayshare_subcription/main/subscription/mihomo_sub.yaml
[OK] proxies=27 source=[V2Rayshare-RSS] url=https://raw.githubusercontent.com/firefoxmmx2/v2rayshare_subcription/main/README.md
============================================================
[INFO] article try feed: https://www.mibei77.com/feed
[INFO] sublink try page: https://www.mibei77.com/671.html
[OK] proxies=121 new=121 url=https://mm.mibei77.com/202609/09.1564bavfg.txt
[OK] proxies=119 new=0 url=https://mm.mibei77.com/202609/0915Clashimc.yaml
[OK] proxies=121 source=[Mibei77-RSS] url=https://www.mibei77.com/671.html
============================================================
[INFO] article try feed: https://yoyapai.com/feed
[INFO] sublink try page: https://yoyapai.com/718
[OK] proxies=1 new=1 url=https://yoyapai.com/718
[OK] proxies=211 new=211 url=https://freenode.yoyapai.com/2026/09/15-yoyapai.com-clash-vpn-mianfeijiedian.yaml
[OK] proxies=211 new=0 url=https://freenode.yoyapai.com/2026/09/15-yoyapai.com-ssrv2ray-vpn-mianfeijiedian.txt
[OK] proxies=212 source=[Yoyapai-RSS] url=https://yoyapai.com/718
============================================================
[INFO] sublink try repo: https://github.com/free18/v2ray
[INFO] sublink try page: https://raw.githubusercontent.com/free18/v2ray/main/README.md
[OK] proxies=3 new=3 url=https://raw.githubusercontent.com/free18/v2ray/main/README.md
[OK] proxies=358 new=358 url=https://ghfast.top/https://raw.githubusercontent.com/free18/v2ray/refs/heads/main/v.txt
[OK] proxies=358 new=0 url=https://ghfast.top/https://raw.githubusercontent.com/free18/v2ray/refs/heads/main/c.yaml
[OK] proxies=361 source=[免费节点1] url=https://raw.githubusercontent.com/free18/v2ray/main/README.md
============================================================
[INFO] sublink try repo: https://github.com/ermaozi/get_subscribe
[INFO] sublink try page: https://raw.githubusercontent.com/ermaozi/get_subscribe/main/README.md
[INFO] sublink file_nodes=0 bare links=9
[OK] proxies=433 new=433 url=https://www.ermao.net/sub/{clash|v2ray}/ermao.net
[OK] proxies=431 new=0 url=https://www.ermao.net/sub/{reachable|unreachable|untested}/clash/ermao.net
[OK] proxies=433 source=[免费节点2] url=https://raw.githubusercontent.com/ermaozi/get_subscribe/main/README.md
============================================================
[INFO] sublink try repo: https://github.com/sunmiao4458/free-proxy-airport
[INFO] sublink try page: https://raw.githubusercontent.com/sunmiao4458/free-proxy-airport/main/README.md
[OK] proxies=57 new=57 url=https://sunmiao4458.github.io/free-proxy-airport/clash.yaml
[OK] proxies=57 source=[免费节点3] url=https://raw.githubusercontent.com/sunmiao4458/free-proxy-airport/main/README.md
============================================================
[INFO] sublink try repo: https://github.com/mfuu/FreeProxies
[INFO] sublink try page: https://raw.githubusercontent.com/mfuu/FreeProxies/master/README.md
[OK] proxies=835 new=835 url=https://raw.githubusercontent.com/mfuu/FreeProxies/master/sub.yaml
[OK] proxies=835 source=[免费节点4] url=https://raw.githubusercontent.com/mfuu/FreeProxies/master/README.md
============================================================
[INFO] sublink try repo: https://github.com/vxiaov/free_proxies
[INFO] sublink try page: https://raw.githubusercontent.com/vxiaov/free_proxies/main/README.md
[OK] proxies=1 new=1 url=https://raw.githubusercontent.com/vxiaov/free_proxies/main/README.md
[OK] proxies=28 new=28 url=https://{cdn.jsdelivr.net|raw.githubusercontent.com}/vxiaov/free_proxies/main/clash/clash.provider.yaml
[OK] proxies=29 source=[免费节点5] url=https://raw.githubusercontent.com/vxiaov/free_proxies/main/README.md
============================================================
[INFO] sublink try repo: https://github.com/anaer/Sub
[INFO] sublink try page: https://raw.githubusercontent.com/anaer/Sub/main/README.MD
[OK] proxies=647 new=647 url=https://anaer.github.io/Sub/clash.yaml
[OK] proxies=647 new=0 url=https://raw.githubusercontent.com/anaer/Sub/main/clash.yaml
[OK] proxies=647 source=[免费节点6] url=https://raw.githubusercontent.com/anaer/Sub/main/README.MD
============================================================
[INFO] sublink try repo: https://github.com/snakem982/proxypool
[INFO] sublink try page: https://raw.githubusercontent.com/snakem982/proxypool/main/README.md
[OK] proxies=63 new=63 url=https://raw.githubusercontent.com/snakem982/proxypool/main/source/clash-meta-2.yaml
[OK] proxies=62 new=1 url=https://raw.githubusercontent.com/snakem982/proxypool/main/source/v2ray-2.txt
[OK] proxies=58 new=0 url=https://raw.githubusercontent.com/snakem982/proxypool/main/source/sing-box-2.json
[OK] proxies=64 source=[免费节点7] url=https://raw.githubusercontent.com/snakem982/proxypool/main/README.md
============================================================
[INFO] sublink try repo: https://github.com/mahdibland/V2RayAggregator
[INFO] sublink try page: https://raw.githubusercontent.com/mahdibland/V2RayAggregator/master/README.md
[OK] proxies=379 new=379 url=https://raw.githubusercontent.com/mahdibland/V2RayAggregator/master/README.md
[OK] proxies=1 new=1 url=https://github.com/mahdibland/SSAggregator/actions/workflows/Collector.yml
[OK] proxies=1 new=0 url=https://github.com/mahdibland/SSAggregator/actions/workflows/Airport_Collector.yml
[OK] proxies=198 new=0 url=https://raw.githubusercontent.com/mahdibland/ShadowsocksAggregator/master/Eternity.txt
[OK] proxies=198 new=28 url=https://raw.githubusercontent.com/mahdibland/ShadowsocksAggregator/master/Eternity.yml
[OK] proxies=61 new=61 url=https://raw.githubusercontent.com/mahdibland/ShadowsocksAggregator/master/EternityAir.txt
[OK] proxies=3710 new=3399 url=https://raw.githubusercontent.com/mahdibland/SSAggregator/master/sub/sub_merge_base64.txt
[OK] proxies=3710 new=0 url=https://raw.githubusercontent.com/mahdibland/{SSAggregator|ShadowsocksAggregator}/master/sub/sub_merge.txt
[OK] proxies=4021 new=335 url=https://raw.githubusercontent.com/mahdibland/SSAggregator/master/sub/sub_merge_yaml.yml
[OK] proxies=61 new=0 url=https://raw.githubusercontent.com/mahdibland/SSAggregator/master/sub/airport_merge_base64.txt
[OK] proxies=61 new=0 url=https://raw.githubusercontent.com/mahdibland/SSAggregator/master/sub/airport_sub_merge.txt
[OK] proxies=1359 new=0 url=https://raw.githubusercontent.com/mahdibland/ShadowsocksAggregator/master/sub/splitted/vmess.txt
[OK] proxies=486 new=0 url=https://raw.githubusercontent.com/mahdibland/ShadowsocksAggregator/master/sub/splitted/trojan.txt
[OK] proxies=43 new=0 url=https://raw.githubusercontent.com/mahdibland/ShadowsocksAggregator/master/sub/splitted/ssr.txt
[OK] proxies=1822 new=0 url=https://raw.githubusercontent.com/mahdibland/ShadowsocksAggregator/master/sub/splitted/ss.txt
[OK] proxies=1 new=0 url=https://cdn.jsdelivr.net/gh/mahdibland/V2RayAggregator@master/update/provider/provider-meta.yml
[OK] proxies=1 new=0 url=https://cdn.jsdelivr.net/gh/mahdibland/V2RayAggregator@master/update/provider/provider-meta-cn.yml
[OK] proxies=1 new=0 url=https://cdn.jsdelivr.net/gh/mahdibland/V2RayAggregator@master/update/provider/provider-meta-others.yml
[OK] proxies=1 new=0 url=https://cdn.jsdelivr.net/gh/mahdibland/V2RayAggregator@master/update/provider/provider.yml
[OK] proxies=1 new=0 url=https://cdn.jsdelivr.net/gh/mahdibland/V2RayAggregator@master/update/provider/provider-cn.yml
[OK] proxies=1 new=0 url=https://cdn.jsdelivr.net/gh/mahdibland/V2RayAggregator@master/update/provider/provider-others.yml
[OK] proxies=4203 source=[免费节点8] url=https://raw.githubusercontent.com/mahdibland/V2RayAggregator/master/README.md
============================================================
[INFO] sublink try repo: https://github.com/w1770946466/Auto_proxy
[INFO] sublink try page: https://raw.githubusercontent.com/w1770946466/Auto_proxy/main/README.md
[OK] proxies=1 new=1 url=https://github.com/w1770946466/Auto_proxy/actions/workflows/main.yml
[OK] proxies=245 new=245 url=https://raw.githubusercontent.com/w1770946466/Auto_proxy/main/{Long_term_subscription2.yaml|Long_term_subscription1.yaml|Long_term_subscription3.yaml}
[OK] proxies=489 new=54 url=https://raw.githubusercontent.com/w1770946466/Auto_proxy/main/{Long_term_subscription1|Long_term_subscription2|Long_term_subscription3|Long_term_subscription4|Long_term_subscription5|Long_term_subscription6|Long_term_subscription7|Long_term_subscription8}
[OK] proxies=489 new=315 url=https://raw.githubusercontent.com/w1770946466/Auto_proxy/main/Long_term_subscription_num
[OK] proxies=615 source=[免费节点9] url=https://raw.githubusercontent.com/w1770946466/Auto_proxy/main/README.md
============================================================
[INFO] sublink try repo: https://github.com/PuddinCat/BestClash
[INFO] sublink try page: https://raw.githubusercontent.com/PuddinCat/BestClash/main/README.md
[OK] proxies=16 new=16 url=https://raw.githubusercontent.com/PuddinCat/BestClash/main/proxies.yaml
[OK] proxies=28 new=28 url=https://cdn.jsdelivr.net/gh/vxiaov/free_proxies@main/clash/clash.provider.yaml
[OK] proxies=24 new=24 url=https://freenode.openrunner.net/uploads/20240807-clash.yaml
[OK] proxies=29 new=29 url=https://raw.githubusercontent.com/Misaka-blog/chromego_merge/main/sub/merged_proxies_new.yaml
[OK] proxies=3795 new=3766 url=https://raw.githubusercontent.com/{NiceVPN123|anaer}/{NiceVPN|Sub}/main/{Clash.yaml|clash.yaml}
[OK] proxies=30 new=6 url=https://raw.githubusercontent.com/{chengaopan|peasoft}/{AutoMergePublicNodes|NoMoreWalls}/master/list.yml
[OK] proxies=431 new=392 url=https://raw.githubusercontent.com/{ermaozi|ermaozi01}/{get_subscribe|free_clash_vpn}/main/subscribe/clash.yml
[OK] proxies=198 new=181 url=https://raw.githubusercontent.com/mahdibland/ShadowsocksAggregator/master/Eternity.yml
[OK] proxies=165 new=160 url=https://raw.githubusercontent.com/ronghuaxueleng/get_v2/main/pub/combine.yaml
[OK] proxies=144 new=3 url=https://raw.githubusercontent.com/zhangkaiitugithub/passcro/main/speednodes.yaml
[OK] proxies=4605 source=[免费节点10] url=https://raw.githubusercontent.com/PuddinCat/BestClash/main/README.md
============================================================
[INFO] sublink try repo: https://github.com/kooker/FreeSubsCheck
[INFO] sublink try page: https://raw.githubusercontent.com/kooker/FreeSubsCheck/main/README.md
[OK] proxies=9 new=9 url=https://raw.githubusercontent.com/kooker/FreeSubsCheck/main/mihomo.yaml
[OK] proxies=9 new=0 url=https://raw.githubusercontent.com/kooker/FreeSubsCheck/main/all.yaml
[OK] proxies=8 new=0 url=https://raw.githubusercontent.com/kooker/FreeSubsCheck/main/base64.txt
[OK] proxies=4 new=2 url=https://raw.githubusercontent.com/kooker/FreeSubsCheck/main/byxiaoxi.txt
[OK] proxies=419 new=417 url=https://raw.githubusercontent.com/kooker/FreeSubsCheck/main/kooker.jp.txt
[OK] proxies=428 source=[免费节点11] url=https://raw.githubusercontent.com/kooker/FreeSubsCheck/main/README.md
============================================================
[INFO] toolkit try repo: https://github.com/Pawdroid/shadowrocket_for_android
[INFO] toolkit try release: https://github.com/Pawdroid/shadowrocket_for_android/releases
[INFO] toolkit try release: https://github.com/Pawdroid/shadowrocket_for_android/releases/expanded_assets/10.10.51
[INFO] toolkit try download: https://github.com/Pawdroid/shadowrocket_for_android/releases/download/10.10.51/Shadowrocket_10.10.51_shadowrocketStandard_arm64-v8a.apk
[OK] toolkit downloaded: Shadowrocket_10.10.51_shadowrocketStandard_arm64-v8a.apk bytes=41111539
[OK] toolkit extracted archive=Shadowrocket_10.10.51_shadowrocketStandard_arm64-v8a.apk tool=zipfile files=1175 dirs=44
[OK] toolkit sr-apk scanned prefixes=36 files=6 keys=2 archive=Shadowrocket_10.10.51_shadowrocketStandard_arm64-v8a.apk
[OK] proxies=1103 new=1096 url=https://{raw.githubusercontent.com|cdn.jsdelivr.net}/pixelor/ecfg/main/data/ecfg6_zh
[OK] proxies=148 new=93 url=https://{cdn.jsdelivr.net|raw.githubusercontent.com}/pixelor/ecfg/main/data/ecfg6
[OK] proxies=1062 new=57 url=https://{cdn.jsdelivr.net|raw.githubusercontent.com}/pixelor/ecfg/main/data/ecfg6_en
[OK] proxies=118 new=0 url=https://{files.shadowrockets.app|cdn.shadowrockets.app}/ecfg/data/ecfg6
[OK] proxies=954 new=0 url=https://{files.shadowrockets.app|cdn.shadowrockets.app}/ecfg/data/ecfg6_en
[OK] proxies=954 new=0 url=https://{files.shadowrockets.app|cdn.shadowrockets.app}/ecfg/data/ecfg6_zh
[OK] proxies=1246 source=[Pawdroid-sr-apk] url=https://github.com/Pawdroid/shadowrocket_for_android/releases/download/10.10.51/Shadowrocket_10.10.51_shadowrocketStandard_arm64-v8a.apk
============================================================
[INFO] toolkit try page: https://shadowshare.v2cross.com
[INFO] toolkit try download: https://shadowshare.v2cross.com/shadowshare.apk
[OK] toolkit downloaded: shadowshare.apk bytes=62868122
[OK] toolkit extracted archive=shadowshare.apk tool=zipfile files=612 dirs=39
[OK] toolkit ss-apk scanned prefixes=10 files=3 keys=1 archive=shadowshare.apk
[OK] proxies=171 new=171 url=https://{raw.githubusercontent.com|jsd.onmicrosoft.cn}/hideme9527/ecsfg/main/data/sareserver
[OK] proxies=1386 new=1283 url=https://{raw.githubusercontent.com|jsd.onmicrosoft.cn}/hideme9527/ecsfg/main/data/sareserver_en
[OK] proxies=171 new=0 url=https://{shadowsharing.com|sare.159236.xyz}/data/sareserver
[OK] proxies=1386 new=0 url=https://{shadowsharing.com|sare.159236.xyz}/data/sareserver_en
[OK] proxies=171 new=0 url=https://gitee.com/api/v5/repos/{elvenapp|guoyoucai1|zhiminghao}/ecsfg/raw/data/sareserver
[OK] proxies=1386 new=0 url=https://gitee.com/api/v5/repos/{zhiminghao|guoyoucai1|elvenapp}/ecsfg/raw/data/sareserver_en
[OK] proxies=1454 source=[Pawdroid-ss-apk] url=https://shadowshare.v2cross.com/shadowshare.apk
============================================================
[INFO] sublink try repo: https://github.com/free-nodes/clashfree
[INFO] sublink try page: https://raw.githubusercontent.com/free-nodes/clashfree/main/README.md
[OK] proxies=1370 new=1370 url=https://raw.githubusercontent.com/free-nodes/clashfree/main/README.md
[OK] proxies=1370 new=0 url=https://raw.githubusercontent.com/free-nodes/clashfree/main/clash20260915.yml
[OK] proxies=1 new=1 url=https://github.com/free-nodes/clashfree/blob/main/clash20260915.yml
[OK] proxies=1371 source=[Clashfree] url=https://raw.githubusercontent.com/free-nodes/clashfree/main/README.md
============================================================
[INFO] sublink try repo: https://github.com/Epodonios/v2ray-configs
[INFO] sublink try page: https://raw.githubusercontent.com/Epodonios/v2ray-configs/main/README.md
[OK] proxies=1 new=1 url=https://github.com/Epodonios/V2ray-Configs/actions/workflows/main.yml
[OK] proxies=4149 new=4149 url=https://github.com/Epodonios/v2ray-configs/raw/main/All_Configs_Sub.txt
[OK] proxies=4149 new=0 url=https://github.com/Epodonios/v2ray-configs/raw/main/All_Configs_base64_Sub.txt
[OK] proxies=3305 new=53 url=https://github.com/Epodonios/v2ray-configs/raw/main/Splitted-By-Protocol/vless.txt
[OK] proxies=159 new=1 url=https://github.com/Epodonios/v2ray-configs/raw/main/Splitted-By-Protocol/vmess.txt
[OK] proxies=436 new=38 url=https://github.com/Epodonios/v2ray-configs/raw/main/Splitted-By-Protocol/ss.txt
[OK] proxies=147 new=1 url=https://github.com/Epodonios/v2ray-configs/raw/main/Splitted-By-Protocol/trojan.txt
[OK] proxies=4149 new=0 url=https://raw.githubusercontent.com/Epodonios/v2ray-configs/main/{Sub1.txt|Sub2.txt|Sub3.txt|Sub4.txt|Sub5.txt|Sub6.txt|Sub7.txt|Sub8.txt|Sub9.txt}
[OK] proxies=4243 source=[Epodonios] url=https://raw.githubusercontent.com/Epodonios/v2ray-configs/main/README.md
============================================================
[INFO] sublink try repo: https://github.com/free-clash-v2ray/free-clash-v2ray.github.io
[INFO] sublink try page: https://raw.githubusercontent.com/free-clash-v2ray/free-clash-v2ray.github.io/main/README.md
[OK] proxies=2890 new=2890 url=https://free-clash-v2ray.github.io/uploads/2026/09/{0-20260913.yaml|1-20260913.yaml|2-20260913.yaml|3-20260913.yaml}
[OK] proxies=4384 new=1835 url=https://free-clash-v2ray.github.io/uploads/2026/09/{0-20260913.txt|1-20260913.txt|2-20260913.txt|3-20260913.txt|4-20260913.txt}
[OK] proxies=4725 source=[Free-clash-v2ray] url=https://raw.githubusercontent.com/free-clash-v2ray/free-clash-v2ray.github.io/main/README.md
============================================================
[INFO] article try page: https://v2rayclashfree.com
[INFO] sublink try page: https://v2rayclashfree.com/fn/20260914.html
[OK] proxies=1295 new=1295 url=https://v2rayclashfree.com/sub/20260914-v2ray.txt
[OK] proxies=1084 new=395 url=https://v2rayclashfree.com/sub/20260914-clash.yaml
[OK] proxies=1690 source=[V2rayclashfree-RSS] url=https://v2rayclashfree.com/fn/20260914.html
============================================================
[INFO] raw backup written path=/home/runner/work/Free-node-autotest/Free-node-autotest/output/raw.yaml proxies=27642
[INFO] toolkit try repo: https://github.com/MetaCubeX/mihomo
[INFO] toolkit try release: https://github.com/MetaCubeX/mihomo/releases
[INFO] toolkit try release: https://github.com/MetaCubeX/mihomo/releases/expanded_assets/v1.19.31
[INFO] toolkit try download: https://github.com/MetaCubeX/mihomo/releases/download/v1.19.31/mihomo-linux-amd64-compatible-v1.19.31.gz
[OK] toolkit downloaded: mihomo-linux-amd64-compatible-v1.19.31.gz bytes=22821836
[OK] toolkit sha256 verified: mihomo-linux-amd64-compatible-v1.19.31.gz sha256=04cf9f09671704f839ddbee2e93069dc831a4123a75281e725d1d96ab9ac1afc
[OK] proxy engine ready: starting latency test package=mihomo-linux-amd64-compatible-v1.19.31.gz
============================================================
[WARN] batch start failed size=17568 {1} split -> 8784 {2} + 8784 {3}
[WARN] batch start failed size=8784 {2} split -> 4392 {4} + 4392 {5}
[WARN] batch start failed size=8784 {3} split -> 4392 {6} + 4392 {7}
[WARN] batch start failed size=4392 {4} split -> 2196 {8} + 2196 {9}
[WARN] batch start failed size=4392 {6} split -> 2196 {10} + 2196 {11}
[WARN] batch start failed size=2196 {8} split -> 1098 {12} + 1098 {13}
[WARN] batch start failed size=4392 {7} split -> 2196 {14} + 2196 {15}
[INFO] {9} tested 100/2196 kept=0 rest=17441
[WARN] batch start failed size=2196 {10} split -> 1098 {16} + 1098 {17}
[INFO] {5} tested 100/4392 kept=0 rest=17287
[WARN] batch start failed size=2196 {11} split -> 1098 {18} + 1098 {19}
[WARN] batch start failed size=1098 {12} split -> 549 {20} + 549 {21}
[INFO] {9} tested 200/2196 kept=0 rest=17179
[INFO] {9} tested 300/2196 kept=16 rest=17077
[INFO] {9} tested 400/2196 kept=83 rest=16932
[INFO] {5} tested 200/4392 kept=0 rest=16917
[INFO] {13} tested 100/1098 kept=30 rest=16772
[INFO] {9} tested 500/2196 kept=98 rest=16631
[INFO] {5} tested 300/4392 kept=0 rest=16586
[INFO] {13} tested 200/1098 kept=30 rest=16403
[INFO] {13} tested 300/1098 kept=34 rest=16279
[INFO] {9} tested 600/2196 kept=98 rest=16276
[INFO] {5} tested 400/4392 kept=0 rest=16241
[INFO] {9} tested 700/2196 kept=98 rest=16155
[INFO] {5} tested 500/4392 kept=0 rest=15971
[INFO] {9} tested 800/2196 kept=100 rest=15964
[INFO] {13} tested 400/1098 kept=40 rest=15849
[INFO] {9} tested 900/2196 kept=100 rest=15644
[INFO] {5} tested 600/4392 kept=0 rest=15572
[INFO] {13} tested 500/1098 kept=70 rest=15508
[INFO] {13} tested 600/1098 kept=72 rest=15408
[INFO] {9} tested 1000/2196 kept=100 rest=15253
[INFO] {5} tested 700/4392 kept=0 rest=15179
[INFO] {13} tested 700/1098 kept=74 rest=15023
[INFO] {13} tested 800/1098 kept=74 rest=14922
[INFO] {13} tested 900/1098 kept=74 rest=14799
[INFO] {9} tested 1100/2196 kept=100 rest=14797
[INFO] {5} tested 800/4392 kept=0 rest=14656
[INFO] {9} tested 1200/2196 kept=100 rest=14564
[INFO] {5} tested 900/4392 kept=0 rest=14483
[INFO] {5} tested 1000/4392 kept=0 rest=14369
[INFO] {13} tested 1000/1098 kept=74 rest=14327
[INFO] {9} tested 1300/2196 kept=100 rest=14150
[INFO] {5} tested 1100/4392 kept=0 rest=14069
[INFO] {5} tested 1200/4392 kept=0 rest=13941
[INFO] {5} tested 1300/4392 kept=0 rest=13835
[INFO] {13} tested 1098/1098 kept=74 rest=13743
[WARN] batch start failed size=2196 {14} split -> 1098 {22} + 1098 {23}
[INFO] {5} tested 1400/4392 kept=51 rest=13683
[INFO] {9} tested 1400/2196 kept=100 rest=13667
[INFO] {5} tested 1500/4392 kept=80 rest=13491
[INFO] {5} tested 1600/4392 kept=90 rest=13379
[INFO] {5} tested 1700/4392 kept=107 rest=13274
[INFO] {9} tested 1500/2196 kept=100 rest=13244
[WARN] batch start failed size=2196 {15} split -> 1098 {24} + 1098 {25}
[INFO] {16} tested 100/1098 kept=0 rest=13051
[INFO] {16} tested 200/1098 kept=0 rest=12937
[INFO] {5} tested 1800/4392 kept=108 rest=12912
[INFO] {9} tested 1600/2196 kept=100 rest=12816
[INFO] {5} tested 1900/4392 kept=108 rest=12671
[INFO] {5} tested 2000/4392 kept=112 rest=12558
[INFO] {16} tested 300/1098 kept=0 rest=12467
[INFO] {16} tested 400/1098 kept=0 rest=12366
[INFO] {16} tested 500/1098 kept=0 rest=12254
[INFO] {9} tested 1700/2196 kept=100 rest=12230
[INFO] {5} tested 2100/4392 kept=116 rest=12079
[INFO] {9} tested 1800/2196 kept=115 rest=12053
[INFO] {16} tested 600/1098 kept=0 rest=11873
[INFO] {16} tested 700/1098 kept=14 rest=11757
[INFO] {9} tested 1900/2196 kept=116 rest=11684
[INFO] {5} tested 2200/4392 kept=117 rest=11619
[INFO] {5} tested 2300/4392 kept=117 rest=11498
[INFO] {16} tested 800/1098 kept=35 rest=11358
[INFO] {16} tested 900/1098 kept=81 rest=11241
[INFO] {16} tested 1000/1098 kept=157 rest=11120
[INFO] {9} tested 2000/2196 kept=116 rest=11057
[INFO] {5} tested 2400/4392 kept=118 rest=10974
[INFO] {5} tested 2500/4392 kept=118 rest=10867
[INFO] {16} tested 1098/1098 kept=203 rest=10706
[INFO] {9} tested 2100/2196 kept=116 rest=10696
[WARN] batch start failed size=1098 {17} split -> 549 {26} + 549 {27}
[WARN] batch start failed size=1098 {19} split -> 549 {28} + 549 {29}
[INFO] {5} tested 2600/4392 kept=118 rest=10627
[WARN] batch start failed size=1098 {18} split -> 549 {30} + 549 {31}
[INFO] {5} tested 2700/4392 kept=118 rest=10520
[INFO] {21} tested 100/549 kept=12 rest=10302
[INFO] {9} tested 2196/2196 kept=116 rest=10221
[INFO] {21} tested 200/549 kept=23 rest=10192
[WARN] batch start failed size=549 {20} split -> 274 {32} + 275 {33}
[WARN] batch start failed size=1098 {23} split -> 549 {34} + 549 {35}
[INFO] {5} tested 2800/4392 kept=118 rest=10114
[INFO] {5} tested 2900/4392 kept=118 rest=9955
[INFO] {22} tested 100/1098 kept=0 rest=9898
[INFO] {22} tested 200/1098 kept=2 rest=9757
[INFO] {21} tested 300/549 kept=69 rest=9704
[INFO] {21} tested 400/549 kept=146 rest=9529
[INFO] {22} tested 300/1098 kept=15 rest=9448
[INFO] {5} tested 3000/4392 kept=119 rest=9384
[INFO] {22} tested 400/1098 kept=16 rest=9286
[INFO] {22} tested 500/1098 kept=16 rest=9153
[INFO] {22} tested 600/1098 kept=17 rest=9012
[INFO] {5} tested 3100/4392 kept=119 rest=8945
[INFO] {21} tested 500/549 kept=158 rest=8911
[INFO] {21} tested 549/549 kept=158 rest=8846
[WARN] batch start failed size=1098 {25} split -> 549 {36} + 549 {37}
[INFO] {22} tested 700/1098 kept=17 rest=8763
[INFO] {5} tested 3200/4392 kept=120 rest=8710
[INFO] {24} tested 100/1098 kept=98 rest=8498
[INFO] {24} tested 200/1098 kept=194 rest=8391
[INFO] {22} tested 800/1098 kept=17 rest=8341
[INFO] {24} tested 300/1098 kept=292 rest=8265
[INFO] {24} tested 400/1098 kept=390 rest=8129
[INFO] {24} tested 500/1098 kept=487 rest=8006
[INFO] {24} tested 600/1098 kept=581 rest=7884
[INFO] {24} tested 700/1098 kept=669 rest=7770
[INFO] {24} tested 800/1098 kept=765 rest=7661
[INFO] {22} tested 900/1098 kept=18 rest=7570
[INFO] {24} tested 900/1098 kept=856 rest=7550
[INFO] {24} tested 1000/1098 kept=953 rest=7440
[INFO] {5} tested 3300/4392 kept=121 rest=7310
[INFO] {5} tested 3400/4392 kept=122 rest=7188
[INFO] {22} tested 1000/1098 kept=20 rest=7056
[INFO] {5} tested 3500/4392 kept=122 rest=7036
[INFO] {24} tested 1098/1098 kept=1029 rest=6863
[INFO] {5} tested 3600/4392 kept=122 rest=6857
[WARN] batch start failed size=549 {27} split -> 274 {38} + 275 {39}
[INFO] {26} tested 100/549 kept=83 rest=6680
[INFO] {5} tested 3700/4392 kept=122 rest=6595
[INFO] {26} tested 200/549 kept=167 rest=6496
[INFO] {22} tested 1098/1098 kept=21 rest=6406
[INFO] {5} tested 3800/4392 kept=122 rest=6341
[INFO] {26} tested 300/549 kept=232 rest=6325
[INFO] {26} tested 400/549 kept=277 rest=6187
[INFO] {29} tested 100/549 kept=2 rest=5966
[INFO] {26} tested 500/549 kept=357 rest=5917
[INFO] {29} tested 200/549 kept=4 rest=5821
[INFO] {5} tested 3900/4392 kept=122 rest=5723
[INFO] {5} tested 4000/4392 kept=122 rest=5604
[INFO] {29} tested 300/549 kept=5 rest=5498
[INFO] {5} tested 4100/4392 kept=122 rest=5496
[INFO] {5} tested 4200/4392 kept=122 rest=5374
[INFO] {26} tested 549/549 kept=378 rest=5214
[INFO] {29} tested 400/549 kept=7 rest=5186
[INFO] {5} tested 4300/4392 kept=122 rest=5159
[WARN] batch start failed size=549 {28} split -> 274 {40} + 275 {41}
[INFO] {29} tested 500/549 kept=7 rest=5011
[INFO] {30} tested 100/549 kept=57 rest=4969
[INFO] {5} tested 4392/4392 kept=122 rest=4798
[WARN] batch start failed size=549 {31} split -> 274 {42} + 275 {43}
[WARN] batch start failed size=274 {32} split -> 137 {44} + 137 {45}
[INFO] {29} tested 549/549 kept=8 rest=4772
[INFO] {30} tested 200/549 kept=89 rest=4741
[INFO] {30} tested 300/549 kept=102 rest=4599
[INFO] {33} tested 100/275 kept=12 rest=4459
[INFO] {34} tested 100/549 kept=1 rest=4380
[INFO] {34} tested 200/549 kept=4 rest=4210
[INFO] {34} tested 300/549 kept=4 rest=4051
[INFO] {30} tested 400/549 kept=138 rest=4036
[INFO] {33} tested 200/275 kept=26 rest=4034
[INFO] {30} tested 500/549 kept=166 rest=3794
[INFO] {34} tested 400/549 kept=8 rest=3772
[INFO] {33} tested 275/275 kept=26 rest=3747
[WARN] batch start failed size=549 {35} split -> 274 {46} + 275 {47}
[WARN] batch start failed size=549 {37} split -> 274 {48} + 275 {49}
[INFO] {36} tested 100/549 kept=84 rest=3569
[INFO] {36} tested 200/549 kept=177 rest=3469
[INFO] {36} tested 300/549 kept=267 rest=3367
[INFO] {36} tested 400/549 kept=351 rest=3267
[INFO] {36} tested 500/549 kept=425 rest=3165
[INFO] {30} tested 549/549 kept=166 rest=3117
[INFO] {34} tested 500/549 kept=10 rest=3076
[INFO] {38} tested 100/274 kept=48 rest=2935
[INFO] {34} tested 549/549 kept=10 rest=2861
[WARN] batch start failed size=275 {39} split -> 137 {50} + 138 {51}
[WARN] batch start failed size=274 {40} split -> 137 {52} + 137 {53}
[INFO] {36} tested 549/549 kept=454 rest=2827
[INFO] {41} tested 100/275 kept=3 rest=2725
[INFO] {42} tested 100/274 kept=3 rest=2565
[INFO] {42} tested 200/274 kept=8 rest=2451
[INFO] {38} tested 200/274 kept=81 rest=2422
[INFO] {38} tested 274/274 kept=81 rest=2336
[WARN] batch start failed size=275 {43} split -> 137 {54} + 138 {55}
[WARN] batch start failed size=137 {44} split -> 68 {56} + 69 {57}
[WARN] batch start failed size=137 {45} split -> 68 {58} + 69 {59}
[INFO] {41} tested 200/275 kept=6 rest=2320
[INFO] {42} tested 274/274 kept=13 rest=2116
[INFO] {46} tested 100/274 kept=3 rest=2099
[INFO] {41} tested 275/275 kept=6 rest=2073
[WARN] batch start failed size=275 {47} split -> 137 {60} + 138 {61}
[WARN] batch start failed size=274 {48} split -> 137 {62} + 137 {63}
[WARN] batch start failed size=275 {49} split -> 137 {64} + 138 {65}
[INFO] {51} tested 100/138 kept=75 rest=1902
[WARN] batch start failed size=137 {50} split -> 68 {66} + 69 {67}
[WARN] batch start failed size=137 {52} split -> 68 {68} + 69 {69}
[INFO] {53} tested 100/137 kept=3 rest=1767
[INFO] {46} tested 200/274 kept=7 rest=1761
[INFO] {46} tested 274/274 kept=7 rest=1685
[INFO] {54} tested 100/137 kept=0 rest=1585
[INFO] {51} tested 138/138 kept=105 rest=1556
[WARN] batch start failed size=138 {55} split -> 69 {70} + 69 {71}
[INFO] {53} tested 137/137 kept=3 rest=1494
[WARN] batch start failed size=69 {57} split -> 34 {72} + 35 {73}
[WARN] batch start failed size=68 {58} split -> 34 {74} + 34 {75}
[WARN] batch start failed size=69 {59} split -> 34 {76} + 35 {77}
[INFO] {60} tested 100/137 kept=22 rest=1381
[INFO] {54} tested 137/137 kept=5 rest=1367
[WARN] batch start failed size=138 {61} split -> 69 {78} + 69 {79}
[WARN] batch start failed size=137 {62} split -> 68 {80} + 69 {81}
[INFO] {56} tested 68/68 kept=11 rest=1332
[INFO] {63} tested 100/137 kept=85 rest=1141
[INFO] {65} tested 100/138 kept=67 rest=1130
[INFO] {60} tested 137/137 kept=24 rest=1087
[WARN] batch start failed size=137 {64} split -> 68 {82} + 69 {83}
[INFO] {63} tested 137/137 kept=90 rest=985
[INFO] {65} tested 138/138 kept=80 rest=962
[WARN] batch start failed size=68 {66} split -> 34 {84} + 34 {85}
[WARN] batch start failed size=69 {69} split -> 34 {86} + 35 {87}
[INFO] {67} tested 69/69 kept=48 rest=903
[WARN] batch start failed size=69 {71} split -> 34 {88} + 35 {89}
[WARN] batch start failed size=35 {73} split -> 17 {90} + 18 {91}
[INFO] {68} tested 68/68 kept=3 rest=848
[WARN] batch start failed size=34 {74} split -> 17 {92} + 17 {93}
[WARN] batch start failed size=34 {75} split -> 17 {94} + 17 {95}
[INFO] {70} tested 69/69 kept=1 rest=810
[WARN] batch start failed size=34 {76} split -> 17 {96} + 17 {97}
[WARN] batch start failed size=69 {78} split -> 34 {98} + 35 {99}
[INFO] {79} tested 69/69 kept=69 rest=721
[INFO] {72} tested 34/34 kept=6 rest=700
[WARN] batch start failed size=68 {80} split -> 34 {100} + 34 {101}
[INFO] {81} tested 69/69 kept=64 rest=584
[WARN] batch start failed size=68 {82} split -> 34 {102} + 34 {103}
[INFO] {77} tested 35/35 kept=19 rest=530
[WARN] batch start failed size=34 {84} split -> 17 {104} + 17 {105}
[INFO] {83} tested 69/69 kept=16 rest=500
[WARN] batch start failed size=34 {86} split -> 17 {106} + 17 {107}
[INFO] {85} tested 34/34 kept=24 rest=499
[WARN] batch start failed size=35 {89} split -> 17 {108} + 18 {109}
[WARN] batch start failed size=18 {91} split -> 9 {110} + 9 {111}
[INFO] {87} tested 35/35 kept=1 rest=439
[WARN] batch start failed size=17 {92} split -> 8 {112} + 9 {113}
[INFO] {88} tested 34/34 kept=0 rest=422
[INFO] {90} tested 17/17 kept=6 rest=420
[WARN] batch start failed size=17 {95} split -> 8 {114} + 9 {115}
[WARN] batch start failed size=17 {96} split -> 8 {116} + 9 {117}
[INFO] {93} tested 17/17 kept=0 rest=394
[INFO] {94} tested 17/17 kept=0 rest=369
[WARN] batch start failed size=34 {98} split -> 17 {118} + 17 {119}
[INFO] {97} tested 17/17 kept=4 rest=340
[WARN] batch start failed size=34 {101} split -> 17 {120} + 17 {121}
[WARN] batch start failed size=34 {102} split -> 17 {122} + 17 {123}
[INFO] {99} tested 35/35 kept=10 rest=314
[WARN] batch start failed size=17 {104} split -> 8 {124} + 9 {125}
[INFO] {100} tested 34/34 kept=19 rest=278
[WARN] batch start failed size=17 {107} split -> 8 {126} + 9 {127}
[INFO] {103} tested 34/34 kept=15 rest=267
[WARN] batch start failed size=18 {109} split -> 9 {128} + 9 {129}
[INFO] {105} tested 17/17 kept=1 rest=252
[WARN] batch start failed size=9 {110} split -> 4 {130} + 5 {131}
[WARN] batch start failed size=9 {111} split -> 4 {132} + 5 {133}
[WARN] batch start failed size=8 {112} split -> 4 {134} + 4 {135}
[INFO] {106} tested 17/17 kept=1 rest=223
[INFO] {114} tested 8/8 kept=0 rest=215
[WARN] batch start failed size=9 {115} split -> 4 {136} + 5 {137}
[WARN] batch start failed size=8 {116} split -> 4 {138} + 4 {139}
[INFO] {117} tested 9/9 kept=0 rest=205
[INFO] {108} tested 17/17 kept=2 rest=204
[WARN] batch start failed size=17 {118} split -> 8 {140} + 9 {141}
[INFO] {113} tested 9/9 kept=0 rest=197
[WARN] batch start failed size=17 {121} split -> 8 {142} + 9 {143}
[WARN] batch start failed size=17 {123} split -> 8 {144} + 9 {145}
[INFO] {119} tested 17/17 kept=0 rest=159
[INFO] {120} tested 17/17 kept=5 rest=152
[WARN] batch start failed size=8 {124} split -> 4 {146} + 4 {147}
[WARN] batch start failed size=8 {126} split -> 4 {148} + 4 {149}
[INFO] {122} tested 17/17 kept=1 rest=142
[INFO] {125} tested 9/9 kept=0 rest=128
[WARN] batch start failed size=9 {129} split -> 4 {150} + 5 {151}
[INFO] {127} tested 9/9 kept=0 rest=121
[WARN] batch start failed size=4 {130} split -> 2 {152} + 2 {153}
[WARN] batch start failed size=5 {131} split -> 2 {154} + 3 {155}
[INFO] {128} tested 9/9 kept=4 rest=119
[WARN] batch start failed size=5 {133} split -> 2 {156} + 3 {157}
[WARN] batch start failed size=4 {134} split -> 2 {158} + 2 {159}
[WARN] batch start failed size=5 {137} split -> 2 {160} + 3 {161}
[INFO] {132} tested 4/4 kept=0 rest=111
[INFO] {135} tested 4/4 kept=0 rest=108
[WARN] batch start failed size=4 {138} split -> 2 {162} + 2 {163}
[WARN] batch start failed size=9 {141} split -> 4 {164} + 5 {165}
[INFO] {136} tested 4/4 kept=0 rest=104
[INFO] {139} tested 4/4 kept=0 rest=103
[WARN] batch start failed size=8 {142} split -> 4 {166} + 4 {167}
[INFO] {140} tested 8/8 kept=0 rest=94
[WARN] batch start failed size=8 {144} split -> 4 {168} + 4 {169}
[INFO] {143} tested 9/9 kept=9 rest=80
[WARN] batch start failed size=4 {147} split -> 2 {170} + 2 {171}
[INFO] {145} tested 9/9 kept=4 rest=74
[INFO] {146} tested 4/4 kept=0 rest=72
[WARN] batch start failed size=4 {149} split -> 2 {172} + 2 {173}
[WARN] batch start failed size=4 {150} split -> 2 {174} + 2 {175}
[WARN] batch start failed size=5 {151} split -> 2 {176} + 3 {177}
[WARN] batch start failed size=2 {153} split -> 1 {178} + 1 {179}
[WARN] batch start failed size=2 {152} split -> 1 {180} + 1 {181}
[WARN] batch start failed size=2 {154} split -> 1 {182} + 1 {183}
[INFO] {148} tested 4/4 kept=0 rest=69
[WARN] batch start failed size=3 {157} split -> 1 {184} + 2 {185}
[WARN] batch start failed size=2 {158} split -> 1 {186} + 1 {187}
[INFO] {159} tested 2/2 kept=0 rest=66
[INFO] {155} tested 3/3 kept=0 rest=63
[INFO] {156} tested 2/2 kept=0 rest=61
[WARN] batch start failed size=3 {161} split -> 1 {188} + 2 {189}
[WARN] batch start failed size=2 {162} split -> 1 {190} + 1 {191}
[WARN] batch start failed size=2 {163} split -> 1 {192} + 1 {193}
[WARN] batch start failed size=5 {165} split -> 2 {194} + 3 {195}
[INFO] {160} tested 2/2 kept=0 rest=55
[WARN] batch start failed size=4 {167} split -> 2 {196} + 2 {197}
[INFO] {164} tested 4/4 kept=1 rest=50
[INFO] {166} tested 4/4 kept=1 rest=49
[WARN] batch start failed size=4 {169} split -> 2 {198} + 2 {199}
[WARN] batch start failed size=2 {170} split -> 1 {200} + 1 {201}
[WARN] batch start failed size=2 {173} split -> 1 {202} + 1 {203}
[INFO] {168} tested 4/4 kept=0 rest=48
[WARN] batch start failed size=2 {175} split -> 1 {204} + 1 {205}
[INFO] {171} tested 2/2 kept=0 rest=46
[WARN] batch start failed size=2 {176} split -> 1 {206} + 1 {207}
[INFO] {172} tested 2/2 kept=0 rest=44
[DROP] {178} name=[ChromeGO-ShiteThings] hysteria-2 server=5.83.129.153:20088 reason=Start initial configuration in progress
[DROP] {179} name=[ChromeGO-ShiteThings] hysteria-3 server=5.83.129.90:54177 reason=Start initial configuration in progress
[INFO] {180} tested 1/1 kept=0 rest=40
[INFO] {174} tested 2/2 kept=0 rest=38
[DROP] {181} name=[ChromeGO-ShiteThings] hysteria server=62.210.70.191:23556 reason=Start initial configuration in progress
[DROP] {182} name=[ChromeGO-ShiteThings] hysteria-4 server=5.83.129.153:27626 reason=Start initial configuration in progress
[DROP] {183} name=[ChromeGO-ShiteThings] hysteria-5 server=45.150.65.154:47119 reason=Start initial configuration in progress
[WARN] batch start failed size=2 {185} split -> 1 {208} + 1 {209}
[DROP] {187} name=[ChromeGO-Merge] United-2 server=109.104.152.194:58510 reason=Start initial configuration in progress
[DROP] {186} name=[ChromeGO-Merge] France_hysteria_1 server=62.210.243.131:18702 reason=Start initial configuration in progress
[INFO] {177} tested 3/3 kept=0 rest=31
[WARN] batch start failed size=2 {189} split -> 1 {210} + 1 {211}
[DROP] {190} name=[ChromeGO-Merge] France server=51.158.54.46:55396 reason=Start initial configuration in progress
[DROP] {191} name=[ChromeGO-Merge] United-4 server=173.234.25.52:48919 reason=Start initial configuration in progress
[DROP] {193} name=[ChromeGO-Merge] United-5 server=167.160.91.115:41189 reason=Start initial configuration in progress
[DROP] {192} name=[ChromeGO-Merge] Taiwan-2 server=www.dtku40.xyz:18490 reason=Start initial configuration in progress
[INFO] {184} tested 1/1 kept=0 rest=26
[WARN] batch start failed size=2 {194} split -> 1 {212} + 1 {213}
[INFO] {195} tested 3/3 kept=0 rest=23
[WARN] batch start failed size=2 {196} split -> 1 {214} + 1 {215}
[INFO] {188} tested 1/1 kept=0 rest=21
[WARN] batch start failed size=2 {199} split -> 1 {216} + 1 {217}
[INFO] {197} tested 2/2 kept=2 rest=19
[DROP] {200} name=[Pawdroid-ss-apk] United+Kingdom-2 server=82.38.31.189:8080 reason=Start initial configuration in progress
[DROP] {202} name=[Epodonios] EPODONIOS-112 server=78.38.246.150:8446 reason=Start initial configuration in progress
[INFO] {201} tested 1/1 kept=0 rest=16
[DROP] {204} name=[Epodonios] EPODONIOS-14 server=151.101.130.216:80 reason=Start initial configuration in progress
[DROP] {205} name=[Epodonios] EPODONIOS-15 server=212.95.34.20:443 reason=Start initial configuration in progress
[INFO] {198} tested 2/2 kept=0 rest=13
[DROP] {206} name=[Epodonios] EPODONIOS-16 server=178.128.112.70:443 reason=Start initial configuration in progress
[DROP] {208} name=[ChromeGO-Merge] WARP server=162.159.192.1:2408 reason=Start initial configuration in progress
[DROP] {209} name=[ChromeGO-Merge] United server=108.181.5.133:26022 reason=Start initial configuration in progress
[INFO] {203} tested 1/1 kept=0 rest=9
[DROP] {211} name=[ChromeGO-Merge] Taiwan server=www2.dtku48.xyz:22334 reason=Start initial configuration in progress
[DROP] {213} name=[Epodonios] EPODONIOS-3019 server=65.109.205.148:9092 reason=Start initial configuration in progress
[INFO] {207} tested 1/1 kept=0 rest=6
[DROP] {214} name=[Free-clash-v2ray] hysteria server=5.83.129.143:26691 reason=Start initial configuration in progress
[INFO] {212} tested 1/1 kept=0 rest=4
[INFO] {216} tested 1/1 kept=0 rest=3
[DROP] {217} name=[Free-clash-v2ray] 未知 SS-1521 | free-nodes server=192.0.2.1:1 reason=Start initial configuration in progress
[INFO] {215} tested 1/1 kept=1 rest=1
[INFO] {210} tested 1/1 kept=0 rest=0
[INFO] dropped=22 [ChromeGO-ShiteThings] × 5 | [ChromeGO-Merge] × 9 | [Pawdroid-ss-apk] × 1 | [Epodonios] × 5 | [Free-clash-v2ray] × 2
============================================================
[INFO] cap live source=[免费节点2] from 153 to 50 by health_score
[INFO] cap live source=[免费节点8] from 192 to 50 by health_score
[INFO] cap live source=[Pawdroid-sr-apk] from 609 to 50 by health_score
[INFO] cap live source=[Pawdroid-ss-apk] from 362 to 50 by health_score
[INFO] cap live source=[Epodonios] from 92 to 50 by health_score
[INFO] cap live source=[Free-clash-v2ray] from 1753 to 50 by health_score
[INFO] cap live source=[V2rayclashfree-RSS] from 115 to 50 by health_score
[INFO] cap live total from 601 to 350 trim large sources first
============================================================
+------------------------------+--------+--------+------+--------+
| source                       |    raw | unique | live | capped |
+------------------------------+--------+--------+------+--------+
| [大FQ运动]                   |     14 |     14 |    1 |      1 |
+------------------------------+--------+--------+------+--------+
| [Pawdroid]                   |     36 |     35 |    8 |      8 |
+------------------------------+--------+--------+------+--------+
| [FreeV2-Base64]              |      2 |      2 |    2 |      2 |
+------------------------------+--------+--------+------+--------+
| [Bocchi2b-Base64]            |     35 |     35 |    0 |      0 |
+------------------------------+--------+--------+------+--------+
| [ChromeGO-Toolkit]           |     14 |     14 |    5 |      5 |
+------------------------------+--------+--------+------+--------+
| [ChromeGO-ShiteThings]       |     31 |     25 |    7 |      7 |
+------------------------------+--------+--------+------+--------+
| [ChromeGO-Merge]             |    115 |    115 |    5 |      5 |
+------------------------------+--------+--------+------+--------+
| [Freesocks]                  |      3 |      3 |    3 |      3 |
+------------------------------+--------+--------+------+--------+
| [NekoWarp]                   |     10 |     10 |   10 |     10 |
+------------------------------+--------+--------+------+--------+
| [OpenRunner-RSS]             |     14 |      0 |    0 |      0 |
+------------------------------+--------+--------+------+--------+
| [V2Rayshare-RSS]             |     27 |     26 |    5 |      5 |
+------------------------------+--------+--------+------+--------+
| [Mibei77-RSS]                |    121 |    108 |    6 |      6 |
+------------------------------+--------+--------+------+--------+
| [Yoyapai-RSS]                |    212 |    184 |   24 |     22 |
+------------------------------+--------+--------+------+--------+
| [免费节点1]                  |    361 |    243 |   31 |     22 |
+------------------------------+--------+--------+------+--------+
| [免费节点2]                  |    433 |    366 |  153 |     22 |
+------------------------------+--------+--------+------+--------+
| [免费节点3]                  |     57 |      0 |    0 |      0 |
+------------------------------+--------+--------+------+--------+
| [免费节点4]                  |    835 |    717 |   44 |     22 |
+------------------------------+--------+--------+------+--------+
| [免费节点5]                  |     29 |     28 |    0 |      0 |
+------------------------------+--------+--------+------+--------+
| [免费节点6]                  |    647 |    606 |    8 |      8 |
+------------------------------+--------+--------+------+--------+
| [免费节点7]                  |     64 |     41 |   24 |     22 |
+------------------------------+--------+--------+------+--------+
| [免费节点8]                  |   4203 |   3371 |  192 |     22 |
+------------------------------+--------+--------+------+--------+
| [免费节点9]                  |    615 |    456 |    0 |      0 |
+------------------------------+--------+--------+------+--------+
| [免费节点10]                 |   4605 |   3081 |   14 |     14 |
+------------------------------+--------+--------+------+--------+
| [免费节点11]                 |    428 |    215 |   44 |     22 |
+------------------------------+--------+--------+------+--------+
| [Pawdroid-sr-apk]            |   1246 |    915 |  609 |     22 |
+------------------------------+--------+--------+------+--------+
| [Pawdroid-ss-apk]            |   1454 |    930 |  362 |     22 |
+------------------------------+--------+--------+------+--------+
| [Clashfree]                  |   1371 |    518 |   10 |     10 |
+------------------------------+--------+--------+------+--------+
| [Epodonios]                  |   4243 |   3218 |   92 |     22 |
+------------------------------+--------+--------+------+--------+
| [Free-clash-v2ray]           |   4725 |   2042 | 1753 |     23 |
+------------------------------+--------+--------+------+--------+
| [V2rayclashfree-RSS]         |   1690 |    250 |  115 |     23 |
+------------------------------+--------+--------+------+--------+
============================================================
[SUMMARY] total_nodes=27640
[SUMMARY] legal_candidates=17568
[SUMMARY] passed_latency_test=350
[SUMMARY] region_HK=19 region_JP=10 region_US=99
[SUMMARY] avg_latency_ms=296.62
[SUMMARY] output=/home/runner/work/Free-node-autotest/Free-node-autotest/output/clash.yaml
============================================================
