============================================================
[INFO] sublink try page: https://end-gfw.com
[OK] proxies=2 new=2 url=https://raw.githubusercontent.com/hello-world-1989/cn-news/refs/heads/main/clash.yaml
[OK] proxies=2 new=0 url=https://raw.githubusercontent.com/hello-world-1989/cn-news/main/end-gfw-together
[OK] proxies=2 new=2 url=https://raw.githubusercontent.com/hello-world-1989/cn-news/main/end-gfw-together-ss
[INFO] source try url: https://end-gfw.com/ss-key
[OK] proxies=4 new=4 url=https://end-gfw.com/ss-key
[INFO] sublink try repo: https://github.com/hello-world-1989/cn-news
[INFO] sublink try page: https://raw.githubusercontent.com/hello-world-1989/cn-news/main/README.md
[OK] proxies=6 new=6 url=https://raw.githubusercontent.com/hello-world-1989/v2-sub/main/end-gfw-together-af3e13
[OK] proxies=14 source=[大FQ运动] url=https://raw.githubusercontent.com/hello-world-1989/cn-news/main/README.md
============================================================
[INFO] sublink try repo: https://github.com/Pawdroid/Free-servers
[INFO] sublink try page: https://raw.githubusercontent.com/Pawdroid/Free-servers/main/README.md
[OK] proxies=20 new=20 url=https://raw.githubusercontent.com/Pawdroid/Free-servers/main/README.md
[OK] proxies=20 new=0 url=https://raw.githubusercontent.com/Pawdroid/Free-servers/main/sub
[OK] proxies=1 new=1 url=https://apps.apple.com/cn/app/shadowshare/id1612647259
[OK] proxies=1 new=1 url=http://www.surflare.com
[OK] proxies=22 source=[Pawdroid] url=https://raw.githubusercontent.com/Pawdroid/Free-servers/main/README.md
============================================================
[INFO] source try url: https://xmxosfepggzm.503403.xyz
[OK] proxies=3 new=3 url=https://xmxosfepggzm.503403.xyz
[OK] proxies=3 source=[FreeV2-Base64] url=https://xmxosfepggzm.503403.xyz
============================================================
[INFO] source try url: https://links.bocchi2b.top/clash
[OK] proxies=32 new=32 url=https://links.bocchi2b.top/clash
[OK] proxies=32 source=[Bocchi2b-Base64] url=https://links.bocchi2b.top/clash
============================================================
[INFO] toolkit try repo: https://github.com/bannedbook/fanqiang
[INFO] toolkit try release: https://github.com/bannedbook/fanqiang/releases
[INFO] toolkit try release: https://github.com/bannedbook/fanqiang/releases/expanded_assets/ChromeGo-latest
[INFO] toolkit try download: https://github.com/bannedbook/fanqiang/releases/download/ChromeGo-latest/ChromeGo.7z
[OK] toolkit downloaded: ChromeGo.7z bytes=100924352
[OK] toolkit extracted archive=ChromeGo.7z tool=7z files=222 dirs=45
[OK] toolkit discovered subs=107 embedded=12 archive=ChromeGo.7z
[OK] proxies=6 new=6 embedded=archive-config
[OK] proxies=3 new=3 url=https://gitlab.com/free9999/ipupdate/master/backup/img/1/2/{ipp|ip}/clash.meta2/{5|6|3|1|4|2}/config.yaml
[OK] proxies=3 new=0 url=https://www.67867867.xyz/Alvin9999/PAC/refs/heads/master/backup/img/1/2/{ipp|ip}/clash.meta2/{5|6|3|1|4|2}/config.yaml
[OK] proxies=7 new=5 url=https://gitlab.com/free9999/ipupdate/master/backup/img/1/2/{ipp|ip}/{hysteria2|singbox|naiveproxy|hysteria|xray}/{3|1|4|2}/config.json
[OK] proxies=7 new=0 url=https://www.67867867.xyz/Alvin9999/PAC/refs/heads/master/backup/img/1/2/{ipp|ip}/{hysteria2|singbox|naiveproxy|hysteria|xray}/{3|1|4|2}/config.json
[OK] proxies=14 source=[ChromeGO-Toolkit] url=https://github.com/bannedbook/fanqiang/releases/download/ChromeGo-latest/ChromeGo.7z
============================================================
[INFO] sublink try repo: https://github.com/ShiteThings/extractNodes
[INFO] sublink try page: https://raw.githubusercontent.com/ShiteThings/extractNodes/main/README.md
[OK] proxies=31 new=30 url=https://{chg26.makou.cc.cd|chg64.makou.cc.cd}
[OK] proxies=26 new=1 url=https://chg26.makou.cc.cd/sb
[OK] proxies=31 source=[ChromeGO-ShiteThings] url=https://raw.githubusercontent.com/ShiteThings/extractNodes/main/README.md
============================================================
[INFO] sublink try repo: https://github.com/shangui999/chromego_merge
[INFO] sublink try page: https://raw.githubusercontent.com/shangui999/chromego_merge/master/ReadMe.md
[OK] proxies=10 new=10 url=https://freedman.netlify.app/sub/merged_proxies_new.yaml
[OK] proxies=11 new=1 url=https://freedman.netlify.app/sub/merged_warp_proxies_new.yaml
[OK] proxies=11 new=6 url=https://freedman.netlify.app/sub/shadowrocket_base64.txt
[OK] proxies=16 new=16 url=https://freedman.netlify.app/sub/sb.json
[INFO] sublink try repo: https://github.com/yaney01/chromego
[INFO] sublink try page: https://raw.githubusercontent.com/yaney01/chromego/main/ReadMe.md
[OK] proxies=50 new=46 url=https://raw.githubusercontent.com/yaney01/chromego/main/sub/merged_proxies_new.yaml
[OK] proxies=51 new=0 url=https://raw.githubusercontent.com/yaney01/chromego/main/sub/merged_warp_proxies_new.yaml
[OK] proxies=13 new=7 url=https://raw.githubusercontent.com/yaney01/chromego/main/sub/shadowrocket_base64.txt
[OK] proxies=13 new=0 url=https://raw.githubusercontent.com/yaney01/chromego/main/sub/sb.json
[INFO] sublink try repo: https://github.com/Misaka-blog/chromego_merge
[INFO] sublink try page: https://raw.githubusercontent.com/Misaka-blog/chromego_merge/main/README.md
[OK] proxies=27 new=27 url=https://chromego-sub.netlify.app/sub/merged_proxies_new.yaml
[OK] proxies=113 source=[ChromeGO-Merge] url=https://raw.githubusercontent.com/Misaka-blog/chromego_merge/main/README.md
============================================================
[INFO] source try url: https://freesocks.org/api/v1/sub/02b897e8e77f19176b0b9f2c75864b00
[OK] proxies=3 new=3 url=https://freesocks.org/api/v1/sub/02b897e8e77f19176b0b9f2c75864b00
[OK] proxies=3 source=[Freesocks] url=https://freesocks.org/api/v1/sub/02b897e8e77f19176b0b9f2c75864b00
============================================================
[INFO] source try url: https://neko-warp.nloli.xyz/neko_warp.yaml
[OK] proxies=10 new=10 url=https://neko-warp.nloli.xyz/neko_warp.yaml
[OK] proxies=10 source=[NekoWarp] url=https://neko-warp.nloli.xyz/neko_warp.yaml
============================================================
[INFO] toolkit try chrome: https://chromewebstore.google.com/detail/free-vpn-proxy-1vpn/akcocjjpkmlniicdeemdceeajlmoabhg
[INFO] toolkit try download: https://clients2.google.com/service/update2/crx?response=redirect&prodversion=131.0.6778.0&acceptformat=crx2,crx3&x=id%3dakcocjjpkmlniicdeemdceeajlmoabhg%26uc
[OK] toolkit downloaded: free-vpn-proxy-1vpn.crx bytes=1627904
[OK] toolkit extracted archive=free-vpn-proxy-1vpn.crx tool=zipfile files=68 dirs=57
[OK] toolkit 1vpn-crx scanned hosts=17 keys=1 archive=free-vpn-proxy-1vpn.crx
[OK] proxies=17 source=[1VPN-CRX] url=https://clients2.google.com/service/update2/crx?response=redirect&prodversion=131.0.6778.0&acceptformat=crx2,crx3&x=id%3dakcocjjpkmlniicdeemdceeajlmoabhg%26uc
============================================================
[INFO] article try feed: https://free.datiya.com/index.xml
[INFO] sublink try page: https://free.datiya.com/post/20260925/
[OK] proxies=14 new=14 url=https://free.datiya.com/uploads/20260925-clash.yaml
[OK] proxies=14 source=[OpenRunner-RSS] url=https://free.datiya.com/post/20260925/
============================================================
[INFO] article try feed: https://v2rayshare.com/feed
[INFO] sublink try page: https://v2rayshare.com/p/4097.html
[INFO] sublink try repo: https://github.com/firefoxmmx2/v2rayshare_subcription
[INFO] sublink try page: https://raw.githubusercontent.com/firefoxmmx2/v2rayshare_subcription/main/README.md
[OK] proxies=22 new=22 url=https://{raw.githubusercontent.com|cdn.jsdelivr.net}/firefoxmmx2/v2rayshare_subcription/main/subscription/vray_sub.txt
[OK] proxies=21 new=0 url=https://{raw.githubusercontent.com|cdn.jsdelivr.net}/firefoxmmx2/v2rayshare_subcription/main/subscription/clash_sub.yaml
[OK] proxies=22 new=0 url=https://{raw.githubusercontent.com|cdn.jsdelivr.net}/firefoxmmx2/v2rayshare_subcription/main/subscription/mihomo_sub.yaml
[OK] proxies=22 source=[V2Rayshare-RSS] url=https://raw.githubusercontent.com/firefoxmmx2/v2rayshare_subcription/main/README.md
============================================================
[INFO] article try feed: https://www.mibei77.com/feed
[INFO] sublink try page: https://www.mibei77.com/695.html
[OK] proxies=109 new=109 url=https://mm.mibei77.com/202609/09.2564bacvs.txt
[OK] proxies=108 new=1 url=https://mm.mibei77.com/202609/0925Clashizx.yaml
[OK] proxies=110 source=[Mibei77-RSS] url=https://www.mibei77.com/695.html
============================================================
[INFO] article try feed: https://yoyapai.com/feed
[INFO] sublink try page: https://yoyapai.com/734
[OK] proxies=1 new=1 url=https://yoyapai.com/734
[OK] proxies=225 new=225 url=https://freenode.yoyapai.com/2026/09/25-yoyapai.com-clashvpnmianfeijiedian.yaml
[OK] proxies=225 new=0 url=https://freenode.yoyapai.com/2026/09/25-yoyapai.com-ssrv2rayvpnmianfeijiedian.txt
[OK] proxies=226 source=[Yoyapai-RSS] url=https://yoyapai.com/734
============================================================
[INFO] sublink try repo: https://github.com/free18/v2ray
[INFO] sublink try page: https://raw.githubusercontent.com/free18/v2ray/main/README.md
[OK] proxies=3 new=3 url=https://raw.githubusercontent.com/free18/v2ray/main/README.md
[OK] proxies=166 new=166 url=https://ghfast.top/https://raw.githubusercontent.com/free18/v2ray/refs/heads/main/v.txt
[OK] proxies=166 new=0 url=https://ghfast.top/https://raw.githubusercontent.com/free18/v2ray/refs/heads/main/c.yaml
[OK] proxies=169 source=[免费节点1] url=https://raw.githubusercontent.com/free18/v2ray/main/README.md
============================================================
[INFO] sublink try repo: https://github.com/ermaozi/get_subscribe
[INFO] sublink try page: https://raw.githubusercontent.com/ermaozi/get_subscribe/main/README.md
[INFO] sublink file_nodes=0 bare links=9
[OK] proxies=360 new=360 url=https://www.ermao.net/sub/{clash|v2ray}/ermao.net
[OK] proxies=355 new=0 url=https://www.ermao.net/sub/{reachable|unreachable|untested}/clash/ermao.net
[OK] proxies=360 source=[免费节点2] url=https://raw.githubusercontent.com/ermaozi/get_subscribe/main/README.md
============================================================
[INFO] sublink try repo: https://github.com/sunmiao4458/free-proxy-airport
[INFO] sublink try page: https://raw.githubusercontent.com/sunmiao4458/free-proxy-airport/main/README.md
[OK] proxies=35 new=35 url=https://sunmiao4458.github.io/free-proxy-airport/clash.yaml
[OK] proxies=35 source=[免费节点3] url=https://raw.githubusercontent.com/sunmiao4458/free-proxy-airport/main/README.md
============================================================
[INFO] sublink try repo: https://github.com/mfuu/FreeProxies
[INFO] sublink try page: https://raw.githubusercontent.com/mfuu/FreeProxies/master/README.md
[OK] proxies=750 new=750 url=https://raw.githubusercontent.com/mfuu/FreeProxies/master/sub.yaml
[OK] proxies=750 source=[免费节点4] url=https://raw.githubusercontent.com/mfuu/FreeProxies/master/README.md
============================================================
[INFO] sublink try repo: https://github.com/vxiaov/free_proxies
[INFO] sublink try page: https://raw.githubusercontent.com/vxiaov/free_proxies/main/README.md
[OK] proxies=1 new=1 url=https://raw.githubusercontent.com/vxiaov/free_proxies/main/README.md
[OK] proxies=28 new=28 url=https://{cdn.jsdelivr.net|raw.githubusercontent.com}/vxiaov/free_proxies/main/clash/clash.provider.yaml
[OK] proxies=29 source=[免费节点5] url=https://raw.githubusercontent.com/vxiaov/free_proxies/main/README.md
============================================================
[INFO] sublink try repo: https://github.com/anaer/Sub
[INFO] sublink try page: https://raw.githubusercontent.com/anaer/Sub/main/README.MD
[OK] proxies=566 new=566 url=https://anaer.github.io/Sub/clash.yaml
[OK] proxies=566 new=0 url=https://raw.githubusercontent.com/anaer/Sub/main/clash.yaml
[OK] proxies=566 source=[免费节点6] url=https://raw.githubusercontent.com/anaer/Sub/main/README.MD
============================================================
[INFO] sublink try repo: https://github.com/snakem982/proxypool
[INFO] sublink try page: https://raw.githubusercontent.com/snakem982/proxypool/main/README.md
[OK] proxies=64 new=64 url=https://raw.githubusercontent.com/snakem982/proxypool/main/source/clash-meta-2.yaml
[OK] proxies=62 new=0 url=https://raw.githubusercontent.com/snakem982/proxypool/main/source/v2ray-2.txt
[OK] proxies=60 new=0 url=https://raw.githubusercontent.com/snakem982/proxypool/main/source/sing-box-2.json
[OK] proxies=64 source=[免费节点7] url=https://raw.githubusercontent.com/snakem982/proxypool/main/README.md
============================================================
[INFO] sublink try repo: https://github.com/mahdibland/V2RayAggregator
[INFO] sublink try page: https://raw.githubusercontent.com/mahdibland/V2RayAggregator/master/README.md
[OK] proxies=377 new=377 url=https://raw.githubusercontent.com/mahdibland/V2RayAggregator/master/README.md
[OK] proxies=1 new=1 url=https://github.com/mahdibland/SSAggregator/actions/workflows/Collector.yml
[OK] proxies=1 new=0 url=https://github.com/mahdibland/SSAggregator/actions/workflows/Airport_Collector.yml
[OK] proxies=193 new=0 url=https://raw.githubusercontent.com/mahdibland/ShadowsocksAggregator/master/Eternity.txt
[OK] proxies=194 new=8 url=https://raw.githubusercontent.com/mahdibland/ShadowsocksAggregator/master/Eternity.yml
[OK] proxies=61 new=61 url=https://raw.githubusercontent.com/mahdibland/ShadowsocksAggregator/master/EternityAir.txt
[OK] proxies=3925 new=3634 url=https://raw.githubusercontent.com/mahdibland/SSAggregator/master/sub/sub_merge_base64.txt
[OK] proxies=3925 new=0 url=https://raw.githubusercontent.com/mahdibland/{SSAggregator|ShadowsocksAggregator}/master/sub/sub_merge.txt
[OK] proxies=4090 new=166 url=https://raw.githubusercontent.com/mahdibland/SSAggregator/master/sub/sub_merge_yaml.yml
[OK] proxies=61 new=0 url=https://raw.githubusercontent.com/mahdibland/SSAggregator/master/sub/airport_merge_base64.txt
[OK] proxies=61 new=0 url=https://raw.githubusercontent.com/mahdibland/SSAggregator/master/sub/airport_sub_merge.txt
[OK] proxies=1425 new=0 url=https://raw.githubusercontent.com/mahdibland/ShadowsocksAggregator/master/sub/splitted/vmess.txt
[OK] proxies=596 new=0 url=https://raw.githubusercontent.com/mahdibland/ShadowsocksAggregator/master/sub/splitted/trojan.txt
[OK] proxies=54 new=0 url=https://raw.githubusercontent.com/mahdibland/ShadowsocksAggregator/master/sub/splitted/ssr.txt
[OK] proxies=1850 new=0 url=https://raw.githubusercontent.com/mahdibland/ShadowsocksAggregator/master/sub/splitted/ss.txt
[OK] proxies=1 new=0 url=https://cdn.jsdelivr.net/gh/mahdibland/V2RayAggregator@master/update/provider/provider-meta.yml
[OK] proxies=1 new=0 url=https://cdn.jsdelivr.net/gh/mahdibland/V2RayAggregator@master/update/provider/provider-meta-cn.yml
[OK] proxies=1 new=0 url=https://cdn.jsdelivr.net/gh/mahdibland/V2RayAggregator@master/update/provider/provider-meta-others.yml
[OK] proxies=1 new=0 url=https://cdn.jsdelivr.net/gh/mahdibland/V2RayAggregator@master/update/provider/provider.yml
[OK] proxies=1 new=0 url=https://cdn.jsdelivr.net/gh/mahdibland/V2RayAggregator@master/update/provider/provider-cn.yml
[OK] proxies=1 new=0 url=https://cdn.jsdelivr.net/gh/mahdibland/V2RayAggregator@master/update/provider/provider-others.yml
[OK] proxies=4247 source=[免费节点8] url=https://raw.githubusercontent.com/mahdibland/V2RayAggregator/master/README.md
============================================================
[INFO] sublink try repo: https://github.com/w1770946466/Auto_proxy
[INFO] sublink try page: https://raw.githubusercontent.com/w1770946466/Auto_proxy/main/README.md
[OK] proxies=1 new=1 url=https://github.com/w1770946466/Auto_proxy/actions/workflows/main.yml
[OK] proxies=245 new=245 url=https://raw.githubusercontent.com/w1770946466/Auto_proxy/main/{Long_term_subscription2.yaml|Long_term_subscription1.yaml|Long_term_subscription3.yaml}
[OK] proxies=489 new=54 url=https://raw.githubusercontent.com/w1770946466/Auto_proxy/main/{Long_term_subscription1|Long_term_subscription2|Long_term_subscription3|Long_term_subscription4|Long_term_subscription5|Long_term_subscription6|Long_term_subscription7|Long_term_subscription8}
[OK] proxies=489 new=315 url=https://raw.githubusercontent.com/w1770946466/Auto_proxy/main/Long_term_subscription_num
[OK] proxies=615 source=[免费节点9] url=https://raw.githubusercontent.com/w1770946466/Auto_proxy/main/README.md
============================================================
[INFO] sublink try repo: https://github.com/PuddinCat/BestClash
[INFO] sublink try page: https://raw.githubusercontent.com/PuddinCat/BestClash/main/README.md
[OK] proxies=16 new=16 url=https://raw.githubusercontent.com/PuddinCat/BestClash/main/proxies.yaml
[OK] proxies=28 new=28 url=https://cdn.jsdelivr.net/gh/vxiaov/free_proxies@main/clash/clash.provider.yaml
[OK] proxies=24 new=24 url=https://freenode.openrunner.net/uploads/20240807-clash.yaml
[OK] proxies=27 new=27 url=https://raw.githubusercontent.com/Misaka-blog/chromego_merge/main/sub/merged_proxies_new.yaml
[OK] proxies=3701 new=3689 url=https://raw.githubusercontent.com/{NiceVPN123|anaer}/{NiceVPN|Sub}/main/{Clash.yaml|clash.yaml}
[OK] proxies=27 new=0 url=https://raw.githubusercontent.com/{chengaopan|peasoft}/{AutoMergePublicNodes|NoMoreWalls}/master/list.yml
[OK] proxies=355 new=333 url=https://raw.githubusercontent.com/{ermaozi|ermaozi01}/{get_subscribe|free_clash_vpn}/main/subscribe/clash.yml
[OK] proxies=194 new=189 url=https://raw.githubusercontent.com/mahdibland/ShadowsocksAggregator/master/Eternity.yml
[OK] proxies=165 new=160 url=https://raw.githubusercontent.com/ronghuaxueleng/get_v2/main/pub/combine.yaml
[OK] proxies=144 new=3 url=https://raw.githubusercontent.com/zhangkaiitugithub/passcro/main/speednodes.yaml
[OK] proxies=4469 source=[免费节点10] url=https://raw.githubusercontent.com/PuddinCat/BestClash/main/README.md
============================================================
[INFO] sublink try repo: https://github.com/kooker/FreeSubsCheck
[INFO] sublink try page: https://raw.githubusercontent.com/kooker/FreeSubsCheck/main/README.md
[OK] proxies=6 new=6 url=https://raw.githubusercontent.com/kooker/FreeSubsCheck/main/mihomo.yaml
[OK] proxies=6 new=0 url=https://raw.githubusercontent.com/kooker/FreeSubsCheck/main/all.yaml
[OK] proxies=3 new=1 url=https://raw.githubusercontent.com/kooker/FreeSubsCheck/main/base64.txt
[OK] proxies=2 new=1 url=https://raw.githubusercontent.com/kooker/FreeSubsCheck/main/byxiaoxi.txt
[OK] proxies=402 new=400 url=https://raw.githubusercontent.com/kooker/FreeSubsCheck/main/kooker.jp.txt
[OK] proxies=408 source=[免费节点11] url=https://raw.githubusercontent.com/kooker/FreeSubsCheck/main/README.md
============================================================
[INFO] toolkit try repo: https://github.com/Pawdroid/shadowrocket_for_android
[INFO] toolkit try release: https://github.com/Pawdroid/shadowrocket_for_android/releases
[INFO] toolkit try release: https://github.com/Pawdroid/shadowrocket_for_android/releases/expanded_assets/10.10.55
[INFO] toolkit try download: https://github.com/Pawdroid/shadowrocket_for_android/releases/download/10.10.55/Shadowrocket_10.10.55_shadowrocketStandard_arm64-v8a.apk
[OK] toolkit downloaded: Shadowrocket_10.10.55_shadowrocketStandard_arm64-v8a.apk bytes=41449171
[OK] toolkit extracted archive=Shadowrocket_10.10.55_shadowrocketStandard_arm64-v8a.apk tool=zipfile files=1179 dirs=44
[OK] toolkit sr-apk scanned prefixes=38 files=6 keys=2 archive=Shadowrocket_10.10.55_shadowrocketStandard_arm64-v8a.apk
[OK] proxies=845 new=845 url=https://{raw.githubusercontent.com|cdn.jsdelivr.net}/pixelor/ecfg/main/data/ecfg6_zh
[OK] proxies=164 new=70 url=https://{raw.githubusercontent.com|cdn.jsdelivr.net}/pixelor/ecfg/main/data/ecfg6
[OK] proxies=1003 new=239 url=https://{raw.githubusercontent.com|cdn.jsdelivr.net}/pixelor/ecfg/main/data/ecfg6_en
[OK] proxies=600 new=0 url=https://{files.shadowrockets.app|cdn.shadowrockets.app}/ecfg/data/ecfg6_zh
[OK] proxies=600 new=0 url=https://{files.shadowrockets.app|cdn.shadowrockets.app}/ecfg/data/ecfg6_en
[OK] proxies=138 new=0 url=https://{files.shadowrockets.app|cdn.shadowrockets.app}/ecfg/data/ecfg6
[OK] proxies=1154 source=[Pawdroid-SR-APK] url=https://github.com/Pawdroid/shadowrocket_for_android/releases/download/10.10.55/Shadowrocket_10.10.55_shadowrocketStandard_arm64-v8a.apk
============================================================
[INFO] toolkit try page: https://shadowshare.v2cross.com
[INFO] toolkit try download: https://shadowshare.v2cross.com/shadowshare.apk
[OK] toolkit downloaded: shadowshare.apk bytes=62868122
[OK] toolkit extracted archive=shadowshare.apk tool=zipfile files=612 dirs=39
[OK] toolkit ss-apk scanned prefixes=10 files=3 keys=1 archive=shadowshare.apk
[OK] proxies=218 new=189 url=https://{raw.githubusercontent.com|jsd.onmicrosoft.cn}/hideme9527/ecsfg/main/data/sareserver
[OK] proxies=1386 new=1311 url=https://{raw.githubusercontent.com|jsd.onmicrosoft.cn}/hideme9527/ecsfg/main/data/sareserver_en
[OK] proxies=122 new=0 url=https://{shadowsharing.com|sare.159236.xyz}/data/sareserver
[OK] proxies=1386 new=0 url=https://{shadowsharing.com|sare.159236.xyz}/data/sareserver_en
[OK] proxies=161 new=29 url=https://gitee.com/api/v5/repos/{zhiminghao|elvenapp|guoyoucai1}/ecsfg/raw/data/sareserver
[OK] proxies=1386 new=0 url=https://gitee.com/api/v5/repos/{zhiminghao|elvenapp|guoyoucai1}/ecsfg/raw/data/sareserver_en
[OK] proxies=1529 source=[Pawdroid-SS-APK] url=https://shadowshare.v2cross.com/shadowshare.apk
============================================================
[INFO] sublink try repo: https://github.com/free-nodes/clashfree
[INFO] sublink try page: https://raw.githubusercontent.com/free-nodes/clashfree/main/README.md
[OK] proxies=1 new=1 url=https://github.com/free-nodes/clashfree/blob/main/clash20260925.yml
[INFO] sublink file_nodes=1 bare links=3
[WARN] source=[Clashfree] few proxies found=1 raw=173
[INFO] source=[Clashfree] reused previous raw file=797390748968-raw-1031-20260925.yaml stamp=202609251031
[OK] proxies=173 source=[Clashfree] url=https://raw.githubusercontent.com/free-nodes/clashfree/main/README.md
============================================================
[INFO] sublink try repo: https://github.com/Epodonios/v2ray-configs
[INFO] sublink try page: https://raw.githubusercontent.com/Epodonios/v2ray-configs/main/README.md
[OK] proxies=1 new=1 url=https://github.com/Epodonios/V2ray-Configs/actions/workflows/main.yml
[OK] proxies=4207 new=4207 url=https://github.com/Epodonios/v2ray-configs/raw/main/All_Configs_Sub.txt
[OK] proxies=4207 new=0 url=https://github.com/Epodonios/v2ray-configs/raw/main/All_Configs_base64_Sub.txt
[OK] proxies=3430 new=0 url=https://github.com/Epodonios/v2ray-configs/raw/main/Splitted-By-Protocol/vless.txt
[OK] proxies=183 new=1 url=https://github.com/Epodonios/v2ray-configs/raw/main/Splitted-By-Protocol/vmess.txt
[OK] proxies=388 new=9 url=https://github.com/Epodonios/v2ray-configs/raw/main/Splitted-By-Protocol/ss.txt
[OK] proxies=3 new=0 url=https://github.com/Epodonios/v2ray-configs/raw/main/Splitted-By-Protocol/ssr.txt
[OK] proxies=167 new=0 url=https://github.com/Epodonios/v2ray-configs/raw/main/Splitted-By-Protocol/trojan.txt
[OK] proxies=4207 new=0 url=https://raw.githubusercontent.com/Epodonios/v2ray-configs/main/{Sub1.txt|Sub2.txt|Sub3.txt|Sub4.txt|Sub5.txt|Sub6.txt|Sub7.txt|Sub8.txt}
[OK] proxies=4218 source=[Epodonios] url=https://raw.githubusercontent.com/Epodonios/v2ray-configs/main/README.md
============================================================
[INFO] sublink try repo: https://github.com/free-clash-v2ray/free-clash-v2ray.github.io
[INFO] sublink try page: https://raw.githubusercontent.com/free-clash-v2ray/free-clash-v2ray.github.io/main/README.md
[OK] proxies=3279 new=3279 url=https://free-clash-v2ray.github.io/uploads/2026/09/{0-20260920.yaml|1-20260920.yaml|2-20260920.yaml|3-20260920.yaml}
[OK] proxies=4810 new=1941 url=https://free-clash-v2ray.github.io/uploads/2026/09/{0-20260920.txt|1-20260920.txt|2-20260920.txt|3-20260920.txt|4-20260920.txt}
[OK] proxies=5220 source=[Free-clash-v2ray] url=https://raw.githubusercontent.com/free-clash-v2ray/free-clash-v2ray.github.io/main/README.md
============================================================
[INFO] article try page: https://v2rayclashfree.com
[INFO] sublink try page: https://v2rayclashfree.com/fn/20260925.html
[OK] proxies=3156 new=3156 url=https://v2rayclashfree.com/sub/20260925-v2ray.txt
[OK] proxies=3042 new=423 url=https://v2rayclashfree.com/sub/20260925-clash.yaml
[OK] proxies=3579 source=[V2rayclashfree-RSS] url=https://v2rayclashfree.com/fn/20260925.html
============================================================
[INFO] raw backup written path=/home/runner/work/Free-node-autotest/Free-node-autotest/output/raw.yaml proxies=28218
[INFO] toolkit try repo: https://github.com/MetaCubeX/mihomo
[INFO] toolkit try release: https://github.com/MetaCubeX/mihomo/releases
[INFO] toolkit try release: https://github.com/MetaCubeX/mihomo/releases/expanded_assets/v1.19.31
[INFO] toolkit try download: https://github.com/MetaCubeX/mihomo/releases/download/v1.19.31/mihomo-linux-amd64-compatible-v1.19.31.gz
[OK] toolkit downloaded: mihomo-linux-amd64-compatible-v1.19.31.gz bytes=22821836
[OK] toolkit sha256 verified: mihomo-linux-amd64-compatible-v1.19.31.gz sha256=04cf9f09671704f839ddbee2e93069dc831a4123a75281e725d1d96ab9ac1afc
[OK] proxy engine ready: starting latency test package=mihomo-linux-amd64-compatible-v1.19.31.gz
============================================================
[WARN] batch start failed size=18716 {1} split -> 9358 {2} + 9358 {3}
[WARN] batch start failed size=9358 {2} split -> 4679 {4} + 4679 {5}
[WARN] batch start failed size=9358 {3} split -> 4679 {6} + 4679 {7}
[WARN] batch start failed size=4679 {4} split -> 2339 {8} + 2340 {9}
[WARN] batch start failed size=4679 {7} split -> 2339 {10} + 2340 {11}
[WARN] batch start failed size=4679 {6} split -> 2339 {12} + 2340 {13}
[TEST] {5} tested 100/4679 kept=1 rest=18616
[WARN] batch start failed size=2339 {8} split -> 1169 {14} + 1170 {15}
[TEST] {9} tested 100/2340 kept=53 rest=18479
[TEST] {10} tested 100/2339 kept=1 rest=18327
[TEST] {10} tested 200/2339 kept=6 rest=18166
[TEST] {5} tested 200/4679 kept=1 rest=18161
[TEST] {10} tested 300/2339 kept=9 rest=18004
[TEST] {9} tested 200/2340 kept=68 rest=17950
[TEST] {9} tested 300/2340 kept=68 rest=17844
[TEST] {10} tested 400/2339 kept=11 rest=17712
[TEST] {5} tested 300/4679 kept=1 rest=17612
[TEST] {9} tested 400/2340 kept=68 rest=17441
[TEST] {10} tested 500/2339 kept=12 rest=17411
[TEST] {9} tested 500/2340 kept=68 rest=17336
[TEST] {9} tested 600/2340 kept=68 rest=17236
[TEST] {5} tested 400/4679 kept=1 rest=17125
[TEST] {10} tested 600/2339 kept=12 rest=17020
[TEST] {10} tested 700/2339 kept=13 rest=16869
[TEST] {9} tested 700/2340 kept=68 rest=16795
[TEST] {10} tested 800/2339 kept=13 rest=16630
[TEST] {9} tested 800/2340 kept=68 rest=16593
[TEST] {5} tested 500/4679 kept=1 rest=16589
[TEST] {10} tested 900/2339 kept=13 rest=16453
[TEST] {5} tested 600/4679 kept=1 rest=16312
[TEST] {10} tested 1000/2339 kept=20 rest=16293
[TEST] {9} tested 900/2340 kept=69 rest=16170
[TEST] {10} tested 1100/2339 kept=27 rest=15996
[TEST] {5} tested 700/4679 kept=1 rest=15862
[TEST] {10} tested 1200/2339 kept=90 rest=15820
[TEST] {10} tested 1300/2339 kept=146 rest=15681
[TEST] {10} tested 1400/2339 kept=179 rest=15570
[TEST] {10} tested 1500/2339 kept=204 rest=15462
[TEST] {10} tested 1600/2339 kept=225 rest=15361
[TEST] {10} tested 1700/2339 kept=244 rest=15260
[TEST] {9} tested 1000/2340 kept=69 rest=15150
[TEST] {10} tested 1800/2339 kept=323 rest=15143
[TEST] {10} tested 1900/2339 kept=377 rest=14976
[TEST] {10} tested 2000/2339 kept=394 rest=14868
[TEST] {10} tested 2100/2339 kept=401 rest=14762
[TEST] {10} tested 2200/2339 kept=412 rest=14659
[TEST] {9} tested 1100/2340 kept=69 rest=14533
[TEST] {5} tested 800/4679 kept=1 rest=14524
[TEST] {5} tested 900/4679 kept=1 rest=14405
[TEST] {10} tested 2300/2339 kept=420 rest=14385
[TEST] {10} tested 2339/2339 kept=424 rest=14240
[TEST] {9} tested 1200/2340 kept=69 rest=14214
[TEST] {5} tested 1000/4679 kept=2 rest=14142
[TEST] {5} tested 1100/4679 kept=2 rest=14026
[WARN] batch start failed size=2340 {11} split -> 1170 {16} + 1170 {17}
[TEST] {5} tested 1200/4679 kept=2 rest=13916
[TEST] {5} tested 1300/4679 kept=2 rest=13812
[WARN] batch start failed size=2339 {12} split -> 1169 {18} + 1170 {19}
[TEST] {9} tested 1300/2340 kept=69 rest=13725
[WARN] batch start failed size=2340 {13} split -> 1170 {20} + 1170 {21}
[TEST] {9} tested 1400/2340 kept=69 rest=13583
[TEST] {5} tested 1400/4679 kept=2 rest=13576
[TEST] {5} tested 1500/4679 kept=2 rest=13463
[TEST] {5} tested 1600/4679 kept=2 rest=13346
[WARN] batch start failed size=1169 {14} split -> 584 {22} + 585 {23}
[TEST] {5} tested 1700/4679 kept=2 rest=13225
[TEST] {9} tested 1500/2340 kept=69 rest=13132
[TEST] {5} tested 1800/4679 kept=2 rest=12968
[TEST] {5} tested 1900/4679 kept=7 rest=12858
[TEST] {15} tested 100/1170 kept=2 rest=12766
[TEST] {9} tested 1600/2340 kept=69 rest=12683
[TEST] {9} tested 1700/2340 kept=69 rest=12567
[TEST] {5} tested 2000/4679 kept=7 rest=12505
[TEST] {15} tested 200/1170 kept=4 rest=12377
[TEST] {15} tested 300/1170 kept=34 rest=12253
[TEST] {9} tested 1800/2340 kept=129 rest=12180
[TEST] {9} tested 1900/2340 kept=170 rest=12059
[TEST] {5} tested 2100/4679 kept=7 rest=11946
[TEST] {5} tested 2200/4679 kept=7 rest=11840
[TEST] {15} tested 400/1170 kept=39 rest=11743
[TEST] {15} tested 500/1170 kept=39 rest=11624
[TEST] {15} tested 600/1170 kept=39 rest=11518
[TEST] {9} tested 2000/2340 kept=172 rest=11483
[TEST] {5} tested 2300/4679 kept=8 rest=11351
[TEST] {9} tested 2100/2340 kept=172 rest=11241
[TEST] {5} tested 2400/4679 kept=8 rest=11229
[TEST] {15} tested 700/1170 kept=39 rest=11094
[TEST] {15} tested 800/1170 kept=39 rest=10970
[TEST] {5} tested 2500/4679 kept=8 rest=10797
[TEST] {9} tested 2200/2340 kept=172 rest=10790
[TEST] {5} tested 2600/4679 kept=8 rest=10668
[TEST] {15} tested 900/1170 kept=39 rest=10578
[TEST] {15} tested 1000/1170 kept=39 rest=10432
[TEST] {5} tested 2700/4679 kept=8 rest=10389
[TEST] {9} tested 2300/2340 kept=172 rest=10353
[TEST] {5} tested 2800/4679 kept=8 rest=10220
[TEST] {15} tested 1100/1170 kept=40 rest=10071
[TEST] {9} tested 2340/2340 kept=172 rest=10052
[WARN] batch start failed size=1170 {16} split -> 585 {24} + 585 {25}
[TEST] {5} tested 2900/4679 kept=9 rest=9996
[TEST] {17} tested 100/1170 kept=0 rest=9811
[TEST] {17} tested 200/1170 kept=1 rest=9693
[TEST] {15} tested 1170/1170 kept=40 rest=9618
[TEST] {17} tested 300/1170 kept=1 rest=9573
[TEST] {5} tested 3000/4679 kept=9 rest=9533
[TEST] {18} tested 100/1169 kept=0 rest=9398
[TEST] {17} tested 400/1170 kept=2 rest=9270
[TEST] {17} tested 500/1170 kept=3 rest=9163
[TEST] {5} tested 3100/4679 kept=10 rest=9071
[TEST] {17} tested 600/1170 kept=11 rest=9045
[TEST] {17} tested 700/1170 kept=21 rest=8928
[TEST] {17} tested 800/1170 kept=26 rest=8819
[TEST] {17} tested 900/1170 kept=34 rest=8705
[TEST] {17} tested 1000/1170 kept=82 rest=8582
[TEST] {18} tested 200/1169 kept=0 rest=8427
[TEST] {18} tested 300/1169 kept=2 rest=8305
[TEST] {17} tested 1100/1170 kept=149 rest=8257
[TEST] {5} tested 3200/4679 kept=11 rest=8202
[TEST] {5} tested 3300/4679 kept=12 rest=8087
[TEST] {5} tested 3400/4679 kept=12 rest=7956
[TEST] {17} tested 1170/1170 kept=168 rest=7805
[TEST] {5} tested 3500/4679 kept=12 rest=7800
[TEST] {18} tested 400/1169 kept=13 rest=7796
[TEST] {18} tested 500/1169 kept=45 rest=7695
[TEST] {18} tested 600/1169 kept=109 rest=7576
[WARN] batch start failed size=1170 {19} split -> 585 {26} + 585 {27}
[TEST] {18} tested 700/1169 kept=187 rest=7398
[TEST] {5} tested 3600/4679 kept=12 rest=7391
[WARN] batch start failed size=1170 {20} split -> 585 {28} + 585 {29}
[TEST] {5} tested 3700/4679 kept=12 rest=7232
[TEST] {18} tested 800/1169 kept=255 rest=7158
[TEST] {21} tested 100/1170 kept=0 rest=6932
[TEST] {5} tested 3800/4679 kept=12 rest=6877
[TEST] {18} tested 900/1169 kept=315 rest=6833
[TEST] {21} tested 200/1170 kept=5 rest=6698
[TEST] {18} tested 1000/1169 kept=335 rest=6690
[TEST] {18} tested 1100/1169 kept=369 rest=6500
[TEST] {5} tested 3900/4679 kept=12 rest=6444
[TEST] {5} tested 4000/4679 kept=12 rest=6335
[TEST] {5} tested 4100/4679 kept=12 rest=6231
[TEST] {5} tested 4200/4679 kept=12 rest=6102
[TEST] {21} tested 300/1170 kept=8 rest=6018
[TEST] {21} tested 400/1170 kept=8 rest=5900
[TEST] {18} tested 1169/1169 kept=388 rest=5792
[TEST] {21} tested 500/1170 kept=9 rest=5788
[WARN] batch start failed size=584 {22} split -> 292 {30} + 292 {31}
[TEST] {5} tested 4300/4679 kept=12 rest=5680
[TEST] {5} tested 4400/4679 kept=12 rest=5504
[TEST] {23} tested 100/585 kept=16 rest=5378
[TEST] {5} tested 4500/4679 kept=12 rest=5355
[TEST] {21} tested 600/1170 kept=11 rest=5218
[TEST] {21} tested 700/1170 kept=12 rest=5097
[TEST] {21} tested 800/1170 kept=13 rest=4969
[TEST] {5} tested 4600/4679 kept=12 rest=4940
[TEST] {23} tested 200/585 kept=86 rest=4838
[TEST] {21} tested 900/1170 kept=13 rest=4717
[TEST] {5} tested 4679/4679 kept=12 rest=4651
[TEST] {21} tested 1000/1170 kept=14 rest=4568
[TEST] {24} tested 100/585 kept=6 rest=4398
[TEST] {24} tested 200/585 kept=11 rest=4297
[TEST] {24} tested 300/585 kept=15 rest=4183
[TEST] {21} tested 1100/1170 kept=15 rest=4081
[TEST] {24} tested 400/585 kept=21 rest=4065
[TEST] {24} tested 500/585 kept=35 rest=3954
[TEST] {23} tested 300/585 kept=96 rest=3884
[TEST] {23} tested 400/585 kept=117 rest=3775
[TEST] {21} tested 1170/1170 kept=15 rest=3670
[TEST] {24} tested 585/585 kept=61 rest=3636
[WARN] batch start failed size=585 {25} split -> 292 {32} + 293 {33}
[WARN] batch start failed size=585 {26} split -> 292 {34} + 293 {35}
[TEST] {23} tested 500/585 kept=132 rest=3530
[WARN] batch start failed size=585 {28} split -> 292 {36} + 293 {37}
[TEST] {27} tested 100/585 kept=5 rest=3465
[TEST] {29} tested 100/585 kept=0 rest=3335
[TEST] {29} tested 200/585 kept=0 rest=3234
[TEST] {23} tested 585/585 kept=132 rest=3041
[TEST] {27} tested 200/585 kept=9 rest=3029
[TEST] {27} tested 300/585 kept=9 rest=2928
[TEST] {29} tested 300/585 kept=0 rest=2833
[TEST] {31} tested 100/292 kept=0 rest=2745
[TEST] {29} tested 400/585 kept=0 rest=2622
[TEST] {29} tested 500/585 kept=5 rest=2492
[TEST] {31} tested 200/292 kept=6 rest=2484
[TEST] {27} tested 400/585 kept=15 rest=2360
[TEST] {27} tested 500/585 kept=24 rest=2200
[TEST] {31} tested 292/292 kept=12 rest=2128
[WARN] batch start failed size=292 {30} split -> 146 {38} + 146 {39}
[TEST] {29} tested 585/585 kept=8 rest=2126
[WARN] batch start failed size=292 {32} split -> 146 {40} + 146 {41}
[WARN] batch start failed size=292 {34} split -> 146 {42} + 146 {43}
[TEST] {35} tested 100/293 kept=5 rest=1932
[TEST] {35} tested 200/293 kept=7 rest=1830
[TEST] {27} tested 585/585 kept=26 rest=1765
[WARN] batch start failed size=293 {37} split -> 146 {44} + 147 {45}
[WARN] batch start failed size=292 {36} split -> 146 {46} + 146 {47}
[WARN] batch start failed size=146 {38} split -> 73 {48} + 73 {49}
[WARN] batch start failed size=146 {39} split -> 73 {50} + 73 {51}
[TEST] {33} tested 100/293 kept=30 rest=1689
[WARN] batch start failed size=146 {41} split -> 73 {52} + 73 {53}
[TEST] {40} tested 100/146 kept=7 rest=1545
[TEST] {35} tested 293/293 kept=14 rest=1459
[TEST] {42} tested 100/146 kept=5 rest=1350
[TEST] {33} tested 200/293 kept=48 rest=1298
[TEST] {40} tested 146/146 kept=14 rest=1214
[WARN] batch start failed size=146 {43} split -> 73 {54} + 73 {55}
[WARN] batch start failed size=146 {44} split -> 73 {56} + 73 {57}
[TEST] {42} tested 146/146 kept=24 rest=1177
[TEST] {33} tested 293/293 kept=48 rest=995
[WARN] batch start failed size=146 {47} split -> 73 {58} + 73 {59}
[TEST] {45} tested 100/147 kept=2 rest=957
[TEST] {45} tested 147/147 kept=2 rest=909
[WARN] batch start failed size=73 {49} split -> 36 {60} + 37 {61}
[TEST] {46} tested 100/146 kept=36 rest=893
[TEST] {46} tested 146/146 kept=36 rest=847
[WARN] batch start failed size=73 {50} split -> 36 {62} + 37 {63}
[WARN] batch start failed size=73 {52} split -> 36 {64} + 37 {65}
[TEST] {48} tested 73/73 kept=7 rest=750
[WARN] batch start failed size=73 {55} split -> 36 {66} + 37 {67}
[TEST] {51} tested 73/73 kept=31 rest=660
[TEST] {53} tested 73/73 kept=1 rest=590
[WARN] batch start failed size=73 {56} split -> 36 {68} + 37 {69}
[WARN] batch start failed size=73 {58} split -> 36 {70} + 37 {71}
[TEST] {54} tested 73/73 kept=9 rest=494
[WARN] batch start failed size=37 {61} split -> 18 {72} + 19 {73}
[WARN] batch start failed size=36 {60} split -> 18 {74} + 18 {75}
[TEST] {57} tested 73/73 kept=2 rest=434
[WARN] batch start failed size=37 {63} split -> 18 {76} + 19 {77}
[TEST] {59} tested 73/73 kept=6 rest=393
[WARN] batch start failed size=37 {65} split -> 18 {78} + 19 {79}
[TEST] {62} tested 36/36 kept=0 rest=353
[WARN] batch start failed size=37 {67} split -> 18 {80} + 19 {81}
[WARN] batch start failed size=36 {68} split -> 18 {82} + 18 {83}
[TEST] {64} tested 36/36 kept=4 rest=307
[TEST] {66} tested 36/36 kept=9 rest=294
[WARN] batch start failed size=37 {71} split -> 18 {84} + 19 {85}
[WARN] batch start failed size=18 {72} split -> 9 {86} + 9 {87}
[TEST] {69} tested 37/37 kept=0 rest=280
[WARN] batch start failed size=18 {75} split -> 9 {88} + 9 {89}
[TEST] {70} tested 36/36 kept=0 rest=239
[TEST] {74} tested 18/18 kept=6 rest=223
[WARN] batch start failed size=18 {76} split -> 9 {90} + 9 {91}
[TEST] {73} tested 19/19 kept=0 rest=208
[WARN] batch start failed size=19 {79} split -> 9 {92} + 10 {93}
[WARN] batch start failed size=19 {81} split -> 9 {94} + 10 {95}
[TEST] {77} tested 19/19 kept=5 rest=180
[WARN] batch start failed size=18 {83} split -> 9 {96} + 9 {97}
[TEST] {78} tested 18/18 kept=3 rest=153
[WARN] batch start failed size=18 {84} split -> 9 {98} + 9 {99}
[TEST] {80} tested 18/18 kept=2 rest=142
[TEST] {82} tested 18/18 kept=2 rest=140
[WARN] batch start failed size=9 {87} split -> 4 {100} + 5 {101}
[TEST] {85} tested 19/19 kept=0 rest=119
[WARN] batch start failed size=9 {89} split -> 4 {102} + 5 {103}
[WARN] batch start failed size=9 {90} split -> 4 {104} + 5 {105}
[TEST] {86} tested 9/9 kept=0 rest=111
[WARN] batch start failed size=9 {91} split -> 4 {106} + 5 {107}
[WARN] batch start failed size=9 {92} split -> 4 {108} + 5 {109}
[WARN] batch start failed size=9 {94} split -> 4 {110} + 5 {111}
[TEST] {88} tested 9/9 kept=5 rest=107
[TEST] {93} tested 10/10 kept=1 rest=92
[WARN] batch start failed size=9 {96} split -> 4 {112} + 5 {113}
[TEST] {95} tested 10/10 kept=0 rest=84
[WARN] batch start failed size=9 {98} split -> 4 {114} + 5 {115}
[WARN] batch start failed size=4 {100} split -> 2 {116} + 2 {117}
[WARN] batch start failed size=5 {101} split -> 2 {118} + 3 {119}
[TEST] {97} tested 9/9 kept=0 rest=77
[WARN] batch start failed size=5 {103} split -> 2 {120} + 3 {121}
[TEST] {99} tested 9/9 kept=0 rest=66
[WARN] batch start failed size=5 {105} split -> 2 {122} + 3 {123}
[WARN] batch start failed size=4 {106} split -> 2 {124} + 2 {125}
[TEST] {102} tested 4/4 kept=1 rest=65
[TEST] {107} tested 5/5 kept=0 rest=60
[WARN] batch start failed size=4 {108} split -> 2 {126} + 2 {127}
[TEST] {104} tested 4/4 kept=0 rest=59
[WARN] batch start failed size=4 {110} split -> 2 {128} + 2 {129}
[TEST] {109} tested 5/5 kept=0 rest=50
[WARN] batch start failed size=5 {113} split -> 2 {130} + 3 {131}
[TEST] {111} tested 5/5 kept=0 rest=46
[TEST] {112} tested 4/4 kept=0 rest=45
[WARN] batch start failed size=5 {115} split -> 2 {132} + 3 {133}
[WARN] batch start failed size=2 {116} split -> 1 {134} + 1 {135}
[WARN] batch start failed size=2 {117} split -> 1 {136} + 1 {137}
[WARN] batch start failed size=2 {118} split -> 1 {138} + 1 {139}
[WARN] batch start failed size=3 {121} split -> 1 {140} + 2 {141}
[WARN] batch start failed size=2 {120} split -> 1 {142} + 1 {143}
[TEST] {114} tested 4/4 kept=0 rest=39
[WARN] batch start failed size=3 {123} split -> 1 {144} + 2 {145}
[WARN] batch start failed size=2 {124} split -> 1 {146} + 1 {147}
[TEST] {119} tested 3/3 kept=0 rest=38
[TEST] {125} tested 2/2 kept=0 rest=36
[TEST] {122} tested 2/2 kept=0 rest=34
[WARN] batch start failed size=2 {127} split -> 1 {148} + 1 {149}
[WARN] batch start failed size=2 {129} split -> 1 {150} + 1 {151}
[TEST] {130} tested 2/2 kept=0 rest=30
[WARN] batch start failed size=3 {131} split -> 1 {152} + 2 {153}
[WARN] batch start failed size=3 {133} split -> 1 {154} + 2 {155}
[TEST] {126} tested 2/2 kept=1 rest=28
[TEST] {128} tested 2/2 kept=0 rest=27
[REPAIR] {135} name=[ChromeGO-Merge] WARP fields=dialer-proxy
[REPAIR] {137} name=[ChromeGO-Merge] France_hysteria_1 fields=up,down
[REPAIR] {136} name=[ChromeGO-Merge] United fields=up,down
[REPAIR] {138} name=[ChromeGO-Merge] United-2 fields=up,down
[TEST] {132} tested 2/2 kept=0 rest=26
[WARN] batch start failed size=2 {141} split -> 1 {156} + 1 {157}
[TEST] {139} tested 1/1 kept=0 rest=25
[REPAIR] {140} name=[ChromeGO-ShiteThings] hysteria-3 fields=up,down
[REPAIR] {142} name=[ChromeGO-ShiteThings] hysteria fields=up,down
[REPAIR] {143} name=[ChromeGO-ShiteThings] hysteria-2 fields=up,down
[REPAIR] {144} name=[ChromeGO-Merge] Taiwan fields=up,down
[TEST] {142} tested 1/1 kept=0 rest=24
[TEST] {140} tested 1/1 kept=0 rest=23
[TEST] {134} tested 1/1 kept=0 rest=22
[WARN] batch start failed size=2 {145} split -> 1 {158} + 1 {159}
[REPAIR] {146} name=[ChromeGO-Merge] Taiwan-2 fields=up,down
[TEST] {144} tested 1/1 kept=0 rest=21
[TEST] {143} tested 1/1 kept=0 rest=20
[REPAIR] {147} name=[ChromeGO-Merge] United-5 fields=up,down
[REPAIR] {149} name=[Free-clash-v2ray] hysteria fields=up,down
[TEST] {146} tested 1/1 kept=0 rest=19
[REPAIR] {151} name=[Pawdroid-SS-APK] United+Kingdom-2 fields=cipher
[TEST] {150} tested 1/1 kept=0 rest=18
[TEST] {149} tested 1/1 kept=0 rest=17
[TEST] {135} tested 1/1 kept=0 rest=16
[WARN] batch start failed size=2 {153} split -> 1 {160} + 1 {161}
[TEST] {137} tested 1/1 kept=0 rest=15
[WARN] batch start failed size=2 {155} split -> 1 {162} + 1 {163}
[TEST] {136} tested 1/1 kept=0 rest=14
[TEST] {138} tested 1/1 kept=0 rest=13
[TEST] {148} tested 1/1 kept=0 rest=12
[TEST] {151} tested 1/1 kept=1 rest=11
[REPAIR] {156} name=[ChromeGO-ShiteThings] hysteria-4 fields=up,down
[TEST] {147} tested 1/1 kept=0 rest=10
[REPAIR] {157} name=[ChromeGO-ShiteThings] hysteria-5 fields=up,down
[TEST] {152} tested 1/1 kept=0 rest=9
[TEST] {156} tested 1/1 kept=0 rest=8
[REPAIR] {158} name=[ChromeGO-Merge] France fields=up,down
[REPAIR] {159} name=[ChromeGO-Merge] United-4 fields=up,down
[TEST] {154} tested 1/1 kept=0 rest=7
[DROP] {161} name=[Epodonios] EPODONIOS-234 server=194.93.61.120:443 reason=Parse config error: proxy 0: 'reality-opts' has unset fields: public-key
[REPAIR] {162} name=[Epodonios] EPODONIOS-107 fields=cipher
[TEST] {157} tested 1/1 kept=0 rest=5
[TEST] {158} tested 1/1 kept=0 rest=4
[TEST] {160} tested 1/1 kept=0 rest=3
[TEST] {159} tested 1/1 kept=0 rest=2
[TEST] {163} tested 1/1 kept=0 rest=1
[TEST] {162} tested 1/1 kept=0 rest=0
[INFO] dropped=1 [Epodonios] × 1
============================================================
[INFO] core-dedupe dropped 1 same-host variants, kept higher health_score
[INFO] cap live source=[免费节点2] from 106 to 50 by health_score
[INFO] cap live source=[免费节点8] from 171 to 50 by health_score
[INFO] cap live source=[Pawdroid-SR-APK] from 410 to 50 by health_score
[INFO] cap live source=[Epodonios] from 60 to 50 by health_score
[INFO] cap live source=[Free-clash-v2ray] from 537 to 50 by health_score
[INFO] cap live source=[V2rayclashfree-RSS] from 166 to 50 by health_score
[INFO] cap live total from 541 to 400 floor=5 then health_score pool
[INFO] cap live reserved=111 pool=430 taken=289
============================================================
+------------------------------+--------+--------+------+--------+
| source                       |    raw | unique | live | capped |
+------------------------------+--------+--------+------+--------+
| [大FQ运动]                   |     14 |     14 |    2 |      2 |
+------------------------------+--------+--------+------+--------+
| [Pawdroid]                   |     22 |     21 |    2 |      2 |
+------------------------------+--------+--------+------+--------+
| [FreeV2-Base64]              |      3 |      3 |    3 |      3 |
+------------------------------+--------+--------+------+--------+
| [Bocchi2b-Base64]            |     32 |     32 |    0 |      0 |
+------------------------------+--------+--------+------+--------+
| [ChromeGO-Toolkit]           |     14 |     14 |    5 |      5 |
+------------------------------+--------+--------+------+--------+
| [ChromeGO-ShiteThings]       |     31 |     25 |    7 |      5 |
+------------------------------+--------+--------+------+--------+
| [ChromeGO-Merge]             |    113 |    113 |    8 |      5 |
+------------------------------+--------+--------+------+--------+
| [Freesocks]                  |      3 |      3 |    3 |      3 |
+------------------------------+--------+--------+------+--------+
| [NekoWarp]                   |     10 |     10 |   10 |      7 |
+------------------------------+--------+--------+------+--------+
| [1VPN-CRX]                   |     17 |     17 |   14 |      5 |
+------------------------------+--------+--------+------+--------+
| [OpenRunner-RSS]             |     14 |     11 |    0 |      0 |
+------------------------------+--------+--------+------+--------+
| [V2Rayshare-RSS]             |     22 |     22 |    1 |      1 |
+------------------------------+--------+--------+------+--------+
| [Mibei77-RSS]                |    110 |     89 |    1 |      1 |
+------------------------------+--------+--------+------+--------+
| [Yoyapai-RSS]                |    226 |    199 |   10 |      6 |
+------------------------------+--------+--------+------+--------+
| [免费节点1]                  |    169 |    157 |    8 |      5 |
+------------------------------+--------+--------+------+--------+
| [免费节点2]                  |    360 |    306 |  106 |     27 |
+------------------------------+--------+--------+------+--------+
| [免费节点3]                  |     35 |     24 |   19 |     11 |
+------------------------------+--------+--------+------+--------+
| [免费节点4]                  |    750 |    714 |   39 |     35 |
+------------------------------+--------+--------+------+--------+
| [免费节点5]                  |     29 |     28 |    0 |      0 |
+------------------------------+--------+--------+------+--------+
| [免费节点6]                  |    566 |    543 |    1 |      1 |
+------------------------------+--------+--------+------+--------+
| [免费节点7]                  |     64 |     27 |    3 |      3 |
+------------------------------+--------+--------+------+--------+
| [免费节点8]                  |   4247 |   3767 |  171 |     50 |
+------------------------------+--------+--------+------+--------+
| [免费节点9]                  |    615 |    452 |    0 |      0 |
+------------------------------+--------+--------+------+--------+
| [免费节点10]                 |   4469 |   3072 |   10 |      5 |
+------------------------------+--------+--------+------+--------+
| [免费节点11]                 |    408 |    214 |   18 |     10 |
+------------------------------+--------+--------+------+--------+
| [Pawdroid-SR-APK]            |   1154 |    887 |  410 |     50 |
+------------------------------+--------+--------+------+--------+
| [Pawdroid-SS-APK]            |   1529 |    948 |   48 |     24 |
+------------------------------+--------+--------+------+--------+
| [Clashfree]                  |    173 |     68 |   30 |      6 |
+------------------------------+--------+--------+------+--------+
| [Epodonios]                  |   4218 |   3368 |   60 |     28 |
+------------------------------+--------+--------+------+--------+
| [Free-clash-v2ray]           |   5220 |   2890 |  537 |     50 |
+------------------------------+--------+--------+------+--------+
| [V2rayclashfree-RSS]         |   3579 |    678 |  166 |     50 |
+------------------------------+--------+--------+------+--------+
============================================================
[SUMMARY] total_nodes=28216
[SUMMARY] legal_candidates=18716
[SUMMARY] passed_latency_test=400
[SUMMARY] region_HK=2 region_JP=2 region_US=110
[SUMMARY] avg_latency_ms=196.25
[SUMMARY] output=/home/runner/work/Free-node-autotest/Free-node-autotest/output/clash.yaml
============================================================
