============================================================
[INFO] sublink try page | url=https://end-gfw.com
[OK] proxies=6 | new=6 | url=https://raw.githubusercontent.com/hello-world-1989/cn-news/main/end-gfw-free
[OK] proxies=6 | new=0 | url=https://raw.githubusercontent.com/hello-world-1989/cn-news/main/clash-free.yaml
[INFO] source try link | url=https://end-gfw.com/ss-key
[OK] proxies=4 | new=4 | url=https://end-gfw.com/ss-key
[INFO] sublink try repo | url=https://github.com/hello-world-1989/cn-news
[INFO] sublink try page | url=https://raw.githubusercontent.com/hello-world-1989/cn-news/main/README.md
[OK] proxies=2 | new=2 | url=https://raw.githubusercontent.com/hello-world-1989/cn-news/refs/heads/main/clash.yaml
[OK] proxies=6 | new=6 | url=https://raw.githubusercontent.com/hello-world-1989/v2-sub/main/end-gfw-together-af3e13
[OK] proxies=2 | new=0 | url=https://raw.githubusercontent.com/hello-world-1989/cn-news/main/end-gfw-together
[OK] proxies=18 | source=[大FQ运动] | url=https://raw.githubusercontent.com/hello-world-1989/cn-news/main/README.md
============================================================
[INFO] sublink try repo | url=https://github.com/Pawdroid/Free-servers
[INFO] sublink try page | url=https://raw.githubusercontent.com/Pawdroid/Free-servers/main/README.md
[OK] proxies=11 | new=11 | url=https://raw.githubusercontent.com/Pawdroid/Free-servers/main/sub
[OK] proxies=10 | new=9 | url=https://raw.githubusercontent.com/Pawdroid/Free-servers/main/README.md
[OK] proxies=1 | new=1 | url=https://apps.apple.com/cn/app/shadowshare/id1612647259
[OK] proxies=1 | new=1 | url=http://www.surflare.com
[OK] proxies=22 | source=[Pawdroid] | url=https://raw.githubusercontent.com/Pawdroid/Free-servers/main/README.md
============================================================
[INFO] source try link | url=https://xmxosfepggzm.503403.xyz
[OK] proxies=3 | new=3 | url=https://xmxosfepggzm.503403.xyz
[OK] proxies=3 | source=[FreeV2-Base64] | url=https://xmxosfepggzm.503403.xyz
============================================================
[INFO] source try link | url=https://links.bocchi2b.top/clash
[OK] proxies=32 | new=32 | url=https://links.bocchi2b.top/clash
[OK] proxies=32 | source=[Bocchi2b-Base64] | url=https://links.bocchi2b.top/clash
============================================================
[INFO] source try link | url=https://freesocks.org/api/v1/sub/02b897e8e77f19176b0b9f2c75864b00
[OK] proxies=1 | new=1 | url=https://freesocks.org/api/v1/sub/02b897e8e77f19176b0b9f2c75864b00
[INFO] source try link | url=https://freesocks.org/api/v1/sub/4cae35810e6f5c4d92e28e32104e0080
[OK] proxies=3 | new=3 | url=https://freesocks.org/api/v1/sub/4cae35810e6f5c4d92e28e32104e0080
[OK] proxies=4 | source=[Freesocks] | url=https://freesocks.org/api/v1/sub/4cae35810e6f5c4d92e28e32104e0080
============================================================
[INFO] source try link | url=https://neko-warp.nloli.xyz/neko_warp.yaml
[OK] proxies=10 | new=10 | url=https://neko-warp.nloli.xyz/neko_warp.yaml
[OK] proxies=10 | source=[NekoWarp] | url=https://neko-warp.nloli.xyz/neko_warp.yaml
============================================================
[INFO] article try feed | url=https://free.datiya.com/index.xml
[INFO] sublink try page | url=https://free.datiya.com/post/20261010/
[OK] proxies=14 | new=14 | url=https://free.datiya.com/uploads/20261010-clash.yaml
[OK] proxies=14 | source=[OpenRunner-RSS] | url=https://free.datiya.com/post/20261010/
============================================================
[INFO] article try feed | url=https://v2rayshare.com/feed
[INFO] sublink try page | url=https://v2rayshare.com/p/4097.html
[INFO] sublink try repo | url=https://github.com/firefoxmmx2/v2rayshare_subcription
[INFO] sublink try page | url=https://raw.githubusercontent.com/firefoxmmx2/v2rayshare_subcription/main/README.md
[OK] proxies=22 | new=22 | url=https://{raw.githubusercontent.com|cdn.jsdelivr.net}/firefoxmmx2/v2rayshare_subcription/main/subscription/vray_sub.txt
[OK] proxies=21 | new=0 | url=https://{raw.githubusercontent.com|cdn.jsdelivr.net}/firefoxmmx2/v2rayshare_subcription/main/subscription/clash_sub.yaml
[OK] proxies=22 | new=0 | url=https://{raw.githubusercontent.com|cdn.jsdelivr.net}/firefoxmmx2/v2rayshare_subcription/main/subscription/mihomo_sub.yaml
[OK] proxies=22 | source=[V2Rayshare-RSS] | url=https://raw.githubusercontent.com/firefoxmmx2/v2rayshare_subcription/main/README.md
============================================================
[INFO] article try feed | url=https://www.mibei77.com/feed
[INFO] sublink try page | url=https://www.mibei77.com/737.html
[OK] proxies=119 | new=119 | url=https://aa.mibei77.com/202610/1010Clashizxc.yaml
[OK] proxies=111 | new=6 | url=https://aa.mibei77.com/202610/10.1064bacdq.txt
[OK] proxies=125 | source=[Mibei77-RSS] | url=https://www.mibei77.com/737.html
============================================================
[INFO] article try feed | url=https://yoyapai.com/feed
[INFO] sublink try page | url=https://yoyapai.com/761
[OK] proxies=1 | new=1 | url=https://yoyapai.com/761
[OK] proxies=297 | new=297 | url=https://freenode.yoyapai.com/2026/10/10-yoyapai.com-ssrv2ray-vpn-mianfei-jiedian.txt
[OK] proxies=297 | new=0 | url=https://freenode.yoyapai.com/2026/10/10-yoyapai.com-clash-vpn-mianfei-jiedian.yaml
[OK] proxies=298 | source=[Yoyapai-RSS] | url=https://yoyapai.com/761
============================================================
[INFO] sublink try repo | url=https://github.com/free18/v2ray
[INFO] sublink try page | url=https://raw.githubusercontent.com/free18/v2ray/main/README.md
[OK] proxies=171 | new=171 | url=https://ghfast.top/https://raw.githubusercontent.com/free18/v2ray/refs/heads/main/v.txt
[OK] proxies=171 | new=0 | url=https://ghfast.top/https://raw.githubusercontent.com/free18/v2ray/refs/heads/main/c.yaml
[OK] proxies=3 | new=3 | url=https://raw.githubusercontent.com/free18/v2ray/main/README.md
[OK] proxies=174 | source=[免费节点1] | url=https://raw.githubusercontent.com/free18/v2ray/main/README.md
============================================================
[INFO] sublink try repo | url=https://github.com/ermaozi/get_subscribe
[INFO] sublink try page | url=https://raw.githubusercontent.com/ermaozi/get_subscribe/main/README.md
[INFO] sublink file_nodes=0 | bare links=9
[OK] proxies=630 | new=630 | url=https://{blog.ermao.net|www.ermao.net}/sub/{reachable|unreachable|untested}/clash/ermao.net
[OK] proxies=630 | new=0 | url=https://blog.ermao.net/sub/{clash|v2ray}/ermao.net
[OK] proxies=630 | source=[免费节点2] | url=https://raw.githubusercontent.com/ermaozi/get_subscribe/main/README.md
============================================================
[INFO] sublink try repo | url=https://github.com/sunmiao4458/free-proxy-airport
[INFO] sublink try page | url=https://raw.githubusercontent.com/sunmiao4458/free-proxy-airport/main/README.md
[OK] proxies=42 | new=42 | url=https://sunmiao4458.github.io/free-proxy-airport/clash.yaml
[OK] proxies=42 | source=[免费节点3] | url=https://raw.githubusercontent.com/sunmiao4458/free-proxy-airport/main/README.md
============================================================
[INFO] sublink try repo | url=https://github.com/mfuu/FreeProxies
[INFO] sublink try page | url=https://raw.githubusercontent.com/mfuu/FreeProxies/master/README.md
[OK] proxies=339 | new=339 | url=https://raw.githubusercontent.com/mfuu/FreeProxies/master/sub.yaml
[OK] proxies=339 | source=[免费节点4] | url=https://raw.githubusercontent.com/mfuu/FreeProxies/master/README.md
============================================================
[INFO] sublink try repo | url=https://github.com/vxiaov/free_proxies
[INFO] sublink try page | url=https://raw.githubusercontent.com/vxiaov/free_proxies/main/README.md
[OK] proxies=1 | new=1 | url=https://raw.githubusercontent.com/vxiaov/free_proxies/main/README.md
[OK] proxies=28 | new=28 | url=https://{cdn.jsdelivr.net|raw.githubusercontent.com}/vxiaov/free_proxies/main/clash/clash.provider.yaml
[OK] proxies=29 | source=[免费节点5] | url=https://raw.githubusercontent.com/vxiaov/free_proxies/main/README.md
============================================================
[INFO] sublink try repo | url=https://github.com/anaer/Sub
[INFO] sublink try page | url=https://raw.githubusercontent.com/anaer/Sub/main/README.MD
[OK] proxies=1702 | new=1702 | url=https://anaer.github.io/Sub/clash.yaml
[OK] proxies=1702 | new=0 | url=https://raw.githubusercontent.com/anaer/Sub/main/clash.yaml
[OK] proxies=1702 | source=[免费节点6] | url=https://raw.githubusercontent.com/anaer/Sub/main/README.MD
============================================================
[INFO] sublink try repo | url=https://github.com/snakem982/proxypool
[INFO] sublink try page | url=https://raw.githubusercontent.com/snakem982/proxypool/main/README.md
[OK] proxies=54 | new=54 | url=https://raw.githubusercontent.com/snakem982/proxypool/main/source/v2ray-2.txt
[OK] proxies=59 | new=5 | url=https://raw.githubusercontent.com/snakem982/proxypool/main/source/clash-meta-2.yaml
[OK] proxies=53 | new=0 | url=https://raw.githubusercontent.com/snakem982/proxypool/main/source/sing-box-2.json
[OK] proxies=59 | source=[免费节点7] | url=https://raw.githubusercontent.com/snakem982/proxypool/main/README.md
============================================================
[INFO] sublink try repo | url=https://github.com/mahdibland/V2RayAggregator
[INFO] sublink try page | url=https://raw.githubusercontent.com/mahdibland/V2RayAggregator/master/README.md
[OK] proxies=1 | new=1 | url=https://github.com/mahdibland/SSAggregator/actions/workflows/Airport_Collector.yml
[OK] proxies=1 | new=0 | url=https://cdn.jsdelivr.net/gh/mahdibland/V2RayAggregator@master/update/provider/provider-meta-cn.yml
[OK] proxies=1 | new=0 | url=https://github.com/mahdibland/SSAggregator/actions/workflows/Collector.yml
[OK] proxies=1 | new=0 | url=https://cdn.jsdelivr.net/gh/mahdibland/V2RayAggregator@master/update/provider/provider-meta-others.yml
[OK] proxies=1 | new=0 | url=https://cdn.jsdelivr.net/gh/mahdibland/V2RayAggregator@master/update/provider/provider-meta.yml
[OK] proxies=61 | new=61 | url=https://raw.githubusercontent.com/mahdibland/SSAggregator/master/sub/airport_sub_merge.txt
[OK] proxies=61 | new=0 | url=https://raw.githubusercontent.com/mahdibland/ShadowsocksAggregator/master/EternityAir.txt
[OK] proxies=3907 | new=3907 | url=https://raw.githubusercontent.com/mahdibland/SSAggregator/master/sub/sub_merge_base64.txt
[OK] proxies=1 | new=0 | url=https://cdn.jsdelivr.net/gh/mahdibland/V2RayAggregator@master/update/provider/provider-cn.yml
[OK] proxies=388 | new=95 | url=https://raw.githubusercontent.com/mahdibland/V2RayAggregator/master/README.md
[OK] proxies=521 | new=0 | url=https://raw.githubusercontent.com/mahdibland/ShadowsocksAggregator/master/sub/splitted/trojan.txt
[OK] proxies=1 | new=0 | url=https://cdn.jsdelivr.net/gh/mahdibland/V2RayAggregator@master/update/provider/provider-others.yml
[OK] proxies=54 | new=0 | url=https://raw.githubusercontent.com/mahdibland/ShadowsocksAggregator/master/sub/splitted/ssr.txt
[OK] proxies=3907 | new=0 | url=https://raw.githubusercontent.com/mahdibland/{SSAggregator|ShadowsocksAggregator}/master/sub/sub_merge.txt
[OK] proxies=201 | new=1 | url=https://raw.githubusercontent.com/mahdibland/ShadowsocksAggregator/master/Eternity.yml
[OK] proxies=200 | new=0 | url=https://raw.githubusercontent.com/mahdibland/ShadowsocksAggregator/master/Eternity.txt
[OK] proxies=1856 | new=0 | url=https://raw.githubusercontent.com/mahdibland/ShadowsocksAggregator/master/sub/splitted/ss.txt
[OK] proxies=4104 | new=198 | url=https://raw.githubusercontent.com/mahdibland/SSAggregator/master/sub/sub_merge_yaml.yml
[OK] proxies=1 | new=0 | url=https://cdn.jsdelivr.net/gh/mahdibland/V2RayAggregator@master/update/provider/provider.yml
[OK] proxies=61 | new=0 | url=https://raw.githubusercontent.com/mahdibland/SSAggregator/master/sub/airport_merge_base64.txt
[OK] proxies=1476 | new=0 | url=https://raw.githubusercontent.com/mahdibland/ShadowsocksAggregator/master/sub/splitted/vmess.txt
[OK] proxies=4263 | source=[免费节点8] | url=https://raw.githubusercontent.com/mahdibland/V2RayAggregator/master/README.md
============================================================
[INFO] sublink try repo | url=https://github.com/w1770946466/Auto_proxy
[INFO] sublink try page | url=https://raw.githubusercontent.com/w1770946466/Auto_proxy/main/README.md
[OK] proxies=489 | new=489 | url=https://raw.githubusercontent.com/w1770946466/Auto_proxy/main/Long_term_subscription_num
[OK] proxies=245 | new=125 | url=https://raw.githubusercontent.com/w1770946466/Auto_proxy/main/{Long_term_subscription2.yaml|Long_term_subscription1.yaml|Long_term_subscription3.yaml}
[OK] proxies=1 | new=1 | url=https://github.com/w1770946466/Auto_proxy/actions/workflows/main.yml
[OK] proxies=489 | new=0 | url=https://raw.githubusercontent.com/w1770946466/Auto_proxy/main/{Long_term_subscription1|Long_term_subscription2|Long_term_subscription3|Long_term_subscription4|Long_term_subscription5|Long_term_subscription6|Long_term_subscription7|Long_term_subscription8}
[OK] proxies=615 | source=[免费节点9] | url=https://raw.githubusercontent.com/w1770946466/Auto_proxy/main/README.md
============================================================
[INFO] sublink try repo | url=https://github.com/PuddinCat/BestClash
[INFO] sublink try page | url=https://raw.githubusercontent.com/PuddinCat/BestClash/main/README.md
[OK] proxies=24 | new=24 | url=https://freenode.openrunner.net/uploads/20240807-clash.yaml
[OK] proxies=203 | new=203 | url=https://raw.githubusercontent.com/{chengaopan|peasoft}/{AutoMergePublicNodes|NoMoreWalls}/master/list.yml
[OK] proxies=201 | new=110 | url=https://raw.githubusercontent.com/mahdibland/ShadowsocksAggregator/master/Eternity.yml
[OK] proxies=144 | new=144 | url=https://raw.githubusercontent.com/zhangkaiitugithub/passcro/main/speednodes.yaml
[OK] proxies=630 | new=319 | url=https://raw.githubusercontent.com/{ermaozi|ermaozi01}/{get_subscribe|free_clash_vpn}/main/subscribe/clash.yml
[OK] proxies=165 | new=165 | url=https://raw.githubusercontent.com/ronghuaxueleng/get_v2/main/pub/combine.yaml
[OK] proxies=16 | new=12 | url=https://raw.githubusercontent.com/PuddinCat/BestClash/main/proxies.yaml
[OK] proxies=191 | new=0 | url=https://raw.githubusercontent.com/Misaka-blog/chromego_merge/main/sub/merged_proxies_new.yaml
[OK] proxies=28 | new=28 | url=https://cdn.jsdelivr.net/gh/vxiaov/free_proxies@main/clash/clash.provider.yaml
[OK] proxies=4849 | new=4720 | url=https://raw.githubusercontent.com/{NiceVPN123|anaer}/{NiceVPN|Sub}/main/{Clash.yaml|clash.yaml}
[OK] proxies=5725 | source=[免费节点10] | url=https://raw.githubusercontent.com/PuddinCat/BestClash/main/README.md
============================================================
[INFO] sublink try repo | url=https://github.com/kooker/FreeSubsCheck
[INFO] sublink try page | url=https://raw.githubusercontent.com/kooker/FreeSubsCheck/main/README.md
[OK] proxies=2 | new=2 | url=https://raw.githubusercontent.com/kooker/FreeSubsCheck/main/byxiaoxi.txt
[OK] proxies=1 | new=1 | url=https://raw.githubusercontent.com/kooker/FreeSubsCheck/main/mihomo.yaml
[OK] proxies=1 | new=0 | url=https://raw.githubusercontent.com/kooker/FreeSubsCheck/main/all.yaml
[OK] proxies=1 | new=0 | url=https://raw.githubusercontent.com/kooker/FreeSubsCheck/main/base64.txt
[OK] proxies=720 | new=720 | url=https://raw.githubusercontent.com/kooker/FreeSubsCheck/main/kooker.jp.txt
[OK] proxies=723 | source=[免费节点11] | url=https://raw.githubusercontent.com/kooker/FreeSubsCheck/main/README.md
============================================================
[INFO] toolkit try repo | url=https://github.com/bannedbook/fanqiang
[INFO] toolkit try release | url=https://github.com/bannedbook/fanqiang/releases
[INFO] toolkit try release | url=https://github.com/bannedbook/fanqiang/releases/expanded_assets/ChromeGo-latest
[INFO] toolkit try download | url=https://github.com/bannedbook/fanqiang/releases/download/ChromeGo-latest/ChromeGo.7z
[OK] toolkit downloaded | file=ChromeGo.7z | size=96.2mb | time=26.7s
[OK] toolkit extracted | archive=ChromeGo.7z | tool=7z | files=222 | dirs=45
[OK] toolkit discovered | subs=107 | embedded=46 | scan=27.4s | archive=ChromeGo.7z
[OK] proxies=12 | new=12 | embedded=archive-config
[OK] proxies=3 | new=3 | url=https://gitlab.com/free9999/ipupdate/master/backup/img/1/2/{ipp|ip}/clash.meta2/{5|6|3|1|4|2}/config.yaml
[OK] proxies=3 | new=0 | url=https://www.67867867.xyz/Alvin9999/PAC/refs/heads/master/backup/img/1/2/{ipp|ip}/clash.meta2/{5|6|3|1|4|2}/config.yaml
[OK] proxies=7 | new=5 | url=https://www.67867867.xyz/Alvin9999/PAC/refs/heads/master/backup/img/1/2/{ipp|ip}/{hysteria2|singbox|naiveproxy|hysteria|xray}/{3|1|4|2}/config.json
[OK] proxies=7 | new=0 | url=https://gitlab.com/free9999/ipupdate/master/backup/img/1/2/{ipp|ip}/{hysteria2|singbox|naiveproxy|hysteria|xray}/{3|1|4|2}/config.json
[OK] proxies=20 | source=[ChromeGO-Toolkit] | url=https://github.com/bannedbook/fanqiang/releases/download/ChromeGo-latest/ChromeGo.7z
============================================================
[INFO] sublink try repo | url=https://github.com/ShiteThings/extractNodes
[INFO] sublink try page | url=https://raw.githubusercontent.com/ShiteThings/extractNodes/main/README.md
[OK] proxies=26 | new=26 | url=https://chg26.makou.cc.cd/sb
[OK] proxies=31 | new=5 | url=https://{chg26.makou.cc.cd|chg64.makou.cc.cd}
[OK] proxies=31 | source=[ChromeGO-ShiteThings] | url=https://raw.githubusercontent.com/ShiteThings/extractNodes/main/README.md
============================================================
[INFO] sublink try repo | url=https://github.com/shangui999/chromego_merge
[INFO] sublink try page | url=https://raw.githubusercontent.com/shangui999/chromego_merge/master/ReadMe.md
[OK] proxies=10 | new=10 | url=https://freedman.netlify.app/sub/merged_proxies_new.yaml
[OK] proxies=11 | new=1 | url=https://freedman.netlify.app/sub/merged_warp_proxies_new.yaml
[OK] proxies=11 | new=6 | url=https://freedman.netlify.app/sub/shadowrocket_base64.txt
[OK] proxies=16 | new=16 | url=https://freedman.netlify.app/sub/sb.json
[INFO] sublink try repo | url=https://github.com/yaney01/chromego
[INFO] sublink try page | url=https://raw.githubusercontent.com/yaney01/chromego/main/ReadMe.md
[OK] proxies=50 | new=46 | url=https://raw.githubusercontent.com/yaney01/chromego/main/sub/merged_proxies_new.yaml
[OK] proxies=51 | new=0 | url=https://raw.githubusercontent.com/yaney01/chromego/main/sub/merged_warp_proxies_new.yaml
[OK] proxies=13 | new=7 | url=https://raw.githubusercontent.com/yaney01/chromego/main/sub/shadowrocket_base64.txt
[OK] proxies=13 | new=0 | url=https://raw.githubusercontent.com/yaney01/chromego/main/sub/sb.json
[INFO] sublink try repo | url=https://github.com/Misaka-blog/chromego_merge
[INFO] sublink try page | url=https://raw.githubusercontent.com/Misaka-blog/chromego_merge/main/README.md
[OK] proxies=191 | new=191 | url=https://chromego-sub.netlify.app/sub/merged_proxies_new.yaml
[OK] proxies=277 | source=[ChromeGO-Merge] | url=https://raw.githubusercontent.com/Misaka-blog/chromego_merge/main/README.md
============================================================
[INFO] toolkit try repo | url=https://github.com/Pawdroid/shadowrocket_for_android
[INFO] toolkit try release | url=https://github.com/Pawdroid/shadowrocket_for_android/releases
[INFO] toolkit try release | url=https://github.com/Pawdroid/shadowrocket_for_android/releases/expanded_assets/10.10.57
[INFO] toolkit try download | url=https://github.com/Pawdroid/shadowrocket_for_android/releases/download/10.10.57/Shadowrocket_10.10.57_shadowrocketStandard_arm64-v8a.apk
[OK] toolkit downloaded | file=Shadowrocket_10.10.57_shadowrocketStandard_arm64-v8a.apk | size=39.8mb | time=16.9s
[OK] toolkit extracted | archive=Shadowrocket_10.10.57_shadowrocketStandard_arm64-v8a.apk | tool=zipfile | files=1193 | dirs=44
[OK] toolkit sr-apk scanned | prefixes=38 | files=6 | keys=2 | archive=Shadowrocket_10.10.57_shadowrocketStandard_arm64-v8a.apk
[OK] proxies=77 | new=77 | url=https://{raw.githubusercontent.com|cdn.jsdelivr.net}/pixelor/ecfg/main/data/ecfg6
[OK] proxies=1043 | new=1015 | url=https://{raw.githubusercontent.com|cdn.jsdelivr.net}/pixelor/ecfg/main/data/ecfg6_en
[OK] proxies=1122 | new=101 | url=https://{raw.githubusercontent.com|cdn.jsdelivr.net}/pixelor/ecfg/main/data/ecfg6_zh
[OK] proxies=62 | new=0 | url=https://{files.shadowrockets.app|cdn.shadowrockets.app}/ecfg/data/ecfg6
[OK] proxies=967 | new=0 | url=https://{files.shadowrockets.app|cdn.shadowrockets.app}/ecfg/data/ecfg6_zh
[OK] proxies=967 | new=0 | url=https://{files.shadowrockets.app|cdn.shadowrockets.app}/ecfg/data/ecfg6_en
[OK] proxies=1193 | source=[Pawdroid-SR-APK] | url=https://github.com/Pawdroid/shadowrocket_for_android/releases/download/10.10.57/Shadowrocket_10.10.57_shadowrocketStandard_arm64-v8a.apk
============================================================
[INFO] toolkit try page | url=https://shadowshare.v2cross.com
[INFO] toolkit try download | url=https://shadowshare.v2cross.com/shadowshare.apk
[OK] toolkit downloaded | file=shadowshare.apk | size=60mb | time=26.0s
[OK] toolkit extracted | archive=shadowshare.apk | tool=zipfile | files=612 | dirs=39
[OK] toolkit ss-apk scanned | prefixes=10 | files=3 | keys=1 | archive=shadowshare.apk
[OK] proxies=222 | new=222 | url=https://{raw.githubusercontent.com|jsd.onmicrosoft.cn}/hideme9527/ecsfg/main/data/sareserver
[OK] proxies=1386 | new=1282 | url=https://{raw.githubusercontent.com|jsd.onmicrosoft.cn}/hideme9527/ecsfg/main/data/sareserver_en
[OK] proxies=53 | new=0 | url=https://{shadowsharing.com|sare.159236.xyz}/data/sareserver
[OK] proxies=1386 | new=0 | url=https://{shadowsharing.com|sare.159236.xyz}/data/sareserver_en
[OK] proxies=53 | new=0 | url=https://gitee.com/api/v5/repos/{elvenapp|zhiminghao|guoyoucai1}/ecsfg/raw/data/sareserver
[OK] proxies=1386 | new=0 | url=https://gitee.com/api/v5/repos/{zhiminghao|guoyoucai1|elvenapp}/ecsfg/raw/data/sareserver_en
[OK] proxies=1504 | source=[Pawdroid-SS-APK] | url=https://shadowshare.v2cross.com/shadowshare.apk
============================================================
[INFO] toolkit try chrome | url=https://chromewebstore.google.com/detail/free-vpn-proxy-1vpn/akcocjjpkmlniicdeemdceeajlmoabhg
[INFO] toolkit try download | url=https://clients2.google.com/service/update2/crx?response=redirect&prodversion=131.0.6778.0&acceptformat=crx2,crx3&x=id%3dakcocjjpkmlniicdeemdceeajlmoabhg%26uc
[OK] toolkit downloaded | file=free-vpn-proxy-1vpn.crx | size=1.6mb | time=5.6s
[OK] toolkit extracted | archive=free-vpn-proxy-1vpn.crx | tool=zipfile | files=68 | dirs=57
[OK] toolkit 1vpn-crx scanned | hosts=17 | keys=1 | archive=free-vpn-proxy-1vpn.crx
[OK] proxies=17 | source=[1VPN-CRX] | url=https://clients2.google.com/service/update2/crx?response=redirect&prodversion=131.0.6778.0&acceptformat=crx2,crx3&x=id%3dakcocjjpkmlniicdeemdceeajlmoabhg%26uc
============================================================
[INFO] sublink try repo | url=https://github.com/free-nodes/clashfree
[INFO] sublink try page | url=https://raw.githubusercontent.com/free-nodes/clashfree/main/README.md
[OK] proxies=407 | new=407 | url=https://raw.githubusercontent.com/free-nodes/clashfree/main/clash20261010.yml
[OK] proxies=1 | new=1 | url=https://github.com/free-nodes/clashfree/blob/main/clash20261010.yml
[OK] proxies=407 | new=0 | url=https://raw.githubusercontent.com/free-nodes/clashfree/main/README.md
[OK] proxies=408 | source=[Clashfree] | url=https://raw.githubusercontent.com/free-nodes/clashfree/main/README.md
============================================================
[INFO] sublink try repo | url=https://github.com/Epodonios/v2ray-configs
[INFO] sublink try page | url=https://raw.githubusercontent.com/Epodonios/v2ray-configs/main/README.md
[OK] proxies=384 | new=384 | url=https://github.com/Epodonios/v2ray-configs/raw/main/Splitted-By-Protocol/ss.txt
[OK] proxies=4212 | new=3835 | url=https://github.com/Epodonios/v2ray-configs/raw/main/All_Configs_base64_Sub.txt
[OK] proxies=3308 | new=132 | url=https://github.com/Epodonios/v2ray-configs/raw/main/Splitted-By-Protocol/vless.txt
[OK] proxies=4212 | new=0 | url=https://github.com/Epodonios/v2ray-configs/raw/main/All_Configs_Sub.txt
[OK] proxies=184 | new=13 | url=https://github.com/Epodonios/v2ray-configs/raw/main/Splitted-By-Protocol/vmess.txt
[OK] proxies=248 | new=17 | url=https://github.com/Epodonios/v2ray-configs/raw/main/Splitted-By-Protocol/trojan.txt
[OK] proxies=1 | new=1 | url=https://github.com/Epodonios/V2ray-Configs/actions/workflows/main.yml
[OK] proxies=4212 | new=0 | url=https://raw.githubusercontent.com/Epodonios/v2ray-configs/main/{Sub1.txt|Sub2.txt|Sub3.txt|Sub4.txt|Sub5.txt|Sub6.txt|Sub7.txt|Sub8.txt}
[OK] proxies=4382 | source=[Epodonios] | url=https://raw.githubusercontent.com/Epodonios/v2ray-configs/main/README.md
============================================================
[INFO] sublink try repo | url=https://github.com/free-clash-v2ray/free-clash-v2ray.github.io
[INFO] sublink try page | url=https://raw.githubusercontent.com/free-clash-v2ray/free-clash-v2ray.github.io/main/README.md
[OK] proxies=2438 | new=2438 | url=https://free-clash-v2ray.github.io/uploads/2026/10/{0-20261004.yaml|1-20261004.yaml|2-20261004.yaml|3-20261004.yaml}
[OK] proxies=2772 | new=847 | url=https://free-clash-v2ray.github.io/uploads/2026/10/{0-20261004.txt|1-20261004.txt|2-20261004.txt|3-20261004.txt|4-20261004.txt}
[OK] proxies=3285 | source=[Free-clash-v2ray] | url=https://raw.githubusercontent.com/free-clash-v2ray/free-clash-v2ray.github.io/main/README.md
============================================================
[INFO] article try page | url=https://v2rayclashfree.com
[INFO] sublink try page | url=https://v2rayclashfree.com/fn/20261010.html
[INFO] sublink try page | url=https://v2rayclashfree.com/fn/20261009.html
[INFO] sublink try page | url=https://v2rayclashfree.com/fn/20261008.html
[INFO] sublink try page | url=https://v2rayclashfree.com/fn/20261007.html
[INFO] sublink try page | url=https://v2rayclashfree.com/fn/20261006.html
[INFO] sublink try page | url=https://v2rayclashfree.com/fn/20261005.html
[INFO] sublink try page | url=https://v2rayclashfree.com/fn/20261004.html
[INFO] sublink try page | url=https://v2rayclashfree.com/fn/20261003.html
[INFO] sublink try page | url=https://v2rayclashfree.com/fn/20261002.html
[INFO] sublink try page | url=https://v2rayclashfree.com/fn/20261001.html
[INFO] sublink try page | url=https://v2rayclashfree.com/fn/20260930.html
[OK] proxies=2901 | new=2901 | url=https://v2rayclashfree.com/sub/20260930-clash.yaml
[OK] proxies=2867 | new=505 | url=https://v2rayclashfree.com/sub/20260930-v2ray.txt
[OK] proxies=3406 | source=[V2rayclashfree-RSS] | url=https://v2rayclashfree.com/fn/20260930.html
============================================================
[INFO] toolkit try repo | url=https://github.com/MetaCubeX/meta-rules-dat
[INFO] toolkit try release | url=https://github.com/MetaCubeX/meta-rules-dat/releases
[INFO] toolkit try release | url=https://github.com/MetaCubeX/meta-rules-dat/releases/expanded_assets/latest
[INFO] toolkit try download | url=https://github.com/MetaCubeX/meta-rules-dat/releases/download/latest/country.mmdb
[OK] toolkit downloaded | file=country.mmdb | size=7.3mb | time=3.7s
[INFO] toolkit try repo | url=https://github.com/mledoze/countries
[INFO] toolkit try release | url=https://github.com/mledoze/countries/releases
[INFO] toolkit try release | url=https://github.com/mledoze/countries/releases/expanded_assets/v1.8.0
[INFO] toolkit try download | url=https://github.com/mledoze/countries/archive/refs/tags/v1.8.0.zip
[OK] toolkit downloaded | file=countries-1.8.0.zip | size=4.8mb | time=16.3s
[OK] toolkit extracted | archive=countries-1.8.0.zip | tool=zipfile | files=528 | dirs=8
[OK] toolkit selected | file=countries-1.8.0/countries.json
[INFO] toolkit try repo | url=https://github.com/pycountry/pycountry
[INFO] toolkit try release | url=https://github.com/pycountry/pycountry/releases
[INFO] toolkit try release | url=https://github.com/pycountry/pycountry/releases/expanded_assets/26.2.16
[INFO] toolkit try download | url=https://github.com/pycountry/pycountry/archive/refs/tags/26.2.16.zip
[OK] toolkit downloaded | file=pycountry-26.2.16.zip | size=7.8mb | time=2.3s
[OK] toolkit extracted | archive=pycountry-26.2.16.zip | tool=zipfile | files=643 | dirs=334
[OK] toolkit selected | file=pycountry-26.2.16/src/pycountry/databases/iso3166-1.json
[INFO] toolkit try repo | url=https://github.com/umpirsky/country-list
[INFO] toolkit try tree | url=https://github.com/umpirsky/country-list
[OK] toolkit selected | file=data/af/country.json
[INFO] toolkit try download | url=https://raw.githubusercontent.com/umpirsky/country-list/master/data/af/country.json
[OK] toolkit downloaded | file=country.json | size=4.6kb | time=0.0s
[OK] geo score ready | files=country.mmdb, countries.json, iso3166-1.json, country.json | centroids=247 | aliases=594
============================================================
[INFO] toolkit try repo | url=https://github.com/MetaCubeX/mihomo
[INFO] toolkit try release | url=https://github.com/MetaCubeX/mihomo/releases
[INFO] toolkit try release | url=https://github.com/MetaCubeX/mihomo/releases/expanded_assets/v1.19.32
[INFO] toolkit try download | url=https://github.com/MetaCubeX/mihomo/releases/download/v1.19.32/mihomo-linux-amd64-compatible-v1.19.32.gz
[OK] toolkit downloaded | file=mihomo-linux-amd64-compatible-v1.19.32.gz | size=21.8mb | time=8.8s
[OK] toolkit hash verified | file=mihomo-linux-amd64-compatible-v1.19.32.gz | sha256=ba3ce607747a07f948fc35780e108a4a7c7f552a38b9bd4d115f313ebcb89c20
[OK] proxy engine ready, starting latency test | package=mihomo-linux-amd64-compatible-v1.19.32.gz
============================================================
[WARN] batch reshard | size=17684 {1} | split=2948 {2} + 2948 {3} + 2948 {4} + 2948 {5} + 2948 {6} + 2944 {7}
[WARN] batch start failed | size=2948 {5} | split=492 {8} + 492 {9} + 492 {10} + 492 {11} + 492 {12} + 488 {13}
[WARN] batch start failed | size=2948 {6} | split=492 {14} + 492 {15} + 492 {16} + 492 {17} + 492 {18} + 488 {19}
[WARN] batch start failed | size=2948 {2} | split=492 {20} + 492 {21} + 492 {22} + 492 {23} + 492 {24} + 488 {25}
[WARN] batch start failed | size=2944 {7} | split=491 {26} + 491 {27} + 491 {28} + 491 {29} + 491 {30} + 489 {31}
[WARN] batch start failed | size=492 {14} | split=82 {32} + 82 {33} + 82 {34} + 82 {35} + 82 {36} + 82 {37}
[WARN] batch start failed | size=491 {29} | split=82 {38} + 82 {39} + 82 {40} + 82 {41} + 82 {42} + 81 {43}
[TEST] {13} tested=100/488 | kept=5 | rest=17584
[TEST] {13} tested=200/488 | kept=7 | rest=17484
[TEST] {13} tested=300/488 | kept=11 | rest=17384
[TEST] {13} tested=400/488 | kept=12 | rest=17284
[TEST] {11} tested=100/492 | kept=70 | rest=17181
[TEST] {11} tested=200/492 | kept=137 | rest=17081
[TEST] {11} tested=300/492 | kept=208 | rest=16981
[TEST] {11} tested=400/492 | kept=272 | rest=16881
[TEST] {9} tested=100/492 | kept=0 | rest=16733
[TEST] {9} tested=200/492 | kept=0 | rest=16633
[TEST] {9} tested=300/492 | kept=0 | rest=16533
[TEST] {9} tested=400/492 | kept=0 | rest=16433
[TEST] {8} tested=100/492 | kept=0 | rest=16321
[TEST] {8} tested=200/492 | kept=0 | rest=16221
[TEST] {8} tested=300/492 | kept=0 | rest=16121
[TEST] {8} tested=400/492 | kept=0 | rest=16010
[TEST] {3} tested=100/2948 | kept=18 | rest=15823
[TEST] {3} tested=200/2948 | kept=47 | rest=15723
[TEST] {3} tested=300/2948 | kept=73 | rest=15623
[TEST] {3} tested=400/2948 | kept=94 | rest=15523
[TEST] {4} tested=100/2948 | kept=0 | rest=15380
[TEST] {4} tested=200/2948 | kept=0 | rest=15280
[TEST] {4} tested=300/2948 | kept=0 | rest=15180
[TEST] {4} tested=400/2948 | kept=0 | rest=15080
[TEST] {4} tested=500/2948 | kept=0 | rest=14949
[TEST] {4} tested=600/2948 | kept=0 | rest=14713
[TEST] {3} tested=500/2948 | kept=98 | rest=14612
[TEST] {4} tested=700/2948 | kept=0 | rest=14546
[WARN] batch start failed | size=492 {10} | split=82 {44} + 82 {45} + 82 {46} + 82 {47} + 82 {48} + 82 {49}
[TEST] {3} tested=600/2948 | kept=98 | rest=14343
[WARN] batch start failed | size=492 {16} | split=82 {50} + 82 {51} + 82 {52} + 82 {53} + 82 {54} + 82 {55}
[TEST] {4} tested=800/2948 | kept=0 | rest=14292
[TEST] {4} tested=900/2948 | kept=0 | rest=14146
[TEST] {3} tested=700/2948 | kept=98 | rest=14082
[TEST] {4} tested=1000/2948 | kept=13 | rest=13972
[TEST] {15} tested=100/492 | kept=0 | rest=13803
[TEST] {15} tested=200/492 | kept=1 | rest=13703
[TEST] {15} tested=300/492 | kept=1 | rest=13603
[TEST] {3} tested=800/2948 | kept=98 | rest=13495
[TEST] {15} tested=400/492 | kept=5 | rest=13451
[TEST] {4} tested=1100/2948 | kept=13 | rest=13366
[TEST] {18} tested=100/492 | kept=0 | rest=13229
[TEST] {18} tested=200/492 | kept=5 | rest=13129
[TEST] {18} tested=300/492 | kept=6 | rest=13029
[TEST] {17} tested=100/492 | kept=0 | rest=12859
[TEST] {17} tested=200/492 | kept=2 | rest=12759
[TEST] {17} tested=300/492 | kept=2 | rest=12659
[TEST] {19} tested=100/488 | kept=2 | rest=12523
[TEST] {19} tested=200/488 | kept=10 | rest=12423
[TEST] {19} tested=300/488 | kept=14 | rest=12196
[TEST] {17} tested=400/492 | kept=3 | rest=12170
[TEST] {3} tested=900/2948 | kept=98 | rest=12108
[TEST] {18} tested=400/492 | kept=6 | rest=12099
[TEST] {19} tested=400/488 | kept=16 | rest=11829
[TEST] {4} tested=1200/2948 | kept=13 | rest=11703
[TEST] {3} tested=1000/2948 | kept=98 | rest=11645
[TEST] {4} tested=1300/2948 | kept=14 | rest=11420
[TEST] {3} tested=1100/2948 | kept=98 | rest=11272
[TEST] {4} tested=1400/2948 | kept=14 | rest=11248
[TEST] {4} tested=1500/2948 | kept=14 | rest=11080
[TEST] {3} tested=1200/2948 | kept=98 | rest=11024
[TEST] {20} tested=100/492 | kept=24 | rest=10820
[TEST] {21} tested=100/492 | kept=37 | rest=10677
[TEST] {25} tested=100/488 | kept=1 | rest=10521
[TEST] {25} tested=200/488 | kept=4 | rest=10383
[TEST] {21} tested=200/492 | kept=82 | rest=10270
[TEST] {20} tested=200/492 | kept=46 | rest=10233
[TEST] {4} tested=1600/2948 | kept=14 | rest=10160
[TEST] {21} tested=300/492 | kept=151 | rest=9959
[TEST] {20} tested=300/492 | kept=49 | rest=9939
[TEST] {21} tested=400/492 | kept=231 | rest=9740
[TEST] {3} tested=1300/2948 | kept=98 | rest=9732
[TEST] {22} tested=100/492 | kept=17 | rest=9697
[TEST] {4} tested=1700/2948 | kept=14 | rest=9497
[TEST] {25} tested=300/488 | kept=5 | rest=9287
[TEST] {20} tested=400/492 | kept=55 | rest=9142
[TEST] {25} tested=400/488 | kept=5 | rest=9095
[TEST] {4} tested=1800/2948 | kept=14 | rest=9078
[TEST] {22} tested=200/492 | kept=55 | rest=9058
[TEST] {3} tested=1400/2948 | kept=98 | rest=8991
[TEST] {23} tested=100/492 | kept=2 | rest=8732
[TEST] {4} tested=1900/2948 | kept=14 | rest=8557
[TEST] {22} tested=300/492 | kept=66 | rest=8523
[TEST] {3} tested=1500/2948 | kept=98 | rest=8409
[WARN] batch start failed | size=492 {24} | split=82 {56} + 82 {57} + 82 {58} + 82 {59} + 82 {60} + 82 {61}
[TEST] {22} tested=400/492 | kept=75 | rest=8251
[TEST] {27} tested=100/491 | kept=18 | rest=8092
[TEST] {27} tested=200/491 | kept=32 | rest=7992
[TEST] {26} tested=100/491 | kept=39 | rest=7892
[TEST] {26} tested=200/491 | kept=85 | rest=7779
[TEST] {26} tested=300/491 | kept=118 | rest=7579
[TEST] {27} tested=300/491 | kept=74 | rest=7575
[TEST] {27} tested=400/491 | kept=127 | rest=7379
[TEST] {26} tested=400/491 | kept=175 | rest=7335
[TEST] {23} tested=200/492 | kept=4 | rest=7235
[TEST] {23} tested=300/492 | kept=4 | rest=7072
[TEST] {4} tested=2000/2948 | kept=17 | rest=6984
[TEST] {23} tested=400/492 | kept=4 | rest=6951
[TEST] {3} tested=1600/2948 | kept=98 | rest=6816
[TEST] {4} tested=2100/2948 | kept=18 | rest=6695
[WARN] batch start failed | size=492 {12} | split=82 {62} + 82 {63} + 82 {64} + 82 {65} + 82 {66} + 82 {67}
[TEST] {28} tested=100/491 | kept=10 | rest=6540
[TEST] {28} tested=200/491 | kept=22 | rest=6436
[TEST] {28} tested=300/491 | kept=83 | rest=6309
[TEST] {30} tested=100/491 | kept=8 | rest=6053
[TEST] {30} tested=200/491 | kept=22 | rest=5891
[TEST] {30} tested=300/491 | kept=38 | rest=5747
[TEST] {3} tested=1700/2948 | kept=98 | rest=5720
[TEST] {4} tested=2200/2948 | kept=18 | rest=5560
[TEST] {28} tested=400/491 | kept=135 | rest=5545
[TEST] {30} tested=400/491 | kept=59 | rest=5465
[TEST] {4} tested=2300/2948 | kept=20 | rest=5395
[TEST] {32} tested=82/82 | kept=1 | rest=5165
[TEST] {3} tested=1800/2948 | kept=98 | rest=5008
[TEST] {4} tested=2400/2948 | kept=20 | rest=4993
[TEST] {33} tested=82/82 | kept=11 | rest=4810
[TEST] {4} tested=2500/2948 | kept=20 | rest=4775
[TEST] {31} tested=100/489 | kept=2 | rest=4669
[TEST] {31} tested=200/489 | kept=7 | rest=4549
[TEST] {4} tested=2600/2948 | kept=20 | rest=4392
[TEST] {31} tested=300/489 | kept=23 | rest=4185
[TEST] {3} tested=1900/2948 | kept=98 | rest=4150
[TEST] {4} tested=2700/2948 | kept=20 | rest=4069
[TEST] {34} tested=82/82 | kept=12 | rest=3988
[WARN] batch start failed | size=82 {36} | split=14 {68} + 14 {69} + 14 {70} + 14 {71} + 14 {72} + 12 {73}
[TEST] {4} tested=2800/2948 | kept=20 | rest=3878
[TEST] {31} tested=400/489 | kept=31 | rest=3690
[TEST] {35} tested=82/82 | kept=1 | rest=3601
[TEST] {37} tested=82/82 | kept=2 | rest=3589
[TEST] {3} tested=2000/2948 | kept=98 | rest=3397
[TEST] {4} tested=2900/2948 | kept=20 | rest=3336
[TEST] {38} tested=82/82 | kept=2 | rest=3208
[TEST] {3} tested=2100/2948 | kept=98 | rest=3196
[WARN] batch start failed | size=82 {42} | split=14 {74} + 14 {75} + 14 {76} + 14 {77} + 14 {78} + 12 {79}
[WARN] batch start failed | size=82 {40} | split=14 {80} + 14 {81} + 14 {82} + 14 {83} + 14 {84} + 12 {85}
[TEST] {41} tested=82/82 | kept=0 | rest=3022
[TEST] {39} tested=82/82 | kept=13 | rest=2998
[WARN] batch start failed | size=82 {48} | split=14 {86} + 14 {87} + 14 {88} + 14 {89} + 14 {90} + 12 {91}
[WARN] batch start failed | size=82 {49} | split=14 {92} + 14 {93} + 14 {94} + 14 {95} + 14 {96} + 12 {97}
[WARN] batch start failed | size=82 {47} | split=14 {98} + 14 {99} + 14 {100} + 14 {101} + 14 {102} + 12 {103}
[TEST] {3} tested=2200/2948 | kept=98 | rest=2736
[TEST] {43} tested=81/81 | kept=5 | rest=2707
[TEST] {45} tested=82/82 | kept=0 | rest=2614
[TEST] {44} tested=82/82 | kept=0 | rest=2594
[TEST] {46} tested=82/82 | kept=9 | rest=2548
[WARN] batch start failed | size=82 {55} | split=14 {104} + 14 {105} + 14 {106} + 14 {107} + 14 {108} + 12 {109}
[TEST] {50} tested=82/82 | kept=4 | rest=2407
[TEST] {3} tested=2300/2948 | kept=98 | rest=2274
[TEST] {51} tested=82/82 | kept=2 | rest=2215
[TEST] {52} tested=82/82 | kept=3 | rest=2153
[TEST] {54} tested=82/82 | kept=1 | rest=2128
[WARN] batch start failed | size=82 {58} | split=14 {110} + 14 {111} + 14 {112} + 14 {113} + 14 {114} + 12 {115}
[TEST] {53} tested=82/82 | kept=3 | rest=2039
[TEST] {56} tested=82/82 | kept=0 | rest=1868
[TEST] {3} tested=2400/2948 | kept=98 | rest=1740
[TEST] {57} tested=82/82 | kept=0 | rest=1614
[TEST] {59} tested=82/82 | kept=0 | rest=1543
[TEST] {3} tested=2500/2948 | kept=98 | rest=1457
[TEST] {61} tested=82/82 | kept=0 | rest=1424
[WARN] batch start failed | size=82 {65} | split=14 {116} + 14 {117} + 14 {118} + 14 {119} + 14 {120} + 12 {121}
[TEST] {62} tested=82/82 | kept=19 | rest=1307
[TEST] {60} tested=82/82 | kept=0 | rest=1295
[WARN] batch start failed | size=14 {69} | split=3 {122} + 3 {123} + 3 {124} + 3 {125} + 2 {126}
[TEST] {3} tested=2600/2948 | kept=98 | rest=1129
[TEST] {64} tested=82/82 | kept=0 | rest=1099
[TEST] {63} tested=82/82 | kept=1 | rest=1066
[TEST] {66} tested=82/82 | kept=5 | rest=1019
[TEST] {67} tested=82/82 | kept=3 | rest=996
[TEST] {70} tested=14/14 | kept=0 | rest=977
[TEST] {3} tested=2700/2948 | kept=98 | rest=933
[TEST] {3} tested=2800/2948 | kept=98 | rest=833
[TEST] {68} tested=14/14 | kept=0 | rest=759
[TEST] {71} tested=14/14 | kept=6 | rest=742
[TEST] {75} tested=14/14 | kept=0 | rest=713
[TEST] {72} tested=14/14 | kept=2 | rest=703
[TEST] {73} tested=12/12 | kept=0 | rest=687
[WARN] batch start failed | size=12 {79} | split=2 {127} + 2 {128} + 2 {129} + 2 {130} + 2 {131} + 2 {132}
[TEST] {74} tested=14/14 | kept=0 | rest=682
[WARN] batch start failed | size=14 {81} | split=3 {133} + 3 {134} + 3 {135} + 3 {136} + 2 {137}
[TEST] {3} tested=2900/2948 | kept=98 | rest=661
[TEST] {76} tested=14/14 | kept=2 | rest=598
[TEST] {77} tested=14/14 | kept=0 | rest=588
[TEST] {78} tested=14/14 | kept=0 | rest=579
[TEST] {86} tested=14/14 | kept=0 | rest=559
[WARN] batch start failed | size=14 {87} | split=3 {138} + 3 {139} + 3 {140} + 3 {141} + 2 {142}
[TEST] {80} tested=14/14 | kept=0 | rest=551
[WARN] batch start failed | size=14 {88} | split=3 {143} + 3 {144} + 3 {145} + 3 {146} + 2 {147}
[TEST] {82} tested=14/14 | kept=2 | rest=532
[TEST] {84} tested=14/14 | kept=0 | rest=497
[TEST] {89} tested=14/14 | kept=14 | rest=482
[TEST] {92} tested=14/14 | kept=14 | rest=481
[WARN] batch start failed | size=14 {93} | split=3 {148} + 3 {149} + 3 {150} + 3 {151} + 2 {152}
[TEST] {83} tested=14/14 | kept=0 | rest=453
[TEST] {85} tested=12/12 | kept=0 | rest=436
[TEST] {91} tested=12/12 | kept=10 | rest=425
[TEST] {90} tested=14/14 | kept=9 | rest=423
[TEST] {97} tested=12/12 | kept=6 | rest=403
[TEST] {94} tested=14/14 | kept=12 | rest=393
[TEST] {95} tested=14/14 | kept=10 | rest=390
[WARN] batch start failed | size=14 {101} | split=3 {153} + 3 {154} + 3 {155} + 3 {156} + 2 {157}
[WARN] batch start failed | size=14 {100} | split=3 {158} + 3 {159} + 3 {160} + 3 {161} + 2 {162}
[TEST] {96} tested=14/14 | kept=8 | rest=369
[TEST] {98} tested=14/14 | kept=4 | rest=357
[TEST] {99} tested=14/14 | kept=3 | rest=356
[WARN] batch start failed | size=14 {107} | split=3 {163} + 3 {164} + 3 {165} + 3 {166} + 2 {167}
[TEST] {102} tested=14/14 | kept=0 | rest=329
[TEST] {103} tested=12/12 | kept=0 | rest=312
[TEST] {104} tested=14/14 | kept=0 | rest=311
[WARN] batch start failed | size=14 {111} | split=3 {168} + 3 {169} + 3 {170} + 3 {171} + 2 {172}
[TEST] {105} tested=14/14 | kept=0 | rest=288
[TEST] {106} tested=14/14 | kept=0 | rest=274
[TEST] {108} tested=14/14 | kept=0 | rest=264
[TEST] {109} tested=12/12 | kept=0 | rest=250
[WARN] batch start failed | size=14 {116} | split=3 {173} + 3 {174} + 3 {175} + 3 {176} + 2 {177}
[TEST] {110} tested=14/14 | kept=2 | rest=239
[TEST] {114} tested=14/14 | kept=1 | rest=233
[TEST] {113} tested=14/14 | kept=1 | rest=220
[TEST] {112} tested=14/14 | kept=0 | rest=211
[TEST] {115} tested=12/12 | kept=0 | rest=195
[TEST] {117} tested=14/14 | kept=0 | rest=183
[WARN] batch start failed | size=3 {124} | split=1 {178} + 1 {179} + 1 {180}
[TEST] {126} tested=2/2 | kept=0 | rest=181
[WARN] batch start failed | size=3 {123} | split=1 {181} + 1 {182} + 1 {183}
[TEST] {119} tested=14/14 | kept=0 | rest=170
[TEST] {118} tested=14/14 | kept=0 | rest=159
[TEST] {120} tested=14/14 | kept=2 | rest=149
[TEST] {121} tested=12/12 | kept=2 | rest=145
[TEST] {125} tested=3/3 | kept=0 | rest=143
[TEST] {122} tested=3/3 | kept=0 | rest=140
[WARN] batch start failed | size=2 {132} | split=1 {184} + 1 {185}
[TEST] {127} tested=2/2 | kept=0 | rest=139
[TEST] {128} tested=2/2 | kept=0 | rest=138
[WARN] batch start failed | size=3 {135} | split=1 {186} + 1 {187} + 1 {188}
[TEST] {129} tested=2/2 | kept=0 | rest=137
[TEST] {131} tested=2/2 | kept=0 | rest=133
[TEST] {138} tested=3/3 | kept=0 | rest=130
[TEST] {130} tested=2/2 | kept=0 | rest=129
[TEST] {134} tested=3/3 | kept=0 | rest=122
[WARN] batch start failed | size=3 {141} | split=1 {189} + 1 {190} + 1 {191}
[WARN] batch start failed | size=2 {142} | split=1 {192} + 1 {193}
[WARN] batch start failed | size=3 {143} | split=1 {194} + 1 {195} + 1 {196}
[TEST] {133} tested=3/3 | kept=0 | rest=119
[TEST] {136} tested=3/3 | kept=2 | rest=116
[TEST] {145} tested=3/3 | kept=0 | rest=111
[TEST] {144} tested=3/3 | kept=0 | rest=109
[TEST] {147} tested=2/2 | kept=0 | rest=108
[WARN] batch start failed | size=3 {148} | split=1 {197} + 1 {198} + 1 {199}
[TEST] {149} tested=3/3 | kept=3 | rest=105
[TEST] {137} tested=2/2 | kept=1 | rest=104
[TEST] {152} tested=2/2 | kept=2 | rest=98
[TEST] {151} tested=3/3 | kept=3 | rest=97
[TEST] {140} tested=3/3 | kept=0 | rest=95
[TEST] {139} tested=3/3 | kept=0 | rest=94
[WARN] batch start failed | size=3 {156} | split=1 {200} + 1 {201} + 1 {202}
[WARN] batch start failed | size=3 {155} | split=1 {203} + 1 {204} + 1 {205}
[TEST] {150} tested=3/3 | kept=3 | rest=91
[TEST] {157} tested=2/2 | kept=0 | rest=89
[WARN] batch start failed | size=3 {161} | split=1 {206} + 1 {207} + 1 {208}
[WARN] batch start failed | size=3 {160} | split=1 {209} + 1 {210} + 1 {211}
[TEST] {158} tested=3/3 | kept=3 | rest=87
[TEST] {146} tested=3/3 | kept=1 | rest=83
[WARN] batch start failed | size=3 {164} | split=1 {212} + 1 {213} + 1 {214}
[TEST] {166} tested=3/3 | kept=0 | rest=80
[TEST] {165} tested=3/3 | kept=0 | rest=77
[TEST] {153} tested=3/3 | kept=0 | rest=73
[TEST] {154} tested=3/3 | kept=0 | rest=70
[WARN] batch start failed | size=3 {168} | split=1 {215} + 1 {216} + 1 {217}
[TEST] {159} tested=3/3 | kept=1 | rest=67
[TEST] {162} tested=2/2 | kept=0 | rest=66
[TEST] {163} tested=3/3 | kept=0 | rest=65
[TEST] {173} tested=3/3 | kept=0 | rest=62
[TEST] {167} tested=2/2 | kept=0 | rest=60
[TEST] {169} tested=3/3 | kept=0 | rest=57
[TEST] {171} tested=3/3 | kept=0 | rest=54
[WARN] batch start failed | size=3 {175} | split=1 {218} + 1 {219} + 1 {220}
[REPAIR] name=[Epodonios] EPODONIOS-128 {178} | fields=cipher
[REPAIR] name=[Epodonios] EPODONIOS-129 {179} | fields=cipher
[TEST] {178} tested=1/1 | kept=0 | rest=53
[TEST] {179} tested=1/1 | kept=1 | rest=51
[TEST] {170} tested=3/3 | kept=0 | rest=48
[REPAIR] name=[Epodonios] EPODONIOS-127 {183} | fields=cipher
[TEST] {172} tested=2/2 | kept=1 | rest=47
[REPAIR] name=[Epodonios] EPODONIOS-126 {182} | fields=cipher
[DROP] name=[Free-clash-v2ray] 未知 SS-338 | free-nodes {184} | server=192.0.2.1:1 | reason=Parse config error: proxy 0: ss 192.0.2.1:1 cipher: i�5��\x1c�p initialize error: unknown method: i�5��\x1c�p
[TEST] {177} tested=2/2 | kept=0 | rest=44
[TEST] {181} tested=1/1 | kept=1 | rest=43
[TEST] {183} tested=1/1 | kept=1 | rest=42
[REPAIR] name=[Free-clash-v2ray] hysteria {187} | fields=up,down
[TEST] {185} tested=1/1 | kept=0 | rest=41
[TEST] {187} tested=1/1 | kept=0 | rest=40
[TEST] {176} tested=3/3 | kept=0 | rest=38
[REPAIR] name=[ChromeGO-Merge] Taiwan {190} | fields=up,down
[REPAIR] name=[ChromeGO-Merge] France {191} | fields=up,down
[TEST] {190} tested=1/1 | kept=0 | rest=37
[REPAIR] name=[ChromeGO-Merge] United-4 {192} | fields=up,down
[TEST] {188} tested=1/1 | kept=1 | rest=36
[REPAIR] name=[ChromeGO-Merge] Taiwan-2 {193} | fields=up,down
[TEST] {193} tested=1/1 | kept=0 | rest=35
[TEST] {196} tested=1/1 | kept=0 | rest=34
[REPAIR] name=[ChromeGO-Merge] United-5 {194} | fields=up,down
[TEST] {195} tested=1/1 | kept=0 | rest=33
[TEST] {197} tested=1/1 | kept=1 | rest=32
[REPAIR] name=[Pawdroid-SR-APK] United+Kingdom-8 {198} | fields=cipher
[REPAIR] name=[ChromeGO-Merge] France_hysteria_1 {200} | fields=up,down
[TEST] {199} tested=1/1 | kept=1 | rest=31
[TEST] {174} tested=3/3 | kept=0 | rest=29
[REPAIR] name=[ChromeGO-Merge] United-2 {201} | fields=up,down
[REPAIR] name=[ChromeGO-Merge] WARP {204} | fields=dialer-proxy
[TEST] {180} tested=1/1 | kept=0 | rest=28
[REPAIR] name=[ChromeGO-Merge] United {205} | fields=up,down
[REPAIR] name=[ChromeGO-ShiteThings] hysteria-4 {206} | fields=up,down
[REPAIR] name=[ChromeGO-ShiteThings] hysteria-5 {207} | fields=up,down
[TEST] {202} tested=1/1 | kept=0 | rest=27
[REPAIR] name=[ChromeGO-ShiteThings] hysteria {209} | fields=up,down
[TEST] {206} tested=1/1 | kept=0 | rest=26
[REPAIR] name=[ChromeGO-ShiteThings] hysteria-3 {211} | fields=up,down
[REPAIR] name=[ChromeGO-ShiteThings] hysteria-2 {210} | fields=up,down
[TEST] {209} tested=1/1 | kept=0 | rest=25
[TEST] {212} tested=1/1 | kept=0 | rest=24
[DROP] name=[Epodonios] vless-56 {214} | server=31.57.185.92:8080 | reason=Parse config error: proxy 0: 'reality-opts' has unset fields: public-key
[TEST] {211} tested=1/1 | kept=0 | rest=22
[TEST] {210} tested=1/1 | kept=0 | rest=21
[TEST] {215} tested=1/1 | kept=0 | rest=20
[DROP] name=[免费节点6] 日本 014 {216} | server=172.111.146.64:80 | reason=Parse config error: proxy 0: filed ws-opts.headers[Host] invalid
[TEST] {182} tested=1/1 | kept=0 | rest=18
[TEST] {217} tested=1/1 | kept=1 | rest=17
[TEST] {186} tested=1/1 | kept=0 | rest=16
[REPAIR] name=[Pawdroid-SS-APK] United+Kingdom-3 {218} | fields=cipher
[TEST] {189} tested=1/1 | kept=0 | rest=15
[TEST] {219} tested=1/1 | kept=0 | rest=14
[TEST] {218} tested=1/1 | kept=1 | rest=13
[TEST] {191} tested=1/1 | kept=0 | rest=12
[TEST] {192} tested=1/1 | kept=0 | rest=11
[TEST] {194} tested=1/1 | kept=0 | rest=10
[TEST] {198} tested=1/1 | kept=0 | rest=9
[TEST] {200} tested=1/1 | kept=0 | rest=8
[TEST] {203} tested=1/1 | kept=0 | rest=7
[TEST] {201} tested=1/1 | kept=0 | rest=6
[TEST] {204} tested=1/1 | kept=0 | rest=5
[TEST] {205} tested=1/1 | kept=0 | rest=4
[TEST] {208} tested=1/1 | kept=0 | rest=3
[TEST] {207} tested=1/1 | kept=0 | rest=2
[TEST] {213} tested=1/1 | kept=0 | rest=1
[TEST] {220} tested=1/1 | kept=0 | rest=0
[DROP] dropped=3 | [Free-clash-v2ray] × 1 | [Epodonios] × 1 | [免费节点6] × 1
============================================================
[CAP] source=[免费节点2] | from=278 | to=50
[CAP] source=[免费节点8] | from=91 | to=50
[CAP] source=[Pawdroid-SR-APK] | from=439 | to=50
[CAP] source=[Epodonios] | from=60 | to=50
[CAP] source=[Free-clash-v2ray] | from=529 | to=50
[CAP] source=[V2rayclashfree-RSS] | from=97 | to=50
[CAP] total | from=551 | to=400 | floor=5 | by=health_score
[CAP] reserved=113 | pool=438 | taken=287
[CAP] source=[NekoWarp] | from=10 | to=9
[CAP] source=[Mibei77-RSS] | from=24 | to=10
[CAP] source=[Pawdroid] | from=8 | to=5
[CAP] source=[免费节点1] | from=39 | to=10
[CAP] source=[免费节点3] | from=14 | to=6
[CAP] source=[免费节点4] | from=18 | to=12
[CAP] source=[免费节点6] | from=23 | to=12
[CAP] source=[免费节点10] | from=20 | to=11
[CAP] source=[免费节点11] | from=15 | to=6
[CAP] source=[ChromeGO-ShiteThings] | from=7 | to=5
[CAP] source=[Pawdroid-SS-APK] | from=39 | to=24
[CAP] source=[1VPN-CRX] | from=11 | to=5
[CAP] source=[Epodonios] | from=50 | to=14
[CAP] source=[V2rayclashfree-RSS] | from=50 | to=48
============================================================
+------------------------------+--------+--------+------+--------+
| source                       |    raw | unique | live | capped |
+------------------------------+--------+--------+------+--------+
| [大FQ运动]                   |     18 |     18 |    4 |      4 |
+------------------------------+--------+--------+------+--------+
| [Pawdroid]                   |     22 |     21 |    8 |      5 |
+------------------------------+--------+--------+------+--------+
| [FreeV2-Base64]              |      3 |      3 |    2 |      2 |
+------------------------------+--------+--------+------+--------+
| [Bocchi2b-Base64]            |     32 |     32 |    0 |      0 |
+------------------------------+--------+--------+------+--------+
| [Freesocks]                  |      4 |      4 |    3 |      3 |
+------------------------------+--------+--------+------+--------+
| [NekoWarp]                   |     10 |     10 |   10 |      9 |
+------------------------------+--------+--------+------+--------+
| [OpenRunner-RSS]             |     14 |     14 |    0 |      0 |
+------------------------------+--------+--------+------+--------+
| [V2Rayshare-RSS]             |     22 |     22 |    1 |      1 |
+------------------------------+--------+--------+------+--------+
| [Mibei77-RSS]                |    125 |    110 |   24 |     10 |
+------------------------------+--------+--------+------+--------+
| [Yoyapai-RSS]                |    298 |    292 |    4 |      4 |
+------------------------------+--------+--------+------+--------+
| [免费节点1]                  |    174 |     93 |   39 |     10 |
+------------------------------+--------+--------+------+--------+
| [免费节点2]                  |    630 |    588 |  278 |     50 |
+------------------------------+--------+--------+------+--------+
| [免费节点3]                  |     42 |     20 |   14 |      6 |
+------------------------------+--------+--------+------+--------+
| [免费节点4]                  |    339 |    209 |   18 |     12 |
+------------------------------+--------+--------+------+--------+
| [免费节点5]                  |     29 |     28 |    0 |      0 |
+------------------------------+--------+--------+------+--------+
| [免费节点6]                  |   1702 |   1541 |   23 |     12 |
+------------------------------+--------+--------+------+--------+
| [免费节点7]                  |     59 |     16 |    1 |      1 |
+------------------------------+--------+--------+------+--------+
| [免费节点8]                  |   4263 |   3210 |   91 |     50 |
+------------------------------+--------+--------+------+--------+
| [免费节点9]                  |    615 |    459 |    0 |      0 |
+------------------------------+--------+--------+------+--------+
| [免费节点10]                 |   5725 |   3096 |   20 |     11 |
+------------------------------+--------+--------+------+--------+
| [免费节点11]                 |    723 |    283 |   15 |      6 |
+------------------------------+--------+--------+------+--------+
| [ChromeGO-Toolkit]           |     20 |     19 |    4 |      4 |
+------------------------------+--------+--------+------+--------+
| [ChromeGO-ShiteThings]       |     31 |     25 |    7 |      5 |
+------------------------------+--------+--------+------+--------+
| [ChromeGO-Merge]             |    277 |     74 |    0 |      0 |
+------------------------------+--------+--------+------+--------+
| [Pawdroid-SR-APK]            |   1193 |    699 |  439 |     50 |
+------------------------------+--------+--------+------+--------+
| [Pawdroid-SS-APK]            |   1504 |   1062 |   39 |     24 |
+------------------------------+--------+--------+------+--------+
| [1VPN-CRX]                   |     17 |     17 |   11 |      5 |
+------------------------------+--------+--------+------+--------+
| [Clashfree]                  |    408 |     48 |    4 |      4 |
+------------------------------+--------+--------+------+--------+
| [Epodonios]                  |   4382 |   2720 |   60 |     14 |
+------------------------------+--------+--------+------+--------+
| [Free-clash-v2ray]           |   3285 |   1931 |  529 |     50 |
+------------------------------+--------+--------+------+--------+
| [V2rayclashfree-RSS]         |   3406 |   1020 |   97 |     48 |
+------------------------------+--------+--------+------+--------+
============================================================
[SUMMARY] collected=29372 | candidates=17684 | kept=400 | avg=486.74ms
[SUMMARY] geo | HK=31 | JP=72 | KR=25 | TW=7 | SG=28 | US=63 | GB=18 | FR=64 | DE=7 | NL=15 | CA=6 | other=64
[SUMMARY] score | max=833.3972 | p90=107.1723 | p50=65.8800 | avg=65.0280 | min=-3.3060 | geo_avg=25.1245 | adj_avg=+6.6169
============================================================
[WRITTEN] file=clash | path=/home/runner/work/Free-node-autotest/Free-node-autotest/output/clash.yaml | history=797389899095-clash-0904-20261010.yaml | proxies=400
[WRITTEN] file=raw | path=/home/runner/work/Free-node-autotest/Free-node-autotest/output/raw.yaml | history=797389899095-raw-0904-20261010.yaml | proxies=29374
[WRITTEN] file=debug | path=/home/runner/work/Free-node-autotest/Free-node-autotest/history/797389899095-debug-0904-20261010.log | proxies=29399
