============================================================
[INFO] sublink try page: https://end-gfw.com/
[INFO] sublink try file: https://raw.githubusercontent.com/hello-world-1989/cn-news/refs/heads/main/clash.yaml
[OK] proxies=2 source=大FQ运动 url=https://raw.githubusercontent.com/hello-world-1989/cn-news/refs/heads/main/clash.yaml
============================================================
[OK] proxies=4 source=大FQ运动-SS密钥 url=https://end-gfw.com/ss-key
============================================================
[INFO] sublink try page: https://github.com/hello-world-1989/cn-news/raw/refs/heads/main/README.md
[INFO] sublink try file: https://raw.githubusercontent.com/hello-world-1989/v2-sub/main/end-gfw-together-af3e13
[OK] proxies=6 source=大FQ运动-补充 url=https://raw.githubusercontent.com/hello-world-1989/v2-sub/main/end-gfw-together-af3e13
============================================================
[INFO] toolkit try release: https://github.com/bannedbook/fanqiang/releases
[INFO] toolkit try page: https://github.com/bannedbook/fanqiang/releases/expanded_assets/ChromeGo-latest
[INFO] toolkit try download: https://github.com/bannedbook/fanqiang/releases/download/ChromeGo-latest/ChromeGo.7z
[OK] toolkit downloaded: ChromeGo.7z bytes=100924352
[OK] toolkit embedded proxies=12 archive=ChromeGo.7z
[OK] toolkit discovered subs=107 archive=ChromeGo.7z
[OK] proxies=12 embedded=archive-config
[OK] proxies=16 url=https://{gitlab.com/free9999/ipupdate/-/raw|www.67867867.xyz/Alvin9999/PAC/refs/heads}/master/backup/img/1/2/{ipp|ip}/hysteria2/{2|3|1|4}/config.json
[OK] proxies=10 url=https://{gitlab.com/free9999/ipupdate/-/raw|www.67867867.xyz/Alvin9999/PAC/refs/heads}/master/backup/img/1/2/{ipp|ip}/singbox/{2|1}/config.json
[OK] proxies=24 url=https://{gitlab.com/free9999/ipupdate/-/raw|www.67867867.xyz/Alvin9999/PAC/refs/heads}/master/backup/img/1/2/{ipp|ip}/clash.meta2/{2|3|1|5|4|6}/config.yaml
[OK] proxies=8 url=https://{gitlab.com/free9999/ipupdate/-/raw|www.67867867.xyz/Alvin9999/PAC/refs/heads}/master/backup/img/1/2/{ipp|ip}/naiveproxy/{2|1}/config.json
[OK] proxies=16 url=https://{gitlab.com/free9999/ipupdate/-/raw|www.67867867.xyz/Alvin9999/PAC/refs/heads}/master/backup/img/1/2/{ip|ipp}/hysteria/{2|3|1|4}/config.json
[OK] proxies=16 url=https://{gitlab.com/free9999/ipupdate/-/raw|www.67867867.xyz/Alvin9999/PAC/refs/heads}/master/backup/img/1/2/{ip|ipp}/xray/{2|3|1|4}/config.json
[OK] proxies=102 source=ChromeGO-工具包 url=https://github.com/bannedbook/fanqiang/releases/download/ChromeGo-latest/ChromeGo.7z
============================================================
[INFO] sublink try page: https://raw.githubusercontent.com/ShiteThings/extractNodes/refs/heads/main/README.md
[INFO] sublink try file: https://chg26.makou.cc.cd/
[OK] proxies=28 source=ChromeGO-ShiteThings url=https://chg26.makou.cc.cd/
============================================================
[INFO] sublink try page: https://github.com/Misaka-blog/chromego_merge/raw/refs/heads/main/README.md
[INFO] sublink try file: https://chromego-sub.netlify.app/sub/base64.txt
[WARN] sublink empty file: https://chromego-sub.netlify.app/sub/base64.txt
[INFO] sublink try file: https://chromego-sub.netlify.app/sub/sing-box.json
[WARN] sublink empty subscription: https://chromego-sub.netlify.app/sub/sing-box.json
[INFO] sublink try file: https://chromego-sub.netlify.app/sub/merged_proxies_new.yaml
[OK] proxies=60 source=ChromeGO-Merge url=https://chromego-sub.netlify.app/sub/merged_proxies_new.yaml
============================================================
[OK] proxies=6 source=Freesocks url=https://freesocks.org/api/v1/sub/02b897e8e77f19176b0b9f2c75864b00
============================================================
[OK] proxies=10 source=NekoWarp url=https://neko-warp.nloli.xyz/neko_warp.yaml
============================================================
[INFO] article try feed: https://v2rayshare.com/feed
[INFO] sublink try page: https://v2rayshare.net/p/5076.html
[INFO] sublink try file: https://static.v2rayshare.net/2026/09/20260904.txt
[OK] proxies=30 source=V2Rayshare-RSS url=https://static.v2rayshare.net/2026/09/20260904.txt
============================================================
[INFO] article try feed: https://free.datiya.com/index.xml
[INFO] sublink try page: https://free.datiya.com/post/20260904/
[INFO] sublink try file: https://free.datiya.com/uploads/20260904-v2ray.txt
[WARN] sublink empty file: https://free.datiya.com/uploads/20260904-v2ray.txt
[INFO] sublink try file: https://free.datiya.com/uploads/20260904-clash.yaml
[OK] proxies=14 source=OpenRunner-RSS url=https://free.datiya.com/uploads/20260904-clash.yaml
============================================================
[INFO] article try feed: https://www.mibei77.com/feed
[INFO] sublink try page: https://www.mibei77.com/645.html
[INFO] sublink try file: https://mm.mibei77.com/202609/09.0464bacvd.txt
[OK] proxies=266 source=Mibei77-RSS url=https://mm.mibei77.com/202609/09.0464bacvd.txt
============================================================
[INFO] article try feed: https://yoyapai.com/feed
[INFO] sublink try page: https://yoyapai.com/700
[INFO] sublink try file: https://freenode.yoyapai.com/2026/09/04-yoyapai.com-ssrv2ray-vpn-mian-fei-jie-dian.txt
[OK] proxies=290 source=Yoyapai-RSS url=https://freenode.yoyapai.com/2026/09/04-yoyapai.com-ssrv2ray-vpn-mian-fei-jie-dian.txt
============================================================
[INFO] sublink try page: https://raw.githubusercontent.com/free-clash-v2ray/free-clash-v2ray.github.io/main/README.md
[INFO] sublink try file: https://free-clash-v2ray.github.io/uploads/2026/08/3-20260830.txt
[OK] proxies=27 source=Free-clash-v2ray url=https://free-clash-v2ray.github.io/uploads/2026/08/3-20260830.txt
============================================================
[OK] proxies=18 source=Pawdroid url=https://raw.githubusercontent.com/Pawdroid/Free-servers/refs/heads/main/README.md
============================================================
[OK] proxies=7 source=FreeV2-Base64 url=https://xmxosfepggzm.503403.xyz
============================================================
[OK] proxies=35 source=Bocchi2b-Base64 url=https://links.bocchi2b.top/clash
============================================================
[INFO] sublink try page: https://github.com/firefoxmmx2/v2rayshare_subcription/raw/refs/heads/main/README.md
[INFO] sublink try file: https://raw.githubusercontent.com/firefoxmmx2/v2rayshare_subcription/main/subscription/vray_sub.txt
[OK] proxies=30 source=V2Rayshare-订阅 url=https://raw.githubusercontent.com/firefoxmmx2/v2rayshare_subcription/main/subscription/vray_sub.txt
============================================================
[INFO] sublink try page: https://raw.githubusercontent.com/free18/v2ray/refs/heads/main/README.md
[INFO] sublink try file: https://ghfast.top/https://raw.githubusercontent.com/free18/v2ray/refs/heads/main/v.txt
[OK] proxies=366 source=免费节点1 url=https://ghfast.top/https://raw.githubusercontent.com/free18/v2ray/refs/heads/main/v.txt
============================================================
[OK] proxies=6 source=免费节点1-自建 url=https://raw.githubusercontent.com/free18/v2ray/refs/heads/main/README.md
============================================================
[INFO] sublink try page: https://github.com/ermaozi/get_subscribe/raw/refs/heads/main/README.md
[INFO] sublink try file: https://www.ermao.net/sub/clash/ermao.net
[OK] proxies=15 source=免费节点2 url=https://www.ermao.net/sub/clash/ermao.net
============================================================
[INFO] sublink try page: https://raw.githubusercontent.com/sunmiao4458/free-proxy-airport/refs/heads/main/README.md
[INFO] sublink try file: https://sunmiao4458.github.io/free-proxy-airport/clash.yaml
[OK] proxies=44 source=免费节点3 url=https://sunmiao4458.github.io/free-proxy-airport/clash.yaml
============================================================
[INFO] sublink try page: https://raw.githubusercontent.com/mfuu/FreeProxies/refs/heads/master/README.md
[INFO] sublink try file: https://raw.githubusercontent.com/mfuu/FreeProxies/master/sub.yaml
[OK] proxies=1161 source=免费节点4 url=https://raw.githubusercontent.com/mfuu/FreeProxies/master/sub.yaml
============================================================
[INFO] sublink try page: https://github.com/vxiaov/free_proxies/raw/refs/heads/main/README.md
[INFO] sublink try file: https://cdn.jsdelivr.net/gh/vxiaov/free_proxies@main/clash/clash.provider.yaml
[OK] proxies=28 source=免费节点5 url=https://cdn.jsdelivr.net/gh/vxiaov/free_proxies@main/clash/clash.provider.yaml
============================================================
[INFO] sublink try page: https://github.com/anaer/Sub/raw/refs/heads/main/README.MD
[INFO] sublink try file: https://anaer.github.io/Sub/clash.yaml
[OK] proxies=250 source=免费节点6 url=https://anaer.github.io/Sub/clash.yaml
============================================================
[INFO] sublink try page: https://github.com/snakem982/proxypool/raw/refs/heads/main/README.md
[INFO] sublink try file: https://raw.githubusercontent.com/snakem982/proxypool/main/source/v2ray-2.txt
[OK] proxies=61 source=免费节点7 url=https://raw.githubusercontent.com/snakem982/proxypool/main/source/v2ray-2.txt
============================================================
[INFO] sublink try page: https://raw.githubusercontent.com/mahdibland/V2RayAggregator/refs/heads/master/README.md
[INFO] sublink try file: https://raw.githubusercontent.com/mahdibland/SSAggregator/master/sub/sub_merge.txt
[OK] proxies=4094 source=免费节点8 url=https://raw.githubusercontent.com/mahdibland/SSAggregator/master/sub/sub_merge.txt
============================================================
[INFO] sublink try page: https://raw.githubusercontent.com/w1770946466/Auto_proxy/refs/heads/main/README.md
[INFO] sublink try file: https://raw.githubusercontent.com/w1770946466/Auto_proxy/main/Long_term_subscription_num
[OK] proxies=559 source=免费节点9-1 url=https://raw.githubusercontent.com/w1770946466/Auto_proxy/main/Long_term_subscription_num
============================================================
[OK] proxies=193 source=免费节点9-2 url=https://raw.githubusercontent.com/w1770946466/Auto_proxy/main/Long_term_subscription_try
============================================================
[INFO] sublink try page: https://raw.githubusercontent.com/PuddinCat/BestClash/refs/heads/main/README.md
[INFO] sublink try file: https://raw.githubusercontent.com/PuddinCat/BestClash/refs/heads/main/proxies.yaml
[OK] proxies=16 source=免费节点10 url=https://raw.githubusercontent.com/PuddinCat/BestClash/refs/heads/main/proxies.yaml
============================================================
[INFO] sublink try page: https://raw.githubusercontent.com/kooker/FreeSubsCheck/main/README.md
[INFO] sublink try file: https://raw.githubusercontent.com/kooker/FreeSubsCheck/main/mihomo.yaml
[OK] proxies=15 source=免费节点11-1 url=https://raw.githubusercontent.com/kooker/FreeSubsCheck/main/mihomo.yaml
============================================================
[OK] proxies=12 source=免费节点11-2 url=https://raw.githubusercontent.com/kooker/FreeSubsCheck/main/byxiaoxi.txt
============================================================
[OK] proxies=435 source=免费节点11-3 url=https://raw.githubusercontent.com/kooker/FreeSubsCheck/main/kooker.jp.txt
============================================================
[INFO] toolkit try release: https://github.com/Pawdroid/shadowrocket_for_android/releases
[INFO] toolkit try page: https://github.com/Pawdroid/shadowrocket_for_android/releases/expanded_assets/v10.10.5-standard
[INFO] toolkit try download: https://github.com/Pawdroid/shadowrocket_for_android/releases/download/v10.10.5-standard/Shadowrocket_10.10.5_shadowrocketStandard_arm64-v8a.apk
[OK] toolkit downloaded: Shadowrocket_10.10.5_shadowrocketStandard_arm64-v8a.apk bytes=42354602
[INFO] toolkit sr-apk scanned prefixes=9 files=11 keys=25 archive=Shadowrocket_10.10.5_shadowrocketStandard_arm64-v8a.apk
[OK] toolkit sr-apk decrypted proxies=1403 url=https://cdn.159236.xyz/config/ecfg_zh
[OK] toolkit sr-apk decrypted proxies=173 url=https://cdn.159236.xyz/config/ecfg5
[OK] proxies=1454 source=Pawdroid-sr-apk url=https://github.com/Pawdroid/shadowrocket_for_android/releases/download/v10.10.5-standard/Shadowrocket_10.10.5_shadowrocketStandard_arm64-v8a.apk
============================================================
[INFO] toolkit try page: https://shadowshare.v2cross.com/
[INFO] toolkit try download: https://shadowshare.v2cross.com/shadowshare.apk
[OK] toolkit downloaded: shadowshare.apk bytes=62868122
[INFO] toolkit ss-apk scanned prefixes=9 files=3 keys=25 archive=shadowshare.apk
[OK] toolkit ss-apk decrypted proxies=1403 url=https://sare.159236.xyz/data/sareserver_en
[OK] toolkit ss-apk decrypted proxies=173 url=https://sare.159236.xyz/data/sareserver
[OK] proxies=1454 source=Pawdroid-ss-apk url=https://shadowshare.v2cross.com/shadowshare.apk
============================================================
[INFO] sublink try page: https://raw.githubusercontent.com/free-nodes/clashfree/refs/heads/main/README.md
[INFO] sublink try file: https://raw.githubusercontent.com/free-nodes/clashfree/main/clash20260905.yml
[OK] proxies=1521 source=Clashfree url=https://raw.githubusercontent.com/free-nodes/clashfree/main/clash20260905.yml
============================================================
[INFO] sublink try page: https://github.com/Epodonios/v2ray-configs/raw/refs/heads/main/README.md
[INFO] sublink try file: https://github.com/Epodonios/v2ray-configs/raw/main/All_Configs_base64_Sub.txt
[OK] proxies=4447 source=Epodonios-v2ray-configs url=https://github.com/Epodonios/v2ray-configs/raw/main/All_Configs_base64_Sub.txt
============================================================
[INFO] article try page: https://v2rayclashfree.com/
[INFO] sublink try page: https://v2rayclashfree.com/fn/20260905.html
[INFO] sublink try file: https://v2rayclashfree.com/sub/20260905-v2ray.txt
[OK] proxies=2697 source=V2rayclashfree-RSS url=https://v2rayclashfree.com/sub/20260905-v2ray.txt
============================================================
[INFO] raw backup written path=/home/runner/work/Free-node-autotest/Free-node-autotest/output/raw.yaml proxies=19763
[INFO] release digest sha256=b358eba638b01c1f1841c4d612d4b6da58419bef96055958cf9c3be04f625642 asset=mihomo-linux-amd64-v1-go120-v1.19.30.gz
[INFO] downloading proxy engine: https://github.com/MetaCubeX/mihomo/releases/download/v1.19.30/mihomo-linux-amd64-v1-go120-v1.19.30.gz
[OK] proxy engine sha256 verified: b358eba638b01c1f1841c4d612d4b6da58419bef96055958cf9c3be04f625642
============================================================
[WARN] batch start failed size=10778
[WARN] split batch 10778 -> 5389 + 5389
[INFO] tested 100/5389 kept=31
[INFO] tested 200/5389 kept=38
[INFO] tested 300/5389 kept=40
[INFO] tested 400/5389 kept=51
[INFO] tested 500/5389 kept=71
[INFO] tested 600/5389 kept=91
[INFO] tested 700/5389 kept=95
[INFO] tested 800/5389 kept=98
[INFO] tested 900/5389 kept=103
[INFO] tested 1000/5389 kept=143
[INFO] tested 1100/5389 kept=152
[INFO] tested 1200/5389 kept=153
[INFO] tested 1300/5389 kept=154
[INFO] tested 1400/5389 kept=155
[INFO] tested 1500/5389 kept=164
[INFO] tested 1600/5389 kept=211
[INFO] tested 1700/5389 kept=220
[INFO] tested 1800/5389 kept=220
[INFO] tested 1900/5389 kept=220
[INFO] tested 2000/5389 kept=220
[INFO] tested 2100/5389 kept=220
[INFO] tested 2200/5389 kept=220
[INFO] tested 2300/5389 kept=220
[INFO] tested 2400/5389 kept=220
[INFO] tested 2500/5389 kept=220
[INFO] tested 2600/5389 kept=221
[INFO] tested 2700/5389 kept=221
[INFO] tested 2800/5389 kept=221
[INFO] tested 2900/5389 kept=221
[INFO] tested 3000/5389 kept=221
[INFO] tested 3100/5389 kept=221
[INFO] tested 3200/5389 kept=260
[INFO] tested 3300/5389 kept=326
[INFO] tested 3400/5389 kept=327
[INFO] tested 3500/5389 kept=327
[INFO] tested 3600/5389 kept=327
[INFO] tested 3700/5389 kept=327
[INFO] tested 3800/5389 kept=327
[INFO] tested 3900/5389 kept=327
[INFO] tested 4000/5389 kept=328
[INFO] tested 4100/5389 kept=328
[INFO] tested 4200/5389 kept=328
[INFO] tested 4300/5389 kept=328
[INFO] tested 4400/5389 kept=328
[INFO] tested 4500/5389 kept=328
[INFO] tested 4600/5389 kept=328
[INFO] tested 4700/5389 kept=328
[INFO] tested 4800/5389 kept=328
[INFO] tested 4900/5389 kept=328
[INFO] tested 5000/5389 kept=328
[INFO] tested 5100/5389 kept=328
[INFO] tested 5200/5389 kept=328
[INFO] tested 5300/5389 kept=328
[INFO] tested 5389/5389 kept=328
[WARN] batch start failed size=5389
[WARN] split batch 5389 -> 2694 + 2695
[WARN] batch start failed size=2694
[WARN] split batch 2694 -> 1347 + 1347
[WARN] batch start failed size=1347
[WARN] split batch 1347 -> 673 + 674
[WARN] batch start failed size=673
[WARN] split batch 673 -> 336 + 337
[INFO] tested 100/336 kept=0
[INFO] tested 200/336 kept=0
[INFO] tested 300/336 kept=16
[INFO] tested 336/336 kept=16
[WARN] batch start failed size=337
[WARN] split batch 337 -> 168 + 169
[INFO] tested 100/168 kept=7
[INFO] tested 168/168 kept=10
[WARN] batch start failed size=169
[WARN] split batch 169 -> 84 + 85
[WARN] batch start failed size=84
[WARN] split batch 84 -> 42 + 42
[INFO] tested 42/42 kept=1
[WARN] batch start failed size=42
[WARN] split batch 42 -> 21 + 21
[INFO] tested 21/21 kept=0
[WARN] batch start failed size=21
[WARN] split batch 21 -> 10 + 11
[WARN] batch start failed size=10
[WARN] split batch 10 -> 5 + 5
[INFO] tested 5/5 kept=0
[WARN] batch start failed size=5
[WARN] split batch 5 -> 2 + 3
[INFO] tested 2/2 kept=0
[WARN] batch start failed size=3
[WARN] split batch 3 -> 1 + 2
[INFO] tested 1/1 kept=0
[WARN] batch start failed size=2
[WARN] split batch 2 -> 1 + 1
[INFO] tested 1/1 kept=0
[WARN] batch start failed size=1
[DROP] isolate bad proxy name=[免费节点11-3] 🇩🇪 德国 11 server=5.83.129.153:20088
[DROP] reason: Mihomo exited before controller became ready

time="2026-09-04T19:37:24.882843121Z" level=info msg="Start initial configuration in progress"
time="2026-09-04T19:37:24.882978406Z" level=fatal msg="Parse config error: proxy 0: '' has unset fields: down, up"

[INFO] tested 11/11 kept=1
[WARN] batch start failed size=85
[WARN] split batch 85 -> 42 + 43
[INFO] tested 42/42 kept=14
[WARN] batch start failed size=43
[WARN] split batch 43 -> 21 + 22
[WARN] batch start failed size=21
[WARN] split batch 21 -> 10 + 11
[WARN] batch start failed size=10
[WARN] split batch 10 -> 5 + 5
[WARN] batch start failed size=5
[WARN] split batch 5 -> 2 + 3
[INFO] tested 2/2 kept=2
[WARN] batch start failed size=3
[WARN] split batch 3 -> 1 + 2
[WARN] batch start failed size=1
[DROP] isolate bad proxy name=[Pawdroid-sr-apk] 英国+V2CROSS.COM-5 server=82.38.31.189:8080
[DROP] reason: Mihomo exited before controller became ready

time="2026-09-04T19:37:40.328149023Z" level=info msg="Start initial configuration in progress"
time="2026-09-04T19:37:40.328256694Z" level=fatal msg="Parse config error: proxy 0: ss 82.38.31.189:8080 cipher: chacha20-poly1305 initialize error: unknown me
[INFO] tested 2/2 kept=1
[INFO] tested 5/5 kept=4
[INFO] tested 11/11 kept=7
[INFO] tested 22/22 kept=20
[INFO] tested 100/674 kept=18
[INFO] tested 200/674 kept=34
[INFO] tested 300/674 kept=37
[INFO] tested 400/674 kept=69
[INFO] tested 500/674 kept=117
[INFO] tested 600/674 kept=155
[INFO] tested 674/674 kept=157
[INFO] tested 100/1347 kept=21
[INFO] tested 200/1347 kept=63
[INFO] tested 300/1347 kept=74
[INFO] tested 400/1347 kept=87
[INFO] tested 500/1347 kept=92
[INFO] tested 600/1347 kept=105
[INFO] tested 700/1347 kept=115
[INFO] tested 800/1347 kept=147
[INFO] tested 900/1347 kept=157
[INFO] tested 1000/1347 kept=160
[INFO] tested 1100/1347 kept=180
[INFO] tested 1200/1347 kept=183
[INFO] tested 1300/1347 kept=184
[INFO] tested 1347/1347 kept=185
[WARN] batch start failed size=2695
[WARN] split batch 2695 -> 1347 + 1348
[WARN] batch start failed size=1347
[WARN] split batch 1347 -> 673 + 674
[INFO] tested 100/673 kept=4
[INFO] tested 200/673 kept=8
[INFO] tested 300/673 kept=11
[INFO] tested 400/673 kept=11
[INFO] tested 500/673 kept=14
[INFO] tested 600/673 kept=21
[INFO] tested 673/673 kept=21
[WARN] batch start failed size=674
[WARN] split batch 674 -> 337 + 337
[INFO] tested 100/337 kept=3
[INFO] tested 200/337 kept=11
[INFO] tested 300/337 kept=17
[INFO] tested 337/337 kept=17
[WARN] batch start failed size=337
[WARN] split batch 337 -> 168 + 169
[INFO] tested 100/168 kept=2
[INFO] tested 168/168 kept=2
[WARN] batch start failed size=169
[WARN] split batch 169 -> 84 + 85
[WARN] batch start failed size=84
[WARN] split batch 84 -> 42 + 42
[INFO] tested 42/42 kept=4
[WARN] batch start failed size=42
[WARN] split batch 42 -> 21 + 21
[INFO] tested 21/21 kept=1
[WARN] batch start failed size=21
[WARN] split batch 21 -> 10 + 11
[INFO] tested 10/10 kept=0
[WARN] batch start failed size=11
[WARN] split batch 11 -> 5 + 6
[INFO] tested 5/5 kept=0
[WARN] batch start failed size=6
[WARN] split batch 6 -> 3 + 3
[INFO] tested 3/3 kept=0
[WARN] batch start failed size=3
[WARN] split batch 3 -> 1 + 2
[INFO] tested 1/1 kept=0
[WARN] batch start failed size=2
[WARN] split batch 2 -> 1 + 1
[WARN] batch start failed size=1
[DROP] isolate bad proxy name=[Epodonios-v2ray-configs] EPODONIOS-1571 server=s1.test.anti-zapret.com:8443
[DROP] reason: Mihomo exited before controller became ready

time="2026-09-04T19:39:35.087965055Z" level=info msg="Start initial configuration in progress"
time="2026-09-04T19:39:35.088093185Z" level=fatal msg="Parse config error: proxy 0: invalid REALITY public key"

[INFO] tested 1/1 kept=0
[INFO] tested 85/85 kept=2
[WARN] batch start failed size=1348
[WARN] split batch 1348 -> 674 + 674
[WARN] batch start failed size=674
[WARN] split batch 674 -> 337 + 337
[INFO] tested 100/337 kept=19
[INFO] tested 200/337 kept=82
[INFO] tested 300/337 kept=173
[INFO] tested 337/337 kept=182
[WARN] batch start failed size=337
[WARN] split batch 337 -> 168 + 169
[WARN] batch start failed size=168
[WARN] split batch 168 -> 84 + 84
[INFO] tested 84/84 kept=61
[WARN] batch start failed size=84
[WARN] split batch 84 -> 42 + 42
[WARN] batch start failed size=42
[WARN] split batch 42 -> 21 + 21
[WARN] batch start failed size=21
[WARN] split batch 21 -> 10 + 11
[INFO] tested 10/10 kept=9
[WARN] batch start failed size=11
[WARN] split batch 11 -> 5 + 6
[WARN] batch start failed size=5
[WARN] split batch 5 -> 2 + 3
[INFO] tested 2/2 kept=2
[WARN] batch start failed size=3
[WARN] split batch 3 -> 1 + 2
[INFO] tested 1/1 kept=1
[WARN] batch start failed size=2
[WARN] split batch 2 -> 1 + 1
[WARN] batch start failed size=1
[DROP] isolate bad proxy name=[V2rayclashfree-RSS] 🇩🇪DE_42|492KB/s|C002-260622 01 server=5.83.129.90:54177
[DROP] reason: Mihomo exited before controller became ready

time="2026-09-04T19:40:08.614272459Z" level=info msg="Start initial configuration in progress"
time="2026-09-04T19:40:08.614425684Z" level=fatal msg="Parse config error: proxy 0: '' has unset fields: down, up"

[WARN] batch start failed size=1
[DROP] isolate bad proxy name=[V2rayclashfree-RSS] hysteria server=5.83.129.143:26691
[DROP] reason: Mihomo exited before controller became ready

time="2026-09-04T19:40:09.116790988Z" level=info msg="Start initial configuration in progress"
time="2026-09-04T19:40:09.116887187Z" level=fatal msg="Parse config error: proxy 0: '' has unset fields: down, up"

[INFO] tested 6/6 kept=6
[INFO] tested 21/21 kept=21
[INFO] tested 42/42 kept=37
[INFO] tested 100/169 kept=65
[INFO] tested 169/169 kept=126
[INFO] tested 100/674 kept=37
[INFO] tested 200/674 kept=109
[INFO] tested 300/674 kept=181
[INFO] tested 400/674 kept=267
[INFO] tested 500/674 kept=342
[INFO] tested 600/674 kept=393
[INFO] tested 674/674 kept=413
============================================================
[INFO] cap live source=[免费节点4] from 64 to 50 by health_score
[INFO] cap live source=[免费节点8] from 173 to 50 by health_score
[INFO] cap live source=[Pawdroid-sr-apk] from 289 to 50 by health_score
[INFO] cap live source=[Clashfree] from 74 to 50 by health_score
[INFO] cap live source=[Epodonios-v2ray-configs] from 106 to 50 by health_score
[INFO] cap live source=[V2rayclashfree-RSS] from 823 to 50 by health_score
[INFO] cap live total from 422 to 350 trim large sources first
============================================================
+------------------------------+--------+--------+------+--------+
| source                       |    raw | unique | live | capped |
+------------------------------+--------+--------+------+--------+
| [大FQ运动]                   |      2 |      2 |    2 |      2 |
+------------------------------+--------+--------+------+--------+
| [大FQ运动-SS密钥]            |      4 |      4 |    3 |      3 |
+------------------------------+--------+--------+------+--------+
| [大FQ运动-补充]              |      6 |      6 |    0 |      0 |
+------------------------------+--------+--------+------+--------+
| [ChromeGO-工具包]            |    102 |     14 |    4 |      4 |
+------------------------------+--------+--------+------+--------+
| [ChromeGO-ShiteThings]       |     28 |     19 |    1 |      1 |
+------------------------------+--------+--------+------+--------+
| [ChromeGO-Merge]             |     60 |     29 |    4 |      4 |
+------------------------------+--------+--------+------+--------+
| [Freesocks]                  |      6 |      6 |    6 |      6 |
+------------------------------+--------+--------+------+--------+
| [NekoWarp]                   |     10 |     10 |    9 |      9 |
+------------------------------+--------+--------+------+--------+
| [V2Rayshare-RSS]             |     30 |     30 |    2 |      2 |
+------------------------------+--------+--------+------+--------+
| [OpenRunner-RSS]             |     14 |      0 |    0 |      0 |
+------------------------------+--------+--------+------+--------+
| [Mibei77-RSS]                |    266 |    105 |    7 |      7 |
+------------------------------+--------+--------+------+--------+
| [Yoyapai-RSS]                |    290 |    173 |    4 |      4 |
+------------------------------+--------+--------+------+--------+
| [Free-clash-v2ray]           |     27 |     24 |    3 |      3 |
+------------------------------+--------+--------+------+--------+
| [Pawdroid]                   |     18 |      8 |    5 |      5 |
+------------------------------+--------+--------+------+--------+
| [FreeV2-Base64]              |      7 |      3 |    0 |      0 |
+------------------------------+--------+--------+------+--------+
| [Bocchi2b-Base64]            |     35 |     35 |    0 |      0 |
+------------------------------+--------+--------+------+--------+
| [V2Rayshare-订阅]            |     30 |      0 |    0 |      0 |
+------------------------------+--------+--------+------+--------+
| [免费节点1]                  |    366 |     72 |    6 |      6 |
+------------------------------+--------+--------+------+--------+
| [免费节点1-自建]             |      6 |      3 |    0 |      0 |
+------------------------------+--------+--------+------+--------+
| [免费节点2]                  |     15 |      8 |    5 |      5 |
+------------------------------+--------+--------+------+--------+
| [免费节点3]                  |     44 |     35 |   30 |     30 |
+------------------------------+--------+--------+------+--------+
| [免费节点4]                  |   1161 |    711 |   64 |     38 |
+------------------------------+--------+--------+------+--------+
| [免费节点5]                  |     28 |     28 |    0 |      0 |
+------------------------------+--------+--------+------+--------+
| [免费节点6]                  |    250 |    224 |    0 |      0 |
+------------------------------+--------+--------+------+--------+
| [免费节点7]                  |     61 |     21 |    0 |      0 |
+------------------------------+--------+--------+------+--------+
| [免费节点8]                  |   4094 |   3640 |  173 |     38 |
+------------------------------+--------+--------+------+--------+
| [免费节点9-1]                |    559 |    328 |    0 |      0 |
+------------------------------+--------+--------+------+--------+
| [免费节点9-2]                |    193 |    114 |    0 |      0 |
+------------------------------+--------+--------+------+--------+
| [免费节点10]                 |     16 |      1 |    1 |      1 |
+------------------------------+--------+--------+------+--------+
| [免费节点11-1]               |     15 |      9 |    5 |      5 |
+------------------------------+--------+--------+------+--------+
| [免费节点11-2]               |     12 |      4 |    3 |      3 |
+------------------------------+--------+--------+------+--------+
| [免费节点11-3]               |    435 |    319 |   22 |     22 |
+------------------------------+--------+--------+------+--------+
| [Pawdroid-sr-apk]            |   1454 |   1199 |  289 |     38 |
+------------------------------+--------+--------+------+--------+
| [Pawdroid-ss-apk]            |   1454 |      0 |    0 |      0 |
+------------------------------+--------+--------+------+--------+
| [Clashfree]                  |   1521 |    511 |   74 |     38 |
+------------------------------+--------+--------+------+--------+
| [Epodonios-v2ray-configs]    |   4447 |   1877 |  106 |     38 |
+------------------------------+--------+--------+------+--------+
| [V2rayclashfree-RSS]         |   2697 |   1206 |  823 |     38 |
+------------------------------+--------+--------+------+--------+
============================================================
[SUMMARY] total_nodes=19763
[SUMMARY] legal_candidates=10778
[SUMMARY] passed_latency_test=350
[SUMMARY] region_HK=11 region_JP=8 region_US=72
[SUMMARY] avg_latency_ms=456.16
[SUMMARY] output=/home/runner/work/Free-node-autotest/Free-node-autotest/output/clash.yaml
============================================================
