============================================================
[INFO] sublink try page | url=https://end-gfw.com
[OK] proxies=2 | new=2 | url=https://raw.githubusercontent.com/hello-world-1989/cn-news/refs/heads/main/clash.yaml
[OK] proxies=2 | new=0 | url=https://raw.githubusercontent.com/hello-world-1989/cn-news/main/end-gfw-together
[OK] proxies=2 | new=2 | url=https://raw.githubusercontent.com/hello-world-1989/cn-news/main/end-gfw-together-ss
[INFO] source try link | url=https://end-gfw.com/ss-key
[OK] proxies=4 | new=4 | url=https://end-gfw.com/ss-key
[INFO] sublink try repo | url=https://github.com/hello-world-1989/cn-news
[INFO] sublink try page | url=https://raw.githubusercontent.com/hello-world-1989/cn-news/main/README.md
[OK] proxies=6 | new=6 | url=https://raw.githubusercontent.com/hello-world-1989/v2-sub/main/end-gfw-together-af3e13
[OK] proxies=14 | source=[大FQ运动] | url=https://raw.githubusercontent.com/hello-world-1989/cn-news/main/README.md
============================================================
[INFO] sublink try repo | url=https://github.com/Pawdroid/Free-servers
[INFO] sublink try page | url=https://raw.githubusercontent.com/Pawdroid/Free-servers/main/README.md
[OK] proxies=20 | new=20 | url=https://raw.githubusercontent.com/Pawdroid/Free-servers/main/README.md
[OK] proxies=20 | new=0 | url=https://raw.githubusercontent.com/Pawdroid/Free-servers/main/sub
[OK] proxies=1 | new=1 | url=https://apps.apple.com/cn/app/shadowshare/id1612647259
[OK] proxies=1 | new=1 | url=http://www.surflare.com
[OK] proxies=22 | source=[Pawdroid] | url=https://raw.githubusercontent.com/Pawdroid/Free-servers/main/README.md
============================================================
[INFO] source try link | url=https://xmxosfepggzm.503403.xyz
[OK] proxies=3 | new=3 | url=https://xmxosfepggzm.503403.xyz
[OK] proxies=3 | source=[FreeV2-Base64] | url=https://xmxosfepggzm.503403.xyz
============================================================
[INFO] source try link | url=https://links.bocchi2b.top/clash
[OK] proxies=35 | new=35 | url=https://links.bocchi2b.top/clash
[OK] proxies=35 | source=[Bocchi2b-Base64] | url=https://links.bocchi2b.top/clash
============================================================
[INFO] toolkit try repo | url=https://github.com/bannedbook/fanqiang
[INFO] toolkit try release | url=https://github.com/bannedbook/fanqiang/releases
[INFO] toolkit try release | url=https://github.com/bannedbook/fanqiang/releases/expanded_assets/ChromeGo-latest
[INFO] toolkit try download | url=https://github.com/bannedbook/fanqiang/releases/download/ChromeGo-latest/ChromeGo.7z
[OK] toolkit downloaded | file=ChromeGo.7z | bytes=100924352
[OK] toolkit extracted | archive=ChromeGo.7z | tool=7z | files=222 | dirs=45
[OK] toolkit discovered | subs=107 | embedded=12 | archive=ChromeGo.7z
[OK] proxies=6 | new=6 | embedded=archive-config
[OK] proxies=3 | new=3 | url=https://gitlab.com/free9999/ipupdate/master/backup/img/1/2/{ipp|ip}/clash.meta2/{5|6|3|1|4|2}/config.yaml
[OK] proxies=3 | new=0 | url=https://www.67867867.xyz/Alvin9999/PAC/refs/heads/master/backup/img/1/2/{ipp|ip}/clash.meta2/{5|6|3|1|4|2}/config.yaml
[OK] proxies=7 | new=5 | url=https://gitlab.com/free9999/ipupdate/master/backup/img/1/2/{ipp|ip}/{hysteria2|singbox|naiveproxy|hysteria|xray}/{3|1|4|2}/config.json
[OK] proxies=7 | new=0 | url=https://www.67867867.xyz/Alvin9999/PAC/refs/heads/master/backup/img/1/2/{ipp|ip}/{hysteria2|singbox|naiveproxy|hysteria|xray}/{3|1|4|2}/config.json
[OK] proxies=14 | source=[ChromeGO-Toolkit] | url=https://github.com/bannedbook/fanqiang/releases/download/ChromeGo-latest/ChromeGo.7z
============================================================
[INFO] sublink try repo | url=https://github.com/ShiteThings/extractNodes
[INFO] sublink try page | url=https://raw.githubusercontent.com/ShiteThings/extractNodes/main/README.md
[OK] proxies=31 | new=30 | url=https://{chg26.makou.cc.cd|chg64.makou.cc.cd}
[OK] proxies=26 | new=1 | url=https://chg26.makou.cc.cd/sb
[OK] proxies=31 | source=[ChromeGO-ShiteThings] | url=https://raw.githubusercontent.com/ShiteThings/extractNodes/main/README.md
============================================================
[INFO] sublink try repo | url=https://github.com/shangui999/chromego_merge
[INFO] sublink try page | url=https://raw.githubusercontent.com/shangui999/chromego_merge/master/ReadMe.md
[OK] proxies=10 | new=10 | url=https://freedman.netlify.app/sub/merged_proxies_new.yaml
[OK] proxies=11 | new=1 | url=https://freedman.netlify.app/sub/merged_warp_proxies_new.yaml
[OK] proxies=11 | new=6 | url=https://freedman.netlify.app/sub/shadowrocket_base64.txt
[OK] proxies=16 | new=16 | url=https://freedman.netlify.app/sub/sb.json
[INFO] sublink try repo | url=https://github.com/yaney01/chromego
[INFO] sublink try page | url=https://raw.githubusercontent.com/yaney01/chromego/main/ReadMe.md
[OK] proxies=50 | new=46 | url=https://raw.githubusercontent.com/yaney01/chromego/main/sub/merged_proxies_new.yaml
[OK] proxies=51 | new=0 | url=https://raw.githubusercontent.com/yaney01/chromego/main/sub/merged_warp_proxies_new.yaml
[OK] proxies=13 | new=7 | url=https://raw.githubusercontent.com/yaney01/chromego/main/sub/shadowrocket_base64.txt
[OK] proxies=13 | new=0 | url=https://raw.githubusercontent.com/yaney01/chromego/main/sub/sb.json
[INFO] sublink try repo | url=https://github.com/Misaka-blog/chromego_merge
[INFO] sublink try page | url=https://raw.githubusercontent.com/Misaka-blog/chromego_merge/main/README.md
[OK] proxies=22 | new=22 | url=https://chromego-sub.netlify.app/sub/merged_proxies_new.yaml
[OK] proxies=108 | source=[ChromeGO-Merge] | url=https://raw.githubusercontent.com/Misaka-blog/chromego_merge/main/README.md
============================================================
[INFO] source try link | url=https://freesocks.org/api/v1/sub/02b897e8e77f19176b0b9f2c75864b00
[OK] proxies=1 | new=1 | url=https://freesocks.org/api/v1/sub/02b897e8e77f19176b0b9f2c75864b00
[OK] proxies=1 | source=[Freesocks] | url=https://freesocks.org/api/v1/sub/02b897e8e77f19176b0b9f2c75864b00
============================================================
[INFO] source try link | url=https://neko-warp.nloli.xyz/neko_warp.yaml
[OK] proxies=10 | new=10 | url=https://neko-warp.nloli.xyz/neko_warp.yaml
[OK] proxies=10 | source=[NekoWarp] | url=https://neko-warp.nloli.xyz/neko_warp.yaml
============================================================
[INFO] toolkit try chrome | url=https://chromewebstore.google.com/detail/free-vpn-proxy-1vpn/akcocjjpkmlniicdeemdceeajlmoabhg
[INFO] toolkit try download | url=https://clients2.google.com/service/update2/crx?response=redirect&prodversion=131.0.6778.0&acceptformat=crx2,crx3&x=id%3dakcocjjpkmlniicdeemdceeajlmoabhg%26uc
[OK] toolkit downloaded | file=free-vpn-proxy-1vpn.crx | bytes=1627904
[OK] toolkit extracted | archive=free-vpn-proxy-1vpn.crx | tool=zipfile | files=68 | dirs=57
[OK] toolkit 1vpn-crx scanned | hosts=17 | keys=1 | archive=free-vpn-proxy-1vpn.crx
[OK] proxies=17 | source=[1VPN-CRX] | url=https://clients2.google.com/service/update2/crx?response=redirect&prodversion=131.0.6778.0&acceptformat=crx2,crx3&x=id%3dakcocjjpkmlniicdeemdceeajlmoabhg%26uc
============================================================
[INFO] article try feed | url=https://free.datiya.com/index.xml
[INFO] sublink try page | url=https://free.datiya.com/post/20260925/
[OK] proxies=14 | new=14 | url=https://free.datiya.com/uploads/20260925-clash.yaml
[OK] proxies=14 | source=[OpenRunner-RSS] | url=https://free.datiya.com/post/20260925/
============================================================
[INFO] article try feed | url=https://v2rayshare.com/feed
[INFO] sublink try page | url=https://v2rayshare.com/p/4097.html
[INFO] sublink try repo | url=https://github.com/firefoxmmx2/v2rayshare_subcription
[INFO] sublink try page | url=https://raw.githubusercontent.com/firefoxmmx2/v2rayshare_subcription/main/README.md
[OK] proxies=22 | new=22 | url=https://{raw.githubusercontent.com|cdn.jsdelivr.net}/firefoxmmx2/v2rayshare_subcription/main/subscription/vray_sub.txt
[OK] proxies=21 | new=0 | url=https://{raw.githubusercontent.com|cdn.jsdelivr.net}/firefoxmmx2/v2rayshare_subcription/main/subscription/clash_sub.yaml
[OK] proxies=22 | new=0 | url=https://{raw.githubusercontent.com|cdn.jsdelivr.net}/firefoxmmx2/v2rayshare_subcription/main/subscription/mihomo_sub.yaml
[OK] proxies=22 | source=[V2Rayshare-RSS] | url=https://raw.githubusercontent.com/firefoxmmx2/v2rayshare_subcription/main/README.md
============================================================
[INFO] article try feed | url=https://www.mibei77.com/feed
[INFO] sublink try page | url=https://www.mibei77.com/695.html
[OK] proxies=109 | new=109 | url=https://mm.mibei77.com/202609/09.2564bacvs.txt
[OK] proxies=108 | new=1 | url=https://mm.mibei77.com/202609/0925Clashizx.yaml
[OK] proxies=110 | source=[Mibei77-RSS] | url=https://www.mibei77.com/695.html
============================================================
[INFO] article try feed | url=https://yoyapai.com/feed
[INFO] sublink try page | url=https://yoyapai.com/734
[OK] proxies=1 | new=1 | url=https://yoyapai.com/734
[OK] proxies=225 | new=225 | url=https://freenode.yoyapai.com/2026/09/25-yoyapai.com-clashvpnmianfeijiedian.yaml
[OK] proxies=225 | new=0 | url=https://freenode.yoyapai.com/2026/09/25-yoyapai.com-ssrv2rayvpnmianfeijiedian.txt
[OK] proxies=226 | source=[Yoyapai-RSS] | url=https://yoyapai.com/734
============================================================
[INFO] sublink try repo | url=https://github.com/free18/v2ray
[INFO] sublink try page | url=https://raw.githubusercontent.com/free18/v2ray/main/README.md
[OK] proxies=3 | new=3 | url=https://raw.githubusercontent.com/free18/v2ray/main/README.md
[OK] proxies=166 | new=166 | url=https://ghfast.top/https://raw.githubusercontent.com/free18/v2ray/refs/heads/main/v.txt
[OK] proxies=166 | new=0 | url=https://ghfast.top/https://raw.githubusercontent.com/free18/v2ray/refs/heads/main/c.yaml
[OK] proxies=169 | source=[免费节点1] | url=https://raw.githubusercontent.com/free18/v2ray/main/README.md
============================================================
[INFO] sublink try repo | url=https://github.com/ermaozi/get_subscribe
[INFO] sublink try page | url=https://raw.githubusercontent.com/ermaozi/get_subscribe/main/README.md
[INFO] sublink file_nodes=0 | bare links=9
[OK] proxies=310 | new=310 | url=https://www.ermao.net/sub/{clash|v2ray}/ermao.net
[OK] proxies=310 | new=0 | url=https://www.ermao.net/sub/{reachable|unreachable|untested}/clash/ermao.net
[OK] proxies=310 | source=[免费节点2] | url=https://raw.githubusercontent.com/ermaozi/get_subscribe/main/README.md
============================================================
[INFO] sublink try repo | url=https://github.com/sunmiao4458/free-proxy-airport
[INFO] sublink try page | url=https://raw.githubusercontent.com/sunmiao4458/free-proxy-airport/main/README.md
[OK] proxies=27 | new=27 | url=https://sunmiao4458.github.io/free-proxy-airport/clash.yaml
[OK] proxies=27 | source=[免费节点3] | url=https://raw.githubusercontent.com/sunmiao4458/free-proxy-airport/main/README.md
============================================================
[INFO] sublink try repo | url=https://github.com/mfuu/FreeProxies
[INFO] sublink try page | url=https://raw.githubusercontent.com/mfuu/FreeProxies/master/README.md
[OK] proxies=749 | new=749 | url=https://raw.githubusercontent.com/mfuu/FreeProxies/master/sub.yaml
[OK] proxies=749 | source=[免费节点4] | url=https://raw.githubusercontent.com/mfuu/FreeProxies/master/README.md
============================================================
[INFO] sublink try repo | url=https://github.com/vxiaov/free_proxies
[INFO] sublink try page | url=https://raw.githubusercontent.com/vxiaov/free_proxies/main/README.md
[OK] proxies=1 | new=1 | url=https://raw.githubusercontent.com/vxiaov/free_proxies/main/README.md
[OK] proxies=28 | new=28 | url=https://{cdn.jsdelivr.net|raw.githubusercontent.com}/vxiaov/free_proxies/main/clash/clash.provider.yaml
[OK] proxies=29 | source=[免费节点5] | url=https://raw.githubusercontent.com/vxiaov/free_proxies/main/README.md
============================================================
[INFO] sublink try repo | url=https://github.com/anaer/Sub
[INFO] sublink try page | url=https://raw.githubusercontent.com/anaer/Sub/main/README.MD
[OK] proxies=1653 | new=1653 | url=https://anaer.github.io/Sub/clash.yaml
[OK] proxies=1653 | new=0 | url=https://raw.githubusercontent.com/anaer/Sub/main/clash.yaml
[OK] proxies=1653 | source=[免费节点6] | url=https://raw.githubusercontent.com/anaer/Sub/main/README.MD
============================================================
[INFO] sublink try repo | url=https://github.com/snakem982/proxypool
[INFO] sublink try page | url=https://raw.githubusercontent.com/snakem982/proxypool/main/README.md
[OK] proxies=64 | new=64 | url=https://raw.githubusercontent.com/snakem982/proxypool/main/source/clash-meta-2.yaml
[OK] proxies=62 | new=0 | url=https://raw.githubusercontent.com/snakem982/proxypool/main/source/v2ray-2.txt
[OK] proxies=59 | new=0 | url=https://raw.githubusercontent.com/snakem982/proxypool/main/source/sing-box-2.json
[OK] proxies=64 | source=[免费节点7] | url=https://raw.githubusercontent.com/snakem982/proxypool/main/README.md
============================================================
[INFO] sublink try repo | url=https://github.com/mahdibland/V2RayAggregator
[INFO] sublink try page | url=https://raw.githubusercontent.com/mahdibland/V2RayAggregator/master/README.md
[OK] proxies=375 | new=375 | url=https://raw.githubusercontent.com/mahdibland/V2RayAggregator/master/README.md
[OK] proxies=1 | new=1 | url=https://github.com/mahdibland/SSAggregator/actions/workflows/Collector.yml
[OK] proxies=1 | new=0 | url=https://github.com/mahdibland/SSAggregator/actions/workflows/Airport_Collector.yml
[OK] proxies=193 | new=0 | url=https://raw.githubusercontent.com/mahdibland/ShadowsocksAggregator/master/Eternity.txt
[OK] proxies=194 | new=11 | url=https://raw.githubusercontent.com/mahdibland/ShadowsocksAggregator/master/Eternity.yml
[OK] proxies=61 | new=61 | url=https://raw.githubusercontent.com/mahdibland/ShadowsocksAggregator/master/EternityAir.txt
[OK] proxies=3918 | new=3627 | url=https://raw.githubusercontent.com/mahdibland/SSAggregator/master/sub/sub_merge_base64.txt
[OK] proxies=3918 | new=0 | url=https://raw.githubusercontent.com/mahdibland/{SSAggregator|ShadowsocksAggregator}/master/sub/sub_merge.txt
[OK] proxies=4061 | new=144 | url=https://raw.githubusercontent.com/mahdibland/SSAggregator/master/sub/sub_merge_yaml.yml
[OK] proxies=61 | new=0 | url=https://raw.githubusercontent.com/mahdibland/SSAggregator/master/sub/airport_merge_base64.txt
[OK] proxies=61 | new=0 | url=https://raw.githubusercontent.com/mahdibland/SSAggregator/master/sub/airport_sub_merge.txt
[OK] proxies=1439 | new=0 | url=https://raw.githubusercontent.com/mahdibland/ShadowsocksAggregator/master/sub/splitted/vmess.txt
[OK] proxies=581 | new=0 | url=https://raw.githubusercontent.com/mahdibland/ShadowsocksAggregator/master/sub/splitted/trojan.txt
[OK] proxies=54 | new=0 | url=https://raw.githubusercontent.com/mahdibland/ShadowsocksAggregator/master/sub/splitted/ssr.txt
[OK] proxies=1844 | new=0 | url=https://raw.githubusercontent.com/mahdibland/ShadowsocksAggregator/master/sub/splitted/ss.txt
[OK] proxies=1 | new=0 | url=https://cdn.jsdelivr.net/gh/mahdibland/V2RayAggregator@master/update/provider/provider-meta.yml
[OK] proxies=1 | new=0 | url=https://cdn.jsdelivr.net/gh/mahdibland/V2RayAggregator@master/update/provider/provider-meta-cn.yml
[OK] proxies=1 | new=0 | url=https://cdn.jsdelivr.net/gh/mahdibland/V2RayAggregator@master/update/provider/provider-meta-others.yml
[OK] proxies=1 | new=0 | url=https://cdn.jsdelivr.net/gh/mahdibland/V2RayAggregator@master/update/provider/provider.yml
[OK] proxies=1 | new=0 | url=https://cdn.jsdelivr.net/gh/mahdibland/V2RayAggregator@master/update/provider/provider-cn.yml
[OK] proxies=1 | new=0 | url=https://cdn.jsdelivr.net/gh/mahdibland/V2RayAggregator@master/update/provider/provider-others.yml
[OK] proxies=4219 | source=[免费节点8] | url=https://raw.githubusercontent.com/mahdibland/V2RayAggregator/master/README.md
============================================================
[INFO] sublink try repo | url=https://github.com/w1770946466/Auto_proxy
[INFO] sublink try page | url=https://raw.githubusercontent.com/w1770946466/Auto_proxy/main/README.md
[OK] proxies=1 | new=1 | url=https://github.com/w1770946466/Auto_proxy/actions/workflows/main.yml
[OK] proxies=245 | new=245 | url=https://raw.githubusercontent.com/w1770946466/Auto_proxy/main/{Long_term_subscription2.yaml|Long_term_subscription1.yaml|Long_term_subscription3.yaml}
[OK] proxies=489 | new=54 | url=https://raw.githubusercontent.com/w1770946466/Auto_proxy/main/{Long_term_subscription1|Long_term_subscription2|Long_term_subscription3|Long_term_subscription4|Long_term_subscription5|Long_term_subscription6|Long_term_subscription7|Long_term_subscription8}
[OK] proxies=489 | new=315 | url=https://raw.githubusercontent.com/w1770946466/Auto_proxy/main/Long_term_subscription_num
[OK] proxies=615 | source=[免费节点9] | url=https://raw.githubusercontent.com/w1770946466/Auto_proxy/main/README.md
============================================================
[INFO] sublink try repo | url=https://github.com/PuddinCat/BestClash
[INFO] sublink try page | url=https://raw.githubusercontent.com/PuddinCat/BestClash/main/README.md
[OK] proxies=16 | new=16 | url=https://raw.githubusercontent.com/PuddinCat/BestClash/main/proxies.yaml
[OK] proxies=28 | new=28 | url=https://cdn.jsdelivr.net/gh/vxiaov/free_proxies@main/clash/clash.provider.yaml
[OK] proxies=24 | new=24 | url=https://freenode.openrunner.net/uploads/20240807-clash.yaml
[OK] proxies=22 | new=22 | url=https://raw.githubusercontent.com/Misaka-blog/chromego_merge/main/sub/merged_proxies_new.yaml
[OK] proxies=4800 | new=4774 | url=https://raw.githubusercontent.com/{NiceVPN123|anaer}/{NiceVPN|Sub}/main/{Clash.yaml|clash.yaml}
[OK] proxies=37 | new=15 | url=https://raw.githubusercontent.com/{chengaopan|peasoft}/{AutoMergePublicNodes|NoMoreWalls}/master/list.yml
[OK] proxies=310 | new=279 | url=https://raw.githubusercontent.com/{ermaozi|ermaozi01}/{get_subscribe|free_clash_vpn}/main/subscribe/clash.yml
[OK] proxies=194 | new=158 | url=https://raw.githubusercontent.com/mahdibland/ShadowsocksAggregator/master/Eternity.yml
[OK] proxies=165 | new=160 | url=https://raw.githubusercontent.com/ronghuaxueleng/get_v2/main/pub/combine.yaml
[OK] proxies=144 | new=3 | url=https://raw.githubusercontent.com/zhangkaiitugithub/passcro/main/speednodes.yaml
[OK] proxies=5479 | source=[免费节点10] | url=https://raw.githubusercontent.com/PuddinCat/BestClash/main/README.md
============================================================
[INFO] sublink try repo | url=https://github.com/kooker/FreeSubsCheck
[INFO] sublink try page | url=https://raw.githubusercontent.com/kooker/FreeSubsCheck/main/README.md
[OK] proxies=1 | new=1 | url=https://raw.githubusercontent.com/kooker/FreeSubsCheck/main/mihomo.yaml
[OK] proxies=1 | new=0 | url=https://raw.githubusercontent.com/kooker/FreeSubsCheck/main/all.yaml
[OK] proxies=1 | new=0 | url=https://raw.githubusercontent.com/kooker/FreeSubsCheck/main/base64.txt
[OK] proxies=2 | new=2 | url=https://raw.githubusercontent.com/kooker/FreeSubsCheck/main/byxiaoxi.txt
[OK] proxies=495 | new=494 | url=https://raw.githubusercontent.com/kooker/FreeSubsCheck/main/kooker.jp.txt
[OK] proxies=497 | source=[免费节点11] | url=https://raw.githubusercontent.com/kooker/FreeSubsCheck/main/README.md
============================================================
[INFO] toolkit try repo | url=https://github.com/Pawdroid/shadowrocket_for_android
[INFO] toolkit try release | url=https://github.com/Pawdroid/shadowrocket_for_android/releases
[INFO] toolkit try release | url=https://github.com/Pawdroid/shadowrocket_for_android/releases/expanded_assets/10.10.55
[INFO] toolkit try download | url=https://github.com/Pawdroid/shadowrocket_for_android/releases/download/10.10.55/Shadowrocket_10.10.55_shadowrocketStandard_arm64-v8a.apk
[OK] toolkit downloaded | file=Shadowrocket_10.10.55_shadowrocketStandard_arm64-v8a.apk | bytes=41449171
[OK] toolkit extracted | archive=Shadowrocket_10.10.55_shadowrocketStandard_arm64-v8a.apk | tool=zipfile | files=1179 | dirs=44
[OK] toolkit sr-apk scanned | prefixes=38 | files=6 | keys=2 | archive=Shadowrocket_10.10.55_shadowrocketStandard_arm64-v8a.apk
[OK] proxies=860 | new=860 | url=https://{cdn.jsdelivr.net|raw.githubusercontent.com}/pixelor/ecfg/main/data/ecfg6_zh
[OK] proxies=633 | new=32 | url=https://{cdn.jsdelivr.net|raw.githubusercontent.com}/pixelor/ecfg/main/data/ecfg6_en
[OK] proxies=135 | new=39 | url=https://{raw.githubusercontent.com|cdn.jsdelivr.net}/pixelor/ecfg/main/data/ecfg6
[OK] proxies=131 | new=0 | url=https://{files.shadowrockets.app|cdn.shadowrockets.app}/ecfg/data/ecfg6
[OK] proxies=500 | new=0 | url=https://{files.shadowrockets.app|cdn.shadowrockets.app}/ecfg/data/ecfg6_en
[OK] proxies=500 | new=0 | url=https://{files.shadowrockets.app|cdn.shadowrockets.app}/ecfg/data/ecfg6_zh
[OK] proxies=931 | source=[Pawdroid-SR-APK] | url=https://github.com/Pawdroid/shadowrocket_for_android/releases/download/10.10.55/Shadowrocket_10.10.55_shadowrocketStandard_arm64-v8a.apk
============================================================
[INFO] toolkit try page | url=https://shadowshare.v2cross.com
[INFO] toolkit try download | url=https://shadowshare.v2cross.com/shadowshare.apk
[OK] toolkit downloaded | file=shadowshare.apk | bytes=62868122
[OK] toolkit extracted | archive=shadowshare.apk | tool=zipfile | files=612 | dirs=39
[OK] toolkit ss-apk scanned | prefixes=10 | files=3 | keys=1 | archive=shadowshare.apk
[OK] proxies=204 | new=177 | url=https://{raw.githubusercontent.com|jsd.onmicrosoft.cn}/hideme9527/ecsfg/main/data/sareserver
[OK] proxies=1386 | new=1309 | url=https://{raw.githubusercontent.com|jsd.onmicrosoft.cn}/hideme9527/ecsfg/main/data/sareserver_en
[OK] proxies=109 | new=0 | url=https://{shadowsharing.com|sare.159236.xyz}/data/sareserver
[OK] proxies=1386 | new=0 | url=https://{shadowsharing.com|sare.159236.xyz}/data/sareserver_en
[OK] proxies=109 | new=0 | url=https://gitee.com/api/v5/repos/{zhiminghao|guoyoucai1|elvenapp}/ecsfg/raw/data/sareserver
[OK] proxies=1386 | new=0 | url=https://gitee.com/api/v5/repos/{zhiminghao|elvenapp|guoyoucai1}/ecsfg/raw/data/sareserver_en
[OK] proxies=1486 | source=[Pawdroid-SS-APK] | url=https://shadowshare.v2cross.com/shadowshare.apk
============================================================
[INFO] sublink try repo | url=https://github.com/free-nodes/clashfree
[INFO] sublink try page | url=https://raw.githubusercontent.com/free-nodes/clashfree/main/README.md
[OK] proxies=180 | new=180 | url=https://raw.githubusercontent.com/free-nodes/clashfree/main/README.md
[OK] proxies=180 | new=0 | url=https://raw.githubusercontent.com/free-nodes/clashfree/main/clash20260926.yml
[OK] proxies=1 | new=1 | url=https://github.com/free-nodes/clashfree/blob/main/clash20260926.yml
[OK] proxies=181 | source=[Clashfree] | url=https://raw.githubusercontent.com/free-nodes/clashfree/main/README.md
============================================================
[INFO] sublink try repo | url=https://github.com/Epodonios/v2ray-configs
[INFO] sublink try page | url=https://raw.githubusercontent.com/Epodonios/v2ray-configs/main/README.md
[OK] proxies=1 | new=1 | url=https://github.com/Epodonios/V2ray-Configs/actions/workflows/main.yml
[OK] proxies=4200 | new=4200 | url=https://github.com/Epodonios/v2ray-configs/raw/main/All_Configs_Sub.txt
[OK] proxies=4200 | new=0 | url=https://github.com/Epodonios/v2ray-configs/raw/main/All_Configs_base64_Sub.txt
[OK] proxies=3434 | new=182 | url=https://github.com/Epodonios/v2ray-configs/raw/main/Splitted-By-Protocol/vless.txt
[OK] proxies=181 | new=3 | url=https://github.com/Epodonios/v2ray-configs/raw/main/Splitted-By-Protocol/vmess.txt
[OK] proxies=365 | new=8 | url=https://github.com/Epodonios/v2ray-configs/raw/main/Splitted-By-Protocol/ss.txt
[OK] proxies=3 | new=0 | url=https://github.com/Epodonios/v2ray-configs/raw/main/Splitted-By-Protocol/ssr.txt
[OK] proxies=168 | new=5 | url=https://github.com/Epodonios/v2ray-configs/raw/main/Splitted-By-Protocol/trojan.txt
[OK] proxies=4200 | new=0 | url=https://raw.githubusercontent.com/Epodonios/v2ray-configs/main/{Sub1.txt|Sub2.txt|Sub3.txt|Sub4.txt|Sub5.txt|Sub6.txt|Sub7.txt|Sub8.txt}
[OK] proxies=4399 | source=[Epodonios] | url=https://raw.githubusercontent.com/Epodonios/v2ray-configs/main/README.md
============================================================
[INFO] sublink try repo | url=https://github.com/free-clash-v2ray/free-clash-v2ray.github.io
[INFO] sublink try page | url=https://raw.githubusercontent.com/free-clash-v2ray/free-clash-v2ray.github.io/main/README.md
[OK] proxies=3279 | new=3279 | url=https://free-clash-v2ray.github.io/uploads/2026/09/{0-20260920.yaml|1-20260920.yaml|2-20260920.yaml|3-20260920.yaml}
[OK] proxies=4810 | new=1941 | url=https://free-clash-v2ray.github.io/uploads/2026/09/{0-20260920.txt|1-20260920.txt|2-20260920.txt|3-20260920.txt|4-20260920.txt}
[OK] proxies=5220 | source=[Free-clash-v2ray] | url=https://raw.githubusercontent.com/free-clash-v2ray/free-clash-v2ray.github.io/main/README.md
============================================================
[INFO] article try page | url=https://v2rayclashfree.com
[INFO] sublink try page | url=https://v2rayclashfree.com/fn/20260926.html
[OK] proxies=657 | new=657 | url=https://v2rayclashfree.com/sub/20260926-v2ray.txt
[OK] proxies=635 | new=289 | url=https://v2rayclashfree.com/sub/20260926-clash.yaml
[OK] proxies=946 | source=[V2rayclashfree-RSS] | url=https://v2rayclashfree.com/fn/20260926.html
============================================================
[INFO] raw backup written | path=/home/runner/work/Free-node-autotest/Free-node-autotest/output/raw.yaml | proxies=27603
[INFO] toolkit try repo | url=https://github.com/MetaCubeX/mihomo
[INFO] toolkit try release | url=https://github.com/MetaCubeX/mihomo/releases
[INFO] toolkit try release | url=https://github.com/MetaCubeX/mihomo/releases/expanded_assets/v1.19.31
[INFO] toolkit try download | url=https://github.com/MetaCubeX/mihomo/releases/download/v1.19.31/mihomo-linux-amd64-compatible-v1.19.31.gz
[OK] toolkit downloaded | file=mihomo-linux-amd64-compatible-v1.19.31.gz | bytes=22821836
[OK] toolkit hash verified | file=mihomo-linux-amd64-compatible-v1.19.31.gz | sha256=04cf9f09671704f839ddbee2e93069dc831a4123a75281e725d1d96ab9ac1afc
[OK] proxy engine ready, starting latency test | package=mihomo-linux-amd64-compatible-v1.19.31.gz
============================================================
[WARN] batch start failed | size=18044 {1} | split=9022 {2} + 9022 {3}
[WARN] batch start failed | size=9022 {2} | split=4511 {4} + 4511 {5}
[WARN] batch start failed | size=9022 {3} | split=4511 {6} + 4511 {7}
[WARN] batch start failed | size=4511 {4} | split=2255 {8} + 2256 {9}
[WARN] batch start failed | size=4511 {6} | split=2255 {10} + 2256 {11}
[TEST] {5} tested=100/4511 | kept=0 | rest=17944
[WARN] batch start failed | size=2255 {8} | split=1127 {12} + 1128 {13}
[WARN] batch start failed | size=4511 {7} | split=2255 {14} + 2256 {15}
[TEST] {5} tested=200/4511 | kept=5 | rest=17844
[WARN] batch start failed | size=2255 {10} | split=1127 {16} + 1128 {17}
[TEST] {5} tested=300/4511 | kept=50 | rest=17667
[WARN] batch start failed | size=2256 {11} | split=1128 {18} + 1128 {19}
[TEST] {5} tested=400/4511 | kept=105 | rest=17563
[WARN] batch start failed | size=1127 {12} | split=563 {20} + 564 {21}
[TEST] {9} tested=100/2256 | kept=10 | rest=17463
[TEST] {9} tested=200/2256 | kept=13 | rest=17361
[TEST] {9} tested=300/2256 | kept=16 | rest=17259
[TEST] {9} tested=400/2256 | kept=16 | rest=17152
[TEST] {5} tested=500/4511 | kept=105 | rest=17090
[TEST] {13} tested=100/1128 | kept=1 | rest=16950
[TEST] {9} tested=500/2256 | kept=18 | rest=16815
[TEST] {9} tested=600/2256 | kept=18 | rest=16713
[TEST] {9} tested=700/2256 | kept=18 | rest=16609
[TEST] {5} tested=600/4511 | kept=105 | rest=16563
[TEST] {13} tested=200/1128 | kept=2 | rest=16410
[TEST] {13} tested=300/1128 | kept=30 | rest=16306
[TEST] {9} tested=800/2256 | kept=19 | rest=16213
[TEST] {5} tested=700/4511 | kept=105 | rest=16128
[TEST] {9} tested=900/2256 | kept=20 | rest=16074
[TEST] {5} tested=800/4511 | kept=105 | rest=15967
[TEST] {13} tested=400/1128 | kept=37 | rest=15914
[TEST] {13} tested=500/1128 | kept=38 | rest=15791
[TEST] {9} tested=1000/2256 | kept=21 | rest=15693
[TEST] {9} tested=1100/2256 | kept=60 | rest=15531
[TEST] {13} tested=600/1128 | kept=43 | rest=15484
[TEST] {5} tested=900/4511 | kept=105 | rest=15373
[TEST] {13} tested=700/1128 | kept=49 | rest=15241
[TEST] {9} tested=1200/2256 | kept=87 | rest=15155
[TEST] {13} tested=800/1128 | kept=50 | rest=15053
[TEST] {13} tested=900/1128 | kept=50 | rest=14862
[TEST] {9} tested=1300/2256 | kept=90 | rest=14844
[TEST] {5} tested=1000/4511 | kept=105 | rest=14825
[TEST] {13} tested=1000/1128 | kept=50 | rest=14674
[TEST] {9} tested=1400/2256 | kept=90 | rest=14538
[TEST] {9} tested=1500/2256 | kept=90 | rest=14383
[TEST] {5} tested=1100/4511 | kept=105 | rest=14336
[TEST] {13} tested=1100/1128 | kept=50 | rest=14242
[TEST] {13} tested=1128/1128 | kept=50 | rest=14195
[TEST] {9} tested=1600/2256 | kept=90 | rest=14133
[TEST] {14} tested=100/2255 | kept=0 | rest=13991
[TEST] {5} tested=1200/4511 | kept=105 | rest=13951
[TEST] {14} tested=200/2255 | kept=0 | rest=13776
[TEST] {9} tested=1700/2256 | kept=90 | rest=13679
[TEST] {5} tested=1300/4511 | kept=105 | rest=13628
[TEST] {14} tested=300/2255 | kept=0 | rest=13577
[TEST] {14} tested=400/2255 | kept=1 | rest=13428
[TEST] {9} tested=1800/2256 | kept=90 | rest=13295
[TEST] {14} tested=500/2255 | kept=2 | rest=13211
[TEST] {5} tested=1400/4511 | kept=105 | rest=13163
[TEST] {14} tested=600/2255 | kept=5 | rest=13061
[TEST] {9} tested=1900/2256 | kept=90 | rest=12977
[TEST] {14} tested=700/2255 | kept=6 | rest=12876
[TEST] {5} tested=1500/4511 | kept=105 | rest=12693
[TEST] {14} tested=800/2255 | kept=8 | rest=12643
[TEST] {14} tested=900/2255 | kept=10 | rest=12484
[TEST] {9} tested=2000/2256 | kept=90 | rest=12417
[TEST] {14} tested=1000/2255 | kept=13 | rest=12312
[TEST] {5} tested=1600/4511 | kept=105 | rest=12161
[TEST] {14} tested=1100/2255 | kept=20 | rest=12155
[TEST] {5} tested=1700/4511 | kept=105 | rest=11961
[TEST] {14} tested=1200/2255 | kept=20 | rest=11904
[TEST] {9} tested=2100/2256 | kept=90 | rest=11830
[TEST] {14} tested=1300/2255 | kept=28 | rest=11672
[TEST] {5} tested=1800/4511 | kept=105 | rest=11626
[TEST] {9} tested=2200/2256 | kept=90 | rest=11515
[TEST] {5} tested=1900/4511 | kept=105 | rest=11438
[TEST] {14} tested=1400/2255 | kept=53 | rest=11358
[TEST] {5} tested=2000/4511 | kept=105 | rest=11268
[TEST] {5} tested=2100/4511 | kept=105 | rest=11107
[TEST] {14} tested=1500/2255 | kept=119 | rest=11078
[TEST] {14} tested=1600/2255 | kept=167 | rest=10950
[TEST] {14} tested=1700/2255 | kept=178 | rest=10839
[TEST] {14} tested=1800/2255 | kept=185 | rest=10733
[TEST] {14} tested=1900/2255 | kept=186 | rest=10630
[TEST] {14} tested=2000/2255 | kept=191 | rest=10503
[TEST] {9} tested=2256/2256 | kept=90 | rest=10494
[TEST] {14} tested=2100/2255 | kept=260 | rest=10394
[TEST] {5} tested=2200/4511 | kept=105 | rest=10272
[TEST] {14} tested=2200/2255 | kept=314 | rest=10236
[TEST] {5} tested=2300/4511 | kept=105 | rest=10151
[TEST] {5} tested=2400/4511 | kept=105 | rest=10043
[WARN] batch start failed | size=2256 {15} | split=1128 {22} + 1128 {23}
[TEST] {5} tested=2500/4511 | kept=105 | rest=9925
[TEST] {16} tested=100/1127 | kept=0 | rest=9820
[TEST] {16} tested=200/1127 | kept=0 | rest=9701
[TEST] {16} tested=300/1127 | kept=0 | rest=9585
[TEST] {14} tested=2255/2255 | kept=325 | rest=9503
[TEST] {5} tested=2600/4511 | kept=105 | rest=9443
[WARN] batch start failed | size=1128 {17} | split=564 {24} + 564 {25}
[TEST] {5} tested=2700/4511 | kept=114 | rest=9343
[WARN] batch start failed | size=1128 {19} | split=564 {26} + 564 {27}
[TEST] {16} tested=400/1127 | kept=0 | rest=9274
[TEST] {16} tested=500/1127 | kept=0 | rest=9172
[TEST] {16} tested=600/1127 | kept=0 | rest=9065
[WARN] batch start failed | size=1128 {18} | split=564 {28} + 564 {29}
[WARN] batch start failed | size=564 {29} | split=282 {30} + 282 {31}
[TEST] {21} tested=100/564 | kept=10 | rest=8918
[TEST] {5} tested=2800/4511 | kept=115 | rest=8855
[TEST] {16} tested=700/1127 | kept=0 | rest=8690
[TEST] {16} tested=800/1127 | kept=0 | rest=8587
[TEST] {16} tested=900/1127 | kept=0 | rest=8482
[TEST] {16} tested=1000/1127 | kept=0 | rest=8371
[TEST] {21} tested=200/564 | kept=64 | rest=8331
[TEST] {5} tested=2900/4511 | kept=115 | rest=8248
[TEST] {5} tested=3000/4511 | kept=115 | rest=8134
[TEST] {21} tested=300/564 | kept=84 | rest=7929
[TEST] {16} tested=1100/1127 | kept=0 | rest=7928
[TEST] {5} tested=3100/4511 | kept=116 | rest=7882
[TEST] {21} tested=400/564 | kept=103 | rest=7781
[TEST] {5} tested=3200/4511 | kept=116 | rest=7651
[TEST] {16} tested=1127/1127 | kept=0 | rest=7552
[WARN] batch start failed | size=1128 {23} | split=564 {32} + 564 {33}
[TEST] {5} tested=3300/4511 | kept=116 | rest=7518
[TEST] {22} tested=100/1128 | kept=4 | rest=7384
[TEST] {21} tested=500/564 | kept=113 | rest=7336
[TEST] {22} tested=200/1128 | kept=12 | rest=7264
[TEST] {22} tested=300/1128 | kept=18 | rest=7144
[TEST] {22} tested=400/1128 | kept=18 | rest=7032
[TEST] {22} tested=500/1128 | kept=22 | rest=6905
[TEST] {22} tested=600/1128 | kept=22 | rest=6785
[TEST] {22} tested=700/1128 | kept=23 | rest=6637
[TEST] {5} tested=3400/4511 | kept=116 | rest=6547
[TEST] {22} tested=800/1128 | kept=23 | rest=6527
[TEST] {22} tested=900/1128 | kept=23 | rest=6395
[TEST] {22} tested=1000/1128 | kept=40 | rest=6256
[TEST] {5} tested=3500/4511 | kept=116 | rest=6121
[TEST] {21} tested=564/564 | kept=113 | rest=6117
[TEST] {22} tested=1100/1128 | kept=72 | rest=6114
[TEST] {5} tested=3600/4511 | kept=116 | rest=5942
[TEST] {22} tested=1128/1128 | kept=72 | rest=5863
[WARN] batch start failed | size=564 {25} | split=282 {34} + 282 {35}
[WARN] batch start failed | size=564 {26} | split=282 {36} + 282 {37}
[TEST] {27} tested=100/564 | kept=1 | rest=5726
[TEST] {27} tested=200/564 | kept=2 | rest=5618
[TEST] {24} tested=100/564 | kept=13 | rest=5595
[TEST] {24} tested=200/564 | kept=13 | rest=5473
[TEST] {5} tested=3700/4511 | kept=117 | rest=5414
[TEST] {24} tested=300/564 | kept=16 | rest=5313
[TEST] {5} tested=3800/4511 | kept=118 | rest=5149
[TEST] {27} tested=300/564 | kept=7 | rest=5113
[TEST] {27} tested=400/564 | kept=7 | rest=5007
[TEST] {24} tested=400/564 | kept=46 | rest=4895
[TEST] {24} tested=500/564 | kept=93 | rest=4751
[TEST] {27} tested=500/564 | kept=8 | rest=4705
[TEST] {5} tested=3900/4511 | kept=118 | rest=4657
[TEST] {27} tested=564/564 | kept=9 | rest=4473
[TEST] {5} tested=4000/4511 | kept=120 | rest=4465
[TEST] {24} tested=564/564 | kept=115 | rest=4423
[WARN] batch start failed | size=563 {20} | split=281 {38} + 282 {39}
[TEST] {5} tested=4100/4511 | kept=120 | rest=4358
[TEST] {5} tested=4200/4511 | kept=120 | rest=4258
[TEST] {28} tested=100/564 | kept=0 | rest=4096
[TEST] {28} tested=200/564 | kept=0 | rest=3995
[TEST] {28} tested=300/564 | kept=1 | rest=3811
[TEST] {5} tested=4300/4511 | kept=120 | rest=3720
[TEST] {5} tested=4400/4511 | kept=120 | rest=3613
[TEST] {30} tested=100/282 | kept=5 | rest=3562
[TEST] {28} tested=400/564 | kept=7 | rest=3405
[TEST] {30} tested=200/282 | kept=8 | rest=3388
[TEST] {28} tested=500/564 | kept=7 | rest=3249
[TEST] {5} tested=4500/4511 | kept=120 | rest=3188
[TEST] {5} tested=4511/4511 | kept=120 | rest=3177
[WARN] batch start failed | size=282 {31} | split=141 {40} + 141 {41}
[TEST] {30} tested=282/282 | kept=18 | rest=3130
[TEST] {28} tested=564/564 | kept=9 | rest=3101
[TEST] {33} tested=100/564 | kept=0 | rest=3001
[WARN] batch start failed | size=564 {32} | split=282 {42} + 282 {43}
[TEST] {33} tested=200/564 | kept=1 | rest=2901
[TEST] {33} tested=300/564 | kept=1 | rest=2801
[TEST] {34} tested=100/282 | kept=36 | rest=2659
[WARN] batch start failed | size=282 {35} | split=141 {44} + 141 {45}
[TEST] {34} tested=200/282 | kept=96 | rest=2540
[TEST] {44} tested=100/141 | kept=44 | rest=2373
[TEST] {33} tested=400/564 | kept=28 | rest=2317
[TEST] {33} tested=500/564 | kept=67 | rest=2205
[TEST] {34} tested=282/282 | kept=153 | rest=2137
[TEST] {44} tested=141/141 | kept=74 | rest=2126
[WARN] batch start failed | size=282 {36} | split=141 {46} + 141 {47}
[WARN] batch start failed | size=281 {38} | split=140 {48} + 141 {49}
[TEST] {39} tested=100/282 | kept=0 | rest=2024
[WARN] batch start failed | size=141 {41} | split=70 {50} + 71 {51}
[TEST] {39} tested=200/282 | kept=4 | rest=1913
[TEST] {33} tested=564/564 | kept=83 | rest=1852
[TEST] {40} tested=100/141 | kept=25 | rest=1697
[TEST] {39} tested=282/282 | kept=7 | rest=1674
[TEST] {40} tested=141/141 | kept=25 | rest=1653
[WARN] batch start failed | size=282 {42} | split=141 {52} + 141 {53}
[WARN] batch start failed | size=141 {45} | split=70 {54} + 71 {55}
[TEST] {43} tested=100/282 | kept=27 | rest=1523
[TEST] {37} tested=100/282 | kept=1 | rest=1481
[TEST] {37} tested=200/282 | kept=1 | rest=1261
[TEST] {43} tested=200/282 | kept=40 | rest=1154
[TEST] {37} tested=282/282 | kept=4 | rest=1059
[TEST] {47} tested=100/141 | kept=0 | rest=1052
[TEST] {47} tested=141/141 | kept=0 | rest=1005
[WARN] batch start failed | size=141 {46} | split=70 {56} + 71 {57}
[WARN] batch start failed | size=141 {49} | split=70 {58} + 71 {59}
[WARN] batch start failed | size=140 {48} | split=70 {60} + 70 {61}
[WARN] batch start failed | size=70 {50} | split=35 {62} + 35 {63}
[TEST] {43} tested=282/282 | kept=40 | rest=986
[WARN] batch start failed | size=141 {52} | split=70 {64} + 71 {65}
[TEST] {51} tested=71/71 | kept=0 | rest=844
[TEST] {53} tested=100/141 | kept=4 | rest=753
[WARN] batch start failed | size=71 {55} | split=35 {66} + 36 {67}
[TEST] {54} tested=70/70 | kept=37 | rest=736
[WARN] batch start failed | size=70 {56} | split=35 {68} + 35 {69}
[WARN] batch start failed | size=70 {58} | split=35 {70} + 35 {71}
[TEST] {53} tested=141/141 | kept=15 | rest=612
[TEST] {57} tested=71/71 | kept=0 | rest=558
[WARN] batch start failed | size=70 {61} | split=35 {72} + 35 {73}
[TEST] {59} tested=71/71 | kept=28 | rest=530
[WARN] batch start failed | size=35 {63} | split=17 {74} + 18 {75}
[WARN] batch start failed | size=71 {65} | split=35 {76} + 36 {77}
[TEST] {60} tested=70/70 | kept=7 | rest=433
[TEST] {62} tested=35/35 | kept=0 | rest=384
[WARN] batch start failed | size=36 {67} | split=18 {78} + 18 {79}
[TEST] {64} tested=70/70 | kept=4 | rest=363
[WARN] batch start failed | size=35 {69} | split=17 {80} + 18 {81}
[WARN] batch start failed | size=35 {71} | split=17 {82} + 18 {83}
[TEST] {66} tested=35/35 | kept=9 | rest=305
[TEST] {68} tested=35/35 | kept=1 | rest=268
[WARN] batch start failed | size=35 {73} | split=17 {84} + 18 {85}
[TEST] {70} tested=35/35 | kept=0 | rest=254
[WARN] batch start failed | size=18 {75} | split=9 {86} + 9 {87}
[TEST] {72} tested=35/35 | kept=6 | rest=219
[WARN] batch start failed | size=36 {77} | split=18 {88} + 18 {89}
[TEST] {74} tested=17/17 | kept=0 | rest=204
[TEST] {76} tested=35/35 | kept=2 | rest=191
[WARN] batch start failed | size=18 {78} | split=9 {90} + 9 {91}
[WARN] batch start failed | size=17 {80} | split=8 {92} + 9 {93}
[WARN] batch start failed | size=18 {83} | split=9 {94} + 9 {95}
[WARN] batch start failed | size=17 {82} | split=8 {96} + 9 {97}
[WARN] batch start failed | size=17 {84} | split=8 {98} + 9 {99}
[TEST] {79} tested=18/18 | kept=1 | rest=161
[WARN] batch start failed | size=18 {85} | split=9 {100} + 9 {101}
[WARN] batch start failed | size=9 {86} | split=4 {102} + 5 {103}
[TEST] {81} tested=18/18 | kept=0 | rest=147
[WARN] batch start failed | size=18 {89} | split=9 {104} + 9 {105}
[WARN] batch start failed | size=9 {90} | split=4 {106} + 5 {107}
[TEST] {87} tested=9/9 | kept=0 | rest=141
[TEST] {88} tested=18/18 | kept=2 | rest=130
[WARN] batch start failed | size=9 {93} | split=4 {108} + 5 {109}
[WARN] batch start failed | size=9 {94} | split=4 {110} + 5 {111}
[TEST] {95} tested=9/9 | kept=1 | rest=114
[WARN] batch start failed | size=9 {97} | split=4 {112} + 5 {113}
[TEST] {91} tested=9/9 | kept=1 | rest=107
[TEST] {96} tested=8/8 | kept=0 | rest=99
[WARN] batch start failed | size=8 {98} | split=4 {114} + 4 {115}
[WARN] batch start failed | size=9 {100} | split=4 {116} + 5 {117}
[TEST] {92} tested=8/8 | kept=0 | rest=97
[TEST] {99} tested=9/9 | kept=0 | rest=86
[WARN] batch start failed | size=5 {103} | split=2 {118} + 3 {119}
[TEST] {101} tested=9/9 | kept=0 | rest=77
[TEST] {102} tested=4/4 | kept=0 | rest=74
[WARN] batch start failed | size=9 {105} | split=4 {120} + 5 {121}
[WARN] batch start failed | size=5 {107} | split=2 {122} + 3 {123}
[TEST] {104} tested=9/9 | kept=1 | rest=62
[WARN] batch start failed | size=5 {109} | split=2 {124} + 3 {125}
[WARN] batch start failed | size=4 {110} | split=2 {126} + 2 {127}
[TEST] {106} tested=4/4 | kept=0 | rest=61
[TEST] {108} tested=4/4 | kept=0 | rest=55
[WARN] batch start failed | size=5 {113} | split=2 {128} + 3 {129}
[TEST] {111} tested=5/5 | kept=0 | rest=54
[WARN] batch start failed | size=4 {114} | split=2 {130} + 2 {131}
[WARN] batch start failed | size=4 {115} | split=2 {132} + 2 {133}
[WARN] batch start failed | size=4 {116} | split=2 {134} + 2 {135}
[WARN] batch start failed | size=2 {118} | split=1 {136} + 1 {137}
[TEST] {112} tested=4/4 | kept=0 | rest=47
[WARN] batch start failed | size=4 {120} | split=2 {138} + 2 {139}
[TEST] {117} tested=5/5 | kept=0 | rest=45
[TEST] {119} tested=3/3 | kept=0 | rest=42
[WARN] batch start failed | size=2 {122} | split=1 {140} + 1 {141}
[WARN] batch start failed | size=2 {124} | split=1 {142} + 1 {143}
[TEST] {121} tested=5/5 | kept=0 | rest=35
[WARN] batch start failed | size=2 {126} | split=1 {144} + 1 {145}
[TEST] {123} tested=3/3 | kept=0 | rest=33
[WARN] batch start failed | size=2 {127} | split=1 {146} + 1 {147}
[WARN] batch start failed | size=3 {129} | split=1 {148} + 2 {149}
[WARN] batch start failed | size=2 {131} | split=1 {150} + 1 {151}
[TEST] {125} tested=3/3 | kept=0 | rest=30
[WARN] batch start failed | size=2 {132} | split=1 {152} + 1 {153}
[WARN] batch start failed | size=2 {133} | split=1 {154} + 1 {155}
[TEST] {130} tested=2/2 | kept=0 | rest=28
[WARN] batch start failed | size=2 {135} | split=1 {156} + 1 {157}
[WARN] batch start failed | size=2 {134} | split=1 {158} + 1 {159}
[REPAIR] name=[Epodonios] EPODONIOS-107 {136} | fields=cipher
[TEST] {128} tested=2/2 | kept=0 | rest=27
[WARN] batch start failed | size=2 {139} | split=1 {160} + 1 {161}
[TEST] {140} tested=1/1 | kept=0 | rest=25
[REPAIR] name=[Pawdroid-SS-APK] United+Kingdom-2 {141} | fields=cipher
[DROP] name=[Epodonios] EPODONIOS-236 {142} | server=194.93.61.120:443 | reason=Parse config error: proxy 0: 'reality-opts' has unset fields: public-key
[TEST] {137} tested=1/1 | kept=0 | rest=23
[TEST] {143} tested=1/1 | kept=0 | rest=22
[TEST] {141} tested=1/1 | kept=0 | rest=21
[REPAIR] name=[ChromeGO-Merge] France {144} | fields=up,down
[REPAIR] name=[ChromeGO-Merge] United-4 {145} | fields=up,down
[TEST] {136} tested=1/1 | kept=0 | rest=20
[TEST] {138} tested=2/2 | kept=1 | rest=19
[REPAIR] name=[ChromeGO-Merge] Taiwan-2 {146} | fields=up,down
[REPAIR] name=[ChromeGO-Merge] United-5 {147} | fields=up,down
[WARN] batch start failed | size=2 {149} | split=1 {162} + 1 {163}
[TEST] {146} tested=1/1 | kept=0 | rest=18
[REPAIR] name=[ChromeGO-ShiteThings] hysteria {150} | fields=up,down
[REPAIR] name=[ChromeGO-ShiteThings] hysteria-2 {151} | fields=up,down
[REPAIR] name=[ChromeGO-ShiteThings] hysteria-3 {152} | fields=up,down
[TEST] {150} tested=1/1 | kept=0 | rest=17
[REPAIR] name=[ChromeGO-ShiteThings] hysteria-4 {153} | fields=up,down
[REPAIR] name=[ChromeGO-ShiteThings] hysteria-5 {154} | fields=up,down
[TEST] {151} tested=1/1 | kept=0 | rest=16
[TEST] {152} tested=1/1 | kept=0 | rest=15
[REPAIR] name=[ChromeGO-Merge] France_hysteria_1 {156} | fields=up,down
[TEST] {153} tested=1/1 | kept=0 | rest=14
[REPAIR] name=[ChromeGO-Merge] United-2 {157} | fields=up,down
[REPAIR] name=[ChromeGO-Merge] WARP {158} | fields=dialer-proxy
[REPAIR] name=[ChromeGO-Merge] United {159} | fields=up,down
[TEST] {158} tested=1/1 | kept=1 | rest=13
[REPAIR] name=[Free-clash-v2ray] hysteria {160} | fields=up,down
[TEST] {160} tested=1/1 | kept=0 | rest=12
[TEST] {144} tested=1/1 | kept=0 | rest=11
[TEST] {145} tested=1/1 | kept=0 | rest=10
[TEST] {148} tested=1/1 | kept=0 | rest=9
[TEST] {147} tested=1/1 | kept=0 | rest=8
[TEST] {155} tested=1/1 | kept=0 | rest=7
[TEST] {154} tested=1/1 | kept=0 | rest=6
[REPAIR] name=[ChromeGO-Merge] Taiwan {163} | fields=up,down
[TEST] {156} tested=1/1 | kept=0 | rest=5
[TEST] {157} tested=1/1 | kept=0 | rest=4
[TEST] {163} tested=1/1 | kept=0 | rest=3
[TEST] {159} tested=1/1 | kept=0 | rest=2
[TEST] {161} tested=1/1 | kept=0 | rest=1
[TEST] {162} tested=1/1 | kept=0 | rest=0
[INFO] dropped=1 | [Epodonios] × 1
============================================================
[INFO] cap live | source=[免费节点2] | from=86 | to=50
[INFO] cap live | source=[免费节点8] | from=169 | to=50
[INFO] cap live | source=[Pawdroid-SR-APK] | from=363 | to=50
[INFO] cap live | source=[Free-clash-v2ray] | from=437 | to=50
[INFO] cap live | source=[V2rayclashfree-RSS] | from=80 | to=50
[INFO] cap live total | from=539 | to=400 | floor=5 | by=health_score
[INFO] cap live | reserved=108 | pool=431 | taken=292
============================================================
+------------------------------+--------+--------+------+--------+
| source                       |    raw | unique | live | capped |
+------------------------------+--------+--------+------+--------+
| [大FQ运动]                   |     14 |     14 |    4 |      4 |
+------------------------------+--------+--------+------+--------+
| [Pawdroid]                   |     22 |     21 |    0 |      0 |
+------------------------------+--------+--------+------+--------+
| [FreeV2-Base64]              |      3 |      3 |    3 |      3 |
+------------------------------+--------+--------+------+--------+
| [Bocchi2b-Base64]            |     35 |     35 |    0 |      0 |
+------------------------------+--------+--------+------+--------+
| [ChromeGO-Toolkit]           |     14 |     14 |    5 |      5 |
+------------------------------+--------+--------+------+--------+
| [ChromeGO-ShiteThings]       |     31 |     25 |    1 |      1 |
+------------------------------+--------+--------+------+--------+
| [ChromeGO-Merge]             |    108 |    108 |    4 |      4 |
+------------------------------+--------+--------+------+--------+
| [Freesocks]                  |      1 |      1 |    0 |      0 |
+------------------------------+--------+--------+------+--------+
| [NekoWarp]                   |     10 |     10 |   10 |      8 |
+------------------------------+--------+--------+------+--------+
| [1VPN-CRX]                   |     17 |     17 |   15 |      5 |
+------------------------------+--------+--------+------+--------+
| [OpenRunner-RSS]             |     14 |     11 |    0 |      0 |
+------------------------------+--------+--------+------+--------+
| [V2Rayshare-RSS]             |     22 |     22 |    1 |      1 |
+------------------------------+--------+--------+------+--------+
| [Mibei77-RSS]                |    110 |     92 |    2 |      2 |
+------------------------------+--------+--------+------+--------+
| [Yoyapai-RSS]                |    226 |    199 |    5 |      5 |
+------------------------------+--------+--------+------+--------+
| [免费节点1]                  |    169 |    157 |   15 |      8 |
+------------------------------+--------+--------+------+--------+
| [免费节点2]                  |    310 |    273 |   86 |     39 |
+------------------------------+--------+--------+------+--------+
| [免费节点3]                  |     27 |     16 |   12 |      6 |
+------------------------------+--------+--------+------+--------+
| [免费节点4]                  |    749 |    714 |   38 |     30 |
+------------------------------+--------+--------+------+--------+
| [免费节点5]                  |     29 |     28 |    0 |      0 |
+------------------------------+--------+--------+------+--------+
| [免费节点6]                  |   1653 |   1601 |   35 |     20 |
+------------------------------+--------+--------+------+--------+
| [免费节点7]                  |     64 |     26 |    3 |      3 |
+------------------------------+--------+--------+------+--------+
| [免费节点8]                  |   4219 |   3361 |  169 |     50 |
+------------------------------+--------+--------+------+--------+
| [免费节点9]                  |    615 |    457 |    0 |      0 |
+------------------------------+--------+--------+------+--------+
| [免费节点10]                 |   5479 |   3097 |   15 |      6 |
+------------------------------+--------+--------+------+--------+
| [免费节点11]                 |    497 |    298 |   24 |     11 |
+------------------------------+--------+--------+------+--------+
| [Pawdroid-SR-APK]            |    931 |    614 |  363 |     50 |
+------------------------------+--------+--------+------+--------+
| [Pawdroid-SS-APK]            |   1486 |    946 |   31 |      8 |
+------------------------------+--------+--------+------+--------+
| [Clashfree]                  |    181 |     54 |   22 |     12 |
+------------------------------+--------+--------+------+--------+
| [Epodonios]                  |   4399 |   2696 |   44 |     19 |
+------------------------------+--------+--------+------+--------+
| [Free-clash-v2ray]           |   5220 |   3022 |  437 |     50 |
+------------------------------+--------+--------+------+--------+
| [V2rayclashfree-RSS]         |    946 |    112 |   80 |     50 |
+------------------------------+--------+--------+------+--------+
============================================================
[SUMMARY] total_nodes=27601
[SUMMARY] legal_candidates=18044
[SUMMARY] passed_latency_test=400
[SUMMARY] region_HK=2 | region_JP=6 | region_US=128
[SUMMARY] avg_latency_ms=267.97
[SUMMARY] output=/home/runner/work/Free-node-autotest/Free-node-autotest/output/clash.yaml
============================================================
