============================================================
[INFO] sublink try page | url=https://end-gfw.com
[OK] proxies=6 | new=6 | url=https://raw.githubusercontent.com/hello-world-1989/cn-news/main/clash-free.yaml
[OK] proxies=6 | new=0 | url=https://raw.githubusercontent.com/hello-world-1989/cn-news/main/end-gfw-free
[INFO] source try link | url=https://end-gfw.com/ss-key
[OK] proxies=4 | new=4 | url=https://end-gfw.com/ss-key
[INFO] sublink try repo | url=https://github.com/hello-world-1989/cn-news
[INFO] sublink try page | url=https://raw.githubusercontent.com/hello-world-1989/cn-news/main/README.md
[OK] proxies=2 | new=2 | url=https://raw.githubusercontent.com/hello-world-1989/cn-news/refs/heads/main/clash.yaml
[OK] proxies=2 | new=0 | url=https://raw.githubusercontent.com/hello-world-1989/cn-news/main/end-gfw-together
[OK] proxies=6 | new=6 | url=https://raw.githubusercontent.com/hello-world-1989/v2-sub/main/end-gfw-together-af3e13
[OK] proxies=18 | source=[大FQ运动] | url=https://raw.githubusercontent.com/hello-world-1989/cn-news/main/README.md
============================================================
[INFO] sublink try repo | url=https://github.com/Pawdroid/Free-servers
[INFO] sublink try page | url=https://raw.githubusercontent.com/Pawdroid/Free-servers/main/README.md
[OK] proxies=19 | new=19 | url=https://raw.githubusercontent.com/Pawdroid/Free-servers/main/README.md
[OK] proxies=19 | new=0 | url=https://raw.githubusercontent.com/Pawdroid/Free-servers/main/sub
[OK] proxies=1 | new=1 | url=https://apps.apple.com/cn/app/shadowshare/id1612647259
[OK] proxies=1 | new=1 | url=http://www.surflare.com
[OK] proxies=21 | source=[Pawdroid] | url=https://raw.githubusercontent.com/Pawdroid/Free-servers/main/README.md
============================================================
[INFO] source try link | url=https://xmxosfepggzm.503403.xyz
[OK] proxies=3 | new=3 | url=https://xmxosfepggzm.503403.xyz
[OK] proxies=3 | source=[FreeV2-Base64] | url=https://xmxosfepggzm.503403.xyz
============================================================
[INFO] source try link | url=https://links.bocchi2b.top/clash
[OK] proxies=35 | new=35 | url=https://links.bocchi2b.top/clash
[OK] proxies=35 | source=[Bocchi2b-Base64] | url=https://links.bocchi2b.top/clash
============================================================
[INFO] source try link | url=https://freesocks.org/api/v1/sub/02b897e8e77f19176b0b9f2c75864b00
[OK] proxies=1 | new=1 | url=https://freesocks.org/api/v1/sub/02b897e8e77f19176b0b9f2c75864b00
[INFO] source try link | url=https://freesocks.org/api/v1/sub/4cae35810e6f5c4d92e28e32104e0080
[OK] proxies=3 | new=3 | url=https://freesocks.org/api/v1/sub/4cae35810e6f5c4d92e28e32104e0080
[OK] proxies=4 | source=[Freesocks] | url=https://freesocks.org/api/v1/sub/4cae35810e6f5c4d92e28e32104e0080
============================================================
[INFO] source try link | url=https://neko-warp.nloli.xyz/neko_warp.yaml
[OK] proxies=10 | new=10 | url=https://neko-warp.nloli.xyz/neko_warp.yaml
[OK] proxies=10 | source=[NekoWarp] | url=https://neko-warp.nloli.xyz/neko_warp.yaml
============================================================
[INFO] article try feed | url=https://free.datiya.com/index.xml
[INFO] sublink try page | url=https://free.datiya.com/post/20260929/
[OK] proxies=14 | new=14 | url=https://free.datiya.com/uploads/20260929-clash.yaml
[OK] proxies=14 | source=[OpenRunner-RSS] | url=https://free.datiya.com/post/20260929/
============================================================
[INFO] article try feed | url=https://v2rayshare.com/feed
[INFO] sublink try page | url=https://v2rayshare.com/p/4097.html
[INFO] sublink try repo | url=https://github.com/firefoxmmx2/v2rayshare_subcription
[INFO] sublink try page | url=https://raw.githubusercontent.com/firefoxmmx2/v2rayshare_subcription/main/README.md
[OK] proxies=22 | new=22 | url=https://{raw.githubusercontent.com|cdn.jsdelivr.net}/firefoxmmx2/v2rayshare_subcription/main/subscription/mihomo_sub.yaml
[OK] proxies=21 | new=0 | url=https://{raw.githubusercontent.com|cdn.jsdelivr.net}/firefoxmmx2/v2rayshare_subcription/main/subscription/clash_sub.yaml
[OK] proxies=22 | new=0 | url=https://{raw.githubusercontent.com|cdn.jsdelivr.net}/firefoxmmx2/v2rayshare_subcription/main/subscription/vray_sub.txt
[OK] proxies=22 | source=[V2Rayshare-RSS] | url=https://raw.githubusercontent.com/firefoxmmx2/v2rayshare_subcription/main/README.md
============================================================
[INFO] article try feed | url=https://www.mibei77.com/feed
[INFO] sublink try page | url=https://www.mibei77.com/705.html
[OK] proxies=114 | new=114 | url=https://mm.mibei77.com/202609/0929Clashiza.yaml
[OK] proxies=115 | new=2 | url=https://mm.mibei77.com/202609/09.2964baxcd.txt
[OK] proxies=116 | source=[Mibei77-RSS] | url=https://www.mibei77.com/705.html
============================================================
[INFO] article try feed | url=https://yoyapai.com/feed
[INFO] sublink try page | url=https://yoyapai.com/740
[OK] proxies=231 | new=231 | url=https://freenode.yoyapai.com/2026/09/29-yoyapai.com-clashvpnmianfeijiedian.yaml
[OK] proxies=231 | new=0 | url=https://freenode.yoyapai.com/2026/09/29-yoyapai.com-ssrv2rayvpnmianfeijiedian.txt
[OK] proxies=1 | new=1 | url=https://yoyapai.com/740
[OK] proxies=232 | source=[Yoyapai-RSS] | url=https://yoyapai.com/740
============================================================
[INFO] sublink try repo | url=https://github.com/free18/v2ray
[INFO] sublink try page | url=https://raw.githubusercontent.com/free18/v2ray/main/README.md
[OK] proxies=321 | new=321 | url=https://ghfast.top/https://raw.githubusercontent.com/free18/v2ray/refs/heads/main/c.yaml
[OK] proxies=322 | new=1 | url=https://ghfast.top/https://raw.githubusercontent.com/free18/v2ray/refs/heads/main/v.txt
[OK] proxies=3 | new=3 | url=https://raw.githubusercontent.com/free18/v2ray/main/README.md
[OK] proxies=325 | source=[免费节点1] | url=https://raw.githubusercontent.com/free18/v2ray/main/README.md
============================================================
[INFO] sublink try repo | url=https://github.com/ermaozi/get_subscribe
[INFO] sublink try page | url=https://raw.githubusercontent.com/ermaozi/get_subscribe/main/README.md
[INFO] sublink file_nodes=0 | bare links=9
[OK] proxies=287 | new=287 | url=https://www.ermao.net/sub/{reachable|unreachable|untested}/clash/ermao.net
[OK] proxies=300 | new=13 | url=https://www.ermao.net/sub/{clash|v2ray}/ermao.net
[OK] proxies=300 | source=[免费节点2] | url=https://raw.githubusercontent.com/ermaozi/get_subscribe/main/README.md
============================================================
[INFO] sublink try repo | url=https://github.com/sunmiao4458/free-proxy-airport
[INFO] sublink try page | url=https://raw.githubusercontent.com/sunmiao4458/free-proxy-airport/main/README.md
[OK] proxies=38 | new=38 | url=https://sunmiao4458.github.io/free-proxy-airport/clash.yaml
[OK] proxies=38 | source=[免费节点3] | url=https://raw.githubusercontent.com/sunmiao4458/free-proxy-airport/main/README.md
============================================================
[INFO] sublink try repo | url=https://github.com/mfuu/FreeProxies
[INFO] sublink try page | url=https://raw.githubusercontent.com/mfuu/FreeProxies/master/README.md
[OK] proxies=892 | new=892 | url=https://raw.githubusercontent.com/mfuu/FreeProxies/master/sub.yaml
[OK] proxies=892 | source=[免费节点4] | url=https://raw.githubusercontent.com/mfuu/FreeProxies/master/README.md
============================================================
[INFO] sublink try repo | url=https://github.com/vxiaov/free_proxies
[INFO] sublink try page | url=https://raw.githubusercontent.com/vxiaov/free_proxies/main/README.md
[OK] proxies=1 | new=1 | url=https://raw.githubusercontent.com/vxiaov/free_proxies/main/README.md
[OK] proxies=28 | new=28 | url=https://{cdn.jsdelivr.net|raw.githubusercontent.com}/vxiaov/free_proxies/main/clash/clash.provider.yaml
[OK] proxies=29 | source=[免费节点5] | url=https://raw.githubusercontent.com/vxiaov/free_proxies/main/README.md
============================================================
[INFO] sublink try repo | url=https://github.com/anaer/Sub
[INFO] sublink try page | url=https://raw.githubusercontent.com/anaer/Sub/main/README.MD
[OK] proxies=566 | new=566 | url=https://raw.githubusercontent.com/anaer/Sub/main/clash.yaml
[OK] proxies=566 | new=0 | url=https://anaer.github.io/Sub/clash.yaml
[OK] proxies=566 | source=[免费节点6] | url=https://raw.githubusercontent.com/anaer/Sub/main/README.MD
============================================================
[INFO] sublink try repo | url=https://github.com/snakem982/proxypool
[INFO] sublink try page | url=https://raw.githubusercontent.com/snakem982/proxypool/main/README.md
[OK] proxies=64 | new=64 | url=https://raw.githubusercontent.com/snakem982/proxypool/main/source/clash-meta-2.yaml
[OK] proxies=59 | new=0 | url=https://raw.githubusercontent.com/snakem982/proxypool/main/source/v2ray-2.txt
[OK] proxies=59 | new=0 | url=https://raw.githubusercontent.com/snakem982/proxypool/main/source/sing-box-2.json
[OK] proxies=64 | source=[免费节点7] | url=https://raw.githubusercontent.com/snakem982/proxypool/main/README.md
============================================================
[INFO] sublink try repo | url=https://github.com/mahdibland/V2RayAggregator
[INFO] sublink try page | url=https://raw.githubusercontent.com/mahdibland/V2RayAggregator/master/README.md
[OK] proxies=1 | new=1 | url=https://cdn.jsdelivr.net/gh/mahdibland/V2RayAggregator@master/update/provider/provider.yml
[OK] proxies=1 | new=0 | url=https://cdn.jsdelivr.net/gh/mahdibland/V2RayAggregator@master/update/provider/provider-meta-others.yml
[OK] proxies=1834 | new=1834 | url=https://raw.githubusercontent.com/mahdibland/ShadowsocksAggregator/master/sub/splitted/ss.txt
[OK] proxies=587 | new=587 | url=https://raw.githubusercontent.com/mahdibland/ShadowsocksAggregator/master/sub/splitted/trojan.txt
[OK] proxies=61 | new=61 | url=https://raw.githubusercontent.com/mahdibland/ShadowsocksAggregator/master/EternityAir.txt
[OK] proxies=1 | new=0 | url=https://github.com/mahdibland/SSAggregator/actions/workflows/Collector.yml
[OK] proxies=190 | new=38 | url=https://raw.githubusercontent.com/mahdibland/ShadowsocksAggregator/master/Eternity.yml
[OK] proxies=1 | new=0 | url=https://cdn.jsdelivr.net/gh/mahdibland/V2RayAggregator@master/update/provider/provider-others.yml
[OK] proxies=379 | new=115 | url=https://raw.githubusercontent.com/mahdibland/V2RayAggregator/master/README.md
[OK] proxies=194 | new=0 | url=https://raw.githubusercontent.com/mahdibland/ShadowsocksAggregator/master/Eternity.txt
[OK] proxies=1462 | new=1404 | url=https://raw.githubusercontent.com/mahdibland/ShadowsocksAggregator/master/sub/splitted/vmess.txt
[OK] proxies=1 | new=0 | url=https://github.com/mahdibland/SSAggregator/actions/workflows/Airport_Collector.yml
[OK] proxies=54 | new=54 | url=https://raw.githubusercontent.com/mahdibland/ShadowsocksAggregator/master/sub/splitted/ssr.txt
[OK] proxies=3937 | new=0 | url=https://raw.githubusercontent.com/mahdibland/{SSAggregator|ShadowsocksAggregator}/master/sub/sub_merge.txt
[OK] proxies=1 | new=0 | url=https://cdn.jsdelivr.net/gh/mahdibland/V2RayAggregator@master/update/provider/provider-meta-cn.yml
[OK] proxies=1 | new=0 | url=https://cdn.jsdelivr.net/gh/mahdibland/V2RayAggregator@master/update/provider/provider-meta.yml
[OK] proxies=61 | new=0 | url=https://raw.githubusercontent.com/mahdibland/SSAggregator/master/sub/airport_sub_merge.txt
[OK] proxies=1 | new=0 | url=https://cdn.jsdelivr.net/gh/mahdibland/V2RayAggregator@master/update/provider/provider-cn.yml
[OK] proxies=61 | new=0 | url=https://raw.githubusercontent.com/mahdibland/SSAggregator/master/sub/airport_merge_base64.txt
[OK] proxies=4100 | new=164 | url=https://raw.githubusercontent.com/mahdibland/SSAggregator/master/sub/sub_merge_yaml.yml
[OK] proxies=3937 | new=0 | url=https://raw.githubusercontent.com/mahdibland/SSAggregator/master/sub/sub_merge_base64.txt
[OK] proxies=4258 | source=[免费节点8] | url=https://raw.githubusercontent.com/mahdibland/V2RayAggregator/master/README.md
============================================================
[INFO] sublink try repo | url=https://github.com/w1770946466/Auto_proxy
[INFO] sublink try page | url=https://raw.githubusercontent.com/w1770946466/Auto_proxy/main/README.md
[OK] proxies=489 | new=489 | url=https://raw.githubusercontent.com/w1770946466/Auto_proxy/main/Long_term_subscription_num
[OK] proxies=245 | new=125 | url=https://raw.githubusercontent.com/w1770946466/Auto_proxy/main/{Long_term_subscription2.yaml|Long_term_subscription1.yaml|Long_term_subscription3.yaml}
[OK] proxies=1 | new=1 | url=https://github.com/w1770946466/Auto_proxy/actions/workflows/main.yml
[OK] proxies=489 | new=0 | url=https://raw.githubusercontent.com/w1770946466/Auto_proxy/main/{Long_term_subscription1|Long_term_subscription2|Long_term_subscription3|Long_term_subscription4|Long_term_subscription5|Long_term_subscription6|Long_term_subscription7|Long_term_subscription8}
[OK] proxies=615 | source=[免费节点9] | url=https://raw.githubusercontent.com/w1770946466/Auto_proxy/main/README.md
============================================================
[INFO] sublink try repo | url=https://github.com/PuddinCat/BestClash
[INFO] sublink try page | url=https://raw.githubusercontent.com/PuddinCat/BestClash/main/README.md
[OK] proxies=25 | new=25 | url=https://raw.githubusercontent.com/Misaka-blog/chromego_merge/main/sub/merged_proxies_new.yaml
[OK] proxies=24 | new=24 | url=https://freenode.openrunner.net/uploads/20240807-clash.yaml
[OK] proxies=25 | new=0 | url=https://raw.githubusercontent.com/{chengaopan|peasoft}/{AutoMergePublicNodes|NoMoreWalls}/master/list.yml
[OK] proxies=144 | new=144 | url=https://raw.githubusercontent.com/zhangkaiitugithub/passcro/main/speednodes.yaml
[OK] proxies=165 | new=165 | url=https://raw.githubusercontent.com/ronghuaxueleng/get_v2/main/pub/combine.yaml
[OK] proxies=28 | new=28 | url=https://cdn.jsdelivr.net/gh/vxiaov/free_proxies@main/clash/clash.provider.yaml
[OK] proxies=16 | new=16 | url=https://raw.githubusercontent.com/PuddinCat/BestClash/main/proxies.yaml
[OK] proxies=190 | new=190 | url=https://raw.githubusercontent.com/mahdibland/ShadowsocksAggregator/master/Eternity.yml
[OK] proxies=287 | new=118 | url=https://raw.githubusercontent.com/{ermaozi|ermaozi01}/{get_subscribe|free_clash_vpn}/main/subscribe/clash.yml
[OK] proxies=3701 | new=3679 | url=https://raw.githubusercontent.com/{NiceVPN123|anaer}/{NiceVPN|Sub}/main/{Clash.yaml|clash.yaml}
[OK] proxies=4389 | source=[免费节点10] | url=https://raw.githubusercontent.com/PuddinCat/BestClash/main/README.md
============================================================
[INFO] sublink try repo | url=https://github.com/kooker/FreeSubsCheck
[INFO] sublink try page | url=https://raw.githubusercontent.com/kooker/FreeSubsCheck/main/README.md
[OK] proxies=26 | new=26 | url=https://raw.githubusercontent.com/kooker/FreeSubsCheck/main/mihomo.yaml
[OK] proxies=26 | new=0 | url=https://raw.githubusercontent.com/kooker/FreeSubsCheck/main/all.yaml
[OK] proxies=2 | new=2 | url=https://raw.githubusercontent.com/kooker/FreeSubsCheck/main/byxiaoxi.txt
[OK] proxies=19 | new=1 | url=https://raw.githubusercontent.com/kooker/FreeSubsCheck/main/base64.txt
[OK] proxies=417 | new=411 | url=https://raw.githubusercontent.com/kooker/FreeSubsCheck/main/kooker.jp.txt
[OK] proxies=440 | source=[免费节点11] | url=https://raw.githubusercontent.com/kooker/FreeSubsCheck/main/README.md
============================================================
[INFO] toolkit try repo | url=https://github.com/bannedbook/fanqiang
[INFO] toolkit try release | url=https://github.com/bannedbook/fanqiang/releases
[INFO] toolkit try release | url=https://github.com/bannedbook/fanqiang/releases/expanded_assets/ChromeGo-latest
[INFO] toolkit try download | url=https://github.com/bannedbook/fanqiang/releases/download/ChromeGo-latest/ChromeGo.7z
[OK] toolkit downloaded | file=ChromeGo.7z | size=96.2mb | time=35.0s
[OK] toolkit extracted | archive=ChromeGo.7z | tool=7z | files=222 | dirs=45
[OK] toolkit discovered | subs=107 | embedded=46 | archive=ChromeGo.7z
[INFO] toolkit try repo | url=https://github.com/bannedbook/fanqiang
[INFO] toolkit try release | url=https://github.com/bannedbook/fanqiang/releases
[INFO] toolkit try release | url=https://github.com/bannedbook/fanqiang/releases/expanded_assets/ChromeGo-latest
[INFO] toolkit try download | url=https://github.com/bannedbook/fanqiang/releases/download/ChromeGo-latest/ChromeGo.7z
[OK] toolkit downloaded | file=ChromeGo.7z | size=96.2mb | time=35.0s
[OK] toolkit extracted | archive=ChromeGo.7z | tool=7z | files=222 | dirs=45
[OK] toolkit discovered | subs=107 | embedded=46 | archive=ChromeGo.7z
[OK] proxies=12 | new=12 | embedded=archive-config
[OK] proxies=3 | new=3 | url=https://gitlab.com/free9999/ipupdate/master/backup/img/1/2/{ipp|ip}/clash.meta2/{5|6|3|1|4|2}/config.yaml
[OK] proxies=3 | new=0 | url=https://www.67867867.xyz/Alvin9999/PAC/refs/heads/master/backup/img/1/2/{ipp|ip}/clash.meta2/{5|6|3|1|4|2}/config.yaml
[OK] proxies=7 | new=5 | url=https://www.67867867.xyz/Alvin9999/PAC/refs/heads/master/backup/img/1/2/{ipp|ip}/{hysteria2|singbox|naiveproxy|hysteria|xray}/{3|1|4|2}/config.json
[OK] proxies=7 | new=0 | url=https://gitlab.com/free9999/ipupdate/master/backup/img/1/2/{ipp|ip}/{hysteria2|singbox|naiveproxy|hysteria|xray}/{3|1|4|2}/config.json
[OK] proxies=20 | source=[ChromeGO-Toolkit] | url=https://github.com/bannedbook/fanqiang/releases/download/ChromeGo-latest/ChromeGo.7z
============================================================
[INFO] sublink try repo | url=https://github.com/ShiteThings/extractNodes
[INFO] sublink try page | url=https://raw.githubusercontent.com/ShiteThings/extractNodes/main/README.md
[OK] proxies=26 | new=26 | url=https://chg26.makou.cc.cd/sb
[OK] proxies=31 | new=5 | url=https://{chg26.makou.cc.cd|chg64.makou.cc.cd}
[OK] proxies=31 | source=[ChromeGO-ShiteThings] | url=https://raw.githubusercontent.com/ShiteThings/extractNodes/main/README.md
============================================================
[INFO] sublink try repo | url=https://github.com/shangui999/chromego_merge
[INFO] sublink try page | url=https://raw.githubusercontent.com/shangui999/chromego_merge/master/ReadMe.md
[OK] proxies=11 | new=11 | url=https://freedman.netlify.app/sub/merged_warp_proxies_new.yaml
[OK] proxies=11 | new=6 | url=https://freedman.netlify.app/sub/shadowrocket_base64.txt
[OK] proxies=16 | new=16 | url=https://freedman.netlify.app/sub/sb.json
[OK] proxies=10 | new=0 | url=https://freedman.netlify.app/sub/merged_proxies_new.yaml
[INFO] sublink try repo | url=https://github.com/yaney01/chromego
[INFO] sublink try page | url=https://raw.githubusercontent.com/yaney01/chromego/main/ReadMe.md
[OK] proxies=50 | new=46 | url=https://raw.githubusercontent.com/yaney01/chromego/main/sub/merged_proxies_new.yaml
[OK] proxies=13 | new=7 | url=https://raw.githubusercontent.com/yaney01/chromego/main/sub/shadowrocket_base64.txt
[OK] proxies=51 | new=0 | url=https://raw.githubusercontent.com/yaney01/chromego/main/sub/merged_warp_proxies_new.yaml
[OK] proxies=13 | new=0 | url=https://raw.githubusercontent.com/yaney01/chromego/main/sub/sb.json
[INFO] sublink try repo | url=https://github.com/Misaka-blog/chromego_merge
[INFO] sublink try page | url=https://raw.githubusercontent.com/Misaka-blog/chromego_merge/main/README.md
[OK] proxies=25 | new=25 | url=https://chromego-sub.netlify.app/sub/merged_proxies_new.yaml
[OK] proxies=111 | source=[ChromeGO-Merge] | url=https://raw.githubusercontent.com/Misaka-blog/chromego_merge/main/README.md
============================================================
[INFO] toolkit try repo | url=https://github.com/Pawdroid/shadowrocket_for_android
[INFO] toolkit try release | url=https://github.com/Pawdroid/shadowrocket_for_android/releases
[INFO] toolkit try release | url=https://github.com/Pawdroid/shadowrocket_for_android/releases/expanded_assets/10.10.55
[INFO] toolkit try download | url=https://github.com/Pawdroid/shadowrocket_for_android/releases/download/10.10.55/Shadowrocket_10.10.55_shadowrocketStandard_arm64-v8a.apk
[OK] toolkit downloaded | file=Shadowrocket_10.10.55_shadowrocketStandard_arm64-v8a.apk | size=39.5mb | time=22.3s
[OK] toolkit extracted | archive=Shadowrocket_10.10.55_shadowrocketStandard_arm64-v8a.apk | tool=zipfile | files=1179 | dirs=44
[OK] toolkit sr-apk scanned | prefixes=38 | files=6 | keys=2 | archive=Shadowrocket_10.10.55_shadowrocketStandard_arm64-v8a.apk
[OK] proxies=199 | new=199 | url=https://{cdn.jsdelivr.net|raw.githubusercontent.com}/pixelor/ecfg/main/data/ecfg6
[OK] proxies=618 | new=590 | url=https://{raw.githubusercontent.com|cdn.jsdelivr.net}/pixelor/ecfg/main/data/ecfg6_zh
[OK] proxies=967 | new=322 | url=https://{raw.githubusercontent.com|cdn.jsdelivr.net}/pixelor/ecfg/main/data/ecfg6_en
[OK] proxies=156 | new=0 | url=https://{files.shadowrockets.app|cdn.shadowrockets.app}/ecfg/data/ecfg6
[OK] proxies=424 | new=0 | url=https://{files.shadowrockets.app|cdn.shadowrockets.app}/ecfg/data/ecfg6_en
[OK] proxies=424 | new=0 | url=https://{files.shadowrockets.app|cdn.shadowrockets.app}/ecfg/data/ecfg6_zh
[INFO] toolkit try repo | url=https://github.com/Pawdroid/shadowrocket_for_android
[INFO] toolkit try release | url=https://github.com/Pawdroid/shadowrocket_for_android/releases
[INFO] toolkit try release | url=https://github.com/Pawdroid/shadowrocket_for_android/releases/expanded_assets/10.10.55
[INFO] toolkit try download | url=https://github.com/Pawdroid/shadowrocket_for_android/releases/download/10.10.55/Shadowrocket_10.10.55_shadowrocketStandard_arm64-v8a.apk
[OK] toolkit downloaded | file=Shadowrocket_10.10.55_shadowrocketStandard_arm64-v8a.apk | size=39.5mb | time=22.3s
[OK] toolkit extracted | archive=Shadowrocket_10.10.55_shadowrocketStandard_arm64-v8a.apk | tool=zipfile | files=1179 | dirs=44
[OK] toolkit sr-apk scanned | prefixes=38 | files=6 | keys=2 | archive=Shadowrocket_10.10.55_shadowrocketStandard_arm64-v8a.apk
[OK] proxies=199 | new=199 | url=https://{cdn.jsdelivr.net|raw.githubusercontent.com}/pixelor/ecfg/main/data/ecfg6
[OK] proxies=618 | new=590 | url=https://{raw.githubusercontent.com|cdn.jsdelivr.net}/pixelor/ecfg/main/data/ecfg6_zh
[OK] proxies=967 | new=322 | url=https://{raw.githubusercontent.com|cdn.jsdelivr.net}/pixelor/ecfg/main/data/ecfg6_en
[OK] proxies=156 | new=0 | url=https://{files.shadowrockets.app|cdn.shadowrockets.app}/ecfg/data/ecfg6
[OK] proxies=424 | new=0 | url=https://{files.shadowrockets.app|cdn.shadowrockets.app}/ecfg/data/ecfg6_en
[OK] proxies=424 | new=0 | url=https://{files.shadowrockets.app|cdn.shadowrockets.app}/ecfg/data/ecfg6_zh
[OK] proxies=1111 | source=[Pawdroid-SR-APK] | url=https://github.com/Pawdroid/shadowrocket_for_android/releases/download/10.10.55/Shadowrocket_10.10.55_shadowrocketStandard_arm64-v8a.apk
============================================================
[INFO] toolkit try page | url=https://shadowshare.v2cross.com
[INFO] toolkit try download | url=https://shadowshare.v2cross.com/shadowshare.apk
[OK] toolkit downloaded | file=shadowshare.apk | size=60mb | time=32.2s
[OK] toolkit extracted | archive=shadowshare.apk | tool=zipfile | files=612 | dirs=39
[OK] toolkit ss-apk scanned | prefixes=10 | files=3 | keys=1 | archive=shadowshare.apk
[OK] proxies=221 | new=221 | url=https://{raw.githubusercontent.com|jsd.onmicrosoft.cn}/hideme9527/ecsfg/main/data/sareserver
[OK] proxies=1386 | new=1279 | url=https://{raw.githubusercontent.com|jsd.onmicrosoft.cn}/hideme9527/ecsfg/main/data/sareserver_en
[OK] proxies=132 | new=0 | url=https://{shadowsharing.com|sare.159236.xyz}/data/sareserver
[OK] proxies=1386 | new=0 | url=https://{shadowsharing.com|sare.159236.xyz}/data/sareserver_en
[OK] proxies=132 | new=0 | url=https://gitee.com/api/v5/repos/{zhiminghao|elvenapp|guoyoucai1}/ecsfg/raw/data/sareserver
[OK] proxies=1386 | new=0 | url=https://gitee.com/api/v5/repos/{elvenapp|zhiminghao|guoyoucai1}/ecsfg/raw/data/sareserver_en
[INFO] toolkit try page | url=https://shadowshare.v2cross.com
[INFO] toolkit try download | url=https://shadowshare.v2cross.com/shadowshare.apk
[OK] toolkit downloaded | file=shadowshare.apk | size=60mb | time=32.2s
[OK] toolkit extracted | archive=shadowshare.apk | tool=zipfile | files=612 | dirs=39
[OK] toolkit ss-apk scanned | prefixes=10 | files=3 | keys=1 | archive=shadowshare.apk
[OK] proxies=221 | new=221 | url=https://{raw.githubusercontent.com|jsd.onmicrosoft.cn}/hideme9527/ecsfg/main/data/sareserver
[OK] proxies=1386 | new=1279 | url=https://{raw.githubusercontent.com|jsd.onmicrosoft.cn}/hideme9527/ecsfg/main/data/sareserver_en
[OK] proxies=132 | new=0 | url=https://{shadowsharing.com|sare.159236.xyz}/data/sareserver
[OK] proxies=1386 | new=0 | url=https://{shadowsharing.com|sare.159236.xyz}/data/sareserver_en
[OK] proxies=132 | new=0 | url=https://gitee.com/api/v5/repos/{zhiminghao|elvenapp|guoyoucai1}/ecsfg/raw/data/sareserver
[OK] proxies=1386 | new=0 | url=https://gitee.com/api/v5/repos/{elvenapp|zhiminghao|guoyoucai1}/ecsfg/raw/data/sareserver_en
[OK] proxies=1500 | source=[Pawdroid-SS-APK] | url=https://shadowshare.v2cross.com/shadowshare.apk
============================================================
[INFO] toolkit try chrome | url=https://chromewebstore.google.com/detail/free-vpn-proxy-1vpn/akcocjjpkmlniicdeemdceeajlmoabhg
[INFO] toolkit try download | url=https://clients2.google.com/service/update2/crx?response=redirect&prodversion=131.0.6778.0&acceptformat=crx2,crx3&x=id%3dakcocjjpkmlniicdeemdceeajlmoabhg%26uc
[OK] toolkit downloaded | file=free-vpn-proxy-1vpn.crx | size=1.6mb | time=6.4s
[OK] toolkit extracted | archive=free-vpn-proxy-1vpn.crx | tool=zipfile | files=68 | dirs=57
[OK] toolkit 1vpn-crx scanned | hosts=17 | keys=1 | archive=free-vpn-proxy-1vpn.crx
[INFO] toolkit try chrome | url=https://chromewebstore.google.com/detail/free-vpn-proxy-1vpn/akcocjjpkmlniicdeemdceeajlmoabhg
[INFO] toolkit try download | url=https://clients2.google.com/service/update2/crx?response=redirect&prodversion=131.0.6778.0&acceptformat=crx2,crx3&x=id%3dakcocjjpkmlniicdeemdceeajlmoabhg%26uc
[OK] toolkit downloaded | file=free-vpn-proxy-1vpn.crx | size=1.6mb | time=6.4s
[OK] toolkit extracted | archive=free-vpn-proxy-1vpn.crx | tool=zipfile | files=68 | dirs=57
[OK] toolkit 1vpn-crx scanned | hosts=17 | keys=1 | archive=free-vpn-proxy-1vpn.crx
[OK] proxies=17 | source=[1VPN-CRX] | url=https://clients2.google.com/service/update2/crx?response=redirect&prodversion=131.0.6778.0&acceptformat=crx2,crx3&x=id%3dakcocjjpkmlniicdeemdceeajlmoabhg%26uc
============================================================
[INFO] sublink try repo | url=https://github.com/free-nodes/clashfree
[INFO] sublink try page | url=https://raw.githubusercontent.com/free-nodes/clashfree/main/README.md
[OK] proxies=1 | new=1 | url=https://github.com/free-nodes/clashfree/blob/main/clash20260929.yml
[OK] proxies=225 | new=225 | url=https://raw.githubusercontent.com/free-nodes/clashfree/main/clash20260929.yml
[OK] proxies=225 | new=0 | url=https://raw.githubusercontent.com/free-nodes/clashfree/main/README.md
[OK] proxies=226 | source=[Clashfree] | url=https://raw.githubusercontent.com/free-nodes/clashfree/main/README.md
============================================================
[INFO] sublink try repo | url=https://github.com/Epodonios/v2ray-configs
[INFO] sublink try page | url=https://raw.githubusercontent.com/Epodonios/v2ray-configs/main/README.md
[OK] proxies=4236 | new=4236 | url=https://github.com/Epodonios/v2ray-configs/raw/main/All_Configs_Sub.txt
[OK] proxies=4236 | new=0 | url=https://github.com/Epodonios/v2ray-configs/raw/main/All_Configs_base64_Sub.txt
[OK] proxies=3430 | new=190 | url=https://github.com/Epodonios/v2ray-configs/raw/main/Splitted-By-Protocol/vless.txt
[OK] proxies=380 | new=17 | url=https://github.com/Epodonios/v2ray-configs/raw/main/Splitted-By-Protocol/ss.txt
[OK] proxies=1 | new=1 | url=https://github.com/Epodonios/V2ray-Configs/actions/workflows/main.yml
[OK] proxies=189 | new=15 | url=https://github.com/Epodonios/v2ray-configs/raw/main/Splitted-By-Protocol/vmess.txt
[OK] proxies=161 | new=6 | url=https://github.com/Epodonios/v2ray-configs/raw/main/Splitted-By-Protocol/trojan.txt
[OK] proxies=4236 | new=0 | url=https://raw.githubusercontent.com/Epodonios/v2ray-configs/main/{Sub1.txt|Sub2.txt|Sub3.txt|Sub4.txt|Sub5.txt|Sub6.txt|Sub7.txt|Sub8.txt}
[OK] proxies=4465 | source=[Epodonios] | url=https://raw.githubusercontent.com/Epodonios/v2ray-configs/main/README.md
============================================================
[INFO] sublink try repo | url=https://github.com/free-clash-v2ray/free-clash-v2ray.github.io
[INFO] sublink try page | url=https://raw.githubusercontent.com/free-clash-v2ray/free-clash-v2ray.github.io/main/README.md
[OK] proxies=2984 | new=2984 | url=https://free-clash-v2ray.github.io/uploads/2026/09/{0-20260927.yaml|1-20260927.yaml|2-20260927.yaml|3-20260927.yaml}
[OK] proxies=3129 | new=537 | url=https://free-clash-v2ray.github.io/uploads/2026/09/{0-20260927.txt|1-20260927.txt|2-20260927.txt|3-20260927.txt|4-20260927.txt}
[OK] proxies=3521 | source=[Free-clash-v2ray] | url=https://raw.githubusercontent.com/free-clash-v2ray/free-clash-v2ray.github.io/main/README.md
============================================================
[INFO] article try page | url=https://v2rayclashfree.com
[INFO] sublink try page | url=https://v2rayclashfree.com/fn/20260930.html
[WARN] no proxies | found=0 | raw=3654
[INFO] reused previous raw | file=797390708265-raw-1734-20260929.yaml | stamp=202609291734
[OK] proxies=3654 | source=[V2rayclashfree-RSS] | url=https://v2rayclashfree.com/fn/20260930.html
============================================================
[INFO] toolkit try repo | url=https://github.com/MetaCubeX/meta-rules-dat
[INFO] toolkit try release | url=https://github.com/MetaCubeX/meta-rules-dat/releases
[INFO] toolkit try release | url=https://github.com/MetaCubeX/meta-rules-dat/releases/expanded_assets/latest
[INFO] toolkit try download | url=https://github.com/MetaCubeX/meta-rules-dat/releases/download/latest/country.mmdb
[OK] toolkit downloaded | file=country.mmdb | size=7.3mb | time=5.0s
[INFO] toolkit try repo | url=https://github.com/mledoze/countries
[INFO] toolkit try release | url=https://github.com/mledoze/countries/releases
[INFO] toolkit try release | url=https://github.com/mledoze/countries/releases/expanded_assets/v1.8.0
[INFO] toolkit try download | url=https://github.com/mledoze/countries/archive/refs/tags/v1.8.0.zip
[OK] toolkit downloaded | file=countries-1.8.0.zip | size=4.8mb | time=22.2s
[OK] toolkit extracted | archive=countries-1.8.0.zip | tool=zipfile | files=528 | dirs=8
[OK] toolkit found | file=countries.json | from=countries-1.8.0.zip
[OK] geo score ready | files=country.mmdb, countries.json | centroids=247
============================================================
[INFO] toolkit try repo | url=https://github.com/MetaCubeX/mihomo
[INFO] toolkit try release | url=https://github.com/MetaCubeX/mihomo/releases
[INFO] toolkit try release | url=https://github.com/MetaCubeX/mihomo/releases/expanded_assets/v1.19.31
[INFO] toolkit try download | url=https://github.com/MetaCubeX/mihomo/releases/download/v1.19.31/mihomo-linux-amd64-compatible-v1.19.31.gz
[OK] toolkit downloaded | file=mihomo-linux-amd64-compatible-v1.19.31.gz | size=21.8mb | time=48.3s
[OK] toolkit hash verified | file=mihomo-linux-amd64-compatible-v1.19.31.gz | sha256=04cf9f09671704f839ddbee2e93069dc831a4123a75281e725d1d96ab9ac1afc
[OK] proxy engine ready, starting latency test | package=mihomo-linux-amd64-compatible-v1.19.31.gz
============================================================
[WARN] batch start failed | size=18037 {1} | split=4510 {2} + 4510 {3} + 4510 {4} + 4507 {5}
[WARN] batch start failed | size=4507 {5} | split=1127 {6} + 1127 {7} + 1127 {8} + 1126 {9}
[WARN] batch start failed | size=4510 {4} | split=1128 {10} + 1128 {11} + 1128 {12} + 1126 {13}
[TEST] {6} tested=100/1127 | kept=1 | rest=17937
[TEST] {6} tested=200/1127 | kept=5 | rest=17837
[TEST] {6} tested=300/1127 | kept=10 | rest=17737
[TEST] {7} tested=100/1127 | kept=0 | rest=17611
[TEST] {7} tested=200/1127 | kept=2 | rest=17478
[TEST] {6} tested=400/1127 | kept=11 | rest=17363
[TEST] {7} tested=300/1127 | kept=2 | rest=17313
[TEST] {6} tested=500/1127 | kept=12 | rest=17187
[TEST] {7} tested=400/1127 | kept=10 | rest=17046
[TEST] {6} tested=600/1127 | kept=16 | rest=17033
[TEST] {3} tested=100/4510 | kept=10 | rest=16793
[TEST] {3} tested=200/4510 | kept=20 | rest=16693
[TEST] {3} tested=300/4510 | kept=23 | rest=16593
[TEST] {3} tested=400/4510 | kept=26 | rest=16493
[TEST] {3} tested=500/4510 | kept=29 | rest=16393
[TEST] {3} tested=600/4510 | kept=35 | rest=16293
[TEST] {6} tested=700/1127 | kept=17 | rest=16263
[TEST] {2} tested=100/4510 | kept=12 | rest=16163
[TEST] {2} tested=200/4510 | kept=21 | rest=16063
[TEST] {2} tested=300/4510 | kept=49 | rest=15963
[TEST] {2} tested=400/4510 | kept=76 | rest=15863
[TEST] {2} tested=500/4510 | kept=91 | rest=15763
[TEST] {2} tested=600/4510 | kept=106 | rest=15663
[TEST] {2} tested=700/4510 | kept=123 | rest=15533
[TEST] {7} tested=500/1127 | kept=15 | rest=15473
[TEST] {7} tested=600/1127 | kept=20 | rest=15276
[TEST] {3} tested=700/4510 | kept=39 | rest=15185
[TEST] {6} tested=800/1127 | kept=20 | rest=15124
[TEST] {7} tested=700/1127 | kept=25 | rest=14930
[TEST] {6} tested=900/1127 | kept=21 | rest=14866
[TEST] {3} tested=800/4510 | kept=39 | rest=14865
[TEST] {2} tested=800/4510 | kept=127 | rest=14702
[TEST] {6} tested=1000/1127 | kept=23 | rest=14640
[TEST] {7} tested=800/1127 | kept=28 | rest=14517
[TEST] {7} tested=900/1127 | kept=42 | rest=14417
[TEST] {7} tested=1000/1127 | kept=53 | rest=14317
[TEST] {3} tested=900/4510 | kept=39 | rest=14137
[TEST] {7} tested=1100/1127 | kept=94 | rest=14010
[TEST] {3} tested=1000/4510 | kept=39 | rest=13942
[TEST] {2} tested=900/4510 | kept=140 | rest=13910
[TEST] {6} tested=1100/1127 | kept=28 | rest=13906
[TEST] {7} tested=1127/1127 | kept=95 | rest=13808
[TEST] {6} tested=1127/1127 | kept=28 | rest=13801
[TEST] {3} tested=1100/4510 | kept=39 | rest=13712
[TEST] {8} tested=100/1127 | kept=31 | rest=13558
[WARN] batch start failed | size=1126 {9} | split=282 {14} + 282 {15} + 282 {16} + 280 {17}
[TEST] {8} tested=200/1127 | kept=76 | rest=13395
[TEST] {3} tested=1200/4510 | kept=39 | rest=13343
[TEST] {8} tested=300/1127 | kept=106 | rest=13276
[TEST] {8} tested=400/1127 | kept=124 | rest=13176
[TEST] {8} tested=500/1127 | kept=131 | rest=13004
[TEST] {2} tested=1000/4510 | kept=140 | rest=12927
[TEST] {3} tested=1300/4510 | kept=39 | rest=12921
[TEST] {3} tested=1400/4510 | kept=39 | rest=12739
[TEST] {8} tested=600/1127 | kept=131 | rest=12733
[TEST] {8} tested=700/1127 | kept=132 | rest=12633
[TEST] {8} tested=800/1127 | kept=132 | rest=12533
[TEST] {8} tested=900/1127 | kept=165 | rest=12406
[WARN] batch start failed | size=1128 {10} | split=282 {18} + 282 {19} + 282 {20} + 282 {21}
[TEST] {8} tested=1000/1127 | kept=192 | rest=12281
[WARN] batch start failed | size=1128 {11} | split=282 {22} + 282 {23} + 282 {24} + 282 {25}
[TEST] {2} tested=1100/4510 | kept=141 | rest=12133
[TEST] {13} tested=100/1126 | kept=0 | rest=11980
[TEST] {3} tested=1500/4510 | kept=39 | rest=11969
[TEST] {8} tested=1100/1127 | kept=200 | rest=11801
[TEST] {3} tested=1600/4510 | kept=39 | rest=11799
[TEST] {13} tested=200/1126 | kept=3 | rest=11621
[TEST] {3} tested=1700/4510 | kept=39 | rest=11569
[TEST] {8} tested=1127/1127 | kept=201 | rest=11559
[TEST] {2} tested=1200/4510 | kept=141 | rest=11513
[WARN] batch start failed | size=1128 {12} | split=282 {26} + 282 {27} + 282 {28} + 282 {29}
[TEST] {14} tested=100/282 | kept=2 | rest=11366
[TEST] {14} tested=200/282 | kept=42 | rest=11254
[TEST] {13} tested=300/1126 | kept=3 | rest=11098
[TEST] {3} tested=1800/4510 | kept=39 | rest=10976
[TEST] {13} tested=400/1126 | kept=3 | rest=10958
[TEST] {3} tested=1900/4510 | kept=39 | rest=10804
[TEST] {3} tested=2000/4510 | kept=39 | rest=10663
[TEST] {13} tested=500/1126 | kept=6 | rest=10658
[TEST] {2} tested=1300/4510 | kept=150 | rest=10510
[TEST] {2} tested=1400/4510 | kept=179 | rest=10309
[TEST] {14} tested=282/282 | kept=82 | rest=10299
[TEST] {13} tested=600/1126 | kept=8 | rest=10292
[WARN] batch start failed | size=282 {15} | split=71 {30} + 71 {31} + 71 {32} + 69 {33}
[TEST] {13} tested=700/1126 | kept=8 | rest=10140
[TEST] {16} tested=100/282 | kept=7 | rest=10035
[TEST] {3} tested=2100/4510 | kept=39 | rest=9978
[TEST] {16} tested=200/282 | kept=19 | rest=9890
[TEST] {13} tested=800/1126 | kept=13 | rest=9654
[TEST] {3} tested=2200/4510 | kept=41 | rest=9609
[TEST] {2} tested=1500/4510 | kept=179 | rest=9515
[TEST] {13} tested=900/1126 | kept=17 | rest=9392
[TEST] {2} tested=1600/4510 | kept=179 | rest=9257
[TEST] {2} tested=1700/4510 | kept=179 | rest=9114
[TEST] {13} tested=1000/1126 | kept=18 | rest=9090
[TEST] {3} tested=2300/4510 | kept=52 | rest=9076
[TEST] {16} tested=282/282 | kept=59 | rest=9074
[TEST] {17} tested=100/280 | kept=33 | rest=8857
[TEST] {17} tested=200/280 | kept=108 | rest=8707
[TEST] {2} tested=1800/4510 | kept=179 | rest=8583
[TEST] {13} tested=1100/1126 | kept=20 | rest=8536
[TEST] {3} tested=2400/4510 | kept=52 | rest=8477
[TEST] {2} tested=1900/4510 | kept=180 | rest=8424
[TEST] {13} tested=1126/1126 | kept=20 | rest=8362
[TEST] {18} tested=100/282 | kept=0 | rest=8162
[TEST] {3} tested=2500/4510 | kept=52 | rest=8051
[TEST] {17} tested=280/280 | kept=150 | rest=8029
[TEST] {2} tested=2000/4510 | kept=180 | rest=8014
[WARN] batch start failed | size=282 {20} | split=71 {34} + 71 {35} + 71 {36} + 69 {37}
[WARN] batch start failed | size=282 {21} | split=71 {38} + 71 {39} + 71 {40} + 69 {41}
[TEST] {19} tested=100/282 | kept=0 | rest=7817
[TEST] {19} tested=200/282 | kept=0 | rest=7709
[TEST] {3} tested=2600/4510 | kept=53 | rest=7686
[TEST] {2} tested=2100/4510 | kept=180 | rest=7583
[TEST] {18} tested=200/282 | kept=0 | rest=7468
[TEST] {3} tested=2700/4510 | kept=53 | rest=7374
[TEST] {3} tested=2800/4510 | kept=53 | rest=7189
[TEST] {19} tested=282/282 | kept=0 | rest=7162
[TEST] {22} tested=100/282 | kept=94 | rest=7012
[TEST] {2} tested=2200/4510 | kept=183 | rest=7004
[TEST] {22} tested=200/282 | kept=166 | rest=6864
[TEST] {2} tested=2300/4510 | kept=237 | rest=6746
[TEST] {18} tested=282/282 | kept=0 | rest=6693
[TEST] {3} tested=2900/4510 | kept=53 | rest=6655
[TEST] {23} tested=100/282 | kept=49 | rest=6473
[TEST] {23} tested=200/282 | kept=64 | rest=6341
[TEST] {3} tested=3000/4510 | kept=53 | rest=6276
[TEST] {2} tested=2400/4510 | kept=255 | rest=6164
[TEST] {22} tested=282/282 | kept=218 | rest=6159
[TEST] {25} tested=100/282 | kept=0 | rest=6038
[TEST] {25} tested=200/282 | kept=0 | rest=5928
[TEST] {3} tested=3100/4510 | kept=53 | rest=5784
[TEST] {2} tested=2500/4510 | kept=255 | rest=5659
[TEST] {23} tested=282/282 | kept=115 | rest=5635
[WARN] batch start failed | size=282 {24} | split=71 {42} + 71 {43} + 71 {44} + 69 {45}
[TEST] {3} tested=3200/4510 | kept=54 | rest=5529
[TEST] {25} tested=282/282 | kept=3 | rest=5418
[TEST] {26} tested=100/282 | kept=2 | rest=5247
[TEST] {2} tested=2600/4510 | kept=255 | rest=5210
[TEST] {3} tested=3300/4510 | kept=54 | rest=5176
[TEST] {27} tested=100/282 | kept=0 | rest=5116
[TEST] {27} tested=200/282 | kept=1 | rest=4993
[TEST] {26} tested=200/282 | kept=5 | rest=4776
[TEST] {2} tested=2700/4510 | kept=255 | rest=4774
[TEST] {3} tested=3400/4510 | kept=55 | rest=4680
[TEST] {27} tested=282/282 | kept=16 | rest=4495
[WARN] batch start failed | size=282 {28} | split=71 {46} + 71 {47} + 71 {48} + 69 {49}
[TEST] {2} tested=2800/4510 | kept=256 | rest=4463
[TEST] {29} tested=100/282 | kept=4 | rest=4355
[TEST] {29} tested=200/282 | kept=4 | rest=4239
[TEST] {3} tested=3500/4510 | kept=56 | rest=4228
[TEST] {26} tested=282/282 | kept=6 | rest=4111
[TEST] {3} tested=3600/4510 | kept=57 | rest=3998
[TEST] {3} tested=3700/4510 | kept=57 | rest=3864
[TEST] {2} tested=2900/4510 | kept=256 | rest=3785
[TEST] {3} tested=3800/4510 | kept=57 | rest=3657
[TEST] {29} tested=282/282 | kept=6 | rest=3649
[TEST] {30} tested=71/71 | kept=13 | rest=3451
[TEST] {3} tested=3900/4510 | kept=57 | rest=3440
[WARN] batch start failed | size=71 {32} | split=18 {50} + 18 {51} + 18 {52} + 17 {53}
[TEST] {2} tested=3000/4510 | kept=256 | rest=3328
[TEST] {3} tested=4000/4510 | kept=57 | rest=3263
[TEST] {3} tested=4100/4510 | kept=57 | rest=3125
[TEST] {31} tested=71/71 | kept=9 | rest=3100
[WARN] batch start failed | size=71 {35} | split=18 {54} + 18 {55} + 18 {56} + 17 {57}
[TEST] {3} tested=4200/4510 | kept=57 | rest=2921
[TEST] {2} tested=3100/4510 | kept=256 | rest=2871
[TEST] {33} tested=69/69 | kept=9 | rest=2814
[TEST] {3} tested=4300/4510 | kept=57 | rest=2758
[TEST] {3} tested=4400/4510 | kept=57 | rest=2651
[TEST] {36} tested=71/71 | kept=5 | rest=2444
[TEST] {2} tested=3200/4510 | kept=256 | rest=2375
[TEST] {3} tested=4500/4510 | kept=57 | rest=2330
[TEST] {3} tested=4510/4510 | kept=57 | rest=2297
[TEST] {34} tested=71/71 | kept=0 | rest=2283
[WARN] batch start failed | size=71 {39} | split=18 {58} + 18 {59} + 18 {60} + 17 {61}
[TEST] {2} tested=3300/4510 | kept=256 | rest=2117
[TEST] {37} tested=69/69 | kept=3 | rest=2082
[WARN] batch start failed | size=71 {40} | split=18 {62} + 18 {63} + 18 {64} + 17 {65}
[TEST] {38} tested=71/71 | kept=17 | rest=1932
[TEST] {41} tested=69/69 | kept=52 | rest=1913
[WARN] batch start failed | size=69 {45} | split=18 {66} + 18 {67} + 18 {68} + 15 {69}
[TEST] {2} tested=3400/4510 | kept=256 | rest=1785
[TEST] {42} tested=71/71 | kept=5 | rest=1723
[TEST] {44} tested=71/71 | kept=5 | rest=1616
[TEST] {2} tested=3500/4510 | kept=256 | rest=1613
[TEST] {43} tested=71/71 | kept=11 | rest=1586
[TEST] {46} tested=71/71 | kept=25 | rest=1419
[WARN] batch start failed | size=71 {48} | split=18 {70} + 18 {71} + 18 {72} + 17 {73}
[TEST] {2} tested=3600/4510 | kept=256 | rest=1409
[WARN] batch start failed | size=18 {50} | split=5 {74} + 5 {75} + 5 {76} + 3 {77}
[TEST] {47} tested=71/71 | kept=3 | rest=1326
[TEST] {49} tested=69/69 | kept=1 | rest=1288
[TEST] {2} tested=3700/4510 | kept=256 | rest=1219
[TEST] {51} tested=18/18 | kept=1 | rest=1184
[TEST] {52} tested=18/18 | kept=1 | rest=1127
[TEST] {53} tested=17/17 | kept=6 | rest=1108
[TEST] {2} tested=3800/4510 | kept=256 | rest=1042
[TEST] {54} tested=18/18 | kept=0 | rest=997
[WARN] batch start failed | size=18 {56} | split=5 {78} + 5 {79} + 5 {80} + 3 {81}
[TEST] {55} tested=18/18 | kept=10 | rest=955
[WARN] batch start failed | size=17 {61} | split=5 {82} + 5 {83} + 5 {84} + 2 {85}
[TEST] {57} tested=17/17 | kept=3 | rest=939
[WARN] batch start failed | size=18 {60} | split=5 {86} + 5 {87} + 5 {88} + 3 {89}
[WARN] batch start failed | size=18 {64} | split=5 {90} + 5 {91} + 5 {92} + 3 {93}
[WARN] batch start failed | size=17 {65} | split=5 {94} + 5 {95} + 5 {96} + 2 {97}
[TEST] {2} tested=3900/4510 | kept=256 | rest=898
[TEST] {2} tested=4000/4510 | kept=256 | rest=798
[TEST] {59} tested=18/18 | kept=4 | rest=782
[TEST] {58} tested=18/18 | kept=0 | rest=739
[TEST] {63} tested=18/18 | kept=0 | rest=715
[TEST] {2} tested=4100/4510 | kept=256 | rest=649
[TEST] {62} tested=18/18 | kept=0 | rest=609
[TEST] {68} tested=18/18 | kept=0 | rest=578
[WARN] batch start failed | size=15 {69} | split=4 {98} + 4 {99} + 4 {100} + 3 {101}
[TEST] {66} tested=18/18 | kept=1 | rest=561
[WARN] batch start failed | size=18 {72} | split=5 {102} + 5 {103} + 5 {104} + 3 {105}
[TEST] {2} tested=4200/4510 | kept=256 | rest=506
[TEST] {67} tested=18/18 | kept=0 | rest=425
[TEST] {2} tested=4300/4510 | kept=256 | rest=387
[TEST] {70} tested=18/18 | kept=0 | rest=362
[TEST] {71} tested=18/18 | kept=0 | rest=338
[TEST] {2} tested=4400/4510 | kept=277 | rest=253
[TEST] {73} tested=17/17 | kept=0 | rest=191
[WARN] batch start failed | size=5 {76} | split=1 {106} + 1 {107} + 1 {108} + 1 {109} + 1 {110}
[TEST] {74} tested=5/5 | kept=1 | rest=167
[WARN] batch start failed | size=5 {78} | split=1 {111} + 1 {112} + 1 {113} + 1 {114} + 1 {115}
[TEST] {75} tested=5/5 | kept=1 | rest=152
[TEST] {2} tested=4500/4510 | kept=309 | rest=135
[TEST] {81} tested=3/3 | kept=2 | rest=132
[TEST] {80} tested=5/5 | kept=0 | rest=126
[TEST] {2} tested=4510/4510 | kept=309 | rest=119
[WARN] batch start failed | size=5 {82} | split=1 {116} + 1 {117} + 1 {118} + 1 {119} + 1 {120}
[WARN] batch start failed | size=5 {84} | split=1 {121} + 1 {122} + 1 {123} + 1 {124} + 1 {125}
[TEST] {85} tested=2/2 | kept=0 | rest=117
[TEST] {77} tested=3/3 | kept=0 | rest=110
[WARN] batch start failed | size=3 {89} | split=1 {126} + 1 {127} + 1 {128}
[TEST] {79} tested=5/5 | kept=0 | rest=103
[TEST] {87} tested=5/5 | kept=0 | rest=102
[WARN] batch start failed | size=5 {88} | split=1 {129} + 1 {130} + 1 {131} + 1 {132} + 1 {133}
[TEST] {90} tested=5/5 | kept=0 | rest=96
[WARN] batch start failed | size=5 {92} | split=1 {134} + 1 {135} + 1 {136} + 1 {137} + 1 {138}
[WARN] batch start failed | size=3 {93} | split=1 {139} + 1 {140} + 1 {141}
[WARN] batch start failed | size=5 {94} | split=1 {142} + 1 {143} + 1 {144} + 1 {145} + 1 {146}
[TEST] {83} tested=5/5 | kept=0 | rest=86
[TEST] {86} tested=5/5 | kept=0 | rest=82
[TEST] {91} tested=5/5 | kept=0 | rest=78
[TEST] {96} tested=5/5 | kept=0 | rest=73
[TEST] {95} tested=5/5 | kept=1 | rest=69
[TEST] {99} tested=4/4 | kept=0 | rest=68
[WARN] batch start failed | size=3 {101} | split=1 {147} + 1 {148} + 1 {149}
[TEST] {97} tested=2/2 | kept=0 | rest=65
[WARN] batch start failed | size=5 {104} | split=1 {150} + 1 {151} + 1 {152} + 1 {153} + 1 {154}
[TEST] {98} tested=4/4 | kept=0 | rest=64
[WARN] batch start failed | size=3 {105} | split=1 {155} + 1 {156} + 1 {157}
[REPAIR] name=[Free-clash-v2ray] hysteria {106} | fields=up,down
[TEST] {106} tested=1/1 | kept=0 | rest=63
[TEST] {100} tested=4/4 | kept=0 | rest=61
[TEST] {103} tested=5/5 | kept=0 | rest=56
[TEST] {109} tested=1/1 | kept=1 | rest=55
[TEST] {102} tested=5/5 | kept=0 | rest=50
[TEST] {112} tested=1/1 | kept=0 | rest=49
[TEST] {113} tested=1/1 | kept=0 | rest=48
[TEST] {108} tested=1/1 | kept=0 | rest=47
[TEST] {115} tested=1/1 | kept=0 | rest=46
[REPAIR] name=[免费节点11] 🇩🇪DE_2|667KB/s-2 {114} | fields=up,down
[REPAIR] name=[ChromeGO-Merge] WARP {116} | fields=dialer-proxy
[TEST] {111} tested=1/1 | kept=0 | rest=45
[TEST] {118} tested=1/1 | kept=0 | rest=44
[TEST] {116} tested=1/1 | kept=1 | rest=43
[TEST] {114} tested=1/1 | kept=0 | rest=42
[TEST] {107} tested=1/1 | kept=0 | rest=41
[TEST] {110} tested=1/1 | kept=0 | rest=40
[REPAIR] name=[ChromeGO-Merge] United {122} | fields=up,down
[TEST] {117} tested=1/1 | kept=0 | rest=39
[TEST] {119} tested=1/1 | kept=0 | rest=38
[REPAIR] name=[ChromeGO-Merge] France_hysteria_1 {123} | fields=up,down
[REPAIR] name=[ChromeGO-Merge] United-2 {124} | fields=up,down
[REPAIR] name=[ChromeGO-ShiteThings] hysteria-2 {126} | fields=up,down
[REPAIR] name=[ChromeGO-ShiteThings] hysteria-3 {127} | fields=up,down
[REPAIR] name=[ChromeGO-ShiteThings] hysteria-4 {128} | fields=up,down
[TEST] {126} tested=1/1 | kept=0 | rest=37
[TEST] {127} tested=1/1 | kept=0 | rest=36
[TEST] {120} tested=1/1 | kept=0 | rest=35
[TEST] {125} tested=1/1 | kept=0 | rest=34
[TEST] {130} tested=1/1 | kept=0 | rest=33
[TEST] {129} tested=1/1 | kept=0 | rest=32
[REPAIR] name=[ChromeGO-ShiteThings] hysteria {133} | fields=up,down
[TEST] {121} tested=1/1 | kept=0 | rest=31
[TEST] {122} tested=1/1 | kept=0 | rest=30
[TEST] {133} tested=1/1 | kept=0 | rest=29
[TEST] {135} tested=1/1 | kept=0 | rest=28
[TEST] {132} tested=1/1 | kept=0 | rest=27
[TEST] {123} tested=1/1 | kept=0 | rest=26
[TEST] {124} tested=1/1 | kept=0 | rest=25
[TEST] {128} tested=1/1 | kept=0 | rest=24
[TEST] {131} tested=1/1 | kept=0 | rest=23
[REPAIR] name=[ChromeGO-Merge] Taiwan {138} | fields=up,down
[TEST] {134} tested=1/1 | kept=0 | rest=22
[REPAIR] name=[ChromeGO-Merge] France {139} | fields=up,down
[TEST] {138} tested=1/1 | kept=0 | rest=21
[REPAIR] name=[ChromeGO-Merge] Taiwan-2 {141} | fields=up,down
[REPAIR] name=[ChromeGO-Merge] United-4 {140} | fields=up,down
[REPAIR] name=[ChromeGO-Merge] United-5 {142} | fields=up,down
[TEST] {141} tested=1/1 | kept=0 | rest=20
[TEST] {144} tested=1/1 | kept=0 | rest=19
[TEST] {136} tested=1/1 | kept=0 | rest=18
[TEST] {145} tested=1/1 | kept=0 | rest=17
[REPAIR] name=[Pawdroid-SS-APK] United+Kingdom-4 {148} | fields=cipher
[TEST] {146} tested=1/1 | kept=0 | rest=16
[TEST] {137} tested=1/1 | kept=0 | rest=15
[TEST] {143} tested=1/1 | kept=0 | rest=14
[TEST] {149} tested=1/1 | kept=0 | rest=13
[TEST] {139} tested=1/1 | kept=0 | rest=12
[TEST] {147} tested=1/1 | kept=1 | rest=11
[TEST] {140} tested=1/1 | kept=0 | rest=10
[TEST] {142} tested=1/1 | kept=0 | rest=9
[REPAIR] name=[Epodonios] EPODONIOS-109 {154} | fields=cipher
[TEST] {152} tested=1/1 | kept=0 | rest=8
[REPAIR] name=[Epodonios] EPODONIOS-110 {155} | fields=cipher
[TEST] {148} tested=1/1 | kept=0 | rest=7
[TEST] {150} tested=1/1 | kept=0 | rest=6
[TEST] {151} tested=1/1 | kept=0 | rest=5
[TEST] {155} tested=1/1 | kept=1 | rest=4
[TEST] {153} tested=1/1 | kept=0 | rest=3
[TEST] {154} tested=1/1 | kept=0 | rest=2
[TEST] {157} tested=1/1 | kept=0 | rest=1
[TEST] {156} tested=1/1 | kept=0 | rest=0
============================================================
[INFO] cap live | source=[免费节点2] | from=74 | to=50
[INFO] cap live | source=[免费节点8] | from=148 | to=50
[INFO] cap live | source=[Pawdroid-SR-APK] | from=404 | to=50
[INFO] cap live | source=[Epodonios] | from=90 | to=50
[INFO] cap live | source=[Free-clash-v2ray] | from=389 | to=50
[INFO] cap live | source=[V2rayclashfree-RSS] | from=209 | to=50
[INFO] cap live total | from=544 | to=400 | floor=5 | by=health_score
[INFO] cap live | reserved=108 | pool=436 | taken=292
[INFO] cap live | source=[免费节点1] | from=20 | to=10
[INFO] cap live | source=[NekoWarp] | from=10 | to=7
[INFO] cap live | source=[免费节点2] | from=50 | to=21
[INFO] cap live | source=[Mibei77-RSS] | from=9 | to=6
[INFO] cap live | source=[免费节点4] | from=39 | to=32
[INFO] cap live | source=[免费节点7] | from=20 | to=11
[INFO] cap live | source=[免费节点10] | from=18 | to=7
[INFO] cap live | source=[免费节点11] | from=40 | to=22
[INFO] cap live | source=[Pawdroid-SS-APK] | from=18 | to=9
[INFO] cap live | source=[1VPN-CRX] | from=12 | to=5
[INFO] cap live | source=[Clashfree] | from=25 | to=6
[INFO] cap live | source=[Epodonios] | from=50 | to=31
[INFO] geo tally | live=400 | HK=32 | JP=56 | KR=49 | TW=8 | SG=37 | US=83 | GB=39 | FR=14 | DE=13 | NL=8 | CA=7 | other=54
[INFO] score summary | n=400 | max=277.8869 | p90=107.2578 | p50=48.1449 | avg=55.3925 | min=0.7773 | geo_avg=28.3249 | adj_avg=+2.6642
============================================================
+------------------------------+--------+--------+------+--------+
| source                       |    raw | unique | live | capped |
+------------------------------+--------+--------+------+--------+
| [大FQ运动]                   |     18 |     18 |   10 |     10 |
+------------------------------+--------+--------+------+--------+
| [Pawdroid]                   |     21 |     20 |    3 |      3 |
+------------------------------+--------+--------+------+--------+
| [FreeV2-Base64]              |      3 |      3 |    2 |      2 |
+------------------------------+--------+--------+------+--------+
| [Bocchi2b-Base64]            |     35 |     35 |    0 |      0 |
+------------------------------+--------+--------+------+--------+
| [Freesocks]                  |      4 |      4 |    3 |      3 |
+------------------------------+--------+--------+------+--------+
| [NekoWarp]                   |     10 |     10 |   10 |      7 |
+------------------------------+--------+--------+------+--------+
| [OpenRunner-RSS]             |     14 |     14 |    1 |      1 |
+------------------------------+--------+--------+------+--------+
| [V2Rayshare-RSS]             |     22 |     22 |    3 |      3 |
+------------------------------+--------+--------+------+--------+
| [Mibei77-RSS]                |    116 |    103 |    9 |      6 |
+------------------------------+--------+--------+------+--------+
| [Yoyapai-RSS]                |    232 |    203 |    5 |      5 |
+------------------------------+--------+--------+------+--------+
| [免费节点1]                  |    325 |    222 |   20 |     10 |
+------------------------------+--------+--------+------+--------+
| [免费节点2]                  |    300 |    271 |   74 |     21 |
+------------------------------+--------+--------+------+--------+
| [免费节点3]                  |     38 |      0 |    0 |      0 |
+------------------------------+--------+--------+------+--------+
| [免费节点4]                  |    892 |    772 |   39 |     32 |
+------------------------------+--------+--------+------+--------+
| [免费节点5]                  |     29 |     28 |    0 |      0 |
+------------------------------+--------+--------+------+--------+
| [免费节点6]                  |    566 |    553 |    1 |      1 |
+------------------------------+--------+--------+------+--------+
| [免费节点7]                  |     64 |     44 |   20 |     11 |
+------------------------------+--------+--------+------+--------+
| [免费节点8]                  |   4258 |   3820 |  148 |     50 |
+------------------------------+--------+--------+------+--------+
| [免费节点9]                  |    615 |    453 |    0 |      0 |
+------------------------------+--------+--------+------+--------+
| [免费节点10]                 |   4389 |   3080 |   18 |      7 |
+------------------------------+--------+--------+------+--------+
| [免费节点11]                 |    440 |    273 |   40 |     22 |
+------------------------------+--------+--------+------+--------+
| [ChromeGO-Toolkit]           |     20 |     19 |    3 |      3 |
+------------------------------+--------+--------+------+--------+
| [ChromeGO-ShiteThings]       |     31 |     24 |    1 |      1 |
+------------------------------+--------+--------+------+--------+
| [ChromeGO-Merge]             |    111 |     74 |    1 |      1 |
+------------------------------+--------+--------+------+--------+
| [Pawdroid-SR-APK]            |   1111 |    817 |  404 |     50 |
+------------------------------+--------+--------+------+--------+
| [Pawdroid-SS-APK]            |   1500 |    931 |   18 |      9 |
+------------------------------+--------+--------+------+--------+
| [1VPN-CRX]                   |     17 |     17 |   12 |      5 |
+------------------------------+--------+--------+------+--------+
| [Clashfree]                  |    226 |     94 |   25 |      6 |
+------------------------------+--------+--------+------+--------+
| [Epodonios]                  |   4465 |   3555 |   90 |     31 |
+------------------------------+--------+--------+------+--------+
| [Free-clash-v2ray]           |   3521 |   2000 |  389 |     50 |
+------------------------------+--------+--------+------+--------+
| [V2rayclashfree-RSS]         |   3654 |    558 |  209 |     50 |
+------------------------------+--------+--------+------+--------+
============================================================
[INFO] clash history written | path=/home/runner/work/Free-node-autotest/Free-node-autotest/history/797390708240-clash-1759-20260929.yaml
[SUMMARY] total_nodes=27047
[SUMMARY] legal_candidates=18037
[SUMMARY] passed_latency_test=400
[SUMMARY] region_HK=33 | region_JP=57 | region_US=95
[SUMMARY] avg_latency_ms=533.18
[SUMMARY] output=/home/runner/work/Free-node-autotest/Free-node-autotest/output/clash.yaml
============================================================
[INFO] raw backup written | path=/home/runner/work/Free-node-autotest/Free-node-autotest/output/raw.yaml | history=797390708240-raw-1759-20260929.yaml | proxies=27049
[INFO] debug history written | path=/home/runner/work/Free-node-autotest/Free-node-autotest/history/797390708240-debug-1759-20260929.log | proxies=27049
