============================================================
[INFO] sublink try page: https://end-gfw.com
[OK] proxies=2 new=2 url=https://raw.githubusercontent.com/hello-world-1989/cn-news/refs/heads/main/clash.yaml
[OK] proxies=2 new=0 url=https://raw.githubusercontent.com/hello-world-1989/cn-news/main/end-gfw-together
[OK] proxies=2 new=2 url=https://raw.githubusercontent.com/hello-world-1989/cn-news/main/end-gfw-together-ss
[INFO] source try url: https://end-gfw.com/ss-key
[OK] proxies=4 new=4 url=https://end-gfw.com/ss-key
[INFO] sublink try repo: https://github.com/hello-world-1989/cn-news
[INFO] sublink try page: https://raw.githubusercontent.com/hello-world-1989/cn-news/main/README.md
[OK] proxies=6 new=6 url=https://raw.githubusercontent.com/hello-world-1989/v2-sub/main/end-gfw-together-af3e13
[OK] proxies=14 source=[大FQ运动] url=https://raw.githubusercontent.com/hello-world-1989/cn-news/main/README.md
============================================================
[INFO] sublink try repo: https://github.com/Pawdroid/Free-servers
[INFO] sublink try page: https://raw.githubusercontent.com/Pawdroid/Free-servers/main/README.md
[OK] proxies=15 new=15 url=https://raw.githubusercontent.com/Pawdroid/Free-servers/main/README.md
[OK] proxies=15 new=0 url=https://raw.githubusercontent.com/Pawdroid/Free-servers/main/sub
[OK] proxies=1 new=1 url=https://apps.apple.com/cn/app/shadowshare/id1612647259
[OK] proxies=1 new=1 url=http://www.surflare.com
[OK] proxies=17 source=[Pawdroid] url=https://raw.githubusercontent.com/Pawdroid/Free-servers/main/README.md
============================================================
[INFO] source try url: https://xmxosfepggzm.503403.xyz
[OK] proxies=3 new=3 url=https://xmxosfepggzm.503403.xyz
[OK] proxies=3 source=[FreeV2-Base64] url=https://xmxosfepggzm.503403.xyz
============================================================
[INFO] source try url: https://links.bocchi2b.top/clash
[OK] proxies=35 new=35 url=https://links.bocchi2b.top/clash
[OK] proxies=35 source=[Bocchi2b-Base64] url=https://links.bocchi2b.top/clash
============================================================
[INFO] toolkit try repo: https://github.com/bannedbook/fanqiang
[INFO] toolkit try release: https://github.com/bannedbook/fanqiang/releases
[INFO] toolkit try release: https://github.com/bannedbook/fanqiang/releases/expanded_assets/ChromeGo-latest
[INFO] toolkit try download: https://github.com/bannedbook/fanqiang/releases/download/ChromeGo-latest/ChromeGo.7z
[OK] toolkit downloaded: ChromeGo.7z bytes=100924352
[OK] toolkit extracted archive=ChromeGo.7z tool=7z files=222 dirs=45
[OK] toolkit discovered subs=107 embedded=12 archive=ChromeGo.7z
[OK] proxies=6 new=6 embedded=archive-config
[OK] proxies=7 new=5 url=https://gitlab.com/free9999/ipupdate/master/backup/img/1/2/{ipp|ip}/{hysteria2|singbox|naiveproxy|hysteria|xray}/{2|3|1|4}/config.json
[OK] proxies=7 new=0 url=https://www.67867867.xyz/Alvin9999/PAC/refs/heads/master/backup/img/1/2/{ipp|ip}/{hysteria2|singbox|naiveproxy|hysteria|xray}/{2|3|1|4}/config.json
[OK] proxies=3 new=3 url=https://gitlab.com/free9999/ipupdate/master/backup/img/1/2/{ipp|ip}/clash.meta2/{2|3|1|5|4|6}/config.yaml
[OK] proxies=3 new=0 url=https://www.67867867.xyz/Alvin9999/PAC/refs/heads/master/backup/img/1/2/{ipp|ip}/clash.meta2/{2|3|1|5|4|6}/config.yaml
[OK] proxies=14 source=[ChromeGO-Toolkit] url=https://github.com/bannedbook/fanqiang/releases/download/ChromeGo-latest/ChromeGo.7z
============================================================
[INFO] sublink try repo: https://github.com/ShiteThings/extractNodes
[INFO] sublink try page: https://raw.githubusercontent.com/ShiteThings/extractNodes/main/README.md
[OK] proxies=31 new=30 url=https://{chg26.makou.cc.cd|chg64.makou.cc.cd}
[OK] proxies=26 new=1 url=https://chg26.makou.cc.cd/sb
[OK] proxies=31 source=[ChromeGO-ShiteThings] url=https://raw.githubusercontent.com/ShiteThings/extractNodes/main/README.md
============================================================
[INFO] sublink try repo: https://github.com/shangui999/chromego_merge
[INFO] sublink try page: https://raw.githubusercontent.com/shangui999/chromego_merge/master/ReadMe.md
[OK] proxies=10 new=10 url=https://freedman.netlify.app/sub/merged_proxies_new.yaml
[OK] proxies=11 new=1 url=https://freedman.netlify.app/sub/merged_warp_proxies_new.yaml
[OK] proxies=11 new=6 url=https://freedman.netlify.app/sub/shadowrocket_base64.txt
[OK] proxies=16 new=16 url=https://freedman.netlify.app/sub/sb.json
[INFO] sublink try repo: https://github.com/yaney01/chromego
[INFO] sublink try page: https://raw.githubusercontent.com/yaney01/chromego/main/ReadMe.md
[OK] proxies=50 new=46 url=https://raw.githubusercontent.com/yaney01/chromego/main/sub/merged_proxies_new.yaml
[OK] proxies=51 new=0 url=https://raw.githubusercontent.com/yaney01/chromego/main/sub/merged_warp_proxies_new.yaml
[OK] proxies=13 new=7 url=https://raw.githubusercontent.com/yaney01/chromego/main/sub/shadowrocket_base64.txt
[OK] proxies=13 new=0 url=https://raw.githubusercontent.com/yaney01/chromego/main/sub/sb.json
[INFO] sublink try repo: https://github.com/Misaka-blog/chromego_merge
[INFO] sublink try page: https://raw.githubusercontent.com/Misaka-blog/chromego_merge/main/README.md
[OK] proxies=30 new=30 url=https://chromego-sub.netlify.app/sub/merged_proxies_new.yaml
[OK] proxies=116 source=[ChromeGO-Merge] url=https://raw.githubusercontent.com/Misaka-blog/chromego_merge/main/README.md
============================================================
[INFO] source try url: https://freesocks.org/api/v1/sub/02b897e8e77f19176b0b9f2c75864b00
[OK] proxies=3 new=3 url=https://freesocks.org/api/v1/sub/02b897e8e77f19176b0b9f2c75864b00
[OK] proxies=3 source=[Freesocks] url=https://freesocks.org/api/v1/sub/02b897e8e77f19176b0b9f2c75864b00
============================================================
[INFO] source try url: https://neko-warp.nloli.xyz/neko_warp.yaml
[OK] proxies=10 new=10 url=https://neko-warp.nloli.xyz/neko_warp.yaml
[OK] proxies=10 source=[NekoWarp] url=https://neko-warp.nloli.xyz/neko_warp.yaml
============================================================
[INFO] toolkit try chrome: https://chromewebstore.google.com/detail/free-vpn-proxy-1vpn/akcocjjpkmlniicdeemdceeajlmoabhg
[INFO] toolkit try download: https://clients2.google.com/service/update2/crx?response=redirect&prodversion=131.0.6778.0&acceptformat=crx2,crx3&x=id%3dakcocjjpkmlniicdeemdceeajlmoabhg%26uc
[OK] toolkit downloaded: free-vpn-proxy-1vpn.crx bytes=1627904
[OK] toolkit extracted archive=free-vpn-proxy-1vpn.crx tool=zipfile files=68 dirs=57
[OK] toolkit 1vpn-crx scanned hosts=17 keys=1 archive=free-vpn-proxy-1vpn.crx
[OK] proxies=17 source=[1VPN-CRX] url=https://clients2.google.com/service/update2/crx?response=redirect&prodversion=131.0.6778.0&acceptformat=crx2,crx3&x=id%3dakcocjjpkmlniicdeemdceeajlmoabhg%26uc
============================================================
[INFO] article try feed: https://free.datiya.com/index.xml
[INFO] sublink try page: https://free.datiya.com/post/20260919/
[OK] proxies=14 new=14 url=https://free.datiya.com/uploads/20260919-clash.yaml
[OK] proxies=14 source=[OpenRunner-RSS] url=https://free.datiya.com/post/20260919/
============================================================
[INFO] article try feed: https://v2rayshare.com/feed
[INFO] sublink try page: https://v2rayshare.net/p/5061.html
[OK] proxies=27 new=27 url=https://static.v2rayshare.net/2026/09/20260919.txt
[OK] proxies=27 new=0 url=https://static.v2rayshare.net/2026/09/20260919.yaml
[OK] proxies=27 new=0 url=https://static.v2rayshare.net/2026/09/m20260919.yaml
[INFO] sublink try repo: https://github.com/firefoxmmx2/v2rayshare_subcription
[INFO] sublink try page: https://raw.githubusercontent.com/firefoxmmx2/v2rayshare_subcription/main/README.md
[OK] proxies=27 new=0 url=https://{raw.githubusercontent.com|cdn.jsdelivr.net}/firefoxmmx2/v2rayshare_subcription/main/subscription/vray_sub.txt
[OK] proxies=27 new=0 url=https://{raw.githubusercontent.com|cdn.jsdelivr.net}/firefoxmmx2/v2rayshare_subcription/main/subscription/clash_sub.yaml
[OK] proxies=27 new=0 url=https://{raw.githubusercontent.com|cdn.jsdelivr.net}/firefoxmmx2/v2rayshare_subcription/main/subscription/mihomo_sub.yaml
[OK] proxies=27 source=[V2Rayshare-RSS] url=https://raw.githubusercontent.com/firefoxmmx2/v2rayshare_subcription/main/README.md
============================================================
[INFO] article try feed: https://www.mibei77.com/feed
[INFO] sublink try page: https://www.mibei77.com/681.html
[OK] proxies=149 new=149 url=https://mm.mibei77.com/202609/09.1964bad5s.txt
[OK] proxies=146 new=0 url=https://mm.mibei77.com/202609/0919Clasgizx.yaml
[OK] proxies=149 source=[Mibei77-RSS] url=https://www.mibei77.com/681.html
============================================================
[INFO] article try feed: https://yoyapai.com/feed
[INFO] sublink try page: https://yoyapai.com/724
[OK] proxies=1 new=1 url=https://yoyapai.com/724
[OK] proxies=210 new=210 url=https://freenode.yoyapai.com/2026/09/19-yoyapai.com-clash-vpn-mianfeijiedian.yaml
[OK] proxies=210 new=0 url=https://freenode.yoyapai.com/2026/09/19-yoyapai.com-ssrv2ray-vpn-mianfeijiedian.txt
[OK] proxies=211 source=[Yoyapai-RSS] url=https://yoyapai.com/724
============================================================
[INFO] sublink try repo: https://github.com/free18/v2ray
[INFO] sublink try page: https://raw.githubusercontent.com/free18/v2ray/main/README.md
[OK] proxies=3 new=3 url=https://raw.githubusercontent.com/free18/v2ray/main/README.md
[OK] proxies=378 new=378 url=https://ghfast.top/https://raw.githubusercontent.com/free18/v2ray/refs/heads/main/v.txt
[OK] proxies=378 new=0 url=https://ghfast.top/https://raw.githubusercontent.com/free18/v2ray/refs/heads/main/c.yaml
[OK] proxies=381 source=[免费节点1] url=https://raw.githubusercontent.com/free18/v2ray/main/README.md
============================================================
[INFO] sublink try repo: https://github.com/ermaozi/get_subscribe
[INFO] sublink try page: https://raw.githubusercontent.com/ermaozi/get_subscribe/main/README.md
[INFO] sublink file_nodes=0 bare links=9
[OK] proxies=387 new=387 url=https://www.ermao.net/sub/{clash|v2ray}/ermao.net
[OK] proxies=382 new=0 url=https://www.ermao.net/sub/{reachable|unreachable|untested}/clash/ermao.net
[OK] proxies=387 source=[免费节点2] url=https://raw.githubusercontent.com/ermaozi/get_subscribe/main/README.md
============================================================
[INFO] sublink try repo: https://github.com/sunmiao4458/free-proxy-airport
[INFO] sublink try page: https://raw.githubusercontent.com/sunmiao4458/free-proxy-airport/main/README.md
[OK] proxies=46 new=46 url=https://sunmiao4458.github.io/free-proxy-airport/clash.yaml
[OK] proxies=46 source=[免费节点3] url=https://raw.githubusercontent.com/sunmiao4458/free-proxy-airport/main/README.md
============================================================
[INFO] sublink try repo: https://github.com/mfuu/FreeProxies
[INFO] sublink try page: https://raw.githubusercontent.com/mfuu/FreeProxies/master/README.md
[OK] proxies=840 new=840 url=https://raw.githubusercontent.com/mfuu/FreeProxies/master/sub.yaml
[OK] proxies=840 source=[免费节点4] url=https://raw.githubusercontent.com/mfuu/FreeProxies/master/README.md
============================================================
[INFO] sublink try repo: https://github.com/vxiaov/free_proxies
[INFO] sublink try page: https://raw.githubusercontent.com/vxiaov/free_proxies/main/README.md
[OK] proxies=1 new=1 url=https://raw.githubusercontent.com/vxiaov/free_proxies/main/README.md
[OK] proxies=28 new=28 url=https://{cdn.jsdelivr.net|raw.githubusercontent.com}/vxiaov/free_proxies/main/clash/clash.provider.yaml
[OK] proxies=29 source=[免费节点5] url=https://raw.githubusercontent.com/vxiaov/free_proxies/main/README.md
============================================================
[INFO] sublink try repo: https://github.com/anaer/Sub
[INFO] sublink try page: https://raw.githubusercontent.com/anaer/Sub/main/README.MD
[OK] proxies=567 new=567 url=https://anaer.github.io/Sub/clash.yaml
[OK] proxies=567 new=0 url=https://raw.githubusercontent.com/anaer/Sub/main/clash.yaml
[OK] proxies=567 source=[免费节点6] url=https://raw.githubusercontent.com/anaer/Sub/main/README.MD
============================================================
[INFO] sublink try repo: https://github.com/snakem982/proxypool
[INFO] sublink try page: https://raw.githubusercontent.com/snakem982/proxypool/main/README.md
[OK] proxies=64 new=64 url=https://raw.githubusercontent.com/snakem982/proxypool/main/source/clash-meta-2.yaml
[OK] proxies=64 new=0 url=https://raw.githubusercontent.com/snakem982/proxypool/main/source/v2ray-2.txt
[OK] proxies=62 new=0 url=https://raw.githubusercontent.com/snakem982/proxypool/main/source/sing-box-2.json
[OK] proxies=64 source=[免费节点7] url=https://raw.githubusercontent.com/snakem982/proxypool/main/README.md
============================================================
[INFO] sublink try repo: https://github.com/mahdibland/V2RayAggregator
[INFO] sublink try page: https://raw.githubusercontent.com/mahdibland/V2RayAggregator/master/README.md
[OK] proxies=380 new=380 url=https://raw.githubusercontent.com/mahdibland/V2RayAggregator/master/README.md
[OK] proxies=1 new=1 url=https://github.com/mahdibland/SSAggregator/actions/workflows/Collector.yml
[OK] proxies=1 new=0 url=https://github.com/mahdibland/SSAggregator/actions/workflows/Airport_Collector.yml
[OK] proxies=197 new=0 url=https://raw.githubusercontent.com/mahdibland/ShadowsocksAggregator/master/Eternity.txt
[OK] proxies=198 new=1 url=https://raw.githubusercontent.com/mahdibland/ShadowsocksAggregator/master/Eternity.yml
[OK] proxies=61 new=61 url=https://raw.githubusercontent.com/mahdibland/ShadowsocksAggregator/master/EternityAir.txt
[OK] proxies=3857 new=3571 url=https://raw.githubusercontent.com/mahdibland/SSAggregator/master/sub/sub_merge_base64.txt
[OK] proxies=3857 new=0 url=https://raw.githubusercontent.com/mahdibland/{SSAggregator|ShadowsocksAggregator}/master/sub/sub_merge.txt
[OK] proxies=4037 new=181 url=https://raw.githubusercontent.com/mahdibland/SSAggregator/master/sub/sub_merge_yaml.yml
[OK] proxies=61 new=0 url=https://raw.githubusercontent.com/mahdibland/SSAggregator/master/sub/airport_merge_base64.txt
[OK] proxies=61 new=0 url=https://raw.githubusercontent.com/mahdibland/SSAggregator/master/sub/airport_sub_merge.txt
[OK] proxies=1413 new=0 url=https://raw.githubusercontent.com/mahdibland/ShadowsocksAggregator/master/sub/splitted/vmess.txt
[OK] proxies=565 new=0 url=https://raw.githubusercontent.com/mahdibland/ShadowsocksAggregator/master/sub/splitted/trojan.txt
[OK] proxies=43 new=0 url=https://raw.githubusercontent.com/mahdibland/ShadowsocksAggregator/master/sub/splitted/ssr.txt
[OK] proxies=1836 new=0 url=https://raw.githubusercontent.com/mahdibland/ShadowsocksAggregator/master/sub/splitted/ss.txt
[OK] proxies=1 new=0 url=https://cdn.jsdelivr.net/gh/mahdibland/V2RayAggregator@master/update/provider/provider-meta.yml
[OK] proxies=1 new=0 url=https://cdn.jsdelivr.net/gh/mahdibland/V2RayAggregator@master/update/provider/provider-meta-cn.yml
[OK] proxies=1 new=0 url=https://cdn.jsdelivr.net/gh/mahdibland/V2RayAggregator@master/update/provider/provider-meta-others.yml
[OK] proxies=1 new=0 url=https://cdn.jsdelivr.net/gh/mahdibland/V2RayAggregator@master/update/provider/provider.yml
[OK] proxies=1 new=0 url=https://cdn.jsdelivr.net/gh/mahdibland/V2RayAggregator@master/update/provider/provider-cn.yml
[OK] proxies=1 new=0 url=https://cdn.jsdelivr.net/gh/mahdibland/V2RayAggregator@master/update/provider/provider-others.yml
[OK] proxies=4195 source=[免费节点8] url=https://raw.githubusercontent.com/mahdibland/V2RayAggregator/master/README.md
============================================================
[INFO] sublink try repo: https://github.com/w1770946466/Auto_proxy
[INFO] sublink try page: https://raw.githubusercontent.com/w1770946466/Auto_proxy/main/README.md
[OK] proxies=1 new=1 url=https://github.com/w1770946466/Auto_proxy/actions/workflows/main.yml
[OK] proxies=245 new=245 url=https://raw.githubusercontent.com/w1770946466/Auto_proxy/main/{Long_term_subscription2.yaml|Long_term_subscription1.yaml|Long_term_subscription3.yaml}
[OK] proxies=489 new=54 url=https://raw.githubusercontent.com/w1770946466/Auto_proxy/main/{Long_term_subscription1|Long_term_subscription2|Long_term_subscription3|Long_term_subscription4|Long_term_subscription5|Long_term_subscription6|Long_term_subscription7|Long_term_subscription8}
[OK] proxies=489 new=315 url=https://raw.githubusercontent.com/w1770946466/Auto_proxy/main/Long_term_subscription_num
[OK] proxies=615 source=[免费节点9] url=https://raw.githubusercontent.com/w1770946466/Auto_proxy/main/README.md
============================================================
[INFO] sublink try repo: https://github.com/PuddinCat/BestClash
[INFO] sublink try page: https://raw.githubusercontent.com/PuddinCat/BestClash/main/README.md
[OK] proxies=16 new=16 url=https://raw.githubusercontent.com/PuddinCat/BestClash/main/proxies.yaml
[OK] proxies=28 new=28 url=https://cdn.jsdelivr.net/gh/vxiaov/free_proxies@main/clash/clash.provider.yaml
[OK] proxies=24 new=24 url=https://freenode.openrunner.net/uploads/20240807-clash.yaml
[OK] proxies=30 new=30 url=https://raw.githubusercontent.com/Misaka-blog/chromego_merge/main/sub/merged_proxies_new.yaml
[OK] proxies=3702 new=3690 url=https://raw.githubusercontent.com/{NiceVPN123|anaer}/{NiceVPN|Sub}/main/{Clash.yaml|clash.yaml}
[OK] proxies=28 new=0 url=https://raw.githubusercontent.com/{chengaopan|peasoft}/{AutoMergePublicNodes|NoMoreWalls}/master/list.yml
[OK] proxies=382 new=350 url=https://raw.githubusercontent.com/{ermaozi|ermaozi01}/{get_subscribe|free_clash_vpn}/main/subscribe/clash.yml
[OK] proxies=198 new=178 url=https://raw.githubusercontent.com/mahdibland/ShadowsocksAggregator/master/Eternity.yml
[OK] proxies=165 new=160 url=https://raw.githubusercontent.com/ronghuaxueleng/get_v2/main/pub/combine.yaml
[OK] proxies=144 new=3 url=https://raw.githubusercontent.com/zhangkaiitugithub/passcro/main/speednodes.yaml
[OK] proxies=4479 source=[免费节点10] url=https://raw.githubusercontent.com/PuddinCat/BestClash/main/README.md
============================================================
[INFO] sublink try repo: https://github.com/kooker/FreeSubsCheck
[INFO] sublink try page: https://raw.githubusercontent.com/kooker/FreeSubsCheck/main/README.md
[OK] proxies=16 new=16 url=https://raw.githubusercontent.com/kooker/FreeSubsCheck/main/mihomo.yaml
[OK] proxies=16 new=0 url=https://raw.githubusercontent.com/kooker/FreeSubsCheck/main/all.yaml
[OK] proxies=15 new=1 url=https://raw.githubusercontent.com/kooker/FreeSubsCheck/main/base64.txt
[OK] proxies=7 new=7 url=https://raw.githubusercontent.com/kooker/FreeSubsCheck/main/byxiaoxi.txt
[OK] proxies=426 new=421 url=https://raw.githubusercontent.com/kooker/FreeSubsCheck/main/kooker.jp.txt
[OK] proxies=445 source=[免费节点11] url=https://raw.githubusercontent.com/kooker/FreeSubsCheck/main/README.md
============================================================
[INFO] toolkit try repo: https://github.com/Pawdroid/shadowrocket_for_android
[INFO] toolkit try release: https://github.com/Pawdroid/shadowrocket_for_android/releases
[INFO] toolkit try release: https://github.com/Pawdroid/shadowrocket_for_android/releases/expanded_assets/10.10.51
[INFO] toolkit try download: https://github.com/Pawdroid/shadowrocket_for_android/releases/download/10.10.51/Shadowrocket_10.10.51_shadowrocketStandard_arm64-v8a.apk
[OK] toolkit downloaded: Shadowrocket_10.10.51_shadowrocketStandard_arm64-v8a.apk bytes=41111539
[OK] toolkit extracted archive=Shadowrocket_10.10.51_shadowrocketStandard_arm64-v8a.apk tool=zipfile files=1175 dirs=44
[OK] toolkit sr-apk scanned prefixes=36 files=6 keys=2 archive=Shadowrocket_10.10.51_shadowrocketStandard_arm64-v8a.apk
[OK] proxies=973 new=973 url=https://{cdn.jsdelivr.net|raw.githubusercontent.com}/pixelor/ecfg/main/data/ecfg6_zh
[OK] proxies=973 new=0 url=https://{raw.githubusercontent.com|cdn.jsdelivr.net}/pixelor/ecfg/main/data/ecfg6_en
[OK] proxies=221 new=111 url=https://{cdn.jsdelivr.net|raw.githubusercontent.com}/pixelor/ecfg/main/data/ecfg6
[OK] proxies=898 new=0 url=https://{files.shadowrockets.app|cdn.shadowrockets.app}/ecfg/data/ecfg6_en
[OK] proxies=898 new=0 url=https://{files.shadowrockets.app|cdn.shadowrockets.app}/ecfg/data/ecfg6_zh
[OK] proxies=195 new=0 url=https://{files.shadowrockets.app|cdn.shadowrockets.app}/ecfg/data/ecfg6
[OK] proxies=1084 source=[Pawdroid-SR-APK] url=https://github.com/Pawdroid/shadowrocket_for_android/releases/download/10.10.51/Shadowrocket_10.10.51_shadowrocketStandard_arm64-v8a.apk
============================================================
[INFO] toolkit try page: https://shadowshare.v2cross.com
[INFO] toolkit try download: https://shadowshare.v2cross.com/shadowshare.apk
[OK] toolkit downloaded: shadowshare.apk bytes=62868122
[OK] toolkit extracted archive=shadowshare.apk tool=zipfile files=612 dirs=39
[OK] toolkit ss-apk scanned prefixes=10 files=3 keys=1 archive=shadowshare.apk
[OK] proxies=211 new=125 url=https://{raw.githubusercontent.com|jsd.onmicrosoft.cn}/hideme9527/ecsfg/main/data/sareserver
[OK] proxies=1386 new=1368 url=https://{raw.githubusercontent.com|jsd.onmicrosoft.cn}/hideme9527/ecsfg/main/data/sareserver_en
[OK] proxies=59 new=0 url=https://{shadowsharing.com|sare.159236.xyz}/data/sareserver
[OK] proxies=1386 new=0 url=https://{shadowsharing.com|sare.159236.xyz}/data/sareserver_en
[OK] proxies=174 new=48 url=https://gitee.com/api/v5/repos/{elvenapp|guoyoucai1|zhiminghao}/ecsfg/raw/data/sareserver
[OK] proxies=1386 new=0 url=https://gitee.com/api/v5/repos/{zhiminghao|guoyoucai1|elvenapp}/ecsfg/raw/data/sareserver_en
[OK] proxies=1541 source=[Pawdroid-SS-APK] url=https://shadowshare.v2cross.com/shadowshare.apk
============================================================
[INFO] sublink try repo: https://github.com/free-nodes/clashfree
[INFO] sublink try page: https://raw.githubusercontent.com/free-nodes/clashfree/main/README.md
[OK] proxies=1355 new=1355 url=https://raw.githubusercontent.com/free-nodes/clashfree/main/README.md
[OK] proxies=1355 new=0 url=https://raw.githubusercontent.com/free-nodes/clashfree/main/clash20260919.yml
[OK] proxies=1 new=1 url=https://github.com/free-nodes/clashfree/blob/main/clash20260919.yml
[OK] proxies=1356 source=[Clashfree] url=https://raw.githubusercontent.com/free-nodes/clashfree/main/README.md
============================================================
[INFO] sublink try repo: https://github.com/Epodonios/v2ray-configs
[INFO] sublink try page: https://raw.githubusercontent.com/Epodonios/v2ray-configs/main/README.md
[OK] proxies=1 new=1 url=https://github.com/Epodonios/V2ray-Configs/actions/workflows/main.yml
[OK] proxies=4080 new=4080 url=https://github.com/Epodonios/v2ray-configs/raw/main/All_Configs_Sub.txt
[OK] proxies=4080 new=0 url=https://github.com/Epodonios/v2ray-configs/raw/main/All_Configs_base64_Sub.txt
[OK] proxies=3246 new=64 url=https://github.com/Epodonios/v2ray-configs/raw/main/Splitted-By-Protocol/vless.txt
[OK] proxies=152 new=2 url=https://github.com/Epodonios/v2ray-configs/raw/main/Splitted-By-Protocol/vmess.txt
[OK] proxies=419 new=24 url=https://github.com/Epodonios/v2ray-configs/raw/main/Splitted-By-Protocol/ss.txt
[OK] proxies=191 new=1 url=https://github.com/Epodonios/v2ray-configs/raw/main/Splitted-By-Protocol/trojan.txt
[OK] proxies=4080 new=0 url=https://raw.githubusercontent.com/Epodonios/v2ray-configs/main/{Sub1.txt|Sub2.txt|Sub3.txt|Sub4.txt|Sub5.txt|Sub6.txt|Sub7.txt|Sub8.txt}
[OK] proxies=4172 source=[Epodonios] url=https://raw.githubusercontent.com/Epodonios/v2ray-configs/main/README.md
============================================================
[INFO] sublink try repo: https://github.com/free-clash-v2ray/free-clash-v2ray.github.io
[INFO] sublink try page: https://raw.githubusercontent.com/free-clash-v2ray/free-clash-v2ray.github.io/main/README.md
[OK] proxies=2890 new=2890 url=https://free-clash-v2ray.github.io/uploads/2026/09/{0-20260913.yaml|1-20260913.yaml|2-20260913.yaml|3-20260913.yaml}
[OK] proxies=4384 new=1835 url=https://free-clash-v2ray.github.io/uploads/2026/09/{0-20260913.txt|1-20260913.txt|2-20260913.txt|3-20260913.txt|4-20260913.txt}
[OK] proxies=4725 source=[Free-clash-v2ray] url=https://raw.githubusercontent.com/free-clash-v2ray/free-clash-v2ray.github.io/main/README.md
============================================================
[INFO] article try page: https://v2rayclashfree.com
[INFO] sublink try page: https://v2rayclashfree.com/fn/20260919.html
[OK] proxies=1447 new=1447 url=https://v2rayclashfree.com/sub/20260919-v2ray.txt
[OK] proxies=1224 new=427 url=https://v2rayclashfree.com/sub/20260919-clash.yaml
[OK] proxies=1874 source=[V2rayclashfree-RSS] url=https://v2rayclashfree.com/fn/20260919.html
============================================================
[INFO] raw backup written path=/home/runner/work/Free-node-autotest/Free-node-autotest/output/raw.yaml proxies=27463
[INFO] toolkit try repo: https://github.com/MetaCubeX/mihomo
[INFO] toolkit try release: https://github.com/MetaCubeX/mihomo/releases
[INFO] toolkit try release: https://github.com/MetaCubeX/mihomo/releases/expanded_assets/v1.19.31
[INFO] toolkit try download: https://github.com/MetaCubeX/mihomo/releases/download/v1.19.31/mihomo-linux-amd64-compatible-v1.19.31.gz
[OK] toolkit downloaded: mihomo-linux-amd64-compatible-v1.19.31.gz bytes=22821836
[OK] toolkit sha256 verified: mihomo-linux-amd64-compatible-v1.19.31.gz sha256=04cf9f09671704f839ddbee2e93069dc831a4123a75281e725d1d96ab9ac1afc
[OK] proxy engine ready: starting latency test package=mihomo-linux-amd64-compatible-v1.19.31.gz
============================================================
[WARN] batch start failed size=17926 {1} split -> 8963 {2} + 8963 {3}
[WARN] batch start failed size=8963 {2} split -> 4481 {4} + 4482 {5}
[WARN] batch start failed size=8963 {3} split -> 4481 {6} + 4482 {7}
[WARN] batch start failed size=4481 {4} split -> 2240 {8} + 2241 {9}
[WARN] batch start failed size=4481 {6} split -> 2240 {10} + 2241 {11}
[WARN] batch start failed size=2240 {8} split -> 1120 {12} + 1120 {13}
[WARN] batch start failed size=4482 {7} split -> 2241 {14} + 2241 {15}
[TEST] {5} tested 100/4482 kept=0 rest=17826
[WARN] batch start failed size=2241 {11} split -> 1120 {16} + 1121 {17}
[WARN] batch start failed size=2240 {10} split -> 1120 {18} + 1120 {19}
[TEST] {5} tested 200/4482 kept=0 rest=17620
[TEST] {9} tested 100/2241 kept=1 rest=17505
[TEST] {9} tested 200/2241 kept=26 rest=17404
[TEST] {5} tested 300/4482 kept=0 rest=17297
[TEST] {13} tested 100/1120 kept=36 rest=17258
[TEST] {9} tested 300/2241 kept=60 rest=17056
[TEST] {9} tested 400/2241 kept=63 rest=16951
[TEST] {5} tested 400/4482 kept=0 rest=16907
[TEST] {13} tested 200/1120 kept=39 rest=16883
[TEST] {13} tested 300/1120 kept=40 rest=16741
[TEST] {5} tested 500/4482 kept=0 rest=16648
[TEST] {9} tested 500/2241 kept=63 rest=16610
[TEST] {9} tested 600/2241 kept=63 rest=16508
[TEST] {13} tested 400/1120 kept=43 rest=16336
[TEST] {5} tested 600/4482 kept=0 rest=16221
[TEST] {13} tested 500/1120 kept=76 rest=16136
[TEST] {9} tested 700/2241 kept=63 rest=16097
[TEST] {9} tested 800/2241 kept=63 rest=15991
[TEST] {9} tested 900/2241 kept=63 rest=15883
[TEST] {13} tested 600/1120 kept=78 rest=15698
[TEST] {5} tested 700/4482 kept=0 rest=15664
[TEST] {13} tested 700/1120 kept=78 rest=15535
[TEST] {9} tested 1000/2241 kept=63 rest=15414
[TEST] {13} tested 800/1120 kept=78 rest=15277
[TEST] {5} tested 800/4482 kept=0 rest=15211
[TEST] {13} tested 900/1120 kept=78 rest=15108
[TEST] {9} tested 1100/2241 kept=63 rest=15010
[TEST] {9} tested 1200/2241 kept=63 rest=14874
[TEST] {13} tested 1000/1120 kept=79 rest=14855
[TEST] {5} tested 900/4482 kept=0 rest=14737
[TEST] {5} tested 1000/4482 kept=0 rest=14597
[TEST] {9} tested 1300/2241 kept=63 rest=14515
[TEST] {13} tested 1100/1120 kept=80 rest=14508
[TEST] {13} tested 1120/1120 kept=80 rest=14395
[WARN] batch start failed size=1120 {12} split -> 560 {20} + 560 {21}
[TEST] {5} tested 1100/4482 kept=0 rest=14316
[TEST] {9} tested 1400/2241 kept=63 rest=14234
[TEST] {9} tested 1500/2241 kept=63 rest=14017
[TEST] {14} tested 100/2241 kept=8 rest=14015
[TEST] {5} tested 1200/4482 kept=0 rest=13900
[TEST] {14} tested 200/2241 kept=13 rest=13836
[TEST] {5} tested 1300/4482 kept=0 rest=13762
[TEST] {5} tested 1400/4482 kept=0 rest=13649
[TEST] {9} tested 1600/2241 kept=63 rest=13503
[TEST] {14} tested 300/2241 kept=13 rest=13404
[TEST] {14} tested 400/2241 kept=13 rest=13260
[TEST] {9} tested 1700/2241 kept=63 rest=13148
[TEST] {5} tested 1500/4482 kept=0 rest=13118
[TEST] {14} tested 500/2241 kept=14 rest=13028
[TEST] {5} tested 1600/4482 kept=0 rest=12987
[TEST] {5} tested 1700/4482 kept=0 rest=12870
[TEST] {5} tested 1800/4482 kept=0 rest=12767
[TEST] {5} tested 1900/4482 kept=0 rest=12647
[TEST] {9} tested 1800/2241 kept=63 rest=12477
[TEST] {14} tested 600/2241 kept=14 rest=12474
[TEST] {14} tested 700/2241 kept=26 rest=12338
[TEST] {14} tested 800/2241 kept=33 rest=12206
[TEST] {5} tested 2000/4482 kept=0 rest=12140
[TEST] {5} tested 2100/4482 kept=5 rest=11988
[TEST] {14} tested 900/2241 kept=35 rest=11832
[TEST] {9} tested 1900/2241 kept=63 rest=11824
[TEST] {14} tested 1000/2241 kept=37 rest=11664
[TEST] {9} tested 2000/2241 kept=91 rest=11528
[TEST] {14} tested 1100/2241 kept=44 rest=11504
[TEST] {5} tested 2200/4482 kept=12 rest=11500
[TEST] {9} tested 2100/2241 kept=150 rest=11225
[TEST] {5} tested 2300/4482 kept=12 rest=11187
[TEST] {14} tested 1200/2241 kept=44 rest=11161
[TEST] {14} tested 1300/2241 kept=44 rest=10953
[TEST] {5} tested 2400/4482 kept=12 rest=10832
[TEST] {9} tested 2200/2241 kept=150 rest=10778
[TEST] {14} tested 1400/2241 kept=46 rest=10736
[TEST] {9} tested 2241/2241 kept=150 rest=10675
[TEST] {14} tested 1500/2241 kept=47 rest=10568
[TEST] {5} tested 2500/4482 kept=13 rest=10502
[WARN] batch start failed size=2241 {15} split -> 1120 {22} + 1121 {23}
[TEST] {14} tested 1600/2241 kept=56 rest=10407
[WARN] batch start failed size=1120 {16} split -> 560 {24} + 560 {25}
[TEST] {5} tested 2600/4482 kept=13 rest=10304
[WARN] batch start failed size=1121 {17} split -> 560 {26} + 561 {27}
[TEST] {5} tested 2700/4482 kept=13 rest=10167
[TEST] {14} tested 1700/2241 kept=68 rest=10157
[WARN] batch start failed size=1120 {19} split -> 560 {28} + 560 {29}
[TEST] {14} tested 1800/2241 kept=109 rest=10056
[TEST] {14} tested 1900/2241 kept=202 rest=9944
[TEST] {18} tested 100/1120 kept=0 rest=9791
[TEST] {14} tested 2000/2241 kept=290 rest=9662
[TEST] {14} tested 2100/2241 kept=373 rest=9544
[TEST] {5} tested 2800/4482 kept=13 rest=9457
[TEST] {14} tested 2200/2241 kept=448 rest=9375
[TEST] {5} tested 2900/4482 kept=13 rest=9305
[TEST] {18} tested 200/1120 kept=0 rest=9193
[TEST] {18} tested 300/1120 kept=0 rest=9082
[TEST] {18} tested 400/1120 kept=0 rest=8979
[TEST] {18} tested 500/1120 kept=0 rest=8849
[TEST] {14} tested 2241/2241 kept=450 rest=8823
[TEST] {5} tested 3000/4482 kept=13 rest=8801
[TEST] {21} tested 100/560 kept=52 rest=8593
[TEST] {5} tested 3100/4482 kept=13 rest=8591
[TEST] {18} tested 600/1120 kept=0 rest=8402
[TEST] {18} tested 700/1120 kept=4 rest=8246
[TEST] {21} tested 200/560 kept=112 rest=8218
[TEST] {5} tested 3200/4482 kept=14 rest=8216
[TEST] {21} tested 300/560 kept=139 rest=8075
[TEST] {21} tested 400/560 kept=206 rest=7973
[TEST] {18} tested 800/1120 kept=8 rest=7861
[TEST] {18} tested 900/1120 kept=12 rest=7715
[TEST] {5} tested 3300/4482 kept=15 rest=7710
[TEST] {21} tested 500/560 kept=216 rest=7457
[TEST] {18} tested 1000/1120 kept=94 rest=7434
[TEST] {5} tested 3400/4482 kept=15 rest=7351
[TEST] {18} tested 1100/1120 kept=126 rest=7236
[TEST] {5} tested 3500/4482 kept=17 rest=7195
[TEST] {5} tested 3600/4482 kept=17 rest=7074
[TEST] {21} tested 560/560 kept=218 rest=6990
[TEST] {18} tested 1120/1120 kept=127 rest=6983
[WARN] batch start failed size=560 {20} split -> 280 {30} + 280 {31}
[TEST] {5} tested 3700/4482 kept=17 rest=6944
[WARN] batch start failed size=1121 {23} split -> 560 {32} + 561 {33}
[TEST] {22} tested 100/1120 kept=98 rest=6750
[TEST] {5} tested 3800/4482 kept=17 rest=6700
[TEST] {22} tested 200/1120 kept=192 rest=6622
[TEST] {22} tested 300/1120 kept=273 rest=6487
[TEST] {5} tested 3900/4482 kept=17 rest=6386
[TEST] {22} tested 400/1120 kept=347 rest=6339
[TEST] {22} tested 500/1120 kept=429 rest=6221
[TEST] {22} tested 600/1120 kept=521 rest=6111
[WARN] batch start failed size=560 {32} split -> 280 {34} + 280 {35}
[TEST] {22} tested 700/1120 kept=612 rest=6007
[TEST] {22} tested 800/1120 kept=699 rest=5903
[TEST] {22} tested 900/1120 kept=773 rest=5799
[TEST] {22} tested 1000/1120 kept=856 rest=5696
[WARN] batch start failed size=560 {25} split -> 280 {36} + 280 {37}
[WARN] batch start failed size=560 {26} split -> 280 {38} + 280 {39}
[TEST] {5} tested 4000/4482 kept=17 rest=5561
[TEST] {22} tested 1100/1120 kept=927 rest=5424
[TEST] {5} tested 4100/4482 kept=17 rest=5409
[TEST] {27} tested 100/561 kept=4 rest=5283
[TEST] {5} tested 4200/4482 kept=17 rest=5208
[TEST] {5} tested 4300/4482 kept=17 rest=5100
[TEST] {22} tested 1120/1120 kept=928 rest=4947
[TEST] {5} tested 4400/4482 kept=17 rest=4907
[TEST] {28} tested 100/560 kept=72 rest=4821
[TEST] {28} tested 200/560 kept=129 rest=4703
[TEST] {28} tested 300/560 kept=202 rest=4596
[TEST] {27} tested 200/561 kept=7 rest=4513
[TEST] {28} tested 400/560 kept=271 rest=4467
[TEST] {28} tested 500/560 kept=350 rest=4273
[TEST] {27} tested 300/561 kept=10 rest=4268
[TEST] {27} tested 400/561 kept=11 rest=4134
[TEST] {5} tested 4482/4482 kept=17 rest=4084
[WARN] batch start failed size=560 {29} split -> 280 {40} + 280 {41}
[WARN] batch start failed size=280 {30} split -> 140 {42} + 140 {43}
[TEST] {27} tested 500/561 kept=21 rest=4013
[TEST] {31} tested 100/280 kept=26 rest=3900
[TEST] {31} tested 200/280 kept=61 rest=3787
[TEST] {28} tested 560/560 kept=372 rest=3741
[TEST] {27} tested 561/561 kept=21 rest=3619
[TEST] {24} tested 100/560 kept=26 rest=3589
[WARN] batch start failed size=561 {33} split -> 280 {44} + 281 {45}
[TEST] {34} tested 100/280 kept=77 rest=3444
[TEST] {34} tested 200/280 kept=135 rest=3341
[TEST] {31} tested 280/280 kept=66 rest=3261
[WARN] batch start failed size=280 {35} split -> 140 {46} + 140 {47}
[TEST] {36} tested 100/280 kept=0 rest=3125
[TEST] {36} tested 200/280 kept=0 rest=3025
[TEST] {24} tested 200/560 kept=62 rest=2940
[TEST] {24} tested 300/560 kept=88 rest=2810
[TEST] {34} tested 280/280 kept=179 rest=2737
[WARN] batch start failed size=280 {37} split -> 140 {48} + 140 {49}
[TEST] {38} tested 100/280 kept=9 rest=2619
[TEST] {36} tested 280/280 kept=7 rest=2570
[TEST] {24} tested 400/560 kept=108 rest=2506
[TEST] {38} tested 200/280 kept=19 rest=2457
[WARN] batch start failed size=280 {39} split -> 140 {50} + 140 {51}
[WARN] batch start failed size=280 {40} split -> 140 {52} + 140 {53}
[TEST] {41} tested 100/280 kept=70 rest=2285
[TEST] {24} tested 500/560 kept=114 rest=2184
[TEST] {38} tested 280/280 kept=20 rest=2092
[WARN] batch start failed size=140 {42} split -> 70 {54} + 70 {55}
[WARN] batch start failed size=140 {43} split -> 70 {56} + 70 {57}
[TEST] {24} tested 560/560 kept=116 rest=2056
[WARN] batch start failed size=280 {44} split -> 140 {58} + 140 {59}
[TEST] {41} tested 200/280 kept=113 rest=2041
[TEST] {45} tested 100/281 kept=79 rest=1834
[TEST] {47} tested 100/140 kept=72 rest=1679
[TEST] {45} tested 200/281 kept=175 rest=1661
[TEST] {41} tested 280/280 kept=113 rest=1653
[WARN] batch start failed size=140 {46} split -> 70 {60} + 70 {61}
[WARN] batch start failed size=140 {48} split -> 70 {62} + 70 {63}
[WARN] batch start failed size=140 {49} split -> 70 {64} + 70 {65}
[WARN] batch start failed size=140 {50} split -> 70 {66} + 70 {67}
[TEST] {51} tested 100/140 kept=2 rest=1462
[TEST] {47} tested 140/140 kept=77 rest=1448
[WARN] batch start failed size=140 {52} split -> 70 {68} + 70 {69}
[TEST] {45} tested 281/281 kept=231 rest=1439
[TEST] {53} tested 100/140 kept=71 rest=1339
[TEST] {51} tested 140/140 kept=2 rest=1236
[WARN] batch start failed size=70 {55} split -> 35 {70} + 35 {71}
[WARN] batch start failed size=70 {56} split -> 35 {72} + 35 {73}
[TEST] {53} tested 140/140 kept=102 rest=1204
[TEST] {54} tested 70/70 kept=6 rest=1154
[WARN] batch start failed size=140 {58} split -> 70 {74} + 70 {75}
[WARN] batch start failed size=70 {60} split -> 35 {76} + 35 {77}
[TEST] {59} tested 100/140 kept=65 rest=1016
[TEST] {57} tested 70/70 kept=35 rest=924
[TEST] {61} tested 70/70 kept=64 rest=847
[TEST] {59} tested 140/140 kept=91 rest=846
[WARN] batch start failed size=70 {63} split -> 35 {78} + 35 {79}
[WARN] batch start failed size=70 {65} split -> 35 {80} + 35 {81}
[TEST] {62} tested 70/70 kept=4 rest=779
[WARN] batch start failed size=70 {66} split -> 35 {82} + 35 {83}
[TEST] {64} tested 70/70 kept=5 rest=671
[TEST] {67} tested 70/70 kept=1 rest=641
[WARN] batch start failed size=70 {69} split -> 35 {84} + 35 {85}
[WARN] batch start failed size=35 {70} split -> 17 {86} + 18 {87}
[WARN] batch start failed size=35 {71} split -> 17 {88} + 18 {89}
[WARN] batch start failed size=35 {73} split -> 17 {90} + 18 {91}
[WARN] batch start failed size=70 {75} split -> 35 {92} + 35 {93}
[TEST] {68} tested 70/70 kept=36 rest=571
[WARN] batch start failed size=35 {76} split -> 17 {94} + 18 {95}
[TEST] {72} tested 35/35 kept=0 rest=522
[TEST] {77} tested 35/35 kept=31 rest=518
[WARN] batch start failed size=35 {79} split -> 17 {96} + 18 {97}
[TEST] {74} tested 70/70 kept=18 rest=470
[WARN] batch start failed size=35 {80} split -> 17 {98} + 18 {99}
[WARN] batch start failed size=35 {82} split -> 17 {100} + 18 {101}
[TEST] {78} tested 35/35 kept=2 rest=431
[WARN] batch start failed size=35 {84} split -> 17 {102} + 18 {103}
[TEST] {96} tested 17/17 kept=0 rest=421
[TEST] {83} tested 35/35 kept=0 rest=366
[WARN] batch start failed size=18 {87} split -> 9 {104} + 9 {105}
[WARN] batch start failed size=17 {88} split -> 8 {106} + 9 {107}
[TEST] {85} tested 35/35 kept=15 rest=348
[TEST] {86} tested 17/17 kept=6 rest=347
[WARN] batch start failed size=17 {90} split -> 8 {108} + 9 {109}
[TEST] {89} tested 18/18 kept=0 rest=290
[WARN] batch start failed size=35 {92} split -> 17 {110} + 18 {111}
[WARN] batch start failed size=18 {95} split -> 9 {112} + 9 {113}
[TEST] {91} tested 18/18 kept=1 rest=282
[TEST] {93} tested 35/35 kept=0 rest=260
[WARN] batch start failed size=18 {97} split -> 9 {114} + 9 {115}
[WARN] batch start failed size=17 {98} split -> 8 {116} + 9 {117}
[TEST] {94} tested 17/17 kept=1 rest=236
[TEST] {81} tested 35/35 kept=1 rest=211
[WARN] batch start failed size=18 {101} split -> 9 {118} + 9 {119}
[WARN] batch start failed size=17 {102} split -> 8 {120} + 9 {121}
[TEST] {99} tested 18/18 kept=0 rest=194
[WARN] batch start failed size=9 {105} split -> 4 {122} + 5 {123}
[TEST] {100} tested 17/17 kept=0 rest=178
[WARN] batch start failed size=9 {107} split -> 4 {124} + 5 {125}
[WARN] batch start failed size=8 {106} split -> 4 {126} + 4 {127}
[TEST] {103} tested 18/18 kept=6 rest=161
[WARN] batch start failed size=9 {109} split -> 4 {128} + 5 {129}
[TEST] {104} tested 9/9 kept=3 rest=150
[WARN] batch start failed size=18 {111} split -> 9 {130} + 9 {131}
[WARN] batch start failed size=9 {113} split -> 4 {132} + 5 {133}
[TEST] {108} tested 8/8 kept=0 rest=146
[WARN] batch start failed size=9 {114} split -> 4 {134} + 5 {135}
[TEST] {110} tested 17/17 kept=1 rest=138
[TEST] {112} tested 9/9 kept=1 rest=128
[WARN] batch start failed size=9 {117} split -> 4 {136} + 5 {137}
[TEST] {115} tested 9/9 kept=0 rest=112
[WARN] batch start failed size=9 {118} split -> 4 {138} + 5 {139}
[WARN] batch start failed size=9 {121} split -> 4 {140} + 5 {141}
[TEST] {116} tested 8/8 kept=0 rest=107
[TEST] {119} tested 9/9 kept=0 rest=96
[WARN] batch start failed size=5 {123} split -> 2 {142} + 3 {143}
[TEST] {120} tested 8/8 kept=1 rest=95
[TEST] {122} tested 4/4 kept=3 rest=94
[WARN] batch start failed size=5 {125} split -> 2 {144} + 3 {145}
[WARN] batch start failed size=4 {126} split -> 2 {146} + 2 {147}
[WARN] batch start failed size=5 {129} split -> 2 {148} + 3 {149}
[WARN] batch start failed size=4 {128} split -> 2 {150} + 2 {151}
[WARN] batch start failed size=9 {130} split -> 4 {152} + 5 {153}
[TEST] {124} tested 4/4 kept=0 rest=85
[WARN] batch start failed size=4 {132} split -> 2 {154} + 2 {155}
[TEST] {133} tested 5/5 kept=5 rest=80
[TEST] {127} tested 4/4 kept=0 rest=75
[WARN] batch start failed size=5 {135} split -> 2 {156} + 3 {157}
[WARN] batch start failed size=4 {136} split -> 2 {158} + 2 {159}
[TEST] {131} tested 9/9 kept=0 rest=71
[WARN] batch start failed size=4 {138} split -> 2 {160} + 2 {161}
[TEST] {134} tested 4/4 kept=0 rest=65
[TEST] {139} tested 5/5 kept=0 rest=63
[WARN] batch start failed size=4 {140} split -> 2 {162} + 2 {163}
[WARN] batch start failed size=3 {143} split -> 1 {164} + 2 {165}
[TEST] {137} tested 5/5 kept=0 rest=55
[TEST] {142} tested 2/2 kept=0 rest=54
[WARN] batch start failed size=3 {145} split -> 1 {166} + 2 {167}
[WARN] batch start failed size=2 {144} split -> 1 {168} + 1 {169}
[WARN] batch start failed size=2 {146} split -> 1 {170} + 1 {171}
[WARN] batch start failed size=2 {148} split -> 1 {172} + 1 {173}
[WARN] batch start failed size=3 {149} split -> 1 {174} + 2 {175}
[WARN] batch start failed size=2 {151} split -> 1 {176} + 1 {177}
[TEST] {141} tested 5/5 kept=1 rest=49
[WARN] batch start failed size=4 {152} split -> 2 {178} + 2 {179}
[TEST] {153} tested 5/5 kept=0 rest=44
[TEST] {147} tested 2/2 kept=0 rest=43
[WARN] batch start failed size=2 {154} split -> 1 {180} + 1 {181}
[WARN] batch start failed size=2 {156} split -> 1 {182} + 1 {183}
[TEST] {155} tested 2/2 kept=2 rest=40
[TEST] {150} tested 2/2 kept=0 rest=39
[WARN] batch start failed size=2 {159} split -> 1 {184} + 1 {185}
[TEST] {157} tested 3/3 kept=0 rest=37
[WARN] batch start failed size=2 {161} split -> 1 {186} + 1 {187}
[TEST] {158} tested 2/2 kept=0 rest=35
[TEST] {160} tested 2/2 kept=0 rest=33
[WARN] batch start failed size=2 {162} split -> 1 {188} + 1 {189}
[WARN] batch start failed size=2 {165} split -> 1 {190} + 1 {191}
[REPAIR] {164} name=[ChromeGO-ShiteThings] hysteria fields=up,down
[REPAIR] {166} name=[ChromeGO-Merge] France_hysteria_1 fields=up,down
[WARN] batch start failed size=2 {167} split -> 1 {192} + 1 {193}
[REPAIR] {169} name=[ChromeGO-Merge] United fields=up,down
[REPAIR] {168} name=[ChromeGO-Merge] WARP fields=dialer-proxy
[REPAIR] {171} name=[ChromeGO-ShiteThings] hysteria-5 fields=up,down
[REPAIR] {170} name=[ChromeGO-ShiteThings] hysteria-4 fields=up,down
[REPAIR] {172} name=[ChromeGO-Merge] France fields=up,down
[TEST] {164} tested 1/1 kept=0 rest=31
[REPAIR] {173} name=[ChromeGO-Merge] United-4 fields=up,down
[REPAIR] {174} name=[ChromeGO-Merge] Taiwan-2 fields=up,down
[TEST] {170} tested 1/1 kept=0 rest=30
[WARN] batch start failed size=2 {175} split -> 1 {194} + 1 {195}
[TEST] {174} tested 1/1 kept=0 rest=29
[REPAIR] {177} name=[ChromeGO-Merge] Taiwan fields=up,down
[WARN] batch start failed size=2 {179} split -> 1 {196} + 1 {197}
[TEST] {177} tested 1/1 kept=0 rest=28
[TEST] {163} tested 2/2 kept=0 rest=27
[TEST] {166} tested 1/1 kept=0 rest=25
[TEST] {169} tested 1/1 kept=0 rest=24
[TEST] {168} tested 1/1 kept=0 rest=23
[TEST] {171} tested 1/1 kept=0 rest=22
[TEST] {172} tested 1/1 kept=0 rest=21
[TEST] {173} tested 1/1 kept=0 rest=20
[TEST] {176} tested 1/1 kept=0 rest=19
[REPAIR] {181} name=[Free-clash-v2ray] hysteria fields=up,down
[DROP] {182} name=[Epodonios] EPODONIOS-11 server=5.75.207.9:8035 reason=Parse config error: proxy 0: ss 5.75.207.9:8035 cipher: Channel initialize error: unknown method: Channel
[TEST] {181} tested 1/1 kept=0 rest=17
[TEST] {178} tested 2/2 kept=0 rest=16
[TEST] {180} tested 1/1 kept=0 rest=15
[REPAIR] {184} name=[Epodonios] EPODONIOS-105 fields=cipher
[REPAIR] {185} name=[Epodonios] EPODONIOS-106 fields=cipher
[DROP] {187} name=[Epodonios] EPODONIOS-451 server=66.33.22.232:34118 reason=Parse config error: proxy 0: 'reality-opts' has unset fields: public-key
[REPAIR] {188} name=[Pawdroid-SS-APK] United+Kingdom-3 fields=cipher
[TEST] {185} tested 1/1 kept=0 rest=13
[TEST] {189} tested 1/1 kept=1 rest=12
[REPAIR] {190} name=[ChromeGO-ShiteThings] hysteria-2 fields=up,down
[REPAIR] {191} name=[ChromeGO-ShiteThings] hysteria-3 fields=up,down
[REPAIR] {192} name=[ChromeGO-Merge] United-2 fields=up,down
[TEST] {190} tested 1/1 kept=0 rest=11
[TEST] {191} tested 1/1 kept=0 rest=10
[TEST] {183} tested 1/1 kept=0 rest=9
[REPAIR] {194} name=[ChromeGO-Merge] United-5 fields=up,down
[TEST] {193} tested 1/1 kept=0 rest=8
[TEST] {184} tested 1/1 kept=0 rest=7
[DROP] {196} name=[Free-clash-v2ray] 未知 SS-1521 | free-nodes server=192.0.2.1:1 reason=Parse config error: proxy 0: ss 192.0.2.1:1 cipher: i�5��\x1c�p initialize error: unknown method: i�5��\x1c�p
[TEST] {186} tested 1/1 kept=0 rest=5
[TEST] {195} tested 1/1 kept=0 rest=4
[TEST] {188} tested 1/1 kept=0 rest=3
[TEST] {192} tested 1/1 kept=0 rest=2
[TEST] {194} tested 1/1 kept=0 rest=1
[TEST] {197} tested 1/1 kept=0 rest=0
[INFO] dropped=3 [Epodonios] × 2 | [Free-clash-v2ray] × 1
============================================================
[INFO] cap live source=[Mibei77-RSS] from 53 to 50 by health_score
[INFO] cap live source=[免费节点1] from 106 to 50 by health_score
[INFO] cap live source=[免费节点2] from 128 to 50 by health_score
[INFO] cap live source=[免费节点8] from 149 to 50 by health_score
[INFO] cap live source=[Pawdroid-SR-APK] from 506 to 50 by health_score
[INFO] cap live source=[Pawdroid-SS-APK] from 350 to 50 by health_score
[INFO] cap live source=[Epodonios] from 122 to 50 by health_score
[INFO] cap live source=[Free-clash-v2ray] from 1685 to 50 by health_score
[INFO] cap live source=[V2rayclashfree-RSS] from 322 to 50 by health_score
[INFO] cap live total from 646 to 400 floor=5 then health_score pool
[INFO] cap live reserved=114 pool=532 taken=286
============================================================
+------------------------------+--------+--------+------+--------+
| source                       |    raw | unique | live | capped |
+------------------------------+--------+--------+------+--------+
| [大FQ运动]                   |     14 |     14 |    3 |      3 |
+------------------------------+--------+--------+------+--------+
| [Pawdroid]                   |     17 |     16 |    1 |      1 |
+------------------------------+--------+--------+------+--------+
| [FreeV2-Base64]              |      3 |      3 |    2 |      2 |
+------------------------------+--------+--------+------+--------+
| [Bocchi2b-Base64]            |     35 |     35 |    0 |      0 |
+------------------------------+--------+--------+------+--------+
| [ChromeGO-Toolkit]           |     14 |     14 |    5 |      5 |
+------------------------------+--------+--------+------+--------+
| [ChromeGO-ShiteThings]       |     31 |     25 |    7 |      5 |
+------------------------------+--------+--------+------+--------+
| [ChromeGO-Merge]             |    116 |    116 |    5 |      5 |
+------------------------------+--------+--------+------+--------+
| [Freesocks]                  |      3 |      3 |    3 |      3 |
+------------------------------+--------+--------+------+--------+
| [NekoWarp]                   |     10 |     10 |   10 |      5 |
+------------------------------+--------+--------+------+--------+
| [1VPN-CRX]                   |     17 |     17 |   14 |      5 |
+------------------------------+--------+--------+------+--------+
| [OpenRunner-RSS]             |     14 |      0 |    0 |      0 |
+------------------------------+--------+--------+------+--------+
| [V2Rayshare-RSS]             |     27 |     25 |    2 |      2 |
+------------------------------+--------+--------+------+--------+
| [Mibei77-RSS]                |    149 |    141 |   53 |      5 |
+------------------------------+--------+--------+------+--------+
| [Yoyapai-RSS]                |    211 |    189 |   18 |     12 |
+------------------------------+--------+--------+------+--------+
| [免费节点1]                  |    381 |    240 |  106 |     40 |
+------------------------------+--------+--------+------+--------+
| [免费节点2]                  |    387 |    314 |  128 |     22 |
+------------------------------+--------+--------+------+--------+
| [免费节点3]                  |     46 |     16 |   16 |      5 |
+------------------------------+--------+--------+------+--------+
| [免费节点4]                  |    840 |    707 |   43 |      5 |
+------------------------------+--------+--------+------+--------+
| [免费节点5]                  |     29 |     28 |    0 |      0 |
+------------------------------+--------+--------+------+--------+
| [免费节点6]                  |    567 |    543 |    3 |      3 |
+------------------------------+--------+--------+------+--------+
| [免费节点7]                  |     64 |     25 |    0 |      0 |
+------------------------------+--------+--------+------+--------+
| [免费节点8]                  |   4195 |   3724 |  149 |      7 |
+------------------------------+--------+--------+------+--------+
| [免费节点9]                  |    615 |    452 |    0 |      0 |
+------------------------------+--------+--------+------+--------+
| [免费节点10]                 |   4479 |   3076 |   17 |      5 |
+------------------------------+--------+--------+------+--------+
| [免费节点11]                 |    445 |    234 |   26 |      5 |
+------------------------------+--------+--------+------+--------+
| [Pawdroid-SR-APK]            |   1084 |    723 |  506 |     50 |
+------------------------------+--------+--------+------+--------+
| [Pawdroid-SS-APK]            |   1541 |    957 |  350 |     50 |
+------------------------------+--------+--------+------+--------+
| [Clashfree]                  |   1356 |    512 |   21 |      5 |
+------------------------------+--------+--------+------+--------+
| [Epodonios]                  |   4172 |   3110 |  122 |     50 |
+------------------------------+--------+--------+------+--------+
| [Free-clash-v2ray]           |   4725 |   2247 | 1685 |     50 |
+------------------------------+--------+--------+------+--------+
| [V2rayclashfree-RSS]         |   1874 |    410 |  322 |     50 |
+------------------------------+--------+--------+------+--------+
============================================================
[SUMMARY] total_nodes=27461
[SUMMARY] legal_candidates=17926
[SUMMARY] passed_latency_test=400
[SUMMARY] region_HK=7 region_JP=4 region_US=155
[SUMMARY] avg_latency_ms=99.83
[SUMMARY] output=/home/runner/work/Free-node-autotest/Free-node-autotest/output/clash.yaml
============================================================
