============================================================
[INFO] sublink try page | url=https://end-gfw.com
[OK] proxies=2 | new=2 | url=https://raw.githubusercontent.com/hello-world-1989/cn-news/refs/heads/main/clash.yaml
[OK] proxies=2 | new=0 | url=https://raw.githubusercontent.com/hello-world-1989/cn-news/main/end-gfw-together
[OK] proxies=2 | new=2 | url=https://raw.githubusercontent.com/hello-world-1989/cn-news/main/end-gfw-together-ss
[INFO] source try link | url=https://end-gfw.com/ss-key
[OK] proxies=4 | new=4 | url=https://end-gfw.com/ss-key
[INFO] sublink try repo | url=https://github.com/hello-world-1989/cn-news
[INFO] sublink try page | url=https://raw.githubusercontent.com/hello-world-1989/cn-news/main/README.md
[OK] proxies=6 | new=6 | url=https://raw.githubusercontent.com/hello-world-1989/v2-sub/main/end-gfw-together-af3e13
[OK] proxies=14 | source=[大FQ运动] | url=https://raw.githubusercontent.com/hello-world-1989/cn-news/main/README.md
============================================================
[INFO] sublink try repo | url=https://github.com/Pawdroid/Free-servers
[INFO] sublink try page | url=https://raw.githubusercontent.com/Pawdroid/Free-servers/main/README.md
[OK] proxies=20 | new=20 | url=https://raw.githubusercontent.com/Pawdroid/Free-servers/main/README.md
[OK] proxies=20 | new=0 | url=https://raw.githubusercontent.com/Pawdroid/Free-servers/main/sub
[OK] proxies=1 | new=1 | url=https://apps.apple.com/cn/app/shadowshare/id1612647259
[OK] proxies=1 | new=1 | url=http://www.surflare.com
[OK] proxies=22 | source=[Pawdroid] | url=https://raw.githubusercontent.com/Pawdroid/Free-servers/main/README.md
============================================================
[INFO] source try link | url=https://xmxosfepggzm.503403.xyz
[OK] proxies=3 | new=3 | url=https://xmxosfepggzm.503403.xyz
[OK] proxies=3 | source=[FreeV2-Base64] | url=https://xmxosfepggzm.503403.xyz
============================================================
[INFO] source try link | url=https://links.bocchi2b.top/clash
[OK] proxies=35 | new=35 | url=https://links.bocchi2b.top/clash
[OK] proxies=35 | source=[Bocchi2b-Base64] | url=https://links.bocchi2b.top/clash
============================================================
[INFO] toolkit try repo | url=https://github.com/bannedbook/fanqiang
[INFO] toolkit try release | url=https://github.com/bannedbook/fanqiang/releases
[INFO] toolkit try release | url=https://github.com/bannedbook/fanqiang/releases/expanded_assets/ChromeGo-latest
[INFO] toolkit try download | url=https://github.com/bannedbook/fanqiang/releases/download/ChromeGo-latest/ChromeGo.7z
[OK] toolkit downloaded | file=ChromeGo.7z | size=96.2MB
[OK] toolkit extracted | archive=ChromeGo.7z | tool=7z | files=222 | dirs=45
[OK] toolkit discovered | subs=107 | embedded=12 | archive=ChromeGo.7z
[OK] proxies=6 | new=6 | embedded=archive-config
[OK] proxies=3 | new=3 | url=https://gitlab.com/free9999/ipupdate/master/backup/img/1/2/{ipp|ip}/clash.meta2/{5|6|3|1|4|2}/config.yaml
[OK] proxies=3 | new=0 | url=https://www.67867867.xyz/Alvin9999/PAC/refs/heads/master/backup/img/1/2/{ipp|ip}/clash.meta2/{5|6|3|1|4|2}/config.yaml
[OK] proxies=7 | new=5 | url=https://gitlab.com/free9999/ipupdate/master/backup/img/1/2/{ipp|ip}/{hysteria2|singbox|naiveproxy|hysteria|xray}/{3|1|4|2}/config.json
[OK] proxies=7 | new=0 | url=https://www.67867867.xyz/Alvin9999/PAC/refs/heads/master/backup/img/1/2/{ipp|ip}/{hysteria2|singbox|naiveproxy|hysteria|xray}/{3|1|4|2}/config.json
[OK] proxies=14 | source=[ChromeGO-Toolkit] | url=https://github.com/bannedbook/fanqiang/releases/download/ChromeGo-latest/ChromeGo.7z
============================================================
[INFO] sublink try repo | url=https://github.com/ShiteThings/extractNodes
[INFO] sublink try page | url=https://raw.githubusercontent.com/ShiteThings/extractNodes/main/README.md
[OK] proxies=31 | new=30 | url=https://{chg26.makou.cc.cd|chg64.makou.cc.cd}
[OK] proxies=26 | new=1 | url=https://chg26.makou.cc.cd/sb
[OK] proxies=31 | source=[ChromeGO-ShiteThings] | url=https://raw.githubusercontent.com/ShiteThings/extractNodes/main/README.md
============================================================
[INFO] sublink try repo | url=https://github.com/shangui999/chromego_merge
[INFO] sublink try page | url=https://raw.githubusercontent.com/shangui999/chromego_merge/master/ReadMe.md
[OK] proxies=10 | new=10 | url=https://freedman.netlify.app/sub/merged_proxies_new.yaml
[OK] proxies=11 | new=1 | url=https://freedman.netlify.app/sub/merged_warp_proxies_new.yaml
[OK] proxies=11 | new=6 | url=https://freedman.netlify.app/sub/shadowrocket_base64.txt
[OK] proxies=16 | new=16 | url=https://freedman.netlify.app/sub/sb.json
[INFO] sublink try repo | url=https://github.com/yaney01/chromego
[INFO] sublink try page | url=https://raw.githubusercontent.com/yaney01/chromego/main/ReadMe.md
[OK] proxies=50 | new=46 | url=https://raw.githubusercontent.com/yaney01/chromego/main/sub/merged_proxies_new.yaml
[OK] proxies=51 | new=0 | url=https://raw.githubusercontent.com/yaney01/chromego/main/sub/merged_warp_proxies_new.yaml
[OK] proxies=13 | new=7 | url=https://raw.githubusercontent.com/yaney01/chromego/main/sub/shadowrocket_base64.txt
[OK] proxies=13 | new=0 | url=https://raw.githubusercontent.com/yaney01/chromego/main/sub/sb.json
[INFO] sublink try repo | url=https://github.com/Misaka-blog/chromego_merge
[INFO] sublink try page | url=https://raw.githubusercontent.com/Misaka-blog/chromego_merge/main/README.md
[OK] proxies=22 | new=22 | url=https://chromego-sub.netlify.app/sub/merged_proxies_new.yaml
[OK] proxies=108 | source=[ChromeGO-Merge] | url=https://raw.githubusercontent.com/Misaka-blog/chromego_merge/main/README.md
============================================================
[INFO] source try link | url=https://freesocks.org/api/v1/sub/02b897e8e77f19176b0b9f2c75864b00
[OK] proxies=1 | new=1 | url=https://freesocks.org/api/v1/sub/02b897e8e77f19176b0b9f2c75864b00
[OK] proxies=1 | source=[Freesocks] | url=https://freesocks.org/api/v1/sub/02b897e8e77f19176b0b9f2c75864b00
============================================================
[INFO] source try link | url=https://neko-warp.nloli.xyz/neko_warp.yaml
[OK] proxies=10 | new=10 | url=https://neko-warp.nloli.xyz/neko_warp.yaml
[OK] proxies=10 | source=[NekoWarp] | url=https://neko-warp.nloli.xyz/neko_warp.yaml
============================================================
[INFO] toolkit try chrome | url=https://chromewebstore.google.com/detail/free-vpn-proxy-1vpn/akcocjjpkmlniicdeemdceeajlmoabhg
[INFO] toolkit try download | url=https://clients2.google.com/service/update2/crx?response=redirect&prodversion=131.0.6778.0&acceptformat=crx2,crx3&x=id%3dakcocjjpkmlniicdeemdceeajlmoabhg%26uc
[OK] toolkit downloaded | file=free-vpn-proxy-1vpn.crx | size=1.6MB
[OK] toolkit extracted | archive=free-vpn-proxy-1vpn.crx | tool=zipfile | files=68 | dirs=57
[OK] toolkit 1vpn-crx scanned | hosts=17 | keys=1 | archive=free-vpn-proxy-1vpn.crx
[OK] proxies=17 | source=[1VPN-CRX] | url=https://clients2.google.com/service/update2/crx?response=redirect&prodversion=131.0.6778.0&acceptformat=crx2,crx3&x=id%3dakcocjjpkmlniicdeemdceeajlmoabhg%26uc
============================================================
[INFO] article try feed | url=https://free.datiya.com/index.xml
[INFO] sublink try page | url=https://free.datiya.com/post/20260926/
[OK] proxies=11 | new=11 | url=https://free.datiya.com/uploads/20260926-clash.yaml
[OK] proxies=11 | source=[OpenRunner-RSS] | url=https://free.datiya.com/post/20260926/
============================================================
[INFO] article try feed | url=https://v2rayshare.com/feed
[INFO] sublink try page | url=https://v2rayshare.com/p/4097.html
[INFO] sublink try repo | url=https://github.com/firefoxmmx2/v2rayshare_subcription
[INFO] sublink try page | url=https://raw.githubusercontent.com/firefoxmmx2/v2rayshare_subcription/main/README.md
[OK] proxies=22 | new=22 | url=https://{raw.githubusercontent.com|cdn.jsdelivr.net}/firefoxmmx2/v2rayshare_subcription/main/subscription/vray_sub.txt
[OK] proxies=21 | new=0 | url=https://{raw.githubusercontent.com|cdn.jsdelivr.net}/firefoxmmx2/v2rayshare_subcription/main/subscription/clash_sub.yaml
[OK] proxies=22 | new=0 | url=https://{raw.githubusercontent.com|cdn.jsdelivr.net}/firefoxmmx2/v2rayshare_subcription/main/subscription/mihomo_sub.yaml
[OK] proxies=22 | source=[V2Rayshare-RSS] | url=https://raw.githubusercontent.com/firefoxmmx2/v2rayshare_subcription/main/README.md
============================================================
[INFO] article try feed | url=https://www.mibei77.com/feed
[INFO] sublink try page | url=https://www.mibei77.com/697.html
[OK] proxies=108 | new=108 | url=https://mm.mibei77.com/202609/09.2664bacds.txt
[OK] proxies=109 | new=2 | url=https://mm.mibei77.com/202609/0926Clashizxs.yaml
[OK] proxies=110 | source=[Mibei77-RSS] | url=https://www.mibei77.com/697.html
============================================================
[INFO] article try feed | url=https://yoyapai.com/feed
[INFO] sublink try page | url=https://yoyapai.com/736
[OK] proxies=1 | new=1 | url=https://yoyapai.com/736
[OK] proxies=226 | new=226 | url=https://freenode.yoyapai.com/2026/09/26-yoyapai.com-clashvpnmianfeijiedian.yaml
[OK] proxies=226 | new=0 | url=https://freenode.yoyapai.com/2026/09/26-yoyapai.com-ssrv2rayvpnmianfeijiedian.txt
[OK] proxies=227 | source=[Yoyapai-RSS] | url=https://yoyapai.com/736
============================================================
[INFO] sublink try repo | url=https://github.com/free18/v2ray
[INFO] sublink try page | url=https://raw.githubusercontent.com/free18/v2ray/main/README.md
[OK] proxies=3 | new=3 | url=https://raw.githubusercontent.com/free18/v2ray/main/README.md
[OK] proxies=148 | new=148 | url=https://ghfast.top/https://raw.githubusercontent.com/free18/v2ray/refs/heads/main/v.txt
[OK] proxies=148 | new=0 | url=https://ghfast.top/https://raw.githubusercontent.com/free18/v2ray/refs/heads/main/c.yaml
[OK] proxies=151 | source=[免费节点1] | url=https://raw.githubusercontent.com/free18/v2ray/main/README.md
============================================================
[INFO] sublink try repo | url=https://github.com/ermaozi/get_subscribe
[INFO] sublink try page | url=https://raw.githubusercontent.com/ermaozi/get_subscribe/main/README.md
[INFO] sublink file_nodes=0 | bare links=9
[OK] proxies=300 | new=300 | url=https://www.ermao.net/sub/{clash|v2ray}/ermao.net
[OK] proxies=300 | new=0 | url=https://www.ermao.net/sub/{reachable|unreachable|untested}/clash/ermao.net
[OK] proxies=300 | source=[免费节点2] | url=https://raw.githubusercontent.com/ermaozi/get_subscribe/main/README.md
============================================================
[INFO] sublink try repo | url=https://github.com/sunmiao4458/free-proxy-airport
[INFO] sublink try page | url=https://raw.githubusercontent.com/sunmiao4458/free-proxy-airport/main/README.md
[OK] proxies=26 | new=26 | url=https://sunmiao4458.github.io/free-proxy-airport/clash.yaml
[OK] proxies=26 | source=[免费节点3] | url=https://raw.githubusercontent.com/sunmiao4458/free-proxy-airport/main/README.md
============================================================
[INFO] sublink try repo | url=https://github.com/mfuu/FreeProxies
[INFO] sublink try page | url=https://raw.githubusercontent.com/mfuu/FreeProxies/master/README.md
[OK] proxies=748 | new=748 | url=https://raw.githubusercontent.com/mfuu/FreeProxies/master/sub.yaml
[OK] proxies=748 | source=[免费节点4] | url=https://raw.githubusercontent.com/mfuu/FreeProxies/master/README.md
============================================================
[INFO] sublink try repo | url=https://github.com/vxiaov/free_proxies
[INFO] sublink try page | url=https://raw.githubusercontent.com/vxiaov/free_proxies/main/README.md
[OK] proxies=1 | new=1 | url=https://raw.githubusercontent.com/vxiaov/free_proxies/main/README.md
[OK] proxies=28 | new=28 | url=https://{cdn.jsdelivr.net|raw.githubusercontent.com}/vxiaov/free_proxies/main/clash/clash.provider.yaml
[OK] proxies=29 | source=[免费节点5] | url=https://raw.githubusercontent.com/vxiaov/free_proxies/main/README.md
============================================================
[INFO] sublink try repo | url=https://github.com/anaer/Sub
[INFO] sublink try page | url=https://raw.githubusercontent.com/anaer/Sub/main/README.MD
[OK] proxies=566 | new=566 | url=https://anaer.github.io/Sub/clash.yaml
[OK] proxies=566 | new=0 | url=https://raw.githubusercontent.com/anaer/Sub/main/clash.yaml
[OK] proxies=566 | source=[免费节点6] | url=https://raw.githubusercontent.com/anaer/Sub/main/README.MD
============================================================
[INFO] sublink try repo | url=https://github.com/snakem982/proxypool
[INFO] sublink try page | url=https://raw.githubusercontent.com/snakem982/proxypool/main/README.md
[OK] proxies=64 | new=64 | url=https://raw.githubusercontent.com/snakem982/proxypool/main/source/clash-meta-2.yaml
[OK] proxies=59 | new=0 | url=https://raw.githubusercontent.com/snakem982/proxypool/main/source/v2ray-2.txt
[OK] proxies=59 | new=0 | url=https://raw.githubusercontent.com/snakem982/proxypool/main/source/sing-box-2.json
[OK] proxies=64 | source=[免费节点7] | url=https://raw.githubusercontent.com/snakem982/proxypool/main/README.md
============================================================
[INFO] sublink try repo | url=https://github.com/mahdibland/V2RayAggregator
[INFO] sublink try page | url=https://raw.githubusercontent.com/mahdibland/V2RayAggregator/master/README.md
[OK] proxies=375 | new=375 | url=https://raw.githubusercontent.com/mahdibland/V2RayAggregator/master/README.md
[OK] proxies=1 | new=1 | url=https://github.com/mahdibland/SSAggregator/actions/workflows/Collector.yml
[OK] proxies=1 | new=0 | url=https://github.com/mahdibland/SSAggregator/actions/workflows/Airport_Collector.yml
[OK] proxies=191 | new=0 | url=https://raw.githubusercontent.com/mahdibland/ShadowsocksAggregator/master/Eternity.txt
[OK] proxies=191 | new=3 | url=https://raw.githubusercontent.com/mahdibland/ShadowsocksAggregator/master/Eternity.yml
[OK] proxies=61 | new=61 | url=https://raw.githubusercontent.com/mahdibland/ShadowsocksAggregator/master/EternityAir.txt
[OK] proxies=3933 | new=3648 | url=https://raw.githubusercontent.com/mahdibland/SSAggregator/master/sub/sub_merge_base64.txt
[OK] proxies=3933 | new=0 | url=https://raw.githubusercontent.com/mahdibland/{SSAggregator|ShadowsocksAggregator}/master/sub/sub_merge.txt
[OK] proxies=4048 | new=166 | url=https://raw.githubusercontent.com/mahdibland/SSAggregator/master/sub/sub_merge_yaml.yml
[OK] proxies=61 | new=0 | url=https://raw.githubusercontent.com/mahdibland/SSAggregator/master/sub/airport_merge_base64.txt
[OK] proxies=61 | new=0 | url=https://raw.githubusercontent.com/mahdibland/SSAggregator/master/sub/airport_sub_merge.txt
[OK] proxies=1443 | new=0 | url=https://raw.githubusercontent.com/mahdibland/ShadowsocksAggregator/master/sub/splitted/vmess.txt
[OK] proxies=589 | new=0 | url=https://raw.githubusercontent.com/mahdibland/ShadowsocksAggregator/master/sub/splitted/trojan.txt
[OK] proxies=54 | new=0 | url=https://raw.githubusercontent.com/mahdibland/ShadowsocksAggregator/master/sub/splitted/ssr.txt
[OK] proxies=1847 | new=0 | url=https://raw.githubusercontent.com/mahdibland/ShadowsocksAggregator/master/sub/splitted/ss.txt
[OK] proxies=1 | new=0 | url=https://cdn.jsdelivr.net/gh/mahdibland/V2RayAggregator@master/update/provider/provider-meta.yml
[OK] proxies=1 | new=0 | url=https://cdn.jsdelivr.net/gh/mahdibland/V2RayAggregator@master/update/provider/provider-meta-cn.yml
[OK] proxies=1 | new=0 | url=https://cdn.jsdelivr.net/gh/mahdibland/V2RayAggregator@master/update/provider/provider-meta-others.yml
[OK] proxies=1 | new=0 | url=https://cdn.jsdelivr.net/gh/mahdibland/V2RayAggregator@master/update/provider/provider.yml
[OK] proxies=1 | new=0 | url=https://cdn.jsdelivr.net/gh/mahdibland/V2RayAggregator@master/update/provider/provider-cn.yml
[OK] proxies=1 | new=0 | url=https://cdn.jsdelivr.net/gh/mahdibland/V2RayAggregator@master/update/provider/provider-others.yml
[OK] proxies=4254 | source=[免费节点8] | url=https://raw.githubusercontent.com/mahdibland/V2RayAggregator/master/README.md
============================================================
[INFO] sublink try repo | url=https://github.com/w1770946466/Auto_proxy
[INFO] sublink try page | url=https://raw.githubusercontent.com/w1770946466/Auto_proxy/main/README.md
[OK] proxies=1 | new=1 | url=https://github.com/w1770946466/Auto_proxy/actions/workflows/main.yml
[OK] proxies=245 | new=245 | url=https://raw.githubusercontent.com/w1770946466/Auto_proxy/main/{Long_term_subscription2.yaml|Long_term_subscription1.yaml|Long_term_subscription3.yaml}
[OK] proxies=489 | new=54 | url=https://raw.githubusercontent.com/w1770946466/Auto_proxy/main/{Long_term_subscription1|Long_term_subscription2|Long_term_subscription3|Long_term_subscription4|Long_term_subscription5|Long_term_subscription6|Long_term_subscription7|Long_term_subscription8}
[OK] proxies=489 | new=315 | url=https://raw.githubusercontent.com/w1770946466/Auto_proxy/main/Long_term_subscription_num
[OK] proxies=615 | source=[免费节点9] | url=https://raw.githubusercontent.com/w1770946466/Auto_proxy/main/README.md
============================================================
[INFO] sublink try repo | url=https://github.com/PuddinCat/BestClash
[INFO] sublink try page | url=https://raw.githubusercontent.com/PuddinCat/BestClash/main/README.md
[OK] proxies=16 | new=16 | url=https://raw.githubusercontent.com/PuddinCat/BestClash/main/proxies.yaml
[OK] proxies=28 | new=28 | url=https://cdn.jsdelivr.net/gh/vxiaov/free_proxies@main/clash/clash.provider.yaml
[OK] proxies=24 | new=24 | url=https://freenode.openrunner.net/uploads/20240807-clash.yaml
[OK] proxies=22 | new=22 | url=https://raw.githubusercontent.com/Misaka-blog/chromego_merge/main/sub/merged_proxies_new.yaml
[OK] proxies=3701 | new=3689 | url=https://raw.githubusercontent.com/{NiceVPN123|anaer}/{NiceVPN|Sub}/main/{Clash.yaml|clash.yaml}
[OK] proxies=21 | new=0 | url=https://raw.githubusercontent.com/{chengaopan|peasoft}/{AutoMergePublicNodes|NoMoreWalls}/master/list.yml
[OK] proxies=300 | new=275 | url=https://raw.githubusercontent.com/{ermaozi|ermaozi01}/{get_subscribe|free_clash_vpn}/main/subscribe/clash.yml
[OK] proxies=191 | new=185 | url=https://raw.githubusercontent.com/mahdibland/ShadowsocksAggregator/master/Eternity.yml
[OK] proxies=165 | new=160 | url=https://raw.githubusercontent.com/ronghuaxueleng/get_v2/main/pub/combine.yaml
[OK] proxies=144 | new=3 | url=https://raw.githubusercontent.com/zhangkaiitugithub/passcro/main/speednodes.yaml
[OK] proxies=4402 | source=[免费节点10] | url=https://raw.githubusercontent.com/PuddinCat/BestClash/main/README.md
============================================================
[INFO] sublink try repo | url=https://github.com/kooker/FreeSubsCheck
[INFO] sublink try page | url=https://raw.githubusercontent.com/kooker/FreeSubsCheck/main/README.md
[OK] proxies=3 | new=3 | url=https://raw.githubusercontent.com/kooker/FreeSubsCheck/main/mihomo.yaml
[OK] proxies=3 | new=0 | url=https://raw.githubusercontent.com/kooker/FreeSubsCheck/main/all.yaml
[OK] proxies=2 | new=0 | url=https://raw.githubusercontent.com/kooker/FreeSubsCheck/main/base64.txt
[OK] proxies=2 | new=2 | url=https://raw.githubusercontent.com/kooker/FreeSubsCheck/main/byxiaoxi.txt
[OK] proxies=398 | new=398 | url=https://raw.githubusercontent.com/kooker/FreeSubsCheck/main/kooker.jp.txt
[OK] proxies=403 | source=[免费节点11] | url=https://raw.githubusercontent.com/kooker/FreeSubsCheck/main/README.md
============================================================
[INFO] toolkit try repo | url=https://github.com/Pawdroid/shadowrocket_for_android
[INFO] toolkit try release | url=https://github.com/Pawdroid/shadowrocket_for_android/releases
[INFO] toolkit try release | url=https://github.com/Pawdroid/shadowrocket_for_android/releases/expanded_assets/10.10.55
[INFO] toolkit try download | url=https://github.com/Pawdroid/shadowrocket_for_android/releases/download/10.10.55/Shadowrocket_10.10.55_shadowrocketStandard_arm64-v8a.apk
[OK] toolkit downloaded | file=Shadowrocket_10.10.55_shadowrocketStandard_arm64-v8a.apk | size=39.5MB
[OK] toolkit extracted | archive=Shadowrocket_10.10.55_shadowrocketStandard_arm64-v8a.apk | tool=zipfile | files=1179 | dirs=44
[OK] toolkit sr-apk scanned | prefixes=38 | files=6 | keys=2 | archive=Shadowrocket_10.10.55_shadowrocketStandard_arm64-v8a.apk
[OK] proxies=867 | new=867 | url=https://{cdn.jsdelivr.net|raw.githubusercontent.com}/pixelor/ecfg/main/data/ecfg6_zh
[OK] proxies=782 | new=34 | url=https://{cdn.jsdelivr.net|raw.githubusercontent.com}/pixelor/ecfg/main/data/ecfg6_en
[OK] proxies=140 | new=34 | url=https://{raw.githubusercontent.com|cdn.jsdelivr.net}/pixelor/ecfg/main/data/ecfg6
[OK] proxies=140 | new=0 | url=https://{files.shadowrockets.app|cdn.shadowrockets.app}/ecfg/data/ecfg6
[OK] proxies=679 | new=0 | url=https://{files.shadowrockets.app|cdn.shadowrockets.app}/ecfg/data/ecfg6_en
[OK] proxies=679 | new=0 | url=https://{files.shadowrockets.app|cdn.shadowrockets.app}/ecfg/data/ecfg6_zh
[OK] proxies=935 | source=[Pawdroid-SR-APK] | url=https://github.com/Pawdroid/shadowrocket_for_android/releases/download/10.10.55/Shadowrocket_10.10.55_shadowrocketStandard_arm64-v8a.apk
============================================================
[INFO] toolkit try page | url=https://shadowshare.v2cross.com
[INFO] toolkit try download | url=https://shadowshare.v2cross.com/shadowshare.apk
[OK] toolkit downloaded | file=shadowshare.apk | size=60MB
[OK] toolkit extracted | archive=shadowshare.apk | tool=zipfile | files=612 | dirs=39
[OK] toolkit ss-apk scanned | prefixes=10 | files=3 | keys=1 | archive=shadowshare.apk
[OK] proxies=201 | new=177 | url=https://{raw.githubusercontent.com|jsd.onmicrosoft.cn}/hideme9527/ecsfg/main/data/sareserver
[OK] proxies=1386 | new=1305 | url=https://{raw.githubusercontent.com|jsd.onmicrosoft.cn}/hideme9527/ecsfg/main/data/sareserver_en
[OK] proxies=110 | new=0 | url=https://{shadowsharing.com|sare.159236.xyz}/data/sareserver
[OK] proxies=1386 | new=0 | url=https://{shadowsharing.com|sare.159236.xyz}/data/sareserver_en
[OK] proxies=110 | new=0 | url=https://gitee.com/api/v5/repos/{zhiminghao|elvenapp|guoyoucai1}/ecsfg/raw/data/sareserver
[OK] proxies=1386 | new=0 | url=https://gitee.com/api/v5/repos/{elvenapp|zhiminghao|guoyoucai1}/ecsfg/raw/data/sareserver_en
[OK] proxies=1482 | source=[Pawdroid-SS-APK] | url=https://shadowshare.v2cross.com/shadowshare.apk
============================================================
[INFO] sublink try repo | url=https://github.com/free-nodes/clashfree
[INFO] sublink try page | url=https://raw.githubusercontent.com/free-nodes/clashfree/main/README.md
[OK] proxies=185 | new=185 | url=https://raw.githubusercontent.com/free-nodes/clashfree/main/README.md
[OK] proxies=185 | new=0 | url=https://raw.githubusercontent.com/free-nodes/clashfree/main/clash20260927.yml
[OK] proxies=1 | new=1 | url=https://github.com/free-nodes/clashfree/blob/main/clash20260927.yml
[OK] proxies=186 | source=[Clashfree] | url=https://raw.githubusercontent.com/free-nodes/clashfree/main/README.md
============================================================
[INFO] sublink try repo | url=https://github.com/Epodonios/v2ray-configs
[INFO] sublink try page | url=https://raw.githubusercontent.com/Epodonios/v2ray-configs/main/README.md
[OK] proxies=1 | new=1 | url=https://github.com/Epodonios/V2ray-Configs/actions/workflows/main.yml
[OK] proxies=4076 | new=4076 | url=https://github.com/Epodonios/v2ray-configs/raw/main/All_Configs_Sub.txt
[OK] proxies=4076 | new=0 | url=https://github.com/Epodonios/v2ray-configs/raw/main/All_Configs_base64_Sub.txt
[OK] proxies=3307 | new=0 | url=https://github.com/Epodonios/v2ray-configs/raw/main/Splitted-By-Protocol/vless.txt
[OK] proxies=182 | new=0 | url=https://github.com/Epodonios/v2ray-configs/raw/main/Splitted-By-Protocol/vmess.txt
[OK] proxies=371 | new=0 | url=https://github.com/Epodonios/v2ray-configs/raw/main/Splitted-By-Protocol/ss.txt
[OK] proxies=173 | new=0 | url=https://github.com/Epodonios/v2ray-configs/raw/main/Splitted-By-Protocol/trojan.txt
[OK] proxies=4076 | new=0 | url=https://raw.githubusercontent.com/Epodonios/v2ray-configs/main/{Sub1.txt|Sub2.txt|Sub3.txt|Sub4.txt|Sub5.txt|Sub6.txt|Sub7.txt|Sub8.txt}
[OK] proxies=4077 | source=[Epodonios] | url=https://raw.githubusercontent.com/Epodonios/v2ray-configs/main/README.md
============================================================
[INFO] sublink try repo | url=https://github.com/free-clash-v2ray/free-clash-v2ray.github.io
[INFO] sublink try page | url=https://raw.githubusercontent.com/free-clash-v2ray/free-clash-v2ray.github.io/main/README.md
[OK] proxies=3279 | new=3279 | url=https://free-clash-v2ray.github.io/uploads/2026/09/{0-20260920.yaml|1-20260920.yaml|2-20260920.yaml|3-20260920.yaml}
[OK] proxies=4810 | new=1941 | url=https://free-clash-v2ray.github.io/uploads/2026/09/{0-20260920.txt|1-20260920.txt|2-20260920.txt|3-20260920.txt|4-20260920.txt}
[OK] proxies=5220 | source=[Free-clash-v2ray] | url=https://raw.githubusercontent.com/free-clash-v2ray/free-clash-v2ray.github.io/main/README.md
============================================================
[INFO] article try page | url=https://v2rayclashfree.com
[INFO] sublink try page | url=https://v2rayclashfree.com/fn/20260927.html
[OK] proxies=1069 | new=1069 | url=https://v2rayclashfree.com/sub/20260927-v2ray.txt
[OK] proxies=1026 | new=374 | url=https://v2rayclashfree.com/sub/20260927-clash.yaml
[OK] proxies=1443 | source=[V2rayclashfree-RSS] | url=https://v2rayclashfree.com/fn/20260927.html
============================================================
[INFO] toolkit try repo | url=https://github.com/MetaCubeX/meta-rules-dat
[INFO] toolkit try release | url=https://github.com/MetaCubeX/meta-rules-dat/releases
[INFO] toolkit try release | url=https://github.com/MetaCubeX/meta-rules-dat/releases/expanded_assets/latest
[INFO] toolkit try download | url=https://github.com/MetaCubeX/meta-rules-dat/releases/download/latest/country.mmdb
[OK] toolkit downloaded | file=country.mmdb | size=7.3MB
[INFO] toolkit try repo | url=https://github.com/annexare/Countries
[INFO] toolkit try release | url=https://github.com/annexare/Countries/releases
[INFO] toolkit try release | url=https://github.com/annexare/Countries/releases/expanded_assets/v3.4.0
[INFO] toolkit try release | url=https://github.com/annexare/Countries/releases/expanded_assets/v3.4.1
[INFO] toolkit try release | url=https://github.com/annexare/Countries/releases/expanded_assets/v3.3.0
[INFO] toolkit try release | url=https://github.com/annexare/Countries/releases/expanded_assets/v3.2.2
[INFO] toolkit try release | url=https://github.com/annexare/Countries/releases/expanded_assets/v3.2.0
[INFO] toolkit try release | url=https://github.com/annexare/Countries/releases/expanded_assets/v3.1.1
[INFO] toolkit try release | url=https://github.com/annexare/Countries/releases/expanded_assets/v3.1.0
[INFO] toolkit try release | url=https://github.com/annexare/Countries/releases/expanded_assets/v3.0.6
[INFO] toolkit try release | url=https://github.com/annexare/Countries/releases/expanded_assets/v3.0.5
[INFO] toolkit try release | url=https://github.com/annexare/Countries/releases/expanded_assets/v3.0.1
[INFO] toolkit try page | url=https://raw.githubusercontent.com/annexare/Countries/main/README.md
[OK] geo score ready | files=country.mmdb | centroids=0
============================================================
[INFO] raw backup written | path=/home/runner/work/Free-node-autotest/Free-node-autotest/output/raw.yaml | history=797390737793-raw-2206-20260926.yaml | proxies=25528
[INFO] toolkit try repo | url=https://github.com/MetaCubeX/mihomo
[INFO] toolkit try release | url=https://github.com/MetaCubeX/mihomo/releases
[INFO] toolkit try release | url=https://github.com/MetaCubeX/mihomo/releases/expanded_assets/v1.19.31
[INFO] toolkit try download | url=https://github.com/MetaCubeX/mihomo/releases/download/v1.19.31/mihomo-linux-amd64-compatible-v1.19.31.gz
[OK] toolkit downloaded | file=mihomo-linux-amd64-compatible-v1.19.31.gz | size=21.8MB
[OK] toolkit hash verified | file=mihomo-linux-amd64-compatible-v1.19.31.gz | sha256=04cf9f09671704f839ddbee2e93069dc831a4123a75281e725d1d96ab9ac1afc
[OK] proxy engine ready, starting latency test | package=mihomo-linux-amd64-compatible-v1.19.31.gz
============================================================
[WARN] batch start failed | size=18060 {1} | split=9030 {2} + 9030 {3}
[WARN] batch start failed | size=9030 {2} | split=4515 {4} + 4515 {5}
[WARN] batch start failed | size=9030 {3} | split=4515 {6} + 4515 {7}
[WARN] batch start failed | size=4515 {4} | split=2257 {8} + 2258 {9}
[WARN] batch start failed | size=4515 {7} | split=2257 {10} + 2258 {11}
[WARN] batch start failed | size=4515 {6} | split=2257 {12} + 2258 {13}
[WARN] batch start failed | size=2258 {13} | split=1129 {14} + 1129 {15}
[TEST] {5} tested=100/4515 | kept=0 | rest=17870
[TEST] {10} tested=100/2257 | kept=0 | rest=17741
[TEST] {10} tested=200/2257 | kept=1 | rest=17626
[TEST] {9} tested=100/2258 | kept=30 | rest=17556
[TEST] {9} tested=200/2258 | kept=30 | rest=17449
[TEST] {5} tested=200/4515 | kept=0 | rest=17281
[TEST] {10} tested=300/2257 | kept=5 | rest=17217
[TEST] {10} tested=400/2257 | kept=7 | rest=17115
[TEST] {10} tested=500/2257 | kept=7 | rest=17002
[TEST] {9} tested=300/2258 | kept=31 | rest=16927
[TEST] {9} tested=400/2258 | kept=31 | rest=16824
[TEST] {9} tested=500/2258 | kept=34 | rest=16723
[TEST] {9} tested=600/2258 | kept=34 | rest=16613
[TEST] {5} tested=300/4515 | kept=0 | rest=16568
[TEST] {10} tested=600/2257 | kept=11 | rest=16456
[TEST] {10} tested=700/2257 | kept=11 | rest=16332
[TEST] {9} tested=700/2258 | kept=34 | rest=16233
[TEST] {5} tested=400/4515 | kept=0 | rest=16205
[TEST] {9} tested=800/2258 | kept=34 | rest=16071
[TEST] {10} tested=800/2257 | kept=13 | rest=15967
[TEST] {5} tested=500/4515 | kept=0 | rest=15914
[TEST] {10} tested=900/2257 | kept=13 | rest=15849
[TEST] {10} tested=1000/2257 | kept=14 | rest=15747
[TEST] {9} tested=900/2258 | kept=34 | rest=15563
[TEST] {10} tested=1100/2257 | kept=18 | rest=15515
[TEST] {5} tested=600/4515 | kept=0 | rest=15412
[TEST] {10} tested=1200/2257 | kept=21 | rest=15303
[TEST] {10} tested=1300/2257 | kept=73 | rest=15183
[TEST] {9} tested=1000/2258 | kept=34 | rest=15048
[TEST] {10} tested=1400/2257 | kept=143 | rest=15009
[TEST] {10} tested=1500/2257 | kept=172 | rest=14862
[TEST] {10} tested=1600/2257 | kept=177 | rest=14742
[TEST] {10} tested=1700/2257 | kept=180 | rest=14617
[TEST] {5} tested=700/4515 | kept=0 | rest=14483
[TEST] {10} tested=1800/2257 | kept=181 | rest=14475
[TEST] {10} tested=1900/2257 | kept=212 | rest=14328
[TEST] {10} tested=2000/2257 | kept=261 | rest=14213
[TEST] {10} tested=2100/2257 | kept=303 | rest=14108
[TEST] {10} tested=2200/2257 | kept=326 | rest=14006
[TEST] {9} tested=1100/2258 | kept=34 | rest=13981
[TEST] {9} tested=1200/2258 | kept=34 | rest=13833
[TEST] {5} tested=800/4515 | kept=0 | rest=13822
[TEST] {5} tested=900/4515 | kept=0 | rest=13692
[TEST] {10} tested=2257/2257 | kept=339 | rest=13633
[TEST] {9} tested=1300/2258 | kept=34 | rest=13554
[WARN] batch start failed | size=2258 {11} | split=1129 {16} + 1129 {17}
[TEST] {5} tested=1000/4515 | kept=0 | rest=13460
[TEST] {5} tested=1100/4515 | kept=0 | rest=13350
[WARN] batch start failed | size=2257 {8} | split=1128 {18} + 1129 {19}
[TEST] {5} tested=1200/4515 | kept=0 | rest=13241
[WARN] batch start failed | size=2257 {12} | split=1128 {20} + 1129 {21}
[TEST] {9} tested=1400/2258 | kept=34 | rest=13176
[WARN] batch start failed | size=1129 {14} | split=564 {22} + 565 {23}
[TEST] {5} tested=1300/4515 | kept=0 | rest=13019
[TEST] {9} tested=1500/2258 | kept=34 | rest=12964
[TEST] {15} tested=100/1129 | kept=7 | rest=12807
[TEST] {5} tested=1400/4515 | kept=0 | rest=12777
[TEST] {5} tested=1500/4515 | kept=0 | rest=12603
[TEST] {15} tested=200/1129 | kept=9 | rest=12569
[TEST] {5} tested=1600/4515 | kept=0 | rest=12448
[TEST] {15} tested=300/1129 | kept=13 | rest=12246
[TEST] {9} tested=1600/2258 | kept=34 | rest=12206
[TEST] {5} tested=1700/4515 | kept=0 | rest=12188
[TEST] {15} tested=400/1129 | kept=13 | rest=11988
[TEST] {5} tested=1800/4515 | kept=0 | rest=11880
[TEST] {15} tested=500/1129 | kept=13 | rest=11778
[TEST] {5} tested=1900/4515 | kept=8 | rest=11723
[TEST] {15} tested=600/1129 | kept=14 | rest=11628
[TEST] {9} tested=1700/2258 | kept=34 | rest=11513
[TEST] {9} tested=1800/2258 | kept=49 | rest=11339
[TEST] {15} tested=700/1129 | kept=14 | rest=11332
[TEST] {5} tested=2000/4515 | kept=12 | rest=11133
[TEST] {9} tested=1900/2258 | kept=115 | rest=11112
[TEST] {15} tested=800/1129 | kept=14 | rest=11075
[TEST] {15} tested=900/1129 | kept=17 | rest=10911
[TEST] {15} tested=1000/1129 | kept=18 | rest=10784
[TEST] {5} tested=2100/4515 | kept=12 | rest=10668
[TEST] {9} tested=2000/2258 | kept=131 | rest=10608
[TEST] {5} tested=2200/4515 | kept=12 | rest=10455
[TEST] {15} tested=1100/1129 | kept=18 | rest=10421
[TEST] {9} tested=2100/2258 | kept=131 | rest=10315
[TEST] {15} tested=1129/1129 | kept=18 | rest=10313
[WARN] batch start failed | size=1129 {17} | split=564 {24} + 565 {25}
[TEST] {5} tested=2300/4515 | kept=13 | rest=10272
[TEST] {5} tested=2400/4515 | kept=13 | rest=10115
[TEST] {16} tested=100/1129 | kept=0 | rest=9961
[TEST] {16} tested=200/1129 | kept=0 | rest=9858
[TEST] {16} tested=300/1129 | kept=1 | rest=9750
[TEST] {16} tested=400/1129 | kept=2 | rest=9648
[TEST] {16} tested=500/1129 | kept=3 | rest=9538
[TEST] {16} tested=600/1129 | kept=3 | rest=9426
[TEST] {16} tested=700/1129 | kept=3 | rest=9325
[TEST] {16} tested=800/1129 | kept=3 | rest=9219
[TEST] {16} tested=900/1129 | kept=17 | rest=9116
[TEST] {9} tested=2200/2258 | kept=131 | rest=9012
[TEST] {16} tested=1000/1129 | kept=39 | rest=8996
[TEST] {5} tested=2500/4515 | kept=13 | rest=8899
[TEST] {9} tested=2258/2258 | kept=131 | rest=8769
[TEST] {5} tested=2600/4515 | kept=13 | rest=8745
[WARN] batch start failed | size=1128 {18} | split=564 {26} + 564 {27}
[TEST] {16} tested=1100/1129 | kept=55 | rest=8622
[TEST] {16} tested=1129/1129 | kept=55 | rest=8589
[TEST] {5} tested=2700/4515 | kept=13 | rest=8570
[WARN] batch start failed | size=1128 {20} | split=564 {28} + 564 {29}
[WARN] batch start failed | size=1129 {21} | split=564 {30} + 565 {31}
[TEST] {5} tested=2800/4515 | kept=13 | rest=8470
[WARN] batch start failed | size=564 {22} | split=282 {32} + 282 {33}
[TEST] {23} tested=100/565 | kept=0 | rest=8300
[TEST] {19} tested=100/1129 | kept=2 | rest=8135
[TEST] {23} tested=200/565 | kept=0 | rest=8043
[TEST] {19} tested=200/1129 | kept=36 | rest=7970
[TEST] {5} tested=2900/4515 | kept=14 | rest=7943
[TEST] {23} tested=300/565 | kept=0 | rest=7771
[TEST] {5} tested=3000/4515 | kept=14 | rest=7702
[TEST] {23} tested=400/565 | kept=0 | rest=7664
[TEST] {19} tested=300/1129 | kept=38 | rest=7504
[TEST] {23} tested=500/565 | kept=0 | rest=7415
[TEST] {19} tested=400/1129 | kept=39 | rest=7366
[TEST] {19} tested=500/1129 | kept=39 | rest=7250
[TEST] {5} tested=3100/4515 | kept=15 | rest=7165
[TEST] {23} tested=565/565 | kept=0 | rest=7047
[TEST] {19} tested=600/1129 | kept=39 | rest=6972
[TEST] {25} tested=100/565 | kept=0 | rest=6794
[TEST] {25} tested=200/565 | kept=0 | rest=6683
[TEST] {25} tested=300/565 | kept=1 | rest=6570
[TEST] {19} tested=700/1129 | kept=40 | rest=6450
[TEST] {25} tested=400/565 | kept=31 | rest=6422
[TEST] {5} tested=3200/4515 | kept=16 | rest=6401
[TEST] {25} tested=500/565 | kept=107 | rest=6189
[TEST] {5} tested=3300/4515 | kept=17 | rest=6162
[TEST] {5} tested=3400/4515 | kept=17 | rest=6053
[TEST] {19} tested=800/1129 | kept=40 | rest=5963
[TEST] {5} tested=3500/4515 | kept=17 | rest=5781
[TEST] {25} tested=565/565 | kept=121 | rest=5728
[TEST] {19} tested=900/1129 | kept=42 | rest=5677
[TEST] {5} tested=3600/4515 | kept=17 | rest=5654
[WARN] batch start failed | size=564 {24} | split=282 {34} + 282 {35}
[TEST] {5} tested=3700/4515 | kept=17 | rest=5552
[WARN] batch start failed | size=564 {26} | split=282 {36} + 282 {37}
[TEST] {19} tested=1000/1129 | kept=48 | rest=5300
[TEST] {27} tested=100/564 | kept=54 | rest=5273
[TEST] {5} tested=3800/4515 | kept=17 | rest=5188
[TEST] {5} tested=3900/4515 | kept=17 | rest=5071
[TEST] {5} tested=4000/4515 | kept=17 | rest=4970
[TEST] {5} tested=4100/4515 | kept=17 | rest=4870
[TEST] {19} tested=1100/1129 | kept=87 | rest=4767
[TEST] {27} tested=200/564 | kept=66 | rest=4639
[TEST] {5} tested=4200/4515 | kept=17 | rest=4588
[TEST] {19} tested=1129/1129 | kept=87 | rest=4543
[WARN] batch start failed | size=564 {29} | split=282 {38} + 282 {39}
[TEST] {5} tested=4300/4515 | kept=17 | rest=4440
[TEST] {28} tested=100/564 | kept=0 | rest=4299
[TEST] {28} tested=200/564 | kept=0 | rest=4187
[TEST] {5} tested=4400/4515 | kept=17 | rest=4080
[TEST] {27} tested=300/564 | kept=103 | rest=4024
[TEST] {28} tested=300/564 | kept=0 | rest=3850
[TEST] {5} tested=4500/4515 | kept=17 | rest=3750
[TEST] {28} tested=400/564 | kept=0 | rest=3732
[TEST] {5} tested=4515/4515 | kept=17 | rest=3709
[WARN] batch start failed | size=564 {30} | split=282 {40} + 282 {41}
[TEST] {27} tested=400/564 | kept=103 | rest=3660
[TEST] {31} tested=100/565 | kept=0 | rest=3484
[TEST] {27} tested=500/564 | kept=104 | rest=3413
[TEST] {28} tested=500/564 | kept=7 | rest=3319
[TEST] {27} tested=564/564 | kept=104 | rest=3189
[TEST] {31} tested=200/565 | kept=7 | rest=3188
[TEST] {31} tested=300/565 | kept=7 | rest=3088
[TEST] {31} tested=400/565 | kept=10 | rest=2898
[TEST] {32} tested=100/282 | kept=28 | rest=2883
[TEST] {28} tested=564/564 | kept=7 | rest=2850
[WARN] batch start failed | size=282 {33} | split=141 {42} + 141 {43}
[WARN] batch start failed | size=282 {34} | split=141 {44} + 141 {45}
[TEST] {31} tested=500/565 | kept=13 | rest=2665
[TEST] {32} tested=200/282 | kept=43 | rest=2638
[TEST] {35} tested=100/282 | kept=25 | rest=2514
[TEST] {31} tested=565/565 | kept=13 | rest=2403
[TEST] {32} tested=282/282 | kept=44 | rest=2370
[TEST] {37} tested=100/282 | kept=0 | rest=2264
[WARN] batch start failed | size=282 {36} | split=141 {46} + 141 {47}
[WARN] batch start failed | size=282 {38} | split=141 {48} + 141 {49}
[TEST] {37} tested=200/282 | kept=6 | rest=2152
[TEST] {39} tested=100/282 | kept=75 | rest=2050
[TEST] {39} tested=200/282 | kept=139 | rest=1949
[TEST] {35} tested=200/282 | kept=25 | rest=1900
[TEST] {35} tested=282/282 | kept=25 | rest=1709
[TEST] {37} tested=282/282 | kept=6 | rest=1706
[WARN] batch start failed | size=282 {40} | split=141 {50} + 141 {51}
[WARN] batch start failed | size=141 {42} | split=70 {52} + 71 {53}
[TEST] {41} tested=100/282 | kept=0 | rest=1594
[TEST] {39} tested=282/282 | kept=201 | rest=1546
[TEST] {41} tested=200/282 | kept=0 | rest=1492
[WARN] batch start failed | size=141 {43} | split=70 {54} + 71 {55}
[WARN] batch start failed | size=141 {44} | split=70 {56} + 71 {57}
[WARN] batch start failed | size=141 {46} | split=70 {58} + 71 {59}
[WARN] batch start failed | size=141 {47} | split=70 {60} + 71 {61}
[TEST] {41} tested=282/282 | kept=2 | rest=1273
[WARN] batch start failed | size=141 {49} | split=70 {62} + 71 {63}
[TEST] {45} tested=100/141 | kept=28 | rest=1211
[TEST] {48} tested=100/141 | kept=17 | rest=1160
[TEST] {50} tested=100/141 | kept=53 | rest=1093
[TEST] {48} tested=141/141 | kept=18 | rest=1011
[WARN] batch start failed | size=141 {51} | split=70 {64} + 71 {65}
[TEST] {45} tested=141/141 | kept=28 | rest=940
[WARN] batch start failed | size=70 {52} | split=35 {66} + 35 {67}
[TEST] {50} tested=141/141 | kept=80 | rest=932
[WARN] batch start failed | size=70 {54} | split=35 {68} + 35 {69}
[WARN] batch start failed | size=70 {56} | split=35 {70} + 35 {71}
[TEST] {53} tested=71/71 | kept=7 | rest=872
[TEST] {55} tested=71/71 | kept=1 | rest=811
[WARN] batch start failed | size=71 {59} | split=35 {72} + 36 {73}
[TEST] {57} tested=71/71 | kept=1 | rest=743
[WARN] batch start failed | size=70 {60} | split=35 {74} + 35 {75}
[WARN] batch start failed | size=71 {63} | split=35 {76} + 36 {77}
[TEST] {58} tested=70/70 | kept=7 | rest=619
[TEST] {61} tested=71/71 | kept=27 | rest=520
[WARN] batch start failed | size=71 {65} | split=35 {78} + 36 {79}
[TEST] {62} tested=70/70 | kept=38 | rest=494
[WARN] batch start failed | size=35 {66} | split=17 {80} + 18 {81}
[TEST] {64} tested=70/70 | kept=37 | rest=478
[WARN] batch start failed | size=35 {68} | split=17 {82} + 18 {83}
[TEST] {67} tested=35/35 | kept=2 | rest=414
[WARN] batch start failed | size=35 {71} | split=17 {84} + 18 {85}
[TEST] {69} tested=35/35 | kept=0 | rest=403
[TEST] {70} tested=35/35 | kept=0 | rest=388
[WARN] batch start failed | size=36 {73} | split=18 {86} + 18 {87}
[WARN] batch start failed | size=35 {75} | split=17 {88} + 18 {89}
[WARN] batch start failed | size=35 {76} | split=17 {90} + 18 {91}
[TEST] {72} tested=35/35 | kept=6 | rest=299
[TEST] {74} tested=35/35 | kept=0 | rest=286
[WARN] batch start failed | size=36 {79} | split=18 {92} + 18 {93}
[TEST] {77} tested=36/36 | kept=32 | rest=246
[WARN] batch start failed | size=18 {81} | split=9 {94} + 9 {95}
[WARN] batch start failed | size=17 {82} | split=8 {96} + 9 {97}
[TEST] {78} tested=35/35 | kept=16 | rest=226
[TEST] {80} tested=17/17 | kept=0 | rest=211
[WARN] batch start failed | size=18 {85} | split=9 {98} + 9 {99}
[WARN] batch start failed | size=18 {86} | split=9 {100} + 9 {101}
[WARN] batch start failed | size=18 {87} | split=9 {102} + 9 {103}
[TEST] {83} tested=18/18 | kept=0 | rest=205
[WARN] batch start failed | size=17 {88} | split=8 {104} + 9 {105}
[WARN] batch start failed | size=18 {89} | split=9 {106} + 9 {107}
[WARN] batch start failed | size=17 {90} | split=8 {108} + 9 {109}
[WARN] batch start failed | size=18 {93} | split=9 {110} + 9 {111}
[TEST] {84} tested=17/17 | kept=4 | rest=172
[WARN] batch start failed | size=9 {94} | split=4 {112} + 5 {113}
[TEST] {91} tested=18/18 | kept=18 | rest=158
[TEST] {92} tested=18/18 | kept=7 | rest=147
[WARN] batch start failed | size=9 {97} | split=4 {114} + 5 {115}
[WARN] batch start failed | size=9 {99} | split=4 {116} + 5 {117}
[TEST] {95} tested=9/9 | kept=0 | rest=141
[WARN] batch start failed | size=9 {101} | split=4 {118} + 5 {119}
[WARN] batch start failed | size=9 {100} | split=4 {120} + 5 {121}
[TEST] {96} tested=8/8 | kept=0 | rest=140
[WARN] batch start failed | size=9 {102} | split=4 {122} + 5 {123}
[TEST] {104} tested=8/8 | kept=0 | rest=130
[WARN] batch start failed | size=9 {105} | split=4 {124} + 5 {125}
[TEST] {98} tested=9/9 | kept=0 | rest=115
[WARN] batch start failed | size=9 {106} | split=4 {126} + 5 {127}
[TEST] {107} tested=9/9 | kept=2 | rest=114
[WARN] batch start failed | size=9 {109} | split=4 {128} + 5 {129}
[WARN] batch start failed | size=9 {111} | split=4 {130} + 5 {131}
[TEST] {103} tested=9/9 | kept=0 | rest=101
[WARN] batch start failed | size=4 {112} | split=2 {132} + 2 {133}
[TEST] {108} tested=8/8 | kept=8 | rest=91
[TEST] {110} tested=9/9 | kept=0 | rest=84
[WARN] batch start failed | size=4 {114} | split=2 {134} + 2 {135}
[TEST] {113} tested=5/5 | kept=0 | rest=83
[WARN] batch start failed | size=4 {116} | split=2 {136} + 2 {137}
[TEST] {115} tested=5/5 | kept=0 | rest=80
[WARN] batch start failed | size=5 {119} | split=2 {138} + 3 {139}
[WARN] batch start failed | size=4 {120} | split=2 {140} + 2 {141}
[WARN] batch start failed | size=5 {121} | split=2 {142} + 3 {143}
[TEST] {117} tested=5/5 | kept=0 | rest=73
[WARN] batch start failed | size=4 {122} | split=2 {144} + 2 {145}
[TEST] {118} tested=4/4 | kept=0 | rest=68
[WARN] batch start failed | size=5 {125} | split=2 {146} + 3 {147}
[WARN] batch start failed | size=4 {126} | split=2 {148} + 2 {149}
[TEST] {127} tested=5/5 | kept=0 | rest=62
[TEST] {123} tested=5/5 | kept=0 | rest=59
[WARN] batch start failed | size=4 {128} | split=2 {150} + 2 {151}
[TEST] {130} tested=4/4 | kept=0 | rest=51
[WARN] batch start failed | size=5 {131} | split=2 {152} + 3 {153}
[WARN] batch start failed | size=2 {132} | split=1 {154} + 1 {155}
[TEST] {129} tested=5/5 | kept=5 | rest=50
[TEST] {124} tested=4/4 | kept=0 | rest=47
[WARN] batch start failed | size=2 {135} | split=1 {156} + 1 {157}
[TEST] {133} tested=2/2 | kept=0 | rest=44
[TEST] {134} tested=2/2 | kept=0 | rest=43
[WARN] batch start failed | size=2 {137} | split=1 {158} + 1 {159}
[WARN] batch start failed | size=3 {139} | split=1 {160} + 2 {161}
[TEST] {136} tested=2/2 | kept=1 | rest=42
[WARN] batch start failed | size=2 {141} | split=1 {162} + 1 {163}
[TEST] {140} tested=2/2 | kept=0 | rest=40
[WARN] batch start failed | size=3 {143} | split=1 {164} + 2 {165}
[WARN] batch start failed | size=2 {142} | split=1 {166} + 1 {167}
[WARN] batch start failed | size=2 {144} | split=1 {168} + 1 {169}
[WARN] batch start failed | size=2 {145} | split=1 {170} + 1 {171}
[WARN] batch start failed | size=3 {147} | split=1 {172} + 2 {173}
[WARN] batch start failed | size=2 {149} | split=1 {174} + 1 {175}
[WARN] batch start failed | size=2 {148} | split=1 {176} + 1 {177}
[WARN] batch start failed | size=2 {150} | split=1 {178} + 1 {179}
[TEST] {151} tested=2/2 | kept=2 | rest=37
[TEST] {138} tested=2/2 | kept=0 | rest=35
[WARN] batch start failed | size=3 {153} | split=1 {180} + 2 {181}
[REPAIR] name=[Epodonios] EPODONIOS-109 {155} | fields=cipher
[TEST] {146} tested=2/2 | kept=0 | rest=33
[TEST] {152} tested=2/2 | kept=0 | rest=32
[DROP] name=[Epodonios] EPODONIOS-240 {157} | server=194.93.61.120:443 | reason=Parse config error: proxy 0: 'reality-opts' has unset fields: public-key
[REPAIR] name=[Free-clash-v2ray] hysteria {158} | fields=up,down
[TEST] {155} tested=1/1 | kept=0 | rest=30
[TEST] {154} tested=1/1 | kept=0 | rest=29
[TEST] {158} tested=1/1 | kept=0 | rest=28
[TEST] {156} tested=1/1 | kept=0 | rest=27
[WARN] batch start failed | size=2 {161} | split=1 {182} + 1 {183}
[REPAIR] name=[ChromeGO-ShiteThings] hysteria {162} | fields=up,down
[REPAIR] name=[ChromeGO-ShiteThings] hysteria-2 {163} | fields=up,down
[TEST] {162} tested=1/1 | kept=0 | rest=26
[REPAIR] name=[ChromeGO-ShiteThings] hysteria-5 {164} | fields=up,down
[TEST] {163} tested=1/1 | kept=0 | rest=25
[TEST] {159} tested=1/1 | kept=0 | rest=23
[TEST] {160} tested=1/1 | kept=0 | rest=22
[REPAIR] name=[ChromeGO-ShiteThings] hysteria-3 {166} | fields=up,down
[REPAIR] name=[ChromeGO-ShiteThings] hysteria-4 {167} | fields=up,down
[REPAIR] name=[ChromeGO-Merge] United {168} | fields=up,down
[REPAIR] name=[ChromeGO-Merge] France_hysteria_1 {169} | fields=up,down
[TEST] {167} tested=1/1 | kept=0 | rest=21
[TEST] {166} tested=1/1 | kept=0 | rest=20
[REPAIR] name=[ChromeGO-Merge] United-2 {170} | fields=up,down
[TEST] {171} tested=1/1 | kept=0 | rest=19
[WARN] batch start failed | size=2 {173} | split=1 {184} + 1 {185}
[TEST] {165} tested=2/2 | kept=0 | rest=18
[TEST] {164} tested=1/1 | kept=0 | rest=17
[REPAIR] name=[ChromeGO-Merge] United-5 {174} | fields=up,down
[TEST] {175} tested=1/1 | kept=0 | rest=16
[REPAIR] name=[ChromeGO-Merge] United-4 {176} | fields=up,down
[REPAIR] name=[ChromeGO-Merge] Taiwan-2 {177} | fields=up,down
[DROP] name=[Pawdroid-SR-APK] 沙特阿拉伯+Arabic+Computer+System+Co. {178} | server=85.209.157.184:8388 | reason=Parse config error: proxy 0: ss 85.209.157.184:8388 cipher: mnv{v]ʉ \t>\x0f\x18\t,y initialize error: unknown method: mnv{v]ʉ \t>\x0f\x18\t,y
[TEST] {177} tested=1/1 | kept=0 | rest=14
[TEST] {180} tested=1/1 | kept=0 | rest=13
[WARN] batch start failed | size=2 {181} | split=1 {186} + 1 {187}
[TEST] {168} tested=1/1 | kept=0 | rest=12
[TEST] {169} tested=1/1 | kept=0 | rest=11
[REPAIR] name=[ChromeGO-Merge] WARP {183} | fields=dialer-proxy
[TEST] {172} tested=1/1 | kept=0 | rest=10
[TEST] {170} tested=1/1 | kept=0 | rest=9
[TEST] {183} tested=1/1 | kept=1 | rest=8
[REPAIR] name=[ChromeGO-Merge] Taiwan {184} | fields=up,down
[REPAIR] name=[ChromeGO-Merge] France {185} | fields=up,down
[TEST] {184} tested=1/1 | kept=0 | rest=7
[REPAIR] name=[Pawdroid-SS-APK] United+Kingdom-2 {186} | fields=cipher
[TEST] {187} tested=1/1 | kept=0 | rest=6
[TEST] {186} tested=1/1 | kept=1 | rest=5
[TEST] {174} tested=1/1 | kept=0 | rest=4
[TEST] {176} tested=1/1 | kept=0 | rest=3
[TEST] {179} tested=1/1 | kept=0 | rest=2
[TEST] {182} tested=1/1 | kept=0 | rest=1
[TEST] {185} tested=1/1 | kept=0 | rest=0
[INFO] dropped=2 | [Epodonios] × 1 | [Pawdroid-SR-APK] × 1
============================================================
[INFO] scored history written | path=/home/runner/work/Free-node-autotest/Free-node-autotest/history/797390737793-scored-2206-20260926.yaml | proxies=25528
[INFO] core-dedupe | dropped=1 | by=health_score
[INFO] cap live | source=[免费节点2] | from=78 | to=50
[INFO] cap live | source=[免费节点8] | from=176 | to=50
[INFO] cap live | source=[Pawdroid-SR-APK] | from=440 | to=50
[INFO] cap live | source=[Free-clash-v2ray] | from=439 | to=50
[INFO] cap live | source=[V2rayclashfree-RSS] | from=117 | to=50
[INFO] cap live total | from=518 | to=400 | floor=5 | by=health_score
[INFO] cap live | reserved=102 | pool=416 | taken=298
============================================================
+------------------------------+--------+--------+------+--------+
| source                       |    raw | unique | live | capped |
+------------------------------+--------+--------+------+--------+
| [大FQ运动]                   |     14 |     14 |    2 |      2 |
+------------------------------+--------+--------+------+--------+
| [Pawdroid]                   |     22 |     21 |    2 |      2 |
+------------------------------+--------+--------+------+--------+
| [FreeV2-Base64]              |      3 |      3 |    3 |      3 |
+------------------------------+--------+--------+------+--------+
| [Bocchi2b-Base64]            |     35 |     35 |    0 |      0 |
+------------------------------+--------+--------+------+--------+
| [ChromeGO-Toolkit]           |     14 |     14 |    5 |      5 |
+------------------------------+--------+--------+------+--------+
| [ChromeGO-ShiteThings]       |     31 |     25 |    1 |      1 |
+------------------------------+--------+--------+------+--------+
| [ChromeGO-Merge]             |    108 |    108 |    4 |      4 |
+------------------------------+--------+--------+------+--------+
| [Freesocks]                  |      1 |      1 |    0 |      0 |
+------------------------------+--------+--------+------+--------+
| [NekoWarp]                   |     10 |     10 |   10 |      8 |
+------------------------------+--------+--------+------+--------+
| [1VPN-CRX]                   |     17 |     17 |   15 |      5 |
+------------------------------+--------+--------+------+--------+
| [OpenRunner-RSS]             |     11 |      0 |    0 |      0 |
+------------------------------+--------+--------+------+--------+
| [V2Rayshare-RSS]             |     22 |     22 |    1 |      1 |
+------------------------------+--------+--------+------+--------+
| [Mibei77-RSS]                |    110 |     96 |    2 |      2 |
+------------------------------+--------+--------+------+--------+
| [Yoyapai-RSS]                |    227 |    198 |    4 |      4 |
+------------------------------+--------+--------+------+--------+
| [免费节点1]                  |    151 |     51 |    7 |      5 |
+------------------------------+--------+--------+------+--------+
| [免费节点2]                  |    300 |    264 |   78 |     32 |
+------------------------------+--------+--------+------+--------+
| [免费节点3]                  |     26 |     18 |   18 |     12 |
+------------------------------+--------+--------+------+--------+
| [免费节点4]                  |    748 |    714 |   40 |     35 |
+------------------------------+--------+--------+------+--------+
| [免费节点5]                  |     29 |     28 |    0 |      0 |
+------------------------------+--------+--------+------+--------+
| [免费节点6]                  |    566 |    543 |    3 |      3 |
+------------------------------+--------+--------+------+--------+
| [免费节点7]                  |     64 |     27 |    0 |      0 |
+------------------------------+--------+--------+------+--------+
| [免费节点8]                  |   4254 |   3792 |  176 |     50 |
+------------------------------+--------+--------+------+--------+
| [免费节点9]                  |    615 |    452 |    0 |      0 |
+------------------------------+--------+--------+------+--------+
| [免费节点10]                 |   4402 |   3076 |   17 |     12 |
+------------------------------+--------+--------+------+--------+
| [免费节点11]                 |    403 |    237 |   27 |     13 |
+------------------------------+--------+--------+------+--------+
| [Pawdroid-SR-APK]            |    935 |    643 |  440 |     50 |
+------------------------------+--------+--------+------+--------+
| [Pawdroid-SS-APK]            |   1482 |   1015 |   34 |     17 |
+------------------------------+--------+--------+------+--------+
| [Clashfree]                  |    186 |     55 |   24 |      9 |
+------------------------------+--------+--------+------+--------+
| [Epodonios]                  |   4077 |   3275 |   50 |     25 |
+------------------------------+--------+--------+------+--------+
| [Free-clash-v2ray]           |   5220 |   3136 |  439 |     50 |
+------------------------------+--------+--------+------+--------+
| [V2rayclashfree-RSS]         |   1443 |    170 |  117 |     50 |
+------------------------------+--------+--------+------+--------+
============================================================
[INFO] clash history written | path=/home/runner/work/Free-node-autotest/Free-node-autotest/history/797390737793-clash-2206-20260926.yaml
[SUMMARY] total_nodes=25526
[SUMMARY] legal_candidates=18060
[SUMMARY] passed_latency_test=400
[SUMMARY] region_HK=6 | region_JP=14 | region_US=162
[SUMMARY] avg_latency_ms=229.72
[SUMMARY] output=/home/runner/work/Free-node-autotest/Free-node-autotest/output/clash.yaml
============================================================
