============================================================
[INFO] sublink try page | url=https://end-gfw.com
[OK] proxies=6 | new=6 | url=https://raw.githubusercontent.com/hello-world-1989/cn-news/main/end-gfw-free
[OK] proxies=6 | new=0 | url=https://raw.githubusercontent.com/hello-world-1989/cn-news/main/clash-free.yaml
[INFO] source try link | url=https://end-gfw.com/ss-key
[OK] proxies=4 | new=4 | url=https://end-gfw.com/ss-key
[INFO] sublink try repo | url=https://github.com/hello-world-1989/cn-news
[INFO] sublink try page | url=https://raw.githubusercontent.com/hello-world-1989/cn-news/main/README.md
[OK] proxies=2 | new=2 | url=https://raw.githubusercontent.com/hello-world-1989/cn-news/main/end-gfw-together
[OK] proxies=2 | new=0 | url=https://raw.githubusercontent.com/hello-world-1989/cn-news/refs/heads/main/clash.yaml
[OK] proxies=6 | new=6 | url=https://raw.githubusercontent.com/hello-world-1989/v2-sub/main/end-gfw-together-af3e13
[OK] proxies=18 | source=[大FQ运动] | url=https://raw.githubusercontent.com/hello-world-1989/cn-news/main/README.md
============================================================
[INFO] sublink try repo | url=https://github.com/Pawdroid/Free-servers
[INFO] sublink try page | url=https://raw.githubusercontent.com/Pawdroid/Free-servers/main/README.md
[OK] proxies=6 | new=6 | url=https://raw.githubusercontent.com/Pawdroid/Free-servers/main/README.md
[OK] proxies=6 | new=3 | url=https://raw.githubusercontent.com/Pawdroid/Free-servers/main/sub
[OK] proxies=1 | new=1 | url=https://apps.apple.com/cn/app/shadowshare/id1612647259
[OK] proxies=1 | new=1 | url=http://www.surflare.com
[OK] proxies=11 | source=[Pawdroid] | url=https://raw.githubusercontent.com/Pawdroid/Free-servers/main/README.md
============================================================
[INFO] source try link | url=https://xmxosfepggzm.503403.xyz
[OK] proxies=3 | new=3 | url=https://xmxosfepggzm.503403.xyz
[OK] proxies=3 | source=[FreeV2-Base64] | url=https://xmxosfepggzm.503403.xyz
============================================================
[INFO] source try link | url=https://links.bocchi2b.top/clash
[OK] proxies=32 | new=32 | url=https://links.bocchi2b.top/clash
[OK] proxies=32 | source=[Bocchi2b-Base64] | url=https://links.bocchi2b.top/clash
============================================================
[INFO] source try link | url=https://freesocks.org/api/v1/sub/02b897e8e77f19176b0b9f2c75864b00
[OK] proxies=1 | new=1 | url=https://freesocks.org/api/v1/sub/02b897e8e77f19176b0b9f2c75864b00
[INFO] source try link | url=https://freesocks.org/api/v1/sub/4cae35810e6f5c4d92e28e32104e0080
[OK] proxies=3 | new=3 | url=https://freesocks.org/api/v1/sub/4cae35810e6f5c4d92e28e32104e0080
[OK] proxies=4 | source=[Freesocks] | url=https://freesocks.org/api/v1/sub/4cae35810e6f5c4d92e28e32104e0080
============================================================
[INFO] source try link | url=https://neko-warp.nloli.xyz/neko_warp.yaml
[OK] proxies=10 | new=10 | url=https://neko-warp.nloli.xyz/neko_warp.yaml
[OK] proxies=10 | source=[NekoWarp] | url=https://neko-warp.nloli.xyz/neko_warp.yaml
============================================================
[INFO] article try feed | url=https://free.datiya.com/index.xml
[INFO] sublink try page | url=https://free.datiya.com/post/20261010/
[OK] proxies=14 | new=14 | url=https://free.datiya.com/uploads/20261010-clash.yaml
[OK] proxies=14 | source=[OpenRunner-RSS] | url=https://free.datiya.com/post/20261010/
============================================================
[INFO] article try feed | url=https://v2rayshare.com/feed
[INFO] sublink try page | url=https://v2rayshare.com/p/4097.html
[INFO] sublink try repo | url=https://github.com/firefoxmmx2/v2rayshare_subcription
[INFO] sublink try page | url=https://raw.githubusercontent.com/firefoxmmx2/v2rayshare_subcription/main/README.md
[OK] proxies=22 | new=22 | url=https://{raw.githubusercontent.com|cdn.jsdelivr.net}/firefoxmmx2/v2rayshare_subcription/main/subscription/vray_sub.txt
[OK] proxies=22 | new=0 | url=https://{raw.githubusercontent.com|cdn.jsdelivr.net}/firefoxmmx2/v2rayshare_subcription/main/subscription/mihomo_sub.yaml
[OK] proxies=21 | new=0 | url=https://{raw.githubusercontent.com|cdn.jsdelivr.net}/firefoxmmx2/v2rayshare_subcription/main/subscription/clash_sub.yaml
[OK] proxies=22 | source=[V2Rayshare-RSS] | url=https://raw.githubusercontent.com/firefoxmmx2/v2rayshare_subcription/main/README.md
============================================================
[INFO] article try feed | url=https://www.mibei77.com/feed
[INFO] sublink try page | url=https://www.mibei77.com/737.html
[OK] proxies=111 | new=111 | url=https://aa.mibei77.com/202610/10.1064bacdq.txt
[OK] proxies=119 | new=14 | url=https://aa.mibei77.com/202610/1010Clashizxc.yaml
[OK] proxies=125 | source=[Mibei77-RSS] | url=https://www.mibei77.com/737.html
============================================================
[INFO] article try feed | url=https://yoyapai.com/feed
[INFO] sublink try page | url=https://yoyapai.com/761
[OK] proxies=297 | new=297 | url=https://freenode.yoyapai.com/2026/10/10-yoyapai.com-ssrv2ray-vpn-mianfei-jiedian.txt
[OK] proxies=297 | new=0 | url=https://freenode.yoyapai.com/2026/10/10-yoyapai.com-clash-vpn-mianfei-jiedian.yaml
[OK] proxies=1 | new=1 | url=https://yoyapai.com/761
[OK] proxies=298 | source=[Yoyapai-RSS] | url=https://yoyapai.com/761
============================================================
[INFO] sublink try repo | url=https://github.com/free18/v2ray
[INFO] sublink try page | url=https://raw.githubusercontent.com/free18/v2ray/main/README.md
[OK] proxies=3 | new=3 | url=https://raw.githubusercontent.com/free18/v2ray/main/README.md
[OK] proxies=171 | new=171 | url=https://ghfast.top/https://raw.githubusercontent.com/free18/v2ray/refs/heads/main/c.yaml
[OK] proxies=171 | new=0 | url=https://ghfast.top/https://raw.githubusercontent.com/free18/v2ray/refs/heads/main/v.txt
[OK] proxies=174 | source=[免费节点1] | url=https://raw.githubusercontent.com/free18/v2ray/main/README.md
============================================================
[INFO] sublink try repo | url=https://github.com/ermaozi/get_subscribe
[INFO] sublink try page | url=https://raw.githubusercontent.com/ermaozi/get_subscribe/main/README.md
[INFO] sublink file_nodes=0 | bare links=9
[OK] proxies=562 | new=562 | url=https://blog.ermao.net/sub/{clash|v2ray}/ermao.net
[OK] proxies=562 | new=0 | url=https://{blog.ermao.net|www.ermao.net}/sub/{reachable|unreachable|untested}/clash/ermao.net
[OK] proxies=562 | source=[免费节点2] | url=https://raw.githubusercontent.com/ermaozi/get_subscribe/main/README.md
============================================================
[INFO] sublink try repo | url=https://github.com/sunmiao4458/free-proxy-airport
[INFO] sublink try page | url=https://raw.githubusercontent.com/sunmiao4458/free-proxy-airport/main/README.md
[OK] proxies=28 | new=28 | url=https://sunmiao4458.github.io/free-proxy-airport/clash.yaml
[OK] proxies=28 | source=[免费节点3] | url=https://raw.githubusercontent.com/sunmiao4458/free-proxy-airport/main/README.md
============================================================
[INFO] sublink try repo | url=https://github.com/mfuu/FreeProxies
[INFO] sublink try page | url=https://raw.githubusercontent.com/mfuu/FreeProxies/master/README.md
[OK] proxies=335 | new=335 | url=https://raw.githubusercontent.com/mfuu/FreeProxies/master/sub.yaml
[OK] proxies=335 | source=[免费节点4] | url=https://raw.githubusercontent.com/mfuu/FreeProxies/master/README.md
============================================================
[INFO] sublink try repo | url=https://github.com/vxiaov/free_proxies
[INFO] sublink try page | url=https://raw.githubusercontent.com/vxiaov/free_proxies/main/README.md
[OK] proxies=1 | new=1 | url=https://raw.githubusercontent.com/vxiaov/free_proxies/main/README.md
[OK] proxies=28 | new=28 | url=https://{cdn.jsdelivr.net|raw.githubusercontent.com}/vxiaov/free_proxies/main/clash/clash.provider.yaml
[OK] proxies=29 | source=[免费节点5] | url=https://raw.githubusercontent.com/vxiaov/free_proxies/main/README.md
============================================================
[INFO] sublink try repo | url=https://github.com/anaer/Sub
[INFO] sublink try page | url=https://raw.githubusercontent.com/anaer/Sub/main/README.MD
[OK] proxies=566 | new=566 | url=https://raw.githubusercontent.com/anaer/Sub/main/clash.yaml
[OK] proxies=566 | new=0 | url=https://anaer.github.io/Sub/clash.yaml
[OK] proxies=566 | source=[免费节点6] | url=https://raw.githubusercontent.com/anaer/Sub/main/README.MD
============================================================
[INFO] sublink try repo | url=https://github.com/snakem982/proxypool
[INFO] sublink try page | url=https://raw.githubusercontent.com/snakem982/proxypool/main/README.md
[OK] proxies=48 | new=48 | url=https://raw.githubusercontent.com/snakem982/proxypool/main/source/v2ray-2.txt
[OK] proxies=56 | new=8 | url=https://raw.githubusercontent.com/snakem982/proxypool/main/source/clash-meta-2.yaml
[OK] proxies=48 | new=0 | url=https://raw.githubusercontent.com/snakem982/proxypool/main/source/sing-box-2.json
[OK] proxies=56 | source=[免费节点7] | url=https://raw.githubusercontent.com/snakem982/proxypool/main/README.md
============================================================
[INFO] sublink try repo | url=https://github.com/mahdibland/V2RayAggregator
[INFO] sublink try page | url=https://raw.githubusercontent.com/mahdibland/V2RayAggregator/master/README.md
[OK] proxies=61 | new=61 | url=https://raw.githubusercontent.com/mahdibland/SSAggregator/master/sub/airport_sub_merge.txt
[OK] proxies=61 | new=0 | url=https://raw.githubusercontent.com/mahdibland/ShadowsocksAggregator/master/EternityAir.txt
[OK] proxies=521 | new=521 | url=https://raw.githubusercontent.com/mahdibland/ShadowsocksAggregator/master/sub/splitted/trojan.txt
[OK] proxies=4022 | new=3518 | url=https://raw.githubusercontent.com/mahdibland/SSAggregator/master/sub/sub_merge_yaml.yml
[OK] proxies=1 | new=1 | url=https://cdn.jsdelivr.net/gh/mahdibland/V2RayAggregator@master/update/provider/provider-cn.yml
[OK] proxies=1 | new=0 | url=https://cdn.jsdelivr.net/gh/mahdibland/V2RayAggregator@master/update/provider/provider-meta-cn.yml
[OK] proxies=54 | new=0 | url=https://raw.githubusercontent.com/mahdibland/ShadowsocksAggregator/master/sub/splitted/ssr.txt
[OK] proxies=388 | new=104 | url=https://raw.githubusercontent.com/mahdibland/V2RayAggregator/master/README.md
[OK] proxies=1856 | new=19 | url=https://raw.githubusercontent.com/mahdibland/ShadowsocksAggregator/master/sub/splitted/ss.txt
[OK] proxies=1 | new=0 | url=https://cdn.jsdelivr.net/gh/mahdibland/V2RayAggregator@master/update/provider/provider.yml
[OK] proxies=1 | new=0 | url=https://github.com/mahdibland/SSAggregator/actions/workflows/Airport_Collector.yml
[OK] proxies=201 | new=0 | url=https://raw.githubusercontent.com/mahdibland/ShadowsocksAggregator/master/Eternity.yml
[OK] proxies=1 | new=0 | url=https://cdn.jsdelivr.net/gh/mahdibland/V2RayAggregator@master/update/provider/provider-others.yml
[OK] proxies=1476 | new=33 | url=https://raw.githubusercontent.com/mahdibland/ShadowsocksAggregator/master/sub/splitted/vmess.txt
[OK] proxies=3907 | new=0 | url=https://raw.githubusercontent.com/mahdibland/SSAggregator/master/sub/sub_merge_base64.txt
[OK] proxies=1 | new=0 | url=https://github.com/mahdibland/SSAggregator/actions/workflows/Collector.yml
[OK] proxies=1 | new=0 | url=https://cdn.jsdelivr.net/gh/mahdibland/V2RayAggregator@master/update/provider/provider-meta-others.yml
[OK] proxies=1 | new=0 | url=https://cdn.jsdelivr.net/gh/mahdibland/V2RayAggregator@master/update/provider/provider-meta.yml
[OK] proxies=200 | new=0 | url=https://raw.githubusercontent.com/mahdibland/ShadowsocksAggregator/master/Eternity.txt
[OK] proxies=61 | new=0 | url=https://raw.githubusercontent.com/mahdibland/SSAggregator/master/sub/airport_merge_base64.txt
[OK] proxies=3907 | new=0 | url=https://raw.githubusercontent.com/mahdibland/{SSAggregator|ShadowsocksAggregator}/master/sub/sub_merge.txt
[OK] proxies=4257 | source=[免费节点8] | url=https://raw.githubusercontent.com/mahdibland/V2RayAggregator/master/README.md
============================================================
[INFO] sublink try repo | url=https://github.com/w1770946466/Auto_proxy
[INFO] sublink try page | url=https://raw.githubusercontent.com/w1770946466/Auto_proxy/main/README.md
[OK] proxies=1 | new=1 | url=https://github.com/w1770946466/Auto_proxy/actions/workflows/main.yml
[OK] proxies=245 | new=245 | url=https://raw.githubusercontent.com/w1770946466/Auto_proxy/main/{Long_term_subscription2.yaml|Long_term_subscription1.yaml|Long_term_subscription3.yaml}
[OK] proxies=489 | new=369 | url=https://raw.githubusercontent.com/w1770946466/Auto_proxy/main/Long_term_subscription_num
[OK] proxies=489 | new=0 | url=https://raw.githubusercontent.com/w1770946466/Auto_proxy/main/{Long_term_subscription1|Long_term_subscription2|Long_term_subscription3|Long_term_subscription4|Long_term_subscription5|Long_term_subscription6|Long_term_subscription7|Long_term_subscription8}
[OK] proxies=615 | source=[免费节点9] | url=https://raw.githubusercontent.com/w1770946466/Auto_proxy/main/README.md
============================================================
[INFO] sublink try repo | url=https://github.com/PuddinCat/BestClash
[INFO] sublink try page | url=https://raw.githubusercontent.com/PuddinCat/BestClash/main/README.md
[OK] proxies=24 | new=24 | url=https://freenode.openrunner.net/uploads/20240807-clash.yaml
[OK] proxies=144 | new=144 | url=https://raw.githubusercontent.com/zhangkaiitugithub/passcro/main/speednodes.yaml
[OK] proxies=562 | new=430 | url=https://raw.githubusercontent.com/{ermaozi|ermaozi01}/{get_subscribe|free_clash_vpn}/main/subscribe/clash.yml
[OK] proxies=165 | new=165 | url=https://raw.githubusercontent.com/ronghuaxueleng/get_v2/main/pub/combine.yaml
[OK] proxies=196 | new=26 | url=https://raw.githubusercontent.com/Misaka-blog/chromego_merge/main/sub/merged_proxies_new.yaml
[OK] proxies=28 | new=28 | url=https://cdn.jsdelivr.net/gh/vxiaov/free_proxies@main/clash/clash.provider.yaml
[OK] proxies=167 | new=18 | url=https://raw.githubusercontent.com/{chengaopan|peasoft}/{AutoMergePublicNodes|NoMoreWalls}/master/list.yml
[OK] proxies=201 | new=113 | url=https://raw.githubusercontent.com/mahdibland/ShadowsocksAggregator/master/Eternity.yml
[OK] proxies=16 | new=13 | url=https://raw.githubusercontent.com/PuddinCat/BestClash/main/proxies.yaml
[OK] proxies=3701 | new=3683 | url=https://raw.githubusercontent.com/{NiceVPN123|anaer}/{NiceVPN|Sub}/main/{Clash.yaml|clash.yaml}
[OK] proxies=4644 | source=[免费节点10] | url=https://raw.githubusercontent.com/PuddinCat/BestClash/main/README.md
============================================================
[INFO] sublink try repo | url=https://github.com/kooker/FreeSubsCheck
[INFO] sublink try page | url=https://raw.githubusercontent.com/kooker/FreeSubsCheck/main/README.md
[OK] proxies=1 | new=1 | url=https://raw.githubusercontent.com/kooker/FreeSubsCheck/main/base64.txt
[OK] proxies=1 | new=0 | url=https://raw.githubusercontent.com/kooker/FreeSubsCheck/main/all.yaml
[OK] proxies=1 | new=0 | url=https://raw.githubusercontent.com/kooker/FreeSubsCheck/main/mihomo.yaml
[OK] proxies=2 | new=2 | url=https://raw.githubusercontent.com/kooker/FreeSubsCheck/main/byxiaoxi.txt
[OK] proxies=709 | new=708 | url=https://raw.githubusercontent.com/kooker/FreeSubsCheck/main/kooker.jp.txt
[OK] proxies=711 | source=[免费节点11] | url=https://raw.githubusercontent.com/kooker/FreeSubsCheck/main/README.md
============================================================
[INFO] toolkit try repo | url=https://github.com/bannedbook/fanqiang
[INFO] toolkit try release | url=https://github.com/bannedbook/fanqiang/releases
[INFO] toolkit try release | url=https://github.com/bannedbook/fanqiang/releases/expanded_assets/ChromeGo-latest
[INFO] toolkit try download | url=https://github.com/bannedbook/fanqiang/releases/download/ChromeGo-latest/ChromeGo.7z
[OK] toolkit downloaded | file=ChromeGo.7z | size=96.2mb | time=29.4s
[OK] toolkit extracted | archive=ChromeGo.7z | tool=7z | files=222 | dirs=45
[OK] toolkit discovered | subs=107 | embedded=46 | scan=27.5s | archive=ChromeGo.7z
[OK] proxies=12 | new=12 | embedded=archive-config
[OK] proxies=3 | new=3 | url=https://gitlab.com/free9999/ipupdate/master/backup/img/1/2/{ipp|ip}/clash.meta2/{5|6|3|1|4|2}/config.yaml
[OK] proxies=7 | new=5 | url=https://gitlab.com/free9999/ipupdate/master/backup/img/1/2/{ipp|ip}/{hysteria2|singbox|naiveproxy|hysteria|xray}/{3|1|4|2}/config.json
[OK] proxies=7 | new=0 | url=https://www.67867867.xyz/Alvin9999/PAC/refs/heads/master/backup/img/1/2/{ipp|ip}/{hysteria2|singbox|naiveproxy|hysteria|xray}/{3|1|4|2}/config.json
[OK] proxies=3 | new=0 | url=https://www.67867867.xyz/Alvin9999/PAC/refs/heads/master/backup/img/1/2/{ipp|ip}/clash.meta2/{5|6|3|1|4|2}/config.yaml
[OK] proxies=20 | source=[ChromeGO-Toolkit] | url=https://github.com/bannedbook/fanqiang/releases/download/ChromeGo-latest/ChromeGo.7z
============================================================
[INFO] sublink try repo | url=https://github.com/ShiteThings/extractNodes
[INFO] sublink try page | url=https://raw.githubusercontent.com/ShiteThings/extractNodes/main/README.md
[OK] proxies=26 | new=26 | url=https://chg26.makou.cc.cd/sb
[OK] proxies=31 | new=5 | url=https://{chg26.makou.cc.cd|chg64.makou.cc.cd}
[OK] proxies=31 | source=[ChromeGO-ShiteThings] | url=https://raw.githubusercontent.com/ShiteThings/extractNodes/main/README.md
============================================================
[INFO] sublink try repo | url=https://github.com/shangui999/chromego_merge
[INFO] sublink try page | url=https://raw.githubusercontent.com/shangui999/chromego_merge/master/ReadMe.md
[OK] proxies=10 | new=10 | url=https://freedman.netlify.app/sub/merged_proxies_new.yaml
[OK] proxies=11 | new=1 | url=https://freedman.netlify.app/sub/merged_warp_proxies_new.yaml
[OK] proxies=11 | new=6 | url=https://freedman.netlify.app/sub/shadowrocket_base64.txt
[OK] proxies=16 | new=16 | url=https://freedman.netlify.app/sub/sb.json
[INFO] sublink try repo | url=https://github.com/yaney01/chromego
[INFO] sublink try page | url=https://raw.githubusercontent.com/yaney01/chromego/main/ReadMe.md
[OK] proxies=13 | new=7 | url=https://raw.githubusercontent.com/yaney01/chromego/main/sub/sb.json
[OK] proxies=51 | new=41 | url=https://raw.githubusercontent.com/yaney01/chromego/main/sub/merged_warp_proxies_new.yaml
[OK] proxies=13 | new=5 | url=https://raw.githubusercontent.com/yaney01/chromego/main/sub/shadowrocket_base64.txt
[OK] proxies=50 | new=0 | url=https://raw.githubusercontent.com/yaney01/chromego/main/sub/merged_proxies_new.yaml
[INFO] sublink try repo | url=https://github.com/Misaka-blog/chromego_merge
[INFO] sublink try page | url=https://raw.githubusercontent.com/Misaka-blog/chromego_merge/main/README.md
[OK] proxies=196 | new=196 | url=https://chromego-sub.netlify.app/sub/merged_proxies_new.yaml
[OK] proxies=282 | source=[ChromeGO-Merge] | url=https://raw.githubusercontent.com/Misaka-blog/chromego_merge/main/README.md
============================================================
[INFO] toolkit try repo | url=https://github.com/Pawdroid/shadowrocket_for_android
[INFO] toolkit try release | url=https://github.com/Pawdroid/shadowrocket_for_android/releases
[INFO] toolkit try release | url=https://github.com/Pawdroid/shadowrocket_for_android/releases/expanded_assets/10.10.57
[INFO] toolkit try download | url=https://github.com/Pawdroid/shadowrocket_for_android/releases/download/10.10.57/Shadowrocket_10.10.57_shadowrocketStandard_arm64-v8a.apk
[OK] toolkit downloaded | file=Shadowrocket_10.10.57_shadowrocketStandard_arm64-v8a.apk | size=39.8mb | time=16.4s
[OK] toolkit extracted | archive=Shadowrocket_10.10.57_shadowrocketStandard_arm64-v8a.apk | tool=zipfile | files=1193 | dirs=44
[OK] toolkit sr-apk scanned | prefixes=38 | files=6 | keys=2 | archive=Shadowrocket_10.10.57_shadowrocketStandard_arm64-v8a.apk
[OK] proxies=889 | new=889 | url=https://{cdn.jsdelivr.net|raw.githubusercontent.com}/pixelor/ecfg/main/data/ecfg6_en
[OK] proxies=49 | new=32 | url=https://{cdn.jsdelivr.net|raw.githubusercontent.com}/pixelor/ecfg/main/data/ecfg6
[OK] proxies=1101 | new=239 | url=https://{cdn.jsdelivr.net|raw.githubusercontent.com}/pixelor/ecfg/main/data/ecfg6_zh
[OK] proxies=38 | new=0 | url=https://{files.shadowrockets.app|cdn.shadowrockets.app}/ecfg/data/ecfg6
[OK] proxies=701 | new=0 | url=https://{files.shadowrockets.app|cdn.shadowrockets.app}/ecfg/data/ecfg6_en
[OK] proxies=701 | new=0 | url=https://{files.shadowrockets.app|cdn.shadowrockets.app}/ecfg/data/ecfg6_zh
[OK] proxies=1160 | source=[Pawdroid-SR-APK] | url=https://github.com/Pawdroid/shadowrocket_for_android/releases/download/10.10.57/Shadowrocket_10.10.57_shadowrocketStandard_arm64-v8a.apk
============================================================
[INFO] toolkit try page | url=https://shadowshare.v2cross.com
[INFO] toolkit try download | url=https://shadowshare.v2cross.com/shadowshare.apk
[OK] toolkit downloaded | file=shadowshare.apk | size=60mb | time=28.9s
[OK] toolkit extracted | archive=shadowshare.apk | tool=zipfile | files=612 | dirs=39
[OK] toolkit ss-apk scanned | prefixes=10 | files=3 | keys=1 | archive=shadowshare.apk
[OK] proxies=188 | new=188 | url=https://{raw.githubusercontent.com|jsd.onmicrosoft.cn}/hideme9527/ecsfg/main/data/sareserver
[OK] proxies=1386 | new=1283 | url=https://{raw.githubusercontent.com|jsd.onmicrosoft.cn}/hideme9527/ecsfg/main/data/sareserver_en
[OK] proxies=18 | new=0 | url=https://{shadowsharing.com|sare.159236.xyz}/data/sareserver
[OK] proxies=1386 | new=0 | url=https://{shadowsharing.com|sare.159236.xyz}/data/sareserver_en
[OK] proxies=18 | new=0 | url=https://gitee.com/api/v5/repos/{guoyoucai1|zhiminghao|elvenapp}/ecsfg/raw/data/sareserver
[OK] proxies=1386 | new=0 | url=https://gitee.com/api/v5/repos/{zhiminghao|guoyoucai1|elvenapp}/ecsfg/raw/data/sareserver_en
[OK] proxies=1471 | source=[Pawdroid-SS-APK] | url=https://shadowshare.v2cross.com/shadowshare.apk
============================================================
[INFO] toolkit try chrome | url=https://chromewebstore.google.com/detail/free-vpn-proxy-1vpn/akcocjjpkmlniicdeemdceeajlmoabhg
[INFO] toolkit try download | url=https://clients2.google.com/service/update2/crx?response=redirect&prodversion=131.0.6778.0&acceptformat=crx2,crx3&x=id%3dakcocjjpkmlniicdeemdceeajlmoabhg%26uc
[OK] toolkit downloaded | file=free-vpn-proxy-1vpn.crx | size=1.6mb | time=4.0s
[OK] toolkit extracted | archive=free-vpn-proxy-1vpn.crx | tool=zipfile | files=68 | dirs=57
[OK] toolkit 1vpn-crx scanned | hosts=17 | keys=1 | archive=free-vpn-proxy-1vpn.crx
[OK] proxies=17 | source=[1VPN-CRX] | url=https://clients2.google.com/service/update2/crx?response=redirect&prodversion=131.0.6778.0&acceptformat=crx2,crx3&x=id%3dakcocjjpkmlniicdeemdceeajlmoabhg%26uc
============================================================
[INFO] sublink try repo | url=https://github.com/free-nodes/clashfree
[INFO] sublink try page | url=https://raw.githubusercontent.com/free-nodes/clashfree/main/README.md
[OK] proxies=1 | new=1 | url=https://github.com/free-nodes/clashfree/blob/main/clash20261010.yml
[OK] proxies=401 | new=401 | url=https://raw.githubusercontent.com/free-nodes/clashfree/main/README.md
[OK] proxies=401 | new=0 | url=https://raw.githubusercontent.com/free-nodes/clashfree/main/clash20261010.yml
[OK] proxies=402 | source=[Clashfree] | url=https://raw.githubusercontent.com/free-nodes/clashfree/main/README.md
============================================================
[INFO] sublink try repo | url=https://github.com/Epodonios/v2ray-configs
[INFO] sublink try page | url=https://raw.githubusercontent.com/Epodonios/v2ray-configs/main/README.md
[OK] proxies=3306 | new=3306 | url=https://github.com/Epodonios/v2ray-configs/raw/main/Splitted-By-Protocol/vless.txt
[OK] proxies=1 | new=1 | url=https://github.com/Epodonios/V2ray-Configs/actions/workflows/main.yml
[OK] proxies=379 | new=379 | url=https://github.com/Epodonios/v2ray-configs/raw/main/Splitted-By-Protocol/ss.txt
[OK] proxies=253 | new=253 | url=https://github.com/Epodonios/v2ray-configs/raw/main/Splitted-By-Protocol/trojan.txt
[OK] proxies=4126 | new=463 | url=https://github.com/Epodonios/v2ray-configs/raw/main/All_Configs_base64_Sub.txt
[OK] proxies=4126 | new=0 | url=https://github.com/Epodonios/v2ray-configs/raw/main/All_Configs_Sub.txt
[OK] proxies=177 | new=24 | url=https://github.com/Epodonios/v2ray-configs/raw/main/Splitted-By-Protocol/vmess.txt
[OK] proxies=4126 | new=0 | url=https://raw.githubusercontent.com/Epodonios/v2ray-configs/main/{Sub1.txt|Sub2.txt|Sub3.txt|Sub4.txt|Sub5.txt|Sub6.txt|Sub7.txt|Sub8.txt}
[OK] proxies=4426 | source=[Epodonios] | url=https://raw.githubusercontent.com/Epodonios/v2ray-configs/main/README.md
============================================================
[INFO] sublink try repo | url=https://github.com/free-clash-v2ray/free-clash-v2ray.github.io
[INFO] sublink try page | url=https://raw.githubusercontent.com/free-clash-v2ray/free-clash-v2ray.github.io/main/README.md
[OK] proxies=2438 | new=2438 | url=https://free-clash-v2ray.github.io/uploads/2026/10/{0-20261004.yaml|1-20261004.yaml|2-20261004.yaml|3-20261004.yaml}
[OK] proxies=2772 | new=847 | url=https://free-clash-v2ray.github.io/uploads/2026/10/{0-20261004.txt|1-20261004.txt|2-20261004.txt|3-20261004.txt|4-20261004.txt}
[OK] proxies=3285 | source=[Free-clash-v2ray] | url=https://raw.githubusercontent.com/free-clash-v2ray/free-clash-v2ray.github.io/main/README.md
============================================================
[INFO] article try page | url=https://v2rayclashfree.com
[INFO] sublink try page | url=https://v2rayclashfree.com/fn/20261011.html
[INFO] sublink try page | url=https://v2rayclashfree.com/fn/20261010.html
[INFO] sublink try page | url=https://v2rayclashfree.com/fn/20261009.html
[INFO] sublink try page | url=https://v2rayclashfree.com/fn/20261008.html
[INFO] sublink try page | url=https://v2rayclashfree.com/fn/20261007.html
[INFO] sublink try page | url=https://v2rayclashfree.com/fn/20261006.html
[INFO] sublink try page | url=https://v2rayclashfree.com/fn/20261005.html
[INFO] sublink try page | url=https://v2rayclashfree.com/fn/20261004.html
[INFO] sublink try page | url=https://v2rayclashfree.com/fn/20261003.html
[INFO] sublink try page | url=https://v2rayclashfree.com/fn/20261002.html
[INFO] sublink try page | url=https://v2rayclashfree.com/fn/20261001.html
[INFO] sublink try page | url=https://v2rayclashfree.com/fn/20260930.html
[OK] proxies=2867 | new=2867 | url=https://v2rayclashfree.com/sub/20260930-v2ray.txt
[OK] proxies=2901 | new=539 | url=https://v2rayclashfree.com/sub/20260930-clash.yaml
[OK] proxies=3406 | source=[V2rayclashfree-RSS] | url=https://v2rayclashfree.com/fn/20260930.html
============================================================
[INFO] toolkit try repo | url=https://github.com/MetaCubeX/meta-rules-dat
[INFO] toolkit try release | url=https://github.com/MetaCubeX/meta-rules-dat/releases
[INFO] toolkit try release | url=https://github.com/MetaCubeX/meta-rules-dat/releases/expanded_assets/latest
[INFO] toolkit try download | url=https://github.com/MetaCubeX/meta-rules-dat/releases/download/latest/country.mmdb
[OK] toolkit downloaded | file=country.mmdb | size=7.3mb | time=3.4s
[INFO] toolkit try repo | url=https://github.com/mledoze/countries
[INFO] toolkit try tree | url=https://github.com/mledoze/countries
[INFO] toolkit try download | url=https://raw.githubusercontent.com/mledoze/countries/master/countries.json
[OK] toolkit downloaded | file=countries.json | size=1.3mb | time=0.0s
[INFO] toolkit try repo | url=https://github.com/pycountry/pycountry
[INFO] toolkit try tree | url=https://github.com/pycountry/pycountry
[INFO] toolkit try download | url=https://raw.githubusercontent.com/pycountry/pycountry/main/src/pycountry/databases/iso3166-1.json
[OK] toolkit downloaded | file=iso3166-1.json | size=42.3kb | time=0.2s
[INFO] toolkit try repo | url=https://github.com/umpirsky/country-list
[INFO] toolkit try tree | url=https://github.com/umpirsky/country-list
[INFO] toolkit try download | url=https://raw.githubusercontent.com/umpirsky/country-list/master/data/zh/country.json
[OK] toolkit downloaded | file=country.json | size=7.6kb | time=0.2s
[OK] geo score ready | files=country.mmdb, countries.json, iso3166-1.json, country.json | centroids=250 | aliases=674
============================================================
[INFO] toolkit try repo | url=https://github.com/MetaCubeX/mihomo
[INFO] toolkit try release | url=https://github.com/MetaCubeX/mihomo/releases
[INFO] toolkit try release | url=https://github.com/MetaCubeX/mihomo/releases/expanded_assets/v1.19.32
[INFO] toolkit try download | url=https://github.com/MetaCubeX/mihomo/releases/download/v1.19.32/mihomo-linux-amd64-compatible-v1.19.32.gz
[OK] toolkit downloaded | file=mihomo-linux-amd64-compatible-v1.19.32.gz | size=21.8mb | time=9.5s
[OK] toolkit hash verified | file=mihomo-linux-amd64-compatible-v1.19.32.gz | sha256=ba3ce607747a07f948fc35780e108a4a7c7f552a38b9bd4d115f313ebcb89c20
[OK] proxy engine ready, starting latency test | package=mihomo-linux-amd64-compatible-v1.19.32.gz
============================================================
[WARN] batch reshard | size=17950 {1} | split=2992 {2} + 2992 {3} + 2992 {4} + 2992 {5} + 2992 {6} + 2990 {7}
[WARN] batch start failed | size=2992 {5} | split=499 {8} + 499 {9} + 499 {10} + 499 {11} + 499 {12} + 497 {13}
[WARN] batch start failed | size=2990 {7} | split=499 {14} + 499 {15} + 499 {16} + 499 {17} + 499 {18} + 495 {19}
[WARN] batch start failed | size=2992 {6} | split=499 {20} + 499 {21} + 499 {22} + 499 {23} + 499 {24} + 497 {25}
[WARN] batch start failed | size=499 {9} | split=84 {26} + 84 {27} + 84 {28} + 84 {29} + 84 {30} + 79 {31}
[WARN] batch start failed | size=499 {10} | split=84 {32} + 84 {33} + 84 {34} + 84 {35} + 84 {36} + 79 {37}
[TEST] {32} tested=84/84 | kept=47 | rest=17866
[TEST] {11} tested=100/499 | kept=3 | rest=17766
[TEST] {11} tested=200/499 | kept=5 | rest=17666
[TEST] {11} tested=300/499 | kept=6 | rest=17566
[TEST] {11} tested=400/499 | kept=7 | rest=17466
[TEST] {8} tested=100/499 | kept=1 | rest=17342
[TEST] {8} tested=200/499 | kept=3 | rest=17242
[TEST] {8} tested=300/499 | kept=10 | rest=17142
[TEST] {8} tested=400/499 | kept=11 | rest=17042
[TEST] {13} tested=100/497 | kept=0 | rest=16885
[TEST] {13} tested=200/497 | kept=0 | rest=16785
[TEST] {13} tested=300/497 | kept=1 | rest=16669
[TEST] {13} tested=400/497 | kept=1 | rest=16513
[TEST] {15} tested=100/499 | kept=30 | rest=16271
[TEST] {15} tested=200/499 | kept=55 | rest=16171
[TEST] {15} tested=300/499 | kept=84 | rest=16071
[TEST] {15} tested=400/499 | kept=110 | rest=15971
[TEST] {20} tested=100/499 | kept=1 | rest=15786
[TEST] {20} tested=200/499 | kept=2 | rest=15686
[TEST] {20} tested=300/499 | kept=4 | rest=15586
[TEST] {20} tested=400/499 | kept=6 | rest=15478
[TEST] {4} tested=100/2992 | kept=0 | rest=15363
[TEST] {4} tested=200/2992 | kept=2 | rest=15263
[TEST] {4} tested=300/2992 | kept=4 | rest=15163
[TEST] {4} tested=400/2992 | kept=7 | rest=15063
[TEST] {4} tested=500/2992 | kept=7 | rest=14963
[TEST] {4} tested=600/2992 | kept=9 | rest=14863
[TEST] {4} tested=700/2992 | kept=13 | rest=14763
[TEST] {4} tested=800/2992 | kept=13 | rest=14663
[TEST] {4} tested=900/2992 | kept=15 | rest=14563
[TEST] {4} tested=1000/2992 | kept=16 | rest=14463
[TEST] {4} tested=1100/2992 | kept=17 | rest=14363
[TEST] {4} tested=1200/2992 | kept=17 | rest=14263
[TEST] {4} tested=1300/2992 | kept=18 | rest=14163
[TEST] {14} tested=100/499 | kept=26 | rest=14041
[TEST] {14} tested=200/499 | kept=64 | rest=13941
[TEST] {14} tested=300/499 | kept=103 | rest=13841
[TEST] {14} tested=400/499 | kept=144 | rest=13741
[TEST] {3} tested=100/2992 | kept=1 | rest=13547
[TEST] {3} tested=200/2992 | kept=1 | rest=13447
[TEST] {2} tested=100/2992 | kept=17 | rest=13347
[TEST] {2} tested=200/2992 | kept=41 | rest=13247
[TEST] {2} tested=300/2992 | kept=60 | rest=13147
[TEST] {2} tested=400/2992 | kept=74 | rest=13047
[TEST] {2} tested=500/2992 | kept=102 | rest=12947
[TEST] {2} tested=600/2992 | kept=138 | rest=12847
[TEST] {2} tested=700/2992 | kept=165 | rest=12747
[TEST] {2} tested=800/2992 | kept=188 | rest=12647
[TEST] {2} tested=900/2992 | kept=222 | rest=12547
[TEST] {2} tested=1000/2992 | kept=235 | rest=12447
[TEST] {2} tested=1100/2992 | kept=246 | rest=12347
[TEST] {2} tested=1200/2992 | kept=257 | rest=12247
[TEST] {2} tested=1300/2992 | kept=279 | rest=12147
[TEST] {2} tested=1400/2992 | kept=311 | rest=12047
[TEST] {3} tested=300/2992 | kept=1 | rest=11913
[TEST] {3} tested=400/2992 | kept=1 | rest=11813
[TEST] {3} tested=500/2992 | kept=1 | rest=11713
[TEST] {3} tested=600/2992 | kept=2 | rest=11613
[TEST] {3} tested=700/2992 | kept=2 | rest=11513
[TEST] {3} tested=800/2992 | kept=2 | rest=11413
[TEST] {3} tested=900/2992 | kept=2 | rest=11313
[TEST] {3} tested=1000/2992 | kept=2 | rest=11151
[TEST] {2} tested=1500/2992 | kept=311 | rest=11054
[TEST] {16} tested=100/499 | kept=2 | rest=10908
[TEST] {16} tested=200/499 | kept=3 | rest=10806
[TEST] {16} tested=300/499 | kept=61 | rest=10701
[TEST] {4} tested=1400/2992 | kept=19 | rest=10576
[TEST] {2} tested=1600/2992 | kept=311 | rest=10489
[TEST] {18} tested=100/499 | kept=0 | rest=10376
[TEST] {18} tested=200/499 | kept=2 | rest=10255
[TEST] {18} tested=300/499 | kept=6 | rest=10123
[TEST] {18} tested=400/499 | kept=11 | rest=9992
[TEST] {16} tested=400/499 | kept=121 | rest=9957
[TEST] {3} tested=1100/2992 | kept=2 | rest=9863
[TEST] {22} tested=100/499 | kept=0 | rest=9668
[TEST] {4} tested=1500/2992 | kept=19 | rest=9573
[TEST] {2} tested=1700/2992 | kept=311 | rest=9444
[TEST] {22} tested=200/499 | kept=0 | rest=9374
[TEST] {4} tested=1600/2992 | kept=21 | rest=9342
[WARN] batch start failed | size=499 {17} | split=84 {38} + 84 {39} + 84 {40} + 84 {41} + 84 {42} + 79 {43}
[TEST] {3} tested=1200/2992 | kept=2 | rest=8914
[TEST] {4} tested=1700/2992 | kept=21 | rest=8877
[WARN] batch start failed | size=499 {21} | split=84 {44} + 84 {45} + 84 {46} + 84 {47} + 84 {48} + 79 {49}
[WARN] batch start failed | size=84 {28} | split=14 {50} + 14 {51} + 14 {52} + 14 {53} + 14 {54} + 14 {55}
[TEST] {22} tested=300/499 | kept=1 | rest=8824
[TEST] {2} tested=1800/2992 | kept=311 | rest=8815
[WARN] batch start failed | size=84 {27} | split=14 {56} + 14 {57} + 14 {58} + 14 {59} + 14 {60} + 14 {61}
[WARN] batch start failed | size=84 {26} | split=14 {62} + 14 {63} + 14 {64} + 14 {65} + 14 {66} + 14 {67}
[TEST] {22} tested=400/499 | kept=1 | rest=8664
[WARN] batch start failed | size=14 {63} | split=3 {68} + 3 {69} + 3 {70} + 3 {71} + 2 {72}
[TEST] {4} tested=1800/2992 | kept=21 | rest=8624
[TEST] {19} tested=100/495 | kept=2 | rest=8335
[TEST] {4} tested=1900/2992 | kept=21 | rest=8239
[TEST] {19} tested=200/495 | kept=3 | rest=8192
[TEST] {2} tested=1900/2992 | kept=312 | rest=8024
[TEST] {3} tested=1300/2992 | kept=2 | rest=7776
[TEST] {2} tested=2000/2992 | kept=326 | rest=7754
[TEST] {4} tested=2000/2992 | kept=21 | rest=7710
[TEST] {4} tested=2100/2992 | kept=21 | rest=7538
[TEST] {19} tested=300/495 | kept=6 | rest=7527
[TEST] {29} tested=84/84 | kept=70 | rest=7365
[TEST] {4} tested=2200/2992 | kept=21 | rest=7276
[TEST] {19} tested=400/495 | kept=28 | rest=7168
[TEST] {3} tested=1400/2992 | kept=2 | rest=7028
[TEST] {4} tested=2300/2992 | kept=21 | rest=6954
[TEST] {4} tested=2400/2992 | kept=21 | rest=6834
[TEST] {2} tested=2100/2992 | kept=327 | rest=6772
[TEST] {4} tested=2500/2992 | kept=21 | rest=6565
[TEST] {30} tested=84/84 | kept=55 | rest=6438
[TEST] {3} tested=1500/2992 | kept=2 | rest=6420
[TEST] {2} tested=2200/2992 | kept=328 | rest=6396
[TEST] {4} tested=2600/2992 | kept=21 | rest=6346
[WARN] batch start failed | size=497 {25} | split=83 {73} + 83 {74} + 83 {75} + 83 {76} + 83 {77} + 82 {78}
[TEST] {31} tested=79/79 | kept=38 | rest=6285
[TEST] {23} tested=100/499 | kept=0 | rest=6150
[TEST] {12} tested=100/499 | kept=1 | rest=5846
[TEST] {4} tested=2700/2992 | kept=21 | rest=5845
[TEST] {23} tested=200/499 | kept=1 | rest=5765
[TEST] {2} tested=2300/2992 | kept=328 | rest=5579
[TEST] {4} tested=2800/2992 | kept=21 | rest=5489
[TEST] {3} tested=1600/2992 | kept=2 | rest=5341
[TEST] {4} tested=2900/2992 | kept=21 | rest=5324
[TEST] {23} tested=300/499 | kept=1 | rest=5197
[TEST] {2} tested=2400/2992 | kept=352 | rest=5037
[TEST] {12} tested=200/499 | kept=1 | rest=5004
[TEST] {33} tested=84/84 | kept=31 | rest=4894
[TEST] {23} tested=400/499 | kept=1 | rest=4852
[TEST] {2} tested=2500/2992 | kept=397 | rest=4691
[TEST] {2} tested=2600/2992 | kept=400 | rest=4487
[TEST] {12} tested=300/499 | kept=9 | rest=4468
[TEST] {3} tested=1700/2992 | kept=2 | rest=4363
[TEST] {2} tested=2700/2992 | kept=402 | rest=4341
[TEST] {12} tested=400/499 | kept=16 | rest=4007
[TEST] {35} tested=84/84 | kept=5 | rest=3885
[WARN] batch start failed | size=79 {37} | split=14 {79} + 14 {80} + 14 {81} + 14 {82} + 14 {83} + 9 {84}
[TEST] {2} tested=2800/2992 | kept=403 | rest=3806
[TEST] {3} tested=1800/2992 | kept=2 | rest=3636
[TEST] {2} tested=2900/2992 | kept=403 | rest=3508
[TEST] {34} tested=84/84 | kept=2 | rest=3505
[WARN] batch start failed | size=84 {40} | split=14 {85} + 14 {86} + 14 {87} + 14 {88} + 14 {89} + 14 {90}
[TEST] {3} tested=1900/2992 | kept=2 | rest=3478
[TEST] {36} tested=84/84 | kept=0 | rest=3318
[TEST] {38} tested=84/84 | kept=5 | rest=3264
[WARN] batch start failed | size=84 {42} | split=14 {91} + 14 {92} + 14 {93} + 14 {94} + 14 {95} + 14 {96}
[TEST] {3} tested=2000/2992 | kept=2 | rest=2953
[WARN] batch start failed | size=84 {46} | split=14 {97} + 14 {98} + 14 {99} + 14 {100} + 14 {101} + 14 {102}
[TEST] {3} tested=2100/2992 | kept=2 | rest=2808
[TEST] {39} tested=84/84 | kept=11 | rest=2757
[TEST] {3} tested=2200/2992 | kept=2 | rest=2626
[TEST] {41} tested=84/84 | kept=0 | rest=2585
[TEST] {43} tested=79/79 | kept=1 | rest=2583
[TEST] {47} tested=84/84 | kept=1 | rest=2470
[WARN] batch start failed | size=14 {50} | split=3 {103} + 3 {104} + 3 {105} + 3 {106} + 2 {107}
[TEST] {3} tested=2300/2992 | kept=2 | rest=2379
[TEST] {3} tested=2400/2992 | kept=2 | rest=2269
[TEST] {44} tested=84/84 | kept=2 | rest=2223
[TEST] {49} tested=79/79 | kept=0 | rest=2135
[TEST] {52} tested=14/14 | kept=14 | rest=2102
[TEST] {3} tested=2500/2992 | kept=4 | rest=2076
[TEST] {45} tested=84/84 | kept=1 | rest=2036
[TEST] {48} tested=84/84 | kept=0 | rest=2020
[TEST] {51} tested=14/14 | kept=14 | rest=1987
[TEST] {56} tested=14/14 | kept=0 | rest=1976
[WARN] batch start failed | size=14 {57} | split=3 {108} + 3 {109} + 3 {110} + 3 {111} + 2 {112}
[TEST] {3} tested=2600/2992 | kept=4 | rest=1877
[TEST] {3} tested=2700/2992 | kept=4 | rest=1773
[TEST] {59} tested=14/14 | kept=14 | rest=1696
[TEST] {3} tested=2800/2992 | kept=4 | rest=1668
[TEST] {54} tested=14/14 | kept=11 | rest=1635
[TEST] {53} tested=14/14 | kept=9 | rest=1589
[TEST] {55} tested=14/14 | kept=13 | rest=1568
[WARN] batch start failed | size=14 {64} | split=3 {113} + 3 {114} + 3 {115} + 3 {116} + 2 {117}
[TEST] {58} tested=14/14 | kept=13 | rest=1539
[TEST] {3} tested=2900/2992 | kept=4 | rest=1474
[TEST] {24} tested=100/499 | kept=0 | rest=1421
[TEST] {24} tested=200/499 | kept=2 | rest=1296
[TEST] {60} tested=14/14 | kept=14 | rest=1265
[WARN] batch start failed | size=14 {65} | split=3 {118} + 3 {119} + 3 {120} + 3 {121} + 2 {122}
[TEST] {61} tested=14/14 | kept=8 | rest=1214
[TEST] {68} tested=3/3 | kept=0 | rest=1200
[TEST] {69} tested=3/3 | kept=0 | rest=1171
[TEST] {62} tested=14/14 | kept=3 | rest=1169
[WARN] batch start failed | size=3 {71} | split=1 {123} + 1 {124} + 1 {125}
[WARN] batch start failed | size=2 {72} | split=1 {126} + 1 {127}
[WARN] batch start failed | size=83 {73} | split=14 {128} + 14 {129} + 14 {130} + 14 {131} + 14 {132} + 13 {133}
[TEST] {24} tested=300/499 | kept=8 | rest=1042
[TEST] {66} tested=14/14 | kept=0 | rest=985
[TEST] {67} tested=14/14 | kept=0 | rest=796
[TEST] {24} tested=400/499 | kept=8 | rest=795
[TEST] {70} tested=3/3 | kept=0 | rest=721
[TEST] {74} tested=83/83 | kept=0 | rest=657
[TEST] {75} tested=83/83 | kept=5 | rest=579
[TEST] {79} tested=14/14 | kept=0 | rest=569
[TEST] {76} tested=83/83 | kept=6 | rest=537
[WARN] batch start failed | size=14 {83} | split=3 {134} + 3 {135} + 3 {136} + 3 {137} + 2 {138}
[TEST] {78} tested=82/82 | kept=4 | rest=458
[WARN] batch start failed | size=14 {86} | split=3 {139} + 3 {140} + 3 {141} + 3 {142} + 2 {143}
[TEST] {77} tested=83/83 | kept=3 | rest=431
[TEST] {82} tested=14/14 | kept=0 | rest=419
[TEST] {81} tested=14/14 | kept=0 | rest=413
[TEST] {80} tested=14/14 | kept=0 | rest=399
[TEST] {84} tested=9/9 | kept=0 | rest=378
[TEST] {85} tested=14/14 | kept=2 | rest=366
[TEST] {87} tested=14/14 | kept=5 | rest=341
[TEST] {88} tested=14/14 | kept=3 | rest=325
[TEST] {89} tested=14/14 | kept=0 | rest=315
[WARN] batch start failed | size=14 {96} | split=3 {144} + 3 {145} + 3 {146} + 3 {147} + 2 {148}
[TEST] {90} tested=14/14 | kept=0 | rest=307
[TEST] {92} tested=14/14 | kept=0 | rest=279
[TEST] {93} tested=14/14 | kept=2 | rest=264
[TEST] {98} tested=14/14 | kept=0 | rest=261
[TEST] {91} tested=14/14 | kept=0 | rest=260
[WARN] batch start failed | size=14 {101} | split=3 {149} + 3 {150} + 3 {151} + 3 {152} + 2 {153}
[TEST] {95} tested=14/14 | kept=0 | rest=230
[WARN] batch start failed | size=3 {103} | split=1 {154} + 1 {155} + 1 {156}
[TEST] {94} tested=14/14 | kept=0 | rest=220
[TEST] {97} tested=14/14 | kept=0 | rest=215
[TEST] {106} tested=3/3 | kept=3 | rest=213
[TEST] {100} tested=14/14 | kept=0 | rest=204
[WARN] batch start failed | size=3 {108} | split=1 {157} + 1 {158} + 1 {159}
[TEST] {99} tested=14/14 | kept=0 | rest=195
[WARN] batch start failed | size=3 {109} | split=1 {160} + 1 {161} + 1 {162}
[TEST] {104} tested=3/3 | kept=3 | rest=194
[TEST] {102} tested=14/14 | kept=0 | rest=192
[WARN] batch start failed | size=3 {113} | split=1 {163} + 1 {164} + 1 {165}
[TEST] {107} tested=2/2 | kept=2 | rest=187
[TEST] {112} tested=2/2 | kept=2 | rest=186
[WARN] batch start failed | size=3 {116} | split=1 {166} + 1 {167} + 1 {168}
[WARN] batch start failed | size=2 {117} | split=1 {169} + 1 {170}
[TEST] {110} tested=3/3 | kept=3 | rest=182
[WARN] batch start failed | size=3 {118} | split=1 {171} + 1 {172} + 1 {173}
[TEST] {105} tested=3/3 | kept=2 | rest=180
[TEST] {111} tested=3/3 | kept=2 | rest=179
[TEST] {115} tested=3/3 | kept=0 | rest=176
[TEST] {114} tested=3/3 | kept=0 | rest=172
[REPAIR] name=[ChromeGO-ShiteThings] hysteria {124} | fields=up,down
[REPAIR] name=[ChromeGO-ShiteThings] hysteria-2 {125} | fields=up,down
[REPAIR] name=[ChromeGO-ShiteThings] hysteria-4 {127} | fields=up,down
[TEST] {125} tested=1/1 | kept=0 | rest=171
[REPAIR] name=[ChromeGO-ShiteThings] hysteria-3 {126} | fields=up,down
[TEST] {123} tested=1/1 | kept=0 | rest=170
[WARN] batch start failed | size=14 {128} | split=3 {174} + 3 {175} + 3 {176} + 3 {177} + 2 {178}
[TEST] {119} tested=3/3 | kept=0 | rest=168
[TEST] {126} tested=1/1 | kept=0 | rest=149
[TEST] {127} tested=1/1 | kept=0 | rest=144
[TEST] {120} tested=3/3 | kept=0 | rest=142
[TEST] {122} tested=2/2 | kept=0 | rest=133
[TEST] {121} tested=3/3 | kept=0 | rest=123
[TEST] {135} tested=3/3 | kept=0 | rest=120
[TEST] {129} tested=14/14 | kept=1 | rest=113
[TEST] {124} tested=1/1 | kept=0 | rest=112
[TEST] {130} tested=14/14 | kept=1 | rest=101
[TEST] {132} tested=14/14 | kept=0 | rest=97
[WARN] batch start failed | size=3 {137} | split=1 {179} + 1 {180} + 1 {181}
[TEST] {131} tested=14/14 | kept=5 | rest=87
[TEST] {133} tested=13/13 | kept=0 | rest=81
[TEST] {134} tested=3/3 | kept=0 | rest=79
[TEST] {136} tested=3/3 | kept=0 | rest=78
[TEST] {138} tested=2/2 | kept=0 | rest=76
[TEST] {140} tested=3/3 | kept=0 | rest=74
[WARN] batch start failed | size=2 {143} | split=1 {182} + 1 {183}
[TEST] {139} tested=3/3 | kept=0 | rest=68
[TEST] {142} tested=3/3 | kept=0 | rest=64
[WARN] batch start failed | size=2 {148} | split=1 {184} + 1 {185}
[TEST] {141} tested=3/3 | kept=0 | rest=58
[TEST] {144} tested=3/3 | kept=0 | rest=54
[TEST] {145} tested=3/3 | kept=0 | rest=53
[TEST] {146} tested=3/3 | kept=0 | rest=52
[WARN] batch start failed | size=2 {153} | split=1 {186} + 1 {187}
[REPAIR] name=[Pawdroid-SR-APK] United+Kingdom-31 {154} | fields=cipher
[TEST] {152} tested=3/3 | kept=0 | rest=47
[TEST] {154} tested=1/1 | kept=1 | rest=46
[TEST] {155} tested=1/1 | kept=0 | rest=45
[TEST] {156} tested=1/1 | kept=1 | rest=44
[REPAIR] name=[ChromeGO-Merge] Taiwan {157} | fields=up,down
[REPAIR] name=[ChromeGO-Merge] France {158} | fields=up,down
[REPAIR] name=[ChromeGO-Merge] United-4 {159} | fields=up,down
[TEST] {157} tested=1/1 | kept=0 | rest=43
[REPAIR] name=[ChromeGO-Merge] United-5 {161} | fields=up,down
[REPAIR] name=[ChromeGO-Merge] Taiwan-2 {160} | fields=up,down
[TEST] {147} tested=3/3 | kept=0 | rest=42
[TEST] {160} tested=1/1 | kept=0 | rest=41
[REPAIR] name=[ChromeGO-ShiteThings] hysteria-5 {163} | fields=up,down
[TEST] {162} tested=1/1 | kept=1 | rest=40
[TEST] {165} tested=1/1 | kept=0 | rest=39
[TEST] {149} tested=3/3 | kept=0 | rest=38
[REPAIR] name=[ChromeGO-Merge] WARP {168} | fields=dialer-proxy
[REPAIR] name=[ChromeGO-Merge] United {169} | fields=up,down
[TEST] {168} tested=1/1 | kept=1 | rest=37
[REPAIR] name=[ChromeGO-Merge] France_hysteria_1 {170} | fields=up,down
[TEST] {172} tested=1/1 | kept=0 | rest=36
[REPAIR] name=[ChromeGO-Merge] United-2 {171} | fields=up,down
[TEST] {150} tested=3/3 | kept=0 | rest=35
[TEST] {173} tested=1/1 | kept=0 | rest=34
[TEST] {151} tested=3/3 | kept=0 | rest=32
[WARN] batch start failed | size=3 {175} | split=1 {188} + 1 {189} + 1 {190}
[WARN] batch start failed | size=3 {176} | split=1 {191} + 1 {192} + 1 {193}
[TEST] {158} tested=1/1 | kept=0 | rest=30
[TEST] {159} tested=1/1 | kept=0 | rest=29
[TEST] {161} tested=1/1 | kept=0 | rest=28
[TEST] {164} tested=1/1 | kept=0 | rest=27
[TEST] {163} tested=1/1 | kept=0 | rest=26
[TEST] {166} tested=1/1 | kept=0 | rest=25
[REPAIR] name=[Pawdroid-SS-APK] United+Kingdom-3 {180} | fields=cipher
[TEST] {167} tested=1/1 | kept=0 | rest=24
[REPAIR] name=[Free-clash-v2ray] hysteria {182} | fields=up,down
[TEST] {181} tested=1/1 | kept=0 | rest=23
[TEST] {180} tested=1/1 | kept=1 | rest=22
[TEST] {169} tested=1/1 | kept=0 | rest=21
[TEST] {170} tested=1/1 | kept=0 | rest=20
[TEST] {182} tested=1/1 | kept=0 | rest=19
[TEST] {184} tested=1/1 | kept=1 | rest=18
[DROP] name=[Free-clash-v2ray] 未知 SS-338 | free-nodes {185} | server=192.0.2.1:1 | reason=Parse config error: proxy 0: ss 192.0.2.1:1 cipher: i�5��\x1c�p initialize error: unknown method: i�5��\x1c�p
[DROP] name=[Epodonios] vless-82 {187} | server=31.57.185.92:8080 | reason=Parse config error: proxy 0: 'reality-opts' has unset fields: public-key
[TEST] {183} tested=1/1 | kept=1 | rest=15
[TEST] {171} tested=1/1 | kept=0 | rest=14
[TEST] {174} tested=3/3 | kept=0 | rest=11
[TEST] {177} tested=3/3 | kept=1 | rest=9
[REPAIR] name=[Epodonios] EPODONIOS-2808 {190} | fields=cipher
[REPAIR] name=[Epodonios] EPODONIOS-2810 {192} | fields=cipher
[REPAIR] name=[Epodonios] EPODONIOS-2809 {191} | fields=cipher
[TEST] {192} tested=1/1 | kept=0 | rest=8
[TEST] {178} tested=2/2 | kept=0 | rest=7
[TEST] {191} tested=1/1 | kept=1 | rest=6
[TEST] {189} tested=1/1 | kept=0 | rest=5
[TEST] {179} tested=1/1 | kept=0 | rest=4
[TEST] {186} tested=1/1 | kept=0 | rest=3
[TEST] {188} tested=1/1 | kept=0 | rest=2
[TEST] {190} tested=1/1 | kept=0 | rest=1
[TEST] {193} tested=1/1 | kept=0 | rest=0
[DROP] dropped=2 | [Free-clash-v2ray] × 1 | [Epodonios] × 1
============================================================
[CAP] source=[免费节点2] | from=221 | to=50
[CAP] source=[免费节点8] | from=93 | to=50
[CAP] source=[Pawdroid-SR-APK] | from=378 | to=50
[CAP] source=[Epodonios] | from=51 | to=50
[CAP] source=[Free-clash-v2ray] | from=455 | to=50
[CAP] source=[V2rayclashfree-RSS] | from=65 | to=50
[CAP] total | from=471 | to=400 | floor=5 | by=health_score
[CAP] reserved=102 | pool=369 | taken=298
[CAP] source=[Mibei77-RSS] | from=12 | to=9
[CAP] source=[免费节点3] | from=12 | to=9
[CAP] source=[NekoWarp] | from=10 | to=9
[CAP] source=[免费节点1] | from=27 | to=11
[CAP] source=[免费节点10] | from=21 | to=18
[CAP] source=[免费节点11] | from=18 | to=12
[CAP] source=[Pawdroid-SS-APK] | from=19 | to=11
[CAP] source=[1VPN-CRX] | from=12 | to=8
[CAP] source=[Epodonios] | from=50 | to=28
[CAP] source=[V2rayclashfree-RSS] | from=50 | to=45
============================================================
+------------------------------+--------+--------+------+--------+
| source                       |    raw | unique | live | capped |
+------------------------------+--------+--------+------+--------+
| [大FQ运动]                   |     18 |     18 |    4 |      4 |
+------------------------------+--------+--------+------+--------+
| [Pawdroid]                   |     11 |     10 |    4 |      4 |
+------------------------------+--------+--------+------+--------+
| [FreeV2-Base64]              |      3 |      3 |    2 |      2 |
+------------------------------+--------+--------+------+--------+
| [Bocchi2b-Base64]            |     32 |     32 |    0 |      0 |
+------------------------------+--------+--------+------+--------+
| [Freesocks]                  |      4 |      4 |    3 |      3 |
+------------------------------+--------+--------+------+--------+
| [NekoWarp]                   |     10 |     10 |   10 |      9 |
+------------------------------+--------+--------+------+--------+
| [OpenRunner-RSS]             |     14 |     14 |    1 |      1 |
+------------------------------+--------+--------+------+--------+
| [V2Rayshare-RSS]             |     22 |     22 |    1 |      1 |
+------------------------------+--------+--------+------+--------+
| [Mibei77-RSS]                |    125 |    112 |   12 |      9 |
+------------------------------+--------+--------+------+--------+
| [Yoyapai-RSS]                |    298 |    292 |    1 |      1 |
+------------------------------+--------+--------+------+--------+
| [免费节点1]                  |    174 |     93 |   27 |     11 |
+------------------------------+--------+--------+------+--------+
| [免费节点2]                  |    562 |    529 |  221 |     50 |
+------------------------------+--------+--------+------+--------+
| [免费节点3]                  |     28 |     15 |   12 |      9 |
+------------------------------+--------+--------+------+--------+
| [免费节点4]                  |    335 |    196 |   13 |     13 |
+------------------------------+--------+--------+------+--------+
| [免费节点5]                  |     29 |     28 |    0 |      0 |
+------------------------------+--------+--------+------+--------+
| [免费节点6]                  |    566 |    553 |    0 |      0 |
+------------------------------+--------+--------+------+--------+
| [免费节点7]                  |     56 |     11 |    3 |      3 |
+------------------------------+--------+--------+------+--------+
| [免费节点8]                  |   4257 |   3673 |   93 |     50 |
+------------------------------+--------+--------+------+--------+
| [免费节点9]                  |    615 |    454 |    0 |      0 |
+------------------------------+--------+--------+------+--------+
| [免费节点10]                 |   4644 |   3087 |   21 |     18 |
+------------------------------+--------+--------+------+--------+
| [免费节点11]                 |    711 |    304 |   18 |     12 |
+------------------------------+--------+--------+------+--------+
| [ChromeGO-Toolkit]           |     20 |     19 |    3 |      3 |
+------------------------------+--------+--------+------+--------+
| [ChromeGO-ShiteThings]       |     31 |     25 |    1 |      1 |
+------------------------------+--------+--------+------+--------+
| [ChromeGO-Merge]             |    282 |     74 |    1 |      1 |
+------------------------------+--------+--------+------+--------+
| [Pawdroid-SR-APK]            |   1160 |    711 |  378 |     50 |
+------------------------------+--------+--------+------+--------+
| [Pawdroid-SS-APK]            |   1471 |   1085 |   19 |     11 |
+------------------------------+--------+--------+------+--------+
| [1VPN-CRX]                   |     17 |     17 |   12 |      8 |
+------------------------------+--------+--------+------+--------+
| [Clashfree]                  |    402 |     55 |    3 |      3 |
+------------------------------+--------+--------+------+--------+
| [Epodonios]                  |   4426 |   3489 |   51 |     28 |
+------------------------------+--------+--------+------+--------+
| [Free-clash-v2ray]           |   3285 |   1984 |  455 |     50 |
+------------------------------+--------+--------+------+--------+
| [V2rayclashfree-RSS]         |   3406 |   1031 |   65 |     45 |
+------------------------------+--------+--------+------+--------+
============================================================
[SUMMARY] collected=27014 | candidates=17950 | kept=400 | avg=576.22ms
[SUMMARY] geo | HK=41 | JP=75 | KR=33 | TW=6 | SG=32 | US=89 | GB=20 | FR=16 | DE=10 | NL=18 | CA=10 | other=50
[SUMMARY] score | max=500.0468 | p90=107.2935 | p50=37.3741 | avg=51.9261 | min=0.0347 | geo_avg=28.7200 | adj_avg=+6.9543
============================================================
[WRITTEN] file=clash | path=/home/runner/work/Free-node-autotest/Free-node-autotest/output/clash.yaml | history=797389898199-clash-1800-20261010.yaml | proxies=400
[WRITTEN] file=raw | path=/home/runner/work/Free-node-autotest/Free-node-autotest/output/raw.yaml | history=797389898199-raw-1800-20261010.yaml | proxies=27016
[WRITTEN] file=debug | path=/home/runner/work/Free-node-autotest/Free-node-autotest/history/797389898199-debug-1800-20261010.log | proxies=27029
