============================================================
[INFO] sublink try page: https://end-gfw.com
[WARN] sublink page failed: https://end-gfw.com failed to fetch https://end-gfw.com: 522 Server Error: <none> for url: https://end-gfw.com/
[INFO] source try url: https://end-gfw.com/ss-key
[WARN] source=[大FQ运动] skipped url=https://end-gfw.com/ss-key error=failed to fetch https://end-gfw.com/ss-key: 522 Server Error: <none> for url: https://end-gfw.com/ss-key
[INFO] sublink try repo: https://github.com/hello-world-1989/cn-news
[INFO] sublink try page: https://raw.githubusercontent.com/hello-world-1989/cn-news/main/README.md
[OK] proxies=2 new=2 url=https://raw.githubusercontent.com/hello-world-1989/cn-news/refs/heads/main/clash.yaml
[OK] proxies=2 new=0 url=https://raw.githubusercontent.com/hello-world-1989/cn-news/main/end-gfw-together
[OK] proxies=6 new=6 url=https://raw.githubusercontent.com/hello-world-1989/v2-sub/main/end-gfw-together-af3e13
[WARN] source=[大FQ运动] few proxies found=8 raw=15
[INFO] source=[大FQ运动] reused previous raw file=797390788568-raw-1431-20260921.yaml stamp=202609211431
[OK] proxies=15 source=[大FQ运动] url=https://raw.githubusercontent.com/hello-world-1989/cn-news/main/README.md
============================================================
[INFO] sublink try repo: https://github.com/Pawdroid/Free-servers
[INFO] sublink try page: https://raw.githubusercontent.com/Pawdroid/Free-servers/main/README.md
[OK] proxies=20 new=20 url=https://raw.githubusercontent.com/Pawdroid/Free-servers/main/README.md
[OK] proxies=20 new=17 url=https://raw.githubusercontent.com/Pawdroid/Free-servers/main/sub
[OK] proxies=1 new=1 url=https://apps.apple.com/cn/app/shadowshare/id1612647259
[OK] proxies=1 new=1 url=http://www.surflare.com
[OK] proxies=39 source=[Pawdroid] url=https://raw.githubusercontent.com/Pawdroid/Free-servers/main/README.md
============================================================
[INFO] source try url: https://xmxosfepggzm.503403.xyz
[OK] proxies=3 new=3 url=https://xmxosfepggzm.503403.xyz
[OK] proxies=3 source=[FreeV2-Base64] url=https://xmxosfepggzm.503403.xyz
============================================================
[INFO] source try url: https://links.bocchi2b.top/clash
[OK] proxies=35 new=35 url=https://links.bocchi2b.top/clash
[OK] proxies=35 source=[Bocchi2b-Base64] url=https://links.bocchi2b.top/clash
============================================================
[INFO] toolkit try repo: https://github.com/bannedbook/fanqiang
[INFO] toolkit try release: https://github.com/bannedbook/fanqiang/releases
[INFO] toolkit try release: https://github.com/bannedbook/fanqiang/releases/expanded_assets/ChromeGo-latest
[INFO] toolkit try download: https://github.com/bannedbook/fanqiang/releases/download/ChromeGo-latest/ChromeGo.7z
[OK] toolkit downloaded: ChromeGo.7z bytes=100924352
[OK] toolkit extracted archive=ChromeGo.7z tool=7z files=222 dirs=45
[OK] toolkit discovered subs=107 embedded=12 archive=ChromeGo.7z
[OK] proxies=6 new=6 embedded=archive-config
[OK] proxies=7 new=5 url=https://gitlab.com/free9999/ipupdate/master/backup/img/1/2/{ipp|ip}/{hysteria2|singbox|naiveproxy|hysteria|xray}/{2|3|1|4}/config.json
[OK] proxies=7 new=0 url=https://www.67867867.xyz/Alvin9999/PAC/refs/heads/master/backup/img/1/2/{ipp|ip}/{hysteria2|singbox|naiveproxy|hysteria|xray}/{2|3|1|4}/config.json
[OK] proxies=3 new=3 url=https://gitlab.com/free9999/ipupdate/master/backup/img/1/2/{ipp|ip}/clash.meta2/{2|3|1|5|4|6}/config.yaml
[OK] proxies=3 new=0 url=https://www.67867867.xyz/Alvin9999/PAC/refs/heads/master/backup/img/1/2/{ipp|ip}/clash.meta2/{2|3|1|5|4|6}/config.yaml
[OK] proxies=14 source=[ChromeGO-Toolkit] url=https://github.com/bannedbook/fanqiang/releases/download/ChromeGo-latest/ChromeGo.7z
============================================================
[INFO] sublink try repo: https://github.com/ShiteThings/extractNodes
[INFO] sublink try page: https://raw.githubusercontent.com/ShiteThings/extractNodes/main/README.md
[OK] proxies=31 new=30 url=https://{chg26.makou.cc.cd|chg64.makou.cc.cd}
[OK] proxies=26 new=1 url=https://chg26.makou.cc.cd/sb
[OK] proxies=31 source=[ChromeGO-ShiteThings] url=https://raw.githubusercontent.com/ShiteThings/extractNodes/main/README.md
============================================================
[INFO] sublink try repo: https://github.com/shangui999/chromego_merge
[INFO] sublink try page: https://raw.githubusercontent.com/shangui999/chromego_merge/master/ReadMe.md
[OK] proxies=10 new=10 url=https://freedman.netlify.app/sub/merged_proxies_new.yaml
[OK] proxies=11 new=1 url=https://freedman.netlify.app/sub/merged_warp_proxies_new.yaml
[OK] proxies=11 new=6 url=https://freedman.netlify.app/sub/shadowrocket_base64.txt
[OK] proxies=16 new=16 url=https://freedman.netlify.app/sub/sb.json
[INFO] sublink try repo: https://github.com/yaney01/chromego
[INFO] sublink try page: https://raw.githubusercontent.com/yaney01/chromego/main/ReadMe.md
[OK] proxies=50 new=46 url=https://raw.githubusercontent.com/yaney01/chromego/main/sub/merged_proxies_new.yaml
[OK] proxies=51 new=0 url=https://raw.githubusercontent.com/yaney01/chromego/main/sub/merged_warp_proxies_new.yaml
[OK] proxies=13 new=7 url=https://raw.githubusercontent.com/yaney01/chromego/main/sub/shadowrocket_base64.txt
[OK] proxies=13 new=0 url=https://raw.githubusercontent.com/yaney01/chromego/main/sub/sb.json
[INFO] sublink try repo: https://github.com/Misaka-blog/chromego_merge
[INFO] sublink try page: https://raw.githubusercontent.com/Misaka-blog/chromego_merge/main/README.md
[OK] proxies=31 new=31 url=https://chromego-sub.netlify.app/sub/merged_proxies_new.yaml
[OK] proxies=117 source=[ChromeGO-Merge] url=https://raw.githubusercontent.com/Misaka-blog/chromego_merge/main/README.md
============================================================
[INFO] source try url: https://freesocks.org/api/v1/sub/02b897e8e77f19176b0b9f2c75864b00
[OK] proxies=1 new=1 url=https://freesocks.org/api/v1/sub/02b897e8e77f19176b0b9f2c75864b00
[OK] proxies=1 source=[Freesocks] url=https://freesocks.org/api/v1/sub/02b897e8e77f19176b0b9f2c75864b00
============================================================
[INFO] source try url: https://neko-warp.nloli.xyz/neko_warp.yaml
[OK] proxies=10 new=10 url=https://neko-warp.nloli.xyz/neko_warp.yaml
[OK] proxies=10 source=[NekoWarp] url=https://neko-warp.nloli.xyz/neko_warp.yaml
============================================================
[INFO] toolkit try chrome: https://chromewebstore.google.com/detail/free-vpn-proxy-1vpn/akcocjjpkmlniicdeemdceeajlmoabhg
[INFO] toolkit try download: https://clients2.google.com/service/update2/crx?response=redirect&prodversion=131.0.6778.0&acceptformat=crx2,crx3&x=id%3dakcocjjpkmlniicdeemdceeajlmoabhg%26uc
[OK] toolkit downloaded: free-vpn-proxy-1vpn.crx bytes=1627904
[OK] toolkit extracted archive=free-vpn-proxy-1vpn.crx tool=zipfile files=68 dirs=57
[OK] toolkit 1vpn-crx scanned hosts=17 keys=1 archive=free-vpn-proxy-1vpn.crx
[OK] proxies=17 source=[1VPN-CRX] url=https://clients2.google.com/service/update2/crx?response=redirect&prodversion=131.0.6778.0&acceptformat=crx2,crx3&x=id%3dakcocjjpkmlniicdeemdceeajlmoabhg%26uc
============================================================
[INFO] article try feed: https://free.datiya.com/index.xml
[INFO] sublink try page: https://free.datiya.com/post/20260921/
[OK] proxies=14 new=14 url=https://free.datiya.com/uploads/20260921-clash.yaml
[OK] proxies=14 source=[OpenRunner-RSS] url=https://free.datiya.com/post/20260921/
============================================================
[INFO] article try feed: https://v2rayshare.com/feed
[INFO] sublink try page: https://v2rayshare.net/p/5059.html
[OK] proxies=23 new=23 url=https://static.v2rayshare.net/2026/09/20260921.txt
[OK] proxies=30 new=30 url=https://static.v2rayshare.net/2026/09/20260921.yaml
[OK] proxies=30 new=0 url=https://static.v2rayshare.net/2026/09/m20260921.yaml
[INFO] sublink try repo: https://github.com/firefoxmmx2/v2rayshare_subcription
[INFO] sublink try page: https://raw.githubusercontent.com/firefoxmmx2/v2rayshare_subcription/main/README.md
[OK] proxies=23 new=0 url=https://{raw.githubusercontent.com|cdn.jsdelivr.net}/firefoxmmx2/v2rayshare_subcription/main/subscription/vray_sub.txt
[OK] proxies=57 new=27 url=https://{raw.githubusercontent.com|cdn.jsdelivr.net}/firefoxmmx2/v2rayshare_subcription/main/subscription/clash_sub.yaml
[OK] proxies=57 new=0 url=https://{raw.githubusercontent.com|cdn.jsdelivr.net}/firefoxmmx2/v2rayshare_subcription/main/subscription/mihomo_sub.yaml
[OK] proxies=80 source=[V2Rayshare-RSS] url=https://raw.githubusercontent.com/firefoxmmx2/v2rayshare_subcription/main/README.md
============================================================
[INFO] article try feed: https://www.mibei77.com/feed
[INFO] sublink try page: https://www.mibei77.com/686.html
[OK] proxies=192 new=192 url=https://mm.mibei77.com/202609/09.2164bavgb.txt
[OK] proxies=190 new=0 url=https://mm.mibei77.com/202609/0921Clashijz.yaml
[OK] proxies=192 source=[Mibei77-RSS] url=https://www.mibei77.com/686.html
============================================================
[INFO] article try feed: https://yoyapai.com/feed
[INFO] sublink try page: https://yoyapai.com/728
[OK] proxies=1 new=1 url=https://yoyapai.com/728
[OK] proxies=215 new=215 url=https://freenode.yoyapai.com/2026/09/21-yoyapai.com-clash-vpnmianfeijiedian.yaml
[OK] proxies=215 new=0 url=https://freenode.yoyapai.com/2026/09/21-yoyapai.com-ssrv2ray-vpnmianfeijiedian.txt
[OK] proxies=216 source=[Yoyapai-RSS] url=https://yoyapai.com/728
============================================================
[INFO] sublink try repo: https://github.com/free18/v2ray
[INFO] sublink try page: https://raw.githubusercontent.com/free18/v2ray/main/README.md
[OK] proxies=3 new=3 url=https://raw.githubusercontent.com/free18/v2ray/main/README.md
[OK] proxies=204 new=204 url=https://ghfast.top/https://raw.githubusercontent.com/free18/v2ray/refs/heads/main/v.txt
[OK] proxies=204 new=0 url=https://ghfast.top/https://raw.githubusercontent.com/free18/v2ray/refs/heads/main/c.yaml
[OK] proxies=207 source=[免费节点1] url=https://raw.githubusercontent.com/free18/v2ray/main/README.md
============================================================
[INFO] sublink try repo: https://github.com/ermaozi/get_subscribe
[INFO] sublink try page: https://raw.githubusercontent.com/ermaozi/get_subscribe/main/README.md
[INFO] sublink file_nodes=0 bare links=9
[OK] proxies=371 new=371 url=https://www.ermao.net/sub/{clash|v2ray}/ermao.net
[OK] proxies=369 new=0 url=https://www.ermao.net/sub/{reachable|unreachable|untested}/clash/ermao.net
[OK] proxies=371 source=[免费节点2] url=https://raw.githubusercontent.com/ermaozi/get_subscribe/main/README.md
============================================================
[INFO] sublink try repo: https://github.com/sunmiao4458/free-proxy-airport
[INFO] sublink try page: https://raw.githubusercontent.com/sunmiao4458/free-proxy-airport/main/README.md
[OK] proxies=53 new=53 url=https://sunmiao4458.github.io/free-proxy-airport/clash.yaml
[OK] proxies=53 source=[免费节点3] url=https://raw.githubusercontent.com/sunmiao4458/free-proxy-airport/main/README.md
============================================================
[INFO] sublink try repo: https://github.com/mfuu/FreeProxies
[INFO] sublink try page: https://raw.githubusercontent.com/mfuu/FreeProxies/master/README.md
[OK] proxies=839 new=839 url=https://raw.githubusercontent.com/mfuu/FreeProxies/master/sub.yaml
[OK] proxies=839 source=[免费节点4] url=https://raw.githubusercontent.com/mfuu/FreeProxies/master/README.md
============================================================
[INFO] sublink try repo: https://github.com/vxiaov/free_proxies
[INFO] sublink try page: https://raw.githubusercontent.com/vxiaov/free_proxies/main/README.md
[OK] proxies=1 new=1 url=https://raw.githubusercontent.com/vxiaov/free_proxies/main/README.md
[OK] proxies=28 new=28 url=https://{cdn.jsdelivr.net|raw.githubusercontent.com}/vxiaov/free_proxies/main/clash/clash.provider.yaml
[OK] proxies=29 source=[免费节点5] url=https://raw.githubusercontent.com/vxiaov/free_proxies/main/README.md
============================================================
[INFO] sublink try repo: https://github.com/anaer/Sub
[INFO] sublink try page: https://raw.githubusercontent.com/anaer/Sub/main/README.MD
[OK] proxies=1593 new=1593 url=https://anaer.github.io/Sub/clash.yaml
[OK] proxies=1593 new=0 url=https://raw.githubusercontent.com/anaer/Sub/main/clash.yaml
[OK] proxies=1593 source=[免费节点6] url=https://raw.githubusercontent.com/anaer/Sub/main/README.MD
============================================================
[INFO] sublink try repo: https://github.com/snakem982/proxypool
[INFO] sublink try page: https://raw.githubusercontent.com/snakem982/proxypool/main/README.md
[OK] proxies=63 new=63 url=https://raw.githubusercontent.com/snakem982/proxypool/main/source/clash-meta-2.yaml
[OK] proxies=63 new=0 url=https://raw.githubusercontent.com/snakem982/proxypool/main/source/v2ray-2.txt
[OK] proxies=62 new=0 url=https://raw.githubusercontent.com/snakem982/proxypool/main/source/sing-box-2.json
[OK] proxies=63 source=[免费节点7] url=https://raw.githubusercontent.com/snakem982/proxypool/main/README.md
============================================================
[INFO] sublink try repo: https://github.com/mahdibland/V2RayAggregator
[INFO] sublink try page: https://raw.githubusercontent.com/mahdibland/V2RayAggregator/master/README.md
[OK] proxies=378 new=378 url=https://raw.githubusercontent.com/mahdibland/V2RayAggregator/master/README.md
[OK] proxies=1 new=1 url=https://github.com/mahdibland/SSAggregator/actions/workflows/Collector.yml
[OK] proxies=1 new=0 url=https://github.com/mahdibland/SSAggregator/actions/workflows/Airport_Collector.yml
[OK] proxies=198 new=0 url=https://raw.githubusercontent.com/mahdibland/ShadowsocksAggregator/master/Eternity.txt
[OK] proxies=199 new=4 url=https://raw.githubusercontent.com/mahdibland/ShadowsocksAggregator/master/Eternity.yml
[OK] proxies=61 new=61 url=https://raw.githubusercontent.com/mahdibland/ShadowsocksAggregator/master/EternityAir.txt
[OK] proxies=3956 new=3666 url=https://raw.githubusercontent.com/mahdibland/SSAggregator/master/sub/sub_merge_base64.txt
[OK] proxies=3956 new=0 url=https://raw.githubusercontent.com/mahdibland/{SSAggregator|ShadowsocksAggregator}/master/sub/sub_merge.txt
[OK] proxies=4127 new=172 url=https://raw.githubusercontent.com/mahdibland/SSAggregator/master/sub/sub_merge_yaml.yml
[OK] proxies=61 new=0 url=https://raw.githubusercontent.com/mahdibland/SSAggregator/master/sub/airport_merge_base64.txt
[OK] proxies=61 new=0 url=https://raw.githubusercontent.com/mahdibland/SSAggregator/master/sub/airport_sub_merge.txt
[OK] proxies=1439 new=0 url=https://raw.githubusercontent.com/mahdibland/ShadowsocksAggregator/master/sub/splitted/vmess.txt
[OK] proxies=633 new=0 url=https://raw.githubusercontent.com/mahdibland/ShadowsocksAggregator/master/sub/splitted/trojan.txt
[OK] proxies=46 new=0 url=https://raw.githubusercontent.com/mahdibland/ShadowsocksAggregator/master/sub/splitted/ssr.txt
[OK] proxies=1839 new=0 url=https://raw.githubusercontent.com/mahdibland/ShadowsocksAggregator/master/sub/splitted/ss.txt
[OK] proxies=1 new=0 url=https://cdn.jsdelivr.net/gh/mahdibland/V2RayAggregator@master/update/provider/provider-meta.yml
[OK] proxies=1 new=0 url=https://cdn.jsdelivr.net/gh/mahdibland/V2RayAggregator@master/update/provider/provider-meta-cn.yml
[OK] proxies=1 new=0 url=https://cdn.jsdelivr.net/gh/mahdibland/V2RayAggregator@master/update/provider/provider-meta-others.yml
[OK] proxies=1 new=0 url=https://cdn.jsdelivr.net/gh/mahdibland/V2RayAggregator@master/update/provider/provider.yml
[OK] proxies=1 new=0 url=https://cdn.jsdelivr.net/gh/mahdibland/V2RayAggregator@master/update/provider/provider-cn.yml
[OK] proxies=1 new=0 url=https://cdn.jsdelivr.net/gh/mahdibland/V2RayAggregator@master/update/provider/provider-others.yml
[OK] proxies=4282 source=[免费节点8] url=https://raw.githubusercontent.com/mahdibland/V2RayAggregator/master/README.md
============================================================
[INFO] sublink try repo: https://github.com/w1770946466/Auto_proxy
[INFO] sublink try page: https://raw.githubusercontent.com/w1770946466/Auto_proxy/main/README.md
[OK] proxies=1 new=1 url=https://github.com/w1770946466/Auto_proxy/actions/workflows/main.yml
[OK] proxies=245 new=245 url=https://raw.githubusercontent.com/w1770946466/Auto_proxy/main/{Long_term_subscription2.yaml|Long_term_subscription1.yaml|Long_term_subscription3.yaml}
[OK] proxies=489 new=54 url=https://raw.githubusercontent.com/w1770946466/Auto_proxy/main/{Long_term_subscription1|Long_term_subscription2|Long_term_subscription3|Long_term_subscription4|Long_term_subscription5|Long_term_subscription6|Long_term_subscription7|Long_term_subscription8}
[OK] proxies=489 new=315 url=https://raw.githubusercontent.com/w1770946466/Auto_proxy/main/Long_term_subscription_num
[OK] proxies=615 source=[免费节点9] url=https://raw.githubusercontent.com/w1770946466/Auto_proxy/main/README.md
============================================================
[INFO] sublink try repo: https://github.com/PuddinCat/BestClash
[INFO] sublink try page: https://raw.githubusercontent.com/PuddinCat/BestClash/main/README.md
[OK] proxies=16 new=16 url=https://raw.githubusercontent.com/PuddinCat/BestClash/main/proxies.yaml
[OK] proxies=28 new=28 url=https://cdn.jsdelivr.net/gh/vxiaov/free_proxies@main/clash/clash.provider.yaml
[OK] proxies=24 new=24 url=https://freenode.openrunner.net/uploads/20240807-clash.yaml
[OK] proxies=31 new=30 url=https://raw.githubusercontent.com/Misaka-blog/chromego_merge/main/sub/merged_proxies_new.yaml
[OK] proxies=4740 new=4711 url=https://raw.githubusercontent.com/{NiceVPN123|anaer}/{NiceVPN|Sub}/main/{Clash.yaml|clash.yaml}
[OK] proxies=26 new=1 url=https://raw.githubusercontent.com/{chengaopan|peasoft}/{AutoMergePublicNodes|NoMoreWalls}/master/list.yml
[OK] proxies=379 new=349 url=https://raw.githubusercontent.com/{ermaozi|ermaozi01}/{get_subscribe|free_clash_vpn}/main/subscribe/clash.yml
[OK] proxies=199 new=170 url=https://raw.githubusercontent.com/mahdibland/ShadowsocksAggregator/master/Eternity.yml
[OK] proxies=165 new=160 url=https://raw.githubusercontent.com/ronghuaxueleng/get_v2/main/pub/combine.yaml
[OK] proxies=144 new=3 url=https://raw.githubusercontent.com/zhangkaiitugithub/passcro/main/speednodes.yaml
[OK] proxies=5492 source=[免费节点10] url=https://raw.githubusercontent.com/PuddinCat/BestClash/main/README.md
============================================================
[INFO] sublink try repo: https://github.com/kooker/FreeSubsCheck
[INFO] sublink try page: https://raw.githubusercontent.com/kooker/FreeSubsCheck/main/README.md
[OK] proxies=18 new=18 url=https://raw.githubusercontent.com/kooker/FreeSubsCheck/main/mihomo.yaml
[OK] proxies=18 new=0 url=https://raw.githubusercontent.com/kooker/FreeSubsCheck/main/all.yaml
[OK] proxies=16 new=0 url=https://raw.githubusercontent.com/kooker/FreeSubsCheck/main/base64.txt
[OK] proxies=24 new=16 url=https://raw.githubusercontent.com/kooker/FreeSubsCheck/main/byxiaoxi.txt
[OK] proxies=470 new=470 url=https://raw.githubusercontent.com/kooker/FreeSubsCheck/main/kooker.jp.txt
[OK] proxies=504 source=[免费节点11] url=https://raw.githubusercontent.com/kooker/FreeSubsCheck/main/README.md
============================================================
[INFO] toolkit try repo: https://github.com/Pawdroid/shadowrocket_for_android
[INFO] toolkit try release: https://github.com/Pawdroid/shadowrocket_for_android/releases
[INFO] toolkit try release: https://github.com/Pawdroid/shadowrocket_for_android/releases/expanded_assets/10.10.51
[INFO] toolkit try download: https://github.com/Pawdroid/shadowrocket_for_android/releases/download/10.10.51/Shadowrocket_10.10.51_shadowrocketStandard_arm64-v8a.apk
[OK] toolkit downloaded: Shadowrocket_10.10.51_shadowrocketStandard_arm64-v8a.apk bytes=41111539
[OK] toolkit extracted archive=Shadowrocket_10.10.51_shadowrocketStandard_arm64-v8a.apk tool=zipfile files=1175 dirs=44
[OK] toolkit sr-apk scanned prefixes=36 files=6 keys=2 archive=Shadowrocket_10.10.51_shadowrocketStandard_arm64-v8a.apk
[OK] proxies=1221 new=1221 url=https://{cdn.jsdelivr.net|raw.githubusercontent.com}/pixelor/ecfg/main/data/ecfg6_zh
[OK] proxies=798 new=0 url=https://{cdn.jsdelivr.net|raw.githubusercontent.com}/pixelor/ecfg/main/data/ecfg6_en
[OK] proxies=166 new=43 url=https://{cdn.jsdelivr.net|raw.githubusercontent.com}/pixelor/ecfg/main/data/ecfg6
[OK] proxies=166 new=0 url=https://{files.shadowrockets.app|cdn.shadowrockets.app}/ecfg/data/ecfg6
[OK] proxies=798 new=0 url=https://{files.shadowrockets.app|cdn.shadowrockets.app}/ecfg/data/ecfg6_en
[OK] proxies=798 new=0 url=https://{files.shadowrockets.app|cdn.shadowrockets.app}/ecfg/data/ecfg6_zh
[OK] proxies=1264 source=[Pawdroid-SR-APK] url=https://github.com/Pawdroid/shadowrocket_for_android/releases/download/10.10.51/Shadowrocket_10.10.51_shadowrocketStandard_arm64-v8a.apk
============================================================
[INFO] toolkit try page: https://shadowshare.v2cross.com
[INFO] toolkit try download: https://shadowshare.v2cross.com/shadowshare.apk
[OK] toolkit downloaded: shadowshare.apk bytes=62868122
[OK] toolkit extracted archive=shadowshare.apk tool=zipfile files=612 dirs=39
[OK] toolkit ss-apk scanned prefixes=10 files=3 keys=1 archive=shadowshare.apk
[OK] proxies=1386 new=1386 url=https://{raw.githubusercontent.com|jsd.onmicrosoft.cn}/hideme9527/ecsfg/main/data/sareserver_en
[OK] proxies=230 new=125 url=https://{raw.githubusercontent.com|jsd.onmicrosoft.cn}/hideme9527/ecsfg/main/data/sareserver
[OK] proxies=142 new=0 url=https://{shadowsharing.com|sare.159236.xyz}/data/sareserver
[OK] proxies=1386 new=0 url=https://{shadowsharing.com|sare.159236.xyz}/data/sareserver_en
[OK] proxies=142 new=0 url=https://gitee.com/api/v5/repos/{guoyoucai1|zhiminghao|elvenapp}/ecsfg/raw/data/sareserver
[OK] proxies=1386 new=0 url=https://gitee.com/api/v5/repos/{elvenapp|guoyoucai1|zhiminghao}/ecsfg/raw/data/sareserver_en
[OK] proxies=1511 source=[Pawdroid-SS-APK] url=https://shadowshare.v2cross.com/shadowshare.apk
============================================================
[INFO] sublink try repo: https://github.com/free-nodes/clashfree
[INFO] sublink try page: https://raw.githubusercontent.com/free-nodes/clashfree/main/README.md
[OK] proxies=1373 new=1373 url=https://raw.githubusercontent.com/free-nodes/clashfree/main/README.md
[OK] proxies=1373 new=0 url=https://raw.githubusercontent.com/free-nodes/clashfree/main/clash20260921.yml
[OK] proxies=1 new=1 url=https://github.com/free-nodes/clashfree/blob/main/clash20260921.yml
[OK] proxies=1374 source=[Clashfree] url=https://raw.githubusercontent.com/free-nodes/clashfree/main/README.md
============================================================
[INFO] sublink try repo: https://github.com/Epodonios/v2ray-configs
[INFO] sublink try page: https://raw.githubusercontent.com/Epodonios/v2ray-configs/main/README.md
[OK] proxies=1 new=1 url=https://github.com/Epodonios/V2ray-Configs/actions/workflows/main.yml
[OK] proxies=4153 new=4153 url=https://github.com/Epodonios/v2ray-configs/raw/main/All_Configs_Sub.txt
[OK] proxies=4153 new=0 url=https://github.com/Epodonios/v2ray-configs/raw/main/All_Configs_base64_Sub.txt
[OK] proxies=3343 new=1 url=https://github.com/Epodonios/v2ray-configs/raw/main/Splitted-By-Protocol/vless.txt
[OK] proxies=162 new=0 url=https://github.com/Epodonios/v2ray-configs/raw/main/Splitted-By-Protocol/vmess.txt
[OK] proxies=400 new=0 url=https://github.com/Epodonios/v2ray-configs/raw/main/Splitted-By-Protocol/ss.txt
[OK] proxies=3 new=0 url=https://github.com/Epodonios/v2ray-configs/raw/main/Splitted-By-Protocol/ssr.txt
[OK] proxies=195 new=0 url=https://github.com/Epodonios/v2ray-configs/raw/main/Splitted-By-Protocol/trojan.txt
[OK] proxies=4153 new=0 url=https://raw.githubusercontent.com/Epodonios/v2ray-configs/main/{Sub1.txt|Sub2.txt|Sub3.txt|Sub4.txt|Sub5.txt|Sub6.txt|Sub7.txt|Sub8.txt}
[OK] proxies=4155 source=[Epodonios] url=https://raw.githubusercontent.com/Epodonios/v2ray-configs/main/README.md
============================================================
[INFO] sublink try repo: https://github.com/free-clash-v2ray/free-clash-v2ray.github.io
[INFO] sublink try page: https://raw.githubusercontent.com/free-clash-v2ray/free-clash-v2ray.github.io/main/README.md
[OK] proxies=3279 new=3279 url=https://free-clash-v2ray.github.io/uploads/2026/09/{0-20260920.yaml|1-20260920.yaml|2-20260920.yaml|3-20260920.yaml}
[OK] proxies=4810 new=1941 url=https://free-clash-v2ray.github.io/uploads/2026/09/{0-20260920.txt|1-20260920.txt|2-20260920.txt|3-20260920.txt|4-20260920.txt}
[OK] proxies=5220 source=[Free-clash-v2ray] url=https://raw.githubusercontent.com/free-clash-v2ray/free-clash-v2ray.github.io/main/README.md
============================================================
[INFO] article try page: https://v2rayclashfree.com
[INFO] sublink try page: https://v2rayclashfree.com/fn/20260921.html
[OK] proxies=3870 new=3870 url=https://v2rayclashfree.com/sub/20260921-v2ray.txt
[OK] proxies=3551 new=426 url=https://v2rayclashfree.com/sub/20260921-clash.yaml
[OK] proxies=4296 source=[V2rayclashfree-RSS] url=https://v2rayclashfree.com/fn/20260921.html
============================================================
[INFO] raw backup written path=/home/runner/work/Free-node-autotest/Free-node-autotest/output/raw.yaml proxies=32654
[INFO] toolkit try repo: https://github.com/MetaCubeX/mihomo
[INFO] toolkit try release: https://github.com/MetaCubeX/mihomo/releases
[INFO] toolkit try release: https://github.com/MetaCubeX/mihomo/releases/expanded_assets/v1.19.31
[INFO] toolkit try download: https://github.com/MetaCubeX/mihomo/releases/download/v1.19.31/mihomo-linux-amd64-compatible-v1.19.31.gz
[WARN] toolkit download retry 1/3: 504 Server Error: Gateway Time-out for url: https://github.com/MetaCubeX/mihomo/releases/download/v1.19.31/mihomo-linux-amd64-compatible-v1.19.31.gz
[WARN] toolkit download retry 2/3: 504 Server Error: Gateway Time-out for url: https://github.com/MetaCubeX/mihomo/releases/download/v1.19.31/mihomo-linux-amd64-compatible-v1.19.31.gz
[WARN] toolkit download retry 3/3: 504 Server Error: Gateway Time-out for url: https://github.com/MetaCubeX/mihomo/releases/download/v1.19.31/mihomo-linux-amd64-compatible-v1.19.31.gz
[WARN] toolkit download failed: https://github.com/MetaCubeX/mihomo/releases/download/v1.19.31/mihomo-linux-amd64-compatible-v1.19.31.gz 504 Server Error: Gateway Time-out for url: https://github.com/MetaCubeX/mihomo/releases/download/v1.19.31/mihomo-linux-amd64-compatible-v1.19.31.gz
[INFO] toolkit try download: https://github.com/MetaCubeX/mihomo/releases/download/v1.19.31/mihomo-linux-amd64-v1-go120-v1.19.31.gz
[WARN] toolkit download retry 1/3: 504 Server Error: Gateway Time-out for url: https://github.com/MetaCubeX/mihomo/releases/download/v1.19.31/mihomo-linux-amd64-v1-go120-v1.19.31.gz
[WARN] toolkit download retry 2/3: 504 Server Error: Gateway Time-out for url: https://github.com/MetaCubeX/mihomo/releases/download/v1.19.31/mihomo-linux-amd64-v1-go120-v1.19.31.gz
[WARN] toolkit download retry 3/3: 504 Server Error: Gateway Time-out for url: https://github.com/MetaCubeX/mihomo/releases/download/v1.19.31/mihomo-linux-amd64-v1-go120-v1.19.31.gz
[WARN] toolkit download failed: https://github.com/MetaCubeX/mihomo/releases/download/v1.19.31/mihomo-linux-amd64-v1-go120-v1.19.31.gz 504 Server Error: Gateway Time-out for url: https://github.com/MetaCubeX/mihomo/releases/download/v1.19.31/mihomo-linux-amd64-v1-go120-v1.19.31.gz
[INFO] toolkit try download: https://github.com/MetaCubeX/mihomo/releases/download/v1.19.31/mihomo-linux-amd64-v1-go123-v1.19.31.gz
[OK] toolkit downloaded: mihomo-linux-amd64-v1-go123-v1.19.31.gz bytes=22638620
[OK] toolkit sha256 verified: mihomo-linux-amd64-v1-go123-v1.19.31.gz sha256=c7a14be98c8265770e6f2a6f3fd1006c664d2898e9f77044eb36b04462b79f75
[OK] proxy engine ready: starting latency test package=mihomo-linux-amd64-v1-go123-v1.19.31.gz
============================================================
[WARN] batch start failed size=18341 {1} split -> 9170 {2} + 9171 {3}
[WARN] batch start failed size=9170 {2} split -> 4585 {4} + 4585 {5}
[WARN] batch start failed size=9171 {3} split -> 4585 {6} + 4586 {7}
[WARN] batch start failed size=4585 {4} split -> 2292 {8} + 2293 {9}
[WARN] batch start failed size=4585 {6} split -> 2292 {10} + 2293 {11}
[WARN] batch start failed size=2292 {8} split -> 1146 {12} + 1146 {13}
[TEST] {5} tested 100/4585 kept=0 rest=18241
[TEST] {5} tested 200/4585 kept=31 rest=18141
[WARN] batch start failed size=4586 {7} split -> 2293 {14} + 2293 {15}
[TEST] {5} tested 300/4585 kept=124 rest=17968
[WARN] batch start failed size=2293 {11} split -> 1146 {16} + 1147 {17}
[TEST] {5} tested 400/4585 kept=142 rest=17868
[TEST] {9} tested 100/2293 kept=10 rest=17806
[TEST] {9} tested 200/2293 kept=11 rest=17704
[TEST] {10} tested 100/2292 kept=0 rest=17534
[TEST] {9} tested 300/2293 kept=13 rest=17435
[TEST] {10} tested 200/2292 kept=0 rest=17403
[TEST] {10} tested 300/2292 kept=0 rest=17289
[TEST] {5} tested 500/4585 kept=142 rest=17153
[TEST] {9} tested 400/2293 kept=14 rest=17029
[TEST] {10} tested 400/2292 kept=0 rest=16912
[TEST] {9} tested 500/2293 kept=15 rest=16797
[TEST] {10} tested 500/2292 kept=0 rest=16727
[TEST] {9} tested 600/2293 kept=25 rest=16634
[TEST] {10} tested 600/2292 kept=0 rest=16550
[TEST] {9} tested 700/2293 kept=30 rest=16386
[TEST] {5} tested 600/4585 kept=142 rest=16360
[TEST] {10} tested 700/2292 kept=0 rest=16211
[TEST] {10} tested 800/2292 kept=0 rest=16091
[TEST] {9} tested 800/2293 kept=37 rest=15982
[TEST] {10} tested 900/2292 kept=0 rest=15930
[TEST] {5} tested 700/4585 kept=142 rest=15804
[TEST] {5} tested 800/4585 kept=142 rest=15697
[TEST] {10} tested 1000/2292 kept=1 rest=15635
[TEST] {9} tested 900/2293 kept=43 rest=15619
[TEST] {10} tested 1100/2292 kept=1 rest=15444
[TEST] {9} tested 1000/2293 kept=60 rest=15408
[TEST] {9} tested 1100/2293 kept=131 rest=15251
[TEST] {5} tested 900/4585 kept=142 rest=15135
[TEST] {10} tested 1200/2292 kept=4 rest=15076
[TEST] {10} tested 1300/2292 kept=4 rest=14935
[TEST] {9} tested 1200/2293 kept=139 rest=14828
[TEST] {10} tested 1400/2292 kept=55 rest=14773
[TEST] {10} tested 1500/2292 kept=125 rest=14596
[TEST] {5} tested 1000/4585 kept=142 rest=14572
[TEST] {10} tested 1600/2292 kept=196 rest=14413
[TEST] {9} tested 1300/2293 kept=139 rest=14337
[TEST] {10} tested 1700/2292 kept=248 rest=14273
[TEST] {10} tested 1800/2292 kept=303 rest=14101
[TEST] {9} tested 1400/2293 kept=139 rest=14069
[TEST] {10} tested 1900/2292 kept=357 rest=13928
[TEST] {5} tested 1100/4585 kept=142 rest=13837
[TEST] {10} tested 2000/2292 kept=406 rest=13693
[TEST] {9} tested 1500/2293 kept=140 rest=13619
[TEST] {10} tested 2100/2292 kept=451 rest=13555
[TEST] {10} tested 2200/2292 kept=510 rest=13383
[TEST] {9} tested 1600/2293 kept=140 rest=13326
[TEST] {5} tested 1200/4585 kept=142 rest=13296
[TEST] {10} tested 2292/2292 kept=531 rest=13098
[TEST] {9} tested 1700/2293 kept=140 rest=13055
[TEST] {5} tested 1300/4585 kept=142 rest=13026
[TEST] {5} tested 1400/4585 kept=142 rest=12864
[TEST] {9} tested 1800/2293 kept=140 rest=12815
[TEST] {13} tested 100/1146 kept=2 rest=12662
[TEST] {9} tested 1900/2293 kept=140 rest=12579
[TEST] {5} tested 1500/4585 kept=142 rest=12489
[TEST] {9} tested 2000/2293 kept=140 rest=12331
[TEST] {13} tested 200/1146 kept=2 rest=12281
[TEST] {13} tested 300/1146 kept=32 rest=12134
[TEST] {5} tested 1600/4585 kept=142 rest=12109
[TEST] {5} tested 1700/4585 kept=142 rest=11986
[TEST] {5} tested 1800/4585 kept=142 rest=11808
[TEST] {9} tested 2100/2293 kept=140 rest=11807
[TEST] {13} tested 400/1146 kept=38 rest=11681
[TEST] {5} tested 1900/4585 kept=142 rest=11476
[TEST] {13} tested 500/1146 kept=39 rest=11379
[TEST] {5} tested 2000/4585 kept=142 rest=11344
[TEST] {9} tested 2200/2293 kept=140 rest=11289
[TEST] {5} tested 2100/4585 kept=142 rest=11224
[TEST] {5} tested 2200/4585 kept=143 rest=11090
[TEST] {5} tested 2300/4585 kept=143 rest=10971
[TEST] {13} tested 600/1146 kept=41 rest=10888
[TEST] {13} tested 700/1146 kept=41 rest=10736
[TEST] {9} tested 2293/2293 kept=140 rest=10712
[TEST] {5} tested 2400/4585 kept=144 rest=10606
[TEST] {13} tested 800/1146 kept=43 rest=10478
[WARN] batch start failed size=1146 {12} split -> 573 {18} + 573 {19}
[TEST] {5} tested 2500/4585 kept=144 rest=10450
[WARN] batch start failed size=2293 {15} split -> 1146 {20} + 1147 {21}
[TEST] {13} tested 900/1146 kept=44 rest=10265
[TEST] {13} tested 1000/1146 kept=44 rest=10162
[TEST] {5} tested 2600/4585 kept=148 rest=10122
[TEST] {5} tested 2700/4585 kept=148 rest=9980
[TEST] {14} tested 100/2293 kept=0 rest=9850
[TEST] {14} tested 200/2293 kept=2 rest=9721
[TEST] {13} tested 1100/1146 kept=44 rest=9673
[TEST] {13} tested 1146/1146 kept=44 rest=9583
[TEST] {5} tested 2800/4585 kept=148 rest=9541
[TEST] {14} tested 300/2293 kept=14 rest=9487
[WARN] batch start failed size=1146 {16} split -> 573 {22} + 573 {23}
[TEST] {14} tested 400/2293 kept=15 rest=9358
[TEST] {14} tested 500/2293 kept=17 rest=9238
[WARN] batch start failed size=1147 {17} split -> 573 {24} + 574 {25}
[TEST] {14} tested 600/2293 kept=18 rest=9121
[WARN] batch start failed size=573 {18} split -> 286 {26} + 287 {27}
[TEST] {5} tested 2900/4585 kept=148 rest=9091
[TEST] {19} tested 100/573 kept=5 rest=8857
[TEST] {5} tested 3000/4585 kept=149 rest=8847
[TEST] {14} tested 700/2293 kept=21 rest=8751
[TEST] {14} tested 800/2293 kept=30 rest=8573
[TEST] {5} tested 3100/4585 kept=149 rest=8518
[TEST] {14} tested 900/2293 kept=30 rest=8439
[TEST] {19} tested 200/573 kept=65 rest=8352
[TEST] {5} tested 3200/4585 kept=149 rest=8139
[TEST] {14} tested 1000/2293 kept=32 rest=8086
[TEST] {19} tested 300/573 kept=88 rest=8055
[TEST] {14} tested 1100/2293 kept=45 rest=7912
[TEST] {5} tested 3300/4585 kept=149 rest=7809
[TEST] {14} tested 1200/2293 kept=46 rest=7796
[TEST] {19} tested 400/573 kept=107 rest=7600
[TEST] {5} tested 3400/4585 kept=149 rest=7464
[TEST] {14} tested 1300/2293 kept=49 rest=7422
[TEST] {14} tested 1400/2293 kept=50 rest=7248
[TEST] {14} tested 1500/2293 kept=50 rest=7135
[TEST] {5} tested 3500/4585 kept=149 rest=7121
[TEST] {14} tested 1600/2293 kept=58 rest=7024
[TEST] {19} tested 500/573 kept=123 rest=6954
[TEST] {5} tested 3600/4585 kept=149 rest=6823
[TEST] {19} tested 573/573 kept=123 rest=6727
[TEST] {14} tested 1700/2293 kept=72 rest=6670
[TEST] {14} tested 1800/2293 kept=124 rest=6564
[TEST] {20} tested 100/1146 kept=61 rest=6407
[TEST] {14} tested 1900/2293 kept=188 rest=6321
[TEST] {20} tested 200/1146 kept=114 rest=6181
[TEST] {14} tested 2000/2293 kept=214 rest=6132
[TEST] {20} tested 300/1146 kept=134 rest=5996
[TEST] {5} tested 3700/4585 kept=150 rest=5910
[TEST] {14} tested 2100/2293 kept=229 rest=5849
[TEST] {20} tested 400/1146 kept=146 rest=5786
[TEST] {20} tested 500/1146 kept=151 rest=5606
[TEST] {14} tested 2200/2293 kept=236 rest=5521
[TEST] {20} tested 600/1146 kept=154 rest=5399
[TEST] {20} tested 700/1146 kept=158 rest=5299
[TEST] {20} tested 800/1146 kept=164 rest=5199
[TEST] {20} tested 900/1146 kept=165 rest=5099
[TEST] {20} tested 1000/1146 kept=165 rest=4997
[TEST] {20} tested 1100/1146 kept=180 rest=4880
[TEST] {5} tested 3800/4585 kept=151 rest=4839
[TEST] {14} tested 2293/2293 kept=249 rest=4759
[TEST] {5} tested 3900/4585 kept=151 rest=4702
[TEST] {20} tested 1146/1146 kept=203 rest=4661
[WARN] batch start failed size=1147 {21} split -> 573 {28} + 574 {29}
[WARN] batch start failed size=573 {22} split -> 286 {30} + 287 {31}
[TEST] {5} tested 4000/4585 kept=153 rest=4598
[WARN] batch start failed size=573 {24} split -> 286 {32} + 287 {33}
[TEST] {23} tested 100/573 kept=0 rest=4477
[TEST] {25} tested 100/574 kept=0 rest=4335
[TEST] {5} tested 4100/4585 kept=153 rest=4187
[TEST] {5} tested 4200/4585 kept=153 rest=4073
[TEST] {25} tested 200/574 kept=0 rest=4000
[TEST] {5} tested 4300/4585 kept=153 rest=3956
[TEST] {23} tested 200/573 kept=6 rest=3858
[TEST] {23} tested 300/573 kept=17 rest=3738
[TEST] {25} tested 300/574 kept=0 rest=3629
[TEST] {25} tested 400/574 kept=1 rest=3495
[TEST] {5} tested 4400/4585 kept=153 rest=3429
[TEST] {5} tested 4500/4585 kept=153 rest=3275
[TEST] {25} tested 500/574 kept=2 rest=3244
[TEST] {23} tested 400/573 kept=19 rest=3154
[TEST] {25} tested 574/574 kept=4 rest=2956
[TEST] {5} tested 4585/4585 kept=153 rest=2946
[WARN] batch start failed size=286 {26} split -> 143 {34} + 143 {35}
[WARN] batch start failed size=573 {28} split -> 286 {36} + 287 {37}
[TEST] {23} tested 500/573 kept=23 rest=2879
[TEST] {27} tested 100/287 kept=25 rest=2782
[TEST] {29} tested 100/574 kept=1 rest=2672
[TEST] {29} tested 200/574 kept=4 rest=2570
[TEST] {29} tested 300/574 kept=9 rest=2444
[TEST] {23} tested 573/573 kept=23 rest=2351
[TEST] {29} tested 400/574 kept=48 rest=2320
[TEST] {27} tested 200/287 kept=77 rest=2189
[TEST] {29} tested 500/574 kept=112 rest=2155
[TEST] {31} tested 100/287 kept=3 rest=2025
[TEST] {27} tested 287/287 kept=97 rest=1817
[TEST] {31} tested 200/287 kept=6 rest=1806
[TEST] {29} tested 574/574 kept=151 rest=1795
[WARN] batch start failed size=286 {30} split -> 143 {38} + 143 {39}
[WARN] batch start failed size=287 {33} split -> 143 {40} + 144 {41}
[TEST] {32} tested 100/286 kept=0 rest=1622
[TEST] {32} tested 200/286 kept=0 rest=1520
[WARN] batch start failed size=143 {34} split -> 71 {42} + 72 {43}
[WARN] batch start failed size=143 {35} split -> 71 {44} + 72 {45}
[TEST] {31} tested 287/287 kept=6 rest=1447
[WARN] batch start failed size=286 {36} split -> 143 {46} + 143 {47}
[TEST] {37} tested 100/287 kept=84 rest=1345
[WARN] batch start failed size=143 {38} split -> 71 {48} + 72 {49}
[TEST] {39} tested 100/143 kept=3 rest=1163
[TEST] {37} tested 200/287 kept=143 rest=1109
[TEST] {32} tested 286/286 kept=4 rest=1072
[TEST] {37} tested 287/287 kept=154 rest=933
[TEST] {39} tested 143/143 kept=6 rest=932
[WARN] batch start failed size=144 {41} split -> 72 {50} + 72 {51}
[WARN] batch start failed size=72 {43} split -> 36 {52} + 36 {53}
[WARN] batch start failed size=71 {44} split -> 35 {54} + 36 {55}
[TEST] {40} tested 100/143 kept=6 rest=828
[TEST] {40} tested 143/143 kept=6 rest=771
[TEST] {46} tested 100/143 kept=53 rest=659
[TEST] {42} tested 71/71 kept=13 rest=624
[WARN] batch start failed size=143 {47} split -> 71 {56} + 72 {57}
[WARN] batch start failed size=71 {48} split -> 35 {58} + 36 {59}
[TEST] {45} tested 72/72 kept=29 rest=605
[TEST] {46} tested 143/143 kept=63 rest=481
[WARN] batch start failed size=72 {50} split -> 36 {60} + 36 {61}
[WARN] batch start failed size=36 {53} split -> 18 {62} + 18 {63}
[TEST] {49} tested 72/72 kept=0 rest=444
[TEST] {51} tested 72/72 kept=0 rest=417
[WARN] batch start failed size=35 {54} split -> 17 {64} + 18 {65}
[WARN] batch start failed size=36 {55} split -> 18 {66} + 18 {67}
[WARN] batch start failed size=71 {56} split -> 35 {68} + 36 {69}
[TEST] {52} tested 36/36 kept=5 rest=298
[WARN] batch start failed size=36 {59} split -> 18 {70} + 18 {71}
[TEST] {57} tested 72/72 kept=68 rest=295
[WARN] batch start failed size=36 {61} split -> 18 {72} + 18 {73}
[TEST] {58} tested 35/35 kept=14 rest=277
[WARN] batch start failed size=18 {63} split -> 9 {74} + 9 {75}
[WARN] batch start failed size=17 {64} split -> 8 {76} + 9 {77}
[TEST] {60} tested 36/36 kept=1 rest=227
[TEST] {62} tested 18/18 kept=0 rest=207
[WARN] batch start failed size=18 {67} split -> 9 {78} + 9 {79}
[TEST] {65} tested 18/18 kept=0 rest=179
[WARN] batch start failed size=36 {69} split -> 18 {80} + 18 {81}
[TEST] {66} tested 18/18 kept=0 rest=160
[WARN] batch start failed size=18 {71} split -> 9 {82} + 9 {83}
[WARN] batch start failed size=18 {72} split -> 9 {84} + 9 {85}
[TEST] {68} tested 35/35 kept=5 rest=144
[WARN] batch start failed size=9 {74} split -> 4 {86} + 5 {87}
[WARN] batch start failed size=9 {75} split -> 4 {88} + 5 {89}
[WARN] batch start failed size=8 {76} split -> 4 {90} + 4 {91}
[TEST] {70} tested 18/18 kept=7 rest=137
[TEST] {73} tested 18/18 kept=1 rest=116
[WARN] batch start failed size=9 {79} split -> 4 {92} + 5 {93}
[TEST] {77} tested 9/9 kept=0 rest=95
[TEST] {78} tested 9/9 kept=0 rest=94
[WARN] batch start failed size=18 {81} split -> 9 {94} + 9 {95}
[WARN] batch start failed size=9 {83} split -> 4 {96} + 5 {97}
[WARN] batch start failed size=9 {84} split -> 4 {98} + 5 {99}
[TEST] {80} tested 18/18 kept=0 rest=81
[WARN] batch start failed size=5 {87} split -> 2 {100} + 3 {101}
[WARN] batch start failed size=4 {86} split -> 2 {102} + 2 {103}
[TEST] {82} tested 9/9 kept=0 rest=77
[WARN] batch start failed size=5 {89} split -> 2 {104} + 3 {105}
[WARN] batch start failed size=4 {90} split -> 2 {106} + 2 {107}
[TEST] {85} tested 9/9 kept=0 rest=71
[TEST] {88} tested 4/4 kept=0 rest=65
[WARN] batch start failed size=5 {93} split -> 2 {108} + 3 {109}
[TEST] {91} tested 4/4 kept=0 rest=60
[TEST] {92} tested 4/4 kept=0 rest=57
[WARN] batch start failed size=9 {95} split -> 4 {110} + 5 {111}
[WARN] batch start failed size=5 {97} split -> 2 {112} + 3 {113}
[WARN] batch start failed size=4 {98} split -> 2 {114} + 2 {115}
[TEST] {94} tested 9/9 kept=3 rest=45
[TEST] {96} tested 4/4 kept=0 rest=43
[WARN] batch start failed size=2 {100} split -> 1 {116} + 1 {117}
[WARN] batch start failed size=2 {102} split -> 1 {118} + 1 {119}
[TEST] {99} tested 5/5 kept=0 rest=40
[WARN] batch start failed size=2 {103} split -> 1 {120} + 1 {121}
[WARN] batch start failed size=3 {105} split -> 1 {122} + 2 {123}
[WARN] batch start failed size=2 {106} split -> 1 {124} + 1 {125}
[TEST] {107} tested 2/2 kept=0 rest=38
[WARN] batch start failed size=2 {108} split -> 1 {126} + 1 {127}
[TEST] {101} tested 3/3 kept=0 rest=36
[WARN] batch start failed size=3 {109} split -> 1 {128} + 2 {129}
[WARN] batch start failed size=4 {110} split -> 2 {130} + 2 {131}
[TEST] {112} tested 2/2 kept=0 rest=30
[WARN] batch start failed size=3 {113} split -> 1 {132} + 2 {133}
[WARN] batch start failed size=2 {114} split -> 1 {134} + 1 {135}
[TEST] {111} tested 5/5 kept=5 rest=29
[REPAIR] {116} name=[ChromeGO-ShiteThings] hysteria-5 fields=up,down
[TEST] {115} tested 2/2 kept=0 rest=27
[TEST] {104} tested 2/2 kept=0 rest=25
[REPAIR] {118} name=[ChromeGO-ShiteThings] hysteria fields=up,down
[REPAIR] {119} name=[ChromeGO-ShiteThings] hysteria-2 fields=up,down
[REPAIR] {120} name=[ChromeGO-ShiteThings] hysteria-3 fields=up,down
[REPAIR] {121} name=[ChromeGO-ShiteThings] hysteria-4 fields=up,down
[TEST] {118} tested 1/1 kept=0 rest=24
[REPAIR] {122} name=[ChromeGO-Merge] WARP fields=dialer-proxy
[WARN] batch start failed size=2 {123} split -> 1 {136} + 1 {137}
[TEST] {119} tested 1/1 kept=0 rest=23
[TEST] {121} tested 1/1 kept=0 rest=22
[REPAIR] {124} name=[ChromeGO-Merge] United-2 fields=up,down
[TEST] {120} tested 1/1 kept=0 rest=21
[TEST] {122} tested 1/1 kept=1 rest=20
[REPAIR] {126} name=[ChromeGO-Merge] Taiwan fields=up,down
[REPAIR] {127} name=[ChromeGO-Merge] France fields=up,down
[TEST] {126} tested 1/1 kept=0 rest=19
[TEST] {125} tested 1/1 kept=0 rest=18
[REPAIR] {128} name=[ChromeGO-Merge] United-4 fields=up,down
[WARN] batch start failed size=2 {129} split -> 1 {138} + 1 {139}
[TEST] {131} tested 2/2 kept=2 rest=16
[WARN] batch start failed size=2 {130} split -> 1 {140} + 1 {141}
[REPAIR] {132} name=[Pawdroid-SS-APK] United+Kingdom-2 fields=cipher
[REPAIR] {135} name=[Epodonios] EPODONIOS-96 fields=cipher
[TEST] {117} tested 1/1 kept=0 rest=14
[TEST] {116} tested 1/1 kept=0 rest=13
[TEST] {132} tested 1/1 kept=1 rest=12
[REPAIR] {136} name=[ChromeGO-Merge] United fields=up,down
[REPAIR] {137} name=[ChromeGO-Merge] France_hysteria_1 fields=up,down
[REPAIR] {138} name=[ChromeGO-Merge] Taiwan-2 fields=up,down
[REPAIR] {139} name=[ChromeGO-Merge] United-5 fields=up,down
[TEST] {138} tested 1/1 kept=0 rest=11
[TEST] {124} tested 1/1 kept=0 rest=10
[TEST] {141} tested 1/1 kept=1 rest=9
[REPAIR] {140} name=[Free-clash-v2ray] hysteria fields=up,down
[TEST] {127} tested 1/1 kept=0 rest=8
[TEST] {140} tested 1/1 kept=0 rest=7
[TEST] {128} tested 1/1 kept=0 rest=6
[TEST] {133} tested 2/2 kept=0 rest=5
[TEST] {135} tested 1/1 kept=0 rest=4
[TEST] {134} tested 1/1 kept=0 rest=3
[TEST] {136} tested 1/1 kept=0 rest=2
[TEST] {137} tested 1/1 kept=0 rest=1
[TEST] {139} tested 1/1 kept=0 rest=0
============================================================
[INFO] core-dedupe dropped 1 same-host variants, kept higher health_score
[INFO] cap live source=[Mibei77-RSS] from 91 to 50 by health_score
[INFO] cap live source=[免费节点2] from 108 to 50 by health_score
[INFO] cap live source=[免费节点6] from 56 to 50 by health_score
[INFO] cap live source=[免费节点8] from 202 to 50 by health_score
[INFO] cap live source=[Pawdroid-SR-APK] from 521 to 50 by health_score
[INFO] cap live source=[Epodonios] from 67 to 50 by health_score
[INFO] cap live source=[Free-clash-v2ray] from 688 to 50 by health_score
[INFO] cap live source=[V2rayclashfree-RSS] from 155 to 50 by health_score
[INFO] cap live total from 624 to 400 floor=5 then health_score pool
[INFO] cap live reserved=113 pool=511 taken=287
============================================================
+------------------------------+--------+--------+------+--------+
| source                       |    raw | unique | live | capped |
+------------------------------+--------+--------+------+--------+
| [大FQ运动]                   |     15 |     15 |    3 |      3 |
+------------------------------+--------+--------+------+--------+
| [Pawdroid]                   |     39 |     38 |    9 |      7 |
+------------------------------+--------+--------+------+--------+
| [FreeV2-Base64]              |      3 |      3 |    1 |      1 |
+------------------------------+--------+--------+------+--------+
| [Bocchi2b-Base64]            |     35 |     35 |    0 |      0 |
+------------------------------+--------+--------+------+--------+
| [ChromeGO-Toolkit]           |     14 |     14 |    4 |      4 |
+------------------------------+--------+--------+------+--------+
| [ChromeGO-ShiteThings]       |     31 |     25 |    1 |      1 |
+------------------------------+--------+--------+------+--------+
| [ChromeGO-Merge]             |    117 |    115 |    7 |      5 |
+------------------------------+--------+--------+------+--------+
| [Freesocks]                  |      1 |      1 |    0 |      0 |
+------------------------------+--------+--------+------+--------+
| [NekoWarp]                   |     10 |     10 |   10 |     10 |
+------------------------------+--------+--------+------+--------+
| [1VPN-CRX]                   |     17 |     17 |   13 |      5 |
+------------------------------+--------+--------+------+--------+
| [OpenRunner-RSS]             |     14 |      0 |    0 |      0 |
+------------------------------+--------+--------+------+--------+
| [V2Rayshare-RSS]             |     80 |     79 |    6 |      5 |
+------------------------------+--------+--------+------+--------+
| [Mibei77-RSS]                |    192 |    173 |   91 |      5 |
+------------------------------+--------+--------+------+--------+
| [Yoyapai-RSS]                |    216 |    190 |    2 |      2 |
+------------------------------+--------+--------+------+--------+
| [免费节点1]                  |    207 |     26 |    2 |      2 |
+------------------------------+--------+--------+------+--------+
| [免费节点2]                  |    371 |    301 |  108 |     21 |
+------------------------------+--------+--------+------+--------+
| [免费节点3]                  |     53 |     22 |   11 |      7 |
+------------------------------+--------+--------+------+--------+
| [免费节点4]                  |    839 |    712 |   39 |     24 |
+------------------------------+--------+--------+------+--------+
| [免费节点5]                  |     29 |     28 |    0 |      0 |
+------------------------------+--------+--------+------+--------+
| [免费节点6]                  |   1593 |   1541 |   56 |     32 |
+------------------------------+--------+--------+------+--------+
| [免费节点7]                  |     63 |     33 |   31 |     10 |
+------------------------------+--------+--------+------+--------+
| [免费节点8]                  |   4282 |   3430 |  202 |     50 |
+------------------------------+--------+--------+------+--------+
| [免费节点9]                  |    615 |    457 |    0 |      0 |
+------------------------------+--------+--------+------+--------+
| [免费节点10]                 |   5492 |   3081 |   10 |      5 |
+------------------------------+--------+--------+------+--------+
| [免费节点11]                 |    504 |    257 |   30 |      5 |
+------------------------------+--------+--------+------+--------+
| [Pawdroid-SR-APK]            |   1264 |    901 |  521 |     50 |
+------------------------------+--------+--------+------+--------+
| [Pawdroid-SS-APK]            |   1511 |    939 |   32 |     15 |
+------------------------------+--------+--------+------+--------+
| [Clashfree]                  |   1374 |    536 |   14 |      5 |
+------------------------------+--------+--------+------+--------+
| [Epodonios]                  |   4155 |   2472 |   67 |     28 |
+------------------------------+--------+--------+------+--------+
| [Free-clash-v2ray]           |   5220 |   2283 |  688 |     50 |
+------------------------------+--------+--------+------+--------+
| [V2rayclashfree-RSS]         |   4296 |    607 |  155 |     48 |
+------------------------------+--------+--------+------+--------+
============================================================
[SUMMARY] total_nodes=32652
[SUMMARY] legal_candidates=18341
[SUMMARY] passed_latency_test=400
[SUMMARY] region_HK=2 region_JP=11 region_US=186
[SUMMARY] avg_latency_ms=173.66
[SUMMARY] output=/home/runner/work/Free-node-autotest/Free-node-autotest/output/clash.yaml
============================================================
