============================================================
[INFO] sublink try page: https://end-gfw.com
[OK] proxies=2 new=2 url=https://raw.githubusercontent.com/hello-world-1989/cn-news/refs/heads/main/clash.yaml
[OK] proxies=2 new=0 url=https://raw.githubusercontent.com/hello-world-1989/cn-news/main/end-gfw-together
[OK] proxies=2 new=2 url=https://raw.githubusercontent.com/hello-world-1989/cn-news/main/end-gfw-together-ss
[INFO] source try url: https://end-gfw.com/ss-key
[OK] proxies=4 new=4 url=https://end-gfw.com/ss-key
[INFO] sublink try repo: https://github.com/hello-world-1989/cn-news
[INFO] sublink try page: https://raw.githubusercontent.com/hello-world-1989/cn-news/main/README.md
[OK] proxies=6 new=6 url=https://raw.githubusercontent.com/hello-world-1989/v2-sub/main/end-gfw-together-af3e13
[OK] proxies=14 source=[大FQ运动] url=https://raw.githubusercontent.com/hello-world-1989/cn-news/main/README.md
============================================================
[INFO] sublink try repo: https://github.com/Pawdroid/Free-servers
[INFO] sublink try page: https://raw.githubusercontent.com/Pawdroid/Free-servers/main/README.md
[OK] proxies=20 new=20 url=https://raw.githubusercontent.com/Pawdroid/Free-servers/main/README.md
[OK] proxies=20 new=0 url=https://raw.githubusercontent.com/Pawdroid/Free-servers/main/sub
[OK] proxies=1 new=1 url=https://apps.apple.com/cn/app/shadowshare/id1612647259
[OK] proxies=1 new=1 url=http://www.surflare.com
[OK] proxies=22 source=[Pawdroid] url=https://raw.githubusercontent.com/Pawdroid/Free-servers/main/README.md
============================================================
[INFO] source try url: https://xmxosfepggzm.503403.xyz
[OK] proxies=3 new=3 url=https://xmxosfepggzm.503403.xyz
[OK] proxies=3 source=[FreeV2-Base64] url=https://xmxosfepggzm.503403.xyz
============================================================
[INFO] source try url: https://links.bocchi2b.top/clash
[OK] proxies=35 new=35 url=https://links.bocchi2b.top/clash
[OK] proxies=35 source=[Bocchi2b-Base64] url=https://links.bocchi2b.top/clash
============================================================
[INFO] toolkit try repo: https://github.com/bannedbook/fanqiang
[INFO] toolkit try release: https://github.com/bannedbook/fanqiang/releases
[INFO] toolkit try release: https://github.com/bannedbook/fanqiang/releases/expanded_assets/ChromeGo-latest
[INFO] toolkit try download: https://github.com/bannedbook/fanqiang/releases/download/ChromeGo-latest/ChromeGo.7z
[OK] toolkit downloaded: ChromeGo.7z bytes=100924352
[OK] toolkit extracted archive=ChromeGo.7z tool=7z files=222 dirs=45
[OK] toolkit discovered subs=107 embedded=12 archive=ChromeGo.7z
[OK] proxies=6 new=6 embedded=archive-config
[OK] proxies=7 new=5 url=https://gitlab.com/free9999/ipupdate/master/backup/img/1/2/{ipp|ip}/{hysteria2|singbox|naiveproxy|hysteria|xray}/{2|3|1|4}/config.json
[OK] proxies=7 new=0 url=https://www.67867867.xyz/Alvin9999/PAC/refs/heads/master/backup/img/1/2/{ipp|ip}/{hysteria2|singbox|naiveproxy|hysteria|xray}/{2|3|1|4}/config.json
[OK] proxies=3 new=3 url=https://gitlab.com/free9999/ipupdate/master/backup/img/1/2/{ipp|ip}/clash.meta2/{2|3|1|5|4|6}/config.yaml
[OK] proxies=3 new=0 url=https://www.67867867.xyz/Alvin9999/PAC/refs/heads/master/backup/img/1/2/{ipp|ip}/clash.meta2/{2|3|1|5|4|6}/config.yaml
[OK] proxies=14 source=[ChromeGO-Toolkit] url=https://github.com/bannedbook/fanqiang/releases/download/ChromeGo-latest/ChromeGo.7z
============================================================
[INFO] sublink try repo: https://github.com/ShiteThings/extractNodes
[INFO] sublink try page: https://raw.githubusercontent.com/ShiteThings/extractNodes/main/README.md
[OK] proxies=31 new=30 url=https://{chg26.makou.cc.cd|chg64.makou.cc.cd}
[OK] proxies=26 new=1 url=https://chg26.makou.cc.cd/sb
[OK] proxies=31 source=[ChromeGO-ShiteThings] url=https://raw.githubusercontent.com/ShiteThings/extractNodes/main/README.md
============================================================
[INFO] sublink try repo: https://github.com/shangui999/chromego_merge
[INFO] sublink try page: https://raw.githubusercontent.com/shangui999/chromego_merge/master/ReadMe.md
[OK] proxies=10 new=10 url=https://freedman.netlify.app/sub/merged_proxies_new.yaml
[OK] proxies=11 new=1 url=https://freedman.netlify.app/sub/merged_warp_proxies_new.yaml
[OK] proxies=11 new=6 url=https://freedman.netlify.app/sub/shadowrocket_base64.txt
[OK] proxies=16 new=16 url=https://freedman.netlify.app/sub/sb.json
[INFO] sublink try repo: https://github.com/yaney01/chromego
[INFO] sublink try page: https://raw.githubusercontent.com/yaney01/chromego/main/ReadMe.md
[OK] proxies=50 new=46 url=https://raw.githubusercontent.com/yaney01/chromego/main/sub/merged_proxies_new.yaml
[OK] proxies=51 new=0 url=https://raw.githubusercontent.com/yaney01/chromego/main/sub/merged_warp_proxies_new.yaml
[OK] proxies=13 new=7 url=https://raw.githubusercontent.com/yaney01/chromego/main/sub/shadowrocket_base64.txt
[OK] proxies=13 new=0 url=https://raw.githubusercontent.com/yaney01/chromego/main/sub/sb.json
[INFO] sublink try repo: https://github.com/Misaka-blog/chromego_merge
[INFO] sublink try page: https://raw.githubusercontent.com/Misaka-blog/chromego_merge/main/README.md
[OK] proxies=39 new=39 url=https://chromego-sub.netlify.app/sub/merged_proxies_new.yaml
[OK] proxies=125 source=[ChromeGO-Merge] url=https://raw.githubusercontent.com/Misaka-blog/chromego_merge/main/README.md
============================================================
[INFO] source try url: https://freesocks.org/api/v1/sub/02b897e8e77f19176b0b9f2c75864b00
[OK] proxies=3 new=3 url=https://freesocks.org/api/v1/sub/02b897e8e77f19176b0b9f2c75864b00
[OK] proxies=3 source=[Freesocks] url=https://freesocks.org/api/v1/sub/02b897e8e77f19176b0b9f2c75864b00
============================================================
[INFO] source try url: https://neko-warp.nloli.xyz/neko_warp.yaml
[OK] proxies=10 new=10 url=https://neko-warp.nloli.xyz/neko_warp.yaml
[OK] proxies=10 source=[NekoWarp] url=https://neko-warp.nloli.xyz/neko_warp.yaml
============================================================
[INFO] article try feed: https://free.datiya.com/index.xml
[INFO] sublink try page: https://free.datiya.com/post/20260916/
[OK] proxies=14 new=14 url=https://free.datiya.com/uploads/20260916-clash.yaml
[OK] proxies=14 source=[OpenRunner-RSS] url=https://free.datiya.com/post/20260916/
============================================================
[INFO] article try feed: https://v2rayshare.com/feed
[INFO] sublink try page: https://v2rayshare.net/p/5064.html
[OK] proxies=27 new=27 url=https://static.v2rayshare.net/2026/09/20260916.txt
[OK] proxies=27 new=0 url=https://static.v2rayshare.net/2026/09/20260916.yaml
[OK] proxies=27 new=0 url=https://static.v2rayshare.net/2026/09/m20260916.yaml
[INFO] sublink try repo: https://github.com/firefoxmmx2/v2rayshare_subcription
[INFO] sublink try page: https://raw.githubusercontent.com/firefoxmmx2/v2rayshare_subcription/main/README.md
[OK] proxies=27 new=0 url=https://{raw.githubusercontent.com|cdn.jsdelivr.net}/firefoxmmx2/v2rayshare_subcription/main/subscription/vray_sub.txt
[OK] proxies=27 new=0 url=https://{raw.githubusercontent.com|cdn.jsdelivr.net}/firefoxmmx2/v2rayshare_subcription/main/subscription/clash_sub.yaml
[OK] proxies=27 new=0 url=https://{raw.githubusercontent.com|cdn.jsdelivr.net}/firefoxmmx2/v2rayshare_subcription/main/subscription/mihomo_sub.yaml
[OK] proxies=27 source=[V2Rayshare-RSS] url=https://raw.githubusercontent.com/firefoxmmx2/v2rayshare_subcription/main/README.md
============================================================
[INFO] article try feed: https://www.mibei77.com/feed
[INFO] sublink try page: https://www.mibei77.com/674.html
[OK] proxies=108 new=108 url=https://mm.mibei77.com/202609/09.1664bacvt.txt
[OK] proxies=106 new=0 url=https://mm.mibei77.com/202609/0916Clashikl.yaml
[OK] proxies=108 source=[Mibei77-RSS] url=https://www.mibei77.com/674.html
============================================================
[INFO] article try feed: https://yoyapai.com/feed
[INFO] sublink try page: https://yoyapai.com/721
[OK] proxies=1 new=1 url=https://yoyapai.com/721
[OK] proxies=212 new=212 url=https://freenode.yoyapai.com/2026/09/16-yoyapai.com-clash-vpn-mianfeijiedian.yaml
[OK] proxies=212 new=0 url=https://freenode.yoyapai.com/2026/09/16-yoyapai.com-ssrv2ray-vpn-mianfeijiedian.txt
[OK] proxies=213 source=[Yoyapai-RSS] url=https://yoyapai.com/721
============================================================
[INFO] sublink try repo: https://github.com/free18/v2ray
[INFO] sublink try page: https://raw.githubusercontent.com/free18/v2ray/main/README.md
[OK] proxies=3 new=3 url=https://raw.githubusercontent.com/free18/v2ray/main/README.md
[OK] proxies=122 new=122 url=https://ghfast.top/https://raw.githubusercontent.com/free18/v2ray/refs/heads/main/v.txt
[OK] proxies=122 new=0 url=https://ghfast.top/https://raw.githubusercontent.com/free18/v2ray/refs/heads/main/c.yaml
[OK] proxies=125 source=[免费节点1] url=https://raw.githubusercontent.com/free18/v2ray/main/README.md
============================================================
[INFO] sublink try repo: https://github.com/ermaozi/get_subscribe
[INFO] sublink try page: https://raw.githubusercontent.com/ermaozi/get_subscribe/main/README.md
[INFO] sublink file_nodes=0 bare links=9
[OK] proxies=355 new=355 url=https://www.ermao.net/sub/{clash|v2ray}/ermao.net
[OK] proxies=355 new=0 url=https://www.ermao.net/sub/{reachable|unreachable|untested}/clash/ermao.net
[OK] proxies=355 source=[免费节点2] url=https://raw.githubusercontent.com/ermaozi/get_subscribe/main/README.md
============================================================
[INFO] sublink try repo: https://github.com/sunmiao4458/free-proxy-airport
[INFO] sublink try page: https://raw.githubusercontent.com/sunmiao4458/free-proxy-airport/main/README.md
[OK] proxies=49 new=49 url=https://sunmiao4458.github.io/free-proxy-airport/clash.yaml
[OK] proxies=49 source=[免费节点3] url=https://raw.githubusercontent.com/sunmiao4458/free-proxy-airport/main/README.md
============================================================
[INFO] sublink try repo: https://github.com/mfuu/FreeProxies
[INFO] sublink try page: https://raw.githubusercontent.com/mfuu/FreeProxies/master/README.md
[OK] proxies=837 new=837 url=https://raw.githubusercontent.com/mfuu/FreeProxies/master/sub.yaml
[OK] proxies=837 source=[免费节点4] url=https://raw.githubusercontent.com/mfuu/FreeProxies/master/README.md
============================================================
[INFO] sublink try repo: https://github.com/vxiaov/free_proxies
[INFO] sublink try page: https://raw.githubusercontent.com/vxiaov/free_proxies/main/README.md
[OK] proxies=1 new=1 url=https://raw.githubusercontent.com/vxiaov/free_proxies/main/README.md
[OK] proxies=28 new=28 url=https://{cdn.jsdelivr.net|raw.githubusercontent.com}/vxiaov/free_proxies/main/clash/clash.provider.yaml
[OK] proxies=29 source=[免费节点5] url=https://raw.githubusercontent.com/vxiaov/free_proxies/main/README.md
============================================================
[INFO] sublink try repo: https://github.com/anaer/Sub
[INFO] sublink try page: https://raw.githubusercontent.com/anaer/Sub/main/README.MD
[OK] proxies=1103 new=1103 url=https://anaer.github.io/Sub/clash.yaml
[OK] proxies=1103 new=0 url=https://raw.githubusercontent.com/anaer/Sub/main/clash.yaml
[OK] proxies=1103 source=[免费节点6] url=https://raw.githubusercontent.com/anaer/Sub/main/README.MD
============================================================
[INFO] sublink try repo: https://github.com/snakem982/proxypool
[INFO] sublink try page: https://raw.githubusercontent.com/snakem982/proxypool/main/README.md
[OK] proxies=64 new=64 url=https://raw.githubusercontent.com/snakem982/proxypool/main/source/clash-meta-2.yaml
[OK] proxies=63 new=0 url=https://raw.githubusercontent.com/snakem982/proxypool/main/source/v2ray-2.txt
[OK] proxies=58 new=0 url=https://raw.githubusercontent.com/snakem982/proxypool/main/source/sing-box-2.json
[OK] proxies=64 source=[免费节点7] url=https://raw.githubusercontent.com/snakem982/proxypool/main/README.md
============================================================
[INFO] sublink try repo: https://github.com/mahdibland/V2RayAggregator
[INFO] sublink try page: https://raw.githubusercontent.com/mahdibland/V2RayAggregator/master/README.md
[OK] proxies=373 new=373 url=https://raw.githubusercontent.com/mahdibland/V2RayAggregator/master/README.md
[OK] proxies=1 new=1 url=https://github.com/mahdibland/SSAggregator/actions/workflows/Collector.yml
[OK] proxies=1 new=0 url=https://github.com/mahdibland/SSAggregator/actions/workflows/Airport_Collector.yml
[OK] proxies=191 new=0 url=https://raw.githubusercontent.com/mahdibland/ShadowsocksAggregator/master/Eternity.txt
[OK] proxies=192 new=1 url=https://raw.githubusercontent.com/mahdibland/ShadowsocksAggregator/master/Eternity.yml
[OK] proxies=61 new=61 url=https://raw.githubusercontent.com/mahdibland/ShadowsocksAggregator/master/EternityAir.txt
[OK] proxies=3824 new=3545 url=https://raw.githubusercontent.com/mahdibland/SSAggregator/master/sub/sub_merge_base64.txt
[OK] proxies=3824 new=0 url=https://raw.githubusercontent.com/mahdibland/{SSAggregator|ShadowsocksAggregator}/master/sub/sub_merge.txt
[OK] proxies=4012 new=236 url=https://raw.githubusercontent.com/mahdibland/SSAggregator/master/sub/sub_merge_yaml.yml
[OK] proxies=61 new=0 url=https://raw.githubusercontent.com/mahdibland/SSAggregator/master/sub/airport_merge_base64.txt
[OK] proxies=61 new=0 url=https://raw.githubusercontent.com/mahdibland/SSAggregator/master/sub/airport_sub_merge.txt
[OK] proxies=1368 new=0 url=https://raw.githubusercontent.com/mahdibland/ShadowsocksAggregator/master/sub/splitted/vmess.txt
[OK] proxies=599 new=0 url=https://raw.githubusercontent.com/mahdibland/ShadowsocksAggregator/master/sub/splitted/trojan.txt
[OK] proxies=43 new=0 url=https://raw.githubusercontent.com/mahdibland/ShadowsocksAggregator/master/sub/splitted/ssr.txt
[OK] proxies=1814 new=0 url=https://raw.githubusercontent.com/mahdibland/ShadowsocksAggregator/master/sub/splitted/ss.txt
[OK] proxies=1 new=0 url=https://cdn.jsdelivr.net/gh/mahdibland/V2RayAggregator@master/update/provider/provider-meta.yml
[OK] proxies=1 new=0 url=https://cdn.jsdelivr.net/gh/mahdibland/V2RayAggregator@master/update/provider/provider-meta-cn.yml
[OK] proxies=1 new=0 url=https://cdn.jsdelivr.net/gh/mahdibland/V2RayAggregator@master/update/provider/provider-meta-others.yml
[OK] proxies=1 new=0 url=https://cdn.jsdelivr.net/gh/mahdibland/V2RayAggregator@master/update/provider/provider.yml
[OK] proxies=1 new=0 url=https://cdn.jsdelivr.net/gh/mahdibland/V2RayAggregator@master/update/provider/provider-cn.yml
[OK] proxies=1 new=0 url=https://cdn.jsdelivr.net/gh/mahdibland/V2RayAggregator@master/update/provider/provider-others.yml
[OK] proxies=4217 source=[免费节点8] url=https://raw.githubusercontent.com/mahdibland/V2RayAggregator/master/README.md
============================================================
[INFO] sublink try repo: https://github.com/w1770946466/Auto_proxy
[INFO] sublink try page: https://raw.githubusercontent.com/w1770946466/Auto_proxy/main/README.md
[OK] proxies=1 new=1 url=https://github.com/w1770946466/Auto_proxy/actions/workflows/main.yml
[OK] proxies=245 new=245 url=https://raw.githubusercontent.com/w1770946466/Auto_proxy/main/{Long_term_subscription2.yaml|Long_term_subscription1.yaml|Long_term_subscription3.yaml}
[OK] proxies=489 new=54 url=https://raw.githubusercontent.com/w1770946466/Auto_proxy/main/{Long_term_subscription1|Long_term_subscription2|Long_term_subscription3|Long_term_subscription4|Long_term_subscription5|Long_term_subscription6|Long_term_subscription7|Long_term_subscription8}
[OK] proxies=489 new=315 url=https://raw.githubusercontent.com/w1770946466/Auto_proxy/main/Long_term_subscription_num
[OK] proxies=615 source=[免费节点9] url=https://raw.githubusercontent.com/w1770946466/Auto_proxy/main/README.md
============================================================
[INFO] sublink try repo: https://github.com/PuddinCat/BestClash
[INFO] sublink try page: https://raw.githubusercontent.com/PuddinCat/BestClash/main/README.md
[OK] proxies=16 new=16 url=https://raw.githubusercontent.com/PuddinCat/BestClash/main/proxies.yaml
[OK] proxies=28 new=28 url=https://cdn.jsdelivr.net/gh/vxiaov/free_proxies@main/clash/clash.provider.yaml
[OK] proxies=24 new=24 url=https://freenode.openrunner.net/uploads/20240807-clash.yaml
[OK] proxies=39 new=39 url=https://raw.githubusercontent.com/Misaka-blog/chromego_merge/main/sub/merged_proxies_new.yaml
[OK] proxies=4241 new=4229 url=https://raw.githubusercontent.com/{NiceVPN123|anaer}/{NiceVPN|Sub}/main/{Clash.yaml|clash.yaml}
[OK] proxies=25 new=1 url=https://raw.githubusercontent.com/{chengaopan|peasoft}/{AutoMergePublicNodes|NoMoreWalls}/master/list.yml
[OK] proxies=365 new=331 url=https://raw.githubusercontent.com/{ermaozi|ermaozi01}/{get_subscribe|free_clash_vpn}/main/subscribe/clash.yml
[OK] proxies=192 new=180 url=https://raw.githubusercontent.com/mahdibland/ShadowsocksAggregator/master/Eternity.yml
[OK] proxies=165 new=160 url=https://raw.githubusercontent.com/ronghuaxueleng/get_v2/main/pub/combine.yaml
[OK] proxies=144 new=3 url=https://raw.githubusercontent.com/zhangkaiitugithub/passcro/main/speednodes.yaml
[OK] proxies=5011 source=[免费节点10] url=https://raw.githubusercontent.com/PuddinCat/BestClash/main/README.md
============================================================
[INFO] sublink try repo: https://github.com/kooker/FreeSubsCheck
[INFO] sublink try page: https://raw.githubusercontent.com/kooker/FreeSubsCheck/main/README.md
[OK] proxies=6 new=6 url=https://raw.githubusercontent.com/kooker/FreeSubsCheck/main/mihomo.yaml
[OK] proxies=6 new=0 url=https://raw.githubusercontent.com/kooker/FreeSubsCheck/main/all.yaml
[OK] proxies=5 new=0 url=https://raw.githubusercontent.com/kooker/FreeSubsCheck/main/base64.txt
[OK] proxies=4 new=4 url=https://raw.githubusercontent.com/kooker/FreeSubsCheck/main/byxiaoxi.txt
[OK] proxies=415 new=412 url=https://raw.githubusercontent.com/kooker/FreeSubsCheck/main/kooker.jp.txt
[OK] proxies=422 source=[免费节点11] url=https://raw.githubusercontent.com/kooker/FreeSubsCheck/main/README.md
============================================================
[INFO] toolkit try repo: https://github.com/Pawdroid/shadowrocket_for_android
[INFO] toolkit try release: https://github.com/Pawdroid/shadowrocket_for_android/releases
[INFO] toolkit try release: https://github.com/Pawdroid/shadowrocket_for_android/releases/expanded_assets/10.10.51
[INFO] toolkit try download: https://github.com/Pawdroid/shadowrocket_for_android/releases/download/10.10.51/Shadowrocket_10.10.51_shadowrocketStandard_arm64-v8a.apk
[OK] toolkit downloaded: Shadowrocket_10.10.51_shadowrocketStandard_arm64-v8a.apk bytes=41111539
[OK] toolkit extracted archive=Shadowrocket_10.10.51_shadowrocketStandard_arm64-v8a.apk tool=zipfile files=1175 dirs=44
[OK] toolkit sr-apk scanned prefixes=36 files=6 keys=2 archive=Shadowrocket_10.10.51_shadowrocketStandard_arm64-v8a.apk
[OK] proxies=581 new=512 url=https://{cdn.jsdelivr.net|raw.githubusercontent.com}/pixelor/ecfg/main/data/ecfg6_zh
[OK] proxies=580 new=142 url=https://{cdn.jsdelivr.net|raw.githubusercontent.com}/pixelor/ecfg/main/data/ecfg6_en
[OK] proxies=141 new=51 url=https://{cdn.jsdelivr.net|raw.githubusercontent.com}/pixelor/ecfg/main/data/ecfg6
[OK] proxies=126 new=0 url=https://{files.shadowrockets.app|cdn.shadowrockets.app}/ecfg/data/ecfg6
[OK] proxies=432 new=0 url=https://{files.shadowrockets.app|cdn.shadowrockets.app}/ecfg/data/ecfg6_en
[OK] proxies=432 new=0 url=https://{files.shadowrockets.app|cdn.shadowrockets.app}/ecfg/data/ecfg6_zh
[OK] proxies=705 source=[Pawdroid-sr-apk] url=https://github.com/Pawdroid/shadowrocket_for_android/releases/download/10.10.51/Shadowrocket_10.10.51_shadowrocketStandard_arm64-v8a.apk
============================================================
[INFO] toolkit try page: https://shadowshare.v2cross.com
[INFO] toolkit try download: https://shadowshare.v2cross.com/shadowshare.apk
[OK] toolkit downloaded: shadowshare.apk bytes=62868122
[OK] toolkit extracted archive=shadowshare.apk tool=zipfile files=612 dirs=39
[OK] toolkit ss-apk scanned prefixes=10 files=3 keys=1 archive=shadowshare.apk
[OK] proxies=171 new=171 url=https://{raw.githubusercontent.com|jsd.onmicrosoft.cn}/hideme9527/ecsfg/main/data/sareserver
[OK] proxies=1386 new=1283 url=https://{raw.githubusercontent.com|jsd.onmicrosoft.cn}/hideme9527/ecsfg/main/data/sareserver_en
[OK] proxies=171 new=0 url=https://{shadowsharing.com|sare.159236.xyz}/data/sareserver
[OK] proxies=1386 new=0 url=https://{shadowsharing.com|sare.159236.xyz}/data/sareserver_en
[OK] proxies=171 new=0 url=https://gitee.com/api/v5/repos/{guoyoucai1|zhiminghao|elvenapp}/ecsfg/raw/data/sareserver
[OK] proxies=1386 new=0 url=https://gitee.com/api/v5/repos/{guoyoucai1|elvenapp|zhiminghao}/ecsfg/raw/data/sareserver_en
[OK] proxies=1454 source=[Pawdroid-ss-apk] url=https://shadowshare.v2cross.com/shadowshare.apk
============================================================
[INFO] sublink try repo: https://github.com/free-nodes/clashfree
[INFO] sublink try page: https://raw.githubusercontent.com/free-nodes/clashfree/main/README.md
[OK] proxies=1378 new=1378 url=https://raw.githubusercontent.com/free-nodes/clashfree/main/README.md
[OK] proxies=1378 new=0 url=https://raw.githubusercontent.com/free-nodes/clashfree/main/clash20260916.yml
[OK] proxies=1 new=1 url=https://github.com/free-nodes/clashfree/blob/main/clash20260916.yml
[OK] proxies=1379 source=[Clashfree] url=https://raw.githubusercontent.com/free-nodes/clashfree/main/README.md
============================================================
[INFO] sublink try repo: https://github.com/Epodonios/v2ray-configs
[INFO] sublink try page: https://raw.githubusercontent.com/Epodonios/v2ray-configs/main/README.md
[OK] proxies=1 new=1 url=https://github.com/Epodonios/V2ray-Configs/actions/workflows/main.yml
[OK] proxies=4128 new=4128 url=https://github.com/Epodonios/v2ray-configs/raw/main/All_Configs_Sub.txt
[OK] proxies=4128 new=0 url=https://github.com/Epodonios/v2ray-configs/raw/main/All_Configs_base64_Sub.txt
[OK] proxies=3326 new=139 url=https://github.com/Epodonios/v2ray-configs/raw/main/Splitted-By-Protocol/vless.txt
[OK] proxies=153 new=1 url=https://github.com/Epodonios/v2ray-configs/raw/main/Splitted-By-Protocol/vmess.txt
[OK] proxies=417 new=30 url=https://github.com/Epodonios/v2ray-configs/raw/main/Splitted-By-Protocol/ss.txt
[OK] proxies=149 new=0 url=https://github.com/Epodonios/v2ray-configs/raw/main/Splitted-By-Protocol/trojan.txt
[OK] proxies=4128 new=0 url=https://raw.githubusercontent.com/Epodonios/v2ray-configs/main/{Sub1.txt|Sub2.txt|Sub3.txt|Sub4.txt|Sub5.txt|Sub6.txt|Sub7.txt|Sub8.txt|Sub9.txt}
[OK] proxies=4299 source=[Epodonios] url=https://raw.githubusercontent.com/Epodonios/v2ray-configs/main/README.md
============================================================
[INFO] sublink try repo: https://github.com/free-clash-v2ray/free-clash-v2ray.github.io
[INFO] sublink try page: https://raw.githubusercontent.com/free-clash-v2ray/free-clash-v2ray.github.io/main/README.md
[OK] proxies=2890 new=2890 url=https://free-clash-v2ray.github.io/uploads/2026/09/{0-20260913.yaml|1-20260913.yaml|2-20260913.yaml|3-20260913.yaml}
[OK] proxies=4384 new=1835 url=https://free-clash-v2ray.github.io/uploads/2026/09/{0-20260913.txt|1-20260913.txt|2-20260913.txt|3-20260913.txt|4-20260913.txt}
[OK] proxies=4725 source=[Free-clash-v2ray] url=https://raw.githubusercontent.com/free-clash-v2ray/free-clash-v2ray.github.io/main/README.md
============================================================
[INFO] article try page: https://v2rayclashfree.com
[INFO] sublink try page: https://v2rayclashfree.com/fn/20260916.html
[OK] proxies=939 new=939 url=https://v2rayclashfree.com/sub/20260916-v2ray.txt
[OK] proxies=844 new=89 url=https://v2rayclashfree.com/sub/20260916-clash.yaml
[OK] proxies=1028 source=[V2rayclashfree-RSS] url=https://v2rayclashfree.com/fn/20260916.html
============================================================
[INFO] raw backup written path=/home/runner/work/Free-node-autotest/Free-node-autotest/output/raw.yaml proxies=27038
[INFO] toolkit try repo: https://github.com/MetaCubeX/mihomo
[INFO] toolkit try release: https://github.com/MetaCubeX/mihomo/releases
[INFO] toolkit try release: https://github.com/MetaCubeX/mihomo/releases/expanded_assets/v1.19.31
[INFO] toolkit try download: https://github.com/MetaCubeX/mihomo/releases/download/v1.19.31/mihomo-linux-amd64-compatible-v1.19.31.gz
[OK] toolkit downloaded: mihomo-linux-amd64-compatible-v1.19.31.gz bytes=22821836
[OK] toolkit sha256 verified: mihomo-linux-amd64-compatible-v1.19.31.gz sha256=04cf9f09671704f839ddbee2e93069dc831a4123a75281e725d1d96ab9ac1afc
[OK] proxy engine ready: starting latency test package=mihomo-linux-amd64-compatible-v1.19.31.gz
============================================================
[WARN] batch start failed size=17339 {1} split -> 8669 {2} + 8670 {3}
[WARN] batch start failed size=8669 {2} split -> 4334 {4} + 4335 {5}
[WARN] batch start failed size=8670 {3} split -> 4335 {6} + 4335 {7}
[WARN] batch start failed size=4334 {4} split -> 2167 {8} + 2167 {9}
[WARN] batch start failed size=4335 {6} split -> 2167 {10} + 2168 {11}
[WARN] batch start failed size=2167 {8} split -> 1083 {12} + 1084 {13}
[WARN] batch start failed size=4335 {7} split -> 2167 {14} + 2168 {15}
[INFO] {5} tested 100/4335 kept=0 rest=17239
[WARN] batch start failed size=2167 {10} split -> 1083 {16} + 1084 {17}
[INFO] {9} tested 100/2167 kept=0 rest=17100
[INFO] {5} tested 200/4335 kept=23 rest=16952
[WARN] batch start failed size=2168 {11} split -> 1084 {18} + 1084 {19}
[INFO] {5} tested 300/4335 kept=107 rest=16849
[WARN] batch start failed size=1083 {12} split -> 541 {20} + 542 {21}
[INFO] {9} tested 200/2167 kept=8 rest=16699
[INFO] {9} tested 300/2167 kept=9 rest=16594
[INFO] {5} tested 400/4335 kept=119 rest=16550
[INFO] {13} tested 100/1084 kept=4 rest=16457
[INFO] {5} tested 500/4335 kept=119 rest=16313
[INFO] {13} tested 200/1084 kept=36 rest=16280
[INFO] {9} tested 400/2167 kept=10 rest=16206
[INFO] {9} tested 500/2167 kept=19 rest=16093
[INFO] {13} tested 300/1084 kept=39 rest=15881
[INFO] {5} tested 600/4335 kept=119 rest=15809
[INFO] {9} tested 600/2167 kept=74 rest=15729
[INFO] {13} tested 400/1084 kept=41 rest=15639
[INFO] {9} tested 700/2167 kept=74 rest=15582
[INFO] {13} tested 500/1084 kept=42 rest=15410
[INFO] {5} tested 700/4335 kept=119 rest=15391
[INFO] {13} tested 600/1084 kept=51 rest=15261
[INFO] {9} tested 800/2167 kept=75 rest=15109
[INFO] {13} tested 700/1084 kept=54 rest=15058
[INFO] {9} tested 900/2167 kept=75 rest=14940
[INFO] {5} tested 800/4335 kept=119 rest=14867
[INFO] {13} tested 800/1084 kept=57 rest=14780
[INFO] {13} tested 900/1084 kept=58 rest=14637
[INFO] {9} tested 1000/2167 kept=75 rest=14464
[INFO] {13} tested 1000/1084 kept=63 rest=14428
[INFO] {9} tested 1100/2167 kept=75 rest=14328
[INFO] {9} tested 1200/2167 kept=75 rest=14221
[INFO] {5} tested 900/4335 kept=119 rest=14175
[INFO] {5} tested 1000/4335 kept=119 rest=13986
[INFO] {13} tested 1084/1084 kept=63 rest=13964
[INFO] {9} tested 1300/2167 kept=75 rest=13948
[INFO] {14} tested 100/2167 kept=0 rest=13773
[INFO] {14} tested 200/2167 kept=0 rest=13625
[INFO] {5} tested 1100/4335 kept=119 rest=13485
[INFO] {9} tested 1400/2167 kept=75 rest=13444
[INFO] {14} tested 300/2167 kept=4 rest=13344
[INFO] {9} tested 1500/2167 kept=75 rest=13294
[INFO] {14} tested 400/2167 kept=12 rest=13178
[INFO] {14} tested 500/2167 kept=12 rest=13039
[INFO] {5} tested 1200/4335 kept=119 rest=12936
[INFO] {14} tested 600/2167 kept=12 rest=12877
[INFO] {9} tested 1600/2167 kept=75 rest=12773
[INFO] {14} tested 700/2167 kept=13 rest=12600
[INFO] {5} tested 1300/4335 kept=119 rest=12458
[INFO] {14} tested 800/2167 kept=13 rest=12443
[INFO] {9} tested 1700/2167 kept=75 rest=12433
[INFO] {14} tested 900/2167 kept=16 rest=12233
[INFO] {9} tested 1800/2167 kept=75 rest=12142
[INFO] {5} tested 1400/4335 kept=119 rest=12079
[INFO] {14} tested 1000/2167 kept=17 rest=12008
[INFO] {14} tested 1100/2167 kept=21 rest=11878
[INFO] {5} tested 1500/4335 kept=119 rest=11720
[INFO] {14} tested 1200/2167 kept=29 rest=11712
[INFO] {14} tested 1300/2167 kept=31 rest=11549
[INFO] {9} tested 1900/2167 kept=75 rest=11513
[INFO] {5} tested 1600/4335 kept=119 rest=11266
[INFO] {14} tested 1400/2167 kept=33 rest=11256
[INFO] {9} tested 2000/2167 kept=75 rest=11240
[INFO] {5} tested 1700/4335 kept=119 rest=11064
[INFO] {14} tested 1500/2167 kept=33 rest=11003
[INFO] {14} tested 1600/2167 kept=33 rest=10829
[INFO] {14} tested 1700/2167 kept=37 rest=10700
[INFO] {9} tested 2100/2167 kept=75 rest=10650
[INFO] {5} tested 1800/4335 kept=119 rest=10557
[INFO] {14} tested 1800/2167 kept=46 rest=10440
[INFO] {5} tested 1900/4335 kept=119 rest=10402
[INFO] {5} tested 2000/4335 kept=119 rest=10251
[INFO] {14} tested 1900/2167 kept=49 rest=10124
[INFO] {5} tested 2100/4335 kept=119 rest=10099
[INFO] {14} tested 2000/2167 kept=57 rest=9965
[INFO] {5} tested 2200/4335 kept=123 rest=9814
[INFO] {9} tested 2167/2167 kept=75 rest=9733
[INFO] {14} tested 2100/2167 kept=71 rest=9690
[INFO] {5} tested 2300/4335 kept=123 rest=9681
[WARN] batch start failed size=2168 {15} split -> 1084 {22} + 1084 {23}
[WARN] batch start failed size=1084 {17} split -> 542 {24} + 542 {25}
[INFO] {5} tested 2400/4335 kept=123 rest=9528
[INFO] {16} tested 100/1083 kept=0 rest=9396
[INFO] {14} tested 2167/2167 kept=81 rest=9296
[INFO] {5} tested 2500/4335 kept=123 rest=9236
[WARN] batch start failed size=1084 {19} split -> 542 {26} + 542 {27}
[INFO] {18} tested 100/1084 kept=2 rest=9079
[INFO] {18} tested 200/1084 kept=4 rest=8977
[INFO] {18} tested 300/1084 kept=7 rest=8876
[INFO] {5} tested 2600/4335 kept=123 rest=8757
[INFO] {16} tested 200/1083 kept=0 rest=8667
[INFO] {16} tested 300/1083 kept=0 rest=8562
[INFO] {16} tested 400/1083 kept=0 rest=8455
[INFO] {16} tested 500/1083 kept=0 rest=8348
[INFO] {16} tested 600/1083 kept=0 rest=8245
[INFO] {5} tested 2700/4335 kept=133 rest=8220
[INFO] {18} tested 400/1084 kept=29 rest=8142
[INFO] {18} tested 500/1084 kept=31 rest=8037
[INFO] {18} tested 600/1084 kept=37 rest=7913
[INFO] {5} tested 2800/4335 kept=133 rest=7800
[INFO] {16} tested 700/1083 kept=0 rest=7772
[INFO] {16} tested 800/1083 kept=0 rest=7655
[INFO] {16} tested 900/1083 kept=0 rest=7534
[INFO] {18} tested 700/1084 kept=51 rest=7405
[INFO] {5} tested 2900/4335 kept=133 rest=7306
[INFO] {18} tested 800/1084 kept=63 rest=7242
[INFO] {16} tested 1000/1083 kept=0 rest=7107
[INFO] {5} tested 3000/4335 kept=134 rest=7044
[INFO] {18} tested 900/1084 kept=74 rest=6918
[INFO] {18} tested 1000/1084 kept=78 rest=6745
[INFO] {5} tested 3100/4335 kept=134 rest=6741
[INFO] {16} tested 1083/1083 kept=0 rest=6559
[INFO] {5} tested 3200/4335 kept=134 rest=6556
[WARN] batch start failed size=541 {20} split -> 270 {28} + 271 {29}
[INFO] {18} tested 1084/1084 kept=79 rest=6482
[WARN] batch start failed size=1084 {23} split -> 542 {30} + 542 {31}
[INFO] {5} tested 3300/4335 kept=134 rest=6371
[INFO] {22} tested 100/1084 kept=12 rest=6227
[INFO] {22} tested 200/1084 kept=41 rest=6111
[INFO] {22} tested 300/1084 kept=95 rest=5995
[INFO] {22} tested 400/1084 kept=142 rest=5876
[INFO] {5} tested 3400/4335 kept=134 rest=5787
[INFO] {22} tested 500/1084 kept=174 rest=5754
[INFO] {22} tested 600/1084 kept=224 rest=5592
[INFO] {22} tested 700/1084 kept=237 rest=5483
[INFO] {21} tested 100/542 kept=58 rest=5454
[INFO] {22} tested 800/1084 kept=245 rest=5327
[INFO] {22} tested 900/1084 kept=249 rest=5212
[INFO] {22} tested 1000/1084 kept=255 rest=5105
[INFO] {21} tested 200/542 kept=69 rest=5012
[INFO] {5} tested 3500/4335 kept=134 rest=5000
[INFO] {5} tested 3600/4335 kept=134 rest=4799
[INFO] {21} tested 300/542 kept=123 rest=4777
[INFO] {22} tested 1084/1084 kept=267 rest=4645
[INFO] {24} tested 100/542 kept=0 rest=4505
[INFO] {5} tested 3700/4335 kept=135 rest=4424
[INFO] {21} tested 400/542 kept=127 rest=4387
[INFO] {5} tested 3800/4335 kept=135 rest=4262
[INFO] {24} tested 200/542 kept=1 rest=4165
[INFO] {24} tested 300/542 kept=1 rest=4064
[INFO] {21} tested 500/542 kept=127 rest=3949
[INFO] {5} tested 3900/4335 kept=136 rest=3905
[INFO] {21} tested 542/542 kept=127 rest=3823
[WARN] batch start failed size=542 {25} split -> 271 {32} + 271 {33}
[INFO] {5} tested 4000/4335 kept=137 rest=3767
[INFO] {24} tested 400/542 kept=15 rest=3712
[WARN] batch start failed size=542 {26} split -> 271 {34} + 271 {35}
[INFO] {27} tested 100/542 kept=0 rest=3452
[INFO] {5} tested 4100/4335 kept=138 rest=3393
[INFO] {24} tested 500/542 kept=18 rest=3302
[INFO] {5} tested 4200/4335 kept=138 rest=3231
[INFO] {27} tested 200/542 kept=0 rest=3220
[INFO] {24} tested 542/542 kept=20 rest=3092
[WARN] batch start failed size=270 {28} split -> 135 {36} + 135 {37}
[INFO] {27} tested 300/542 kept=0 rest=2999
[INFO] {5} tested 4300/4335 kept=138 rest=2867
[INFO] {27} tested 400/542 kept=0 rest=2796
[INFO] {29} tested 100/271 kept=0 rest=2773
[INFO] {5} tested 4335/4335 kept=138 rest=2575
[INFO] {30} tested 100/542 kept=1 rest=2467
[INFO] {30} tested 200/542 kept=2 rest=2365
[INFO] {30} tested 300/542 kept=6 rest=2263
[INFO] {30} tested 400/542 kept=22 rest=2161
[INFO] {27} tested 500/542 kept=0 rest=2059
[INFO] {29} tested 200/271 kept=3 rest=2037
[INFO] {30} tested 500/542 kept=54 rest=2019
[INFO] {27} tested 542/542 kept=0 rest=1953
[INFO] {29} tested 271/271 kept=3 rest=1927
[WARN] batch start failed size=542 {31} split -> 271 {38} + 271 {39}
[WARN] batch start failed size=271 {33} split -> 135 {40} + 136 {41}
[INFO] {32} tested 100/271 kept=68 rest=1822
[INFO] {32} tested 200/271 kept=146 rest=1719
[INFO] {34} tested 100/271 kept=0 rest=1618
[INFO] {34} tested 200/271 kept=4 rest=1489
[INFO] {30} tested 542/542 kept=64 rest=1458
[WARN] batch start failed size=271 {35} split -> 135 {42} + 136 {43}
[WARN] batch start failed size=135 {36} split -> 67 {44} + 68 {45}
[WARN] batch start failed size=135 {37} split -> 67 {46} + 68 {47}
[WARN] batch start failed size=271 {39} split -> 135 {48} + 136 {49}
[WARN] batch start failed size=271 {38} split -> 135 {50} + 136 {51}
[WARN] batch start failed size=135 {40} split -> 67 {52} + 68 {53}
[INFO] {32} tested 271/271 kept=184 rest=1390
[WARN] batch start failed size=136 {41} split -> 68 {54} + 68 {55}
[WARN] batch start failed size=136 {43} split -> 68 {56} + 68 {57}
[INFO] {34} tested 271/271 kept=14 rest=1354
[WARN] batch start failed size=135 {42} split -> 67 {58} + 68 {59}
[WARN] batch start failed size=68 {45} split -> 34 {60} + 34 {61}
[WARN] batch start failed size=67 {46} split -> 33 {62} + 34 {63}
[WARN] batch start failed size=135 {48} split -> 67 {64} + 68 {65}
[INFO] {49} tested 100/136 kept=11 rest=1184
[INFO] {44} tested 67/67 kept=10 rest=1113
[INFO] {47} tested 68/68 kept=32 rest=1089
[INFO] {51} tested 100/136 kept=71 rest=988
[WARN] batch start failed size=135 {50} split -> 67 {66} + 68 {67}
[INFO] {49} tested 136/136 kept=37 rest=975
[WARN] batch start failed size=67 {52} split -> 33 {68} + 34 {69}
[INFO] {51} tested 136/136 kept=85 rest=844
[WARN] batch start failed size=68 {55} split -> 34 {70} + 34 {71}
[WARN] batch start failed size=68 {56} split -> 34 {72} + 34 {73}
[INFO] {53} tested 68/68 kept=37 rest=838
[INFO] {54} tested 68/68 kept=2 rest=811
[WARN] batch start failed size=67 {58} split -> 33 {74} + 34 {75}
[INFO] {57} tested 68/68 kept=5 rest=705
[WARN] batch start failed size=34 {61} split -> 17 {76} + 17 {77}
[INFO] {59} tested 68/68 kept=2 rest=652
[WARN] batch start failed size=34 {63} split -> 17 {78} + 17 {79}
[INFO] {60} tested 34/34 kept=4 rest=625
[WARN] batch start failed size=68 {65} split -> 34 {80} + 34 {81}
[WARN] batch start failed size=67 {66} split -> 33 {82} + 34 {83}
[INFO] {62} tested 33/33 kept=0 rest=494
[INFO] {64} tested 67/67 kept=36 rest=472
[WARN] batch start failed size=34 {69} split -> 17 {84} + 17 {85}
[WARN] batch start failed size=34 {70} split -> 17 {86} + 17 {87}
[INFO] {67} tested 68/68 kept=62 rest=443
[WARN] batch start failed size=34 {72} split -> 17 {88} + 17 {89}
[INFO] {68} tested 33/33 kept=22 rest=408
[WARN] batch start failed size=34 {75} split -> 17 {90} + 17 {91}
[INFO] {71} tested 34/34 kept=11 rest=365
[WARN] batch start failed size=17 {76} split -> 8 {92} + 9 {93}
[WARN] batch start failed size=17 {77} split -> 8 {94} + 9 {95}
[INFO] {73} tested 34/34 kept=1 rest=346
[WARN] batch start failed size=17 {79} split -> 8 {96} + 9 {97}
[INFO] {74} tested 33/33 kept=0 rest=301
[WARN] batch start failed size=34 {81} split -> 17 {98} + 17 {99}
[INFO] {78} tested 17/17 kept=0 rest=294
[WARN] batch start failed size=34 {83} split -> 17 {100} + 17 {101}
[INFO] {80} tested 34/34 kept=8 rest=279
[WARN] batch start failed size=17 {85} split -> 8 {102} + 9 {103}
[INFO] {84} tested 17/17 kept=13 rest=247
[WARN] batch start failed size=17 {87} split -> 8 {104} + 9 {105}
[INFO] {82} tested 33/33 kept=2 rest=219
[WARN] batch start failed size=17 {89} split -> 8 {106} + 9 {107}
[INFO] {86} tested 17/17 kept=2 rest=203
[WARN] batch start failed size=17 {91} split -> 8 {108} + 9 {109}
[WARN] batch start failed size=8 {92} split -> 4 {110} + 4 {111}
[WARN] batch start failed size=9 {93} split -> 4 {112} + 5 {113}
[INFO] {88} tested 17/17 kept=1 rest=190
[WARN] batch start failed size=8 {94} split -> 4 {114} + 4 {115}
[WARN] batch start failed size=8 {96} split -> 4 {116} + 4 {117}
[WARN] batch start failed size=9 {97} split -> 4 {118} + 5 {119}
[INFO] {90} tested 17/17 kept=0 rest=169
[WARN] batch start failed size=17 {98} split -> 8 {120} + 9 {121}
[INFO] {95} tested 9/9 kept=0 rest=151
[WARN] batch start failed size=17 {100} split -> 8 {122} + 9 {123}
[INFO] {101} tested 17/17 kept=15 rest=147
[INFO] {99} tested 17/17 kept=12 rest=144
[WARN] batch start failed size=9 {103} split -> 4 {124} + 5 {125}
[WARN] batch start failed size=9 {105} split -> 4 {126} + 5 {127}
[INFO] {102} tested 8/8 kept=8 rest=130
[WARN] batch start failed size=8 {106} split -> 4 {128} + 4 {129}
[INFO] {104} tested 8/8 kept=1 rest=120
[WARN] batch start failed size=9 {109} split -> 4 {130} + 5 {131}
[INFO] {107} tested 9/9 kept=0 rest=112
[WARN] batch start failed size=4 {111} split -> 2 {132} + 2 {133}
[WARN] batch start failed size=4 {112} split -> 2 {134} + 2 {135}
[INFO] {108} tested 8/8 kept=0 rest=109
[WARN] batch start failed size=4 {115} split -> 2 {136} + 2 {137}
[INFO] {110} tested 4/4 kept=0 rest=106
[WARN] batch start failed size=4 {117} split -> 2 {138} + 2 {139}
[INFO] {113} tested 5/5 kept=0 rest=100
[WARN] batch start failed size=4 {118} split -> 2 {140} + 2 {141}
[INFO] {114} tested 4/4 kept=0 rest=95
[WARN] batch start failed size=9 {121} split -> 4 {142} + 5 {143}
[INFO] {119} tested 5/5 kept=0 rest=90
[INFO] {116} tested 4/4 kept=0 rest=81
[WARN] batch start failed size=9 {123} split -> 4 {144} + 5 {145}
[INFO] {120} tested 8/8 kept=1 rest=76
[INFO] {122} tested 8/8 kept=1 rest=71
[WARN] batch start failed size=5 {125} split -> 2 {146} + 3 {147}
[WARN] batch start failed size=4 {126} split -> 2 {148} + 2 {149}
[WARN] batch start failed size=4 {129} split -> 2 {150} + 2 {151}
[WARN] batch start failed size=4 {128} split -> 2 {152} + 2 {153}
[INFO] {124} tested 4/4 kept=2 rest=66
[WARN] batch start failed size=5 {131} split -> 2 {154} + 3 {155}
[INFO] {132} tested 2/2 kept=0 rest=64
[INFO] {127} tested 5/5 kept=2 rest=61
[WARN] batch start failed size=2 {133} split -> 1 {156} + 1 {157}
[WARN] batch start failed size=2 {135} split -> 1 {158} + 1 {159}
[WARN] batch start failed size=2 {134} split -> 1 {160} + 1 {161}
[WARN] batch start failed size=2 {136} split -> 1 {162} + 1 {163}
[INFO] {130} tested 4/4 kept=0 rest=58
[WARN] batch start failed size=2 {137} split -> 1 {164} + 1 {165}
[WARN] batch start failed size=2 {139} split -> 1 {166} + 1 {167}
[WARN] batch start failed size=2 {140} split -> 1 {168} + 1 {169}
[WARN] batch start failed size=2 {141} split -> 1 {170} + 1 {171}
[WARN] batch start failed size=5 {143} split -> 2 {172} + 3 {173}
[INFO] {145} tested 5/5 kept=5 rest=51
[WARN] batch start failed size=4 {144} split -> 2 {174} + 2 {175}
[WARN] batch start failed size=2 {146} split -> 1 {176} + 1 {177}
[INFO] {138} tested 2/2 kept=0 rest=46
[WARN] batch start failed size=2 {148} split -> 1 {178} + 1 {179}
[INFO] {142} tested 4/4 kept=1 rest=45
[INFO] {149} tested 2/2 kept=1 rest=43
[WARN] batch start failed size=2 {150} split -> 1 {180} + 1 {181}
[INFO] {147} tested 3/3 kept=3 rest=41
[WARN] batch start failed size=2 {153} split -> 1 {182} + 1 {183}
[INFO] {151} tested 2/2 kept=0 rest=39
[INFO] {152} tested 2/2 kept=0 rest=37
[WARN] batch start failed size=2 {154} split -> 1 {184} + 1 {185}
[DROP] {157} name=[ChromeGO-ShiteThings] hysteria-2 server=5.83.129.153:20088 reason=Start initial configuration in progress
[DROP] {156} name=[ChromeGO-ShiteThings] hysteria server=62.210.70.191:23556 reason=Start initial configuration in progress
[DROP] {158} name=[ChromeGO-ShiteThings] hysteria-5 server=45.150.65.154:47119 reason=Start initial configuration in progress
[INFO] {155} tested 3/3 kept=0 rest=32
[DROP] {160} name=[ChromeGO-ShiteThings] hysteria-3 server=5.83.129.90:54177 reason=Start initial configuration in progress
[DROP] {161} name=[ChromeGO-ShiteThings] hysteria-4 server=5.83.129.153:27626 reason=Start initial configuration in progress
[DROP] {162} name=[ChromeGO-Merge] WARP server=162.159.192.1:2408 reason=Start initial configuration in progress
[DROP] {163} name=[ChromeGO-Merge] United server=108.181.5.133:26022 reason=Start initial configuration in progress
[DROP] {164} name=[ChromeGO-Merge] France_hysteria_1 server=62.210.243.131:18702 reason=Start initial configuration in progress
[DROP] {165} name=[ChromeGO-Merge] United-2 server=109.104.152.194:58510 reason=Start initial configuration in progress
[DROP] {166} name=[ChromeGO-Merge] Taiwan server=www2.dtku48.xyz:22334 reason=Start initial configuration in progress
[DROP] {167} name=[ChromeGO-Merge] France server=51.158.54.46:55396 reason=Start initial configuration in progress
[DROP] {168} name=[ChromeGO-Merge] United-4 server=173.234.25.52:48919 reason=Start initial configuration in progress
[DROP] {169} name=[ChromeGO-Merge] Taiwan-2 server=www.dtku40.xyz:18490 reason=Start initial configuration in progress
[DROP] {170} name=[ChromeGO-Merge] United-5 server=167.160.91.115:41189 reason=Start initial configuration in progress
[INFO] {171} tested 1/1 kept=0 rest=19
[WARN] batch start failed size=3 {173} split -> 1 {186} + 2 {187}
[WARN] batch start failed size=2 {174} split -> 1 {188} + 1 {189}
[INFO] {159} tested 1/1 kept=0 rest=18
[INFO] {175} tested 2/2 kept=2 rest=16
[DROP] {176} name=[Pawdroid-sr-apk] 美国+纽约州纽约BuyVM server=198.98.53.130:443 reason=Start initial configuration in progress
[INFO] {178} tested 1/1 kept=1 rest=14
[INFO] {172} tested 2/2 kept=0 rest=13
[DROP] {179} name=[Pawdroid-ss-apk] United+Kingdom-4 server=82.38.31.189:8080 reason=Start initial configuration in progress
[DROP] {180} name=[Epodonios] EPODONIOS-101 server=92.119.166.62:2222 reason=Start initial configuration in progress
[INFO] {177} tested 1/1 kept=0 rest=10
[DROP] {183} name=[Epodonios] EPODONIOS-100 server=78.38.246.150:8446 reason=Start initial configuration in progress
[DROP] {184} name=[Epodonios] EPODONIOS-7 server=18.193.13.65:22224 reason=Start initial configuration in progress
[DROP] {185} name=[Epodonios] EPODONIOS-8 server=35.181.70.2:22224 reason=Start initial configuration in progress
[WARN] batch start failed size=2 {187} split -> 1 {190} + 1 {191}
[INFO] {186} tested 1/1 kept=0 rest=6
[DROP] {188} name=[Free-clash-v2ray] hysteria server=5.83.129.143:26691 reason=Start initial configuration in progress
[INFO] {181} tested 1/1 kept=0 rest=4
[INFO] {182} tested 1/1 kept=0 rest=3
[DROP] {190} name=[Free-clash-v2ray] 未知 SS-1521 | free-nodes server=192.0.2.1:1 reason=Start initial configuration in progress
[INFO] {191} tested 1/1 kept=0 rest=1
[INFO] {189} tested 1/1 kept=1 rest=0
[INFO] dropped=22 [ChromeGO-ShiteThings] × 5 | [ChromeGO-Merge] × 9 | [Pawdroid-sr-apk] × 1 | [Pawdroid-ss-apk] × 1 | [Epodonios] × 4 | [Free-clash-v2ray] × 2
============================================================
[INFO] cap live source=[免费节点2] from 90 to 50 by health_score
[INFO] cap live source=[免费节点8] from 186 to 50 by health_score
[INFO] cap live source=[Pawdroid-sr-apk] from 269 to 50 by health_score
[INFO] cap live source=[Pawdroid-ss-apk] from 92 to 50 by health_score
[INFO] cap live source=[Epodonios] from 58 to 50 by health_score
[INFO] cap live source=[Free-clash-v2ray] from 582 to 50 by health_score
[INFO] cap live total from 566 to 350 trim large sources first
============================================================
+------------------------------+--------+--------+------+--------+
| source                       |    raw | unique | live | capped |
+------------------------------+--------+--------+------+--------+
| [大FQ运动]                   |     14 |     14 |    4 |      4 |
+------------------------------+--------+--------+------+--------+
| [Pawdroid]                   |     22 |     21 |    3 |      3 |
+------------------------------+--------+--------+------+--------+
| [FreeV2-Base64]              |      3 |      3 |    3 |      3 |
+------------------------------+--------+--------+------+--------+
| [Bocchi2b-Base64]            |     35 |     35 |    0 |      0 |
+------------------------------+--------+--------+------+--------+
| [ChromeGO-Toolkit]           |     14 |     14 |    3 |      3 |
+------------------------------+--------+--------+------+--------+
| [ChromeGO-ShiteThings]       |     31 |     25 |    1 |      1 |
+------------------------------+--------+--------+------+--------+
| [ChromeGO-Merge]             |    125 |    123 |   14 |     14 |
+------------------------------+--------+--------+------+--------+
| [Freesocks]                  |      3 |      3 |    3 |      3 |
+------------------------------+--------+--------+------+--------+
| [NekoWarp]                   |     10 |     10 |   10 |     10 |
+------------------------------+--------+--------+------+--------+
| [OpenRunner-RSS]             |     14 |      0 |    0 |      0 |
+------------------------------+--------+--------+------+--------+
| [V2Rayshare-RSS]             |     27 |     26 |    5 |      5 |
+------------------------------+--------+--------+------+--------+
| [Mibei77-RSS]                |    108 |     82 |    1 |      1 |
+------------------------------+--------+--------+------+--------+
| [Yoyapai-RSS]                |    213 |    184 |    2 |      2 |
+------------------------------+--------+--------+------+--------+
| [免费节点1]                  |    125 |     25 |    3 |      3 |
+------------------------------+--------+--------+------+--------+
| [免费节点2]                  |    355 |    321 |   90 |     24 |
+------------------------------+--------+--------+------+--------+
| [免费节点3]                  |     49 |     35 |   33 |     24 |
+------------------------------+--------+--------+------+--------+
| [免费节点4]                  |    837 |    719 |   43 |     24 |
+------------------------------+--------+--------+------+--------+
| [免费节点5]                  |     29 |     28 |    0 |      0 |
+------------------------------+--------+--------+------+--------+
| [免费节点6]                  |   1103 |   1067 |   31 |     24 |
+------------------------------+--------+--------+------+--------+
| [免费节点7]                  |     64 |      8 |    2 |      2 |
+------------------------------+--------+--------+------+--------+
| [免费节点8]                  |   4217 |   3835 |  186 |     24 |
+------------------------------+--------+--------+------+--------+
| [免费节点9]                  |    615 |    451 |    0 |      0 |
+------------------------------+--------+--------+------+--------+
| [免费节点10]                 |   5011 |   3080 |   16 |     16 |
+------------------------------+--------+--------+------+--------+
| [免费节点11]                 |    422 |    191 |   19 |     19 |
+------------------------------+--------+--------+------+--------+
| [Pawdroid-sr-apk]            |    705 |    387 |  269 |     24 |
+------------------------------+--------+--------+------+--------+
| [Pawdroid-ss-apk]            |   1454 |   1022 |   92 |     24 |
+------------------------------+--------+--------+------+--------+
| [Clashfree]                  |   1379 |    538 |   21 |     21 |
+------------------------------+--------+--------+------+--------+
| [Epodonios]                  |   4299 |   2699 |   58 |     24 |
+------------------------------+--------+--------+------+--------+
| [Free-clash-v2ray]           |   4725 |   2239 |  582 |     24 |
+------------------------------+--------+--------+------+--------+
| [V2rayclashfree-RSS]         |   1028 |    154 |   49 |     24 |
+------------------------------+--------+--------+------+--------+
============================================================
[SUMMARY] total_nodes=27036
[SUMMARY] legal_candidates=17339
[SUMMARY] passed_latency_test=350
[SUMMARY] region_HK=5 region_JP=7 region_US=90
[SUMMARY] avg_latency_ms=425.13
[SUMMARY] output=/home/runner/work/Free-node-autotest/Free-node-autotest/output/clash.yaml
============================================================
