[OK] source=大FQ运动 proxies=2 url=https://raw.githubusercontent.com/hello-world-1989/cn-news/refs/heads/main/clash.yaml
============================================================
[OK] source=大FQ运动-官网 proxies=4 url=https://end-gfw.com/ss-key
============================================================
[OK] source=ChromeGO proxies=28 url=https://chg26.makou.cc.cd/
============================================================
[INFO] v2rayshare try page: https://v2rayshare.net/p/5083.html
[OK] v2rayshare discovered: https://static.v2rayshare.net/2026/08/m20260828.yaml
[OK] source=V2Rayshare-RSS proxies=27 url=https://static.v2rayshare.net/2026/08/m20260828.yaml
============================================================
[INFO] openrunner try page: https://free.datiya.com/post/20260828/
[OK] openrunner discovered: https://free.datiya.com/uploads/20260828-clash.yaml
[OK] source=OpenRunner-RSS proxies=14 url=https://free.datiya.com/uploads/20260828-clash.yaml
============================================================
[INFO] mibei77 try page: https://www.mibei77.com/621.html
[OK] mibei77 discovered: https://mm.mibei77.com/202608/0828Clashiax.yaml
[OK] source=Mibei77-RSS proxies=262 url=https://mm.mibei77.com/202608/0828Clashiax.yaml
============================================================
[INFO] yoyapai try page: https://yoyapai.com/688
[OK] yoyapai discovered: https://freenode.yoyapai.com/2026/08/28-yoyapai.com-clash-vpn-mian-fei-jiedian.yaml
[OK] source=Yoyapai-RSS proxies=280 url=https://freenode.yoyapai.com/2026/08/28-yoyapai.com-clash-vpn-mian-fei-jiedian.yaml
============================================================
[OK] source=Free-clash-v2ray-README proxies=253 url=https://free-clash-v2ray.github.io/uploads/2026/08/0-20260823.yaml
============================================================
[OK] source=FreeV2-Base64 proxies=7 url=https://xmxosfepggzm.503403.xyz
============================================================
[OK] source=Pawdroid-Base64 proxies=20 url=https://raw.githubusercontent.com/Pawdroid/Free-servers/main/sub
============================================================
[OK] source=V2Rayshare-订阅 proxies=27 url=https://cdn.jsdelivr.net/gh/firefoxmmx2/v2rayshare_subcription/subscription/mihomo_sub.yaml
============================================================
[OK] source=免费节点1 proxies=298 url=https://raw.githubusercontent.com/free18/v2ray/refs/heads/main/c.yaml
============================================================
[OK] source=免费节点1-README自建 proxies=6 url=https://raw.githubusercontent.com/free18/v2ray/refs/heads/main/README.md
============================================================
[OK] source=免费节点2 proxies=20 url=https://raw.githubusercontent.com/ermaozi/get_subscribe/main/subscribe/clash.yml
============================================================
[OK] source=免费节点3 proxies=88 url=https://sunmiao4458.github.io/free-proxy-airport/clash.yaml
============================================================
[WARN] YAML document parse failed: while parsing a flow mapping
  in "<unicode string>", line 31, column 3:
    - {name: "🇫🇷FR-"2001:bc8:32d7:1a9: ... 
      ^
expected ',' or '}', but got '<scalar>'
  in "<unicode string>", line 31, column 17:
    - {name: "🇫🇷FR-"2001:bc8:32d7:1a9::2"-029", serv ... 
                    ^
[WARN] proxy block parse failed, fallback to per-line: while parsing a flow mapping
  in "<unicode string>", line 31, column 3:
    - {name: "🇫🇷FR-"2001:bc8:32d7:1a9: ... 
      ^
expected ',' or '}', but got '<scalar>'
  in "<unicode string>", line 31, column 17:
    - {name: "🇫🇷FR-"2001:bc8:32d7:1a9::2"-029", serv ... 
                    ^
[WARN] skipped 15 invalid proxy line(s) in this source
[OK] source=免费节点4 proxies=207 url=https://raw.githubusercontent.com/mfuu/v2ray/master/clash.yaml
============================================================
[OK] source=免费节点5 proxies=28 url=https://cdn.jsdelivr.net/gh/vxiaov/free_proxies@main/clash/clash.provider.yaml
============================================================
[OK] source=免费节点6 proxies=1411 url=https://raw.githubusercontent.com/anaer/Sub/main/clash.yaml
============================================================
[OK] source=免费节点7 proxies=128 url=https://raw.githubusercontent.com/snakem982/proxypool/main/source/clash-meta-2.yaml
============================================================
[OK] source=免费节点8 proxies=4082 url=https://raw.githubusercontent.com/mahdibland/SSAggregator/master/sub/sub_merge_yaml.yml
============================================================
[OK] source=免费节点9-1 proxies=188 url=https://raw.githubusercontent.com/w1770946466/Auto_proxy/main/Long_term_subscription1.yaml
============================================================
[WARN] YAML document parse failed: while scanning a simple key
  in "<unicode string>", line 98, column 1:
    _11
    ^
could not find expected ':'
  in "<unicode string>", line 107, column 1:
    _10
    ^
[OK] source=免费节点9-2 proxies=55 url=https://raw.githubusercontent.com/w1770946466/Auto_proxy/main/Long_term_subscription2.yaml
============================================================
[WARN] YAML document parse failed: while scanning a simple key
  in "<unicode string>", line 99, column 1:
    _6
    ^
could not find expected ':'
  in "<unicode string>", line 126, column 1:
    _3
    ^
[OK] source=免费节点9-3 proxies=52 url=https://raw.githubusercontent.com/w1770946466/Auto_proxy/main/Long_term_subscription3.yaml
============================================================
[INFO] clashfree try readme: https://raw.githubusercontent.com/free-nodes/clashfree/refs/heads/main/README.md
[OK] clashfree discovered: https://raw.githubusercontent.com/free-nodes/clashfree/refs/heads/main/clash20260828.yml
[OK] source=Clashfree-README proxies=1414 url=https://raw.githubusercontent.com/free-nodes/clashfree/refs/heads/main/clash20260828.yml
============================================================
[INFO] raw backup written path=output/raw.yaml proxies=8901
[INFO] downloading proxy engine: https://github.com/MetaCubeX/mihomo/releases/download/v1.19.30/mihomo-linux-amd64-v3-v1.19.30.gz
[INFO] tested 25/6376 kept=4
[INFO] tested 50/6376 kept=10
[INFO] tested 75/6376 kept=10
[INFO] tested 100/6376 kept=10
[INFO] tested 125/6376 kept=10
[INFO] tested 150/6376 kept=13
[INFO] tested 175/6376 kept=15
[INFO] tested 200/6376 kept=17
[INFO] tested 225/6376 kept=18
[INFO] tested 250/6376 kept=18
[INFO] tested 275/6376 kept=18
[INFO] tested 300/6376 kept=19
[INFO] tested 325/6376 kept=20
[INFO] tested 350/6376 kept=24
[INFO] tested 375/6376 kept=31
[INFO] tested 400/6376 kept=38
[INFO] tested 425/6376 kept=52
[INFO] tested 450/6376 kept=68
[INFO] tested 475/6376 kept=88
[INFO] tested 500/6376 kept=101
[INFO] tested 525/6376 kept=102
[INFO] tested 550/6376 kept=106
[INFO] tested 575/6376 kept=108
[INFO] tested 600/6376 kept=108
[INFO] tested 625/6376 kept=109
[INFO] tested 650/6376 kept=117
[INFO] tested 675/6376 kept=122
[INFO] tested 700/6376 kept=122
[INFO] tested 725/6376 kept=122
[INFO] tested 750/6376 kept=122
[INFO] tested 775/6376 kept=122
[INFO] tested 800/6376 kept=122
[INFO] tested 825/6376 kept=123
[INFO] tested 850/6376 kept=124
[INFO] tested 875/6376 kept=124
[INFO] tested 900/6376 kept=126
[INFO] tested 925/6376 kept=126
[INFO] tested 950/6376 kept=126
[INFO] tested 975/6376 kept=127
[INFO] tested 1000/6376 kept=128
[INFO] tested 1025/6376 kept=128
[INFO] tested 1050/6376 kept=128
[INFO] tested 1075/6376 kept=128
[INFO] tested 1100/6376 kept=129
[INFO] tested 1125/6376 kept=129
[INFO] tested 1150/6376 kept=129
[INFO] tested 1175/6376 kept=129
[INFO] tested 1200/6376 kept=129
[INFO] tested 1225/6376 kept=129
[INFO] tested 1250/6376 kept=129
[INFO] tested 1275/6376 kept=129
[INFO] tested 1300/6376 kept=129
[INFO] tested 1325/6376 kept=130
[INFO] tested 1350/6376 kept=130
[INFO] tested 1375/6376 kept=131
[INFO] tested 1400/6376 kept=131
[INFO] tested 1425/6376 kept=131
[INFO] tested 1450/6376 kept=131
[INFO] tested 1475/6376 kept=131
[INFO] tested 1500/6376 kept=131
[INFO] tested 1525/6376 kept=131
[INFO] tested 1550/6376 kept=131
[INFO] tested 1575/6376 kept=131
[INFO] tested 1600/6376 kept=131
[INFO] tested 1625/6376 kept=131
[INFO] tested 1650/6376 kept=131
[INFO] tested 1675/6376 kept=131
[INFO] tested 1700/6376 kept=131
[INFO] tested 1725/6376 kept=131
[INFO] tested 1750/6376 kept=131
[INFO] tested 1775/6376 kept=131
[INFO] tested 1800/6376 kept=131
[INFO] tested 1825/6376 kept=131
[INFO] tested 1850/6376 kept=131
[INFO] tested 1875/6376 kept=131
[INFO] tested 1900/6376 kept=131
[INFO] tested 1925/6376 kept=131
[INFO] tested 1950/6376 kept=139
[INFO] tested 1975/6376 kept=141
[INFO] tested 2000/6376 kept=157
[INFO] tested 2025/6376 kept=180
[INFO] tested 2050/6376 kept=201
[INFO] tested 2075/6376 kept=214
[INFO] tested 2100/6376 kept=220
[INFO] tested 2125/6376 kept=220
[INFO] tested 2150/6376 kept=220
[INFO] tested 2175/6376 kept=220
[INFO] tested 2200/6376 kept=220
[INFO] tested 2225/6376 kept=220
[INFO] tested 2250/6376 kept=220
[INFO] tested 2275/6376 kept=220
[INFO] tested 2300/6376 kept=220
[INFO] tested 2325/6376 kept=220
[INFO] tested 2350/6376 kept=220
[INFO] tested 2375/6376 kept=220
[INFO] tested 2400/6376 kept=220
[INFO] tested 2425/6376 kept=220
[INFO] tested 2450/6376 kept=220
[INFO] tested 2475/6376 kept=220
[INFO] tested 2500/6376 kept=220
[INFO] tested 2525/6376 kept=220
[INFO] tested 2550/6376 kept=220
[INFO] tested 2575/6376 kept=220
[INFO] tested 2600/6376 kept=220
[INFO] tested 2625/6376 kept=220
[INFO] tested 2650/6376 kept=220
[INFO] tested 2675/6376 kept=220
[INFO] tested 2700/6376 kept=220
[INFO] tested 2725/6376 kept=220
[INFO] tested 2750/6376 kept=220
[INFO] tested 2775/6376 kept=220
[INFO] tested 2800/6376 kept=220
[INFO] tested 2825/6376 kept=220
[INFO] tested 2850/6376 kept=220
[INFO] tested 2875/6376 kept=220
[INFO] tested 2900/6376 kept=220
[INFO] tested 2925/6376 kept=220
[INFO] tested 2950/6376 kept=220
[INFO] tested 2975/6376 kept=220
[INFO] tested 3000/6376 kept=220
[INFO] tested 3025/6376 kept=220
[INFO] tested 3050/6376 kept=220
[INFO] tested 3075/6376 kept=220
[INFO] tested 3100/6376 kept=220
[INFO] tested 3125/6376 kept=220
[INFO] tested 3150/6376 kept=220
[INFO] tested 3175/6376 kept=220
[INFO] tested 3200/6376 kept=221
[INFO] tested 3225/6376 kept=222
[INFO] tested 3250/6376 kept=222
[INFO] tested 3275/6376 kept=223
[INFO] tested 3300/6376 kept=223
[INFO] tested 3325/6376 kept=223
[INFO] tested 3350/6376 kept=223
[INFO] tested 3375/6376 kept=223
[INFO] tested 3400/6376 kept=223
[INFO] tested 3425/6376 kept=223
[INFO] tested 3450/6376 kept=223
[INFO] tested 3475/6376 kept=223
[INFO] tested 3500/6376 kept=223
[INFO] tested 3525/6376 kept=223
[INFO] tested 3550/6376 kept=223
[INFO] tested 3575/6376 kept=223
[INFO] tested 3600/6376 kept=223
[INFO] tested 3625/6376 kept=223
[INFO] tested 3650/6376 kept=223
[INFO] tested 3675/6376 kept=223
[INFO] tested 3700/6376 kept=223
[INFO] tested 3725/6376 kept=223
[INFO] tested 3750/6376 kept=223
[INFO] tested 3775/6376 kept=223
[INFO] tested 3800/6376 kept=223
[INFO] tested 3825/6376 kept=223
[INFO] tested 3850/6376 kept=223
[INFO] tested 3875/6376 kept=223
[INFO] tested 3900/6376 kept=223
[INFO] tested 3925/6376 kept=223
[INFO] tested 3950/6376 kept=223
[INFO] tested 3975/6376 kept=223
[INFO] tested 4000/6376 kept=223
[INFO] tested 4025/6376 kept=223
[INFO] tested 4050/6376 kept=223
[INFO] tested 4075/6376 kept=223
[INFO] tested 4100/6376 kept=223
[INFO] tested 4125/6376 kept=223
[INFO] tested 4150/6376 kept=223
[INFO] tested 4175/6376 kept=223
[INFO] tested 4200/6376 kept=223
[INFO] tested 4225/6376 kept=223
[INFO] tested 4250/6376 kept=223
[INFO] tested 4275/6376 kept=223
[INFO] tested 4300/6376 kept=223
[INFO] tested 4325/6376 kept=223
[INFO] tested 4350/6376 kept=223
[INFO] tested 4375/6376 kept=223
[INFO] tested 4400/6376 kept=223
[INFO] tested 4425/6376 kept=223
[INFO] tested 4450/6376 kept=223
[INFO] tested 4475/6376 kept=223
[INFO] tested 4500/6376 kept=223
[INFO] tested 4525/6376 kept=223
[INFO] tested 4550/6376 kept=223
[INFO] tested 4575/6376 kept=223
[INFO] tested 4600/6376 kept=223
[INFO] tested 4625/6376 kept=223
[INFO] tested 4650/6376 kept=223
[INFO] tested 4675/6376 kept=223
[INFO] tested 4700/6376 kept=223
[INFO] tested 4725/6376 kept=223
[INFO] tested 4750/6376 kept=223
[INFO] tested 4775/6376 kept=223
[INFO] tested 4800/6376 kept=223
[INFO] tested 4825/6376 kept=223
[INFO] tested 4850/6376 kept=223
[INFO] tested 4875/6376 kept=223
[INFO] tested 4900/6376 kept=223
[INFO] tested 4925/6376 kept=223
[INFO] tested 4950/6376 kept=223
[INFO] tested 4975/6376 kept=223
[INFO] tested 5000/6376 kept=223
[INFO] tested 5025/6376 kept=223
[INFO] tested 5050/6376 kept=223
[INFO] tested 5075/6376 kept=223
[INFO] tested 5100/6376 kept=223
[INFO] tested 5125/6376 kept=223
[INFO] tested 5150/6376 kept=223
[INFO] tested 5175/6376 kept=223
[INFO] tested 5200/6376 kept=223
[INFO] tested 5225/6376 kept=223
[INFO] tested 5250/6376 kept=223
[INFO] tested 5275/6376 kept=223
[INFO] tested 5300/6376 kept=223
[INFO] tested 5325/6376 kept=223
[INFO] tested 5350/6376 kept=223
[INFO] tested 5375/6376 kept=223
[INFO] tested 5400/6376 kept=224
[INFO] tested 5425/6376 kept=226
[INFO] tested 5450/6376 kept=228
[INFO] tested 5475/6376 kept=229
[INFO] tested 5500/6376 kept=229
[INFO] tested 5525/6376 kept=230
[INFO] tested 5550/6376 kept=231
[INFO] tested 5575/6376 kept=237
[INFO] tested 5600/6376 kept=247
[INFO] tested 5625/6376 kept=257
[INFO] tested 5650/6376 kept=264
[INFO] tested 5675/6376 kept=266
[INFO] tested 5700/6376 kept=268
[INFO] tested 5725/6376 kept=268
[INFO] tested 5750/6376 kept=275
[INFO] tested 5775/6376 kept=276
[INFO] tested 5800/6376 kept=277
[INFO] tested 5825/6376 kept=284
[INFO] tested 5850/6376 kept=285
[INFO] tested 5875/6376 kept=287
[INFO] tested 5900/6376 kept=293
[INFO] tested 5925/6376 kept=296
[INFO] tested 5950/6376 kept=296
[INFO] tested 5975/6376 kept=297
[INFO] tested 6000/6376 kept=297
[INFO] tested 6025/6376 kept=301
[INFO] tested 6050/6376 kept=310
[INFO] tested 6075/6376 kept=312
[INFO] tested 6100/6376 kept=314
[INFO] tested 6125/6376 kept=314
[INFO] tested 6150/6376 kept=314
[INFO] tested 6175/6376 kept=316
[INFO] tested 6200/6376 kept=317
[INFO] tested 6225/6376 kept=319
[INFO] tested 6250/6376 kept=322
[INFO] tested 6275/6376 kept=327
[INFO] tested 6300/6376 kept=329
[INFO] tested 6325/6376 kept=332
[INFO] tested 6350/6376 kept=337
[INFO] tested 6375/6376 kept=339
[INFO] tested 6376/6376 kept=339
[SUMMARY] total_nodes=8901
[SUMMARY] legal_candidates=6376
[SUMMARY] passed_latency_test=339
[SUMMARY] region_HK=14 region_JP=12 region_US=55
[SUMMARY] avg_latency_ms=666.15
[SUMMARY] output=output/clash.yaml
