============================================================
[INFO] sublink try page: https://end-gfw.com
[OK] proxies=2 new=2 url=https://raw.githubusercontent.com/hello-world-1989/cn-news/refs/heads/main/clash.yaml
[OK] proxies=2 new=0 url=https://raw.githubusercontent.com/hello-world-1989/cn-news/main/end-gfw-together
[OK] proxies=2 new=2 url=https://raw.githubusercontent.com/hello-world-1989/cn-news/main/end-gfw-together-ss
[INFO] source try url: https://end-gfw.com/ss-key
[OK] proxies=4 new=4 url=https://end-gfw.com/ss-key
[INFO] sublink try repo: https://github.com/hello-world-1989/cn-news
[INFO] sublink try page: https://raw.githubusercontent.com/hello-world-1989/cn-news/main/README.md
[OK] proxies=6 new=6 url=https://raw.githubusercontent.com/hello-world-1989/v2-sub/main/end-gfw-together-af3e13
[OK] proxies=14 source=[大FQ运动] url=https://raw.githubusercontent.com/hello-world-1989/cn-news/main/README.md
============================================================
[INFO] sublink try repo: https://github.com/Pawdroid/Free-servers
[INFO] sublink try page: https://raw.githubusercontent.com/Pawdroid/Free-servers/main/README.md
[OK] proxies=20 new=20 url=https://raw.githubusercontent.com/Pawdroid/Free-servers/main/README.md
[OK] proxies=20 new=0 url=https://raw.githubusercontent.com/Pawdroid/Free-servers/main/sub
[OK] proxies=1 new=1 url=https://apps.apple.com/cn/app/shadowshare/id1612647259
[OK] proxies=1 new=1 url=http://www.surflare.com
[OK] proxies=22 source=[Pawdroid] url=https://raw.githubusercontent.com/Pawdroid/Free-servers/main/README.md
============================================================
[INFO] source try url: https://xmxosfepggzm.503403.xyz
[OK] proxies=3 new=3 url=https://xmxosfepggzm.503403.xyz
[OK] proxies=3 source=[FreeV2-Base64] url=https://xmxosfepggzm.503403.xyz
============================================================
[INFO] source try url: https://links.bocchi2b.top/clash
[OK] proxies=35 new=35 url=https://links.bocchi2b.top/clash
[OK] proxies=35 source=[Bocchi2b-Base64] url=https://links.bocchi2b.top/clash
============================================================
[INFO] toolkit try repo: https://github.com/bannedbook/fanqiang
[INFO] toolkit try release: https://github.com/bannedbook/fanqiang/releases
[INFO] toolkit try release: https://github.com/bannedbook/fanqiang/releases/expanded_assets/ChromeGo-latest
[INFO] toolkit try download: https://github.com/bannedbook/fanqiang/releases/download/ChromeGo-latest/ChromeGo.7z
[OK] toolkit downloaded: ChromeGo.7z bytes=100924352
[OK] toolkit extracted archive=ChromeGo.7z tool=7z files=222 dirs=45
[OK] toolkit discovered subs=107 embedded=12 archive=ChromeGo.7z
[OK] proxies=6 new=6 embedded=archive-config
[OK] proxies=7 new=5 url=https://gitlab.com/free9999/ipupdate/master/backup/img/1/2/{ipp|ip}/{hysteria2|singbox|naiveproxy|hysteria|xray}/{2|3|1|4}/config.json
[OK] proxies=7 new=0 url=https://www.67867867.xyz/Alvin9999/PAC/refs/heads/master/backup/img/1/2/{ipp|ip}/{hysteria2|singbox|naiveproxy|hysteria|xray}/{2|3|1|4}/config.json
[OK] proxies=3 new=3 url=https://gitlab.com/free9999/ipupdate/master/backup/img/1/2/{ipp|ip}/clash.meta2/{2|3|1|5|4|6}/config.yaml
[OK] proxies=3 new=0 url=https://www.67867867.xyz/Alvin9999/PAC/refs/heads/master/backup/img/1/2/{ipp|ip}/clash.meta2/{2|3|1|5|4|6}/config.yaml
[OK] proxies=14 source=[ChromeGO-Toolkit] url=https://github.com/bannedbook/fanqiang/releases/download/ChromeGo-latest/ChromeGo.7z
============================================================
[INFO] sublink try repo: https://github.com/ShiteThings/extractNodes
[INFO] sublink try page: https://raw.githubusercontent.com/ShiteThings/extractNodes/main/README.md
[OK] proxies=31 new=30 url=https://{chg26.makou.cc.cd|chg64.makou.cc.cd}
[OK] proxies=26 new=1 url=https://chg26.makou.cc.cd/sb
[OK] proxies=31 source=[ChromeGO-ShiteThings] url=https://raw.githubusercontent.com/ShiteThings/extractNodes/main/README.md
============================================================
[INFO] sublink try repo: https://github.com/shangui999/chromego_merge
[INFO] sublink try page: https://raw.githubusercontent.com/shangui999/chromego_merge/master/ReadMe.md
[OK] proxies=10 new=10 url=https://freedman.netlify.app/sub/merged_proxies_new.yaml
[OK] proxies=11 new=1 url=https://freedman.netlify.app/sub/merged_warp_proxies_new.yaml
[OK] proxies=11 new=6 url=https://freedman.netlify.app/sub/shadowrocket_base64.txt
[OK] proxies=16 new=16 url=https://freedman.netlify.app/sub/sb.json
[INFO] sublink try repo: https://github.com/yaney01/chromego
[INFO] sublink try page: https://raw.githubusercontent.com/yaney01/chromego/main/ReadMe.md
[OK] proxies=50 new=46 url=https://raw.githubusercontent.com/yaney01/chromego/main/sub/merged_proxies_new.yaml
[OK] proxies=51 new=0 url=https://raw.githubusercontent.com/yaney01/chromego/main/sub/merged_warp_proxies_new.yaml
[OK] proxies=13 new=7 url=https://raw.githubusercontent.com/yaney01/chromego/main/sub/shadowrocket_base64.txt
[OK] proxies=13 new=0 url=https://raw.githubusercontent.com/yaney01/chromego/main/sub/sb.json
[INFO] sublink try repo: https://github.com/Misaka-blog/chromego_merge
[INFO] sublink try page: https://raw.githubusercontent.com/Misaka-blog/chromego_merge/main/README.md
[OK] proxies=26 new=26 url=https://chromego-sub.netlify.app/sub/merged_proxies_new.yaml
[OK] proxies=112 source=[ChromeGO-Merge] url=https://raw.githubusercontent.com/Misaka-blog/chromego_merge/main/README.md
============================================================
[INFO] source try url: https://freesocks.org/api/v1/sub/02b897e8e77f19176b0b9f2c75864b00
[OK] proxies=1 new=1 url=https://freesocks.org/api/v1/sub/02b897e8e77f19176b0b9f2c75864b00
[OK] proxies=1 source=[Freesocks] url=https://freesocks.org/api/v1/sub/02b897e8e77f19176b0b9f2c75864b00
============================================================
[INFO] source try url: https://neko-warp.nloli.xyz/neko_warp.yaml
[OK] proxies=10 new=10 url=https://neko-warp.nloli.xyz/neko_warp.yaml
[OK] proxies=10 source=[NekoWarp] url=https://neko-warp.nloli.xyz/neko_warp.yaml
============================================================
[INFO] toolkit try chrome: https://chromewebstore.google.com/detail/free-vpn-proxy-1vpn/akcocjjpkmlniicdeemdceeajlmoabhg
[INFO] toolkit try download: https://clients2.google.com/service/update2/crx?response=redirect&prodversion=131.0.6778.0&acceptformat=crx2,crx3&x=id%3dakcocjjpkmlniicdeemdceeajlmoabhg%26uc
[OK] toolkit downloaded: free-vpn-proxy-1vpn.crx bytes=1627904
[OK] toolkit extracted archive=free-vpn-proxy-1vpn.crx tool=zipfile files=68 dirs=57
[OK] toolkit 1vpn-crx scanned hosts=17 keys=1 archive=free-vpn-proxy-1vpn.crx
[OK] proxies=17 source=[1VPN-CRX] url=https://clients2.google.com/service/update2/crx?response=redirect&prodversion=131.0.6778.0&acceptformat=crx2,crx3&x=id%3dakcocjjpkmlniicdeemdceeajlmoabhg%26uc
============================================================
[INFO] article try feed: https://free.datiya.com/index.xml
[INFO] sublink try page: https://free.datiya.com/post/20260921/
[OK] proxies=14 new=14 url=https://free.datiya.com/uploads/20260921-clash.yaml
[OK] proxies=14 source=[OpenRunner-RSS] url=https://free.datiya.com/post/20260921/
============================================================
[INFO] article try feed: https://v2rayshare.com/feed
[INFO] sublink try page: https://v2rayshare.net/p/5060.html
[OK] proxies=27 new=27 url=https://static.v2rayshare.net/2026/09/20260920.txt
[OK] proxies=27 new=0 url=https://static.v2rayshare.net/2026/09/20260920.yaml
[OK] proxies=27 new=0 url=https://static.v2rayshare.net/2026/09/m20260920.yaml
[INFO] sublink try repo: https://github.com/firefoxmmx2/v2rayshare_subcription
[INFO] sublink try page: https://raw.githubusercontent.com/firefoxmmx2/v2rayshare_subcription/main/README.md
[OK] proxies=27 new=0 url=https://{raw.githubusercontent.com|cdn.jsdelivr.net}/firefoxmmx2/v2rayshare_subcription/main/subscription/vray_sub.txt
[OK] proxies=27 new=0 url=https://{raw.githubusercontent.com|cdn.jsdelivr.net}/firefoxmmx2/v2rayshare_subcription/main/subscription/clash_sub.yaml
[OK] proxies=27 new=0 url=https://{raw.githubusercontent.com|cdn.jsdelivr.net}/firefoxmmx2/v2rayshare_subcription/main/subscription/mihomo_sub.yaml
[OK] proxies=27 source=[V2Rayshare-RSS] url=https://raw.githubusercontent.com/firefoxmmx2/v2rayshare_subcription/main/README.md
============================================================
[INFO] article try feed: https://www.mibei77.com/feed
[INFO] sublink try page: https://www.mibei77.com/684.html
[OK] proxies=108 new=108 url=https://mm.mibei77.com/202609/09.2064bacvs.txt
[OK] proxies=106 new=0 url=https://mm.mibei77.com/202609/0920Clashikx.yaml
[OK] proxies=108 source=[Mibei77-RSS] url=https://www.mibei77.com/684.html
============================================================
[INFO] article try feed: https://yoyapai.com/feed
[INFO] sublink try page: https://yoyapai.com/725
[OK] proxies=1 new=1 url=https://yoyapai.com/725
[OK] proxies=214 new=214 url=https://freenode.yoyapai.com/2026/09/20-yoyapai.com-clash-vpnmianfeijiedian.yaml
[OK] proxies=214 new=0 url=https://freenode.yoyapai.com/2026/09/20-yoyapai.com-ssrv2ray-vpnmianfeijiedian.txt
[OK] proxies=215 source=[Yoyapai-RSS] url=https://yoyapai.com/725
============================================================
[INFO] sublink try repo: https://github.com/free18/v2ray
[INFO] sublink try page: https://raw.githubusercontent.com/free18/v2ray/main/README.md
[OK] proxies=3 new=3 url=https://raw.githubusercontent.com/free18/v2ray/main/README.md
[OK] proxies=147 new=147 url=https://ghfast.top/https://raw.githubusercontent.com/free18/v2ray/refs/heads/main/v.txt
[OK] proxies=147 new=0 url=https://ghfast.top/https://raw.githubusercontent.com/free18/v2ray/refs/heads/main/c.yaml
[OK] proxies=150 source=[免费节点1] url=https://raw.githubusercontent.com/free18/v2ray/main/README.md
============================================================
[INFO] sublink try repo: https://github.com/ermaozi/get_subscribe
[INFO] sublink try page: https://raw.githubusercontent.com/ermaozi/get_subscribe/main/README.md
[INFO] sublink file_nodes=0 bare links=9
[OK] proxies=381 new=381 url=https://www.ermao.net/sub/{clash|v2ray}/ermao.net
[OK] proxies=371 new=0 url=https://www.ermao.net/sub/{reachable|unreachable|untested}/clash/ermao.net
[OK] proxies=381 source=[免费节点2] url=https://raw.githubusercontent.com/ermaozi/get_subscribe/main/README.md
============================================================
[INFO] sublink try repo: https://github.com/sunmiao4458/free-proxy-airport
[INFO] sublink try page: https://raw.githubusercontent.com/sunmiao4458/free-proxy-airport/main/README.md
[OK] proxies=62 new=62 url=https://sunmiao4458.github.io/free-proxy-airport/clash.yaml
[OK] proxies=62 source=[免费节点3] url=https://raw.githubusercontent.com/sunmiao4458/free-proxy-airport/main/README.md
============================================================
[INFO] sublink try repo: https://github.com/mfuu/FreeProxies
[INFO] sublink try page: https://raw.githubusercontent.com/mfuu/FreeProxies/master/README.md
[OK] proxies=839 new=839 url=https://raw.githubusercontent.com/mfuu/FreeProxies/master/sub.yaml
[OK] proxies=839 source=[免费节点4] url=https://raw.githubusercontent.com/mfuu/FreeProxies/master/README.md
============================================================
[INFO] sublink try repo: https://github.com/vxiaov/free_proxies
[INFO] sublink try page: https://raw.githubusercontent.com/vxiaov/free_proxies/main/README.md
[OK] proxies=1 new=1 url=https://raw.githubusercontent.com/vxiaov/free_proxies/main/README.md
[OK] proxies=28 new=28 url=https://{cdn.jsdelivr.net|raw.githubusercontent.com}/vxiaov/free_proxies/main/clash/clash.provider.yaml
[OK] proxies=29 source=[免费节点5] url=https://raw.githubusercontent.com/vxiaov/free_proxies/main/README.md
============================================================
[INFO] sublink try repo: https://github.com/anaer/Sub
[INFO] sublink try page: https://raw.githubusercontent.com/anaer/Sub/main/README.MD
[OK] proxies=1593 new=1593 url=https://anaer.github.io/Sub/clash.yaml
[OK] proxies=1593 new=0 url=https://raw.githubusercontent.com/anaer/Sub/main/clash.yaml
[OK] proxies=1593 source=[免费节点6] url=https://raw.githubusercontent.com/anaer/Sub/main/README.MD
============================================================
[INFO] sublink try repo: https://github.com/snakem982/proxypool
[INFO] sublink try page: https://raw.githubusercontent.com/snakem982/proxypool/main/README.md
[OK] proxies=64 new=64 url=https://raw.githubusercontent.com/snakem982/proxypool/main/source/clash-meta-2.yaml
[OK] proxies=60 new=0 url=https://raw.githubusercontent.com/snakem982/proxypool/main/source/v2ray-2.txt
[OK] proxies=61 new=50 url=https://raw.githubusercontent.com/snakem982/proxypool/main/source/sing-box-2.json
[OK] proxies=114 source=[免费节点7] url=https://raw.githubusercontent.com/snakem982/proxypool/main/README.md
============================================================
[INFO] sublink try repo: https://github.com/mahdibland/V2RayAggregator
[INFO] sublink try page: https://raw.githubusercontent.com/mahdibland/V2RayAggregator/master/README.md
[OK] proxies=377 new=377 url=https://raw.githubusercontent.com/mahdibland/V2RayAggregator/master/README.md
[OK] proxies=1 new=1 url=https://github.com/mahdibland/SSAggregator/actions/workflows/Collector.yml
[OK] proxies=1 new=0 url=https://github.com/mahdibland/SSAggregator/actions/workflows/Airport_Collector.yml
[OK] proxies=198 new=0 url=https://raw.githubusercontent.com/mahdibland/ShadowsocksAggregator/master/Eternity.txt
[OK] proxies=199 new=12 url=https://raw.githubusercontent.com/mahdibland/ShadowsocksAggregator/master/Eternity.yml
[OK] proxies=61 new=61 url=https://raw.githubusercontent.com/mahdibland/ShadowsocksAggregator/master/EternityAir.txt
[OK] proxies=3912 new=3615 url=https://raw.githubusercontent.com/mahdibland/SSAggregator/master/sub/sub_merge_base64.txt
[OK] proxies=3912 new=0 url=https://raw.githubusercontent.com/mahdibland/{SSAggregator|ShadowsocksAggregator}/master/sub/sub_merge.txt
[OK] proxies=4015 new=141 url=https://raw.githubusercontent.com/mahdibland/SSAggregator/master/sub/sub_merge_yaml.yml
[OK] proxies=61 new=0 url=https://raw.githubusercontent.com/mahdibland/SSAggregator/master/sub/airport_merge_base64.txt
[OK] proxies=61 new=0 url=https://raw.githubusercontent.com/mahdibland/SSAggregator/master/sub/airport_sub_merge.txt
[OK] proxies=1435 new=0 url=https://raw.githubusercontent.com/mahdibland/ShadowsocksAggregator/master/sub/splitted/vmess.txt
[OK] proxies=596 new=0 url=https://raw.githubusercontent.com/mahdibland/ShadowsocksAggregator/master/sub/splitted/trojan.txt
[OK] proxies=43 new=0 url=https://raw.githubusercontent.com/mahdibland/ShadowsocksAggregator/master/sub/splitted/ssr.txt
[OK] proxies=1838 new=0 url=https://raw.githubusercontent.com/mahdibland/ShadowsocksAggregator/master/sub/splitted/ss.txt
[OK] proxies=1 new=0 url=https://cdn.jsdelivr.net/gh/mahdibland/V2RayAggregator@master/update/provider/provider-meta.yml
[OK] proxies=1 new=0 url=https://cdn.jsdelivr.net/gh/mahdibland/V2RayAggregator@master/update/provider/provider-meta-cn.yml
[OK] proxies=1 new=0 url=https://cdn.jsdelivr.net/gh/mahdibland/V2RayAggregator@master/update/provider/provider-meta-others.yml
[OK] proxies=1 new=0 url=https://cdn.jsdelivr.net/gh/mahdibland/V2RayAggregator@master/update/provider/provider.yml
[OK] proxies=1 new=0 url=https://cdn.jsdelivr.net/gh/mahdibland/V2RayAggregator@master/update/provider/provider-cn.yml
[OK] proxies=1 new=0 url=https://cdn.jsdelivr.net/gh/mahdibland/V2RayAggregator@master/update/provider/provider-others.yml
[OK] proxies=4207 source=[免费节点8] url=https://raw.githubusercontent.com/mahdibland/V2RayAggregator/master/README.md
============================================================
[INFO] sublink try repo: https://github.com/w1770946466/Auto_proxy
[INFO] sublink try page: https://raw.githubusercontent.com/w1770946466/Auto_proxy/main/README.md
[OK] proxies=1 new=1 url=https://github.com/w1770946466/Auto_proxy/actions/workflows/main.yml
[OK] proxies=245 new=245 url=https://raw.githubusercontent.com/w1770946466/Auto_proxy/main/{Long_term_subscription2.yaml|Long_term_subscription1.yaml|Long_term_subscription3.yaml}
[OK] proxies=489 new=54 url=https://raw.githubusercontent.com/w1770946466/Auto_proxy/main/{Long_term_subscription1|Long_term_subscription2|Long_term_subscription3|Long_term_subscription4|Long_term_subscription5|Long_term_subscription6|Long_term_subscription7|Long_term_subscription8}
[OK] proxies=489 new=315 url=https://raw.githubusercontent.com/w1770946466/Auto_proxy/main/Long_term_subscription_num
[OK] proxies=615 source=[免费节点9] url=https://raw.githubusercontent.com/w1770946466/Auto_proxy/main/README.md
============================================================
[INFO] sublink try repo: https://github.com/PuddinCat/BestClash
[INFO] sublink try page: https://raw.githubusercontent.com/PuddinCat/BestClash/main/README.md
[OK] proxies=16 new=16 url=https://raw.githubusercontent.com/PuddinCat/BestClash/main/proxies.yaml
[OK] proxies=28 new=28 url=https://cdn.jsdelivr.net/gh/vxiaov/free_proxies@main/clash/clash.provider.yaml
[OK] proxies=24 new=24 url=https://freenode.openrunner.net/uploads/20240807-clash.yaml
[OK] proxies=26 new=26 url=https://raw.githubusercontent.com/Misaka-blog/chromego_merge/main/sub/merged_proxies_new.yaml
[OK] proxies=4740 new=4711 url=https://raw.githubusercontent.com/{NiceVPN123|anaer}/{NiceVPN|Sub}/main/{Clash.yaml|clash.yaml}
[OK] proxies=31 new=7 url=https://raw.githubusercontent.com/{chengaopan|peasoft}/{AutoMergePublicNodes|NoMoreWalls}/master/list.yml
[OK] proxies=387 new=348 url=https://raw.githubusercontent.com/{ermaozi|ermaozi01}/{get_subscribe|free_clash_vpn}/main/subscribe/clash.yml
[OK] proxies=199 new=167 url=https://raw.githubusercontent.com/mahdibland/ShadowsocksAggregator/master/Eternity.yml
[OK] proxies=165 new=160 url=https://raw.githubusercontent.com/ronghuaxueleng/get_v2/main/pub/combine.yaml
[OK] proxies=144 new=3 url=https://raw.githubusercontent.com/zhangkaiitugithub/passcro/main/speednodes.yaml
[OK] proxies=5490 source=[免费节点10] url=https://raw.githubusercontent.com/PuddinCat/BestClash/main/README.md
============================================================
[INFO] sublink try repo: https://github.com/kooker/FreeSubsCheck
[INFO] sublink try page: https://raw.githubusercontent.com/kooker/FreeSubsCheck/main/README.md
[OK] proxies=8 new=8 url=https://raw.githubusercontent.com/kooker/FreeSubsCheck/main/mihomo.yaml
[OK] proxies=8 new=0 url=https://raw.githubusercontent.com/kooker/FreeSubsCheck/main/all.yaml
[OK] proxies=7 new=0 url=https://raw.githubusercontent.com/kooker/FreeSubsCheck/main/base64.txt
[OK] proxies=22 new=21 url=https://raw.githubusercontent.com/kooker/FreeSubsCheck/main/byxiaoxi.txt
[OK] proxies=461 new=459 url=https://raw.githubusercontent.com/kooker/FreeSubsCheck/main/kooker.jp.txt
[OK] proxies=488 source=[免费节点11] url=https://raw.githubusercontent.com/kooker/FreeSubsCheck/main/README.md
============================================================
[INFO] toolkit try repo: https://github.com/Pawdroid/shadowrocket_for_android
[INFO] toolkit try release: https://github.com/Pawdroid/shadowrocket_for_android/releases
[INFO] toolkit try release: https://github.com/Pawdroid/shadowrocket_for_android/releases/expanded_assets/10.10.51
[INFO] toolkit try download: https://github.com/Pawdroid/shadowrocket_for_android/releases/download/10.10.51/Shadowrocket_10.10.51_shadowrocketStandard_arm64-v8a.apk
[OK] toolkit downloaded: Shadowrocket_10.10.51_shadowrocketStandard_arm64-v8a.apk bytes=41111539
[OK] toolkit extracted archive=Shadowrocket_10.10.51_shadowrocketStandard_arm64-v8a.apk tool=zipfile files=1175 dirs=44
[OK] toolkit sr-apk scanned prefixes=36 files=6 keys=2 archive=Shadowrocket_10.10.51_shadowrocketStandard_arm64-v8a.apk
[OK] proxies=1324 new=1324 url=https://{cdn.jsdelivr.net|raw.githubusercontent.com}/pixelor/ecfg/main/data/ecfg6_zh
[OK] proxies=195 new=76 url=https://{cdn.jsdelivr.net|raw.githubusercontent.com}/pixelor/ecfg/main/data/ecfg6
[OK] proxies=1135 new=0 url=https://{raw.githubusercontent.com|cdn.jsdelivr.net}/pixelor/ecfg/main/data/ecfg6_en
[OK] proxies=1135 new=0 url=https://{files.shadowrockets.app|cdn.shadowrockets.app}/ecfg/data/ecfg6_en
[OK] proxies=155 new=0 url=https://{files.shadowrockets.app|cdn.shadowrockets.app}/ecfg/data/ecfg6
[OK] proxies=1135 new=0 url=https://{files.shadowrockets.app|cdn.shadowrockets.app}/ecfg/data/ecfg6_zh
[OK] proxies=1400 source=[Pawdroid-SR-APK] url=https://github.com/Pawdroid/shadowrocket_for_android/releases/download/10.10.51/Shadowrocket_10.10.51_shadowrocketStandard_arm64-v8a.apk
============================================================
[INFO] toolkit try page: https://shadowshare.v2cross.com
[INFO] toolkit try download: https://shadowshare.v2cross.com/shadowshare.apk
[OK] toolkit downloaded: shadowshare.apk bytes=62868122
[OK] toolkit extracted archive=shadowshare.apk tool=zipfile files=612 dirs=39
[OK] toolkit ss-apk scanned prefixes=10 files=3 keys=1 archive=shadowshare.apk
[OK] proxies=213 new=189 url=https://{raw.githubusercontent.com|jsd.onmicrosoft.cn}/hideme9527/ecsfg/main/data/sareserver
[OK] proxies=1386 new=1304 url=https://{raw.githubusercontent.com|jsd.onmicrosoft.cn}/hideme9527/ecsfg/main/data/sareserver_en
[OK] proxies=122 new=0 url=https://{shadowsharing.com|sare.159236.xyz}/data/sareserver
[OK] proxies=1386 new=0 url=https://{shadowsharing.com|sare.159236.xyz}/data/sareserver_en
[OK] proxies=122 new=0 url=https://gitee.com/api/v5/repos/{guoyoucai1|zhiminghao|elvenapp}/ecsfg/raw/data/sareserver
[OK] proxies=1386 new=0 url=https://gitee.com/api/v5/repos/{zhiminghao|guoyoucai1|elvenapp}/ecsfg/raw/data/sareserver_en
[OK] proxies=1493 source=[Pawdroid-SS-APK] url=https://shadowshare.v2cross.com/shadowshare.apk
============================================================
[INFO] sublink try repo: https://github.com/free-nodes/clashfree
[INFO] sublink try page: https://raw.githubusercontent.com/free-nodes/clashfree/main/README.md
[OK] proxies=1370 new=1370 url=https://raw.githubusercontent.com/free-nodes/clashfree/main/README.md
[OK] proxies=1370 new=0 url=https://raw.githubusercontent.com/free-nodes/clashfree/main/clash20260921.yml
[OK] proxies=1 new=1 url=https://github.com/free-nodes/clashfree/blob/main/clash20260921.yml
[OK] proxies=1371 source=[Clashfree] url=https://raw.githubusercontent.com/free-nodes/clashfree/main/README.md
============================================================
[INFO] sublink try repo: https://github.com/Epodonios/v2ray-configs
[INFO] sublink try page: https://raw.githubusercontent.com/Epodonios/v2ray-configs/main/README.md
[OK] proxies=1 new=1 url=https://github.com/Epodonios/V2ray-Configs/actions/workflows/main.yml
[OK] proxies=4091 new=4091 url=https://github.com/Epodonios/v2ray-configs/raw/main/All_Configs_Sub.txt
[OK] proxies=4091 new=0 url=https://github.com/Epodonios/v2ray-configs/raw/main/All_Configs_base64_Sub.txt
[OK] proxies=3264 new=0 url=https://github.com/Epodonios/v2ray-configs/raw/main/Splitted-By-Protocol/vless.txt
[OK] proxies=164 new=0 url=https://github.com/Epodonios/v2ray-configs/raw/main/Splitted-By-Protocol/vmess.txt
[OK] proxies=410 new=0 url=https://github.com/Epodonios/v2ray-configs/raw/main/Splitted-By-Protocol/ss.txt
[OK] proxies=200 new=0 url=https://github.com/Epodonios/v2ray-configs/raw/main/Splitted-By-Protocol/trojan.txt
[OK] proxies=4091 new=0 url=https://raw.githubusercontent.com/Epodonios/v2ray-configs/main/{Sub1.txt|Sub2.txt|Sub3.txt|Sub4.txt|Sub5.txt|Sub6.txt|Sub7.txt|Sub8.txt}
[OK] proxies=4092 source=[Epodonios] url=https://raw.githubusercontent.com/Epodonios/v2ray-configs/main/README.md
============================================================
[INFO] sublink try repo: https://github.com/free-clash-v2ray/free-clash-v2ray.github.io
[INFO] sublink try page: https://raw.githubusercontent.com/free-clash-v2ray/free-clash-v2ray.github.io/main/README.md
[OK] proxies=3279 new=3279 url=https://free-clash-v2ray.github.io/uploads/2026/09/{0-20260920.yaml|1-20260920.yaml|2-20260920.yaml|3-20260920.yaml}
[OK] proxies=4810 new=1941 url=https://free-clash-v2ray.github.io/uploads/2026/09/{0-20260920.txt|1-20260920.txt|2-20260920.txt|3-20260920.txt|4-20260920.txt}
[OK] proxies=5220 source=[Free-clash-v2ray] url=https://raw.githubusercontent.com/free-clash-v2ray/free-clash-v2ray.github.io/main/README.md
============================================================
[INFO] article try page: https://v2rayclashfree.com
[INFO] sublink try page: https://v2rayclashfree.com/fn/20260921.html
[OK] proxies=1595 new=1595 url=https://v2rayclashfree.com/sub/20260921-v2ray.txt
[OK] proxies=1273 new=412 url=https://v2rayclashfree.com/sub/20260921-clash.yaml
[OK] proxies=2007 source=[V2rayclashfree-RSS] url=https://v2rayclashfree.com/fn/20260921.html
============================================================
[INFO] raw backup written path=/home/runner/work/Free-node-autotest/Free-node-autotest/output/raw.yaml proxies=30176
[INFO] toolkit try repo: https://github.com/MetaCubeX/mihomo
[INFO] toolkit try release: https://github.com/MetaCubeX/mihomo/releases
[INFO] toolkit try release: https://github.com/MetaCubeX/mihomo/releases/expanded_assets/v1.19.31
[INFO] toolkit try download: https://github.com/MetaCubeX/mihomo/releases/download/v1.19.31/mihomo-linux-amd64-compatible-v1.19.31.gz
[OK] toolkit downloaded: mihomo-linux-amd64-compatible-v1.19.31.gz bytes=22821836
[OK] toolkit sha256 verified: mihomo-linux-amd64-compatible-v1.19.31.gz sha256=04cf9f09671704f839ddbee2e93069dc831a4123a75281e725d1d96ab9ac1afc
[OK] proxy engine ready: starting latency test package=mihomo-linux-amd64-compatible-v1.19.31.gz
============================================================
[WARN] batch start failed size=17764 {1} split -> 8882 {2} + 8882 {3}
[WARN] batch start failed size=8882 {2} split -> 4441 {4} + 4441 {5}
[WARN] batch start failed size=8882 {3} split -> 4441 {6} + 4441 {7}
[WARN] batch start failed size=4441 {4} split -> 2220 {8} + 2221 {9}
[WARN] batch start failed size=4441 {6} split -> 2220 {10} + 2221 {11}
[TEST] {5} tested 100/4441 kept=0 rest=17664
[WARN] batch start failed size=2220 {8} split -> 1110 {12} + 1110 {13}
[WARN] batch start failed size=4441 {7} split -> 2220 {14} + 2221 {15}
[TEST] {5} tested 200/4441 kept=9 rest=17564
[TEST] {10} tested 100/2220 kept=0 rest=17320
[TEST] {5} tested 300/4441 kept=80 rest=17207
[TEST] {10} tested 200/2220 kept=0 rest=17142
[TEST] {9} tested 100/2221 kept=21 rest=17049
[TEST] {5} tested 400/4441 kept=108 rest=17019
[TEST] {10} tested 300/2220 kept=0 rest=16927
[TEST] {9} tested 200/2221 kept=25 rest=16767
[TEST] {10} tested 400/2220 kept=0 rest=16648
[TEST] {9} tested 300/2221 kept=27 rest=16570
[TEST] {10} tested 500/2220 kept=0 rest=16494
[TEST] {9} tested 400/2221 kept=38 rest=16343
[TEST] {10} tested 600/2220 kept=0 rest=16272
[TEST] {5} tested 500/4441 kept=108 rest=16243
[TEST] {9} tested 500/2221 kept=54 rest=16078
[TEST] {9} tested 600/2221 kept=61 rest=15953
[TEST] {10} tested 700/2220 kept=0 rest=15871
[TEST] {10} tested 800/2220 kept=0 rest=15743
[TEST] {10} tested 900/2220 kept=0 rest=15604
[TEST] {9} tested 700/2221 kept=75 rest=15582
[TEST] {5} tested 600/4441 kept=108 rest=15480
[TEST] {10} tested 1000/2220 kept=0 rest=15299
[TEST] {9} tested 800/2221 kept=87 rest=15274
[TEST] {10} tested 1100/2220 kept=6 rest=15131
[TEST] {5} tested 700/4441 kept=108 rest=15103
[TEST] {9} tested 900/2221 kept=90 rest=14954
[TEST] {5} tested 800/4441 kept=108 rest=14874
[TEST] {9} tested 1000/2221 kept=143 rest=14781
[TEST] {10} tested 1200/2220 kept=10 rest=14684
[TEST] {10} tested 1300/2220 kept=13 rest=14558
[TEST] {9} tested 1100/2221 kept=166 rest=14428
[TEST] {5} tested 900/4441 kept=108 rest=14363
[TEST] {10} tested 1400/2220 kept=21 rest=14324
[TEST] {9} tested 1200/2221 kept=166 rest=14140
[TEST] {10} tested 1500/2220 kept=88 rest=14126
[TEST] {10} tested 1600/2220 kept=141 rest=13994
[TEST] {10} tested 1700/2220 kept=213 rest=13833
[TEST] {5} tested 1000/4441 kept=108 rest=13779
[TEST] {10} tested 1800/2220 kept=288 rest=13675
[TEST] {10} tested 1900/2220 kept=359 rest=13554
[TEST] {10} tested 2000/2220 kept=416 rest=13446
[TEST] {9} tested 1300/2221 kept=167 rest=13326
[TEST] {10} tested 2100/2220 kept=473 rest=13323
[TEST] {9} tested 1400/2221 kept=168 rest=13126
[TEST] {10} tested 2200/2220 kept=558 rest=13024
[TEST] {5} tested 1100/4441 kept=108 rest=13000
[TEST] {10} tested 2220/2220 kept=558 rest=12881
[TEST] {9} tested 1500/2221 kept=169 rest=12874
[WARN] batch start failed size=2221 {11} split -> 1110 {16} + 1111 {17}
[TEST] {5} tested 1200/4441 kept=108 rest=12753
[WARN] batch start failed size=1110 {12} split -> 555 {18} + 555 {19}
[TEST] {9} tested 1600/2221 kept=169 rest=12701
[TEST] {9} tested 1700/2221 kept=169 rest=12509
[TEST] {5} tested 1300/4441 kept=108 rest=12495
[TEST] {13} tested 100/1110 kept=2 rest=12266
[TEST] {5} tested 1400/4441 kept=108 rest=12233
[TEST] {13} tested 200/1110 kept=33 rest=12159
[TEST] {9} tested 1800/2221 kept=169 rest=12124
[TEST] {5} tested 1500/4441 kept=108 rest=11931
[TEST] {9} tested 1900/2221 kept=169 rest=11895
[TEST] {13} tested 300/1110 kept=38 rest=11773
[TEST] {13} tested 400/1110 kept=40 rest=11638
[TEST] {9} tested 2000/2221 kept=169 rest=11526
[TEST] {5} tested 1600/4441 kept=108 rest=11499
[TEST] {5} tested 1700/4441 kept=108 rest=11368
[TEST] {13} tested 500/1110 kept=40 rest=11206
[TEST] {5} tested 1800/4441 kept=108 rest=11107
[TEST] {13} tested 600/1110 kept=43 rest=11064
[TEST] {9} tested 2100/2221 kept=169 rest=10890
[TEST] {13} tested 700/1110 kept=45 rest=10841
[TEST] {5} tested 1900/4441 kept=108 rest=10784
[TEST] {5} tested 2000/4441 kept=108 rest=10668
[TEST] {5} tested 2100/4441 kept=108 rest=10559
[TEST] {5} tested 2200/4441 kept=108 rest=10455
[TEST] {13} tested 800/1110 kept=45 rest=10275
[TEST] {13} tested 900/1110 kept=45 rest=10170
[TEST] {9} tested 2200/2221 kept=169 rest=10066
[TEST] {5} tested 2300/4441 kept=108 rest=10039
[TEST] {13} tested 1000/1110 kept=45 rest=10028
[TEST] {9} tested 2221/2221 kept=169 rest=10016
[TEST] {5} tested 2400/4441 kept=108 rest=9898
[TEST] {5} tested 2500/4441 kept=108 rest=9796
[WARN] batch start failed size=2221 {15} split -> 1110 {20} + 1111 {21}
[TEST] {13} tested 1100/1110 kept=45 rest=9666
[TEST] {14} tested 100/2220 kept=1 rest=9543
[TEST] {13} tested 1110/1110 kept=45 rest=9532
[TEST] {14} tested 200/2220 kept=2 rest=9439
[TEST] {5} tested 2600/4441 kept=117 rest=9349
[WARN] batch start failed size=1110 {16} split -> 555 {22} + 555 {23}
[TEST] {14} tested 300/2220 kept=15 rest=9279
[TEST] {5} tested 2700/4441 kept=117 rest=9171
[WARN] batch start failed size=1111 {17} split -> 555 {24} + 556 {25}
[WARN] batch start failed size=555 {18} split -> 277 {26} + 278 {27}
[TEST] {14} tested 400/2220 kept=19 rest=9095
[TEST] {19} tested 100/555 kept=46 rest=8893
[TEST] {14} tested 500/2220 kept=21 rest=8885
[TEST] {14} tested 600/2220 kept=31 rest=8649
[TEST] {5} tested 2800/4441 kept=117 rest=8637
[TEST] {14} tested 700/2220 kept=33 rest=8473
[TEST] {19} tested 200/555 kept=114 rest=8364
[TEST] {14} tested 800/2220 kept=33 rest=8318
[TEST] {5} tested 2900/4441 kept=118 rest=8126
[TEST] {19} tested 300/555 kept=134 rest=8124
[TEST] {14} tested 900/2220 kept=35 rest=8092
[TEST] {5} tested 3000/4441 kept=118 rest=7909
[TEST] {14} tested 1000/2220 kept=35 rest=7861
[TEST] {14} tested 1100/2220 kept=51 rest=7698
[TEST] {14} tested 1200/2220 kept=53 rest=7517
[TEST] {19} tested 400/555 kept=151 rest=7514
[TEST] {5} tested 3100/4441 kept=118 rest=7512
[TEST] {5} tested 3200/4441 kept=118 rest=7287
[TEST] {14} tested 1300/2220 kept=55 rest=7273
[TEST] {14} tested 1400/2220 kept=79 rest=7118
[TEST] {14} tested 1500/2220 kept=85 rest=6949
[TEST] {19} tested 500/555 kept=151 rest=6885
[TEST] {5} tested 3300/4441 kept=118 rest=6867
[TEST] {14} tested 1600/2220 kept=88 rest=6691
[TEST] {5} tested 3400/4441 kept=118 rest=6672
[TEST] {14} tested 1700/2220 kept=89 rest=6517
[TEST] {14} tested 1800/2220 kept=102 rest=6387
[TEST] {19} tested 555/555 kept=151 rest=6367
[TEST] {5} tested 3500/4441 kept=118 rest=6287
[TEST] {20} tested 100/1110 kept=100 rest=6135
[TEST] {20} tested 200/1110 kept=200 rest=6015
[TEST] {20} tested 300/1110 kept=300 rest=5905
[TEST] {14} tested 1900/2220 kept=113 rest=5773
[TEST] {20} tested 400/1110 kept=400 rest=5766
[TEST] {5} tested 3600/4441 kept=119 rest=5732
[TEST] {20} tested 500/1110 kept=484 rest=5639
[TEST] {20} tested 600/1110 kept=575 rest=5535
[TEST] {20} tested 700/1110 kept=672 rest=5428
[TEST] {20} tested 800/1110 kept=772 rest=5315
[TEST] {20} tested 900/1110 kept=872 rest=5203
[TEST] {20} tested 1000/1110 kept=972 rest=5088
[TEST] {14} tested 2000/2220 kept=173 rest=4939
[TEST] {14} tested 2100/2220 kept=249 rest=4824
[TEST] {14} tested 2200/2220 kept=325 rest=4687
[TEST] {20} tested 1100/1110 kept=1066 rest=4655
[TEST] {5} tested 3700/4441 kept=119 rest=4647
[TEST] {20} tested 1110/1110 kept=1066 rest=4576
[TEST] {14} tested 2220/2220 kept=326 rest=4564
[WARN] batch start failed size=1111 {21} split -> 555 {28} + 556 {29}
[TEST] {23} tested 100/555 kept=80 rest=4452
[WARN] batch start failed size=555 {22} split -> 277 {30} + 278 {31}
[TEST] {5} tested 3800/4441 kept=120 rest=4382
[TEST] {5} tested 3900/4441 kept=120 rest=4172
[TEST] {23} tested 200/555 kept=120 rest=4044
[TEST] {5} tested 4000/4441 kept=122 rest=4034
[TEST] {23} tested 300/555 kept=130 rest=3913
[TEST] {24} tested 100/555 kept=41 rest=3784
[TEST] {5} tested 4100/4441 kept=122 rest=3745
[TEST] {24} tested 200/555 kept=41 rest=3592
[TEST] {24} tested 300/555 kept=43 rest=3469
[TEST] {5} tested 4200/4441 kept=122 rest=3349
[TEST] {24} tested 400/555 kept=44 rest=3333
[TEST] {23} tested 400/555 kept=163 rest=3181
[TEST] {24} tested 500/555 kept=44 rest=3142
[TEST] {5} tested 4300/4441 kept=122 rest=3111
[TEST] {23} tested 500/555 kept=177 rest=2961
[TEST] {24} tested 555/555 kept=44 rest=2873
[TEST] {5} tested 4400/4441 kept=122 rest=2857
[WARN] batch start failed size=556 {25} split -> 278 {32} + 278 {33}
[TEST] {27} tested 100/278 kept=13 rest=2726
[TEST] {27} tested 200/278 kept=36 rest=2611
[TEST] {23} tested 555/555 kept=177 rest=2585
[TEST] {5} tested 4441/4441 kept=122 rest=2573
[WARN] batch start failed size=277 {26} split -> 138 {34} + 139 {35}
[WARN] batch start failed size=139 {35} split -> 69 {36} + 70 {37}
[WARN] batch start failed size=555 {28} split -> 277 {38} + 278 {39}
[WARN] batch start failed size=278 {31} split -> 139 {40} + 139 {41}
[WARN] batch start failed size=278 {32} split -> 139 {42} + 139 {43}
[TEST] {30} tested 100/277 kept=71 rest=2472
[TEST] {30} tested 200/277 kept=141 rest=2369
[TEST] {27} tested 278/278 kept=36 rest=2180
[TEST] {33} tested 100/278 kept=1 rest=2152
[TEST] {29} tested 100/556 kept=95 rest=1987
[TEST] {29} tested 200/556 kept=177 rest=1881
[TEST] {30} tested 277/277 kept=193 rest=1763
[TEST] {29} tested 300/556 kept=248 rest=1757
[TEST] {33} tested 200/278 kept=2 rest=1687
[WARN] batch start failed size=138 {34} split -> 69 {44} + 69 {45}
[WARN] batch start failed size=69 {36} split -> 34 {46} + 35 {47}
[TEST] {29} tested 400/556 kept=305 rest=1534
[TEST] {29} tested 500/556 kept=350 rest=1415
[TEST] {33} tested 278/278 kept=2 rest=1368
[TEST] {38} tested 100/277 kept=99 rest=1257
[TEST] {38} tested 200/277 kept=198 rest=1157
[TEST] {37} tested 70/70 kept=30 rest=1077
[WARN] batch start failed size=278 {39} split -> 139 {48} + 139 {49}
[TEST] {29} tested 556/556 kept=371 rest=1050
[TEST] {41} tested 100/139 kept=82 rest=949
[WARN] batch start failed size=139 {40} split -> 69 {50} + 70 {51}
[WARN] batch start failed size=139 {43} split -> 69 {52} + 70 {53}
[TEST] {38} tested 277/277 kept=267 rest=827
[WARN] batch start failed size=69 {45} split -> 34 {54} + 35 {55}
[TEST] {41} tested 139/139 kept=114 rest=796
[TEST] {42} tested 100/139 kept=6 rest=750
[TEST] {42} tested 139/139 kept=6 rest=711
[WARN] batch start failed size=35 {47} split -> 17 {56} + 18 {57}
[WARN] batch start failed size=139 {49} split -> 69 {58} + 70 {59}
[TEST] {44} tested 69/69 kept=9 rest=576
[TEST] {48} tested 100/139 kept=90 rest=575
[TEST] {46} tested 34/34 kept=0 rest=496
[WARN] batch start failed size=70 {51} split -> 35 {60} + 35 {61}
[TEST] {48} tested 139/139 kept=116 rest=424
[WARN] batch start failed size=69 {52} split -> 34 {62} + 35 {63}
[TEST] {50} tested 69/69 kept=43 rest=402
[WARN] batch start failed size=35 {55} split -> 17 {64} + 18 {65}
[TEST] {53} tested 70/70 kept=2 rest=341
[WARN] batch start failed size=18 {57} split -> 9 {66} + 9 {67}
[TEST] {54} tested 34/34 kept=11 rest=274
[WARN] batch start failed size=70 {59} split -> 35 {68} + 35 {69}
[WARN] batch start failed size=35 {60} split -> 17 {70} + 18 {71}
[TEST] {56} tested 17/17 kept=0 rest=272
[WARN] batch start failed size=35 {63} split -> 17 {72} + 18 {73}
[TEST] {58} tested 69/69 kept=46 rest=219
[WARN] batch start failed size=17 {64} split -> 8 {74} + 9 {75}
[WARN] batch start failed size=18 {65} split -> 9 {76} + 9 {77}
[TEST] {61} tested 35/35 kept=26 rest=216
[WARN] batch start failed size=9 {66} split -> 4 {78} + 5 {79}
[TEST] {62} tested 34/34 kept=1 rest=191
[WARN] batch start failed size=35 {69} split -> 17 {80} + 18 {81}
[WARN] batch start failed size=17 {70} split -> 8 {82} + 9 {83}
[TEST] {77} tested 9/9 kept=0 rest=155
[TEST] {68} tested 35/35 kept=11 rest=142
[WARN] batch start failed size=18 {73} split -> 9 {84} + 9 {85}
[WARN] batch start failed size=8 {74} split -> 4 {86} + 4 {87}
[TEST] {71} tested 18/18 kept=0 rest=126
[WARN] batch start failed size=9 {75} split -> 4 {88} + 5 {89}
[TEST] {67} tested 9/9 kept=0 rest=116
[WARN] batch start failed size=9 {76} split -> 4 {90} + 5 {91}
[WARN] batch start failed size=5 {79} split -> 2 {92} + 3 {93}
[TEST] {72} tested 17/17 kept=0 rest=105
[WARN] batch start failed size=4 {78} split -> 2 {94} + 2 {95}
[WARN] batch start failed size=18 {81} split -> 9 {96} + 9 {97}
[WARN] batch start failed size=8 {82} split -> 4 {98} + 4 {99}
[WARN] batch start failed size=9 {85} split -> 4 {100} + 5 {101}
[TEST] {80} tested 17/17 kept=2 rest=83
[TEST] {83} tested 9/9 kept=0 rest=76
[WARN] batch start failed size=4 {87} split -> 2 {102} + 2 {103}
[TEST] {84} tested 9/9 kept=1 rest=68
[WARN] batch start failed size=4 {88} split -> 2 {104} + 2 {105}
[WARN] batch start failed size=4 {90} split -> 2 {106} + 2 {107}
[WARN] batch start failed size=5 {91} split -> 2 {108} + 3 {109}
[WARN] batch start failed size=3 {93} split -> 1 {110} + 2 {111}
[WARN] batch start failed size=2 {92} split -> 1 {112} + 1 {113}
[TEST] {86} tested 4/4 kept=1 rest=66
[WARN] batch start failed size=2 {95} split -> 1 {114} + 1 {115}
[TEST] {89} tested 5/5 kept=0 rest=53
[WARN] batch start failed size=9 {96} split -> 4 {116} + 5 {117}
[WARN] batch start failed size=4 {99} split -> 2 {118} + 2 {119}
[TEST] {97} tested 9/9 kept=9 rest=52
[WARN] batch start failed size=4 {100} split -> 2 {120} + 2 {121}
[TEST] {94} tested 2/2 kept=0 rest=47
[TEST] {98} tested 4/4 kept=0 rest=46
[WARN] batch start failed size=2 {102} split -> 1 {122} + 1 {123}
[WARN] batch start failed size=2 {103} split -> 1 {124} + 1 {125}
[WARN] batch start failed size=2 {104} split -> 1 {126} + 1 {127}
[WARN] batch start failed size=2 {107} split -> 1 {128} + 1 {129}
[TEST] {101} tested 5/5 kept=0 rest=40
[TEST] {105} tested 2/2 kept=0 rest=39
[TEST] {109} tested 3/3 kept=0 rest=36
[WARN] batch start failed size=2 {108} split -> 1 {130} + 1 {131}
[TEST] {106} tested 2/2 kept=0 rest=33
[REPAIR] {110} name=[ChromeGO-Merge] United-5 fields=up,down
[TEST] {111} tested 2/2 kept=0 rest=32
[REPAIR] {113} name=[ChromeGO-Merge] Taiwan-2 fields=up,down
[REPAIR] {112} name=[ChromeGO-Merge] United-4 fields=up,down
[REPAIR] {115} name=[ChromeGO-Merge] France fields=up,down
[REPAIR] {114} name=[ChromeGO-Merge] Taiwan fields=up,down
[TEST] {113} tested 1/1 kept=0 rest=31
[TEST] {117} tested 5/5 kept=5 rest=26
[WARN] batch start failed size=4 {116} split -> 2 {132} + 2 {133}
[TEST] {114} tested 1/1 kept=0 rest=25
[WARN] batch start failed size=2 {119} split -> 1 {134} + 1 {135}
[WARN] batch start failed size=2 {120} split -> 1 {136} + 1 {137}
[REPAIR] {122} name=[ChromeGO-ShiteThings] hysteria fields=up,down
[REPAIR] {123} name=[ChromeGO-ShiteThings] hysteria-2 fields=up,down
[TEST] {122} tested 1/1 kept=0 rest=22
[REPAIR] {124} name=[ChromeGO-ShiteThings] hysteria-3 fields=up,down
[REPAIR] {125} name=[ChromeGO-ShiteThings] hysteria-4 fields=up,down
[TEST] {123} tested 1/1 kept=0 rest=21
[TEST] {124} tested 1/1 kept=0 rest=20
[REPAIR] {126} name=[ChromeGO-ShiteThings] hysteria-5 fields=up,down
[TEST] {125} tested 1/1 kept=0 rest=19
[TEST] {110} tested 1/1 kept=0 rest=18
[TEST] {112} tested 1/1 kept=0 rest=17
[TEST] {115} tested 1/1 kept=0 rest=16
[TEST] {118} tested 2/2 kept=0 rest=15
[REPAIR] {129} name=[ChromeGO-Merge] United fields=up,down
[TEST] {121} tested 2/2 kept=0 rest=14
[REPAIR] {128} name=[ChromeGO-Merge] WARP fields=dialer-proxy
[REPAIR] {130} name=[ChromeGO-Merge] France_hysteria_1 fields=up,down
[REPAIR] {131} name=[ChromeGO-Merge] United-2 fields=up,down
[WARN] batch start failed size=2 {133} split -> 1 {138} + 1 {139}
[TEST] {134} tested 1/1 kept=0 rest=12
[REPAIR] {135} name=[Pawdroid-SS-APK] United+Kingdom-2 fields=cipher
[TEST] {132} tested 2/2 kept=2 rest=11
[TEST] {126} tested 1/1 kept=0 rest=10
[TEST] {127} tested 1/1 kept=0 rest=9
[REPAIR] {136} name=[Epodonios] EPODONIOS-98 fields=cipher
[REPAIR] {138} name=[Free-clash-v2ray] hysteria fields=up,down
[TEST] {135} tested 1/1 kept=1 rest=8
[TEST] {137} tested 1/1 kept=0 rest=7
[TEST] {139} tested 1/1 kept=1 rest=6
[TEST] {138} tested 1/1 kept=0 rest=5
[TEST] {129} tested 1/1 kept=0 rest=4
[TEST] {128} tested 1/1 kept=0 rest=3
[TEST] {130} tested 1/1 kept=0 rest=2
[TEST] {131} tested 1/1 kept=0 rest=1
[TEST] {136} tested 1/1 kept=0 rest=0
============================================================
[INFO] core-dedupe dropped 1 same-host variants, kept higher health_score
[INFO] cap live source=[免费节点2] from 138 to 50 by health_score
[INFO] cap live source=[Pawdroid-SS-APK] from 359 to 50 by health_score
[INFO] cap live source=[免费节点6] from 103 to 50 by health_score
[INFO] cap live source=[免费节点8] from 169 to 50 by health_score
[INFO] cap live source=[Pawdroid-SR-APK] from 749 to 50 by health_score
[INFO] cap live source=[Epodonios] from 119 to 50 by health_score
[INFO] cap live source=[Free-clash-v2ray] from 1953 to 50 by health_score
[INFO] cap live source=[V2rayclashfree-RSS] from 156 to 50 by health_score
[INFO] cap live total from 617 to 400 floor=5 then health_score pool
[INFO] cap live reserved=115 pool=502 taken=285
============================================================
+------------------------------+--------+--------+------+--------+
| source                       |    raw | unique | live | capped |
+------------------------------+--------+--------+------+--------+
| [大FQ运动]                   |     14 |     14 |    4 |      4 |
+------------------------------+--------+--------+------+--------+
| [Pawdroid]                   |     22 |     21 |    3 |      3 |
+------------------------------+--------+--------+------+--------+
| [FreeV2-Base64]              |      3 |      3 |    2 |      2 |
+------------------------------+--------+--------+------+--------+
| [Bocchi2b-Base64]            |     35 |     35 |    0 |      0 |
+------------------------------+--------+--------+------+--------+
| [ChromeGO-Toolkit]           |     14 |     14 |    5 |      5 |
+------------------------------+--------+--------+------+--------+
| [ChromeGO-ShiteThings]       |     31 |     25 |    7 |      5 |
+------------------------------+--------+--------+------+--------+
| [ChromeGO-Merge]             |    112 |    112 |    2 |      2 |
+------------------------------+--------+--------+------+--------+
| [Freesocks]                  |      1 |      1 |    0 |      0 |
+------------------------------+--------+--------+------+--------+
| [NekoWarp]                   |     10 |     10 |    8 |      5 |
+------------------------------+--------+--------+------+--------+
| [1VPN-CRX]                   |     17 |     17 |   16 |      5 |
+------------------------------+--------+--------+------+--------+
| [OpenRunner-RSS]             |     14 |      0 |    0 |      0 |
+------------------------------+--------+--------+------+--------+
| [V2Rayshare-RSS]             |     27 |     26 |    4 |      4 |
+------------------------------+--------+--------+------+--------+
| [Mibei77-RSS]                |    108 |     92 |    9 |      5 |
+------------------------------+--------+--------+------+--------+
| [Yoyapai-RSS]                |    215 |    192 |   28 |     21 |
+------------------------------+--------+--------+------+--------+
| [免费节点1]                  |    150 |     50 |   12 |      6 |
+------------------------------+--------+--------+------+--------+
| [免费节点2]                  |    381 |    326 |  138 |     24 |
+------------------------------+--------+--------+------+--------+
| [免费节点3]                  |     62 |      0 |    0 |      0 |
+------------------------------+--------+--------+------+--------+
| [免费节点4]                  |    839 |    714 |   40 |      5 |
+------------------------------+--------+--------+------+--------+
| [免费节点5]                  |     29 |     28 |    0 |      0 |
+------------------------------+--------+--------+------+--------+
| [免费节点6]                  |   1593 |   1540 |  103 |     47 |
+------------------------------+--------+--------+------+--------+
| [免费节点7]                  |    114 |     43 |   10 |      6 |
+------------------------------+--------+--------+------+--------+
| [免费节点8]                  |   4207 |   3354 |  169 |      9 |
+------------------------------+--------+--------+------+--------+
| [免费节点9]                  |    615 |    457 |    0 |      0 |
+------------------------------+--------+--------+------+--------+
| [免费节点10]                 |   5490 |   3092 |   21 |      5 |
+------------------------------+--------+--------+------+--------+
| [免费节点11]                 |    488 |    262 |   38 |      5 |
+------------------------------+--------+--------+------+--------+
| [Pawdroid-SR-APK]            |   1400 |   1001 |  749 |     50 |
+------------------------------+--------+--------+------+--------+
| [Pawdroid-SS-APK]            |   1493 |    926 |  359 |     50 |
+------------------------------+--------+--------+------+--------+
| [Clashfree]                  |   1371 |    514 |    9 |      5 |
+------------------------------+--------+--------+------+--------+
| [Epodonios]                  |   4092 |   2401 |  119 |     49 |
+------------------------------+--------+--------+------+--------+
| [Free-clash-v2ray]           |   5220 |   2247 | 1953 |     50 |
+------------------------------+--------+--------+------+--------+
| [V2rayclashfree-RSS]         |   2007 |    247 |  156 |     28 |
+------------------------------+--------+--------+------+--------+
============================================================
[SUMMARY] total_nodes=30174
[SUMMARY] legal_candidates=17764
[SUMMARY] passed_latency_test=400
[SUMMARY] region_HK=14 region_JP=2 region_US=191
[SUMMARY] avg_latency_ms=126.79
[SUMMARY] output=/home/runner/work/Free-node-autotest/Free-node-autotest/output/clash.yaml
============================================================
