============================================================
[INFO] sublink try page: https://end-gfw.com
[OK] proxies=2 new=2 url=https://raw.githubusercontent.com/hello-world-1989/cn-news/refs/heads/main/clash.yaml
[OK] proxies=2 new=0 url=https://raw.githubusercontent.com/hello-world-1989/cn-news/main/end-gfw-together
[OK] proxies=2 new=2 url=https://raw.githubusercontent.com/hello-world-1989/cn-news/main/end-gfw-together-ss
[INFO] source try url: https://end-gfw.com/ss-key
[OK] proxies=4 new=4 url=https://end-gfw.com/ss-key
[INFO] sublink try repo: https://github.com/hello-world-1989/cn-news
[INFO] sublink try page: https://raw.githubusercontent.com/hello-world-1989/cn-news/main/README.md
[OK] proxies=6 new=6 url=https://raw.githubusercontent.com/hello-world-1989/v2-sub/main/end-gfw-together-af3e13
[OK] proxies=14 source=[大FQ运动] url=https://raw.githubusercontent.com/hello-world-1989/cn-news/main/README.md
============================================================
[INFO] sublink try repo: https://github.com/Pawdroid/Free-servers
[INFO] sublink try page: https://raw.githubusercontent.com/Pawdroid/Free-servers/main/README.md
[OK] proxies=20 new=20 url=https://raw.githubusercontent.com/Pawdroid/Free-servers/main/README.md
[OK] proxies=20 new=0 url=https://raw.githubusercontent.com/Pawdroid/Free-servers/main/sub
[OK] proxies=1 new=1 url=https://apps.apple.com/cn/app/shadowshare/id1612647259
[OK] proxies=1 new=1 url=http://www.surflare.com
[OK] proxies=22 source=[Pawdroid] url=https://raw.githubusercontent.com/Pawdroid/Free-servers/main/README.md
============================================================
[INFO] source try url: https://xmxosfepggzm.503403.xyz
[OK] proxies=3 new=3 url=https://xmxosfepggzm.503403.xyz
[OK] proxies=3 source=[FreeV2-Base64] url=https://xmxosfepggzm.503403.xyz
============================================================
[INFO] source try url: https://links.bocchi2b.top/clash
[OK] proxies=35 new=35 url=https://links.bocchi2b.top/clash
[OK] proxies=35 source=[Bocchi2b-Base64] url=https://links.bocchi2b.top/clash
============================================================
[INFO] toolkit try repo: https://github.com/bannedbook/fanqiang
[INFO] toolkit try release: https://github.com/bannedbook/fanqiang/releases
[INFO] toolkit try release: https://github.com/bannedbook/fanqiang/releases/expanded_assets/ChromeGo-latest
[INFO] toolkit try download: https://github.com/bannedbook/fanqiang/releases/download/ChromeGo-latest/ChromeGo.7z
[OK] toolkit downloaded: ChromeGo.7z bytes=100924352
[OK] toolkit extracted archive=ChromeGo.7z tool=7z files=222 dirs=45
[OK] toolkit discovered subs=107 embedded=12 archive=ChromeGo.7z
[OK] proxies=6 new=6 embedded=archive-config
[OK] proxies=3 new=3 url=https://gitlab.com/free9999/ipupdate/master/backup/img/1/2/{ipp|ip}/clash.meta2/{5|6|3|1|4|2}/config.yaml
[OK] proxies=3 new=0 url=https://www.67867867.xyz/Alvin9999/PAC/refs/heads/master/backup/img/1/2/{ipp|ip}/clash.meta2/{5|6|3|1|4|2}/config.yaml
[OK] proxies=7 new=5 url=https://gitlab.com/free9999/ipupdate/master/backup/img/1/2/{ipp|ip}/{hysteria2|singbox|naiveproxy|hysteria|xray}/{3|1|4|2}/config.json
[OK] proxies=7 new=0 url=https://www.67867867.xyz/Alvin9999/PAC/refs/heads/master/backup/img/1/2/{ipp|ip}/{hysteria2|singbox|naiveproxy|hysteria|xray}/{3|1|4|2}/config.json
[OK] proxies=14 source=[ChromeGO-Toolkit] url=https://github.com/bannedbook/fanqiang/releases/download/ChromeGo-latest/ChromeGo.7z
============================================================
[INFO] sublink try repo: https://github.com/ShiteThings/extractNodes
[INFO] sublink try page: https://raw.githubusercontent.com/ShiteThings/extractNodes/main/README.md
[OK] proxies=31 new=30 url=https://{chg26.makou.cc.cd|chg64.makou.cc.cd}
[OK] proxies=26 new=1 url=https://chg26.makou.cc.cd/sb
[OK] proxies=31 source=[ChromeGO-ShiteThings] url=https://raw.githubusercontent.com/ShiteThings/extractNodes/main/README.md
============================================================
[INFO] sublink try repo: https://github.com/shangui999/chromego_merge
[INFO] sublink try page: https://raw.githubusercontent.com/shangui999/chromego_merge/master/ReadMe.md
[OK] proxies=10 new=10 url=https://freedman.netlify.app/sub/merged_proxies_new.yaml
[OK] proxies=11 new=1 url=https://freedman.netlify.app/sub/merged_warp_proxies_new.yaml
[OK] proxies=11 new=6 url=https://freedman.netlify.app/sub/shadowrocket_base64.txt
[OK] proxies=16 new=16 url=https://freedman.netlify.app/sub/sb.json
[INFO] sublink try repo: https://github.com/yaney01/chromego
[INFO] sublink try page: https://raw.githubusercontent.com/yaney01/chromego/main/ReadMe.md
[OK] proxies=50 new=46 url=https://raw.githubusercontent.com/yaney01/chromego/main/sub/merged_proxies_new.yaml
[OK] proxies=51 new=0 url=https://raw.githubusercontent.com/yaney01/chromego/main/sub/merged_warp_proxies_new.yaml
[OK] proxies=13 new=7 url=https://raw.githubusercontent.com/yaney01/chromego/main/sub/shadowrocket_base64.txt
[OK] proxies=13 new=0 url=https://raw.githubusercontent.com/yaney01/chromego/main/sub/sb.json
[INFO] sublink try repo: https://github.com/Misaka-blog/chromego_merge
[INFO] sublink try page: https://raw.githubusercontent.com/Misaka-blog/chromego_merge/main/README.md
[OK] proxies=24 new=24 url=https://chromego-sub.netlify.app/sub/merged_proxies_new.yaml
[OK] proxies=110 source=[ChromeGO-Merge] url=https://raw.githubusercontent.com/Misaka-blog/chromego_merge/main/README.md
============================================================
[INFO] source try url: https://freesocks.org/api/v1/sub/02b897e8e77f19176b0b9f2c75864b00
[OK] proxies=1 new=1 url=https://freesocks.org/api/v1/sub/02b897e8e77f19176b0b9f2c75864b00
[OK] proxies=1 source=[Freesocks] url=https://freesocks.org/api/v1/sub/02b897e8e77f19176b0b9f2c75864b00
============================================================
[INFO] source try url: https://neko-warp.nloli.xyz/neko_warp.yaml
[OK] proxies=10 new=10 url=https://neko-warp.nloli.xyz/neko_warp.yaml
[OK] proxies=10 source=[NekoWarp] url=https://neko-warp.nloli.xyz/neko_warp.yaml
============================================================
[INFO] toolkit try chrome: https://chromewebstore.google.com/detail/free-vpn-proxy-1vpn/akcocjjpkmlniicdeemdceeajlmoabhg
[INFO] toolkit try download: https://clients2.google.com/service/update2/crx?response=redirect&prodversion=131.0.6778.0&acceptformat=crx2,crx3&x=id%3dakcocjjpkmlniicdeemdceeajlmoabhg%26uc
[OK] toolkit downloaded: free-vpn-proxy-1vpn.crx bytes=1627904
[OK] toolkit extracted archive=free-vpn-proxy-1vpn.crx tool=zipfile files=68 dirs=57
[OK] toolkit 1vpn-crx scanned hosts=17 keys=1 archive=free-vpn-proxy-1vpn.crx
[OK] proxies=17 source=[1VPN-CRX] url=https://clients2.google.com/service/update2/crx?response=redirect&prodversion=131.0.6778.0&acceptformat=crx2,crx3&x=id%3dakcocjjpkmlniicdeemdceeajlmoabhg%26uc
============================================================
[INFO] article try feed: https://free.datiya.com/index.xml
[INFO] sublink try page: https://free.datiya.com/post/20260923/
[OK] proxies=14 new=14 url=https://free.datiya.com/uploads/20260923-clash.yaml
[OK] proxies=14 source=[OpenRunner-RSS] url=https://free.datiya.com/post/20260923/
============================================================
[INFO] article try feed: https://v2rayshare.com/feed
[INFO] sublink try page: https://v2rayshare.com/p/4097.html
[INFO] sublink try repo: https://github.com/firefoxmmx2/v2rayshare_subcription
[INFO] sublink try page: https://raw.githubusercontent.com/firefoxmmx2/v2rayshare_subcription/main/README.md
[OK] proxies=22 new=22 url=https://{raw.githubusercontent.com|cdn.jsdelivr.net}/firefoxmmx2/v2rayshare_subcription/main/subscription/vray_sub.txt
[OK] proxies=21 new=0 url=https://{raw.githubusercontent.com|cdn.jsdelivr.net}/firefoxmmx2/v2rayshare_subcription/main/subscription/clash_sub.yaml
[OK] proxies=22 new=0 url=https://{raw.githubusercontent.com|cdn.jsdelivr.net}/firefoxmmx2/v2rayshare_subcription/main/subscription/mihomo_sub.yaml
[OK] proxies=22 source=[V2Rayshare-RSS] url=https://raw.githubusercontent.com/firefoxmmx2/v2rayshare_subcription/main/README.md
============================================================
[INFO] article try feed: https://www.mibei77.com/feed
[INFO] sublink try page: https://www.mibei77.com/691.html
[OK] proxies=111 new=111 url=https://mm.mibei77.com/202609/09.2364bacfe.txt
[OK] proxies=110 new=0 url=https://mm.mibei77.com/202609/0923Clashizs.yaml
[OK] proxies=111 source=[Mibei77-RSS] url=https://www.mibei77.com/691.html
============================================================
[INFO] article try feed: https://yoyapai.com/feed
[INFO] sublink try page: https://yoyapai.com/730
[OK] proxies=1 new=1 url=https://yoyapai.com/730
[OK] proxies=219 new=219 url=https://freenode.yoyapai.com/2026/09/23-yoyapai.com-clash-vpnmianfeijiedian.yaml
[OK] proxies=219 new=0 url=https://freenode.yoyapai.com/2026/09/23-yoyapai.com-ssrv2ray-vpnmianfeijiedian.txt
[OK] proxies=220 source=[Yoyapai-RSS] url=https://yoyapai.com/730
============================================================
[INFO] sublink try repo: https://github.com/free18/v2ray
[INFO] sublink try page: https://raw.githubusercontent.com/free18/v2ray/main/README.md
[OK] proxies=3 new=3 url=https://raw.githubusercontent.com/free18/v2ray/main/README.md
[OK] proxies=225 new=225 url=https://ghfast.top/https://raw.githubusercontent.com/free18/v2ray/refs/heads/main/v.txt
[OK] proxies=225 new=0 url=https://ghfast.top/https://raw.githubusercontent.com/free18/v2ray/refs/heads/main/c.yaml
[OK] proxies=228 source=[免费节点1] url=https://raw.githubusercontent.com/free18/v2ray/main/README.md
============================================================
[INFO] sublink try repo: https://github.com/ermaozi/get_subscribe
[INFO] sublink try page: https://raw.githubusercontent.com/ermaozi/get_subscribe/main/README.md
[INFO] sublink file_nodes=0 bare links=9
[OK] proxies=304 new=304 url=https://www.ermao.net/sub/{clash|v2ray}/ermao.net
[OK] proxies=303 new=0 url=https://www.ermao.net/sub/{reachable|unreachable|untested}/clash/ermao.net
[OK] proxies=304 source=[免费节点2] url=https://raw.githubusercontent.com/ermaozi/get_subscribe/main/README.md
============================================================
[INFO] sublink try repo: https://github.com/sunmiao4458/free-proxy-airport
[INFO] sublink try page: https://raw.githubusercontent.com/sunmiao4458/free-proxy-airport/main/README.md
[OK] proxies=19 new=19 url=https://sunmiao4458.github.io/free-proxy-airport/clash.yaml
[OK] proxies=19 source=[免费节点3] url=https://raw.githubusercontent.com/sunmiao4458/free-proxy-airport/main/README.md
============================================================
[INFO] sublink try repo: https://github.com/mfuu/FreeProxies
[INFO] sublink try page: https://raw.githubusercontent.com/mfuu/FreeProxies/master/README.md
[OK] proxies=755 new=755 url=https://raw.githubusercontent.com/mfuu/FreeProxies/master/sub.yaml
[OK] proxies=755 source=[免费节点4] url=https://raw.githubusercontent.com/mfuu/FreeProxies/master/README.md
============================================================
[INFO] sublink try repo: https://github.com/vxiaov/free_proxies
[INFO] sublink try page: https://raw.githubusercontent.com/vxiaov/free_proxies/main/README.md
[OK] proxies=1 new=1 url=https://raw.githubusercontent.com/vxiaov/free_proxies/main/README.md
[OK] proxies=28 new=28 url=https://{cdn.jsdelivr.net|raw.githubusercontent.com}/vxiaov/free_proxies/main/clash/clash.provider.yaml
[OK] proxies=29 source=[免费节点5] url=https://raw.githubusercontent.com/vxiaov/free_proxies/main/README.md
============================================================
[INFO] sublink try repo: https://github.com/anaer/Sub
[INFO] sublink try page: https://raw.githubusercontent.com/anaer/Sub/main/README.MD
[OK] proxies=1627 new=1627 url=https://anaer.github.io/Sub/clash.yaml
[OK] proxies=1627 new=0 url=https://raw.githubusercontent.com/anaer/Sub/main/clash.yaml
[OK] proxies=1627 source=[免费节点6] url=https://raw.githubusercontent.com/anaer/Sub/main/README.MD
============================================================
[INFO] sublink try repo: https://github.com/snakem982/proxypool
[INFO] sublink try page: https://raw.githubusercontent.com/snakem982/proxypool/main/README.md
[OK] proxies=64 new=64 url=https://raw.githubusercontent.com/snakem982/proxypool/main/source/clash-meta-2.yaml
[OK] proxies=59 new=0 url=https://raw.githubusercontent.com/snakem982/proxypool/main/source/v2ray-2.txt
[OK] proxies=60 new=0 url=https://raw.githubusercontent.com/snakem982/proxypool/main/source/sing-box-2.json
[OK] proxies=64 source=[免费节点7] url=https://raw.githubusercontent.com/snakem982/proxypool/main/README.md
============================================================
[INFO] sublink try repo: https://github.com/mahdibland/V2RayAggregator
[INFO] sublink try page: https://raw.githubusercontent.com/mahdibland/V2RayAggregator/master/README.md
[OK] proxies=374 new=374 url=https://raw.githubusercontent.com/mahdibland/V2RayAggregator/master/README.md
[OK] proxies=1 new=1 url=https://github.com/mahdibland/SSAggregator/actions/workflows/Collector.yml
[OK] proxies=1 new=0 url=https://github.com/mahdibland/SSAggregator/actions/workflows/Airport_Collector.yml
[OK] proxies=194 new=0 url=https://raw.githubusercontent.com/mahdibland/ShadowsocksAggregator/master/Eternity.txt
[OK] proxies=195 new=30 url=https://raw.githubusercontent.com/mahdibland/ShadowsocksAggregator/master/Eternity.yml
[OK] proxies=61 new=61 url=https://raw.githubusercontent.com/mahdibland/ShadowsocksAggregator/master/EternityAir.txt
[OK] proxies=3921 new=3615 url=https://raw.githubusercontent.com/mahdibland/SSAggregator/master/sub/sub_merge_base64.txt
[OK] proxies=3921 new=0 url=https://raw.githubusercontent.com/mahdibland/{SSAggregator|ShadowsocksAggregator}/master/sub/sub_merge.txt
[OK] proxies=4067 new=175 url=https://raw.githubusercontent.com/mahdibland/SSAggregator/master/sub/sub_merge_yaml.yml
[OK] proxies=61 new=0 url=https://raw.githubusercontent.com/mahdibland/SSAggregator/master/sub/airport_merge_base64.txt
[OK] proxies=61 new=0 url=https://raw.githubusercontent.com/mahdibland/SSAggregator/master/sub/airport_sub_merge.txt
[OK] proxies=1432 new=0 url=https://raw.githubusercontent.com/mahdibland/ShadowsocksAggregator/master/sub/splitted/vmess.txt
[OK] proxies=592 new=0 url=https://raw.githubusercontent.com/mahdibland/ShadowsocksAggregator/master/sub/splitted/trojan.txt
[OK] proxies=54 new=0 url=https://raw.githubusercontent.com/mahdibland/ShadowsocksAggregator/master/sub/splitted/ssr.txt
[OK] proxies=1843 new=0 url=https://raw.githubusercontent.com/mahdibland/ShadowsocksAggregator/master/sub/splitted/ss.txt
[OK] proxies=1 new=0 url=https://cdn.jsdelivr.net/gh/mahdibland/V2RayAggregator@master/update/provider/provider-meta.yml
[OK] proxies=1 new=0 url=https://cdn.jsdelivr.net/gh/mahdibland/V2RayAggregator@master/update/provider/provider-meta-cn.yml
[OK] proxies=1 new=0 url=https://cdn.jsdelivr.net/gh/mahdibland/V2RayAggregator@master/update/provider/provider-meta-others.yml
[OK] proxies=1 new=0 url=https://cdn.jsdelivr.net/gh/mahdibland/V2RayAggregator@master/update/provider/provider.yml
[OK] proxies=1 new=0 url=https://cdn.jsdelivr.net/gh/mahdibland/V2RayAggregator@master/update/provider/provider-cn.yml
[OK] proxies=1 new=0 url=https://cdn.jsdelivr.net/gh/mahdibland/V2RayAggregator@master/update/provider/provider-others.yml
[OK] proxies=4256 source=[免费节点8] url=https://raw.githubusercontent.com/mahdibland/V2RayAggregator/master/README.md
============================================================
[INFO] sublink try repo: https://github.com/w1770946466/Auto_proxy
[INFO] sublink try page: https://raw.githubusercontent.com/w1770946466/Auto_proxy/main/README.md
[OK] proxies=1 new=1 url=https://github.com/w1770946466/Auto_proxy/actions/workflows/main.yml
[OK] proxies=245 new=245 url=https://raw.githubusercontent.com/w1770946466/Auto_proxy/main/{Long_term_subscription2.yaml|Long_term_subscription1.yaml|Long_term_subscription3.yaml}
[OK] proxies=489 new=54 url=https://raw.githubusercontent.com/w1770946466/Auto_proxy/main/{Long_term_subscription1|Long_term_subscription2|Long_term_subscription3|Long_term_subscription4|Long_term_subscription5|Long_term_subscription6|Long_term_subscription7|Long_term_subscription8}
[OK] proxies=489 new=315 url=https://raw.githubusercontent.com/w1770946466/Auto_proxy/main/Long_term_subscription_num
[OK] proxies=615 source=[免费节点9] url=https://raw.githubusercontent.com/w1770946466/Auto_proxy/main/README.md
============================================================
[INFO] sublink try repo: https://github.com/PuddinCat/BestClash
[INFO] sublink try page: https://raw.githubusercontent.com/PuddinCat/BestClash/main/README.md
[OK] proxies=16 new=16 url=https://raw.githubusercontent.com/PuddinCat/BestClash/main/proxies.yaml
[OK] proxies=28 new=28 url=https://cdn.jsdelivr.net/gh/vxiaov/free_proxies@main/clash/clash.provider.yaml
[OK] proxies=24 new=24 url=https://freenode.openrunner.net/uploads/20240807-clash.yaml
[OK] proxies=24 new=24 url=https://raw.githubusercontent.com/Misaka-blog/chromego_merge/main/sub/merged_proxies_new.yaml
[OK] proxies=4774 new=4745 url=https://raw.githubusercontent.com/{NiceVPN123|anaer}/{NiceVPN|Sub}/main/{Clash.yaml|clash.yaml}
[OK] proxies=24 new=0 url=https://raw.githubusercontent.com/{chengaopan|peasoft}/{AutoMergePublicNodes|NoMoreWalls}/master/list.yml
[OK] proxies=303 new=271 url=https://raw.githubusercontent.com/{ermaozi|ermaozi01}/{get_subscribe|free_clash_vpn}/main/subscribe/clash.yml
[OK] proxies=195 new=159 url=https://raw.githubusercontent.com/mahdibland/ShadowsocksAggregator/master/Eternity.yml
[OK] proxies=165 new=160 url=https://raw.githubusercontent.com/ronghuaxueleng/get_v2/main/pub/combine.yaml
[OK] proxies=144 new=3 url=https://raw.githubusercontent.com/zhangkaiitugithub/passcro/main/speednodes.yaml
[OK] proxies=5430 source=[免费节点10] url=https://raw.githubusercontent.com/PuddinCat/BestClash/main/README.md
============================================================
[INFO] sublink try repo: https://github.com/kooker/FreeSubsCheck
[INFO] sublink try page: https://raw.githubusercontent.com/kooker/FreeSubsCheck/main/README.md
[OK] proxies=14 new=14 url=https://raw.githubusercontent.com/kooker/FreeSubsCheck/main/mihomo.yaml
[OK] proxies=14 new=0 url=https://raw.githubusercontent.com/kooker/FreeSubsCheck/main/all.yaml
[OK] proxies=9 new=1 url=https://raw.githubusercontent.com/kooker/FreeSubsCheck/main/base64.txt
[OK] proxies=15 new=10 url=https://raw.githubusercontent.com/kooker/FreeSubsCheck/main/byxiaoxi.txt
[OK] proxies=399 new=394 url=https://raw.githubusercontent.com/kooker/FreeSubsCheck/main/kooker.jp.txt
[OK] proxies=419 source=[免费节点11] url=https://raw.githubusercontent.com/kooker/FreeSubsCheck/main/README.md
============================================================
[INFO] toolkit try repo: https://github.com/Pawdroid/shadowrocket_for_android
[INFO] toolkit try release: https://github.com/Pawdroid/shadowrocket_for_android/releases
[INFO] toolkit try release: https://github.com/Pawdroid/shadowrocket_for_android/releases/expanded_assets/10.10.55
[INFO] toolkit try download: https://github.com/Pawdroid/shadowrocket_for_android/releases/download/10.10.55/Shadowrocket_10.10.55_shadowrocketStandard_arm64-v8a.apk
[OK] toolkit downloaded: Shadowrocket_10.10.55_shadowrocketStandard_arm64-v8a.apk bytes=41449171
[OK] toolkit extracted archive=Shadowrocket_10.10.55_shadowrocketStandard_arm64-v8a.apk tool=zipfile files=1179 dirs=44
[OK] toolkit sr-apk scanned prefixes=38 files=6 keys=2 archive=Shadowrocket_10.10.55_shadowrocketStandard_arm64-v8a.apk
[OK] proxies=1771 new=1771 url=https://{cdn.jsdelivr.net|raw.githubusercontent.com}/pixelor/ecfg/main/data/ecfg6_zh
[OK] proxies=746 new=32 url=https://{cdn.jsdelivr.net|raw.githubusercontent.com}/pixelor/ecfg/main/data/ecfg6_en
[OK] proxies=163 new=52 url=https://{cdn.jsdelivr.net|raw.githubusercontent.com}/pixelor/ecfg/main/data/ecfg6
[OK] proxies=610 new=0 url=https://{files.shadowrockets.app|cdn.shadowrockets.app}/ecfg/data/ecfg6_zh
[OK] proxies=610 new=0 url=https://{files.shadowrockets.app|cdn.shadowrockets.app}/ecfg/data/ecfg6_en
[OK] proxies=163 new=0 url=https://{files.shadowrockets.app|cdn.shadowrockets.app}/ecfg/data/ecfg6
[OK] proxies=1855 source=[Pawdroid-SR-APK] url=https://github.com/Pawdroid/shadowrocket_for_android/releases/download/10.10.55/Shadowrocket_10.10.55_shadowrocketStandard_arm64-v8a.apk
============================================================
[INFO] toolkit try page: https://shadowshare.v2cross.com
[INFO] toolkit try download: https://shadowshare.v2cross.com/shadowshare.apk
[OK] toolkit downloaded: shadowshare.apk bytes=62868122
[OK] toolkit extracted archive=shadowshare.apk tool=zipfile files=612 dirs=39
[OK] toolkit ss-apk scanned prefixes=10 files=3 keys=1 archive=shadowshare.apk
[OK] proxies=1386 new=1386 url=https://{raw.githubusercontent.com|jsd.onmicrosoft.cn}/hideme9527/ecsfg/main/data/sareserver_en
[OK] proxies=204 new=100 url=https://{raw.githubusercontent.com|jsd.onmicrosoft.cn}/hideme9527/ecsfg/main/data/sareserver
[OK] proxies=112 new=0 url=https://{shadowsharing.com|sare.159236.xyz}/data/sareserver
[OK] proxies=1386 new=0 url=https://{shadowsharing.com|sare.159236.xyz}/data/sareserver_en
[OK] proxies=112 new=0 url=https://gitee.com/api/v5/repos/{zhiminghao|elvenapp|guoyoucai1}/ecsfg/raw/data/sareserver
[OK] proxies=1386 new=0 url=https://gitee.com/api/v5/repos/{elvenapp|guoyoucai1|zhiminghao}/ecsfg/raw/data/sareserver_en
[OK] proxies=1486 source=[Pawdroid-SS-APK] url=https://shadowshare.v2cross.com/shadowshare.apk
============================================================
[INFO] sublink try repo: https://github.com/free-nodes/clashfree
[INFO] sublink try page: https://raw.githubusercontent.com/free-nodes/clashfree/main/README.md
[OK] proxies=1 new=1 url=https://github.com/free-nodes/clashfree/blob/main/clash20260924.yml
[INFO] sublink file_nodes=1 bare links=3
[WARN] source=[Clashfree] few proxies found=1 raw=153
[INFO] source=[Clashfree] reused previous raw file=797390767868-raw-2131-20260923.yaml stamp=202609232131
[OK] proxies=153 source=[Clashfree] url=https://raw.githubusercontent.com/free-nodes/clashfree/main/README.md
============================================================
[INFO] sublink try repo: https://github.com/Epodonios/v2ray-configs
[INFO] sublink try page: https://raw.githubusercontent.com/Epodonios/v2ray-configs/main/README.md
[OK] proxies=1 new=1 url=https://github.com/Epodonios/V2ray-Configs/actions/workflows/main.yml
[OK] proxies=4168 new=4168 url=https://github.com/Epodonios/v2ray-configs/raw/main/All_Configs_Sub.txt
[OK] proxies=4168 new=0 url=https://github.com/Epodonios/v2ray-configs/raw/main/All_Configs_base64_Sub.txt
[OK] proxies=3447 new=185 url=https://github.com/Epodonios/v2ray-configs/raw/main/Splitted-By-Protocol/vless.txt
[OK] proxies=185 new=0 url=https://github.com/Epodonios/v2ray-configs/raw/main/Splitted-By-Protocol/vmess.txt
[OK] proxies=377 new=14 url=https://github.com/Epodonios/v2ray-configs/raw/main/Splitted-By-Protocol/ss.txt
[OK] proxies=3 new=0 url=https://github.com/Epodonios/v2ray-configs/raw/main/Splitted-By-Protocol/ssr.txt
[OK] proxies=157 new=1 url=https://github.com/Epodonios/v2ray-configs/raw/main/Splitted-By-Protocol/trojan.txt
[OK] proxies=4168 new=0 url=https://raw.githubusercontent.com/Epodonios/v2ray-configs/main/{Sub1.txt|Sub2.txt|Sub3.txt|Sub4.txt|Sub5.txt|Sub6.txt|Sub7.txt|Sub8.txt}
[OK] proxies=4369 source=[Epodonios] url=https://raw.githubusercontent.com/Epodonios/v2ray-configs/main/README.md
============================================================
[INFO] sublink try repo: https://github.com/free-clash-v2ray/free-clash-v2ray.github.io
[INFO] sublink try page: https://raw.githubusercontent.com/free-clash-v2ray/free-clash-v2ray.github.io/main/README.md
[OK] proxies=3279 new=3279 url=https://free-clash-v2ray.github.io/uploads/2026/09/{0-20260920.yaml|1-20260920.yaml|2-20260920.yaml|3-20260920.yaml}
[OK] proxies=4810 new=1941 url=https://free-clash-v2ray.github.io/uploads/2026/09/{0-20260920.txt|1-20260920.txt|2-20260920.txt|3-20260920.txt|4-20260920.txt}
[OK] proxies=5220 source=[Free-clash-v2ray] url=https://raw.githubusercontent.com/free-clash-v2ray/free-clash-v2ray.github.io/main/README.md
============================================================
[INFO] article try page: https://v2rayclashfree.com
[INFO] sublink try page: https://v2rayclashfree.com/fn/20260924.html
[OK] proxies=296 new=296 url=https://v2rayclashfree.com/sub/20260924-v2ray.txt
[OK] proxies=252 new=77 url=https://v2rayclashfree.com/sub/20260924-clash.yaml
[OK] proxies=373 source=[V2rayclashfree-RSS] url=https://v2rayclashfree.com/fn/20260924.html
============================================================
[INFO] raw backup written path=/home/runner/work/Free-node-autotest/Free-node-autotest/output/raw.yaml proxies=27828
[INFO] toolkit try repo: https://github.com/MetaCubeX/mihomo
[INFO] toolkit try release: https://github.com/MetaCubeX/mihomo/releases
[INFO] toolkit try release: https://github.com/MetaCubeX/mihomo/releases/expanded_assets/v1.19.31
[INFO] toolkit try download: https://github.com/MetaCubeX/mihomo/releases/download/v1.19.31/mihomo-linux-amd64-compatible-v1.19.31.gz
[OK] toolkit downloaded: mihomo-linux-amd64-compatible-v1.19.31.gz bytes=22821836
[OK] toolkit sha256 verified: mihomo-linux-amd64-compatible-v1.19.31.gz sha256=04cf9f09671704f839ddbee2e93069dc831a4123a75281e725d1d96ab9ac1afc
[OK] proxy engine ready: starting latency test package=mihomo-linux-amd64-compatible-v1.19.31.gz
============================================================
[WARN] batch start failed size=18028 {1} split -> 9014 {2} + 9014 {3}
[WARN] batch start failed size=9014 {2} split -> 4507 {4} + 4507 {5}
[WARN] batch start failed size=9014 {3} split -> 4507 {6} + 4507 {7}
[WARN] batch start failed size=4507 {4} split -> 2253 {8} + 2254 {9}
[WARN] batch start failed size=4507 {7} split -> 2253 {10} + 2254 {11}
[TEST] {5} tested 100/4507 kept=0 rest=17928
[WARN] batch start failed size=4507 {6} split -> 2253 {12} + 2254 {13}
[TEST] {5} tested 200/4507 kept=30 rest=17828
[TEST] {9} tested 100/2254 kept=0 rest=17646
[TEST] {5} tested 300/4507 kept=104 rest=17581
[TEST] {9} tested 200/2254 kept=4 rest=17514
[WARN] batch start failed size=2253 {8} split -> 1126 {14} + 1127 {15}
[TEST] {10} tested 100/2253 kept=3 rest=17333
[TEST] {10} tested 200/2253 kept=10 rest=17222
[TEST] {5} tested 400/4507 kept=106 rest=17125
[TEST] {9} tested 300/2254 kept=6 rest=17059
[TEST] {10} tested 300/2253 kept=11 rest=16885
[TEST] {5} tested 500/4507 kept=106 rest=16791
[TEST] {10} tested 400/2253 kept=11 rest=16753
[TEST] {10} tested 500/2253 kept=11 rest=16642
[TEST] {9} tested 400/2254 kept=16 rest=16555
[TEST] {10} tested 600/2253 kept=12 rest=16441
[TEST] {9} tested 500/2254 kept=16 rest=16374
[TEST] {9} tested 600/2254 kept=17 rest=16235
[TEST] {5} tested 600/4507 kept=106 rest=16053
[TEST] {10} tested 700/2253 kept=14 rest=16016
[TEST] {10} tested 800/2253 kept=16 rest=15889
[TEST] {9} tested 700/2254 kept=18 rest=15878
[TEST] {10} tested 900/2253 kept=17 rest=15762
[TEST] {10} tested 1000/2253 kept=20 rest=15578
[TEST] {9} tested 800/2254 kept=18 rest=15574
[TEST] {5} tested 700/4507 kept=106 rest=15346
[TEST] {10} tested 1100/2253 kept=20 rest=15315
[TEST] {9} tested 900/2254 kept=18 rest=15164
[TEST] {10} tested 1200/2253 kept=20 rest=15159
[TEST] {10} tested 1300/2253 kept=21 rest=14949
[TEST] {9} tested 1000/2254 kept=46 rest=14926
[TEST] {5} tested 800/4507 kept=106 rest=14804
[TEST] {10} tested 1400/2253 kept=24 rest=14727
[TEST] {9} tested 1100/2254 kept=81 rest=14702
[TEST] {10} tested 1500/2253 kept=26 rest=14538
[TEST] {10} tested 1600/2253 kept=26 rest=14410
[TEST] {5} tested 900/4507 kept=106 rest=14309
[TEST] {9} tested 1200/2254 kept=83 rest=14218
[TEST] {10} tested 1700/2253 kept=30 rest=14152
[TEST] {5} tested 1000/4507 kept=106 rest=13962
[TEST] {10} tested 1800/2253 kept=73 rest=13960
[TEST] {9} tested 1300/2254 kept=85 rest=13892
[TEST] {10} tested 1900/2253 kept=126 rest=13765
[TEST] {10} tested 2000/2253 kept=161 rest=13633
[TEST] {10} tested 2100/2253 kept=177 rest=13519
[TEST] {9} tested 1400/2254 kept=85 rest=13392
[TEST] {10} tested 2200/2253 kept=189 rest=13387
[TEST] {5} tested 1100/4507 kept=106 rest=13201
[TEST] {9} tested 1500/2254 kept=86 rest=13153
[TEST] {10} tested 2253/2253 kept=198 rest=13103
[TEST] {9} tested 1600/2254 kept=86 rest=13006
[WARN] batch start failed size=2254 {11} split -> 1127 {16} + 1127 {17}
[TEST] {5} tested 1200/4507 kept=106 rest=12965
[TEST] {12} tested 100/2253 kept=0 rest=12810
[TEST] {12} tested 200/2253 kept=0 rest=12708
[TEST] {12} tested 300/2253 kept=0 rest=12608
[TEST] {9} tested 1700/2254 kept=86 rest=12440
[TEST] {5} tested 1300/4507 kept=106 rest=12363
[TEST] {12} tested 400/2253 kept=0 rest=12229
[TEST] {12} tested 500/2253 kept=0 rest=12125
[TEST] {9} tested 1800/2254 kept=86 rest=12038
[TEST] {12} tested 600/2253 kept=0 rest=12000
[TEST] {5} tested 1400/4507 kept=106 rest=11880
[TEST] {9} tested 1900/2254 kept=86 rest=11805
[TEST] {5} tested 1500/4507 kept=106 rest=11708
[TEST] {12} tested 700/2253 kept=0 rest=11649
[TEST] {12} tested 800/2253 kept=0 rest=11548
[TEST] {12} tested 900/2253 kept=0 rest=11445
[TEST] {9} tested 2000/2254 kept=86 rest=11227
[TEST] {5} tested 1600/4507 kept=106 rest=11166
[TEST] {5} tested 1700/4507 kept=106 rest=11049
[TEST] {12} tested 1000/2253 kept=0 rest=10954
[TEST] {12} tested 1100/2253 kept=0 rest=10828
[TEST] {9} tested 2100/2254 kept=86 rest=10758
[TEST] {5} tested 1800/4507 kept=106 rest=10694
[TEST] {12} tested 1200/2253 kept=14 rest=10555
[TEST] {5} tested 1900/4507 kept=106 rest=10471
[TEST] {5} tested 2000/4507 kept=106 rest=10368
[TEST] {9} tested 2200/2254 kept=86 rest=10270
[TEST] {5} tested 2100/4507 kept=106 rest=10262
[TEST] {5} tested 2200/4507 kept=106 rest=10157
[TEST] {12} tested 1300/2253 kept=17 rest=10031
[TEST] {12} tested 1400/2253 kept=78 rest=9890
[TEST] {12} tested 1500/2253 kept=102 rest=9769
[TEST] {12} tested 1600/2253 kept=116 rest=9636
[TEST] {9} tested 2254/2254 kept=86 rest=9591
[TEST] {5} tested 2300/4507 kept=106 rest=9568
[TEST] {12} tested 1700/2253 kept=137 rest=9519
[TEST] {12} tested 1800/2253 kept=164 rest=9412
[TEST] {12} tested 1900/2253 kept=207 rest=9279
[TEST] {12} tested 2000/2253 kept=246 rest=9144
[TEST] {5} tested 2400/4507 kept=106 rest=9097
[TEST] {12} tested 2100/2253 kept=275 rest=8981
[WARN] batch start failed size=2254 {13} split -> 1127 {18} + 1127 {19}
[TEST] {12} tested 2200/2253 kept=291 rest=8852
[TEST] {5} tested 2500/4507 kept=106 rest=8795
[WARN] batch start failed size=1126 {14} split -> 563 {20} + 563 {21}
[TEST] {5} tested 2600/4507 kept=117 rest=8633
[TEST] {12} tested 2253/2253 kept=307 rest=8563
[TEST] {16} tested 100/1127 kept=0 rest=8436
[TEST] {5} tested 2700/4507 kept=117 rest=8334
[TEST] {16} tested 200/1127 kept=71 rest=8320
[TEST] {16} tested 300/1127 kept=117 rest=8215
[TEST] {15} tested 100/1127 kept=2 rest=8096
[TEST] {16} tested 400/1127 kept=143 rest=8019
[TEST] {16} tested 500/1127 kept=159 rest=7903
[TEST] {16} tested 600/1127 kept=164 rest=7775
[TEST] {16} tested 700/1127 kept=169 rest=7670
[TEST] {16} tested 800/1127 kept=170 rest=7558
[TEST] {16} tested 900/1127 kept=171 rest=7454
[TEST] {16} tested 1000/1127 kept=171 rest=7346
[TEST] {15} tested 200/1127 kept=35 rest=7304
[TEST] {5} tested 2800/4507 kept=117 rest=7162
[TEST] {16} tested 1100/1127 kept=205 rest=7123
[TEST] {15} tested 300/1127 kept=38 rest=6973
[TEST] {5} tested 2900/4507 kept=118 rest=6884
[TEST] {16} tested 1127/1127 kept=205 rest=6872
[TEST] {15} tested 400/1127 kept=41 rest=6781
[WARN] batch start failed size=1127 {17} split -> 563 {22} + 564 {23}
[TEST] {5} tested 3000/4507 kept=118 rest=6731
[WARN] batch start failed size=1127 {18} split -> 563 {24} + 564 {25}
[WARN] batch start failed size=1127 {19} split -> 563 {26} + 564 {27}
[TEST] {5} tested 3100/4507 kept=118 rest=6572
[TEST] {15} tested 500/1127 kept=43 rest=6526
[WARN] batch start failed size=563 {20} split -> 281 {28} + 282 {29}
[TEST] {15} tested 600/1127 kept=60 rest=6424
[TEST] {15} tested 700/1127 kept=70 rest=6174
[TEST] {21} tested 100/563 kept=4 rest=6167
[TEST] {5} tested 3200/4507 kept=118 rest=6053
[TEST] {5} tested 3300/4507 kept=118 rest=5881
[TEST] {15} tested 800/1127 kept=75 rest=5860
[TEST] {15} tested 900/1127 kept=75 rest=5747
[TEST] {21} tested 200/563 kept=58 rest=5597
[TEST] {15} tested 1000/1127 kept=75 rest=5545
[TEST] {5} tested 3400/4507 kept=118 rest=5457
[TEST] {21} tested 300/563 kept=68 rest=5386
[TEST] {5} tested 3500/4507 kept=118 rest=5238
[TEST] {15} tested 1100/1127 kept=75 rest=5169
[TEST] {15} tested 1127/1127 kept=75 rest=5057
[TEST] {21} tested 400/563 kept=83 rest=5036
[WARN] batch start failed size=563 {22} split -> 281 {30} + 282 {31}
[TEST] {5} tested 3600/4507 kept=119 rest=4964
[TEST] {21} tested 500/563 kept=83 rest=4775
[TEST] {5} tested 3700/4507 kept=119 rest=4770
[TEST] {23} tested 100/564 kept=3 rest=4626
[TEST] {23} tested 200/564 kept=3 rest=4525
[TEST] {23} tested 300/564 kept=3 rest=4423
[TEST] {23} tested 400/564 kept=3 rest=4323
[TEST] {23} tested 500/564 kept=12 rest=4202
[TEST] {21} tested 563/563 kept=83 rest=4116
[TEST] {5} tested 3800/4507 kept=120 rest=4114
[TEST] {24} tested 100/563 kept=6 rest=3943
[TEST] {24} tested 200/563 kept=27 rest=3828
[TEST] {5} tested 3900/4507 kept=121 rest=3787
[TEST] {24} tested 300/563 kept=54 rest=3697
[TEST] {24} tested 400/563 kept=113 rest=3573
[TEST] {23} tested 564/564 kept=33 rest=3473
[TEST] {5} tested 4000/4507 kept=122 rest=3396
[TEST] {24} tested 500/563 kept=175 rest=3385
[WARN] batch start failed size=564 {25} split -> 282 {32} + 282 {33}
[WARN] batch start failed size=563 {26} split -> 281 {34} + 282 {35}
[TEST] {5} tested 4100/4507 kept=122 rest=3270
[TEST] {27} tested 100/564 kept=1 rest=3101
[TEST] {5} tested 4200/4507 kept=122 rest=2974
[TEST] {27} tested 200/564 kept=5 rest=2934
[TEST] {24} tested 563/563 kept=196 rest=2795
[TEST] {5} tested 4300/4507 kept=122 rest=2761
[TEST] {29} tested 100/282 kept=0 rest=2633
[TEST] {29} tested 200/282 kept=4 rest=2522
[TEST] {27} tested 300/564 kept=7 rest=2419
[TEST] {5} tested 4400/4507 kept=122 rest=2406
[TEST] {27} tested 400/564 kept=7 rest=2291
[TEST] {27} tested 500/564 kept=10 rest=2171
[TEST] {29} tested 282/282 kept=7 rest=2022
[TEST] {5} tested 4500/4507 kept=122 rest=2013
[WARN] batch start failed size=281 {28} split -> 140 {36} + 141 {37}
[TEST] {5} tested 4507/4507 kept=122 rest=1996
[TEST] {27} tested 564/564 kept=10 rest=1971
[WARN] batch start failed size=281 {30} split -> 140 {38} + 141 {39}
[WARN] batch start failed size=282 {32} split -> 141 {40} + 141 {41}
[TEST] {31} tested 100/282 kept=88 rest=1871
[WARN] batch start failed size=282 {35} split -> 141 {42} + 141 {43}
[TEST] {31} tested 200/282 kept=171 rest=1712
[TEST] {33} tested 100/282 kept=1 rest=1528
[TEST] {31} tested 282/282 kept=186 rest=1415
[TEST] {33} tested 200/282 kept=1 rest=1412
[TEST] {34} tested 100/281 kept=10 rest=1359
[WARN] batch start failed size=141 {37} split -> 70 {44} + 71 {45}
[TEST] {34} tested 200/281 kept=25 rest=1245
[WARN] batch start failed size=140 {36} split -> 70 {46} + 70 {47}
[TEST] {38} tested 100/140 kept=10 rest=1120
[TEST] {33} tested 282/282 kept=3 rest=1061
[WARN] batch start failed size=141 {39} split -> 70 {48} + 71 {49}
[TEST] {34} tested 281/281 kept=30 rest=1000
[WARN] batch start failed size=141 {40} split -> 70 {50} + 71 {51}
[TEST] {38} tested 140/140 kept=21 rest=833
[TEST] {43} tested 100/141 kept=1 rest=790
[WARN] batch start failed size=141 {42} split -> 70 {52} + 71 {53}
[WARN] batch start failed size=70 {44} split -> 35 {54} + 35 {55}
[TEST] {41} tested 100/141 kept=6 rest=727
[TEST] {41} tested 141/141 kept=6 rest=686
[TEST] {43} tested 141/141 kept=1 rest=648
[WARN] batch start failed size=70 {47} split -> 35 {56} + 35 {57}
[WARN] batch start failed size=71 {49} split -> 35 {58} + 36 {59}
[TEST] {45} tested 71/71 kept=30 rest=582
[TEST] {46} tested 70/70 kept=5 rest=450
[WARN] batch start failed size=70 {50} split -> 35 {60} + 35 {61}
[WARN] batch start failed size=70 {52} split -> 35 {62} + 35 {63}
[TEST] {48} tested 70/70 kept=7 rest=425
[TEST] {51} tested 71/71 kept=0 rest=360
[WARN] batch start failed size=35 {55} split -> 17 {64} + 18 {65}
[WARN] batch start failed size=35 {57} split -> 17 {66} + 18 {67}
[TEST] {53} tested 71/71 kept=4 rest=301
[TEST] {54} tested 35/35 kept=0 rest=288
[WARN] batch start failed size=35 {58} split -> 17 {68} + 18 {69}
[TEST] {56} tested 35/35 kept=6 rest=217
[TEST] {59} tested 36/36 kept=35 rest=216
[WARN] batch start failed size=35 {60} split -> 17 {70} + 18 {71}
[WARN] batch start failed size=35 {63} split -> 17 {72} + 18 {73}
[WARN] batch start failed size=17 {64} split -> 8 {74} + 9 {75}
[WARN] batch start failed size=18 {65} split -> 9 {76} + 9 {77}
[WARN] batch start failed size=17 {66} split -> 8 {78} + 9 {79}
[WARN] batch start failed size=18 {67} split -> 9 {80} + 9 {81}
[TEST] {61} tested 35/35 kept=2 rest=198
[WARN] batch start failed size=18 {69} split -> 9 {82} + 9 {83}
[WARN] batch start failed size=17 {70} split -> 8 {84} + 9 {85}
[TEST] {62} tested 35/35 kept=4 rest=166
[TEST] {68} tested 17/17 kept=3 rest=152
[WARN] batch start failed size=18 {73} split -> 9 {86} + 9 {87}
[TEST] {74} tested 8/8 kept=0 rest=144
[WARN] batch start failed size=9 {75} split -> 4 {88} + 5 {89}
[TEST] {71} tested 18/18 kept=0 rest=129
[WARN] batch start failed size=9 {76} split -> 4 {90} + 5 {91}
[TEST] {72} tested 17/17 kept=0 rest=107
[WARN] batch start failed size=8 {78} split -> 4 {92} + 4 {93}
[WARN] batch start failed size=9 {80} split -> 4 {94} + 5 {95}
[TEST] {77} tested 9/9 kept=1 rest=103
[TEST] {79} tested 9/9 kept=0 rest=89
[WARN] batch start failed size=9 {83} split -> 4 {96} + 5 {97}
[TEST] {81} tested 9/9 kept=0 rest=82
[WARN] batch start failed size=9 {85} split -> 4 {98} + 5 {99}
[TEST] {82} tested 9/9 kept=2 rest=73
[WARN] batch start failed size=9 {86} split -> 4 {100} + 5 {101}
[WARN] batch start failed size=5 {89} split -> 2 {102} + 3 {103}
[TEST] {84} tested 8/8 kept=1 rest=64
[WARN] batch start failed size=4 {90} split -> 2 {104} + 2 {105}
[TEST] {87} tested 9/9 kept=0 rest=59
[WARN] batch start failed size=4 {92} split -> 2 {106} + 2 {107}
[WARN] batch start failed size=4 {93} split -> 2 {108} + 2 {109}
[TEST] {91} tested 5/5 kept=0 rest=54
[TEST] {88} tested 4/4 kept=0 rest=53
[WARN] batch start failed size=4 {94} split -> 2 {110} + 2 {111}
[WARN] batch start failed size=4 {96} split -> 2 {112} + 2 {113}
[TEST] {97} tested 5/5 kept=5 rest=48
[WARN] batch start failed size=5 {99} split -> 2 {114} + 3 {115}
[TEST] {95} tested 5/5 kept=0 rest=39
[WARN] batch start failed size=4 {100} split -> 2 {116} + 2 {117}
[WARN] batch start failed size=3 {103} split -> 1 {118} + 2 {119}
[TEST] {98} tested 4/4 kept=0 rest=38
[TEST] {101} tested 5/5 kept=0 rest=34
[WARN] batch start failed size=2 {105} split -> 1 {120} + 1 {121}
[WARN] batch start failed size=2 {104} split -> 1 {122} + 1 {123}
[WARN] batch start failed size=2 {107} split -> 1 {124} + 1 {125}
[WARN] batch start failed size=2 {108} split -> 1 {126} + 1 {127}
[TEST] {106} tested 2/2 kept=0 rest=31
[WARN] batch start failed size=2 {109} split -> 1 {128} + 1 {129}
[WARN] batch start failed size=2 {110} split -> 1 {130} + 1 {131}
[WARN] batch start failed size=2 {111} split -> 1 {132} + 1 {133}
[WARN] batch start failed size=2 {113} split -> 1 {134} + 1 {135}
[WARN] batch start failed size=2 {114} split -> 1 {136} + 1 {137}
[TEST] {112} tested 2/2 kept=2 rest=28
[WARN] batch start failed size=2 {116} split -> 1 {138} + 1 {139}
[TEST] {102} tested 2/2 kept=0 rest=27
[WARN] batch start failed size=2 {119} split -> 1 {140} + 1 {141}
[TEST] {115} tested 3/3 kept=0 rest=24
[REPAIR] {120} name=[ChromeGO-Merge] Taiwan-2 fields=up,down
[REPAIR] {121} name=[ChromeGO-Merge] United-5 fields=up,down
[TEST] {120} tested 1/1 kept=0 rest=23
[TEST] {117} tested 2/2 kept=0 rest=22
[REPAIR] {123} name=[ChromeGO-Merge] United-4 fields=up,down
[REPAIR] {122} name=[ChromeGO-Merge] France fields=up,down
[REPAIR] {124} name=[ChromeGO-ShiteThings] hysteria fields=up,down
[TEST] {118} tested 1/1 kept=0 rest=21
[REPAIR] {125} name=[ChromeGO-ShiteThings] hysteria-2 fields=up,down
[REPAIR] {126} name=[ChromeGO-ShiteThings] hysteria-3 fields=up,down
[REPAIR] {127} name=[ChromeGO-ShiteThings] hysteria-4 fields=up,down
[TEST] {124} tested 1/1 kept=0 rest=20
[REPAIR] {128} name=[ChromeGO-ShiteThings] hysteria-5 fields=up,down
[TEST] {125} tested 1/1 kept=0 rest=19
[REPAIR] {131} name=[ChromeGO-Merge] United fields=up,down
[REPAIR] {130} name=[ChromeGO-Merge] WARP fields=dialer-proxy
[TEST] {126} tested 1/1 kept=0 rest=18
[TEST] {127} tested 1/1 kept=0 rest=17
[REPAIR] {132} name=[ChromeGO-Merge] France_hysteria_1 fields=up,down
[REPAIR] {133} name=[ChromeGO-Merge] United-2 fields=up,down
[REPAIR] {134} name=[Free-clash-v2ray] hysteria fields=up,down
[TEST] {135} tested 1/1 kept=1 rest=16
[TEST] {134} tested 1/1 kept=0 rest=15
[TEST] {136} tested 1/1 kept=0 rest=14
[REPAIR] {137} name=[Pawdroid-SS-APK] United+Kingdom-2 fields=cipher
[REPAIR] {139} name=[Epodonios] EPODONIOS-109 fields=cipher
[TEST] {121} tested 1/1 kept=0 rest=13
[TEST] {123} tested 1/1 kept=0 rest=12
[TEST] {122} tested 1/1 kept=0 rest=11
[TEST] {129} tested 1/1 kept=0 rest=10
[TEST] {128} tested 1/1 kept=0 rest=9
[REPAIR] {141} name=[ChromeGO-Merge] Taiwan fields=up,down
[TEST] {131} tested 1/1 kept=0 rest=8
[TEST] {130} tested 1/1 kept=0 rest=7
[TEST] {141} tested 1/1 kept=0 rest=6
[TEST] {132} tested 1/1 kept=0 rest=5
[TEST] {133} tested 1/1 kept=0 rest=4
[TEST] {138} tested 1/1 kept=0 rest=3
[TEST] {137} tested 1/1 kept=0 rest=2
[TEST] {139} tested 1/1 kept=0 rest=1
[TEST] {140} tested 1/1 kept=0 rest=0
============================================================
[INFO] cap live source=[免费节点2] from 60 to 50 by health_score
[INFO] cap live source=[免费节点8] from 174 to 50 by health_score
[INFO] cap live source=[Pawdroid-SR-APK] from 468 to 50 by health_score
[INFO] cap live source=[Epodonios] from 52 to 50 by health_score
[INFO] cap live source=[Free-clash-v2ray] from 644 to 50 by health_score
[INFO] cap live total from 529 to 400 floor=5 then health_score pool
[INFO] cap live reserved=101 pool=428 taken=299
============================================================
+------------------------------+--------+--------+------+--------+
| source                       |    raw | unique | live | capped |
+------------------------------+--------+--------+------+--------+
| [大FQ运动]                   |     14 |     14 |    2 |      2 |
+------------------------------+--------+--------+------+--------+
| [Pawdroid]                   |     22 |     21 |    0 |      0 |
+------------------------------+--------+--------+------+--------+
| [FreeV2-Base64]              |      3 |      3 |    3 |      3 |
+------------------------------+--------+--------+------+--------+
| [Bocchi2b-Base64]            |     35 |     35 |    0 |      0 |
+------------------------------+--------+--------+------+--------+
| [ChromeGO-Toolkit]           |     14 |     14 |    5 |      5 |
+------------------------------+--------+--------+------+--------+
| [ChromeGO-ShiteThings]       |     31 |     25 |    1 |      1 |
+------------------------------+--------+--------+------+--------+
| [ChromeGO-Merge]             |    110 |    110 |    2 |      2 |
+------------------------------+--------+--------+------+--------+
| [Freesocks]                  |      1 |      1 |    0 |      0 |
+------------------------------+--------+--------+------+--------+
| [NekoWarp]                   |     10 |     10 |   10 |      7 |
+------------------------------+--------+--------+------+--------+
| [1VPN-CRX]                   |     17 |     17 |   16 |      5 |
+------------------------------+--------+--------+------+--------+
| [OpenRunner-RSS]             |     14 |      0 |    0 |      0 |
+------------------------------+--------+--------+------+--------+
| [V2Rayshare-RSS]             |     22 |     22 |    3 |      3 |
+------------------------------+--------+--------+------+--------+
| [Mibei77-RSS]                |    111 |     96 |    0 |      0 |
+------------------------------+--------+--------+------+--------+
| [Yoyapai-RSS]                |    220 |    193 |    7 |      5 |
+------------------------------+--------+--------+------+--------+
| [免费节点1]                  |    228 |    133 |   13 |      6 |
+------------------------------+--------+--------+------+--------+
| [免费节点2]                  |    304 |    251 |   60 |     39 |
+------------------------------+--------+--------+------+--------+
| [免费节点3]                  |     19 |     13 |   10 |      6 |
+------------------------------+--------+--------+------+--------+
| [免费节点4]                  |    755 |    715 |   43 |     36 |
+------------------------------+--------+--------+------+--------+
| [免费节点5]                  |     29 |     28 |    0 |      0 |
+------------------------------+--------+--------+------+--------+
| [免费节点6]                  |   1627 |   1575 |   50 |     36 |
+------------------------------+--------+--------+------+--------+
| [免费节点7]                  |     64 |     23 |    0 |      0 |
+------------------------------+--------+--------+------+--------+
| [免费节点8]                  |   4256 |   3363 |  174 |     50 |
+------------------------------+--------+--------+------+--------+
| [免费节点9]                  |    615 |    457 |    0 |      0 |
+------------------------------+--------+--------+------+--------+
| [免费节点10]                 |   5430 |   3083 |   16 |      8 |
+------------------------------+--------+--------+------+--------+
| [免费节点11]                 |    419 |    222 |   34 |     20 |
+------------------------------+--------+--------+------+--------+
| [Pawdroid-SR-APK]            |   1855 |   1391 |  468 |     50 |
+------------------------------+--------+--------+------+--------+
| [Pawdroid-SS-APK]            |   1486 |    769 |   23 |     11 |
+------------------------------+--------+--------+------+--------+
| [Clashfree]                  |    153 |     36 |   17 |     12 |
+------------------------------+--------+--------+------+--------+
| [Epodonios]                  |   4369 |   2650 |   52 |     25 |
+------------------------------+--------+--------+------+--------+
| [Free-clash-v2ray]           |   5220 |   2728 |  644 |     50 |
+------------------------------+--------+--------+------+--------+
| [V2rayclashfree-RSS]         |    373 |     30 |   24 |     18 |
+------------------------------+--------+--------+------+--------+
============================================================
[SUMMARY] total_nodes=27826
[SUMMARY] legal_candidates=18028
[SUMMARY] passed_latency_test=400
[SUMMARY] region_HK=2 region_JP=7 region_US=125
[SUMMARY] avg_latency_ms=246.16
[SUMMARY] output=/home/runner/work/Free-node-autotest/Free-node-autotest/output/clash.yaml
============================================================
