============================================================
[INFO] sublink try page | url=https://end-gfw.com
[OK] proxies=6 | new=6 | url=https://raw.githubusercontent.com/hello-world-1989/cn-news/main/clash-free.yaml
[OK] proxies=6 | new=0 | url=https://raw.githubusercontent.com/hello-world-1989/cn-news/main/end-gfw-free
[INFO] source try link | url=https://end-gfw.com/ss-key
[OK] proxies=4 | new=4 | url=https://end-gfw.com/ss-key
[INFO] sublink try repo | url=https://github.com/hello-world-1989/cn-news
[INFO] sublink try page | url=https://raw.githubusercontent.com/hello-world-1989/cn-news/main/README.md
[OK] proxies=6 | new=6 | url=https://raw.githubusercontent.com/hello-world-1989/v2-sub/main/end-gfw-together-af3e13
[OK] proxies=2 | new=2 | url=https://raw.githubusercontent.com/hello-world-1989/cn-news/main/end-gfw-together
[OK] proxies=2 | new=0 | url=https://raw.githubusercontent.com/hello-world-1989/cn-news/refs/heads/main/clash.yaml
[OK] proxies=18 | source=[大FQ运动] | url=https://raw.githubusercontent.com/hello-world-1989/cn-news/main/README.md
============================================================
[INFO] sublink try repo | url=https://github.com/Pawdroid/Free-servers
[INFO] sublink try page | url=https://raw.githubusercontent.com/Pawdroid/Free-servers/main/README.md
[OK] proxies=20 | new=20 | url=https://raw.githubusercontent.com/Pawdroid/Free-servers/main/README.md
[OK] proxies=20 | new=0 | url=https://raw.githubusercontent.com/Pawdroid/Free-servers/main/sub
[OK] proxies=1 | new=1 | url=https://apps.apple.com/cn/app/shadowshare/id1612647259
[OK] proxies=1 | new=1 | url=http://www.surflare.com
[OK] proxies=22 | source=[Pawdroid] | url=https://raw.githubusercontent.com/Pawdroid/Free-servers/main/README.md
============================================================
[INFO] source try link | url=https://xmxosfepggzm.503403.xyz
[OK] proxies=3 | new=3 | url=https://xmxosfepggzm.503403.xyz
[OK] proxies=3 | source=[FreeV2-Base64] | url=https://xmxosfepggzm.503403.xyz
============================================================
[INFO] source try link | url=https://links.bocchi2b.top/clash
[OK] proxies=35 | new=35 | url=https://links.bocchi2b.top/clash
[OK] proxies=35 | source=[Bocchi2b-Base64] | url=https://links.bocchi2b.top/clash
============================================================
[INFO] source try link | url=https://freesocks.org/api/v1/sub/02b897e8e77f19176b0b9f2c75864b00
[OK] proxies=1 | new=1 | url=https://freesocks.org/api/v1/sub/02b897e8e77f19176b0b9f2c75864b00
[INFO] source try link | url=https://freesocks.org/api/v1/sub/4cae35810e6f5c4d92e28e32104e0080
[OK] proxies=3 | new=3 | url=https://freesocks.org/api/v1/sub/4cae35810e6f5c4d92e28e32104e0080
[OK] proxies=4 | source=[Freesocks] | url=https://freesocks.org/api/v1/sub/4cae35810e6f5c4d92e28e32104e0080
============================================================
[INFO] source try link | url=https://neko-warp.nloli.xyz/neko_warp.yaml
[OK] proxies=10 | new=10 | url=https://neko-warp.nloli.xyz/neko_warp.yaml
[OK] proxies=10 | source=[NekoWarp] | url=https://neko-warp.nloli.xyz/neko_warp.yaml
============================================================
[INFO] article try feed | url=https://free.datiya.com/index.xml
[INFO] sublink try page | url=https://free.datiya.com/post/20260930/
[OK] proxies=14 | new=14 | url=https://free.datiya.com/uploads/20260930-clash.yaml
[OK] proxies=14 | source=[OpenRunner-RSS] | url=https://free.datiya.com/post/20260930/
============================================================
[WARN] article discovery failed | reason=no article links | url=https://v2rayshare.com
[INFO] sublink try repo | url=https://github.com/firefoxmmx2/v2rayshare_subcription
[INFO] sublink try page | url=https://raw.githubusercontent.com/firefoxmmx2/v2rayshare_subcription/main/README.md
[OK] proxies=21 | new=21 | url=https://{raw.githubusercontent.com|cdn.jsdelivr.net}/firefoxmmx2/v2rayshare_subcription/main/subscription/clash_sub.yaml
[OK] proxies=22 | new=1 | url=https://{raw.githubusercontent.com|cdn.jsdelivr.net}/firefoxmmx2/v2rayshare_subcription/main/subscription/vray_sub.txt
[OK] proxies=22 | new=0 | url=https://{raw.githubusercontent.com|cdn.jsdelivr.net}/firefoxmmx2/v2rayshare_subcription/main/subscription/mihomo_sub.yaml
[OK] proxies=22 | source=[V2Rayshare-RSS] | url=https://raw.githubusercontent.com/firefoxmmx2/v2rayshare_subcription/main/README.md
============================================================
[INFO] article try feed | url=https://www.mibei77.com/feed
[INFO] sublink try page | url=https://www.mibei77.com/705.html
[OK] proxies=114 | new=114 | url=https://mm.mibei77.com/202609/0929Clashiza.yaml
[OK] proxies=115 | new=2 | url=https://mm.mibei77.com/202609/09.2964baxcd.txt
[OK] proxies=116 | source=[Mibei77-RSS] | url=https://www.mibei77.com/705.html
============================================================
[INFO] article try feed | url=https://yoyapai.com/feed
[INFO] sublink try page | url=https://yoyapai.com/740
[OK] proxies=231 | new=231 | url=https://freenode.yoyapai.com/2026/09/29-yoyapai.com-ssrv2rayvpnmianfeijiedian.txt
[OK] proxies=231 | new=0 | url=https://freenode.yoyapai.com/2026/09/29-yoyapai.com-clashvpnmianfeijiedian.yaml
[OK] proxies=1 | new=1 | url=https://yoyapai.com/740
[OK] proxies=232 | source=[Yoyapai-RSS] | url=https://yoyapai.com/740
============================================================
[INFO] sublink try repo | url=https://github.com/free18/v2ray
[INFO] sublink try page | url=https://raw.githubusercontent.com/free18/v2ray/main/README.md
[OK] proxies=321 | new=321 | url=https://ghfast.top/https://raw.githubusercontent.com/free18/v2ray/refs/heads/main/c.yaml
[OK] proxies=322 | new=1 | url=https://ghfast.top/https://raw.githubusercontent.com/free18/v2ray/refs/heads/main/v.txt
[OK] proxies=3 | new=3 | url=https://raw.githubusercontent.com/free18/v2ray/main/README.md
[OK] proxies=325 | source=[免费节点1] | url=https://raw.githubusercontent.com/free18/v2ray/main/README.md
============================================================
[INFO] sublink try repo | url=https://github.com/ermaozi/get_subscribe
[INFO] sublink try page | url=https://raw.githubusercontent.com/ermaozi/get_subscribe/main/README.md
[INFO] sublink file_nodes=0 | bare links=9
[OK] proxies=362 | new=362 | url=https://www.ermao.net/sub/{clash|v2ray}/ermao.net
[OK] proxies=345 | new=0 | url=https://www.ermao.net/sub/{reachable|unreachable|untested}/clash/ermao.net
[OK] proxies=362 | source=[免费节点2] | url=https://raw.githubusercontent.com/ermaozi/get_subscribe/main/README.md
============================================================
[INFO] sublink try repo | url=https://github.com/sunmiao4458/free-proxy-airport
[INFO] sublink try page | url=https://raw.githubusercontent.com/sunmiao4458/free-proxy-airport/main/README.md
[OK] proxies=30 | new=30 | url=https://sunmiao4458.github.io/free-proxy-airport/clash.yaml
[OK] proxies=30 | source=[免费节点3] | url=https://raw.githubusercontent.com/sunmiao4458/free-proxy-airport/main/README.md
============================================================
[INFO] sublink try repo | url=https://github.com/mfuu/FreeProxies
[INFO] sublink try page | url=https://raw.githubusercontent.com/mfuu/FreeProxies/master/README.md
[OK] proxies=840 | new=840 | url=https://raw.githubusercontent.com/mfuu/FreeProxies/master/sub.yaml
[OK] proxies=840 | source=[免费节点4] | url=https://raw.githubusercontent.com/mfuu/FreeProxies/master/README.md
============================================================
[INFO] sublink try repo | url=https://github.com/vxiaov/free_proxies
[INFO] sublink try page | url=https://raw.githubusercontent.com/vxiaov/free_proxies/main/README.md
[OK] proxies=1 | new=1 | url=https://raw.githubusercontent.com/vxiaov/free_proxies/main/README.md
[OK] proxies=28 | new=28 | url=https://{cdn.jsdelivr.net|raw.githubusercontent.com}/vxiaov/free_proxies/main/clash/clash.provider.yaml
[OK] proxies=29 | source=[免费节点5] | url=https://raw.githubusercontent.com/vxiaov/free_proxies/main/README.md
============================================================
[INFO] sublink try repo | url=https://github.com/anaer/Sub
[INFO] sublink try page | url=https://raw.githubusercontent.com/anaer/Sub/main/README.MD
[OK] proxies=566 | new=566 | url=https://anaer.github.io/Sub/clash.yaml
[OK] proxies=566 | new=0 | url=https://raw.githubusercontent.com/anaer/Sub/main/clash.yaml
[OK] proxies=566 | source=[免费节点6] | url=https://raw.githubusercontent.com/anaer/Sub/main/README.MD
============================================================
[INFO] sublink try repo | url=https://github.com/snakem982/proxypool
[INFO] sublink try page | url=https://raw.githubusercontent.com/snakem982/proxypool/main/README.md
[OK] proxies=49 | new=49 | url=https://raw.githubusercontent.com/snakem982/proxypool/main/source/v2ray-2.txt
[OK] proxies=64 | new=17 | url=https://raw.githubusercontent.com/snakem982/proxypool/main/source/clash-meta-2.yaml
[OK] proxies=48 | new=0 | url=https://raw.githubusercontent.com/snakem982/proxypool/main/source/sing-box-2.json
[OK] proxies=66 | source=[免费节点7] | url=https://raw.githubusercontent.com/snakem982/proxypool/main/README.md
============================================================
[INFO] sublink try repo | url=https://github.com/mahdibland/V2RayAggregator
[INFO] sublink try page | url=https://raw.githubusercontent.com/mahdibland/V2RayAggregator/master/README.md
[OK] proxies=1 | new=1 | url=https://cdn.jsdelivr.net/gh/mahdibland/V2RayAggregator@master/update/provider/provider-meta-cn.yml
[OK] proxies=1 | new=0 | url=https://cdn.jsdelivr.net/gh/mahdibland/V2RayAggregator@master/update/provider/provider-meta.yml
[OK] proxies=61 | new=61 | url=https://raw.githubusercontent.com/mahdibland/ShadowsocksAggregator/master/EternityAir.txt
[OK] proxies=1 | new=0 | url=https://cdn.jsdelivr.net/gh/mahdibland/V2RayAggregator@master/update/provider/provider-others.yml
[OK] proxies=1462 | new=1462 | url=https://raw.githubusercontent.com/mahdibland/ShadowsocksAggregator/master/sub/splitted/vmess.txt
[OK] proxies=61 | new=0 | url=https://raw.githubusercontent.com/mahdibland/SSAggregator/master/sub/airport_merge_base64.txt
[OK] proxies=4020 | new=2584 | url=https://raw.githubusercontent.com/mahdibland/SSAggregator/master/sub/sub_merge_yaml.yml
[OK] proxies=3937 | new=37 | url=https://raw.githubusercontent.com/mahdibland/{SSAggregator|ShadowsocksAggregator}/master/sub/sub_merge.txt
[OK] proxies=61 | new=0 | url=https://raw.githubusercontent.com/mahdibland/SSAggregator/master/sub/airport_sub_merge.txt
[OK] proxies=193 | new=0 | url=https://raw.githubusercontent.com/mahdibland/ShadowsocksAggregator/master/Eternity.txt
[OK] proxies=1834 | new=0 | url=https://raw.githubusercontent.com/mahdibland/ShadowsocksAggregator/master/sub/splitted/ss.txt
[OK] proxies=1 | new=0 | url=https://github.com/mahdibland/SSAggregator/actions/workflows/Collector.yml
[OK] proxies=1 | new=0 | url=https://cdn.jsdelivr.net/gh/mahdibland/V2RayAggregator@master/update/provider/provider-cn.yml
[OK] proxies=54 | new=0 | url=https://raw.githubusercontent.com/mahdibland/ShadowsocksAggregator/master/sub/splitted/ssr.txt
[OK] proxies=378 | new=95 | url=https://raw.githubusercontent.com/mahdibland/V2RayAggregator/master/README.md
[OK] proxies=1 | new=0 | url=https://github.com/mahdibland/SSAggregator/actions/workflows/Airport_Collector.yml
[OK] proxies=3937 | new=0 | url=https://raw.githubusercontent.com/mahdibland/SSAggregator/master/sub/sub_merge_base64.txt
[OK] proxies=1 | new=0 | url=https://cdn.jsdelivr.net/gh/mahdibland/V2RayAggregator@master/update/provider/provider.yml
[OK] proxies=587 | new=0 | url=https://raw.githubusercontent.com/mahdibland/ShadowsocksAggregator/master/sub/splitted/trojan.txt
[OK] proxies=1 | new=0 | url=https://cdn.jsdelivr.net/gh/mahdibland/V2RayAggregator@master/update/provider/provider-meta-others.yml
[OK] proxies=194 | new=0 | url=https://raw.githubusercontent.com/mahdibland/ShadowsocksAggregator/master/Eternity.yml
[OK] proxies=4240 | source=[免费节点8] | url=https://raw.githubusercontent.com/mahdibland/V2RayAggregator/master/README.md
============================================================
[INFO] sublink try repo | url=https://github.com/w1770946466/Auto_proxy
[INFO] sublink try page | url=https://raw.githubusercontent.com/w1770946466/Auto_proxy/main/README.md
[OK] proxies=489 | new=489 | url=https://raw.githubusercontent.com/w1770946466/Auto_proxy/main/Long_term_subscription_num
[OK] proxies=1 | new=1 | url=https://github.com/w1770946466/Auto_proxy/actions/workflows/main.yml
[OK] proxies=245 | new=125 | url=https://raw.githubusercontent.com/w1770946466/Auto_proxy/main/{Long_term_subscription2.yaml|Long_term_subscription1.yaml|Long_term_subscription3.yaml}
[OK] proxies=489 | new=0 | url=https://raw.githubusercontent.com/w1770946466/Auto_proxy/main/{Long_term_subscription1|Long_term_subscription2|Long_term_subscription3|Long_term_subscription4|Long_term_subscription5|Long_term_subscription6|Long_term_subscription7|Long_term_subscription8}
[OK] proxies=615 | source=[免费节点9] | url=https://raw.githubusercontent.com/w1770946466/Auto_proxy/main/README.md
============================================================
[INFO] sublink try repo | url=https://github.com/PuddinCat/BestClash
[INFO] sublink try page | url=https://raw.githubusercontent.com/PuddinCat/BestClash/main/README.md
[OK] proxies=165 | new=165 | url=https://raw.githubusercontent.com/ronghuaxueleng/get_v2/main/pub/combine.yaml
[OK] proxies=37 | new=37 | url=https://raw.githubusercontent.com/{chengaopan|peasoft}/{AutoMergePublicNodes|NoMoreWalls}/master/list.yml
[OK] proxies=349 | new=312 | url=https://raw.githubusercontent.com/{ermaozi|ermaozi01}/{get_subscribe|free_clash_vpn}/main/subscribe/clash.yml
[OK] proxies=16 | new=14 | url=https://raw.githubusercontent.com/PuddinCat/BestClash/main/proxies.yaml
[OK] proxies=24 | new=24 | url=https://freenode.openrunner.net/uploads/20240807-clash.yaml
[OK] proxies=26 | new=1 | url=https://raw.githubusercontent.com/Misaka-blog/chromego_merge/main/sub/merged_proxies_new.yaml
[OK] proxies=28 | new=28 | url=https://cdn.jsdelivr.net/gh/vxiaov/free_proxies@main/clash/clash.provider.yaml
[OK] proxies=194 | new=192 | url=https://raw.githubusercontent.com/mahdibland/ShadowsocksAggregator/master/Eternity.yml
[OK] proxies=144 | new=3 | url=https://raw.githubusercontent.com/zhangkaiitugithub/passcro/main/speednodes.yaml
[OK] proxies=3701 | new=3679 | url=https://raw.githubusercontent.com/{NiceVPN123|anaer}/{NiceVPN|Sub}/main/{Clash.yaml|clash.yaml}
[OK] proxies=4455 | source=[免费节点10] | url=https://raw.githubusercontent.com/PuddinCat/BestClash/main/README.md
============================================================
[INFO] sublink try repo | url=https://github.com/kooker/FreeSubsCheck
[INFO] sublink try page | url=https://raw.githubusercontent.com/kooker/FreeSubsCheck/main/README.md
[OK] proxies=21 | new=21 | url=https://raw.githubusercontent.com/kooker/FreeSubsCheck/main/base64.txt
[OK] proxies=445 | new=435 | url=https://raw.githubusercontent.com/kooker/FreeSubsCheck/main/kooker.jp.txt
[OK] proxies=25 | new=6 | url=https://raw.githubusercontent.com/kooker/FreeSubsCheck/main/all.yaml
[OK] proxies=25 | new=0 | url=https://raw.githubusercontent.com/kooker/FreeSubsCheck/main/mihomo.yaml
[OK] proxies=2 | new=1 | url=https://raw.githubusercontent.com/kooker/FreeSubsCheck/main/byxiaoxi.txt
[OK] proxies=463 | source=[免费节点11] | url=https://raw.githubusercontent.com/kooker/FreeSubsCheck/main/README.md
============================================================
[INFO] toolkit try repo | url=https://github.com/bannedbook/fanqiang
[INFO] toolkit try release | url=https://github.com/bannedbook/fanqiang/releases
[INFO] toolkit try release | url=https://github.com/bannedbook/fanqiang/releases/expanded_assets/ChromeGo-latest
[INFO] toolkit try download | url=https://github.com/bannedbook/fanqiang/releases/download/ChromeGo-latest/ChromeGo.7z
[OK] toolkit downloaded | file=ChromeGo.7z | size=96.2mb | time=34.7s
[OK] toolkit extracted | archive=ChromeGo.7z | tool=7z | files=222 | dirs=45
[OK] toolkit discovered | subs=107 | embedded=46 | archive=ChromeGo.7z
[INFO] toolkit try repo | url=https://github.com/bannedbook/fanqiang
[INFO] toolkit try release | url=https://github.com/bannedbook/fanqiang/releases
[INFO] toolkit try release | url=https://github.com/bannedbook/fanqiang/releases/expanded_assets/ChromeGo-latest
[INFO] toolkit try download | url=https://github.com/bannedbook/fanqiang/releases/download/ChromeGo-latest/ChromeGo.7z
[OK] toolkit downloaded | file=ChromeGo.7z | size=96.2mb | time=34.7s
[OK] toolkit extracted | archive=ChromeGo.7z | tool=7z | files=222 | dirs=45
[OK] toolkit discovered | subs=107 | embedded=46 | archive=ChromeGo.7z
[OK] proxies=12 | new=12 | embedded=archive-config
[OK] proxies=3 | new=3 | url=https://gitlab.com/free9999/ipupdate/master/backup/img/1/2/{ipp|ip}/clash.meta2/{5|6|3|1|4|2}/config.yaml
[OK] proxies=3 | new=0 | url=https://www.67867867.xyz/Alvin9999/PAC/refs/heads/master/backup/img/1/2/{ipp|ip}/clash.meta2/{5|6|3|1|4|2}/config.yaml
[OK] proxies=7 | new=5 | url=https://www.67867867.xyz/Alvin9999/PAC/refs/heads/master/backup/img/1/2/{ipp|ip}/{hysteria2|singbox|naiveproxy|hysteria|xray}/{3|1|4|2}/config.json
[OK] proxies=7 | new=0 | url=https://gitlab.com/free9999/ipupdate/master/backup/img/1/2/{ipp|ip}/{hysteria2|singbox|naiveproxy|hysteria|xray}/{3|1|4|2}/config.json
[OK] proxies=20 | source=[ChromeGO-Toolkit] | url=https://github.com/bannedbook/fanqiang/releases/download/ChromeGo-latest/ChromeGo.7z
============================================================
[INFO] sublink try repo | url=https://github.com/ShiteThings/extractNodes
[INFO] sublink try page | url=https://raw.githubusercontent.com/ShiteThings/extractNodes/main/README.md
[OK] proxies=26 | new=26 | url=https://chg26.makou.cc.cd/sb
[OK] proxies=31 | new=5 | url=https://{chg26.makou.cc.cd|chg64.makou.cc.cd}
[OK] proxies=31 | source=[ChromeGO-ShiteThings] | url=https://raw.githubusercontent.com/ShiteThings/extractNodes/main/README.md
============================================================
[INFO] sublink try repo | url=https://github.com/shangui999/chromego_merge
[INFO] sublink try page | url=https://raw.githubusercontent.com/shangui999/chromego_merge/master/ReadMe.md
[OK] proxies=11 | new=11 | url=https://freedman.netlify.app/sub/shadowrocket_base64.txt
[OK] proxies=11 | new=6 | url=https://freedman.netlify.app/sub/merged_warp_proxies_new.yaml
[OK] proxies=10 | new=0 | url=https://freedman.netlify.app/sub/merged_proxies_new.yaml
[OK] proxies=16 | new=16 | url=https://freedman.netlify.app/sub/sb.json
[INFO] sublink try repo | url=https://github.com/yaney01/chromego
[INFO] sublink try page | url=https://raw.githubusercontent.com/yaney01/chromego/main/ReadMe.md
[OK] proxies=50 | new=46 | url=https://raw.githubusercontent.com/yaney01/chromego/main/sub/merged_proxies_new.yaml
[OK] proxies=13 | new=7 | url=https://raw.githubusercontent.com/yaney01/chromego/main/sub/shadowrocket_base64.txt
[OK] proxies=13 | new=0 | url=https://raw.githubusercontent.com/yaney01/chromego/main/sub/sb.json
[OK] proxies=51 | new=0 | url=https://raw.githubusercontent.com/yaney01/chromego/main/sub/merged_warp_proxies_new.yaml
[INFO] sublink try repo | url=https://github.com/Misaka-blog/chromego_merge
[INFO] sublink try page | url=https://raw.githubusercontent.com/Misaka-blog/chromego_merge/main/README.md
[OK] proxies=26 | new=26 | url=https://chromego-sub.netlify.app/sub/merged_proxies_new.yaml
[OK] proxies=112 | source=[ChromeGO-Merge] | url=https://raw.githubusercontent.com/Misaka-blog/chromego_merge/main/README.md
============================================================
[INFO] toolkit try repo | url=https://github.com/Pawdroid/shadowrocket_for_android
[INFO] toolkit try release | url=https://github.com/Pawdroid/shadowrocket_for_android/releases
[INFO] toolkit try release | url=https://github.com/Pawdroid/shadowrocket_for_android/releases/expanded_assets/10.10.55
[INFO] toolkit try download | url=https://github.com/Pawdroid/shadowrocket_for_android/releases/download/10.10.55/Shadowrocket_10.10.55_shadowrocketStandard_arm64-v8a.apk
[OK] toolkit downloaded | file=Shadowrocket_10.10.55_shadowrocketStandard_arm64-v8a.apk | size=39.5mb | time=24.7s
[OK] toolkit extracted | archive=Shadowrocket_10.10.55_shadowrocketStandard_arm64-v8a.apk | tool=zipfile | files=1179 | dirs=44
[OK] toolkit sr-apk scanned | prefixes=38 | files=6 | keys=2 | archive=Shadowrocket_10.10.55_shadowrocketStandard_arm64-v8a.apk
[OK] proxies=1423 | new=1423 | url=https://{cdn.jsdelivr.net|raw.githubusercontent.com}/pixelor/ecfg/main/data/ecfg6_zh
[OK] proxies=205 | new=70 | url=https://{cdn.jsdelivr.net|raw.githubusercontent.com}/pixelor/ecfg/main/data/ecfg6
[OK] proxies=1502 | new=93 | url=https://{cdn.jsdelivr.net|raw.githubusercontent.com}/pixelor/ecfg/main/data/ecfg6_en
[OK] proxies=166 | new=0 | url=https://{files.shadowrockets.app|cdn.shadowrockets.app}/ecfg/data/ecfg6
[OK] proxies=1348 | new=0 | url=https://{files.shadowrockets.app|cdn.shadowrockets.app}/ecfg/data/ecfg6_en
[OK] proxies=1348 | new=0 | url=https://{files.shadowrockets.app|cdn.shadowrockets.app}/ecfg/data/ecfg6_zh
[INFO] toolkit try repo | url=https://github.com/Pawdroid/shadowrocket_for_android
[INFO] toolkit try release | url=https://github.com/Pawdroid/shadowrocket_for_android/releases
[INFO] toolkit try release | url=https://github.com/Pawdroid/shadowrocket_for_android/releases/expanded_assets/10.10.55
[INFO] toolkit try download | url=https://github.com/Pawdroid/shadowrocket_for_android/releases/download/10.10.55/Shadowrocket_10.10.55_shadowrocketStandard_arm64-v8a.apk
[OK] toolkit downloaded | file=Shadowrocket_10.10.55_shadowrocketStandard_arm64-v8a.apk | size=39.5mb | time=24.7s
[OK] toolkit extracted | archive=Shadowrocket_10.10.55_shadowrocketStandard_arm64-v8a.apk | tool=zipfile | files=1179 | dirs=44
[OK] toolkit sr-apk scanned | prefixes=38 | files=6 | keys=2 | archive=Shadowrocket_10.10.55_shadowrocketStandard_arm64-v8a.apk
[OK] proxies=1423 | new=1423 | url=https://{cdn.jsdelivr.net|raw.githubusercontent.com}/pixelor/ecfg/main/data/ecfg6_zh
[OK] proxies=205 | new=70 | url=https://{cdn.jsdelivr.net|raw.githubusercontent.com}/pixelor/ecfg/main/data/ecfg6
[OK] proxies=1502 | new=93 | url=https://{cdn.jsdelivr.net|raw.githubusercontent.com}/pixelor/ecfg/main/data/ecfg6_en
[OK] proxies=166 | new=0 | url=https://{files.shadowrockets.app|cdn.shadowrockets.app}/ecfg/data/ecfg6
[OK] proxies=1348 | new=0 | url=https://{files.shadowrockets.app|cdn.shadowrockets.app}/ecfg/data/ecfg6_en
[OK] proxies=1348 | new=0 | url=https://{files.shadowrockets.app|cdn.shadowrockets.app}/ecfg/data/ecfg6_zh
[OK] proxies=1586 | source=[Pawdroid-SR-APK] | url=https://github.com/Pawdroid/shadowrocket_for_android/releases/download/10.10.55/Shadowrocket_10.10.55_shadowrocketStandard_arm64-v8a.apk
============================================================
[INFO] toolkit try page | url=https://shadowshare.v2cross.com
[INFO] toolkit try download | url=https://shadowshare.v2cross.com/shadowshare.apk
[OK] toolkit downloaded | file=shadowshare.apk | size=60mb | time=33.5s
[OK] toolkit extracted | archive=shadowshare.apk | tool=zipfile | files=612 | dirs=39
[OK] toolkit ss-apk scanned | prefixes=10 | files=3 | keys=1 | archive=shadowshare.apk
[OK] proxies=216 | new=216 | url=https://{raw.githubusercontent.com|jsd.onmicrosoft.cn}/hideme9527/ecsfg/main/data/sareserver
[OK] proxies=1386 | new=1280 | url=https://{raw.githubusercontent.com|jsd.onmicrosoft.cn}/hideme9527/ecsfg/main/data/sareserver_en
[OK] proxies=129 | new=0 | url=https://{shadowsharing.com|sare.159236.xyz}/data/sareserver
[OK] proxies=1386 | new=0 | url=https://{shadowsharing.com|sare.159236.xyz}/data/sareserver_en
[OK] proxies=129 | new=0 | url=https://gitee.com/api/v5/repos/{zhiminghao|elvenapp|guoyoucai1}/ecsfg/raw/data/sareserver
[OK] proxies=1386 | new=0 | url=https://gitee.com/api/v5/repos/{zhiminghao|guoyoucai1|elvenapp}/ecsfg/raw/data/sareserver_en
[INFO] toolkit try page | url=https://shadowshare.v2cross.com
[INFO] toolkit try download | url=https://shadowshare.v2cross.com/shadowshare.apk
[OK] toolkit downloaded | file=shadowshare.apk | size=60mb | time=33.5s
[OK] toolkit extracted | archive=shadowshare.apk | tool=zipfile | files=612 | dirs=39
[OK] toolkit ss-apk scanned | prefixes=10 | files=3 | keys=1 | archive=shadowshare.apk
[OK] proxies=216 | new=216 | url=https://{raw.githubusercontent.com|jsd.onmicrosoft.cn}/hideme9527/ecsfg/main/data/sareserver
[OK] proxies=1386 | new=1280 | url=https://{raw.githubusercontent.com|jsd.onmicrosoft.cn}/hideme9527/ecsfg/main/data/sareserver_en
[OK] proxies=129 | new=0 | url=https://{shadowsharing.com|sare.159236.xyz}/data/sareserver
[OK] proxies=1386 | new=0 | url=https://{shadowsharing.com|sare.159236.xyz}/data/sareserver_en
[OK] proxies=129 | new=0 | url=https://gitee.com/api/v5/repos/{zhiminghao|elvenapp|guoyoucai1}/ecsfg/raw/data/sareserver
[OK] proxies=1386 | new=0 | url=https://gitee.com/api/v5/repos/{zhiminghao|guoyoucai1|elvenapp}/ecsfg/raw/data/sareserver_en
[OK] proxies=1496 | source=[Pawdroid-SS-APK] | url=https://shadowshare.v2cross.com/shadowshare.apk
============================================================
[INFO] toolkit try chrome | url=https://chromewebstore.google.com/detail/free-vpn-proxy-1vpn/akcocjjpkmlniicdeemdceeajlmoabhg
[INFO] toolkit try download | url=https://clients2.google.com/service/update2/crx?response=redirect&prodversion=131.0.6778.0&acceptformat=crx2,crx3&x=id%3dakcocjjpkmlniicdeemdceeajlmoabhg%26uc
[OK] toolkit downloaded | file=free-vpn-proxy-1vpn.crx | size=1.6mb | time=7.1s
[OK] toolkit extracted | archive=free-vpn-proxy-1vpn.crx | tool=zipfile | files=68 | dirs=57
[OK] toolkit 1vpn-crx scanned | hosts=17 | keys=1 | archive=free-vpn-proxy-1vpn.crx
[INFO] toolkit try chrome | url=https://chromewebstore.google.com/detail/free-vpn-proxy-1vpn/akcocjjpkmlniicdeemdceeajlmoabhg
[INFO] toolkit try download | url=https://clients2.google.com/service/update2/crx?response=redirect&prodversion=131.0.6778.0&acceptformat=crx2,crx3&x=id%3dakcocjjpkmlniicdeemdceeajlmoabhg%26uc
[OK] toolkit downloaded | file=free-vpn-proxy-1vpn.crx | size=1.6mb | time=7.1s
[OK] toolkit extracted | archive=free-vpn-proxy-1vpn.crx | tool=zipfile | files=68 | dirs=57
[OK] toolkit 1vpn-crx scanned | hosts=17 | keys=1 | archive=free-vpn-proxy-1vpn.crx
[OK] proxies=17 | source=[1VPN-CRX] | url=https://clients2.google.com/service/update2/crx?response=redirect&prodversion=131.0.6778.0&acceptformat=crx2,crx3&x=id%3dakcocjjpkmlniicdeemdceeajlmoabhg%26uc
============================================================
[INFO] sublink try repo | url=https://github.com/free-nodes/clashfree
[INFO] sublink try page | url=https://raw.githubusercontent.com/free-nodes/clashfree/main/README.md
[OK] proxies=233 | new=233 | url=https://raw.githubusercontent.com/free-nodes/clashfree/main/README.md
[OK] proxies=1 | new=1 | url=https://github.com/free-nodes/clashfree/blob/main/clash20260930.yml
[OK] proxies=233 | new=0 | url=https://raw.githubusercontent.com/free-nodes/clashfree/main/clash20260930.yml
[OK] proxies=234 | source=[Clashfree] | url=https://raw.githubusercontent.com/free-nodes/clashfree/main/README.md
============================================================
[INFO] sublink try repo | url=https://github.com/Epodonios/v2ray-configs
[INFO] sublink try page | url=https://raw.githubusercontent.com/Epodonios/v2ray-configs/main/README.md
[OK] proxies=4221 | new=4221 | url=https://github.com/Epodonios/v2ray-configs/raw/main/All_Configs_base64_Sub.txt
[OK] proxies=1 | new=1 | url=https://github.com/Epodonios/V2ray-Configs/actions/workflows/main.yml
[OK] proxies=4221 | new=0 | url=https://github.com/Epodonios/v2ray-configs/raw/main/All_Configs_Sub.txt
[OK] proxies=193 | new=25 | url=https://github.com/Epodonios/v2ray-configs/raw/main/Splitted-By-Protocol/vmess.txt
[OK] proxies=3459 | new=387 | url=https://github.com/Epodonios/v2ray-configs/raw/main/Splitted-By-Protocol/vless.txt
[OK] proxies=385 | new=24 | url=https://github.com/Epodonios/v2ray-configs/raw/main/Splitted-By-Protocol/ss.txt
[OK] proxies=166 | new=16 | url=https://github.com/Epodonios/v2ray-configs/raw/main/Splitted-By-Protocol/trojan.txt
[OK] proxies=4221 | new=0 | url=https://raw.githubusercontent.com/Epodonios/v2ray-configs/main/{Sub1.txt|Sub2.txt|Sub3.txt|Sub4.txt|Sub5.txt|Sub6.txt|Sub7.txt|Sub8.txt}
[OK] proxies=4674 | source=[Epodonios] | url=https://raw.githubusercontent.com/Epodonios/v2ray-configs/main/README.md
============================================================
[INFO] sublink try repo | url=https://github.com/free-clash-v2ray/free-clash-v2ray.github.io
[INFO] sublink try page | url=https://raw.githubusercontent.com/free-clash-v2ray/free-clash-v2ray.github.io/main/README.md
[OK] proxies=2984 | new=2984 | url=https://free-clash-v2ray.github.io/uploads/2026/09/{0-20260927.yaml|1-20260927.yaml|2-20260927.yaml|3-20260927.yaml}
[OK] proxies=3129 | new=537 | url=https://free-clash-v2ray.github.io/uploads/2026/09/{0-20260927.txt|1-20260927.txt|2-20260927.txt|3-20260927.txt|4-20260927.txt}
[OK] proxies=3521 | source=[Free-clash-v2ray] | url=https://raw.githubusercontent.com/free-clash-v2ray/free-clash-v2ray.github.io/main/README.md
============================================================
[INFO] article try page | url=https://v2rayclashfree.com
[INFO] sublink try page | url=https://v2rayclashfree.com/fn/20260930.html
[OK] proxies=1179 | new=1179 | url=https://v2rayclashfree.com/sub/20260930-v2ray.txt
[OK] proxies=1235 | new=533 | url=https://v2rayclashfree.com/sub/20260930-clash.yaml
[OK] proxies=1712 | source=[V2rayclashfree-RSS] | url=https://v2rayclashfree.com/fn/20260930.html
============================================================
[INFO] toolkit try repo | url=https://github.com/MetaCubeX/meta-rules-dat
[INFO] toolkit try release | url=https://github.com/MetaCubeX/meta-rules-dat/releases
[INFO] toolkit try release | url=https://github.com/MetaCubeX/meta-rules-dat/releases/expanded_assets/latest
[INFO] toolkit try download | url=https://github.com/MetaCubeX/meta-rules-dat/releases/download/latest/country.mmdb
[OK] toolkit downloaded | file=country.mmdb | size=7.3mb | time=4.9s
[INFO] toolkit try repo | url=https://github.com/mledoze/countries
[INFO] toolkit try release | url=https://github.com/mledoze/countries/releases
[INFO] toolkit try release | url=https://github.com/mledoze/countries/releases/expanded_assets/v1.8.0
[INFO] toolkit try download | url=https://github.com/mledoze/countries/archive/refs/tags/v1.8.0.zip
[OK] toolkit downloaded | file=countries-1.8.0.zip | size=4.8mb | time=23.3s
[OK] toolkit extracted | archive=countries-1.8.0.zip | tool=zipfile | files=528 | dirs=8
[OK] toolkit found | file=countries.json | from=countries-1.8.0.zip
[OK] geo score ready | files=country.mmdb, countries.json | centroids=247
============================================================
[INFO] toolkit try repo | url=https://github.com/MetaCubeX/mihomo
[INFO] toolkit try release | url=https://github.com/MetaCubeX/mihomo/releases
[INFO] toolkit try release | url=https://github.com/MetaCubeX/mihomo/releases/expanded_assets/v1.19.31
[INFO] toolkit try download | url=https://github.com/MetaCubeX/mihomo/releases/download/v1.19.31/mihomo-linux-amd64-compatible-v1.19.31.gz
[OK] toolkit downloaded | file=mihomo-linux-amd64-compatible-v1.19.31.gz | size=21.8mb | time=45.8s
[OK] toolkit hash verified | file=mihomo-linux-amd64-compatible-v1.19.31.gz | sha256=04cf9f09671704f839ddbee2e93069dc831a4123a75281e725d1d96ab9ac1afc
[OK] proxy engine ready, starting latency test | package=mihomo-linux-amd64-compatible-v1.19.31.gz
============================================================
[WARN] batch start failed | size=18008 {1} | split=4502 {2} + 4502 {3} + 4502 {4} + 4502 {5}
[WARN] batch start failed | size=4502 {4} | split=1126 {6} + 1126 {7} + 1126 {8} + 1124 {9}
[WARN] batch start failed | size=1126 {7} | split=282 {10} + 282 {11} + 282 {12} + 280 {13}
[WARN] batch start failed | size=4502 {5} | split=1126 {14} + 1126 {15} + 1126 {16} + 1124 {17}
[WARN] batch start failed | size=1126 {6} | split=282 {18} + 282 {19} + 282 {20} + 280 {21}
[TEST] {12} tested=100/282 | kept=96 | rest=17908
[TEST] {12} tested=200/282 | kept=190 | rest=17808
[TEST] {9} tested=100/1124 | kept=4 | rest=17628
[TEST] {9} tested=200/1124 | kept=8 | rest=17528
[TEST] {9} tested=300/1124 | kept=15 | rest=17428
[TEST] {9} tested=400/1124 | kept=19 | rest=17328
[TEST] {12} tested=282/282 | kept=269 | rest=17273
[TEST] {9} tested=500/1124 | kept=24 | rest=17226
[TEST] {3} tested=100/4502 | kept=31 | rest=17102
[TEST] {3} tested=200/4502 | kept=62 | rest=17002
[TEST] {2} tested=100/4502 | kept=20 | rest=16820
[TEST] {2} tested=200/4502 | kept=50 | rest=16720
[TEST] {2} tested=300/4502 | kept=65 | rest=16620
[TEST] {2} tested=400/4502 | kept=81 | rest=16520
[TEST] {2} tested=500/4502 | kept=104 | rest=16365
[TEST] {9} tested=600/1124 | kept=27 | rest=16295
[TEST] {3} tested=300/4502 | kept=88 | rest=16259
[TEST] {9} tested=700/1124 | kept=30 | rest=16058
[TEST] {2} tested=600/4502 | kept=118 | rest=16054
[TEST] {2} tested=700/4502 | kept=157 | rest=15870
[TEST] {11} tested=100/282 | kept=100 | rest=15717
[TEST] {11} tested=200/282 | kept=197 | rest=15587
[TEST] {9} tested=800/1124 | kept=39 | rest=15586
[TEST] {3} tested=400/4502 | kept=88 | rest=15407
[TEST] {9} tested=900/1124 | kept=43 | rest=15384
[TEST] {2} tested=800/4502 | kept=204 | rest=15231
[TEST] {9} tested=1000/1124 | kept=46 | rest=15180
[TEST] {3} tested=500/4502 | kept=88 | rest=15117
[TEST] {11} tested=282/282 | kept=268 | rest=14972
[TEST] {2} tested=900/4502 | kept=244 | rest=14965
[TEST] {13} tested=100/280 | kept=84 | rest=14823
[TEST] {13} tested=200/280 | kept=158 | rest=14715
[TEST] {9} tested=1100/1124 | kept=50 | rest=14635
[TEST] {3} tested=600/4502 | kept=88 | rest=14490
[TEST] {9} tested=1124/1124 | kept=50 | rest=14486
[WARN] batch start failed | size=282 {10} | split=71 {22} + 71 {23} + 71 {24} + 69 {25}
[WARN] batch start failed | size=1126 {8} | split=282 {26} + 282 {27} + 282 {28} + 280 {29}
[TEST] {2} tested=1000/4502 | kept=260 | rest=14436
[TEST] {14} tested=100/1126 | kept=4 | rest=14280
[TEST] {13} tested=280/280 | kept=202 | rest=14243
[TEST] {14} tested=200/1126 | kept=7 | rest=14159
[TEST] {14} tested=300/1126 | kept=14 | rest=13960
[TEST] {3} tested=700/4502 | kept=88 | rest=13892
[TEST] {15} tested=100/1126 | kept=5 | rest=13839
[TEST] {2} tested=1100/4502 | kept=260 | rest=13755
[TEST] {15} tested=200/1126 | kept=9 | rest=13652
[TEST] {14} tested=400/1126 | kept=17 | rest=13485
[TEST] {14} tested=500/1126 | kept=19 | rest=13377
[TEST] {14} tested=600/1126 | kept=21 | rest=13257
[TEST] {2} tested=1200/4502 | kept=261 | rest=13169
[TEST] {3} tested=800/4502 | kept=88 | rest=13116
[TEST] {15} tested=300/1126 | kept=9 | rest=13012
[TEST] {14} tested=700/1126 | kept=25 | rest=12983
[TEST] {15} tested=400/1126 | kept=13 | rest=12752
[TEST] {2} tested=1300/4502 | kept=275 | rest=12654
[TEST] {14} tested=800/1126 | kept=30 | rest=12614
[TEST] {14} tested=900/1126 | kept=31 | rest=12469
[TEST] {3} tested=900/4502 | kept=88 | rest=12329
[TEST] {15} tested=500/1126 | kept=17 | rest=12264
[TEST] {2} tested=1400/4502 | kept=299 | rest=12121
[TEST] {15} tested=600/1126 | kept=18 | rest=12093
[TEST] {14} tested=1000/1126 | kept=34 | rest=12074
[TEST] {15} tested=700/1126 | kept=28 | rest=11860
[TEST] {2} tested=1500/4502 | kept=300 | rest=11736
[TEST] {3} tested=1000/4502 | kept=88 | rest=11674
[TEST] {14} tested=1100/1126 | kept=35 | rest=11671
[TEST] {15} tested=800/1126 | kept=47 | rest=11518
[TEST] {2} tested=1600/4502 | kept=300 | rest=11404
[TEST] {15} tested=900/1126 | kept=52 | rest=11326
[TEST] {14} tested=1126/1126 | kept=35 | rest=11316
[TEST] {3} tested=1100/4502 | kept=88 | rest=11259
[TEST] {15} tested=1000/1126 | kept=57 | rest=11133
[TEST] {2} tested=1700/4502 | kept=300 | rest=11082
[TEST] {16} tested=100/1126 | kept=44 | rest=10867
[TEST] {16} tested=200/1126 | kept=134 | rest=10760
[TEST] {16} tested=300/1126 | kept=233 | rest=10646
[TEST] {16} tested=400/1126 | kept=331 | rest=10534
[TEST] {2} tested=1800/4502 | kept=300 | rest=10421
[TEST] {16} tested=500/1126 | kept=430 | rest=10411
[TEST] {16} tested=600/1126 | kept=530 | rest=10185
[TEST] {15} tested=1100/1126 | kept=62 | rest=10171
[TEST] {16} tested=700/1126 | kept=629 | rest=10038
[TEST] {3} tested=1200/4502 | kept=88 | rest=9991
[TEST] {2} tested=1900/4502 | kept=302 | rest=9925
[TEST] {16} tested=800/1126 | kept=729 | rest=9854
[TEST] {15} tested=1126/1126 | kept=62 | rest=9739
[TEST] {16} tested=900/1126 | kept=828 | rest=9723
[TEST] {16} tested=1000/1126 | kept=894 | rest=9601
[TEST] {2} tested=2000/4502 | kept=302 | rest=9467
[WARN] batch start failed | size=1124 {17} | split=281 {30} + 281 {31} + 281 {32} + 281 {33}
[TEST] {19} tested=100/282 | kept=0 | rest=9327
[TEST] {19} tested=200/282 | kept=0 | rest=9215
[TEST] {16} tested=1100/1126 | kept=970 | rest=9174
[TEST] {3} tested=1300/4502 | kept=88 | rest=9118
[TEST] {3} tested=1400/4502 | kept=88 | rest=8976
[TEST] {2} tested=2100/4502 | kept=302 | rest=8936
[TEST] {16} tested=1126/1126 | kept=972 | rest=8914
[TEST] {18} tested=100/282 | kept=0 | rest=8781
[TEST] {19} tested=282/282 | kept=0 | rest=8636
[WARN] batch start failed | size=282 {20} | split=71 {34} + 71 {35} + 71 {36} + 69 {37}
[WARN] batch start failed | size=280 {21} | split=70 {38} + 70 {39} + 70 {40} + 70 {41}
[TEST] {2} tested=2200/4502 | kept=302 | rest=8544
[TEST] {3} tested=1500/4502 | kept=88 | rest=8410
[TEST] {2} tested=2300/4502 | kept=304 | rest=8323
[TEST] {3} tested=1600/4502 | kept=88 | rest=8255
[TEST] {2} tested=2400/4502 | kept=306 | rest=8126
[TEST] {18} tested=200/282 | kept=0 | rest=8003
[TEST] {2} tested=2500/4502 | kept=306 | rest=7954
[TEST] {2} tested=2600/4502 | kept=306 | rest=7784
[TEST] {3} tested=1700/4502 | kept=88 | rest=7732
[TEST] {22} tested=71/71 | kept=68 | rest=7722
[TEST] {3} tested=1800/4502 | kept=88 | rest=7569
[TEST] {3} tested=1900/4502 | kept=88 | rest=7436
[TEST] {18} tested=282/282 | kept=0 | rest=7286
[TEST] {2} tested=2700/4502 | kept=306 | rest=7271
[TEST] {3} tested=2000/4502 | kept=88 | rest=7100
[TEST] {2} tested=2800/4502 | kept=307 | rest=7088
[TEST] {24} tested=71/71 | kept=51 | rest=7050
[WARN] batch start failed | size=69 {25} | split=18 {42} + 18 {43} + 18 {44} + 15 {45}
[WARN] batch start failed | size=282 {26} | split=71 {46} + 71 {47} + 71 {48} + 69 {49}
[TEST] {3} tested=2100/4502 | kept=88 | rest=6947
[TEST] {27} tested=100/282 | kept=39 | rest=6733
[TEST] {2} tested=2900/4502 | kept=307 | rest=6700
[TEST] {23} tested=71/71 | kept=63 | rest=6637
[TEST] {3} tested=2200/4502 | kept=103 | rest=6507
[TEST] {2} tested=3000/4502 | kept=307 | rest=6448
[TEST] {3} tested=2300/4502 | kept=103 | rest=6313
[TEST] {27} tested=200/282 | kept=47 | rest=6245
[TEST] {2} tested=3100/4502 | kept=307 | rest=6140
[TEST] {28} tested=100/282 | kept=28 | rest=6073
[TEST] {2} tested=3200/4502 | kept=307 | rest=5938
[TEST] {28} tested=200/282 | kept=41 | rest=5899
[TEST] {2} tested=3300/4502 | kept=307 | rest=5734
[TEST] {3} tested=2400/4502 | kept=103 | rest=5672
[TEST] {2} tested=3400/4502 | kept=307 | rest=5518
[TEST] {27} tested=282/282 | kept=52 | rest=5486
[WARN] batch start failed | size=280 {29} | split=70 {50} + 70 {51} + 70 {52} + 70 {53}
[TEST] {2} tested=3500/4502 | kept=320 | rest=5383
[TEST] {3} tested=2500/4502 | kept=104 | rest=5372
[TEST] {30} tested=100/281 | kept=99 | rest=5249
[TEST] {30} tested=200/281 | kept=199 | rest=5124
[TEST] {28} tested=282/282 | kept=55 | rest=4961
[TEST] {2} tested=3600/4502 | kept=366 | rest=4948
[TEST] {31} tested=100/281 | kept=99 | rest=4819
[TEST] {31} tested=200/281 | kept=197 | rest=4667
[TEST] {3} tested=2600/4502 | kept=104 | rest=4599
[TEST] {3} tested=2700/4502 | kept=104 | rest=4458
[TEST] {30} tested=281/281 | kept=262 | rest=4401
[WARN] batch start failed | size=281 {32} | split=71 {54} + 71 {55} + 71 {56} + 68 {57}
[TEST] {2} tested=3700/4502 | kept=371 | rest=4364
[TEST] {33} tested=100/281 | kept=80 | rest=4242
[TEST] {33} tested=200/281 | kept=172 | rest=4095
[TEST] {31} tested=281/281 | kept=243 | rest=4008
[TEST] {3} tested=2800/4502 | kept=104 | rest=3947
[TEST] {3} tested=2900/4502 | kept=104 | rest=3799
[TEST] {2} tested=3800/4502 | kept=371 | rest=3717
[TEST] {33} tested=281/281 | kept=225 | rest=3671
[WARN] batch start failed | size=71 {34} | split=18 {58} + 18 {59} + 18 {60} + 17 {61}
[TEST] {35} tested=71/71 | kept=4 | rest=3482
[TEST] {3} tested=3000/4502 | kept=104 | rest=3477
[TEST] {2} tested=3900/4502 | kept=371 | rest=3410
[TEST] {3} tested=3100/4502 | kept=104 | rest=3302
[TEST] {37} tested=69/69 | kept=20 | rest=3186
[WARN] batch start failed | size=70 {38} | split=18 {62} + 18 {63} + 18 {64} + 16 {65}
[TEST] {36} tested=71/71 | kept=6 | rest=3030
[TEST] {2} tested=4000/4502 | kept=371 | rest=3017
[TEST] {3} tested=3200/4502 | kept=105 | rest=2934
[TEST] {2} tested=4100/4502 | kept=371 | rest=2769
[TEST] {41} tested=70/70 | kept=62 | rest=2740
[WARN] batch start failed | size=70 {39} | split=18 {66} + 18 {67} + 18 {68} + 16 {69}
[TEST] {3} tested=3300/4502 | kept=105 | rest=2700
[TEST] {40} tested=70/70 | kept=64 | rest=2662
[TEST] {2} tested=4200/4502 | kept=371 | rest=2506
[TEST] {3} tested=3400/4502 | kept=106 | rest=2442
[TEST] {43} tested=18/18 | kept=5 | rest=2358
[TEST] {42} tested=18/18 | kept=3 | rest=2288
[TEST] {3} tested=3500/4502 | kept=107 | rest=2275
[TEST] {2} tested=4300/4502 | kept=371 | rest=2273
[TEST] {44} tested=18/18 | kept=17 | rest=2261
[WARN] batch start failed | size=15 {45} | split=4 {70} + 4 {71} + 4 {72} + 3 {73}
[TEST] {3} tested=3600/4502 | kept=108 | rest=2095
[TEST] {70} tested=4/4 | kept=4 | rest=2049
[WARN] batch start failed | size=71 {47} | split=18 {74} + 18 {75} + 18 {76} + 17 {77}
[TEST] {3} tested=3700/4502 | kept=108 | rest=1845
[TEST] {2} tested=4400/4502 | kept=372 | rest=1797
[TEST] {3} tested=3800/4502 | kept=108 | rest=1706
[TEST] {48} tested=71/71 | kept=40 | rest=1643
[TEST] {3} tested=3900/4502 | kept=108 | rest=1580
[TEST] {49} tested=69/69 | kept=38 | rest=1484
[TEST] {2} tested=4500/4502 | kept=372 | rest=1372
[TEST] {2} tested=4502/4502 | kept=372 | rest=1370
[WARN] batch start failed | size=70 {52} | split=18 {78} + 18 {79} + 18 {80} + 16 {81}
[TEST] {3} tested=4000/4502 | kept=108 | rest=1324
[TEST] {3} tested=4100/4502 | kept=108 | rest=1210
[TEST] {3} tested=4200/4502 | kept=108 | rest=1101
[TEST] {50} tested=70/70 | kept=22 | rest=1064
[TEST] {3} tested=4300/4502 | kept=108 | rest=984
[TEST] {3} tested=4400/4502 | kept=108 | rest=856
[TEST] {51} tested=70/70 | kept=6 | rest=783
[TEST] {53} tested=70/70 | kept=1 | rest=683
[TEST] {55} tested=71/71 | kept=19 | rest=554
[TEST] {3} tested=4500/4502 | kept=108 | rest=550
[TEST] {3} tested=4502/4502 | kept=108 | rest=548
[WARN] batch start failed | size=71 {56} | split=18 {82} + 18 {83} + 18 {84} + 17 {85}
[TEST] {54} tested=71/71 | kept=57 | rest=510
[WARN] batch start failed | size=18 {60} | split=5 {86} + 5 {87} + 5 {88} + 3 {89}
[TEST] {57} tested=68/68 | kept=2 | rest=468
[TEST] {59} tested=18/18 | kept=0 | rest=453
[TEST] {58} tested=18/18 | kept=0 | rest=448
[TEST] {61} tested=17/17 | kept=2 | rest=428
[WARN] batch start failed | size=16 {65} | split=4 {90} + 4 {91} + 4 {92} + 4 {93}
[WARN] batch start failed | size=18 {66} | split=5 {94} + 5 {95} + 5 {96} + 3 {97}
[TEST] {63} tested=18/18 | kept=5 | rest=413
[TEST] {62} tested=18/18 | kept=1 | rest=380
[WARN] batch start failed | size=16 {69} | split=4 {98} + 4 {99} + 4 {100} + 4 {101}
[TEST] {67} tested=18/18 | kept=0 | rest=329
[TEST] {68} tested=18/18 | kept=0 | rest=325
[TEST] {64} tested=18/18 | kept=3 | rest=324
[WARN] batch start failed | size=4 {71} | split=1 {102} + 1 {103} + 1 {104} + 1 {105}
[TEST] {73} tested=3/3 | kept=3 | rest=320
[WARN] batch start failed | size=18 {74} | split=5 {106} + 5 {107} + 5 {108} + 3 {109}
[TEST] {72} tested=4/4 | kept=4 | rest=316
[TEST] {77} tested=17/17 | kept=11 | rest=285
[TEST] {46} tested=71/71 | kept=4 | rest=246
[TEST] {75} tested=18/18 | kept=1 | rest=227
[TEST] {76} tested=18/18 | kept=10 | rest=223
[WARN] batch start failed | size=18 {80} | split=5 {110} + 5 {111} + 5 {112} + 3 {113}
[WARN] batch start failed | size=18 {82} | split=5 {114} + 5 {115} + 5 {116} + 3 {117}
[TEST] {78} tested=18/18 | kept=0 | rest=197
[TEST] {79} tested=18/18 | kept=0 | rest=172
[TEST] {81} tested=16/16 | kept=0 | rest=148
[WARN] batch start failed | size=5 {87} | split=1 {118} + 1 {119} + 1 {120} + 1 {121} + 1 {122}
[TEST] {83} tested=18/18 | kept=9 | rest=140
[TEST] {84} tested=18/18 | kept=11 | rest=132
[TEST] {89} tested=3/3 | kept=2 | rest=127
[TEST] {85} tested=17/17 | kept=4 | rest=113
[TEST] {90} tested=4/4 | kept=3 | rest=110
[WARN] batch start failed | size=4 {92} | split=1 {123} + 1 {124} + 1 {125} + 1 {126}
[WARN] batch start failed | size=4 {93} | split=1 {127} + 1 {128} + 1 {129} + 1 {130}
[WARN] batch start failed | size=5 {94} | split=1 {131} + 1 {132} + 1 {133} + 1 {134} + 1 {135}
[WARN] batch start failed | size=5 {95} | split=1 {136} + 1 {137} + 1 {138} + 1 {139} + 1 {140}
[TEST] {86} tested=5/5 | kept=0 | rest=106
[TEST] {88} tested=5/5 | kept=4 | rest=105
[WARN] batch start failed | size=4 {101} | split=1 {141} + 1 {142} + 1 {143} + 1 {144}
[TEST] {91} tested=4/4 | kept=3 | rest=101
[TEST] {97} tested=3/3 | kept=0 | rest=97
[WARN] batch start failed | size=4 {100} | split=1 {145} + 1 {146} + 1 {147} + 1 {148}
[DROP] name=[Pawdroid-SR-APK] 沙特阿拉伯+Arabic+Computer+System+Co.-2 {103} | server=85.209.157.184:8388 | reason=Parse config error: proxy 0: ss 85.209.157.184:8388 cipher: mnv{v]ʉ \t>\x0f\x18\t,y initialize error: unknown method: mnv{v]ʉ \t>\x0f\x18\t,y
[TEST] {102} tested=1/1 | kept=1 | rest=95
[TEST] {96} tested=5/5 | kept=0 | rest=90
[TEST] {98} tested=4/4 | kept=0 | rest=89
[TEST] {104} tested=1/1 | kept=1 | rest=88
[TEST] {105} tested=1/1 | kept=1 | rest=87
[WARN] batch start failed | size=5 {107} | split=1 {149} + 1 {150} + 1 {151} + 1 {152} + 1 {153}
[TEST] {99} tested=4/4 | kept=0 | rest=79
[TEST] {106} tested=5/5 | kept=0 | rest=78
[WARN] batch start failed | size=5 {111} | split=1 {154} + 1 {155} + 1 {156} + 1 {157} + 1 {158}
[TEST] {109} tested=3/3 | kept=0 | rest=76
[TEST] {108} tested=5/5 | kept=0 | rest=72
[WARN] batch start failed | size=5 {112} | split=1 {159} + 1 {160} + 1 {161} + 1 {162} + 1 {163}
[TEST] {114} tested=5/5 | kept=0 | rest=63
[TEST] {110} tested=5/5 | kept=0 | rest=57
[WARN] batch start failed | size=3 {117} | split=1 {164} + 1 {165} + 1 {166}
[TEST] {113} tested=3/3 | kept=0 | rest=54
[TEST] {115} tested=5/5 | kept=2 | rest=53
[REPAIR] name=[免费节点11] 🇩🇪DE_3|2.5MB/s {121} | fields=up,down
[REPAIR] name=[免费节点11] 🇩🇪DE_1|2.2MB/s {119} | fields=up,down
[TEST] {122} tested=1/1 | kept=0 | rest=52
[TEST] {119} tested=1/1 | kept=0 | rest=51
[TEST] {116} tested=5/5 | kept=1 | rest=47
[TEST] {121} tested=1/1 | kept=0 | rest=46
[REPAIR] name=[ChromeGO-ShiteThings] hysteria-2 {125} | fields=up,down
[REPAIR] name=[ChromeGO-ShiteThings] hysteria {124} | fields=up,down
[REPAIR] name=[ChromeGO-ShiteThings] hysteria-3 {126} | fields=up,down
[TEST] {124} tested=1/1 | kept=0 | rest=45
[REPAIR] name=[ChromeGO-Merge] United-4 {130} | fields=up,down
[TEST] {125} tested=1/1 | kept=0 | rest=44
[TEST] {123} tested=1/1 | kept=0 | rest=43
[TEST] {118} tested=1/1 | kept=0 | rest=42
[TEST] {128} tested=1/1 | kept=0 | rest=41
[REPAIR] name=[ChromeGO-Merge] United-5 {132} | fields=up,down
[TEST] {120} tested=1/1 | kept=0 | rest=40
[TEST] {126} tested=1/1 | kept=0 | rest=39
[TEST] {127} tested=1/1 | kept=0 | rest=38
[TEST] {130} tested=1/1 | kept=0 | rest=37
[REPAIR] name=[ChromeGO-Merge] France_hysteria_1 {131} | fields=up,down
[TEST] {135} tested=1/1 | kept=0 | rest=36
[TEST] {129} tested=1/1 | kept=0 | rest=35
[TEST] {133} tested=1/1 | kept=0 | rest=34
[TEST] {132} tested=1/1 | kept=0 | rest=33
[REPAIR] name=[ChromeGO-Merge] WARP {138} | fields=dialer-proxy
[TEST] {136} tested=1/1 | kept=0 | rest=32
[TEST] {137} tested=1/1 | kept=0 | rest=31
[REPAIR] name=[ChromeGO-Merge] Taiwan-2 {141} | fields=up,down
[REPAIR] name=[ChromeGO-Merge] United-10 {142} | fields=up,down
[TEST] {141} tested=1/1 | kept=0 | rest=30
[TEST] {143} tested=1/1 | kept=0 | rest=29
[TEST] {144} tested=1/1 | kept=0 | rest=28
[TEST] {131} tested=1/1 | kept=0 | rest=27
[TEST] {134} tested=1/1 | kept=0 | rest=26
[REPAIR] name=[ChromeGO-Merge] Taiwan {146} | fields=up,down
[REPAIR] name=[ChromeGO-Merge] United-9 {148} | fields=up,down
[TEST] {146} tested=1/1 | kept=0 | rest=25
[REPAIR] name=[ChromeGO-Merge] France {147} | fields=up,down
[TEST] {138} tested=1/1 | kept=0 | rest=24
[TEST] {139} tested=1/1 | kept=0 | rest=23
[TEST] {149} tested=1/1 | kept=0 | rest=22
[REPAIR] name=[Pawdroid-SS-APK] United+Kingdom-2 {150} | fields=cipher
[TEST] {140} tested=1/1 | kept=0 | rest=21
[TEST] {151} tested=1/1 | kept=0 | rest=20
[TEST] {142} tested=1/1 | kept=0 | rest=19
[TEST] {154} tested=1/1 | kept=1 | rest=18
[TEST] {156} tested=1/1 | kept=0 | rest=17
[TEST] {145} tested=1/1 | kept=0 | rest=16
[TEST] {150} tested=1/1 | kept=1 | rest=15
[TEST] {148} tested=1/1 | kept=0 | rest=14
[TEST] {147} tested=1/1 | kept=0 | rest=13
[TEST] {152} tested=1/1 | kept=0 | rest=12
[TEST] {153} tested=1/1 | kept=0 | rest=11
[REPAIR] name=[Epodonios] EPODONIOS-108 {158} | fields=cipher
[REPAIR] name=[Epodonios] EPODONIOS-109 {159} | fields=cipher
[TEST] {160} tested=1/1 | kept=1 | rest=10
[TEST] {162} tested=1/1 | kept=1 | rest=9
[TEST] {159} tested=1/1 | kept=1 | rest=8
[TEST] {157} tested=1/1 | kept=0 | rest=7
[TEST] {163} tested=1/1 | kept=1 | rest=6
[REPAIR] name=[Free-clash-v2ray] hysteria {164} | fields=up,down
[TEST] {164} tested=1/1 | kept=0 | rest=5
[TEST] {155} tested=1/1 | kept=0 | rest=4
[TEST] {165} tested=1/1 | kept=1 | rest=3
[TEST] {166} tested=1/1 | kept=1 | rest=2
[TEST] {158} tested=1/1 | kept=0 | rest=1
[TEST] {161} tested=1/1 | kept=0 | rest=0
[INFO] dropped=2 | [ChromeGO-Toolkit] × 1 | [Pawdroid-SR-APK] × 1
============================================================
[INFO] cap live | source=[免费节点2] | from=122 | to=50
[INFO] cap live | source=[免费节点8] | from=158 | to=50
[INFO] cap live | source=[Pawdroid-SR-APK] | from=1079 | to=50
[INFO] cap live | source=[Pawdroid-SS-APK] | from=203 | to=50
[INFO] cap live | source=[Epodonios] | from=162 | to=50
[INFO] cap live | source=[Free-clash-v2ray] | from=1579 | to=50
[INFO] cap live | source=[V2rayclashfree-RSS] | from=225 | to=50
[INFO] cap live total | from=643 | to=400 | floor=5 | by=health_score
[INFO] cap live | reserved=113 | pool=530 | taken=287
[INFO] cap live | source=[Pawdroid] | from=9 | to=6
[INFO] cap live | source=[Yoyapai-RSS] | from=30 | to=18
[INFO] cap live | source=[NekoWarp] | from=10 | to=5
[INFO] cap live | source=[免费节点1] | from=42 | to=9
[INFO] cap live | source=[Mibei77-RSS] | from=19 | to=5
[INFO] cap live | source=[免费节点2] | from=50 | to=7
[INFO] cap live | source=[免费节点3] | from=14 | to=5
[INFO] cap live | source=[免费节点4] | from=40 | to=5
[INFO] cap live | source=[免费节点10] | from=20 | to=5
[INFO] cap live | source=[免费节点11] | from=44 | to=14
[INFO] cap live | source=[ChromeGO-ShiteThings] | from=7 | to=5
[INFO] cap live | source=[1VPN-CRX] | from=16 | to=5
[INFO] cap live | source=[Clashfree] | from=24 | to=5
[INFO] cap live | source=[Epodonios] | from=50 | to=45
[INFO] cap live | source=[V2rayclashfree-RSS] | from=50 | to=43
[INFO] geo tally | live=400 | HK=40 | JP=73 | KR=41 | TW=11 | SG=8 | US=71 | GB=4 | FR=30 | DE=3 | NL=9 | CA=6 | other=104
[INFO] score summary | n=400 | max=357.2346 | p90=125.0892 | p50=80.7114 | avg=82.4206 | min=-3.2726 | geo_avg=30.2721 | adj_avg=+5.8368
============================================================
+------------------------------+--------+--------+------+--------+
| source                       |    raw | unique | live | capped |
+------------------------------+--------+--------+------+--------+
| [大FQ运动]                   |     18 |     18 |    5 |      5 |
+------------------------------+--------+--------+------+--------+
| [Pawdroid]                   |     22 |     21 |    9 |      6 |
+------------------------------+--------+--------+------+--------+
| [FreeV2-Base64]              |      3 |      3 |    3 |      3 |
+------------------------------+--------+--------+------+--------+
| [Bocchi2b-Base64]            |     35 |     35 |    0 |      0 |
+------------------------------+--------+--------+------+--------+
| [Freesocks]                  |      4 |      4 |    3 |      3 |
+------------------------------+--------+--------+------+--------+
| [NekoWarp]                   |     10 |     10 |   10 |      5 |
+------------------------------+--------+--------+------+--------+
| [OpenRunner-RSS]             |     14 |     14 |    1 |      1 |
+------------------------------+--------+--------+------+--------+
| [V2Rayshare-RSS]             |     22 |     22 |    2 |      2 |
+------------------------------+--------+--------+------+--------+
| [Mibei77-RSS]                |    116 |    108 |   19 |      5 |
+------------------------------+--------+--------+------+--------+
| [Yoyapai-RSS]                |    232 |    203 |   30 |     18 |
+------------------------------+--------+--------+------+--------+
| [免费节点1]                  |    325 |    224 |   42 |      9 |
+------------------------------+--------+--------+------+--------+
| [免费节点2]                  |    362 |    308 |  122 |      7 |
+------------------------------+--------+--------+------+--------+
| [免费节点3]                  |     30 |     14 |   14 |      5 |
+------------------------------+--------+--------+------+--------+
| [免费节点4]                  |    840 |    716 |   40 |      5 |
+------------------------------+--------+--------+------+--------+
| [免费节点5]                  |     29 |     28 |    0 |      0 |
+------------------------------+--------+--------+------+--------+
| [免费节点6]                  |    566 |    553 |    2 |      2 |
+------------------------------+--------+--------+------+--------+
| [免费节点7]                  |     66 |      0 |    0 |      0 |
+------------------------------+--------+--------+------+--------+
| [免费节点8]                  |   4240 |   3794 |  158 |     50 |
+------------------------------+--------+--------+------+--------+
| [免费节点9]                  |    615 |    453 |    0 |      0 |
+------------------------------+--------+--------+------+--------+
| [免费节点10]                 |   4455 |   3080 |   20 |      5 |
+------------------------------+--------+--------+------+--------+
| [免费节点11]                 |    463 |    267 |   44 |     14 |
+------------------------------+--------+--------+------+--------+
| [ChromeGO-Toolkit]           |     20 |     18 |    2 |      2 |
+------------------------------+--------+--------+------+--------+
| [ChromeGO-ShiteThings]       |     31 |     23 |    7 |      5 |
+------------------------------+--------+--------+------+--------+
| [ChromeGO-Merge]             |    112 |     74 |    0 |      0 |
+------------------------------+--------+--------+------+--------+
| [Pawdroid-SR-APK]            |   1586 |   1236 | 1079 |     50 |
+------------------------------+--------+--------+------+--------+
| [Pawdroid-SS-APK]            |   1496 |    844 |  203 |     50 |
+------------------------------+--------+--------+------+--------+
| [1VPN-CRX]                   |     17 |     17 |   16 |      5 |
+------------------------------+--------+--------+------+--------+
| [Clashfree]                  |    234 |     93 |   24 |      5 |
+------------------------------+--------+--------+------+--------+
| [Epodonios]                  |   4674 |   3675 |  162 |     45 |
+------------------------------+--------+--------+------+--------+
| [Free-clash-v2ray]           |   3521 |   1868 | 1579 |     50 |
+------------------------------+--------+--------+------+--------+
| [V2rayclashfree-RSS]         |   1712 |    285 |  225 |     43 |
+------------------------------+--------+--------+------+--------+
============================================================
[INFO] clash history written | path=/home/runner/work/Free-node-autotest/Free-node-autotest/history/797390699894-clash-0105-20260930.yaml
[SUMMARY] total_nodes=25870
[SUMMARY] legal_candidates=18008
[SUMMARY] passed_latency_test=400
[SUMMARY] region_HK=40 | region_JP=73 | region_US=80
[SUMMARY] avg_latency_ms=348.32
[SUMMARY] output=/home/runner/work/Free-node-autotest/Free-node-autotest/output/clash.yaml
============================================================
[INFO] raw backup written | path=/home/runner/work/Free-node-autotest/Free-node-autotest/output/raw.yaml | history=797390699894-raw-0105-20260930.yaml | proxies=25872
[INFO] debug history written | path=/home/runner/work/Free-node-autotest/Free-node-autotest/history/797390699894-debug-0105-20260930.log | proxies=25872
