============================================================
[INFO] sublink try page: https://end-gfw.com
[OK] proxies=2 new=2 url=https://raw.githubusercontent.com/hello-world-1989/cn-news/refs/heads/main/clash.yaml
[OK] proxies=2 new=0 url=https://raw.githubusercontent.com/hello-world-1989/cn-news/main/end-gfw-together
[OK] proxies=2 new=2 url=https://raw.githubusercontent.com/hello-world-1989/cn-news/main/end-gfw-together-ss
[INFO] source try url: https://end-gfw.com/ss-key
[OK] proxies=4 new=4 url=https://end-gfw.com/ss-key
[INFO] sublink try repo: https://github.com/hello-world-1989/cn-news
[INFO] sublink try page: https://raw.githubusercontent.com/hello-world-1989/cn-news/main/README.md
[OK] proxies=6 new=6 url=https://raw.githubusercontent.com/hello-world-1989/v2-sub/main/end-gfw-together-af3e13
[OK] proxies=14 source=[大FQ运动] url=https://raw.githubusercontent.com/hello-world-1989/cn-news/main/README.md
============================================================
[INFO] sublink try repo: https://github.com/Pawdroid/Free-servers
[INFO] sublink try page: https://raw.githubusercontent.com/Pawdroid/Free-servers/main/README.md
[OK] proxies=12 new=12 url=https://raw.githubusercontent.com/Pawdroid/Free-servers/main/README.md
[OK] proxies=11 new=6 url=https://raw.githubusercontent.com/Pawdroid/Free-servers/main/sub
[OK] proxies=1 new=1 url=https://apps.apple.com/cn/app/shadowshare/id1612647259
[OK] proxies=19 source=[Pawdroid] url=https://raw.githubusercontent.com/Pawdroid/Free-servers/main/README.md
============================================================
[INFO] source try url: https://xmxosfepggzm.503403.xyz
[OK] proxies=3 new=3 url=https://xmxosfepggzm.503403.xyz
[OK] proxies=3 source=[FreeV2-Base64] url=https://xmxosfepggzm.503403.xyz
============================================================
[INFO] source try url: https://links.bocchi2b.top/clash
[OK] proxies=35 new=35 url=https://links.bocchi2b.top/clash
[OK] proxies=35 source=[Bocchi2b-Base64] url=https://links.bocchi2b.top/clash
============================================================
[INFO] toolkit try repo: https://github.com/bannedbook/fanqiang
[INFO] toolkit try release: https://github.com/bannedbook/fanqiang/releases
[INFO] toolkit try release: https://github.com/bannedbook/fanqiang/releases/expanded_assets/ChromeGo-latest
[INFO] toolkit try download: https://github.com/bannedbook/fanqiang/releases/download/ChromeGo-latest/ChromeGo.7z
[OK] toolkit downloaded: ChromeGo.7z bytes=100924352
[OK] toolkit extracted archive=ChromeGo.7z tool=7z files=222 dirs=45
[OK] toolkit discovered subs=107 embedded=12 archive=ChromeGo.7z
[OK] proxies=6 new=6 embedded=archive-config
[OK] proxies=7 new=5 url=https://gitlab.com/free9999/ipupdate/master/backup/img/1/2/{ipp|ip}/{hysteria2|singbox|naiveproxy|hysteria|xray}/{2|3|1|4}/config.json
[OK] proxies=7 new=0 url=https://www.67867867.xyz/Alvin9999/PAC/refs/heads/master/backup/img/1/2/{ipp|ip}/{hysteria2|singbox|naiveproxy|hysteria|xray}/{2|3|1|4}/config.json
[OK] proxies=3 new=3 url=https://gitlab.com/free9999/ipupdate/master/backup/img/1/2/{ipp|ip}/clash.meta2/{2|3|1|5|4|6}/config.yaml
[OK] proxies=3 new=0 url=https://www.67867867.xyz/Alvin9999/PAC/refs/heads/master/backup/img/1/2/{ipp|ip}/clash.meta2/{2|3|1|5|4|6}/config.yaml
[OK] proxies=14 source=[ChromeGO-Toolkit] url=https://github.com/bannedbook/fanqiang/releases/download/ChromeGo-latest/ChromeGo.7z
============================================================
[INFO] sublink try repo: https://github.com/ShiteThings/extractNodes
[INFO] sublink try page: https://raw.githubusercontent.com/ShiteThings/extractNodes/main/README.md
[OK] proxies=31 new=30 url=https://{chg26.makou.cc.cd|chg64.makou.cc.cd}
[OK] proxies=26 new=1 url=https://chg26.makou.cc.cd/sb
[OK] proxies=31 source=[ChromeGO-ShiteThings] url=https://raw.githubusercontent.com/ShiteThings/extractNodes/main/README.md
============================================================
[INFO] sublink try repo: https://github.com/shangui999/chromego_merge
[INFO] sublink try page: https://raw.githubusercontent.com/shangui999/chromego_merge/master/ReadMe.md
[OK] proxies=10 new=10 url=https://freedman.netlify.app/sub/merged_proxies_new.yaml
[OK] proxies=11 new=1 url=https://freedman.netlify.app/sub/merged_warp_proxies_new.yaml
[OK] proxies=11 new=6 url=https://freedman.netlify.app/sub/shadowrocket_base64.txt
[OK] proxies=16 new=16 url=https://freedman.netlify.app/sub/sb.json
[INFO] sublink try repo: https://github.com/yaney01/chromego
[INFO] sublink try page: https://raw.githubusercontent.com/yaney01/chromego/main/ReadMe.md
[OK] proxies=50 new=46 url=https://raw.githubusercontent.com/yaney01/chromego/main/sub/merged_proxies_new.yaml
[OK] proxies=51 new=0 url=https://raw.githubusercontent.com/yaney01/chromego/main/sub/merged_warp_proxies_new.yaml
[OK] proxies=13 new=7 url=https://raw.githubusercontent.com/yaney01/chromego/main/sub/shadowrocket_base64.txt
[OK] proxies=13 new=0 url=https://raw.githubusercontent.com/yaney01/chromego/main/sub/sb.json
[INFO] sublink try repo: https://github.com/Misaka-blog/chromego_merge
[INFO] sublink try page: https://raw.githubusercontent.com/Misaka-blog/chromego_merge/main/README.md
[OK] proxies=30 new=30 url=https://chromego-sub.netlify.app/sub/merged_proxies_new.yaml
[OK] proxies=116 source=[ChromeGO-Merge] url=https://raw.githubusercontent.com/Misaka-blog/chromego_merge/main/README.md
============================================================
[INFO] source try url: https://freesocks.org/api/v1/sub/02b897e8e77f19176b0b9f2c75864b00
[OK] proxies=3 new=3 url=https://freesocks.org/api/v1/sub/02b897e8e77f19176b0b9f2c75864b00
[OK] proxies=3 source=[Freesocks] url=https://freesocks.org/api/v1/sub/02b897e8e77f19176b0b9f2c75864b00
============================================================
[INFO] source try url: https://neko-warp.nloli.xyz/neko_warp.yaml
[OK] proxies=10 new=10 url=https://neko-warp.nloli.xyz/neko_warp.yaml
[OK] proxies=10 source=[NekoWarp] url=https://neko-warp.nloli.xyz/neko_warp.yaml
============================================================
[INFO] article try feed: https://free.datiya.com/index.xml
[INFO] sublink try page: https://free.datiya.com/post/20260914/
[OK] proxies=14 new=14 url=https://free.datiya.com/uploads/20260914-clash.yaml
[OK] proxies=14 source=[OpenRunner-RSS] url=https://free.datiya.com/post/20260914/
============================================================
[INFO] article try feed: https://v2rayshare.com/feed
[INFO] sublink try page: https://v2rayshare.net/p/5065.html
[OK] proxies=27 new=27 url=https://static.v2rayshare.net/2026/09/20260915.txt
[OK] proxies=27 new=0 url=https://static.v2rayshare.net/2026/09/20260915.yaml
[OK] proxies=27 new=0 url=https://static.v2rayshare.net/2026/09/m20260915.yaml
[INFO] sublink try repo: https://github.com/firefoxmmx2/v2rayshare_subcription
[INFO] sublink try page: https://raw.githubusercontent.com/firefoxmmx2/v2rayshare_subcription/main/README.md
[OK] proxies=27 new=0 url=https://{raw.githubusercontent.com|cdn.jsdelivr.net}/firefoxmmx2/v2rayshare_subcription/main/subscription/vray_sub.txt
[OK] proxies=27 new=0 url=https://{raw.githubusercontent.com|cdn.jsdelivr.net}/firefoxmmx2/v2rayshare_subcription/main/subscription/clash_sub.yaml
[OK] proxies=27 new=0 url=https://{raw.githubusercontent.com|cdn.jsdelivr.net}/firefoxmmx2/v2rayshare_subcription/main/subscription/mihomo_sub.yaml
[OK] proxies=27 source=[V2Rayshare-RSS] url=https://raw.githubusercontent.com/firefoxmmx2/v2rayshare_subcription/main/README.md
============================================================
[INFO] article try feed: https://www.mibei77.com/feed
[INFO] sublink try page: https://www.mibei77.com/671.html
[OK] proxies=121 new=121 url=https://mm.mibei77.com/202609/09.1564bavfg.txt
[OK] proxies=119 new=0 url=https://mm.mibei77.com/202609/0915Clashimc.yaml
[OK] proxies=121 source=[Mibei77-RSS] url=https://www.mibei77.com/671.html
============================================================
[INFO] article try feed: https://yoyapai.com/feed
[INFO] sublink try page: https://yoyapai.com/718
[OK] proxies=1 new=1 url=https://yoyapai.com/718
[OK] proxies=211 new=211 url=https://freenode.yoyapai.com/2026/09/15-yoyapai.com-clash-vpn-mianfeijiedian.yaml
[OK] proxies=211 new=0 url=https://freenode.yoyapai.com/2026/09/15-yoyapai.com-ssrv2ray-vpn-mianfeijiedian.txt
[OK] proxies=212 source=[Yoyapai-RSS] url=https://yoyapai.com/718
============================================================
[INFO] sublink try repo: https://github.com/free18/v2ray
[INFO] sublink try page: https://raw.githubusercontent.com/free18/v2ray/main/README.md
[OK] proxies=3 new=3 url=https://raw.githubusercontent.com/free18/v2ray/main/README.md
[OK] proxies=358 new=358 url=https://ghfast.top/https://raw.githubusercontent.com/free18/v2ray/refs/heads/main/v.txt
[OK] proxies=358 new=0 url=https://ghfast.top/https://raw.githubusercontent.com/free18/v2ray/refs/heads/main/c.yaml
[OK] proxies=361 source=[免费节点1] url=https://raw.githubusercontent.com/free18/v2ray/main/README.md
============================================================
[INFO] sublink try repo: https://github.com/ermaozi/get_subscribe
[INFO] sublink try page: https://raw.githubusercontent.com/ermaozi/get_subscribe/main/README.md
[INFO] sublink file_nodes=0 bare links=9
[OK] proxies=403 new=403 url=https://www.ermao.net/sub/{clash|v2ray}/ermao.net
[OK] proxies=403 new=0 url=https://www.ermao.net/sub/{reachable|unreachable|untested}/clash/ermao.net
[OK] proxies=403 source=[免费节点2] url=https://raw.githubusercontent.com/ermaozi/get_subscribe/main/README.md
============================================================
[INFO] sublink try repo: https://github.com/sunmiao4458/free-proxy-airport
[INFO] sublink try page: https://raw.githubusercontent.com/sunmiao4458/free-proxy-airport/main/README.md
[OK] proxies=32 new=32 url=https://sunmiao4458.github.io/free-proxy-airport/clash.yaml
[OK] proxies=32 source=[免费节点3] url=https://raw.githubusercontent.com/sunmiao4458/free-proxy-airport/main/README.md
============================================================
[INFO] sublink try repo: https://github.com/mfuu/FreeProxies
[INFO] sublink try page: https://raw.githubusercontent.com/mfuu/FreeProxies/master/README.md
[OK] proxies=781 new=781 url=https://raw.githubusercontent.com/mfuu/FreeProxies/master/sub.yaml
[OK] proxies=781 source=[免费节点4] url=https://raw.githubusercontent.com/mfuu/FreeProxies/master/README.md
============================================================
[INFO] sublink try repo: https://github.com/vxiaov/free_proxies
[INFO] sublink try page: https://raw.githubusercontent.com/vxiaov/free_proxies/main/README.md
[OK] proxies=1 new=1 url=https://raw.githubusercontent.com/vxiaov/free_proxies/main/README.md
[OK] proxies=28 new=28 url=https://{cdn.jsdelivr.net|raw.githubusercontent.com}/vxiaov/free_proxies/main/clash/clash.provider.yaml
[OK] proxies=29 source=[免费节点5] url=https://raw.githubusercontent.com/vxiaov/free_proxies/main/README.md
============================================================
[INFO] sublink try repo: https://github.com/anaer/Sub
[INFO] sublink try page: https://raw.githubusercontent.com/anaer/Sub/main/README.MD
[OK] proxies=647 new=647 url=https://anaer.github.io/Sub/clash.yaml
[OK] proxies=647 new=0 url=https://raw.githubusercontent.com/anaer/Sub/main/clash.yaml
[OK] proxies=647 source=[免费节点6] url=https://raw.githubusercontent.com/anaer/Sub/main/README.MD
============================================================
[INFO] sublink try repo: https://github.com/snakem982/proxypool
[INFO] sublink try page: https://raw.githubusercontent.com/snakem982/proxypool/main/README.md
[OK] proxies=64 new=64 url=https://raw.githubusercontent.com/snakem982/proxypool/main/source/clash-meta-2.yaml
[OK] proxies=64 new=0 url=https://raw.githubusercontent.com/snakem982/proxypool/main/source/v2ray-2.txt
[OK] proxies=62 new=0 url=https://raw.githubusercontent.com/snakem982/proxypool/main/source/sing-box-2.json
[OK] proxies=64 source=[免费节点7] url=https://raw.githubusercontent.com/snakem982/proxypool/main/README.md
============================================================
[INFO] sublink try repo: https://github.com/mahdibland/V2RayAggregator
[INFO] sublink try page: https://raw.githubusercontent.com/mahdibland/V2RayAggregator/master/README.md
[OK] proxies=374 new=374 url=https://raw.githubusercontent.com/mahdibland/V2RayAggregator/master/README.md
[OK] proxies=1 new=1 url=https://github.com/mahdibland/SSAggregator/actions/workflows/Collector.yml
[OK] proxies=1 new=0 url=https://github.com/mahdibland/SSAggregator/actions/workflows/Airport_Collector.yml
[OK] proxies=192 new=0 url=https://raw.githubusercontent.com/mahdibland/ShadowsocksAggregator/master/Eternity.txt
[OK] proxies=193 new=1 url=https://raw.githubusercontent.com/mahdibland/ShadowsocksAggregator/master/Eternity.yml
[OK] proxies=61 new=61 url=https://raw.githubusercontent.com/mahdibland/ShadowsocksAggregator/master/EternityAir.txt
[OK] proxies=3844 new=3564 url=https://raw.githubusercontent.com/mahdibland/SSAggregator/master/sub/sub_merge_base64.txt
[OK] proxies=3844 new=0 url=https://raw.githubusercontent.com/mahdibland/{SSAggregator|ShadowsocksAggregator}/master/sub/sub_merge.txt
[OK] proxies=4021 new=178 url=https://raw.githubusercontent.com/mahdibland/SSAggregator/master/sub/sub_merge_yaml.yml
[OK] proxies=61 new=0 url=https://raw.githubusercontent.com/mahdibland/SSAggregator/master/sub/airport_merge_base64.txt
[OK] proxies=61 new=0 url=https://raw.githubusercontent.com/mahdibland/SSAggregator/master/sub/airport_sub_merge.txt
[OK] proxies=1363 new=0 url=https://raw.githubusercontent.com/mahdibland/ShadowsocksAggregator/master/sub/splitted/vmess.txt
[OK] proxies=617 new=0 url=https://raw.githubusercontent.com/mahdibland/ShadowsocksAggregator/master/sub/splitted/trojan.txt
[OK] proxies=43 new=0 url=https://raw.githubusercontent.com/mahdibland/ShadowsocksAggregator/master/sub/splitted/ssr.txt
[OK] proxies=1821 new=0 url=https://raw.githubusercontent.com/mahdibland/ShadowsocksAggregator/master/sub/splitted/ss.txt
[OK] proxies=1 new=0 url=https://cdn.jsdelivr.net/gh/mahdibland/V2RayAggregator@master/update/provider/provider-meta.yml
[OK] proxies=1 new=0 url=https://cdn.jsdelivr.net/gh/mahdibland/V2RayAggregator@master/update/provider/provider-meta-cn.yml
[OK] proxies=1 new=0 url=https://cdn.jsdelivr.net/gh/mahdibland/V2RayAggregator@master/update/provider/provider-meta-others.yml
[OK] proxies=1 new=0 url=https://cdn.jsdelivr.net/gh/mahdibland/V2RayAggregator@master/update/provider/provider.yml
[OK] proxies=1 new=0 url=https://cdn.jsdelivr.net/gh/mahdibland/V2RayAggregator@master/update/provider/provider-cn.yml
[OK] proxies=1 new=0 url=https://cdn.jsdelivr.net/gh/mahdibland/V2RayAggregator@master/update/provider/provider-others.yml
[OK] proxies=4179 source=[免费节点8] url=https://raw.githubusercontent.com/mahdibland/V2RayAggregator/master/README.md
============================================================
[INFO] sublink try repo: https://github.com/w1770946466/Auto_proxy
[INFO] sublink try page: https://raw.githubusercontent.com/w1770946466/Auto_proxy/main/README.md
[OK] proxies=1 new=1 url=https://github.com/w1770946466/Auto_proxy/actions/workflows/main.yml
[OK] proxies=245 new=245 url=https://raw.githubusercontent.com/w1770946466/Auto_proxy/main/{Long_term_subscription2.yaml|Long_term_subscription1.yaml|Long_term_subscription3.yaml}
[OK] proxies=489 new=54 url=https://raw.githubusercontent.com/w1770946466/Auto_proxy/main/{Long_term_subscription1|Long_term_subscription2|Long_term_subscription3|Long_term_subscription4|Long_term_subscription5|Long_term_subscription6|Long_term_subscription7|Long_term_subscription8}
[OK] proxies=489 new=315 url=https://raw.githubusercontent.com/w1770946466/Auto_proxy/main/Long_term_subscription_num
[OK] proxies=615 source=[免费节点9] url=https://raw.githubusercontent.com/w1770946466/Auto_proxy/main/README.md
============================================================
[INFO] sublink try repo: https://github.com/PuddinCat/BestClash
[INFO] sublink try page: https://raw.githubusercontent.com/PuddinCat/BestClash/main/README.md
[OK] proxies=16 new=16 url=https://raw.githubusercontent.com/PuddinCat/BestClash/main/proxies.yaml
[OK] proxies=28 new=28 url=https://cdn.jsdelivr.net/gh/vxiaov/free_proxies@main/clash/clash.provider.yaml
[OK] proxies=24 new=24 url=https://freenode.openrunner.net/uploads/20240807-clash.yaml
[OK] proxies=30 new=30 url=https://raw.githubusercontent.com/Misaka-blog/chromego_merge/main/sub/merged_proxies_new.yaml
[OK] proxies=3795 new=3766 url=https://raw.githubusercontent.com/{NiceVPN123|anaer}/{NiceVPN|Sub}/main/{Clash.yaml|clash.yaml}
[OK] proxies=24 new=0 url=https://raw.githubusercontent.com/{chengaopan|peasoft}/{AutoMergePublicNodes|NoMoreWalls}/master/list.yml
[OK] proxies=418 new=387 url=https://raw.githubusercontent.com/{ermaozi|ermaozi01}/{get_subscribe|free_clash_vpn}/main/subscribe/clash.yml
[OK] proxies=193 new=175 url=https://raw.githubusercontent.com/mahdibland/ShadowsocksAggregator/master/Eternity.yml
[OK] proxies=165 new=160 url=https://raw.githubusercontent.com/ronghuaxueleng/get_v2/main/pub/combine.yaml
[OK] proxies=144 new=3 url=https://raw.githubusercontent.com/zhangkaiitugithub/passcro/main/speednodes.yaml
[OK] proxies=4589 source=[免费节点10] url=https://raw.githubusercontent.com/PuddinCat/BestClash/main/README.md
============================================================
[INFO] sublink try repo: https://github.com/kooker/FreeSubsCheck
[INFO] sublink try page: https://raw.githubusercontent.com/kooker/FreeSubsCheck/main/README.md
[OK] proxies=2 new=2 url=https://raw.githubusercontent.com/kooker/FreeSubsCheck/main/mihomo.yaml
[OK] proxies=2 new=0 url=https://raw.githubusercontent.com/kooker/FreeSubsCheck/main/all.yaml
[OK] proxies=2 new=0 url=https://raw.githubusercontent.com/kooker/FreeSubsCheck/main/base64.txt
[OK] proxies=1 new=1 url=https://raw.githubusercontent.com/kooker/FreeSubsCheck/main/byxiaoxi.txt
[OK] proxies=416 new=416 url=https://raw.githubusercontent.com/kooker/FreeSubsCheck/main/kooker.jp.txt
[OK] proxies=419 source=[免费节点11] url=https://raw.githubusercontent.com/kooker/FreeSubsCheck/main/README.md
============================================================
[INFO] toolkit try repo: https://github.com/Pawdroid/shadowrocket_for_android
[INFO] toolkit try release: https://github.com/Pawdroid/shadowrocket_for_android/releases
[INFO] toolkit try release: https://github.com/Pawdroid/shadowrocket_for_android/releases/expanded_assets/10.10.51
[INFO] toolkit try download: https://github.com/Pawdroid/shadowrocket_for_android/releases/download/10.10.51/Shadowrocket_10.10.51_shadowrocketStandard_arm64-v8a.apk
[OK] toolkit downloaded: Shadowrocket_10.10.51_shadowrocketStandard_arm64-v8a.apk bytes=41111539
[OK] toolkit extracted archive=Shadowrocket_10.10.51_shadowrocketStandard_arm64-v8a.apk tool=zipfile files=1175 dirs=44
[OK] toolkit sr-apk scanned prefixes=36 files=6 keys=2 archive=Shadowrocket_10.10.51_shadowrocketStandard_arm64-v8a.apk
[OK] proxies=1025 new=853 url=https://{raw.githubusercontent.com|cdn.jsdelivr.net}/pixelor/ecfg/main/data/ecfg6_zh
[OK] proxies=938 new=211 url=https://{raw.githubusercontent.com|cdn.jsdelivr.net}/pixelor/ecfg/main/data/ecfg6_en
[OK] proxies=136 new=97 url=https://{cdn.jsdelivr.net|raw.githubusercontent.com}/pixelor/ecfg/main/data/ecfg6
[OK] proxies=63 new=0 url=https://{files.shadowrockets.app|cdn.shadowrockets.app}/ecfg/data/ecfg6
[OK] proxies=713 new=0 url=https://{files.shadowrockets.app|cdn.shadowrockets.app}/ecfg/data/ecfg6_en
[OK] proxies=713 new=0 url=https://{files.shadowrockets.app|cdn.shadowrockets.app}/ecfg/data/ecfg6_zh
[OK] proxies=1161 source=[Pawdroid-sr-apk] url=https://github.com/Pawdroid/shadowrocket_for_android/releases/download/10.10.51/Shadowrocket_10.10.51_shadowrocketStandard_arm64-v8a.apk
============================================================
[INFO] toolkit try page: https://shadowshare.v2cross.com
[INFO] toolkit try download: https://shadowshare.v2cross.com/shadowshare.apk
[OK] toolkit downloaded: shadowshare.apk bytes=62868122
[OK] toolkit extracted archive=shadowshare.apk tool=zipfile files=612 dirs=39
[OK] toolkit ss-apk scanned prefixes=10 files=3 keys=1 archive=shadowshare.apk
[OK] proxies=171 new=171 url=https://{raw.githubusercontent.com|jsd.onmicrosoft.cn}/hideme9527/ecsfg/main/data/sareserver
[OK] proxies=1386 new=1283 url=https://{raw.githubusercontent.com|jsd.onmicrosoft.cn}/hideme9527/ecsfg/main/data/sareserver_en
[OK] proxies=171 new=0 url=https://{shadowsharing.com|sare.159236.xyz}/data/sareserver
[OK] proxies=1386 new=0 url=https://{shadowsharing.com|sare.159236.xyz}/data/sareserver_en
[OK] proxies=171 new=0 url=https://gitee.com/api/v5/repos/{elvenapp|guoyoucai1|zhiminghao}/ecsfg/raw/data/sareserver
[OK] proxies=1386 new=0 url=https://gitee.com/api/v5/repos/{guoyoucai1|elvenapp|zhiminghao}/ecsfg/raw/data/sareserver_en
[OK] proxies=1454 source=[Pawdroid-ss-apk] url=https://shadowshare.v2cross.com/shadowshare.apk
============================================================
[INFO] sublink try repo: https://github.com/free-nodes/clashfree
[INFO] sublink try page: https://raw.githubusercontent.com/free-nodes/clashfree/main/README.md
[OK] proxies=1371 new=1371 url=https://raw.githubusercontent.com/free-nodes/clashfree/main/README.md
[OK] proxies=1371 new=0 url=https://raw.githubusercontent.com/free-nodes/clashfree/main/clash20260915.yml
[OK] proxies=1 new=1 url=https://github.com/free-nodes/clashfree/blob/main/clash20260915.yml
[OK] proxies=1372 source=[Clashfree] url=https://raw.githubusercontent.com/free-nodes/clashfree/main/README.md
============================================================
[INFO] sublink try repo: https://github.com/Epodonios/v2ray-configs
[INFO] sublink try page: https://raw.githubusercontent.com/Epodonios/v2ray-configs/main/README.md
[OK] proxies=1 new=1 url=https://github.com/Epodonios/V2ray-Configs/actions/workflows/main.yml
[OK] proxies=4136 new=4136 url=https://github.com/Epodonios/v2ray-configs/raw/main/All_Configs_Sub.txt
[OK] proxies=4136 new=0 url=https://github.com/Epodonios/v2ray-configs/raw/main/All_Configs_base64_Sub.txt
[OK] proxies=3297 new=148 url=https://github.com/Epodonios/v2ray-configs/raw/main/Splitted-By-Protocol/vless.txt
[OK] proxies=160 new=3 url=https://github.com/Epodonios/v2ray-configs/raw/main/Splitted-By-Protocol/vmess.txt
[OK] proxies=405 new=24 url=https://github.com/Epodonios/v2ray-configs/raw/main/Splitted-By-Protocol/ss.txt
[OK] proxies=150 new=8 url=https://github.com/Epodonios/v2ray-configs/raw/main/Splitted-By-Protocol/trojan.txt
[OK] proxies=4136 new=0 url=https://raw.githubusercontent.com/Epodonios/v2ray-configs/main/{Sub1.txt|Sub2.txt|Sub3.txt|Sub4.txt|Sub5.txt|Sub6.txt|Sub7.txt|Sub8.txt|Sub9.txt}
[OK] proxies=4320 source=[Epodonios] url=https://raw.githubusercontent.com/Epodonios/v2ray-configs/main/README.md
============================================================
[INFO] sublink try repo: https://github.com/free-clash-v2ray/free-clash-v2ray.github.io
[INFO] sublink try page: https://raw.githubusercontent.com/free-clash-v2ray/free-clash-v2ray.github.io/main/README.md
[OK] proxies=2890 new=2890 url=https://free-clash-v2ray.github.io/uploads/2026/09/{0-20260913.yaml|1-20260913.yaml|2-20260913.yaml|3-20260913.yaml}
[OK] proxies=4384 new=1835 url=https://free-clash-v2ray.github.io/uploads/2026/09/{0-20260913.txt|1-20260913.txt|2-20260913.txt|3-20260913.txt|4-20260913.txt}
[OK] proxies=4725 source=[Free-clash-v2ray] url=https://raw.githubusercontent.com/free-clash-v2ray/free-clash-v2ray.github.io/main/README.md
============================================================
[INFO] article try page: https://v2rayclashfree.com
[INFO] sublink try page: https://v2rayclashfree.com/fn/20260915.html
[WARN] source=[V2rayclashfree-RSS] no proxies found=0 raw=1690
[INFO] source=[V2rayclashfree-RSS] reused previous raw file=797390848668-raw-1331-20260915.yaml stamp=202609151331
[OK] proxies=1690 source=[V2rayclashfree-RSS] url=https://v2rayclashfree.com/fn/20260915.html
============================================================
[INFO] raw backup written path=/home/runner/work/Free-node-autotest/Free-node-autotest/output/raw.yaml proxies=27462
[INFO] toolkit try repo: https://github.com/MetaCubeX/mihomo
[INFO] toolkit try release: https://github.com/MetaCubeX/mihomo/releases
[INFO] toolkit try release: https://github.com/MetaCubeX/mihomo/releases/expanded_assets/v1.19.31
[INFO] toolkit try download: https://github.com/MetaCubeX/mihomo/releases/download/v1.19.31/mihomo-linux-amd64-compatible-v1.19.31.gz
[OK] toolkit downloaded: mihomo-linux-amd64-compatible-v1.19.31.gz bytes=22821836
[OK] toolkit sha256 verified: mihomo-linux-amd64-compatible-v1.19.31.gz sha256=04cf9f09671704f839ddbee2e93069dc831a4123a75281e725d1d96ab9ac1afc
[OK] proxy engine ready: starting latency test package=mihomo-linux-amd64-compatible-v1.19.31.gz
============================================================
[WARN] batch start failed size=17607 {1} split -> 8803 {2} + 8804 {3}
[WARN] batch start failed size=8803 {2} split -> 4401 {4} + 4402 {5}
[WARN] batch start failed size=8804 {3} split -> 4402 {6} + 4402 {7}
[WARN] batch start failed size=4401 {4} split -> 2200 {8} + 2201 {9}
[WARN] batch start failed size=4402 {6} split -> 2201 {10} + 2201 {11}
[WARN] batch start failed size=4402 {7} split -> 2201 {12} + 2201 {13}
[WARN] batch start failed size=2200 {8} split -> 1100 {14} + 1100 {15}
[INFO] {5} tested 100/4402 kept=0 rest=17507
[INFO] {9} tested 100/2201 kept=0 rest=17364
[WARN] batch start failed size=2201 {11} split -> 1100 {16} + 1101 {17}
[WARN] batch start failed size=2201 {10} split -> 1100 {18} + 1101 {19}
[INFO] {5} tested 200/4402 kept=0 rest=17251
[WARN] batch start failed size=2201 {12} split -> 1100 {20} + 1101 {21}
[INFO] {9} tested 200/2201 kept=0 rest=17145
[INFO] {9} tested 300/2201 kept=39 rest=17039
[WARN] batch start failed size=2201 {13} split -> 1100 {22} + 1101 {23}
[INFO] {5} tested 300/4402 kept=0 rest=16914
[INFO] {9} tested 400/2201 kept=70 rest=16757
[INFO] {5} tested 400/4402 kept=0 rest=16658
[INFO] {15} tested 100/1100 kept=16 rest=16594
[INFO] {9} tested 500/2201 kept=70 rest=16579
[INFO] {5} tested 500/4402 kept=0 rest=16377
[INFO] {9} tested 600/2201 kept=70 rest=16304
[INFO] {9} tested 700/2201 kept=71 rest=16204
[INFO] {15} tested 200/1100 kept=19 rest=16169
[INFO] {15} tested 300/1100 kept=20 rest=16031
[INFO] {5} tested 600/4402 kept=0 rest=15973
[INFO] {9} tested 800/2201 kept=71 rest=15870
[INFO] {15} tested 400/1100 kept=34 rest=15712
[INFO] {5} tested 700/4402 kept=0 rest=15569
[INFO] {15} tested 500/1100 kept=55 rest=15506
[INFO] {9} tested 900/2201 kept=71 rest=15421
[INFO] {5} tested 800/4402 kept=0 rest=15267
[INFO] {15} tested 600/1100 kept=57 rest=15207
[INFO] {5} tested 900/4402 kept=0 rest=15026
[INFO] {15} tested 700/1100 kept=57 rest=14993
[INFO] {9} tested 1000/2201 kept=71 rest=14966
[INFO] {9} tested 1100/2201 kept=71 rest=14797
[INFO] {15} tested 800/1100 kept=59 rest=14728
[INFO] {5} tested 1000/4402 kept=0 rest=14613
[INFO] {15} tested 900/1100 kept=59 rest=14494
[INFO] {5} tested 1100/4402 kept=0 rest=14433
[INFO] {15} tested 1000/1100 kept=59 rest=14270
[INFO] {5} tested 1200/4402 kept=0 rest=14250
[INFO] {9} tested 1200/2201 kept=71 rest=14160
[INFO] {5} tested 1300/4402 kept=0 rest=14048
[INFO] {5} tested 1400/4402 kept=4 rest=13855
[INFO] {5} tested 1500/4402 kept=7 rest=13743
[INFO] {5} tested 1600/4402 kept=7 rest=13632
[INFO] {15} tested 1100/1100 kept=59 rest=13600
[WARN] batch start failed size=1100 {14} split -> 550 {24} + 550 {25}
[INFO] {9} tested 1300/2201 kept=71 rest=13508
[INFO] {5} tested 1700/4402 kept=7 rest=13507
[INFO] {9} tested 1400/2201 kept=71 rest=13397
[INFO] {17} tested 100/1101 kept=2 rest=13254
[INFO] {17} tested 200/1101 kept=3 rest=13138
[INFO] {5} tested 1800/4402 kept=7 rest=13034
[INFO] {5} tested 1900/4402 kept=15 rest=12907
[INFO] {9} tested 1500/2201 kept=71 rest=12815
[INFO] {17} tested 300/1101 kept=3 rest=12686
[INFO] {17} tested 400/1101 kept=3 rest=12553
[INFO] {5} tested 2000/4402 kept=15 rest=12452
[INFO] {17} tested 500/1101 kept=3 rest=12408
[INFO] {9} tested 1600/2201 kept=71 rest=12277
[INFO] {17} tested 600/1101 kept=4 rest=12136
[INFO] {9} tested 1700/2201 kept=71 rest=12083
[INFO] {17} tested 700/1101 kept=4 rest=11990
[INFO] {5} tested 2100/4402 kept=16 rest=11862
[INFO] {17} tested 800/1101 kept=5 rest=11840
[INFO] {9} tested 1800/2201 kept=127 rest=11702
[INFO] {17} tested 900/1101 kept=7 rest=11644
[INFO] {5} tested 2200/4402 kept=16 rest=11480
[INFO] {17} tested 1000/1101 kept=9 rest=11367
[INFO] {9} tested 1900/2201 kept=190 rest=11357
[INFO] {5} tested 2300/4402 kept=17 rest=11213
[INFO] {5} tested 2400/4402 kept=17 rest=11038
[INFO] {9} tested 2000/2201 kept=190 rest=10988
[INFO] {17} tested 1100/1101 kept=11 rest=10930
[INFO] {17} tested 1101/1101 kept=11 rest=10915
[WARN] batch start failed size=1100 {16} split -> 550 {26} + 550 {27}
[INFO] {5} tested 2500/4402 kept=17 rest=10828
[WARN] batch start failed size=1100 {18} split -> 550 {28} + 550 {29}
[WARN] batch start failed size=1101 {19} split -> 550 {30} + 551 {31}
[INFO] {9} tested 2100/2201 kept=190 rest=10720
[INFO] {5} tested 2600/4402 kept=17 rest=10698
[INFO] {20} tested 100/1100 kept=0 rest=10516
[INFO] {20} tested 200/1100 kept=14 rest=10360
[INFO] {5} tested 2700/4402 kept=17 rest=10310
[INFO] {9} tested 2200/2201 kept=190 rest=10142
[INFO] {9} tested 2201/2201 kept=190 rest=10138
[INFO] {5} tested 2800/4402 kept=17 rest=10121
[INFO] {20} tested 300/1100 kept=15 rest=10057
[INFO] {20} tested 400/1100 kept=15 rest=9937
[WARN] batch start failed size=1101 {21} split -> 550 {32} + 551 {33}
[INFO] {20} tested 500/1100 kept=16 rest=9830
[INFO] {22} tested 100/1100 kept=2 rest=9626
[INFO] {22} tested 200/1100 kept=17 rest=9522
[INFO] {5} tested 2900/4402 kept=18 rest=9474
[INFO] {22} tested 300/1100 kept=54 rest=9414
[INFO] {22} tested 400/1100 kept=105 rest=9304
[INFO] {22} tested 500/1100 kept=148 rest=9190
[INFO] {20} tested 600/1100 kept=17 rest=9077
[INFO] {22} tested 600/1100 kept=191 rest=9059
[INFO] {22} tested 700/1100 kept=228 rest=8948
[INFO] {22} tested 800/1100 kept=239 rest=8842
[INFO] {22} tested 900/1100 kept=243 rest=8737
[INFO] {22} tested 1000/1100 kept=248 rest=8618
[INFO] {5} tested 3000/4402 kept=18 rest=8464
[INFO] {20} tested 700/1100 kept=17 rest=8448
[INFO] {20} tested 800/1100 kept=17 rest=8317
[INFO] {5} tested 3100/4402 kept=19 rest=8121
[INFO] {22} tested 1100/1100 kept=259 rest=8090
[INFO] {20} tested 900/1100 kept=18 rest=8067
[INFO] {20} tested 1000/1100 kept=18 rest=7952
[WARN] batch start failed size=1101 {23} split -> 550 {34} + 551 {35}
[INFO] {5} tested 3200/4402 kept=20 rest=7789
[INFO] {25} tested 100/550 kept=8 rest=7715
[INFO] {5} tested 3300/4402 kept=21 rest=7568
[INFO] {25} tested 200/550 kept=20 rest=7497
[INFO] {5} tested 3400/4402 kept=21 rest=7397
[INFO] {20} tested 1100/1100 kept=19 rest=7323
[WARN] batch start failed size=550 {24} split -> 275 {36} + 275 {37}
[INFO] {5} tested 3500/4402 kept=21 rest=7253
[INFO] {25} tested 300/550 kept=64 rest=7147
[INFO] {5} tested 3600/4402 kept=21 rest=6949
[INFO] {26} tested 100/550 kept=2 rest=6892
[INFO] {25} tested 400/550 kept=107 rest=6830
[INFO] {5} tested 3700/4402 kept=21 rest=6795
[INFO] {5} tested 3800/4402 kept=21 rest=6589
[INFO] {26} tested 200/550 kept=3 rest=6571
[INFO] {26} tested 300/550 kept=7 rest=6422
[INFO] {5} tested 3900/4402 kept=21 rest=6316
[INFO] {25} tested 500/550 kept=118 rest=6250
[INFO] {5} tested 4000/4402 kept=21 rest=6160
[INFO] {5} tested 4100/4402 kept=21 rest=6051
[INFO] {5} tested 4200/4402 kept=21 rest=5921
[INFO] {26} tested 400/550 kept=19 rest=5823
[INFO] {25} tested 550/550 kept=118 rest=5688
[INFO] {5} tested 4300/4402 kept=21 rest=5660
[WARN] batch start failed size=550 {27} split -> 275 {38} + 275 {39}
[INFO] {26} tested 500/550 kept=21 rest=5628
[INFO] {28} tested 100/550 kept=0 rest=5505
[INFO] {28} tested 200/550 kept=0 rest=5399
[INFO] {26} tested 550/550 kept=21 rest=5249
[WARN] batch start failed size=550 {29} split -> 275 {40} + 275 {41}
[INFO] {5} tested 4400/4402 kept=21 rest=5230
[INFO] {5} tested 4402/4402 kept=21 rest=5228
[WARN] batch start failed size=551 {31} split -> 275 {42} + 276 {43}
[INFO] {30} tested 100/550 kept=69 rest=5127
[INFO] {28} tested 300/550 kept=0 rest=5081
[INFO] {28} tested 400/550 kept=0 rest=4927
[INFO] {30} tested 200/550 kept=120 rest=4872
[INFO] {30} tested 300/550 kept=172 rest=4744
[INFO] {32} tested 100/550 kept=1 rest=4630
[INFO] {32} tested 200/550 kept=3 rest=4506
[INFO] {30} tested 400/550 kept=217 rest=4372
[INFO] {30} tested 500/550 kept=261 rest=4229
[INFO] {28} tested 500/550 kept=1 rest=4224
[INFO] {28} tested 550/550 kept=1 rest=4160
[INFO] {32} tested 300/550 kept=5 rest=4132
[WARN] batch start failed size=551 {33} split -> 275 {44} + 276 {45}
[INFO] {32} tested 400/550 kept=8 rest=4016
[INFO] {34} tested 100/550 kept=1 rest=3892
[INFO] {34} tested 200/550 kept=2 rest=3771
[INFO] {30} tested 550/550 kept=262 rest=3706
[INFO] {34} tested 300/550 kept=7 rest=3655
[INFO] {34} tested 400/550 kept=15 rest=3545
[INFO] {34} tested 500/550 kept=36 rest=3444
[WARN] batch start failed size=551 {35} split -> 275 {46} + 276 {47}
[WARN] batch start failed size=275 {36} split -> 137 {48} + 138 {49}
[INFO] {37} tested 100/275 kept=3 rest=3315
[INFO] {32} tested 500/550 kept=9 rest=3188
[INFO] {37} tested 200/275 kept=10 rest=3153
[INFO] {32} tested 550/550 kept=9 rest=3107
[INFO] {34} tested 550/550 kept=58 rest=3100
[WARN] batch start failed size=275 {39} split -> 137 {50} + 138 {51}
[INFO] {38} tested 100/275 kept=0 rest=2998
[INFO] {38} tested 200/275 kept=0 rest=2898
[INFO] {40} tested 100/275 kept=8 rest=2721
[INFO] {37} tested 275/275 kept=10 rest=2659
[WARN] batch start failed size=275 {41} split -> 137 {52} + 138 {53}
[WARN] batch start failed size=275 {42} split -> 137 {54} + 138 {55}
[INFO] {43} tested 100/276 kept=0 rest=2550
[INFO] {43} tested 200/276 kept=0 rest=2450
[INFO] {38} tested 275/275 kept=7 rest=2393
[INFO] {40} tested 200/275 kept=10 rest=2308
[WARN] batch start failed size=276 {45} split -> 138 {56} + 138 {57}
[INFO] {44} tested 100/275 kept=1 rest=2170
[INFO] {43} tested 276/276 kept=2 rest=2053
[WARN] batch start failed size=276 {47} split -> 138 {58} + 138 {59}
[INFO] {40} tested 275/275 kept=11 rest=2018
[WARN] batch start failed size=275 {46} split -> 137 {60} + 138 {61}
[WARN] batch start failed size=137 {48} split -> 68 {62} + 69 {63}
[WARN] batch start failed size=138 {49} split -> 69 {64} + 69 {65}
[WARN] batch start failed size=138 {51} split -> 69 {66} + 69 {67}
[INFO] {44} tested 200/275 kept=6 rest=2002
[INFO] {44} tested 275/275 kept=7 rest=1796
[INFO] {53} tested 100/138 kept=82 rest=1746
[WARN] batch start failed size=137 {52} split -> 68 {68} + 69 {69}
[WARN] batch start failed size=138 {55} split -> 69 {70} + 69 {71}
[INFO] {50} tested 100/137 kept=4 rest=1598
[INFO] {54} tested 100/137 kept=33 rest=1559
[INFO] {53} tested 138/138 kept=109 rest=1557
[INFO] {50} tested 137/137 kept=4 rest=1503
[INFO] {56} tested 100/138 kept=0 rest=1452
[WARN] batch start failed size=138 {57} split -> 69 {72} + 69 {73}
[INFO] {54} tested 137/137 kept=33 rest=1398
[WARN] batch start failed size=138 {58} split -> 69 {74} + 69 {75}
[INFO] {59} tested 100/138 kept=67 rest=1303
[INFO] {61} tested 100/138 kept=82 rest=1191
[INFO] {56} tested 138/138 kept=0 rest=1161
[WARN] batch start failed size=137 {60} split -> 68 {76} + 69 {77}
[INFO] {59} tested 138/138 kept=78 rest=1114
[WARN] batch start failed size=69 {63} split -> 34 {78} + 35 {79}
[WARN] batch start failed size=69 {64} split -> 34 {80} + 35 {81}
[INFO] {61} tested 138/138 kept=86 rest=1077
[WARN] batch start failed size=69 {67} split -> 34 {82} + 35 {83}
[WARN] batch start failed size=69 {66} split -> 34 {84} + 35 {85}
[INFO] {62} tested 68/68 kept=7 rest=936
[WARN] batch start failed size=68 {68} split -> 34 {86} + 34 {87}
[WARN] batch start failed size=69 {70} split -> 34 {88} + 35 {89}
[INFO] {65} tested 69/69 kept=22 rest=835
[INFO] {73} tested 69/69 kept=5 rest=764
[INFO] {69} tested 69/69 kept=53 rest=758
[WARN] batch start failed size=69 {72} split -> 34 {90} + 35 {91}
[WARN] batch start failed size=69 {74} split -> 34 {92} + 35 {93}
[INFO] {71} tested 69/69 kept=2 rest=643
[WARN] batch start failed size=68 {76} split -> 34 {94} + 34 {95}
[INFO] {75} tested 69/69 kept=11 rest=597
[INFO] {77} tested 69/69 kept=64 rest=594
[WARN] batch start failed size=35 {79} split -> 17 {96} + 18 {97}
[WARN] batch start failed size=35 {81} split -> 17 {98} + 18 {99}
[INFO] {78} tested 34/34 kept=6 rest=557
[WARN] batch start failed size=35 {83} split -> 17 {100} + 18 {101}
[INFO] {80} tested 34/34 kept=0 rest=532
[WARN] batch start failed size=34 {84} split -> 17 {102} + 17 {103}
[INFO] {82} tested 34/34 kept=1 rest=505
[WARN] batch start failed size=34 {87} split -> 17 {104} + 17 {105}
[WARN] batch start failed size=34 {88} split -> 17 {106} + 17 {107}
[INFO] {85} tested 35/35 kept=1 rest=440
[INFO] {86} tested 34/34 kept=12 rest=404
[WARN] batch start failed size=34 {90} split -> 17 {108} + 17 {109}
[WARN] batch start failed size=34 {92} split -> 17 {110} + 17 {111}
[INFO] {89} tested 35/35 kept=3 rest=388
[INFO] {91} tested 35/35 kept=3 rest=336
[WARN] batch start failed size=34 {95} split -> 17 {112} + 17 {113}
[WARN] batch start failed size=18 {97} split -> 9 {114} + 9 {115}
[WARN] batch start failed size=17 {96} split -> 8 {116} + 9 {117}
[WARN] batch start failed size=18 {99} split -> 9 {118} + 9 {119}
[INFO] {93} tested 35/35 kept=14 rest=314
[INFO] {94} tested 34/34 kept=2 rest=296
[WARN] batch start failed size=18 {101} split -> 9 {120} + 9 {121}
[INFO] {98} tested 17/17 kept=0 rest=270
[WARN] batch start failed size=17 {103} split -> 8 {122} + 9 {123}
[INFO] {100} tested 17/17 kept=0 rest=245
[WARN] batch start failed size=17 {105} split -> 8 {124} + 9 {125}
[INFO] {102} tested 17/17 kept=0 rest=242
[WARN] batch start failed size=17 {107} split -> 8 {126} + 9 {127}
[INFO] {104} tested 17/17 kept=15 rest=222
[WARN] batch start failed size=17 {109} split -> 8 {128} + 9 {129}
[INFO] {106} tested 17/17 kept=2 rest=208
[WARN] batch start failed size=17 {111} split -> 8 {130} + 9 {131}
[WARN] batch start failed size=17 {112} split -> 8 {132} + 9 {133}
[INFO] {108} tested 17/17 kept=0 rest=197
[INFO] {113} tested 17/17 kept=14 rest=178
[WARN] batch start failed size=9 {114} split -> 4 {134} + 5 {135}
[INFO] {110} tested 17/17 kept=1 rest=170
[WARN] batch start failed size=8 {116} split -> 4 {136} + 4 {137}
[WARN] batch start failed size=9 {118} split -> 4 {138} + 5 {139}
[INFO] {119} tested 9/9 kept=0 rest=161
[WARN] batch start failed size=9 {120} split -> 4 {140} + 5 {141}
[INFO] {115} tested 9/9 kept=0 rest=154
[INFO] {117} tested 9/9 kept=0 rest=138
[WARN] batch start failed size=9 {123} split -> 4 {142} + 5 {143}
[INFO] {125} tested 9/9 kept=9 rest=129
[WARN] batch start failed size=8 {124} split -> 4 {144} + 4 {145}
[WARN] batch start failed size=9 {127} split -> 4 {146} + 5 {147}
[INFO] {121} tested 9/9 kept=0 rest=117
[INFO] {122} tested 8/8 kept=3 rest=115
[WARN] batch start failed size=8 {128} split -> 4 {148} + 4 {149}
[WARN] batch start failed size=8 {130} split -> 4 {150} + 4 {151}
[INFO] {126} tested 8/8 kept=0 rest=107
[WARN] batch start failed size=9 {133} split -> 4 {152} + 5 {153}
[INFO] {129} tested 9/9 kept=0 rest=101
[WARN] batch start failed size=4 {134} split -> 2 {154} + 2 {155}
[INFO] {131} tested 9/9 kept=1 rest=93
[WARN] batch start failed size=4 {137} split -> 2 {156} + 2 {157}
[WARN] batch start failed size=4 {136} split -> 2 {158} + 2 {159}
[WARN] batch start failed size=4 {138} split -> 2 {160} + 2 {161}
[WARN] batch start failed size=5 {139} split -> 2 {162} + 3 {163}
[WARN] batch start failed size=5 {141} split -> 2 {164} + 3 {165}
[INFO] {132} tested 8/8 kept=0 rest=82
[WARN] batch start failed size=4 {142} split -> 2 {166} + 2 {167}
[INFO] {135} tested 5/5 kept=0 rest=80
[INFO] {144} tested 4/4 kept=4 rest=75
[WARN] batch start failed size=4 {145} split -> 2 {168} + 2 {169}
[WARN] batch start failed size=4 {146} split -> 2 {170} + 2 {171}
[INFO] {140} tested 4/4 kept=0 rest=71
[INFO] {143} tested 5/5 kept=0 rest=65
[WARN] batch start failed size=4 {149} split -> 2 {172} + 2 {173}
[INFO] {147} tested 5/5 kept=0 rest=59
[WARN] batch start failed size=4 {151} split -> 2 {174} + 2 {175}
[INFO] {148} tested 4/4 kept=0 rest=57
[WARN] batch start failed size=5 {153} split -> 2 {176} + 3 {177}
[WARN] batch start failed size=2 {154} split -> 1 {178} + 1 {179}
[WARN] batch start failed size=2 {155} split -> 1 {180} + 1 {181}
[WARN] batch start failed size=2 {156} split -> 1 {182} + 1 {183}
[WARN] batch start failed size=2 {157} split -> 1 {184} + 1 {185}
[INFO] {150} tested 4/4 kept=0 rest=53
[WARN] batch start failed size=2 {159} split -> 1 {186} + 1 {187}
[WARN] batch start failed size=2 {160} split -> 1 {188} + 1 {189}
[WARN] batch start failed size=2 {161} split -> 1 {190} + 1 {191}
[INFO] {158} tested 2/2 kept=0 rest=51
[WARN] batch start failed size=2 {162} split -> 1 {192} + 1 {193}
[INFO] {163} tested 3/3 kept=0 rest=48
[WARN] batch start failed size=3 {165} split -> 1 {194} + 2 {195}
[WARN] batch start failed size=2 {166} split -> 1 {196} + 1 {197}
[INFO] {152} tested 4/4 kept=1 rest=46
[WARN] batch start failed size=2 {167} split -> 1 {198} + 1 {199}
[WARN] batch start failed size=2 {169} split -> 1 {200} + 1 {201}
[WARN] batch start failed size=2 {171} split -> 1 {202} + 1 {203}
[INFO] {170} tested 2/2 kept=1 rest=43
[WARN] batch start failed size=2 {172} split -> 1 {204} + 1 {205}
[INFO] {164} tested 2/2 kept=0 rest=40
[WARN] batch start failed size=2 {174} split -> 1 {206} + 1 {207}
[INFO] {168} tested 2/2 kept=0 rest=39
[WARN] batch start failed size=2 {176} split -> 1 {208} + 1 {209}
[INFO] {175} tested 2/2 kept=0 rest=37
[DROP] {178} name=[ChromeGO-Merge] WARP server=162.159.192.1:2408 reason=Start initial configuration in progress
[DROP] {179} name=[ChromeGO-Merge] United server=108.181.5.133:26022 reason=Start initial configuration in progress
[DROP] {180} name=[ChromeGO-Merge] France_hysteria_1 server=62.210.243.131:18702 reason=Start initial configuration in progress
[INFO] {177} tested 3/3 kept=3 rest=31
[INFO] {173} tested 2/2 kept=0 rest=30
[DROP] {181} name=[ChromeGO-Merge] United-2 server=109.104.152.194:58510 reason=Start initial configuration in progress
[DROP] {182} name=[ChromeGO-ShiteThings] hysteria-3 server=5.83.129.153:20088 reason=Start initial configuration in progress
[DROP] {183} name=[ChromeGO-ShiteThings] hysteria-4 server=5.83.129.153:27626 reason=Start initial configuration in progress
[DROP] {184} name=[ChromeGO-ShiteThings] hysteria-5 server=45.150.65.154:47119 reason=Start initial configuration in progress
[DROP] {186} name=[ChromeGO-ShiteThings] hysteria server=62.210.70.191:23556 reason=Start initial configuration in progress
[DROP] {187} name=[ChromeGO-ShiteThings] hysteria-2 server=5.83.129.90:54177 reason=Start initial configuration in progress
[DROP] {188} name=[ChromeGO-Merge] Taiwan server=www2.dtku48.xyz:22334 reason=Start initial configuration in progress
[DROP] {189} name=[ChromeGO-Merge] France server=51.158.54.46:55396 reason=Start initial configuration in progress
[DROP] {190} name=[ChromeGO-Merge] United-4 server=173.234.25.52:48919 reason=Start initial configuration in progress
[DROP] {191} name=[ChromeGO-Merge] Taiwan-2 server=www.dtku40.xyz:18490 reason=Start initial configuration in progress
[DROP] {192} name=[ChromeGO-Merge] United-5 server=167.160.91.115:41189 reason=Start initial configuration in progress
[WARN] batch start failed size=2 {195} split -> 1 {210} + 1 {211}
[INFO] {193} tested 1/1 kept=0 rest=18
[DROP] {197} name=[Epodonios] EPODONIOS-9 server=18.198.111.78:22224 reason=Start initial configuration in progress
[INFO] {185} tested 1/1 kept=0 rest=16
[DROP] {198} name=[Epodonios] EPODONIOS-10 server=172.64.157.124:80 reason=Start initial configuration in progress
[INFO] {194} tested 1/1 kept=0 rest=14
[DROP] {200} name=[Pawdroid-sr-apk] 美国+纽约州纽约BuyVM server=198.98.53.130:443 reason=Start initial configuration in progress
[INFO] {196} tested 1/1 kept=0 rest=12
[DROP] {203} name=[Pawdroid-ss-apk] United+Kingdom-2 server=82.38.31.189:8080 reason=Start initial configuration in progress
[INFO] {201} tested 1/1 kept=1 rest=10
[INFO] {202} tested 1/1 kept=0 rest=9
[DROP] {204} name=[Epodonios] EPODONIOS-3123 server=62.60.178.200:20322 reason=Start initial configuration in progress
[DROP] {207} name=[Free-clash-v2ray] 未知 SS-1521 | free-nodes server=192.0.2.1:1 reason=Start initial configuration in progress
[INFO] {199} tested 1/1 kept=0 rest=6
[INFO] {206} tested 1/1 kept=0 rest=5
[DROP] {208} name=[Free-clash-v2ray] hysteria server=5.83.129.143:26691 reason=Start initial configuration in progress
[INFO] {209} tested 1/1 kept=1 rest=3
[DROP] {211} name=[Epodonios] EPODONIOS-111 server=78.38.246.150:8446 reason=Start initial configuration in progress
[INFO] {205} tested 1/1 kept=0 rest=1
[INFO] {210} tested 1/1 kept=0 rest=0
[INFO] dropped=22 [ChromeGO-Merge] × 9 | [ChromeGO-ShiteThings] × 5 | [Epodonios] × 4 | [Pawdroid-sr-apk] × 1 | [Pawdroid-ss-apk] × 1 | [Free-clash-v2ray] × 2
============================================================
[INFO] cap live source=[免费节点2] from 108 to 50 by health_score
[INFO] cap live source=[免费节点8] from 189 to 50 by health_score
[INFO] cap live source=[Pawdroid-sr-apk] from 494 to 50 by health_score
[INFO] cap live source=[Epodonios] from 51 to 50 by health_score
[INFO] cap live source=[Free-clash-v2ray] from 497 to 50 by health_score
[INFO] cap live source=[V2rayclashfree-RSS] from 104 to 50 by health_score
[INFO] cap live total from 494 to 350 trim large sources first
============================================================
+------------------------------+--------+--------+------+--------+
| source                       |    raw | unique | live | capped |
+------------------------------+--------+--------+------+--------+
| [大FQ运动]                   |     14 |     14 |    2 |      2 |
+------------------------------+--------+--------+------+--------+
| [Pawdroid]                   |     19 |     18 |    2 |      2 |
+------------------------------+--------+--------+------+--------+
| [FreeV2-Base64]              |      3 |      3 |    3 |      3 |
+------------------------------+--------+--------+------+--------+
| [Bocchi2b-Base64]            |     35 |     35 |    0 |      0 |
+------------------------------+--------+--------+------+--------+
| [ChromeGO-Toolkit]           |     14 |     14 |    5 |      5 |
+------------------------------+--------+--------+------+--------+
| [ChromeGO-ShiteThings]       |     31 |     25 |    1 |      1 |
+------------------------------+--------+--------+------+--------+
| [ChromeGO-Merge]             |    116 |    116 |    8 |      8 |
+------------------------------+--------+--------+------+--------+
| [Freesocks]                  |      3 |      3 |    3 |      3 |
+------------------------------+--------+--------+------+--------+
| [NekoWarp]                   |     10 |     10 |   10 |     10 |
+------------------------------+--------+--------+------+--------+
| [OpenRunner-RSS]             |     14 |      0 |    0 |      0 |
+------------------------------+--------+--------+------+--------+
| [V2Rayshare-RSS]             |     27 |     25 |    1 |      1 |
+------------------------------+--------+--------+------+--------+
| [Mibei77-RSS]                |    121 |    106 |    4 |      4 |
+------------------------------+--------+--------+------+--------+
| [Yoyapai-RSS]                |    212 |    184 |    7 |      7 |
+------------------------------+--------+--------+------+--------+
| [免费节点1]                  |    361 |    248 |   19 |     19 |
+------------------------------+--------+--------+------+--------+
| [免费节点2]                  |    403 |    339 |  108 |     28 |
+------------------------------+--------+--------+------+--------+
| [免费节点3]                  |     32 |     11 |    5 |      5 |
+------------------------------+--------+--------+------+--------+
| [免费节点4]                  |    781 |    718 |   42 |     28 |
+------------------------------+--------+--------+------+--------+
| [免费节点5]                  |     29 |     28 |    0 |      0 |
+------------------------------+--------+--------+------+--------+
| [免费节点6]                  |    647 |    608 |   10 |     10 |
+------------------------------+--------+--------+------+--------+
| [免费节点7]                  |     64 |      0 |    0 |      0 |
+------------------------------+--------+--------+------+--------+
| [免费节点8]                  |   4179 |   3394 |  189 |     28 |
+------------------------------+--------+--------+------+--------+
| [免费节点9]                  |    615 |    456 |    0 |      0 |
+------------------------------+--------+--------+------+--------+
| [免费节点10]                 |   4589 |   3091 |   15 |     15 |
+------------------------------+--------+--------+------+--------+
| [免费节点11]                 |    419 |    205 |   14 |     14 |
+------------------------------+--------+--------+------+--------+
| [Pawdroid-sr-apk]            |   1161 |    866 |  494 |     28 |
+------------------------------+--------+--------+------+--------+
| [Pawdroid-ss-apk]            |   1454 |    939 |   30 |     29 |
+------------------------------+--------+--------+------+--------+
| [Clashfree]                  |   1372 |    528 |   13 |     13 |
+------------------------------+--------+--------+------+--------+
| [Epodonios]                  |   4320 |   3323 |   51 |     29 |
+------------------------------+--------+--------+------+--------+
| [Free-clash-v2ray]           |   4725 |   2047 |  497 |     29 |
+------------------------------+--------+--------+------+--------+
| [V2rayclashfree-RSS]         |   1690 |    253 |  104 |     29 |
+------------------------------+--------+--------+------+--------+
============================================================
[SUMMARY] total_nodes=27460
[SUMMARY] legal_candidates=17607
[SUMMARY] passed_latency_test=350
[SUMMARY] region_HK=7 region_JP=11 region_US=88
[SUMMARY] avg_latency_ms=409.25
[SUMMARY] output=/home/runner/work/Free-node-autotest/Free-node-autotest/output/clash.yaml
============================================================
