============================================================
[INFO] sublink try page | url=https://end-gfw.com
[WARN] source try failed | reason=403 Client Error: Forbidden for url: https://x.com/end_gfw | url=https://x.com/end_gfw
[WARN] source try failed | reason=403 Client Error: Forbidden for url: https://mirror.v2gh.com/https%3A//raw.githubusercontent.com/Pawdroid/Free-servers/main/sub | url=https://mirror.v2gh.com/https://raw.githubusercontent.com/Pawdroid/Free-servers/main/sub
[OK] proxies=6 | new=6 | url=https://raw.githubusercontent.com/hello-world-1989/cn-news/main/end-gfw-free
[OK] proxies=6 | new=0 | url=https://raw.githubusercontent.com/hello-world-1989/cn-news/main/clash-free.yaml[WARN] source try failed | reason=404 Client Error: Not Found for url: https://xn--id-j45c549n.net/ | url=https://xn--id-j45c549n.net/

[INFO] source try link | url=https://end-gfw.com/ss-key
[OK] proxies=4 | new=4 | url=https://end-gfw.com/ss-key
[INFO] sublink try repo | url=https://github.com/hello-world-1989/cn-news
[INFO] sublink try page | url=https://raw.githubusercontent.com/hello-world-1989/cn-news/main/README.md
[OK] proxies=2 | new=2 | url=https://raw.githubusercontent.com/hello-world-1989/cn-news/main/end-gfw-together
[OK] proxies=6 | new=6 | url=https://raw.githubusercontent.com/hello-world-1989/v2-sub/main/end-gfw-together-af3e13
[OK] proxies=2 | new=0 | url=https://raw.githubusercontent.com/hello-world-1989/cn-news/refs/heads/main/clash.yaml
[OK] proxies=18 | source=[大FQ运动] | url=https://raw.githubusercontent.com/hello-world-1989/cn-news/main/README.md
[WARN] source try failed | reason=HTTPSConnectionPool(host='v2rayshare.githubrowcontent.com', port=443): Max retries exceeded with url: /2025/12/20251231.txt (Caused by NameResolutionError("HTTPSConnection(host='v2rayshare.githubrowcontent.com', port=443): Failed to resolve 'v2rayshare.githubrowcontent.com' ([Errno -2] Name or service not known)")) | url=https://v2rayshare.githubrowcontent.com/2025/12/20251231.txt[WARN] source try failed | reason=HTTPSConnectionPool(host='v2rayshare.githubrowcontent.com', port=443): Max retries exceeded with url: /2025/12/20251231.yaml (Caused by NameResolutionError("HTTPSConnection(host='v2rayshare.githubrowcontent.com', port=443): Failed to resolve 'v2rayshare.githubrowcontent.com' ([Errno -2] Name or service not known)")) | url=https://v2rayshare.githubrowcontent.com/2025/12/20251231.yaml============================================================


[INFO] sublink try repo | url=https://github.com/Pawdroid/Free-servers
[INFO] sublink try page | url=https://raw.githubusercontent.com/Pawdroid/Free-servers/main/README.md
[OK] proxies=11 | new=11 | url=https://raw.githubusercontent.com/Pawdroid/Free-servers/main/README.md
[OK] proxies=11 | new=0 | url=https://raw.githubusercontent.com/Pawdroid/Free-servers/main/sub
[OK] proxies=1 | new=1 | url=https://apps.apple.com/cn/app/shadowshare/id1612647259
[OK] proxies=1 | new=1 | url=http://www.surflare.com
[OK] proxies=13 | source=[Pawdroid] | url=https://raw.githubusercontent.com/Pawdroid/Free-servers/main/README.md
============================================================
[INFO] source try link | url=https://xmxosfepggzm.503403.xyz
[OK] proxies=3 | new=3 | url=https://xmxosfepggzm.503403.xyz
[OK] proxies=3 | source=[FreeV2-Base64] | url=https://xmxosfepggzm.503403.xyz
============================================================
[INFO] source try link | url=https://links.bocchi2b.top/clash
[OK] proxies=35 | new=35 | url=https://links.bocchi2b.top/clash
[OK] proxies=35 | source=[Bocchi2b-Base64] | url=https://links.bocchi2b.top/clash[WARN] source try failed | reason=HTTPSConnectionPool(host='v2rayshare.githubrowcontent.com', port=443): Max retries exceeded with url: /2024/07/20240701.txt (Caused by NameResolutionError("HTTPSConnection(host='v2rayshare.githubrowcontent.com', port=443): Failed to resolve 'v2rayshare.githubrowcontent.com' ([Errno -2] Name or service not known)")) | url=https://v2rayshare.com/wp-content/uploads/2024/03/20240320.txt
[WARN] source try failed | reason=HTTPSConnectionPool(host='nodefree.githubrowcontent.com', port=443): Max retries exceeded with url: /2024/07/20240705.txt (Caused by NameResolutionError("HTTPSConnection(host='nodefree.githubrowcontent.com', port=443): Failed to resolve 'nodefree.githubrowcontent.com' ([Errno -2] Name or service not known)")) | url=https://nodefree.org/dy/2024/03/20240320.txt
[WARN] source try failed | reason=400 Client Error: Bad Request for url: https://oss.v2rayse.com/proxies/data/2024-03-20/2u1ntze.txt | url=https://oss.v2rayse.com/proxies/data/2024-03-20/2u1ntze.txt
[WARN] source try failed | reason=('Connection aborted.', RemoteDisconnected('Remote end closed connection without response')) | url=https://www.ckcloud.xyz/api/v1/client/subscribe?token=528fedb391871a0a9b557c5369781ba9
[WARN] source try failed | reason=403 Client Error: Forbidden for url: https://xn--30rs3bu7r87f.com/api/v1/client/subscribe?token=2b981ee5d0170cb3196bcf7017148807 | url=https://xn--30rs3bu7r87f.com/api/v1/client/subscribe?token=2b981ee5d0170cb3196bcf7017148807

[WARN] source try failed | reason=404 Client Error: Not Found for url: https://fastestcloud.xyz/api/v1/client/subscribe?token=c0a4aafbde9d90c05d1aebf0b2440778 | url=https://fastestcloud.xyz/api/v1/client/subscribe?token=c0a4aafbde9d90c05d1aebf0b2440778
============================================================
[INFO] source try link | url=https://freesocks.org/api/v1/sub/02b897e8e77f19176b0b9f2c75864b00
[OK] proxies=1 | new=1 | url=https://freesocks.org/api/v1/sub/02b897e8e77f19176b0b9f2c75864b00
[INFO] source try link | url=https://freesocks.org/api/v1/sub/4cae35810e6f5c4d92e28e32104e0080
[OK] proxies=3 | new=3 | url=https://freesocks.org/api/v1/sub/4cae35810e6f5c4d92e28e32104e0080
[OK] proxies=4 | source=[Freesocks] | url=https://freesocks.org/api/v1/sub/4cae35810e6f5c4d92e28e32104e0080
============================================================
[INFO] source try link | url=https://neko-warp.nloli.xyz/neko_warp.yaml
[OK] proxies=10 | new=10 | url=https://neko-warp.nloli.xyz/neko_warp.yaml
[OK] proxies=10 | source=[NekoWarp] | url=https://neko-warp.nloli.xyz/neko_warp.yaml
============================================================
[INFO] article try feed | url=https://free.datiya.com/index.xml
[INFO] sublink try page | url=https://free.datiya.com/post/20261002/
[OK] proxies=14 | new=14 | url=https://free.datiya.com/uploads/20261002-clash.yaml
[OK] proxies=14 | source=[OpenRunner-RSS] | url=https://free.datiya.com/post/20261002/[WARN] source try failed | reason=404 Client Error: Not Found for url: https://raw.githubusercontent.com/MrMohebi/xray-proxy-grabber-telegram/master/collected-proxies/clash-meta/all.yaml | url=https://raw.githubusercontent.com/MrMohebi/xray-proxy-grabber-telegram/master/collected-proxies/clash-meta/all.yaml[WARN] source try failed | reason=404 Client Error: Not Found for url: https://raw.githubusercontent.com/lagzian/SS-Collector/main/mix_clash.yaml | url=https://raw.githubusercontent.com/lagzian/SS-Collector/main/mix_clash.yaml
[WARN] source try failed | reason=404 Client Error: Not Found for url: https://raw.githubusercontent.com/mfuu/v2ray/master/clash.yaml | url=https://raw.githubusercontent.com/mfuu/v2ray/master/clash.yaml
[WARN] source try failed | reason=404 Client Error: Not Found for url: https://raw.githubusercontent.com/aiboboxx/clashfree/main/clash.yml | url=https://raw.githubusercontent.com/aiboboxx/clashfree/main/clash.yml


============================================================
[INFO] article try feed | url=https://v2rayshare.com/feed
[INFO] sublink try page | url=https://v2rayshare.com/p/4097.html
[INFO] sublink try repo | url=https://github.com/firefoxmmx2/v2rayshare_subcription
[INFO] sublink try page | url=https://raw.githubusercontent.com/firefoxmmx2/v2rayshare_subcription/main/README.md
[OK] proxies=22 | new=22 | url=https://{raw.githubusercontent.com|cdn.jsdelivr.net}/firefoxmmx2/v2rayshare_subcription/main/subscription/mihomo_sub.yaml
[OK] proxies=21 | new=0 | url=https://{raw.githubusercontent.com|cdn.jsdelivr.net}/firefoxmmx2/v2rayshare_subcription/main/subscription/clash_sub.yaml
[OK] proxies=22 | new=0 | url=https://{raw.githubusercontent.com|cdn.jsdelivr.net}/firefoxmmx2/v2rayshare_subcription/main/subscription/vray_sub.txt
[OK] proxies=22 | source=[V2Rayshare-RSS] | url=https://raw.githubusercontent.com/firefoxmmx2/v2rayshare_subcription/main/README.md
============================================================
[INFO] article try feed | url=https://www.mibei77.com/feed
[INFO] sublink try page | url=https://www.mibei77.com/713.html
[OK] proxies=65 | new=65 | url=https://mm.mibei77.com/202610/10.0264bacdq.txt
[OK] proxies=63 | new=0 | url=https://mm.mibei77.com/202610/1002Clashizx.yaml
[OK] proxies=65 | source=[Mibei77-RSS] | url=https://www.mibei77.com/713.html
============================================================
[INFO] article try feed | url=https://yoyapai.com/feed
[INFO] sublink try page | url=https://yoyapai.com/749
[OK] proxies=273 | new=273 | url=https://freenode.yoyapai.com/2026/10/02-yoyapai.com-ssrv2ray-vpnmianfeijiedian.txt
[OK] proxies=1 | new=1 | url=https://yoyapai.com/749
[OK] proxies=273 | new=0 | url=https://freenode.yoyapai.com/2026/10/02-yoyapai.com-clash-vpnmianfeijiedian.yaml
[OK] proxies=274 | source=[Yoyapai-RSS] | url=https://yoyapai.com/749
============================================================
[INFO] sublink try repo | url=https://github.com/free18/v2ray
[INFO] sublink try page | url=https://raw.githubusercontent.com/free18/v2ray/main/README.md
[OK] proxies=3 | new=3 | url=https://raw.githubusercontent.com/free18/v2ray/main/README.md
[OK] proxies=61 | new=61 | url=https://ghfast.top/https://raw.githubusercontent.com/free18/v2ray/refs/heads/main/c.yaml
[OK] proxies=61 | new=0 | url=https://ghfast.top/https://raw.githubusercontent.com/free18/v2ray/refs/heads/main/v.txt
[OK] proxies=64 | source=[免费节点1] | url=https://raw.githubusercontent.com/free18/v2ray/main/README.md
============================================================
[INFO] sublink try repo | url=https://github.com/ermaozi/get_subscribe
[INFO] sublink try page | url=https://raw.githubusercontent.com/ermaozi/get_subscribe/main/README.md
[INFO] sublink file_nodes=0 | bare links=9
[OK] proxies=454 | new=454 | url=https://{blog.ermao.net|www.ermao.net}/sub/{reachable|unreachable|untested}/clash/ermao.net
[OK] proxies=573 | new=119 | url=https://blog.ermao.net/sub/{clash|v2ray}/ermao.net
[OK] proxies=573 | source=[免费节点2] | url=https://raw.githubusercontent.com/ermaozi/get_subscribe/main/README.md
============================================================
[INFO] sublink try repo | url=https://github.com/sunmiao4458/free-proxy-airport
[INFO] sublink try page | url=https://raw.githubusercontent.com/sunmiao4458/free-proxy-airport/main/README.md
[OK] proxies=28 | new=28 | url=https://sunmiao4458.github.io/free-proxy-airport/clash.yaml
[OK] proxies=28 | source=[免费节点3] | url=https://raw.githubusercontent.com/sunmiao4458/free-proxy-airport/main/README.md
============================================================
[INFO] sublink try repo | url=https://github.com/mfuu/FreeProxies
[INFO] sublink try page | url=https://raw.githubusercontent.com/mfuu/FreeProxies/master/README.md
[OK] proxies=832 | new=832 | url=https://raw.githubusercontent.com/mfuu/FreeProxies/master/sub.yaml
[OK] proxies=832 | source=[免费节点4] | url=https://raw.githubusercontent.com/mfuu/FreeProxies/master/README.md
============================================================
[INFO] sublink try repo | url=https://github.com/vxiaov/free_proxies
[INFO] sublink try page | url=https://raw.githubusercontent.com/vxiaov/free_proxies/main/README.md
[OK] proxies=28 | new=28 | url=https://{cdn.jsdelivr.net|raw.githubusercontent.com}/vxiaov/free_proxies/main/clash/clash.provider.yaml
[OK] proxies=1 | new=1 | url=https://raw.githubusercontent.com/vxiaov/free_proxies/main/README.md
[OK] proxies=29 | source=[免费节点5] | url=https://raw.githubusercontent.com/vxiaov/free_proxies/main/README.md
============================================================
[INFO] sublink try repo | url=https://github.com/anaer/Sub
[INFO] sublink try page | url=https://raw.githubusercontent.com/anaer/Sub/main/README.MD
[OK] proxies=1749 | new=1749 | url=https://anaer.github.io/Sub/clash.yaml
[OK] proxies=1749 | new=0 | url=https://raw.githubusercontent.com/anaer/Sub/main/clash.yaml
[OK] proxies=1749 | source=[免费节点6] | url=https://raw.githubusercontent.com/anaer/Sub/main/README.MD
============================================================
[INFO] sublink try repo | url=https://github.com/snakem982/proxypool
[INFO] sublink try page | url=https://raw.githubusercontent.com/snakem982/proxypool/main/README.md
[OK] proxies=64 | new=64 | url=https://raw.githubusercontent.com/snakem982/proxypool/main/source/clash-meta-2.yaml
[OK] proxies=59 | new=0 | url=https://raw.githubusercontent.com/snakem982/proxypool/main/source/v2ray-2.txt
[OK] proxies=59 | new=0 | url=https://raw.githubusercontent.com/snakem982/proxypool/main/source/sing-box-2.json
[OK] proxies=64 | source=[免费节点7] | url=https://raw.githubusercontent.com/snakem982/proxypool/main/README.md
============================================================
[INFO] sublink try repo | url=https://github.com/mahdibland/V2RayAggregator
[INFO] sublink try page | url=https://raw.githubusercontent.com/mahdibland/V2RayAggregator/master/README.md
[OK] proxies=199 | new=199 | url=https://raw.githubusercontent.com/mahdibland/ShadowsocksAggregator/master/Eternity.yml
[OK] proxies=1 | new=1 | url=https://cdn.jsdelivr.net/gh/mahdibland/V2RayAggregator@master/update/provider/provider-meta.yml
[OK] proxies=196 | new=6 | url=https://raw.githubusercontent.com/mahdibland/ShadowsocksAggregator/master/Eternity.txt
[OK] proxies=569 | new=561 | url=https://raw.githubusercontent.com/mahdibland/ShadowsocksAggregator/master/sub/splitted/trojan.txt
[OK] proxies=385 | new=186 | url=https://raw.githubusercontent.com/mahdibland/V2RayAggregator/master/README.md
[OK] proxies=61 | new=61 | url=https://raw.githubusercontent.com/mahdibland/ShadowsocksAggregator/master/EternityAir.txt
[OK] proxies=1 | new=0 | url=https://cdn.jsdelivr.net/gh/mahdibland/V2RayAggregator@master/update/provider/provider-meta-others.yml
[OK] proxies=3954 | new=3097 | url=https://raw.githubusercontent.com/mahdibland/SSAggregator/master/sub/sub_merge_base64.txt
[OK] proxies=1 | new=0 | url=https://cdn.jsdelivr.net/gh/mahdibland/V2RayAggregator@master/update/provider/provider.yml
[OK] proxies=61 | new=0 | url=https://raw.githubusercontent.com/mahdibland/SSAggregator/master/sub/airport_merge_base64.txt
[OK] proxies=61 | new=0 | url=https://raw.githubusercontent.com/mahdibland/SSAggregator/master/sub/airport_sub_merge.txt
[OK] proxies=1 | new=0 | url=https://cdn.jsdelivr.net/gh/mahdibland/V2RayAggregator@master/update/provider/provider-cn.yml
[OK] proxies=1 | new=0 | url=https://github.com/mahdibland/SSAggregator/actions/workflows/Airport_Collector.yml
[OK] proxies=1 | new=0 | url=https://github.com/mahdibland/SSAggregator/actions/workflows/Collector.yml
[OK] proxies=4116 | new=226 | url=https://raw.githubusercontent.com/mahdibland/SSAggregator/master/sub/sub_merge_yaml.yml
[OK] proxies=54 | new=0 | url=https://raw.githubusercontent.com/mahdibland/ShadowsocksAggregator/master/sub/splitted/ssr.txt
[OK] proxies=1867 | new=0 | url=https://raw.githubusercontent.com/mahdibland/ShadowsocksAggregator/master/sub/splitted/ss.txt
[OK] proxies=1464 | new=0 | url=https://raw.githubusercontent.com/mahdibland/ShadowsocksAggregator/master/sub/splitted/vmess.txt
[OK] proxies=1 | new=0 | url=https://cdn.jsdelivr.net/gh/mahdibland/V2RayAggregator@master/update/provider/provider-others.yml
[OK] proxies=1 | new=0 | url=https://cdn.jsdelivr.net/gh/mahdibland/V2RayAggregator@master/update/provider/provider-meta-cn.yml
[OK] proxies=3954 | new=0 | url=https://raw.githubusercontent.com/mahdibland/{SSAggregator|ShadowsocksAggregator}/master/sub/sub_merge.txt
[OK] proxies=4337 | source=[免费节点8] | url=https://raw.githubusercontent.com/mahdibland/V2RayAggregator/master/README.md
============================================================
[INFO] sublink try repo | url=https://github.com/w1770946466/Auto_proxy
[INFO] sublink try page | url=https://raw.githubusercontent.com/w1770946466/Auto_proxy/main/README.md
[OK] proxies=489 | new=489 | url=https://raw.githubusercontent.com/w1770946466/Auto_proxy/main/Long_term_subscription_num
[OK] proxies=1 | new=1 | url=https://github.com/w1770946466/Auto_proxy/actions/workflows/main.yml
[OK] proxies=245 | new=125 | url=https://raw.githubusercontent.com/w1770946466/Auto_proxy/main/{Long_term_subscription2.yaml|Long_term_subscription1.yaml|Long_term_subscription3.yaml}
[OK] proxies=489 | new=0 | url=https://raw.githubusercontent.com/w1770946466/Auto_proxy/main/{Long_term_subscription1|Long_term_subscription2|Long_term_subscription3|Long_term_subscription4|Long_term_subscription5|Long_term_subscription6|Long_term_subscription7|Long_term_subscription8}
[OK] proxies=615 | source=[免费节点9] | url=https://raw.githubusercontent.com/w1770946466/Auto_proxy/main/README.md[WARN] source try failed | reason=404 Client Error: Not Found for url: https://raw.githubusercontent.com/Epodonios/v2ray-configs/refs/heads/main/Sub9.txt | url=https://raw.githubusercontent.com/Epodonios/v2ray-configs/refs/heads/main/Sub9.txt[WARN] source try failed | reason=404 Client Error: Not Found for url: https://raw.githubusercontent.com/Epodonios/v2ray-configs/refs/heads/main/Sub10.txt | url=https://raw.githubusercontent.com/Epodonios/v2ray-configs/refs/heads/main/Sub10.txt[WARN] source try failed | reason=404 Client Error: Not Found for url: https://raw.githubusercontent.com/Epodonios/v2ray-configs/refs/heads/main/Sub12.txt | url=https://raw.githubusercontent.com/Epodonios/v2ray-configs/refs/heads/main/Sub12.txt[WARN] source try failed | reason=404 Client Error: Not Found for url: https://raw.githubusercontent.com/Epodonios/v2ray-configs/refs/heads/main/Sub11.txt | url=https://raw.githubusercontent.com/Epodonios/v2ray-configs/refs/heads/main/Sub11.txt[WARN] source try failed | reason=404 Client Error: Not Found for url: https://raw.githubusercontent.com/Epodonios/v2ray-configs/refs/heads/main/Sub13.txt | url=https://raw.githubusercontent.com/Epodonios/v2ray-configs/refs/heads/main/Sub13.txt
[WARN] source try failed | reason=404 Client Error: Not Found for url: https://raw.githubusercontent.com/Epodonios/v2ray-configs/refs/heads/main/Sub14.txt | url=https://raw.githubusercontent.com/Epodonios/v2ray-configs/refs/heads/main/Sub14.txt

============================================================
[INFO] sublink try repo | url=https://github.com/PuddinCat/BestClash
[INFO] sublink try page | url=https://raw.githubusercontent.com/PuddinCat/BestClash/main/README.md
[OK] proxies=91 | new=91 | url=https://raw.githubusercontent.com/Misaka-blog/chromego_merge/main/sub/merged_proxies_new.yaml
[OK] proxies=24 | new=24 | url=https://freenode.openrunner.net/uploads/20240807-clash.yaml
[OK] proxies=16 | new=16 | url=https://raw.githubusercontent.com/PuddinCat/BestClash/main/proxies.yaml
[OK] proxies=144 | new=144 | url=https://raw.githubusercontent.com/zhangkaiitugithub/passcro/main/speednodes.yaml
[OK] proxies=87 | new=7 | url=https://raw.githubusercontent.com/{chengaopan|peasoft}/{AutoMergePublicNodes|NoMoreWalls}/master/list.yml
[OK] proxies=28 | new=28 | url=https://cdn.jsdelivr.net/gh/vxiaov/free_proxies@main/clash/clash.provider.yaml
[OK] proxies=165 | new=165 | url=https://raw.githubusercontent.com/ronghuaxueleng/get_v2/main/pub/combine.yaml
[OK] proxies=454 | new=229 | url=https://raw.githubusercontent.com/{ermaozi|ermaozi01}/{get_subscribe|free_clash_vpn}/main/subscribe/clash.yml
[OK] proxies=199 | new=172 | url=https://raw.githubusercontent.com/mahdibland/ShadowsocksAggregator/master/Eternity.yml
[OK] proxies=4896 | new=4720 | url=https://raw.githubusercontent.com/{NiceVPN123|anaer}/{NiceVPN|Sub}/main/{Clash.yaml|clash.yaml}
[OK] proxies=5596 | source=[免费节点10] | url=https://raw.githubusercontent.com/PuddinCat/BestClash/main/README.md
============================================================




[INFO] sublink try repo | url=https://github.com/kooker/FreeSubsCheck
[INFO] sublink try page | url=https://raw.githubusercontent.com/kooker/FreeSubsCheck/main/README.md
[OK] proxies=3 | new=3 | url=https://raw.githubusercontent.com/kooker/FreeSubsCheck/main/all.yaml
[OK] proxies=3 | new=0 | url=https://raw.githubusercontent.com/kooker/FreeSubsCheck/main/mihomo.yaml
[OK] proxies=2 | new=2 | url=https://raw.githubusercontent.com/kooker/FreeSubsCheck/main/byxiaoxi.txt
[OK] proxies=3 | new=3 | url=https://raw.githubusercontent.com/kooker/FreeSubsCheck/main/base64.txt
[OK] proxies=686 | new=685 | url=https://raw.githubusercontent.com/kooker/FreeSubsCheck/main/kooker.jp.txt
[OK] proxies=693 | source=[免费节点11] | url=https://raw.githubusercontent.com/kooker/FreeSubsCheck/main/README.md
============================================================
[INFO] toolkit try repo | url=https://github.com/bannedbook/fanqiang
[INFO] toolkit try release | url=https://github.com/bannedbook/fanqiang/releases
[INFO] toolkit try release | url=https://github.com/bannedbook/fanqiang/releases/expanded_assets/ChromeGo-latest
[INFO] toolkit try download | url=https://github.com/bannedbook/fanqiang/releases/download/ChromeGo-latest/ChromeGo.7z
[OK] toolkit downloaded | file=ChromeGo.7z | size=96.2mb | time=33.2s
[OK] toolkit extracted | archive=ChromeGo.7z | tool=7z | files=222 | dirs=45
[OK] toolkit discovered | subs=107 | embedded=46 | scan=33.2s | archive=ChromeGo.7z
[OK] proxies=12 | new=12 | embedded=archive-config
[OK] proxies=3 | new=3 | url=https://www.67867867.xyz/Alvin9999/PAC/refs/heads/master/backup/img/1/2/{ipp|ip}/clash.meta2/{5|6|3|1|4|2}/config.yaml
[OK] proxies=3 | new=0 | url=https://gitlab.com/free9999/ipupdate/master/backup/img/1/2/{ipp|ip}/clash.meta2/{5|6|3|1|4|2}/config.yaml
[OK] proxies=7 | new=5 | url=https://www.67867867.xyz/Alvin9999/PAC/refs/heads/master/backup/img/1/2/{ipp|ip}/{hysteria2|singbox|naiveproxy|hysteria|xray}/{3|1|4|2}/config.json
[OK] proxies=7 | new=0 | url=https://gitlab.com/free9999/ipupdate/master/backup/img/1/2/{ipp|ip}/{hysteria2|singbox|naiveproxy|hysteria|xray}/{3|1|4|2}/config.json
[OK] proxies=20 | source=[ChromeGO-Toolkit] | url=https://github.com/bannedbook/fanqiang/releases/download/ChromeGo-latest/ChromeGo.7z
============================================================
[INFO] sublink try repo | url=https://github.com/ShiteThings/extractNodes
[INFO] sublink try page | url=https://raw.githubusercontent.com/ShiteThings/extractNodes/main/README.md
[OK] proxies=26 | new=26 | url=https://chg26.makou.cc.cd/sb
[OK] proxies=31 | new=5 | url=https://{chg26.makou.cc.cd|chg64.makou.cc.cd}
[OK] proxies=31 | source=[ChromeGO-ShiteThings] | url=https://raw.githubusercontent.com/ShiteThings/extractNodes/main/README.md
============================================================
[INFO] sublink try repo | url=https://github.com/shangui999/chromego_merge
[INFO] sublink try page | url=https://raw.githubusercontent.com/shangui999/chromego_merge/master/ReadMe.md
[OK] proxies=11 | new=11 | url=https://freedman.netlify.app/sub/merged_warp_proxies_new.yaml
[OK] proxies=16 | new=16 | url=https://freedman.netlify.app/sub/sb.json
[OK] proxies=10 | new=0 | url=https://freedman.netlify.app/sub/merged_proxies_new.yaml
[OK] proxies=11 | new=6 | url=https://freedman.netlify.app/sub/shadowrocket_base64.txt
[INFO] sublink try repo | url=https://github.com/yaney01/chromego
[INFO] sublink try page | url=https://raw.githubusercontent.com/yaney01/chromego/main/ReadMe.md
[OK] proxies=51 | new=46 | url=https://raw.githubusercontent.com/yaney01/chromego/main/sub/merged_warp_proxies_new.yaml
[OK] proxies=50 | new=0 | url=https://raw.githubusercontent.com/yaney01/chromego/main/sub/merged_proxies_new.yaml
[OK] proxies=13 | new=7 | url=https://raw.githubusercontent.com/yaney01/chromego/main/sub/shadowrocket_base64.txt
[OK] proxies=13 | new=0 | url=https://raw.githubusercontent.com/yaney01/chromego/main/sub/sb.json
[INFO] sublink try repo | url=https://github.com/Misaka-blog/chromego_merge
[INFO] sublink try page | url=https://raw.githubusercontent.com/Misaka-blog/chromego_merge/main/README.md
[OK] proxies=91 | new=91 | url=https://chromego-sub.netlify.app/sub/merged_proxies_new.yaml
[OK] proxies=177 | source=[ChromeGO-Merge] | url=https://raw.githubusercontent.com/Misaka-blog/chromego_merge/main/README.md
============================================================
[INFO] toolkit try repo | url=https://github.com/Pawdroid/shadowrocket_for_android
[INFO] toolkit try release | url=https://github.com/Pawdroid/shadowrocket_for_android/releases
[INFO] toolkit try release | url=https://github.com/Pawdroid/shadowrocket_for_android/releases/expanded_assets/10.10.55
[INFO] toolkit try download | url=https://github.com/Pawdroid/shadowrocket_for_android/releases/download/10.10.55/Shadowrocket_10.10.55_shadowrocketStandard_arm64-v8a.apk
[OK] toolkit downloaded | file=Shadowrocket_10.10.55_shadowrocketStandard_arm64-v8a.apk | size=39.5mb | time=17.0s
[OK] toolkit extracted | archive=Shadowrocket_10.10.55_shadowrocketStandard_arm64-v8a.apk | tool=zipfile | files=1179 | dirs=44
[OK] toolkit sr-apk scanned | prefixes=38 | files=6 | keys=2 | archive=Shadowrocket_10.10.55_shadowrocketStandard_arm64-v8a.apk
[OK] proxies=626 | new=626 | url=https://{raw.githubusercontent.com|cdn.jsdelivr.net}/pixelor/ecfg/main/data/ecfg6_en
[OK] proxies=844 | new=271 | url=https://{raw.githubusercontent.com|cdn.jsdelivr.net}/pixelor/ecfg/main/data/ecfg6_zh
[OK] proxies=92 | new=54 | url=https://{cdn.jsdelivr.net|raw.githubusercontent.com}/pixelor/ecfg/main/data/ecfg6
[OK] proxies=55 | new=0 | url=https://{files.shadowrockets.app|cdn.shadowrockets.app}/ecfg/data/ecfg6
[OK] proxies=455 | new=0 | url=https://{files.shadowrockets.app|cdn.shadowrockets.app}/ecfg/data/ecfg6_en
[OK] proxies=455 | new=0 | url=https://{files.shadowrockets.app|cdn.shadowrockets.app}/ecfg/data/ecfg6_zh
[OK] proxies=951 | source=[Pawdroid-SR-APK] | url=https://github.com/Pawdroid/shadowrocket_for_android/releases/download/10.10.55/Shadowrocket_10.10.55_shadowrocketStandard_arm64-v8a.apk
============================================================
[INFO] toolkit try page | url=https://shadowshare.v2cross.com
[INFO] toolkit try download | url=https://shadowshare.v2cross.com/shadowshare.apk
[OK] toolkit downloaded | file=shadowshare.apk | size=60mb | time=27.5s
[OK] toolkit extracted | archive=shadowshare.apk | tool=zipfile | files=612 | dirs=39
[OK] toolkit ss-apk scanned | prefixes=10 | files=3 | keys=1 | archive=shadowshare.apk
[OK] proxies=216 | new=216 | url=https://{raw.githubusercontent.com|jsd.onmicrosoft.cn}/hideme9527/ecsfg/main/data/sareserver
[OK] proxies=1386 | new=1281 | url=https://{raw.githubusercontent.com|jsd.onmicrosoft.cn}/hideme9527/ecsfg/main/data/sareserver_en
[OK] proxies=46 | new=0 | url=https://{shadowsharing.com|sare.159236.xyz}/data/sareserver
[OK] proxies=1386 | new=0 | url=https://{shadowsharing.com|sare.159236.xyz}/data/sareserver_en
[OK] proxies=46 | new=0 | url=https://gitee.com/api/v5/repos/{elvenapp|zhiminghao|guoyoucai1}/ecsfg/raw/data/sareserver
[OK] proxies=1386 | new=0 | url=https://gitee.com/api/v5/repos/{guoyoucai1|elvenapp|zhiminghao}/ecsfg/raw/data/sareserver_en
[OK] proxies=1497 | source=[Pawdroid-SS-APK] | url=https://shadowshare.v2cross.com/shadowshare.apk
============================================================
[INFO] toolkit try chrome | url=https://chromewebstore.google.com/detail/free-vpn-proxy-1vpn/akcocjjpkmlniicdeemdceeajlmoabhg
[INFO] toolkit try download | url=https://clients2.google.com/service/update2/crx?response=redirect&prodversion=131.0.6778.0&acceptformat=crx2,crx3&x=id%3dakcocjjpkmlniicdeemdceeajlmoabhg%26uc
[OK] toolkit downloaded | file=free-vpn-proxy-1vpn.crx | size=1.6mb | time=7.7s
[OK] toolkit extracted | archive=free-vpn-proxy-1vpn.crx | tool=zipfile | files=68 | dirs=57
[OK] toolkit 1vpn-crx scanned | hosts=17 | keys=1 | archive=free-vpn-proxy-1vpn.crx
[OK] proxies=17 | source=[1VPN-CRX] | url=https://clients2.google.com/service/update2/crx?response=redirect&prodversion=131.0.6778.0&acceptformat=crx2,crx3&x=id%3dakcocjjpkmlniicdeemdceeajlmoabhg%26uc
============================================================
[INFO] sublink try repo | url=https://github.com/free-nodes/clashfree
[INFO] sublink try page | url=https://raw.githubusercontent.com/free-nodes/clashfree/main/README.md
[OK] proxies=311 | new=311 | url=https://raw.githubusercontent.com/free-nodes/clashfree/main/README.md
[OK] proxies=1 | new=1 | url=https://github.com/free-nodes/clashfree/blob/main/clash20261002.yml
[OK] proxies=311 | new=0 | url=https://raw.githubusercontent.com/free-nodes/clashfree/main/clash20261002.yml
[OK] proxies=312 | source=[Clashfree] | url=https://raw.githubusercontent.com/free-nodes/clashfree/main/README.md
============================================================
[INFO] sublink try repo | url=https://github.com/Epodonios/v2ray-configs
[INFO] sublink try page | url=https://raw.githubusercontent.com/Epodonios/v2ray-configs/main/README.md
[OK] proxies=3494 | new=3494 | url=https://github.com/Epodonios/v2ray-configs/raw/main/Splitted-By-Protocol/vless.txt
[OK] proxies=373 | new=373 | url=https://github.com/Epodonios/v2ray-configs/raw/main/Splitted-By-Protocol/ss.txt
[OK] proxies=4278 | new=529 | url=https://github.com/Epodonios/v2ray-configs/raw/main/All_Configs_base64_Sub.txt
[OK] proxies=158 | new=4 | url=https://github.com/Epodonios/v2ray-configs/raw/main/Splitted-By-Protocol/trojan.txt
[OK] proxies=191 | new=24 | url=https://github.com/Epodonios/v2ray-configs/raw/main/Splitted-By-Protocol/vmess.txt
[OK] proxies=4278 | new=0 | url=https://github.com/Epodonios/v2ray-configs/raw/main/All_Configs_Sub.txt
[OK] proxies=1 | new=1 | url=https://github.com/Epodonios/V2ray-Configs/actions/workflows/main.yml
[OK] proxies=4278 | new=0 | url=https://raw.githubusercontent.com/Epodonios/v2ray-configs/main/{Sub1.txt|Sub2.txt|Sub3.txt|Sub4.txt|Sub5.txt|Sub6.txt|Sub7.txt|Sub8.txt}
[OK] proxies=4425 | source=[Epodonios] | url=https://raw.githubusercontent.com/Epodonios/v2ray-configs/main/README.md
============================================================
[INFO] sublink try repo | url=https://github.com/free-clash-v2ray/free-clash-v2ray.github.io
[INFO] sublink try page | url=https://raw.githubusercontent.com/free-clash-v2ray/free-clash-v2ray.github.io/main/README.md
[OK] proxies=2984 | new=2984 | url=https://free-clash-v2ray.github.io/uploads/2026/09/{0-20260927.yaml|1-20260927.yaml|2-20260927.yaml|3-20260927.yaml}
[OK] proxies=3129 | new=537 | url=https://free-clash-v2ray.github.io/uploads/2026/09/{0-20260927.txt|1-20260927.txt|2-20260927.txt|3-20260927.txt|4-20260927.txt}
[OK] proxies=3521 | source=[Free-clash-v2ray] | url=https://raw.githubusercontent.com/free-clash-v2ray/free-clash-v2ray.github.io/main/README.md
============================================================
[INFO] article try page | url=https://v2rayclashfree.com
[INFO] sublink try page | url=https://v2rayclashfree.com/fn/20261002.html
[WARN] sublink discovery failed | reason=no links | url=https://v2rayclashfree.com/fn/20261002.html
[INFO] sublink try page | url=https://v2rayclashfree.com/fn/20261001.html
[WARN] sublink discovery failed | reason=no links | url=https://v2rayclashfree.com/fn/20261001.html
[INFO] sublink try page | url=https://v2rayclashfree.com/fn/20260930.html
[OK] proxies=2867 | new=2867 | url=https://v2rayclashfree.com/sub/20260930-v2ray.txt
[OK] proxies=2901 | new=539 | url=https://v2rayclashfree.com/sub/20260930-clash.yaml
[OK] proxies=3406 | source=[V2rayclashfree-RSS] | url=https://v2rayclashfree.com/fn/20260930.html
============================================================
[INFO] toolkit try repo | url=https://github.com/MetaCubeX/meta-rules-dat
[INFO] toolkit try release | url=https://github.com/MetaCubeX/meta-rules-dat/releases
[INFO] toolkit try release | url=https://github.com/MetaCubeX/meta-rules-dat/releases/expanded_assets/latest
[INFO] toolkit try download | url=https://github.com/MetaCubeX/meta-rules-dat/releases/download/latest/country.mmdb
[OK] toolkit downloaded | file=country.mmdb | size=7.3mb | time=5.3s
[INFO] toolkit try repo | url=https://github.com/mledoze/countries
[INFO] toolkit try release | url=https://github.com/mledoze/countries/releases
[INFO] toolkit try release | url=https://github.com/mledoze/countries/releases/expanded_assets/v1.8.0
[INFO] toolkit try download | url=https://github.com/mledoze/countries/archive/refs/tags/v1.8.0.zip
[OK] toolkit downloaded | file=countries-1.8.0.zip | size=4.8mb | time=19.6s
[OK] toolkit extracted | archive=countries-1.8.0.zip | tool=zipfile | files=528 | dirs=8
[OK] toolkit found | file=countries.json | from=countries-1.8.0.zip
[OK] geo score ready | files=country.mmdb, countries.json | centroids=247
============================================================
[INFO] toolkit try repo | url=https://github.com/MetaCubeX/mihomo
[INFO] toolkit try release | url=https://github.com/MetaCubeX/mihomo/releases
[INFO] toolkit try release | url=https://github.com/MetaCubeX/mihomo/releases/expanded_assets/v1.19.32
[INFO] toolkit try download | url=https://github.com/MetaCubeX/mihomo/releases/download/v1.19.32/mihomo-linux-amd64-compatible-v1.19.32.gz
[OK] toolkit downloaded | file=mihomo-linux-amd64-compatible-v1.19.32.gz | size=21.8mb | time=9.8s
[OK] toolkit hash verified | file=mihomo-linux-amd64-compatible-v1.19.32.gz | sha256=ba3ce607747a07f948fc35780e108a4a7c7f552a38b9bd4d115f313ebcb89c20
[OK] proxy engine ready, starting latency test | package=mihomo-linux-amd64-compatible-v1.19.32.gz
============================================================
[WARN] batch reshard | size=18095 {1} | split=3016 {2} + 3016 {3} + 3016 {4} + 3016 {5} + 3016 {6} + 3015 {7}
[WARN] batch start failed | size=3016 {6} | split=503 {8} + 503 {9} + 503 {10} + 503 {11} + 503 {12} + 501 {13}
[WARN] batch start failed | size=3016 {5} | split=503 {16} + 503 {17} + 503 {18} + 503 {21} + 503 {22} + 501 {23}
[WARN] batch start failed | size=3015 {7} | split=503 {14} + 503 {15} + 503 {19} + 503 {20} + 503 {24} + 500 {25}
[TEST] {9} tested=100/503 | kept=2 | rest=17995
[TEST] {2} tested=100/3016 | kept=18 | rest=17511
[TEST] {3} tested=100/3016 | kept=0 | rest=17485
[TEST] {8} tested=100/503 | kept=1 | rest=17461
[TEST] {9} tested=200/503 | kept=4 | rest=17432
[TEST] {11} tested=100/503 | kept=0 | rest=17429
[TEST] {2} tested=200/3016 | kept=36 | rest=17165
[TEST] {11} tested=200/503 | kept=0 | rest=17141
[TEST] {3} tested=200/3016 | kept=0 | rest=17113
[TEST] {2} tested=300/3016 | kept=47 | rest=16950
[TEST] {4} tested=100/3016 | kept=0 | rest=16791
[TEST] {9} tested=300/503 | kept=7 | rest=16690
[TEST] {3} tested=300/3016 | kept=0 | rest=16609
[TEST] {2} tested=400/3016 | kept=52 | rest=16364
[TEST] {3} tested=400/3016 | kept=42 | rest=16317
[TEST] {11} tested=300/503 | kept=1 | rest=16291
[TEST] {8} tested=200/503 | kept=2 | rest=16243
[TEST] {9} tested=400/503 | kept=7 | rest=16007
[TEST] {11} tested=400/503 | kept=2 | rest=15890
[TEST] {2} tested=500/3016 | kept=79 | rest=15820
[TEST] {2} tested=600/3016 | kept=104 | rest=15627
[TEST] {4} tested=200/3016 | kept=0 | rest=15571
[TEST] {3} tested=500/3016 | kept=94 | rest=15541
[TEST] {4} tested=300/3016 | kept=0 | rest=15424
[TEST] {8} tested=300/503 | kept=5 | rest=15243
[TEST] {2} tested=700/3016 | kept=145 | rest=15111
[TEST] {9} tested=500/503 | kept=8 | rest=15055
[TEST] {9} tested=503/503 | kept=8 | rest=15049
[TEST] {8} tested=400/503 | kept=19 | rest=15047
[TEST] {11} tested=500/503 | kept=2 | rest=15003
[TEST] {11} tested=503/503 | kept=2 | rest=14986
[TEST] {3} tested=600/3016 | kept=97 | rest=14941
[TEST] {12} tested=100/503 | kept=1 | rest=14739
[TEST] {10} tested=100/503 | kept=1 | rest=14701
[TEST] {4} tested=400/3016 | kept=0 | rest=14574
[TEST] {12} tested=200/503 | kept=3 | rest=14469
[TEST] {4} tested=500/3016 | kept=0 | rest=14391
[TEST] {4} tested=600/3016 | kept=0 | rest=14247
[TEST] {10} tested=200/503 | kept=5 | rest=14241
[TEST] {4} tested=700/3016 | kept=0 | rest=14110
[TEST] {2} tested=800/3016 | kept=151 | rest=14017
[TEST] {4} tested=800/3016 | kept=81 | rest=13743
[TEST] {3} tested=700/3016 | kept=97 | rest=13694
[TEST] {8} tested=500/503 | kept=28 | rest=13683
[TEST] {8} tested=503/503 | kept=28 | rest=13667
[WARN] batch start failed | size=501 {13} | split=84 {26} + 84 {27} + 84 {28} + 84 {29} + 84 {30} + 81 {31}
[TEST] {12} tested=300/503 | kept=4 | rest=13563
[TEST] {2} tested=900/3016 | kept=161 | rest=13512
[TEST] {10} tested=300/503 | kept=7 | rest=13310
[TEST] {16} tested=100/503 | kept=0 | rest=13204
[TEST] {12} tested=400/503 | kept=4 | rest=13172
[TEST] {10} tested=400/503 | kept=7 | rest=13014
[TEST] {16} tested=200/503 | kept=0 | rest=12866
[TEST] {4} tested=900/3016 | kept=88 | rest=12855
[TEST] {4} tested=1000/3016 | kept=88 | rest=12709
[TEST] {2} tested=1000/3016 | kept=171 | rest=12707
[TEST] {3} tested=800/3016 | kept=97 | rest=12624
[TEST] {4} tested=1100/3016 | kept=88 | rest=12422
[TEST] {3} tested=900/3016 | kept=153 | rest=12417
[TEST] {4} tested=1200/3016 | kept=88 | rest=12258
[TEST] {16} tested=300/503 | kept=0 | rest=12061
[TEST] {10} tested=500/503 | kept=11 | rest=11963
[TEST] {10} tested=503/503 | kept=11 | rest=11940
[TEST] {12} tested=500/503 | kept=5 | rest=11896
[TEST] {3} tested=1000/3016 | kept=183 | rest=11894
[TEST] {12} tested=503/503 | kept=5 | rest=11882
[TEST] {16} tested=400/503 | kept=0 | rest=11856
[WARN] batch start failed | size=503 {21} | split=84 {32} + 84 {33} + 84 {34} + 84 {35} + 84 {36} + 83 {37}
[TEST] {2} tested=1100/3016 | kept=172 | rest=11736
[TEST] {4} tested=1300/3016 | kept=91 | rest=11721
[TEST] {17} tested=100/503 | kept=0 | rest=11501
[TEST] {18} tested=100/503 | kept=0 | rest=11406
[TEST] {17} tested=200/503 | kept=0 | rest=11325
[TEST] {18} tested=200/503 | kept=0 | rest=11181
[TEST] {17} tested=300/503 | kept=0 | rest=11107
[TEST] {3} tested=1100/3016 | kept=183 | rest=10920
[TEST] {4} tested=1400/3016 | kept=103 | rest=10772
[TEST] {16} tested=500/503 | kept=0 | rest=10744
[TEST] {16} tested=503/503 | kept=0 | rest=10721
[TEST] {2} tested=1200/3016 | kept=172 | rest=10691
[TEST] {18} tested=300/503 | kept=0 | rest=10647
[WARN] batch start failed | size=503 {22} | split=84 {38} + 84 {39} + 84 {40} + 84 {41} + 84 {42} + 83 {43}
[WARN] batch start failed | size=501 {23} | split=84 {44} + 84 {45} + 84 {46} + 84 {47} + 84 {48} + 81 {49}
[TEST] {17} tested=400/503 | kept=1 | rest=10396
[TEST] {4} tested=1500/3016 | kept=103 | rest=10372
[TEST] {18} tested=400/503 | kept=3 | rest=10353
[TEST] {3} tested=1200/3016 | kept=183 | rest=10132
[TEST] {15} tested=100/503 | kept=8 | rest=10029
[TEST] {15} tested=200/503 | kept=72 | rest=9909
[TEST] {15} tested=300/503 | kept=123 | rest=9808
[TEST] {15} tested=400/503 | kept=167 | rest=9703
[TEST] {3} tested=1300/3016 | kept=183 | rest=9541
[TEST] {2} tested=1300/3016 | kept=172 | rest=9437
[TEST] {4} tested=1600/3016 | kept=103 | rest=9342
[TEST] {17} tested=500/503 | kept=1 | rest=9268
[TEST] {17} tested=503/503 | kept=1 | rest=9247
[TEST] {18} tested=500/503 | kept=5 | rest=9239
[TEST] {18} tested=503/503 | kept=5 | rest=9227
[TEST] {2} tested=1400/3016 | kept=190 | rest=9155
[TEST] {3} tested=1400/3016 | kept=183 | rest=9150
[TEST] {15} tested=500/503 | kept=193 | rest=8979
[TEST] {15} tested=503/503 | kept=193 | rest=8967
[TEST] {14} tested=100/503 | kept=0 | rest=8893
[TEST] {20} tested=100/503 | kept=5 | rest=8849
[TEST] {14} tested=200/503 | kept=5 | rest=8664
[TEST] {4} tested=1700/3016 | kept=103 | rest=8628
[TEST] {20} tested=200/503 | kept=5 | rest=8505
[TEST] {3} tested=1500/3016 | kept=183 | rest=8330
[TEST] {19} tested=100/503 | kept=0 | rest=8241
[TEST] {20} tested=300/503 | kept=49 | rest=8182
[TEST] {19} tested=200/503 | kept=0 | rest=8082
[TEST] {19} tested=300/503 | kept=0 | rest=7903
[TEST] {20} tested=400/503 | kept=106 | rest=7884
[TEST] {19} tested=400/503 | kept=11 | rest=7771
[TEST] {2} tested=1500/3016 | kept=202 | rest=7638
[TEST] {4} tested=1800/3016 | kept=104 | rest=7502
[TEST] {14} tested=300/503 | kept=24 | rest=7374
[TEST] {14} tested=400/503 | kept=40 | rest=7250
[TEST] {2} tested=1600/3016 | kept=204 | rest=7044
[TEST] {4} tested=1900/3016 | kept=104 | rest=7027
[TEST] {3} tested=1600/3016 | kept=183 | rest=6959
[TEST] {20} tested=500/503 | kept=122 | rest=6841
[TEST] {19} tested=500/503 | kept=78 | rest=6833
[TEST] {19} tested=503/503 | kept=78 | rest=6826
[TEST] {20} tested=503/503 | kept=122 | rest=6823
[TEST] {14} tested=500/503 | kept=71 | rest=6782
[WARN] batch start failed | size=503 {24} | split=84 {50} + 84 {51} + 84 {52} + 84 {53} + 84 {54} + 83 {55}
[TEST] {3} tested=1700/3016 | kept=183 | rest=6619
[TEST] {2} tested=1700/3016 | kept=204 | rest=6585
[TEST] {4} tested=2000/3016 | kept=104 | rest=6566
[TEST] {25} tested=100/500 | kept=4 | rest=6409
[TEST] {25} tested=200/500 | kept=16 | rest=6302
[TEST] {2} tested=1800/3016 | kept=209 | rest=6227
[TEST] {14} tested=503/503 | kept=71 | rest=6141
[TEST] {2} tested=1900/3016 | kept=227 | rest=5965
[TEST] {4} tested=2100/3016 | kept=104 | rest=5940
[TEST] {3} tested=1800/3016 | kept=183 | rest=5738
[TEST] {25} tested=300/500 | kept=81 | rest=5678
[TEST] {2} tested=2000/3016 | kept=232 | rest=5631
[TEST] {25} tested=400/500 | kept=136 | rest=5433
[TEST] {4} tested=2200/3016 | kept=104 | rest=5386
[TEST] {27} tested=84/84 | kept=2 | rest=5232
[TEST] {2} tested=2100/3016 | kept=232 | rest=5217
[TEST] {26} tested=84/84 | kept=1 | rest=5032
[TEST] {2} tested=2200/3016 | kept=232 | rest=4931
[TEST] {4} tested=2300/3016 | kept=104 | rest=4897
[TEST] {3} tested=1900/3016 | kept=183 | rest=4808
[TEST] {2} tested=2300/3016 | kept=233 | rest=4627
[TEST] {4} tested=2400/3016 | kept=104 | rest=4546
[TEST] {25} tested=500/500 | kept=175 | rest=4506
[TEST] {3} tested=2000/3016 | kept=183 | rest=4471
[TEST] {2} tested=2400/3016 | kept=233 | rest=4361
[TEST] {28} tested=84/84 | kept=0 | rest=4327
[WARN] batch start failed | size=81 {31} | split=14 {56} + 14 {57} + 14 {58} + 14 {59} + 14 {60} + 11 {61}
[WARN] batch start failed | size=84 {33} | split=14 {62} + 14 {63} + 14 {64} + 14 {65} + 14 {66} + 14 {67}
[WARN] batch start failed | size=84 {34} | split=14 {68} + 14 {69} + 14 {70} + 14 {71} + 14 {72} + 14 {73}
[TEST] {29} tested=84/84 | kept=1 | rest=4199
[WARN] batch start failed | size=84 {35} | split=14 {74} + 14 {75} + 14 {76} + 14 {77} + 14 {78} + 14 {79}
[TEST] {2} tested=2500/3016 | kept=233 | rest=4134
[TEST] {4} tested=2500/3016 | kept=105 | rest=3940
[TEST] {3} tested=2100/3016 | kept=183 | rest=3881
[TEST] {2} tested=2600/3016 | kept=236 | rest=3785
[TEST] {30} tested=84/84 | kept=1 | rest=3678
[TEST] {36} tested=84/84 | kept=77 | rest=3663
[WARN] batch start failed | size=84 {38} | split=14 {80} + 14 {81} + 14 {82} + 14 {83} + 14 {84} + 14 {85}
[TEST] {32} tested=84/84 | kept=3 | rest=3438
[TEST] {4} tested=2600/3016 | kept=105 | rest=3427
[TEST] {3} tested=2200/3016 | kept=183 | rest=3233
[TEST] {2} tested=2700/3016 | kept=236 | rest=3156
[TEST] {4} tested=2700/3016 | kept=106 | rest=2985
[TEST] {2} tested=2800/3016 | kept=247 | rest=2981
[TEST] {37} tested=83/83 | kept=61 | rest=2955
[TEST] {39} tested=84/84 | kept=32 | rest=2836
[TEST] {40} tested=84/84 | kept=23 | rest=2646
[TEST] {2} tested=2900/3016 | kept=249 | rest=2635
[TEST] {4} tested=2800/3016 | kept=107 | rest=2561
[TEST] {3} tested=2300/3016 | kept=183 | rest=2462
[TEST] {4} tested=2900/3016 | kept=108 | rest=2283
[TEST] {42} tested=84/84 | kept=28 | rest=2177
[TEST] {43} tested=83/83 | kept=1 | rest=2056
[WARN] batch start failed | size=84 {44} | split=14 {86} + 14 {87} + 14 {88} + 14 {89} + 14 {90} + 14 {91}
[TEST] {3} tested=2400/3016 | kept=183 | rest=2043
[TEST] {2} tested=3000/3016 | kept=251 | rest=2032
[TEST] {41} tested=84/84 | kept=24 | rest=1927
[TEST] {2} tested=3016/3016 | kept=251 | rest=1916
[TEST] {4} tested=3000/3016 | kept=108 | rest=1675
[TEST] {4} tested=3016/3016 | kept=108 | rest=1646
[TEST] {3} tested=2500/3016 | kept=183 | rest=1608
[TEST] {47} tested=84/84 | kept=0 | rest=1589
[TEST] {46} tested=84/84 | kept=1 | rest=1517
[TEST] {45} tested=84/84 | kept=3 | rest=1438
[TEST] {48} tested=84/84 | kept=1 | rest=1401
[TEST] {3} tested=2600/3016 | kept=183 | rest=1240
[TEST] {49} tested=81/81 | kept=0 | rest=1169
[WARN] batch start failed | size=84 {52} | split=14 {92} + 14 {93} + 14 {94} + 14 {95} + 14 {96} + 14 {97}
[TEST] {50} tested=84/84 | kept=20 | rest=1060
[TEST] {51} tested=84/84 | kept=9 | rest=1028
[TEST] {53} tested=84/84 | kept=10 | rest=941
[TEST] {55} tested=83/83 | kept=12 | rest=916
[TEST] {3} tested=2700/3016 | kept=183 | rest=906
[TEST] {54} tested=84/84 | kept=8 | rest=861
[TEST] {56} tested=14/14 | kept=0 | rest=814
[WARN] batch start failed | size=11 {61} | split=2 {98} + 2 {99} + 2 {100} + 2 {101} + 2 {102} + 1 {103}
[TEST] {57} tested=14/14 | kept=0 | rest=792
[WARN] batch start failed | size=14 {63} | split=3 {104} + 3 {105} + 3 {106} + 3 {107} + 2 {108}
[TEST] {3} tested=2800/3016 | kept=183 | rest=749
[TEST] {58} tested=14/14 | kept=0 | rest=708
[TEST] {59} tested=14/14 | kept=0 | rest=691
[TEST] {60} tested=14/14 | kept=0 | rest=634
[TEST] {62} tested=14/14 | kept=0 | rest=609
[TEST] {64} tested=14/14 | kept=6 | rest=591
[TEST] {3} tested=2900/3016 | kept=183 | rest=583
[TEST] {65} tested=14/14 | kept=4 | rest=532
[TEST] {67} tested=14/14 | kept=0 | rest=510
[WARN] batch start failed | size=14 {70} | split=3 {109} + 3 {110} + 3 {111} + 3 {112} + 2 {113}
[WARN] batch start failed | size=14 {72} | split=3 {114} + 3 {115} + 3 {116} + 3 {117} + 2 {118}
[TEST] {66} tested=14/14 | kept=0 | rest=461
[TEST] {3} tested=3000/3016 | kept=183 | rest=413
[TEST] {69} tested=14/14 | kept=0 | rest=403
[TEST] {3} tested=3016/3016 | kept=183 | rest=396
[WARN] batch start failed | size=14 {75} | split=3 {119} + 3 {120} + 3 {121} + 3 {122} + 2 {123}
[TEST] {71} tested=14/14 | kept=0 | rest=359
[TEST] {76} tested=14/14 | kept=14 | rest=358
[TEST] {73} tested=14/14 | kept=0 | rest=342
[TEST] {68} tested=14/14 | kept=2 | rest=317
[WARN] batch start failed | size=14 {82} | split=3 {124} + 3 {125} + 3 {126} + 3 {127} + 2 {128}
[TEST] {74} tested=14/14 | kept=0 | rest=306
[TEST] {77} tested=14/14 | kept=13 | rest=293
[TEST] {78} tested=14/14 | kept=13 | rest=283
[TEST] {79} tested=14/14 | kept=12 | rest=276
[TEST] {80} tested=14/14 | kept=8 | rest=263
[TEST] {83} tested=14/14 | kept=8 | rest=251
[WARN] batch start failed | size=14 {89} | split=3 {129} + 3 {130} + 3 {131} + 3 {132} + 2 {133}
[TEST] {81} tested=14/14 | kept=8 | rest=236
[TEST] {84} tested=14/14 | kept=6 | rest=231
[TEST] {85} tested=14/14 | kept=5 | rest=223
[WARN] batch start failed | size=14 {92} | split=3 {134} + 3 {135} + 3 {136} + 3 {137} + 2 {138}
[TEST] {86} tested=14/14 | kept=0 | rest=218
[TEST] {87} tested=14/14 | kept=0 | rest=208
[TEST] {88} tested=14/14 | kept=0 | rest=197
[TEST] {91} tested=14/14 | kept=0 | rest=184
[TEST] {90} tested=14/14 | kept=0 | rest=166
[WARN] batch start failed | size=2 {98} | split=1 {139} + 1 {140}
[TEST] {93} tested=14/14 | kept=2 | rest=150
[TEST] {94} tested=14/14 | kept=1 | rest=137
[WARN] batch start failed | size=2 {99} | split=1 {141} + 1 {142}
[TEST] {95} tested=14/14 | kept=3 | rest=128
[TEST] {102} tested=2/2 | kept=0 | rest=126
[TEST] {103} tested=1/1 | kept=0 | rest=125
[TEST] {104} tested=3/3 | kept=0 | rest=121
[TEST] {96} tested=14/14 | kept=3 | rest=109
[WARN] batch start failed | size=3 {107} | split=1 {143} + 1 {144} + 1 {145}
[TEST] {97} tested=14/14 | kept=0 | rest=97
[TEST] {108} tested=2/2 | kept=1 | rest=96
[WARN] batch start failed | size=3 {110} | split=1 {146} + 1 {147} + 1 {148}
[WARN] batch start failed | size=3 {111} | split=1 {149} + 1 {150} + 1 {151}
[TEST] {100} tested=2/2 | kept=0 | rest=93
[TEST] {101} tested=2/2 | kept=0 | rest=90
[TEST] {106} tested=3/3 | kept=0 | rest=89
[TEST] {105} tested=3/3 | kept=0 | rest=88
[WARN] batch start failed | size=3 {116} | split=1 {152} + 1 {153} + 1 {154}
[TEST] {109} tested=3/3 | kept=0 | rest=87
[TEST] {117} tested=3/3 | kept=0 | rest=84
[TEST] {118} tested=2/2 | kept=0 | rest=81
[TEST] {112} tested=3/3 | kept=0 | rest=79
[WARN] batch start failed | size=3 {120} | split=1 {155} + 1 {156} + 1 {157}
[WARN] batch start failed | size=3 {121} | split=1 {158} + 1 {159} + 1 {160}
[TEST] {113} tested=2/2 | kept=0 | rest=75
[WARN] batch start failed | size=3 {124} | split=1 {161} + 1 {162} + 1 {163}
[TEST] {123} tested=2/2 | kept=2 | rest=73
[TEST] {122} tested=3/3 | kept=1 | rest=72
[TEST] {128} tested=2/2 | kept=1 | rest=70
[TEST] {114} tested=3/3 | kept=0 | rest=61
[TEST] {115} tested=3/3 | kept=0 | rest=56
[TEST] {127} tested=3/3 | kept=1 | rest=55
[TEST] {129} tested=3/3 | kept=0 | rest=53
[WARN] batch start failed | size=3 {131} | split=1 {164} + 1 {165} + 1 {166}
[TEST] {119} tested=3/3 | kept=0 | rest=50
[TEST] {126} tested=3/3 | kept=3 | rest=47
[WARN] batch start failed | size=3 {136} | split=1 {167} + 1 {168} + 1 {169}
[TEST] {125} tested=3/3 | kept=2 | rest=46
[TEST] {130} tested=3/3 | kept=0 | rest=42
[TEST] {132} tested=3/3 | kept=0 | rest=39
[TEST] {133} tested=2/2 | kept=1 | rest=38
[REPAIR] name=[Epodonios] EPODONIOS-2286 {140} | fields=cipher
[TEST] {137} tested=3/3 | kept=3 | rest=37
[REPAIR] name=[Epodonios] EPODONIOS-2287 {141} | fields=cipher
[TEST] {134} tested=3/3 | kept=0 | rest=35
[REPAIR] name=[免费节点11] 🇩🇪 德国 10 {143} | fields=up,down
[TEST] {141} tested=1/1 | kept=1 | rest=34
[TEST] {135} tested=3/3 | kept=1 | rest=32
[TEST] {144} tested=1/1 | kept=1 | rest=31
[TEST] {143} tested=1/1 | kept=0 | rest=30
[REPAIR] name=[ChromeGO-ShiteThings] hysteria {146} | fields=up,down
[REPAIR] name=[ChromeGO-ShiteThings] hysteria-2 {147} | fields=up,down
[REPAIR] name=[ChromeGO-ShiteThings] hysteria-3 {148} | fields=up,down
[REPAIR] name=[ChromeGO-ShiteThings] hysteria-4 {149} | fields=up,down
[REPAIR] name=[ChromeGO-Merge] WARP {150} | fields=dialer-proxy
[TEST] {147} tested=1/1 | kept=0 | rest=29
[TEST] {146} tested=1/1 | kept=0 | rest=28
[REPAIR] name=[ChromeGO-Merge] France_hysteria_1 {153} | fields=up,down
[TEST] {150} tested=1/1 | kept=1 | rest=27
[REPAIR] name=[ChromeGO-Merge] United {152} | fields=up,down
[TEST] {148} tested=1/1 | kept=0 | rest=26
[REPAIR] name=[ChromeGO-Merge] United-2 {154} | fields=up,down
[TEST] {138} tested=2/2 | kept=1 | rest=24
[TEST] {139} tested=1/1 | kept=0 | rest=23
[REPAIR] name=[ChromeGO-Merge] Taiwan {156} | fields=up,down
[REPAIR] name=[ChromeGO-Merge] France {157} | fields=up,down
[REPAIR] name=[ChromeGO-Merge] United-4 {158} | fields=up,down
[TEST] {156} tested=1/1 | kept=0 | rest=22
[REPAIR] name=[ChromeGO-Merge] Taiwan-2 {159} | fields=up,down
[REPAIR] name=[ChromeGO-Merge] United-5 {160} | fields=up,down
[DROP] name=[Pawdroid-SR-APK] United+States-89 {163} | server=85.209.157.184:8388 | reason=Parse config error: proxy 0: ss 85.209.157.184:8388 cipher: mnv{v]ʉ \t>\x0f\x18\t,y initialize error: unknown method: mnv{v]ʉ \t>\x0f\x18\t,y
[TEST] {159} tested=1/1 | kept=0 | rest=20
[TEST] {142} tested=1/1 | kept=0 | rest=19
[TEST] {140} tested=1/1 | kept=0 | rest=18
[TEST] {161} tested=1/1 | kept=1 | rest=17
[REPAIR] name=[Pawdroid-SS-APK] United+Kingdom-3 {165} | fields=cipher
[TEST] {162} tested=1/1 | kept=1 | rest=16
[REPAIR] name=[Free-clash-v2ray] hysteria {167} | fields=up,down
[TEST] {166} tested=1/1 | kept=0 | rest=15
[TEST] {165} tested=1/1 | kept=1 | rest=14
[TEST] {145} tested=1/1 | kept=0 | rest=13
[TEST] {167} tested=1/1 | kept=0 | rest=12
[TEST] {169} tested=1/1 | kept=0 | rest=11
[TEST] {151} tested=1/1 | kept=0 | rest=10
[TEST] {149} tested=1/1 | kept=0 | rest=9
[TEST] {153} tested=1/1 | kept=0 | rest=8
[TEST] {152} tested=1/1 | kept=0 | rest=7
[TEST] {168} tested=1/1 | kept=1 | rest=6
[TEST] {155} tested=1/1 | kept=0 | rest=5
[TEST] {154} tested=1/1 | kept=0 | rest=4
[TEST] {157} tested=1/1 | kept=0 | rest=3
[TEST] {158} tested=1/1 | kept=0 | rest=2
[TEST] {160} tested=1/1 | kept=0 | rest=1
[TEST] {164} tested=1/1 | kept=0 | rest=0
[INFO] dropped=3 | [ChromeGO-Toolkit] × 2 | [Pawdroid-SR-APK] × 1
============================================================
[INFO] cap live | source=[免费节点2] | from=107 | to=50
[INFO] cap live | source=[免费节点8] | from=236 | to=50
[INFO] cap live | source=[Pawdroid-SR-APK] | from=342 | to=50
[INFO] cap live | source=[Free-clash-v2ray] | from=509 | to=50
[INFO] cap live | source=[V2rayclashfree-RSS] | from=195 | to=50
[INFO] cap live total | from=552 | to=400 | floor=5 | by=health_score
[INFO] cap live | reserved=111 | pool=441 | taken=289
[INFO] cap live | source=[NekoWarp] | from=10 | to=9
[INFO] cap live | source=[Yoyapai-RSS] | from=9 | to=5
[INFO] cap live | source=[Mibei77-RSS] | from=16 | to=5
[INFO] cap live | source=[免费节点2] | from=50 | to=33
[INFO] cap live | source=[免费节点3] | from=11 | to=5
[INFO] cap live | source=[免费节点4] | from=32 | to=27
[INFO] cap live | source=[免费节点6] | from=47 | to=28
[INFO] cap live | source=[免费节点7] | from=35 | to=12
[INFO] cap live | source=[免费节点10] | from=21 | to=10
[INFO] cap live | source=[免费节点11] | from=20 | to=11
[INFO] cap live | source=[Pawdroid-SS-APK] | from=19 | to=10
[INFO] cap live | source=[1VPN-CRX] | from=13 | to=5
[INFO] cap live | source=[Clashfree] | from=6 | to=5
[INFO] cap live | source=[Epodonios] | from=41 | to=13
[INFO] geo tally | live=400 | HK=23 | JP=62 | KR=33 | TW=10 | SG=19 | US=93 | GB=28 | FR=54 | DE=7 | NL=10 | CA=13 | other=48
[INFO] score summary | n=400 | max=185.7584 | p90=107.5473 | p50=51.1195 | avg=56.3352 | min=0.7405 | geo_avg=24.3917 | adj_avg=+4.0661
============================================================
+------------------------------+--------+--------+------+--------+
| source                       |    raw | unique | live | capped |
+------------------------------+--------+--------+------+--------+
| [大FQ运动]                   |     18 |     18 |    6 |      6 |
+------------------------------+--------+--------+------+--------+
| [Pawdroid]                   |     13 |     12 |    2 |      2 |
+------------------------------+--------+--------+------+--------+
| [FreeV2-Base64]              |      3 |      3 |    3 |      3 |
+------------------------------+--------+--------+------+--------+
| [Bocchi2b-Base64]            |     35 |     35 |    0 |      0 |
+------------------------------+--------+--------+------+--------+
| [Freesocks]                  |      4 |      4 |    3 |      3 |
+------------------------------+--------+--------+------+--------+
| [NekoWarp]                   |     10 |     10 |   10 |      9 |
+------------------------------+--------+--------+------+--------+
| [OpenRunner-RSS]             |     14 |     14 |    1 |      1 |
+------------------------------+--------+--------+------+--------+
| [V2Rayshare-RSS]             |     22 |     22 |    2 |      2 |
+------------------------------+--------+--------+------+--------+
| [Mibei77-RSS]                |     65 |     63 |   16 |      5 |
+------------------------------+--------+--------+------+--------+
| [Yoyapai-RSS]                |    274 |    264 |    9 |      5 |
+------------------------------+--------+--------+------+--------+
| [免费节点1]                  |     64 |     36 |    2 |      2 |
+------------------------------+--------+--------+------+--------+
| [免费节点2]                  |    573 |    531 |  107 |     33 |
+------------------------------+--------+--------+------+--------+
| [免费节点3]                  |     28 |     17 |   11 |      5 |
+------------------------------+--------+--------+------+--------+
| [免费节点4]                  |    832 |    763 |   32 |     27 |
+------------------------------+--------+--------+------+--------+
| [免费节点5]                  |     29 |     28 |    0 |      0 |
+------------------------------+--------+--------+------+--------+
| [免费节点6]                  |   1749 |   1596 |   47 |     28 |
+------------------------------+--------+--------+------+--------+
| [免费节点7]                  |     64 |     49 |   35 |     12 |
+------------------------------+--------+--------+------+--------+
| [免费节点8]                  |   4337 |   3439 |  236 |     50 |
+------------------------------+--------+--------+------+--------+
| [免费节点9]                  |    615 |    458 |    0 |      0 |
+------------------------------+--------+--------+------+--------+
| [免费节点10]                 |   5596 |   3094 |   21 |     10 |
+------------------------------+--------+--------+------+--------+
| [免费节点11]                 |    693 |    262 |   20 |     11 |
+------------------------------+--------+--------+------+--------+
| [ChromeGO-Toolkit]           |     20 |     18 |    1 |      1 |
+------------------------------+--------+--------+------+--------+
| [ChromeGO-ShiteThings]       |     31 |     24 |    1 |      1 |
+------------------------------+--------+--------+------+--------+
| [ChromeGO-Merge]             |    177 |     74 |    1 |      1 |
+------------------------------+--------+--------+------+--------+
| [Pawdroid-SR-APK]            |    951 |    610 |  342 |     50 |
+------------------------------+--------+--------+------+--------+
| [Pawdroid-SS-APK]            |   1497 |   1014 |   19 |     10 |
+------------------------------+--------+--------+------+--------+
| [1VPN-CRX]                   |     17 |     17 |   13 |      5 |
+------------------------------+--------+--------+------+--------+
| [Clashfree]                  |    312 |    121 |    6 |      5 |
+------------------------------+--------+--------+------+--------+
| [Epodonios]                  |   4425 |   2766 |   41 |     13 |
+------------------------------+--------+--------+------+--------+
| [Free-clash-v2ray]           |   3521 |   2092 |  509 |     50 |
+------------------------------+--------+--------+------+--------+
| [V2rayclashfree-RSS]         |   3406 |    641 |  195 |     50 |
+------------------------------+--------+--------+------+--------+
============================================================
[INFO] clash history written | path=/home/runner/work/Free-node-autotest/Free-node-autotest/history/797389978950-clash-1049-20261002.yaml
[SUMMARY] total_nodes=29395
[SUMMARY] legal_candidates=18095
[SUMMARY] passed_latency_test=400
[SUMMARY] region_HK=23 | region_JP=62 | region_US=104
[SUMMARY] avg_latency_ms=435.21
[SUMMARY] output=/home/runner/work/Free-node-autotest/Free-node-autotest/output/clash.yaml
============================================================
[INFO] raw backup written | path=/home/runner/work/Free-node-autotest/Free-node-autotest/output/raw.yaml | history=797389978950-raw-1049-20261002.yaml | proxies=29397
[INFO] debug history written | path=/home/runner/work/Free-node-autotest/Free-node-autotest/history/797389978950-debug-1049-20261002.log | proxies=29422
