============================================================
[INFO] sublink try page: https://end-gfw.com
[OK] proxies=2 new=2 url=https://raw.githubusercontent.com/hello-world-1989/cn-news/refs/heads/main/clash.yaml
[OK] proxies=2 new=0 url=https://raw.githubusercontent.com/hello-world-1989/cn-news/main/end-gfw-together
[OK] proxies=2 new=2 url=https://raw.githubusercontent.com/hello-world-1989/cn-news/main/end-gfw-together-ss
[INFO] source try url: https://end-gfw.com/ss-key
[OK] proxies=4 new=4 url=https://end-gfw.com/ss-key
[INFO] sublink try repo: https://github.com/hello-world-1989/cn-news
[INFO] sublink try page: https://raw.githubusercontent.com/hello-world-1989/cn-news/main/README.md
[OK] proxies=6 new=6 url=https://raw.githubusercontent.com/hello-world-1989/v2-sub/main/end-gfw-together-af3e13
[OK] proxies=14 source=[大FQ运动] url=https://raw.githubusercontent.com/hello-world-1989/cn-news/main/README.md
============================================================
[INFO] sublink try repo: https://github.com/Pawdroid/Free-servers
[INFO] sublink try page: https://raw.githubusercontent.com/Pawdroid/Free-servers/main/README.md
[OK] proxies=20 new=20 url=https://raw.githubusercontent.com/Pawdroid/Free-servers/main/README.md
[OK] proxies=20 new=0 url=https://raw.githubusercontent.com/Pawdroid/Free-servers/main/sub
[OK] proxies=1 new=1 url=https://apps.apple.com/cn/app/shadowshare/id1612647259
[OK] proxies=1 new=1 url=http://www.surflare.com
[OK] proxies=22 source=[Pawdroid] url=https://raw.githubusercontent.com/Pawdroid/Free-servers/main/README.md
============================================================
[INFO] source try url: https://xmxosfepggzm.503403.xyz
[OK] proxies=2 new=2 url=https://xmxosfepggzm.503403.xyz
[OK] proxies=2 source=[FreeV2-Base64] url=https://xmxosfepggzm.503403.xyz
============================================================
[INFO] source try url: https://links.bocchi2b.top/clash
[OK] proxies=35 new=35 url=https://links.bocchi2b.top/clash
[OK] proxies=35 source=[Bocchi2b-Base64] url=https://links.bocchi2b.top/clash
============================================================
[INFO] toolkit try repo: https://github.com/bannedbook/fanqiang
[INFO] toolkit try release: https://github.com/bannedbook/fanqiang/releases
[INFO] toolkit try release: https://github.com/bannedbook/fanqiang/releases/expanded_assets/ChromeGo-latest
[INFO] toolkit try download: https://github.com/bannedbook/fanqiang/releases/download/ChromeGo-latest/ChromeGo.7z
[OK] toolkit downloaded: ChromeGo.7z bytes=100924352
[OK] toolkit extracted archive=ChromeGo.7z tool=7z files=222 dirs=45
[OK] toolkit discovered subs=107 embedded=12 archive=ChromeGo.7z
[OK] proxies=6 new=6 embedded=archive-config
[OK] proxies=7 new=5 url=https://gitlab.com/free9999/ipupdate/master/backup/img/1/2/{ipp|ip}/{hysteria2|singbox|naiveproxy|hysteria|xray}/{2|3|1|4}/config.json
[OK] proxies=7 new=0 url=https://www.67867867.xyz/Alvin9999/PAC/refs/heads/master/backup/img/1/2/{ipp|ip}/{hysteria2|singbox|naiveproxy|hysteria|xray}/{2|1|4|3}/config.json
[OK] proxies=3 new=3 url=https://gitlab.com/free9999/ipupdate/master/backup/img/1/2/{ipp|ip}/clash.meta2/{2|3|1|5|4|6}/config.yaml
[OK] proxies=3 new=0 url=https://www.67867867.xyz/Alvin9999/PAC/refs/heads/master/backup/img/1/2/{ipp|ip}/clash.meta2/{2|3|1|5|4|6}/config.yaml
[OK] proxies=14 source=[ChromeGO-Toolkit] url=https://github.com/bannedbook/fanqiang/releases/download/ChromeGo-latest/ChromeGo.7z
============================================================
[INFO] sublink try repo: https://github.com/ShiteThings/extractNodes
[INFO] sublink try page: https://raw.githubusercontent.com/ShiteThings/extractNodes/main/README.md
[OK] proxies=30 new=29 url=https://{chg26.makou.cc.cd|chg64.makou.cc.cd}
[OK] proxies=25 new=2 url=https://chg26.makou.cc.cd/sb
[OK] proxies=31 source=[ChromeGO-ShiteThings] url=https://raw.githubusercontent.com/ShiteThings/extractNodes/main/README.md
============================================================
[INFO] sublink try repo: https://github.com/shangui999/chromego_merge
[INFO] sublink try page: https://raw.githubusercontent.com/shangui999/chromego_merge/master/ReadMe.md
[OK] proxies=10 new=10 url=https://freedman.netlify.app/sub/merged_proxies_new.yaml
[OK] proxies=11 new=1 url=https://freedman.netlify.app/sub/merged_warp_proxies_new.yaml
[OK] proxies=11 new=6 url=https://freedman.netlify.app/sub/shadowrocket_base64.txt
[OK] proxies=16 new=16 url=https://freedman.netlify.app/sub/sb.json
[INFO] sublink try repo: https://github.com/yaney01/chromego
[INFO] sublink try page: https://raw.githubusercontent.com/yaney01/chromego/main/ReadMe.md
[OK] proxies=50 new=46 url=https://raw.githubusercontent.com/yaney01/chromego/main/sub/merged_proxies_new.yaml
[OK] proxies=51 new=0 url=https://raw.githubusercontent.com/yaney01/chromego/main/sub/merged_warp_proxies_new.yaml
[OK] proxies=13 new=7 url=https://raw.githubusercontent.com/yaney01/chromego/main/sub/shadowrocket_base64.txt
[OK] proxies=13 new=0 url=https://raw.githubusercontent.com/yaney01/chromego/main/sub/sb.json
[INFO] sublink try repo: https://github.com/Misaka-blog/chromego_merge
[INFO] sublink try page: https://raw.githubusercontent.com/Misaka-blog/chromego_merge/main/README.md
[OK] proxies=27 new=27 url=https://chromego-sub.netlify.app/sub/merged_proxies_new.yaml
[OK] proxies=113 source=[ChromeGO-Merge] url=https://raw.githubusercontent.com/Misaka-blog/chromego_merge/main/README.md
============================================================
[INFO] source try url: https://freesocks.org/api/v1/sub/02b897e8e77f19176b0b9f2c75864b00
[OK] proxies=3 new=3 url=https://freesocks.org/api/v1/sub/02b897e8e77f19176b0b9f2c75864b00
[OK] proxies=3 source=[Freesocks] url=https://freesocks.org/api/v1/sub/02b897e8e77f19176b0b9f2c75864b00
============================================================
[INFO] source try url: https://neko-warp.nloli.xyz/neko_warp.yaml
[OK] proxies=10 new=10 url=https://neko-warp.nloli.xyz/neko_warp.yaml
[OK] proxies=10 source=[NekoWarp] url=https://neko-warp.nloli.xyz/neko_warp.yaml
============================================================
[INFO] toolkit try chrome: https://chromewebstore.google.com/detail/free-vpn-proxy-1vpn/akcocjjpkmlniicdeemdceeajlmoabhg
[INFO] toolkit try download: https://clients2.google.com/service/update2/crx?response=redirect&prodversion=131.0.6778.0&acceptformat=crx2,crx3&x=id%3dakcocjjpkmlniicdeemdceeajlmoabhg%26uc
[OK] toolkit downloaded: free-vpn-proxy-1vpn.crx bytes=1627904
[OK] toolkit extracted archive=free-vpn-proxy-1vpn.crx tool=zipfile files=68 dirs=57
[OK] toolkit 1vpn-crx scanned hosts=17 keys=1 archive=free-vpn-proxy-1vpn.crx
[OK] proxies=17 source=[1VPN-CRX] url=https://clients2.google.com/service/update2/crx?response=redirect&prodversion=131.0.6778.0&acceptformat=crx2,crx3&x=id%3dakcocjjpkmlniicdeemdceeajlmoabhg%26uc
============================================================
[INFO] article try feed: https://free.datiya.com/index.xml
[INFO] sublink try page: https://free.datiya.com/post/20260918/
[OK] proxies=14 new=14 url=https://free.datiya.com/uploads/20260918-clash.yaml
[OK] proxies=14 source=[OpenRunner-RSS] url=https://free.datiya.com/post/20260918/
============================================================
[INFO] article try feed: https://v2rayshare.com/feed
[INFO] sublink try page: https://v2rayshare.net/p/5062.html
[OK] proxies=27 new=27 url=https://static.v2rayshare.net/2026/09/20260918.txt
[OK] proxies=27 new=0 url=https://static.v2rayshare.net/2026/09/20260918.yaml
[OK] proxies=27 new=0 url=https://static.v2rayshare.net/2026/09/m20260918.yaml
[INFO] sublink try repo: https://github.com/firefoxmmx2/v2rayshare_subcription
[INFO] sublink try page: https://raw.githubusercontent.com/firefoxmmx2/v2rayshare_subcription/main/README.md
[OK] proxies=27 new=0 url=https://{raw.githubusercontent.com|cdn.jsdelivr.net}/firefoxmmx2/v2rayshare_subcription/main/subscription/vray_sub.txt
[OK] proxies=27 new=0 url=https://{raw.githubusercontent.com|cdn.jsdelivr.net}/firefoxmmx2/v2rayshare_subcription/main/subscription/clash_sub.yaml
[OK] proxies=27 new=0 url=https://{raw.githubusercontent.com|cdn.jsdelivr.net}/firefoxmmx2/v2rayshare_subcription/main/subscription/mihomo_sub.yaml
[OK] proxies=27 source=[V2Rayshare-RSS] url=https://raw.githubusercontent.com/firefoxmmx2/v2rayshare_subcription/main/README.md
============================================================
[INFO] article try feed: https://www.mibei77.com/feed
[INFO] sublink try page: https://www.mibei77.com/679.html
[OK] proxies=111 new=111 url=https://mm.mibei77.com/202609/09.1864bacvd.txt
[OK] proxies=110 new=0 url=https://mm.mibei77.com/202609/0918Clashizx.yaml
[OK] proxies=111 source=[Mibei77-RSS] url=https://www.mibei77.com/679.html
============================================================
[INFO] article try feed: https://yoyapai.com/feed
[INFO] sublink try page: https://yoyapai.com/723
[OK] proxies=1 new=1 url=https://yoyapai.com/723
[OK] proxies=208 new=208 url=https://freenode.yoyapai.com/2026/09/18-yoyapai.com-clash-vpn-mianfeijiedian.yaml
[OK] proxies=208 new=0 url=https://freenode.yoyapai.com/2026/09/18-yoyapai.com-ssrv2ray-vpn-mianfeijiedian.txt
[OK] proxies=209 source=[Yoyapai-RSS] url=https://yoyapai.com/723
============================================================
[INFO] sublink try repo: https://github.com/free18/v2ray
[INFO] sublink try page: https://raw.githubusercontent.com/free18/v2ray/main/README.md
[OK] proxies=3 new=3 url=https://raw.githubusercontent.com/free18/v2ray/main/README.md
[OK] proxies=144 new=144 url=https://ghfast.top/https://raw.githubusercontent.com/free18/v2ray/refs/heads/main/v.txt
[OK] proxies=144 new=0 url=https://ghfast.top/https://raw.githubusercontent.com/free18/v2ray/refs/heads/main/c.yaml
[OK] proxies=147 source=[免费节点1] url=https://raw.githubusercontent.com/free18/v2ray/main/README.md
============================================================
[INFO] sublink try repo: https://github.com/ermaozi/get_subscribe
[INFO] sublink try page: https://raw.githubusercontent.com/ermaozi/get_subscribe/main/README.md
[INFO] sublink file_nodes=0 bare links=9
[OK] proxies=337 new=337 url=https://www.ermao.net/sub/{clash|v2ray}/ermao.net
[OK] proxies=335 new=0 url=https://www.ermao.net/sub/{reachable|unreachable|untested}/clash/ermao.net
[OK] proxies=337 source=[免费节点2] url=https://raw.githubusercontent.com/ermaozi/get_subscribe/main/README.md
============================================================
[INFO] sublink try repo: https://github.com/sunmiao4458/free-proxy-airport
[INFO] sublink try page: https://raw.githubusercontent.com/sunmiao4458/free-proxy-airport/main/README.md
[OK] proxies=59 new=59 url=https://sunmiao4458.github.io/free-proxy-airport/clash.yaml
[OK] proxies=59 source=[免费节点3] url=https://raw.githubusercontent.com/sunmiao4458/free-proxy-airport/main/README.md
============================================================
[INFO] sublink try repo: https://github.com/mfuu/FreeProxies
[INFO] sublink try page: https://raw.githubusercontent.com/mfuu/FreeProxies/master/README.md
[OK] proxies=753 new=753 url=https://raw.githubusercontent.com/mfuu/FreeProxies/master/sub.yaml
[OK] proxies=753 source=[免费节点4] url=https://raw.githubusercontent.com/mfuu/FreeProxies/master/README.md
============================================================
[INFO] sublink try repo: https://github.com/vxiaov/free_proxies
[INFO] sublink try page: https://raw.githubusercontent.com/vxiaov/free_proxies/main/README.md
[OK] proxies=1 new=1 url=https://raw.githubusercontent.com/vxiaov/free_proxies/main/README.md
[OK] proxies=28 new=28 url=https://{cdn.jsdelivr.net|raw.githubusercontent.com}/vxiaov/free_proxies/main/clash/clash.provider.yaml
[OK] proxies=29 source=[免费节点5] url=https://raw.githubusercontent.com/vxiaov/free_proxies/main/README.md
============================================================
[INFO] sublink try repo: https://github.com/anaer/Sub
[INFO] sublink try page: https://raw.githubusercontent.com/anaer/Sub/main/README.MD
[OK] proxies=567 new=567 url=https://anaer.github.io/Sub/clash.yaml
[OK] proxies=567 new=0 url=https://raw.githubusercontent.com/anaer/Sub/main/clash.yaml
[OK] proxies=567 source=[免费节点6] url=https://raw.githubusercontent.com/anaer/Sub/main/README.MD
============================================================
[INFO] sublink try repo: https://github.com/snakem982/proxypool
[INFO] sublink try page: https://raw.githubusercontent.com/snakem982/proxypool/main/README.md
[OK] proxies=64 new=64 url=https://raw.githubusercontent.com/snakem982/proxypool/main/source/clash-meta-2.yaml
[OK] proxies=63 new=0 url=https://raw.githubusercontent.com/snakem982/proxypool/main/source/v2ray-2.txt
[OK] proxies=63 new=0 url=https://raw.githubusercontent.com/snakem982/proxypool/main/source/sing-box-2.json
[OK] proxies=64 source=[免费节点7] url=https://raw.githubusercontent.com/snakem982/proxypool/main/README.md
============================================================
[INFO] sublink try repo: https://github.com/mahdibland/V2RayAggregator
[INFO] sublink try page: https://raw.githubusercontent.com/mahdibland/V2RayAggregator/master/README.md
[OK] proxies=381 new=381 url=https://raw.githubusercontent.com/mahdibland/V2RayAggregator/master/README.md
[OK] proxies=1 new=1 url=https://github.com/mahdibland/SSAggregator/actions/workflows/Collector.yml
[OK] proxies=1 new=0 url=https://github.com/mahdibland/SSAggregator/actions/workflows/Airport_Collector.yml
[OK] proxies=196 new=0 url=https://raw.githubusercontent.com/mahdibland/ShadowsocksAggregator/master/Eternity.txt
[OK] proxies=199 new=11 url=https://raw.githubusercontent.com/mahdibland/ShadowsocksAggregator/master/Eternity.yml
[OK] proxies=61 new=61 url=https://raw.githubusercontent.com/mahdibland/ShadowsocksAggregator/master/EternityAir.txt
[OK] proxies=3840 new=3543 url=https://raw.githubusercontent.com/mahdibland/SSAggregator/master/sub/sub_merge_base64.txt
[OK] proxies=3840 new=0 url=https://raw.githubusercontent.com/mahdibland/{SSAggregator|ShadowsocksAggregator}/master/sub/sub_merge.txt
[OK] proxies=3978 new=203 url=https://raw.githubusercontent.com/mahdibland/SSAggregator/master/sub/sub_merge_yaml.yml
[OK] proxies=61 new=0 url=https://raw.githubusercontent.com/mahdibland/SSAggregator/master/sub/airport_merge_base64.txt
[OK] proxies=61 new=0 url=https://raw.githubusercontent.com/mahdibland/SSAggregator/master/sub/airport_sub_merge.txt
[OK] proxies=1391 new=0 url=https://raw.githubusercontent.com/mahdibland/ShadowsocksAggregator/master/sub/splitted/vmess.txt
[OK] proxies=569 new=0 url=https://raw.githubusercontent.com/mahdibland/ShadowsocksAggregator/master/sub/splitted/trojan.txt
[OK] proxies=43 new=0 url=https://raw.githubusercontent.com/mahdibland/ShadowsocksAggregator/master/sub/splitted/ssr.txt
[OK] proxies=1837 new=0 url=https://raw.githubusercontent.com/mahdibland/ShadowsocksAggregator/master/sub/splitted/ss.txt
[OK] proxies=1 new=0 url=https://cdn.jsdelivr.net/gh/mahdibland/V2RayAggregator@master/update/provider/provider-meta.yml
[OK] proxies=1 new=0 url=https://cdn.jsdelivr.net/gh/mahdibland/V2RayAggregator@master/update/provider/provider-meta-cn.yml
[OK] proxies=1 new=0 url=https://cdn.jsdelivr.net/gh/mahdibland/V2RayAggregator@master/update/provider/provider-meta-others.yml
[OK] proxies=1 new=0 url=https://cdn.jsdelivr.net/gh/mahdibland/V2RayAggregator@master/update/provider/provider.yml
[OK] proxies=1 new=0 url=https://cdn.jsdelivr.net/gh/mahdibland/V2RayAggregator@master/update/provider/provider-cn.yml
[OK] proxies=1 new=0 url=https://cdn.jsdelivr.net/gh/mahdibland/V2RayAggregator@master/update/provider/provider-others.yml
[OK] proxies=4200 source=[免费节点8] url=https://raw.githubusercontent.com/mahdibland/V2RayAggregator/master/README.md
============================================================
[INFO] sublink try repo: https://github.com/w1770946466/Auto_proxy
[INFO] sublink try page: https://raw.githubusercontent.com/w1770946466/Auto_proxy/main/README.md
[OK] proxies=1 new=1 url=https://github.com/w1770946466/Auto_proxy/actions/workflows/main.yml
[OK] proxies=245 new=245 url=https://raw.githubusercontent.com/w1770946466/Auto_proxy/main/{Long_term_subscription2.yaml|Long_term_subscription1.yaml|Long_term_subscription3.yaml}
[OK] proxies=489 new=54 url=https://raw.githubusercontent.com/w1770946466/Auto_proxy/main/{Long_term_subscription1|Long_term_subscription2|Long_term_subscription3|Long_term_subscription4|Long_term_subscription5|Long_term_subscription6|Long_term_subscription7|Long_term_subscription8}
[OK] proxies=489 new=315 url=https://raw.githubusercontent.com/w1770946466/Auto_proxy/main/Long_term_subscription_num
[OK] proxies=615 source=[免费节点9] url=https://raw.githubusercontent.com/w1770946466/Auto_proxy/main/README.md
============================================================
[INFO] sublink try repo: https://github.com/PuddinCat/BestClash
[INFO] sublink try page: https://raw.githubusercontent.com/PuddinCat/BestClash/main/README.md
[OK] proxies=16 new=16 url=https://raw.githubusercontent.com/PuddinCat/BestClash/main/proxies.yaml
[OK] proxies=28 new=28 url=https://cdn.jsdelivr.net/gh/vxiaov/free_proxies@main/clash/clash.provider.yaml
[OK] proxies=24 new=24 url=https://freenode.openrunner.net/uploads/20240807-clash.yaml
[OK] proxies=27 new=27 url=https://raw.githubusercontent.com/Misaka-blog/chromego_merge/main/sub/merged_proxies_new.yaml
[OK] proxies=3702 new=3690 url=https://raw.githubusercontent.com/{NiceVPN123|anaer}/{NiceVPN|Sub}/main/{Clash.yaml|clash.yaml}
[OK] proxies=40 new=16 url=https://raw.githubusercontent.com/{chengaopan|peasoft}/{AutoMergePublicNodes|NoMoreWalls}/master/list.yml
[OK] proxies=335 new=304 url=https://raw.githubusercontent.com/{ermaozi|ermaozi01}/{get_subscribe|free_clash_vpn}/main/subscribe/clash.yml
[OK] proxies=199 new=185 url=https://raw.githubusercontent.com/mahdibland/ShadowsocksAggregator/master/Eternity.yml
[OK] proxies=165 new=160 url=https://raw.githubusercontent.com/ronghuaxueleng/get_v2/main/pub/combine.yaml
[OK] proxies=144 new=3 url=https://raw.githubusercontent.com/zhangkaiitugithub/passcro/main/speednodes.yaml
[OK] proxies=4453 source=[免费节点10] url=https://raw.githubusercontent.com/PuddinCat/BestClash/main/README.md
============================================================
[INFO] sublink try repo: https://github.com/kooker/FreeSubsCheck
[INFO] sublink try page: https://raw.githubusercontent.com/kooker/FreeSubsCheck/main/README.md
[OK] proxies=2 new=2 url=https://raw.githubusercontent.com/kooker/FreeSubsCheck/main/mihomo.yaml
[OK] proxies=2 new=0 url=https://raw.githubusercontent.com/kooker/FreeSubsCheck/main/all.yaml
[OK] proxies=2 new=0 url=https://raw.githubusercontent.com/kooker/FreeSubsCheck/main/base64.txt
[OK] proxies=4 new=4 url=https://raw.githubusercontent.com/kooker/FreeSubsCheck/main/byxiaoxi.txt
[OK] proxies=424 new=423 url=https://raw.githubusercontent.com/kooker/FreeSubsCheck/main/kooker.jp.txt
[OK] proxies=429 source=[免费节点11] url=https://raw.githubusercontent.com/kooker/FreeSubsCheck/main/README.md
============================================================
[INFO] toolkit try repo: https://github.com/Pawdroid/shadowrocket_for_android
[INFO] toolkit try release: https://github.com/Pawdroid/shadowrocket_for_android/releases
[INFO] toolkit try release: https://github.com/Pawdroid/shadowrocket_for_android/releases/expanded_assets/10.8.5
[INFO] toolkit try download: https://github.com/Pawdroid/shadowrocket_for_android/releases/download/10.8.5/app-shadowrocket-arm64-v8a-release.apk
[OK] toolkit downloaded: app-shadowrocket-arm64-v8a-release.apk bytes=35480926
[OK] toolkit extracted archive=app-shadowrocket-arm64-v8a-release.apk tool=zipfile files=1452 dirs=46
[OK] toolkit sr-apk scanned prefixes=9 files=1 keys=4 archive=app-shadowrocket-arm64-v8a-release.apk
[WARN] toolkit sr-apk discovery failed tried=12 last=failed to fetch https://jsd.onmicrosoft.cn/gh/Pawdroid/FoxoVPN/socks5: 404 Clien
[WARN] source=[Pawdroid-SR-APK] no proxies found=0 raw=1127
[INFO] source=[Pawdroid-SR-APK] reused previous raw file=797390818368-raw-1631-20260918.yaml stamp=202609181631
[OK] proxies=1127 source=[Pawdroid-SR-APK]
============================================================
[INFO] toolkit try page: https://shadowshare.v2cross.com
[INFO] toolkit try download: https://shadowshare.v2cross.com/shadowshare.apk
[OK] toolkit downloaded: shadowshare.apk bytes=62868122
[OK] toolkit extracted archive=shadowshare.apk tool=zipfile files=612 dirs=39
[OK] toolkit ss-apk scanned prefixes=10 files=3 keys=1 archive=shadowshare.apk
[OK] proxies=207 new=182 url=https://{raw.githubusercontent.com|jsd.onmicrosoft.cn}/hideme9527/ecsfg/main/data/sareserver
[OK] proxies=1386 new=1307 url=https://{raw.githubusercontent.com|jsd.onmicrosoft.cn}/hideme9527/ecsfg/main/data/sareserver_en
[OK] proxies=118 new=0 url=https://{shadowsharing.com|sare.159236.xyz}/data/sareserver
[OK] proxies=1386 new=0 url=https://{shadowsharing.com|sare.159236.xyz}/data/sareserver_en
[OK] proxies=1489 source=[Pawdroid-SS-APK] url=https://shadowshare.v2cross.com/shadowshare.apk
============================================================
[INFO] sublink try repo: https://github.com/free-nodes/clashfree
[INFO] sublink try page: https://raw.githubusercontent.com/free-nodes/clashfree/main/README.md
[OK] proxies=1341 new=1341 url=https://raw.githubusercontent.com/free-nodes/clashfree/main/README.md
[OK] proxies=1341 new=0 url=https://raw.githubusercontent.com/free-nodes/clashfree/main/clash20260918.yml
[OK] proxies=1 new=1 url=https://github.com/free-nodes/clashfree/blob/main/clash20260918.yml
[OK] proxies=1342 source=[Clashfree] url=https://raw.githubusercontent.com/free-nodes/clashfree/main/README.md
============================================================
[INFO] sublink try repo: https://github.com/Epodonios/v2ray-configs
[INFO] sublink try page: https://raw.githubusercontent.com/Epodonios/v2ray-configs/main/README.md
[OK] proxies=1 new=1 url=https://github.com/Epodonios/V2ray-Configs/actions/workflows/main.yml
[OK] proxies=4080 new=4080 url=https://github.com/Epodonios/v2ray-configs/raw/main/All_Configs_Sub.txt
[OK] proxies=4080 new=0 url=https://github.com/Epodonios/v2ray-configs/raw/main/All_Configs_base64_Sub.txt
[OK] proxies=3163 new=139 url=https://github.com/Epodonios/v2ray-configs/raw/main/Splitted-By-Protocol/vless.txt
[OK] proxies=158 new=10 url=https://github.com/Epodonios/v2ray-configs/raw/main/Splitted-By-Protocol/vmess.txt
[OK] proxies=454 new=27 url=https://github.com/Epodonios/v2ray-configs/raw/main/Splitted-By-Protocol/ss.txt
[OK] proxies=183 new=11 url=https://github.com/Epodonios/v2ray-configs/raw/main/Splitted-By-Protocol/trojan.txt
[OK] proxies=4080 new=0 url=https://raw.githubusercontent.com/Epodonios/v2ray-configs/main/{Sub1.txt|Sub2.txt|Sub3.txt|Sub4.txt|Sub5.txt|Sub6.txt|Sub7.txt|Sub8.txt}
[OK] proxies=4268 source=[Epodonios] url=https://raw.githubusercontent.com/Epodonios/v2ray-configs/main/README.md
============================================================
[INFO] sublink try repo: https://github.com/free-clash-v2ray/free-clash-v2ray.github.io
[INFO] sublink try page: https://raw.githubusercontent.com/free-clash-v2ray/free-clash-v2ray.github.io/main/README.md
[OK] proxies=2890 new=2890 url=https://free-clash-v2ray.github.io/uploads/2026/09/{0-20260913.yaml|1-20260913.yaml|2-20260913.yaml|3-20260913.yaml}
[OK] proxies=4384 new=1835 url=https://free-clash-v2ray.github.io/uploads/2026/09/{0-20260913.txt|1-20260913.txt|2-20260913.txt|3-20260913.txt|4-20260913.txt}
[OK] proxies=4725 source=[Free-clash-v2ray] url=https://raw.githubusercontent.com/free-clash-v2ray/free-clash-v2ray.github.io/main/README.md
============================================================
[INFO] article try page: https://v2rayclashfree.com
[INFO] sublink try page: https://v2rayclashfree.com/fn/20260919.html
[WARN] source=[V2rayclashfree-RSS] no proxies found=0 raw=1554
[INFO] source=[V2rayclashfree-RSS] reused previous raw file=797390818368-raw-1631-20260918.yaml stamp=202609181631
[OK] proxies=1554 source=[V2rayclashfree-RSS] url=https://v2rayclashfree.com/fn/20260919.html
============================================================
[INFO] raw backup written path=/home/runner/work/Free-node-autotest/Free-node-autotest/output/raw.yaml proxies=26782
[INFO] toolkit try repo: https://github.com/MetaCubeX/mihomo
[INFO] toolkit try release: https://github.com/MetaCubeX/mihomo/releases
[INFO] toolkit try release: https://github.com/MetaCubeX/mihomo/releases/expanded_assets/v1.19.31
[INFO] toolkit try download: https://github.com/MetaCubeX/mihomo/releases/download/v1.19.31/mihomo-linux-amd64-compatible-v1.19.31.gz
[OK] toolkit downloaded: mihomo-linux-amd64-compatible-v1.19.31.gz bytes=22821836
[OK] toolkit sha256 verified: mihomo-linux-amd64-compatible-v1.19.31.gz sha256=04cf9f09671704f839ddbee2e93069dc831a4123a75281e725d1d96ab9ac1afc
[OK] proxy engine ready: starting latency test package=mihomo-linux-amd64-compatible-v1.19.31.gz
============================================================
[WARN] batch start failed size=17798 {1} split -> 8899 {2} + 8899 {3}
[WARN] batch start failed size=8899 {2} split -> 4449 {4} + 4450 {5}
[WARN] batch start failed size=8899 {3} split -> 4449 {6} + 4450 {7}
[WARN] batch start failed size=4449 {4} split -> 2224 {8} + 2225 {9}
[WARN] batch start failed size=4450 {7} split -> 2225 {10} + 2225 {11}
[WARN] batch start failed size=4449 {6} split -> 2224 {12} + 2225 {13}
[INFO] {5} tested 100/4450 kept=0 rest=17698
[WARN] batch start failed size=2224 {8} split -> 1112 {14} + 1112 {15}
[WARN] batch start failed size=2225 {11} split -> 1112 {16} + 1113 {17}
[INFO] {5} tested 200/4450 kept=0 rest=17505
[INFO] {10} tested 100/2225 kept=4 rest=17348
[INFO] {9} tested 100/2225 kept=60 rest=17343
[INFO] {9} tested 200/2225 kept=60 rest=17213
[INFO] {10} tested 200/2225 kept=5 rest=17098
[INFO] {5} tested 300/4450 kept=0 rest=17021
[INFO] {10} tested 300/2225 kept=5 rest=16869
[INFO] {9} tested 300/2225 kept=60 rest=16739
[INFO] {10} tested 400/2225 kept=6 rest=16663
[INFO] {9} tested 400/2225 kept=60 rest=16608
[INFO] {9} tested 500/2225 kept=60 rest=16445
[INFO] {10} tested 500/2225 kept=6 rest=16347
[INFO] {9} tested 600/2225 kept=60 rest=16307
[INFO] {5} tested 400/4450 kept=0 rest=16283
[INFO] {5} tested 500/4450 kept=0 rest=16132
[INFO] {10} tested 600/2225 kept=6 rest=16080
[INFO] {9} tested 700/2225 kept=61 rest=15943
[INFO] {10} tested 700/2225 kept=6 rest=15849
[INFO] {10} tested 800/2225 kept=24 rest=15708
[INFO] {9} tested 800/2225 kept=61 rest=15545
[INFO] {10} tested 900/2225 kept=26 rest=15509
[INFO] {5} tested 600/4450 kept=0 rest=15494
[INFO] {10} tested 1000/2225 kept=28 rest=15303
[INFO] {9} tested 900/2225 kept=61 rest=15270
[INFO] {10} tested 1100/2225 kept=31 rest=15128
[INFO] {10} tested 1200/2225 kept=37 rest=14979
[INFO] {5} tested 700/4450 kept=0 rest=14873
[INFO] {9} tested 1000/2225 kept=61 rest=14783
[INFO] {10} tested 1300/2225 kept=46 rest=14707
[INFO] {5} tested 800/4450 kept=0 rest=14569
[INFO] {10} tested 1400/2225 kept=49 rest=14486
[INFO] {10} tested 1500/2225 kept=49 rest=14325
[INFO] {9} tested 1100/2225 kept=61 rest=14294
[INFO] {9} tested 1200/2225 kept=61 rest=14114
[INFO] {10} tested 1600/2225 kept=50 rest=14101
[INFO] {10} tested 1700/2225 kept=50 rest=13952
[INFO] {5} tested 900/4450 kept=0 rest=13946
[INFO] {5} tested 1000/4450 kept=0 rest=13757
[INFO] {10} tested 1800/2225 kept=52 rest=13697
[INFO] {5} tested 1100/4450 kept=0 rest=13618
[INFO] {9} tested 1300/2225 kept=61 rest=13512
[INFO] {10} tested 1900/2225 kept=53 rest=13408
[INFO] {10} tested 2000/2225 kept=55 rest=13289
[INFO] {10} tested 2100/2225 kept=65 rest=13171
[INFO] {5} tested 1200/4450 kept=0 rest=13063
[INFO] {5} tested 1300/4450 kept=0 rest=12940
[INFO] {5} tested 1400/4450 kept=0 rest=12837
[INFO] {5} tested 1500/4450 kept=0 rest=12727
[INFO] {9} tested 1400/2225 kept=61 rest=12627
[INFO] {10} tested 2200/2225 kept=90 rest=12528
[INFO] {9} tested 1500/2225 kept=61 rest=12498
[INFO] {10} tested 2225/2225 kept=90 rest=12459
[INFO] {5} tested 1600/4450 kept=0 rest=12434
[INFO] {5} tested 1700/4450 kept=0 rest=12317
[WARN] batch start failed size=2225 {13} split -> 1112 {18} + 1113 {19}
[INFO] {5} tested 1800/4450 kept=0 rest=12214
[WARN] batch start failed size=2224 {12} split -> 1112 {20} + 1112 {21}
[INFO] {9} tested 1600/2225 kept=61 rest=12132
[WARN] batch start failed size=1112 {14} split -> 556 {22} + 556 {23}
[INFO] {9} tested 1700/2225 kept=61 rest=11977
[INFO] {5} tested 1900/4450 kept=1 rest=11973
[INFO] {5} tested 2000/4450 kept=12 rest=11818
[INFO] {9} tested 1800/2225 kept=61 rest=11675
[INFO] {15} tested 100/1112 kept=3 rest=11550
[INFO] {9} tested 1900/2225 kept=127 rest=11387
[INFO] {5} tested 2100/4450 kept=12 rest=11368
[INFO] {15} tested 200/1112 kept=35 rest=11354
[INFO] {9} tested 2000/2225 kept=144 rest=11183
[INFO] {15} tested 300/1112 kept=37 rest=11040
[INFO] {5} tested 2200/4450 kept=12 rest=11024
[INFO] {5} tested 2300/4450 kept=13 rest=10861
[INFO] {15} tested 400/1112 kept=40 rest=10800
[INFO] {9} tested 2100/2225 kept=146 rest=10631
[INFO] {5} tested 2400/4450 kept=13 rest=10567
[INFO] {15} tested 500/1112 kept=40 rest=10489
[INFO] {15} tested 600/1112 kept=40 rest=10365
[INFO] {5} tested 2500/4450 kept=13 rest=10284
[INFO] {15} tested 700/1112 kept=40 rest=10107
[INFO] {9} tested 2200/2225 kept=146 rest=10070
[INFO] {9} tested 2225/2225 kept=146 rest=10038
[INFO] {5} tested 2600/4450 kept=13 rest=10026
[WARN] batch start failed size=1113 {17} split -> 556 {24} + 557 {25}
[INFO] {15} tested 800/1112 kept=41 rest=9915
[INFO] {5} tested 2700/4450 kept=13 rest=9791
[INFO] {16} tested 100/1112 kept=27 rest=9645
[INFO] {16} tested 200/1112 kept=60 rest=9519
[INFO] {16} tested 300/1112 kept=110 rest=9390
[INFO] {16} tested 400/1112 kept=162 rest=9274
[INFO] {16} tested 500/1112 kept=207 rest=9163
[INFO] {16} tested 600/1112 kept=255 rest=9054
[INFO] {16} tested 700/1112 kept=272 rest=8954
[INFO] {15} tested 900/1112 kept=42 rest=8946
[INFO] {16} tested 800/1112 kept=285 rest=8852
[INFO] {16} tested 900/1112 kept=293 rest=8749
[INFO] {16} tested 1000/1112 kept=295 rest=8645
[INFO] {5} tested 2800/4450 kept=13 rest=8571
[INFO] {5} tested 2900/4450 kept=13 rest=8384
[INFO] {15} tested 1000/1112 kept=42 rest=8363
[INFO] {16} tested 1100/1112 kept=307 rest=8262
[INFO] {16} tested 1112/1112 kept=307 rest=8222
[WARN] batch start failed size=1112 {18} split -> 556 {26} + 556 {27}
[INFO] {5} tested 3000/4450 kept=14 rest=8152
[INFO] {15} tested 1100/1112 kept=42 rest=8106
[WARN] batch start failed size=1113 {19} split -> 556 {28} + 557 {29}
[INFO] {15} tested 1112/1112 kept=42 rest=8051
[INFO] {5} tested 3100/4450 kept=14 rest=8024
[INFO] {20} tested 100/1112 kept=0 rest=7920
[INFO] {20} tested 200/1112 kept=0 rest=7817
[WARN] batch start failed size=1112 {21} split -> 556 {30} + 556 {31}
[WARN] batch start failed size=556 {22} split -> 278 {32} + 278 {33}
[INFO] {5} tested 3200/4450 kept=15 rest=7540
[INFO] {20} tested 300/1112 kept=0 rest=7478
[INFO] {20} tested 400/1112 kept=1 rest=7351
[INFO] {5} tested 3300/4450 kept=17 rest=7282
[INFO] {23} tested 100/556 kept=54 rest=7263
[INFO] {23} tested 200/556 kept=64 rest=7089
[INFO] {5} tested 3400/4450 kept=17 rest=7064
[INFO] {5} tested 3500/4450 kept=17 rest=6899
[INFO] {23} tested 300/556 kept=92 rest=6797
[INFO] {20} tested 500/1112 kept=1 rest=6723
[INFO] {5} tested 3600/4450 kept=17 rest=6717
[INFO] {20} tested 600/1112 kept=2 rest=6604
[INFO] {5} tested 3700/4450 kept=17 rest=6348
[INFO] {5} tested 3800/4450 kept=17 rest=6243
[INFO] {23} tested 400/556 kept=99 rest=6217
[INFO] {20} tested 700/1112 kept=13 rest=6136
[INFO] {5} tested 3900/4450 kept=17 rest=6070
[INFO] {20} tested 800/1112 kept=27 rest=5983
[INFO] {20} tested 900/1112 kept=77 rest=5878
[INFO] {20} tested 1000/1112 kept=119 rest=5772
[INFO] {5} tested 4000/4450 kept=17 rest=5578
[INFO] {5} tested 4100/4450 kept=17 rest=5463
[INFO] {5} tested 4200/4450 kept=17 rest=5359
[INFO] {23} tested 500/556 kept=99 rest=5300
[INFO] {5} tested 4300/4450 kept=17 rest=5227
[INFO] {20} tested 1100/1112 kept=174 rest=5154
[INFO] {20} tested 1112/1112 kept=174 rest=5131
[WARN] batch start failed size=557 {25} split -> 278 {34} + 279 {35}
[INFO] {23} tested 556/556 kept=99 rest=5090
[WARN] batch start failed size=556 {24} split -> 278 {36} + 278 {37}
[WARN] batch start failed size=556 {27} split -> 278 {38} + 278 {39}
[INFO] {5} tested 4400/4450 kept=17 rest=5056
[INFO] {26} tested 100/556 kept=0 rest=4865
[INFO] {29} tested 100/557 kept=0 rest=4806
[INFO] {5} tested 4450/4450 kept=17 rest=4710
[WARN] batch start failed size=556 {28} split -> 278 {40} + 278 {41}
[INFO] {29} tested 200/557 kept=1 rest=4650
[WARN] batch start failed size=556 {31} split -> 278 {42} + 278 {43}
[INFO] {30} tested 100/556 kept=29 rest=4478
[INFO] {30} tested 200/556 kept=91 rest=4332
[INFO] {26} tested 200/556 kept=9 rest=4330
[INFO] {29} tested 300/557 kept=1 rest=4204
[INFO] {30} tested 300/556 kept=145 rest=4098
[INFO] {26} tested 300/556 kept=15 rest=4026
[INFO] {29} tested 400/557 kept=3 rest=3946
[INFO] {30} tested 400/556 kept=217 rest=3778
[INFO] {29} tested 500/557 kept=8 rest=3685
[INFO] {30} tested 500/556 kept=276 rest=3616
[INFO] {26} tested 400/556 kept=23 rest=3593
[INFO] {26} tested 500/556 kept=26 rest=3407
[INFO] {29} tested 557/557 kept=8 rest=3406
[WARN] batch start failed size=278 {32} split -> 139 {44} + 139 {45}
[INFO] {30} tested 556/556 kept=286 rest=3381
[INFO] {33} tested 100/278 kept=0 rest=3281
[INFO] {35} tested 100/279 kept=8 rest=3108
[INFO] {35} tested 200/279 kept=27 rest=2988
[INFO] {33} tested 200/278 kept=5 rest=2904
[INFO] {26} tested 556/556 kept=28 rest=2879
[WARN] batch start failed size=278 {34} split -> 139 {46} + 139 {47}
[INFO] {36} tested 100/278 kept=2 rest=2771
[INFO] {36} tested 200/278 kept=7 rest=2671
[INFO] {33} tested 278/278 kept=5 rest=2524
[INFO] {35} tested 279/279 kept=67 rest=2515
[WARN] batch start failed size=278 {37} split -> 139 {48} + 139 {49}
[WARN] batch start failed size=278 {39} split -> 139 {50} + 139 {51}
[INFO] {38} tested 100/278 kept=0 rest=2414
[INFO] {38} tested 200/278 kept=1 rest=2314
[WARN] batch start failed size=278 {41} split -> 139 {52} + 139 {53}
[INFO] {36} tested 278/278 kept=16 rest=2182
[INFO] {40} tested 100/278 kept=3 rest=2134
[WARN] batch start failed size=278 {42} split -> 139 {54} + 139 {55}
[INFO] {43} tested 100/278 kept=2 rest=1938
[INFO] {38} tested 278/278 kept=3 rest=1843
[WARN] batch start failed size=139 {44} split -> 69 {56} + 70 {57}
[INFO] {40} tested 200/278 kept=4 rest=1840
[WARN] batch start failed size=139 {45} split -> 69 {58} + 70 {59}
[INFO] {40} tested 278/278 kept=4 rest=1705
[WARN] batch start failed size=139 {47} split -> 69 {60} + 70 {61}
[INFO] {43} tested 200/278 kept=10 rest=1656
[INFO] {46} tested 100/139 kept=83 rest=1579
[INFO] {43} tested 278/278 kept=10 rest=1479
[INFO] {48} tested 100/139 kept=19 rest=1467
[WARN] batch start failed size=139 {49} split -> 69 {62} + 70 {63}
[WARN] batch start failed size=139 {51} split -> 69 {64} + 70 {65}
[WARN] batch start failed size=139 {50} split -> 69 {66} + 70 {67}
[WARN] batch start failed size=139 {52} split -> 69 {68} + 70 {69}
[INFO] {46} tested 139/139 kept=88 rest=1358
[WARN] batch start failed size=139 {54} split -> 69 {70} + 70 {71}
[INFO] {53} tested 100/139 kept=0 rest=1298
[INFO] {55} tested 100/139 kept=2 rest=1195
[INFO] {48} tested 139/139 kept=38 rest=1146
[INFO] {53} tested 139/139 kept=0 rest=1085
[WARN] batch start failed size=70 {57} split -> 35 {72} + 35 {73}
[WARN] batch start failed size=69 {58} split -> 34 {74} + 35 {75}
[INFO] {55} tested 139/139 kept=2 rest=1082
[INFO] {56} tested 69/69 kept=7 rest=998
[WARN] batch start failed size=70 {61} split -> 35 {76} + 35 {77}
[INFO] {59} tested 70/70 kept=33 rest=863
[INFO] {60} tested 69/69 kept=13 rest=835
[WARN] batch start failed size=69 {62} split -> 34 {78} + 35 {79}
[WARN] batch start failed size=70 {65} split -> 35 {80} + 35 {81}
[INFO] {63} tested 70/70 kept=64 rest=794
[WARN] batch start failed size=70 {67} split -> 35 {82} + 35 {83}
[WARN] batch start failed size=69 {68} split -> 34 {84} + 35 {85}
[INFO] {64} tested 69/69 kept=6 rest=681
[WARN] batch start failed size=70 {71} split -> 35 {86} + 35 {87}
[INFO] {66} tested 69/69 kept=7 rest=662
[INFO] {69} tested 70/70 kept=0 rest=557
[WARN] batch start failed size=35 {73} split -> 17 {88} + 18 {89}
[WARN] batch start failed size=35 {75} split -> 17 {90} + 18 {91}
[INFO] {70} tested 69/69 kept=19 rest=508
[INFO] {72} tested 35/35 kept=6 rest=501
[WARN] batch start failed size=35 {76} split -> 17 {92} + 18 {93}
[INFO] {74} tested 34/34 kept=0 rest=437
[WARN] batch start failed size=35 {79} split -> 17 {94} + 18 {95}
[WARN] batch start failed size=35 {80} split -> 17 {96} + 18 {97}
[INFO] {78} tested 34/34 kept=3 rest=408
[INFO] {77} tested 35/35 kept=0 rest=407
[WARN] batch start failed size=35 {83} split -> 17 {98} + 18 {99}
[INFO] {81} tested 35/35 kept=1 rest=331
[WARN] batch start failed size=35 {85} split -> 17 {100} + 18 {101}
[WARN] batch start failed size=35 {86} split -> 17 {102} + 18 {103}
[INFO] {82} tested 35/35 kept=6 rest=301
[WARN] batch start failed size=17 {88} split -> 8 {104} + 9 {105}
[INFO] {84} tested 34/34 kept=0 rest=295
[WARN] batch start failed size=18 {89} split -> 9 {106} + 9 {107}
[WARN] batch start failed size=18 {91} split -> 9 {108} + 9 {109}
[INFO] {87} tested 35/35 kept=0 rest=255
[WARN] batch start failed size=18 {93} split -> 9 {110} + 9 {111}
[WARN] batch start failed size=18 {95} split -> 9 {112} + 9 {113}
[INFO] {90} tested 17/17 kept=0 rest=248
[INFO] {92} tested 17/17 kept=3 rest=243
[WARN] batch start failed size=17 {96} split -> 8 {114} + 9 {115}
[WARN] batch start failed size=17 {98} split -> 8 {116} + 9 {117}
[INFO] {94} tested 17/17 kept=0 rest=212
[WARN] batch start failed size=17 {100} split -> 8 {118} + 9 {119}
[INFO] {97} tested 18/18 kept=1 rest=194
[WARN] batch start failed size=17 {102} split -> 8 {120} + 9 {121}
[INFO] {99} tested 18/18 kept=1 rest=178
[INFO] {101} tested 18/18 kept=0 rest=165
[WARN] batch start failed size=8 {104} split -> 4 {122} + 4 {123}
[WARN] batch start failed size=9 {106} split -> 4 {124} + 5 {125}
[INFO] {103} tested 18/18 kept=5 rest=156
[WARN] batch start failed size=9 {108} split -> 4 {126} + 5 {127}
[INFO] {105} tested 9/9 kept=0 rest=146
[WARN] batch start failed size=9 {110} split -> 4 {128} + 5 {129}
[INFO] {109} tested 9/9 kept=0 rest=137
[WARN] batch start failed size=9 {112} split -> 4 {130} + 5 {131}
[INFO] {107} tested 9/9 kept=0 rest=117
[INFO] {113} tested 9/9 kept=7 rest=115
[INFO] {111} tested 9/9 kept=0 rest=111
[WARN] batch start failed size=9 {115} split -> 4 {132} + 5 {133}
[WARN] batch start failed size=8 {116} split -> 4 {134} + 4 {135}
[WARN] batch start failed size=8 {118} split -> 4 {136} + 4 {137}
[INFO] {114} tested 8/8 kept=0 rest=94
[WARN] batch start failed size=9 {121} split -> 4 {138} + 5 {139}
[INFO] {117} tested 9/9 kept=0 rest=83
[WARN] batch start failed size=4 {122} split -> 2 {140} + 2 {141}
[INFO] {119} tested 9/9 kept=1 rest=82
[WARN] batch start failed size=4 {123} split -> 2 {142} + 2 {143}
[WARN] batch start failed size=4 {124} split -> 2 {144} + 2 {145}
[WARN] batch start failed size=4 {126} split -> 2 {146} + 2 {147}
[WARN] batch start failed size=5 {127} split -> 2 {148} + 3 {149}
[WARN] batch start failed size=4 {128} split -> 2 {150} + 2 {151}
[INFO] {120} tested 8/8 kept=0 rest=74
[INFO] {125} tested 5/5 kept=0 rest=66
[WARN] batch start failed size=5 {131} split -> 2 {152} + 3 {153}
[INFO] {129} tested 5/5 kept=0 rest=64
[WARN] batch start failed size=5 {133} split -> 2 {154} + 3 {155}
[INFO] {130} tested 4/4 kept=1 rest=63
[WARN] batch start failed size=4 {135} split -> 2 {156} + 2 {157}
[INFO] {132} tested 4/4 kept=0 rest=59
[WARN] batch start failed size=4 {137} split -> 2 {158} + 2 {159}
[INFO] {134} tested 4/4 kept=0 rest=54
[INFO] {136} tested 4/4 kept=0 rest=49
[WARN] batch start failed size=5 {139} split -> 2 {160} + 3 {161}
[WARN] batch start failed size=2 {141} split -> 1 {162} + 1 {163}
[INFO] {140} tested 2/2 kept=0 rest=47
[WARN] batch start failed size=2 {142} split -> 1 {164} + 1 {165}
[WARN] batch start failed size=2 {143} split -> 1 {166} + 1 {167}
[WARN] batch start failed size=2 {144} split -> 1 {168} + 1 {169}
[WARN] batch start failed size=2 {145} split -> 1 {170} + 1 {171}
[WARN] batch start failed size=2 {146} split -> 1 {172} + 1 {173}
[WARN] batch start failed size=2 {147} split -> 1 {174} + 1 {175}
[WARN] batch start failed size=2 {148} split -> 1 {176} + 1 {177}
[WARN] batch start failed size=2 {151} split -> 1 {178} + 1 {179}
[INFO] {149} tested 3/3 kept=0 rest=44
[INFO] {138} tested 4/4 kept=0 rest=43
[WARN] batch start failed size=2 {152} split -> 1 {180} + 1 {181}
[WARN] batch start failed size=2 {154} split -> 1 {182} + 1 {183}
[INFO] {153} tested 3/3 kept=3 rest=39
[WARN] batch start failed size=2 {157} split -> 1 {184} + 1 {185}
[INFO] {150} tested 2/2 kept=0 rest=36
[WARN] batch start failed size=2 {158} split -> 1 {186} + 1 {187}
[INFO] {155} tested 3/3 kept=1 rest=34
[WARN] batch start failed size=3 {161} split -> 1 {188} + 2 {189}
[INFO] {156} tested 2/2 kept=0 rest=32
[INFO] {159} tested 2/2 kept=0 rest=31
[DROP] {162} name=[ChromeGO-ShiteThings] hysteria server=62.210.70.191:23556 reason=Start initial configuration in progress
[DROP] {163} name=[ChromeGO-ShiteThings] hysteria-2 server=5.83.129.90:54177 reason=Start initial configuration in progress
[INFO] {160} tested 2/2 kept=0 rest=27
[DROP] {165} name=[ChromeGO-ShiteThings] hysteria-4 server=5.83.129.153:27626 reason=Start initial configuration in progress
[DROP] {164} name=[ChromeGO-ShiteThings] hysteria-3 server=5.83.129.153:20088 reason=Start initial configuration in progress
[DROP] {166} name=[ChromeGO-ShiteThings] hysteria-5 server=45.150.65.154:47119 reason=Start initial configuration in progress
[DROP] {168} name=[ChromeGO-Merge] WARP server=162.159.192.1:2408 reason=Start initial configuration in progress
[DROP] {169} name=[ChromeGO-Merge] United server=108.181.5.133:26022 reason=Start initial configuration in progress
[DROP] {171} name=[ChromeGO-Merge] United-2 server=109.104.152.194:58510 reason=Start initial configuration in progress
[DROP] {170} name=[ChromeGO-Merge] France_hysteria_1 server=62.210.243.131:18702 reason=Start initial configuration in progress
[DROP] {172} name=[ChromeGO-Merge] Taiwan server=www2.dtku48.xyz:22334 reason=Start initial configuration in progress
[DROP] {173} name=[ChromeGO-Merge] France server=51.158.54.46:55396 reason=Start initial configuration in progress
[DROP] {174} name=[ChromeGO-Merge] United-4 server=173.234.25.52:48919 reason=Start initial configuration in progress
[DROP] {175} name=[ChromeGO-Merge] Taiwan-2 server=www.dtku40.xyz:18490 reason=Start initial configuration in progress
[DROP] {176} name=[ChromeGO-Merge] United-5 server=167.160.91.115:41189 reason=Start initial configuration in progress
[DROP] {179} name=[Free-clash-v2ray] 未知 SS-1521 | free-nodes server=192.0.2.1:1 reason=Start initial configuration in progress
[INFO] {178} tested 1/1 kept=0 rest=13
[INFO] {177} tested 1/1 kept=0 rest=12
[DROP] {181} name=[Free-clash-v2ray] hysteria server=5.83.129.143:26691 reason=Start initial configuration in progress
[DROP] {182} name=[Epodonios] EPODONIOS-120 server=78.38.246.150:8446 reason=Start initial configuration in progress
[INFO] {167} tested 1/1 kept=0 rest=9
[DROP] {183} name=[Epodonios] EPODONIOS-121 server=92.119.166.62:2222 reason=Start initial configuration in progress
[DROP] {184} name=[Epodonios] EPODONIOS-11 server=172.66.45.9:443 reason=Start initial configuration in progress
[INFO] {180} tested 1/1 kept=0 rest=6
[DROP] {187} name=[Epodonios] EPODONIOS-483 server=66.33.22.232:34118 reason=Start initial configuration in progress
[INFO] {185} tested 1/1 kept=0 rest=4
[WARN] batch start failed size=2 {189} split -> 1 {190} + 1 {191}
[INFO] {188} tested 1/1 kept=1 rest=3
[INFO] {186} tested 1/1 kept=0 rest=2
[DROP] {191} name=[Pawdroid-SS-APK] United+Kingdom-4 server=82.38.31.189:8080 reason=Start initial configuration in progress
[INFO] {190} tested 1/1 kept=1 rest=0
[INFO] dropped=21 [ChromeGO-ShiteThings] × 5 | [ChromeGO-Merge] × 9 | [Free-clash-v2ray] × 2 | [Epodonios] × 4 | [Pawdroid-SS-APK] × 1
============================================================
[INFO] cap live source=[免费节点2] from 85 to 50 by health_score
[INFO] cap live source=[免费节点8] from 145 to 50 by health_score
[INFO] cap live source=[Pawdroid-SR-APK] from 445 to 50 by health_score
[INFO] cap live source=[Epodonios] from 77 to 50 by health_score
[INFO] cap live source=[Free-clash-v2ray] from 579 to 50 by health_score
[INFO] cap live source=[V2rayclashfree-RSS] from 67 to 50 by health_score
[INFO] cap live total from 522 to 400 floor=5 then health_score pool
[INFO] cap live reserved=102 pool=420 taken=298
============================================================
+------------------------------+--------+--------+------+--------+
| source                       |    raw | unique | live | capped |
+------------------------------+--------+--------+------+--------+
| [大FQ运动]                   |     14 |     14 |    2 |      2 |
+------------------------------+--------+--------+------+--------+
| [Pawdroid]                   |     22 |     21 |    3 |      3 |
+------------------------------+--------+--------+------+--------+
| [FreeV2-Base64]              |      2 |      2 |    2 |      2 |
+------------------------------+--------+--------+------+--------+
| [Bocchi2b-Base64]            |     35 |     35 |    0 |      0 |
+------------------------------+--------+--------+------+--------+
| [ChromeGO-Toolkit]           |     14 |     14 |    5 |      5 |
+------------------------------+--------+--------+------+--------+
| [ChromeGO-ShiteThings]       |     31 |     25 |    1 |      1 |
+------------------------------+--------+--------+------+--------+
| [ChromeGO-Merge]             |    113 |    113 |    2 |      2 |
+------------------------------+--------+--------+------+--------+
| [Freesocks]                  |      3 |      3 |    3 |      3 |
+------------------------------+--------+--------+------+--------+
| [NekoWarp]                   |     10 |     10 |   10 |      6 |
+------------------------------+--------+--------+------+--------+
| [1VPN-CRX]                   |     17 |     17 |   14 |      5 |
+------------------------------+--------+--------+------+--------+
| [OpenRunner-RSS]             |     14 |      0 |    0 |      0 |
+------------------------------+--------+--------+------+--------+
| [V2Rayshare-RSS]             |     27 |     26 |    4 |      4 |
+------------------------------+--------+--------+------+--------+
| [Mibei77-RSS]                |    111 |     96 |    2 |      2 |
+------------------------------+--------+--------+------+--------+
| [Yoyapai-RSS]                |    209 |    186 |    4 |      4 |
+------------------------------+--------+--------+------+--------+
| [免费节点1]                  |    147 |     40 |    1 |      1 |
+------------------------------+--------+--------+------+--------+
| [免费节点2]                  |    337 |    290 |   85 |     31 |
+------------------------------+--------+--------+------+--------+
| [免费节点3]                  |     59 |     48 |   12 |      8 |
+------------------------------+--------+--------+------+--------+
| [免费节点4]                  |    753 |    715 |   40 |     35 |
+------------------------------+--------+--------+------+--------+
| [免费节点5]                  |     29 |     28 |    0 |      0 |
+------------------------------+--------+--------+------+--------+
| [免费节点6]                  |    567 |    543 |    2 |      2 |
+------------------------------+--------+--------+------+--------+
| [免费节点7]                  |     64 |      3 |    1 |      1 |
+------------------------------+--------+--------+------+--------+
| [免费节点8]                  |   4200 |   3761 |  145 |     50 |
+------------------------------+--------+--------+------+--------+
| [免费节点9]                  |    615 |    452 |    0 |      0 |
+------------------------------+--------+--------+------+--------+
| [免费节点10]                 |   4453 |   3089 |   18 |     10 |
+------------------------------+--------+--------+------+--------+
| [免费节点11]                 |    429 |    222 |   32 |     14 |
+------------------------------+--------+--------+------+--------+
| [Pawdroid-SR-APK]            |   1127 |    860 |  445 |     50 |
+------------------------------+--------+--------+------+--------+
| [Pawdroid-SS-APK]            |   1489 |    942 |   43 |     24 |
+------------------------------+--------+--------+------+--------+
| [Clashfree]                  |   1342 |    502 |   21 |     11 |
+------------------------------+--------+--------+------+--------+
| [Epodonios]                  |   4268 |   3313 |   77 |     44 |
+------------------------------+--------+--------+------+--------+
| [Free-clash-v2ray]           |   4725 |   2161 |  579 |     50 |
+------------------------------+--------+--------+------+--------+
| [V2rayclashfree-RSS]         |   1554 |    267 |   67 |     30 |
+------------------------------+--------+--------+------+--------+
============================================================
[SUMMARY] total_nodes=26780
[SUMMARY] legal_candidates=17798
[SUMMARY] passed_latency_test=400
[SUMMARY] region_HK=6 region_JP=11 region_US=140
[SUMMARY] avg_latency_ms=258.29
[SUMMARY] output=/home/runner/work/Free-node-autotest/Free-node-autotest/output/clash.yaml
============================================================
