============================================================
[INFO] sublink try page | url=https://end-gfw.com
[OK] proxies=6 | new=6 | url=https://raw.githubusercontent.com/hello-world-1989/cn-news/main/clash-free.yaml
[OK] proxies=6 | new=0 | url=https://raw.githubusercontent.com/hello-world-1989/cn-news/main/end-gfw-free
[INFO] source try link | url=https://end-gfw.com/ss-key
[OK] proxies=4 | new=4 | url=https://end-gfw.com/ss-key
[INFO] sublink try repo | url=https://github.com/hello-world-1989/cn-news
[INFO] sublink try page | url=https://raw.githubusercontent.com/hello-world-1989/cn-news/main/README.md
[OK] proxies=2 | new=2 | url=https://raw.githubusercontent.com/hello-world-1989/cn-news/main/end-gfw-together
[OK] proxies=6 | new=6 | url=https://raw.githubusercontent.com/hello-world-1989/v2-sub/main/end-gfw-together-af3e13
[OK] proxies=2 | new=0 | url=https://raw.githubusercontent.com/hello-world-1989/cn-news/refs/heads/main/clash.yaml
[OK] proxies=18 | source=[大FQ运动] | url=https://raw.githubusercontent.com/hello-world-1989/cn-news/main/README.md
============================================================
[INFO] sublink try repo | url=https://github.com/Pawdroid/Free-servers
[INFO] sublink try page | url=https://raw.githubusercontent.com/Pawdroid/Free-servers/main/README.md
[OK] proxies=11 | new=11 | url=https://raw.githubusercontent.com/Pawdroid/Free-servers/main/README.md
[OK] proxies=11 | new=6 | url=https://raw.githubusercontent.com/Pawdroid/Free-servers/main/sub
[OK] proxies=1 | new=1 | url=https://apps.apple.com/cn/app/shadowshare/id1612647259
[OK] proxies=1 | new=1 | url=http://www.surflare.com
[OK] proxies=19 | source=[Pawdroid] | url=https://raw.githubusercontent.com/Pawdroid/Free-servers/main/README.md
============================================================
[INFO] source try link | url=https://xmxosfepggzm.503403.xyz
[OK] proxies=2 | new=2 | url=https://xmxosfepggzm.503403.xyz
[OK] proxies=2 | source=[FreeV2-Base64] | url=https://xmxosfepggzm.503403.xyz
============================================================
[INFO] source try link | url=https://links.bocchi2b.top/clash
[OK] proxies=32 | new=32 | url=https://links.bocchi2b.top/clash
[OK] proxies=32 | source=[Bocchi2b-Base64] | url=https://links.bocchi2b.top/clash
============================================================
[INFO] source try link | url=https://freesocks.org/api/v1/sub/02b897e8e77f19176b0b9f2c75864b00
[OK] proxies=1 | new=1 | url=https://freesocks.org/api/v1/sub/02b897e8e77f19176b0b9f2c75864b00
[INFO] source try link | url=https://freesocks.org/api/v1/sub/4cae35810e6f5c4d92e28e32104e0080
[OK] proxies=3 | new=3 | url=https://freesocks.org/api/v1/sub/4cae35810e6f5c4d92e28e32104e0080
[OK] proxies=4 | source=[Freesocks] | url=https://freesocks.org/api/v1/sub/4cae35810e6f5c4d92e28e32104e0080
============================================================
[INFO] source try link | url=https://neko-warp.nloli.xyz/neko_warp.yaml
[OK] proxies=10 | new=10 | url=https://neko-warp.nloli.xyz/neko_warp.yaml
[OK] proxies=10 | source=[NekoWarp] | url=https://neko-warp.nloli.xyz/neko_warp.yaml
============================================================
[INFO] article try feed | url=https://free.datiya.com/index.xml
[INFO] sublink try page | url=https://free.datiya.com/post/20261009/
[OK] proxies=14 | new=14 | url=https://free.datiya.com/uploads/20261009-clash.yaml
[OK] proxies=14 | source=[OpenRunner-RSS] | url=https://free.datiya.com/post/20261009/
============================================================
[INFO] article try feed | url=https://v2rayshare.com/feed
[INFO] sublink try page | url=https://v2rayshare.com/p/4097.html
[INFO] sublink try repo | url=https://github.com/firefoxmmx2/v2rayshare_subcription
[INFO] sublink try page | url=https://raw.githubusercontent.com/firefoxmmx2/v2rayshare_subcription/main/README.md
[OK] proxies=21 | new=21 | url=https://{raw.githubusercontent.com|cdn.jsdelivr.net}/firefoxmmx2/v2rayshare_subcription/main/subscription/clash_sub.yaml
[OK] proxies=22 | new=1 | url=https://{raw.githubusercontent.com|cdn.jsdelivr.net}/firefoxmmx2/v2rayshare_subcription/main/subscription/vray_sub.txt
[OK] proxies=22 | new=0 | url=https://{raw.githubusercontent.com|cdn.jsdelivr.net}/firefoxmmx2/v2rayshare_subcription/main/subscription/mihomo_sub.yaml
[OK] proxies=22 | source=[V2Rayshare-RSS] | url=https://raw.githubusercontent.com/firefoxmmx2/v2rayshare_subcription/main/README.md
============================================================
[INFO] article try feed | url=https://www.mibei77.com/feed
[INFO] sublink try page | url=https://www.mibei77.com/733.html
[OK] proxies=71 | new=71 | url=https://aa.mibei77.com/202610/10.0964bacde.txt
[OK] proxies=64 | new=1 | url=https://aa.mibei77.com/202610/1009Clashimc.yaml
[OK] proxies=72 | source=[Mibei77-RSS] | url=https://www.mibei77.com/733.html
============================================================
[INFO] article try feed | url=https://yoyapai.com/feed
[INFO] sublink try page | url=https://yoyapai.com/760
[OK] proxies=297 | new=297 | url=https://freenode.yoyapai.com/2026/10/09-yoyapai.com-clash-vpn-mianfei-jiedian.yaml
[OK] proxies=1 | new=1 | url=https://yoyapai.com/760
[OK] proxies=297 | new=0 | url=https://freenode.yoyapai.com/2026/10/09-yoyapai.com-ssrv2ray-vpn-mianfei-jiedian.txt
[OK] proxies=298 | source=[Yoyapai-RSS] | url=https://yoyapai.com/760
============================================================
[INFO] sublink try repo | url=https://github.com/free18/v2ray
[INFO] sublink try page | url=https://raw.githubusercontent.com/free18/v2ray/main/README.md
[OK] proxies=220 | new=220 | url=https://ghfast.top/https://raw.githubusercontent.com/free18/v2ray/refs/heads/main/v.txt
[OK] proxies=219 | new=0 | url=https://ghfast.top/https://raw.githubusercontent.com/free18/v2ray/refs/heads/main/c.yaml
[OK] proxies=3 | new=3 | url=https://raw.githubusercontent.com/free18/v2ray/main/README.md
[OK] proxies=223 | source=[免费节点1] | url=https://raw.githubusercontent.com/free18/v2ray/main/README.md
============================================================
[INFO] sublink try repo | url=https://github.com/ermaozi/get_subscribe
[INFO] sublink try page | url=https://raw.githubusercontent.com/ermaozi/get_subscribe/main/README.md
[INFO] sublink file_nodes=0 | bare links=9
[OK] proxies=574 | new=574 | url=https://blog.ermao.net/sub/{clash|v2ray}/ermao.net
[OK] proxies=574 | new=0 | url=https://{blog.ermao.net|www.ermao.net}/sub/{reachable|unreachable|untested}/clash/ermao.net
[OK] proxies=574 | source=[免费节点2] | url=https://raw.githubusercontent.com/ermaozi/get_subscribe/main/README.md
============================================================
[INFO] sublink try repo | url=https://github.com/sunmiao4458/free-proxy-airport
[INFO] sublink try page | url=https://raw.githubusercontent.com/sunmiao4458/free-proxy-airport/main/README.md
[OK] proxies=29 | new=29 | url=https://sunmiao4458.github.io/free-proxy-airport/clash.yaml
[OK] proxies=29 | source=[免费节点3] | url=https://raw.githubusercontent.com/sunmiao4458/free-proxy-airport/main/README.md
============================================================
[INFO] sublink try repo | url=https://github.com/mfuu/FreeProxies
[INFO] sublink try page | url=https://raw.githubusercontent.com/mfuu/FreeProxies/master/README.md
[OK] proxies=323 | new=323 | url=https://raw.githubusercontent.com/mfuu/FreeProxies/master/sub.yaml
[OK] proxies=323 | source=[免费节点4] | url=https://raw.githubusercontent.com/mfuu/FreeProxies/master/README.md
============================================================
[INFO] sublink try repo | url=https://github.com/vxiaov/free_proxies
[INFO] sublink try page | url=https://raw.githubusercontent.com/vxiaov/free_proxies/main/README.md
[OK] proxies=28 | new=28 | url=https://{cdn.jsdelivr.net|raw.githubusercontent.com}/vxiaov/free_proxies/main/clash/clash.provider.yaml
[OK] proxies=1 | new=1 | url=https://raw.githubusercontent.com/vxiaov/free_proxies/main/README.md
[OK] proxies=29 | source=[免费节点5] | url=https://raw.githubusercontent.com/vxiaov/free_proxies/main/README.md
============================================================
[INFO] sublink try repo | url=https://github.com/anaer/Sub
[INFO] sublink try page | url=https://raw.githubusercontent.com/anaer/Sub/main/README.MD
[OK] proxies=566 | new=566 | url=https://raw.githubusercontent.com/anaer/Sub/main/clash.yaml
[OK] proxies=566 | new=0 | url=https://anaer.github.io/Sub/clash.yaml
[OK] proxies=566 | source=[免费节点6] | url=https://raw.githubusercontent.com/anaer/Sub/main/README.MD
============================================================
[INFO] sublink try repo | url=https://github.com/snakem982/proxypool
[INFO] sublink try page | url=https://raw.githubusercontent.com/snakem982/proxypool/main/README.md
[OK] proxies=60 | new=60 | url=https://raw.githubusercontent.com/snakem982/proxypool/main/source/clash-meta-2.yaml
[OK] proxies=56 | new=0 | url=https://raw.githubusercontent.com/snakem982/proxypool/main/source/v2ray-2.txt
[OK] proxies=54 | new=0 | url=https://raw.githubusercontent.com/snakem982/proxypool/main/source/sing-box-2.json
[OK] proxies=60 | source=[免费节点7] | url=https://raw.githubusercontent.com/snakem982/proxypool/main/README.md
============================================================
[INFO] sublink try repo | url=https://github.com/mahdibland/V2RayAggregator
[INFO] sublink try page | url=https://raw.githubusercontent.com/mahdibland/V2RayAggregator/master/README.md
[OK] proxies=1 | new=1 | url=https://github.com/mahdibland/SSAggregator/actions/workflows/Collector.yml
[OK] proxies=1445 | new=1445 | url=https://raw.githubusercontent.com/mahdibland/ShadowsocksAggregator/master/sub/splitted/vmess.txt
[OK] proxies=61 | new=61 | url=https://raw.githubusercontent.com/mahdibland/SSAggregator/master/sub/airport_merge_base64.txt
[OK] proxies=636 | new=636 | url=https://raw.githubusercontent.com/mahdibland/ShadowsocksAggregator/master/sub/splitted/trojan.txt
[OK] proxies=1 | new=0 | url=https://cdn.jsdelivr.net/gh/mahdibland/V2RayAggregator@master/update/provider/provider-meta.yml
[OK] proxies=1868 | new=1868 | url=https://raw.githubusercontent.com/mahdibland/ShadowsocksAggregator/master/sub/splitted/ss.txt
[OK] proxies=61 | new=0 | url=https://raw.githubusercontent.com/mahdibland/ShadowsocksAggregator/master/EternityAir.txt
[OK] proxies=1 | new=0 | url=https://cdn.jsdelivr.net/gh/mahdibland/V2RayAggregator@master/update/provider/provider-meta-cn.yml
[OK] proxies=1 | new=0 | url=https://cdn.jsdelivr.net/gh/mahdibland/V2RayAggregator@master/update/provider/provider-meta-others.yml
[OK] proxies=1 | new=0 | url=https://cdn.jsdelivr.net/gh/mahdibland/V2RayAggregator@master/update/provider/provider-others.yml
[OK] proxies=4123 | new=337 | url=https://raw.githubusercontent.com/mahdibland/SSAggregator/master/sub/sub_merge_yaml.yml
[OK] proxies=4003 | new=0 | url=https://raw.githubusercontent.com/mahdibland/SSAggregator/master/sub/sub_merge_base64.txt
[OK] proxies=197 | new=0 | url=https://raw.githubusercontent.com/mahdibland/ShadowsocksAggregator/master/Eternity.txt
[OK] proxies=4003 | new=0 | url=https://raw.githubusercontent.com/mahdibland/{SSAggregator|ShadowsocksAggregator}/master/sub/sub_merge.txt
[OK] proxies=54 | new=0 | url=https://raw.githubusercontent.com/mahdibland/ShadowsocksAggregator/master/sub/splitted/ssr.txt
[OK] proxies=386 | new=95 | url=https://raw.githubusercontent.com/mahdibland/V2RayAggregator/master/README.md
[OK] proxies=61 | new=0 | url=https://raw.githubusercontent.com/mahdibland/SSAggregator/master/sub/airport_sub_merge.txt
[OK] proxies=198 | new=0 | url=https://raw.githubusercontent.com/mahdibland/ShadowsocksAggregator/master/Eternity.yml
[OK] proxies=1 | new=0 | url=https://github.com/mahdibland/SSAggregator/actions/workflows/Airport_Collector.yml
[OK] proxies=1 | new=0 | url=https://cdn.jsdelivr.net/gh/mahdibland/V2RayAggregator@master/update/provider/provider.yml
[OK] proxies=1 | new=0 | url=https://cdn.jsdelivr.net/gh/mahdibland/V2RayAggregator@master/update/provider/provider-cn.yml
[OK] proxies=4443 | source=[免费节点8] | url=https://raw.githubusercontent.com/mahdibland/V2RayAggregator/master/README.md
============================================================
[INFO] sublink try repo | url=https://github.com/w1770946466/Auto_proxy
[INFO] sublink try page | url=https://raw.githubusercontent.com/w1770946466/Auto_proxy/main/README.md
[OK] proxies=489 | new=489 | url=https://raw.githubusercontent.com/w1770946466/Auto_proxy/main/Long_term_subscription_num
[OK] proxies=1 | new=1 | url=https://github.com/w1770946466/Auto_proxy/actions/workflows/main.yml
[OK] proxies=245 | new=125 | url=https://raw.githubusercontent.com/w1770946466/Auto_proxy/main/{Long_term_subscription2.yaml|Long_term_subscription1.yaml|Long_term_subscription3.yaml}
[OK] proxies=489 | new=0 | url=https://raw.githubusercontent.com/w1770946466/Auto_proxy/main/{Long_term_subscription1|Long_term_subscription2|Long_term_subscription3|Long_term_subscription4|Long_term_subscription5|Long_term_subscription6|Long_term_subscription7|Long_term_subscription8}
[OK] proxies=615 | source=[免费节点9] | url=https://raw.githubusercontent.com/w1770946466/Auto_proxy/main/README.md
============================================================
[INFO] sublink try repo | url=https://github.com/PuddinCat/BestClash
[INFO] sublink try page | url=https://raw.githubusercontent.com/PuddinCat/BestClash/main/README.md
[OK] proxies=24 | new=24 | url=https://freenode.openrunner.net/uploads/20240807-clash.yaml
[OK] proxies=165 | new=165 | url=https://raw.githubusercontent.com/ronghuaxueleng/get_v2/main/pub/combine.yaml
[OK] proxies=198 | new=198 | url=https://raw.githubusercontent.com/mahdibland/ShadowsocksAggregator/master/Eternity.yml
[OK] proxies=144 | new=144 | url=https://raw.githubusercontent.com/zhangkaiitugithub/passcro/main/speednodes.yaml
[OK] proxies=584 | new=392 | url=https://raw.githubusercontent.com/{ermaozi|ermaozi01}/{get_subscribe|free_clash_vpn}/main/subscribe/clash.yml
[OK] proxies=179 | new=0 | url=https://raw.githubusercontent.com/Misaka-blog/chromego_merge/main/sub/merged_proxies_new.yaml
[OK] proxies=16 | new=13 | url=https://raw.githubusercontent.com/PuddinCat/BestClash/main/proxies.yaml
[OK] proxies=179 | new=0 | url=https://raw.githubusercontent.com/{chengaopan|peasoft}/{AutoMergePublicNodes|NoMoreWalls}/master/list.yml
[OK] proxies=28 | new=28 | url=https://cdn.jsdelivr.net/gh/vxiaov/free_proxies@main/clash/clash.provider.yaml
[OK] proxies=3701 | new=3682 | url=https://raw.githubusercontent.com/{NiceVPN123|anaer}/{NiceVPN|Sub}/main/{Clash.yaml|clash.yaml}
[OK] proxies=4646 | source=[免费节点10] | url=https://raw.githubusercontent.com/PuddinCat/BestClash/main/README.md
============================================================
[INFO] sublink try repo | url=https://github.com/kooker/FreeSubsCheck
[INFO] sublink try page | url=https://raw.githubusercontent.com/kooker/FreeSubsCheck/main/README.md
[OK] proxies=1 | new=1 | url=https://raw.githubusercontent.com/kooker/FreeSubsCheck/main/base64.txt
[OK] proxies=3 | new=3 | url=https://raw.githubusercontent.com/kooker/FreeSubsCheck/main/mihomo.yaml
[OK] proxies=1 | new=0 | url=https://raw.githubusercontent.com/kooker/FreeSubsCheck/main/all.yaml
[OK] proxies=2 | new=2 | url=https://raw.githubusercontent.com/kooker/FreeSubsCheck/main/byxiaoxi.txt
[OK] proxies=697 | new=696 | url=https://raw.githubusercontent.com/kooker/FreeSubsCheck/main/kooker.jp.txt
[OK] proxies=702 | source=[免费节点11] | url=https://raw.githubusercontent.com/kooker/FreeSubsCheck/main/README.md
============================================================
[INFO] toolkit try repo | url=https://github.com/bannedbook/fanqiang
[INFO] toolkit try release | url=https://github.com/bannedbook/fanqiang/releases
[INFO] toolkit try release | url=https://github.com/bannedbook/fanqiang/releases/expanded_assets/ChromeGo-latest
[INFO] toolkit try download | url=https://github.com/bannedbook/fanqiang/releases/download/ChromeGo-latest/ChromeGo.7z
[OK] toolkit downloaded | file=ChromeGo.7z | size=96.2mb | time=11.1s
[OK] toolkit extracted | archive=ChromeGo.7z | tool=7z | files=222 | dirs=45
[OK] toolkit discovered | subs=107 | embedded=46 | scan=16.2s | archive=ChromeGo.7z
[OK] proxies=12 | new=12 | embedded=archive-config
[OK] proxies=3 | new=3 | url=https://www.67867867.xyz/Alvin9999/PAC/refs/heads/master/backup/img/1/2/{ipp|ip}/clash.meta2/{5|6|3|1|4|2}/config.yaml
[OK] proxies=3 | new=0 | url=https://gitlab.com/free9999/ipupdate/master/backup/img/1/2/{ipp|ip}/clash.meta2/{5|6|3|1|4|2}/config.yaml
[OK] proxies=7 | new=5 | url=https://www.67867867.xyz/Alvin9999/PAC/refs/heads/master/backup/img/1/2/{ipp|ip}/{hysteria2|singbox|naiveproxy|hysteria|xray}/{3|1|4|2}/config.json
[OK] proxies=7 | new=0 | url=https://gitlab.com/free9999/ipupdate/master/backup/img/1/2/{ipp|ip}/{hysteria2|singbox|naiveproxy|hysteria|xray}/{3|1|4|2}/config.json
[OK] proxies=20 | source=[ChromeGO-Toolkit] | url=https://github.com/bannedbook/fanqiang/releases/download/ChromeGo-latest/ChromeGo.7z
============================================================
[INFO] sublink try repo | url=https://github.com/ShiteThings/extractNodes
[INFO] sublink try page | url=https://raw.githubusercontent.com/ShiteThings/extractNodes/main/README.md
[OK] proxies=26 | new=26 | url=https://chg26.makou.cc.cd/sb
[OK] proxies=31 | new=5 | url=https://{chg26.makou.cc.cd|chg64.makou.cc.cd}
[OK] proxies=31 | source=[ChromeGO-ShiteThings] | url=https://raw.githubusercontent.com/ShiteThings/extractNodes/main/README.md
============================================================
[INFO] sublink try repo | url=https://github.com/shangui999/chromego_merge
[INFO] sublink try page | url=https://raw.githubusercontent.com/shangui999/chromego_merge/master/ReadMe.md
[OK] proxies=11 | new=11 | url=https://freedman.netlify.app/sub/shadowrocket_base64.txt
[OK] proxies=16 | new=16 | url=https://freedman.netlify.app/sub/sb.json
[OK] proxies=10 | new=5 | url=https://freedman.netlify.app/sub/merged_proxies_new.yaml
[OK] proxies=11 | new=1 | url=https://freedman.netlify.app/sub/merged_warp_proxies_new.yaml
[INFO] sublink try repo | url=https://github.com/yaney01/chromego
[INFO] sublink try page | url=https://raw.githubusercontent.com/yaney01/chromego/main/ReadMe.md
[OK] proxies=50 | new=46 | url=https://raw.githubusercontent.com/yaney01/chromego/main/sub/merged_proxies_new.yaml
[OK] proxies=51 | new=0 | url=https://raw.githubusercontent.com/yaney01/chromego/main/sub/merged_warp_proxies_new.yaml
[OK] proxies=13 | new=7 | url=https://raw.githubusercontent.com/yaney01/chromego/main/sub/shadowrocket_base64.txt
[OK] proxies=13 | new=0 | url=https://raw.githubusercontent.com/yaney01/chromego/main/sub/sb.json
[INFO] sublink try repo | url=https://github.com/Misaka-blog/chromego_merge
[INFO] sublink try page | url=https://raw.githubusercontent.com/Misaka-blog/chromego_merge/main/README.md
[OK] proxies=179 | new=179 | url=https://chromego-sub.netlify.app/sub/merged_proxies_new.yaml
[OK] proxies=265 | source=[ChromeGO-Merge] | url=https://raw.githubusercontent.com/Misaka-blog/chromego_merge/main/README.md
============================================================
[INFO] toolkit try repo | url=https://github.com/Pawdroid/shadowrocket_for_android
[INFO] toolkit try release | url=https://github.com/Pawdroid/shadowrocket_for_android/releases
[INFO] toolkit try release | url=https://github.com/Pawdroid/shadowrocket_for_android/releases/expanded_assets/10.10.57
[INFO] toolkit try download | url=https://github.com/Pawdroid/shadowrocket_for_android/releases/download/10.10.57/Shadowrocket_10.10.57_shadowrocketStandard_arm64-v8a.apk
[OK] toolkit downloaded | file=Shadowrocket_10.10.57_shadowrocketStandard_arm64-v8a.apk | size=39.8mb | time=10.7s
[OK] toolkit extracted | archive=Shadowrocket_10.10.57_shadowrocketStandard_arm64-v8a.apk | tool=zipfile | files=1193 | dirs=44
[OK] toolkit sr-apk scanned | prefixes=38 | files=6 | keys=2 | archive=Shadowrocket_10.10.57_shadowrocketStandard_arm64-v8a.apk
[OK] proxies=822 | new=822 | url=https://{cdn.jsdelivr.net|raw.githubusercontent.com}/pixelor/ecfg/main/data/ecfg6_zh
[OK] proxies=664 | new=18 | url=https://{raw.githubusercontent.com|cdn.jsdelivr.net}/pixelor/ecfg/main/data/ecfg6_en
[OK] proxies=69 | new=49 | url=https://{cdn.jsdelivr.net|raw.githubusercontent.com}/pixelor/ecfg/main/data/ecfg6
[OK] proxies=58 | new=0 | url=https://{files.shadowrockets.app|cdn.shadowrockets.app}/ecfg/data/ecfg6
[OK] proxies=570 | new=0 | url=https://{files.shadowrockets.app|cdn.shadowrockets.app}/ecfg/data/ecfg6_en
[OK] proxies=570 | new=0 | url=https://{files.shadowrockets.app|cdn.shadowrockets.app}/ecfg/data/ecfg6_zh
[OK] proxies=889 | source=[Pawdroid-SR-APK] | url=https://github.com/Pawdroid/shadowrocket_for_android/releases/download/10.10.57/Shadowrocket_10.10.57_shadowrocketStandard_arm64-v8a.apk
============================================================
[INFO] toolkit try page | url=https://shadowshare.v2cross.com
[INFO] toolkit try download | url=https://shadowshare.v2cross.com/shadowshare.apk
[OK] toolkit downloaded | file=shadowshare.apk | size=60mb | time=11.7s
[OK] toolkit extracted | archive=shadowshare.apk | tool=zipfile | files=612 | dirs=39
[OK] toolkit ss-apk scanned | prefixes=10 | files=3 | keys=1 | archive=shadowshare.apk
[OK] proxies=204 | new=204 | url=https://{raw.githubusercontent.com|jsd.onmicrosoft.cn}/hideme9527/ecsfg/main/data/sareserver
[OK] proxies=1386 | new=1283 | url=https://{raw.githubusercontent.com|jsd.onmicrosoft.cn}/hideme9527/ecsfg/main/data/sareserver_en
[OK] proxies=1386 | new=0 | url=https://{shadowsharing.com|sare.159236.xyz}/data/sareserver_en
[OK] proxies=33 | new=0 | url=https://{shadowsharing.com|sare.159236.xyz}/data/sareserver
[OK] proxies=1386 | new=0 | url=https://gitee.com/api/v5/repos/{zhiminghao|guoyoucai1|elvenapp}/ecsfg/raw/data/sareserver_en
[OK] proxies=33 | new=0 | url=https://gitee.com/api/v5/repos/{zhiminghao|guoyoucai1|elvenapp}/ecsfg/raw/data/sareserver
[OK] proxies=1487 | source=[Pawdroid-SS-APK] | url=https://shadowshare.v2cross.com/shadowshare.apk
============================================================
[INFO] toolkit try chrome | url=https://chromewebstore.google.com/detail/free-vpn-proxy-1vpn/akcocjjpkmlniicdeemdceeajlmoabhg
[INFO] toolkit try download | url=https://clients2.google.com/service/update2/crx?response=redirect&prodversion=131.0.6778.0&acceptformat=crx2,crx3&x=id%3dakcocjjpkmlniicdeemdceeajlmoabhg%26uc
[OK] toolkit downloaded | file=free-vpn-proxy-1vpn.crx | size=1.6mb | time=4.7s
[OK] toolkit extracted | archive=free-vpn-proxy-1vpn.crx | tool=zipfile | files=68 | dirs=57
[OK] toolkit 1vpn-crx scanned | hosts=17 | keys=1 | archive=free-vpn-proxy-1vpn.crx
[OK] proxies=17 | source=[1VPN-CRX] | url=https://clients2.google.com/service/update2/crx?response=redirect&prodversion=131.0.6778.0&acceptformat=crx2,crx3&x=id%3dakcocjjpkmlniicdeemdceeajlmoabhg%26uc
============================================================
[INFO] sublink try repo | url=https://github.com/free-nodes/clashfree
[INFO] sublink try page | url=https://raw.githubusercontent.com/free-nodes/clashfree/main/README.md
[OK] proxies=1 | new=1 | url=https://github.com/free-nodes/clashfree/blob/main/clash20261009.yml
[OK] proxies=391 | new=391 | url=https://raw.githubusercontent.com/free-nodes/clashfree/main/README.md
[OK] proxies=391 | new=0 | url=https://raw.githubusercontent.com/free-nodes/clashfree/main/clash20261009.yml
[OK] proxies=392 | source=[Clashfree] | url=https://raw.githubusercontent.com/free-nodes/clashfree/main/README.md
============================================================
[INFO] sublink try repo | url=https://github.com/Epodonios/v2ray-configs
[INFO] sublink try page | url=https://raw.githubusercontent.com/Epodonios/v2ray-configs/main/README.md
[OK] proxies=4159 | new=4159 | url=https://github.com/Epodonios/v2ray-configs/raw/main/All_Configs_Sub.txt
[OK] proxies=4159 | new=0 | url=https://github.com/Epodonios/v2ray-configs/raw/main/All_Configs_base64_Sub.txt
[OK] proxies=394 | new=19 | url=https://github.com/Epodonios/v2ray-configs/raw/main/Splitted-By-Protocol/ss.txt
[OK] proxies=1 | new=1 | url=https://github.com/Epodonios/V2ray-Configs/actions/workflows/main.yml
[OK] proxies=221 | new=19 | url=https://github.com/Epodonios/v2ray-configs/raw/main/Splitted-By-Protocol/trojan.txt
[OK] proxies=3315 | new=219 | url=https://github.com/Epodonios/v2ray-configs/raw/main/Splitted-By-Protocol/vless.txt
[OK] proxies=195 | new=22 | url=https://github.com/Epodonios/v2ray-configs/raw/main/Splitted-By-Protocol/vmess.txt
[OK] proxies=4159 | new=0 | url=https://raw.githubusercontent.com/Epodonios/v2ray-configs/main/{Sub1.txt|Sub2.txt|Sub3.txt|Sub4.txt|Sub5.txt|Sub6.txt|Sub7.txt|Sub8.txt}
[OK] proxies=4439 | source=[Epodonios] | url=https://raw.githubusercontent.com/Epodonios/v2ray-configs/main/README.md
============================================================
[INFO] sublink try repo | url=https://github.com/free-clash-v2ray/free-clash-v2ray.github.io
[INFO] sublink try page | url=https://raw.githubusercontent.com/free-clash-v2ray/free-clash-v2ray.github.io/main/README.md
[OK] proxies=2438 | new=2438 | url=https://free-clash-v2ray.github.io/uploads/2026/10/{0-20261004.yaml|1-20261004.yaml|2-20261004.yaml|3-20261004.yaml}
[OK] proxies=2772 | new=847 | url=https://free-clash-v2ray.github.io/uploads/2026/10/{0-20261004.txt|1-20261004.txt|2-20261004.txt|3-20261004.txt|4-20261004.txt}
[OK] proxies=3285 | source=[Free-clash-v2ray] | url=https://raw.githubusercontent.com/free-clash-v2ray/free-clash-v2ray.github.io/main/README.md
============================================================
[INFO] article try page | url=https://v2rayclashfree.com
[INFO] sublink try page | url=https://v2rayclashfree.com/fn/20261009.html
[INFO] sublink try page | url=https://v2rayclashfree.com/fn/20261008.html
[INFO] sublink try page | url=https://v2rayclashfree.com/fn/20261007.html
[INFO] sublink try page | url=https://v2rayclashfree.com/fn/20261006.html
[INFO] sublink try page | url=https://v2rayclashfree.com/fn/20261005.html
[INFO] sublink try page | url=https://v2rayclashfree.com/fn/20261004.html
[INFO] sublink try page | url=https://v2rayclashfree.com/fn/20261003.html
[INFO] sublink try page | url=https://v2rayclashfree.com/fn/20261002.html
[INFO] sublink try page | url=https://v2rayclashfree.com/fn/20261001.html
[INFO] sublink try page | url=https://v2rayclashfree.com/fn/20260930.html
[OK] proxies=2867 | new=2867 | url=https://v2rayclashfree.com/sub/20260930-v2ray.txt
[OK] proxies=2901 | new=539 | url=https://v2rayclashfree.com/sub/20260930-clash.yaml
[OK] proxies=3406 | source=[V2rayclashfree-RSS] | url=https://v2rayclashfree.com/fn/20260930.html
============================================================
[INFO] toolkit try repo | url=https://github.com/MetaCubeX/meta-rules-dat
[INFO] toolkit try release | url=https://github.com/MetaCubeX/meta-rules-dat/releases
[INFO] toolkit try release | url=https://github.com/MetaCubeX/meta-rules-dat/releases/expanded_assets/latest
[INFO] toolkit try download | url=https://github.com/MetaCubeX/meta-rules-dat/releases/download/latest/country.mmdb
[OK] toolkit downloaded | file=country.mmdb | size=7.3mb | time=0.3s
[INFO] toolkit try repo | url=https://github.com/mledoze/countries
[INFO] toolkit try release | url=https://github.com/mledoze/countries/releases
[INFO] toolkit try release | url=https://github.com/mledoze/countries/releases/expanded_assets/v1.8.0
[INFO] toolkit try download | url=https://github.com/mledoze/countries/archive/refs/tags/v1.8.0.zip
[OK] toolkit downloaded | file=countries-1.8.0.zip | size=4.8mb | time=4.5s
[OK] toolkit extracted | archive=countries-1.8.0.zip | tool=zipfile | files=528 | dirs=8
[INFO] toolkit try repo | url=https://github.com/pycountry/pycountry
[INFO] toolkit try release | url=https://github.com/pycountry/pycountry/releases
[INFO] toolkit try release | url=https://github.com/pycountry/pycountry/releases/expanded_assets/26.2.16
[INFO] toolkit try download | url=https://github.com/pycountry/pycountry/archive/refs/tags/26.2.16.zip
[OK] toolkit downloaded | file=pycountry-26.2.16.zip | size=7.8mb | time=1.8s
[OK] toolkit extracted | archive=pycountry-26.2.16.zip | tool=zipfile | files=643 | dirs=334
[INFO] toolkit try repo | url=https://github.com/umpirsky/country-list
[INFO] toolkit try release | url=https://github.com/umpirsky/country-list/releases
[INFO] toolkit try page | url=https://raw.githubusercontent.com/umpirsky/country-list/master/README.md
[OK] geo score ready | files=country.mmdb, countries.json, iso3166-1.json | centroids=247 | aliases=425
============================================================
[INFO] toolkit try repo | url=https://github.com/MetaCubeX/mihomo
[INFO] toolkit try release | url=https://github.com/MetaCubeX/mihomo/releases
[INFO] toolkit try release | url=https://github.com/MetaCubeX/mihomo/releases/expanded_assets/v1.19.32
[INFO] toolkit try download | url=https://github.com/MetaCubeX/mihomo/releases/download/v1.19.32/mihomo-linux-amd64-compatible-v1.19.32.gz
[OK] toolkit downloaded | file=mihomo-linux-amd64-compatible-v1.19.32.gz | size=21.8mb | time=0.3s
[OK] toolkit hash verified | file=mihomo-linux-amd64-compatible-v1.19.32.gz | sha256=ba3ce607747a07f948fc35780e108a4a7c7f552a38b9bd4d115f313ebcb89c20
[OK] proxy engine ready, starting latency test | package=mihomo-linux-amd64-compatible-v1.19.32.gz
============================================================
[WARN] batch reshard | size=18114 {1} | split=3019 {2} + 3019 {3} + 3019 {4} + 3019 {5} + 3019 {6} + 3019 {7}
[WARN] batch start failed | size=3019 {6} | split=504 {8} + 504 {9} + 504 {10} + 504 {11} + 504 {12} + 499 {13}
[WARN] batch start failed | size=3019 {5} | split=504 {14} + 504 {15} + 504 {16} + 504 {17} + 504 {18} + 499 {19}
[WARN] batch start failed | size=3019 {7} | split=504 {20} + 504 {21} + 504 {22} + 504 {23} + 504 {24} + 499 {25}
[TEST] {11} tested=100/504 | kept=1 | rest=18014
[TEST] {11} tested=200/504 | kept=1 | rest=17914
[TEST] {9} tested=100/504 | kept=2 | rest=17731
[TEST] {9} tested=200/504 | kept=3 | rest=17631
[TEST] {14} tested=100/504 | kept=0 | rest=17493
[TEST] {14} tested=200/504 | kept=0 | rest=17393
[TEST] {14} tested=300/504 | kept=0 | rest=17293
[TEST] {11} tested=300/504 | kept=1 | rest=17222
[TEST] {4} tested=100/3019 | kept=0 | rest=17075
[TEST] {4} tested=200/3019 | kept=0 | rest=16975
[TEST] {4} tested=300/3019 | kept=0 | rest=16875
[TEST] {2} tested=100/3019 | kept=9 | rest=16687
[TEST] {2} tested=200/3019 | kept=21 | rest=16587
[TEST] {2} tested=300/3019 | kept=31 | rest=16486
[TEST] {3} tested=100/3019 | kept=0 | rest=16353
[TEST] {3} tested=200/3019 | kept=3 | rest=16253
[TEST] {3} tested=300/3019 | kept=3 | rest=16153
[TEST] {9} tested=300/504 | kept=3 | rest=16114
[TEST] {11} tested=400/504 | kept=2 | rest=15956
[TEST] {9} tested=400/504 | kept=4 | rest=15762
[TEST] {14} tested=400/504 | kept=3 | rest=15742
[TEST] {2} tested=400/3019 | kept=35 | rest=15681
[TEST] {4} tested=400/3019 | kept=0 | rest=15567
[TEST] {3} tested=400/3019 | kept=3 | rest=15483
[TEST] {4} tested=500/3019 | kept=0 | rest=15379
[TEST] {2} tested=500/3019 | kept=43 | rest=15149
[TEST] {11} tested=500/504 | kept=3 | rest=15019
[TEST] {2} tested=600/3019 | kept=51 | rest=14963
[TEST] {12} tested=100/504 | kept=4 | rest=14807
[TEST] {3} tested=500/3019 | kept=3 | rest=14766
[TEST] {14} tested=500/504 | kept=3 | rest=14679
[TEST] {9} tested=500/504 | kept=4 | rest=14670
[WARN] batch start failed | size=504 {10} | split=84 {26} + 84 {27} + 84 {28} + 84 {29} + 84 {30} + 84 {31}
[TEST] {2} tested=700/3019 | kept=82 | rest=14632
[TEST] {4} tested=600/3019 | kept=14 | rest=14553
[TEST] {13} tested=100/499 | kept=0 | rest=14230
[TEST] {3} tested=600/3019 | kept=35 | rest=14201
[TEST] {8} tested=100/504 | kept=0 | rest=14165
[TEST] {3} tested=700/3019 | kept=93 | rest=13961
[TEST] {2} tested=800/3019 | kept=121 | rest=13916
[TEST] {12} tested=200/504 | kept=9 | rest=13732
[TEST] {4} tested=700/3019 | kept=14 | rest=13703
[TEST] {8} tested=200/504 | kept=1 | rest=13614
[TEST] {2} tested=900/3019 | kept=172 | rest=13604
[TEST] {12} tested=300/504 | kept=12 | rest=13520
[TEST] {3} tested=800/3019 | kept=156 | rest=13350
[TEST] {12} tested=400/504 | kept=12 | rest=13327
[TEST] {13} tested=200/499 | kept=5 | rest=13178
[TEST] {8} tested=300/504 | kept=1 | rest=13016
[TEST] {2} tested=1000/3019 | kept=236 | rest=12978
[TEST] {4} tested=800/3019 | kept=14 | rest=12942
[TEST] {13} tested=300/499 | kept=6 | rest=12922
[TEST] {8} tested=400/504 | kept=1 | rest=12653
[TEST] {3} tested=900/3019 | kept=171 | rest=12572
[TEST] {13} tested=400/499 | kept=9 | rest=12529
[TEST] {4} tested=900/3019 | kept=15 | rest=12458
[TEST] {12} tested=500/504 | kept=12 | rest=12235
[TEST] {2} tested=1100/3019 | kept=260 | rest=12204
[WARN] batch start failed | size=504 {15} | split=84 {32} + 84 {33} + 84 {34} + 84 {35} + 84 {36} + 84 {37}
[WARN] batch start failed | size=504 {16} | split=84 {38} + 84 {39} + 84 {40} + 84 {41} + 84 {42} + 84 {43}
[TEST] {4} tested=1000/3019 | kept=15 | rest=12016
[TEST] {8} tested=500/504 | kept=1 | rest=11795
[TEST] {3} tested=1000/3019 | kept=177 | rest=11789
[TEST] {18} tested=100/504 | kept=0 | rest=11742
[WARN] batch start failed | size=499 {19} | split=84 {44} + 84 {45} + 84 {46} + 84 {47} + 84 {48} + 79 {49}
[TEST] {4} tested=1100/3019 | kept=15 | rest=11649
[TEST] {17} tested=100/504 | kept=4 | rest=11536
[TEST] {17} tested=200/504 | kept=6 | rest=11377
[TEST] {20} tested=100/504 | kept=40 | rest=11254
[TEST] {20} tested=200/504 | kept=66 | rest=11114
[TEST] {17} tested=300/504 | kept=7 | rest=11034
[TEST] {2} tested=1200/3019 | kept=289 | rest=10951
[TEST] {20} tested=300/504 | kept=88 | rest=10936
[TEST] {20} tested=400/504 | kept=119 | rest=10801
[TEST] {4} tested=1200/3019 | kept=15 | rest=10536
[TEST] {18} tested=200/504 | kept=1 | rest=10532
[TEST] {2} tested=1300/3019 | kept=295 | rest=10464
[TEST] {3} tested=1100/3019 | kept=178 | rest=10350
[TEST] {4} tested=1300/3019 | kept=15 | rest=10275
[TEST] {2} tested=1400/3019 | kept=297 | rest=10140
[TEST] {17} tested=400/504 | kept=14 | rest=10039
[TEST] {3} tested=1200/3019 | kept=178 | rest=9892
[TEST] {20} tested=500/504 | kept=146 | rest=9874
[TEST] {24} tested=100/504 | kept=0 | rest=9708
[TEST] {2} tested=1500/3019 | kept=299 | rest=9704
[TEST] {24} tested=200/504 | kept=10 | rest=9588
[TEST] {24} tested=300/504 | kept=13 | rest=9466
[TEST] {18} tested=300/504 | kept=7 | rest=9360
[TEST] {4} tested=1400/3019 | kept=15 | rest=9231
[TEST] {24} tested=400/504 | kept=19 | rest=9085
[TEST] {18} tested=400/504 | kept=15 | rest=9068
[TEST] {2} tested=1600/3019 | kept=299 | rest=9002
[TEST] {3} tested=1300/3019 | kept=178 | rest=8873
[TEST] {17} tested=500/504 | kept=14 | rest=8786
[TEST] {22} tested=100/504 | kept=0 | rest=8634
[TEST] {22} tested=200/504 | kept=9 | rest=8491
[TEST] {4} tested=1500/3019 | kept=18 | rest=8426
[TEST] {2} tested=1700/3019 | kept=299 | rest=8401
[TEST] {22} tested=300/504 | kept=61 | rest=8357
[TEST] {24} tested=500/504 | kept=23 | rest=8116
[TEST] {21} tested=100/504 | kept=0 | rest=7870
[TEST] {4} tested=1600/3019 | kept=18 | rest=7734
[TEST] {21} tested=200/504 | kept=1 | rest=7716
[TEST] {3} tested=1400/3019 | kept=178 | rest=7683
[TEST] {21} tested=300/504 | kept=35 | rest=7548
[TEST] {2} tested=1800/3019 | kept=300 | rest=7539
[TEST] {18} tested=500/504 | kept=26 | rest=7537
[TEST] {22} tested=400/504 | kept=108 | rest=7493
[TEST] {21} tested=400/504 | kept=76 | rest=7397
[WARN] batch start failed | size=504 {23} | split=84 {50} + 84 {51} + 84 {52} + 84 {53} + 84 {54} + 84 {55}
[TEST] {25} tested=100/499 | kept=1 | rest=7186
[TEST] {25} tested=200/499 | kept=2 | rest=7005
[TEST] {4} tested=1700/3019 | kept=19 | rest=6762
[TEST] {2} tested=1900/3019 | kept=300 | rest=6751
[TEST] {3} tested=1500/3019 | kept=178 | rest=6668
[TEST] {21} tested=500/504 | kept=117 | rest=6573
[TEST] {22} tested=500/504 | kept=110 | rest=6554
[WARN] batch start failed | size=84 {26} | split=14 {56} + 14 {57} + 14 {58} + 14 {59} + 14 {60} + 14 {61}
[TEST] {4} tested=1800/3019 | kept=20 | rest=6403
[TEST] {2} tested=2000/3019 | kept=302 | rest=6361
[TEST] {25} tested=300/499 | kept=6 | rest=6284
[TEST] {2} tested=2100/3019 | kept=302 | rest=6048
[TEST] {25} tested=400/499 | kept=29 | rest=5916
[TEST] {2} tested=2200/3019 | kept=303 | rest=5857
[TEST] {4} tested=1900/3019 | kept=21 | rest=5795
[TEST] {3} tested=1600/3019 | kept=178 | rest=5639
[TEST] {4} tested=2000/3019 | kept=21 | rest=5610
[TEST] {2} tested=2300/3019 | kept=303 | rest=5481
[TEST] {4} tested=2100/3019 | kept=21 | rest=5416
[TEST] {27} tested=84/84 | kept=0 | rest=5355
[TEST] {3} tested=1700/3019 | kept=178 | rest=5314
[TEST] {28} tested=84/84 | kept=0 | rest=5290
[TEST] {2} tested=2400/3019 | kept=303 | rest=5012
[TEST] {4} tested=2200/3019 | kept=21 | rest=4950
[TEST] {4} tested=2300/3019 | kept=21 | rest=4685
[TEST] {2} tested=2500/3019 | kept=303 | rest=4641
[TEST] {3} tested=1800/3019 | kept=178 | rest=4555
[TEST] {4} tested=2400/3019 | kept=21 | rest=4510
[TEST] {29} tested=84/84 | kept=1 | rest=4434
[TEST] {30} tested=84/84 | kept=0 | rest=4257
[WARN] batch start failed | size=84 {34} | split=14 {62} + 14 {63} + 14 {64} + 14 {65} + 14 {66} + 14 {67}
[TEST] {31} tested=84/84 | kept=0 | rest=4215
[TEST] {4} tested=2500/3019 | kept=21 | rest=4208
[WARN] batch start failed | size=84 {35} | split=14 {68} + 14 {69} + 14 {70} + 14 {71} + 14 {72} + 14 {73}
[TEST] {2} tested=2600/3019 | kept=303 | rest=4123
[TEST] {4} tested=2600/3019 | kept=21 | rest=3940
[TEST] {4} tested=2700/3019 | kept=21 | rest=3814
[TEST] {3} tested=1900/3019 | kept=178 | rest=3645
[TEST] {4} tested=2800/3019 | kept=21 | rest=3606
[TEST] {2} tested=2700/3019 | kept=303 | rest=3451
[TEST] {32} tested=84/84 | kept=1 | rest=3420
[TEST] {4} tested=2900/3019 | kept=21 | rest=3309
[TEST] {33} tested=84/84 | kept=2 | rest=3184
[TEST] {36} tested=84/84 | kept=31 | rest=3168
[TEST] {2} tested=2800/3019 | kept=303 | rest=3144
[TEST] {2} tested=2900/3019 | kept=303 | rest=2880
[TEST] {3} tested=2000/3019 | kept=178 | rest=2802
[TEST] {4} tested=3000/3019 | kept=21 | rest=2690
[TEST] {37} tested=84/84 | kept=42 | rest=2650
[TEST] {38} tested=84/84 | kept=54 | rest=2509
[TEST] {40} tested=84/84 | kept=29 | rest=2486
[WARN] batch start failed | size=84 {43} | split=14 {74} + 14 {75} + 14 {76} + 14 {77} + 14 {78} + 14 {79}
[TEST] {2} tested=3000/3019 | kept=303 | rest=2338
[TEST] {3} tested=2100/3019 | kept=178 | rest=2247
[TEST] {39} tested=84/84 | kept=44 | rest=2114
[WARN] batch start failed | size=84 {45} | split=14 {80} + 14 {81} + 14 {82} + 14 {83} + 14 {84} + 14 {85}
[TEST] {41} tested=84/84 | kept=34 | rest=2068
[TEST] {42} tested=84/84 | kept=0 | rest=1968
[TEST] {46} tested=84/84 | kept=0 | rest=1917
[TEST] {3} tested=2200/3019 | kept=178 | rest=1802
[TEST] {44} tested=84/84 | kept=2 | rest=1692
[TEST] {47} tested=84/84 | kept=2 | rest=1548
[WARN] batch start failed | size=84 {52} | split=14 {86} + 14 {87} + 14 {88} + 14 {89} + 14 {90} + 14 {91}
[TEST] {48} tested=84/84 | kept=0 | rest=1523
[TEST] {3} tested=2300/3019 | kept=178 | rest=1452
[TEST] {49} tested=79/79 | kept=0 | rest=1397
[WARN] batch start failed | size=84 {55} | split=14 {92} + 14 {93} + 14 {94} + 14 {95} + 14 {96} + 14 {97}
[TEST] {50} tested=84/84 | kept=1 | rest=1361
[WARN] batch start failed | size=14 {58} | split=3 {98} + 3 {99} + 3 {100} + 3 {101} + 2 {102}
[TEST] {51} tested=84/84 | kept=23 | rest=1263
[TEST] {3} tested=2400/3019 | kept=178 | rest=1227
[TEST] {53} tested=84/84 | kept=1 | rest=1187
[TEST] {54} tested=84/84 | kept=2 | rest=1160
[TEST] {56} tested=14/14 | kept=1 | rest=1136
[TEST] {57} tested=14/14 | kept=0 | rest=1122
[TEST] {3} tested=2500/3019 | kept=178 | rest=1030
[TEST] {59} tested=14/14 | kept=0 | rest=1024
[TEST] {60} tested=14/14 | kept=2 | rest=945
[TEST] {61} tested=14/14 | kept=0 | rest=930
[WARN] batch start failed | size=14 {66} | split=3 {103} + 3 {104} + 3 {105} + 3 {106} + 2 {107}
[WARN] batch start failed | size=14 {67} | split=3 {108} + 3 {109} + 3 {110} + 3 {111} + 2 {112}
[WARN] batch start failed | size=14 {69} | split=3 {113} + 3 {114} + 3 {115} + 3 {116} + 2 {117}
[TEST] {62} tested=14/14 | kept=0 | rest=922
[TEST] {70} tested=14/14 | kept=0 | rest=905
[TEST] {63} tested=14/14 | kept=4 | rest=899
[WARN] batch start failed | size=14 {71} | split=3 {118} + 3 {119} + 3 {120} + 3 {121} + 2 {122}
[TEST] {3} tested=2600/3019 | kept=178 | rest=867
[TEST] {73} tested=14/14 | kept=14 | rest=801
[TEST] {3} tested=2700/3019 | kept=179 | rest=750
[TEST] {74} tested=14/14 | kept=0 | rest=660
[TEST] {3} tested=2800/3019 | kept=185 | rest=623
[TEST] {65} tested=14/14 | kept=1 | rest=590
[TEST] {64} tested=14/14 | kept=2 | rest=581
[TEST] {68} tested=14/14 | kept=0 | rest=560
[WARN] batch start failed | size=14 {78} | split=3 {123} + 3 {124} + 3 {125} + 3 {126} + 2 {127}
[WARN] batch start failed | size=3 {126} | split=1 {128} + 1 {129} + 1 {130}
[TEST] {72} tested=14/14 | kept=13 | rest=541
[WARN] batch start failed | size=14 {81} | split=3 {131} + 3 {132} + 3 {133} + 3 {134} + 2 {135}
[TEST] {3} tested=2900/3019 | kept=186 | rest=482
[TEST] {76} tested=14/14 | kept=0 | rest=427
[TEST] {75} tested=14/14 | kept=0 | rest=373
[TEST] {77} tested=14/14 | kept=1 | rest=352
[TEST] {80} tested=14/14 | kept=0 | rest=342
[WARN] batch start failed | size=14 {87} | split=3 {136} + 3 {137} + 3 {138} + 3 {139} + 2 {140}
[TEST] {83} tested=14/14 | kept=1 | rest=315
[TEST] {3} tested=3000/3019 | kept=186 | rest=311
[TEST] {82} tested=14/14 | kept=1 | rest=269
[TEST] {85} tested=14/14 | kept=0 | rest=253
[TEST] {84} tested=14/14 | kept=6 | rest=247
[WARN] batch start failed | size=14 {92} | split=3 {141} + 3 {142} + 3 {143} + 3 {144} + 2 {145}
[TEST] {86} tested=14/14 | kept=5 | rest=239
[TEST] {88} tested=14/14 | kept=7 | rest=222
[TEST] {93} tested=14/14 | kept=0 | rest=201
[TEST] {94} tested=14/14 | kept=0 | rest=183
[TEST] {96} tested=14/14 | kept=0 | rest=182
[TEST] {89} tested=14/14 | kept=2 | rest=175
[TEST] {97} tested=14/14 | kept=0 | rest=160
[WARN] batch start failed | size=3 {99} | split=1 {146} + 1 {147} + 1 {148}
[TEST] {90} tested=14/14 | kept=2 | rest=151
[TEST] {100} tested=3/3 | kept=0 | rest=150
[TEST] {98} tested=3/3 | kept=0 | rest=147
[WARN] batch start failed | size=3 {104} | split=1 {149} + 1 {150} + 1 {151}
[WARN] batch start failed | size=3 {106} | split=1 {152} + 1 {153} + 1 {154}
[WARN] batch start failed | size=3 {105} | split=1 {155} + 1 {156} + 1 {157}
[WARN] batch start failed | size=2 {107} | split=1 {158} + 1 {159}
[TEST] {103} tested=3/3 | kept=0 | rest=142
[WARN] batch start failed | size=3 {108} | split=1 {160} + 1 {161} + 1 {162}
[TEST] {102} tested=2/2 | kept=0 | rest=140
[TEST] {91} tested=14/14 | kept=1 | rest=130
[TEST] {95} tested=14/14 | kept=2 | rest=122
[WARN] batch start failed | size=3 {113} | split=1 {163} + 1 {164} + 1 {165}
[TEST] {101} tested=3/3 | kept=0 | rest=119
[TEST] {109} tested=3/3 | kept=0 | rest=118
[TEST] {110} tested=3/3 | kept=0 | rest=115
[TEST] {117} tested=2/2 | kept=0 | rest=114
[TEST] {111} tested=3/3 | kept=0 | rest=112
[TEST] {112} tested=2/2 | kept=0 | rest=107
[WARN] batch start failed | size=3 {121} | split=1 {166} + 1 {167} + 1 {168}
[WARN] batch start failed | size=3 {120} | split=1 {169} + 1 {170} + 1 {171}
[TEST] {122} tested=2/2 | kept=0 | rest=105
[TEST] {116} tested=3/3 | kept=0 | rest=104
[TEST] {115} tested=3/3 | kept=0 | rest=98
[TEST] {114} tested=3/3 | kept=0 | rest=93
[TEST] {119} tested=3/3 | kept=0 | rest=91
[TEST] {118} tested=3/3 | kept=0 | rest=90
[REPAIR] name=[Pawdroid-SS-APK] United+Kingdom-4 {128} | fields=cipher
[TEST] {129} tested=1/1 | kept=1 | rest=84
[TEST] {130} tested=1/1 | kept=0 | rest=83
[TEST] {124} tested=3/3 | kept=0 | rest=82
[TEST] {125} tested=3/3 | kept=1 | rest=80
[TEST] {128} tested=1/1 | kept=1 | rest=79
[TEST] {123} tested=3/3 | kept=0 | rest=78
[WARN] batch start failed | size=3 {133} | split=1 {172} + 1 {173} + 1 {174}
[WARN] batch start failed | size=3 {134} | split=1 {175} + 1 {176} + 1 {177}
[WARN] batch start failed | size=3 {137} | split=1 {178} + 1 {179} + 1 {180}
[TEST] {79} tested=14/14 | kept=3 | rest=67
[TEST] {127} tested=2/2 | kept=0 | rest=65
[TEST] {131} tested=3/3 | kept=0 | rest=63
[TEST] {139} tested=3/3 | kept=3 | rest=57
[TEST] {135} tested=2/2 | kept=0 | rest=55
[TEST] {132} tested=3/3 | kept=0 | rest=52
[WARN] batch start failed | size=3 {141} | split=1 {181} + 1 {182} + 1 {183}
[TEST] {143} tested=3/3 | kept=0 | rest=45
[TEST] {142} tested=3/3 | kept=0 | rest=44
[TEST] {144} tested=3/3 | kept=0 | rest=43
[TEST] {136} tested=3/3 | kept=2 | rest=42
[DROP] name=[Epodonios] vless-82 {147} | server=31.57.185.92:8080 | reason=Parse config error: proxy 0: 'reality-opts' has unset fields: public-key
[TEST] {148} tested=1/1 | kept=0 | rest=39
[TEST] {145} tested=2/2 | kept=0 | rest=38
[REPAIR] name=[ChromeGO-ShiteThings] hysteria {151} | fields=up,down
[TEST] {150} tested=1/1 | kept=0 | rest=37
[REPAIR] name=[ChromeGO-ShiteThings] hysteria-5 {152} | fields=up,down
[TEST] {151} tested=1/1 | kept=0 | rest=36
[TEST] {154} tested=1/1 | kept=0 | rest=35
[REPAIR] name=[ChromeGO-ShiteThings] hysteria-2 {155} | fields=up,down
[REPAIR] name=[ChromeGO-ShiteThings] hysteria-3 {156} | fields=up,down
[REPAIR] name=[ChromeGO-ShiteThings] hysteria-4 {157} | fields=up,down
[TEST] {155} tested=1/1 | kept=0 | rest=34
[TEST] {156} tested=1/1 | kept=0 | rest=33
[TEST] {157} tested=1/1 | kept=0 | rest=32
[TEST] {138} tested=3/3 | kept=2 | rest=31
[REPAIR] name=[ChromeGO-Merge] United-4 {159} | fields=up,down
[REPAIR] name=[ChromeGO-Merge] France_hysteria_1 {160} | fields=up,down
[REPAIR] name=[ChromeGO-Merge] United-5 {161} | fields=up,down
[TEST] {140} tested=2/2 | kept=1 | rest=30
[REPAIR] name=[ChromeGO-Merge] WARP {163} | fields=dialer-proxy
[TEST] {164} tested=1/1 | kept=0 | rest=29
[TEST] {163} tested=1/1 | kept=1 | rest=28
[TEST] {165} tested=1/1 | kept=0 | rest=27
[REPAIR] name=[ChromeGO-Merge] United-9 {166} | fields=up,down
[REPAIR] name=[ChromeGO-Merge] Taiwan-2 {167} | fields=up,down
[TEST] {149} tested=1/1 | kept=0 | rest=26
[REPAIR] name=[ChromeGO-Merge] United-10 {168} | fields=up,down
[TEST] {167} tested=1/1 | kept=0 | rest=25
[REPAIR] name=[ChromeGO-Merge] Taiwan {170} | fields=up,down
[TEST] {146} tested=1/1 | kept=0 | rest=24
[REPAIR] name=[ChromeGO-Merge] France {171} | fields=up,down
[TEST] {170} tested=1/1 | kept=0 | rest=23
[TEST] {173} tested=1/1 | kept=0 | rest=22
[REPAIR] name=[Epodonios] EPODONIOS-129 {174} | fields=cipher
[REPAIR] name=[Epodonios] EPODONIOS-130 {175} | fields=cipher
[REPAIR] name=[Epodonios] EPODONIOS-131 {176} | fields=cipher
[REPAIR] name=[Epodonios] EPODONIOS-132 {177} | fields=cipher
[TEST] {153} tested=1/1 | kept=0 | rest=21
[TEST] {152} tested=1/1 | kept=0 | rest=20
[TEST] {176} tested=1/1 | kept=0 | rest=19
[REPAIR] name=[Free-clash-v2ray] hysteria {179} | fields=up,down
[TEST] {180} tested=1/1 | kept=0 | rest=18
[DROP] name=[Free-clash-v2ray] 未知 SS-338 | free-nodes {181} | server=192.0.2.1:1 | reason=Parse config error: proxy 0: ss 192.0.2.1:1 cipher: i�5��\x1c�p initialize error: unknown method: i�5��\x1c�p
[TEST] {179} tested=1/1 | kept=0 | rest=16
[TEST] {175} tested=1/1 | kept=1 | rest=15
[TEST] {182} tested=1/1 | kept=0 | rest=14
[TEST] {158} tested=1/1 | kept=0 | rest=13
[TEST] {183} tested=1/1 | kept=0 | rest=12
[TEST] {159} tested=1/1 | kept=0 | rest=11
[TEST] {160} tested=1/1 | kept=0 | rest=10
[TEST] {162} tested=1/1 | kept=0 | rest=9
[TEST] {161} tested=1/1 | kept=0 | rest=8
[TEST] {166} tested=1/1 | kept=0 | rest=7
[TEST] {169} tested=1/1 | kept=0 | rest=6
[TEST] {168} tested=1/1 | kept=0 | rest=5
[TEST] {172} tested=1/1 | kept=0 | rest=4
[TEST] {171} tested=1/1 | kept=0 | rest=3
[TEST] {174} tested=1/1 | kept=0 | rest=2
[TEST] {177} tested=1/1 | kept=1 | rest=1
[TEST] {178} tested=1/1 | kept=0 | rest=0
[INFO] dropped=3 | [ChromeGO-Toolkit] × 1 | [Epodonios] × 1 | [Free-clash-v2ray] × 1
============================================================
[INFO] cap live | source=[免费节点2] | from=226 | to=50
[INFO] cap live | source=[免费节点8] | from=187 | to=50
[INFO] cap live | source=[Pawdroid-SR-APK] | from=261 | to=50
[INFO] cap live | source=[Epodonios] | from=56 | to=50
[INFO] cap live | source=[Free-clash-v2ray] | from=425 | to=50
[INFO] cap live | source=[V2rayclashfree-RSS] | from=72 | to=50
[INFO] cap live total | from=458 | to=400 | floor=5 | by=health_score
[INFO] cap live | reserved=105 | pool=353 | taken=295
[INFO] cap live | source=[NekoWarp] | from=10 | to=9
[INFO] cap live | source=[Mibei77-RSS] | from=7 | to=5
[INFO] cap live | source=[免费节点1] | from=11 | to=6
[INFO] cap live | source=[免费节点3] | from=16 | to=10
[INFO] cap live | source=[免费节点4] | from=10 | to=6
[INFO] cap live | source=[免费节点10] | from=21 | to=18
[INFO] cap live | source=[免费节点11] | from=10 | to=9
[INFO] cap live | source=[Pawdroid-SS-APK] | from=31 | to=23
[INFO] cap live | source=[1VPN-CRX] | from=11 | to=7
[INFO] cap live | source=[Epodonios] | from=50 | to=29
[INFO] cap live | source=[V2rayclashfree-RSS] | from=50 | to=47
[INFO] geo tally | live=400 | HK=27 | JP=76 | KR=69 | TW=6 | SG=31 | US=71 | GB=10 | FR=9 | DE=11 | NL=13 | CA=6 | other=71
[INFO] score summary | n=400 | max=113.7550 | p90=107.4767 | p50=28.1518 | avg=46.2428 | min=0.5281 | geo_avg=35.2382 | adj_avg=+1.6585
============================================================
+------------------------------+--------+--------+------+--------+
| source                       |    raw | unique | live | capped |
+------------------------------+--------+--------+------+--------+
| [大FQ运动]                   |     18 |     18 |    6 |      6 |
+------------------------------+--------+--------+------+--------+
| [Pawdroid]                   |     19 |     18 |    2 |      2 |
+------------------------------+--------+--------+------+--------+
| [FreeV2-Base64]              |      2 |      2 |    2 |      2 |
+------------------------------+--------+--------+------+--------+
| [Bocchi2b-Base64]            |     32 |     32 |    0 |      0 |
+------------------------------+--------+--------+------+--------+
| [Freesocks]                  |      4 |      4 |    3 |      3 |
+------------------------------+--------+--------+------+--------+
| [NekoWarp]                   |     10 |     10 |   10 |      9 |
+------------------------------+--------+--------+------+--------+
| [OpenRunner-RSS]             |     14 |     14 |    0 |      0 |
+------------------------------+--------+--------+------+--------+
| [V2Rayshare-RSS]             |     22 |     22 |    1 |      1 |
+------------------------------+--------+--------+------+--------+
| [Mibei77-RSS]                |     72 |     68 |    7 |      5 |
+------------------------------+--------+--------+------+--------+
| [Yoyapai-RSS]                |    298 |    290 |    5 |      5 |
+------------------------------+--------+--------+------+--------+
| [免费节点1]                  |    223 |    170 |   11 |      6 |
+------------------------------+--------+--------+------+--------+
| [免费节点2]                  |    574 |    549 |  226 |     50 |
+------------------------------+--------+--------+------+--------+
| [免费节点3]                  |     29 |     18 |   16 |     10 |
+------------------------------+--------+--------+------+--------+
| [免费节点4]                  |    323 |    195 |   10 |      6 |
+------------------------------+--------+--------+------+--------+
| [免费节点5]                  |     29 |     28 |    0 |      0 |
+------------------------------+--------+--------+------+--------+
| [免费节点6]                  |    566 |    553 |    1 |      1 |
+------------------------------+--------+--------+------+--------+
| [免费节点7]                  |     60 |     24 |    2 |      2 |
+------------------------------+--------+--------+------+--------+
| [免费节点8]                  |   4443 |   3911 |  187 |     50 |
+------------------------------+--------+--------+------+--------+
| [免费节点9]                  |    615 |    454 |    0 |      0 |
+------------------------------+--------+--------+------+--------+
| [免费节点10]                 |   4646 |   3089 |   21 |     18 |
+------------------------------+--------+--------+------+--------+
| [免费节点11]                 |    702 |    283 |   10 |      9 |
+------------------------------+--------+--------+------+--------+
| [ChromeGO-Toolkit]           |     20 |     18 |    2 |      2 |
+------------------------------+--------+--------+------+--------+
| [ChromeGO-ShiteThings]       |     31 |     25 |    1 |      1 |
+------------------------------+--------+--------+------+--------+
| [ChromeGO-Merge]             |    265 |     74 |    1 |      1 |
+------------------------------+--------+--------+------+--------+
| [Pawdroid-SR-APK]            |    889 |    510 |  261 |     50 |
+------------------------------+--------+--------+------+--------+
| [Pawdroid-SS-APK]            |   1487 |   1113 |   31 |     23 |
+------------------------------+--------+--------+------+--------+
| [1VPN-CRX]                   |     17 |     17 |   11 |      7 |
+------------------------------+--------+--------+------+--------+
| [Clashfree]                  |    392 |     46 |    5 |      5 |
+------------------------------+--------+--------+------+--------+
| [Epodonios]                  |   4439 |   3527 |   56 |     29 |
+------------------------------+--------+--------+------+--------+
| [Free-clash-v2ray]           |   3285 |   1988 |  425 |     50 |
+------------------------------+--------+--------+------+--------+
| [V2rayclashfree-RSS]         |   3406 |   1044 |   72 |     47 |
+------------------------------+--------+--------+------+--------+
============================================================
[INFO] clash history written | path=/home/runner/work/Free-node-autotest/Free-node-autotest/history/797389908396-clash-1603-20261009.yaml
[SUMMARY] total_nodes=26932
[SUMMARY] legal_candidates=18114
[SUMMARY] passed_latency_test=400
[SUMMARY] region_HK=27 | region_JP=77 | region_US=78
[SUMMARY] avg_latency_ms=610.3
[SUMMARY] output=/home/runner/work/Free-node-autotest/Free-node-autotest/output/clash.yaml
============================================================
[INFO] raw backup written | path=/home/runner/work/Free-node-autotest/Free-node-autotest/output/raw.yaml | history=797389908396-raw-1603-20261009.yaml | proxies=26934
[INFO] debug history written | path=/home/runner/work/Free-node-autotest/Free-node-autotest/history/797389908396-debug-1603-20261009.log | proxies=26959
