[OK] source=大FQ运动 proxies=2 url=https://raw.githubusercontent.com/hello-world-1989/cn-news/refs/heads/main/clash.yaml
============================================================
[OK] source=大FQ运动-官网 proxies=4 url=https://end-gfw.com/ss-key
============================================================
[OK] source=ChromeGO proxies=28 url=https://chg26.makou.cc.cd/
============================================================
[INFO] v2rayshare try page: https://v2rayshare.net/p/5084.html
[OK] v2rayshare discovered: https://static.v2rayshare.net/2026/08/m20260827.yaml
[OK] source=V2Rayshare-RSS proxies=27 url=https://static.v2rayshare.net/2026/08/m20260827.yaml
============================================================
[INFO] openrunner try page: https://free.datiya.com/post/20260827/
[OK] openrunner discovered: https://free.datiya.com/uploads/20260827-clash.yaml
[OK] source=OpenRunner-RSS proxies=14 url=https://free.datiya.com/uploads/20260827-clash.yaml
============================================================
[INFO] mibei77 try page: https://www.mibei77.com/619.html
[OK] mibei77 discovered: https://mm.mibei77.com/202608/0827Clashnz.yaml
[OK] source=Mibei77-RSS proxies=272 url=https://mm.mibei77.com/202608/0827Clashnz.yaml
============================================================
[INFO] yoyapai try page: https://yoyapai.com/687
[OK] yoyapai discovered: https://freenode.yoyapai.com/2026/08/27-yoyapai.com-clash-vpn-mian-fei-jiedian.yaml
[OK] source=Yoyapai-RSS proxies=277 url=https://freenode.yoyapai.com/2026/08/27-yoyapai.com-clash-vpn-mian-fei-jiedian.yaml
============================================================
[INFO] clashfree try readme: https://raw.githubusercontent.com/free-nodes/clashfree/refs/heads/main/README.md
[OK] clashfree discovered: https://raw.githubusercontent.com/free-nodes/clashfree/refs/heads/main/clash20260827.yml
[OK] source=Clashfree-README proxies=1736 url=https://raw.githubusercontent.com/free-nodes/clashfree/refs/heads/main/clash20260827.yml
============================================================
[OK] source=Free-clash-v2ray-README proxies=253 url=https://free-clash-v2ray.github.io/uploads/2026/08/0-20260823.yaml
============================================================
[OK] source=FreeV2-Base64 proxies=7 url=https://xmxosfepggzm.503403.xyz
============================================================
[OK] source=Pawdroid-Base64 proxies=20 url=https://raw.githubusercontent.com/Pawdroid/Free-servers/main/sub
============================================================
[OK] source=V2Rayshare-订阅 proxies=27 url=https://cdn.jsdelivr.net/gh/firefoxmmx2/v2rayshare_subcription/subscription/mihomo_sub.yaml
============================================================
[OK] source=免费节点1 proxies=342 url=https://raw.githubusercontent.com/free18/v2ray/refs/heads/main/c.yaml
============================================================
[OK] source=免费节点1-README自建 proxies=6 url=https://raw.githubusercontent.com/free18/v2ray/refs/heads/main/README.md
============================================================
[OK] source=免费节点2 proxies=17 url=https://raw.githubusercontent.com/ermaozi/get_subscribe/main/subscribe/clash.yml
============================================================
[OK] source=免费节点3 proxies=38 url=https://sunmiao4458.github.io/free-proxy-airport/clash.yaml
============================================================
[WARN] YAML document parse failed: while parsing a flow mapping
  in "<unicode string>", line 21, column 3:
    - {name: "🇫🇷FR-"2001:bc8:32d7:1a9: ... 
      ^
expected ',' or '}', but got '<scalar>'
  in "<unicode string>", line 21, column 17:
    - {name: "🇫🇷FR-"2001:bc8:32d7:1a9::2"-019", serv ... 
                    ^
[WARN] proxy block parse failed, fallback to per-line: while parsing a flow mapping
  in "<unicode string>", line 21, column 3:
    - {name: "🇫🇷FR-"2001:bc8:32d7:1a9: ... 
      ^
expected ',' or '}', but got '<scalar>'
  in "<unicode string>", line 21, column 17:
    - {name: "🇫🇷FR-"2001:bc8:32d7:1a9::2"-019", serv ... 
                    ^
[WARN] skipped 15 invalid proxy line(s) in this source
[OK] source=免费节点4 proxies=190 url=https://raw.githubusercontent.com/mfuu/v2ray/master/clash.yaml
============================================================
[OK] source=免费节点5 proxies=28 url=https://cdn.jsdelivr.net/gh/vxiaov/free_proxies@main/clash/clash.provider.yaml
============================================================
[OK] source=免费节点6 proxies=1397 url=https://raw.githubusercontent.com/anaer/Sub/main/clash.yaml
============================================================
[OK] source=免费节点7 proxies=139 url=https://raw.githubusercontent.com/snakem982/proxypool/main/source/clash-meta-2.yaml
============================================================
[OK] source=免费节点8 proxies=4084 url=https://raw.githubusercontent.com/mahdibland/SSAggregator/master/sub/sub_merge_yaml.yml
============================================================
[OK] source=免费节点9-1 proxies=188 url=https://raw.githubusercontent.com/w1770946466/Auto_proxy/main/Long_term_subscription1.yaml
============================================================
[WARN] YAML document parse failed: while scanning a simple key
  in "<unicode string>", line 98, column 1:
    _11
    ^
could not find expected ':'
  in "<unicode string>", line 107, column 1:
    _10
    ^
[OK] source=免费节点9-2 proxies=55 url=https://raw.githubusercontent.com/w1770946466/Auto_proxy/main/Long_term_subscription2.yaml
============================================================
[WARN] YAML document parse failed: while scanning a simple key
  in "<unicode string>", line 99, column 1:
    _6
    ^
could not find expected ':'
  in "<unicode string>", line 126, column 1:
    _3
    ^
[OK] source=免费节点9-3 proxies=52 url=https://raw.githubusercontent.com/w1770946466/Auto_proxy/main/Long_term_subscription3.yaml
============================================================
[INFO] downloading proxy engine: https://github.com/MetaCubeX/mihomo/releases/download/v1.19.30/mihomo-linux-amd64-v3-v1.19.30.gz
[WARN] batch start failed size=6391
[WARN] split batch 6391 -> 3195 + 3196
[WARN] batch start failed size=3195
[WARN] split batch 3195 -> 1597 + 1598
[WARN] batch start failed size=1597
[WARN] split batch 1597 -> 798 + 799
[WARN] batch start failed size=798
[WARN] split batch 798 -> 399 + 399
[INFO] tested 25/399 kept=7
[INFO] tested 50/399 kept=13
[INFO] tested 75/399 kept=18
[INFO] tested 100/399 kept=22
[INFO] tested 125/399 kept=22
[INFO] tested 150/399 kept=22
[INFO] tested 175/399 kept=23
[INFO] tested 200/399 kept=25
[INFO] tested 225/399 kept=25
[INFO] tested 250/399 kept=27
[INFO] tested 275/399 kept=27
[INFO] tested 300/399 kept=29
[INFO] tested 325/399 kept=30
[INFO] tested 350/399 kept=30
[INFO] tested 375/399 kept=30
[INFO] tested 399/399 kept=30
[WARN] batch start failed size=399
[WARN] split batch 399 -> 199 + 200
[INFO] tested 25/199 kept=0
[INFO] tested 50/199 kept=0
[INFO] tested 75/199 kept=3
[INFO] tested 100/199 kept=6
[INFO] tested 125/199 kept=8
[INFO] tested 150/199 kept=8
[INFO] tested 175/199 kept=8
[INFO] tested 199/199 kept=8
[WARN] batch start failed size=200
[WARN] split batch 200 -> 100 + 100
[INFO] tested 25/100 kept=0
[INFO] tested 50/100 kept=1
[INFO] tested 75/100 kept=15
[INFO] tested 100/100 kept=23
[WARN] batch start failed size=100
[WARN] split batch 100 -> 50 + 50
[WARN] batch start failed size=50
[WARN] split batch 50 -> 25 + 25
[INFO] tested 25/25 kept=21
[WARN] batch start failed size=25
[WARN] split batch 25 -> 12 + 13
[INFO] tested 12/12 kept=5
[WARN] batch start failed size=13
[WARN] split batch 13 -> 6 + 7
[WARN] batch start failed size=6
[WARN] split batch 6 -> 3 + 3
[WARN] batch start failed size=3
[WARN] split batch 3 -> 1 + 2
[WARN] batch start failed size=1
[DROP] isolate bad proxy name=[Clashfree-README] 未知 SS-408 | free-nodes server=82.38.31.189:8080
[DROP] reason: Mihomo exited before controller became ready

time="2026-08-27T22:33:08.727193959Z" level=info msg="Start initial configuration in progress"
time="2026-08-27T22:33:08.727285039Z" level=fatal msg="Parse config error: proxy 0: ss 82.38.31.189:8080 cipher: chacha20-poly1305 initialize error: unknown me
[INFO] tested 2/2 kept=0
[INFO] tested 3/3 kept=0
[INFO] tested 7/7 kept=0
[INFO] tested 25/50 kept=8
[INFO] tested 50/50 kept=17
[INFO] tested 25/799 kept=0
[INFO] tested 50/799 kept=0
[INFO] tested 75/799 kept=0
[INFO] tested 100/799 kept=0
[INFO] tested 125/799 kept=4
[INFO] tested 150/799 kept=4
[INFO] tested 175/799 kept=4
[INFO] tested 200/799 kept=13
[INFO] tested 225/799 kept=21
[INFO] tested 250/799 kept=21
[INFO] tested 275/799 kept=21
[INFO] tested 300/799 kept=21
[INFO] tested 325/799 kept=22
[INFO] tested 350/799 kept=27
[INFO] tested 375/799 kept=34
[INFO] tested 400/799 kept=41
[INFO] tested 425/799 kept=42
[INFO] tested 450/799 kept=47
[INFO] tested 475/799 kept=47
[INFO] tested 500/799 kept=49
[INFO] tested 525/799 kept=52
[INFO] tested 550/799 kept=53
[INFO] tested 575/799 kept=54
[INFO] tested 600/799 kept=56
[INFO] tested 625/799 kept=64
[INFO] tested 650/799 kept=67
[INFO] tested 675/799 kept=70
[INFO] tested 700/799 kept=73
[INFO] tested 725/799 kept=77
[INFO] tested 750/799 kept=81
[INFO] tested 775/799 kept=83
[INFO] tested 799/799 kept=90
[INFO] tested 25/1598 kept=21
[INFO] tested 50/1598 kept=29
[INFO] tested 75/1598 kept=30
[INFO] tested 100/1598 kept=30
[INFO] tested 125/1598 kept=31
[INFO] tested 150/1598 kept=34
[INFO] tested 175/1598 kept=45
[INFO] tested 200/1598 kept=52
[INFO] tested 225/1598 kept=52
[INFO] tested 250/1598 kept=52
[INFO] tested 275/1598 kept=52
[INFO] tested 300/1598 kept=52
[INFO] tested 325/1598 kept=52
[INFO] tested 350/1598 kept=53
[INFO] tested 375/1598 kept=53
[INFO] tested 400/1598 kept=53
[INFO] tested 425/1598 kept=53
[INFO] tested 450/1598 kept=54
[INFO] tested 475/1598 kept=55
[INFO] tested 500/1598 kept=55
[INFO] tested 525/1598 kept=55
[INFO] tested 550/1598 kept=55
[INFO] tested 575/1598 kept=55
[INFO] tested 600/1598 kept=55
[INFO] tested 625/1598 kept=55
[INFO] tested 650/1598 kept=55
[INFO] tested 675/1598 kept=56
[INFO] tested 700/1598 kept=56
[INFO] tested 725/1598 kept=56
[INFO] tested 750/1598 kept=56
[INFO] tested 775/1598 kept=56
[INFO] tested 800/1598 kept=56
[INFO] tested 825/1598 kept=57
[INFO] tested 850/1598 kept=57
[INFO] tested 875/1598 kept=57
[INFO] tested 900/1598 kept=57
[INFO] tested 925/1598 kept=57
[INFO] tested 950/1598 kept=57
[INFO] tested 975/1598 kept=57
[INFO] tested 1000/1598 kept=57
[INFO] tested 1025/1598 kept=57
[INFO] tested 1050/1598 kept=57
[INFO] tested 1075/1598 kept=57
[INFO] tested 1100/1598 kept=57
[INFO] tested 1125/1598 kept=57
[INFO] tested 1150/1598 kept=57
[INFO] tested 1175/1598 kept=57
[INFO] tested 1200/1598 kept=57
[INFO] tested 1225/1598 kept=57
[INFO] tested 1250/1598 kept=57
[INFO] tested 1275/1598 kept=57
[INFO] tested 1300/1598 kept=57
[INFO] tested 1325/1598 kept=57
[INFO] tested 1350/1598 kept=57
[INFO] tested 1375/1598 kept=57
[INFO] tested 1400/1598 kept=57
[INFO] tested 1425/1598 kept=58
[INFO] tested 1450/1598 kept=59
[INFO] tested 1475/1598 kept=59
[INFO] tested 1500/1598 kept=59
[INFO] tested 1525/1598 kept=70
[INFO] tested 1550/1598 kept=90
[INFO] tested 1575/1598 kept=108
[INFO] tested 1598/1598 kept=114
[INFO] tested 25/3196 kept=3
[INFO] tested 50/3196 kept=3
[INFO] tested 75/3196 kept=3
[INFO] tested 100/3196 kept=3
[INFO] tested 125/3196 kept=3
[INFO] tested 150/3196 kept=3
[INFO] tested 175/3196 kept=3
[INFO] tested 200/3196 kept=3
[INFO] tested 225/3196 kept=3
[INFO] tested 250/3196 kept=3
[INFO] tested 275/3196 kept=3
[INFO] tested 300/3196 kept=3
[INFO] tested 325/3196 kept=3
[INFO] tested 350/3196 kept=3
[INFO] tested 375/3196 kept=3
[INFO] tested 400/3196 kept=3
[INFO] tested 425/3196 kept=3
[INFO] tested 450/3196 kept=3
[INFO] tested 475/3196 kept=3
[INFO] tested 500/3196 kept=3
[INFO] tested 525/3196 kept=4
[INFO] tested 550/3196 kept=4
[INFO] tested 575/3196 kept=4
[INFO] tested 600/3196 kept=4
[INFO] tested 625/3196 kept=4
[INFO] tested 650/3196 kept=4
[INFO] tested 675/3196 kept=4
[INFO] tested 700/3196 kept=4
[INFO] tested 725/3196 kept=4
[INFO] tested 750/3196 kept=4
[INFO] tested 775/3196 kept=4
[INFO] tested 800/3196 kept=4
[INFO] tested 825/3196 kept=4
[INFO] tested 850/3196 kept=4
[INFO] tested 875/3196 kept=4
[INFO] tested 900/3196 kept=4
[INFO] tested 925/3196 kept=4
[INFO] tested 950/3196 kept=4
[INFO] tested 975/3196 kept=4
[INFO] tested 1000/3196 kept=4
[INFO] tested 1025/3196 kept=4
[INFO] tested 1050/3196 kept=4
[INFO] tested 1075/3196 kept=4
[INFO] tested 1100/3196 kept=4
[INFO] tested 1125/3196 kept=4
[INFO] tested 1150/3196 kept=4
[INFO] tested 1175/3196 kept=4
[INFO] tested 1200/3196 kept=4
[INFO] tested 1225/3196 kept=4
[INFO] tested 1250/3196 kept=4
[INFO] tested 1275/3196 kept=4
[INFO] tested 1300/3196 kept=4
[INFO] tested 1325/3196 kept=4
[INFO] tested 1350/3196 kept=4
[INFO] tested 1375/3196 kept=4
[INFO] tested 1400/3196 kept=4
[INFO] tested 1425/3196 kept=4
[INFO] tested 1450/3196 kept=4
[INFO] tested 1475/3196 kept=4
[INFO] tested 1500/3196 kept=4
[INFO] tested 1525/3196 kept=4
[INFO] tested 1550/3196 kept=4
[INFO] tested 1575/3196 kept=4
[INFO] tested 1600/3196 kept=4
[INFO] tested 1625/3196 kept=4
[INFO] tested 1650/3196 kept=4
[INFO] tested 1675/3196 kept=4
[INFO] tested 1700/3196 kept=4
[INFO] tested 1725/3196 kept=4
[INFO] tested 1750/3196 kept=4
[INFO] tested 1775/3196 kept=4
[INFO] tested 1800/3196 kept=4
[INFO] tested 1825/3196 kept=4
[INFO] tested 1850/3196 kept=4
[INFO] tested 1875/3196 kept=4
[INFO] tested 1900/3196 kept=4
[INFO] tested 1925/3196 kept=4
[INFO] tested 1950/3196 kept=4
[INFO] tested 1975/3196 kept=4
[INFO] tested 2000/3196 kept=4
[INFO] tested 2025/3196 kept=4
[INFO] tested 2050/3196 kept=4
[INFO] tested 2075/3196 kept=4
[INFO] tested 2100/3196 kept=4
[INFO] tested 2125/3196 kept=4
[INFO] tested 2150/3196 kept=4
[INFO] tested 2175/3196 kept=4
[INFO] tested 2200/3196 kept=4
[INFO] tested 2225/3196 kept=4
[INFO] tested 2250/3196 kept=4
[INFO] tested 2275/3196 kept=4
[INFO] tested 2300/3196 kept=4
[INFO] tested 2325/3196 kept=4
[INFO] tested 2350/3196 kept=4
[INFO] tested 2375/3196 kept=4
[INFO] tested 2400/3196 kept=4
[INFO] tested 2425/3196 kept=4
[INFO] tested 2450/3196 kept=4
[INFO] tested 2475/3196 kept=4
[INFO] tested 2500/3196 kept=4
[INFO] tested 2525/3196 kept=4
[INFO] tested 2550/3196 kept=4
[INFO] tested 2575/3196 kept=4
[INFO] tested 2600/3196 kept=4
[INFO] tested 2625/3196 kept=4
[INFO] tested 2650/3196 kept=4
[INFO] tested 2675/3196 kept=4
[INFO] tested 2700/3196 kept=4
[INFO] tested 2725/3196 kept=4
[INFO] tested 2750/3196 kept=4
[INFO] tested 2775/3196 kept=4
[INFO] tested 2800/3196 kept=4
[INFO] tested 2825/3196 kept=4
[INFO] tested 2850/3196 kept=4
[INFO] tested 2875/3196 kept=4
[INFO] tested 2900/3196 kept=4
[INFO] tested 2925/3196 kept=4
[INFO] tested 2950/3196 kept=4
[INFO] tested 2975/3196 kept=4
[INFO] tested 3000/3196 kept=4
[INFO] tested 3025/3196 kept=4
[INFO] tested 3050/3196 kept=4
[INFO] tested 3075/3196 kept=4
[INFO] tested 3100/3196 kept=4
[INFO] tested 3125/3196 kept=4
[INFO] tested 3150/3196 kept=4
[INFO] tested 3175/3196 kept=4
[INFO] tested 3196/3196 kept=4
[SUMMARY] total_nodes=9203
[SUMMARY] legal_candidates=6391
[SUMMARY] passed_latency_test=312
[SUMMARY] region_HK=9 region_JP=4 region_US=51
[SUMMARY] avg_latency_ms=660.98
[SUMMARY] output=output/clash.yaml
