============================================================
[INFO] sublink try page | url=https://end-gfw.com
[OK] proxies=6 | new=6 | url=https://raw.githubusercontent.com/hello-world-1989/cn-news/main/end-gfw-free
[OK] proxies=6 | new=0 | url=https://raw.githubusercontent.com/hello-world-1989/cn-news/main/clash-free.yaml
[INFO] source try link | url=https://end-gfw.com/ss-key
[OK] proxies=4 | new=4 | url=https://end-gfw.com/ss-key
[INFO] sublink try repo | url=https://github.com/hello-world-1989/cn-news
[INFO] sublink try page | url=https://raw.githubusercontent.com/hello-world-1989/cn-news/main/README.md
[OK] proxies=2 | new=2 | url=https://raw.githubusercontent.com/hello-world-1989/cn-news/main/end-gfw-together
[OK] proxies=2 | new=0 | url=https://raw.githubusercontent.com/hello-world-1989/cn-news/refs/heads/main/clash.yaml
[OK] proxies=6 | new=6 | url=https://raw.githubusercontent.com/hello-world-1989/v2-sub/main/end-gfw-together-af3e13
[OK] proxies=18 | source=[大FQ运动] | url=https://raw.githubusercontent.com/hello-world-1989/cn-news/main/README.md
============================================================
[INFO] sublink try repo | url=https://github.com/Pawdroid/Free-servers
[INFO] sublink try page | url=https://raw.githubusercontent.com/Pawdroid/Free-servers/main/README.md
[OK] proxies=15 | new=15 | url=https://raw.githubusercontent.com/Pawdroid/Free-servers/main/README.md
[OK] proxies=15 | new=13 | url=https://raw.githubusercontent.com/Pawdroid/Free-servers/main/sub
[OK] proxies=1 | new=1 | url=https://apps.apple.com/cn/app/shadowshare/id1612647259
[OK] proxies=1 | new=1 | url=http://www.surflare.com
[OK] proxies=30 | source=[Pawdroid] | url=https://raw.githubusercontent.com/Pawdroid/Free-servers/main/README.md
============================================================
[INFO] source try link | url=https://xmxosfepggzm.503403.xyz
[OK] proxies=2 | new=2 | url=https://xmxosfepggzm.503403.xyz
[OK] proxies=2 | source=[FreeV2-Base64] | url=https://xmxosfepggzm.503403.xyz
============================================================
[INFO] source try link | url=https://links.bocchi2b.top/clash
[OK] proxies=35 | new=35 | url=https://links.bocchi2b.top/clash
[OK] proxies=35 | source=[Bocchi2b-Base64] | url=https://links.bocchi2b.top/clash
============================================================
[INFO] source try link | url=https://freesocks.org/api/v1/sub/02b897e8e77f19176b0b9f2c75864b00
[OK] proxies=3 | new=3 | url=https://freesocks.org/api/v1/sub/02b897e8e77f19176b0b9f2c75864b00
[INFO] source try link | url=https://freesocks.org/api/v1/sub/4cae35810e6f5c4d92e28e32104e0080
[OK] proxies=3 | new=3 | url=https://freesocks.org/api/v1/sub/4cae35810e6f5c4d92e28e32104e0080
[OK] proxies=6 | source=[Freesocks] | url=https://freesocks.org/api/v1/sub/4cae35810e6f5c4d92e28e32104e0080
============================================================
[INFO] source try link | url=https://neko-warp.nloli.xyz/neko_warp.yaml
[OK] proxies=10 | new=10 | url=https://neko-warp.nloli.xyz/neko_warp.yaml
[OK] proxies=10 | source=[NekoWarp] | url=https://neko-warp.nloli.xyz/neko_warp.yaml
============================================================
[INFO] article try feed | url=https://free.datiya.com/index.xml
[INFO] sublink try page | url=https://free.datiya.com/post/20261001/
[OK] proxies=14 | new=14 | url=https://free.datiya.com/uploads/20261001-clash.yaml
[OK] proxies=14 | source=[OpenRunner-RSS] | url=https://free.datiya.com/post/20261001/
============================================================
[INFO] article try feed | url=https://v2rayshare.com/feed
[INFO] sublink try page | url=https://v2rayshare.com/p/4097.html
[INFO] sublink try repo | url=https://github.com/firefoxmmx2/v2rayshare_subcription
[INFO] sublink try page | url=https://raw.githubusercontent.com/firefoxmmx2/v2rayshare_subcription/main/README.md
[OK] proxies=22 | new=22 | url=https://{raw.githubusercontent.com|cdn.jsdelivr.net}/firefoxmmx2/v2rayshare_subcription/main/subscription/vray_sub.txt
[OK] proxies=21 | new=0 | url=https://{raw.githubusercontent.com|cdn.jsdelivr.net}/firefoxmmx2/v2rayshare_subcription/main/subscription/clash_sub.yaml
[OK] proxies=22 | new=0 | url=https://{raw.githubusercontent.com|cdn.jsdelivr.net}/firefoxmmx2/v2rayshare_subcription/main/subscription/mihomo_sub.yaml
[OK] proxies=22 | source=[V2Rayshare-RSS] | url=https://raw.githubusercontent.com/firefoxmmx2/v2rayshare_subcription/main/README.md
============================================================
[INFO] article try feed | url=https://www.mibei77.com/feed
[INFO] sublink try page | url=https://www.mibei77.com/710.html
[OK] proxies=82 | new=82 | url=https://mm.mibei77.com/202610/10.0164bacvd.txt
[OK] proxies=81 | new=2 | url=https://mm.mibei77.com/202610/10.01Clashiza.yaml
[OK] proxies=84 | source=[Mibei77-RSS] | url=https://www.mibei77.com/710.html
============================================================
[INFO] article try feed | url=https://yoyapai.com/feed
[INFO] sublink try page | url=https://yoyapai.com/746
[OK] proxies=257 | new=257 | url=https://freenode.yoyapai.com/2026/10/01-yoyapai.com-ssrv2ray-vpnmianfeijiedian.txt
[OK] proxies=257 | new=0 | url=https://freenode.yoyapai.com/2026/10/01-yoyapai.com-clash-vpnmianfeijiedian.yaml
[OK] proxies=1 | new=1 | url=https://yoyapai.com/746
[OK] proxies=258 | source=[Yoyapai-RSS] | url=https://yoyapai.com/746
============================================================
[INFO] sublink try repo | url=https://github.com/free18/v2ray
[INFO] sublink try page | url=https://raw.githubusercontent.com/free18/v2ray/main/README.md
[OK] proxies=3 | new=3 | url=https://raw.githubusercontent.com/free18/v2ray/main/README.md
[OK] proxies=106 | new=106 | url=https://ghfast.top/https://raw.githubusercontent.com/free18/v2ray/refs/heads/main/c.yaml
[OK] proxies=106 | new=0 | url=https://ghfast.top/https://raw.githubusercontent.com/free18/v2ray/refs/heads/main/v.txt
[OK] proxies=109 | source=[免费节点1] | url=https://raw.githubusercontent.com/free18/v2ray/main/README.md
============================================================
[INFO] sublink try repo | url=https://github.com/ermaozi/get_subscribe
[INFO] sublink try page | url=https://raw.githubusercontent.com/ermaozi/get_subscribe/main/README.md
[INFO] sublink file_nodes=0 | bare links=9
[OK] proxies=477 | new=477 | url=https://www.ermao.net/sub/{reachable|unreachable|untested}/clash/ermao.net
[OK] proxies=607 | new=130 | url=https://www.ermao.net/sub/{clash|v2ray}/ermao.net
[OK] proxies=607 | source=[免费节点2] | url=https://raw.githubusercontent.com/ermaozi/get_subscribe/main/README.md
============================================================
[INFO] sublink try repo | url=https://github.com/sunmiao4458/free-proxy-airport
[INFO] sublink try page | url=https://raw.githubusercontent.com/sunmiao4458/free-proxy-airport/main/README.md
[OK] proxies=34 | new=34 | url=https://sunmiao4458.github.io/free-proxy-airport/clash.yaml
[OK] proxies=34 | source=[免费节点3] | url=https://raw.githubusercontent.com/sunmiao4458/free-proxy-airport/main/README.md
============================================================
[INFO] sublink try repo | url=https://github.com/mfuu/FreeProxies
[INFO] sublink try page | url=https://raw.githubusercontent.com/mfuu/FreeProxies/master/README.md
[OK] proxies=843 | new=843 | url=https://raw.githubusercontent.com/mfuu/FreeProxies/master/sub.yaml
[OK] proxies=843 | source=[免费节点4] | url=https://raw.githubusercontent.com/mfuu/FreeProxies/master/README.md
============================================================
[INFO] sublink try repo | url=https://github.com/vxiaov/free_proxies
[INFO] sublink try page | url=https://raw.githubusercontent.com/vxiaov/free_proxies/main/README.md
[OK] proxies=1 | new=1 | url=https://raw.githubusercontent.com/vxiaov/free_proxies/main/README.md
[OK] proxies=28 | new=28 | url=https://{cdn.jsdelivr.net|raw.githubusercontent.com}/vxiaov/free_proxies/main/clash/clash.provider.yaml
[OK] proxies=29 | source=[免费节点5] | url=https://raw.githubusercontent.com/vxiaov/free_proxies/main/README.md
============================================================
[INFO] sublink try repo | url=https://github.com/anaer/Sub
[INFO] sublink try page | url=https://raw.githubusercontent.com/anaer/Sub/main/README.MD
[OK] proxies=1755 | new=1755 | url=https://raw.githubusercontent.com/anaer/Sub/main/clash.yaml
[OK] proxies=1755 | new=0 | url=https://anaer.github.io/Sub/clash.yaml
[OK] proxies=1755 | source=[免费节点6] | url=https://raw.githubusercontent.com/anaer/Sub/main/README.MD
============================================================
[INFO] sublink try repo | url=https://github.com/snakem982/proxypool
[INFO] sublink try page | url=https://raw.githubusercontent.com/snakem982/proxypool/main/README.md
[OK] proxies=64 | new=64 | url=https://raw.githubusercontent.com/snakem982/proxypool/main/source/clash-meta-2.yaml
[OK] proxies=51 | new=0 | url=https://raw.githubusercontent.com/snakem982/proxypool/main/source/v2ray-2.txt
[OK] proxies=51 | new=0 | url=https://raw.githubusercontent.com/snakem982/proxypool/main/source/sing-box-2.json
[OK] proxies=64 | source=[免费节点7] | url=https://raw.githubusercontent.com/snakem982/proxypool/main/README.md
============================================================
[INFO] sublink try repo | url=https://github.com/mahdibland/V2RayAggregator
[INFO] sublink try page | url=https://raw.githubusercontent.com/mahdibland/V2RayAggregator/master/README.md
[OK] proxies=61 | new=61 | url=https://raw.githubusercontent.com/mahdibland/ShadowsocksAggregator/master/EternityAir.txt
[OK] proxies=1 | new=1 | url=https://cdn.jsdelivr.net/gh/mahdibland/V2RayAggregator@master/update/provider/provider-meta-cn.yml
[OK] proxies=199 | new=199 | url=https://raw.githubusercontent.com/mahdibland/ShadowsocksAggregator/master/Eternity.yml
[OK] proxies=61 | new=0 | url=https://raw.githubusercontent.com/mahdibland/SSAggregator/master/sub/airport_sub_merge.txt
[OK] proxies=1 | new=0 | url=https://cdn.jsdelivr.net/gh/mahdibland/V2RayAggregator@master/update/provider/provider-meta.yml
[OK] proxies=1856 | new=1707 | url=https://raw.githubusercontent.com/mahdibland/ShadowsocksAggregator/master/sub/splitted/ss.txt
[OK] proxies=1 | new=0 | url=https://github.com/mahdibland/SSAggregator/actions/workflows/Collector.yml
[OK] proxies=1 | new=0 | url=https://cdn.jsdelivr.net/gh/mahdibland/V2RayAggregator@master/update/provider/provider-meta-others.yml
[OK] proxies=3862 | new=1958 | url=https://raw.githubusercontent.com/mahdibland/SSAggregator/master/sub/sub_merge_base64.txt
[OK] proxies=198 | new=0 | url=https://raw.githubusercontent.com/mahdibland/ShadowsocksAggregator/master/Eternity.txt
[OK] proxies=54 | new=0 | url=https://raw.githubusercontent.com/mahdibland/ShadowsocksAggregator/master/sub/splitted/ssr.txt
[OK] proxies=61 | new=0 | url=https://raw.githubusercontent.com/mahdibland/SSAggregator/master/sub/airport_merge_base64.txt
[OK] proxies=383 | new=95 | url=https://raw.githubusercontent.com/mahdibland/V2RayAggregator/master/README.md
[OK] proxies=1454 | new=0 | url=https://raw.githubusercontent.com/mahdibland/ShadowsocksAggregator/master/sub/splitted/vmess.txt
[OK] proxies=1 | new=0 | url=https://github.com/mahdibland/SSAggregator/actions/workflows/Airport_Collector.yml
[OK] proxies=498 | new=0 | url=https://raw.githubusercontent.com/mahdibland/ShadowsocksAggregator/master/sub/splitted/trojan.txt
[OK] proxies=4077 | new=250 | url=https://raw.githubusercontent.com/mahdibland/SSAggregator/master/sub/sub_merge_yaml.yml
[OK] proxies=1 | new=0 | url=https://cdn.jsdelivr.net/gh/mahdibland/V2RayAggregator@master/update/provider/provider.yml
[OK] proxies=1 | new=0 | url=https://cdn.jsdelivr.net/gh/mahdibland/V2RayAggregator@master/update/provider/provider-others.yml
[OK] proxies=1 | new=0 | url=https://cdn.jsdelivr.net/gh/mahdibland/V2RayAggregator@master/update/provider/provider-cn.yml
[OK] proxies=3862 | new=0 | url=https://raw.githubusercontent.com/mahdibland/{SSAggregator|ShadowsocksAggregator}/master/sub/sub_merge.txt
[OK] proxies=4271 | source=[免费节点8] | url=https://raw.githubusercontent.com/mahdibland/V2RayAggregator/master/README.md
============================================================
[INFO] sublink try repo | url=https://github.com/w1770946466/Auto_proxy
[INFO] sublink try page | url=https://raw.githubusercontent.com/w1770946466/Auto_proxy/main/README.md
[OK] proxies=1 | new=1 | url=https://github.com/w1770946466/Auto_proxy/actions/workflows/main.yml
[OK] proxies=245 | new=245 | url=https://raw.githubusercontent.com/w1770946466/Auto_proxy/main/{Long_term_subscription2.yaml|Long_term_subscription1.yaml|Long_term_subscription3.yaml}
[OK] proxies=489 | new=369 | url=https://raw.githubusercontent.com/w1770946466/Auto_proxy/main/{Long_term_subscription1|Long_term_subscription2|Long_term_subscription3|Long_term_subscription4|Long_term_subscription5|Long_term_subscription6|Long_term_subscription7|Long_term_subscription8}
[OK] proxies=489 | new=0 | url=https://raw.githubusercontent.com/w1770946466/Auto_proxy/main/Long_term_subscription_num
[OK] proxies=615 | source=[免费节点9] | url=https://raw.githubusercontent.com/w1770946466/Auto_proxy/main/README.md
============================================================
[INFO] sublink try repo | url=https://github.com/PuddinCat/BestClash
[INFO] sublink try page | url=https://raw.githubusercontent.com/PuddinCat/BestClash/main/README.md
[OK] proxies=28 | new=28 | url=https://cdn.jsdelivr.net/gh/vxiaov/free_proxies@main/clash/clash.provider.yaml
[OK] proxies=94 | new=94 | url=https://raw.githubusercontent.com/Misaka-blog/chromego_merge/main/sub/merged_proxies_new.yaml
[OK] proxies=92 | new=9 | url=https://raw.githubusercontent.com/{chengaopan|peasoft}/{AutoMergePublicNodes|NoMoreWalls}/master/list.yml
[OK] proxies=24 | new=24 | url=https://freenode.openrunner.net/uploads/20240807-clash.yaml
[OK] proxies=165 | new=165 | url=https://raw.githubusercontent.com/ronghuaxueleng/get_v2/main/pub/combine.yaml
[OK] proxies=477 | new=386 | url=https://raw.githubusercontent.com/{ermaozi|ermaozi01}/{get_subscribe|free_clash_vpn}/main/subscribe/clash.yml
[OK] proxies=144 | new=12 | url=https://raw.githubusercontent.com/zhangkaiitugithub/passcro/main/speednodes.yaml
[OK] proxies=199 | new=179 | url=https://raw.githubusercontent.com/mahdibland/ShadowsocksAggregator/master/Eternity.yml
[OK] proxies=16 | new=12 | url=https://raw.githubusercontent.com/PuddinCat/BestClash/main/proxies.yaml
[OK] proxies=4902 | new=4714 | url=https://raw.githubusercontent.com/{NiceVPN123|anaer}/{NiceVPN|Sub}/main/{Clash.yaml|clash.yaml}
[OK] proxies=5623 | source=[免费节点10] | url=https://raw.githubusercontent.com/PuddinCat/BestClash/main/README.md
============================================================
[INFO] sublink try repo | url=https://github.com/kooker/FreeSubsCheck
[INFO] sublink try page | url=https://raw.githubusercontent.com/kooker/FreeSubsCheck/main/README.md
[OK] proxies=6 | new=6 | url=https://raw.githubusercontent.com/kooker/FreeSubsCheck/main/mihomo.yaml
[OK] proxies=2 | new=2 | url=https://raw.githubusercontent.com/kooker/FreeSubsCheck/main/byxiaoxi.txt
[OK] proxies=6 | new=0 | url=https://raw.githubusercontent.com/kooker/FreeSubsCheck/main/all.yaml
[OK] proxies=2 | new=2 | url=https://raw.githubusercontent.com/kooker/FreeSubsCheck/main/base64.txt
[OK] proxies=384 | new=383 | url=https://raw.githubusercontent.com/kooker/FreeSubsCheck/main/kooker.jp.txt
[OK] proxies=393 | source=[免费节点11] | url=https://raw.githubusercontent.com/kooker/FreeSubsCheck/main/README.md
============================================================
[INFO] toolkit try repo | url=https://github.com/bannedbook/fanqiang
[INFO] toolkit try release | url=https://github.com/bannedbook/fanqiang/releases
[INFO] toolkit try release | url=https://github.com/bannedbook/fanqiang/releases/expanded_assets/ChromeGo-latest
[INFO] toolkit try download | url=https://github.com/bannedbook/fanqiang/releases/download/ChromeGo-latest/ChromeGo.7z
[OK] toolkit downloaded | file=ChromeGo.7z | size=96.2mb | time=36.4s
[OK] toolkit extracted | archive=ChromeGo.7z | tool=7z | files=222 | dirs=45
[OK] toolkit discovered | subs=107 | embedded=46 | archive=ChromeGo.7z
[INFO] toolkit try repo | url=https://github.com/bannedbook/fanqiang
[INFO] toolkit try release | url=https://github.com/bannedbook/fanqiang/releases
[INFO] toolkit try release | url=https://github.com/bannedbook/fanqiang/releases/expanded_assets/ChromeGo-latest
[INFO] toolkit try download | url=https://github.com/bannedbook/fanqiang/releases/download/ChromeGo-latest/ChromeGo.7z
[OK] toolkit downloaded | file=ChromeGo.7z | size=96.2mb | time=36.4s
[OK] toolkit extracted | archive=ChromeGo.7z | tool=7z | files=222 | dirs=45
[OK] toolkit discovered | subs=107 | embedded=46 | archive=ChromeGo.7z
[OK] proxies=12 | new=12 | embedded=archive-config
[OK] proxies=3 | new=3 | url=https://gitlab.com/free9999/ipupdate/master/backup/img/1/2/{ipp|ip}/clash.meta2/{5|6|3|1|4|2}/config.yaml
[OK] proxies=3 | new=0 | url=https://www.67867867.xyz/Alvin9999/PAC/refs/heads/master/backup/img/1/2/{ipp|ip}/clash.meta2/{5|6|3|1|4|2}/config.yaml
[OK] proxies=7 | new=5 | url=https://www.67867867.xyz/Alvin9999/PAC/refs/heads/master/backup/img/1/2/{ipp|ip}/{hysteria2|singbox|naiveproxy|hysteria|xray}/{3|1|4|2}/config.json
[OK] proxies=7 | new=0 | url=https://gitlab.com/free9999/ipupdate/master/backup/img/1/2/{ipp|ip}/{hysteria2|singbox|naiveproxy|hysteria|xray}/{3|1|4|2}/config.json
[OK] proxies=20 | source=[ChromeGO-Toolkit] | url=https://github.com/bannedbook/fanqiang/releases/download/ChromeGo-latest/ChromeGo.7z
============================================================
[INFO] sublink try repo | url=https://github.com/ShiteThings/extractNodes
[INFO] sublink try page | url=https://raw.githubusercontent.com/ShiteThings/extractNodes/main/README.md
[OK] proxies=26 | new=26 | url=https://chg26.makou.cc.cd/sb
[OK] proxies=31 | new=5 | url=https://{chg26.makou.cc.cd|chg64.makou.cc.cd}
[OK] proxies=31 | source=[ChromeGO-ShiteThings] | url=https://raw.githubusercontent.com/ShiteThings/extractNodes/main/README.md
============================================================
[INFO] sublink try repo | url=https://github.com/shangui999/chromego_merge
[INFO] sublink try page | url=https://raw.githubusercontent.com/shangui999/chromego_merge/master/ReadMe.md
[OK] proxies=16 | new=16 | url=https://freedman.netlify.app/sub/sb.json
[OK] proxies=11 | new=11 | url=https://freedman.netlify.app/sub/merged_warp_proxies_new.yaml
[OK] proxies=10 | new=0 | url=https://freedman.netlify.app/sub/merged_proxies_new.yaml
[OK] proxies=11 | new=6 | url=https://freedman.netlify.app/sub/shadowrocket_base64.txt
[INFO] sublink try repo | url=https://github.com/yaney01/chromego
[INFO] sublink try page | url=https://raw.githubusercontent.com/yaney01/chromego/main/ReadMe.md
[OK] proxies=50 | new=46 | url=https://raw.githubusercontent.com/yaney01/chromego/main/sub/merged_proxies_new.yaml
[OK] proxies=13 | new=7 | url=https://raw.githubusercontent.com/yaney01/chromego/main/sub/shadowrocket_base64.txt
[OK] proxies=51 | new=0 | url=https://raw.githubusercontent.com/yaney01/chromego/main/sub/merged_warp_proxies_new.yaml
[OK] proxies=13 | new=0 | url=https://raw.githubusercontent.com/yaney01/chromego/main/sub/sb.json
[INFO] sublink try repo | url=https://github.com/Misaka-blog/chromego_merge
[INFO] sublink try page | url=https://raw.githubusercontent.com/Misaka-blog/chromego_merge/main/README.md
[OK] proxies=94 | new=94 | url=https://chromego-sub.netlify.app/sub/merged_proxies_new.yaml
[OK] proxies=180 | source=[ChromeGO-Merge] | url=https://raw.githubusercontent.com/Misaka-blog/chromego_merge/main/README.md
============================================================
[INFO] toolkit try repo | url=https://github.com/Pawdroid/shadowrocket_for_android
[INFO] toolkit try release | url=https://github.com/Pawdroid/shadowrocket_for_android/releases
[INFO] toolkit try release | url=https://github.com/Pawdroid/shadowrocket_for_android/releases/expanded_assets/10.10.55
[INFO] toolkit try download | url=https://github.com/Pawdroid/shadowrocket_for_android/releases/download/10.10.55/Shadowrocket_10.10.55_shadowrocketStandard_arm64-v8a.apk
[OK] toolkit downloaded | file=Shadowrocket_10.10.55_shadowrocketStandard_arm64-v8a.apk | size=39.5mb | time=16.7s
[OK] toolkit extracted | archive=Shadowrocket_10.10.55_shadowrocketStandard_arm64-v8a.apk | tool=zipfile | files=1179 | dirs=44
[OK] toolkit sr-apk scanned | prefixes=38 | files=6 | keys=2 | archive=Shadowrocket_10.10.55_shadowrocketStandard_arm64-v8a.apk
[OK] proxies=1007 | new=1007 | url=https://{cdn.jsdelivr.net|raw.githubusercontent.com}/pixelor/ecfg/main/data/ecfg6_en
[OK] proxies=1176 | new=294 | url=https://{raw.githubusercontent.com|cdn.jsdelivr.net}/pixelor/ecfg/main/data/ecfg6_zh
[OK] proxies=123 | new=62 | url=https://{raw.githubusercontent.com|cdn.jsdelivr.net}/pixelor/ecfg/main/data/ecfg6
[OK] proxies=74 | new=0 | url=https://{files.shadowrockets.app|cdn.shadowrockets.app}/ecfg/data/ecfg6
[OK] proxies=639 | new=0 | url=https://{files.shadowrockets.app|cdn.shadowrockets.app}/ecfg/data/ecfg6_en
[OK] proxies=639 | new=0 | url=https://{files.shadowrockets.app|cdn.shadowrockets.app}/ecfg/data/ecfg6_zh
[INFO] toolkit try repo | url=https://github.com/Pawdroid/shadowrocket_for_android
[INFO] toolkit try release | url=https://github.com/Pawdroid/shadowrocket_for_android/releases
[INFO] toolkit try release | url=https://github.com/Pawdroid/shadowrocket_for_android/releases/expanded_assets/10.10.55
[INFO] toolkit try download | url=https://github.com/Pawdroid/shadowrocket_for_android/releases/download/10.10.55/Shadowrocket_10.10.55_shadowrocketStandard_arm64-v8a.apk
[OK] toolkit downloaded | file=Shadowrocket_10.10.55_shadowrocketStandard_arm64-v8a.apk | size=39.5mb | time=16.7s
[OK] toolkit extracted | archive=Shadowrocket_10.10.55_shadowrocketStandard_arm64-v8a.apk | tool=zipfile | files=1179 | dirs=44
[OK] toolkit sr-apk scanned | prefixes=38 | files=6 | keys=2 | archive=Shadowrocket_10.10.55_shadowrocketStandard_arm64-v8a.apk
[OK] proxies=1007 | new=1007 | url=https://{cdn.jsdelivr.net|raw.githubusercontent.com}/pixelor/ecfg/main/data/ecfg6_en
[OK] proxies=1176 | new=294 | url=https://{raw.githubusercontent.com|cdn.jsdelivr.net}/pixelor/ecfg/main/data/ecfg6_zh
[OK] proxies=123 | new=62 | url=https://{raw.githubusercontent.com|cdn.jsdelivr.net}/pixelor/ecfg/main/data/ecfg6
[OK] proxies=74 | new=0 | url=https://{files.shadowrockets.app|cdn.shadowrockets.app}/ecfg/data/ecfg6
[OK] proxies=639 | new=0 | url=https://{files.shadowrockets.app|cdn.shadowrockets.app}/ecfg/data/ecfg6_en
[OK] proxies=639 | new=0 | url=https://{files.shadowrockets.app|cdn.shadowrockets.app}/ecfg/data/ecfg6_zh
[OK] proxies=1363 | source=[Pawdroid-SR-APK] | url=https://github.com/Pawdroid/shadowrocket_for_android/releases/download/10.10.55/Shadowrocket_10.10.55_shadowrocketStandard_arm64-v8a.apk
============================================================
[INFO] toolkit try page | url=https://shadowshare.v2cross.com
[INFO] toolkit try download | url=https://shadowshare.v2cross.com/shadowshare.apk
[OK] toolkit downloaded | file=shadowshare.apk | size=60mb | time=29.9s
[OK] toolkit extracted | archive=shadowshare.apk | tool=zipfile | files=612 | dirs=39
[OK] toolkit ss-apk scanned | prefixes=10 | files=3 | keys=1 | archive=shadowshare.apk
[OK] proxies=234 | new=234 | url=https://{raw.githubusercontent.com|jsd.onmicrosoft.cn}/hideme9527/ecsfg/main/data/sareserver
[OK] proxies=1386 | new=1280 | url=https://{raw.githubusercontent.com|jsd.onmicrosoft.cn}/hideme9527/ecsfg/main/data/sareserver_en
[OK] proxies=63 | new=0 | url=https://{shadowsharing.com|sare.159236.xyz}/data/sareserver
[OK] proxies=1386 | new=0 | url=https://{shadowsharing.com|sare.159236.xyz}/data/sareserver_en
[OK] proxies=63 | new=0 | url=https://gitee.com/api/v5/repos/{guoyoucai1|zhiminghao|elvenapp}/ecsfg/raw/data/sareserver
[OK] proxies=1386 | new=0 | url=https://gitee.com/api/v5/repos/{guoyoucai1|zhiminghao|elvenapp}/ecsfg/raw/data/sareserver_en
[INFO] toolkit try page | url=https://shadowshare.v2cross.com
[INFO] toolkit try download | url=https://shadowshare.v2cross.com/shadowshare.apk
[OK] toolkit downloaded | file=shadowshare.apk | size=60mb | time=29.9s
[OK] toolkit extracted | archive=shadowshare.apk | tool=zipfile | files=612 | dirs=39
[OK] toolkit ss-apk scanned | prefixes=10 | files=3 | keys=1 | archive=shadowshare.apk
[OK] proxies=234 | new=234 | url=https://{raw.githubusercontent.com|jsd.onmicrosoft.cn}/hideme9527/ecsfg/main/data/sareserver
[OK] proxies=1386 | new=1280 | url=https://{raw.githubusercontent.com|jsd.onmicrosoft.cn}/hideme9527/ecsfg/main/data/sareserver_en
[OK] proxies=63 | new=0 | url=https://{shadowsharing.com|sare.159236.xyz}/data/sareserver
[OK] proxies=1386 | new=0 | url=https://{shadowsharing.com|sare.159236.xyz}/data/sareserver_en
[OK] proxies=63 | new=0 | url=https://gitee.com/api/v5/repos/{guoyoucai1|zhiminghao|elvenapp}/ecsfg/raw/data/sareserver
[OK] proxies=1386 | new=0 | url=https://gitee.com/api/v5/repos/{guoyoucai1|zhiminghao|elvenapp}/ecsfg/raw/data/sareserver_en
[OK] proxies=1514 | source=[Pawdroid-SS-APK] | url=https://shadowshare.v2cross.com/shadowshare.apk
============================================================
[INFO] toolkit try chrome | url=https://chromewebstore.google.com/detail/free-vpn-proxy-1vpn/akcocjjpkmlniicdeemdceeajlmoabhg
[INFO] toolkit try download | url=https://clients2.google.com/service/update2/crx?response=redirect&prodversion=131.0.6778.0&acceptformat=crx2,crx3&x=id%3dakcocjjpkmlniicdeemdceeajlmoabhg%26uc
[OK] toolkit downloaded | file=free-vpn-proxy-1vpn.crx | size=1.6mb | time=7.3s
[OK] toolkit extracted | archive=free-vpn-proxy-1vpn.crx | tool=zipfile | files=68 | dirs=57
[OK] toolkit 1vpn-crx scanned | hosts=17 | keys=1 | archive=free-vpn-proxy-1vpn.crx
[INFO] toolkit try chrome | url=https://chromewebstore.google.com/detail/free-vpn-proxy-1vpn/akcocjjpkmlniicdeemdceeajlmoabhg
[INFO] toolkit try download | url=https://clients2.google.com/service/update2/crx?response=redirect&prodversion=131.0.6778.0&acceptformat=crx2,crx3&x=id%3dakcocjjpkmlniicdeemdceeajlmoabhg%26uc
[OK] toolkit downloaded | file=free-vpn-proxy-1vpn.crx | size=1.6mb | time=7.3s
[OK] toolkit extracted | archive=free-vpn-proxy-1vpn.crx | tool=zipfile | files=68 | dirs=57
[OK] toolkit 1vpn-crx scanned | hosts=17 | keys=1 | archive=free-vpn-proxy-1vpn.crx
[OK] proxies=17 | source=[1VPN-CRX] | url=https://clients2.google.com/service/update2/crx?response=redirect&prodversion=131.0.6778.0&acceptformat=crx2,crx3&x=id%3dakcocjjpkmlniicdeemdceeajlmoabhg%26uc
============================================================
[INFO] sublink try repo | url=https://github.com/free-nodes/clashfree
[INFO] sublink try page | url=https://raw.githubusercontent.com/free-nodes/clashfree/main/README.md
[OK] proxies=304 | new=304 | url=https://raw.githubusercontent.com/free-nodes/clashfree/main/clash20261001.yml
[OK] proxies=304 | new=0 | url=https://raw.githubusercontent.com/free-nodes/clashfree/main/README.md
[OK] proxies=1 | new=1 | url=https://github.com/free-nodes/clashfree/blob/main/clash20261001.yml
[OK] proxies=305 | source=[Clashfree] | url=https://raw.githubusercontent.com/free-nodes/clashfree/main/README.md
============================================================
[INFO] sublink try repo | url=https://github.com/Epodonios/v2ray-configs
[INFO] sublink try page | url=https://raw.githubusercontent.com/Epodonios/v2ray-configs/main/README.md
[OK] proxies=180 | new=180 | url=https://github.com/Epodonios/v2ray-configs/raw/main/Splitted-By-Protocol/vmess.txt
[OK] proxies=3450 | new=3450 | url=https://github.com/Epodonios/v2ray-configs/raw/main/Splitted-By-Protocol/vless.txt
[OK] proxies=4261 | new=705 | url=https://github.com/Epodonios/v2ray-configs/raw/main/All_Configs_Sub.txt
[OK] proxies=4261 | new=0 | url=https://github.com/Epodonios/v2ray-configs/raw/main/All_Configs_base64_Sub.txt
[OK] proxies=1 | new=1 | url=https://github.com/Epodonios/V2ray-Configs/actions/workflows/main.yml
[OK] proxies=155 | new=6 | url=https://github.com/Epodonios/v2ray-configs/raw/main/Splitted-By-Protocol/trojan.txt
[OK] proxies=395 | new=27 | url=https://github.com/Epodonios/v2ray-configs/raw/main/Splitted-By-Protocol/ss.txt
[OK] proxies=4261 | new=0 | url=https://raw.githubusercontent.com/Epodonios/v2ray-configs/main/{Sub1.txt|Sub2.txt|Sub3.txt|Sub4.txt|Sub5.txt|Sub6.txt|Sub7.txt|Sub8.txt}
[OK] proxies=4369 | source=[Epodonios] | url=https://raw.githubusercontent.com/Epodonios/v2ray-configs/main/README.md
============================================================
[INFO] sublink try repo | url=https://github.com/free-clash-v2ray/free-clash-v2ray.github.io
[INFO] sublink try page | url=https://raw.githubusercontent.com/free-clash-v2ray/free-clash-v2ray.github.io/main/README.md
[OK] proxies=2984 | new=2984 | url=https://free-clash-v2ray.github.io/uploads/2026/09/{0-20260927.yaml|1-20260927.yaml|2-20260927.yaml|3-20260927.yaml}
[OK] proxies=3129 | new=537 | url=https://free-clash-v2ray.github.io/uploads/2026/09/{0-20260927.txt|1-20260927.txt|2-20260927.txt|3-20260927.txt|4-20260927.txt}
[OK] proxies=3521 | source=[Free-clash-v2ray] | url=https://raw.githubusercontent.com/free-clash-v2ray/free-clash-v2ray.github.io/main/README.md
============================================================
[INFO] article try page | url=https://v2rayclashfree.com
[INFO] sublink try page | url=https://v2rayclashfree.com/fn/20261001.html
[WARN] sublink discovery failed | reason=no links | url=https://v2rayclashfree.com/fn/20261001.html
[INFO] sublink try page | url=https://v2rayclashfree.com/fn/20260930.html
[OK] proxies=2901 | new=2901 | url=https://v2rayclashfree.com/sub/20260930-clash.yaml
[OK] proxies=2867 | new=505 | url=https://v2rayclashfree.com/sub/20260930-v2ray.txt
[OK] proxies=3406 | source=[V2rayclashfree-RSS] | url=https://v2rayclashfree.com/fn/20260930.html
============================================================
[INFO] toolkit try repo | url=https://github.com/MetaCubeX/meta-rules-dat
[INFO] toolkit try release | url=https://github.com/MetaCubeX/meta-rules-dat/releases
[INFO] toolkit try release | url=https://github.com/MetaCubeX/meta-rules-dat/releases/expanded_assets/latest
[INFO] toolkit try download | url=https://github.com/MetaCubeX/meta-rules-dat/releases/download/latest/country.mmdb
[OK] toolkit downloaded | file=country.mmdb | size=7.3mb | time=5.0s
[INFO] toolkit try repo | url=https://github.com/mledoze/countries
[INFO] toolkit try release | url=https://github.com/mledoze/countries/releases
[INFO] toolkit try release | url=https://github.com/mledoze/countries/releases/expanded_assets/v1.8.0
[INFO] toolkit try download | url=https://github.com/mledoze/countries/archive/refs/tags/v1.8.0.zip
[OK] toolkit downloaded | file=countries-1.8.0.zip | size=4.8mb | time=23.5s
[OK] toolkit extracted | archive=countries-1.8.0.zip | tool=zipfile | files=528 | dirs=8
[OK] toolkit found | file=countries.json | from=countries-1.8.0.zip
[OK] geo score ready | files=country.mmdb, countries.json | centroids=247
============================================================
[INFO] toolkit try repo | url=https://github.com/MetaCubeX/mihomo
[INFO] toolkit try release | url=https://github.com/MetaCubeX/mihomo/releases
[INFO] toolkit try release | url=https://github.com/MetaCubeX/mihomo/releases/expanded_assets/v1.19.32
[INFO] toolkit try download | url=https://github.com/MetaCubeX/mihomo/releases/download/v1.19.32/mihomo-linux-amd64-compatible-v1.19.32.gz
[OK] toolkit downloaded | file=mihomo-linux-amd64-compatible-v1.19.32.gz | size=21.8mb | time=33.4s
[OK] toolkit hash verified | file=mihomo-linux-amd64-compatible-v1.19.32.gz | sha256=ba3ce607747a07f948fc35780e108a4a7c7f552a38b9bd4d115f313ebcb89c20
[OK] proxy engine ready, starting latency test | package=mihomo-linux-amd64-compatible-v1.19.32.gz
============================================================
[WARN] batch start failed | size=17851 {1} | split=4463 {2} + 4463 {3} + 4463 {4} + 4462 {5}
[WARN] batch start failed | size=4463 {4} | split=1116 {6} + 1116 {7} + 1116 {8} + 1115 {9}
[WARN] batch start failed | size=4462 {5} | split=1116 {10} + 1116 {11} + 1116 {12} + 1114 {13}
[WARN] batch start failed | size=1116 {7} | split=279 {14} + 279 {15} + 279 {16} + 279 {17}
[WARN] batch start failed | size=1116 {8} | split=279 {18} + 279 {19} + 279 {20} + 279 {21}
[TEST] {6} tested=100/1116 | kept=0 | rest=17657
[TEST] {6} tested=200/1116 | kept=0 | rest=17552
[TEST] {9} tested=100/1115 | kept=3 | rest=17546
[TEST] {2} tested=100/4463 | kept=36 | rest=17390
[TEST] {3} tested=100/4463 | kept=0 | rest=17239
[TEST] {2} tested=200/4463 | kept=50 | rest=17198
[TEST] {6} tested=300/1116 | kept=0 | rest=16984
[TEST] {2} tested=300/4463 | kept=51 | rest=16914
[TEST] {9} tested=200/1115 | kept=4 | rest=16824
[TEST] {6} tested=400/1116 | kept=0 | rest=16745
[TEST] {6} tested=500/1116 | kept=0 | rest=16583
[TEST] {2} tested=400/4463 | kept=61 | rest=16543
[TEST] {3} tested=200/4463 | kept=0 | rest=16393
[TEST] {2} tested=500/4463 | kept=75 | rest=16336
[TEST] {9} tested=300/1115 | kept=22 | rest=16137
[TEST] {6} tested=600/1116 | kept=0 | rest=16124
[TEST] {2} tested=600/4463 | kept=99 | rest=15967
[TEST] {6} tested=700/1116 | kept=0 | rest=15951
[TEST] {9} tested=400/1115 | kept=28 | rest=15741
[TEST] {6} tested=800/1116 | kept=0 | rest=15685
[TEST] {6} tested=900/1116 | kept=0 | rest=15571
[TEST] {2} tested=700/4463 | kept=139 | rest=15498
[TEST] {9} tested=500/1115 | kept=35 | rest=15407
[TEST] {3} tested=300/4463 | kept=0 | rest=15291
[TEST] {9} tested=600/1115 | kept=36 | rest=15070
[TEST] {6} tested=1000/1116 | kept=0 | rest=15062
[TEST] {2} tested=800/4463 | kept=178 | rest=15000
[TEST] {9} tested=700/1115 | kept=37 | rest=14871
[TEST] {9} tested=800/1115 | kept=37 | rest=14681
[TEST] {2} tested=900/4463 | kept=189 | rest=14650
[TEST] {3} tested=400/4463 | kept=0 | rest=14567
[TEST] {3} tested=500/4463 | kept=0 | rest=14397
[TEST] {6} tested=1100/1116 | kept=0 | rest=14372
[TEST] {9} tested=900/1115 | kept=39 | rest=14368
[TEST] {2} tested=1000/4463 | kept=196 | rest=14296
[TEST] {6} tested=1116/1116 | kept=0 | rest=14289
[TEST] {9} tested=1000/1115 | kept=43 | rest=14138
[TEST] {2} tested=1100/4463 | kept=198 | rest=14099
[TEST] {10} tested=100/1116 | kept=0 | rest=13935
[TEST] {10} tested=200/1116 | kept=2 | rest=13805
[TEST] {3} tested=600/4463 | kept=0 | rest=13642
[TEST] {9} tested=1100/1115 | kept=45 | rest=13599
[TEST] {2} tested=1200/4463 | kept=203 | rest=13557
[TEST] {9} tested=1115/1115 | kept=45 | rest=13544
[TEST] {10} tested=300/1116 | kept=5 | rest=13487
[WARN] batch start failed | size=1116 {11} | split=279 {22} + 279 {23} + 279 {24} + 279 {25}
[TEST] {10} tested=400/1116 | kept=6 | rest=13332
[TEST] {10} tested=500/1116 | kept=6 | rest=13217
[TEST] {12} tested=100/1116 | kept=25 | rest=13065
[TEST] {12} tested=200/1116 | kept=88 | rest=12958
[TEST] {12} tested=300/1116 | kept=147 | rest=12851
[TEST] {2} tested=1300/4463 | kept=203 | rest=12819
[TEST] {12} tested=400/1116 | kept=195 | rest=12684
[TEST] {12} tested=500/1116 | kept=229 | rest=12584
[TEST] {12} tested=600/1116 | kept=252 | rest=12468
[TEST] {12} tested=700/1116 | kept=268 | rest=12359
[TEST] {12} tested=800/1116 | kept=283 | rest=12252
[TEST] {3} tested=700/4463 | kept=0 | rest=12170
[TEST] {12} tested=900/1116 | kept=318 | rest=12113
[TEST] {12} tested=1000/1116 | kept=379 | rest=11942
[TEST] {10} tested=600/1116 | kept=6 | rest=11924
[TEST] {10} tested=700/1116 | kept=8 | rest=11727
[TEST] {2} tested=1400/4463 | kept=203 | rest=11662
[TEST] {10} tested=800/1116 | kept=10 | rest=11608
[TEST] {10} tested=900/1116 | kept=11 | rest=11455
[TEST] {3} tested=800/4463 | kept=0 | rest=11366
[TEST] {12} tested=1100/1116 | kept=388 | rest=11341
[TEST] {3} tested=900/4463 | kept=0 | rest=11253
[TEST] {12} tested=1116/1116 | kept=388 | rest=11142
[WARN] batch start failed | size=1114 {13} | split=279 {26} + 279 {27} + 279 {28} + 277 {29}
[TEST] {10} tested=1000/1116 | kept=12 | rest=11054
[TEST] {2} tested=1500/4463 | kept=222 | rest=11012
[TEST] {14} tested=100/279 | kept=0 | rest=10920
[TEST] {14} tested=200/279 | kept=0 | rest=10820
[TEST] {2} tested=1600/4463 | kept=235 | rest=10633
[TEST] {10} tested=1100/1116 | kept=12 | rest=10596
[TEST] {3} tested=1000/4463 | kept=1 | rest=10571
[TEST] {10} tested=1116/1116 | kept=12 | rest=10390
[TEST] {14} tested=279/279 | kept=0 | rest=10350
[TEST] {2} tested=1700/4463 | kept=237 | rest=10250
[TEST] {15} tested=100/279 | kept=5 | rest=10227
[TEST] {17} tested=100/279 | kept=43 | rest=10000
[TEST] {2} tested=1800/4463 | kept=239 | rest=9879
[TEST] {17} tested=200/279 | kept=104 | rest=9850
[TEST] {3} tested=1100/4463 | kept=1 | rest=9765
[TEST] {3} tested=1200/4463 | kept=1 | rest=9575
[TEST] {2} tested=1900/4463 | kept=243 | rest=9541
[TEST] {2} tested=2000/4463 | kept=270 | rest=9389
[TEST] {15} tested=200/279 | kept=9 | rest=9387
[TEST] {2} tested=2100/4463 | kept=270 | rest=9199
[TEST] {17} tested=279/279 | kept=160 | rest=9198
[WARN] batch start failed | size=279 {16} | split=70 {30} + 70 {31} + 70 {32} + 69 {33}
[TEST] {15} tested=279/279 | kept=9 | rest=9168
[WARN] batch start failed | size=279 {20} | split=70 {34} + 70 {35} + 70 {36} + 69 {37}
[TEST] {18} tested=100/279 | kept=52 | rest=9003
[TEST] {3} tested=1300/4463 | kept=1 | rest=8974
[TEST] {2} tested=2200/4463 | kept=271 | rest=8774
[TEST] {18} tested=200/279 | kept=113 | rest=8672
[TEST] {19} tested=100/279 | kept=6 | rest=8662
[TEST] {3} tested=1400/4463 | kept=1 | rest=8575
[TEST] {19} tested=200/279 | kept=26 | rest=8480
[TEST] {2} tested=2300/4463 | kept=273 | rest=8343
[TEST] {2} tested=2400/4463 | kept=273 | rest=8232
[TEST] {18} tested=279/279 | kept=165 | rest=8087
[TEST] {3} tested=1500/4463 | kept=1 | rest=8007
[TEST] {2} tested=2500/4463 | kept=275 | rest=7993
[TEST] {19} tested=279/279 | kept=57 | rest=7961
[TEST] {21} tested=100/279 | kept=8 | rest=7838
[TEST] {22} tested=100/279 | kept=2 | rest=7539
[TEST] {2} tested=2600/4463 | kept=277 | rest=7504
[TEST] {3} tested=1600/4463 | kept=3 | rest=7406
[TEST] {2} tested=2700/4463 | kept=280 | rest=7308
[TEST] {21} tested=200/279 | kept=10 | rest=7216
[TEST] {3} tested=1700/4463 | kept=3 | rest=7114
[TEST] {22} tested=200/279 | kept=4 | rest=7052
[TEST] {3} tested=1800/4463 | kept=3 | rest=6960
[TEST] {22} tested=279/279 | kept=4 | rest=6854
[TEST] {23} tested=100/279 | kept=1 | rest=6713
[TEST] {2} tested=2800/4463 | kept=283 | rest=6702
[TEST] {3} tested=1900/4463 | kept=3 | rest=6466
[TEST] {21} tested=279/279 | kept=10 | rest=6388
[TEST] {2} tested=2900/4463 | kept=290 | rest=6349
[TEST] {3} tested=2000/4463 | kept=3 | rest=6345
[TEST] {3} tested=2100/4463 | kept=3 | rest=6225
[TEST] {25} tested=100/279 | kept=23 | rest=6071
[TEST] {25} tested=200/279 | kept=63 | rest=5965
[TEST] {2} tested=3000/4463 | kept=290 | rest=5826
[TEST] {23} tested=200/279 | kept=13 | rest=5804
[TEST] {2} tested=3100/4463 | kept=290 | rest=5630
[TEST] {23} tested=279/279 | kept=13 | rest=5618
[WARN] batch start failed | size=279 {24} | split=70 {38} + 70 {39} + 70 {40} + 69 {41}
[TEST] {2} tested=3200/4463 | kept=290 | rest=5520
[TEST] {3} tested=2200/4463 | kept=3 | rest=5430
[TEST] {28} tested=100/279 | kept=27 | rest=5385
[TEST] {28} tested=200/279 | kept=61 | rest=5246
[TEST] {25} tested=279/279 | kept=102 | rest=5081
[TEST] {3} tested=2300/4463 | kept=40 | rest=5078
[TEST] {3} tested=2400/4463 | kept=71 | rest=4969
[TEST] {2} tested=3300/4463 | kept=290 | rest=4891
[TEST] {3} tested=2500/4463 | kept=85 | rest=4749
[TEST] {26} tested=100/279 | kept=14 | rest=4707
[TEST] {3} tested=2600/4463 | kept=94 | rest=4553
[TEST] {26} tested=200/279 | kept=54 | rest=4522
[TEST] {28} tested=279/279 | kept=87 | rest=4304
[WARN] batch start failed | size=279 {27} | split=70 {42} + 70 {43} + 70 {44} + 69 {45}
[TEST] {2} tested=3400/4463 | kept=290 | rest=4292
[TEST] {29} tested=100/277 | kept=39 | rest=4093
[TEST] {2} tested=3500/4463 | kept=291 | rest=4074
[TEST] {3} tested=2700/4463 | kept=94 | rest=3912
[TEST] {29} tested=200/277 | kept=125 | rest=3910
[TEST] {3} tested=2800/4463 | kept=94 | rest=3760
[TEST] {2} tested=3600/4463 | kept=342 | rest=3672
[TEST] {26} tested=279/279 | kept=86 | rest=3639
[WARN] batch start failed | size=70 {30} | split=18 {46} + 18 {47} + 18 {48} + 16 {49}
[WARN] batch start failed | size=70 {31} | split=18 {50} + 18 {51} + 18 {52} + 16 {53}
[WARN] batch start failed | size=70 {32} | split=18 {54} + 18 {55} + 18 {56} + 16 {57}
[TEST] {29} tested=277/277 | kept=147 | rest=3427
[TEST] {3} tested=2900/4463 | kept=94 | rest=3354
[TEST] {2} tested=3700/4463 | kept=353 | rest=3267
[TEST] {3} tested=3000/4463 | kept=99 | rest=3216
[TEST] {33} tested=69/69 | kept=58 | rest=3118
[WARN] batch start failed | size=70 {35} | split=18 {58} + 18 {59} + 18 {60} + 16 {61}
[TEST] {2} tested=3800/4463 | kept=353 | rest=3005
[TEST] {34} tested=70/70 | kept=5 | rest=2922
[TEST] {3} tested=3100/4463 | kept=105 | rest=2919
[TEST] {36} tested=70/70 | kept=3 | rest=2711
[TEST] {2} tested=3900/4463 | kept=353 | rest=2669
[TEST] {3} tested=3200/4463 | kept=105 | rest=2611
[TEST] {37} tested=69/69 | kept=4 | rest=2545
[WARN] batch start failed | size=70 {39} | split=18 {62} + 18 {63} + 18 {64} + 16 {65}
[TEST] {3} tested=3300/4463 | kept=105 | rest=2429
[TEST] {2} tested=4000/4463 | kept=353 | rest=2342
[TEST] {38} tested=70/70 | kept=0 | rest=2240
[TEST] {3} tested=3400/4463 | kept=106 | rest=2137
[TEST] {2} tested=4100/4463 | kept=353 | rest=2025
[TEST] {3} tested=3500/4463 | kept=106 | rest=1987
[TEST] {40} tested=70/70 | kept=1 | rest=1936
[TEST] {41} tested=69/69 | kept=0 | rest=1728
[TEST] {3} tested=3600/4463 | kept=106 | rest=1724
[TEST] {2} tested=4200/4463 | kept=353 | rest=1610
[TEST] {3} tested=3700/4463 | kept=106 | rest=1511
[TEST] {42} tested=70/70 | kept=17 | rest=1430
[WARN] batch start failed | size=69 {45} | split=18 {66} + 18 {67} + 18 {68} + 15 {69}
[TEST] {3} tested=3800/4463 | kept=106 | rest=1311
[TEST] {2} tested=4300/4463 | kept=353 | rest=1250
[TEST] {43} tested=70/70 | kept=19 | rest=1243
[TEST] {3} tested=3900/4463 | kept=106 | rest=1113
[TEST] {44} tested=70/70 | kept=5 | rest=1004
[TEST] {2} tested=4400/4463 | kept=353 | rest=943
[TEST] {46} tested=18/18 | kept=1 | rest=904
[TEST] {3} tested=4000/4463 | kept=107 | rest=901
[WARN] batch start failed | size=18 {48} | split=5 {70} + 5 {71} + 5 {72} + 3 {73}
[TEST] {2} tested=4463/4463 | kept=353 | rest=748
[TEST] {47} tested=18/18 | kept=7 | rest=731
[TEST] {3} tested=4100/4463 | kept=107 | rest=727
[TEST] {49} tested=16/16 | kept=5 | rest=679
[TEST] {3} tested=4200/4463 | kept=108 | rest=600
[TEST] {52} tested=18/18 | kept=7 | rest=566
[WARN] batch start failed | size=16 {53} | split=4 {74} + 4 {75} + 4 {76} + 4 {77}
[TEST] {50} tested=18/18 | kept=0 | rest=544
[WARN] batch start failed | size=18 {54} | split=5 {78} + 5 {79} + 5 {80} + 3 {81}
[WARN] batch start failed | size=18 {55} | split=5 {82} + 5 {83} + 5 {84} + 3 {85}
[WARN] batch start failed | size=16 {57} | split=4 {86} + 4 {87} + 4 {88} + 4 {89}
[TEST] {3} tested=4300/4463 | kept=109 | rest=451
[TEST] {51} tested=18/18 | kept=4 | rest=448
[TEST] {3} tested=4400/4463 | kept=110 | rest=344
[TEST] {56} tested=18/18 | kept=0 | rest=327
[TEST] {58} tested=18/18 | kept=1 | rest=311
[WARN] batch start failed | size=16 {61} | split=4 {90} + 4 {91} + 4 {92} + 4 {93}
[TEST] {59} tested=18/18 | kept=0 | rest=266
[TEST] {3} tested=4463/4463 | kept=110 | rest=241
[TEST] {60} tested=18/18 | kept=0 | rest=227
[WARN] batch start failed | size=16 {65} | split=4 {94} + 4 {95} + 4 {96} + 4 {97}
[WARN] batch start failed | size=18 {66} | split=5 {98} + 5 {99} + 5 {100} + 3 {101}
[TEST] {63} tested=18/18 | kept=0 | rest=211
[TEST] {62} tested=18/18 | kept=0 | rest=192
[TEST] {64} tested=18/18 | kept=1 | rest=171
[TEST] {67} tested=18/18 | kept=2 | rest=153
[TEST] {68} tested=18/18 | kept=3 | rest=140
[WARN] batch start failed | size=5 {72} | split=1 {102} + 1 {103} + 1 {104} + 1 {105} + 1 {106}
[WARN] batch start failed | size=5 {71} | split=1 {107} + 1 {108} + 1 {109} + 1 {110} + 1 {111}
[WARN] batch start failed | size=4 {74} | split=1 {112} + 1 {113} + 1 {114} + 1 {115}
[WARN] batch start failed | size=4 {75} | split=1 {116} + 1 {117} + 1 {118} + 1 {119}
[TEST] {69} tested=15/15 | kept=4 | rest=128
[TEST] {73} tested=3/3 | kept=1 | rest=127
[WARN] batch start failed | size=5 {79} | split=1 {120} + 1 {121} + 1 {122} + 1 {123} + 1 {124}
[TEST] {70} tested=5/5 | kept=3 | rest=126
[TEST] {76} tested=4/4 | kept=0 | rest=124
[WARN] batch start failed | size=3 {81} | split=1 {125} + 1 {126} + 1 {127}
[WARN] batch start failed | size=5 {82} | split=1 {128} + 1 {129} + 1 {130} + 1 {131} + 1 {132}
[TEST] {77} tested=4/4 | kept=0 | rest=118
[TEST] {78} tested=5/5 | kept=0 | rest=111
[TEST] {80} tested=5/5 | kept=0 | rest=106
[WARN] batch start failed | size=4 {86} | split=1 {133} + 1 {134} + 1 {135} + 1 {136}
[WARN] batch start failed | size=4 {87} | split=1 {137} + 1 {138} + 1 {139} + 1 {140}
[TEST] {85} tested=3/3 | kept=0 | rest=103
[TEST] {89} tested=4/4 | kept=4 | rest=96
[TEST] {84} tested=5/5 | kept=0 | rest=91
[WARN] batch start failed | size=4 {91} | split=1 {141} + 1 {142} + 1 {143} + 1 {144}
[TEST] {83} tested=5/5 | kept=0 | rest=87
[TEST] {88} tested=4/4 | kept=2 | rest=85
[WARN] batch start failed | size=4 {95} | split=1 {145} + 1 {146} + 1 {147} + 1 {148}
[TEST] {90} tested=4/4 | kept=1 | rest=82
[TEST] {92} tested=4/4 | kept=0 | rest=76
[TEST] {93} tested=4/4 | kept=0 | rest=72
[TEST] {96} tested=4/4 | kept=0 | rest=67
[WARN] batch start failed | size=5 {98} | split=1 {149} + 1 {150} + 1 {151} + 1 {152} + 1 {153}
[TEST] {97} tested=4/4 | kept=0 | rest=66
[TEST] {94} tested=4/4 | kept=0 | rest=58
[REPAIR] name=[免费节点11] 🇩🇪 德国 10 {103} | fields=up,down
[TEST] {99} tested=5/5 | kept=4 | rest=57
[TEST] {103} tested=1/1 | kept=0 | rest=56
[TEST] {102} tested=1/1 | kept=0 | rest=55
[TEST] {100} tested=5/5 | kept=1 | rest=52
[TEST] {101} tested=3/3 | kept=0 | rest=50
[TEST] {105} tested=1/1 | kept=0 | rest=49
[TEST] {108} tested=1/1 | kept=1 | rest=48
[TEST] {109} tested=1/1 | kept=0 | rest=47
[REPAIR] name=[免费节点11] 🇩🇪 德国 04 {111} | fields=up,down
[TEST] {104} tested=1/1 | kept=0 | rest=46
[TEST] {111} tested=1/1 | kept=0 | rest=45
[TEST] {106} tested=1/1 | kept=0 | rest=44
[REPAIR] name=[ChromeGO-ShiteThings] hysteria {114} | fields=up,down
[REPAIR] name=[ChromeGO-ShiteThings] hysteria-2 {115} | fields=up,down
[TEST] {114} tested=1/1 | kept=0 | rest=43
[TEST] {113} tested=1/1 | kept=0 | rest=42
[TEST] {115} tested=1/1 | kept=0 | rest=41
[TEST] {107} tested=1/1 | kept=0 | rest=40
[TEST] {110} tested=1/1 | kept=0 | rest=39
[REPAIR] name=[ChromeGO-ShiteThings] hysteria-3 {116} | fields=up,down
[TEST] {112} tested=1/1 | kept=0 | rest=38
[REPAIR] name=[ChromeGO-Merge] WARP {120} | fields=dialer-proxy
[TEST] {122} tested=1/1 | kept=0 | rest=37
[TEST] {118} tested=1/1 | kept=0 | rest=36
[TEST] {120} tested=1/1 | kept=1 | rest=35
[TEST] {117} tested=1/1 | kept=0 | rest=34
[TEST] {119} tested=1/1 | kept=0 | rest=33
[TEST] {116} tested=1/1 | kept=0 | rest=32
[TEST] {121} tested=1/1 | kept=0 | rest=31
[TEST] {123} tested=1/1 | kept=0 | rest=30
[REPAIR] name=[ChromeGO-Merge] United {126} | fields=up,down
[REPAIR] name=[ChromeGO-Merge] France_hysteria_1 {127} | fields=up,down
[REPAIR] name=[ChromeGO-Merge] United-2 {128} | fields=up,down
[TEST] {129} tested=1/1 | kept=0 | rest=29
[TEST] {131} tested=1/1 | kept=0 | rest=28
[TEST] {132} tested=1/1 | kept=0 | rest=27
[TEST] {124} tested=1/1 | kept=0 | rest=26
[TEST] {130} tested=1/1 | kept=0 | rest=25
[REPAIR] name=[ChromeGO-Merge] Taiwan {135} | fields=up,down
[REPAIR] name=[ChromeGO-Merge] France {136} | fields=up,down
[TEST] {135} tested=1/1 | kept=0 | rest=24
[REPAIR] name=[ChromeGO-Merge] United-4 {137} | fields=up,down
[TEST] {140} tested=1/1 | kept=0 | rest=23
[REPAIR] name=[ChromeGO-Merge] Taiwan-2 {138} | fields=up,down
[REPAIR] name=[ChromeGO-Merge] United-5 {139} | fields=up,down
[TEST] {138} tested=1/1 | kept=0 | rest=22
[REPAIR] name=[Pawdroid-SS-APK] United+Kingdom-4 {141} | fields=cipher
[TEST] {125} tested=1/1 | kept=0 | rest=21
[TEST] {142} tested=1/1 | kept=0 | rest=20
[TEST] {126} tested=1/1 | kept=0 | rest=19
[TEST] {127} tested=1/1 | kept=0 | rest=18
[TEST] {128} tested=1/1 | kept=0 | rest=17
[TEST] {133} tested=1/1 | kept=0 | rest=16
[TEST] {134} tested=1/1 | kept=0 | rest=15
[REPAIR] name=[Epodonios] EPODONIOS-2279 {147} | fields=cipher
[REPAIR] name=[Epodonios] EPODONIOS-2278 {146} | fields=cipher
[TEST] {147} tested=1/1 | kept=0 | rest=14
[TEST] {148} tested=1/1 | kept=1 | rest=13
[TEST] {136} tested=1/1 | kept=0 | rest=12
[TEST] {137} tested=1/1 | kept=0 | rest=11
[TEST] {150} tested=1/1 | kept=1 | rest=10
[TEST] {141} tested=1/1 | kept=1 | rest=9
[TEST] {139} tested=1/1 | kept=0 | rest=8
[TEST] {144} tested=1/1 | kept=0 | rest=7
[TEST] {143} tested=1/1 | kept=0 | rest=6
[REPAIR] name=[Free-clash-v2ray] hysteria {152} | fields=up,down
[TEST] {152} tested=1/1 | kept=0 | rest=5
[TEST] {145} tested=1/1 | kept=0 | rest=4
[TEST] {146} tested=1/1 | kept=0 | rest=3
[TEST] {149} tested=1/1 | kept=0 | rest=2
[TEST] {151} tested=1/1 | kept=0 | rest=1
[TEST] {153} tested=1/1 | kept=0 | rest=0
============================================================
[INFO] cap live | source=[免费节点2] | from=127 | to=50
[INFO] cap live | source=[免费节点6] | from=51 | to=50
[INFO] cap live | source=[免费节点8] | from=155 | to=50
[INFO] cap live | source=[Pawdroid-SR-APK] | from=447 | to=50
[INFO] cap live | source=[Epodonios] | from=51 | to=50
[INFO] cap live | source=[Free-clash-v2ray] | from=629 | to=50
[INFO] cap live | source=[V2rayclashfree-RSS] | from=229 | to=50
[INFO] cap live total | from=577 | to=400 | floor=5 | by=health_score
[INFO] cap live | reserved=120 | pool=457 | taken=280
[INFO] cap live | source=[Pawdroid] | from=11 | to=5
[INFO] cap live | source=[Freesocks] | from=6 | to=5
[INFO] cap live | source=[Mibei77-RSS] | from=14 | to=5
[INFO] cap live | source=[Yoyapai-RSS] | from=7 | to=5
[INFO] cap live | source=[免费节点1] | from=13 | to=5
[INFO] cap live | source=[免费节点2] | from=50 | to=30
[INFO] cap live | source=[免费节点3] | from=7 | to=5
[INFO] cap live | source=[免费节点4] | from=36 | to=5
[INFO] cap live | source=[免费节点6] | from=50 | to=36
[INFO] cap live | source=[免费节点10] | from=16 | to=5
[INFO] cap live | source=[免费节点11] | from=27 | to=13
[INFO] cap live | source=[ChromeGO-ShiteThings] | from=7 | to=5
[INFO] cap live | source=[Pawdroid-SS-APK] | from=37 | to=23
[INFO] cap live | source=[1VPN-CRX] | from=11 | to=5
[INFO] cap live | source=[Clashfree] | from=10 | to=5
[INFO] cap live | source=[Epodonios] | from=50 | to=18
[INFO] geo tally | live=400 | HK=39 | JP=44 | KR=41 | TW=11 | SG=20 | US=82 | GB=2 | FR=61 | DE=5 | NL=8 | CA=10 | other=77
[INFO] score summary | n=400 | max=166.7686 | p90=106.2604 | p50=54.3850 | avg=60.4875 | min=-0.9495 | geo_avg=25.8087 | adj_avg=+3.1974
============================================================
+------------------------------+--------+--------+------+--------+
| source                       |    raw | unique | live | capped |
+------------------------------+--------+--------+------+--------+
| [大FQ运动]                   |     18 |     18 |    4 |      4 |
+------------------------------+--------+--------+------+--------+
| [Pawdroid]                   |     30 |     29 |   11 |      5 |
+------------------------------+--------+--------+------+--------+
| [FreeV2-Base64]              |      2 |      2 |    2 |      2 |
+------------------------------+--------+--------+------+--------+
| [Bocchi2b-Base64]            |     35 |     35 |    0 |      0 |
+------------------------------+--------+--------+------+--------+
| [Freesocks]                  |      6 |      6 |    6 |      5 |
+------------------------------+--------+--------+------+--------+
| [NekoWarp]                   |     10 |     10 |   10 |     10 |
+------------------------------+--------+--------+------+--------+
| [OpenRunner-RSS]             |     14 |     14 |    1 |      1 |
+------------------------------+--------+--------+------+--------+
| [V2Rayshare-RSS]             |     22 |     22 |    1 |      1 |
+------------------------------+--------+--------+------+--------+
| [Mibei77-RSS]                |     84 |     81 |   14 |      5 |
+------------------------------+--------+--------+------+--------+
| [Yoyapai-RSS]                |    258 |    248 |    7 |      5 |
+------------------------------+--------+--------+------+--------+
| [免费节点1]                  |    109 |     88 |   13 |      5 |
+------------------------------+--------+--------+------+--------+
| [免费节点2]                  |    607 |    547 |  127 |     30 |
+------------------------------+--------+--------+------+--------+
| [免费节点3]                  |     34 |     11 |    7 |      5 |
+------------------------------+--------+--------+------+--------+
| [免费节点4]                  |    843 |    771 |   36 |      5 |
+------------------------------+--------+--------+------+--------+
| [免费节点5]                  |     29 |     28 |    0 |      0 |
+------------------------------+--------+--------+------+--------+
| [免费节点6]                  |   1755 |   1587 |   51 |     36 |
+------------------------------+--------+--------+------+--------+
| [免费节点7]                  |     64 |     31 |    2 |      2 |
+------------------------------+--------+--------+------+--------+
| [免费节点8]                  |   4271 |   3350 |  155 |     50 |
+------------------------------+--------+--------+------+--------+
| [免费节点9]                  |    615 |    458 |    0 |      0 |
+------------------------------+--------+--------+------+--------+
| [免费节点10]                 |   5623 |   3089 |   16 |      5 |
+------------------------------+--------+--------+------+--------+
| [免费节点11]                 |    393 |    262 |   27 |     13 |
+------------------------------+--------+--------+------+--------+
| [ChromeGO-Toolkit]           |     20 |     19 |    4 |      4 |
+------------------------------+--------+--------+------+--------+
| [ChromeGO-ShiteThings]       |     31 |     23 |    7 |      5 |
+------------------------------+--------+--------+------+--------+
| [ChromeGO-Merge]             |    180 |     74 |    1 |      1 |
+------------------------------+--------+--------+------+--------+
| [Pawdroid-SR-APK]            |   1363 |    923 |  447 |     50 |
+------------------------------+--------+--------+------+--------+
| [Pawdroid-SS-APK]            |   1514 |    888 |   37 |     23 |
+------------------------------+--------+--------+------+--------+
| [1VPN-CRX]                   |     17 |     17 |   11 |      5 |
+------------------------------+--------+--------+------+--------+
| [Clashfree]                  |    305 |    122 |   10 |      5 |
+------------------------------+--------+--------+------+--------+
| [Epodonios]                  |   4369 |   2651 |   51 |     18 |
+------------------------------+--------+--------+------+--------+
| [Free-clash-v2ray]           |   3521 |   1973 |  629 |     50 |
+------------------------------+--------+--------+------+--------+
| [V2rayclashfree-RSS]         |   3406 |    474 |  229 |     50 |
+------------------------------+--------+--------+------+--------+
============================================================
[INFO] clash history written | path=/home/runner/work/Free-node-autotest/Free-node-autotest/history/797389988994-clash-1005-20261001.yaml
[SUMMARY] total_nodes=29548
[SUMMARY] legal_candidates=17851
[SUMMARY] passed_latency_test=400
[SUMMARY] region_HK=39 | region_JP=44 | region_US=94
[SUMMARY] avg_latency_ms=385.79
[SUMMARY] output=/home/runner/work/Free-node-autotest/Free-node-autotest/output/clash.yaml
============================================================
[INFO] raw backup written | path=/home/runner/work/Free-node-autotest/Free-node-autotest/output/raw.yaml | history=797389988994-raw-1005-20261001.yaml | proxies=29550
[INFO] debug history written | path=/home/runner/work/Free-node-autotest/Free-node-autotest/history/797389988994-debug-1005-20261001.log | proxies=29550
