============================================================
[INFO] sublink try page: https://end-gfw.com
[OK] proxies=2 new=2 url=https://raw.githubusercontent.com/hello-world-1989/cn-news/refs/heads/main/clash.yaml
[OK] proxies=2 new=0 url=https://raw.githubusercontent.com/hello-world-1989/cn-news/main/end-gfw-together
[OK] proxies=2 new=2 url=https://raw.githubusercontent.com/hello-world-1989/cn-news/main/end-gfw-together-ss
[INFO] source try url: https://end-gfw.com/ss-key
[OK] proxies=4 new=4 url=https://end-gfw.com/ss-key
[INFO] sublink try repo: https://github.com/hello-world-1989/cn-news
[INFO] sublink try page: https://raw.githubusercontent.com/hello-world-1989/cn-news/main/README.md
[OK] proxies=6 new=6 url=https://raw.githubusercontent.com/hello-world-1989/v2-sub/main/end-gfw-together-af3e13
[OK] proxies=14 source=[大FQ运动] url=https://raw.githubusercontent.com/hello-world-1989/cn-news/main/README.md
============================================================
[INFO] sublink try repo: https://github.com/Pawdroid/Free-servers
[INFO] sublink try page: https://raw.githubusercontent.com/Pawdroid/Free-servers/main/README.md
[OK] proxies=20 new=20 url=https://raw.githubusercontent.com/Pawdroid/Free-servers/main/README.md
[OK] proxies=20 new=18 url=https://raw.githubusercontent.com/Pawdroid/Free-servers/main/sub
[OK] proxies=1 new=1 url=https://apps.apple.com/cn/app/shadowshare/id1612647259
[OK] proxies=39 source=[Pawdroid] url=https://raw.githubusercontent.com/Pawdroid/Free-servers/main/README.md
============================================================
[INFO] source try url: https://xmxosfepggzm.503403.xyz
[OK] proxies=3 new=3 url=https://xmxosfepggzm.503403.xyz
[OK] proxies=3 source=[FreeV2-Base64] url=https://xmxosfepggzm.503403.xyz
============================================================
[INFO] source try url: https://links.bocchi2b.top/clash
[OK] proxies=35 new=35 url=https://links.bocchi2b.top/clash
[OK] proxies=35 source=[Bocchi2b-Base64] url=https://links.bocchi2b.top/clash
============================================================
[INFO] toolkit try repo: https://github.com/bannedbook/fanqiang
[INFO] toolkit try release: https://github.com/bannedbook/fanqiang/releases
[INFO] toolkit try release: https://github.com/bannedbook/fanqiang/releases/expanded_assets/ChromeGo-latest
[INFO] toolkit try download: https://github.com/bannedbook/fanqiang/releases/download/ChromeGo-latest/ChromeGo.7z
[OK] toolkit downloaded: ChromeGo.7z bytes=100924352
[OK] toolkit extracted archive=ChromeGo.7z tool=7z files=222 dirs=45
[OK] toolkit discovered subs=107 embedded=12 archive=ChromeGo.7z
[OK] proxies=6 new=6 embedded=archive-config
[OK] proxies=7 new=5 url=https://gitlab.com/free9999/ipupdate/master/backup/img/1/2/{ipp|ip}/{hysteria2|singbox|naiveproxy|hysteria|xray}/{2|3|1|4}/config.json
[OK] proxies=7 new=0 url=https://www.67867867.xyz/Alvin9999/PAC/refs/heads/master/backup/img/1/2/{ipp|ip}/{hysteria2|singbox|naiveproxy|hysteria|xray}/{2|3|1|4}/config.json
[OK] proxies=3 new=3 url=https://gitlab.com/free9999/ipupdate/master/backup/img/1/2/{ipp|ip}/clash.meta2/{2|3|1|5|4|6}/config.yaml
[OK] proxies=3 new=0 url=https://www.67867867.xyz/Alvin9999/PAC/refs/heads/master/backup/img/1/2/{ipp|ip}/clash.meta2/{2|3|1|5|4|6}/config.yaml
[OK] proxies=14 source=[ChromeGO-Toolkit] url=https://github.com/bannedbook/fanqiang/releases/download/ChromeGo-latest/ChromeGo.7z
============================================================
[INFO] sublink try repo: https://github.com/ShiteThings/extractNodes
[INFO] sublink try page: https://raw.githubusercontent.com/ShiteThings/extractNodes/main/README.md
[OK] proxies=31 new=30 url=https://{chg26.makou.cc.cd|chg64.makou.cc.cd}
[OK] proxies=26 new=1 url=https://chg26.makou.cc.cd/sb
[OK] proxies=31 source=[ChromeGO-ShiteThings] url=https://raw.githubusercontent.com/ShiteThings/extractNodes/main/README.md
============================================================
[INFO] sublink try repo: https://github.com/shangui999/chromego_merge
[INFO] sublink try page: https://raw.githubusercontent.com/shangui999/chromego_merge/master/ReadMe.md
[OK] proxies=10 new=10 url=https://freedman.netlify.app/sub/merged_proxies_new.yaml
[OK] proxies=11 new=1 url=https://freedman.netlify.app/sub/merged_warp_proxies_new.yaml
[OK] proxies=11 new=6 url=https://freedman.netlify.app/sub/shadowrocket_base64.txt
[OK] proxies=16 new=16 url=https://freedman.netlify.app/sub/sb.json
[INFO] sublink try repo: https://github.com/yaney01/chromego
[INFO] sublink try page: https://raw.githubusercontent.com/yaney01/chromego/main/ReadMe.md
[OK] proxies=50 new=46 url=https://raw.githubusercontent.com/yaney01/chromego/main/sub/merged_proxies_new.yaml
[OK] proxies=51 new=0 url=https://raw.githubusercontent.com/yaney01/chromego/main/sub/merged_warp_proxies_new.yaml
[OK] proxies=13 new=7 url=https://raw.githubusercontent.com/yaney01/chromego/main/sub/shadowrocket_base64.txt
[OK] proxies=13 new=0 url=https://raw.githubusercontent.com/yaney01/chromego/main/sub/sb.json
[INFO] sublink try repo: https://github.com/Misaka-blog/chromego_merge
[INFO] sublink try page: https://raw.githubusercontent.com/Misaka-blog/chromego_merge/main/README.md
[OK] proxies=25 new=25 url=https://chromego-sub.netlify.app/sub/merged_proxies_new.yaml
[OK] proxies=111 source=[ChromeGO-Merge] url=https://raw.githubusercontent.com/Misaka-blog/chromego_merge/main/README.md
============================================================
[INFO] source try url: https://freesocks.org/api/v1/sub/02b897e8e77f19176b0b9f2c75864b00
[OK] proxies=3 new=3 url=https://freesocks.org/api/v1/sub/02b897e8e77f19176b0b9f2c75864b00
[OK] proxies=3 source=[Freesocks] url=https://freesocks.org/api/v1/sub/02b897e8e77f19176b0b9f2c75864b00
============================================================
[INFO] source try url: https://neko-warp.nloli.xyz/neko_warp.yaml
[OK] proxies=10 new=10 url=https://neko-warp.nloli.xyz/neko_warp.yaml
[OK] proxies=10 source=[NekoWarp] url=https://neko-warp.nloli.xyz/neko_warp.yaml
============================================================
[INFO] article try feed: https://free.datiya.com/index.xml
[INFO] sublink try page: https://free.datiya.com/post/20260916/
[OK] proxies=14 new=14 url=https://free.datiya.com/uploads/20260916-clash.yaml
[OK] proxies=14 source=[OpenRunner-RSS] url=https://free.datiya.com/post/20260916/
============================================================
[INFO] article try feed: https://v2rayshare.com/feed
[INFO] sublink try page: https://v2rayshare.net/p/5064.html
[OK] proxies=27 new=27 url=https://static.v2rayshare.net/2026/09/20260916.txt
[OK] proxies=27 new=0 url=https://static.v2rayshare.net/2026/09/20260916.yaml
[OK] proxies=27 new=0 url=https://static.v2rayshare.net/2026/09/m20260916.yaml
[INFO] sublink try repo: https://github.com/firefoxmmx2/v2rayshare_subcription
[INFO] sublink try page: https://raw.githubusercontent.com/firefoxmmx2/v2rayshare_subcription/main/README.md
[OK] proxies=27 new=0 url=https://{raw.githubusercontent.com|cdn.jsdelivr.net}/firefoxmmx2/v2rayshare_subcription/main/subscription/vray_sub.txt
[OK] proxies=27 new=0 url=https://{raw.githubusercontent.com|cdn.jsdelivr.net}/firefoxmmx2/v2rayshare_subcription/main/subscription/clash_sub.yaml
[OK] proxies=27 new=0 url=https://{raw.githubusercontent.com|cdn.jsdelivr.net}/firefoxmmx2/v2rayshare_subcription/main/subscription/mihomo_sub.yaml
[OK] proxies=27 source=[V2Rayshare-RSS] url=https://raw.githubusercontent.com/firefoxmmx2/v2rayshare_subcription/main/README.md
============================================================
[INFO] article try feed: https://www.mibei77.com/feed
[INFO] sublink try page: https://www.mibei77.com/674.html
[OK] proxies=108 new=108 url=https://mm.mibei77.com/202609/09.1664bacvt.txt
[OK] proxies=106 new=0 url=https://mm.mibei77.com/202609/0916Clashikl.yaml
[OK] proxies=108 source=[Mibei77-RSS] url=https://www.mibei77.com/674.html
============================================================
[INFO] article try feed: https://yoyapai.com/feed
[INFO] sublink try page: https://yoyapai.com/721
[OK] proxies=1 new=1 url=https://yoyapai.com/721
[OK] proxies=212 new=212 url=https://freenode.yoyapai.com/2026/09/16-yoyapai.com-clash-vpn-mianfeijiedian.yaml
[OK] proxies=212 new=0 url=https://freenode.yoyapai.com/2026/09/16-yoyapai.com-ssrv2ray-vpn-mianfeijiedian.txt
[OK] proxies=213 source=[Yoyapai-RSS] url=https://yoyapai.com/721
============================================================
[INFO] sublink try repo: https://github.com/free18/v2ray
[INFO] sublink try page: https://raw.githubusercontent.com/free18/v2ray/main/README.md
[OK] proxies=3 new=3 url=https://raw.githubusercontent.com/free18/v2ray/main/README.md
[OK] proxies=122 new=122 url=https://ghfast.top/https://raw.githubusercontent.com/free18/v2ray/refs/heads/main/v.txt
[OK] proxies=122 new=0 url=https://ghfast.top/https://raw.githubusercontent.com/free18/v2ray/refs/heads/main/c.yaml
[OK] proxies=125 source=[免费节点1] url=https://raw.githubusercontent.com/free18/v2ray/main/README.md
============================================================
[INFO] sublink try repo: https://github.com/ermaozi/get_subscribe
[INFO] sublink try page: https://raw.githubusercontent.com/ermaozi/get_subscribe/main/README.md
[INFO] sublink file_nodes=0 bare links=9
[OK] proxies=426 new=426 url=https://www.ermao.net/sub/{clash|v2ray}/ermao.net
[OK] proxies=426 new=0 url=https://www.ermao.net/sub/{reachable|unreachable|untested}/clash/ermao.net
[OK] proxies=426 source=[免费节点2] url=https://raw.githubusercontent.com/ermaozi/get_subscribe/main/README.md
============================================================
[INFO] sublink try repo: https://github.com/sunmiao4458/free-proxy-airport
[INFO] sublink try page: https://raw.githubusercontent.com/sunmiao4458/free-proxy-airport/main/README.md
[OK] proxies=27 new=27 url=https://sunmiao4458.github.io/free-proxy-airport/clash.yaml
[OK] proxies=27 source=[免费节点3] url=https://raw.githubusercontent.com/sunmiao4458/free-proxy-airport/main/README.md
============================================================
[INFO] sublink try repo: https://github.com/mfuu/FreeProxies
[INFO] sublink try page: https://raw.githubusercontent.com/mfuu/FreeProxies/master/README.md
[OK] proxies=837 new=837 url=https://raw.githubusercontent.com/mfuu/FreeProxies/master/sub.yaml
[OK] proxies=837 source=[免费节点4] url=https://raw.githubusercontent.com/mfuu/FreeProxies/master/README.md
============================================================
[INFO] sublink try repo: https://github.com/vxiaov/free_proxies
[INFO] sublink try page: https://raw.githubusercontent.com/vxiaov/free_proxies/main/README.md
[OK] proxies=1 new=1 url=https://raw.githubusercontent.com/vxiaov/free_proxies/main/README.md
[OK] proxies=28 new=28 url=https://{cdn.jsdelivr.net|raw.githubusercontent.com}/vxiaov/free_proxies/main/clash/clash.provider.yaml
[OK] proxies=29 source=[免费节点5] url=https://raw.githubusercontent.com/vxiaov/free_proxies/main/README.md
============================================================
[INFO] sublink try repo: https://github.com/anaer/Sub
[INFO] sublink try page: https://raw.githubusercontent.com/anaer/Sub/main/README.MD
[OK] proxies=1103 new=1103 url=https://anaer.github.io/Sub/clash.yaml
[OK] proxies=1103 new=0 url=https://raw.githubusercontent.com/anaer/Sub/main/clash.yaml
[OK] proxies=1103 source=[免费节点6] url=https://raw.githubusercontent.com/anaer/Sub/main/README.MD
============================================================
[INFO] sublink try repo: https://github.com/snakem982/proxypool
[INFO] sublink try page: https://raw.githubusercontent.com/snakem982/proxypool/main/README.md
[OK] proxies=64 new=64 url=https://raw.githubusercontent.com/snakem982/proxypool/main/source/clash-meta-2.yaml
[OK] proxies=63 new=0 url=https://raw.githubusercontent.com/snakem982/proxypool/main/source/v2ray-2.txt
[OK] proxies=61 new=0 url=https://raw.githubusercontent.com/snakem982/proxypool/main/source/sing-box-2.json
[OK] proxies=64 source=[免费节点7] url=https://raw.githubusercontent.com/snakem982/proxypool/main/README.md
============================================================
[INFO] sublink try repo: https://github.com/mahdibland/V2RayAggregator
[INFO] sublink try page: https://raw.githubusercontent.com/mahdibland/V2RayAggregator/master/README.md
[OK] proxies=373 new=373 url=https://raw.githubusercontent.com/mahdibland/V2RayAggregator/master/README.md
[OK] proxies=1 new=1 url=https://github.com/mahdibland/SSAggregator/actions/workflows/Collector.yml
[OK] proxies=1 new=0 url=https://github.com/mahdibland/SSAggregator/actions/workflows/Airport_Collector.yml
[OK] proxies=191 new=0 url=https://raw.githubusercontent.com/mahdibland/ShadowsocksAggregator/master/Eternity.txt
[OK] proxies=192 new=1 url=https://raw.githubusercontent.com/mahdibland/ShadowsocksAggregator/master/Eternity.yml
[OK] proxies=61 new=61 url=https://raw.githubusercontent.com/mahdibland/ShadowsocksAggregator/master/EternityAir.txt
[OK] proxies=3824 new=3545 url=https://raw.githubusercontent.com/mahdibland/SSAggregator/master/sub/sub_merge_base64.txt
[OK] proxies=3824 new=0 url=https://raw.githubusercontent.com/mahdibland/{SSAggregator|ShadowsocksAggregator}/master/sub/sub_merge.txt
[OK] proxies=4012 new=236 url=https://raw.githubusercontent.com/mahdibland/SSAggregator/master/sub/sub_merge_yaml.yml
[OK] proxies=61 new=0 url=https://raw.githubusercontent.com/mahdibland/SSAggregator/master/sub/airport_merge_base64.txt
[OK] proxies=61 new=0 url=https://raw.githubusercontent.com/mahdibland/SSAggregator/master/sub/airport_sub_merge.txt
[OK] proxies=1368 new=0 url=https://raw.githubusercontent.com/mahdibland/ShadowsocksAggregator/master/sub/splitted/vmess.txt
[OK] proxies=599 new=0 url=https://raw.githubusercontent.com/mahdibland/ShadowsocksAggregator/master/sub/splitted/trojan.txt
[OK] proxies=43 new=0 url=https://raw.githubusercontent.com/mahdibland/ShadowsocksAggregator/master/sub/splitted/ssr.txt
[OK] proxies=1814 new=0 url=https://raw.githubusercontent.com/mahdibland/ShadowsocksAggregator/master/sub/splitted/ss.txt
[OK] proxies=1 new=0 url=https://cdn.jsdelivr.net/gh/mahdibland/V2RayAggregator@master/update/provider/provider-meta.yml
[OK] proxies=1 new=0 url=https://cdn.jsdelivr.net/gh/mahdibland/V2RayAggregator@master/update/provider/provider-meta-cn.yml
[OK] proxies=1 new=0 url=https://cdn.jsdelivr.net/gh/mahdibland/V2RayAggregator@master/update/provider/provider-meta-others.yml
[OK] proxies=1 new=0 url=https://cdn.jsdelivr.net/gh/mahdibland/V2RayAggregator@master/update/provider/provider.yml
[OK] proxies=1 new=0 url=https://cdn.jsdelivr.net/gh/mahdibland/V2RayAggregator@master/update/provider/provider-cn.yml
[OK] proxies=1 new=0 url=https://cdn.jsdelivr.net/gh/mahdibland/V2RayAggregator@master/update/provider/provider-others.yml
[OK] proxies=4217 source=[免费节点8] url=https://raw.githubusercontent.com/mahdibland/V2RayAggregator/master/README.md
============================================================
[INFO] sublink try repo: https://github.com/w1770946466/Auto_proxy
[INFO] sublink try page: https://raw.githubusercontent.com/w1770946466/Auto_proxy/main/README.md
[OK] proxies=1 new=1 url=https://github.com/w1770946466/Auto_proxy/actions/workflows/main.yml
[OK] proxies=245 new=245 url=https://raw.githubusercontent.com/w1770946466/Auto_proxy/main/{Long_term_subscription2.yaml|Long_term_subscription1.yaml|Long_term_subscription3.yaml}
[OK] proxies=489 new=54 url=https://raw.githubusercontent.com/w1770946466/Auto_proxy/main/{Long_term_subscription1|Long_term_subscription2|Long_term_subscription3|Long_term_subscription4|Long_term_subscription5|Long_term_subscription6|Long_term_subscription7|Long_term_subscription8}
[OK] proxies=489 new=315 url=https://raw.githubusercontent.com/w1770946466/Auto_proxy/main/Long_term_subscription_num
[OK] proxies=615 source=[免费节点9] url=https://raw.githubusercontent.com/w1770946466/Auto_proxy/main/README.md
============================================================
[INFO] sublink try repo: https://github.com/PuddinCat/BestClash
[INFO] sublink try page: https://raw.githubusercontent.com/PuddinCat/BestClash/main/README.md
[OK] proxies=16 new=16 url=https://raw.githubusercontent.com/PuddinCat/BestClash/main/proxies.yaml
[OK] proxies=28 new=28 url=https://cdn.jsdelivr.net/gh/vxiaov/free_proxies@main/clash/clash.provider.yaml
[OK] proxies=24 new=24 url=https://freenode.openrunner.net/uploads/20240807-clash.yaml
[OK] proxies=25 new=25 url=https://raw.githubusercontent.com/Misaka-blog/chromego_merge/main/sub/merged_proxies_new.yaml
[OK] proxies=4241 new=4229 url=https://raw.githubusercontent.com/{NiceVPN123|anaer}/{NiceVPN|Sub}/main/{Clash.yaml|clash.yaml}
[OK] proxies=39 new=14 url=https://raw.githubusercontent.com/{chengaopan|peasoft}/{AutoMergePublicNodes|NoMoreWalls}/master/list.yml
[OK] proxies=426 new=394 url=https://raw.githubusercontent.com/{ermaozi|ermaozi01}/{get_subscribe|free_clash_vpn}/main/subscribe/clash.yml
[OK] proxies=192 new=180 url=https://raw.githubusercontent.com/mahdibland/ShadowsocksAggregator/master/Eternity.yml
[OK] proxies=165 new=160 url=https://raw.githubusercontent.com/ronghuaxueleng/get_v2/main/pub/combine.yaml
[OK] proxies=144 new=3 url=https://raw.githubusercontent.com/zhangkaiitugithub/passcro/main/speednodes.yaml
[OK] proxies=5073 source=[免费节点10] url=https://raw.githubusercontent.com/PuddinCat/BestClash/main/README.md
============================================================
[INFO] sublink try repo: https://github.com/kooker/FreeSubsCheck
[INFO] sublink try page: https://raw.githubusercontent.com/kooker/FreeSubsCheck/main/README.md
[OK] proxies=28 new=28 url=https://raw.githubusercontent.com/kooker/FreeSubsCheck/main/mihomo.yaml
[OK] proxies=28 new=0 url=https://raw.githubusercontent.com/kooker/FreeSubsCheck/main/all.yaml
[OK] proxies=12 new=1 url=https://raw.githubusercontent.com/kooker/FreeSubsCheck/main/base64.txt
[OK] proxies=6 new=1 url=https://raw.githubusercontent.com/kooker/FreeSubsCheck/main/byxiaoxi.txt
[OK] proxies=438 new=433 url=https://raw.githubusercontent.com/kooker/FreeSubsCheck/main/kooker.jp.txt
[OK] proxies=463 source=[免费节点11] url=https://raw.githubusercontent.com/kooker/FreeSubsCheck/main/README.md
============================================================
[INFO] toolkit try repo: https://github.com/Pawdroid/shadowrocket_for_android
[INFO] toolkit try release: https://github.com/Pawdroid/shadowrocket_for_android/releases
[INFO] toolkit try release: https://github.com/Pawdroid/shadowrocket_for_android/releases/expanded_assets/10.10.51
[INFO] toolkit try download: https://github.com/Pawdroid/shadowrocket_for_android/releases/download/10.10.51/Shadowrocket_10.10.51_shadowrocketStandard_arm64-v8a.apk
[OK] toolkit downloaded: Shadowrocket_10.10.51_shadowrocketStandard_arm64-v8a.apk bytes=41111539
[OK] toolkit extracted archive=Shadowrocket_10.10.51_shadowrocketStandard_arm64-v8a.apk tool=zipfile files=1175 dirs=44
[OK] toolkit sr-apk scanned prefixes=36 files=6 keys=2 archive=Shadowrocket_10.10.51_shadowrocketStandard_arm64-v8a.apk
[OK] proxies=666 new=566 url=https://{cdn.jsdelivr.net|raw.githubusercontent.com}/pixelor/ecfg/main/data/ecfg6_en
[OK] proxies=470 new=100 url=https://{raw.githubusercontent.com|cdn.jsdelivr.net}/pixelor/ecfg/main/data/ecfg6_zh
[OK] proxies=130 new=40 url=https://{raw.githubusercontent.com|cdn.jsdelivr.net}/pixelor/ecfg/main/data/ecfg6
[OK] proxies=470 new=0 url=https://{files.shadowrockets.app|cdn.shadowrockets.app}/ecfg/data/ecfg6_zh
[OK] proxies=130 new=0 url=https://{files.shadowrockets.app|cdn.shadowrockets.app}/ecfg/data/ecfg6
[OK] proxies=470 new=0 url=https://{files.shadowrockets.app|cdn.shadowrockets.app}/ecfg/data/ecfg6_en
[OK] proxies=706 source=[Pawdroid-sr-apk] url=https://github.com/Pawdroid/shadowrocket_for_android/releases/download/10.10.51/Shadowrocket_10.10.51_shadowrocketStandard_arm64-v8a.apk
============================================================
[INFO] toolkit try page: https://shadowshare.v2cross.com
[INFO] toolkit try download: https://shadowshare.v2cross.com/shadowshare.apk
[OK] toolkit downloaded: shadowshare.apk bytes=62868122
[OK] toolkit extracted archive=shadowshare.apk tool=zipfile files=612 dirs=39
[OK] toolkit ss-apk scanned prefixes=10 files=3 keys=1 archive=shadowshare.apk
[OK] proxies=171 new=171 url=https://{raw.githubusercontent.com|jsd.onmicrosoft.cn}/hideme9527/ecsfg/main/data/sareserver
[OK] proxies=1386 new=1283 url=https://{raw.githubusercontent.com|jsd.onmicrosoft.cn}/hideme9527/ecsfg/main/data/sareserver_en
[OK] proxies=171 new=0 url=https://{shadowsharing.com|sare.159236.xyz}/data/sareserver
[OK] proxies=1386 new=0 url=https://{shadowsharing.com|sare.159236.xyz}/data/sareserver_en
[OK] proxies=171 new=0 url=https://gitee.com/api/v5/repos/{zhiminghao|elvenapp|guoyoucai1}/ecsfg/raw/data/sareserver
[OK] proxies=1386 new=0 url=https://gitee.com/api/v5/repos/{elvenapp|zhiminghao|guoyoucai1}/ecsfg/raw/data/sareserver_en
[OK] proxies=1454 source=[Pawdroid-ss-apk] url=https://shadowshare.v2cross.com/shadowshare.apk
============================================================
[INFO] sublink try repo: https://github.com/free-nodes/clashfree
[INFO] sublink try page: https://raw.githubusercontent.com/free-nodes/clashfree/main/README.md
[OK] proxies=1379 new=1379 url=https://raw.githubusercontent.com/free-nodes/clashfree/main/README.md
[OK] proxies=1379 new=0 url=https://raw.githubusercontent.com/free-nodes/clashfree/main/clash20260916.yml
[OK] proxies=1 new=1 url=https://github.com/free-nodes/clashfree/blob/main/clash20260916.yml
[OK] proxies=1380 source=[Clashfree] url=https://raw.githubusercontent.com/free-nodes/clashfree/main/README.md
============================================================
[INFO] sublink try repo: https://github.com/Epodonios/v2ray-configs
[INFO] sublink try page: https://raw.githubusercontent.com/Epodonios/v2ray-configs/main/README.md
[OK] proxies=1 new=1 url=https://github.com/Epodonios/V2ray-Configs/actions/workflows/main.yml
[OK] proxies=4141 new=4141 url=https://github.com/Epodonios/v2ray-configs/raw/main/All_Configs_Sub.txt
[OK] proxies=4141 new=0 url=https://github.com/Epodonios/v2ray-configs/raw/main/All_Configs_base64_Sub.txt
[OK] proxies=3314 new=42 url=https://github.com/Epodonios/v2ray-configs/raw/main/Splitted-By-Protocol/vless.txt
[OK] proxies=159 new=7 url=https://github.com/Epodonios/v2ray-configs/raw/main/Splitted-By-Protocol/vmess.txt
[OK] proxies=435 new=48 url=https://github.com/Epodonios/v2ray-configs/raw/main/Splitted-By-Protocol/ss.txt
[OK] proxies=152 new=4 url=https://github.com/Epodonios/v2ray-configs/raw/main/Splitted-By-Protocol/trojan.txt
[OK] proxies=4141 new=0 url=https://raw.githubusercontent.com/Epodonios/v2ray-configs/main/{Sub1.txt|Sub2.txt|Sub3.txt|Sub4.txt|Sub5.txt|Sub6.txt|Sub7.txt|Sub8.txt|Sub9.txt}
[OK] proxies=4243 source=[Epodonios] url=https://raw.githubusercontent.com/Epodonios/v2ray-configs/main/README.md
============================================================
[INFO] sublink try repo: https://github.com/free-clash-v2ray/free-clash-v2ray.github.io
[INFO] sublink try page: https://raw.githubusercontent.com/free-clash-v2ray/free-clash-v2ray.github.io/main/README.md
[OK] proxies=2890 new=2890 url=https://free-clash-v2ray.github.io/uploads/2026/09/{0-20260913.yaml|1-20260913.yaml|2-20260913.yaml|3-20260913.yaml}
[OK] proxies=4384 new=1835 url=https://free-clash-v2ray.github.io/uploads/2026/09/{0-20260913.txt|1-20260913.txt|2-20260913.txt|3-20260913.txt|4-20260913.txt}
[OK] proxies=4725 source=[Free-clash-v2ray] url=https://raw.githubusercontent.com/free-clash-v2ray/free-clash-v2ray.github.io/main/README.md
============================================================
[INFO] article try page: https://v2rayclashfree.com
[INFO] sublink try page: https://v2rayclashfree.com/fn/20260916.html
[OK] proxies=255 new=255 url=https://v2rayclashfree.com/sub/20260916-v2ray.txt
[OK] proxies=213 new=70 url=https://v2rayclashfree.com/sub/20260916-clash.yaml
[OK] proxies=325 source=[V2rayclashfree-RSS] url=https://v2rayclashfree.com/fn/20260916.html
============================================================
[INFO] raw backup written path=/home/runner/work/Free-node-autotest/Free-node-autotest/output/raw.yaml proxies=26436
[INFO] toolkit try repo: https://github.com/MetaCubeX/mihomo
[INFO] toolkit try release: https://github.com/MetaCubeX/mihomo/releases
[INFO] toolkit try release: https://github.com/MetaCubeX/mihomo/releases/expanded_assets/v1.19.31
[INFO] toolkit try download: https://github.com/MetaCubeX/mihomo/releases/download/v1.19.31/mihomo-linux-amd64-compatible-v1.19.31.gz
[OK] toolkit downloaded: mihomo-linux-amd64-compatible-v1.19.31.gz bytes=22821836
[OK] toolkit sha256 verified: mihomo-linux-amd64-compatible-v1.19.31.gz sha256=04cf9f09671704f839ddbee2e93069dc831a4123a75281e725d1d96ab9ac1afc
[OK] proxy engine ready: starting latency test package=mihomo-linux-amd64-compatible-v1.19.31.gz
============================================================
[WARN] batch start failed size=17112 {1} split -> 8556 {2} + 8556 {3}
[WARN] batch start failed size=8556 {2} split -> 4278 {4} + 4278 {5}
[WARN] batch start failed size=8556 {3} split -> 4278 {6} + 4278 {7}
[WARN] batch start failed size=4278 {4} split -> 2139 {8} + 2139 {9}
[WARN] batch start failed size=4278 {6} split -> 2139 {10} + 2139 {11}
[WARN] batch start failed size=2139 {8} split -> 1069 {12} + 1070 {13}
[WARN] batch start failed size=4278 {7} split -> 2139 {14} + 2139 {15}
[INFO] {9} tested 100/2139 kept=7 rest=16947
[INFO] {10} tested 100/2139 kept=0 rest=16771
[INFO] {9} tested 200/2139 kept=13 rest=16666
[INFO] {5} tested 100/4278 kept=0 rest=16589
[INFO] {9} tested 300/2139 kept=21 rest=16431
[INFO] {10} tested 200/2139 kept=0 rest=16423
[INFO] {10} tested 300/2139 kept=0 rest=16308
[INFO] {10} tested 400/2139 kept=0 rest=16206
[INFO] {5} tested 200/4278 kept=0 rest=16074
[INFO] {10} tested 500/2139 kept=0 rest=16064
[INFO] {10} tested 600/2139 kept=0 rest=15915
[INFO] {5} tested 300/4278 kept=3 rest=15761
[INFO] {5} tested 400/4278 kept=66 rest=15655
[INFO] {9} tested 400/2139 kept=24 rest=15559
[INFO] {10} tested 700/2139 kept=0 rest=15434
[INFO] {9} tested 500/2139 kept=24 rest=15423
[INFO] {10} tested 800/2139 kept=0 rest=15301
[INFO] {5} tested 500/4278 kept=119 rest=15177
[INFO] {9} tested 600/2139 kept=39 rest=15112
[INFO] {10} tested 900/2139 kept=0 rest=15090
[INFO] {5} tested 600/4278 kept=119 rest=14912
[INFO] {9} tested 700/2139 kept=92 rest=14873
[INFO] {10} tested 1000/2139 kept=0 rest=14756
[INFO] {10} tested 1100/2139 kept=0 rest=14652
[INFO] {10} tested 1200/2139 kept=0 rest=14540
[INFO] {10} tested 1300/2139 kept=0 rest=14394
[INFO] {9} tested 800/2139 kept=96 rest=14345
[INFO] {5} tested 700/4278 kept=119 rest=14284
[INFO] {9} tested 900/2139 kept=98 rest=14158
[INFO] {10} tested 1400/2139 kept=1 rest=14045
[INFO] {9} tested 1000/2139 kept=98 rest=13874
[INFO] {10} tested 1500/2139 kept=21 rest=13822
[INFO] {5} tested 800/4278 kept=119 rest=13802
[INFO] {9} tested 1100/2139 kept=98 rest=13644
[INFO] {9} tested 1200/2139 kept=98 rest=13469
[INFO] {10} tested 1600/2139 kept=23 rest=13458
[INFO] {9} tested 1300/2139 kept=98 rest=13250
[INFO] {5} tested 900/4278 kept=119 rest=13200
[INFO] {10} tested 1700/2139 kept=49 rest=13195
[INFO] {10} tested 1800/2139 kept=112 rest=12951
[INFO] {9} tested 1400/2139 kept=98 rest=12923
[INFO] {10} tested 1900/2139 kept=159 rest=12815
[INFO] {5} tested 1000/4278 kept=119 rest=12767
[INFO] {10} tested 2000/2139 kept=216 rest=12678
[INFO] {10} tested 2100/2139 kept=285 rest=12490
[INFO] {9} tested 1500/2139 kept=98 rest=12409
[INFO] {5} tested 1100/4278 kept=119 rest=12346
[INFO] {10} tested 2139/2139 kept=295 rest=12273
[INFO] {9} tested 1600/2139 kept=98 rest=12242
[WARN] batch start failed size=2139 {11} split -> 1069 {16} + 1070 {17}
[INFO] {5} tested 1200/4278 kept=119 rest=12144
[WARN] batch start failed size=1069 {12} split -> 534 {18} + 535 {19}
[INFO] {9} tested 1700/2139 kept=98 rest=12022
[INFO] {5} tested 1300/4278 kept=119 rest=11852
[INFO] {13} tested 100/1070 kept=5 rest=11754
[INFO] {9} tested 1800/2139 kept=98 rest=11719
[INFO] {9} tested 1900/2139 kept=98 rest=11542
[INFO] {5} tested 1400/4278 kept=119 rest=11501
[INFO] {13} tested 200/1070 kept=7 rest=11399
[INFO] {13} tested 300/1070 kept=34 rest=11278
[INFO] {9} tested 2000/2139 kept=98 rest=11190
[INFO] {5} tested 1500/4278 kept=119 rest=11038
[INFO] {5} tested 1600/4278 kept=119 rest=10931
[INFO] {13} tested 400/1070 kept=44 rest=10881
[INFO] {9} tested 2100/2139 kept=98 rest=10788
[INFO] {13} tested 500/1070 kept=44 rest=10747
[INFO] {13} tested 600/1070 kept=45 rest=10601
[INFO] {9} tested 2139/2139 kept=98 rest=10558
[WARN] batch start failed size=2139 {14} split -> 1069 {20} + 1070 {21}
[INFO] {5} tested 1700/4278 kept=119 rest=10492
[WARN] batch start failed size=2139 {15} split -> 1069 {22} + 1070 {23}
[INFO] {13} tested 700/1070 kept=61 rest=10335
[INFO] {5} tested 1800/4278 kept=119 rest=10285
[WARN] batch start failed size=1069 {16} split -> 534 {24} + 535 {25}
[INFO] {13} tested 800/1070 kept=62 rest=10231
[INFO] {13} tested 900/1070 kept=63 rest=10049
[WARN] batch start failed size=1070 {17} split -> 535 {26} + 535 {27}
[INFO] {5} tested 1900/4278 kept=119 rest=9882
[INFO] {5} tested 2000/4278 kept=119 rest=9765
[INFO] {19} tested 100/535 kept=60 rest=9717
[INFO] {5} tested 2100/4278 kept=119 rest=9612
[INFO] {13} tested 1000/1070 kept=66 rest=9503
[INFO] {5} tested 2200/4278 kept=120 rest=9431
[INFO] {5} tested 2300/4278 kept=120 rest=9313
[INFO] {19} tested 200/535 kept=121 rest=9188
[INFO] {13} tested 1070/1070 kept=66 rest=9175
[WARN] batch start failed size=534 {18} split -> 267 {28} + 267 {29}
[INFO] {5} tested 2400/4278 kept=121 rest=9125
[WARN] batch start failed size=1070 {21} split -> 535 {30} + 535 {31}
[INFO] {5} tested 2500/4278 kept=121 rest=9020
[INFO] {20} tested 100/1069 kept=1 rest=8860
[INFO] {20} tested 200/1069 kept=3 rest=8743
[INFO] {19} tested 300/535 kept=143 rest=8627
[INFO] {5} tested 2600/4278 kept=121 rest=8601
[INFO] {20} tested 300/1069 kept=3 rest=8459
[INFO] {19} tested 400/535 kept=160 rest=8436
[INFO] {5} tested 2700/4278 kept=123 rest=8344
[INFO] {20} tested 400/1069 kept=9 rest=8168
[INFO] {20} tested 500/1069 kept=22 rest=8043
[INFO] {5} tested 2800/4278 kept=131 rest=8023
[INFO] {19} tested 500/535 kept=162 rest=7869
[INFO] {20} tested 600/1069 kept=23 rest=7837
[INFO] {20} tested 700/1069 kept=23 rest=7641
[INFO] {5} tested 2900/4278 kept=132 rest=7598
[INFO] {20} tested 800/1069 kept=23 rest=7511
[INFO] {19} tested 535/535 kept=162 rest=7464
[INFO] {22} tested 100/1069 kept=82 rest=7292
[INFO] {22} tested 200/1069 kept=173 rest=7173
[INFO] {5} tested 3000/4278 kept=132 rest=7090
[INFO] {22} tested 300/1069 kept=266 rest=7030
[INFO] {22} tested 400/1069 kept=355 rest=6901
[INFO] {22} tested 500/1069 kept=446 rest=6781
[INFO] {22} tested 600/1069 kept=528 rest=6665
[INFO] {20} tested 900/1069 kept=23 rest=6623
[INFO] {22} tested 700/1069 kept=596 rest=6511
[INFO] {5} tested 3100/4278 kept=133 rest=6432
[INFO] {22} tested 800/1069 kept=674 rest=6399
[INFO] {22} tested 900/1069 kept=747 rest=6286
[INFO] {22} tested 1000/1069 kept=808 rest=6166
[INFO] {20} tested 1000/1069 kept=23 rest=6060
[INFO] {5} tested 3200/4278 kept=133 rest=5940
[INFO] {5} tested 3300/4278 kept=133 rest=5805
[INFO] {22} tested 1069/1069 kept=831 rest=5783
[INFO] {20} tested 1069/1069 kept=23 rest=5775
[WARN] batch start failed size=1070 {23} split -> 535 {32} + 535 {33}
[WARN] batch start failed size=534 {24} split -> 267 {34} + 267 {35}
[WARN] batch start failed size=535 {27} split -> 267 {36} + 268 {37}
[INFO] {26} tested 100/535 kept=0 rest=5503
[INFO] {5} tested 3400/4278 kept=133 rest=5426
[INFO] {25} tested 100/535 kept=21 rest=5398
[INFO] {26} tested 200/535 kept=2 rest=5382
[INFO] {26} tested 300/535 kept=2 rest=5258
[INFO] {5} tested 3500/4278 kept=133 rest=5071
[INFO] {26} tested 400/535 kept=17 rest=5058
[INFO] {25} tested 200/535 kept=27 rest=4896
[INFO] {25} tested 300/535 kept=46 rest=4754
[INFO] {5} tested 3600/4278 kept=133 rest=4731
[INFO] {26} tested 500/535 kept=22 rest=4529
[INFO] {5} tested 3700/4278 kept=134 rest=4475
[INFO] {25} tested 400/535 kept=102 rest=4421
[INFO] {26} tested 535/535 kept=22 rest=4361
[INFO] {5} tested 3800/4278 kept=134 rest=4169
[INFO] {29} tested 100/267 kept=8 rest=4163
[INFO] {25} tested 500/535 kept=102 rest=4052
[INFO] {25} tested 535/535 kept=102 rest=3951
[WARN] batch start failed size=267 {28} split -> 133 {38} + 134 {39}
[INFO] {29} tested 200/267 kept=15 rest=3930
[INFO] {5} tested 3900/4278 kept=135 rest=3906
[INFO] {30} tested 100/535 kept=1 rest=3709
[INFO] {29} tested 267/267 kept=15 rest=3609
[INFO] {30} tested 200/535 kept=2 rest=3570
[WARN] batch start failed size=535 {31} split -> 267 {40} + 268 {41}
[INFO] {5} tested 4000/4278 kept=136 rest=3520
[INFO] {32} tested 100/535 kept=74 rest=3362
[INFO] {32} tested 200/535 kept=142 rest=3256
[INFO] {32} tested 300/535 kept=207 rest=3146
[INFO] {32} tested 400/535 kept=283 rest=3040
[INFO] {32} tested 500/535 kept=340 rest=2924
[INFO] {5} tested 4100/4278 kept=137 rest=2883
[INFO] {30} tested 300/535 kept=8 rest=2751
[INFO] {5} tested 4200/4278 kept=137 rest=2653
[INFO] {30} tested 400/535 kept=10 rest=2640
[INFO] {32} tested 535/535 kept=354 rest=2504
[WARN] batch start failed size=535 {33} split -> 267 {42} + 268 {43}
[INFO] {35} tested 100/267 kept=45 rest=2373
[INFO] {5} tested 4278/4278 kept=137 rest=2294
[INFO] {35} tested 200/267 kept=93 rest=2262
[INFO] {30} tested 500/535 kept=11 rest=2227
[WARN] batch start failed size=267 {34} split -> 133 {44} + 134 {45}
[WARN] batch start failed size=267 {36} split -> 133 {46} + 134 {47}
[INFO] {30} tested 535/535 kept=11 rest=2182
[WARN] batch start failed size=134 {39} split -> 67 {48} + 67 {49}
[WARN] batch start failed size=133 {38} split -> 66 {50} + 67 {51}
[INFO] {37} tested 100/268 kept=0 rest=2081
[INFO] {40} tested 100/267 kept=0 rest=1894
[INFO] {35} tested 267/267 kept=108 rest=1754
[WARN] batch start failed size=268 {41} split -> 134 {52} + 134 {53}
[WARN] batch start failed size=267 {42} split -> 133 {54} + 134 {55}
[WARN] batch start failed size=268 {43} split -> 134 {56} + 134 {57}
[INFO] {37} tested 200/268 kept=3 rest=1745
[INFO] {45} tested 100/134 kept=51 rest=1590
[INFO] {40} tested 200/267 kept=7 rest=1547
[INFO] {37} tested 268/268 kept=3 rest=1522
[WARN] batch start failed size=133 {44} split -> 66 {58} + 67 {59}
[INFO] {40} tested 267/267 kept=8 rest=1479
[WARN] batch start failed size=133 {46} split -> 66 {60} + 67 {61}
[WARN] batch start failed size=67 {48} split -> 33 {62} + 34 {63}
[WARN] batch start failed size=67 {49} split -> 33 {64} + 34 {65}
[WARN] batch start failed size=67 {51} split -> 33 {66} + 34 {67}
[INFO] {45} tested 134/134 kept=71 rest=1343
[WARN] batch start failed size=134 {52} split -> 67 {68} + 67 {69}
[INFO] {53} tested 100/134 kept=85 rest=1239
[INFO] {47} tested 100/134 kept=8 rest=1205
[INFO] {47} tested 134/134 kept=8 rest=1171
[WARN] batch start failed size=134 {55} split -> 67 {70} + 67 {71}
[INFO] {50} tested 66/66 kept=10 rest=1067
[WARN] batch start failed size=134 {57} split -> 67 {72} + 67 {73}
[INFO] {54} tested 100/133 kept=58 rest=1047
[INFO] {53} tested 134/134 kept=104 rest=974
[INFO] {54} tested 133/133 kept=61 rest=898
[WARN] batch start failed size=67 {59} split -> 33 {74} + 34 {75}
[INFO] {56} tested 100/134 kept=29 rest=829
[INFO] {56} tested 134/134 kept=29 rest=792
[WARN] batch start failed size=66 {60} split -> 33 {76} + 33 {77}
[INFO] {58} tested 66/66 kept=10 rest=745
[WARN] batch start failed size=33 {62} split -> 16 {78} + 17 {79}
[WARN] batch start failed size=33 {64} split -> 16 {80} + 17 {81}
[INFO] {61} tested 67/67 kept=2 rest=695
[INFO] {63} tested 34/34 kept=0 rest=678
[WARN] batch start failed size=34 {67} split -> 17 {82} + 17 {83}
[WARN] batch start failed size=67 {69} split -> 33 {84} + 34 {85}
[INFO] {65} tested 34/34 kept=14 rest=613
[INFO] {68} tested 67/67 kept=13 rest=561
[INFO] {66} tested 33/33 kept=2 rest=560
[WARN] batch start failed size=67 {70} split -> 33 {86} + 34 {87}
[INFO] {71} tested 67/67 kept=3 rest=499
[WARN] batch start failed size=67 {73} split -> 33 {88} + 34 {89}
[WARN] batch start failed size=34 {75} split -> 17 {90} + 17 {91}
[INFO] {72} tested 67/67 kept=23 rest=400
[WARN] batch start failed size=33 {77} split -> 16 {92} + 17 {93}
[INFO] {74} tested 33/33 kept=3 rest=389
[INFO] {76} tested 33/33 kept=3 rest=364
[WARN] batch start failed size=16 {78} split -> 8 {94} + 8 {95}
[WARN] batch start failed size=16 {80} split -> 8 {96} + 8 {97}
[WARN] batch start failed size=17 {83} split -> 8 {98} + 9 {99}
[INFO] {79} tested 17/17 kept=0 rest=324
[WARN] batch start failed size=34 {85} split -> 17 {100} + 17 {101}
[INFO] {81} tested 17/17 kept=1 rest=319
[WARN] batch start failed size=33 {86} split -> 16 {102} + 17 {103}
[INFO] {82} tested 17/17 kept=4 rest=286
[INFO] {84} tested 33/33 kept=0 rest=250
[WARN] batch start failed size=33 {88} split -> 16 {104} + 17 {105}
[INFO] {87} tested 34/34 kept=4 rest=221
[WARN] batch start failed size=17 {90} split -> 8 {106} + 9 {107}
[INFO] {89} tested 34/34 kept=28 rest=205
[WARN] batch start failed size=17 {93} split -> 8 {108} + 9 {109}
[WARN] batch start failed size=8 {95} split -> 4 {110} + 4 {111}
[WARN] batch start failed size=8 {94} split -> 4 {112} + 4 {113}
[WARN] batch start failed size=8 {97} split -> 4 {114} + 4 {115}
[INFO] {91} tested 17/17 kept=4 rest=192
[INFO] {92} tested 16/16 kept=1 rest=179
[WARN] batch start failed size=9 {99} split -> 4 {116} + 5 {117}
[INFO] {96} tested 8/8 kept=0 rest=163
[INFO] {98} tested 8/8 kept=4 rest=162
[WARN] batch start failed size=17 {100} split -> 8 {118} + 9 {119}
[WARN] batch start failed size=16 {102} split -> 8 {120} + 8 {121}
[INFO] {101} tested 17/17 kept=1 rest=150
[WARN] batch start failed size=16 {104} split -> 8 {122} + 8 {123}
[INFO] {103} tested 17/17 kept=5 rest=113
[WARN] batch start failed size=8 {106} split -> 4 {124} + 4 {125}
[INFO] {105} tested 17/17 kept=13 rest=110
[WARN] batch start failed size=9 {109} split -> 4 {126} + 5 {127}
[INFO] {107} tested 9/9 kept=4 rest=107
[WARN] batch start failed size=4 {110} split -> 2 {128} + 2 {129}
[INFO] {108} tested 8/8 kept=1 rest=98
[INFO] {111} tested 4/4 kept=0 rest=95
[WARN] batch start failed size=4 {113} split -> 2 {130} + 2 {131}
[INFO] {112} tested 4/4 kept=0 rest=91
[WARN] batch start failed size=4 {115} split -> 2 {132} + 2 {133}
[WARN] batch start failed size=4 {114} split -> 2 {134} + 2 {135}
[WARN] batch start failed size=4 {116} split -> 2 {136} + 2 {137}
[WARN] batch start failed size=5 {117} split -> 2 {138} + 3 {139}
[WARN] batch start failed size=9 {119} split -> 4 {140} + 5 {141}
[WARN] batch start failed size=8 {118} split -> 4 {142} + 4 {143}
[WARN] batch start failed size=8 {121} split -> 4 {144} + 4 {145}
[WARN] batch start failed size=8 {123} split -> 4 {146} + 4 {147}
[WARN] batch start failed size=4 {124} split -> 2 {148} + 2 {149}
[INFO] {122} tested 8/8 kept=1 rest=79
[WARN] batch start failed size=4 {126} split -> 2 {150} + 2 {151}
[INFO] {120} tested 8/8 kept=1 rest=70
[INFO] {127} tested 5/5 kept=0 rest=69
[WARN] batch start failed size=2 {128} split -> 1 {152} + 1 {153}
[INFO] {129} tested 2/2 kept=0 rest=67
[INFO] {125} tested 4/4 kept=1 rest=64
[WARN] batch start failed size=2 {131} split -> 1 {154} + 1 {155}
[WARN] batch start failed size=2 {132} split -> 1 {156} + 1 {157}
[INFO] {133} tested 2/2 kept=0 rest=62
[WARN] batch start failed size=2 {135} split -> 1 {158} + 1 {159}
[WARN] batch start failed size=2 {134} split -> 1 {160} + 1 {161}
[WARN] batch start failed size=2 {137} split -> 1 {162} + 1 {163}
[WARN] batch start failed size=2 {136} split -> 1 {164} + 1 {165}
[WARN] batch start failed size=2 {138} split -> 1 {166} + 1 {167}
[WARN] batch start failed size=4 {140} split -> 2 {168} + 2 {169}
[INFO] {130} tested 2/2 kept=0 rest=58
[WARN] batch start failed size=4 {143} split -> 2 {170} + 2 {171}
[INFO] {139} tested 3/3 kept=0 rest=53
[INFO] {141} tested 5/5 kept=0 rest=49
[WARN] batch start failed size=4 {144} split -> 2 {172} + 2 {173}
[INFO] {142} tested 4/4 kept=1 rest=45
[WARN] batch start failed size=4 {147} split -> 2 {174} + 2 {175}
[WARN] batch start failed size=2 {148} split -> 1 {176} + 1 {177}
[INFO] {149} tested 2/2 kept=1 rest=42
[WARN] batch start failed size=2 {151} split -> 1 {178} + 1 {179}
[INFO] {145} tested 4/4 kept=1 rest=39
[DROP] {153} name=[ChromeGO-Merge] United-2 server=109.104.152.194:58510 reason=Start initial configuration in progress
[DROP] {152} name=[ChromeGO-Merge] France_hysteria_1 server=62.210.243.131:18702 reason=Start initial configuration in progress
[INFO] {146} tested 4/4 kept=1 rest=36
[DROP] {154} name=[ChromeGO-Merge] WARP server=162.159.192.1:2408 reason=Start initial configuration in progress
[DROP] {155} name=[ChromeGO-Merge] United server=108.181.5.133:26022 reason=Start initial configuration in progress
[DROP] {156} name=[ChromeGO-Merge] United-5 server=167.160.91.115:41189 reason=Start initial configuration in progress
[DROP] {158} name=[ChromeGO-Merge] United-4 server=173.234.25.52:48919 reason=Start initial configuration in progress
[INFO] {157} tested 1/1 kept=0 rest=31
[DROP] {159} name=[ChromeGO-Merge] Taiwan-2 server=www.dtku40.xyz:18490 reason=Start initial configuration in progress
[DROP] {160} name=[ChromeGO-Merge] Taiwan server=www2.dtku48.xyz:22334 reason=Start initial configuration in progress
[DROP] {161} name=[ChromeGO-Merge] France server=51.158.54.46:55396 reason=Start initial configuration in progress
[DROP] {162} name=[ChromeGO-ShiteThings] hysteria-3 server=5.83.129.153:27626 reason=Start initial configuration in progress
[DROP] {163} name=[ChromeGO-ShiteThings] hysteria-4 server=5.83.129.90:54177 reason=Start initial configuration in progress
[DROP] {165} name=[ChromeGO-ShiteThings] hysteria-2 server=62.210.70.191:23556 reason=Start initial configuration in progress
[DROP] {164} name=[ChromeGO-ShiteThings] hysteria server=5.83.129.153:20088 reason=Start initial configuration in progress
[DROP] {166} name=[ChromeGO-ShiteThings] hysteria-5 server=45.150.65.154:47119 reason=Start initial configuration in progress
[INFO] {150} tested 2/2 kept=0 rest=21
[WARN] batch start failed size=2 {168} split -> 1 {180} + 1 {181}
[INFO] {167} tested 1/1 kept=0 rest=18
[WARN] batch start failed size=2 {171} split -> 1 {182} + 1 {183}
[INFO] {169} tested 2/2 kept=0 rest=17
[INFO] {170} tested 2/2 kept=0 rest=16
[WARN] batch start failed size=2 {172} split -> 1 {184} + 1 {185}
[WARN] batch start failed size=2 {175} split -> 1 {186} + 1 {187}
[INFO] {176} tested 1/1 kept=1 rest=13
[INFO] {173} tested 2/2 kept=2 rest=12
[DROP] {177} name=[Pawdroid-ss-apk] United+Kingdom-4 server=82.38.31.189:8080 reason=Start initial configuration in progress
[DROP] {178} name=[Epodonios] EPODONIOS-106 server=78.38.246.150:8446 reason=Start initial configuration in progress
[DROP] {179} name=[Epodonios] EPODONIOS-107 server=92.119.166.62:2222 reason=Start initial configuration in progress
[DROP] {180} name=[Epodonios] EPODONIOS-2407 server=www.speedtest.net:2095 reason=Start initial configuration in progress
[INFO] {174} tested 2/2 kept=0 rest=7
[DROP] {183} name=[Epodonios] EPODONIOS-2406 server=www.ums.id:443 reason=Start initial configuration in progress
[DROP] {185} name=[Free-clash-v2ray] hysteria server=5.83.129.143:26691 reason=Start initial configuration in progress
[INFO] {181} tested 1/1 kept=0 rest=4
[INFO] {182} tested 1/1 kept=0 rest=3
[DROP] {186} name=[Free-clash-v2ray] 未知 SS-1521 | free-nodes server=192.0.2.1:1 reason=Start initial configuration in progress
[INFO] {187} tested 1/1 kept=0 rest=1
[INFO] {184} tested 1/1 kept=0 rest=0
[INFO] dropped=22 [ChromeGO-Toolkit] × 1 | [ChromeGO-Merge] × 9 | [ChromeGO-ShiteThings] × 5 | [Pawdroid-ss-apk] × 1 | [Epodonios] × 4 | [Free-clash-v2ray] × 2
============================================================
[INFO] cap live source=[免费节点2] from 141 to 50 by health_score
[INFO] cap live source=[免费节点8] from 182 to 50 by health_score
[INFO] cap live source=[Pawdroid-sr-apk] from 265 to 50 by health_score
[INFO] cap live source=[Pawdroid-ss-apk] from 306 to 50 by health_score
[INFO] cap live source=[Epodonios] from 75 to 50 by health_score
[INFO] cap live source=[Free-clash-v2ray] from 1420 to 50 by health_score
[INFO] cap live total from 582 to 350 trim large sources first
============================================================
+------------------------------+--------+--------+------+--------+
| source                       |    raw | unique | live | capped |
+------------------------------+--------+--------+------+--------+
| [大FQ运动]                   |     14 |     14 |    3 |      3 |
+------------------------------+--------+--------+------+--------+
| [Pawdroid]                   |     39 |     38 |    4 |      4 |
+------------------------------+--------+--------+------+--------+
| [FreeV2-Base64]              |      3 |      3 |    3 |      3 |
+------------------------------+--------+--------+------+--------+
| [Bocchi2b-Base64]            |     35 |     35 |    0 |      0 |
+------------------------------+--------+--------+------+--------+
| [ChromeGO-Toolkit]           |     14 |     14 |    4 |      4 |
+------------------------------+--------+--------+------+--------+
| [ChromeGO-ShiteThings]       |     31 |     25 |    6 |      6 |
+------------------------------+--------+--------+------+--------+
| [ChromeGO-Merge]             |    111 |    111 |    2 |      2 |
+------------------------------+--------+--------+------+--------+
| [Freesocks]                  |      3 |      3 |    3 |      3 |
+------------------------------+--------+--------+------+--------+
| [NekoWarp]                   |     10 |     10 |    8 |      8 |
+------------------------------+--------+--------+------+--------+
| [OpenRunner-RSS]             |     14 |      0 |    0 |      0 |
+------------------------------+--------+--------+------+--------+
| [V2Rayshare-RSS]             |     27 |     25 |    3 |      3 |
+------------------------------+--------+--------+------+--------+
| [Mibei77-RSS]                |    108 |     82 |    1 |      1 |
+------------------------------+--------+--------+------+--------+
| [Yoyapai-RSS]                |    213 |    184 |   15 |     15 |
+------------------------------+--------+--------+------+--------+
| [免费节点1]                  |    125 |     26 |    4 |      4 |
+------------------------------+--------+--------+------+--------+
| [免费节点2]                  |    426 |    363 |  141 |     22 |
+------------------------------+--------+--------+------+--------+
| [免费节点3]                  |     27 |     15 |   14 |     14 |
+------------------------------+--------+--------+------+--------+
| [免费节点4]                  |    837 |    718 |   45 |     22 |
+------------------------------+--------+--------+------+--------+
| [免费节点5]                  |     29 |     28 |    0 |      0 |
+------------------------------+--------+--------+------+--------+
| [免费节点6]                  |   1103 |   1069 |   46 |     23 |
+------------------------------+--------+--------+------+--------+
| [免费节点7]                  |     64 |     49 |   13 |     13 |
+------------------------------+--------+--------+------+--------+
| [免费节点8]                  |   4217 |   3771 |  182 |     23 |
+------------------------------+--------+--------+------+--------+
| [免费节点9]                  |    615 |    451 |    0 |      0 |
+------------------------------+--------+--------+------+--------+
| [免费节点10]                 |   5073 |   3076 |   17 |     17 |
+------------------------------+--------+--------+------+--------+
| [免费节点11]                 |    463 |    207 |   28 |     23 |
+------------------------------+--------+--------+------+--------+
| [Pawdroid-sr-apk]            |    706 |    371 |  265 |     23 |
+------------------------------+--------+--------+------+--------+
| [Pawdroid-ss-apk]            |   1454 |   1022 |  306 |     23 |
+------------------------------+--------+--------+------+--------+
| [Clashfree]                  |   1380 |    543 |   22 |     22 |
+------------------------------+--------+--------+------+--------+
| [Epodonios]                  |   4243 |   2588 |   75 |     23 |
+------------------------------+--------+--------+------+--------+
| [Free-clash-v2ray]           |   4725 |   2219 | 1420 |     23 |
+------------------------------+--------+--------+------+--------+
| [V2rayclashfree-RSS]         |    325 |     52 |   41 |     23 |
+------------------------------+--------+--------+------+--------+
============================================================
[SUMMARY] total_nodes=26434
[SUMMARY] legal_candidates=17112
[SUMMARY] passed_latency_test=350
[SUMMARY] region_HK=8 region_JP=4 region_US=119
[SUMMARY] avg_latency_ms=342.97
[SUMMARY] output=/home/runner/work/Free-node-autotest/Free-node-autotest/output/clash.yaml
============================================================
