============================================================
[INFO] sublink try page: https://end-gfw.com
[OK] proxies=2 new=2 url=https://raw.githubusercontent.com/hello-world-1989/cn-news/refs/heads/main/clash.yaml
[OK] proxies=2 new=0 url=https://raw.githubusercontent.com/hello-world-1989/cn-news/main/end-gfw-together
[OK] proxies=2 new=2 url=https://raw.githubusercontent.com/hello-world-1989/cn-news/main/end-gfw-together-ss
[INFO] source try url: https://end-gfw.com/ss-key
[OK] proxies=4 new=4 url=https://end-gfw.com/ss-key
[INFO] sublink try repo: https://github.com/hello-world-1989/cn-news
[INFO] sublink try page: https://raw.githubusercontent.com/hello-world-1989/cn-news/main/README.md
[OK] proxies=6 new=6 url=https://raw.githubusercontent.com/hello-world-1989/v2-sub/main/end-gfw-together-af3e13
[OK] proxies=14 source=[大FQ运动] url=https://raw.githubusercontent.com/hello-world-1989/cn-news/main/README.md
============================================================
[INFO] sublink try repo: https://github.com/Pawdroid/Free-servers
[INFO] sublink try page: https://raw.githubusercontent.com/Pawdroid/Free-servers/main/README.md
[OK] proxies=20 new=20 url=https://raw.githubusercontent.com/Pawdroid/Free-servers/main/README.md
[OK] proxies=20 new=0 url=https://raw.githubusercontent.com/Pawdroid/Free-servers/main/sub
[OK] proxies=1 new=1 url=https://apps.apple.com/cn/app/shadowshare/id1612647259
[OK] proxies=1 new=1 url=http://www.surflare.com
[OK] proxies=22 source=[Pawdroid] url=https://raw.githubusercontent.com/Pawdroid/Free-servers/main/README.md
============================================================
[INFO] source try url: https://xmxosfepggzm.503403.xyz
[OK] proxies=3 new=3 url=https://xmxosfepggzm.503403.xyz
[OK] proxies=3 source=[FreeV2-Base64] url=https://xmxosfepggzm.503403.xyz
============================================================
[INFO] source try url: https://links.bocchi2b.top/clash
[OK] proxies=35 new=35 url=https://links.bocchi2b.top/clash
[OK] proxies=35 source=[Bocchi2b-Base64] url=https://links.bocchi2b.top/clash
============================================================
[INFO] toolkit try repo: https://github.com/bannedbook/fanqiang
[INFO] toolkit try release: https://github.com/bannedbook/fanqiang/releases
[INFO] toolkit try release: https://github.com/bannedbook/fanqiang/releases/expanded_assets/ChromeGo-latest
[INFO] toolkit try download: https://github.com/bannedbook/fanqiang/releases/download/ChromeGo-latest/ChromeGo.7z
[OK] toolkit downloaded: ChromeGo.7z bytes=100924352
[OK] toolkit extracted archive=ChromeGo.7z tool=7z files=222 dirs=45
[OK] toolkit discovered subs=107 embedded=12 archive=ChromeGo.7z
[OK] proxies=6 new=6 embedded=archive-config
[OK] proxies=7 new=5 url=https://gitlab.com/free9999/ipupdate/master/backup/img/1/2/{ipp|ip}/{hysteria2|singbox|naiveproxy|hysteria|xray}/{2|3|1|4}/config.json
[OK] proxies=7 new=0 url=https://www.67867867.xyz/Alvin9999/PAC/refs/heads/master/backup/img/1/2/{ipp|ip}/{hysteria2|singbox|naiveproxy|hysteria|xray}/{2|3|1|4}/config.json
[OK] proxies=3 new=3 url=https://gitlab.com/free9999/ipupdate/master/backup/img/1/2/{ipp|ip}/clash.meta2/{2|3|1|5|4|6}/config.yaml
[OK] proxies=3 new=0 url=https://www.67867867.xyz/Alvin9999/PAC/refs/heads/master/backup/img/1/2/{ipp|ip}/clash.meta2/{2|3|1|5|4|6}/config.yaml
[OK] proxies=14 source=[ChromeGO-Toolkit] url=https://github.com/bannedbook/fanqiang/releases/download/ChromeGo-latest/ChromeGo.7z
============================================================
[INFO] sublink try repo: https://github.com/ShiteThings/extractNodes
[INFO] sublink try page: https://raw.githubusercontent.com/ShiteThings/extractNodes/main/README.md
[OK] proxies=31 new=30 url=https://{chg26.makou.cc.cd|chg64.makou.cc.cd}
[OK] proxies=26 new=1 url=https://chg26.makou.cc.cd/sb
[OK] proxies=31 source=[ChromeGO-ShiteThings] url=https://raw.githubusercontent.com/ShiteThings/extractNodes/main/README.md
============================================================
[INFO] sublink try repo: https://github.com/shangui999/chromego_merge
[INFO] sublink try page: https://raw.githubusercontent.com/shangui999/chromego_merge/master/ReadMe.md
[OK] proxies=10 new=10 url=https://freedman.netlify.app/sub/merged_proxies_new.yaml
[OK] proxies=11 new=1 url=https://freedman.netlify.app/sub/merged_warp_proxies_new.yaml
[OK] proxies=11 new=6 url=https://freedman.netlify.app/sub/shadowrocket_base64.txt
[OK] proxies=16 new=16 url=https://freedman.netlify.app/sub/sb.json
[INFO] sublink try repo: https://github.com/yaney01/chromego
[INFO] sublink try page: https://raw.githubusercontent.com/yaney01/chromego/main/ReadMe.md
[OK] proxies=50 new=46 url=https://raw.githubusercontent.com/yaney01/chromego/main/sub/merged_proxies_new.yaml
[OK] proxies=51 new=0 url=https://raw.githubusercontent.com/yaney01/chromego/main/sub/merged_warp_proxies_new.yaml
[OK] proxies=13 new=7 url=https://raw.githubusercontent.com/yaney01/chromego/main/sub/shadowrocket_base64.txt
[OK] proxies=13 new=0 url=https://raw.githubusercontent.com/yaney01/chromego/main/sub/sb.json
[INFO] sublink try repo: https://github.com/Misaka-blog/chromego_merge
[INFO] sublink try page: https://raw.githubusercontent.com/Misaka-blog/chromego_merge/main/README.md
[OK] proxies=36 new=36 url=https://chromego-sub.netlify.app/sub/merged_proxies_new.yaml
[OK] proxies=122 source=[ChromeGO-Merge] url=https://raw.githubusercontent.com/Misaka-blog/chromego_merge/main/README.md
============================================================
[INFO] source try url: https://freesocks.org/api/v1/sub/02b897e8e77f19176b0b9f2c75864b00
[OK] proxies=3 new=3 url=https://freesocks.org/api/v1/sub/02b897e8e77f19176b0b9f2c75864b00
[OK] proxies=3 source=[Freesocks] url=https://freesocks.org/api/v1/sub/02b897e8e77f19176b0b9f2c75864b00
============================================================
[INFO] source try url: https://neko-warp.nloli.xyz/neko_warp.yaml
[OK] proxies=10 new=10 url=https://neko-warp.nloli.xyz/neko_warp.yaml
[OK] proxies=10 source=[NekoWarp] url=https://neko-warp.nloli.xyz/neko_warp.yaml
============================================================
[INFO] toolkit try chrome: https://chromewebstore.google.com/detail/free-vpn-proxy-1vpn/akcocjjpkmlniicdeemdceeajlmoabhg
[INFO] toolkit try download: https://clients2.google.com/service/update2/crx?response=redirect&prodversion=131.0.6778.0&acceptformat=crx2,crx3&x=id%3dakcocjjpkmlniicdeemdceeajlmoabhg%26uc
[OK] toolkit downloaded: free-vpn-proxy-1vpn.crx bytes=1627904
[OK] toolkit extracted archive=free-vpn-proxy-1vpn.crx tool=zipfile files=68 dirs=57
[OK] toolkit 1vpn-crx scanned hosts=17 keys=1 archive=free-vpn-proxy-1vpn.crx
[OK] proxies=17 source=[1VPN-CRX] url=https://clients2.google.com/service/update2/crx?response=redirect&prodversion=131.0.6778.0&acceptformat=crx2,crx3&x=id%3dakcocjjpkmlniicdeemdceeajlmoabhg%26uc
============================================================
[INFO] article try feed: https://free.datiya.com/index.xml
[INFO] sublink try page: https://free.datiya.com/post/20260920/
[OK] proxies=14 new=14 url=https://free.datiya.com/uploads/20260920-clash.yaml
[OK] proxies=14 source=[OpenRunner-RSS] url=https://free.datiya.com/post/20260920/
============================================================
[INFO] article try feed: https://v2rayshare.com/feed
[INFO] sublink try page: https://v2rayshare.net/p/5060.html
[OK] proxies=27 new=27 url=https://static.v2rayshare.net/2026/09/20260920.txt
[OK] proxies=27 new=0 url=https://static.v2rayshare.net/2026/09/20260920.yaml
[OK] proxies=27 new=0 url=https://static.v2rayshare.net/2026/09/m20260920.yaml
[INFO] sublink try repo: https://github.com/firefoxmmx2/v2rayshare_subcription
[INFO] sublink try page: https://raw.githubusercontent.com/firefoxmmx2/v2rayshare_subcription/main/README.md
[OK] proxies=27 new=0 url=https://{raw.githubusercontent.com|cdn.jsdelivr.net}/firefoxmmx2/v2rayshare_subcription/main/subscription/vray_sub.txt
[OK] proxies=27 new=0 url=https://{raw.githubusercontent.com|cdn.jsdelivr.net}/firefoxmmx2/v2rayshare_subcription/main/subscription/clash_sub.yaml
[OK] proxies=27 new=0 url=https://{raw.githubusercontent.com|cdn.jsdelivr.net}/firefoxmmx2/v2rayshare_subcription/main/subscription/mihomo_sub.yaml
[OK] proxies=27 source=[V2Rayshare-RSS] url=https://raw.githubusercontent.com/firefoxmmx2/v2rayshare_subcription/main/README.md
============================================================
[INFO] article try feed: https://www.mibei77.com/feed
[INFO] sublink try page: https://www.mibei77.com/684.html
[OK] proxies=108 new=108 url=https://mm.mibei77.com/202609/09.2064bacvs.txt
[OK] proxies=106 new=0 url=https://mm.mibei77.com/202609/0920Clashikx.yaml
[OK] proxies=108 source=[Mibei77-RSS] url=https://www.mibei77.com/684.html
============================================================
[INFO] article try feed: https://yoyapai.com/feed
[INFO] sublink try page: https://yoyapai.com/725
[OK] proxies=1 new=1 url=https://yoyapai.com/725
[OK] proxies=214 new=214 url=https://freenode.yoyapai.com/2026/09/20-yoyapai.com-clash-vpnmianfeijiedian.yaml
[OK] proxies=214 new=0 url=https://freenode.yoyapai.com/2026/09/20-yoyapai.com-ssrv2ray-vpnmianfeijiedian.txt
[OK] proxies=215 source=[Yoyapai-RSS] url=https://yoyapai.com/725
============================================================
[INFO] sublink try repo: https://github.com/free18/v2ray
[INFO] sublink try page: https://raw.githubusercontent.com/free18/v2ray/main/README.md
[OK] proxies=3 new=3 url=https://raw.githubusercontent.com/free18/v2ray/main/README.md
[OK] proxies=147 new=147 url=https://ghfast.top/https://raw.githubusercontent.com/free18/v2ray/refs/heads/main/v.txt
[OK] proxies=147 new=0 url=https://ghfast.top/https://raw.githubusercontent.com/free18/v2ray/refs/heads/main/c.yaml
[OK] proxies=150 source=[免费节点1] url=https://raw.githubusercontent.com/free18/v2ray/main/README.md
============================================================
[INFO] sublink try repo: https://github.com/ermaozi/get_subscribe
[INFO] sublink try page: https://raw.githubusercontent.com/ermaozi/get_subscribe/main/README.md
[INFO] sublink file_nodes=0 bare links=9
[OK] proxies=316 new=316 url=https://www.ermao.net/sub/{clash|v2ray}/ermao.net
[OK] proxies=314 new=0 url=https://www.ermao.net/sub/{reachable|unreachable|untested}/clash/ermao.net
[OK] proxies=316 source=[免费节点2] url=https://raw.githubusercontent.com/ermaozi/get_subscribe/main/README.md
============================================================
[INFO] sublink try repo: https://github.com/sunmiao4458/free-proxy-airport
[INFO] sublink try page: https://raw.githubusercontent.com/sunmiao4458/free-proxy-airport/main/README.md
[OK] proxies=23 new=23 url=https://sunmiao4458.github.io/free-proxy-airport/clash.yaml
[OK] proxies=23 source=[免费节点3] url=https://raw.githubusercontent.com/sunmiao4458/free-proxy-airport/main/README.md
============================================================
[INFO] sublink try repo: https://github.com/mfuu/FreeProxies
[INFO] sublink try page: https://raw.githubusercontent.com/mfuu/FreeProxies/master/README.md
[OK] proxies=838 new=838 url=https://raw.githubusercontent.com/mfuu/FreeProxies/master/sub.yaml
[OK] proxies=838 source=[免费节点4] url=https://raw.githubusercontent.com/mfuu/FreeProxies/master/README.md
============================================================
[INFO] sublink try repo: https://github.com/vxiaov/free_proxies
[INFO] sublink try page: https://raw.githubusercontent.com/vxiaov/free_proxies/main/README.md
[OK] proxies=1 new=1 url=https://raw.githubusercontent.com/vxiaov/free_proxies/main/README.md
[OK] proxies=28 new=28 url=https://{cdn.jsdelivr.net|raw.githubusercontent.com}/vxiaov/free_proxies/main/clash/clash.provider.yaml
[OK] proxies=29 source=[免费节点5] url=https://raw.githubusercontent.com/vxiaov/free_proxies/main/README.md
============================================================
[INFO] sublink try repo: https://github.com/anaer/Sub
[INFO] sublink try page: https://raw.githubusercontent.com/anaer/Sub/main/README.MD
[OK] proxies=1615 new=1615 url=https://anaer.github.io/Sub/clash.yaml
[OK] proxies=1615 new=0 url=https://raw.githubusercontent.com/anaer/Sub/main/clash.yaml
[OK] proxies=1615 source=[免费节点6] url=https://raw.githubusercontent.com/anaer/Sub/main/README.MD
============================================================
[INFO] sublink try repo: https://github.com/snakem982/proxypool
[INFO] sublink try page: https://raw.githubusercontent.com/snakem982/proxypool/main/README.md
[OK] proxies=64 new=64 url=https://raw.githubusercontent.com/snakem982/proxypool/main/source/clash-meta-2.yaml
[OK] proxies=64 new=0 url=https://raw.githubusercontent.com/snakem982/proxypool/main/source/v2ray-2.txt
[OK] proxies=64 new=0 url=https://raw.githubusercontent.com/snakem982/proxypool/main/source/sing-box-2.json
[OK] proxies=64 source=[免费节点7] url=https://raw.githubusercontent.com/snakem982/proxypool/main/README.md
============================================================
[INFO] sublink try repo: https://github.com/mahdibland/V2RayAggregator
[INFO] sublink try page: https://raw.githubusercontent.com/mahdibland/V2RayAggregator/master/README.md
[OK] proxies=377 new=377 url=https://raw.githubusercontent.com/mahdibland/V2RayAggregator/master/README.md
[OK] proxies=1 new=1 url=https://github.com/mahdibland/SSAggregator/actions/workflows/Collector.yml
[OK] proxies=1 new=0 url=https://github.com/mahdibland/SSAggregator/actions/workflows/Airport_Collector.yml
[OK] proxies=198 new=0 url=https://raw.githubusercontent.com/mahdibland/ShadowsocksAggregator/master/Eternity.txt
[OK] proxies=199 new=1 url=https://raw.githubusercontent.com/mahdibland/ShadowsocksAggregator/master/Eternity.yml
[OK] proxies=61 new=61 url=https://raw.githubusercontent.com/mahdibland/ShadowsocksAggregator/master/EternityAir.txt
[OK] proxies=3912 new=3626 url=https://raw.githubusercontent.com/mahdibland/SSAggregator/master/sub/sub_merge_base64.txt
[OK] proxies=3912 new=0 url=https://raw.githubusercontent.com/mahdibland/{SSAggregator|ShadowsocksAggregator}/master/sub/sub_merge.txt
[OK] proxies=4088 new=177 url=https://raw.githubusercontent.com/mahdibland/SSAggregator/master/sub/sub_merge_yaml.yml
[OK] proxies=61 new=0 url=https://raw.githubusercontent.com/mahdibland/SSAggregator/master/sub/airport_merge_base64.txt
[OK] proxies=61 new=0 url=https://raw.githubusercontent.com/mahdibland/SSAggregator/master/sub/airport_sub_merge.txt
[OK] proxies=1435 new=0 url=https://raw.githubusercontent.com/mahdibland/ShadowsocksAggregator/master/sub/splitted/vmess.txt
[OK] proxies=596 new=0 url=https://raw.githubusercontent.com/mahdibland/ShadowsocksAggregator/master/sub/splitted/trojan.txt
[OK] proxies=43 new=0 url=https://raw.githubusercontent.com/mahdibland/ShadowsocksAggregator/master/sub/splitted/ssr.txt
[OK] proxies=1838 new=0 url=https://raw.githubusercontent.com/mahdibland/ShadowsocksAggregator/master/sub/splitted/ss.txt
[OK] proxies=1 new=0 url=https://cdn.jsdelivr.net/gh/mahdibland/V2RayAggregator@master/update/provider/provider-meta.yml
[OK] proxies=1 new=0 url=https://cdn.jsdelivr.net/gh/mahdibland/V2RayAggregator@master/update/provider/provider-meta-cn.yml
[OK] proxies=1 new=0 url=https://cdn.jsdelivr.net/gh/mahdibland/V2RayAggregator@master/update/provider/provider-meta-others.yml
[OK] proxies=1 new=0 url=https://cdn.jsdelivr.net/gh/mahdibland/V2RayAggregator@master/update/provider/provider.yml
[OK] proxies=1 new=0 url=https://cdn.jsdelivr.net/gh/mahdibland/V2RayAggregator@master/update/provider/provider-cn.yml
[OK] proxies=1 new=0 url=https://cdn.jsdelivr.net/gh/mahdibland/V2RayAggregator@master/update/provider/provider-others.yml
[OK] proxies=4243 source=[免费节点8] url=https://raw.githubusercontent.com/mahdibland/V2RayAggregator/master/README.md
============================================================
[INFO] sublink try repo: https://github.com/w1770946466/Auto_proxy
[INFO] sublink try page: https://raw.githubusercontent.com/w1770946466/Auto_proxy/main/README.md
[OK] proxies=1 new=1 url=https://github.com/w1770946466/Auto_proxy/actions/workflows/main.yml
[OK] proxies=245 new=245 url=https://raw.githubusercontent.com/w1770946466/Auto_proxy/main/{Long_term_subscription2.yaml|Long_term_subscription1.yaml|Long_term_subscription3.yaml}
[OK] proxies=489 new=54 url=https://raw.githubusercontent.com/w1770946466/Auto_proxy/main/{Long_term_subscription1|Long_term_subscription2|Long_term_subscription3|Long_term_subscription4|Long_term_subscription5|Long_term_subscription6|Long_term_subscription7|Long_term_subscription8}
[OK] proxies=489 new=315 url=https://raw.githubusercontent.com/w1770946466/Auto_proxy/main/Long_term_subscription_num
[OK] proxies=615 source=[免费节点9] url=https://raw.githubusercontent.com/w1770946466/Auto_proxy/main/README.md
============================================================
[INFO] sublink try repo: https://github.com/PuddinCat/BestClash
[INFO] sublink try page: https://raw.githubusercontent.com/PuddinCat/BestClash/main/README.md
[OK] proxies=16 new=16 url=https://raw.githubusercontent.com/PuddinCat/BestClash/main/proxies.yaml
[OK] proxies=28 new=28 url=https://cdn.jsdelivr.net/gh/vxiaov/free_proxies@main/clash/clash.provider.yaml
[OK] proxies=24 new=24 url=https://freenode.openrunner.net/uploads/20240807-clash.yaml
[OK] proxies=36 new=36 url=https://raw.githubusercontent.com/Misaka-blog/chromego_merge/main/sub/merged_proxies_new.yaml
[OK] proxies=4762 new=4733 url=https://raw.githubusercontent.com/{NiceVPN123|anaer}/{NiceVPN|Sub}/main/{Clash.yaml|clash.yaml}
[OK] proxies=24 new=0 url=https://raw.githubusercontent.com/{chengaopan|peasoft}/{AutoMergePublicNodes|NoMoreWalls}/master/list.yml
[OK] proxies=329 new=297 url=https://raw.githubusercontent.com/{ermaozi|ermaozi01}/{get_subscribe|free_clash_vpn}/main/subscribe/clash.yml
[OK] proxies=199 new=167 url=https://raw.githubusercontent.com/mahdibland/ShadowsocksAggregator/master/Eternity.yml
[OK] proxies=165 new=160 url=https://raw.githubusercontent.com/ronghuaxueleng/get_v2/main/pub/combine.yaml
[OK] proxies=144 new=3 url=https://raw.githubusercontent.com/zhangkaiitugithub/passcro/main/speednodes.yaml
[OK] proxies=5464 source=[免费节点10] url=https://raw.githubusercontent.com/PuddinCat/BestClash/main/README.md
============================================================
[INFO] sublink try repo: https://github.com/kooker/FreeSubsCheck
[INFO] sublink try page: https://raw.githubusercontent.com/kooker/FreeSubsCheck/main/README.md
[OK] proxies=7 new=7 url=https://raw.githubusercontent.com/kooker/FreeSubsCheck/main/mihomo.yaml
[OK] proxies=7 new=0 url=https://raw.githubusercontent.com/kooker/FreeSubsCheck/main/all.yaml
[OK] proxies=2 new=0 url=https://raw.githubusercontent.com/kooker/FreeSubsCheck/main/base64.txt
[OK] proxies=7 new=7 url=https://raw.githubusercontent.com/kooker/FreeSubsCheck/main/byxiaoxi.txt
[OK] proxies=442 new=440 url=https://raw.githubusercontent.com/kooker/FreeSubsCheck/main/kooker.jp.txt
[OK] proxies=454 source=[免费节点11] url=https://raw.githubusercontent.com/kooker/FreeSubsCheck/main/README.md
============================================================
[INFO] toolkit try repo: https://github.com/Pawdroid/shadowrocket_for_android
[INFO] toolkit try release: https://github.com/Pawdroid/shadowrocket_for_android/releases
[INFO] toolkit try release: https://github.com/Pawdroid/shadowrocket_for_android/releases/expanded_assets/10.10.51
[INFO] toolkit try download: https://github.com/Pawdroid/shadowrocket_for_android/releases/download/10.10.51/Shadowrocket_10.10.51_shadowrocketStandard_arm64-v8a.apk
[OK] toolkit downloaded: Shadowrocket_10.10.51_shadowrocketStandard_arm64-v8a.apk bytes=41111539
[OK] toolkit extracted archive=Shadowrocket_10.10.51_shadowrocketStandard_arm64-v8a.apk tool=zipfile files=1175 dirs=44
[OK] toolkit sr-apk scanned prefixes=36 files=6 keys=2 archive=Shadowrocket_10.10.51_shadowrocketStandard_arm64-v8a.apk
[OK] proxies=1720 new=1720 url=https://{cdn.jsdelivr.net|raw.githubusercontent.com}/pixelor/ecfg/main/data/ecfg6_zh
[OK] proxies=1720 new=0 url=https://{raw.githubusercontent.com|cdn.jsdelivr.net}/pixelor/ecfg/main/data/ecfg6_en
[OK] proxies=200 new=82 url=https://{cdn.jsdelivr.net|raw.githubusercontent.com}/pixelor/ecfg/main/data/ecfg6
[OK] proxies=165 new=0 url=https://{files.shadowrockets.app|cdn.shadowrockets.app}/ecfg/data/ecfg6
[OK] proxies=934 new=0 url=https://{files.shadowrockets.app|cdn.shadowrockets.app}/ecfg/data/ecfg6_zh
[OK] proxies=934 new=0 url=https://{files.shadowrockets.app|cdn.shadowrockets.app}/ecfg/data/ecfg6_en
[OK] proxies=1802 source=[Pawdroid-SR-APK] url=https://github.com/Pawdroid/shadowrocket_for_android/releases/download/10.10.51/Shadowrocket_10.10.51_shadowrocketStandard_arm64-v8a.apk
============================================================
[INFO] toolkit try page: https://shadowshare.v2cross.com
[INFO] toolkit try download: https://shadowshare.v2cross.com/shadowshare.apk
[OK] toolkit downloaded: shadowshare.apk bytes=62868122
[OK] toolkit extracted archive=shadowshare.apk tool=zipfile files=612 dirs=39
[OK] toolkit ss-apk scanned prefixes=10 files=3 keys=1 archive=shadowshare.apk
[OK] proxies=1386 new=1386 url=https://{raw.githubusercontent.com|jsd.onmicrosoft.cn}/hideme9527/ecsfg/main/data/sareserver_en
[OK] proxies=228 new=123 url=https://{raw.githubusercontent.com|jsd.onmicrosoft.cn}/hideme9527/ecsfg/main/data/sareserver
[OK] proxies=138 new=0 url=https://{shadowsharing.com|sare.159236.xyz}/data/sareserver
[OK] proxies=1386 new=0 url=https://{shadowsharing.com|sare.159236.xyz}/data/sareserver_en
[OK] proxies=138 new=0 url=https://gitee.com/api/v5/repos/{zhiminghao|elvenapp|guoyoucai1}/ecsfg/raw/data/sareserver
[OK] proxies=1386 new=0 url=https://gitee.com/api/v5/repos/{zhiminghao|elvenapp|guoyoucai1}/ecsfg/raw/data/sareserver_en
[OK] proxies=1509 source=[Pawdroid-SS-APK] url=https://shadowshare.v2cross.com/shadowshare.apk
============================================================
[INFO] sublink try repo: https://github.com/free-nodes/clashfree
[INFO] sublink try page: https://raw.githubusercontent.com/free-nodes/clashfree/main/README.md
[OK] proxies=1 new=1 url=https://github.com/free-nodes/clashfree/blob/main/clash20260920.yml
[INFO] sublink file_nodes=1 bare links=3
[WARN] source=[Clashfree] few proxies found=1 raw=1368
[INFO] source=[Clashfree] reused previous raw file=797390798768-raw-1231-20260920.yaml stamp=202609201231
[OK] proxies=1368 source=[Clashfree] url=https://raw.githubusercontent.com/free-nodes/clashfree/main/README.md
============================================================
[INFO] sublink try repo: https://github.com/Epodonios/v2ray-configs
[INFO] sublink try page: https://raw.githubusercontent.com/Epodonios/v2ray-configs/main/README.md
[OK] proxies=1 new=1 url=https://github.com/Epodonios/V2ray-Configs/actions/workflows/main.yml
[OK] proxies=4081 new=4081 url=https://github.com/Epodonios/v2ray-configs/raw/main/All_Configs_Sub.txt
[OK] proxies=4081 new=0 url=https://github.com/Epodonios/v2ray-configs/raw/main/All_Configs_base64_Sub.txt
[OK] proxies=3277 new=315 url=https://github.com/Epodonios/v2ray-configs/raw/main/Splitted-By-Protocol/vless.txt
[OK] proxies=167 new=22 url=https://github.com/Epodonios/v2ray-configs/raw/main/Splitted-By-Protocol/vmess.txt
[OK] proxies=410 new=27 url=https://github.com/Epodonios/v2ray-configs/raw/main/Splitted-By-Protocol/ss.txt
[OK] proxies=172 new=20 url=https://github.com/Epodonios/v2ray-configs/raw/main/Splitted-By-Protocol/trojan.txt
[OK] proxies=4081 new=0 url=https://raw.githubusercontent.com/Epodonios/v2ray-configs/main/{Sub1.txt|Sub2.txt|Sub3.txt|Sub4.txt|Sub5.txt|Sub6.txt|Sub7.txt|Sub8.txt}
[OK] proxies=4466 source=[Epodonios] url=https://raw.githubusercontent.com/Epodonios/v2ray-configs/main/README.md
============================================================
[INFO] sublink try repo: https://github.com/free-clash-v2ray/free-clash-v2ray.github.io
[INFO] sublink try page: https://raw.githubusercontent.com/free-clash-v2ray/free-clash-v2ray.github.io/main/README.md
[OK] proxies=3279 new=3279 url=https://free-clash-v2ray.github.io/uploads/2026/09/{0-20260920.yaml|1-20260920.yaml|2-20260920.yaml|3-20260920.yaml}
[OK] proxies=4810 new=1941 url=https://free-clash-v2ray.github.io/uploads/2026/09/{0-20260920.txt|1-20260920.txt|2-20260920.txt|3-20260920.txt|4-20260920.txt}
[OK] proxies=5220 source=[Free-clash-v2ray] url=https://raw.githubusercontent.com/free-clash-v2ray/free-clash-v2ray.github.io/main/README.md
============================================================
[INFO] article try page: https://v2rayclashfree.com
[INFO] sublink try page: https://v2rayclashfree.com/fn/20260920.html
[OK] proxies=1602 new=1602 url=https://v2rayclashfree.com/sub/20260920-v2ray.txt
[OK] proxies=1332 new=425 url=https://v2rayclashfree.com/sub/20260920-clash.yaml
[OK] proxies=2027 source=[V2rayclashfree-RSS] url=https://v2rayclashfree.com/fn/20260920.html
============================================================
[INFO] raw backup written path=/home/runner/work/Free-node-autotest/Free-node-autotest/output/raw.yaml proxies=30840
[INFO] toolkit try repo: https://github.com/MetaCubeX/mihomo
[INFO] toolkit try release: https://github.com/MetaCubeX/mihomo/releases
[INFO] toolkit try release: https://github.com/MetaCubeX/mihomo/releases/expanded_assets/v1.19.31
[INFO] toolkit try download: https://github.com/MetaCubeX/mihomo/releases/download/v1.19.31/mihomo-linux-amd64-compatible-v1.19.31.gz
[OK] toolkit downloaded: mihomo-linux-amd64-compatible-v1.19.31.gz bytes=22821836
[OK] toolkit sha256 verified: mihomo-linux-amd64-compatible-v1.19.31.gz sha256=04cf9f09671704f839ddbee2e93069dc831a4123a75281e725d1d96ab9ac1afc
[OK] proxy engine ready: starting latency test package=mihomo-linux-amd64-compatible-v1.19.31.gz
============================================================
[WARN] batch start failed size=17809 {1} split -> 8904 {2} + 8905 {3}
[WARN] batch start failed size=8904 {2} split -> 4452 {4} + 4452 {5}
[WARN] batch start failed size=8905 {3} split -> 4452 {6} + 4453 {7}
[WARN] batch start failed size=4452 {4} split -> 2226 {8} + 2226 {9}
[WARN] batch start failed size=4452 {6} split -> 2226 {10} + 2226 {11}
[TEST] {5} tested 100/4452 kept=0 rest=17709
[WARN] batch start failed size=4453 {7} split -> 2226 {12} + 2227 {13}
[TEST] {9} tested 100/2226 kept=9 rest=17535
[TEST] {5} tested 200/4452 kept=43 rest=17438
[WARN] batch start failed size=2226 {8} split -> 1113 {14} + 1113 {15}
[TEST] {5} tested 300/4452 kept=107 rest=17322
[TEST] {10} tested 100/2226 kept=0 rest=17179
[TEST] {10} tested 200/2226 kept=0 rest=17056
[TEST] {10} tested 300/2226 kept=0 rest=16948
[TEST] {9} tested 200/2226 kept=24 rest=16863
[TEST] {9} tested 300/2226 kept=25 rest=16758
[TEST] {5} tested 400/4452 kept=107 rest=16662
[TEST] {10} tested 400/2226 kept=0 rest=16572
[TEST] {10} tested 500/2226 kept=0 rest=16459
[TEST] {5} tested 500/4452 kept=107 rest=16341
[TEST] {10} tested 600/2226 kept=0 rest=16327
[TEST] {9} tested 400/2226 kept=29 rest=16271
[TEST] {9} tested 500/2226 kept=29 rest=16146
[TEST] {9} tested 600/2226 kept=30 rest=16045
[TEST] {9} tested 700/2226 kept=30 rest=15922
[TEST] {10} tested 700/2226 kept=0 rest=15816
[TEST] {10} tested 800/2226 kept=0 rest=15708
[TEST] {5} tested 600/4452 kept=107 rest=15596
[TEST] {10} tested 900/2226 kept=0 rest=15582
[TEST] {10} tested 1000/2226 kept=0 rest=15462
[TEST] {9} tested 800/2226 kept=30 rest=15349
[TEST] {5} tested 700/4452 kept=107 rest=15180
[TEST] {9} tested 900/2226 kept=42 rest=15089
[TEST] {10} tested 1100/2226 kept=1 rest=15079
[TEST] {10} tested 1200/2226 kept=11 rest=14904
[TEST] {9} tested 1000/2226 kept=86 rest=14825
[TEST] {5} tested 800/4452 kept=107 rest=14684
[TEST] {10} tested 1300/2226 kept=15 rest=14609
[TEST] {10} tested 1400/2226 kept=31 rest=14473
[TEST] {10} tested 1500/2226 kept=100 rest=14342
[TEST] {9} tested 1100/2226 kept=93 rest=14324
[TEST] {10} tested 1600/2226 kept=127 rest=14223
[TEST] {10} tested 1700/2226 kept=159 rest=14089
[TEST] {10} tested 1800/2226 kept=199 rest=13952
[TEST] {9} tested 1200/2226 kept=93 rest=13879
[TEST] {5} tested 900/4452 kept=107 rest=13779
[TEST] {10} tested 1900/2226 kept=255 rest=13758
[TEST] {10} tested 2000/2226 kept=312 rest=13613
[TEST] {10} tested 2100/2226 kept=344 rest=13480
[TEST] {9} tested 1300/2226 kept=94 rest=13331
[TEST] {10} tested 2200/2226 kept=384 rest=13313
[TEST] {9} tested 1400/2226 kept=95 rest=13212
[TEST] {5} tested 1000/4452 kept=107 rest=13173
[TEST] {10} tested 2226/2226 kept=392 rest=13062
[TEST] {5} tested 1100/4452 kept=107 rest=13040
[WARN] batch start failed size=2226 {11} split -> 1113 {16} + 1113 {17}
[TEST] {9} tested 1500/2226 kept=95 rest=12972
[WARN] batch start failed size=2227 {13} split -> 1113 {18} + 1114 {19}
[TEST] {5} tested 1200/4452 kept=107 rest=12815
[WARN] batch start failed size=2226 {12} split -> 1113 {20} + 1113 {21}
[TEST] {9} tested 1600/2226 kept=95 rest=12757
[WARN] batch start failed size=1113 {15} split -> 556 {22} + 557 {23}
[WARN] batch start failed size=1113 {14} split -> 556 {24} + 557 {25}
[TEST] {9} tested 1700/2226 kept=95 rest=12622
[WARN] batch start failed size=1113 {16} split -> 556 {26} + 557 {27}
[TEST] {5} tested 1300/4452 kept=107 rest=12562
[WARN] batch start failed size=1113 {17} split -> 556 {28} + 557 {29}
[WARN] batch start failed size=1114 {19} split -> 557 {30} + 557 {31}
[TEST] {9} tested 1800/2226 kept=95 rest=12436
[TEST] {18} tested 100/1113 kept=6 rest=12284
[TEST] {5} tested 1400/4452 kept=107 rest=12195
[TEST] {18} tested 200/1113 kept=60 rest=12039
[TEST] {5} tested 1500/4452 kept=107 rest=11968
[TEST] {9} tested 1900/2226 kept=95 rest=11905
[TEST] {18} tested 300/1113 kept=148 rest=11828
[TEST] {18} tested 400/1113 kept=179 rest=11713
[TEST] {18} tested 500/1113 kept=193 rest=11596
[TEST] {18} tested 600/1113 kept=207 rest=11479
[TEST] {18} tested 700/1113 kept=226 rest=11364
[TEST] {18} tested 800/1113 kept=309 rest=11226
[TEST] {18} tested 900/1113 kept=344 rest=11111
[TEST] {18} tested 1000/1113 kept=364 rest=11005
[TEST] {5} tested 1600/4452 kept=107 rest=10901
[TEST] {9} tested 2000/2226 kept=95 rest=10876
[TEST] {5} tested 1700/4452 kept=107 rest=10783
[TEST] {18} tested 1100/1113 kept=396 rest=10714
[TEST] {5} tested 1800/4452 kept=107 rest=10657
[TEST] {9} tested 2100/2226 kept=95 rest=10572
[TEST] {18} tested 1113/1113 kept=397 rest=10457
[TEST] {5} tested 1900/4452 kept=107 rest=10415
[TEST] {5} tested 2000/4452 kept=107 rest=10309
[TEST] {5} tested 2100/4452 kept=108 rest=10208
[TEST] {5} tested 2200/4452 kept=110 rest=10108
[WARN] batch start failed size=1113 {20} split -> 556 {32} + 557 {33}
[TEST] {9} tested 2200/2226 kept=95 rest=9931
[TEST] {21} tested 100/1113 kept=1 rest=9867
[TEST] {5} tested 2300/4452 kept=110 rest=9761
[TEST] {9} tested 2226/2226 kept=95 rest=9756
[TEST] {21} tested 200/1113 kept=19 rest=9742
[WARN] batch start failed size=557 {23} split -> 278 {34} + 279 {35}
[TEST] {5} tested 2400/4452 kept=110 rest=9566
[TEST] {5} tested 2500/4452 kept=110 rest=9426
[TEST] {21} tested 300/1113 kept=20 rest=9367
[TEST] {21} tested 400/1113 kept=21 rest=9250
[TEST] {21} tested 500/1113 kept=33 rest=9133
[TEST] {5} tested 2600/4452 kept=123 rest=9055
[TEST] {21} tested 600/1113 kept=40 rest=8992
[TEST] {22} tested 100/556 kept=2 rest=8894
[TEST] {22} tested 200/556 kept=37 rest=8708
[TEST] {5} tested 2700/4452 kept=123 rest=8677
[TEST] {21} tested 700/1113 kept=41 rest=8610
[TEST] {21} tested 800/1113 kept=41 rest=8498
[TEST] {21} tested 900/1113 kept=41 rest=8374
[TEST] {22} tested 300/556 kept=38 rest=8211
[TEST] {5} tested 2800/4452 kept=123 rest=8103
[TEST] {21} tested 1000/1113 kept=45 rest=8001
[TEST] {22} tested 400/556 kept=38 rest=8000
[TEST] {5} tested 2900/4452 kept=124 rest=7813
[TEST] {21} tested 1100/1113 kept=46 rest=7730
[TEST] {22} tested 500/556 kept=40 rest=7675
[TEST] {5} tested 3000/4452 kept=124 rest=7607
[TEST] {21} tested 1113/1113 kept=46 rest=7510
[WARN] batch start failed size=556 {24} split -> 278 {36} + 278 {37}
[TEST] {5} tested 3100/4452 kept=124 rest=7476
[TEST] {22} tested 556/556 kept=40 rest=7471
[WARN] batch start failed size=557 {27} split -> 278 {38} + 279 {39}
[TEST] {25} tested 100/557 kept=46 rest=7313
[TEST] {26} tested 100/556 kept=10 rest=7194
[TEST] {26} tested 200/556 kept=30 rest=7077
[TEST] {5} tested 3200/4452 kept=124 rest=7063
[TEST] {26} tested 300/556 kept=53 rest=6942
[TEST] {26} tested 400/556 kept=90 rest=6814
[TEST] {26} tested 500/556 kept=161 rest=6671
[TEST] {5} tested 3300/4452 kept=124 rest=6638
[TEST] {25} tested 200/557 kept=61 rest=6526
[TEST] {5} tested 3400/4452 kept=124 rest=6367
[TEST] {26} tested 556/556 kept=170 rest=6256
[TEST] {5} tested 3500/4452 kept=124 rest=6224
[WARN] batch start failed size=557 {29} split -> 278 {40} + 279 {41}
[TEST] {25} tested 300/557 kept=96 rest=6196
[TEST] {5} tested 3600/4452 kept=125 rest=5935
[TEST] {25} tested 400/557 kept=96 rest=5897
[TEST] {28} tested 100/556 kept=11 rest=5861
[TEST] {28} tested 200/556 kept=19 rest=5717
[TEST] {25} tested 500/557 kept=99 rest=5585
[TEST] {5} tested 3700/4452 kept=125 rest=5564
[TEST] {28} tested 300/556 kept=21 rest=5376
[TEST] {5} tested 3800/4452 kept=126 rest=5270
[TEST] {28} tested 400/556 kept=21 rest=5269
[TEST] {25} tested 557/557 kept=99 rest=5163
[TEST] {28} tested 500/556 kept=22 rest=5161
[TEST] {30} tested 100/557 kept=2 rest=4976
[TEST] {30} tested 200/557 kept=13 rest=4873
[TEST] {30} tested 300/557 kept=15 rest=4764
[TEST] {30} tested 400/557 kept=19 rest=4656
[TEST] {5} tested 3900/4452 kept=127 rest=4545
[TEST] {30} tested 500/557 kept=77 rest=4492
[TEST] {5} tested 4000/4452 kept=128 rest=4385
[TEST] {28} tested 556/556 kept=23 rest=4307
[TEST] {5} tested 4100/4452 kept=128 rest=4269
[WARN] batch start failed size=557 {31} split -> 278 {42} + 279 {43}
[TEST] {30} tested 557/557 kept=111 rest=4076
[TEST] {5} tested 4200/4452 kept=128 rest=4057
[TEST] {33} tested 100/557 kept=2 rest=4040
[TEST] {5} tested 4300/4452 kept=128 rest=3851
[TEST] {33} tested 200/557 kept=15 rest=3848
[WARN] batch start failed size=556 {32} split -> 278 {44} + 278 {45}
[WARN] batch start failed size=278 {34} split -> 139 {46} + 139 {47}
[TEST] {35} tested 100/279 kept=2 rest=3649
[TEST] {33} tested 300/557 kept=19 rest=3464
[TEST] {5} tested 4400/4452 kept=128 rest=3353
[TEST] {33} tested 400/557 kept=20 rest=3350
[TEST] {35} tested 200/279 kept=17 rest=3320
[TEST] {33} tested 500/557 kept=21 rest=3208
[TEST] {5} tested 4452/4452 kept=128 rest=3138
[TEST] {35} tested 279/279 kept=17 rest=3108
[TEST] {37} tested 100/278 kept=0 rest=3008
[WARN] batch start failed size=278 {36} split -> 139 {48} + 139 {49}
[WARN] batch start failed size=278 {38} split -> 139 {50} + 139 {51}
[TEST] {33} tested 557/557 kept=21 rest=2875
[WARN] batch start failed size=279 {41} split -> 139 {52} + 140 {53}
[TEST] {40} tested 100/278 kept=0 rest=2678
[TEST] {40} tested 200/278 kept=4 rest=2577
[TEST] {37} tested 200/278 kept=6 rest=2559
[TEST] {37} tested 278/278 kept=6 rest=2479
[WARN] batch start failed size=278 {42} split -> 139 {54} + 139 {55}
[TEST] {39} tested 100/279 kept=2 rest=2469
[TEST] {39} tested 200/279 kept=2 rest=2369
[TEST] {43} tested 100/279 kept=40 rest=2188
[TEST] {40} tested 278/278 kept=8 rest=2131
[TEST] {43} tested 200/279 kept=123 rest=2041
[TEST] {45} tested 100/278 kept=1 rest=1952
[TEST] {39} tested 279/279 kept=4 rest=1813
[WARN] batch start failed size=278 {44} split -> 139 {56} + 139 {57}
[WARN] batch start failed size=139 {46} split -> 69 {58} + 70 {59}
[TEST] {43} tested 279/279 kept=143 rest=1672
[TEST] {45} tested 200/278 kept=8 rest=1656
[WARN] batch start failed size=139 {49} split -> 69 {60} + 70 {61}
[WARN] batch start failed size=139 {48} split -> 69 {62} + 70 {63}
[TEST] {45} tested 278/278 kept=8 rest=1572
[WARN] batch start failed size=139 {50} split -> 69 {64} + 70 {65}
[TEST] {51} tested 100/139 kept=4 rest=1471
[WARN] batch start failed size=139 {52} split -> 69 {66} + 70 {67}
[TEST] {47} tested 100/139 kept=2 rest=1355
[TEST] {47} tested 139/139 kept=2 rest=1316
[WARN] batch start failed size=139 {54} split -> 69 {68} + 70 {69}
[TEST] {51} tested 139/139 kept=6 rest=1206
[TEST] {55} tested 100/139 kept=92 rest=1196
[WARN] batch start failed size=139 {56} split -> 69 {70} + 70 {71}
[TEST] {53} tested 100/140 kept=0 rest=1176
[TEST] {53} tested 140/140 kept=0 rest=1135
[WARN] batch start failed size=69 {58} split -> 34 {72} + 35 {73}
[TEST] {57} tested 100/139 kept=1 rest=1030
[TEST] {55} tested 139/139 kept=113 rest=955
[TEST] {57} tested 139/139 kept=2 rest=892
[WARN] batch start failed size=69 {60} split -> 34 {74} + 35 {75}
[TEST] {59} tested 70/70 kept=3 rest=865
[WARN] batch start failed size=70 {63} split -> 35 {76} + 35 {77}
[TEST] {61} tested 70/70 kept=35 rest=747
[WARN] batch start failed size=70 {65} split -> 35 {78} + 35 {79}
[WARN] batch start failed size=69 {66} split -> 34 {80} + 35 {81}
[TEST] {62} tested 69/69 kept=10 rest=653
[TEST] {64} tested 69/69 kept=24 rest=646
[WARN] batch start failed size=69 {68} split -> 34 {82} + 35 {83}
[TEST] {67} tested 70/70 kept=4 rest=515
[WARN] batch start failed size=69 {70} split -> 34 {84} + 35 {85}
[TEST] {69} tested 70/70 kept=66 rest=489
[TEST] {71} tested 70/70 kept=0 rest=461
[WARN] batch start failed size=35 {73} split -> 17 {86} + 18 {87}
[WARN] batch start failed size=35 {75} split -> 17 {88} + 18 {89}
[TEST] {72} tested 34/34 kept=9 rest=404
[WARN] batch start failed size=35 {77} split -> 17 {90} + 18 {91}
[WARN] batch start failed size=35 {78} split -> 17 {92} + 18 {93}
[TEST] {74} tested 34/34 kept=0 rest=363
[TEST] {76} tested 35/35 kept=5 rest=342
[WARN] batch start failed size=34 {80} split -> 17 {94} + 17 {95}
[TEST] {79} tested 35/35 kept=1 rest=308
[WARN] batch start failed size=35 {83} split -> 17 {96} + 18 {97}
[TEST] {81} tested 35/35 kept=3 rest=286
[WARN] batch start failed size=35 {85} split -> 17 {98} + 18 {99}
[TEST] {82} tested 34/34 kept=7 rest=243
[WARN] batch start failed size=17 {86} split -> 8 {100} + 9 {101}
[TEST] {84} tested 34/34 kept=0 rest=218
[TEST] {87} tested 18/18 kept=6 rest=212
[WARN] batch start failed size=18 {89} split -> 9 {102} + 9 {103}
[WARN] batch start failed size=18 {91} split -> 9 {104} + 9 {105}
[WARN] batch start failed size=17 {90} split -> 8 {106} + 9 {107}
[WARN] batch start failed size=17 {92} split -> 8 {108} + 9 {109}
[WARN] batch start failed size=17 {95} split -> 8 {110} + 9 {111}
[TEST] {88} tested 17/17 kept=0 rest=206
[TEST] {97} tested 18/18 kept=17 rest=184
[WARN] batch start failed size=17 {96} split -> 8 {112} + 9 {113}
[TEST] {93} tested 18/18 kept=0 rest=156
[WARN] batch start failed size=17 {98} split -> 8 {114} + 9 {115}
[TEST] {94} tested 17/17 kept=1 rest=146
[WARN] batch start failed size=9 {101} split -> 4 {116} + 5 {117}
[WARN] batch start failed size=9 {102} split -> 4 {118} + 5 {119}
[TEST] {99} tested 18/18 kept=0 rest=134
[TEST] {103} tested 9/9 kept=0 rest=125
[WARN] batch start failed size=9 {104} split -> 4 {120} + 5 {121}
[WARN] batch start failed size=8 {106} split -> 4 {122} + 4 {123}
[TEST] {100} tested 8/8 kept=3 rest=118
[TEST] {105} tested 9/9 kept=0 rest=106
[WARN] batch start failed size=9 {109} split -> 4 {124} + 5 {125}
[TEST] {107} tested 9/9 kept=0 rest=98
[WARN] batch start failed size=9 {111} split -> 4 {126} + 5 {127}
[WARN] batch start failed size=8 {112} split -> 4 {128} + 4 {129}
[TEST] {108} tested 8/8 kept=1 rest=85
[TEST] {113} tested 9/9 kept=9 rest=84
[WARN] batch start failed size=9 {115} split -> 4 {130} + 5 {131}
[TEST] {117} tested 5/5 kept=4 rest=75
[TEST] {110} tested 8/8 kept=0 rest=69
[WARN] batch start failed size=4 {116} split -> 2 {132} + 2 {133}
[WARN] batch start failed size=4 {118} split -> 2 {134} + 2 {135}
[WARN] batch start failed size=5 {119} split -> 2 {136} + 3 {137}
[WARN] batch start failed size=5 {121} split -> 2 {138} + 3 {139}
[WARN] batch start failed size=4 {120} split -> 2 {140} + 2 {141}
[WARN] batch start failed size=4 {122} split -> 2 {142} + 2 {143}
[WARN] batch start failed size=4 {123} split -> 2 {144} + 2 {145}
[WARN] batch start failed size=5 {125} split -> 2 {146} + 3 {147}
[WARN] batch start failed size=5 {127} split -> 2 {148} + 3 {149}
[TEST] {114} tested 8/8 kept=0 rest=61
[WARN] batch start failed size=4 {129} split -> 2 {150} + 2 {151}
[TEST] {124} tested 4/4 kept=0 rest=57
[TEST] {126} tested 4/4 kept=0 rest=51
[WARN] batch start failed size=4 {130} split -> 2 {152} + 2 {153}
[TEST] {133} tested 2/2 kept=2 rest=48
[TEST] {128} tested 4/4 kept=2 rest=47
[WARN] batch start failed size=2 {132} split -> 1 {154} + 1 {155}
[WARN] batch start failed size=2 {135} split -> 1 {156} + 1 {157}
[WARN] batch start failed size=2 {134} split -> 1 {158} + 1 {159}
[WARN] batch start failed size=2 {136} split -> 1 {160} + 1 {161}
[TEST] {137} tested 3/3 kept=0 rest=44
[WARN] batch start failed size=2 {138} split -> 1 {162} + 1 {163}
[WARN] batch start failed size=2 {140} split -> 1 {164} + 1 {165}
[TEST] {131} tested 5/5 kept=0 rest=41
[WARN] batch start failed size=2 {141} split -> 1 {166} + 1 {167}
[WARN] batch start failed size=2 {143} split -> 1 {168} + 1 {169}
[WARN] batch start failed size=2 {144} split -> 1 {170} + 1 {171}
[WARN] batch start failed size=2 {145} split -> 1 {172} + 1 {173}
[WARN] batch start failed size=2 {146} split -> 1 {174} + 1 {175}
[TEST] {139} tested 3/3 kept=0 rest=38
[WARN] batch start failed size=3 {149} split -> 1 {176} + 2 {177}
[TEST] {142} tested 2/2 kept=0 rest=36
[WARN] batch start failed size=2 {150} split -> 1 {178} + 1 {179}
[TEST] {151} tested 2/2 kept=2 rest=34
[TEST] {147} tested 3/3 kept=0 rest=32
[WARN] batch start failed size=2 {153} split -> 1 {180} + 1 {181}
[DROP] {154} name=[免费节点6] 日本 003 server=172.111.146.64:80 reason=Parse config error: proxy 0: filed ws-opts.headers[Host] invalid
[TEST] {155} tested 1/1 kept=0 rest=29
[TEST] {148} tested 2/2 kept=1 rest=28
[REPAIR] {157} name=[ChromeGO-Merge] United-4 fields=up,down
[REPAIR] {156} name=[ChromeGO-Merge] France fields=up,down
[REPAIR] {159} name=[ChromeGO-Merge] Taiwan fields=up,down
[REPAIR] {161} name=[ChromeGO-Merge] United-5 fields=up,down
[TEST] {159} tested 1/1 kept=0 rest=27
[REPAIR] {160} name=[ChromeGO-Merge] Taiwan-2 fields=up,down
[REPAIR] {162} name=[ChromeGO-Merge] United-2 fields=up,down
[TEST] {160} tested 1/1 kept=0 rest=26
[TEST] {152} tested 2/2 kept=0 rest=25
[TEST] {163} tested 1/1 kept=0 rest=24
[REPAIR] {165} name=[ChromeGO-Merge] WARP fields=dialer-proxy
[REPAIR] {166} name=[ChromeGO-Merge] United fields=up,down
[TEST] {165} tested 1/1 kept=1 rest=23
[REPAIR] {167} name=[ChromeGO-Merge] France_hysteria_1 fields=up,down
[TEST] {158} tested 1/1 kept=0 rest=22
[TEST] {157} tested 1/1 kept=0 rest=21
[REPAIR] {169} name=[ChromeGO-ShiteThings] hysteria fields=up,down
[TEST] {156} tested 1/1 kept=0 rest=20
[TEST] {168} tested 1/1 kept=0 rest=19
[REPAIR] {170} name=[ChromeGO-ShiteThings] hysteria-2 fields=up,down
[TEST] {169} tested 1/1 kept=0 rest=18
[REPAIR] {171} name=[ChromeGO-ShiteThings] hysteria-3 fields=up,down
[REPAIR] {172} name=[ChromeGO-ShiteThings] hysteria-4 fields=up,down
[TEST] {161} tested 1/1 kept=0 rest=17
[TEST] {170} tested 1/1 kept=0 rest=16
[REPAIR] {173} name=[ChromeGO-ShiteThings] hysteria-5 fields=up,down
[TEST] {174} tested 1/1 kept=0 rest=15
[TEST] {171} tested 1/1 kept=0 rest=14
[TEST] {172} tested 1/1 kept=0 rest=13
[REPAIR] {175} name=[Pawdroid-SS-APK] United+Kingdom-2 fields=cipher
[REPAIR] {176} name=[Epodonios] EPODONIOS-91 fields=cipher
[TEST] {162} tested 1/1 kept=0 rest=12
[TEST] {175} tested 1/1 kept=1 rest=11
[REPAIR] {179} name=[Free-clash-v2ray] hysteria fields=up,down
[TEST] {179} tested 1/1 kept=0 rest=10
[TEST] {178} tested 1/1 kept=1 rest=9
[TEST] {164} tested 1/1 kept=0 rest=8
[DROP] {181} name=[Epodonios] EPODONIOS-372 server=66.33.22.232:34118 reason=Parse config error: proxy 0: 'reality-opts' has unset fields: public-key
[TEST] {166} tested 1/1 kept=0 rest=6
[TEST] {167} tested 1/1 kept=0 rest=5
[TEST] {173} tested 1/1 kept=0 rest=4
[TEST] {177} tested 2/2 kept=0 rest=2
[TEST] {176} tested 1/1 kept=0 rest=1
[TEST] {180} tested 1/1 kept=0 rest=0
[INFO] dropped=2 [免费节点6] × 1 | [Epodonios] × 1
============================================================
[INFO] core-dedupe dropped 1 same-host variants, kept higher health_score
[INFO] cap live source=[免费节点2] from 78 to 50 by health_score
[INFO] cap live source=[免费节点6] from 78 to 50 by health_score
[INFO] cap live source=[免费节点8] from 175 to 50 by health_score
[INFO] cap live source=[Pawdroid-SR-APK] from 548 to 50 by health_score
[INFO] cap live source=[Epodonios] from 98 to 50 by health_score
[INFO] cap live source=[Free-clash-v2ray] from 727 to 50 by health_score
[INFO] cap live source=[V2rayclashfree-RSS] from 130 to 50 by health_score
[INFO] cap live total from 564 to 400 floor=5 then health_score pool
[INFO] cap live reserved=110 pool=454 taken=290
============================================================
+------------------------------+--------+--------+------+--------+
| source                       |    raw | unique | live | capped |
+------------------------------+--------+--------+------+--------+
| [大FQ运动]                   |     14 |     14 |    3 |      3 |
+------------------------------+--------+--------+------+--------+
| [Pawdroid]                   |     22 |     21 |    5 |      5 |
+------------------------------+--------+--------+------+--------+
| [FreeV2-Base64]              |      3 |      3 |    2 |      2 |
+------------------------------+--------+--------+------+--------+
| [Bocchi2b-Base64]            |     35 |     35 |    0 |      0 |
+------------------------------+--------+--------+------+--------+
| [ChromeGO-Toolkit]           |     14 |     14 |    4 |      4 |
+------------------------------+--------+--------+------+--------+
| [ChromeGO-ShiteThings]       |     31 |     25 |    1 |      1 |
+------------------------------+--------+--------+------+--------+
| [ChromeGO-Merge]             |    122 |    121 |    8 |      5 |
+------------------------------+--------+--------+------+--------+
| [Freesocks]                  |      3 |      3 |    3 |      3 |
+------------------------------+--------+--------+------+--------+
| [NekoWarp]                   |     10 |     10 |   10 |      7 |
+------------------------------+--------+--------+------+--------+
| [1VPN-CRX]                   |     17 |     17 |   15 |      5 |
+------------------------------+--------+--------+------+--------+
| [OpenRunner-RSS]             |     14 |      0 |    0 |      0 |
+------------------------------+--------+--------+------+--------+
| [V2Rayshare-RSS]             |     27 |     26 |    3 |      3 |
+------------------------------+--------+--------+------+--------+
| [Mibei77-RSS]                |    108 |     87 |    2 |      2 |
+------------------------------+--------+--------+------+--------+
| [Yoyapai-RSS]                |    215 |    192 |    2 |      2 |
+------------------------------+--------+--------+------+--------+
| [免费节点1]                  |    150 |     48 |    9 |      5 |
+------------------------------+--------+--------+------+--------+
| [免费节点2]                  |    316 |    275 |   78 |     15 |
+------------------------------+--------+--------+------+--------+
| [免费节点3]                  |     23 |      9 |    7 |      5 |
+------------------------------+--------+--------+------+--------+
| [免费节点4]                  |    838 |    717 |   42 |     34 |
+------------------------------+--------+--------+------+--------+
| [免费节点5]                  |     29 |     28 |    0 |      0 |
+------------------------------+--------+--------+------+--------+
| [免费节点6]                  |   1615 |   1561 |   78 |     42 |
+------------------------------+--------+--------+------+--------+
| [免费节点7]                  |     64 |      0 |    0 |      0 |
+------------------------------+--------+--------+------+--------+
| [免费节点8]                  |   4243 |   3410 |  175 |     50 |
+------------------------------+--------+--------+------+--------+
| [免费节点9]                  |    615 |    457 |    0 |      0 |
+------------------------------+--------+--------+------+--------+
| [免费节点10]                 |   5464 |   3089 |   19 |      5 |
+------------------------------+--------+--------+------+--------+
| [免费节点11]                 |    454 |    216 |   37 |      5 |
+------------------------------+--------+--------+------+--------+
| [Pawdroid-SR-APK]            |   1802 |   1363 |  548 |     50 |
+------------------------------+--------+--------+------+--------+
| [Pawdroid-SS-APK]            |   1509 |    771 |   34 |     15 |
+------------------------------+--------+--------+------+--------+
| [Clashfree]                  |   1368 |    506 |    9 |      5 |
+------------------------------+--------+--------+------+--------+
| [Epodonios]                  |   4466 |   2746 |   98 |     46 |
+------------------------------+--------+--------+------+--------+
| [Free-clash-v2ray]           |   5220 |   1828 |  727 |     50 |
+------------------------------+--------+--------+------+--------+
| [V2rayclashfree-RSS]         |   2027 |    217 |  130 |     31 |
+------------------------------+--------+--------+------+--------+
============================================================
[SUMMARY] total_nodes=30838
[SUMMARY] legal_candidates=17809
[SUMMARY] passed_latency_test=400
[SUMMARY] region_HK=3 region_JP=1 region_US=139
[SUMMARY] avg_latency_ms=159.48
[SUMMARY] output=/home/runner/work/Free-node-autotest/Free-node-autotest/output/clash.yaml
============================================================
