============================================================
[INFO] sublink try page: https://end-gfw.com
[WARN] sublink page failed: https://end-gfw.com failed to fetch https://end-gfw.com: 522 Server Error: <none> for url: https://end-gfw.com/
[INFO] source try url: https://end-gfw.com/ss-key
[OK] proxies=4 new=4 url=https://end-gfw.com/ss-key
[INFO] sublink try repo: https://github.com/hello-world-1989/cn-news
[INFO] sublink try page: https://raw.githubusercontent.com/hello-world-1989/cn-news/main/README.md
[OK] proxies=2 new=2 url=https://raw.githubusercontent.com/hello-world-1989/cn-news/refs/heads/main/clash.yaml
[OK] proxies=2 new=0 url=https://raw.githubusercontent.com/hello-world-1989/cn-news/main/end-gfw-together
[OK] proxies=6 new=6 url=https://raw.githubusercontent.com/hello-world-1989/v2-sub/main/end-gfw-together-af3e13
[OK] proxies=12 source=[大FQ运动] url=https://raw.githubusercontent.com/hello-world-1989/cn-news/main/README.md
============================================================
[INFO] sublink try repo: https://github.com/Pawdroid/Free-servers
[INFO] sublink try page: https://raw.githubusercontent.com/Pawdroid/Free-servers/main/README.md
[OK] proxies=20 new=20 url=https://raw.githubusercontent.com/Pawdroid/Free-servers/main/README.md
[OK] proxies=20 new=18 url=https://raw.githubusercontent.com/Pawdroid/Free-servers/main/sub
[OK] proxies=1 new=1 url=https://apps.apple.com/cn/app/shadowshare/id1612647259
[OK] proxies=1 new=1 url=http://www.surflare.com
[OK] proxies=40 source=[Pawdroid] url=https://raw.githubusercontent.com/Pawdroid/Free-servers/main/README.md
============================================================
[INFO] source try url: https://xmxosfepggzm.503403.xyz
[OK] proxies=3 new=3 url=https://xmxosfepggzm.503403.xyz
[OK] proxies=3 source=[FreeV2-Base64] url=https://xmxosfepggzm.503403.xyz
============================================================
[INFO] source try url: https://links.bocchi2b.top/clash
[OK] proxies=35 new=35 url=https://links.bocchi2b.top/clash
[OK] proxies=35 source=[Bocchi2b-Base64] url=https://links.bocchi2b.top/clash
============================================================
[INFO] toolkit try repo: https://github.com/bannedbook/fanqiang
[INFO] toolkit try release: https://github.com/bannedbook/fanqiang/releases
[INFO] toolkit try release: https://github.com/bannedbook/fanqiang/releases/expanded_assets/ChromeGo-latest
[INFO] toolkit try download: https://github.com/bannedbook/fanqiang/releases/download/ChromeGo-latest/ChromeGo.7z
[OK] toolkit downloaded: ChromeGo.7z bytes=100924352
[OK] toolkit extracted archive=ChromeGo.7z tool=7z files=222 dirs=45
[OK] toolkit discovered subs=107 embedded=12 archive=ChromeGo.7z
[OK] proxies=6 new=6 embedded=archive-config
[OK] proxies=7 new=5 url=https://gitlab.com/free9999/ipupdate/master/backup/img/1/2/{ipp|ip}/{hysteria2|singbox|naiveproxy|hysteria|xray}/{2|3|1|4}/config.json
[OK] proxies=7 new=0 url=https://www.67867867.xyz/Alvin9999/PAC/refs/heads/master/backup/img/1/2/{ipp|ip}/{hysteria2|singbox|naiveproxy|hysteria|xray}/{2|3|1|4}/config.json
[OK] proxies=3 new=3 url=https://gitlab.com/free9999/ipupdate/master/backup/img/1/2/{ipp|ip}/clash.meta2/{2|3|1|5|4|6}/config.yaml
[OK] proxies=3 new=0 url=https://www.67867867.xyz/Alvin9999/PAC/refs/heads/master/backup/img/1/2/{ipp|ip}/clash.meta2/{2|3|1|5|4|6}/config.yaml
[OK] proxies=14 source=[ChromeGO-Toolkit] url=https://github.com/bannedbook/fanqiang/releases/download/ChromeGo-latest/ChromeGo.7z
============================================================
[INFO] sublink try repo: https://github.com/ShiteThings/extractNodes
[INFO] sublink try page: https://raw.githubusercontent.com/ShiteThings/extractNodes/main/README.md
[OK] proxies=31 new=30 url=https://{chg26.makou.cc.cd|chg64.makou.cc.cd}
[OK] proxies=26 new=1 url=https://chg26.makou.cc.cd/sb
[OK] proxies=31 source=[ChromeGO-ShiteThings] url=https://raw.githubusercontent.com/ShiteThings/extractNodes/main/README.md
============================================================
[INFO] sublink try repo: https://github.com/shangui999/chromego_merge
[INFO] sublink try page: https://raw.githubusercontent.com/shangui999/chromego_merge/master/ReadMe.md
[OK] proxies=10 new=10 url=https://freedman.netlify.app/sub/merged_proxies_new.yaml
[OK] proxies=11 new=1 url=https://freedman.netlify.app/sub/merged_warp_proxies_new.yaml
[OK] proxies=11 new=6 url=https://freedman.netlify.app/sub/shadowrocket_base64.txt
[OK] proxies=16 new=16 url=https://freedman.netlify.app/sub/sb.json
[INFO] sublink try repo: https://github.com/yaney01/chromego
[INFO] sublink try page: https://raw.githubusercontent.com/yaney01/chromego/main/ReadMe.md
[OK] proxies=50 new=46 url=https://raw.githubusercontent.com/yaney01/chromego/main/sub/merged_proxies_new.yaml
[OK] proxies=51 new=0 url=https://raw.githubusercontent.com/yaney01/chromego/main/sub/merged_warp_proxies_new.yaml
[OK] proxies=13 new=7 url=https://raw.githubusercontent.com/yaney01/chromego/main/sub/shadowrocket_base64.txt
[OK] proxies=13 new=0 url=https://raw.githubusercontent.com/yaney01/chromego/main/sub/sb.json
[INFO] sublink try repo: https://github.com/Misaka-blog/chromego_merge
[INFO] sublink try page: https://raw.githubusercontent.com/Misaka-blog/chromego_merge/main/README.md
[OK] proxies=31 new=31 url=https://chromego-sub.netlify.app/sub/merged_proxies_new.yaml
[OK] proxies=117 source=[ChromeGO-Merge] url=https://raw.githubusercontent.com/Misaka-blog/chromego_merge/main/README.md
============================================================
[INFO] source try url: https://freesocks.org/api/v1/sub/02b897e8e77f19176b0b9f2c75864b00
[OK] proxies=1 new=1 url=https://freesocks.org/api/v1/sub/02b897e8e77f19176b0b9f2c75864b00
[OK] proxies=1 source=[Freesocks] url=https://freesocks.org/api/v1/sub/02b897e8e77f19176b0b9f2c75864b00
============================================================
[INFO] source try url: https://neko-warp.nloli.xyz/neko_warp.yaml
[OK] proxies=10 new=10 url=https://neko-warp.nloli.xyz/neko_warp.yaml
[OK] proxies=10 source=[NekoWarp] url=https://neko-warp.nloli.xyz/neko_warp.yaml
============================================================
[INFO] toolkit try chrome: https://chromewebstore.google.com/detail/free-vpn-proxy-1vpn/akcocjjpkmlniicdeemdceeajlmoabhg
[INFO] toolkit try download: https://clients2.google.com/service/update2/crx?response=redirect&prodversion=131.0.6778.0&acceptformat=crx2,crx3&x=id%3dakcocjjpkmlniicdeemdceeajlmoabhg%26uc
[OK] toolkit downloaded: free-vpn-proxy-1vpn.crx bytes=1627904
[OK] toolkit extracted archive=free-vpn-proxy-1vpn.crx tool=zipfile files=68 dirs=57
[OK] toolkit 1vpn-crx scanned hosts=17 keys=1 archive=free-vpn-proxy-1vpn.crx
[OK] proxies=17 source=[1VPN-CRX] url=https://clients2.google.com/service/update2/crx?response=redirect&prodversion=131.0.6778.0&acceptformat=crx2,crx3&x=id%3dakcocjjpkmlniicdeemdceeajlmoabhg%26uc
============================================================
[INFO] article try feed: https://free.datiya.com/index.xml
[INFO] sublink try page: https://free.datiya.com/post/20260921/
[OK] proxies=14 new=14 url=https://free.datiya.com/uploads/20260921-clash.yaml
[OK] proxies=14 source=[OpenRunner-RSS] url=https://free.datiya.com/post/20260921/
============================================================
[INFO] article try feed: https://v2rayshare.com/feed
[INFO] sublink try page: https://v2rayshare.net/p/5059.html
[OK] proxies=23 new=23 url=https://static.v2rayshare.net/2026/09/20260921.txt
[OK] proxies=30 new=30 url=https://static.v2rayshare.net/2026/09/20260921.yaml
[OK] proxies=30 new=0 url=https://static.v2rayshare.net/2026/09/m20260921.yaml
[INFO] sublink try repo: https://github.com/firefoxmmx2/v2rayshare_subcription
[INFO] sublink try page: https://raw.githubusercontent.com/firefoxmmx2/v2rayshare_subcription/main/README.md
[OK] proxies=27 new=27 url=https://{raw.githubusercontent.com|cdn.jsdelivr.net}/firefoxmmx2/v2rayshare_subcription/main/subscription/vray_sub.txt
[OK] proxies=27 new=0 url=https://{raw.githubusercontent.com|cdn.jsdelivr.net}/firefoxmmx2/v2rayshare_subcription/main/subscription/clash_sub.yaml
[OK] proxies=27 new=0 url=https://{raw.githubusercontent.com|cdn.jsdelivr.net}/firefoxmmx2/v2rayshare_subcription/main/subscription/mihomo_sub.yaml
[OK] proxies=80 source=[V2Rayshare-RSS] url=https://raw.githubusercontent.com/firefoxmmx2/v2rayshare_subcription/main/README.md
============================================================
[INFO] article try feed: https://www.mibei77.com/feed
[INFO] sublink try page: https://www.mibei77.com/686.html
[OK] proxies=192 new=192 url=https://mm.mibei77.com/202609/09.2164bavgb.txt
[OK] proxies=190 new=0 url=https://mm.mibei77.com/202609/0921Clashijz.yaml
[OK] proxies=192 source=[Mibei77-RSS] url=https://www.mibei77.com/686.html
============================================================
[INFO] article try feed: https://yoyapai.com/feed
[INFO] sublink try page: https://yoyapai.com/725
[OK] proxies=1 new=1 url=https://yoyapai.com/725
[OK] proxies=214 new=214 url=https://freenode.yoyapai.com/2026/09/20-yoyapai.com-clash-vpnmianfeijiedian.yaml
[OK] proxies=214 new=0 url=https://freenode.yoyapai.com/2026/09/20-yoyapai.com-ssrv2ray-vpnmianfeijiedian.txt
[OK] proxies=215 source=[Yoyapai-RSS] url=https://yoyapai.com/725
============================================================
[INFO] sublink try repo: https://github.com/free18/v2ray
[INFO] sublink try page: https://raw.githubusercontent.com/free18/v2ray/main/README.md
[OK] proxies=3 new=3 url=https://raw.githubusercontent.com/free18/v2ray/main/README.md
[OK] proxies=204 new=204 url=https://ghfast.top/https://raw.githubusercontent.com/free18/v2ray/refs/heads/main/v.txt
[OK] proxies=204 new=0 url=https://ghfast.top/https://raw.githubusercontent.com/free18/v2ray/refs/heads/main/c.yaml
[OK] proxies=207 source=[免费节点1] url=https://raw.githubusercontent.com/free18/v2ray/main/README.md
============================================================
[INFO] sublink try repo: https://github.com/ermaozi/get_subscribe
[INFO] sublink try page: https://raw.githubusercontent.com/ermaozi/get_subscribe/main/README.md
[INFO] sublink file_nodes=0 bare links=9
[OK] proxies=381 new=381 url=https://www.ermao.net/sub/{clash|v2ray}/ermao.net
[OK] proxies=371 new=0 url=https://www.ermao.net/sub/{reachable|unreachable|untested}/clash/ermao.net
[OK] proxies=381 source=[免费节点2] url=https://raw.githubusercontent.com/ermaozi/get_subscribe/main/README.md
============================================================
[INFO] sublink try repo: https://github.com/sunmiao4458/free-proxy-airport
[INFO] sublink try page: https://raw.githubusercontent.com/sunmiao4458/free-proxy-airport/main/README.md
[OK] proxies=62 new=62 url=https://sunmiao4458.github.io/free-proxy-airport/clash.yaml
[OK] proxies=62 source=[免费节点3] url=https://raw.githubusercontent.com/sunmiao4458/free-proxy-airport/main/README.md
============================================================
[INFO] sublink try repo: https://github.com/mfuu/FreeProxies
[INFO] sublink try page: https://raw.githubusercontent.com/mfuu/FreeProxies/master/README.md
[OK] proxies=839 new=839 url=https://raw.githubusercontent.com/mfuu/FreeProxies/master/sub.yaml
[OK] proxies=839 source=[免费节点4] url=https://raw.githubusercontent.com/mfuu/FreeProxies/master/README.md
============================================================
[INFO] sublink try repo: https://github.com/vxiaov/free_proxies
[INFO] sublink try page: https://raw.githubusercontent.com/vxiaov/free_proxies/main/README.md
[OK] proxies=1 new=1 url=https://raw.githubusercontent.com/vxiaov/free_proxies/main/README.md
[OK] proxies=28 new=28 url=https://{cdn.jsdelivr.net|raw.githubusercontent.com}/vxiaov/free_proxies/main/clash/clash.provider.yaml
[OK] proxies=29 source=[免费节点5] url=https://raw.githubusercontent.com/vxiaov/free_proxies/main/README.md
============================================================
[INFO] sublink try repo: https://github.com/anaer/Sub
[INFO] sublink try page: https://raw.githubusercontent.com/anaer/Sub/main/README.MD
[OK] proxies=1593 new=1593 url=https://anaer.github.io/Sub/clash.yaml
[OK] proxies=1593 new=0 url=https://raw.githubusercontent.com/anaer/Sub/main/clash.yaml
[OK] proxies=1593 source=[免费节点6] url=https://raw.githubusercontent.com/anaer/Sub/main/README.MD
============================================================
[INFO] sublink try repo: https://github.com/snakem982/proxypool
[INFO] sublink try page: https://raw.githubusercontent.com/snakem982/proxypool/main/README.md
[OK] proxies=64 new=64 url=https://raw.githubusercontent.com/snakem982/proxypool/main/source/clash-meta-2.yaml
[OK] proxies=60 new=0 url=https://raw.githubusercontent.com/snakem982/proxypool/main/source/v2ray-2.txt
[OK] proxies=61 new=50 url=https://raw.githubusercontent.com/snakem982/proxypool/main/source/sing-box-2.json
[OK] proxies=114 source=[免费节点7] url=https://raw.githubusercontent.com/snakem982/proxypool/main/README.md
============================================================
[INFO] sublink try repo: https://github.com/mahdibland/V2RayAggregator
[INFO] sublink try page: https://raw.githubusercontent.com/mahdibland/V2RayAggregator/master/README.md
[OK] proxies=377 new=377 url=https://raw.githubusercontent.com/mahdibland/V2RayAggregator/master/README.md
[OK] proxies=1 new=1 url=https://github.com/mahdibland/SSAggregator/actions/workflows/Collector.yml
[OK] proxies=1 new=0 url=https://github.com/mahdibland/SSAggregator/actions/workflows/Airport_Collector.yml
[OK] proxies=198 new=0 url=https://raw.githubusercontent.com/mahdibland/ShadowsocksAggregator/master/Eternity.txt
[OK] proxies=199 new=12 url=https://raw.githubusercontent.com/mahdibland/ShadowsocksAggregator/master/Eternity.yml
[OK] proxies=61 new=61 url=https://raw.githubusercontent.com/mahdibland/ShadowsocksAggregator/master/EternityAir.txt
[OK] proxies=3912 new=3615 url=https://raw.githubusercontent.com/mahdibland/SSAggregator/master/sub/sub_merge_base64.txt
[OK] proxies=3912 new=0 url=https://raw.githubusercontent.com/mahdibland/{SSAggregator|ShadowsocksAggregator}/master/sub/sub_merge.txt
[OK] proxies=4015 new=141 url=https://raw.githubusercontent.com/mahdibland/SSAggregator/master/sub/sub_merge_yaml.yml
[OK] proxies=61 new=0 url=https://raw.githubusercontent.com/mahdibland/SSAggregator/master/sub/airport_merge_base64.txt
[OK] proxies=61 new=0 url=https://raw.githubusercontent.com/mahdibland/SSAggregator/master/sub/airport_sub_merge.txt
[OK] proxies=1435 new=0 url=https://raw.githubusercontent.com/mahdibland/ShadowsocksAggregator/master/sub/splitted/vmess.txt
[OK] proxies=596 new=0 url=https://raw.githubusercontent.com/mahdibland/ShadowsocksAggregator/master/sub/splitted/trojan.txt
[OK] proxies=43 new=0 url=https://raw.githubusercontent.com/mahdibland/ShadowsocksAggregator/master/sub/splitted/ssr.txt
[OK] proxies=1838 new=0 url=https://raw.githubusercontent.com/mahdibland/ShadowsocksAggregator/master/sub/splitted/ss.txt
[OK] proxies=1 new=0 url=https://cdn.jsdelivr.net/gh/mahdibland/V2RayAggregator@master/update/provider/provider-meta.yml
[OK] proxies=1 new=0 url=https://cdn.jsdelivr.net/gh/mahdibland/V2RayAggregator@master/update/provider/provider-meta-cn.yml
[OK] proxies=1 new=0 url=https://cdn.jsdelivr.net/gh/mahdibland/V2RayAggregator@master/update/provider/provider-meta-others.yml
[OK] proxies=1 new=0 url=https://cdn.jsdelivr.net/gh/mahdibland/V2RayAggregator@master/update/provider/provider.yml
[OK] proxies=1 new=0 url=https://cdn.jsdelivr.net/gh/mahdibland/V2RayAggregator@master/update/provider/provider-cn.yml
[OK] proxies=1 new=0 url=https://cdn.jsdelivr.net/gh/mahdibland/V2RayAggregator@master/update/provider/provider-others.yml
[OK] proxies=4207 source=[免费节点8] url=https://raw.githubusercontent.com/mahdibland/V2RayAggregator/master/README.md
============================================================
[INFO] sublink try repo: https://github.com/w1770946466/Auto_proxy
[INFO] sublink try page: https://raw.githubusercontent.com/w1770946466/Auto_proxy/main/README.md
[OK] proxies=1 new=1 url=https://github.com/w1770946466/Auto_proxy/actions/workflows/main.yml
[OK] proxies=245 new=245 url=https://raw.githubusercontent.com/w1770946466/Auto_proxy/main/{Long_term_subscription2.yaml|Long_term_subscription1.yaml|Long_term_subscription3.yaml}
[OK] proxies=489 new=54 url=https://raw.githubusercontent.com/w1770946466/Auto_proxy/main/{Long_term_subscription1|Long_term_subscription2|Long_term_subscription3|Long_term_subscription4|Long_term_subscription5|Long_term_subscription6|Long_term_subscription7|Long_term_subscription8}
[OK] proxies=489 new=315 url=https://raw.githubusercontent.com/w1770946466/Auto_proxy/main/Long_term_subscription_num
[OK] proxies=615 source=[免费节点9] url=https://raw.githubusercontent.com/w1770946466/Auto_proxy/main/README.md
============================================================
[INFO] sublink try repo: https://github.com/PuddinCat/BestClash
[INFO] sublink try page: https://raw.githubusercontent.com/PuddinCat/BestClash/main/README.md
[OK] proxies=16 new=16 url=https://raw.githubusercontent.com/PuddinCat/BestClash/main/proxies.yaml
[OK] proxies=28 new=28 url=https://cdn.jsdelivr.net/gh/vxiaov/free_proxies@main/clash/clash.provider.yaml
[OK] proxies=24 new=24 url=https://freenode.openrunner.net/uploads/20240807-clash.yaml
[OK] proxies=31 new=31 url=https://raw.githubusercontent.com/Misaka-blog/chromego_merge/main/sub/merged_proxies_new.yaml
[OK] proxies=4740 new=4711 url=https://raw.githubusercontent.com/{NiceVPN123|anaer}/{NiceVPN|Sub}/main/{Clash.yaml|clash.yaml}
[OK] proxies=31 new=0 url=https://raw.githubusercontent.com/{chengaopan|peasoft}/{AutoMergePublicNodes|NoMoreWalls}/master/list.yml
[OK] proxies=371 new=334 url=https://raw.githubusercontent.com/{ermaozi|ermaozi01}/{get_subscribe|free_clash_vpn}/main/subscribe/clash.yml
[OK] proxies=199 new=167 url=https://raw.githubusercontent.com/mahdibland/ShadowsocksAggregator/master/Eternity.yml
[OK] proxies=165 new=160 url=https://raw.githubusercontent.com/ronghuaxueleng/get_v2/main/pub/combine.yaml
[OK] proxies=144 new=3 url=https://raw.githubusercontent.com/zhangkaiitugithub/passcro/main/speednodes.yaml
[OK] proxies=5474 source=[免费节点10] url=https://raw.githubusercontent.com/PuddinCat/BestClash/main/README.md
============================================================
[INFO] sublink try repo: https://github.com/kooker/FreeSubsCheck
[INFO] sublink try page: https://raw.githubusercontent.com/kooker/FreeSubsCheck/main/README.md
[OK] proxies=27 new=27 url=https://raw.githubusercontent.com/kooker/FreeSubsCheck/main/mihomo.yaml
[OK] proxies=27 new=0 url=https://raw.githubusercontent.com/kooker/FreeSubsCheck/main/all.yaml
[OK] proxies=25 new=1 url=https://raw.githubusercontent.com/kooker/FreeSubsCheck/main/base64.txt
[OK] proxies=32 new=20 url=https://raw.githubusercontent.com/kooker/FreeSubsCheck/main/byxiaoxi.txt
[OK] proxies=457 new=453 url=https://raw.githubusercontent.com/kooker/FreeSubsCheck/main/kooker.jp.txt
[OK] proxies=501 source=[免费节点11] url=https://raw.githubusercontent.com/kooker/FreeSubsCheck/main/README.md
============================================================
[INFO] toolkit try repo: https://github.com/Pawdroid/shadowrocket_for_android
[INFO] toolkit try release: https://github.com/Pawdroid/shadowrocket_for_android/releases
[INFO] toolkit try release: https://github.com/Pawdroid/shadowrocket_for_android/releases/expanded_assets/10.10.51
[INFO] toolkit try download: https://github.com/Pawdroid/shadowrocket_for_android/releases/download/10.10.51/Shadowrocket_10.10.51_shadowrocketStandard_arm64-v8a.apk
[OK] toolkit downloaded: Shadowrocket_10.10.51_shadowrocketStandard_arm64-v8a.apk bytes=41111539
[OK] toolkit extracted archive=Shadowrocket_10.10.51_shadowrocketStandard_arm64-v8a.apk tool=zipfile files=1175 dirs=44
[OK] toolkit sr-apk scanned prefixes=36 files=6 keys=2 archive=Shadowrocket_10.10.51_shadowrocketStandard_arm64-v8a.apk
[OK] proxies=1324 new=934 url=https://{cdn.jsdelivr.net|raw.githubusercontent.com}/pixelor/ecfg/main/data/ecfg6_zh
[OK] proxies=1135 new=390 url=https://{cdn.jsdelivr.net|raw.githubusercontent.com}/pixelor/ecfg/main/data/ecfg6_en
[OK] proxies=195 new=76 url=https://{cdn.jsdelivr.net|raw.githubusercontent.com}/pixelor/ecfg/main/data/ecfg6
[OK] proxies=155 new=0 url=https://{files.shadowrockets.app|cdn.shadowrockets.app}/ecfg/data/ecfg6
[OK] proxies=1135 new=0 url=https://{files.shadowrockets.app|cdn.shadowrockets.app}/ecfg/data/ecfg6_en
[OK] proxies=1135 new=0 url=https://{files.shadowrockets.app|cdn.shadowrockets.app}/ecfg/data/ecfg6_zh
[OK] proxies=1400 source=[Pawdroid-SR-APK] url=https://github.com/Pawdroid/shadowrocket_for_android/releases/download/10.10.51/Shadowrocket_10.10.51_shadowrocketStandard_arm64-v8a.apk
============================================================
[INFO] toolkit try page: https://shadowshare.v2cross.com
[INFO] toolkit try download: https://shadowshare.v2cross.com/shadowshare.apk
[OK] toolkit downloaded: shadowshare.apk bytes=62868122
[OK] toolkit extracted archive=shadowshare.apk tool=zipfile files=612 dirs=39
[OK] toolkit ss-apk scanned prefixes=10 files=3 keys=1 archive=shadowshare.apk
[OK] proxies=1386 new=1386 url=https://{raw.githubusercontent.com|jsd.onmicrosoft.cn}/hideme9527/ecsfg/main/data/sareserver_en
[OK] proxies=213 new=107 url=https://{raw.githubusercontent.com|jsd.onmicrosoft.cn}/hideme9527/ecsfg/main/data/sareserver
[OK] proxies=122 new=0 url=https://{shadowsharing.com|sare.159236.xyz}/data/sareserver
[OK] proxies=1386 new=0 url=https://{shadowsharing.com|sare.159236.xyz}/data/sareserver_en
[OK] proxies=122 new=0 url=https://gitee.com/api/v5/repos/{zhiminghao|guoyoucai1|elvenapp}/ecsfg/raw/data/sareserver
[OK] proxies=1386 new=0 url=https://gitee.com/api/v5/repos/{zhiminghao|guoyoucai1|elvenapp}/ecsfg/raw/data/sareserver_en
[OK] proxies=1493 source=[Pawdroid-SS-APK] url=https://shadowshare.v2cross.com/shadowshare.apk
============================================================
[INFO] sublink try repo: https://github.com/free-nodes/clashfree
[INFO] sublink try page: https://raw.githubusercontent.com/free-nodes/clashfree/main/README.md
[OK] proxies=1370 new=1370 url=https://raw.githubusercontent.com/free-nodes/clashfree/main/README.md
[OK] proxies=1370 new=0 url=https://raw.githubusercontent.com/free-nodes/clashfree/main/clash20260921.yml
[OK] proxies=1 new=1 url=https://github.com/free-nodes/clashfree/blob/main/clash20260921.yml
[OK] proxies=1371 source=[Clashfree] url=https://raw.githubusercontent.com/free-nodes/clashfree/main/README.md
============================================================
[INFO] sublink try repo: https://github.com/Epodonios/v2ray-configs
[INFO] sublink try page: https://raw.githubusercontent.com/Epodonios/v2ray-configs/main/README.md
[OK] proxies=1 new=1 url=https://github.com/Epodonios/V2ray-Configs/actions/workflows/main.yml
[OK] proxies=4130 new=4130 url=https://github.com/Epodonios/v2ray-configs/raw/main/All_Configs_Sub.txt
[OK] proxies=4130 new=0 url=https://github.com/Epodonios/v2ray-configs/raw/main/All_Configs_base64_Sub.txt
[OK] proxies=3264 new=131 url=https://github.com/Epodonios/v2ray-configs/raw/main/Splitted-By-Protocol/vless.txt
[OK] proxies=164 new=5 url=https://github.com/Epodonios/v2ray-configs/raw/main/Splitted-By-Protocol/vmess.txt
[OK] proxies=410 new=8 url=https://github.com/Epodonios/v2ray-configs/raw/main/Splitted-By-Protocol/ss.txt
[OK] proxies=200 new=9 url=https://github.com/Epodonios/v2ray-configs/raw/main/Splitted-By-Protocol/trojan.txt
[OK] proxies=4130 new=0 url=https://raw.githubusercontent.com/Epodonios/v2ray-configs/main/{Sub1.txt|Sub2.txt|Sub3.txt|Sub4.txt|Sub5.txt|Sub6.txt|Sub7.txt|Sub8.txt}
[OK] proxies=4284 source=[Epodonios] url=https://raw.githubusercontent.com/Epodonios/v2ray-configs/main/README.md
============================================================
[INFO] sublink try repo: https://github.com/free-clash-v2ray/free-clash-v2ray.github.io
[INFO] sublink try page: https://raw.githubusercontent.com/free-clash-v2ray/free-clash-v2ray.github.io/main/README.md
[OK] proxies=3279 new=3279 url=https://free-clash-v2ray.github.io/uploads/2026/09/{0-20260920.yaml|1-20260920.yaml|2-20260920.yaml|3-20260920.yaml}
[OK] proxies=4810 new=1941 url=https://free-clash-v2ray.github.io/uploads/2026/09/{0-20260920.txt|1-20260920.txt|2-20260920.txt|3-20260920.txt|4-20260920.txt}
[OK] proxies=5220 source=[Free-clash-v2ray] url=https://raw.githubusercontent.com/free-clash-v2ray/free-clash-v2ray.github.io/main/README.md
============================================================
[INFO] article try page: https://v2rayclashfree.com
[INFO] sublink try page: https://v2rayclashfree.com/fn/20260921.html
[OK] proxies=1595 new=1595 url=https://v2rayclashfree.com/sub/20260921-v2ray.txt
[OK] proxies=1273 new=412 url=https://v2rayclashfree.com/sub/20260921-clash.yaml
[OK] proxies=2007 source=[V2rayclashfree-RSS] url=https://v2rayclashfree.com/fn/20260921.html
============================================================
[INFO] raw backup written path=/home/runner/work/Free-node-autotest/Free-node-autotest/output/raw.yaml proxies=30580
[INFO] toolkit try repo: https://github.com/MetaCubeX/mihomo
[INFO] toolkit try release: https://github.com/MetaCubeX/mihomo/releases
[INFO] toolkit try release: https://github.com/MetaCubeX/mihomo/releases/expanded_assets/v1.19.31
[INFO] toolkit try download: https://github.com/MetaCubeX/mihomo/releases/download/v1.19.31/mihomo-linux-amd64-compatible-v1.19.31.gz
[OK] toolkit downloaded: mihomo-linux-amd64-compatible-v1.19.31.gz bytes=22821836
[OK] toolkit sha256 verified: mihomo-linux-amd64-compatible-v1.19.31.gz sha256=04cf9f09671704f839ddbee2e93069dc831a4123a75281e725d1d96ab9ac1afc
[OK] proxy engine ready: starting latency test package=mihomo-linux-amd64-compatible-v1.19.31.gz
============================================================
[WARN] batch start failed size=18049 {1} split -> 9024 {2} + 9025 {3}
[WARN] batch start failed size=9024 {2} split -> 4512 {4} + 4512 {5}
[WARN] batch start failed size=9025 {3} split -> 4512 {6} + 4513 {7}
[WARN] batch start failed size=4512 {4} split -> 2256 {8} + 2256 {9}
[WARN] batch start failed size=4512 {6} split -> 2256 {10} + 2256 {11}
[WARN] batch start failed size=4513 {7} split -> 2256 {12} + 2257 {13}
[WARN] batch start failed size=2256 {8} split -> 1128 {14} + 1128 {15}
[TEST] {5} tested 100/4512 kept=0 rest=17949
[TEST] {10} tested 100/2256 kept=0 rest=17781
[TEST] {10} tested 200/2256 kept=0 rest=17657
[TEST] {10} tested 300/2256 kept=0 rest=17535
[TEST] {5} tested 200/4512 kept=0 rest=17407
[TEST] {9} tested 100/2256 kept=0 rest=17343
[TEST] {10} tested 400/2256 kept=0 rest=17222
[TEST] {9} tested 200/2256 kept=14 rest=17196
[TEST] {10} tested 500/2256 kept=0 rest=17070
[TEST] {9} tested 300/2256 kept=19 rest=16899
[TEST] {10} tested 600/2256 kept=0 rest=16818
[TEST] {5} tested 300/4512 kept=28 rest=16814
[TEST] {5} tested 400/4512 kept=82 rest=16675
[TEST] {9} tested 400/2256 kept=29 rest=16527
[TEST] {10} tested 700/2256 kept=0 rest=16402
[TEST] {10} tested 800/2256 kept=0 rest=16261
[TEST] {9} tested 500/2256 kept=37 rest=16249
[TEST] {10} tested 900/2256 kept=0 rest=16122
[TEST] {9} tested 600/2256 kept=53 rest=16017
[TEST] {10} tested 1000/2256 kept=0 rest=15892
[TEST] {5} tested 500/4512 kept=108 rest=15879
[TEST] {9} tested 700/2256 kept=62 rest=15757
[TEST] {5} tested 600/4512 kept=108 rest=15689
[TEST] {9} tested 800/2256 kept=77 rest=15551
[TEST] {10} tested 1100/2256 kept=0 rest=15468
[TEST] {9} tested 900/2256 kept=86 rest=15313
[TEST] {5} tested 700/4512 kept=108 rest=15269
[TEST] {10} tested 1200/2256 kept=13 rest=15226
[TEST] {10} tested 1300/2256 kept=21 rest=15066
[TEST] {9} tested 1000/2256 kept=93 rest=14952
[TEST] {9} tested 1100/2256 kept=137 rest=14806
[TEST] {10} tested 1400/2256 kept=30 rest=14798
[TEST] {5} tested 800/4512 kept=108 rest=14679
[TEST] {10} tested 1500/2256 kept=117 rest=14555
[TEST] {10} tested 1600/2256 kept=199 rest=14408
[TEST] {10} tested 1700/2256 kept=246 rest=14292
[TEST] {9} tested 1200/2256 kept=171 rest=14227
[TEST] {10} tested 1800/2256 kept=309 rest=14165
[TEST] {10} tested 1900/2256 kept=368 rest=14049
[TEST] {5} tested 900/4512 kept=108 rest=13918
[TEST] {10} tested 2000/2256 kept=428 rest=13855
[TEST] {10} tested 2100/2256 kept=494 rest=13716
[TEST] {9} tested 1300/2256 kept=171 rest=13605
[TEST] {10} tested 2200/2256 kept=581 rest=13601
[TEST] {5} tested 1000/4512 kept=108 rest=13413
[TEST] {9} tested 1400/2256 kept=172 rest=13410
[TEST] {10} tested 2256/2256 kept=603 rest=13255
[TEST] {9} tested 1500/2256 kept=173 rest=13224
[WARN] batch start failed size=2256 {11} split -> 1128 {16} + 1128 {17}
[TEST] {5} tested 1100/4512 kept=108 rest=13173
[WARN] batch start failed size=2257 {13} split -> 1128 {18} + 1129 {19}
[TEST] {9} tested 1600/2256 kept=175 rest=12972
[TEST] {12} tested 100/2256 kept=2 rest=12904
[TEST] {12} tested 200/2256 kept=8 rest=12760
[TEST] {12} tested 300/2256 kept=15 rest=12648
[TEST] {5} tested 1200/4512 kept=108 rest=12600
[TEST] {9} tested 1700/2256 kept=175 rest=12503
[TEST] {12} tested 400/2256 kept=21 rest=12409
[TEST] {5} tested 1300/4512 kept=108 rest=12296
[TEST] {12} tested 500/2256 kept=30 rest=12225
[TEST] {12} tested 600/2256 kept=33 rest=12111
[TEST] {9} tested 1800/2256 kept=175 rest=11954
[TEST] {12} tested 700/2256 kept=34 rest=11952
[TEST] {9} tested 1900/2256 kept=175 rest=11728
[TEST] {5} tested 1400/4512 kept=108 rest=11725
[TEST] {12} tested 800/2256 kept=34 rest=11649
[TEST] {12} tested 900/2256 kept=36 rest=11529
[TEST] {12} tested 1000/2256 kept=49 rest=11390
[TEST] {9} tested 2000/2256 kept=175 rest=11261
[TEST] {5} tested 1500/4512 kept=108 rest=11204
[TEST] {12} tested 1100/2256 kept=50 rest=11099
[TEST] {12} tested 1200/2256 kept=55 rest=10942
[TEST] {5} tested 1600/4512 kept=108 rest=10846
[TEST] {12} tested 1300/2256 kept=70 rest=10786
[TEST] {9} tested 2100/2256 kept=175 rest=10733
[TEST] {12} tested 1400/2256 kept=80 rest=10606
[TEST] {5} tested 1700/4512 kept=108 rest=10506
[TEST] {5} tested 1800/4512 kept=108 rest=10370
[TEST] {9} tested 2200/2256 kept=175 rest=10276
[TEST] {12} tested 1500/2256 kept=88 rest=10272
[TEST] {12} tested 1600/2256 kept=92 rest=10145
[TEST] {5} tested 1900/4512 kept=108 rest=10014
[TEST] {12} tested 1700/2256 kept=94 rest=9917
[TEST] {9} tested 2256/2256 kept=175 rest=9835
[TEST] {5} tested 2000/4512 kept=108 rest=9775
[TEST] {5} tested 2100/4512 kept=108 rest=9667
[WARN] batch start failed size=1128 {14} split -> 564 {20} + 564 {21}
[TEST] {12} tested 1800/2256 kept=115 rest=9578
[TEST] {5} tested 2200/4512 kept=108 rest=9510
[TEST] {12} tested 1900/2256 kept=123 rest=9335
[TEST] {5} tested 2300/4512 kept=108 rest=9316
[TEST] {5} tested 2400/4512 kept=108 rest=9136
[TEST] {12} tested 2000/2256 kept=132 rest=9100
[TEST] {5} tested 2500/4512 kept=108 rest=8990
[TEST] {15} tested 100/1128 kept=0 rest=8795
[TEST] {12} tested 2100/2256 kept=214 rest=8754
[TEST] {12} tested 2200/2256 kept=273 rest=8596
[TEST] {5} tested 2600/4512 kept=109 rest=8563
[TEST] {5} tested 2700/4512 kept=117 rest=8429
[TEST] {15} tested 200/1128 kept=2 rest=8335
[TEST] {12} tested 2256/2256 kept=295 rest=8321
[TEST] {15} tested 300/1128 kept=31 rest=8228
[WARN] batch start failed size=1128 {16} split -> 564 {22} + 564 {23}
[WARN] batch start failed size=1128 {17} split -> 564 {24} + 564 {25}
[WARN] batch start failed size=1129 {19} split -> 564 {26} + 565 {27}
[TEST] {5} tested 2800/4512 kept=117 rest=8147
[TEST] {18} tested 100/1128 kept=100 rest=8019
[TEST] {18} tested 200/1128 kept=200 rest=7911
[TEST] {18} tested 300/1128 kept=300 rest=7805
[TEST] {18} tested 400/1128 kept=400 rest=7698
[TEST] {18} tested 500/1128 kept=489 rest=7579
[TEST] {15} tested 400/1128 kept=39 rest=7431
[TEST] {18} tested 600/1128 kept=571 rest=7409
[TEST] {18} tested 700/1128 kept=671 rest=7284
[TEST] {18} tested 800/1128 kept=769 rest=7158
[TEST] {18} tested 900/1128 kept=868 rest=7041
[TEST] {18} tested 1000/1128 kept=968 rest=6928
[TEST] {15} tested 500/1128 kept=40 rest=6790
[TEST] {18} tested 1100/1128 kept=1066 rest=6787
[TEST] {5} tested 2900/4512 kept=117 rest=6762
[TEST] {5} tested 3000/4512 kept=118 rest=6602
[TEST] {15} tested 600/1128 kept=40 rest=6477
[TEST] {18} tested 1128/1128 kept=1083 rest=6385
[TEST] {15} tested 700/1128 kept=41 rest=6372
[TEST] {5} tested 3100/4512 kept=118 rest=6333
[TEST] {21} tested 100/564 kept=22 rest=6171
[TEST] {15} tested 800/1128 kept=44 rest=6068
[TEST] {5} tested 3200/4512 kept=118 rest=5976
[TEST] {21} tested 200/564 kept=86 rest=5867
[TEST] {15} tested 900/1128 kept=45 rest=5748
[TEST] {15} tested 1000/1128 kept=45 rest=5637
[TEST] {5} tested 3300/4512 kept=118 rest=5567
[TEST] {21} tested 300/564 kept=121 rest=5474
[TEST] {5} tested 3400/4512 kept=118 rest=5337
[TEST] {15} tested 1100/1128 kept=45 rest=5240
[TEST] {15} tested 1128/1128 kept=45 rest=5195
[TEST] {5} tested 3500/4512 kept=118 rest=5160
[TEST] {21} tested 400/564 kept=132 rest=5123
[WARN] batch start failed size=564 {20} split -> 282 {28} + 282 {29}
[TEST] {23} tested 100/564 kept=67 rest=4885
[TEST] {5} tested 3600/4512 kept=118 rest=4798
[TEST] {21} tested 500/564 kept=159 rest=4702
[TEST] {21} tested 564/564 kept=159 rest=4627
[TEST] {5} tested 3700/4512 kept=121 rest=4565
[TEST] {23} tested 200/564 kept=86 rest=4561
[WARN] batch start failed size=564 {22} split -> 282 {30} + 282 {31}
[TEST] {23} tested 300/564 kept=101 rest=4451
[TEST] {5} tested 3800/4512 kept=122 rest=4233
[TEST] {23} tested 400/564 kept=136 rest=4181
[TEST] {24} tested 100/564 kept=12 rest=4041
[TEST] {24} tested 200/564 kept=12 rest=3935
[TEST] {24} tested 300/564 kept=12 rest=3818
[TEST] {24} tested 400/564 kept=13 rest=3709
[TEST] {23} tested 500/564 kept=164 rest=3606
[TEST] {24} tested 500/564 kept=17 rest=3572
[TEST] {5} tested 3900/4512 kept=122 rest=3549
[TEST] {5} tested 4000/4512 kept=124 rest=3416
[TEST] {23} tested 564/564 kept=164 rest=3309
[TEST] {5} tested 4100/4512 kept=124 rest=3250
[WARN] batch start failed size=564 {25} split -> 282 {32} + 282 {33}
[TEST] {24} tested 564/564 kept=20 rest=3211
[WARN] batch start failed size=564 {26} split -> 282 {34} + 282 {35}
[TEST] {5} tested 4200/4512 kept=124 rest=3133
[WARN] batch start failed size=282 {28} split -> 141 {36} + 141 {37}
[TEST] {27} tested 100/565 kept=93 rest=2972
[TEST] {27} tested 200/565 kept=177 rest=2820
[TEST] {5} tested 4300/4512 kept=124 rest=2786
[TEST] {29} tested 100/282 kept=14 rest=2658
[TEST] {29} tested 200/282 kept=88 rest=2494
[TEST] {27} tested 300/565 kept=243 rest=2438
[TEST] {5} tested 4400/4512 kept=124 rest=2363
[TEST] {27} tested 400/565 kept=302 rest=2240
[TEST] {27} tested 500/565 kept=345 rest=2092
[TEST] {29} tested 282/282 kept=116 rest=2032
[WARN] batch start failed size=282 {31} split -> 141 {38} + 141 {39}
[TEST] {5} tested 4500/4512 kept=124 rest=2016
[TEST] {5} tested 4512/4512 kept=124 rest=1951
[TEST] {30} tested 100/282 kept=57 rest=1895
[WARN] batch start failed size=282 {32} split -> 141 {40} + 141 {41}
[TEST] {30} tested 200/282 kept=141 rest=1789
[TEST] {33} tested 100/282 kept=2 rest=1632
[TEST] {27} tested 565/565 kept=366 rest=1558
[TEST] {34} tested 100/282 kept=100 rest=1418
[TEST] {33} tested 200/282 kept=5 rest=1346
[TEST] {34} tested 200/282 kept=200 rest=1317
[TEST] {30} tested 282/282 kept=191 rest=1213
[WARN] batch start failed size=282 {35} split -> 141 {42} + 141 {43}
[WARN] batch start failed size=141 {36} split -> 70 {44} + 71 {45}
[WARN] batch start failed size=141 {37} split -> 70 {46} + 71 {47}
[TEST] {33} tested 282/282 kept=5 rest=1131
[WARN] batch start failed size=141 {38} split -> 70 {48} + 71 {49}
[TEST] {34} tested 282/282 kept=278 rest=1128
[TEST] {39} tested 100/141 kept=82 rest=1028
[WARN] batch start failed size=141 {40} split -> 70 {50} + 71 {51}
[TEST] {42} tested 100/141 kept=89 rest=809
[TEST] {39} tested 141/141 kept=109 rest=765
[WARN] batch start failed size=141 {43} split -> 70 {52} + 71 {53}
[TEST] {41} tested 100/141 kept=5 rest=757
[TEST] {41} tested 141/141 kept=5 rest=716
[TEST] {42} tested 141/141 kept=117 rest=701
[WARN] batch start failed size=71 {45} split -> 35 {54} + 36 {55}
[WARN] batch start failed size=70 {46} split -> 35 {56} + 35 {57}
[WARN] batch start failed size=71 {47} split -> 35 {58} + 36 {59}
[WARN] batch start failed size=70 {48} split -> 35 {60} + 35 {61}
[TEST] {44} tested 70/70 kept=8 rest=548
[WARN] batch start failed size=71 {51} split -> 35 {62} + 36 {63}
[TEST] {49} tested 71/71 kept=55 rest=546
[WARN] batch start failed size=71 {53} split -> 35 {64} + 36 {65}
[TEST] {50} tested 70/70 kept=2 rest=435
[WARN] batch start failed size=36 {55} split -> 18 {66} + 18 {67}
[WARN] batch start failed size=35 {57} split -> 17 {68} + 18 {69}
[WARN] batch start failed size=35 {56} split -> 17 {70} + 18 {71}
[WARN] batch start failed size=35 {58} split -> 17 {72} + 18 {73}
[TEST] {52} tested 70/70 kept=52 rest=379
[WARN] batch start failed size=35 {60} split -> 17 {74} + 18 {75}
[TEST] {54} tested 35/35 kept=6 rest=355
[TEST] {59} tested 36/36 kept=24 rest=315
[WARN] batch start failed size=36 {63} split -> 18 {76} + 18 {77}
[TEST] {61} tested 35/35 kept=21 rest=284
[WARN] batch start failed size=36 {65} split -> 18 {78} + 18 {79}
[TEST] {62} tested 35/35 kept=1 rest=258
[WARN] batch start failed size=18 {67} split -> 9 {80} + 9 {81}
[TEST] {64} tested 35/35 kept=10 rest=216
[WARN] batch start failed size=18 {69} split -> 9 {82} + 9 {83}
[WARN] batch start failed size=17 {70} split -> 8 {84} + 9 {85}
[TEST] {66} tested 18/18 kept=6 rest=206
[TEST] {68} tested 17/17 kept=0 rest=205
[WARN] batch start failed size=17 {72} split -> 8 {86} + 9 {87}
[TEST] {71} tested 18/18 kept=0 rest=185
[WARN] batch start failed size=17 {74} split -> 8 {88} + 9 {89}
[TEST] {73} tested 18/18 kept=5 rest=172
[TEST] {75} tested 18/18 kept=0 rest=157
[WARN] batch start failed size=18 {76} split -> 9 {90} + 9 {91}
[WARN] batch start failed size=18 {79} split -> 9 {92} + 9 {93}
[WARN] batch start failed size=9 {80} split -> 4 {94} + 5 {95}
[WARN] batch start failed size=9 {81} split -> 4 {96} + 5 {97}
[WARN] batch start failed size=9 {83} split -> 4 {98} + 5 {99}
[TEST] {77} tested 18/18 kept=0 rest=118
[WARN] batch start failed size=8 {84} split -> 4 {100} + 4 {101}
[TEST] {78} tested 18/18 kept=4 rest=114
[TEST] {82} tested 9/9 kept=0 rest=107
[WARN] batch start failed size=8 {86} split -> 4 {102} + 4 {103}
[WARN] batch start failed size=9 {89} split -> 4 {104} + 5 {105}
[TEST] {85} tested 9/9 kept=0 rest=95
[TEST] {87} tested 9/9 kept=1 rest=85
[WARN] batch start failed size=9 {90} split -> 4 {106} + 5 {107}
[WARN] batch start failed size=9 {93} split -> 4 {108} + 5 {109}
[TEST] {88} tested 8/8 kept=0 rest=81
[WARN] batch start failed size=4 {94} split -> 2 {110} + 2 {111}
[WARN] batch start failed size=5 {95} split -> 2 {112} + 3 {113}
[TEST] {91} tested 9/9 kept=0 rest=76
[WARN] batch start failed size=5 {97} split -> 2 {114} + 3 {115}
[WARN] batch start failed size=5 {99} split -> 2 {116} + 3 {117}
[TEST] {92} tested 9/9 kept=3 rest=68
[TEST] {96} tested 4/4 kept=0 rest=63
[WARN] batch start failed size=4 {100} split -> 2 {118} + 2 {119}
[TEST] {98} tested 4/4 kept=0 rest=61
[WARN] batch start failed size=4 {102} split -> 2 {120} + 2 {121}
[TEST] {103} tested 4/4 kept=0 rest=57
[WARN] batch start failed size=5 {105} split -> 2 {122} + 3 {123}
[WARN] batch start failed size=5 {107} split -> 2 {124} + 3 {125}
[TEST] {101} tested 4/4 kept=0 rest=50
[WARN] batch start failed size=4 {108} split -> 2 {126} + 2 {127}
[WARN] batch start failed size=2 {126} split -> 1 {128} + 1 {129}
[WARN] batch start failed size=2 {110} split -> 1 {130} + 1 {131}
[WARN] batch start failed size=2 {111} split -> 1 {132} + 1 {133}
[WARN] batch start failed size=2 {112} split -> 1 {134} + 1 {135}
[TEST] {104} tested 4/4 kept=0 rest=48
[TEST] {106} tested 4/4 kept=0 rest=45
[WARN] batch start failed size=3 {115} split -> 1 {136} + 2 {137}
[WARN] batch start failed size=2 {116} split -> 1 {138} + 1 {139}
[WARN] batch start failed size=3 {117} split -> 1 {140} + 2 {141}
[WARN] batch start failed size=2 {118} split -> 1 {142} + 1 {143}
[TEST] {119} tested 2/2 kept=0 rest=43
[TEST] {113} tested 3/3 kept=0 rest=41
[TEST] {121} tested 2/2 kept=0 rest=39
[WARN] batch start failed size=2 {120} split -> 1 {144} + 1 {145}
[WARN] batch start failed size=2 {122} split -> 1 {146} + 1 {147}
[TEST] {114} tested 2/2 kept=0 rest=37
[WARN] batch start failed size=2 {124} split -> 1 {148} + 1 {149}
[TEST] {109} tested 5/5 kept=5 rest=30
[TEST] {127} tested 2/2 kept=2 rest=28
[REPAIR] {129} name=[Free-clash-v2ray] hysteria fields=up,down
[TEST] {129} tested 1/1 kept=0 rest=27
[TEST] {128} tested 1/1 kept=1 rest=26
[REPAIR] {130} name=[ChromeGO-ShiteThings] hysteria fields=up,down
[REPAIR] {131} name=[ChromeGO-ShiteThings] hysteria-2 fields=up,down
[TEST] {130} tested 1/1 kept=0 rest=25
[TEST] {123} tested 3/3 kept=0 rest=22
[REPAIR] {132} name=[ChromeGO-ShiteThings] hysteria-3 fields=up,down
[REPAIR] {133} name=[ChromeGO-ShiteThings] hysteria-4 fields=up,down
[TEST] {125} tested 3/3 kept=0 rest=21
[REPAIR] {134} name=[ChromeGO-ShiteThings] hysteria-5 fields=up,down
[TEST] {131} tested 1/1 kept=0 rest=20
[TEST] {132} tested 1/1 kept=0 rest=19
[REPAIR] {136} name=[ChromeGO-Merge] WARP fields=dialer-proxy
[WARN] batch start failed size=2 {137} split -> 1 {150} + 1 {151}
[TEST] {133} tested 1/1 kept=0 rest=18
[TEST] {136} tested 1/1 kept=1 rest=17
[REPAIR] {139} name=[ChromeGO-Merge] Taiwan fields=up,down
[REPAIR] {140} name=[ChromeGO-Merge] France fields=up,down
[TEST] {139} tested 1/1 kept=0 rest=16
[WARN] batch start failed size=2 {141} split -> 1 {152} + 1 {153}
[REPAIR] {142} name=[ChromeGO-Merge] United-2 fields=up,down
[TEST] {143} tested 1/1 kept=0 rest=15
[TEST] {145} tested 1/1 kept=0 rest=14
[TEST] {135} tested 1/1 kept=0 rest=13
[REPAIR] {144} name=[ChromeGO-Merge] United-5 fields=up,down
[TEST] {134} tested 1/1 kept=0 rest=12
[REPAIR] {146} name=[Pawdroid-SS-APK] United+Kingdom-2 fields=cipher
[TEST] {138} tested 1/1 kept=0 rest=11
[TEST] {147} tested 1/1 kept=0 rest=10
[REPAIR] {149} name=[Epodonios] EPODONIOS-97 fields=cipher
[TEST] {146} tested 1/1 kept=1 rest=9
[REPAIR] {150} name=[ChromeGO-Merge] United fields=up,down
[TEST] {148} tested 1/1 kept=1 rest=8
[REPAIR] {151} name=[ChromeGO-Merge] France_hysteria_1 fields=up,down
[TEST] {140} tested 1/1 kept=0 rest=7
[REPAIR] {152} name=[ChromeGO-Merge] United-4 fields=up,down
[REPAIR] {153} name=[ChromeGO-Merge] Taiwan-2 fields=up,down
[TEST] {153} tested 1/1 kept=0 rest=6
[TEST] {142} tested 1/1 kept=0 rest=5
[TEST] {144} tested 1/1 kept=0 rest=4
[TEST] {149} tested 1/1 kept=0 rest=3
[TEST] {150} tested 1/1 kept=0 rest=2
[TEST] {151} tested 1/1 kept=0 rest=1
[TEST] {152} tested 1/1 kept=0 rest=0
============================================================
[INFO] core-dedupe dropped 1 same-host variants, kept higher health_score
[INFO] cap live source=[Mibei77-RSS] from 111 to 50 by health_score
[INFO] cap live source=[免费节点2] from 134 to 50 by health_score
[INFO] cap live source=[免费节点6] from 106 to 50 by health_score
[INFO] cap live source=[免费节点8] from 172 to 50 by health_score
[INFO] cap live source=[免费节点11] from 51 to 50 by health_score
[INFO] cap live source=[Pawdroid-SR-APK] from 743 to 50 by health_score
[INFO] cap live source=[Pawdroid-SS-APK] from 361 to 50 by health_score
[INFO] cap live source=[Epodonios] from 140 to 50 by health_score
[INFO] cap live source=[Free-clash-v2ray] from 1941 to 50 by health_score
[INFO] cap live source=[V2rayclashfree-RSS] from 148 to 50 by health_score
[INFO] cap live total from 656 to 400 floor=5 then health_score pool
[INFO] cap live reserved=115 pool=541 taken=285
============================================================
+------------------------------+--------+--------+------+--------+
| source                       |    raw | unique | live | capped |
+------------------------------+--------+--------+------+--------+
| [大FQ运动]                   |     12 |     12 |    2 |      2 |
+------------------------------+--------+--------+------+--------+
| [Pawdroid]                   |     40 |     39 |    4 |      4 |
+------------------------------+--------+--------+------+--------+
| [FreeV2-Base64]              |      3 |      3 |    2 |      2 |
+------------------------------+--------+--------+------+--------+
| [Bocchi2b-Base64]            |     35 |     35 |    0 |      0 |
+------------------------------+--------+--------+------+--------+
| [ChromeGO-Toolkit]           |     14 |     14 |    5 |      5 |
+------------------------------+--------+--------+------+--------+
| [ChromeGO-ShiteThings]       |     31 |     25 |    7 |      5 |
+------------------------------+--------+--------+------+--------+
| [ChromeGO-Merge]             |    117 |    115 |    5 |      5 |
+------------------------------+--------+--------+------+--------+
| [Freesocks]                  |      1 |      1 |    0 |      0 |
+------------------------------+--------+--------+------+--------+
| [NekoWarp]                   |     10 |     10 |    9 |      8 |
+------------------------------+--------+--------+------+--------+
| [1VPN-CRX]                   |     17 |     17 |   16 |      5 |
+------------------------------+--------+--------+------+--------+
| [OpenRunner-RSS]             |     14 |      0 |    0 |      0 |
+------------------------------+--------+--------+------+--------+
| [V2Rayshare-RSS]             |     80 |     79 |    5 |      5 |
+------------------------------+--------+--------+------+--------+
| [Mibei77-RSS]                |    192 |    175 |  111 |      5 |
+------------------------------+--------+--------+------+--------+
| [Yoyapai-RSS]                |    215 |    192 |   24 |     15 |
+------------------------------+--------+--------+------+--------+
| [免费节点1]                  |    207 |     26 |    2 |      2 |
+------------------------------+--------+--------+------+--------+
| [免费节点2]                  |    381 |    319 |  134 |     17 |
+------------------------------+--------+--------+------+--------+
| [免费节点3]                  |     62 |      0 |    0 |      0 |
+------------------------------+--------+--------+------+--------+
| [免费节点4]                  |    839 |    712 |   40 |      5 |
+------------------------------+--------+--------+------+--------+
| [免费节点5]                  |     29 |     28 |    0 |      0 |
+------------------------------+--------+--------+------+--------+
| [免费节点6]                  |   1593 |   1544 |  106 |     50 |
+------------------------------+--------+--------+------+--------+
| [免费节点7]                  |    114 |     44 |   10 |      7 |
+------------------------------+--------+--------+------+--------+
| [免费节点8]                  |   4207 |   3356 |  172 |     14 |
+------------------------------+--------+--------+------+--------+
| [免费节点9]                  |    615 |    457 |    0 |      0 |
+------------------------------+--------+--------+------+--------+
| [免费节点10]                 |   5474 |   3082 |   16 |      5 |
+------------------------------+--------+--------+------+--------+
| [免费节点11]                 |    501 |    257 |   51 |      8 |
+------------------------------+--------+--------+------+--------+
| [Pawdroid-SR-APK]            |   1400 |   1006 |  743 |     50 |
+------------------------------+--------+--------+------+--------+
| [Pawdroid-SS-APK]            |   1493 |    925 |  362 |     50 |
+------------------------------+--------+--------+------+--------+
| [Clashfree]                  |   1371 |    513 |    9 |      5 |
+------------------------------+--------+--------+------+--------+
| [Epodonios]                  |   4284 |   2576 |  140 |     50 |
+------------------------------+--------+--------+------+--------+
| [Free-clash-v2ray]           |   5220 |   2238 | 1941 |     50 |
+------------------------------+--------+--------+------+--------+
| [V2rayclashfree-RSS]         |   2007 |    249 |  148 |     26 |
+------------------------------+--------+--------+------+--------+
============================================================
[SUMMARY] total_nodes=30578
[SUMMARY] legal_candidates=18049
[SUMMARY] passed_latency_test=400
[SUMMARY] region_HK=9 region_JP=3 region_US=139
[SUMMARY] avg_latency_ms=175.85
[SUMMARY] output=/home/runner/work/Free-node-autotest/Free-node-autotest/output/clash.yaml
============================================================
