============================================================
[INFO] sublink try page | url=https://end-gfw.com
[OK] proxies=6 | new=6 | url=https://raw.githubusercontent.com/hello-world-1989/cn-news/main/clash-free.yaml
[OK] proxies=6 | new=0 | url=https://raw.githubusercontent.com/hello-world-1989/cn-news/main/end-gfw-free
[INFO] source try link | url=https://end-gfw.com/ss-key
[OK] proxies=4 | new=4 | url=https://end-gfw.com/ss-key
[INFO] sublink try repo | url=https://github.com/hello-world-1989/cn-news
[INFO] sublink try page | url=https://raw.githubusercontent.com/hello-world-1989/cn-news/main/README.md
[OK] proxies=6 | new=6 | url=https://raw.githubusercontent.com/hello-world-1989/v2-sub/main/end-gfw-together-af3e13
[OK] proxies=2 | new=2 | url=https://raw.githubusercontent.com/hello-world-1989/cn-news/main/end-gfw-together
[OK] proxies=2 | new=0 | url=https://raw.githubusercontent.com/hello-world-1989/cn-news/refs/heads/main/clash.yaml
[OK] proxies=18 | source=[大FQ运动] | url=https://raw.githubusercontent.com/hello-world-1989/cn-news/main/README.md
============================================================
[INFO] sublink try repo | url=https://github.com/Pawdroid/Free-servers
[INFO] sublink try page | url=https://raw.githubusercontent.com/Pawdroid/Free-servers/main/README.md
[OK] proxies=12 | new=12 | url=https://raw.githubusercontent.com/Pawdroid/Free-servers/main/README.md
[OK] proxies=12 | new=10 | url=https://raw.githubusercontent.com/Pawdroid/Free-servers/main/sub
[OK] proxies=1 | new=1 | url=https://apps.apple.com/cn/app/shadowshare/id1612647259
[OK] proxies=1 | new=1 | url=http://www.surflare.com
[OK] proxies=24 | source=[Pawdroid] | url=https://raw.githubusercontent.com/Pawdroid/Free-servers/main/README.md
============================================================
[INFO] source try link | url=https://xmxosfepggzm.503403.xyz
[OK] proxies=3 | new=3 | url=https://xmxosfepggzm.503403.xyz
[OK] proxies=3 | source=[FreeV2-Base64] | url=https://xmxosfepggzm.503403.xyz
============================================================
[INFO] source try link | url=https://links.bocchi2b.top/clash
[OK] proxies=35 | new=35 | url=https://links.bocchi2b.top/clash
[OK] proxies=35 | source=[Bocchi2b-Base64] | url=https://links.bocchi2b.top/clash
============================================================
[INFO] source try link | url=https://freesocks.org/api/v1/sub/02b897e8e77f19176b0b9f2c75864b00
[OK] proxies=1 | new=1 | url=https://freesocks.org/api/v1/sub/02b897e8e77f19176b0b9f2c75864b00
[INFO] source try link | url=https://freesocks.org/api/v1/sub/4cae35810e6f5c4d92e28e32104e0080
[OK] proxies=3 | new=3 | url=https://freesocks.org/api/v1/sub/4cae35810e6f5c4d92e28e32104e0080
[OK] proxies=4 | source=[Freesocks] | url=https://freesocks.org/api/v1/sub/4cae35810e6f5c4d92e28e32104e0080
============================================================
[INFO] source try link | url=https://neko-warp.nloli.xyz/neko_warp.yaml
[OK] proxies=10 | new=10 | url=https://neko-warp.nloli.xyz/neko_warp.yaml
[OK] proxies=10 | source=[NekoWarp] | url=https://neko-warp.nloli.xyz/neko_warp.yaml
============================================================
[INFO] article try feed | url=https://free.datiya.com/index.xml
[INFO] sublink try page | url=https://free.datiya.com/post/20261009/
[OK] proxies=14 | new=14 | url=https://free.datiya.com/uploads/20261009-clash.yaml
[OK] proxies=14 | source=[OpenRunner-RSS] | url=https://free.datiya.com/post/20261009/
============================================================
[INFO] article try feed | url=https://v2rayshare.com/feed
[INFO] sublink try page | url=https://v2rayshare.com/p/4097.html
[INFO] sublink try repo | url=https://github.com/firefoxmmx2/v2rayshare_subcription
[INFO] sublink try page | url=https://raw.githubusercontent.com/firefoxmmx2/v2rayshare_subcription/main/README.md
[OK] proxies=22 | new=22 | url=https://{raw.githubusercontent.com|cdn.jsdelivr.net}/firefoxmmx2/v2rayshare_subcription/main/subscription/vray_sub.txt
[OK] proxies=21 | new=0 | url=https://{raw.githubusercontent.com|cdn.jsdelivr.net}/firefoxmmx2/v2rayshare_subcription/main/subscription/clash_sub.yaml
[OK] proxies=22 | new=0 | url=https://{raw.githubusercontent.com|cdn.jsdelivr.net}/firefoxmmx2/v2rayshare_subcription/main/subscription/mihomo_sub.yaml
[OK] proxies=22 | source=[V2Rayshare-RSS] | url=https://raw.githubusercontent.com/firefoxmmx2/v2rayshare_subcription/main/README.md
============================================================
[INFO] article try feed | url=https://www.mibei77.com/feed
[INFO] sublink try page | url=https://www.mibei77.com/733.html
[OK] proxies=64 | new=64 | url=https://aa.mibei77.com/202610/1009Clashimc.yaml
[OK] proxies=71 | new=8 | url=https://aa.mibei77.com/202610/10.0964bacde.txt
[OK] proxies=72 | source=[Mibei77-RSS] | url=https://www.mibei77.com/733.html
============================================================
[INFO] article try feed | url=https://yoyapai.com/feed
[INFO] sublink try page | url=https://yoyapai.com/760
[OK] proxies=297 | new=297 | url=https://freenode.yoyapai.com/2026/10/09-yoyapai.com-ssrv2ray-vpn-mianfei-jiedian.txt
[OK] proxies=1 | new=1 | url=https://yoyapai.com/760
[OK] proxies=297 | new=0 | url=https://freenode.yoyapai.com/2026/10/09-yoyapai.com-clash-vpn-mianfei-jiedian.yaml
[OK] proxies=298 | source=[Yoyapai-RSS] | url=https://yoyapai.com/760
============================================================
[INFO] sublink try repo | url=https://github.com/free18/v2ray
[INFO] sublink try page | url=https://raw.githubusercontent.com/free18/v2ray/main/README.md
[OK] proxies=220 | new=220 | url=https://ghfast.top/https://raw.githubusercontent.com/free18/v2ray/refs/heads/main/v.txt
[OK] proxies=3 | new=3 | url=https://raw.githubusercontent.com/free18/v2ray/main/README.md
[OK] proxies=219 | new=0 | url=https://ghfast.top/https://raw.githubusercontent.com/free18/v2ray/refs/heads/main/c.yaml
[OK] proxies=223 | source=[免费节点1] | url=https://raw.githubusercontent.com/free18/v2ray/main/README.md
============================================================
[INFO] sublink try repo | url=https://github.com/ermaozi/get_subscribe
[INFO] sublink try page | url=https://raw.githubusercontent.com/ermaozi/get_subscribe/main/README.md
[INFO] sublink file_nodes=0 | bare links=9
[OK] proxies=593 | new=593 | url=https://blog.ermao.net/sub/{clash|v2ray}/ermao.net
[OK] proxies=593 | new=0 | url=https://{blog.ermao.net|www.ermao.net}/sub/{reachable|unreachable|untested}/clash/ermao.net
[OK] proxies=593 | source=[免费节点2] | url=https://raw.githubusercontent.com/ermaozi/get_subscribe/main/README.md
============================================================
[INFO] sublink try repo | url=https://github.com/sunmiao4458/free-proxy-airport
[INFO] sublink try page | url=https://raw.githubusercontent.com/sunmiao4458/free-proxy-airport/main/README.md
[OK] proxies=40 | new=40 | url=https://sunmiao4458.github.io/free-proxy-airport/clash.yaml
[OK] proxies=40 | source=[免费节点3] | url=https://raw.githubusercontent.com/sunmiao4458/free-proxy-airport/main/README.md
============================================================
[INFO] sublink try repo | url=https://github.com/mfuu/FreeProxies
[INFO] sublink try page | url=https://raw.githubusercontent.com/mfuu/FreeProxies/master/README.md
[OK] proxies=323 | new=323 | url=https://raw.githubusercontent.com/mfuu/FreeProxies/master/sub.yaml
[OK] proxies=323 | source=[免费节点4] | url=https://raw.githubusercontent.com/mfuu/FreeProxies/master/README.md
============================================================
[INFO] sublink try repo | url=https://github.com/vxiaov/free_proxies
[INFO] sublink try page | url=https://raw.githubusercontent.com/vxiaov/free_proxies/main/README.md
[OK] proxies=1 | new=1 | url=https://raw.githubusercontent.com/vxiaov/free_proxies/main/README.md
[OK] proxies=28 | new=28 | url=https://{cdn.jsdelivr.net|raw.githubusercontent.com}/vxiaov/free_proxies/main/clash/clash.provider.yaml
[OK] proxies=29 | source=[免费节点5] | url=https://raw.githubusercontent.com/vxiaov/free_proxies/main/README.md
============================================================
[INFO] sublink try repo | url=https://github.com/anaer/Sub
[INFO] sublink try page | url=https://raw.githubusercontent.com/anaer/Sub/main/README.MD
[OK] proxies=566 | new=566 | url=https://raw.githubusercontent.com/anaer/Sub/main/clash.yaml
[OK] proxies=566 | new=0 | url=https://anaer.github.io/Sub/clash.yaml
[OK] proxies=566 | source=[免费节点6] | url=https://raw.githubusercontent.com/anaer/Sub/main/README.MD
============================================================
[INFO] sublink try repo | url=https://github.com/snakem982/proxypool
[INFO] sublink try page | url=https://raw.githubusercontent.com/snakem982/proxypool/main/README.md
[OK] proxies=60 | new=60 | url=https://raw.githubusercontent.com/snakem982/proxypool/main/source/clash-meta-2.yaml
[OK] proxies=53 | new=0 | url=https://raw.githubusercontent.com/snakem982/proxypool/main/source/v2ray-2.txt
[OK] proxies=55 | new=0 | url=https://raw.githubusercontent.com/snakem982/proxypool/main/source/sing-box-2.json
[OK] proxies=60 | source=[免费节点7] | url=https://raw.githubusercontent.com/snakem982/proxypool/main/README.md
============================================================
[INFO] sublink try repo | url=https://github.com/mahdibland/V2RayAggregator
[INFO] sublink try page | url=https://raw.githubusercontent.com/mahdibland/V2RayAggregator/master/README.md
[OK] proxies=1 | new=1 | url=https://cdn.jsdelivr.net/gh/mahdibland/V2RayAggregator@master/update/provider/provider-others.yml
[OK] proxies=1 | new=0 | url=https://cdn.jsdelivr.net/gh/mahdibland/V2RayAggregator@master/update/provider/provider-meta-cn.yml
[OK] proxies=636 | new=636 | url=https://raw.githubusercontent.com/mahdibland/ShadowsocksAggregator/master/sub/splitted/trojan.txt
[OK] proxies=1 | new=0 | url=https://github.com/mahdibland/SSAggregator/actions/workflows/Collector.yml
[OK] proxies=1 | new=0 | url=https://cdn.jsdelivr.net/gh/mahdibland/V2RayAggregator@master/update/provider/provider.yml
[OK] proxies=1 | new=0 | url=https://cdn.jsdelivr.net/gh/mahdibland/V2RayAggregator@master/update/provider/provider-meta.yml
[OK] proxies=61 | new=61 | url=https://raw.githubusercontent.com/mahdibland/ShadowsocksAggregator/master/EternityAir.txt
[OK] proxies=1 | new=0 | url=https://cdn.jsdelivr.net/gh/mahdibland/V2RayAggregator@master/update/provider/provider-cn.yml
[OK] proxies=1 | new=0 | url=https://cdn.jsdelivr.net/gh/mahdibland/V2RayAggregator@master/update/provider/provider-meta-others.yml
[OK] proxies=54 | new=54 | url=https://raw.githubusercontent.com/mahdibland/ShadowsocksAggregator/master/sub/splitted/ssr.txt
[OK] proxies=197 | new=157 | url=https://raw.githubusercontent.com/mahdibland/ShadowsocksAggregator/master/Eternity.txt
[OK] proxies=386 | new=186 | url=https://raw.githubusercontent.com/mahdibland/V2RayAggregator/master/README.md
[OK] proxies=1868 | new=1658 | url=https://raw.githubusercontent.com/mahdibland/ShadowsocksAggregator/master/sub/splitted/ss.txt
[OK] proxies=1445 | new=1407 | url=https://raw.githubusercontent.com/mahdibland/ShadowsocksAggregator/master/sub/splitted/vmess.txt
[OK] proxies=198 | new=1 | url=https://raw.githubusercontent.com/mahdibland/ShadowsocksAggregator/master/Eternity.yml
[OK] proxies=4003 | new=0 | url=https://raw.githubusercontent.com/mahdibland/{SSAggregator|ShadowsocksAggregator}/master/sub/sub_merge.txt
[OK] proxies=61 | new=0 | url=https://raw.githubusercontent.com/mahdibland/SSAggregator/master/sub/airport_merge_base64.txt
[OK] proxies=4003 | new=0 | url=https://raw.githubusercontent.com/mahdibland/SSAggregator/master/sub/sub_merge_base64.txt
[OK] proxies=4123 | new=282 | url=https://raw.githubusercontent.com/mahdibland/SSAggregator/master/sub/sub_merge_yaml.yml
[OK] proxies=61 | new=0 | url=https://raw.githubusercontent.com/mahdibland/SSAggregator/master/sub/airport_sub_merge.txt
[OK] proxies=1 | new=0 | url=https://github.com/mahdibland/SSAggregator/actions/workflows/Airport_Collector.yml
[OK] proxies=4443 | source=[免费节点8] | url=https://raw.githubusercontent.com/mahdibland/V2RayAggregator/master/README.md
============================================================
[INFO] sublink try repo | url=https://github.com/w1770946466/Auto_proxy
[INFO] sublink try page | url=https://raw.githubusercontent.com/w1770946466/Auto_proxy/main/README.md
[OK] proxies=489 | new=489 | url=https://raw.githubusercontent.com/w1770946466/Auto_proxy/main/Long_term_subscription_num
[OK] proxies=245 | new=125 | url=https://raw.githubusercontent.com/w1770946466/Auto_proxy/main/{Long_term_subscription2.yaml|Long_term_subscription1.yaml|Long_term_subscription3.yaml}
[OK] proxies=1 | new=1 | url=https://github.com/w1770946466/Auto_proxy/actions/workflows/main.yml
[OK] proxies=489 | new=0 | url=https://raw.githubusercontent.com/w1770946466/Auto_proxy/main/{Long_term_subscription1|Long_term_subscription2|Long_term_subscription3|Long_term_subscription4|Long_term_subscription5|Long_term_subscription6|Long_term_subscription7|Long_term_subscription8}
[OK] proxies=615 | source=[免费节点9] | url=https://raw.githubusercontent.com/w1770946466/Auto_proxy/main/README.md
============================================================
[INFO] sublink try repo | url=https://github.com/PuddinCat/BestClash
[INFO] sublink try page | url=https://raw.githubusercontent.com/PuddinCat/BestClash/main/README.md
[OK] proxies=16 | new=16 | url=https://raw.githubusercontent.com/PuddinCat/BestClash/main/proxies.yaml
[OK] proxies=144 | new=144 | url=https://raw.githubusercontent.com/zhangkaiitugithub/passcro/main/speednodes.yaml
[OK] proxies=165 | new=165 | url=https://raw.githubusercontent.com/ronghuaxueleng/get_v2/main/pub/combine.yaml
[OK] proxies=198 | new=198 | url=https://raw.githubusercontent.com/mahdibland/ShadowsocksAggregator/master/Eternity.yml
[OK] proxies=179 | new=121 | url=https://raw.githubusercontent.com/{chengaopan|peasoft}/{AutoMergePublicNodes|NoMoreWalls}/master/list.yml
[OK] proxies=166 | new=19 | url=https://raw.githubusercontent.com/Misaka-blog/chromego_merge/main/sub/merged_proxies_new.yaml
[OK] proxies=593 | new=294 | url=https://raw.githubusercontent.com/{ermaozi|ermaozi01}/{get_subscribe|free_clash_vpn}/main/subscribe/clash.yml
[OK] proxies=28 | new=28 | url=https://cdn.jsdelivr.net/gh/vxiaov/free_proxies@main/clash/clash.provider.yaml
[OK] proxies=24 | new=24 | url=https://freenode.openrunner.net/uploads/20240807-clash.yaml
[OK] proxies=3701 | new=3682 | url=https://raw.githubusercontent.com/{NiceVPN123|anaer}/{NiceVPN|Sub}/main/{Clash.yaml|clash.yaml}
[OK] proxies=4691 | source=[免费节点10] | url=https://raw.githubusercontent.com/PuddinCat/BestClash/main/README.md
============================================================
[INFO] sublink try repo | url=https://github.com/kooker/FreeSubsCheck
[INFO] sublink try page | url=https://raw.githubusercontent.com/kooker/FreeSubsCheck/main/README.md
[OK] proxies=3 | new=3 | url=https://raw.githubusercontent.com/kooker/FreeSubsCheck/main/mihomo.yaml
[OK] proxies=3 | new=0 | url=https://raw.githubusercontent.com/kooker/FreeSubsCheck/main/base64.txt
[OK] proxies=3 | new=0 | url=https://raw.githubusercontent.com/kooker/FreeSubsCheck/main/all.yaml
[OK] proxies=2 | new=2 | url=https://raw.githubusercontent.com/kooker/FreeSubsCheck/main/byxiaoxi.txt
[OK] proxies=697 | new=696 | url=https://raw.githubusercontent.com/kooker/FreeSubsCheck/main/kooker.jp.txt
[OK] proxies=701 | source=[免费节点11] | url=https://raw.githubusercontent.com/kooker/FreeSubsCheck/main/README.md
============================================================
[INFO] toolkit try repo | url=https://github.com/bannedbook/fanqiang
[INFO] toolkit try release | url=https://github.com/bannedbook/fanqiang/releases
[INFO] toolkit try release | url=https://github.com/bannedbook/fanqiang/releases/expanded_assets/ChromeGo-latest
[INFO] toolkit try download | url=https://github.com/bannedbook/fanqiang/releases/download/ChromeGo-latest/ChromeGo.7z
[OK] toolkit downloaded | file=ChromeGo.7z | size=96.2mb | time=25.0s
[OK] toolkit extracted | archive=ChromeGo.7z | tool=7z | files=222 | dirs=45
[OK] toolkit discovered | subs=107 | embedded=46 | scan=24.3s | archive=ChromeGo.7z
[OK] proxies=12 | new=12 | embedded=archive-config
[OK] proxies=3 | new=3 | url=https://gitlab.com/free9999/ipupdate/master/backup/img/1/2/{ipp|ip}/clash.meta2/{5|6|3|1|4|2}/config.yaml
[OK] proxies=3 | new=0 | url=https://www.67867867.xyz/Alvin9999/PAC/refs/heads/master/backup/img/1/2/{ipp|ip}/clash.meta2/{5|6|3|1|4|2}/config.yaml
[OK] proxies=7 | new=5 | url=https://www.67867867.xyz/Alvin9999/PAC/refs/heads/master/backup/img/1/2/{ipp|ip}/{hysteria2|singbox|naiveproxy|hysteria|xray}/{3|1|4|2}/config.json
[OK] proxies=7 | new=0 | url=https://gitlab.com/free9999/ipupdate/master/backup/img/1/2/{ipp|ip}/{hysteria2|singbox|naiveproxy|hysteria|xray}/{3|1|4|2}/config.json
[OK] proxies=20 | source=[ChromeGO-Toolkit] | url=https://github.com/bannedbook/fanqiang/releases/download/ChromeGo-latest/ChromeGo.7z
============================================================
[INFO] sublink try repo | url=https://github.com/ShiteThings/extractNodes
[INFO] sublink try page | url=https://raw.githubusercontent.com/ShiteThings/extractNodes/main/README.md
[OK] proxies=26 | new=26 | url=https://chg26.makou.cc.cd/sb
[OK] proxies=31 | new=5 | url=https://{chg26.makou.cc.cd|chg64.makou.cc.cd}
[OK] proxies=31 | source=[ChromeGO-ShiteThings] | url=https://raw.githubusercontent.com/ShiteThings/extractNodes/main/README.md
============================================================
[INFO] sublink try repo | url=https://github.com/shangui999/chromego_merge
[INFO] sublink try page | url=https://raw.githubusercontent.com/shangui999/chromego_merge/master/ReadMe.md
[OK] proxies=11 | new=11 | url=https://freedman.netlify.app/sub/merged_warp_proxies_new.yaml
[OK] proxies=10 | new=0 | url=https://freedman.netlify.app/sub/merged_proxies_new.yaml
[OK] proxies=11 | new=6 | url=https://freedman.netlify.app/sub/shadowrocket_base64.txt
[OK] proxies=16 | new=16 | url=https://freedman.netlify.app/sub/sb.json
[INFO] sublink try repo | url=https://github.com/yaney01/chromego
[INFO] sublink try page | url=https://raw.githubusercontent.com/yaney01/chromego/main/ReadMe.md
[OK] proxies=50 | new=46 | url=https://raw.githubusercontent.com/yaney01/chromego/main/sub/merged_proxies_new.yaml
[OK] proxies=51 | new=0 | url=https://raw.githubusercontent.com/yaney01/chromego/main/sub/merged_warp_proxies_new.yaml
[OK] proxies=13 | new=7 | url=https://raw.githubusercontent.com/yaney01/chromego/main/sub/shadowrocket_base64.txt
[OK] proxies=13 | new=0 | url=https://raw.githubusercontent.com/yaney01/chromego/main/sub/sb.json
[INFO] sublink try repo | url=https://github.com/Misaka-blog/chromego_merge
[INFO] sublink try page | url=https://raw.githubusercontent.com/Misaka-blog/chromego_merge/main/README.md
[OK] proxies=166 | new=166 | url=https://chromego-sub.netlify.app/sub/merged_proxies_new.yaml
[OK] proxies=252 | source=[ChromeGO-Merge] | url=https://raw.githubusercontent.com/Misaka-blog/chromego_merge/main/README.md
============================================================
[INFO] toolkit try repo | url=https://github.com/Pawdroid/shadowrocket_for_android
[INFO] toolkit try release | url=https://github.com/Pawdroid/shadowrocket_for_android/releases
[INFO] toolkit try release | url=https://github.com/Pawdroid/shadowrocket_for_android/releases/expanded_assets/10.10.57
[INFO] toolkit try download | url=https://github.com/Pawdroid/shadowrocket_for_android/releases/download/10.10.57/Shadowrocket_10.10.57_shadowrocketStandard_arm64-v8a.apk
[OK] toolkit downloaded | file=Shadowrocket_10.10.57_shadowrocketStandard_arm64-v8a.apk | size=39.8mb | time=15.3s
[OK] toolkit extracted | archive=Shadowrocket_10.10.57_shadowrocketStandard_arm64-v8a.apk | tool=zipfile | files=1193 | dirs=44
[OK] toolkit sr-apk scanned | prefixes=38 | files=6 | keys=2 | archive=Shadowrocket_10.10.57_shadowrocketStandard_arm64-v8a.apk
[OK] proxies=818 | new=818 | url=https://{raw.githubusercontent.com|cdn.jsdelivr.net}/pixelor/ecfg/main/data/ecfg6_zh
[OK] proxies=87 | new=56 | url=https://{raw.githubusercontent.com|cdn.jsdelivr.net}/pixelor/ecfg/main/data/ecfg6
[OK] proxies=674 | new=19 | url=https://{raw.githubusercontent.com|cdn.jsdelivr.net}/pixelor/ecfg/main/data/ecfg6_en
[OK] proxies=578 | new=0 | url=https://{files.shadowrockets.app|cdn.shadowrockets.app}/ecfg/data/ecfg6_zh
[OK] proxies=578 | new=0 | url=https://{files.shadowrockets.app|cdn.shadowrockets.app}/ecfg/data/ecfg6_en
[OK] proxies=72 | new=0 | url=https://{files.shadowrockets.app|cdn.shadowrockets.app}/ecfg/data/ecfg6
[OK] proxies=893 | source=[Pawdroid-SR-APK] | url=https://github.com/Pawdroid/shadowrocket_for_android/releases/download/10.10.57/Shadowrocket_10.10.57_shadowrocketStandard_arm64-v8a.apk
============================================================
[INFO] toolkit try page | url=https://shadowshare.v2cross.com
[INFO] toolkit try download | url=https://shadowshare.v2cross.com/shadowshare.apk
[OK] toolkit downloaded | file=shadowshare.apk | size=60mb | time=23.2s
[OK] toolkit extracted | archive=shadowshare.apk | tool=zipfile | files=612 | dirs=39
[OK] toolkit ss-apk scanned | prefixes=10 | files=3 | keys=1 | archive=shadowshare.apk
[OK] proxies=228 | new=228 | url=https://{raw.githubusercontent.com|jsd.onmicrosoft.cn}/hideme9527/ecsfg/main/data/sareserver
[OK] proxies=1386 | new=1279 | url=https://{raw.githubusercontent.com|jsd.onmicrosoft.cn}/hideme9527/ecsfg/main/data/sareserver_en
[OK] proxies=59 | new=0 | url=https://gitee.com/api/v5/repos/{zhiminghao|elvenapp|guoyoucai1}/ecsfg/raw/data/sareserver
[OK] proxies=1386 | new=0 | url=https://gitee.com/api/v5/repos/{zhiminghao|guoyoucai1|elvenapp}/ecsfg/raw/data/sareserver_en
[OK] proxies=1386 | new=0 | url=https://shadowsharing.com/data/sareserver_en
[OK] proxies=59 | new=0 | url=https://{shadowsharing.com|sare.159236.xyz}/data/sareserver
[OK] proxies=1507 | source=[Pawdroid-SS-APK] | url=https://shadowshare.v2cross.com/shadowshare.apk
============================================================
[INFO] toolkit try chrome | url=https://chromewebstore.google.com/detail/free-vpn-proxy-1vpn/akcocjjpkmlniicdeemdceeajlmoabhg
[INFO] toolkit try download | url=https://clients2.google.com/service/update2/crx?response=redirect&prodversion=131.0.6778.0&acceptformat=crx2,crx3&x=id%3dakcocjjpkmlniicdeemdceeajlmoabhg%26uc
[OK] toolkit downloaded | file=free-vpn-proxy-1vpn.crx | size=1.6mb | time=5.8s
[OK] toolkit extracted | archive=free-vpn-proxy-1vpn.crx | tool=zipfile | files=68 | dirs=57
[OK] toolkit 1vpn-crx scanned | hosts=17 | keys=1 | archive=free-vpn-proxy-1vpn.crx
[OK] proxies=17 | source=[1VPN-CRX] | url=https://clients2.google.com/service/update2/crx?response=redirect&prodversion=131.0.6778.0&acceptformat=crx2,crx3&x=id%3dakcocjjpkmlniicdeemdceeajlmoabhg%26uc
============================================================
[INFO] sublink try repo | url=https://github.com/free-nodes/clashfree
[INFO] sublink try page | url=https://raw.githubusercontent.com/free-nodes/clashfree/main/README.md
[OK] proxies=401 | new=401 | url=https://raw.githubusercontent.com/free-nodes/clashfree/main/README.md
[OK] proxies=401 | new=0 | url=https://raw.githubusercontent.com/free-nodes/clashfree/main/clash20261009.yml
[OK] proxies=1 | new=1 | url=https://github.com/free-nodes/clashfree/blob/main/clash20261009.yml
[OK] proxies=402 | source=[Clashfree] | url=https://raw.githubusercontent.com/free-nodes/clashfree/main/README.md
============================================================
[INFO] sublink try repo | url=https://github.com/Epodonios/v2ray-configs
[INFO] sublink try page | url=https://raw.githubusercontent.com/Epodonios/v2ray-configs/main/README.md
[OK] proxies=1 | new=1 | url=https://github.com/Epodonios/V2ray-Configs/actions/workflows/main.yml
[OK] proxies=4164 | new=4164 | url=https://github.com/Epodonios/v2ray-configs/raw/main/All_Configs_Sub.txt
[OK] proxies=212 | new=3 | url=https://github.com/Epodonios/v2ray-configs/raw/main/Splitted-By-Protocol/trojan.txt
[OK] proxies=396 | new=19 | url=https://github.com/Epodonios/v2ray-configs/raw/main/Splitted-By-Protocol/ss.txt
[OK] proxies=4164 | new=0 | url=https://github.com/Epodonios/v2ray-configs/raw/main/All_Configs_base64_Sub.txt
[OK] proxies=203 | new=21 | url=https://github.com/Epodonios/v2ray-configs/raw/main/Splitted-By-Protocol/vmess.txt
[OK] proxies=3280 | new=90 | url=https://github.com/Epodonios/v2ray-configs/raw/main/Splitted-By-Protocol/vless.txt
[OK] proxies=4164 | new=0 | url=https://raw.githubusercontent.com/Epodonios/v2ray-configs/main/{Sub1.txt|Sub2.txt|Sub3.txt|Sub4.txt|Sub5.txt|Sub6.txt|Sub7.txt|Sub8.txt}
[OK] proxies=4298 | source=[Epodonios] | url=https://raw.githubusercontent.com/Epodonios/v2ray-configs/main/README.md
============================================================
[INFO] sublink try repo | url=https://github.com/free-clash-v2ray/free-clash-v2ray.github.io
[INFO] sublink try page | url=https://raw.githubusercontent.com/free-clash-v2ray/free-clash-v2ray.github.io/main/README.md
[OK] proxies=2772 | new=2772 | url=https://free-clash-v2ray.github.io/uploads/2026/10/{0-20261004.txt|1-20261004.txt|2-20261004.txt|3-20261004.txt|4-20261004.txt}
[OK] proxies=2438 | new=513 | url=https://free-clash-v2ray.github.io/uploads/2026/10/{0-20261004.yaml|1-20261004.yaml|2-20261004.yaml|3-20261004.yaml}
[OK] proxies=3285 | source=[Free-clash-v2ray] | url=https://raw.githubusercontent.com/free-clash-v2ray/free-clash-v2ray.github.io/main/README.md
============================================================
[INFO] article try page | url=https://v2rayclashfree.com
[INFO] sublink try page | url=https://v2rayclashfree.com/fn/20261009.html
[INFO] sublink try page | url=https://v2rayclashfree.com/fn/20261008.html
[INFO] sublink try page | url=https://v2rayclashfree.com/fn/20261007.html
[INFO] sublink try page | url=https://v2rayclashfree.com/fn/20261006.html
[INFO] sublink try page | url=https://v2rayclashfree.com/fn/20261005.html
[INFO] sublink try page | url=https://v2rayclashfree.com/fn/20261004.html
[INFO] sublink try page | url=https://v2rayclashfree.com/fn/20261003.html
[INFO] sublink try page | url=https://v2rayclashfree.com/fn/20261002.html
[INFO] sublink try page | url=https://v2rayclashfree.com/fn/20261001.html
[INFO] sublink try page | url=https://v2rayclashfree.com/fn/20260930.html
[OK] proxies=2901 | new=2901 | url=https://v2rayclashfree.com/sub/20260930-clash.yaml
[OK] proxies=2867 | new=505 | url=https://v2rayclashfree.com/sub/20260930-v2ray.txt
[OK] proxies=3406 | source=[V2rayclashfree-RSS] | url=https://v2rayclashfree.com/fn/20260930.html
============================================================
[INFO] toolkit try repo | url=https://github.com/MetaCubeX/meta-rules-dat
[INFO] toolkit try release | url=https://github.com/MetaCubeX/meta-rules-dat/releases
[INFO] toolkit try release | url=https://github.com/MetaCubeX/meta-rules-dat/releases/expanded_assets/latest
[INFO] toolkit try download | url=https://github.com/MetaCubeX/meta-rules-dat/releases/download/latest/country.mmdb
[OK] toolkit downloaded | file=country.mmdb | size=7.3mb | time=2.8s
[INFO] toolkit try repo | url=https://github.com/mledoze/countries
[INFO] toolkit try release | url=https://github.com/mledoze/countries/releases
[INFO] toolkit try release | url=https://github.com/mledoze/countries/releases/expanded_assets/v1.8.0
[INFO] toolkit try download | url=https://github.com/mledoze/countries/archive/refs/tags/v1.8.0.zip
[OK] toolkit downloaded | file=countries-1.8.0.zip | size=4.8mb | time=14.2s
[OK] toolkit extracted | archive=countries-1.8.0.zip | tool=zipfile | files=528 | dirs=8
[INFO] toolkit try repo | url=https://github.com/pycountry/pycountry
[INFO] toolkit try release | url=https://github.com/pycountry/pycountry/releases
[INFO] toolkit try release | url=https://github.com/pycountry/pycountry/releases/expanded_assets/26.2.16
[INFO] toolkit try download | url=https://github.com/pycountry/pycountry/archive/refs/tags/26.2.16.zip
[OK] toolkit downloaded | file=pycountry-26.2.16.zip | size=7.8mb | time=6.1s
[OK] toolkit extracted | archive=pycountry-26.2.16.zip | tool=zipfile | files=643 | dirs=334
[INFO] toolkit try repo | url=https://github.com/umpirsky/country-list
[INFO] toolkit try release | url=https://github.com/umpirsky/country-list/releases
[INFO] toolkit try page | url=https://raw.githubusercontent.com/umpirsky/country-list/master/README.md
[OK] geo score ready | files=country.mmdb, countries.json, iso3166-1.json | centroids=247 | aliases=425
============================================================
[INFO] toolkit try repo | url=https://github.com/MetaCubeX/mihomo
[INFO] toolkit try release | url=https://github.com/MetaCubeX/mihomo/releases
[INFO] toolkit try release | url=https://github.com/MetaCubeX/mihomo/releases/expanded_assets/v1.19.32
[INFO] toolkit try download | url=https://github.com/MetaCubeX/mihomo/releases/download/v1.19.32/mihomo-linux-amd64-compatible-v1.19.32.gz
[OK] toolkit downloaded | file=mihomo-linux-amd64-compatible-v1.19.32.gz | size=21.8mb | time=8.6s
[OK] toolkit hash verified | file=mihomo-linux-amd64-compatible-v1.19.32.gz | sha256=ba3ce607747a07f948fc35780e108a4a7c7f552a38b9bd4d115f313ebcb89c20
[OK] proxy engine ready, starting latency test | package=mihomo-linux-amd64-compatible-v1.19.32.gz
============================================================
[WARN] batch reshard | size=17995 {1} | split=3000 {2} + 3000 {3} + 3000 {4} + 3000 {5} + 3000 {6} + 2995 {7}
[WARN] batch start failed | size=3000 {5} | split=500 {8} + 500 {9} + 500 {10} + 500 {11} + 500 {12} + 500 {13}
[WARN] batch start failed | size=3000 {6} | split=500 {14} + 500 {15} + 500 {16} + 500 {17} + 500 {18} + 500 {19}
[WARN] batch start failed | size=500 {9} | split=84 {20} + 84 {21} + 84 {22} + 84 {23} + 84 {24} + 80 {25}
[WARN] batch start failed | size=2995 {7} | split=500 {26} + 500 {27} + 500 {28} + 500 {29} + 500 {30} + 495 {31}
[TEST] {12} tested=100/500 | kept=1 | rest=17895
[TEST] {12} tested=200/500 | kept=1 | rest=17795
[TEST] {12} tested=300/500 | kept=4 | rest=17695
[TEST] {12} tested=400/500 | kept=8 | rest=17595
[TEST] {8} tested=100/500 | kept=1 | rest=17477
[TEST] {8} tested=200/500 | kept=2 | rest=17377
[TEST] {8} tested=300/500 | kept=4 | rest=17277
[TEST] {8} tested=400/500 | kept=4 | rest=17174
[TEST] {10} tested=100/500 | kept=38 | rest=17033
[TEST] {10} tested=200/500 | kept=84 | rest=16933
[TEST] {10} tested=300/500 | kept=120 | rest=16833
[TEST] {10} tested=400/500 | kept=168 | rest=16730
[TEST] {12} tested=500/500 | kept=20 | rest=16539
[TEST] {8} tested=500/500 | kept=5 | rest=16501
[TEST] {10} tested=500/500 | kept=177 | rest=16495
[TEST] {2} tested=100/3000 | kept=17 | rest=16395
[TEST] {2} tested=200/3000 | kept=32 | rest=16295
[TEST] {2} tested=300/3000 | kept=44 | rest=16195
[TEST] {2} tested=400/3000 | kept=59 | rest=16095
[TEST] {2} tested=500/3000 | kept=69 | rest=15995
[TEST] {2} tested=600/3000 | kept=82 | rest=15895
[TEST] {2} tested=700/3000 | kept=89 | rest=15795
[WARN] batch start failed | size=500 {11} | split=84 {32} + 84 {33} + 84 {34} + 84 {35} + 84 {36} + 80 {37}
[TEST] {3} tested=100/3000 | kept=0 | rest=15647
[TEST] {3} tested=200/3000 | kept=0 | rest=15547
[TEST] {3} tested=300/3000 | kept=1 | rest=15447
[TEST] {3} tested=400/3000 | kept=1 | rest=15347
[TEST] {3} tested=500/3000 | kept=1 | rest=15247
[TEST] {4} tested=100/3000 | kept=6 | rest=15136
[TEST] {4} tested=200/3000 | kept=6 | rest=15036
[TEST] {4} tested=300/3000 | kept=11 | rest=14936
[TEST] {4} tested=400/3000 | kept=11 | rest=14836
[TEST] {4} tested=500/3000 | kept=14 | rest=14736
[WARN] batch start failed | size=500 {13} | split=84 {38} + 84 {39} + 84 {40} + 84 {41} + 84 {42} + 80 {43}
[TEST] {2} tested=800/3000 | kept=137 | rest=14578
[TEST] {2} tested=900/3000 | kept=187 | rest=14427
[TEST] {4} tested=600/3000 | kept=16 | rest=14361
[TEST] {3} tested=600/3000 | kept=1 | rest=14326
[TEST] {2} tested=1000/3000 | kept=258 | rest=14217
[TEST] {4} tested=700/3000 | kept=16 | rest=14131
[TEST] {3} tested=700/3000 | kept=1 | rest=14032
[TEST] {4} tested=800/3000 | kept=16 | rest=13871
[TEST] {2} tested=1100/3000 | kept=286 | rest=13843
[TEST] {4} tested=900/3000 | kept=17 | rest=13696
[TEST] {15} tested=100/500 | kept=2 | rest=13516
[TEST] {15} tested=200/500 | kept=3 | rest=13416
[TEST] {15} tested=300/500 | kept=7 | rest=13316
[TEST] {14} tested=100/500 | kept=1 | rest=13187
[TEST] {18} tested=100/500 | kept=1 | rest=13087
[TEST] {14} tested=200/500 | kept=1 | rest=12921
[TEST] {14} tested=300/500 | kept=1 | rest=12821
[TEST] {18} tested=200/500 | kept=3 | rest=12680
[TEST] {15} tested=400/500 | kept=10 | rest=12593
[TEST] {14} tested=400/500 | kept=1 | rest=12538
[TEST] {3} tested=800/3000 | kept=1 | rest=12477
[TEST] {2} tested=1200/3000 | kept=321 | rest=12420
[TEST] {4} tested=1000/3000 | kept=17 | rest=12275
[TEST] {18} tested=300/500 | kept=8 | rest=12180
[TEST] {4} tested=1100/3000 | kept=17 | rest=12052
[TEST] {2} tested=1300/3000 | kept=328 | rest=12029
[TEST] {2} tested=1400/3000 | kept=328 | rest=11751
[TEST] {18} tested=400/500 | kept=9 | rest=11645
[TEST] {15} tested=500/500 | kept=12 | rest=11615
[WARN] batch start failed | size=500 {16} | split=84 {44} + 84 {45} + 84 {46} + 84 {47} + 84 {48} + 80 {49}
[TEST] {14} tested=500/500 | kept=3 | rest=11585
[TEST] {3} tested=900/3000 | kept=1 | rest=11579
[TEST] {17} tested=100/500 | kept=0 | rest=11409
[TEST] {19} tested=100/500 | kept=0 | rest=11203
[TEST] {2} tested=1500/3000 | kept=328 | rest=11069
[TEST] {17} tested=200/500 | kept=2 | rest=11058
[TEST] {4} tested=1200/3000 | kept=17 | rest=10963
[TEST] {19} tested=200/500 | kept=2 | rest=10761
[TEST] {4} tested=1300/3000 | kept=17 | rest=10690
[TEST] {2} tested=1600/3000 | kept=328 | rest=10641
[TEST] {3} tested=1000/3000 | kept=1 | rest=10605
[TEST] {18} tested=500/500 | kept=9 | rest=10524
[TEST] {17} tested=300/500 | kept=3 | rest=10385
[TEST] {2} tested=1700/3000 | kept=328 | rest=10367
[TEST] {19} tested=300/500 | kept=4 | rest=10167
[TEST] {17} tested=400/500 | kept=3 | rest=10115
[TEST] {4} tested=1400/3000 | kept=17 | rest=9880
[TEST] {19} tested=400/500 | kept=8 | rest=9866
[TEST] {3} tested=1100/3000 | kept=1 | rest=9660
[TEST] {4} tested=1500/3000 | kept=20 | rest=9625
[TEST] {2} tested=1800/3000 | kept=329 | rest=9602
[TEST] {20} tested=84/84 | kept=3 | rest=9514
[TEST] {17} tested=500/500 | kept=4 | rest=9329
[TEST] {19} tested=500/500 | kept=14 | rest=9255
[TEST] {3} tested=1200/3000 | kept=1 | rest=9254
[WARN] batch start failed | size=84 {23} | split=14 {50} + 14 {51} + 14 {52} + 14 {53} + 14 {54} + 14 {55}
[WARN] batch start failed | size=84 {24} | split=14 {56} + 14 {57} + 14 {58} + 14 {59} + 14 {60} + 14 {61}
[TEST] {26} tested=100/500 | kept=5 | rest=9078
[TEST] {26} tested=200/500 | kept=10 | rest=8966
[TEST] {4} tested=1600/3000 | kept=20 | rest=8868
[TEST] {26} tested=300/500 | kept=14 | rest=8829
[TEST] {2} tested=1900/3000 | kept=329 | rest=8769
[TEST] {26} tested=400/500 | kept=20 | rest=8716
[TEST] {2} tested=2000/3000 | kept=357 | rest=8391
[TEST] {22} tested=84/84 | kept=11 | rest=8390
[WARN] batch start failed | size=500 {27} | split=84 {62} + 84 {63} + 84 {64} + 84 {65} + 84 {66} + 80 {67}
[TEST] {3} tested=1300/3000 | kept=1 | rest=8177
[TEST] {4} tested=1700/3000 | kept=21 | rest=8093
[TEST] {2} tested=2100/3000 | kept=358 | rest=8083
[TEST] {26} tested=500/500 | kept=48 | rest=8008
[TEST] {21} tested=84/84 | kept=5 | rest=7924
[TEST] {4} tested=1800/3000 | kept=21 | rest=7922
[WARN] batch start failed | size=500 {29} | split=84 {68} + 84 {69} + 84 {70} + 84 {71} + 84 {72} + 80 {73}
[TEST] {28} tested=100/500 | kept=3 | rest=7651
[TEST] {31} tested=100/495 | kept=0 | rest=7486
[TEST] {31} tested=200/495 | kept=1 | rest=7348
[TEST] {28} tested=200/500 | kept=13 | rest=7264
[TEST] {2} tested=2200/3000 | kept=358 | rest=7214
[TEST] {4} tested=1900/3000 | kept=23 | rest=7187
[TEST] {25} tested=80/80 | kept=65 | rest=7165
[TEST] {3} tested=1400/3000 | kept=1 | rest=7110
[TEST] {30} tested=100/500 | kept=1 | rest=6976
[TEST] {30} tested=200/500 | kept=8 | rest=6836
[TEST] {30} tested=300/500 | kept=21 | rest=6672
[TEST] {4} tested=2000/3000 | kept=23 | rest=6547
[TEST] {30} tested=400/500 | kept=38 | rest=6439
[TEST] {4} tested=2100/3000 | kept=23 | rest=6361
[TEST] {28} tested=300/500 | kept=22 | rest=6188
[TEST] {4} tested=2200/3000 | kept=23 | rest=6171
[TEST] {31} tested=300/495 | kept=20 | rest=6126
[TEST] {2} tested=2300/3000 | kept=362 | rest=6117
[TEST] {28} tested=400/500 | kept=23 | rest=6017
[TEST] {31} tested=400/495 | kept=23 | rest=5838
[TEST] {3} tested=1500/3000 | kept=1 | rest=5764
[TEST] {2} tested=2400/3000 | kept=426 | rest=5742
[TEST] {2} tested=2500/3000 | kept=451 | rest=5468
[TEST] {3} tested=1600/3000 | kept=1 | rest=5432
[TEST] {30} tested=500/500 | kept=45 | rest=5254
[TEST] {4} tested=2300/3000 | kept=23 | rest=5240
[WARN] batch start failed | size=84 {32} | split=14 {74} + 14 {75} + 14 {76} + 14 {77} + 14 {78} + 14 {79}
[TEST] {3} tested=1700/3000 | kept=1 | rest=5038
[TEST] {4} tested=2400/3000 | kept=23 | rest=4986
[TEST] {3} tested=1800/3000 | kept=1 | rest=4834
[TEST] {4} tested=2500/3000 | kept=23 | rest=4774
[TEST] {28} tested=500/500 | kept=25 | rest=4618
[TEST] {4} tested=2600/3000 | kept=23 | rest=4587
[TEST] {2} tested=2600/3000 | kept=451 | rest=4320
[TEST] {4} tested=2700/3000 | kept=23 | rest=4198
[TEST] {2} tested=2700/3000 | kept=490 | rest=4167
[TEST] {3} tested=1900/3000 | kept=1 | rest=4079
[TEST] {2} tested=2800/3000 | kept=515 | rest=4023
[TEST] {4} tested=2800/3000 | kept=23 | rest=3854
[TEST] {34} tested=84/84 | kept=0 | rest=3847
[TEST] {3} tested=2000/3000 | kept=1 | rest=3691
[TEST] {4} tested=2900/3000 | kept=23 | rest=3643
[TEST] {33} tested=84/84 | kept=8 | rest=3566
[TEST] {35} tested=84/84 | kept=1 | rest=3472
[TEST] {2} tested=2900/3000 | kept=527 | rest=3357
[TEST] {3} tested=2100/3000 | kept=1 | rest=3335
[TEST] {37} tested=80/80 | kept=4 | rest=3159
[WARN] batch start failed | size=84 {40} | split=14 {80} + 14 {81} + 14 {82} + 14 {83} + 14 {84} + 14 {85}
[TEST] {4} tested=3000/3000 | kept=23 | rest=3121
[TEST] {3} tested=2200/3000 | kept=1 | rest=3019
[TEST] {36} tested=84/84 | kept=2 | rest=2951
[TEST] {39} tested=84/84 | kept=2 | rest=2837
[TEST] {2} tested=3000/3000 | kept=527 | rest=2724
[WARN] batch start failed | size=84 {45} | split=14 {86} + 14 {87} + 14 {88} + 14 {89} + 14 {90} + 14 {91}
[TEST] {3} tested=2300/3000 | kept=1 | rest=2595
[TEST] {3} tested=2400/3000 | kept=1 | rest=2435
[TEST] {41} tested=84/84 | kept=3 | rest=2419
[TEST] {38} tested=84/84 | kept=5 | rest=2314
[TEST] {43} tested=80/80 | kept=0 | rest=2209
[TEST] {42} tested=84/84 | kept=2 | rest=2116
[TEST] {3} tested=2500/3000 | kept=1 | rest=2112
[TEST] {44} tested=84/84 | kept=1 | rest=1955
[WARN] batch start failed | size=14 {52} | split=3 {92} + 3 {93} + 3 {94} + 3 {95} + 2 {96}
[TEST] {3} tested=2600/3000 | kept=1 | rest=1922
[TEST] {3} tested=2700/3000 | kept=1 | rest=1812
[TEST] {46} tested=84/84 | kept=0 | rest=1694
[TEST] {3} tested=2800/3000 | kept=5 | rest=1693
[TEST] {47} tested=84/84 | kept=0 | rest=1656
[WARN] batch start failed | size=14 {54} | split=3 {97} + 3 {98} + 3 {99} + 3 {100} + 2 {101}
[WARN] batch start failed | size=14 {53} | split=3 {102} + 3 {103} + 3 {104} + 3 {105} + 2 {106}
[TEST] {48} tested=84/84 | kept=2 | rest=1591
[TEST] {3} tested=2900/3000 | kept=7 | rest=1486
[TEST] {49} tested=80/80 | kept=0 | rest=1461
[WARN] batch start failed | size=14 {57} | split=3 {107} + 3 {108} + 3 {109} + 3 {110} + 2 {111}
[TEST] {51} tested=14/14 | kept=2 | rest=1404
[WARN] batch start failed | size=14 {58} | split=3 {112} + 3 {113} + 3 {114} + 3 {115} + 2 {116}
[TEST] {50} tested=14/14 | kept=1 | rest=1397
[TEST] {55} tested=14/14 | kept=0 | rest=1377
[TEST] {62} tested=84/84 | kept=1 | rest=1270
[WARN] batch start failed | size=84 {65} | split=14 {117} + 14 {118} + 14 {119} + 14 {120} + 14 {121} + 14 {122}
[TEST] {56} tested=14/14 | kept=0 | rest=1268
[TEST] {3} tested=3000/3000 | kept=8 | rest=1091
[TEST] {59} tested=14/14 | kept=13 | rest=1012
[TEST] {60} tested=14/14 | kept=14 | rest=921
[WARN] batch start failed | size=84 {68} | split=14 {123} + 14 {124} + 14 {125} + 14 {126} + 14 {127} + 14 {128}
[TEST] {61} tested=14/14 | kept=11 | rest=914
[TEST] {63} tested=84/84 | kept=5 | rest=759
[TEST] {67} tested=80/80 | kept=2 | rest=758
[TEST] {64} tested=84/84 | kept=10 | rest=612
[TEST] {66} tested=84/84 | kept=3 | rest=536
[TEST] {69} tested=84/84 | kept=84 | rest=528
[TEST] {71} tested=84/84 | kept=76 | rest=521
[TEST] {70} tested=84/84 | kept=76 | rest=493
[TEST] {72} tested=84/84 | kept=66 | rest=487
[TEST] {73} tested=80/80 | kept=7 | rest=464
[WARN] batch start failed | size=14 {77} | split=3 {129} + 3 {130} + 3 {131} + 3 {132} + 2 {133}
[WARN] batch start failed | size=14 {80} | split=3 {134} + 3 {135} + 3 {136} + 3 {137} + 2 {138}
[TEST] {74} tested=14/14 | kept=0 | rest=443
[TEST] {75} tested=14/14 | kept=0 | rest=435
[TEST] {76} tested=14/14 | kept=1 | rest=429
[TEST] {79} tested=14/14 | kept=2 | rest=402
[TEST] {78} tested=14/14 | kept=2 | rest=392
[TEST] {81} tested=14/14 | kept=0 | rest=366
[TEST] {82} tested=14/14 | kept=2 | rest=351
[TEST] {83} tested=14/14 | kept=5 | rest=329
[TEST] {84} tested=14/14 | kept=0 | rest=321
[WARN] batch start failed | size=14 {87} | split=3 {139} + 3 {140} + 3 {141} + 3 {142} + 2 {143}
[TEST] {85} tested=14/14 | kept=0 | rest=299
[TEST] {88} tested=14/14 | kept=0 | rest=296
[WARN] batch start failed | size=3 {95} | split=1 {144} + 1 {145} + 1 {146}
[TEST] {92} tested=3/3 | kept=2 | rest=293
[TEST] {86} tested=14/14 | kept=0 | rest=282
[TEST] {93} tested=3/3 | kept=2 | rest=281
[WARN] batch start failed | size=2 {96} | split=1 {147} + 1 {148}
[WARN] batch start failed | size=3 {97} | split=1 {149} + 1 {150} + 1 {151}
[TEST] {89} tested=14/14 | kept=0 | rest=279
[TEST] {90} tested=14/14 | kept=2 | rest=270
[TEST] {91} tested=14/14 | kept=0 | rest=269
[WARN] batch start failed | size=3 {102} | split=1 {152} + 1 {153} + 1 {154}
[TEST] {94} tested=3/3 | kept=2 | rest=267
[TEST] {98} tested=3/3 | kept=0 | rest=265
[TEST] {100} tested=3/3 | kept=0 | rest=263
[TEST] {99} tested=3/3 | kept=0 | rest=261
[WARN] batch start failed | size=2 {106} | split=1 {155} + 1 {156}
[TEST] {107} tested=3/3 | kept=0 | rest=256
[TEST] {101} tested=2/2 | kept=0 | rest=252
[TEST] {103} tested=3/3 | kept=0 | rest=250
[WARN] batch start failed | size=2 {111} | split=1 {157} + 1 {158}
[WARN] batch start failed | size=3 {112} | split=1 {159} + 1 {160} + 1 {161}
[TEST] {113} tested=3/3 | kept=1 | rest=246
[TEST] {104} tested=3/3 | kept=0 | rest=241
[TEST] {116} tested=2/2 | kept=2 | rest=239
[TEST] {114} tested=3/3 | kept=3 | rest=238
[TEST] {115} tested=3/3 | kept=3 | rest=235
[WARN] batch start failed | size=14 {118} | split=3 {162} + 3 {163} + 3 {164} + 3 {165} + 2 {166}
[TEST] {105} tested=3/3 | kept=0 | rest=224
[TEST] {109} tested=3/3 | kept=0 | rest=218
[TEST] {108} tested=3/3 | kept=0 | rest=199
[TEST] {120} tested=14/14 | kept=3 | rest=170
[WARN] batch start failed | size=14 {123} | split=3 {167} + 3 {168} + 3 {169} + 3 {170} + 2 {171}
[TEST] {110} tested=3/3 | kept=0 | rest=168
[TEST] {117} tested=14/14 | kept=4 | rest=138
[TEST] {119} tested=14/14 | kept=9 | rest=128
[TEST] {121} tested=14/14 | kept=2 | rest=124
[TEST] {122} tested=14/14 | kept=0 | rest=119
[TEST] {128} tested=14/14 | kept=14 | rest=93
[WARN] batch start failed | size=3 {131} | split=1 {172} + 1 {173} + 1 {174}
[TEST] {124} tested=14/14 | kept=0 | rest=89
[TEST] {125} tested=14/14 | kept=0 | rest=88
[TEST] {126} tested=14/14 | kept=3 | rest=86
[WARN] batch start failed | size=3 {135} | split=1 {175} + 1 {176} + 1 {177}
[TEST] {127} tested=14/14 | kept=11 | rest=83
[TEST] {129} tested=3/3 | kept=0 | rest=80
[TEST] {130} tested=3/3 | kept=1 | rest=78
[TEST] {138} tested=2/2 | kept=0 | rest=76
[TEST] {132} tested=3/3 | kept=1 | rest=72
[TEST] {133} tested=2/2 | kept=0 | rest=70
[WARN] batch start failed | size=3 {141} | split=1 {178} + 1 {179} + 1 {180}
[TEST] {140} tested=3/3 | kept=0 | rest=67
[TEST] {143} tested=2/2 | kept=0 | rest=63
[TEST] {142} tested=3/3 | kept=0 | rest=62
[REPAIR] name=[ChromeGO-ShiteThings] hysteria {145} | fields=up,down
[REPAIR] name=[ChromeGO-ShiteThings] hysteria-2 {146} | fields=up,down
[REPAIR] name=[ChromeGO-ShiteThings] hysteria-3 {147} | fields=up,down
[TEST] {145} tested=1/1 | kept=0 | rest=61
[REPAIR] name=[ChromeGO-ShiteThings] hysteria-4 {148} | fields=up,down
[TEST] {146} tested=1/1 | kept=0 | rest=60
[TEST] {147} tested=1/1 | kept=0 | rest=59
[TEST] {144} tested=1/1 | kept=0 | rest=58
[TEST] {148} tested=1/1 | kept=0 | rest=57
[REPAIR] name=[ChromeGO-Merge] United-2 {149} | fields=up,down
[TEST] {150} tested=1/1 | kept=0 | rest=56
[REPAIR] name=[ChromeGO-Merge] WARP {153} | fields=dialer-proxy
[REPAIR] name=[ChromeGO-ShiteThings] hysteria-5 {152} | fields=up,down
[TEST] {134} tested=3/3 | kept=0 | rest=53
[TEST] {151} tested=1/1 | kept=0 | rest=52
[TEST] {137} tested=3/3 | kept=1 | rest=51
[REPAIR] name=[ChromeGO-Merge] United {155} | fields=up,down
[REPAIR] name=[ChromeGO-Merge] France_hysteria_1 {156} | fields=up,down
[REPAIR] name=[ChromeGO-Merge] Taiwan {157} | fields=up,down
[REPAIR] name=[ChromeGO-Merge] France {158} | fields=up,down
[REPAIR] name=[ChromeGO-Merge] Taiwan-2 {160} | fields=up,down
[REPAIR] name=[ChromeGO-Merge] United-4 {159} | fields=up,down
[TEST] {157} tested=1/1 | kept=0 | rest=50
[REPAIR] name=[ChromeGO-Merge] United-5 {161} | fields=up,down
[WARN] batch start failed | size=3 {164} | split=1 {181} + 1 {182} + 1 {183}
[TEST] {160} tested=1/1 | kept=0 | rest=49
[TEST] {136} tested=3/3 | kept=1 | rest=47
[TEST] {181} tested=1/1 | kept=1 | rest=43
[TEST] {162} tested=3/3 | kept=3 | rest=42
[TEST] {139} tested=3/3 | kept=0 | rest=40
[WARN] batch start failed | size=3 {170} | split=1 {184} + 1 {185} + 1 {186}
[TEST] {149} tested=1/1 | kept=0 | rest=34
[TEST] {153} tested=1/1 | kept=0 | rest=33
[TEST] {154} tested=1/1 | kept=0 | rest=32
[TEST] {152} tested=1/1 | kept=0 | rest=31
[TEST] {171} tested=2/2 | kept=0 | rest=29
[REPAIR] name=[Pawdroid-SS-APK] United+Kingdom-4 {172} | fields=cipher
[TEST] {155} tested=1/1 | kept=0 | rest=28
[TEST] {156} tested=1/1 | kept=0 | rest=27
[TEST] {158} tested=1/1 | kept=0 | rest=26
[TEST] {159} tested=1/1 | kept=0 | rest=25
[TEST] {163} tested=3/3 | kept=1 | rest=23
[TEST] {161} tested=1/1 | kept=0 | rest=22
[TEST] {173} tested=1/1 | kept=1 | rest=21
[TEST] {166} tested=2/2 | kept=1 | rest=20
[REPAIR] name=[Epodonios] EPODONIOS-129 {175} | fields=cipher
[TEST] {174} tested=1/1 | kept=0 | rest=19
[REPAIR] name=[Epodonios] EPODONIOS-130 {176} | fields=cipher
[REPAIR] name=[Epodonios] EPODONIOS-131 {177} | fields=cipher
[DROP] name=[Epodonios] vless-84 {180} | server=31.57.185.92:8080 | reason=Parse config error: proxy 0: 'reality-opts' has unset fields: public-key
[TEST] {167} tested=3/3 | kept=0 | rest=17
[TEST] {177} tested=1/1 | kept=0 | rest=16
[REPAIR] name=[Free-clash-v2ray] hysteria {182} | fields=up,down
[TEST] {178} tested=1/1 | kept=0 | rest=14
[DROP] name=[Free-clash-v2ray] 未知 SS-338 | free-nodes {184} | server=192.0.2.1:1 | reason=Parse config error: proxy 0: ss 192.0.2.1:1 cipher: i�5��\x1c�p initialize error: unknown method: i�5��\x1c�p
[TEST] {168} tested=3/3 | kept=0 | rest=12
[TEST] {169} tested=3/3 | kept=0 | rest=10
[TEST] {182} tested=1/1 | kept=0 | rest=8
[TEST] {176} tested=1/1 | kept=1 | rest=7
[TEST] {186} tested=1/1 | kept=0 | rest=6
[TEST] {185} tested=1/1 | kept=0 | rest=5
[TEST] {165} tested=3/3 | kept=3 | rest=4
[TEST] {172} tested=1/1 | kept=1 | rest=3
[TEST] {183} tested=1/1 | kept=1 | rest=2
[TEST] {175} tested=1/1 | kept=0 | rest=1
[TEST] {179} tested=1/1 | kept=0 | rest=0
[INFO] dropped=3 | [ChromeGO-Toolkit] × 1 | [Epodonios] × 1 | [Free-clash-v2ray] × 1
============================================================
[INFO] cap live | source=[免费节点2] | from=255 | to=50
[INFO] cap live | source=[免费节点8] | from=179 | to=50
[INFO] cap live | source=[Pawdroid-SR-APK] | from=289 | to=50
[INFO] cap live | source=[Epodonios] | from=59 | to=50
[INFO] cap live | source=[Free-clash-v2ray] | from=460 | to=50
[INFO] cap live | source=[V2rayclashfree-RSS] | from=77 | to=50
[INFO] cap live total | from=506 | to=400 | floor=5 | by=health_score
[INFO] cap live | reserved=112 | pool=394 | taken=288
[INFO] cap live | source=[免费节点1] | from=12 | to=5
[INFO] cap live | source=[Mibei77-RSS] | from=8 | to=5
[INFO] cap live | source=[免费节点3] | from=14 | to=12
[INFO] cap live | source=[免费节点4] | from=7 | to=5
[INFO] cap live | source=[免费节点7] | from=27 | to=21
[INFO] cap live | source=[免费节点10] | from=23 | to=15
[INFO] cap live | source=[免费节点11] | from=24 | to=11
[INFO] cap live | source=[ChromeGO-ShiteThings] | from=7 | to=5
[INFO] cap live | source=[Pawdroid-SS-APK] | from=35 | to=23
[INFO] cap live | source=[1VPN-CRX] | from=11 | to=7
[INFO] cap live | source=[Epodonios] | from=50 | to=23
[INFO] cap live | source=[V2rayclashfree-RSS] | from=50 | to=30
[INFO] geo tally | live=400 | HK=28 | JP=77 | KR=68 | TW=6 | SG=25 | US=80 | GB=10 | FR=14 | DE=9 | NL=9 | CA=9 | other=65
[INFO] score summary | n=400 | max=500.0839 | p90=107.0212 | p50=47.8200 | avg=54.3281 | min=-0.2400 | geo_avg=35.0139 | adj_avg=+1.9549
============================================================
+------------------------------+--------+--------+------+--------+
| source                       |    raw | unique | live | capped |
+------------------------------+--------+--------+------+--------+
| [大FQ运动]                   |     18 |     18 |    6 |      6 |
+------------------------------+--------+--------+------+--------+
| [Pawdroid]                   |     24 |     23 |    5 |      5 |
+------------------------------+--------+--------+------+--------+
| [FreeV2-Base64]              |      3 |      3 |    3 |      3 |
+------------------------------+--------+--------+------+--------+
| [Bocchi2b-Base64]            |     35 |     35 |    0 |      0 |
+------------------------------+--------+--------+------+--------+
| [Freesocks]                  |      4 |      4 |    3 |      3 |
+------------------------------+--------+--------+------+--------+
| [NekoWarp]                   |     10 |     10 |   10 |     10 |
+------------------------------+--------+--------+------+--------+
| [OpenRunner-RSS]             |     14 |     14 |    1 |      1 |
+------------------------------+--------+--------+------+--------+
| [V2Rayshare-RSS]             |     22 |     22 |    1 |      1 |
+------------------------------+--------+--------+------+--------+
| [Mibei77-RSS]                |     72 |     67 |    8 |      5 |
+------------------------------+--------+--------+------+--------+
| [Yoyapai-RSS]                |    298 |    290 |    3 |      3 |
+------------------------------+--------+--------+------+--------+
| [免费节点1]                  |    223 |    167 |   12 |      5 |
+------------------------------+--------+--------+------+--------+
| [免费节点2]                  |    593 |    563 |  255 |     50 |
+------------------------------+--------+--------+------+--------+
| [免费节点3]                  |     40 |     24 |   14 |     12 |
+------------------------------+--------+--------+------+--------+
| [免费节点4]                  |    323 |    177 |    7 |      5 |
+------------------------------+--------+--------+------+--------+
| [免费节点5]                  |     29 |     28 |    0 |      0 |
+------------------------------+--------+--------+------+--------+
| [免费节点6]                  |    566 |    553 |    1 |      1 |
+------------------------------+--------+--------+------+--------+
| [免费节点7]                  |     60 |     32 |   27 |     21 |
+------------------------------+--------+--------+------+--------+
| [免费节点8]                  |   4443 |   3841 |  179 |     50 |
+------------------------------+--------+--------+------+--------+
| [免费节点9]                  |    615 |    454 |    0 |      0 |
+------------------------------+--------+--------+------+--------+
| [免费节点10]                 |   4691 |   3098 |   23 |     15 |
+------------------------------+--------+--------+------+--------+
| [免费节点11]                 |    701 |    329 |   24 |     11 |
+------------------------------+--------+--------+------+--------+
| [ChromeGO-Toolkit]           |     20 |     18 |    2 |      2 |
+------------------------------+--------+--------+------+--------+
| [ChromeGO-ShiteThings]       |     31 |     25 |    7 |      5 |
+------------------------------+--------+--------+------+--------+
| [ChromeGO-Merge]             |    252 |     74 |    0 |      0 |
+------------------------------+--------+--------+------+--------+
| [Pawdroid-SR-APK]            |    893 |    499 |  289 |     50 |
+------------------------------+--------+--------+------+--------+
| [Pawdroid-SS-APK]            |   1507 |   1118 |   35 |     23 |
+------------------------------+--------+--------+------+--------+
| [1VPN-CRX]                   |     17 |     17 |   11 |      7 |
+------------------------------+--------+--------+------+--------+
| [Clashfree]                  |    402 |     40 |    3 |      3 |
+------------------------------+--------+--------+------+--------+
| [Epodonios]                  |   4298 |   3388 |   59 |     23 |
+------------------------------+--------+--------+------+--------+
| [Free-clash-v2ray]           |   3285 |   2015 |  460 |     50 |
+------------------------------+--------+--------+------+--------+
| [V2rayclashfree-RSS]         |   3406 |   1049 |   77 |     30 |
+------------------------------+--------+--------+------+--------+
============================================================
[INFO] clash history written | path=/home/runner/work/Free-node-autotest/Free-node-autotest/history/797389908795-clash-1204-20261009.yaml
[SUMMARY] total_nodes=26895
[SUMMARY] legal_candidates=17995
[SUMMARY] passed_latency_test=400
[SUMMARY] region_HK=28 | region_JP=78 | region_US=89
[SUMMARY] avg_latency_ms=596.05
[SUMMARY] output=/home/runner/work/Free-node-autotest/Free-node-autotest/output/clash.yaml
============================================================
[INFO] raw backup written | path=/home/runner/work/Free-node-autotest/Free-node-autotest/output/raw.yaml | history=797389908795-raw-1204-20261009.yaml | proxies=26897
[INFO] debug history written | path=/home/runner/work/Free-node-autotest/Free-node-autotest/history/797389908795-debug-1204-20261009.log | proxies=26922
