============================================================
[INFO] sublink try page: https://end-gfw.com/
[OK] proxies=2 new=2 url=https://raw.githubusercontent.com/hello-world-1989/cn-news/refs/heads/main/clash.yaml
[OK] proxies=2 new=0 url=https://raw.githubusercontent.com/hello-world-1989/cn-news/main/end-gfw-together
[OK] proxies=2 new=2 url=https://raw.githubusercontent.com/hello-world-1989/cn-news/main/end-gfw-together-ss
[OK] proxies=4 source=[大FQ运动] url=https://end-gfw.com/
============================================================
[INFO] source try url: https://end-gfw.com/ss-key
[OK] proxies=4 new=4 url=https://end-gfw.com/ss-key
[OK] proxies=4 source=[大FQ运动-SS密钥] url=https://end-gfw.com/ss-key
============================================================
[INFO] sublink try page: https://github.com/hello-world-1989/cn-news/raw/refs/heads/main/README.md
[OK] proxies=2 new=2 url=https://raw.githubusercontent.com/hello-world-1989/cn-news/refs/heads/main/clash.yaml
[OK] proxies=2 new=0 url=https://raw.githubusercontent.com/hello-world-1989/cn-news/main/end-gfw-together
[OK] proxies=6 new=6 url=https://raw.githubusercontent.com/hello-world-1989/v2-sub/main/end-gfw-together-af3e13
[OK] proxies=8 source=[大FQ运动-补充] url=https://github.com/hello-world-1989/cn-news/raw/refs/heads/main/README.md
============================================================
[INFO] toolkit try release: https://github.com/bannedbook/fanqiang/releases
[INFO] toolkit try page: https://github.com/bannedbook/fanqiang/releases/expanded_assets/ChromeGo-latest
[INFO] toolkit try download: https://github.com/bannedbook/fanqiang/releases/download/ChromeGo-latest/ChromeGo.7z
[OK] toolkit downloaded: ChromeGo.7z bytes=100924352
[OK] toolkit extracted archive=ChromeGo.7z tool=7z files=222 dirs=45
[OK] toolkit discovered subs=107 embedded=12 archive=ChromeGo.7z
[OK] proxies=6 new=6 embedded=archive-config
[OK] proxies=7 new=5 url=https://gitlab.com/free9999/ipupdate/master/backup/img/1/2/{ipp|ip}/{hysteria2|singbox|naiveproxy|hysteria|xray}/{2|3|1|4}/config.json
[OK] proxies=7 new=0 url=https://www.67867867.xyz/Alvin9999/PAC/refs/heads/master/backup/img/1/2/{ipp|ip}/{hysteria2|singbox|naiveproxy|hysteria|xray}/{2|3|1|4}/config.json
[OK] proxies=3 new=3 url=https://gitlab.com/free9999/ipupdate/master/backup/img/1/2/{ipp|ip}/clash.meta2/{2|3|1|5|4|6}/config.yaml
[OK] proxies=3 new=0 url=https://www.67867867.xyz/Alvin9999/PAC/refs/heads/master/backup/img/1/2/{ipp|ip}/clash.meta2/{2|3|1|5|4|6}/config.yaml
[OK] proxies=14 source=[ChromeGO-工具包] url=https://github.com/bannedbook/fanqiang/releases/download/ChromeGo-latest/ChromeGo.7z
============================================================
[INFO] sublink try page: https://raw.githubusercontent.com/ShiteThings/extractNodes/refs/heads/main/README.md
[OK] proxies=31 new=30 url=https://{chg26.makou.cc.cd|chg64.makou.cc.cd}
[OK] proxies=26 new=1 url=https://chg26.makou.cc.cd/sb
[OK] proxies=31 source=[ChromeGO-ShiteThings] url=https://raw.githubusercontent.com/ShiteThings/extractNodes/refs/heads/main/README.md
============================================================
[INFO] sublink try page: https://github.com/Misaka-blog/chromego_merge/raw/refs/heads/main/README.md
[OK] proxies=25 new=25 url=https://chromego-sub.netlify.app/sub/merged_proxies_new.yaml
[OK] proxies=25 source=[ChromeGO-Merge] url=https://github.com/Misaka-blog/chromego_merge/raw/refs/heads/main/README.md
============================================================
[INFO] source try url: https://freesocks.org/api/v1/sub/02b897e8e77f19176b0b9f2c75864b00
[OK] proxies=3 new=3 url=https://freesocks.org/api/v1/sub/02b897e8e77f19176b0b9f2c75864b00
[OK] proxies=3 source=[Freesocks] url=https://freesocks.org/api/v1/sub/02b897e8e77f19176b0b9f2c75864b00
============================================================
[INFO] source try url: https://neko-warp.nloli.xyz/neko_warp.yaml
[OK] proxies=10 new=10 url=https://neko-warp.nloli.xyz/neko_warp.yaml
[OK] proxies=10 source=[NekoWarp] url=https://neko-warp.nloli.xyz/neko_warp.yaml
============================================================
[INFO] article try feed: https://free.datiya.com/index.xml
[INFO] sublink try page: https://free.datiya.com/post/20260912/
[OK] proxies=14 new=14 url=https://free.datiya.com/uploads/20260912-clash.yaml
[OK] proxies=14 source=[OpenRunner-RSS] url=https://free.datiya.com/post/20260912/
============================================================
[INFO] article try feed: https://v2rayshare.com/feed
[INFO] sublink try page: https://v2rayshare.net/p/5069.html
[OK] proxies=27 new=27 url=https://static.v2rayshare.net/2026/09/20260911.txt
[OK] proxies=27 new=0 url=https://static.v2rayshare.net/2026/09/20260911.yaml
[OK] proxies=27 new=0 url=https://static.v2rayshare.net/2026/09/m20260911.yaml
[OK] proxies=27 source=[V2Rayshare-RSS] url=https://v2rayshare.net/p/5069.html
============================================================
[INFO] sublink try page: https://github.com/firefoxmmx2/v2rayshare_subcription/raw/refs/heads/main/README.md
[OK] proxies=27 new=27 url=https://{raw.githubusercontent.com|cdn.jsdelivr.net}/firefoxmmx2/v2rayshare_subcription/main/subscription/vray_sub.txt
[OK] proxies=27 new=0 url=https://{raw.githubusercontent.com|cdn.jsdelivr.net}/firefoxmmx2/v2rayshare_subcription/main/subscription/clash_sub.yaml
[OK] proxies=27 new=0 url=https://{raw.githubusercontent.com|cdn.jsdelivr.net}/firefoxmmx2/v2rayshare_subcription/main/subscription/mihomo_sub.yaml
[OK] proxies=27 source=[V2Rayshare-SUB] url=https://github.com/firefoxmmx2/v2rayshare_subcription/raw/refs/heads/main/README.md
============================================================
[INFO] article try feed: https://www.mibei77.com/feed
[INFO] sublink try page: https://www.mibei77.com/662.html
[OK] proxies=108 new=108 url=https://mm.mibei77.com/202609/09.1164bacve.txt
[OK] proxies=107 new=0 url=https://mm.mibei77.com/202609/0911Clashizx.yaml
[OK] proxies=108 source=[Mibei77-RSS] url=https://www.mibei77.com/662.html
============================================================
[INFO] article try feed: https://yoyapai.com/feed
[INFO] sublink try page: https://yoyapai.com/713
[OK] proxies=1 new=1 url=https://yoyapai.com/713
[OK] proxies=207 new=207 url=https://freenode.yoyapai.com/2026/09/11-yoyapai.com-clash-vpn-mianfei-jiedian.yaml
[OK] proxies=207 new=0 url=https://freenode.yoyapai.com/2026/09/11-yoyapai.com-ssrv2ray-vpn-mianfei-jiedian.txt
[OK] proxies=208 source=[Yoyapai-RSS] url=https://yoyapai.com/713
============================================================
[INFO] sublink try page: https://raw.githubusercontent.com/free-clash-v2ray/free-clash-v2ray.github.io/main/README.md
[OK] proxies=2281 new=2281 url=https://free-clash-v2ray.github.io/uploads/2026/09/{0-20260906.yaml|1-20260906.yaml|2-20260906.yaml|3-20260906.yaml}
[OK] proxies=3958 new=2247 url=https://free-clash-v2ray.github.io/uploads/2026/09/{1-20260906.txt|2-20260906.txt|3-20260906.txt|4-20260906.txt}
[OK] proxies=4528 source=[Free-clash-v2ray] url=https://raw.githubusercontent.com/free-clash-v2ray/free-clash-v2ray.github.io/main/README.md
============================================================
[INFO] sublink try page: https://raw.githubusercontent.com/Pawdroid/Free-servers/refs/heads/main/README.md
[OK] proxies=20 new=20 url=https://raw.githubusercontent.com/Pawdroid/Free-servers/refs/heads/main/README.md
[OK] proxies=20 new=0 url=https://raw.githubusercontent.com/Pawdroid/Free-servers/main/sub
[OK] proxies=1 new=1 url=https://apps.apple.com/cn/app/shadowshare/id1612647259
[OK] proxies=21 source=[Pawdroid] url=https://raw.githubusercontent.com/Pawdroid/Free-servers/refs/heads/main/README.md
============================================================
[INFO] source try url: https://xmxosfepggzm.503403.xyz
[OK] proxies=3 new=3 url=https://xmxosfepggzm.503403.xyz
[OK] proxies=3 source=[FreeV2-Base64] url=https://xmxosfepggzm.503403.xyz
============================================================
[INFO] source try url: https://links.bocchi2b.top/clash
[OK] proxies=35 new=35 url=https://links.bocchi2b.top/clash
[OK] proxies=35 source=[Bocchi2b-Base64] url=https://links.bocchi2b.top/clash
============================================================
[INFO] sublink try page: https://raw.githubusercontent.com/free18/v2ray/refs/heads/main/README.md
[OK] proxies=3 new=3 url=https://raw.githubusercontent.com/free18/v2ray/refs/heads/main/README.md
[OK] proxies=105 new=105 url=https://ghfast.top/https://raw.githubusercontent.com/free18/v2ray/refs/heads/main/v.txt
[OK] proxies=105 new=0 url=https://ghfast.top/https://raw.githubusercontent.com/free18/v2ray/refs/heads/main/c.yaml
[OK] proxies=108 source=[免费节点1] url=https://raw.githubusercontent.com/free18/v2ray/refs/heads/main/README.md
============================================================
[INFO] sublink try page: https://github.com/ermaozi/get_subscribe/raw/refs/heads/main/README.md
[INFO] sublink file_nodes=0 bare links=9
[OK] proxies=385 new=385 url=https://www.ermao.net/sub/{clash|v2ray}/ermao.net
[OK] proxies=383 new=0 url=https://www.ermao.net/sub/{reachable|unreachable|untested}/clash/ermao.net
[OK] proxies=385 source=[免费节点2] url=https://github.com/ermaozi/get_subscribe/raw/refs/heads/main/README.md
============================================================
[INFO] sublink try page: https://raw.githubusercontent.com/sunmiao4458/free-proxy-airport/refs/heads/main/README.md
[OK] proxies=30 new=30 url=https://sunmiao4458.github.io/free-proxy-airport/clash.yaml
[OK] proxies=30 source=[免费节点3] url=https://raw.githubusercontent.com/sunmiao4458/free-proxy-airport/refs/heads/main/README.md
============================================================
[INFO] sublink try page: https://raw.githubusercontent.com/mfuu/FreeProxies/refs/heads/master/README.md
[OK] proxies=751 new=751 url=https://raw.githubusercontent.com/mfuu/FreeProxies/master/sub.yaml
[OK] proxies=751 source=[免费节点4] url=https://raw.githubusercontent.com/mfuu/FreeProxies/refs/heads/master/README.md
============================================================
[INFO] sublink try page: https://github.com/vxiaov/free_proxies/raw/refs/heads/main/README.md
[OK] proxies=1 new=1 url=https://github.com/vxiaov/free_proxies/raw/refs/heads/main/README.md
[OK] proxies=28 new=28 url=https://{cdn.jsdelivr.net|raw.githubusercontent.com}/vxiaov/free_proxies/main/clash/clash.provider.yaml
[OK] proxies=29 source=[免费节点5] url=https://github.com/vxiaov/free_proxies/raw/refs/heads/main/README.md
============================================================
[INFO] sublink try page: https://github.com/anaer/Sub/raw/refs/heads/main/README.MD
[OK] proxies=1464 new=1464 url=https://anaer.github.io/Sub/clash.yaml
[OK] proxies=1464 new=0 url=https://raw.githubusercontent.com/anaer/Sub/main/clash.yaml
[OK] proxies=1464 source=[免费节点6] url=https://github.com/anaer/Sub/raw/refs/heads/main/README.MD
============================================================
[INFO] sublink try page: https://github.com/snakem982/proxypool/raw/refs/heads/main/README.md
[OK] proxies=64 new=64 url=https://raw.githubusercontent.com/snakem982/proxypool/main/source/clash-meta-2.yaml
[OK] proxies=62 new=0 url=https://raw.githubusercontent.com/snakem982/proxypool/main/source/v2ray-2.txt
[OK] proxies=63 new=0 url=https://raw.githubusercontent.com/snakem982/proxypool/main/source/sing-box-2.json
[OK] proxies=64 source=[免费节点7] url=https://github.com/snakem982/proxypool/raw/refs/heads/main/README.md
============================================================
[INFO] sublink try page: https://raw.githubusercontent.com/mahdibland/V2RayAggregator/refs/heads/master/README.md
[OK] proxies=380 new=380 url=https://raw.githubusercontent.com/mahdibland/V2RayAggregator/refs/heads/master/README.md
[OK] proxies=1 new=1 url=https://github.com/mahdibland/SSAggregator/actions/workflows/Collector.yml
[OK] proxies=1 new=0 url=https://github.com/mahdibland/SSAggregator/actions/workflows/Airport_Collector.yml
[OK] proxies=195 new=0 url=https://raw.githubusercontent.com/mahdibland/ShadowsocksAggregator/master/Eternity.txt
[OK] proxies=196 new=1 url=https://raw.githubusercontent.com/mahdibland/ShadowsocksAggregator/master/Eternity.yml
[OK] proxies=61 new=61 url=https://raw.githubusercontent.com/mahdibland/ShadowsocksAggregator/master/EternityAir.txt
[OK] proxies=3828 new=3542 url=https://raw.githubusercontent.com/mahdibland/SSAggregator/master/sub/sub_merge_base64.txt
[OK] proxies=3828 new=0 url=https://raw.githubusercontent.com/mahdibland/{SSAggregator|ShadowsocksAggregator}/master/sub/sub_merge.txt
[OK] proxies=3971 new=177 url=https://raw.githubusercontent.com/mahdibland/SSAggregator/master/sub/sub_merge_yaml.yml
[OK] proxies=61 new=0 url=https://raw.githubusercontent.com/mahdibland/SSAggregator/master/sub/airport_merge_base64.txt
[OK] proxies=61 new=0 url=https://raw.githubusercontent.com/mahdibland/SSAggregator/master/sub/airport_sub_merge.txt
[OK] proxies=1354 new=0 url=https://raw.githubusercontent.com/mahdibland/ShadowsocksAggregator/master/sub/splitted/vmess.txt
[OK] proxies=588 new=0 url=https://raw.githubusercontent.com/mahdibland/ShadowsocksAggregator/master/sub/splitted/trojan.txt
[OK] proxies=43 new=0 url=https://raw.githubusercontent.com/mahdibland/ShadowsocksAggregator/master/sub/splitted/ssr.txt
[OK] proxies=1843 new=0 url=https://raw.githubusercontent.com/mahdibland/ShadowsocksAggregator/master/sub/splitted/ss.txt
[OK] proxies=1 new=0 url=https://cdn.jsdelivr.net/gh/mahdibland/V2RayAggregator@master/update/provider/provider-meta.yml
[OK] proxies=1 new=0 url=https://cdn.jsdelivr.net/gh/mahdibland/V2RayAggregator@master/update/provider/provider-meta-cn.yml
[OK] proxies=1 new=0 url=https://cdn.jsdelivr.net/gh/mahdibland/V2RayAggregator@master/update/provider/provider-meta-others.yml
[OK] proxies=1 new=0 url=https://cdn.jsdelivr.net/gh/mahdibland/V2RayAggregator@master/update/provider/provider.yml
[OK] proxies=1 new=0 url=https://cdn.jsdelivr.net/gh/mahdibland/V2RayAggregator@master/update/provider/provider-cn.yml
[OK] proxies=1 new=0 url=https://cdn.jsdelivr.net/gh/mahdibland/V2RayAggregator@master/update/provider/provider-others.yml
[OK] proxies=4162 source=[免费节点8] url=https://raw.githubusercontent.com/mahdibland/V2RayAggregator/refs/heads/master/README.md
============================================================
[INFO] sublink try page: https://raw.githubusercontent.com/w1770946466/Auto_proxy/refs/heads/main/README.md
[OK] proxies=1 new=1 url=https://github.com/w1770946466/Auto_proxy/actions/workflows/main.yml
[OK] proxies=245 new=245 url=https://raw.githubusercontent.com/w1770946466/Auto_proxy/main/{Long_term_subscription2.yaml|Long_term_subscription1.yaml|Long_term_subscription3.yaml}
[OK] proxies=489 new=54 url=https://raw.githubusercontent.com/w1770946466/Auto_proxy/main/{Long_term_subscription1|Long_term_subscription2|Long_term_subscription3|Long_term_subscription4|Long_term_subscription5|Long_term_subscription6|Long_term_subscription7|Long_term_subscription8}
[OK] proxies=489 new=315 url=https://raw.githubusercontent.com/w1770946466/Auto_proxy/main/Long_term_subscription_num
[OK] proxies=615 source=[免费节点9] url=https://raw.githubusercontent.com/w1770946466/Auto_proxy/refs/heads/main/README.md
============================================================
[INFO] sublink try page: https://raw.githubusercontent.com/PuddinCat/BestClash/refs/heads/main/README.md
[OK] proxies=16 new=16 url=https://raw.githubusercontent.com/PuddinCat/BestClash/main/proxies.yaml
[OK] proxies=28 new=28 url=https://cdn.jsdelivr.net/gh/vxiaov/free_proxies@main/clash/clash.provider.yaml
[OK] proxies=24 new=24 url=https://freenode.openrunner.net/uploads/20240807-clash.yaml
[OK] proxies=25 new=25 url=https://raw.githubusercontent.com/Misaka-blog/chromego_merge/main/sub/merged_proxies_new.yaml
[OK] proxies=4612 new=4583 url=https://raw.githubusercontent.com/{NiceVPN123|anaer}/{NiceVPN|Sub}/main/{Clash.yaml|clash.yaml}
[OK] proxies=31 new=7 url=https://raw.githubusercontent.com/{chengaopan|peasoft}/{AutoMergePublicNodes|NoMoreWalls}/master/list.yml
[OK] proxies=383 new=343 url=https://raw.githubusercontent.com/{ermaozi|ermaozi01}/{get_subscribe|free_clash_vpn}/main/subscribe/clash.yml
[OK] proxies=196 new=180 url=https://raw.githubusercontent.com/mahdibland/ShadowsocksAggregator/master/Eternity.yml
[OK] proxies=165 new=160 url=https://raw.githubusercontent.com/ronghuaxueleng/get_v2/main/pub/combine.yaml
[OK] proxies=144 new=3 url=https://raw.githubusercontent.com/zhangkaiitugithub/passcro/main/speednodes.yaml
[OK] proxies=5369 source=[免费节点10] url=https://raw.githubusercontent.com/PuddinCat/BestClash/refs/heads/main/README.md
============================================================
[INFO] sublink try page: https://raw.githubusercontent.com/kooker/FreeSubsCheck/main/README.md
[OK] proxies=30 new=30 url=https://raw.githubusercontent.com/kooker/FreeSubsCheck/main/mihomo.yaml
[OK] proxies=30 new=0 url=https://raw.githubusercontent.com/kooker/FreeSubsCheck/main/all.yaml
[OK] proxies=17 new=0 url=https://raw.githubusercontent.com/kooker/FreeSubsCheck/main/base64.txt
[OK] proxies=14 new=14 url=https://raw.githubusercontent.com/kooker/FreeSubsCheck/main/byxiaoxi.txt
[OK] proxies=451 new=439 url=https://raw.githubusercontent.com/kooker/FreeSubsCheck/main/kooker.jp.txt
[OK] proxies=483 source=[免费节点11] url=https://raw.githubusercontent.com/kooker/FreeSubsCheck/main/README.md
============================================================
[INFO] toolkit try release: https://github.com/Pawdroid/shadowrocket_for_android/releases
[INFO] toolkit try page: https://github.com/Pawdroid/shadowrocket_for_android/releases/expanded_assets/v10.10.5-standard
[INFO] toolkit try download: https://github.com/Pawdroid/shadowrocket_for_android/releases/download/v10.10.5-standard/Shadowrocket_10.10.5_shadowrocketStandard_arm64-v8a.apk
[OK] toolkit downloaded: Shadowrocket_10.10.5_shadowrocketStandard_arm64-v8a.apk bytes=42354602
[OK] toolkit extracted archive=Shadowrocket_10.10.5_shadowrocketStandard_arm64-v8a.apk tool=zipfile files=1320 dirs=36
[OK] toolkit sr-apk scanned prefixes=29 files=11 keys=2 archive=Shadowrocket_10.10.5_shadowrocketStandard_arm64-v8a.apk
[OK] proxies=1386 new=1386 url=https://raw.githubusercontent.com/hideme9527/ecfg/refs/heads/main/data/ecfg_zh
[OK] proxies=171 new=68 url=https://raw.githubusercontent.com/hideme9527/ecfg/refs/heads/main/data/ecfg5
[OK] proxies=129 new=0 url=https://raw.githubusercontent.com/hideme9527/ecfg/refs/heads/main/data/ecfg
[OK] proxies=171 new=0 url=https://{vip.foxovpn.com|ecfg.v2gh.com|cdn.159236.xyz|cdn100.159236.xyz|cdn10.159236.xyz}/{config|data}/ecfg5
[OK] proxies=129 new=0 url=https://{ecfg.v2gh.com|vip.foxovpn.com|cdn10.159236.xyz|cdn100.159236.xyz|cdn.159236.xyz}/{data|config}/ecfg
[OK] proxies=1386 new=0 url=https://{ecfg.v2gh.com|vip.foxovpn.com|cdn.159236.xyz|cdn10.159236.xyz|cdn100.159236.xyz}/{data|config}/ecfg_zh
[OK] proxies=1386 new=0 url=https://{ecfg.v2gh.com|cdn10.159236.xyz|cdn.159236.xyz|cdn100.159236.xyz|vip.foxovpn.com}/{data|config}/ecfg_fr
[OK] proxies=1386 new=0 url=https://{cdn.159236.xyz|ecfg.v2gh.com|cdn10.159236.xyz|cdn100.159236.xyz|vip.foxovpn.com}/{config|data}/ecfg_en
[OK] proxies=1386 new=0 url=https://{ecfg.v2gh.com|cdn10.159236.xyz|cdn.159236.xyz|cdn100.159236.xyz|vip.foxovpn.com}/{data|config}/ecfg_de
[OK] proxies=1386 new=0 url=https://{cdn.159236.xyz|cdn10.159236.xyz|ecfg.v2gh.com|cdn100.159236.xyz|vip.foxovpn.com}/{config|data}/ecfg_pt
[OK] proxies=1386 new=0 url=https://{cdn.159236.xyz|cdn10.159236.xyz|ecfg.v2gh.com|cdn100.159236.xyz|vip.foxovpn.com}/{config|data}/ecfg_ja
[OK] proxies=1386 new=0 url=https://{cdn.159236.xyz|cdn10.159236.xyz|ecfg.v2gh.com|cdn100.159236.xyz|vip.foxovpn.com}/{config|data}/ecfg_ru
[OK] proxies=1386 new=0 url=https://{cdn10.159236.xyz|cdn.159236.xyz|ecfg.v2gh.com|cdn100.159236.xyz|vip.foxovpn.com}/{config|data}/ecfg_es
[OK] proxies=1386 new=0 url=https://raw.githubusercontent.com/hideme9527/ecfg/refs/heads/main/data/ecfg_de
[OK] proxies=1386 new=0 url=https://raw.githubusercontent.com/hideme9527/ecfg/refs/heads/main/data/ecfg_pt
[OK] proxies=1386 new=0 url=https://raw.githubusercontent.com/hideme9527/ecfg/refs/heads/main/data/ecfg_ru
[OK] proxies=1386 new=0 url=https://raw.githubusercontent.com/hideme9527/ecfg/refs/heads/main/data/ecfg_en
[OK] proxies=1386 new=0 url=https://raw.githubusercontent.com/hideme9527/ecfg/refs/heads/main/data/ecfg_ja
[OK] proxies=1386 new=0 url=https://raw.githubusercontent.com/hideme9527/ecfg/refs/heads/main/data/ecfg_es
[OK] proxies=1386 new=0 url=https://raw.githubusercontent.com/hideme9527/ecfg/refs/heads/main/data/ecfg_fr
[OK] proxies=1454 source=[Pawdroid-sr-apk] url=https://github.com/Pawdroid/shadowrocket_for_android/releases/download/v10.10.5-standard/Shadowrocket_10.10.5_shadowrocketStandard_arm64-v8a.apk
============================================================
[INFO] toolkit try page: https://shadowshare.v2cross.com/
[INFO] toolkit try download: https://shadowshare.v2cross.com/shadowshare.apk
[OK] toolkit downloaded: shadowshare.apk bytes=62868122
[OK] toolkit extracted archive=shadowshare.apk tool=zipfile files=612 dirs=39
[OK] toolkit ss-apk scanned prefixes=10 files=3 keys=1 archive=shadowshare.apk
[OK] proxies=1386 new=1386 url=https://{raw.githubusercontent.com|jsd.onmicrosoft.cn}/hideme9527/ecsfg/main/data/sareserver_en
[OK] proxies=171 new=68 url=https://{raw.githubusercontent.com|jsd.onmicrosoft.cn}/hideme9527/ecsfg/main/data/sareserver
[OK] proxies=171 new=0 url=https://{shadowsharing.com|sare.159236.xyz}/data/sareserver
[OK] proxies=1386 new=0 url=https://{shadowsharing.com|sare.159236.xyz}/data/sareserver_en
[OK] proxies=171 new=0 url=https://gitee.com/api/v5/repos/{elvenapp|zhiminghao|guoyoucai1}/ecsfg/raw/data/sareserver
[OK] proxies=1386 new=0 url=https://gitee.com/api/v5/repos/{zhiminghao|guoyoucai1|elvenapp}/ecsfg/raw/data/sareserver_en
[OK] proxies=1454 source=[Pawdroid-ss-apk] url=https://shadowshare.v2cross.com/shadowshare.apk
============================================================
[INFO] sublink try page: https://raw.githubusercontent.com/free-nodes/clashfree/refs/heads/main/README.md
[OK] proxies=1347 new=1347 url=https://raw.githubusercontent.com/free-nodes/clashfree/refs/heads/main/README.md
[OK] proxies=1347 new=0 url=https://raw.githubusercontent.com/free-nodes/clashfree/main/clash20260912.yml
[OK] proxies=1 new=1 url=https://github.com/free-nodes/clashfree/blob/main/clash20260912.yml
[OK] proxies=1348 source=[Clashfree] url=https://raw.githubusercontent.com/free-nodes/clashfree/refs/heads/main/README.md
============================================================
[INFO] sublink try page: https://github.com/Epodonios/v2ray-configs/raw/refs/heads/main/README.md
[OK] proxies=1 new=1 url=https://github.com/Epodonios/V2ray-Configs/actions/workflows/main.yml
[OK] proxies=2850 new=2850 url=https://github.com/Epodonios/v2ray-configs/raw/main/All_Configs_Sub.txt
[OK] proxies=2850 new=0 url=https://github.com/Epodonios/v2ray-configs/raw/main/All_Configs_base64_Sub.txt
[OK] proxies=3241 new=1186 url=https://github.com/Epodonios/v2ray-configs/raw/main/Splitted-By-Protocol/vless.txt
[OK] proxies=152 new=13 url=https://github.com/Epodonios/v2ray-configs/raw/main/Splitted-By-Protocol/vmess.txt
[OK] proxies=393 new=31 url=https://github.com/Epodonios/v2ray-configs/raw/main/Splitted-By-Protocol/ss.txt
[OK] proxies=174 new=121 url=https://github.com/Epodonios/v2ray-configs/raw/main/Splitted-By-Protocol/trojan.txt
[OK] proxies=4056 new=44 url=https://raw.githubusercontent.com/Epodonios/v2ray-configs/main/{Sub1.txt|Sub2.txt|Sub3.txt|Sub4.txt|Sub5.txt|Sub6.txt|Sub7.txt|Sub8.txt}
[OK] proxies=4246 source=[Epodonios] url=https://github.com/Epodonios/v2ray-configs/raw/refs/heads/main/README.md
============================================================
[INFO] article try page: https://v2rayclashfree.com/
[INFO] sublink try page: https://v2rayclashfree.com/fn/20260912.html
[OK] proxies=2141 new=2141 url=https://v2rayclashfree.com/sub/20260912-v2ray.txt
[OK] proxies=1800 new=375 url=https://v2rayclashfree.com/sub/20260912-clash.yaml
[OK] proxies=2516 source=[V2rayclashfree-RSS] url=https://v2rayclashfree.com/fn/20260912.html
============================================================
[INFO] raw backup written path=/home/runner/work/Free-node-autotest/Free-node-autotest/output/raw.yaml proxies=29550
[INFO] release digest sha256=b358eba638b01c1f1841c4d612d4b6da58419bef96055958cf9c3be04f625642 asset=mihomo-linux-amd64-v1-go120-v1.19.30.gz
[INFO] downloading proxy engine: https://github.com/MetaCubeX/mihomo/releases/download/v1.19.30/mihomo-linux-amd64-v1-go120-v1.19.30.gz
[OK] proxy engine sha256 verified: b358eba638b01c1f1841c4d612d4b6da58419bef96055958cf9c3be04f625642
============================================================
[WARN] batch start failed size=17423
[WARN] split batch 17423 -> 8711 + 8712
[WARN] batch start failed size=8711
[WARN] split batch 8711 -> 4355 + 4356
[WARN] batch start failed size=4355
[WARN] split batch 4355 -> 2177 + 2178
[WARN] batch start failed size=2177
[WARN] split batch 2177 -> 1088 + 1089
[WARN] batch start failed size=1088
[WARN] split batch 1088 -> 544 + 544
[WARN] batch start failed size=544
[WARN] split batch 544 -> 272 + 272
[WARN] batch start failed size=272
[WARN] split batch 272 -> 136 + 136
[WARN] batch start failed size=136
[WARN] split batch 136 -> 68 + 68
[WARN] batch start failed size=68
[WARN] split batch 68 -> 34 + 34
[INFO] tested 34/34 kept=10 rest=17389
[WARN] batch start failed size=34
[WARN] split batch 34 -> 17 + 17
[WARN] batch start failed size=17
[WARN] split batch 17 -> 8 + 9
[INFO] tested 8/8 kept=3 rest=17381
[WARN] batch start failed size=9
[WARN] split batch 9 -> 4 + 5
[INFO] tested 4/4 kept=3 rest=17377
[WARN] batch start failed size=5
[WARN] split batch 5 -> 2 + 3
[INFO] tested 2/2 kept=0 rest=17375
[WARN] batch start failed size=3
[WARN] split batch 3 -> 1 + 2
[WARN] batch start failed size=1
[DROP] name=[ChromeGO-ShiteThings] hysteria server=62.210.70.191:23556 reason=Start initial configuration in progress
[WARN] batch start failed size=2
[WARN] split batch 2 -> 1 + 1
[WARN] batch start failed size=1
[DROP] name=[ChromeGO-ShiteThings] hysteria-2 server=5.83.129.90:54177 reason=Start initial configuration in progress
[WARN] batch start failed size=1
[DROP] name=[ChromeGO-ShiteThings] hysteria-3 server=5.83.129.153:27626 reason=Start initial configuration in progress
[WARN] batch start failed size=17
[WARN] split batch 17 -> 8 + 9
[WARN] batch start failed size=8
[WARN] split batch 8 -> 4 + 4
[WARN] batch start failed size=4
[WARN] split batch 4 -> 2 + 2
[WARN] batch start failed size=2
[WARN] split batch 2 -> 1 + 1
[WARN] batch start failed size=1
[DROP] name=[ChromeGO-ShiteThings] hysteria-4 server=5.83.129.153:20088 reason=Start initial configuration in progress
[WARN] batch start failed size=1
[DROP] name=[ChromeGO-ShiteThings] hysteria-5 server=45.150.65.154:47119 reason=Start initial configuration in progress
[INFO] tested 2/2 kept=0 rest=17368
[INFO] tested 4/4 kept=0 rest=17364
[INFO] tested 9/9 kept=1 rest=17355
[INFO] tested 68/68 kept=28 rest=17287
[INFO] tested 100/136 kept=12 rest=17187
[INFO] tested 136/136 kept=23 rest=17151
[INFO] tested 100/272 kept=23 rest=17051
[INFO] tested 200/272 kept=108 rest=16951
[INFO] tested 272/272 kept=110 rest=16879
[INFO] tested 100/544 kept=99 rest=16779
[INFO] tested 200/544 kept=198 rest=16679
[INFO] tested 300/544 kept=297 rest=16579
[INFO] tested 400/544 kept=397 rest=16479
[INFO] tested 500/544 kept=497 rest=16379
[INFO] tested 544/544 kept=524 rest=16335
[INFO] tested 100/1089 kept=93 rest=16235
[INFO] tested 200/1089 kept=187 rest=16135
[INFO] tested 300/1089 kept=281 rest=16035
[INFO] tested 400/1089 kept=378 rest=15935
[INFO] tested 500/1089 kept=475 rest=15835
[INFO] tested 600/1089 kept=568 rest=15735
[INFO] tested 700/1089 kept=664 rest=15635
[INFO] tested 800/1089 kept=754 rest=15535
[INFO] tested 900/1089 kept=832 rest=15435
[INFO] tested 1000/1089 kept=888 rest=15335
[INFO] tested 1089/1089 kept=892 rest=15246
[WARN] batch start failed size=2178
[WARN] split batch 2178 -> 1089 + 1089
[WARN] batch start failed size=1089
[WARN] split batch 1089 -> 544 + 545
[WARN] batch start failed size=544
[WARN] split batch 544 -> 272 + 272
[INFO] tested 100/272 kept=54 rest=15146
[INFO] tested 200/272 kept=107 rest=15046
[INFO] tested 272/272 kept=111 rest=14974
[WARN] batch start failed size=272
[WARN] split batch 272 -> 136 + 136
[WARN] batch start failed size=136
[WARN] split batch 136 -> 68 + 68
[INFO] tested 68/68 kept=3 rest=14906
[WARN] batch start failed size=68
[WARN] split batch 68 -> 34 + 34
[WARN] batch start failed size=34
[WARN] split batch 34 -> 17 + 17
[INFO] tested 17/17 kept=15 rest=14889
[WARN] batch start failed size=17
[WARN] split batch 17 -> 8 + 9
[WARN] batch start failed size=8
[WARN] split batch 8 -> 4 + 4
[WARN] batch start failed size=4
[WARN] split batch 4 -> 2 + 2
[WARN] batch start failed size=2
[WARN] split batch 2 -> 1 + 1
[INFO] tested 1/1 kept=1 rest=14888
[WARN] batch start failed size=1
[DROP] name=[Free-clash-v2ray] hysteria server=5.83.129.143:26691 reason=Start initial configuration in progress
[INFO] tested 2/2 kept=2 rest=14885
[INFO] tested 4/4 kept=4 rest=14881
[INFO] tested 9/9 kept=8 rest=14872
[INFO] tested 34/34 kept=30 rest=14838
[INFO] tested 100/136 kept=86 rest=14738
[INFO] tested 136/136 kept=106 rest=14702
[INFO] tested 100/545 kept=71 rest=14602
[INFO] tested 200/545 kept=111 rest=14502
[INFO] tested 300/545 kept=170 rest=14402
[INFO] tested 400/545 kept=196 rest=14302
[INFO] tested 500/545 kept=208 rest=14202
[INFO] tested 545/545 kept=213 rest=14157
[INFO] tested 100/1089 kept=15 rest=14057
[INFO] tested 200/1089 kept=34 rest=13957
[INFO] tested 300/1089 kept=36 rest=13857
[INFO] tested 400/1089 kept=36 rest=13757
[INFO] tested 500/1089 kept=39 rest=13657
[INFO] tested 600/1089 kept=39 rest=13557
[INFO] tested 700/1089 kept=41 rest=13457
[INFO] tested 800/1089 kept=41 rest=13357
[INFO] tested 900/1089 kept=41 rest=13257
[INFO] tested 1000/1089 kept=44 rest=13157
[INFO] tested 1089/1089 kept=46 rest=13068
[WARN] batch start failed size=4356
[WARN] split batch 4356 -> 2178 + 2178
[WARN] batch start failed size=2178
[WARN] split batch 2178 -> 1089 + 1089
[WARN] batch start failed size=1089
[WARN] split batch 1089 -> 544 + 545
[WARN] batch start failed size=544
[WARN] split batch 544 -> 272 + 272
[WARN] batch start failed size=272
[WARN] split batch 272 -> 136 + 136
[INFO] tested 100/136 kept=7 rest=12968
[INFO] tested 136/136 kept=7 rest=12932
[WARN] batch start failed size=136
[WARN] split batch 136 -> 68 + 68
[INFO] tested 68/68 kept=8 rest=12864
[WARN] batch start failed size=68
[WARN] split batch 68 -> 34 + 34
[INFO] tested 34/34 kept=2 rest=12830
[WARN] batch start failed size=34
[WARN] split batch 34 -> 17 + 17
[WARN] batch start failed size=17
[WARN] split batch 17 -> 8 + 9
[WARN] batch start failed size=8
[WARN] split batch 8 -> 4 + 4
[INFO] tested 4/4 kept=0 rest=12826
[WARN] batch start failed size=4
[WARN] split batch 4 -> 2 + 2
[INFO] tested 2/2 kept=0 rest=12824
[WARN] batch start failed size=2
[WARN] split batch 2 -> 1 + 1
[INFO] tested 1/1 kept=0 rest=12823
[WARN] batch start failed size=1
[DROP] name=[Free-clash-v2ray] 未知 SS-1439 | free-nodes server=192.0.2.1:1 reason=Start initial configuration in progress
[INFO] tested 9/9 kept=0 rest=12813
[INFO] tested 17/17 kept=0 rest=12796
[INFO] tested 100/272 kept=26 rest=12696
[INFO] tested 200/272 kept=32 rest=12596
[INFO] tested 272/272 kept=33 rest=12524
[INFO] tested 100/545 kept=31 rest=12424
[INFO] tested 200/545 kept=46 rest=12324
[INFO] tested 300/545 kept=46 rest=12224
[INFO] tested 400/545 kept=51 rest=12124
[INFO] tested 500/545 kept=60 rest=12024
[INFO] tested 545/545 kept=60 rest=11979
[INFO] tested 100/1089 kept=8 rest=11879
[INFO] tested 200/1089 kept=16 rest=11779
[INFO] tested 300/1089 kept=17 rest=11679
[INFO] tested 400/1089 kept=24 rest=11579
[INFO] tested 500/1089 kept=24 rest=11479
[INFO] tested 600/1089 kept=24 rest=11379
[INFO] tested 700/1089 kept=24 rest=11279
[INFO] tested 800/1089 kept=24 rest=11179
[INFO] tested 900/1089 kept=51 rest=11079
[INFO] tested 1000/1089 kept=76 rest=10979
[INFO] tested 1089/1089 kept=76 rest=10890
[INFO] tested 100/2178 kept=0 rest=10790
[INFO] tested 200/2178 kept=0 rest=10690
[INFO] tested 300/2178 kept=2 rest=10590
[INFO] tested 400/2178 kept=2 rest=10490
[INFO] tested 500/2178 kept=2 rest=10390
[INFO] tested 600/2178 kept=2 rest=10290
[INFO] tested 700/2178 kept=2 rest=10190
[INFO] tested 800/2178 kept=2 rest=10090
[INFO] tested 900/2178 kept=2 rest=9990
[INFO] tested 1000/2178 kept=2 rest=9890
[INFO] tested 1100/2178 kept=2 rest=9790
[INFO] tested 1200/2178 kept=2 rest=9690
[INFO] tested 1300/2178 kept=29 rest=9590
[INFO] tested 1400/2178 kept=76 rest=9490
[INFO] tested 1500/2178 kept=76 rest=9390
[INFO] tested 1600/2178 kept=76 rest=9290
[INFO] tested 1700/2178 kept=76 rest=9190
[INFO] tested 1800/2178 kept=76 rest=9090
[INFO] tested 1900/2178 kept=76 rest=8990
[INFO] tested 2000/2178 kept=76 rest=8890
[INFO] tested 2100/2178 kept=76 rest=8790
[INFO] tested 2178/2178 kept=76 rest=8712
[WARN] batch start failed size=8712
[WARN] split batch 8712 -> 4356 + 4356
[INFO] tested 100/4356 kept=0 rest=8612
[INFO] tested 200/4356 kept=0 rest=8512
[INFO] tested 300/4356 kept=0 rest=8412
[INFO] tested 400/4356 kept=0 rest=8312
[INFO] tested 500/4356 kept=0 rest=8212
[INFO] tested 600/4356 kept=0 rest=8112
[INFO] tested 700/4356 kept=0 rest=8012
[INFO] tested 800/4356 kept=0 rest=7912
[INFO] tested 900/4356 kept=0 rest=7812
[INFO] tested 1000/4356 kept=0 rest=7712
[INFO] tested 1100/4356 kept=0 rest=7612
[INFO] tested 1200/4356 kept=0 rest=7512
[INFO] tested 1300/4356 kept=0 rest=7412
[INFO] tested 1400/4356 kept=2 rest=7312
[INFO] tested 1500/4356 kept=2 rest=7212
[INFO] tested 1600/4356 kept=3 rest=7112
[INFO] tested 1700/4356 kept=3 rest=7012
[INFO] tested 1800/4356 kept=4 rest=6912
[INFO] tested 1900/4356 kept=4 rest=6812
[INFO] tested 2000/4356 kept=4 rest=6712
[INFO] tested 2100/4356 kept=4 rest=6612
[INFO] tested 2200/4356 kept=4 rest=6512
[INFO] tested 2300/4356 kept=4 rest=6412
[INFO] tested 2400/4356 kept=5 rest=6312
[INFO] tested 2500/4356 kept=5 rest=6212
[INFO] tested 2600/4356 kept=6 rest=6112
[INFO] tested 2700/4356 kept=6 rest=6012
[INFO] tested 2800/4356 kept=8 rest=5912
[INFO] tested 2900/4356 kept=8 rest=5812
[INFO] tested 3000/4356 kept=8 rest=5712
[INFO] tested 3100/4356 kept=8 rest=5612
[INFO] tested 3200/4356 kept=8 rest=5512
[INFO] tested 3300/4356 kept=8 rest=5412
[INFO] tested 3400/4356 kept=8 rest=5312
[INFO] tested 3500/4356 kept=8 rest=5212
[INFO] tested 3600/4356 kept=8 rest=5112
[INFO] tested 3700/4356 kept=8 rest=5012
[INFO] tested 3800/4356 kept=8 rest=4912
[INFO] tested 3900/4356 kept=8 rest=4812
[INFO] tested 4000/4356 kept=8 rest=4712
[INFO] tested 4100/4356 kept=8 rest=4612
[INFO] tested 4200/4356 kept=8 rest=4512
[INFO] tested 4300/4356 kept=10 rest=4412
[INFO] tested 4356/4356 kept=10 rest=4356
[WARN] batch start failed size=4356
[WARN] split batch 4356 -> 2178 + 2178
[WARN] batch start failed size=2178
[WARN] split batch 2178 -> 1089 + 1089
[WARN] batch start failed size=1089
[WARN] split batch 1089 -> 544 + 545
[WARN] batch start failed size=544
[WARN] split batch 544 -> 272 + 272
[INFO] tested 100/272 kept=11 rest=4256
[INFO] tested 200/272 kept=12 rest=4156
[INFO] tested 272/272 kept=23 rest=4084
[WARN] batch start failed size=272
[WARN] split batch 272 -> 136 + 136
[WARN] batch start failed size=136
[WARN] split batch 136 -> 68 + 68
[INFO] tested 68/68 kept=9 rest=4016
[WARN] batch start failed size=68
[WARN] split batch 68 -> 34 + 34
[INFO] tested 34/34 kept=16 rest=3982
[WARN] batch start failed size=34
[WARN] split batch 34 -> 17 + 17
[INFO] tested 17/17 kept=0 rest=3965
[WARN] batch start failed size=17
[WARN] split batch 17 -> 8 + 9
[WARN] batch start failed size=8
[WARN] split batch 8 -> 4 + 4
[INFO] tested 4/4 kept=1 rest=3961
[WARN] batch start failed size=4
[WARN] split batch 4 -> 2 + 2
[INFO] tested 2/2 kept=0 rest=3959
[WARN] batch start failed size=2
[WARN] split batch 2 -> 1 + 1
[INFO] tested 1/1 kept=0 rest=3958
[WARN] batch start failed size=1
[DROP] name=[Pawdroid-sr-apk] 英国+V2CROSS.COM server=82.38.31.189:8080 reason=Start initial configuration in progress
[INFO] tested 9/9 kept=3 rest=3948
[INFO] tested 100/136 kept=73 rest=3848
[INFO] tested 136/136 kept=102 rest=3812
[INFO] tested 100/545 kept=63 rest=3712
[INFO] tested 200/545 kept=96 rest=3612
[INFO] tested 300/545 kept=110 rest=3512
[INFO] tested 400/545 kept=148 rest=3412
[INFO] tested 500/545 kept=160 rest=3312
[INFO] tested 545/545 kept=160 rest=3267
[WARN] batch start failed size=1089
[WARN] split batch 1089 -> 544 + 545
[WARN] batch start failed size=544
[WARN] split batch 544 -> 272 + 272
[WARN] batch start failed size=272
[WARN] split batch 272 -> 136 + 136
[INFO] tested 100/136 kept=25 rest=3167
[INFO] tested 136/136 kept=25 rest=3131
[WARN] batch start failed size=136
[WARN] split batch 136 -> 68 + 68
[INFO] tested 68/68 kept=11 rest=3063
[WARN] batch start failed size=68
[WARN] split batch 68 -> 34 + 34
[INFO] tested 34/34 kept=1 rest=3029
[WARN] batch start failed size=34
[WARN] split batch 34 -> 17 + 17
[WARN] batch start failed size=17
[WARN] split batch 17 -> 8 + 9
[WARN] batch start failed size=8
[WARN] split batch 8 -> 4 + 4
[INFO] tested 4/4 kept=0 rest=3025
[WARN] batch start failed size=4
[WARN] split batch 4 -> 2 + 2
[INFO] tested 2/2 kept=0 rest=3023
[WARN] batch start failed size=2
[WARN] split batch 2 -> 1 + 1
[INFO] tested 1/1 kept=1 rest=3022
[WARN] batch start failed size=1
[DROP] name=[Epodonios] EPODONIOS-125 server=78.38.246.150:8446 reason=Start initial configuration in progress
[INFO] tested 9/9 kept=0 rest=3012
[INFO] tested 17/17 kept=2 rest=2995
[INFO] tested 100/272 kept=8 rest=2895
[INFO] tested 200/272 kept=17 rest=2795
[INFO] tested 272/272 kept=17 rest=2723
[INFO] tested 100/545 kept=7 rest=2623
[INFO] tested 200/545 kept=10 rest=2523
[INFO] tested 300/545 kept=16 rest=2423
[INFO] tested 400/545 kept=16 rest=2323
[INFO] tested 500/545 kept=18 rest=2223
[INFO] tested 545/545 kept=18 rest=2178
[WARN] batch start failed size=2178
[WARN] split batch 2178 -> 1089 + 1089
[INFO] tested 100/1089 kept=3 rest=2078
[INFO] tested 200/1089 kept=6 rest=1978
[INFO] tested 300/1089 kept=15 rest=1878
[INFO] tested 400/1089 kept=20 rest=1778
[INFO] tested 500/1089 kept=25 rest=1678
[INFO] tested 600/1089 kept=39 rest=1578
[INFO] tested 700/1089 kept=53 rest=1478
[INFO] tested 800/1089 kept=56 rest=1378
[INFO] tested 900/1089 kept=57 rest=1278
[INFO] tested 1000/1089 kept=60 rest=1178
[INFO] tested 1089/1089 kept=62 rest=1089
[WARN] batch start failed size=1089
[WARN] split batch 1089 -> 544 + 545
[WARN] batch start failed size=544
[WARN] split batch 544 -> 272 + 272
[INFO] tested 100/272 kept=4 rest=989
[INFO] tested 200/272 kept=7 rest=889
[INFO] tested 272/272 kept=8 rest=817
[WARN] batch start failed size=272
[WARN] split batch 272 -> 136 + 136
[WARN] batch start failed size=136
[WARN] split batch 136 -> 68 + 68
[WARN] batch start failed size=68
[WARN] split batch 68 -> 34 + 34
[INFO] tested 34/34 kept=6 rest=783
[WARN] batch start failed size=34
[WARN] split batch 34 -> 17 + 17
[INFO] tested 17/17 kept=3 rest=766
[WARN] batch start failed size=17
[WARN] split batch 17 -> 8 + 9
[INFO] tested 8/8 kept=0 rest=758
[WARN] batch start failed size=9
[WARN] split batch 9 -> 4 + 5
[INFO] tested 4/4 kept=0 rest=754
[WARN] batch start failed size=5
[WARN] split batch 5 -> 2 + 3
[INFO] tested 2/2 kept=1 rest=752
[WARN] batch start failed size=3
[WARN] split batch 3 -> 1 + 2
[WARN] batch start failed size=1
[DROP] name=[Epodonios] EPODONIOS-2255 server=104.26.6.89:443 reason=Start initial configuration in progress
[INFO] tested 2/2 kept=0 rest=749
[INFO] tested 68/68 kept=10 rest=681
[INFO] tested 100/136 kept=66 rest=581
[INFO] tested 136/136 kept=84 rest=545
[INFO] tested 100/545 kept=85 rest=445
[INFO] tested 200/545 kept=172 rest=345
[INFO] tested 300/545 kept=247 rest=245
[INFO] tested 400/545 kept=323 rest=145
[INFO] tested 500/545 kept=394 rest=45
[INFO] tested 545/545 kept=410 rest=0
[INFO] dropped=10 [ChromeGO-ShiteThings] × 5 | [Free-clash-v2ray] × 2 | [Pawdroid-sr-apk] × 1 | [Epodonios] × 2
============================================================
[INFO] cap live source=[Free-clash-v2ray] from 2063 to 50 by health_score
[INFO] cap live source=[免费节点8] from 106 to 50 by health_score
[INFO] cap live source=[Pawdroid-sr-apk] from 266 to 50 by health_score
[INFO] cap live source=[Epodonios] from 149 to 50 by health_score
[INFO] cap live source=[V2rayclashfree-RSS] from 486 to 50 by health_score
[INFO] cap live total from 558 to 350 trim large sources first
============================================================
+------------------------------+--------+--------+------+--------+
| source                       |    raw | unique | live | capped |
+------------------------------+--------+--------+------+--------+
| [大FQ运动]                   |      4 |      4 |    2 |      2 |
+------------------------------+--------+--------+------+--------+
| [大FQ运动-SS密钥]            |      4 |      4 |    2 |      2 |
+------------------------------+--------+--------+------+--------+
| [大FQ运动-补充]              |      8 |      6 |    0 |      0 |
+------------------------------+--------+--------+------+--------+
| [ChromeGO-工具包]            |     14 |     14 |    5 |      5 |
+------------------------------+--------+--------+------+--------+
| [ChromeGO-ShiteThings]       |     31 |     25 |    7 |      7 |
+------------------------------+--------+--------+------+--------+
| [ChromeGO-Merge]             |     25 |     25 |    2 |      2 |
+------------------------------+--------+--------+------+--------+
| [Freesocks]                  |      3 |      3 |    3 |      3 |
+------------------------------+--------+--------+------+--------+
| [NekoWarp]                   |     10 |     10 |   10 |     10 |
+------------------------------+--------+--------+------+--------+
| [OpenRunner-RSS]             |     14 |      0 |    0 |      0 |
+------------------------------+--------+--------+------+--------+
| [V2Rayshare-RSS]             |     27 |     26 |    6 |      6 |
+------------------------------+--------+--------+------+--------+
| [V2Rayshare-SUB]             |     27 |      0 |    0 |      0 |
+------------------------------+--------+--------+------+--------+
| [Mibei77-RSS]                |    108 |    107 |   19 |     19 |
+------------------------------+--------+--------+------+--------+
| [Yoyapai-RSS]                |    208 |    183 |   31 |     23 |
+------------------------------+--------+--------+------+--------+
| [Free-clash-v2ray]           |   4528 |   4251 | 2063 |     23 |
+------------------------------+--------+--------+------+--------+
| [Pawdroid]                   |     21 |      4 |    3 |      3 |
+------------------------------+--------+--------+------+--------+
| [FreeV2-Base64]              |      3 |      3 |    3 |      3 |
+------------------------------+--------+--------+------+--------+
| [Bocchi2b-Base64]            |     35 |     35 |    0 |      0 |
+------------------------------+--------+--------+------+--------+
| [免费节点1]                  |    108 |     30 |    9 |      9 |
+------------------------------+--------+--------+------+--------+
| [免费节点2]                  |    385 |    274 |   44 |     23 |
+------------------------------+--------+--------+------+--------+
| [免费节点3]                  |     30 |     13 |   13 |     13 |
+------------------------------+--------+--------+------+--------+
| [免费节点4]                  |    751 |      7 |    0 |      0 |
+------------------------------+--------+--------+------+--------+
| [免费节点5]                  |     29 |     28 |    0 |      0 |
+------------------------------+--------+--------+------+--------+
| [免费节点6]                  |   1464 |   1321 |   45 |     23 |
+------------------------------+--------+--------+------+--------+
| [免费节点7]                  |     64 |     32 |   22 |     22 |
+------------------------------+--------+--------+------+--------+
| [免费节点8]                  |   4162 |   3288 |  106 |     23 |
+------------------------------+--------+--------+------+--------+
| [免费节点9]                  |    615 |    457 |    0 |      0 |
+------------------------------+--------+--------+------+--------+
| [免费节点10]                 |   5369 |   3082 |   11 |     11 |
+------------------------------+--------+--------+------+--------+
| [免费节点11]                 |    483 |    209 |   47 |     23 |
+------------------------------+--------+--------+------+--------+
| [Pawdroid-sr-apk]            |   1454 |    700 |  266 |     23 |
+------------------------------+--------+--------+------+--------+
| [Pawdroid-ss-apk]            |   1454 |      0 |    0 |      0 |
+------------------------------+--------+--------+------+--------+
| [Clashfree]                  |   1348 |    136 |   24 |     24 |
+------------------------------+--------+--------+------+--------+
| [Epodonios]                  |   4246 |   2515 |  149 |     24 |
+------------------------------+--------+--------+------+--------+
| [V2rayclashfree-RSS]         |   2516 |    631 |  486 |     24 |
+------------------------------+--------+--------+------+--------+
============================================================
[SUMMARY] total_nodes=29548
[SUMMARY] legal_candidates=17423
[SUMMARY] passed_latency_test=350
[SUMMARY] region_HK=23 region_JP=3 region_US=101
[SUMMARY] avg_latency_ms=298.58
[SUMMARY] output=/home/runner/work/Free-node-autotest/Free-node-autotest/output/clash.yaml
============================================================
