============================================================
[INFO] sublink try page: https://end-gfw.com
[OK] proxies=2 new=2 url=https://raw.githubusercontent.com/hello-world-1989/cn-news/refs/heads/main/clash.yaml
[OK] proxies=2 new=0 url=https://raw.githubusercontent.com/hello-world-1989/cn-news/main/end-gfw-together
[OK] proxies=2 new=2 url=https://raw.githubusercontent.com/hello-world-1989/cn-news/main/end-gfw-together-ss
[OK] proxies=4 source=[大FQ运动] url=https://end-gfw.com
============================================================
[INFO] source try url: https://end-gfw.com/ss-key
[OK] proxies=4 new=4 url=https://end-gfw.com/ss-key
[OK] proxies=4 source=[大FQ运动-SS密钥] url=https://end-gfw.com/ss-key
============================================================
[INFO] sublink try repo: https://github.com/hello-world-1989/cn-news
[INFO] sublink try page: https://raw.githubusercontent.com/hello-world-1989/cn-news/main/README.md
[OK] proxies=2 new=2 url=https://raw.githubusercontent.com/hello-world-1989/cn-news/refs/heads/main/clash.yaml
[OK] proxies=2 new=0 url=https://raw.githubusercontent.com/hello-world-1989/cn-news/main/end-gfw-together
[OK] proxies=6 new=6 url=https://raw.githubusercontent.com/hello-world-1989/v2-sub/main/end-gfw-together-af3e13
[OK] proxies=8 source=[大FQ运动-补充] url=https://raw.githubusercontent.com/hello-world-1989/cn-news/main/README.md
============================================================
[INFO] toolkit try repo: https://github.com/bannedbook/fanqiang
[INFO] toolkit try release: https://github.com/bannedbook/fanqiang/releases
[INFO] toolkit try release: https://github.com/bannedbook/fanqiang/releases/expanded_assets/ChromeGo-latest
[INFO] toolkit try download: https://github.com/bannedbook/fanqiang/releases/download/ChromeGo-latest/ChromeGo.7z
[OK] toolkit downloaded: ChromeGo.7z bytes=100924352
[OK] toolkit extracted archive=ChromeGo.7z tool=7z files=222 dirs=45
[OK] toolkit discovered subs=107 embedded=12 archive=ChromeGo.7z
[OK] proxies=6 new=6 embedded=archive-config
[OK] proxies=7 new=5 url=https://gitlab.com/free9999/ipupdate/master/backup/img/1/2/{ipp|ip}/{hysteria2|singbox|naiveproxy|hysteria|xray}/{2|3|1|4}/config.json
[OK] proxies=7 new=0 url=https://www.67867867.xyz/Alvin9999/PAC/refs/heads/master/backup/img/1/2/{ipp|ip}/{hysteria2|singbox|naiveproxy|hysteria|xray}/{2|3|1|4}/config.json
[OK] proxies=3 new=3 url=https://gitlab.com/free9999/ipupdate/master/backup/img/1/2/{ipp|ip}/clash.meta2/{2|3|1|5|4|6}/config.yaml
[OK] proxies=3 new=0 url=https://www.67867867.xyz/Alvin9999/PAC/refs/heads/master/backup/img/1/2/{ipp|ip}/clash.meta2/{2|3|1|5|4|6}/config.yaml
[OK] proxies=14 source=[ChromeGO-工具包] url=https://github.com/bannedbook/fanqiang/releases/download/ChromeGo-latest/ChromeGo.7z
============================================================
[INFO] sublink try repo: https://github.com/ShiteThings/extractNodes
[INFO] sublink try page: https://raw.githubusercontent.com/ShiteThings/extractNodes/main/README.md
[OK] proxies=31 new=30 url=https://{chg26.makou.cc.cd|chg64.makou.cc.cd}
[OK] proxies=26 new=1 url=https://chg26.makou.cc.cd/sb
[OK] proxies=31 source=[ChromeGO-ShiteThings] url=https://raw.githubusercontent.com/ShiteThings/extractNodes/main/README.md
============================================================
[INFO] sublink try repo: https://github.com/shangui999/chromego_merge
[INFO] sublink try page: https://raw.githubusercontent.com/shangui999/chromego_merge/master/ReadMe.md
[OK] proxies=10 new=10 url=https://freedman.netlify.app/sub/merged_proxies_new.yaml
[OK] proxies=11 new=1 url=https://freedman.netlify.app/sub/merged_warp_proxies_new.yaml
[OK] proxies=11 new=6 url=https://freedman.netlify.app/sub/shadowrocket_base64.txt
[OK] proxies=16 new=16 url=https://freedman.netlify.app/sub/sb.json
[INFO] sublink try repo: https://github.com/yaney01/chromego
[INFO] sublink try page: https://raw.githubusercontent.com/yaney01/chromego/main/ReadMe.md
[OK] proxies=50 new=46 url=https://raw.githubusercontent.com/yaney01/chromego/main/sub/merged_proxies_new.yaml
[OK] proxies=51 new=0 url=https://raw.githubusercontent.com/yaney01/chromego/main/sub/merged_warp_proxies_new.yaml
[OK] proxies=13 new=7 url=https://raw.githubusercontent.com/yaney01/chromego/main/sub/shadowrocket_base64.txt
[OK] proxies=13 new=0 url=https://raw.githubusercontent.com/yaney01/chromego/main/sub/sb.json
[OK] proxies=86 source=[ChromeGO-Merge1] url=https://raw.githubusercontent.com/yaney01/chromego/main/ReadMe.md
============================================================
[INFO] sublink try repo: https://github.com/Misaka-blog/chromego_merge
[INFO] sublink try page: https://raw.githubusercontent.com/Misaka-blog/chromego_merge/main/README.md
[OK] proxies=26 new=26 url=https://chromego-sub.netlify.app/sub/merged_proxies_new.yaml
[OK] proxies=26 source=[ChromeGO-Merge2] url=https://raw.githubusercontent.com/Misaka-blog/chromego_merge/main/README.md
============================================================
[INFO] source try url: https://freesocks.org/api/v1/sub/02b897e8e77f19176b0b9f2c75864b00
[OK] proxies=3 new=3 url=https://freesocks.org/api/v1/sub/02b897e8e77f19176b0b9f2c75864b00
[OK] proxies=3 source=[Freesocks] url=https://freesocks.org/api/v1/sub/02b897e8e77f19176b0b9f2c75864b00
============================================================
[INFO] source try url: https://neko-warp.nloli.xyz/neko_warp.yaml
[OK] proxies=10 new=10 url=https://neko-warp.nloli.xyz/neko_warp.yaml
[OK] proxies=10 source=[NekoWarp] url=https://neko-warp.nloli.xyz/neko_warp.yaml
============================================================
[INFO] article try feed: https://free.datiya.com/index.xml
[INFO] sublink try page: https://free.datiya.com/post/20260913/
[OK] proxies=14 new=14 url=https://free.datiya.com/uploads/20260913-clash.yaml
[OK] proxies=14 source=[OpenRunner-RSS] url=https://free.datiya.com/post/20260913/
============================================================
[INFO] article try feed: https://v2rayshare.com/feed
[INFO] sublink try page: https://v2rayshare.net/p/5067.html
[OK] proxies=27 new=27 url=https://static.v2rayshare.net/2026/09/20260913.txt
[OK] proxies=27 new=0 url=https://static.v2rayshare.net/2026/09/20260913.yaml
[OK] proxies=27 new=0 url=https://static.v2rayshare.net/2026/09/m20260913.yaml
[OK] proxies=27 source=[V2Rayshare-RSS] url=https://v2rayshare.net/p/5067.html
============================================================
[INFO] sublink try repo: https://github.com/firefoxmmx2/v2rayshare_subcription
[INFO] sublink try page: https://raw.githubusercontent.com/firefoxmmx2/v2rayshare_subcription/main/README.md
[OK] proxies=27 new=27 url=https://{raw.githubusercontent.com|cdn.jsdelivr.net}/firefoxmmx2/v2rayshare_subcription/main/subscription/vray_sub.txt
[OK] proxies=27 new=0 url=https://{raw.githubusercontent.com|cdn.jsdelivr.net}/firefoxmmx2/v2rayshare_subcription/main/subscription/clash_sub.yaml
[OK] proxies=27 new=0 url=https://{raw.githubusercontent.com|cdn.jsdelivr.net}/firefoxmmx2/v2rayshare_subcription/main/subscription/mihomo_sub.yaml
[OK] proxies=27 source=[V2Rayshare-SUB] url=https://raw.githubusercontent.com/firefoxmmx2/v2rayshare_subcription/main/README.md
============================================================
[INFO] article try feed: https://www.mibei77.com/feed
[INFO] sublink try page: https://www.mibei77.com/666.html
[OK] proxies=106 new=106 url=https://mm.mibei77.com/202609/09.1364bavgb.txt
[OK] proxies=105 new=0 url=https://mm.mibei77.com/202609/0913Clashizx.yaml
[OK] proxies=106 source=[Mibei77-RSS] url=https://www.mibei77.com/666.html
============================================================
[INFO] article try feed: https://yoyapai.com/feed
[INFO] sublink try page: https://yoyapai.com/715
[OK] proxies=1 new=1 url=https://yoyapai.com/715
[OK] proxies=208 new=208 url=https://freenode.yoyapai.com/2026/09/13-yoyapai.com-clash-vpn-mianfei-jiedian.yaml
[OK] proxies=208 new=0 url=https://freenode.yoyapai.com/2026/09/13-yoyapai.com-ssrv2ray-vpn-mianfei-jiedian.txt
[OK] proxies=209 source=[Yoyapai-RSS] url=https://yoyapai.com/715
============================================================
[INFO] sublink try repo: https://github.com/free-clash-v2ray/free-clash-v2ray.github.io
[INFO] sublink try page: https://raw.githubusercontent.com/free-clash-v2ray/free-clash-v2ray.github.io/main/README.md
[OK] proxies=2890 new=2890 url=https://free-clash-v2ray.github.io/uploads/2026/09/{0-20260913.yaml|1-20260913.yaml|2-20260913.yaml|3-20260913.yaml}
[OK] proxies=4384 new=1835 url=https://free-clash-v2ray.github.io/uploads/2026/09/{0-20260913.txt|1-20260913.txt|2-20260913.txt|3-20260913.txt|4-20260913.txt}
[OK] proxies=4725 source=[Free-clash-v2ray] url=https://raw.githubusercontent.com/free-clash-v2ray/free-clash-v2ray.github.io/main/README.md
============================================================
[INFO] sublink try repo: https://github.com/Pawdroid/Free-servers
[INFO] sublink try page: https://raw.githubusercontent.com/Pawdroid/Free-servers/main/README.md
[OK] proxies=20 new=20 url=https://raw.githubusercontent.com/Pawdroid/Free-servers/main/README.md
[OK] proxies=20 new=0 url=https://raw.githubusercontent.com/Pawdroid/Free-servers/main/sub
[OK] proxies=1 new=1 url=https://apps.apple.com/cn/app/shadowshare/id1612647259
[OK] proxies=21 source=[Pawdroid] url=https://raw.githubusercontent.com/Pawdroid/Free-servers/main/README.md
============================================================
[INFO] source try url: https://xmxosfepggzm.503403.xyz
[OK] proxies=3 new=3 url=https://xmxosfepggzm.503403.xyz
[OK] proxies=3 source=[FreeV2-Base64] url=https://xmxosfepggzm.503403.xyz
============================================================
[INFO] source try url: https://links.bocchi2b.top/clash
[OK] proxies=35 new=35 url=https://links.bocchi2b.top/clash
[OK] proxies=35 source=[Bocchi2b-Base64] url=https://links.bocchi2b.top/clash
============================================================
[INFO] sublink try repo: https://github.com/free18/v2ray
[INFO] sublink try page: https://raw.githubusercontent.com/free18/v2ray/main/README.md
[OK] proxies=3 new=3 url=https://raw.githubusercontent.com/free18/v2ray/main/README.md
[OK] proxies=132 new=131 url=https://ghfast.top/https://raw.githubusercontent.com/free18/v2ray/refs/heads/main/v.txt
[OK] proxies=132 new=0 url=https://ghfast.top/https://raw.githubusercontent.com/free18/v2ray/refs/heads/main/c.yaml
[OK] proxies=134 source=[免费节点1] url=https://raw.githubusercontent.com/free18/v2ray/main/README.md
============================================================
[INFO] sublink try repo: https://github.com/ermaozi/get_subscribe
[INFO] sublink try page: https://raw.githubusercontent.com/ermaozi/get_subscribe/main/README.md
[INFO] sublink file_nodes=0 bare links=9
[OK] proxies=449 new=449 url=https://www.ermao.net/sub/{clash|v2ray}/ermao.net
[OK] proxies=449 new=0 url=https://www.ermao.net/sub/{reachable|unreachable|untested}/clash/ermao.net
[OK] proxies=449 source=[免费节点2] url=https://raw.githubusercontent.com/ermaozi/get_subscribe/main/README.md
============================================================
[INFO] sublink try repo: https://github.com/sunmiao4458/free-proxy-airport
[INFO] sublink try page: https://raw.githubusercontent.com/sunmiao4458/free-proxy-airport/main/README.md
[OK] proxies=60 new=60 url=https://sunmiao4458.github.io/free-proxy-airport/clash.yaml
[OK] proxies=60 source=[免费节点3] url=https://raw.githubusercontent.com/sunmiao4458/free-proxy-airport/main/README.md
============================================================
[INFO] sublink try repo: https://github.com/mfuu/FreeProxies
[INFO] sublink try page: https://raw.githubusercontent.com/mfuu/FreeProxies/master/README.md
[OK] proxies=839 new=839 url=https://raw.githubusercontent.com/mfuu/FreeProxies/master/sub.yaml
[OK] proxies=839 source=[免费节点4] url=https://raw.githubusercontent.com/mfuu/FreeProxies/master/README.md
============================================================
[INFO] sublink try repo: https://github.com/vxiaov/free_proxies
[INFO] sublink try page: https://raw.githubusercontent.com/vxiaov/free_proxies/main/README.md
[OK] proxies=1 new=1 url=https://raw.githubusercontent.com/vxiaov/free_proxies/main/README.md
[OK] proxies=28 new=28 url=https://{cdn.jsdelivr.net|raw.githubusercontent.com}/vxiaov/free_proxies/main/clash/clash.provider.yaml
[OK] proxies=29 source=[免费节点5] url=https://raw.githubusercontent.com/vxiaov/free_proxies/main/README.md
============================================================
[INFO] sublink try repo: https://github.com/anaer/Sub
[INFO] sublink try page: https://raw.githubusercontent.com/anaer/Sub/main/README.MD
[OK] proxies=244 new=244 url=https://anaer.github.io/Sub/clash.yaml
[OK] proxies=244 new=0 url=https://raw.githubusercontent.com/anaer/Sub/main/clash.yaml
[OK] proxies=244 source=[免费节点6] url=https://raw.githubusercontent.com/anaer/Sub/main/README.MD
============================================================
[INFO] sublink try repo: https://github.com/snakem982/proxypool
[INFO] sublink try page: https://raw.githubusercontent.com/snakem982/proxypool/main/README.md
[OK] proxies=63 new=63 url=https://raw.githubusercontent.com/snakem982/proxypool/main/source/clash-meta-2.yaml
[OK] proxies=63 new=0 url=https://raw.githubusercontent.com/snakem982/proxypool/main/source/v2ray-2.txt
[OK] proxies=62 new=0 url=https://raw.githubusercontent.com/snakem982/proxypool/main/source/sing-box-2.json
[OK] proxies=63 source=[免费节点7] url=https://raw.githubusercontent.com/snakem982/proxypool/main/README.md
============================================================
[INFO] sublink try repo: https://github.com/mahdibland/V2RayAggregator
[INFO] sublink try page: https://raw.githubusercontent.com/mahdibland/V2RayAggregator/master/README.md
[OK] proxies=380 new=380 url=https://raw.githubusercontent.com/mahdibland/V2RayAggregator/master/README.md
[OK] proxies=1 new=1 url=https://github.com/mahdibland/SSAggregator/actions/workflows/Collector.yml
[OK] proxies=1 new=0 url=https://github.com/mahdibland/SSAggregator/actions/workflows/Airport_Collector.yml
[OK] proxies=195 new=0 url=https://raw.githubusercontent.com/mahdibland/ShadowsocksAggregator/master/Eternity.txt
[OK] proxies=196 new=1 url=https://raw.githubusercontent.com/mahdibland/ShadowsocksAggregator/master/Eternity.yml
[OK] proxies=61 new=61 url=https://raw.githubusercontent.com/mahdibland/ShadowsocksAggregator/master/EternityAir.txt
[OK] proxies=3849 new=3563 url=https://raw.githubusercontent.com/mahdibland/SSAggregator/master/sub/sub_merge_base64.txt
[OK] proxies=3849 new=0 url=https://raw.githubusercontent.com/mahdibland/{SSAggregator|ShadowsocksAggregator}/master/sub/sub_merge.txt
[OK] proxies=4003 new=229 url=https://raw.githubusercontent.com/mahdibland/SSAggregator/master/sub/sub_merge_yaml.yml
[OK] proxies=61 new=0 url=https://raw.githubusercontent.com/mahdibland/SSAggregator/master/sub/airport_merge_base64.txt
[OK] proxies=61 new=0 url=https://raw.githubusercontent.com/mahdibland/SSAggregator/master/sub/airport_sub_merge.txt
[OK] proxies=1354 new=0 url=https://raw.githubusercontent.com/mahdibland/ShadowsocksAggregator/master/sub/splitted/vmess.txt
[OK] proxies=605 new=0 url=https://raw.githubusercontent.com/mahdibland/ShadowsocksAggregator/master/sub/splitted/trojan.txt
[OK] proxies=43 new=0 url=https://raw.githubusercontent.com/mahdibland/ShadowsocksAggregator/master/sub/splitted/ssr.txt
[OK] proxies=1847 new=0 url=https://raw.githubusercontent.com/mahdibland/ShadowsocksAggregator/master/sub/splitted/ss.txt
[OK] proxies=1 new=0 url=https://cdn.jsdelivr.net/gh/mahdibland/V2RayAggregator@master/update/provider/provider-meta.yml
[OK] proxies=1 new=0 url=https://cdn.jsdelivr.net/gh/mahdibland/V2RayAggregator@master/update/provider/provider-meta-cn.yml
[OK] proxies=1 new=0 url=https://cdn.jsdelivr.net/gh/mahdibland/V2RayAggregator@master/update/provider/provider-meta-others.yml
[OK] proxies=1 new=0 url=https://cdn.jsdelivr.net/gh/mahdibland/V2RayAggregator@master/update/provider/provider.yml
[OK] proxies=1 new=0 url=https://cdn.jsdelivr.net/gh/mahdibland/V2RayAggregator@master/update/provider/provider-cn.yml
[OK] proxies=1 new=0 url=https://cdn.jsdelivr.net/gh/mahdibland/V2RayAggregator@master/update/provider/provider-others.yml
[OK] proxies=4235 source=[免费节点8] url=https://raw.githubusercontent.com/mahdibland/V2RayAggregator/master/README.md
============================================================
[INFO] sublink try repo: https://github.com/w1770946466/Auto_proxy
[INFO] sublink try page: https://raw.githubusercontent.com/w1770946466/Auto_proxy/main/README.md
[OK] proxies=1 new=1 url=https://github.com/w1770946466/Auto_proxy/actions/workflows/main.yml
[OK] proxies=245 new=245 url=https://raw.githubusercontent.com/w1770946466/Auto_proxy/main/{Long_term_subscription2.yaml|Long_term_subscription1.yaml|Long_term_subscription3.yaml}
[OK] proxies=489 new=54 url=https://raw.githubusercontent.com/w1770946466/Auto_proxy/main/{Long_term_subscription1|Long_term_subscription2|Long_term_subscription3|Long_term_subscription4|Long_term_subscription5|Long_term_subscription6|Long_term_subscription7|Long_term_subscription8}
[OK] proxies=489 new=315 url=https://raw.githubusercontent.com/w1770946466/Auto_proxy/main/Long_term_subscription_num
[OK] proxies=615 source=[免费节点9] url=https://raw.githubusercontent.com/w1770946466/Auto_proxy/main/README.md
============================================================
[INFO] sublink try repo: https://github.com/PuddinCat/BestClash
[INFO] sublink try page: https://raw.githubusercontent.com/PuddinCat/BestClash/main/README.md
[OK] proxies=16 new=16 url=https://raw.githubusercontent.com/PuddinCat/BestClash/main/proxies.yaml
[OK] proxies=28 new=28 url=https://cdn.jsdelivr.net/gh/vxiaov/free_proxies@main/clash/clash.provider.yaml
[OK] proxies=24 new=24 url=https://freenode.openrunner.net/uploads/20240807-clash.yaml
[OK] proxies=26 new=26 url=https://raw.githubusercontent.com/Misaka-blog/chromego_merge/main/sub/merged_proxies_new.yaml
[OK] proxies=3382 new=3370 url=https://raw.githubusercontent.com/{NiceVPN123|anaer}/{NiceVPN|Sub}/main/{Clash.yaml|clash.yaml}
[OK] proxies=29 new=5 url=https://raw.githubusercontent.com/{chengaopan|peasoft}/{AutoMergePublicNodes|NoMoreWalls}/master/list.yml
[OK] proxies=449 new=414 url=https://raw.githubusercontent.com/{ermaozi|ermaozi01}/{get_subscribe|free_clash_vpn}/main/subscribe/clash.yml
[OK] proxies=196 new=188 url=https://raw.githubusercontent.com/mahdibland/ShadowsocksAggregator/master/Eternity.yml
[OK] proxies=165 new=160 url=https://raw.githubusercontent.com/ronghuaxueleng/get_v2/main/pub/combine.yaml
[OK] proxies=144 new=3 url=https://raw.githubusercontent.com/zhangkaiitugithub/passcro/main/speednodes.yaml
[OK] proxies=4234 source=[免费节点10] url=https://raw.githubusercontent.com/PuddinCat/BestClash/main/README.md
============================================================
[INFO] sublink try repo: https://github.com/kooker/FreeSubsCheck
[INFO] sublink try page: https://raw.githubusercontent.com/kooker/FreeSubsCheck/main/README.md
[OK] proxies=4 new=4 url=https://raw.githubusercontent.com/kooker/FreeSubsCheck/main/mihomo.yaml
[OK] proxies=4 new=0 url=https://raw.githubusercontent.com/kooker/FreeSubsCheck/main/all.yaml
[OK] proxies=4 new=0 url=https://raw.githubusercontent.com/kooker/FreeSubsCheck/main/base64.txt
[OK] proxies=1 new=1 url=https://raw.githubusercontent.com/kooker/FreeSubsCheck/main/byxiaoxi.txt
[OK] proxies=424 new=424 url=https://raw.githubusercontent.com/kooker/FreeSubsCheck/main/kooker.jp.txt
[OK] proxies=429 source=[免费节点11] url=https://raw.githubusercontent.com/kooker/FreeSubsCheck/main/README.md
============================================================
[INFO] toolkit try repo: https://github.com/Pawdroid/shadowrocket_for_android
[INFO] toolkit try release: https://github.com/Pawdroid/shadowrocket_for_android/releases
[INFO] toolkit try release: https://github.com/Pawdroid/shadowrocket_for_android/releases/expanded_assets/v10.10.5-standard
[INFO] toolkit try download: https://github.com/Pawdroid/shadowrocket_for_android/releases/download/v10.10.5-standard/Shadowrocket_10.10.5_shadowrocketStandard_arm64-v8a.apk
[OK] toolkit downloaded: Shadowrocket_10.10.5_shadowrocketStandard_arm64-v8a.apk bytes=42354602
[OK] toolkit extracted archive=Shadowrocket_10.10.5_shadowrocketStandard_arm64-v8a.apk tool=zipfile files=1320 dirs=36
[OK] toolkit sr-apk scanned prefixes=29 files=11 keys=2 archive=Shadowrocket_10.10.5_shadowrocketStandard_arm64-v8a.apk
[OK] proxies=1386 new=1386 url=https://raw.githubusercontent.com/hideme9527/ecfg/refs/heads/main/data/ecfg_zh
[OK] proxies=171 new=68 url=https://raw.githubusercontent.com/hideme9527/ecfg/refs/heads/main/data/ecfg5
[OK] proxies=171 new=0 url=https://{ecfg.v2gh.com|vip.foxovpn.com|cdn.159236.xyz|cdn100.159236.xyz|cdn10.159236.xyz}/{data|config}/ecfg5
[OK] proxies=129 new=0 url=https://{ecfg.v2gh.com|vip.foxovpn.com|cdn.159236.xyz|cdn10.159236.xyz|cdn100.159236.xyz}/{data|config}/ecfg
[OK] proxies=129 new=0 url=https://raw.githubusercontent.com/hideme9527/ecfg/refs/heads/main/data/ecfg
[OK] proxies=1386 new=0 url=https://{ecfg.v2gh.com|vip.foxovpn.com|cdn10.159236.xyz|cdn.159236.xyz|cdn100.159236.xyz}/{data|config}/ecfg_zh
[OK] proxies=1386 new=0 url=https://{ecfg.v2gh.com|cdn10.159236.xyz|cdn100.159236.xyz|vip.foxovpn.com|cdn.159236.xyz}/{data|config}/ecfg_en
[OK] proxies=1386 new=0 url=https://{ecfg.v2gh.com|cdn10.159236.xyz|cdn100.159236.xyz|cdn.159236.xyz|vip.foxovpn.com}/{data|config}/ecfg_de
[OK] proxies=1386 new=0 url=https://{ecfg.v2gh.com|cdn.159236.xyz|cdn100.159236.xyz|cdn10.159236.xyz|vip.foxovpn.com}/{data|config}/ecfg_fr
[OK] proxies=1386 new=0 url=https://{ecfg.v2gh.com|cdn.159236.xyz|cdn100.159236.xyz|cdn10.159236.xyz|vip.foxovpn.com}/{data|config}/ecfg_ja
[OK] proxies=1386 new=0 url=https://{ecfg.v2gh.com|cdn.159236.xyz|cdn10.159236.xyz|cdn100.159236.xyz|vip.foxovpn.com}/{data|config}/ecfg_pt
[OK] proxies=1386 new=0 url=https://{ecfg.v2gh.com|cdn.159236.xyz|cdn10.159236.xyz|cdn100.159236.xyz|vip.foxovpn.com}/{data|config}/ecfg_ru
[OK] proxies=1386 new=0 url=https://{ecfg.v2gh.com|cdn.159236.xyz|cdn10.159236.xyz|vip.foxovpn.com|cdn100.159236.xyz}/{data|config}/ecfg_es
[OK] proxies=1386 new=0 url=https://raw.githubusercontent.com/hideme9527/ecfg/refs/heads/main/data/ecfg_de
[OK] proxies=1386 new=0 url=https://raw.githubusercontent.com/hideme9527/ecfg/refs/heads/main/data/ecfg_en
[OK] proxies=1386 new=0 url=https://raw.githubusercontent.com/hideme9527/ecfg/refs/heads/main/data/ecfg_pt
[OK] proxies=1386 new=0 url=https://raw.githubusercontent.com/hideme9527/ecfg/refs/heads/main/data/ecfg_es
[OK] proxies=1386 new=0 url=https://raw.githubusercontent.com/hideme9527/ecfg/refs/heads/main/data/ecfg_fr
[OK] proxies=1386 new=0 url=https://raw.githubusercontent.com/hideme9527/ecfg/refs/heads/main/data/ecfg_ja
[OK] proxies=1386 new=0 url=https://raw.githubusercontent.com/hideme9527/ecfg/refs/heads/main/data/ecfg_ru
[OK] proxies=1454 source=[Pawdroid-sr-apk] url=https://github.com/Pawdroid/shadowrocket_for_android/releases/download/v10.10.5-standard/Shadowrocket_10.10.5_shadowrocketStandard_arm64-v8a.apk
============================================================
[INFO] toolkit try page: https://shadowshare.v2cross.com
[INFO] toolkit try download: https://shadowshare.v2cross.com/shadowshare.apk
[OK] toolkit downloaded: shadowshare.apk bytes=62868122
[OK] toolkit extracted archive=shadowshare.apk tool=zipfile files=612 dirs=39
[OK] toolkit ss-apk scanned prefixes=10 files=3 keys=1 archive=shadowshare.apk
[OK] proxies=171 new=171 url=https://{raw.githubusercontent.com|jsd.onmicrosoft.cn}/hideme9527/ecsfg/main/data/sareserver
[OK] proxies=1386 new=1283 url=https://{raw.githubusercontent.com|jsd.onmicrosoft.cn}/hideme9527/ecsfg/main/data/sareserver_en
[OK] proxies=171 new=0 url=https://{shadowsharing.com|sare.159236.xyz}/data/sareserver
[OK] proxies=1386 new=0 url=https://{shadowsharing.com|sare.159236.xyz}/data/sareserver_en
[OK] proxies=171 new=0 url=https://gitee.com/api/v5/repos/{zhiminghao|guoyoucai1|elvenapp}/ecsfg/raw/data/sareserver
[OK] proxies=1386 new=0 url=https://gitee.com/api/v5/repos/{zhiminghao|elvenapp|guoyoucai1}/ecsfg/raw/data/sareserver_en
[OK] proxies=1454 source=[Pawdroid-ss-apk] url=https://shadowshare.v2cross.com/shadowshare.apk
============================================================
[INFO] sublink try repo: https://github.com/free-nodes/clashfree
[INFO] sublink try page: https://raw.githubusercontent.com/free-nodes/clashfree/main/README.md
[OK] proxies=1361 new=1361 url=https://raw.githubusercontent.com/free-nodes/clashfree/main/README.md
[OK] proxies=1361 new=0 url=https://raw.githubusercontent.com/free-nodes/clashfree/main/clash20260913.yml
[OK] proxies=1 new=1 url=https://github.com/free-nodes/clashfree/blob/main/clash20260913.yml
[OK] proxies=1362 source=[Clashfree] url=https://raw.githubusercontent.com/free-nodes/clashfree/main/README.md
============================================================
[INFO] sublink try repo: https://github.com/Epodonios/v2ray-configs
[INFO] sublink try page: https://raw.githubusercontent.com/Epodonios/v2ray-configs/main/README.md
[OK] proxies=1 new=1 url=https://github.com/Epodonios/V2ray-Configs/actions/workflows/main.yml
[OK] proxies=2870 new=2870 url=https://github.com/Epodonios/v2ray-configs/raw/main/All_Configs_Sub.txt
[OK] proxies=2870 new=0 url=https://github.com/Epodonios/v2ray-configs/raw/main/All_Configs_base64_Sub.txt
[OK] proxies=3260 new=1147 url=https://github.com/Epodonios/v2ray-configs/raw/main/Splitted-By-Protocol/vless.txt
[OK] proxies=156 new=6 url=https://github.com/Epodonios/v2ray-configs/raw/main/Splitted-By-Protocol/vmess.txt
[OK] proxies=415 new=48 url=https://github.com/Epodonios/v2ray-configs/raw/main/Splitted-By-Protocol/ss.txt
[OK] proxies=168 new=121 url=https://github.com/Epodonios/v2ray-configs/raw/main/Splitted-By-Protocol/trojan.txt
[OK] proxies=4096 new=23 url=https://raw.githubusercontent.com/Epodonios/v2ray-configs/main/{Sub1.txt|Sub2.txt|Sub3.txt|Sub4.txt|Sub5.txt|Sub6.txt|Sub7.txt|Sub8.txt}
[OK] proxies=4216 source=[Epodonios] url=https://raw.githubusercontent.com/Epodonios/v2ray-configs/main/README.md
============================================================
[INFO] article try page: https://v2rayclashfree.com
[INFO] sublink try page: https://v2rayclashfree.com/fn/20260913.html
[OK] proxies=1528 new=1528 url=https://v2rayclashfree.com/sub/20260913-v2ray.txt
[OK] proxies=1181 new=417 url=https://v2rayclashfree.com/sub/20260913-clash.yaml
[OK] proxies=1945 source=[V2rayclashfree-RSS] url=https://v2rayclashfree.com/fn/20260913.html
============================================================
[INFO] raw backup written path=/home/runner/work/Free-node-autotest/Free-node-autotest/output/raw.yaml proxies=27117
[INFO] toolkit try release: https://github.com/MetaCubeX/mihomo/releases
[INFO] toolkit try release: https://github.com/MetaCubeX/mihomo/releases/expanded_assets/v1.19.30
[INFO] toolkit try download: https://github.com/MetaCubeX/mihomo/releases/download/v1.19.30/mihomo-linux-amd64-v1-go120-v1.19.30.gz
[OK] toolkit downloaded: mihomo-linux-amd64-v1-go120-v1.19.30.gz bytes=21495275
[OK] toolkit sha256 verified: mihomo-linux-amd64-v1-go120-v1.19.30.gz sha256=b358eba638b01c1f1841c4d612d4b6da58419bef96055958cf9c3be04f625642
[OK] proxy engine ready: mihomo starting latency test
============================================================
[WARN] batch start failed size=17175 {1} split -> 8587 {2} + 8588 {3}
[WARN] batch start failed size=8588 {3} split -> 4294 {4} + 4294 {5}
[WARN] batch start failed size=8587 {2} split -> 4293 {6} + 4294 {7}
[WARN] batch start failed size=4294 {5} split -> 2147 {8} + 2147 {9}
[WARN] batch start failed size=4293 {6} split -> 2146 {10} + 2147 {11}
[WARN] batch start failed size=2147 {9} split -> 1073 {12} + 1074 {13}
[WARN] batch start failed size=4294 {7} split -> 2147 {14} + 2147 {15}
[INFO] {4} tested 100/4294 kept=0 rest=17075
[INFO] {4} tested 200/4294 kept=0 rest=16975
[WARN] batch start failed size=2147 {8} split -> 1073 {16} + 1074 {17}
[WARN] batch start failed size=2146 {10} split -> 1073 {18} + 1073 {19}
[WARN] batch start failed size=2147 {11} split -> 1073 {20} + 1074 {21}
[INFO] {12} tested 100/1073 kept=2 rest=16780
[WARN] batch start failed size=1074 {13} split -> 537 {22} + 537 {23}
[INFO] {4} tested 300/4294 kept=0 rest=16754
[INFO] {4} tested 400/4294 kept=0 rest=16638
[INFO] {4} tested 500/4294 kept=0 rest=16534
[INFO] {4} tested 600/4294 kept=0 rest=16433
[WARN] batch start failed size=2147 {14} split -> 1073 {24} + 1074 {25}
[INFO] {4} tested 700/4294 kept=4 rest=16330
[INFO] {12} tested 200/1073 kept=3 rest=16135
[INFO] {12} tested 300/1073 kept=4 rest=16005
[INFO] {4} tested 800/4294 kept=4 rest=15986
[INFO] {4} tested 900/4294 kept=4 rest=15831
[INFO] {12} tested 400/1073 kept=6 rest=15739
[INFO] {4} tested 1000/4294 kept=4 rest=15646
[INFO] {15} tested 100/2147 kept=0 rest=15609
[INFO] {15} tested 200/2147 kept=0 rest=15499
[INFO] {12} tested 500/1073 kept=8 rest=15456
[INFO] {4} tested 1100/4294 kept=5 rest=15261
[INFO] {12} tested 600/1073 kept=19 rest=15254
[INFO] {12} tested 700/1073 kept=23 rest=15064
[INFO] {4} tested 1200/4294 kept=6 rest=15024
[INFO] {12} tested 800/1073 kept=24 rest=14949
[INFO] {15} tested 300/2147 kept=0 rest=14863
[INFO] {12} tested 900/1073 kept=26 rest=14680
[INFO] {4} tested 1300/4294 kept=6 rest=14578
[INFO] {12} tested 1000/1073 kept=28 rest=14493
[INFO] {15} tested 400/2147 kept=2 rest=14433
[INFO] {15} tested 500/2147 kept=2 rest=14324
[INFO] {4} tested 1400/4294 kept=7 rest=14189
[INFO] {4} tested 1500/4294 kept=8 rest=14073
[INFO] {12} tested 1073/1073 kept=28 rest=14045
[WARN] batch start failed size=1073 {16} split -> 536 {26} + 537 {27}
[INFO] {15} tested 600/2147 kept=2 rest=13948
[INFO] {17} tested 100/1074 kept=0 rest=13787
[INFO] {17} tested 200/1074 kept=0 rest=13659
[INFO] {4} tested 1600/4294 kept=8 rest=13600
[INFO] {4} tested 1700/4294 kept=8 rest=13468
[INFO] {15} tested 700/2147 kept=2 rest=13384
[INFO] {17} tested 300/1074 kept=1 rest=13312
[INFO] {17} tested 400/1074 kept=1 rest=13149
[INFO] {15} tested 800/2147 kept=10 rest=13145
[INFO] {4} tested 1800/4294 kept=8 rest=12959
[INFO] {15} tested 900/2147 kept=94 rest=12838
[INFO] {4} tested 1900/4294 kept=8 rest=12797
[INFO] {17} tested 500/1074 kept=1 rest=12761
[INFO] {15} tested 1000/2147 kept=100 rest=12610
[INFO] {17} tested 600/1074 kept=1 rest=12515
[INFO] {4} tested 2000/4294 kept=8 rest=12384
[INFO] {17} tested 700/1074 kept=1 rest=12324
[INFO] {4} tested 2100/4294 kept=8 rest=12223
[INFO] {17} tested 800/1074 kept=1 rest=12129
[INFO] {15} tested 1100/2147 kept=100 rest=12013
[INFO] {17} tested 900/1074 kept=1 rest=11904
[INFO] {17} tested 1000/1074 kept=3 rest=11767
[INFO] {4} tested 2200/4294 kept=11 rest=11724
[INFO] {15} tested 1200/2147 kept=100 rest=11579
[INFO] {17} tested 1074/1074 kept=8 rest=11467
[INFO] {4} tested 2300/4294 kept=12 rest=11441
[WARN] batch start failed size=1073 {18} split -> 536 {28} + 537 {29}
[INFO] {4} tested 2400/4294 kept=12 rest=11332
[INFO] {15} tested 1300/2147 kept=100 rest=11322
[INFO] {19} tested 100/1073 kept=55 rest=11137
[INFO] {19} tested 200/1073 kept=122 rest=11020
[INFO] {19} tested 300/1073 kept=208 rest=10879
[INFO] {15} tested 1400/2147 kept=100 rest=10762
[INFO] {19} tested 400/1073 kept=286 rest=10752
[INFO] {19} tested 500/1073 kept=357 rest=10644
[INFO] {19} tested 600/1073 kept=413 rest=10541
[INFO] {4} tested 2500/4294 kept=14 rest=10464
[INFO] {19} tested 700/1073 kept=476 rest=10397
[INFO] {19} tested 800/1073 kept=519 rest=10278
[INFO] {19} tested 900/1073 kept=547 rest=10160
[INFO] {4} tested 2600/4294 kept=14 rest=10042
[INFO] {19} tested 1000/1073 kept=574 rest=10000
[INFO] {4} tested 2700/4294 kept=14 rest=9880
[INFO] {4} tested 2800/4294 kept=14 rest=9699
[INFO] {15} tested 1500/2147 kept=100 rest=9671
[INFO] {19} tested 1073/1073 kept=599 rest=9549
[INFO] {4} tested 2900/4294 kept=14 rest=9527
[INFO] {4} tested 3000/4294 kept=14 rest=9404
[WARN] batch start failed size=1073 {20} split -> 536 {30} + 537 {31}
[INFO] {15} tested 1600/2147 kept=100 rest=9264
[INFO] {21} tested 100/1074 kept=80 rest=9121
[INFO] {21} tested 200/1074 kept=157 rest=9016
[INFO] {4} tested 3100/4294 kept=14 rest=8995
[INFO] {4} tested 3200/4294 kept=14 rest=8825
[INFO] {21} tested 300/1074 kept=244 rest=8777
[INFO] {4} tested 3300/4294 kept=14 rest=8699
[INFO] {4} tested 3400/4294 kept=14 rest=8563
[INFO] {21} tested 400/1074 kept=314 rest=8385
[INFO] {4} tested 3500/4294 kept=14 rest=8361
[INFO] {15} tested 1700/2147 kept=100 rest=8347
[INFO] {4} tested 3600/4294 kept=14 rest=8121
[INFO] {4} tested 3700/4294 kept=14 rest=7997
[INFO] {4} tested 3800/4294 kept=14 rest=7871
[INFO] {15} tested 1800/2147 kept=100 rest=7853
[INFO] {21} tested 500/1074 kept=325 rest=7807
[INFO] {4} tested 3900/4294 kept=14 rest=7621
[INFO] {4} tested 4000/4294 kept=14 rest=7495
[INFO] {15} tested 1900/2147 kept=100 rest=7456
[INFO] {21} tested 600/1074 kept=325 rest=7414
[INFO] {15} tested 2000/2147 kept=100 rest=7192
[INFO] {21} tested 700/1074 kept=328 rest=7182
[INFO] {4} tested 4100/4294 kept=14 rest=7133
[INFO] {4} tested 4200/4294 kept=17 rest=7005
[INFO] {15} tested 2100/2147 kept=100 rest=6834
[INFO] {21} tested 800/1074 kept=330 rest=6786
[INFO] {4} tested 4294/4294 kept=20 rest=6667
[INFO] {21} tested 900/1074 kept=336 rest=6615
[INFO] {15} tested 2147/2147 kept=100 rest=6526
[INFO] {21} tested 1000/1074 kept=338 rest=6477
[INFO] {22} tested 100/537 kept=1 rest=6404
[WARN] batch start failed size=537 {23} split -> 268 {32} + 269 {33}
[INFO] {22} tested 200/537 kept=3 rest=6289
[WARN] batch start failed size=1073 {24} split -> 536 {34} + 537 {35}
[INFO] {22} tested 300/537 kept=8 rest=6170
[INFO] {25} tested 100/1074 kept=4 rest=6002
[INFO] {21} tested 1074/1074 kept=341 rest=5958
[INFO] {22} tested 400/537 kept=17 rest=5915
[WARN] batch start failed size=537 {27} split -> 268 {36} + 269 {37}
[WARN] batch start failed size=536 {26} split -> 268 {38} + 268 {39}
[WARN] batch start failed size=536 {28} split -> 268 {40} + 268 {41}
[INFO] {22} tested 500/537 kept=17 rest=5810
[INFO] {29} tested 100/537 kept=44 rest=5696
[INFO] {29} tested 200/537 kept=110 rest=5531
[INFO] {25} tested 200/1074 kept=14 rest=5499
[INFO] {29} tested 300/537 kept=174 rest=5411
[INFO] {29} tested 400/537 kept=234 rest=5292
[INFO] {29} tested 500/537 kept=319 rest=5162
[INFO] {22} tested 537/537 kept=17 rest=5109
[INFO] {30} tested 100/536 kept=32 rest=5003
[INFO] {30} tested 200/536 kept=64 rest=4902
[INFO] {30} tested 300/536 kept=93 rest=4802
[INFO] {30} tested 400/536 kept=119 rest=4702
[INFO] {30} tested 500/536 kept=159 rest=4600
[INFO] {25} tested 300/1074 kept=16 rest=4544
[INFO] {29} tested 537/537 kept=351 rest=4459
[INFO] {25} tested 400/1074 kept=16 rest=4440
[WARN] batch start failed size=537 {31} split -> 268 {42} + 269 {43}
[WARN] batch start failed size=268 {32} split -> 134 {44} + 134 {45}
[INFO] {33} tested 100/269 kept=54 rest=4283
[INFO] {30} tested 536/536 kept=179 rest=4237
[INFO] {33} tested 200/269 kept=139 rest=4173
[INFO] {34} tested 100/536 kept=0 rest=4008
[INFO] {25} tested 500/1074 kept=17 rest=4007
[INFO] {34} tested 200/536 kept=1 rest=3876
[INFO] {25} tested 600/1074 kept=17 rest=3741
[INFO] {25} tested 700/1074 kept=18 rest=3619
[INFO] {34} tested 300/536 kept=9 rest=3550
[INFO] {33} tested 269/269 kept=170 rest=3497
[WARN] batch start failed size=537 {35} split -> 268 {46} + 269 {47}
[INFO] {25} tested 800/1074 kept=18 rest=3443
[INFO] {34} tested 400/536 kept=11 rest=3304
[INFO] {36} tested 100/268 kept=8 rest=3102
[INFO] {25} tested 900/1074 kept=18 rest=3062
[INFO] {34} tested 500/536 kept=18 rest=2990
[INFO] {36} tested 200/268 kept=21 rest=2832
[INFO] {25} tested 1000/1074 kept=19 rest=2827
[INFO] {34} tested 536/536 kept=18 rest=2813
[WARN] batch start failed size=269 {37} split -> 134 {48} + 135 {49}
[INFO] {39} tested 100/268 kept=11 rest=2652
[INFO] {25} tested 1074/1074 kept=19 rest=2587
[INFO] {36} tested 268/268 kept=28 rest=2572
[WARN] batch start failed size=268 {38} split -> 134 {50} + 134 {51}
[WARN] batch start failed size=268 {40} split -> 134 {52} + 134 {53}
[INFO] {41} tested 100/268 kept=5 rest=2439
[INFO] {42} tested 100/268 kept=34 rest=2268
[INFO] {39} tested 200/268 kept=15 rest=2191
[INFO] {42} tested 200/268 kept=83 rest=2126
[INFO] {41} tested 200/268 kept=33 rest=1976
[INFO] {39} tested 268/268 kept=17 rest=1898
[INFO] {42} tested 268/268 kept=126 rest=1886
[INFO] {41} tested 268/268 kept=33 rest=1879
[WARN] batch start failed size=269 {43} split -> 134 {54} + 135 {55}
[WARN] batch start failed size=134 {44} split -> 67 {56} + 67 {57}
[WARN] batch start failed size=268 {46} split -> 134 {58} + 134 {59}
[INFO] {45} tested 100/134 kept=45 rest=1669
[INFO] {45} tested 134/134 kept=45 rest=1635
[INFO] {47} tested 100/269 kept=13 rest=1552
[WARN] batch start failed size=134 {48} split -> 67 {60} + 67 {61}
[INFO] {47} tested 200/269 kept=32 rest=1451
[INFO] {49} tested 100/135 kept=8 rest=1389
[INFO] {49} tested 135/135 kept=8 rest=1339
[WARN] batch start failed size=134 {51} split -> 67 {62} + 67 {63}
[WARN] batch start failed size=134 {52} split -> 67 {64} + 67 {65}
[WARN] batch start failed size=134 {53} split -> 67 {66} + 67 {67}
[WARN] batch start failed size=135 {55} split -> 67 {68} + 68 {69}
[INFO] {54} tested 100/134 kept=43 rest=1199
[INFO] {47} tested 269/269 kept=47 rest=1163
[INFO] {50} tested 100/134 kept=6 rest=1131
[INFO] {50} tested 134/134 kept=6 rest=1077
[WARN] batch start failed size=67 {57} split -> 33 {70} + 34 {71}
[WARN] batch start failed size=134 {58} split -> 67 {72} + 67 {73}
[INFO] {54} tested 134/134 kept=54 rest=967
[WARN] batch start failed size=67 {61} split -> 33 {74} + 34 {75}
[INFO] {56} tested 67/67 kept=0 rest=932
[WARN] batch start failed size=67 {62} split -> 33 {76} + 34 {77}
[INFO] {59} tested 100/134 kept=31 rest=810
[INFO] {59} tested 134/134 kept=31 rest=775
[WARN] batch start failed size=67 {65} split -> 33 {78} + 34 {79}
[WARN] batch start failed size=67 {64} split -> 33 {80} + 34 {81}
[WARN] batch start failed size=67 {66} split -> 33 {82} + 34 {83}
[INFO] {60} tested 67/67 kept=10 rest=739
[WARN] batch start failed size=67 {68} split -> 33 {84} + 34 {85}
[INFO] {63} tested 67/67 kept=4 rest=632
[INFO] {67} tested 67/67 kept=8 rest=579
[WARN] batch start failed size=34 {71} split -> 17 {86} + 17 {87}
[INFO] {69} tested 68/68 kept=62 rest=578
[WARN] batch start failed size=67 {72} split -> 33 {88} + 34 {89}
[INFO] {70} tested 33/33 kept=3 rest=540
[WARN] batch start failed size=34 {75} split -> 17 {90} + 17 {91}
[WARN] batch start failed size=33 {76} split -> 16 {92} + 17 {93}
[INFO] {74} tested 33/33 kept=3 rest=453
[WARN] batch start failed size=34 {79} split -> 17 {94} + 17 {95}
[INFO] {73} tested 67/67 kept=11 rest=452
[INFO] {77} tested 34/34 kept=8 rest=412
[WARN] batch start failed size=34 {81} split -> 17 {96} + 17 {97}
[WARN] batch start failed size=33 {82} split -> 16 {98} + 17 {99}
[INFO] {78} tested 33/33 kept=0 rest=362
[INFO] {80} tested 33/33 kept=9 rest=351
[WARN] batch start failed size=34 {85} split -> 17 {100} + 17 {101}
[WARN] batch start failed size=17 {86} split -> 8 {102} + 9 {103}
[INFO] {83} tested 34/34 kept=14 rest=294
[INFO] {84} tested 33/33 kept=31 rest=293
[WARN] batch start failed size=33 {88} split -> 16 {104} + 17 {105}
[INFO] {87} tested 17/17 kept=1 rest=253
[WARN] batch start failed size=17 {91} split -> 8 {106} + 9 {107}
[WARN] batch start failed size=17 {93} split -> 8 {108} + 9 {109}
[INFO] {90} tested 17/17 kept=1 rest=225
[INFO] {89} tested 34/34 kept=0 rest=222
[WARN] batch start failed size=17 {95} split -> 8 {110} + 9 {111}
[WARN] batch start failed size=17 {96} split -> 8 {112} + 9 {113}
[WARN] batch start failed size=17 {97} split -> 8 {114} + 9 {115}
[WARN] batch start failed size=16 {98} split -> 8 {116} + 8 {117}
[INFO] {92} tested 16/16 kept=3 rest=201
[WARN] batch start failed size=17 {100} split -> 8 {118} + 9 {119}
[INFO] {94} tested 17/17 kept=0 rest=197
[INFO] {99} tested 17/17 kept=5 rest=168
[INFO] {101} tested 17/17 kept=16 rest=167
[WARN] batch start failed size=8 {102} split -> 4 {120} + 4 {121}
[WARN] batch start failed size=16 {104} split -> 8 {122} + 8 {123}
[WARN] batch start failed size=8 {106} split -> 4 {124} + 4 {125}
[INFO] {103} tested 9/9 kept=0 rest=149
[INFO] {107} tested 9/9 kept=0 rest=131
[INFO] {105} tested 17/17 kept=0 rest=127
[WARN] batch start failed size=9 {109} split -> 4 {126} + 5 {127}
[WARN] batch start failed size=9 {111} split -> 4 {128} + 5 {129}
[INFO] {110} tested 8/8 kept=0 rest=119
[WARN] batch start failed size=9 {113} split -> 4 {130} + 5 {131}
[WARN] batch start failed size=8 {114} split -> 4 {132} + 4 {133}
[INFO] {108} tested 8/8 kept=0 rest=110
[WARN] batch start failed size=9 {115} split -> 4 {134} + 5 {135}
[WARN] batch start failed size=8 {116} split -> 4 {136} + 4 {137}
[INFO] {117} tested 8/8 kept=0 rest=102
[WARN] batch start failed size=9 {119} split -> 4 {138} + 5 {139}
[WARN] batch start failed size=4 {120} split -> 2 {140} + 2 {141}
[INFO] {118} tested 8/8 kept=8 rest=91
[INFO] {112} tested 8/8 kept=2 rest=90
[WARN] batch start failed size=8 {123} split -> 4 {142} + 4 {143}
[WARN] batch start failed size=4 {124} split -> 2 {144} + 2 {145}
[INFO] {121} tested 4/4 kept=0 rest=87
[WARN] batch start failed size=4 {126} split -> 2 {146} + 2 {147}
[INFO] {122} tested 8/8 kept=0 rest=80
[INFO] {125} tested 4/4 kept=0 rest=74
[WARN] batch start failed size=5 {129} split -> 2 {148} + 3 {149}
[WARN] batch start failed size=5 {131} split -> 2 {150} + 3 {151}
[INFO] {130} tested 4/4 kept=4 rest=70
[WARN] batch start failed size=4 {132} split -> 2 {152} + 2 {153}
[INFO] {127} tested 5/5 kept=1 rest=65
[INFO] {128} tested 4/4 kept=0 rest=63
[WARN] batch start failed size=5 {135} split -> 2 {154} + 3 {155}
[WARN] batch start failed size=4 {136} split -> 2 {156} + 2 {157}
[INFO] {137} tested 4/4 kept=0 rest=59
[WARN] batch start failed size=5 {139} split -> 2 {158} + 3 {159}
[INFO] {138} tested 4/4 kept=4 rest=55
[WARN] batch start failed size=2 {140} split -> 1 {160} + 1 {161}
[INFO] {133} tested 4/4 kept=0 rest=51
[INFO] {134} tested 4/4 kept=0 rest=46
[WARN] batch start failed size=4 {143} split -> 2 {162} + 2 {163}
[INFO] {141} tested 2/2 kept=0 rest=44
[WARN] batch start failed size=2 {144} split -> 1 {164} + 1 {165}
[INFO] {142} tested 4/4 kept=1 rest=42
[INFO] {147} tested 2/2 kept=1 rest=40
[WARN] batch start failed size=2 {146} split -> 1 {166} + 1 {167}
[WARN] batch start failed size=3 {149} split -> 1 {168} + 2 {169}
[INFO] {145} tested 2/2 kept=0 rest=37
[WARN] batch start failed size=3 {151} split -> 1 {170} + 2 {171}
[WARN] batch start failed size=2 {152} split -> 1 {172} + 1 {173}
[WARN] batch start failed size=2 {153} split -> 1 {174} + 1 {175}
[WARN] batch start failed size=2 {154} split -> 1 {176} + 1 {177}
[WARN] batch start failed size=3 {155} split -> 1 {178} + 2 {179}
[WARN] batch start failed size=2 {157} split -> 1 {180} + 1 {181}
[WARN] batch start failed size=2 {156} split -> 1 {182} + 1 {183}
[INFO] {148} tested 2/2 kept=0 rest=35
[INFO] {158} tested 2/2 kept=2 rest=33
[WARN] batch start failed size=3 {159} split -> 1 {184} + 2 {185}
[INFO] {150} tested 2/2 kept=0 rest=32
[DROP] {161} name=[Epodonios] EPODONIOS-2882 server=212.95.34.5:443 reason=Start initial configuration in progress
[DROP] {160} name=[Epodonios] EPODONIOS-2881 server=deep-radio.seotoolsforyou.co.uk:80 reason=Start initial configuration in progress
[WARN] batch start failed size=2 {163} split -> 1 {186} + 1 {187}
[DROP] {165} name=[Epodonios] EPODONIOS-104 server=78.38.246.150:8446 reason=Start initial configuration in progress
[INFO] {164} tested 1/1 kept=0 rest=28
[INFO] {166} tested 1/1 kept=1 rest=27
[DROP] {167} name=[Pawdroid-sr-apk] 英国+V2CROSS.COM-2 server=82.38.31.189:8080 reason=Start initial configuration in progress
[WARN] batch start failed size=2 {169} split -> 1 {188} + 1 {189}
[INFO] {170} tested 1/1 kept=0 rest=24
[WARN] batch start failed size=2 {171} split -> 1 {190} + 1 {191}
[DROP] {172} name=[ChromeGO-ShiteThings] hysteria-3 server=5.83.129.90:54177 reason=Start initial configuration in progress
[DROP] {173} name=[ChromeGO-ShiteThings] hysteria-4 server=62.210.70.191:23556 reason=Start initial configuration in progress
[INFO] {162} tested 2/2 kept=1 rest=21
[DROP] {174} name=[ChromeGO-ShiteThings] hysteria-5 server=45.150.65.154:47119 reason=Start initial configuration in progress
[INFO] {168} tested 1/1 kept=0 rest=19
[DROP] {177} name=[ChromeGO-Merge1] WARP server=162.159.192.1:2408 reason=Start initial configuration in progress
[WARN] batch start failed size=2 {179} split -> 1 {192} + 1 {193}
[DROP] {178} name=[ChromeGO-Merge1] United server=108.181.5.133:26022 reason=Start initial configuration in progress
[DROP] {180} name=[ChromeGO-Merge1] United-5 server=167.160.91.115:41189 reason=Start initial configuration in progress
[INFO] {175} tested 1/1 kept=0 rest=15
[DROP] {182} name=[ChromeGO-Merge1] United-4 server=173.234.25.52:48919 reason=Start initial configuration in progress
[DROP] {183} name=[ChromeGO-Merge1] Taiwan-2 server=www.dtku40.xyz:18490 reason=Start initial configuration in progress
[INFO] {181} tested 1/1 kept=0 rest=12
[INFO] {176} tested 1/1 kept=0 rest=11
[WARN] batch start failed size=2 {185} split -> 1 {194} + 1 {195}
[DROP] {186} name=[Free-clash-v2ray] 未知 SS-1521 | free-nodes server=192.0.2.1:1 reason=Start initial configuration in progress
[DROP] {188} name=[ChromeGO-Merge1] Taiwan server=www2.dtku48.xyz:22334 reason=Start initial configuration in progress
[DROP] {189} name=[ChromeGO-Merge1] France server=51.158.54.46:55396 reason=Start initial configuration in progress
[DROP] {191} name=[ChromeGO-ShiteThings] hysteria-2 server=5.83.129.153:27626 reason=Start initial configuration in progress
[DROP] {190} name=[ChromeGO-ShiteThings] hysteria server=5.83.129.153:20088 reason=Start initial configuration in progress
[DROP] {192} name=[ChromeGO-Merge1] France_hysteria_1 server=62.210.243.131:18702 reason=Start initial configuration in progress
[DROP] {193} name=[ChromeGO-Merge1] United-2 server=109.104.152.194:58510 reason=Start initial configuration in progress
[INFO] {184} tested 1/1 kept=0 rest=3
[DROP] {195} name=[Free-clash-v2ray] hysteria server=5.83.129.143:26691 reason=Start initial configuration in progress
[INFO] {187} tested 1/1 kept=0 rest=1
[INFO] {194} tested 1/1 kept=0 rest=0
[INFO] dropped=20 [Epodonios] × 3 | [Pawdroid-sr-apk] × 1 | [ChromeGO-ShiteThings] × 5 | [ChromeGO-Merge1] × 9 | [Free-clash-v2ray] × 2
============================================================
[INFO] cap live source=[Free-clash-v2ray] from 1817 to 50 by health_score
[INFO] cap live source=[免费节点2] from 60 to 50 by health_score
[INFO] cap live source=[免费节点8] from 122 to 50 by health_score
[INFO] cap live source=[Pawdroid-sr-apk] from 56 to 50 by health_score
[INFO] cap live source=[Epodonios] from 76 to 50 by health_score
[INFO] cap live source=[V2rayclashfree-RSS] from 211 to 50 by health_score
[INFO] cap live total from 417 to 350 trim large sources first
============================================================
+------------------------------+--------+--------+------+--------+
| source                       |    raw | unique | live | capped |
+------------------------------+--------+--------+------+--------+
| [大FQ运动]                   |      4 |      4 |    2 |      2 |
+------------------------------+--------+--------+------+--------+
| [大FQ运动-SS密钥]            |      4 |      4 |    1 |      1 |
+------------------------------+--------+--------+------+--------+
| [大FQ运动-补充]              |      8 |      6 |    0 |      0 |
+------------------------------+--------+--------+------+--------+
| [ChromeGO-工具包]            |     14 |     14 |    5 |      5 |
+------------------------------+--------+--------+------+--------+
| [ChromeGO-ShiteThings]       |     31 |     25 |    7 |      7 |
+------------------------------+--------+--------+------+--------+
| [ChromeGO-Merge1]            |     86 |     86 |    0 |      0 |
+------------------------------+--------+--------+------+--------+
| [ChromeGO-Merge2]            |     26 |     26 |    3 |      3 |
+------------------------------+--------+--------+------+--------+
| [Freesocks]                  |      3 |      3 |    3 |      3 |
+------------------------------+--------+--------+------+--------+
| [NekoWarp]                   |     10 |     10 |    9 |      9 |
+------------------------------+--------+--------+------+--------+
| [OpenRunner-RSS]             |     14 |      0 |    0 |      0 |
+------------------------------+--------+--------+------+--------+
| [V2Rayshare-RSS]             |     27 |     26 |    5 |      5 |
+------------------------------+--------+--------+------+--------+
| [V2Rayshare-SUB]             |     27 |      0 |    0 |      0 |
+------------------------------+--------+--------+------+--------+
| [Mibei77-RSS]                |    106 |    104 |    8 |      8 |
+------------------------------+--------+--------+------+--------+
| [Yoyapai-RSS]                |    209 |    182 |    8 |      8 |
+------------------------------+--------+--------+------+--------+
| [Free-clash-v2ray]           |   4725 |   4418 | 1817 |     38 |
+------------------------------+--------+--------+------+--------+
| [Pawdroid]                   |     21 |      6 |    3 |      3 |
+------------------------------+--------+--------+------+--------+
| [FreeV2-Base64]              |      3 |      3 |    3 |      3 |
+------------------------------+--------+--------+------+--------+
| [Bocchi2b-Base64]            |     35 |     35 |    0 |      0 |
+------------------------------+--------+--------+------+--------+
| [免费节点1]                  |    134 |     28 |    8 |      8 |
+------------------------------+--------+--------+------+--------+
| [免费节点2]                  |    449 |    281 |   60 |     39 |
+------------------------------+--------+--------+------+--------+
| [免费节点3]                  |     60 |     26 |   15 |     15 |
+------------------------------+--------+--------+------+--------+
| [免费节点4]                  |    839 |      7 |    0 |      0 |
+------------------------------+--------+--------+------+--------+
| [免费节点5]                  |     29 |     28 |    0 |      0 |
+------------------------------+--------+--------+------+--------+
| [免费节点6]                  |    244 |    214 |    0 |      0 |
+------------------------------+--------+--------+------+--------+
| [免费节点7]                  |     63 |      9 |    1 |      1 |
+------------------------------+--------+--------+------+--------+
| [免费节点8]                  |   4235 |   3752 |  122 |     39 |
+------------------------------+--------+--------+------+--------+
| [免费节点9]                  |    615 |    451 |    0 |      0 |
+------------------------------+--------+--------+------+--------+
| [免费节点10]                 |   4234 |   3069 |   10 |     10 |
+------------------------------+--------+--------+------+--------+
| [免费节点11]                 |    429 |    194 |   12 |     12 |
+------------------------------+--------+--------+------+--------+
| [Pawdroid-sr-apk]            |   1454 |    662 |   56 |     39 |
+------------------------------+--------+--------+------+--------+
| [Pawdroid-ss-apk]            |   1454 |      0 |    0 |      0 |
+------------------------------+--------+--------+------+--------+
| [Clashfree]                  |   1362 |     27 |   14 |     14 |
+------------------------------+--------+--------+------+--------+
| [Epodonios]                  |   4216 |   3157 |   76 |     39 |
+------------------------------+--------+--------+------+--------+
| [V2rayclashfree-RSS]         |   1945 |    318 |  211 |     39 |
+------------------------------+--------+--------+------+--------+
============================================================
[SUMMARY] total_nodes=27115
[SUMMARY] legal_candidates=17175
[SUMMARY] passed_latency_test=350
[SUMMARY] region_HK=10 region_JP=30 region_US=99
[SUMMARY] avg_latency_ms=441.59
[SUMMARY] output=/home/runner/work/Free-node-autotest/Free-node-autotest/output/clash.yaml
============================================================
