============================================================
[INFO] sublink try page: https://end-gfw.com
[OK] proxies=2 new=2 url=https://raw.githubusercontent.com/hello-world-1989/cn-news/refs/heads/main/clash.yaml
[OK] proxies=2 new=0 url=https://raw.githubusercontent.com/hello-world-1989/cn-news/main/end-gfw-together
[OK] proxies=2 new=2 url=https://raw.githubusercontent.com/hello-world-1989/cn-news/main/end-gfw-together-ss
[INFO] source try url: https://end-gfw.com/ss-key
[OK] proxies=4 new=4 url=https://end-gfw.com/ss-key
[INFO] sublink try repo: https://github.com/hello-world-1989/cn-news
[INFO] sublink try page: https://raw.githubusercontent.com/hello-world-1989/cn-news/main/README.md
[OK] proxies=6 new=6 url=https://raw.githubusercontent.com/hello-world-1989/v2-sub/main/end-gfw-together-af3e13
[OK] proxies=14 source=[大FQ运动] url=https://raw.githubusercontent.com/hello-world-1989/cn-news/main/README.md
============================================================
[INFO] sublink try repo: https://github.com/Pawdroid/Free-servers
[INFO] sublink try page: https://raw.githubusercontent.com/Pawdroid/Free-servers/main/README.md
[OK] proxies=20 new=20 url=https://raw.githubusercontent.com/Pawdroid/Free-servers/main/README.md
[OK] proxies=20 new=0 url=https://raw.githubusercontent.com/Pawdroid/Free-servers/main/sub
[OK] proxies=1 new=1 url=https://apps.apple.com/cn/app/shadowshare/id1612647259
[OK] proxies=1 new=1 url=http://www.surflare.com
[OK] proxies=22 source=[Pawdroid] url=https://raw.githubusercontent.com/Pawdroid/Free-servers/main/README.md
============================================================
[INFO] source try url: https://xmxosfepggzm.503403.xyz
[OK] proxies=3 new=3 url=https://xmxosfepggzm.503403.xyz
[OK] proxies=3 source=[FreeV2-Base64] url=https://xmxosfepggzm.503403.xyz
============================================================
[INFO] source try url: https://links.bocchi2b.top/clash
[OK] proxies=35 new=35 url=https://links.bocchi2b.top/clash
[OK] proxies=35 source=[Bocchi2b-Base64] url=https://links.bocchi2b.top/clash
============================================================
[INFO] toolkit try repo: https://github.com/bannedbook/fanqiang
[INFO] toolkit try release: https://github.com/bannedbook/fanqiang/releases
[INFO] toolkit try release: https://github.com/bannedbook/fanqiang/releases/expanded_assets/ChromeGo-latest
[INFO] toolkit try download: https://github.com/bannedbook/fanqiang/releases/download/ChromeGo-latest/ChromeGo.7z
[OK] toolkit downloaded: ChromeGo.7z bytes=100924352
[OK] toolkit extracted archive=ChromeGo.7z tool=7z files=222 dirs=45
[OK] toolkit discovered subs=107 embedded=12 archive=ChromeGo.7z
[OK] proxies=6 new=6 embedded=archive-config
[OK] proxies=3 new=3 url=https://gitlab.com/free9999/ipupdate/master/backup/img/1/2/{ipp|ip}/clash.meta2/{5|6|3|1|4|2}/config.yaml
[OK] proxies=3 new=0 url=https://www.67867867.xyz/Alvin9999/PAC/refs/heads/master/backup/img/1/2/{ipp|ip}/clash.meta2/{5|6|3|1|4|2}/config.yaml
[OK] proxies=7 new=5 url=https://gitlab.com/free9999/ipupdate/master/backup/img/1/2/{ipp|ip}/{hysteria2|singbox|naiveproxy|hysteria|xray}/{3|1|4|2}/config.json
[OK] proxies=7 new=0 url=https://www.67867867.xyz/Alvin9999/PAC/refs/heads/master/backup/img/1/2/{ipp|ip}/{hysteria2|singbox|naiveproxy|hysteria|xray}/{3|1|4|2}/config.json
[OK] proxies=14 source=[ChromeGO-Toolkit] url=https://github.com/bannedbook/fanqiang/releases/download/ChromeGo-latest/ChromeGo.7z
============================================================
[INFO] sublink try repo: https://github.com/ShiteThings/extractNodes
[INFO] sublink try page: https://raw.githubusercontent.com/ShiteThings/extractNodes/main/README.md
[OK] proxies=31 new=30 url=https://{chg26.makou.cc.cd|chg64.makou.cc.cd}
[OK] proxies=26 new=1 url=https://chg26.makou.cc.cd/sb
[OK] proxies=31 source=[ChromeGO-ShiteThings] url=https://raw.githubusercontent.com/ShiteThings/extractNodes/main/README.md
============================================================
[INFO] sublink try repo: https://github.com/shangui999/chromego_merge
[INFO] sublink try page: https://raw.githubusercontent.com/shangui999/chromego_merge/master/ReadMe.md
[OK] proxies=10 new=10 url=https://freedman.netlify.app/sub/merged_proxies_new.yaml
[OK] proxies=11 new=1 url=https://freedman.netlify.app/sub/merged_warp_proxies_new.yaml
[OK] proxies=11 new=6 url=https://freedman.netlify.app/sub/shadowrocket_base64.txt
[OK] proxies=16 new=16 url=https://freedman.netlify.app/sub/sb.json
[INFO] sublink try repo: https://github.com/yaney01/chromego
[INFO] sublink try page: https://raw.githubusercontent.com/yaney01/chromego/main/ReadMe.md
[OK] proxies=50 new=46 url=https://raw.githubusercontent.com/yaney01/chromego/main/sub/merged_proxies_new.yaml
[OK] proxies=51 new=0 url=https://raw.githubusercontent.com/yaney01/chromego/main/sub/merged_warp_proxies_new.yaml
[OK] proxies=13 new=7 url=https://raw.githubusercontent.com/yaney01/chromego/main/sub/shadowrocket_base64.txt
[OK] proxies=13 new=0 url=https://raw.githubusercontent.com/yaney01/chromego/main/sub/sb.json
[INFO] sublink try repo: https://github.com/Misaka-blog/chromego_merge
[INFO] sublink try page: https://raw.githubusercontent.com/Misaka-blog/chromego_merge/main/README.md
[OK] proxies=24 new=24 url=https://chromego-sub.netlify.app/sub/merged_proxies_new.yaml
[OK] proxies=110 source=[ChromeGO-Merge] url=https://raw.githubusercontent.com/Misaka-blog/chromego_merge/main/README.md
============================================================
[INFO] source try url: https://freesocks.org/api/v1/sub/02b897e8e77f19176b0b9f2c75864b00
[OK] proxies=1 new=1 url=https://freesocks.org/api/v1/sub/02b897e8e77f19176b0b9f2c75864b00
[OK] proxies=1 source=[Freesocks] url=https://freesocks.org/api/v1/sub/02b897e8e77f19176b0b9f2c75864b00
============================================================
[INFO] source try url: https://neko-warp.nloli.xyz/neko_warp.yaml
[OK] proxies=10 new=10 url=https://neko-warp.nloli.xyz/neko_warp.yaml
[OK] proxies=10 source=[NekoWarp] url=https://neko-warp.nloli.xyz/neko_warp.yaml
============================================================
[INFO] toolkit try chrome: https://chromewebstore.google.com/detail/free-vpn-proxy-1vpn/akcocjjpkmlniicdeemdceeajlmoabhg
[INFO] toolkit try download: https://clients2.google.com/service/update2/crx?response=redirect&prodversion=131.0.6778.0&acceptformat=crx2,crx3&x=id%3dakcocjjpkmlniicdeemdceeajlmoabhg%26uc
[OK] toolkit downloaded: free-vpn-proxy-1vpn.crx bytes=1627904
[OK] toolkit extracted archive=free-vpn-proxy-1vpn.crx tool=zipfile files=68 dirs=57
[OK] toolkit 1vpn-crx scanned hosts=17 keys=1 archive=free-vpn-proxy-1vpn.crx
[OK] proxies=17 source=[1VPN-CRX] url=https://clients2.google.com/service/update2/crx?response=redirect&prodversion=131.0.6778.0&acceptformat=crx2,crx3&x=id%3dakcocjjpkmlniicdeemdceeajlmoabhg%26uc
============================================================
[INFO] article try feed: https://free.datiya.com/index.xml
[INFO] sublink try page: https://free.datiya.com/post/20260924/
[OK] proxies=14 new=14 url=https://free.datiya.com/uploads/20260924-clash.yaml
[OK] proxies=14 source=[OpenRunner-RSS] url=https://free.datiya.com/post/20260924/
============================================================
[WARN] article discovery failed: https://v2rayshare.com
[INFO] sublink try repo: https://github.com/firefoxmmx2/v2rayshare_subcription
[INFO] sublink try page: https://raw.githubusercontent.com/firefoxmmx2/v2rayshare_subcription/main/README.md
[OK] proxies=22 new=22 url=https://{raw.githubusercontent.com|cdn.jsdelivr.net}/firefoxmmx2/v2rayshare_subcription/main/subscription/vray_sub.txt
[OK] proxies=21 new=0 url=https://{raw.githubusercontent.com|cdn.jsdelivr.net}/firefoxmmx2/v2rayshare_subcription/main/subscription/clash_sub.yaml
[OK] proxies=22 new=0 url=https://{raw.githubusercontent.com|cdn.jsdelivr.net}/firefoxmmx2/v2rayshare_subcription/main/subscription/mihomo_sub.yaml
[OK] proxies=22 source=[V2Rayshare-RSS] url=https://raw.githubusercontent.com/firefoxmmx2/v2rayshare_subcription/main/README.md
============================================================
[INFO] article try feed: https://www.mibei77.com/feed
[INFO] sublink try page: https://www.mibei77.com/691.html
[OK] proxies=111 new=111 url=https://mm.mibei77.com/202609/09.2364bacfe.txt
[OK] proxies=110 new=0 url=https://mm.mibei77.com/202609/0923Clashizs.yaml
[OK] proxies=111 source=[Mibei77-RSS] url=https://www.mibei77.com/691.html
============================================================
[INFO] article try feed: https://yoyapai.com/feed
[INFO] sublink try page: https://yoyapai.com/730
[OK] proxies=1 new=1 url=https://yoyapai.com/730
[OK] proxies=219 new=219 url=https://freenode.yoyapai.com/2026/09/23-yoyapai.com-clash-vpnmianfeijiedian.yaml
[OK] proxies=219 new=0 url=https://freenode.yoyapai.com/2026/09/23-yoyapai.com-ssrv2ray-vpnmianfeijiedian.txt
[OK] proxies=220 source=[Yoyapai-RSS] url=https://yoyapai.com/730
============================================================
[INFO] sublink try repo: https://github.com/free18/v2ray
[INFO] sublink try page: https://raw.githubusercontent.com/free18/v2ray/main/README.md
[OK] proxies=3 new=3 url=https://raw.githubusercontent.com/free18/v2ray/main/README.md
[OK] proxies=225 new=225 url=https://ghfast.top/https://raw.githubusercontent.com/free18/v2ray/refs/heads/main/v.txt
[OK] proxies=225 new=0 url=https://ghfast.top/https://raw.githubusercontent.com/free18/v2ray/refs/heads/main/c.yaml
[OK] proxies=228 source=[免费节点1] url=https://raw.githubusercontent.com/free18/v2ray/main/README.md
============================================================
[INFO] sublink try repo: https://github.com/ermaozi/get_subscribe
[INFO] sublink try page: https://raw.githubusercontent.com/ermaozi/get_subscribe/main/README.md
[INFO] sublink file_nodes=0 bare links=9
[OK] proxies=304 new=304 url=https://www.ermao.net/sub/{clash|v2ray}/ermao.net
[OK] proxies=303 new=0 url=https://www.ermao.net/sub/{reachable|unreachable|untested}/clash/ermao.net
[OK] proxies=304 source=[免费节点2] url=https://raw.githubusercontent.com/ermaozi/get_subscribe/main/README.md
============================================================
[INFO] sublink try repo: https://github.com/sunmiao4458/free-proxy-airport
[INFO] sublink try page: https://raw.githubusercontent.com/sunmiao4458/free-proxy-airport/main/README.md
[OK] proxies=19 new=19 url=https://sunmiao4458.github.io/free-proxy-airport/clash.yaml
[OK] proxies=19 source=[免费节点3] url=https://raw.githubusercontent.com/sunmiao4458/free-proxy-airport/main/README.md
============================================================
[INFO] sublink try repo: https://github.com/mfuu/FreeProxies
[INFO] sublink try page: https://raw.githubusercontent.com/mfuu/FreeProxies/master/README.md
[OK] proxies=755 new=755 url=https://raw.githubusercontent.com/mfuu/FreeProxies/master/sub.yaml
[OK] proxies=755 source=[免费节点4] url=https://raw.githubusercontent.com/mfuu/FreeProxies/master/README.md
============================================================
[INFO] sublink try repo: https://github.com/vxiaov/free_proxies
[INFO] sublink try page: https://raw.githubusercontent.com/vxiaov/free_proxies/main/README.md
[OK] proxies=1 new=1 url=https://raw.githubusercontent.com/vxiaov/free_proxies/main/README.md
[OK] proxies=28 new=28 url=https://{cdn.jsdelivr.net|raw.githubusercontent.com}/vxiaov/free_proxies/main/clash/clash.provider.yaml
[OK] proxies=29 source=[免费节点5] url=https://raw.githubusercontent.com/vxiaov/free_proxies/main/README.md
============================================================
[INFO] sublink try repo: https://github.com/anaer/Sub
[INFO] sublink try page: https://raw.githubusercontent.com/anaer/Sub/main/README.MD
[OK] proxies=1627 new=1627 url=https://anaer.github.io/Sub/clash.yaml
[OK] proxies=1627 new=0 url=https://raw.githubusercontent.com/anaer/Sub/main/clash.yaml
[OK] proxies=1627 source=[免费节点6] url=https://raw.githubusercontent.com/anaer/Sub/main/README.MD
============================================================
[INFO] sublink try repo: https://github.com/snakem982/proxypool
[INFO] sublink try page: https://raw.githubusercontent.com/snakem982/proxypool/main/README.md
[OK] proxies=64 new=64 url=https://raw.githubusercontent.com/snakem982/proxypool/main/source/clash-meta-2.yaml
[OK] proxies=59 new=0 url=https://raw.githubusercontent.com/snakem982/proxypool/main/source/v2ray-2.txt
[OK] proxies=60 new=0 url=https://raw.githubusercontent.com/snakem982/proxypool/main/source/sing-box-2.json
[OK] proxies=64 source=[免费节点7] url=https://raw.githubusercontent.com/snakem982/proxypool/main/README.md
============================================================
[INFO] sublink try repo: https://github.com/mahdibland/V2RayAggregator
[INFO] sublink try page: https://raw.githubusercontent.com/mahdibland/V2RayAggregator/master/README.md
[OK] proxies=374 new=374 url=https://raw.githubusercontent.com/mahdibland/V2RayAggregator/master/README.md
[OK] proxies=1 new=1 url=https://github.com/mahdibland/SSAggregator/actions/workflows/Collector.yml
[OK] proxies=1 new=0 url=https://github.com/mahdibland/SSAggregator/actions/workflows/Airport_Collector.yml
[OK] proxies=194 new=0 url=https://raw.githubusercontent.com/mahdibland/ShadowsocksAggregator/master/Eternity.txt
[OK] proxies=195 new=30 url=https://raw.githubusercontent.com/mahdibland/ShadowsocksAggregator/master/Eternity.yml
[OK] proxies=61 new=61 url=https://raw.githubusercontent.com/mahdibland/ShadowsocksAggregator/master/EternityAir.txt
[OK] proxies=3921 new=3615 url=https://raw.githubusercontent.com/mahdibland/SSAggregator/master/sub/sub_merge_base64.txt
[OK] proxies=3921 new=0 url=https://raw.githubusercontent.com/mahdibland/{SSAggregator|ShadowsocksAggregator}/master/sub/sub_merge.txt
[OK] proxies=4067 new=175 url=https://raw.githubusercontent.com/mahdibland/SSAggregator/master/sub/sub_merge_yaml.yml
[OK] proxies=61 new=0 url=https://raw.githubusercontent.com/mahdibland/SSAggregator/master/sub/airport_merge_base64.txt
[OK] proxies=61 new=0 url=https://raw.githubusercontent.com/mahdibland/SSAggregator/master/sub/airport_sub_merge.txt
[OK] proxies=1432 new=0 url=https://raw.githubusercontent.com/mahdibland/ShadowsocksAggregator/master/sub/splitted/vmess.txt
[OK] proxies=592 new=0 url=https://raw.githubusercontent.com/mahdibland/ShadowsocksAggregator/master/sub/splitted/trojan.txt
[OK] proxies=54 new=0 url=https://raw.githubusercontent.com/mahdibland/ShadowsocksAggregator/master/sub/splitted/ssr.txt
[OK] proxies=1843 new=0 url=https://raw.githubusercontent.com/mahdibland/ShadowsocksAggregator/master/sub/splitted/ss.txt
[OK] proxies=1 new=0 url=https://cdn.jsdelivr.net/gh/mahdibland/V2RayAggregator@master/update/provider/provider-meta.yml
[OK] proxies=1 new=0 url=https://cdn.jsdelivr.net/gh/mahdibland/V2RayAggregator@master/update/provider/provider-meta-cn.yml
[OK] proxies=1 new=0 url=https://cdn.jsdelivr.net/gh/mahdibland/V2RayAggregator@master/update/provider/provider-meta-others.yml
[OK] proxies=1 new=0 url=https://cdn.jsdelivr.net/gh/mahdibland/V2RayAggregator@master/update/provider/provider.yml
[OK] proxies=1 new=0 url=https://cdn.jsdelivr.net/gh/mahdibland/V2RayAggregator@master/update/provider/provider-cn.yml
[OK] proxies=1 new=0 url=https://cdn.jsdelivr.net/gh/mahdibland/V2RayAggregator@master/update/provider/provider-others.yml
[OK] proxies=4256 source=[免费节点8] url=https://raw.githubusercontent.com/mahdibland/V2RayAggregator/master/README.md
============================================================
[INFO] sublink try repo: https://github.com/w1770946466/Auto_proxy
[INFO] sublink try page: https://raw.githubusercontent.com/w1770946466/Auto_proxy/main/README.md
[OK] proxies=1 new=1 url=https://github.com/w1770946466/Auto_proxy/actions/workflows/main.yml
[OK] proxies=245 new=245 url=https://raw.githubusercontent.com/w1770946466/Auto_proxy/main/{Long_term_subscription2.yaml|Long_term_subscription1.yaml|Long_term_subscription3.yaml}
[OK] proxies=489 new=54 url=https://raw.githubusercontent.com/w1770946466/Auto_proxy/main/{Long_term_subscription1|Long_term_subscription2|Long_term_subscription3|Long_term_subscription4|Long_term_subscription5|Long_term_subscription6|Long_term_subscription7|Long_term_subscription8}
[OK] proxies=489 new=315 url=https://raw.githubusercontent.com/w1770946466/Auto_proxy/main/Long_term_subscription_num
[OK] proxies=615 source=[免费节点9] url=https://raw.githubusercontent.com/w1770946466/Auto_proxy/main/README.md
============================================================
[INFO] sublink try repo: https://github.com/PuddinCat/BestClash
[INFO] sublink try page: https://raw.githubusercontent.com/PuddinCat/BestClash/main/README.md
[OK] proxies=16 new=16 url=https://raw.githubusercontent.com/PuddinCat/BestClash/main/proxies.yaml
[OK] proxies=28 new=28 url=https://cdn.jsdelivr.net/gh/vxiaov/free_proxies@main/clash/clash.provider.yaml
[OK] proxies=24 new=24 url=https://freenode.openrunner.net/uploads/20240807-clash.yaml
[OK] proxies=24 new=24 url=https://raw.githubusercontent.com/Misaka-blog/chromego_merge/main/sub/merged_proxies_new.yaml
[OK] proxies=4774 new=4745 url=https://raw.githubusercontent.com/{NiceVPN123|anaer}/{NiceVPN|Sub}/main/{Clash.yaml|clash.yaml}
[OK] proxies=24 new=0 url=https://raw.githubusercontent.com/{chengaopan|peasoft}/{AutoMergePublicNodes|NoMoreWalls}/master/list.yml
[OK] proxies=303 new=271 url=https://raw.githubusercontent.com/{ermaozi|ermaozi01}/{get_subscribe|free_clash_vpn}/main/subscribe/clash.yml
[OK] proxies=195 new=159 url=https://raw.githubusercontent.com/mahdibland/ShadowsocksAggregator/master/Eternity.yml
[OK] proxies=165 new=160 url=https://raw.githubusercontent.com/ronghuaxueleng/get_v2/main/pub/combine.yaml
[OK] proxies=144 new=3 url=https://raw.githubusercontent.com/zhangkaiitugithub/passcro/main/speednodes.yaml
[OK] proxies=5430 source=[免费节点10] url=https://raw.githubusercontent.com/PuddinCat/BestClash/main/README.md
============================================================
[INFO] sublink try repo: https://github.com/kooker/FreeSubsCheck
[INFO] sublink try page: https://raw.githubusercontent.com/kooker/FreeSubsCheck/main/README.md
[OK] proxies=14 new=14 url=https://raw.githubusercontent.com/kooker/FreeSubsCheck/main/mihomo.yaml
[OK] proxies=14 new=0 url=https://raw.githubusercontent.com/kooker/FreeSubsCheck/main/all.yaml
[OK] proxies=9 new=1 url=https://raw.githubusercontent.com/kooker/FreeSubsCheck/main/base64.txt
[OK] proxies=15 new=10 url=https://raw.githubusercontent.com/kooker/FreeSubsCheck/main/byxiaoxi.txt
[OK] proxies=399 new=394 url=https://raw.githubusercontent.com/kooker/FreeSubsCheck/main/kooker.jp.txt
[OK] proxies=419 source=[免费节点11] url=https://raw.githubusercontent.com/kooker/FreeSubsCheck/main/README.md
============================================================
[INFO] toolkit try repo: https://github.com/Pawdroid/shadowrocket_for_android
[INFO] toolkit try release: https://github.com/Pawdroid/shadowrocket_for_android/releases
[INFO] toolkit try release: https://github.com/Pawdroid/shadowrocket_for_android/releases/expanded_assets/10.10.55
[INFO] toolkit try download: https://github.com/Pawdroid/shadowrocket_for_android/releases/download/10.10.55/Shadowrocket_10.10.55_shadowrocketStandard_arm64-v8a.apk
[OK] toolkit downloaded: Shadowrocket_10.10.55_shadowrocketStandard_arm64-v8a.apk bytes=41449171
[OK] toolkit extracted archive=Shadowrocket_10.10.55_shadowrocketStandard_arm64-v8a.apk tool=zipfile files=1179 dirs=44
[OK] toolkit sr-apk scanned prefixes=38 files=6 keys=2 archive=Shadowrocket_10.10.55_shadowrocketStandard_arm64-v8a.apk
[OK] proxies=746 new=583 url=https://{cdn.jsdelivr.net|raw.githubusercontent.com}/pixelor/ecfg/main/data/ecfg6_en
[OK] proxies=738 new=229 url=https://{raw.githubusercontent.com|cdn.jsdelivr.net}/pixelor/ecfg/main/data/ecfg6_zh
[OK] proxies=163 new=67 url=https://{cdn.jsdelivr.net|raw.githubusercontent.com}/pixelor/ecfg/main/data/ecfg6
[OK] proxies=610 new=0 url=https://{files.shadowrockets.app|cdn.shadowrockets.app}/ecfg/data/ecfg6_en
[OK] proxies=163 new=0 url=https://{files.shadowrockets.app|cdn.shadowrockets.app}/ecfg/data/ecfg6
[OK] proxies=610 new=0 url=https://{files.shadowrockets.app|cdn.shadowrockets.app}/ecfg/data/ecfg6_zh
[OK] proxies=879 source=[Pawdroid-SR-APK] url=https://github.com/Pawdroid/shadowrocket_for_android/releases/download/10.10.55/Shadowrocket_10.10.55_shadowrocketStandard_arm64-v8a.apk
============================================================
[INFO] toolkit try page: https://shadowshare.v2cross.com
[INFO] toolkit try download: https://shadowshare.v2cross.com/shadowshare.apk
[OK] toolkit downloaded: shadowshare.apk bytes=62868122
[OK] toolkit extracted archive=shadowshare.apk tool=zipfile files=612 dirs=39
[OK] toolkit ss-apk scanned prefixes=10 files=3 keys=1 archive=shadowshare.apk
[OK] proxies=204 new=204 url=https://{raw.githubusercontent.com|jsd.onmicrosoft.cn}/hideme9527/ecsfg/main/data/sareserver
[OK] proxies=1386 new=1282 url=https://{raw.githubusercontent.com|jsd.onmicrosoft.cn}/hideme9527/ecsfg/main/data/sareserver_en
[OK] proxies=112 new=0 url=https://{shadowsharing.com|sare.159236.xyz}/data/sareserver
[OK] proxies=1386 new=0 url=https://{shadowsharing.com|sare.159236.xyz}/data/sareserver_en
[OK] proxies=112 new=0 url=https://gitee.com/api/v5/repos/{zhiminghao|guoyoucai1|elvenapp}/ecsfg/raw/data/sareserver
[OK] proxies=1386 new=0 url=https://gitee.com/api/v5/repos/{zhiminghao|guoyoucai1|elvenapp}/ecsfg/raw/data/sareserver_en
[OK] proxies=1486 source=[Pawdroid-SS-APK] url=https://shadowshare.v2cross.com/shadowshare.apk
============================================================
[INFO] sublink try repo: https://github.com/free-nodes/clashfree
[INFO] sublink try page: https://raw.githubusercontent.com/free-nodes/clashfree/main/README.md
[OK] proxies=1 new=1 url=https://github.com/free-nodes/clashfree/blob/main/clash20260924.yml
[INFO] sublink file_nodes=1 bare links=3
[WARN] source=[Clashfree] few proxies found=1 raw=153
[INFO] source=[Clashfree] reused previous raw file=797390767768-raw-2231-20260923.yaml stamp=202609232231
[OK] proxies=153 source=[Clashfree] url=https://raw.githubusercontent.com/free-nodes/clashfree/main/README.md
============================================================
[INFO] sublink try repo: https://github.com/Epodonios/v2ray-configs
[INFO] sublink try page: https://raw.githubusercontent.com/Epodonios/v2ray-configs/main/README.md
[OK] proxies=1 new=1 url=https://github.com/Epodonios/V2ray-Configs/actions/workflows/main.yml
[OK] proxies=4168 new=4168 url=https://github.com/Epodonios/v2ray-configs/raw/main/All_Configs_Sub.txt
[OK] proxies=4168 new=0 url=https://github.com/Epodonios/v2ray-configs/raw/main/All_Configs_base64_Sub.txt
[OK] proxies=3447 new=185 url=https://github.com/Epodonios/v2ray-configs/raw/main/Splitted-By-Protocol/vless.txt
[OK] proxies=185 new=0 url=https://github.com/Epodonios/v2ray-configs/raw/main/Splitted-By-Protocol/vmess.txt
[OK] proxies=377 new=14 url=https://github.com/Epodonios/v2ray-configs/raw/main/Splitted-By-Protocol/ss.txt
[OK] proxies=3 new=0 url=https://github.com/Epodonios/v2ray-configs/raw/main/Splitted-By-Protocol/ssr.txt
[OK] proxies=157 new=1 url=https://github.com/Epodonios/v2ray-configs/raw/main/Splitted-By-Protocol/trojan.txt
[OK] proxies=4168 new=0 url=https://raw.githubusercontent.com/Epodonios/v2ray-configs/main/{Sub1.txt|Sub2.txt|Sub3.txt|Sub4.txt|Sub5.txt|Sub6.txt|Sub7.txt|Sub8.txt}
[OK] proxies=4369 source=[Epodonios] url=https://raw.githubusercontent.com/Epodonios/v2ray-configs/main/README.md
============================================================
[INFO] sublink try repo: https://github.com/free-clash-v2ray/free-clash-v2ray.github.io
[INFO] sublink try page: https://raw.githubusercontent.com/free-clash-v2ray/free-clash-v2ray.github.io/main/README.md
[OK] proxies=3279 new=3279 url=https://free-clash-v2ray.github.io/uploads/2026/09/{0-20260920.yaml|1-20260920.yaml|2-20260920.yaml|3-20260920.yaml}
[OK] proxies=4810 new=1941 url=https://free-clash-v2ray.github.io/uploads/2026/09/{0-20260920.txt|1-20260920.txt|2-20260920.txt|3-20260920.txt|4-20260920.txt}
[OK] proxies=5220 source=[Free-clash-v2ray] url=https://raw.githubusercontent.com/free-clash-v2ray/free-clash-v2ray.github.io/main/README.md
============================================================
[INFO] article try page: https://v2rayclashfree.com
[INFO] sublink try page: https://v2rayclashfree.com/fn/20260924.html
[OK] proxies=296 new=296 url=https://v2rayclashfree.com/sub/20260924-v2ray.txt
[OK] proxies=252 new=77 url=https://v2rayclashfree.com/sub/20260924-clash.yaml
[OK] proxies=373 source=[V2rayclashfree-RSS] url=https://v2rayclashfree.com/fn/20260924.html
============================================================
[INFO] raw backup written path=/home/runner/work/Free-node-autotest/Free-node-autotest/output/raw.yaml proxies=26852
[INFO] toolkit try repo: https://github.com/MetaCubeX/mihomo
[INFO] toolkit try release: https://github.com/MetaCubeX/mihomo/releases
[INFO] toolkit try release: https://github.com/MetaCubeX/mihomo/releases/expanded_assets/v1.19.31
[INFO] toolkit try download: https://github.com/MetaCubeX/mihomo/releases/download/v1.19.31/mihomo-linux-amd64-compatible-v1.19.31.gz
[OK] toolkit downloaded: mihomo-linux-amd64-compatible-v1.19.31.gz bytes=22821836
[OK] toolkit sha256 verified: mihomo-linux-amd64-compatible-v1.19.31.gz sha256=04cf9f09671704f839ddbee2e93069dc831a4123a75281e725d1d96ab9ac1afc
[OK] proxy engine ready: starting latency test package=mihomo-linux-amd64-compatible-v1.19.31.gz
============================================================
[WARN] batch start failed size=17842 {1} split -> 8921 {2} + 8921 {3}
[WARN] batch start failed size=8921 {2} split -> 4460 {4} + 4461 {5}
[WARN] batch start failed size=8921 {3} split -> 4460 {6} + 4461 {7}
[WARN] batch start failed size=4460 {4} split -> 2230 {8} + 2230 {9}
[WARN] batch start failed size=4460 {6} split -> 2230 {10} + 2230 {11}
[TEST] {5} tested 100/4461 kept=0 rest=17742
[WARN] batch start failed size=4461 {7} split -> 2230 {12} + 2231 {13}
[TEST] {9} tested 100/2230 kept=0 rest=17609
[TEST] {9} tested 200/2230 kept=1 rest=17482
[TEST] {5} tested 200/4461 kept=14 rest=17411
[WARN] batch start failed size=2230 {8} split -> 1115 {14} + 1115 {15}
[WARN] batch start failed size=2230 {10} split -> 1115 {16} + 1115 {17}
[TEST] {5} tested 300/4461 kept=103 rest=17308
[TEST] {5} tested 400/4461 kept=105 rest=17170
[TEST] {9} tested 300/2230 kept=6 rest=17131
[WARN] batch start failed size=2230 {11} split -> 1115 {18} + 1115 {19}
[WARN] batch start failed size=2231 {13} split -> 1115 {20} + 1116 {21}
[TEST] {5} tested 500/4461 kept=106 rest=16943
[TEST] {9} tested 400/2230 kept=18 rest=16941
[TEST] {9} tested 500/2230 kept=18 rest=16720
[TEST] {12} tested 100/2230 kept=0 rest=16667
[TEST] {12} tested 200/2230 kept=1 rest=16501
[TEST] {9} tested 600/2230 kept=18 rest=16471
[TEST] {9} tested 700/2230 kept=19 rest=16290
[TEST] {5} tested 600/4461 kept=106 rest=16226
[TEST] {12} tested 300/2230 kept=4 rest=16208
[TEST] {9} tested 800/2230 kept=19 rest=16024
[TEST] {12} tested 400/2230 kept=5 rest=15967
[TEST] {12} tested 500/2230 kept=7 rest=15803
[TEST] {9} tested 900/2230 kept=19 rest=15673
[TEST] {12} tested 600/2230 kept=11 rest=15668
[TEST] {12} tested 700/2230 kept=15 rest=15553
[TEST] {5} tested 700/4461 kept=106 rest=15518
[TEST] {9} tested 1000/2230 kept=27 rest=15277
[TEST] {12} tested 800/2230 kept=16 rest=15198
[TEST] {9} tested 1100/2230 kept=82 rest=15104
[TEST] {12} tested 900/2230 kept=19 rest=15027
[TEST] {5} tested 800/4461 kept=106 rest=14997
[TEST] {12} tested 1000/2230 kept=20 rest=14913
[TEST] {12} tested 1100/2230 kept=27 rest=14798
[TEST] {5} tested 900/4461 kept=106 rest=14579
[TEST] {12} tested 1200/2230 kept=33 rest=14553
[TEST] {9} tested 1200/2230 kept=86 rest=14519
[TEST] {12} tested 1300/2230 kept=35 rest=14361
[TEST] {12} tested 1400/2230 kept=57 rest=14199
[TEST] {5} tested 1000/4461 kept=106 rest=14117
[TEST] {9} tested 1300/2230 kept=87 rest=14102
[TEST] {9} tested 1400/2230 kept=87 rest=13930
[TEST] {12} tested 1500/2230 kept=128 rest=13886
[TEST] {12} tested 1600/2230 kept=175 rest=13713
[TEST] {12} tested 1700/2230 kept=193 rest=13610
[TEST] {9} tested 1500/2230 kept=88 rest=13520
[TEST] {12} tested 1800/2230 kept=203 rest=13507
[TEST] {12} tested 1900/2230 kept=213 rest=13407
[TEST] {12} tested 2000/2230 kept=216 rest=13306
[TEST] {12} tested 2100/2230 kept=258 rest=13205
[TEST] {12} tested 2200/2230 kept=336 rest=13092
[TEST] {5} tested 1100/4461 kept=106 rest=13011
[TEST] {9} tested 1600/2230 kept=88 rest=12862
[TEST] {12} tested 2230/2230 kept=355 rest=12821
[WARN] batch start failed size=1115 {14} split -> 557 {22} + 558 {23}
[TEST] {5} tested 1200/4461 kept=106 rest=12774
[TEST] {9} tested 1700/2230 kept=88 rest=12591
[TEST] {5} tested 1300/4461 kept=106 rest=12468
[TEST] {9} tested 1800/2230 kept=88 rest=12431
[TEST] {15} tested 100/1115 kept=2 rest=12337
[TEST] {15} tested 200/1115 kept=35 rest=12169
[TEST] {9} tested 1900/2230 kept=88 rest=12109
[TEST] {5} tested 1400/4461 kept=106 rest=12065
[TEST] {5} tested 1500/4461 kept=106 rest=11882
[TEST] {15} tested 300/1115 kept=37 rest=11852
[TEST] {9} tested 2000/2230 kept=88 rest=11716
[TEST] {15} tested 400/1115 kept=40 rest=11632
[TEST] {5} tested 1600/4461 kept=106 rest=11519
[TEST] {9} tested 2100/2230 kept=88 rest=11374
[TEST] {15} tested 500/1115 kept=40 rest=11305
[TEST] {5} tested 1700/4461 kept=106 rest=11278
[TEST] {15} tested 600/1115 kept=55 rest=11131
[TEST] {15} tested 700/1115 kept=67 rest=10944
[TEST] {9} tested 2200/2230 kept=88 rest=10894
[TEST] {5} tested 1800/4461 kept=106 rest=10889
[TEST] {5} tested 1900/4461 kept=106 rest=10777
[TEST] {5} tested 2000/4461 kept=106 rest=10607
[TEST] {15} tested 800/1115 kept=70 rest=10570
[TEST] {9} tested 2230/2230 kept=88 rest=10447
[TEST] {5} tested 2100/4461 kept=106 rest=10444
[TEST] {15} tested 900/1115 kept=71 rest=10360
[TEST] {16} tested 100/1115 kept=0 rest=10091
[TEST] {15} tested 1000/1115 kept=71 rest=10051
[TEST] {5} tested 2200/4461 kept=106 rest=10025
[TEST] {16} tested 200/1115 kept=0 rest=9903
[TEST] {5} tested 2300/4461 kept=106 rest=9819
[TEST] {5} tested 2400/4461 kept=106 rest=9682
[TEST] {15} tested 1100/1115 kept=71 rest=9530
[TEST] {5} tested 2500/4461 kept=106 rest=9502
[TEST] {16} tested 300/1115 kept=0 rest=9469
[TEST] {16} tested 400/1115 kept=0 rest=9368
[TEST] {16} tested 500/1115 kept=0 rest=9267
[TEST] {15} tested 1115/1115 kept=71 rest=9192
[TEST] {16} tested 600/1115 kept=0 rest=9162
[WARN] batch start failed size=1115 {17} split -> 557 {24} + 558 {25}
[TEST] {5} tested 2600/4461 kept=109 rest=9047
[TEST] {19} tested 100/1115 kept=0 rest=8868
[TEST] {5} tested 2700/4461 kept=117 rest=8795
[TEST] {19} tested 200/1115 kept=3 rest=8735
[TEST] {16} tested 700/1115 kept=0 rest=8640
[TEST] {16} tested 800/1115 kept=0 rest=8535
[TEST] {16} tested 900/1115 kept=0 rest=8422
[TEST] {16} tested 1000/1115 kept=0 rest=8242
[TEST] {19} tested 300/1115 kept=5 rest=8181
[TEST] {5} tested 2800/4461 kept=117 rest=8065
[TEST] {19} tested 400/1115 kept=6 rest=8063
[TEST] {19} tested 500/1115 kept=8 rest=7948
[TEST] {19} tested 600/1115 kept=11 rest=7789
[TEST] {16} tested 1100/1115 kept=0 rest=7692
[TEST] {5} tested 2900/4461 kept=117 rest=7597
[TEST] {19} tested 700/1115 kept=19 rest=7476
[TEST] {5} tested 3000/4461 kept=118 rest=7424
[TEST] {19} tested 800/1115 kept=23 rest=7323
[TEST] {16} tested 1115/1115 kept=0 rest=7232
[TEST] {19} tested 900/1115 kept=23 rest=7195
[WARN] batch start failed size=1115 {18} split -> 557 {26} + 558 {27}
[TEST] {19} tested 1000/1115 kept=24 rest=7063
[TEST] {5} tested 3100/4461 kept=118 rest=7031
[WARN] batch start failed size=1116 {21} split -> 558 {28} + 558 {29}
[TEST] {5} tested 3200/4461 kept=118 rest=6904
[TEST] {20} tested 100/1115 kept=9 rest=6735
[TEST] {20} tested 200/1115 kept=13 rest=6632
[TEST] {20} tested 300/1115 kept=22 rest=6525
[TEST] {20} tested 400/1115 kept=33 rest=6421
[TEST] {20} tested 500/1115 kept=35 rest=6318
[TEST] {20} tested 600/1115 kept=37 rest=6212
[TEST] {20} tested 700/1115 kept=40 rest=6110
[TEST] {20} tested 800/1115 kept=41 rest=5997
[TEST] {20} tested 900/1115 kept=41 rest=5893
[TEST] {19} tested 1100/1115 kept=24 rest=5819
[TEST] {20} tested 1000/1115 kept=48 rest=5783
[TEST] {19} tested 1115/1115 kept=24 rest=5674
[TEST] {5} tested 3300/4461 kept=118 rest=5657
[WARN] batch start failed size=557 {22} split -> 278 {30} + 279 {31}
[TEST] {5} tested 3400/4461 kept=118 rest=5554
[TEST] {23} tested 100/558 kept=7 rest=5394
[TEST] {20} tested 1100/1115 kept=84 rest=5304
[TEST] {20} tested 1115/1115 kept=84 rest=5277
[WARN] batch start failed size=558 {25} split -> 279 {32} + 279 {33}
[TEST] {5} tested 3500/4461 kept=118 rest=5237
[TEST] {5} tested 3600/4461 kept=118 rest=5063
[TEST] {23} tested 200/558 kept=56 rest=5028
[TEST] {23} tested 300/558 kept=66 rest=4909
[TEST] {24} tested 100/557 kept=10 rest=4804
[TEST] {24} tested 200/557 kept=11 rest=4688
[TEST] {5} tested 3700/4461 kept=119 rest=4612
[TEST] {24} tested 300/557 kept=18 rest=4534
[TEST] {23} tested 400/558 kept=83 rest=4415
[TEST] {24} tested 400/557 kept=111 rest=4347
[TEST] {24} tested 500/557 kept=182 rest=4174
[TEST] {5} tested 3800/4461 kept=120 rest=4139
[TEST] {5} tested 3900/4461 kept=120 rest=3983
[TEST] {23} tested 500/558 kept=83 rest=3969
[TEST] {24} tested 557/557 kept=182 rest=3877
[TEST] {23} tested 558/558 kept=83 rest=3876
[TEST] {26} tested 100/557 kept=0 rest=3743
[WARN] batch start failed size=558 {27} split -> 279 {34} + 279 {35}
[TEST] {26} tested 200/557 kept=0 rest=3637
[TEST] {26} tested 300/557 kept=3 rest=3516
[TEST] {5} tested 4000/4461 kept=122 rest=3496
[WARN] batch start failed size=558 {28} split -> 279 {36} + 279 {37}
[TEST] {5} tested 4100/4461 kept=122 rest=3345
[TEST] {5} tested 4200/4461 kept=122 rest=3235
[TEST] {26} tested 400/557 kept=11 rest=3079
[TEST] {5} tested 4300/4461 kept=122 rest=3049
[TEST] {26} tested 500/557 kept=12 rest=2928
[TEST] {5} tested 4400/4461 kept=122 rest=2845
[TEST] {29} tested 100/558 kept=2 rest=2780
[TEST] {29} tested 200/558 kept=2 rest=2678
[TEST] {29} tested 300/558 kept=2 rest=2574
[TEST] {29} tested 400/558 kept=2 rest=2472
[TEST] {29} tested 500/558 kept=15 rest=2366
[TEST] {26} tested 557/557 kept=13 rest=2278
[TEST] {5} tested 4461/4461 kept=122 rest=2255
[WARN] batch start failed size=278 {30} split -> 139 {38} + 139 {39}
[TEST] {31} tested 100/279 kept=0 rest=2155
[WARN] batch start failed size=279 {33} split -> 139 {40} + 140 {41}
[TEST] {31} tested 200/279 kept=5 rest=2033
[TEST] {29} tested 558/558 kept=29 rest=2031
[TEST] {32} tested 100/279 kept=67 rest=1888
[TEST] {32} tested 200/279 kept=141 rest=1735
[TEST] {34} tested 100/279 kept=4 rest=1667
[TEST] {31} tested 279/279 kept=7 rest=1579
[WARN] batch start failed size=279 {35} split -> 139 {42} + 140 {43}
[TEST] {34} tested 200/279 kept=7 rest=1474
[WARN] batch start failed size=279 {36} split -> 139 {44} + 140 {45}
[TEST] {32} tested 279/279 kept=191 rest=1458
[WARN] batch start failed size=139 {39} split -> 69 {46} + 70 {47}
[WARN] batch start failed size=139 {38} split -> 69 {48} + 70 {49}
[TEST] {37} tested 100/279 kept=86 rest=1323
[TEST] {40} tested 100/139 kept=38 rest=1127
[TEST] {37} tested 200/279 kept=167 rest=1111
[TEST] {34} tested 279/279 kept=18 rest=1059
[WARN] batch start failed size=140 {41} split -> 70 {50} + 70 {51}
[TEST] {40} tested 139/139 kept=64 rest=935
[TEST] {37} tested 279/279 kept=174 rest=920
[WARN] batch start failed size=140 {43} split -> 70 {52} + 70 {53}
[WARN] batch start failed size=140 {45} split -> 70 {54} + 70 {55}
[TEST] {44} tested 100/139 kept=8 rest=818
[TEST] {42} tested 100/139 kept=28 rest=703
[TEST] {42} tested 139/139 kept=28 rest=663
[WARN] batch start failed size=69 {46} split -> 34 {56} + 35 {57}
[TEST] {44} tested 139/139 kept=17 rest=612
[WARN] batch start failed size=70 {49} split -> 35 {58} + 35 {59}
[TEST] {47} tested 70/70 kept=31 rest=599
[WARN] batch start failed size=70 {51} split -> 35 {60} + 35 {61}
[TEST] {48} tested 69/69 kept=6 rest=464
[WARN] batch start failed size=70 {52} split -> 35 {62} + 35 {63}
[TEST] {50} tested 70/70 kept=1 rest=402
[WARN] batch start failed size=70 {55} split -> 35 {64} + 35 {65}
[TEST] {53} tested 70/70 kept=2 rest=379
[WARN] batch start failed size=35 {57} split -> 17 {66} + 18 {67}
[TEST] {54} tested 70/70 kept=8 rest=302
[WARN] batch start failed size=35 {59} split -> 17 {68} + 18 {69}
[WARN] batch start failed size=35 {60} split -> 17 {70} + 18 {71}
[TEST] {56} tested 34/34 kept=0 rest=266
[WARN] batch start failed size=35 {62} split -> 17 {72} + 18 {73}
[TEST] {58} tested 35/35 kept=5 rest=255
[WARN] batch start failed size=35 {64} split -> 17 {74} + 18 {75}
[TEST] {61} tested 35/35 kept=2 rest=195
[TEST] {63} tested 35/35 kept=3 rest=163
[WARN] batch start failed size=18 {67} split -> 9 {76} + 9 {77}
[TEST] {65} tested 35/35 kept=32 rest=161
[WARN] batch start failed size=17 {68} split -> 8 {78} + 9 {79}
[WARN] batch start failed size=18 {69} split -> 9 {80} + 9 {81}
[WARN] batch start failed size=17 {70} split -> 8 {82} + 9 {83}
[WARN] batch start failed size=17 {72} split -> 8 {84} + 9 {85}
[TEST] {66} tested 17/17 kept=0 rest=144
[TEST] {75} tested 18/18 kept=17 rest=126
[WARN] batch start failed size=17 {74} split -> 8 {86} + 9 {87}
[TEST] {77} tested 9/9 kept=0 rest=117
[WARN] batch start failed size=9 {76} split -> 4 {88} + 5 {89}
[TEST] {71} tested 18/18 kept=2 rest=105
[WARN] batch start failed size=8 {78} split -> 4 {90} + 4 {91}
[TEST] {73} tested 18/18 kept=0 rest=94
[WARN] batch start failed size=9 {80} split -> 4 {92} + 5 {93}
[WARN] batch start failed size=9 {83} split -> 4 {94} + 5 {95}
[TEST] {79} tested 9/9 kept=0 rest=80
[WARN] batch start failed size=9 {85} split -> 4 {96} + 5 {97}
[TEST] {81} tested 9/9 kept=0 rest=72
[WARN] batch start failed size=8 {86} split -> 4 {98} + 4 {99}
[TEST] {82} tested 8/8 kept=2 rest=68
[WARN] batch start failed size=5 {89} split -> 2 {100} + 3 {101}
[WARN] batch start failed size=4 {88} split -> 2 {102} + 2 {103}
[WARN] batch start failed size=4 {90} split -> 2 {104} + 2 {105}
[TEST] {87} tested 9/9 kept=9 rest=59
[WARN] batch start failed size=4 {91} split -> 2 {106} + 2 {107}
[WARN] batch start failed size=5 {93} split -> 2 {108} + 3 {109}
[WARN] batch start failed size=4 {92} split -> 2 {110} + 2 {111}
[WARN] batch start failed size=5 {95} split -> 2 {112} + 3 {113}
[TEST] {84} tested 8/8 kept=0 rest=49
[WARN] batch start failed size=5 {97} split -> 2 {114} + 3 {115}
[TEST] {98} tested 4/4 kept=3 rest=45
[WARN] batch start failed size=4 {99} split -> 2 {116} + 2 {117}
[TEST] {94} tested 4/4 kept=0 rest=44
[WARN] batch start failed size=2 {100} split -> 1 {118} + 1 {119}
[TEST] {96} tested 4/4 kept=0 rest=38
[TEST] {101} tested 3/3 kept=0 rest=37
[WARN] batch start failed size=2 {102} split -> 1 {120} + 1 {121}
[WARN] batch start failed size=2 {103} split -> 1 {122} + 1 {123}
[WARN] batch start failed size=2 {105} split -> 1 {124} + 1 {125}
[WARN] batch start failed size=2 {106} split -> 1 {126} + 1 {127}
[WARN] batch start failed size=2 {107} split -> 1 {128} + 1 {129}
[WARN] batch start failed size=2 {108} split -> 1 {130} + 1 {131}
[WARN] batch start failed size=2 {110} split -> 1 {132} + 1 {133}
[WARN] batch start failed size=2 {111} split -> 1 {134} + 1 {135}
[WARN] batch start failed size=3 {113} split -> 1 {136} + 2 {137}
[TEST] {104} tested 2/2 kept=0 rest=32
[TEST] {109} tested 3/3 kept=0 rest=30
[WARN] batch start failed size=3 {115} split -> 1 {138} + 2 {139}
[WARN] batch start failed size=2 {116} split -> 1 {140} + 1 {141}
[TEST] {112} tested 2/2 kept=0 rest=29
[TEST] {117} tested 2/2 kept=2 rest=27
[REPAIR] {118} name=[ChromeGO-Merge] Taiwan-2 fields=up,down
[REPAIR] {119} name=[ChromeGO-Merge] United-5 fields=up,down
[TEST] {118} tested 1/1 kept=0 rest=26
[REPAIR] {121} name=[ChromeGO-Merge] Taiwan fields=up,down
[REPAIR] {123} name=[ChromeGO-Merge] United-4 fields=up,down
[TEST] {121} tested 1/1 kept=0 rest=25
[REPAIR] {122} name=[ChromeGO-Merge] France fields=up,down
[TEST] {114} tested 2/2 kept=0 rest=24
[TEST] {124} tested 1/1 kept=0 rest=23
[REPAIR] {125} name=[ChromeGO-ShiteThings] hysteria fields=up,down
[REPAIR] {126} name=[ChromeGO-ShiteThings] hysteria-2 fields=up,down
[REPAIR] {127} name=[ChromeGO-ShiteThings] hysteria-3 fields=up,down
[REPAIR] {128} name=[ChromeGO-ShiteThings] hysteria-4 fields=up,down
[TEST] {125} tested 1/1 kept=0 rest=22
[TEST] {126} tested 1/1 kept=0 rest=21
[REPAIR] {129} name=[ChromeGO-ShiteThings] hysteria-5 fields=up,down
[REPAIR] {130} name=[ChromeGO-Merge] United-2 fields=up,down
[TEST] {127} tested 1/1 kept=0 rest=20
[REPAIR] {133} name=[ChromeGO-Merge] WARP fields=dialer-proxy
[TEST] {128} tested 1/1 kept=0 rest=19
[TEST] {131} tested 1/1 kept=0 rest=18
[TEST] {133} tested 1/1 kept=1 rest=17
[REPAIR] {134} name=[ChromeGO-Merge] United fields=up,down
[TEST] {120} tested 1/1 kept=0 rest=16
[TEST] {119} tested 1/1 kept=0 rest=15
[REPAIR] {135} name=[ChromeGO-Merge] France_hysteria_1 fields=up,down
[WARN] batch start failed size=2 {137} split -> 1 {142} + 1 {143}
[WARN] batch start failed size=2 {139} split -> 1 {144} + 1 {145}
[TEST] {136} tested 1/1 kept=0 rest=14
[TEST] {123} tested 1/1 kept=0 rest=13
[REPAIR] {140} name=[Free-clash-v2ray] hysteria fields=up,down
[TEST] {122} tested 1/1 kept=0 rest=12
[TEST] {138} tested 1/1 kept=1 rest=11
[TEST] {140} tested 1/1 kept=0 rest=10
[TEST] {141} tested 1/1 kept=1 rest=9
[TEST] {142} tested 1/1 kept=0 rest=8
[REPAIR] {143} name=[Pawdroid-SS-APK] United+Kingdom-2 fields=cipher
[REPAIR] {144} name=[Epodonios] EPODONIOS-110 fields=cipher
[TEST] {143} tested 1/1 kept=1 rest=7
[TEST] {129} tested 1/1 kept=0 rest=6
[TEST] {130} tested 1/1 kept=0 rest=5
[TEST] {132} tested 1/1 kept=0 rest=4
[TEST] {134} tested 1/1 kept=0 rest=3
[TEST] {135} tested 1/1 kept=0 rest=2
[TEST] {145} tested 1/1 kept=0 rest=1
[TEST] {144} tested 1/1 kept=0 rest=0
============================================================
[INFO] core-dedupe dropped 1 same-host variants, kept higher health_score
[INFO] cap live source=[免费节点2] from 61 to 50 by health_score
[INFO] cap live source=[免费节点8] from 173 to 50 by health_score
[INFO] cap live source=[Pawdroid-SR-APK] from 401 to 50 by health_score
[INFO] cap live source=[Epodonios] from 74 to 50 by health_score
[INFO] cap live source=[Free-clash-v2ray] from 669 to 50 by health_score
[INFO] cap live total from 550 to 400 floor=5 then health_score pool
[INFO] cap live reserved=104 pool=446 taken=296
============================================================
+------------------------------+--------+--------+------+--------+
| source                       |    raw | unique | live | capped |
+------------------------------+--------+--------+------+--------+
| [大FQ运动]                   |     14 |     14 |    2 |      2 |
+------------------------------+--------+--------+------+--------+
| [Pawdroid]                   |     22 |     21 |    1 |      1 |
+------------------------------+--------+--------+------+--------+
| [FreeV2-Base64]              |      3 |      3 |    3 |      3 |
+------------------------------+--------+--------+------+--------+
| [Bocchi2b-Base64]            |     35 |     35 |    0 |      0 |
+------------------------------+--------+--------+------+--------+
| [ChromeGO-Toolkit]           |     14 |     14 |    5 |      5 |
+------------------------------+--------+--------+------+--------+
| [ChromeGO-ShiteThings]       |     31 |     25 |    0 |      0 |
+------------------------------+--------+--------+------+--------+
| [ChromeGO-Merge]             |    110 |    110 |    3 |      3 |
+------------------------------+--------+--------+------+--------+
| [Freesocks]                  |      1 |      1 |    0 |      0 |
+------------------------------+--------+--------+------+--------+
| [NekoWarp]                   |     10 |     10 |   10 |      9 |
+------------------------------+--------+--------+------+--------+
| [1VPN-CRX]                   |     17 |     17 |   16 |      5 |
+------------------------------+--------+--------+------+--------+
| [OpenRunner-RSS]             |     14 |      0 |    0 |      0 |
+------------------------------+--------+--------+------+--------+
| [V2Rayshare-RSS]             |     22 |     22 |    3 |      3 |
+------------------------------+--------+--------+------+--------+
| [Mibei77-RSS]                |    111 |     95 |    0 |      0 |
+------------------------------+--------+--------+------+--------+
| [Yoyapai-RSS]                |    220 |    193 |    7 |      5 |
+------------------------------+--------+--------+------+--------+
| [免费节点1]                  |    228 |    134 |   13 |      7 |
+------------------------------+--------+--------+------+--------+
| [免费节点2]                  |    304 |    251 |   61 |     19 |
+------------------------------+--------+--------+------+--------+
| [免费节点3]                  |     19 |     13 |    9 |      5 |
+------------------------------+--------+--------+------+--------+
| [免费节点4]                  |    755 |    715 |   40 |     37 |
+------------------------------+--------+--------+------+--------+
| [免费节点5]                  |     29 |     28 |    0 |      0 |
+------------------------------+--------+--------+------+--------+
| [免费节点6]                  |   1627 |   1575 |   50 |     37 |
+------------------------------+--------+--------+------+--------+
| [免费节点7]                  |     64 |     23 |    2 |      2 |
+------------------------------+--------+--------+------+--------+
| [免费节点8]                  |   4256 |   3363 |  173 |     50 |
+------------------------------+--------+--------+------+--------+
| [免费节点9]                  |    615 |    457 |    0 |      0 |
+------------------------------+--------+--------+------+--------+
| [免费节点10]                 |   5430 |   3083 |   16 |      5 |
+------------------------------+--------+--------+------+--------+
| [免费节点11]                 |    419 |    224 |   33 |     22 |
+------------------------------+--------+--------+------+--------+
| [Pawdroid-SR-APK]            |    879 |    561 |  401 |     50 |
+------------------------------+--------+--------+------+--------+
| [Pawdroid-SS-APK]            |   1486 |    997 |   41 |     21 |
+------------------------------+--------+--------+------+--------+
| [Clashfree]                  |    153 |     48 |   23 |     14 |
+------------------------------+--------+--------+------+--------+
| [Epodonios]                  |   4369 |   2736 |   74 |     32 |
+------------------------------+--------+--------+------+--------+
| [Free-clash-v2ray]           |   5220 |   3040 |  669 |     50 |
+------------------------------+--------+--------+------+--------+
| [V2rayclashfree-RSS]         |    373 |     34 |   24 |     13 |
+------------------------------+--------+--------+------+--------+
============================================================
[SUMMARY] total_nodes=26850
[SUMMARY] legal_candidates=17842
[SUMMARY] passed_latency_test=400
[SUMMARY] region_HK=4 region_JP=9 region_US=132
[SUMMARY] avg_latency_ms=259.19
[SUMMARY] output=/home/runner/work/Free-node-autotest/Free-node-autotest/output/clash.yaml
============================================================
