============================================================
[INFO] sublink try page | url=https://end-gfw.com
[OK] proxies=6 | new=6 | url=https://raw.githubusercontent.com/hello-world-1989/cn-news/main/clash-free.yaml
[OK] proxies=6 | new=0 | url=https://raw.githubusercontent.com/hello-world-1989/cn-news/main/end-gfw-free
[INFO] source try link | url=https://end-gfw.com/ss-key
[OK] proxies=4 | new=4 | url=https://end-gfw.com/ss-key
[INFO] sublink try repo | url=https://github.com/hello-world-1989/cn-news
[INFO] sublink try page | url=https://raw.githubusercontent.com/hello-world-1989/cn-news/main/README.md
[OK] proxies=6 | new=6 | url=https://raw.githubusercontent.com/hello-world-1989/v2-sub/main/end-gfw-together-af3e13
[OK] proxies=2 | new=2 | url=https://raw.githubusercontent.com/hello-world-1989/cn-news/refs/heads/main/clash.yaml
[OK] proxies=2 | new=0 | url=https://raw.githubusercontent.com/hello-world-1989/cn-news/main/end-gfw-together
[OK] proxies=18 | source=[大FQ运动] | url=https://raw.githubusercontent.com/hello-world-1989/cn-news/main/README.md
============================================================
[INFO] sublink try repo | url=https://github.com/Pawdroid/Free-servers
[INFO] sublink try page | url=https://raw.githubusercontent.com/Pawdroid/Free-servers/main/README.md
[OK] proxies=8 | new=8 | url=https://raw.githubusercontent.com/Pawdroid/Free-servers/main/sub
[OK] proxies=8 | new=0 | url=https://raw.githubusercontent.com/Pawdroid/Free-servers/main/README.md
[OK] proxies=1 | new=1 | url=https://apps.apple.com/cn/app/shadowshare/id1612647259
[OK] proxies=1 | new=1 | url=http://www.surflare.com
[OK] proxies=10 | source=[Pawdroid] | url=https://raw.githubusercontent.com/Pawdroid/Free-servers/main/README.md
============================================================
[INFO] source try link | url=https://xmxosfepggzm.503403.xyz
[OK] proxies=3 | new=3 | url=https://xmxosfepggzm.503403.xyz
[OK] proxies=3 | source=[FreeV2-Base64] | url=https://xmxosfepggzm.503403.xyz
============================================================
[INFO] source try link | url=https://links.bocchi2b.top/clash
[OK] proxies=35 | new=35 | url=https://links.bocchi2b.top/clash
[OK] proxies=35 | source=[Bocchi2b-Base64] | url=https://links.bocchi2b.top/clash
============================================================
[INFO] source try link | url=https://freesocks.org/api/v1/sub/02b897e8e77f19176b0b9f2c75864b00
[OK] proxies=1 | new=1 | url=https://freesocks.org/api/v1/sub/02b897e8e77f19176b0b9f2c75864b00
[INFO] source try link | url=https://freesocks.org/api/v1/sub/4cae35810e6f5c4d92e28e32104e0080
[OK] proxies=3 | new=3 | url=https://freesocks.org/api/v1/sub/4cae35810e6f5c4d92e28e32104e0080
[OK] proxies=4 | source=[Freesocks] | url=https://freesocks.org/api/v1/sub/4cae35810e6f5c4d92e28e32104e0080
============================================================
[INFO] source try link | url=https://neko-warp.nloli.xyz/neko_warp.yaml
[OK] proxies=10 | new=10 | url=https://neko-warp.nloli.xyz/neko_warp.yaml
[OK] proxies=10 | source=[NekoWarp] | url=https://neko-warp.nloli.xyz/neko_warp.yaml
============================================================
[INFO] article try feed | url=https://free.datiya.com/index.xml
[INFO] sublink try page | url=https://free.datiya.com/post/20261003/
[OK] proxies=14 | new=14 | url=https://free.datiya.com/uploads/20261003-clash.yaml
[OK] proxies=14 | source=[OpenRunner-RSS] | url=https://free.datiya.com/post/20261003/
============================================================
[INFO] article try feed | url=https://v2rayshare.com/feed
[INFO] sublink try page | url=https://v2rayshare.com/p/4097.html
[INFO] sublink try repo | url=https://github.com/firefoxmmx2/v2rayshare_subcription
[INFO] sublink try page | url=https://raw.githubusercontent.com/firefoxmmx2/v2rayshare_subcription/main/README.md
[OK] proxies=22 | new=22 | url=https://{raw.githubusercontent.com|cdn.jsdelivr.net}/firefoxmmx2/v2rayshare_subcription/main/subscription/mihomo_sub.yaml
[OK] proxies=22 | new=0 | url=https://{raw.githubusercontent.com|cdn.jsdelivr.net}/firefoxmmx2/v2rayshare_subcription/main/subscription/vray_sub.txt
[OK] proxies=21 | new=0 | url=https://{raw.githubusercontent.com|cdn.jsdelivr.net}/firefoxmmx2/v2rayshare_subcription/main/subscription/clash_sub.yaml
[OK] proxies=22 | source=[V2Rayshare-RSS] | url=https://raw.githubusercontent.com/firefoxmmx2/v2rayshare_subcription/main/README.md
============================================================
[INFO] article try feed | url=https://www.mibei77.com/feed
[INFO] sublink try page | url=https://www.mibei77.com/713.html
[OK] proxies=65 | new=65 | url=https://mm.mibei77.com/202610/10.0264bacdq.txt
[OK] proxies=63 | new=0 | url=https://mm.mibei77.com/202610/1002Clashizx.yaml
[OK] proxies=65 | source=[Mibei77-RSS] | url=https://www.mibei77.com/713.html
============================================================
[INFO] article try feed | url=https://yoyapai.com/feed
[INFO] sublink try page | url=https://yoyapai.com/749
[OK] proxies=273 | new=273 | url=https://freenode.yoyapai.com/2026/10/02-yoyapai.com-clash-vpnmianfeijiedian.yaml
[OK] proxies=273 | new=0 | url=https://freenode.yoyapai.com/2026/10/02-yoyapai.com-ssrv2ray-vpnmianfeijiedian.txt
[OK] proxies=1 | new=1 | url=https://yoyapai.com/749
[OK] proxies=274 | source=[Yoyapai-RSS] | url=https://yoyapai.com/749
============================================================
[INFO] sublink try repo | url=https://github.com/free18/v2ray
[INFO] sublink try page | url=https://raw.githubusercontent.com/free18/v2ray/main/README.md
[OK] proxies=3 | new=3 | url=https://raw.githubusercontent.com/free18/v2ray/main/README.md
[OK] proxies=61 | new=61 | url=https://ghfast.top/https://raw.githubusercontent.com/free18/v2ray/refs/heads/main/c.yaml
[OK] proxies=61 | new=0 | url=https://ghfast.top/https://raw.githubusercontent.com/free18/v2ray/refs/heads/main/v.txt
[OK] proxies=64 | source=[免费节点1] | url=https://raw.githubusercontent.com/free18/v2ray/main/README.md
============================================================
[INFO] sublink try repo | url=https://github.com/ermaozi/get_subscribe
[INFO] sublink try page | url=https://raw.githubusercontent.com/ermaozi/get_subscribe/main/README.md
[INFO] sublink file_nodes=0 | bare links=9
[OK] proxies=488 | new=488 | url=https://{blog.ermao.net|www.ermao.net}/sub/{reachable|unreachable|untested}/clash/ermao.net
[OK] proxies=634 | new=146 | url=https://blog.ermao.net/sub/{clash|v2ray}/ermao.net
[OK] proxies=634 | source=[免费节点2] | url=https://raw.githubusercontent.com/ermaozi/get_subscribe/main/README.md
============================================================
[INFO] sublink try repo | url=https://github.com/sunmiao4458/free-proxy-airport
[INFO] sublink try page | url=https://raw.githubusercontent.com/sunmiao4458/free-proxy-airport/main/README.md
[OK] proxies=39 | new=39 | url=https://sunmiao4458.github.io/free-proxy-airport/clash.yaml
[OK] proxies=39 | source=[免费节点3] | url=https://raw.githubusercontent.com/sunmiao4458/free-proxy-airport/main/README.md
============================================================
[INFO] sublink try repo | url=https://github.com/mfuu/FreeProxies
[INFO] sublink try page | url=https://raw.githubusercontent.com/mfuu/FreeProxies/master/README.md
[OK] proxies=783 | new=783 | url=https://raw.githubusercontent.com/mfuu/FreeProxies/master/sub.yaml
[OK] proxies=783 | source=[免费节点4] | url=https://raw.githubusercontent.com/mfuu/FreeProxies/master/README.md
============================================================
[INFO] sublink try repo | url=https://github.com/vxiaov/free_proxies
[INFO] sublink try page | url=https://raw.githubusercontent.com/vxiaov/free_proxies/main/README.md
[OK] proxies=1 | new=1 | url=https://raw.githubusercontent.com/vxiaov/free_proxies/main/README.md
[OK] proxies=28 | new=28 | url=https://{cdn.jsdelivr.net|raw.githubusercontent.com}/vxiaov/free_proxies/main/clash/clash.provider.yaml
[OK] proxies=29 | source=[免费节点5] | url=https://raw.githubusercontent.com/vxiaov/free_proxies/main/README.md
============================================================
[INFO] sublink try repo | url=https://github.com/anaer/Sub
[INFO] sublink try page | url=https://raw.githubusercontent.com/anaer/Sub/main/README.MD
[OK] proxies=566 | new=566 | url=https://anaer.github.io/Sub/clash.yaml
[OK] proxies=566 | new=0 | url=https://raw.githubusercontent.com/anaer/Sub/main/clash.yaml
[OK] proxies=566 | source=[免费节点6] | url=https://raw.githubusercontent.com/anaer/Sub/main/README.MD
============================================================
[INFO] sublink try repo | url=https://github.com/snakem982/proxypool
[INFO] sublink try page | url=https://raw.githubusercontent.com/snakem982/proxypool/main/README.md
[OK] proxies=64 | new=64 | url=https://raw.githubusercontent.com/snakem982/proxypool/main/source/clash-meta-2.yaml
[OK] proxies=58 | new=0 | url=https://raw.githubusercontent.com/snakem982/proxypool/main/source/v2ray-2.txt
[OK] proxies=60 | new=0 | url=https://raw.githubusercontent.com/snakem982/proxypool/main/source/sing-box-2.json
[OK] proxies=64 | source=[免费节点7] | url=https://raw.githubusercontent.com/snakem982/proxypool/main/README.md
============================================================
[INFO] sublink try repo | url=https://github.com/mahdibland/V2RayAggregator
[INFO] sublink try page | url=https://raw.githubusercontent.com/mahdibland/V2RayAggregator/master/README.md
[OK] proxies=1 | new=1 | url=https://cdn.jsdelivr.net/gh/mahdibland/V2RayAggregator@master/update/provider/provider-meta-cn.yml
[OK] proxies=1 | new=0 | url=https://github.com/mahdibland/SSAggregator/actions/workflows/Collector.yml
[OK] proxies=61 | new=61 | url=https://raw.githubusercontent.com/mahdibland/ShadowsocksAggregator/master/EternityAir.txt
[OK] proxies=1 | new=0 | url=https://cdn.jsdelivr.net/gh/mahdibland/V2RayAggregator@master/update/provider/provider-meta.yml
[OK] proxies=197 | new=197 | url=https://raw.githubusercontent.com/mahdibland/ShadowsocksAggregator/master/Eternity.yml
[OK] proxies=61 | new=0 | url=https://raw.githubusercontent.com/mahdibland/SSAggregator/master/sub/airport_sub_merge.txt
[OK] proxies=1 | new=0 | url=https://cdn.jsdelivr.net/gh/mahdibland/V2RayAggregator@master/update/provider/provider-cn.yml
[OK] proxies=1 | new=0 | url=https://github.com/mahdibland/SSAggregator/actions/workflows/Airport_Collector.yml
[OK] proxies=1461 | new=1418 | url=https://raw.githubusercontent.com/mahdibland/ShadowsocksAggregator/master/sub/splitted/vmess.txt
[OK] proxies=54 | new=54 | url=https://raw.githubusercontent.com/mahdibland/ShadowsocksAggregator/master/sub/splitted/ssr.txt
[OK] proxies=1860 | new=1714 | url=https://raw.githubusercontent.com/mahdibland/ShadowsocksAggregator/master/sub/splitted/ss.txt
[OK] proxies=620 | new=613 | url=https://raw.githubusercontent.com/mahdibland/ShadowsocksAggregator/master/sub/splitted/trojan.txt
[OK] proxies=3995 | new=0 | url=https://raw.githubusercontent.com/mahdibland/SSAggregator/master/sub/sub_merge_base64.txt
[OK] proxies=1 | new=0 | url=https://cdn.jsdelivr.net/gh/mahdibland/V2RayAggregator@master/update/provider/provider.yml
[OK] proxies=4111 | new=145 | url=https://raw.githubusercontent.com/mahdibland/SSAggregator/master/sub/sub_merge_yaml.yml
[OK] proxies=381 | new=95 | url=https://raw.githubusercontent.com/mahdibland/V2RayAggregator/master/README.md
[OK] proxies=1 | new=0 | url=https://cdn.jsdelivr.net/gh/mahdibland/V2RayAggregator@master/update/provider/provider-meta-others.yml
[OK] proxies=192 | new=0 | url=https://raw.githubusercontent.com/mahdibland/ShadowsocksAggregator/master/Eternity.txt
[OK] proxies=1 | new=0 | url=https://cdn.jsdelivr.net/gh/mahdibland/V2RayAggregator@master/update/provider/provider-others.yml
[OK] proxies=61 | new=0 | url=https://raw.githubusercontent.com/mahdibland/SSAggregator/master/sub/airport_merge_base64.txt
[OK] proxies=3995 | new=0 | url=https://raw.githubusercontent.com/mahdibland/{SSAggregator|ShadowsocksAggregator}/master/sub/sub_merge.txt
[OK] proxies=4298 | source=[免费节点8] | url=https://raw.githubusercontent.com/mahdibland/V2RayAggregator/master/README.md
============================================================
[INFO] sublink try repo | url=https://github.com/w1770946466/Auto_proxy
[INFO] sublink try page | url=https://raw.githubusercontent.com/w1770946466/Auto_proxy/main/README.md
[OK] proxies=245 | new=245 | url=https://raw.githubusercontent.com/w1770946466/Auto_proxy/main/{Long_term_subscription2.yaml|Long_term_subscription1.yaml|Long_term_subscription3.yaml}
[OK] proxies=1 | new=1 | url=https://github.com/w1770946466/Auto_proxy/actions/workflows/main.yml
[OK] proxies=489 | new=369 | url=https://raw.githubusercontent.com/w1770946466/Auto_proxy/main/Long_term_subscription_num
[OK] proxies=489 | new=0 | url=https://raw.githubusercontent.com/w1770946466/Auto_proxy/main/{Long_term_subscription1|Long_term_subscription2|Long_term_subscription3|Long_term_subscription4|Long_term_subscription5|Long_term_subscription6|Long_term_subscription7|Long_term_subscription8}
[OK] proxies=615 | source=[免费节点9] | url=https://raw.githubusercontent.com/w1770946466/Auto_proxy/main/README.md
============================================================
[INFO] sublink try repo | url=https://github.com/PuddinCat/BestClash
[INFO] sublink try page | url=https://raw.githubusercontent.com/PuddinCat/BestClash/main/README.md
[OK] proxies=16 | new=16 | url=https://raw.githubusercontent.com/PuddinCat/BestClash/main/proxies.yaml
[OK] proxies=197 | new=197 | url=https://raw.githubusercontent.com/mahdibland/ShadowsocksAggregator/master/Eternity.yml
[OK] proxies=94 | new=67 | url=https://raw.githubusercontent.com/Misaka-blog/chromego_merge/main/sub/merged_proxies_new.yaml
[OK] proxies=165 | new=165 | url=https://raw.githubusercontent.com/ronghuaxueleng/get_v2/main/pub/combine.yaml
[OK] proxies=24 | new=24 | url=https://freenode.openrunner.net/uploads/20240807-clash.yaml
[OK] proxies=490 | new=398 | url=https://raw.githubusercontent.com/{ermaozi|ermaozi01}/{get_subscribe|free_clash_vpn}/main/subscribe/clash.yml
[OK] proxies=99 | new=0 | url=https://raw.githubusercontent.com/{chengaopan|peasoft}/{AutoMergePublicNodes|NoMoreWalls}/master/list.yml
[OK] proxies=144 | new=12 | url=https://raw.githubusercontent.com/zhangkaiitugithub/passcro/main/speednodes.yaml
[OK] proxies=28 | new=28 | url=https://cdn.jsdelivr.net/gh/vxiaov/free_proxies@main/clash/clash.provider.yaml
[OK] proxies=3701 | new=3680 | url=https://raw.githubusercontent.com/{NiceVPN123|anaer}/{NiceVPN|Sub}/main/{Clash.yaml|clash.yaml}
[OK] proxies=4587 | source=[免费节点10] | url=https://raw.githubusercontent.com/PuddinCat/BestClash/main/README.md
============================================================
[INFO] sublink try repo | url=https://github.com/kooker/FreeSubsCheck
[INFO] sublink try page | url=https://raw.githubusercontent.com/kooker/FreeSubsCheck/main/README.md
[OK] proxies=5 | new=5 | url=https://raw.githubusercontent.com/kooker/FreeSubsCheck/main/all.yaml
[OK] proxies=5 | new=0 | url=https://raw.githubusercontent.com/kooker/FreeSubsCheck/main/base64.txt
[OK] proxies=2 | new=2 | url=https://raw.githubusercontent.com/kooker/FreeSubsCheck/main/byxiaoxi.txt
[OK] proxies=5 | new=0 | url=https://raw.githubusercontent.com/kooker/FreeSubsCheck/main/mihomo.yaml
[OK] proxies=701 | new=699 | url=https://raw.githubusercontent.com/kooker/FreeSubsCheck/main/kooker.jp.txt
[OK] proxies=706 | source=[免费节点11] | url=https://raw.githubusercontent.com/kooker/FreeSubsCheck/main/README.md
============================================================
[INFO] toolkit try repo | url=https://github.com/bannedbook/fanqiang
[INFO] toolkit try release | url=https://github.com/bannedbook/fanqiang/releases
[INFO] toolkit try release | url=https://github.com/bannedbook/fanqiang/releases/expanded_assets/ChromeGo-latest
[INFO] toolkit try download | url=https://github.com/bannedbook/fanqiang/releases/download/ChromeGo-latest/ChromeGo.7z
[OK] toolkit downloaded | file=ChromeGo.7z | size=96.2mb | time=21.9s
[OK] toolkit extracted | archive=ChromeGo.7z | tool=7z | files=222 | dirs=45
[OK] toolkit discovered | subs=107 | embedded=46 | scan=21.5s | archive=ChromeGo.7z
[OK] proxies=12 | new=12 | embedded=archive-config
[OK] proxies=3 | new=3 | url=https://www.67867867.xyz/Alvin9999/PAC/refs/heads/master/backup/img/1/2/{ipp|ip}/clash.meta2/{5|6|3|1|4|2}/config.yaml
[OK] proxies=3 | new=0 | url=https://gitlab.com/free9999/ipupdate/master/backup/img/1/2/{ipp|ip}/clash.meta2/{5|6|3|1|4|2}/config.yaml
[OK] proxies=7 | new=5 | url=https://www.67867867.xyz/Alvin9999/PAC/refs/heads/master/backup/img/1/2/{ipp|ip}/{hysteria2|singbox|naiveproxy|hysteria|xray}/{3|1|4|2}/config.json
[OK] proxies=7 | new=0 | url=https://gitlab.com/free9999/ipupdate/master/backup/img/1/2/{ipp|ip}/{hysteria2|singbox|naiveproxy|hysteria|xray}/{3|1|4|2}/config.json
[OK] proxies=20 | source=[ChromeGO-Toolkit] | url=https://github.com/bannedbook/fanqiang/releases/download/ChromeGo-latest/ChromeGo.7z
============================================================
[INFO] sublink try repo | url=https://github.com/ShiteThings/extractNodes
[INFO] sublink try page | url=https://raw.githubusercontent.com/ShiteThings/extractNodes/main/README.md
[OK] proxies=26 | new=26 | url=https://chg26.makou.cc.cd/sb
[OK] proxies=31 | new=5 | url=https://{chg26.makou.cc.cd|chg64.makou.cc.cd}
[OK] proxies=31 | source=[ChromeGO-ShiteThings] | url=https://raw.githubusercontent.com/ShiteThings/extractNodes/main/README.md
============================================================
[INFO] sublink try repo | url=https://github.com/shangui999/chromego_merge
[INFO] sublink try page | url=https://raw.githubusercontent.com/shangui999/chromego_merge/master/ReadMe.md
[OK] proxies=11 | new=11 | url=https://freedman.netlify.app/sub/shadowrocket_base64.txt
[OK] proxies=11 | new=6 | url=https://freedman.netlify.app/sub/merged_warp_proxies_new.yaml
[OK] proxies=16 | new=16 | url=https://freedman.netlify.app/sub/sb.json
[OK] proxies=10 | new=0 | url=https://freedman.netlify.app/sub/merged_proxies_new.yaml
[INFO] sublink try repo | url=https://github.com/yaney01/chromego
[INFO] sublink try page | url=https://raw.githubusercontent.com/yaney01/chromego/main/ReadMe.md
[OK] proxies=13 | new=10 | url=https://raw.githubusercontent.com/yaney01/chromego/main/sub/shadowrocket_base64.txt
[OK] proxies=13 | new=2 | url=https://raw.githubusercontent.com/yaney01/chromego/main/sub/sb.json
[OK] proxies=50 | new=41 | url=https://raw.githubusercontent.com/yaney01/chromego/main/sub/merged_proxies_new.yaml
[OK] proxies=51 | new=0 | url=https://raw.githubusercontent.com/yaney01/chromego/main/sub/merged_warp_proxies_new.yaml
[INFO] sublink try repo | url=https://github.com/Misaka-blog/chromego_merge
[INFO] sublink try page | url=https://raw.githubusercontent.com/Misaka-blog/chromego_merge/main/README.md
[OK] proxies=94 | new=94 | url=https://chromego-sub.netlify.app/sub/merged_proxies_new.yaml
[OK] proxies=180 | source=[ChromeGO-Merge] | url=https://raw.githubusercontent.com/Misaka-blog/chromego_merge/main/README.md
============================================================
[INFO] toolkit try repo | url=https://github.com/Pawdroid/shadowrocket_for_android
[INFO] toolkit try release | url=https://github.com/Pawdroid/shadowrocket_for_android/releases
[INFO] toolkit try release | url=https://github.com/Pawdroid/shadowrocket_for_android/releases/expanded_assets/10.10.55
[INFO] toolkit try download | url=https://github.com/Pawdroid/shadowrocket_for_android/releases/download/10.10.55/Shadowrocket_10.10.55_shadowrocketStandard_arm64-v8a.apk
[OK] toolkit downloaded | file=Shadowrocket_10.10.55_shadowrocketStandard_arm64-v8a.apk | size=39.5mb | time=15.9s
[OK] toolkit extracted | archive=Shadowrocket_10.10.55_shadowrocketStandard_arm64-v8a.apk | tool=zipfile | files=1179 | dirs=44
[OK] toolkit sr-apk scanned | prefixes=38 | files=6 | keys=2 | archive=Shadowrocket_10.10.55_shadowrocketStandard_arm64-v8a.apk
[OK] proxies=62 | new=62 | url=https://{cdn.jsdelivr.net|raw.githubusercontent.com}/pixelor/ecfg/main/data/ecfg6
[OK] proxies=943 | new=923 | url=https://{cdn.jsdelivr.net|raw.githubusercontent.com}/pixelor/ecfg/main/data/ecfg6_zh
[OK] proxies=970 | new=50 | url=https://{cdn.jsdelivr.net|raw.githubusercontent.com}/pixelor/ecfg/main/data/ecfg6_en
[OK] proxies=51 | new=0 | url=https://{files.shadowrockets.app|cdn.shadowrockets.app}/ecfg/data/ecfg6
[OK] proxies=904 | new=0 | url=https://{files.shadowrockets.app|cdn.shadowrockets.app}/ecfg/data/ecfg6_en
[OK] proxies=904 | new=0 | url=https://{files.shadowrockets.app|cdn.shadowrockets.app}/ecfg/data/ecfg6_zh
[OK] proxies=1035 | source=[Pawdroid-SR-APK] | url=https://github.com/Pawdroid/shadowrocket_for_android/releases/download/10.10.55/Shadowrocket_10.10.55_shadowrocketStandard_arm64-v8a.apk
============================================================
[INFO] toolkit try page | url=https://shadowshare.v2cross.com
[INFO] toolkit try download | url=https://shadowshare.v2cross.com/shadowshare.apk
[OK] toolkit downloaded | file=shadowshare.apk | size=60mb | time=21.8s
[OK] toolkit extracted | archive=shadowshare.apk | tool=zipfile | files=612 | dirs=39
[OK] toolkit ss-apk scanned | prefixes=10 | files=3 | keys=1 | archive=shadowshare.apk
[OK] proxies=195 | new=195 | url=https://{raw.githubusercontent.com|jsd.onmicrosoft.cn}/hideme9527/ecsfg/main/data/sareserver
[OK] proxies=1386 | new=1283 | url=https://{raw.githubusercontent.com|jsd.onmicrosoft.cn}/hideme9527/ecsfg/main/data/sareserver_en
[OK] proxies=25 | new=0 | url=https://{shadowsharing.com|sare.159236.xyz}/data/sareserver
[OK] proxies=1386 | new=0 | url=https://{shadowsharing.com|sare.159236.xyz}/data/sareserver_en
[OK] proxies=25 | new=0 | url=https://gitee.com/api/v5/repos/{zhiminghao|elvenapp|guoyoucai1}/ecsfg/raw/data/sareserver
[OK] proxies=1386 | new=0 | url=https://gitee.com/api/v5/repos/{zhiminghao|guoyoucai1|elvenapp}/ecsfg/raw/data/sareserver_en
[OK] proxies=1478 | source=[Pawdroid-SS-APK] | url=https://shadowshare.v2cross.com/shadowshare.apk
============================================================
[INFO] toolkit try chrome | url=https://chromewebstore.google.com/detail/free-vpn-proxy-1vpn/akcocjjpkmlniicdeemdceeajlmoabhg
[INFO] toolkit try download | url=https://clients2.google.com/service/update2/crx?response=redirect&prodversion=131.0.6778.0&acceptformat=crx2,crx3&x=id%3dakcocjjpkmlniicdeemdceeajlmoabhg%26uc
[OK] toolkit downloaded | file=free-vpn-proxy-1vpn.crx | size=1.6mb | time=3.5s
[OK] toolkit extracted | archive=free-vpn-proxy-1vpn.crx | tool=zipfile | files=68 | dirs=57
[OK] toolkit 1vpn-crx scanned | hosts=17 | keys=1 | archive=free-vpn-proxy-1vpn.crx
[OK] proxies=17 | source=[1VPN-CRX] | url=https://clients2.google.com/service/update2/crx?response=redirect&prodversion=131.0.6778.0&acceptformat=crx2,crx3&x=id%3dakcocjjpkmlniicdeemdceeajlmoabhg%26uc
============================================================
[INFO] sublink try repo | url=https://github.com/free-nodes/clashfree
[INFO] sublink try page | url=https://raw.githubusercontent.com/free-nodes/clashfree/main/README.md
[OK] proxies=1 | new=1 | url=https://github.com/free-nodes/clashfree/blob/main/clash20261003.yml
[INFO] sublink file_nodes=1 | bare links=3
[WARN] few proxies | found=1 | raw=312
[INFO] reused previous raw | file=797389969965-raw-0034-20261003.yaml | stamp=202610030034
[OK] proxies=312 | source=[Clashfree] | url=https://raw.githubusercontent.com/free-nodes/clashfree/main/README.md
============================================================
[INFO] sublink try repo | url=https://github.com/Epodonios/v2ray-configs
[INFO] sublink try page | url=https://raw.githubusercontent.com/Epodonios/v2ray-configs/main/README.md
[OK] proxies=192 | new=192 | url=https://github.com/Epodonios/v2ray-configs/raw/main/Splitted-By-Protocol/vmess.txt
[OK] proxies=1 | new=1 | url=https://github.com/Epodonios/V2ray-Configs/actions/workflows/main.yml
[OK] proxies=4322 | new=4150 | url=https://github.com/Epodonios/v2ray-configs/raw/main/All_Configs_Sub.txt
[OK] proxies=3538 | new=120 | url=https://github.com/Epodonios/v2ray-configs/raw/main/Splitted-By-Protocol/vless.txt
[OK] proxies=4322 | new=0 | url=https://github.com/Epodonios/v2ray-configs/raw/main/All_Configs_base64_Sub.txt
[OK] proxies=377 | new=19 | url=https://github.com/Epodonios/v2ray-configs/raw/main/Splitted-By-Protocol/ss.txt
[OK] proxies=161 | new=4 | url=https://github.com/Epodonios/v2ray-configs/raw/main/Splitted-By-Protocol/trojan.txt
[OK] proxies=4322 | new=0 | url=https://raw.githubusercontent.com/Epodonios/v2ray-configs/main/{Sub1.txt|Sub2.txt|Sub3.txt|Sub4.txt|Sub5.txt|Sub6.txt|Sub7.txt|Sub8.txt}
[OK] proxies=4486 | source=[Epodonios] | url=https://raw.githubusercontent.com/Epodonios/v2ray-configs/main/README.md
============================================================
[INFO] sublink try repo | url=https://github.com/free-clash-v2ray/free-clash-v2ray.github.io
[INFO] sublink try page | url=https://raw.githubusercontent.com/free-clash-v2ray/free-clash-v2ray.github.io/main/README.md
[OK] proxies=3129 | new=3129 | url=https://free-clash-v2ray.github.io/uploads/2026/09/{0-20260927.txt|1-20260927.txt|2-20260927.txt|3-20260927.txt|4-20260927.txt}
[OK] proxies=2984 | new=392 | url=https://free-clash-v2ray.github.io/uploads/2026/09/{0-20260927.yaml|1-20260927.yaml|2-20260927.yaml|3-20260927.yaml}
[OK] proxies=3521 | source=[Free-clash-v2ray] | url=https://raw.githubusercontent.com/free-clash-v2ray/free-clash-v2ray.github.io/main/README.md
============================================================
[INFO] article try page | url=https://v2rayclashfree.com
[INFO] sublink try page | url=https://v2rayclashfree.com/fn/20261003.html
[INFO] sublink try page | url=https://v2rayclashfree.com/fn/20261002.html
[INFO] sublink try page | url=https://v2rayclashfree.com/fn/20261001.html
[INFO] sublink try page | url=https://v2rayclashfree.com/fn/20260930.html
[OK] proxies=2867 | new=2867 | url=https://v2rayclashfree.com/sub/20260930-v2ray.txt
[OK] proxies=2901 | new=539 | url=https://v2rayclashfree.com/sub/20260930-clash.yaml
[OK] proxies=3406 | source=[V2rayclashfree-RSS] | url=https://v2rayclashfree.com/fn/20260930.html
============================================================
[INFO] toolkit try repo | url=https://github.com/MetaCubeX/meta-rules-dat
[INFO] toolkit try release | url=https://github.com/MetaCubeX/meta-rules-dat/releases
[INFO] toolkit try release | url=https://github.com/MetaCubeX/meta-rules-dat/releases/expanded_assets/latest
[INFO] toolkit try download | url=https://github.com/MetaCubeX/meta-rules-dat/releases/download/latest/country.mmdb
[OK] toolkit downloaded | file=country.mmdb | size=7.3mb | time=3.0s
[INFO] toolkit try repo | url=https://github.com/mledoze/countries
[INFO] toolkit try release | url=https://github.com/mledoze/countries/releases
[INFO] toolkit try release | url=https://github.com/mledoze/countries/releases/expanded_assets/v1.8.0
[INFO] toolkit try download | url=https://github.com/mledoze/countries/archive/refs/tags/v1.8.0.zip
[OK] toolkit downloaded | file=countries-1.8.0.zip | size=4.8mb | time=9.1s
[OK] toolkit extracted | archive=countries-1.8.0.zip | tool=zipfile | files=528 | dirs=8
[OK] toolkit found | file=countries.json | from=countries-1.8.0.zip
[OK] geo score ready | files=country.mmdb, countries.json | centroids=247
============================================================
[INFO] toolkit try repo | url=https://github.com/MetaCubeX/mihomo
[INFO] toolkit try release | url=https://github.com/MetaCubeX/mihomo/releases
[INFO] toolkit try release | url=https://github.com/MetaCubeX/mihomo/releases/expanded_assets/v1.19.32
[INFO] toolkit try download | url=https://github.com/MetaCubeX/mihomo/releases/download/v1.19.32/mihomo-linux-amd64-compatible-v1.19.32.gz
[OK] toolkit downloaded | file=mihomo-linux-amd64-compatible-v1.19.32.gz | size=21.8mb | time=8.3s
[OK] toolkit hash verified | file=mihomo-linux-amd64-compatible-v1.19.32.gz | sha256=ba3ce607747a07f948fc35780e108a4a7c7f552a38b9bd4d115f313ebcb89c20
[OK] proxy engine ready, starting latency test | package=mihomo-linux-amd64-compatible-v1.19.32.gz
============================================================
[WARN] batch reshard | size=18325 {1} | split=3055 {2} + 3055 {3} + 3055 {4} + 3055 {5} + 3055 {6} + 3050 {7}
[WARN] batch start failed | size=3055 {5} | split=510 {8} + 510 {9} + 510 {10} + 510 {11} + 510 {12} + 505 {13}
[WARN] batch start failed | size=3050 {7} | split=509 {14} + 509 {15} + 509 {16} + 509 {17} + 509 {18} + 505 {19}
[WARN] batch start failed | size=510 {9} | split=85 {20} + 85 {21} + 85 {22} + 85 {23} + 85 {24} + 85 {25}
[WARN] batch start failed | size=510 {10} | split=85 {26} + 85 {27} + 85 {28} + 85 {29} + 85 {30} + 85 {31}
[WARN] batch start failed | size=505 {13} | split=85 {32} + 85 {33} + 85 {34} + 85 {35} + 85 {36} + 80 {37}
[WARN] batch start failed | size=510 {11} | split=85 {38} + 85 {39} + 85 {40} + 85 {41} + 85 {42} + 85 {43}
[TEST] {12} tested=1/510 | kept=0 | rest=18324
[TEST] {12} tested=100/510 | kept=14 | rest=18225
[TEST] {12} tested=200/510 | kept=29 | rest=18125
[TEST] {12} tested=300/510 | kept=47 | rest=18025
[TEST] {8} tested=1/510 | kept=0 | rest=17986
[TEST] {8} tested=100/510 | kept=0 | rest=17887
[TEST] {8} tested=200/510 | kept=0 | rest=17786
[TEST] {8} tested=300/510 | kept=0 | rest=17686
[TEST] {8} tested=400/510 | kept=1 | rest=17572
[TEST] {12} tested=400/510 | kept=60 | rest=17459
[TEST] {8} tested=500/510 | kept=1 | rest=17348
[TEST] {8} tested=510/510 | kept=1 | rest=17333
[TEST] {6} tested=1/3055 | kept=0 | rest=17329
[TEST] {6} tested=100/3055 | kept=1 | rest=17230
[TEST] {6} tested=200/3055 | kept=2 | rest=17130
[TEST] {6} tested=300/3055 | kept=2 | rest=17030
[TEST] {6} tested=400/3055 | kept=4 | rest=16930
[TEST] {6} tested=500/3055 | kept=5 | rest=16830
[TEST] {6} tested=600/3055 | kept=6 | rest=16730
[TEST] {6} tested=700/3055 | kept=8 | rest=16630
[TEST] {2} tested=1/3055 | kept=1 | rest=16554
[TEST] {2} tested=100/3055 | kept=52 | rest=16455
[TEST] {2} tested=200/3055 | kept=87 | rest=16355
[TEST] {2} tested=300/3055 | kept=118 | rest=16255
[TEST] {2} tested=400/3055 | kept=163 | rest=16155
[TEST] {2} tested=500/3055 | kept=192 | rest=16055
[TEST] {2} tested=600/3055 | kept=229 | rest=15955
[TEST] {2} tested=700/3055 | kept=255 | rest=15855
[TEST] {3} tested=1/3055 | kept=0 | rest=15821
[TEST] {3} tested=100/3055 | kept=0 | rest=15722
[TEST] {3} tested=200/3055 | kept=1 | rest=15622
[TEST] {3} tested=300/3055 | kept=1 | rest=15522
[TEST] {3} tested=400/3055 | kept=1 | rest=15422
[TEST] {3} tested=500/3055 | kept=1 | rest=15322
[TEST] {3} tested=600/3055 | kept=1 | rest=15222
[TEST] {3} tested=700/3055 | kept=1 | rest=15122
[TEST] {4} tested=1/3055 | kept=0 | rest=15110
[TEST] {4} tested=100/3055 | kept=2 | rest=15011
[TEST] {4} tested=200/3055 | kept=2 | rest=14911
[TEST] {4} tested=300/3055 | kept=2 | rest=14811
[TEST] {4} tested=400/3055 | kept=3 | rest=14711
[TEST] {4} tested=500/3055 | kept=7 | rest=14611
[TEST] {4} tested=600/3055 | kept=11 | rest=14511
[WARN] batch start failed | size=509 {14} | split=85 {44} + 85 {45} + 85 {46} + 85 {47} + 85 {48} + 84 {49}
[TEST] {12} tested=500/510 | kept=68 | rest=14379
[TEST] {6} tested=800/3055 | kept=11 | rest=14370
[TEST] {12} tested=510/510 | kept=68 | rest=14360
[TEST] {15} tested=1/509 | kept=0 | rest=14351
[TEST] {15} tested=100/509 | kept=93 | rest=14247
[TEST] {15} tested=200/509 | kept=176 | rest=14100
[TEST] {15} tested=300/509 | kept=270 | rest=13963
[TEST] {16} tested=1/509 | kept=0 | rest=13869
[TEST] {16} tested=100/509 | kept=83 | rest=13770
[TEST] {15} tested=400/509 | kept=357 | rest=13667
[TEST] {16} tested=200/509 | kept=160 | rest=13629
[TEST] {6} tested=900/3055 | kept=23 | rest=13583
[TEST] {16} tested=300/509 | kept=235 | rest=13493
[TEST] {4} tested=700/3055 | kept=14 | rest=13425
[TEST] {16} tested=400/509 | kept=328 | rest=13254
[TEST] {3} tested=800/3055 | kept=2 | rest=13069
[TEST] {6} tested=1000/3055 | kept=24 | rest=13066
[TEST] {2} tested=800/3055 | kept=270 | rest=12926
[TEST] {4} tested=800/3055 | kept=15 | rest=12824
[TEST] {6} tested=1100/3055 | kept=28 | rest=12766
[TEST] {2} tested=900/3055 | kept=289 | rest=12612
[TEST] {15} tested=500/509 | kept=395 | rest=12581
[TEST] {15} tested=509/509 | kept=395 | rest=12467
[TEST] {6} tested=1200/3055 | kept=35 | rest=12428
[TEST] {16} tested=500/509 | kept=386 | rest=12405
[TEST] {3} tested=900/3055 | kept=2 | rest=12357
[TEST] {16} tested=509/509 | kept=386 | rest=12303
[TEST] {17} tested=1/509 | kept=1 | rest=12256
[TEST] {17} tested=100/509 | kept=71 | rest=12157
[TEST] {2} tested=1000/3055 | kept=291 | rest=12100
[TEST] {17} tested=200/509 | kept=143 | rest=11977
[TEST] {6} tested=1300/3055 | kept=40 | rest=11944
[TEST] {4} tested=900/3055 | kept=15 | rest=11932
[TEST] {19} tested=1/505 | kept=0 | rest=11861
[TEST] {19} tested=100/505 | kept=67 | rest=11761
[TEST] {17} tested=300/509 | kept=216 | rest=11632
[TEST] {19} tested=200/505 | kept=108 | rest=11504
[TEST] {6} tested=1400/3055 | kept=43 | rest=11351
[TEST] {6} tested=1500/3055 | kept=43 | rest=11159
[TEST] {3} tested=1000/3055 | kept=2 | rest=11116
[TEST] {4} tested=1000/3055 | kept=16 | rest=10993
[TEST] {6} tested=1600/3055 | kept=45 | rest=10909
[TEST] {2} tested=1100/3055 | kept=291 | rest=10877
[TEST] {17} tested=400/509 | kept=231 | rest=10740
[TEST] {4} tested=1100/3055 | kept=16 | rest=10712
[TEST] {19} tested=300/505 | kept=172 | rest=10665
[TEST] {19} tested=400/505 | kept=203 | rest=10399
[TEST] {6} tested=1700/3055 | kept=48 | rest=10335
[TEST] {3} tested=1100/3055 | kept=2 | rest=10127
[TEST] {4} tested=1200/3055 | kept=16 | rest=9997
[TEST] {6} tested=1800/3055 | kept=49 | rest=9989
[TEST] {2} tested=1200/3055 | kept=291 | rest=9981
[TEST] {6} tested=1900/3055 | kept=49 | rest=9825
[TEST] {19} tested=500/505 | kept=273 | rest=9731
[TEST] {17} tested=500/509 | kept=239 | rest=9592
[TEST] {4} tested=1300/3055 | kept=16 | rest=9565
[TEST] {6} tested=2000/3055 | kept=52 | rest=9554
[TEST] {17} tested=509/509 | kept=239 | rest=9545
[TEST] {19} tested=505/505 | kept=274 | rest=9453
[TEST] {18} tested=1/509 | kept=0 | rest=9448
[TEST] {18} tested=100/509 | kept=85 | rest=9291
[TEST] {20} tested=1/85 | kept=0 | rest=9288
[TEST] {3} tested=1200/3055 | kept=2 | rest=9223
[TEST] {6} tested=2100/3055 | kept=53 | rest=9175
[TEST] {2} tested=1300/3055 | kept=291 | rest=9035
[TEST] {18} tested=200/509 | kept=184 | rest=8982
[TEST] {6} tested=2200/3055 | kept=54 | rest=8835
[TEST] {4} tested=1400/3055 | kept=16 | rest=8787
[TEST] {18} tested=300/509 | kept=276 | rest=8698
[TEST] {18} tested=400/509 | kept=356 | rest=8531
[TEST] {6} tested=2300/3055 | kept=62 | rest=8479
[TEST] {4} tested=1500/3055 | kept=16 | rest=8295
[TEST] {3} tested=1300/3055 | kept=2 | rest=8157
[TEST] {2} tested=1400/3055 | kept=314 | rest=8151
[TEST] {6} tested=2400/3055 | kept=63 | rest=8130
[TEST] {20} tested=85/85 | kept=1 | rest=8021
[TEST] {21} tested=1/85 | kept=0 | rest=7948
[TEST] {6} tested=2500/3055 | kept=65 | rest=7748
[TEST] {4} tested=1600/3055 | kept=16 | rest=7683
[TEST] {2} tested=1500/3055 | kept=327 | rest=7661
[TEST] {18} tested=500/509 | kept=382 | rest=7539
[TEST] {18} tested=509/509 | kept=382 | rest=7501
[TEST] {6} tested=2600/3055 | kept=67 | rest=7495
[WARN] batch start failed | size=85 {23} | split=15 {50} + 15 {51} + 15 {52} + 15 {53} + 15 {54} + 10 {55}
[TEST] {22} tested=1/85 | kept=0 | rest=7479
[TEST] {3} tested=1400/3055 | kept=2 | rest=7310
[TEST] {4} tested=1700/3055 | kept=19 | rest=7232
[TEST] {2} tested=1600/3055 | kept=328 | rest=7138
[TEST] {21} tested=85/85 | kept=10 | rest=7059
[WARN] batch start failed | size=85 {24} | split=15 {56} + 15 {57} + 15 {58} + 15 {59} + 15 {60} + 10 {61}
[TEST] {25} tested=1/85 | kept=0 | rest=6987
[TEST] {6} tested=2700/3055 | kept=68 | rest=6919
[TEST] {2} tested=1700/3055 | kept=328 | rest=6903
[TEST] {2} tested=1800/3055 | kept=328 | rest=6649
[TEST] {3} tested=1500/3055 | kept=2 | rest=6602
[TEST] {6} tested=2800/3055 | kept=72 | rest=6566
[TEST] {22} tested=85/85 | kept=3 | rest=6493
[TEST] {26} tested=1/85 | kept=1 | rest=6474
[TEST] {6} tested=2900/3055 | kept=75 | rest=6268
[TEST] {4} tested=1800/3055 | kept=19 | rest=6260
[TEST] {2} tested=1900/3055 | kept=328 | rest=6048
[TEST] {25} tested=85/85 | kept=74 | rest=5978
[TEST] {6} tested=3000/3055 | kept=80 | rest=5959
[WARN] batch start failed | size=85 {28} | split=15 {62} + 15 {63} + 15 {64} + 15 {65} + 15 {66} + 10 {67}
[TEST] {3} tested=1600/3055 | kept=2 | rest=5891
[TEST] {27} tested=1/85 | kept=1 | rest=5875
[TEST] {2} tested=2000/3055 | kept=330 | rest=5834
[TEST] {26} tested=85/85 | kept=84 | rest=5631
[TEST] {4} tested=1900/3055 | kept=20 | rest=5619
[TEST] {30} tested=1/85 | kept=1 | rest=5605
[TEST] {2} tested=2100/3055 | kept=330 | rest=5410
[TEST] {6} tested=3055/3055 | kept=81 | rest=5368
[TEST] {4} tested=2000/3055 | kept=21 | rest=5359
[TEST] {29} tested=1/85 | kept=1 | rest=5329
[TEST] {29} tested=85/85 | kept=84 | rest=5166
[TEST] {31} tested=1/85 | kept=0 | rest=5151
[TEST] {3} tested=1700/3055 | kept=2 | rest=5140
[TEST] {27} tested=85/85 | kept=67 | rest=4995
[TEST] {4} tested=2100/3055 | kept=22 | rest=4960
[TEST] {32} tested=1/85 | kept=0 | rest=4935
[TEST] {2} tested=2200/3055 | kept=331 | rest=4816
[TEST] {31} tested=85/85 | kept=78 | rest=4807
[TEST] {33} tested=1/85 | kept=0 | rest=4797
[TEST] {30} tested=85/85 | kept=81 | rest=4733
[TEST] {4} tested=2200/3055 | kept=22 | rest=4686
[TEST] {34} tested=1/85 | kept=0 | rest=4654
[TEST] {4} tested=2300/3055 | kept=22 | rest=4509
[TEST] {3} tested=1800/3055 | kept=2 | rest=4411
[TEST] {2} tested=2300/3055 | kept=331 | rest=4326
[TEST] {4} tested=2400/3055 | kept=22 | rest=4211
[TEST] {2} tested=2400/3055 | kept=370 | rest=4150
[TEST] {32} tested=85/85 | kept=6 | rest=4085
[TEST] {35} tested=1/85 | kept=0 | rest=4023
[TEST] {33} tested=85/85 | kept=27 | rest=3838
[TEST] {2} tested=2500/3055 | kept=392 | rest=3832
[WARN] batch start failed | size=80 {37} | split=14 {68} + 14 {69} + 14 {70} + 14 {71} + 14 {72} + 10 {73}
[TEST] {36} tested=1/85 | kept=0 | rest=3799
[TEST] {34} tested=85/85 | kept=10 | rest=3695
[TEST] {4} tested=2500/3055 | kept=22 | rest=3645
[TEST] {38} tested=1/85 | kept=1 | rest=3610
[TEST] {2} tested=2600/3055 | kept=393 | rest=3508
[TEST] {4} tested=2600/3055 | kept=22 | rest=3387
[TEST] {3} tested=1900/3055 | kept=2 | rest=3348
[TEST] {2} tested=2700/3055 | kept=395 | rest=3316
[TEST] {4} tested=2700/3055 | kept=22 | rest=3127
[TEST] {4} tested=2800/3055 | kept=22 | rest=2988
[TEST] {35} tested=85/85 | kept=1 | rest=2850
[TEST] {4} tested=2900/3055 | kept=22 | rest=2827
[TEST] {2} tested=2800/3055 | kept=396 | rest=2798
[TEST] {39} tested=1/85 | kept=0 | rest=2778
[TEST] {36} tested=85/85 | kept=4 | rest=2609
[TEST] {3} tested=2000/3055 | kept=2 | rest=2590
[WARN] batch start failed | size=85 {41} | split=15 {74} + 15 {75} + 15 {76} + 15 {77} + 15 {78} + 10 {79}
[TEST] {40} tested=1/85 | kept=1 | rest=2549
[TEST] {38} tested=85/85 | kept=75 | rest=2475
[TEST] {42} tested=1/85 | kept=1 | rest=2432
[TEST] {4} tested=3000/3055 | kept=22 | rest=2309
[TEST] {2} tested=2900/3055 | kept=396 | rest=2259
[TEST] {3} tested=2100/3055 | kept=2 | rest=2087
[TEST] {39} tested=85/85 | kept=22 | rest=2083
[TEST] {43} tested=1/85 | kept=1 | rest=2068
[TEST] {2} tested=3000/3055 | kept=396 | rest=1970
[TEST] {4} tested=3055/3055 | kept=22 | rest=1938
[TEST] {40} tested=85/85 | kept=1 | rest=1914
[TEST] {46} tested=1/85 | kept=0 | rest=1899
[TEST] {45} tested=1/85 | kept=0 | rest=1887
[TEST] {42} tested=85/85 | kept=47 | rest=1815
[TEST] {44} tested=1/85 | kept=0 | rest=1784
[TEST] {2} tested=3055/3055 | kept=396 | rest=1613
[TEST] {3} tested=2200/3055 | kept=2 | rest=1612
[TEST] {47} tested=1/85 | kept=0 | rest=1605
[TEST] {43} tested=85/85 | kept=51 | rest=1537
[WARN] batch start failed | size=85 {48} | split=15 {80} + 15 {81} + 15 {82} + 15 {83} + 15 {84} + 10 {85}
[TEST] {49} tested=1/84 | kept=1 | rest=1523
[TEST] {46} tested=85/85 | kept=10 | rest=1377
[TEST] {45} tested=85/85 | kept=11 | rest=1373
[WARN] batch start failed | size=15 {50} | split=3 {86} + 3 {87} + 3 {88} + 3 {89} + 3 {90}
[TEST] {51} tested=1/15 | kept=0 | rest=1367
[TEST] {52} tested=1/15 | kept=0 | rest=1334
[TEST] {44} tested=85/85 | kept=13 | rest=1330
[TEST] {53} tested=1/15 | kept=0 | rest=1321
[TEST] {3} tested=2300/3055 | kept=2 | rest=1272
[TEST] {47} tested=85/85 | kept=31 | rest=1217
[TEST] {55} tested=1/10 | kept=0 | rest=1206
[TEST] {49} tested=84/84 | kept=76 | rest=1174
[TEST] {54} tested=1/15 | kept=0 | rest=1172
[TEST] {51} tested=15/15 | kept=4 | rest=1137
[TEST] {52} tested=15/15 | kept=0 | rest=1124
[WARN] batch start failed | size=15 {56} | split=3 {91} + 3 {92} + 3 {93} + 3 {94} + 3 {95}
[WARN] batch start failed | size=15 {57} | split=3 {96} + 3 {97} + 3 {98} + 3 {99} + 3 {100}
[WARN] batch start failed | size=15 {59} | split=3 {101} + 3 {102} + 3 {103} + 3 {104} + 3 {105}
[TEST] {53} tested=15/15 | kept=0 | rest=1104
[TEST] {61} tested=1/10 | kept=0 | rest=1103
[TEST] {58} tested=1/15 | kept=0 | rest=1095
[TEST] {61} tested=10/10 | kept=0 | rest=1092
[TEST] {60} tested=1/15 | kept=0 | rest=1085
[TEST] {3} tested=2400/3055 | kept=3 | rest=1081
[TEST] {63} tested=1/15 | kept=1 | rest=1075
[TEST] {55} tested=10/10 | kept=2 | rest=1009
[TEST] {62} tested=1/15 | kept=1 | rest=1001
[TEST] {54} tested=15/15 | kept=3 | rest=976
[TEST] {65} tested=1/15 | kept=1 | rest=971
[TEST] {65} tested=15/15 | kept=15 | rest=954
[WARN] batch start failed | size=15 {64} | split=3 {106} + 3 {107} + 3 {108} + 3 {109} + 3 {110}
[TEST] {66} tested=1/15 | kept=0 | rest=942
[TEST] {66} tested=15/15 | kept=14 | rest=917
[TEST] {67} tested=1/10 | kept=1 | rest=913
[TEST] {3} tested=2500/3055 | kept=3 | rest=902
[TEST] {58} tested=15/15 | kept=0 | rest=889
[TEST] {60} tested=15/15 | kept=0 | rest=880
[WARN] batch start failed | size=14 {68} | split=3 {111} + 3 {112} + 3 {113} + 3 {114} + 2 {115}
[TEST] {63} tested=15/15 | kept=14 | rest=871
[TEST] {69} tested=1/14 | kept=0 | rest=868
[TEST] {71} tested=1/14 | kept=0 | rest=861
[TEST] {70} tested=1/14 | kept=0 | rest=847
[TEST] {67} tested=10/10 | kept=10 | rest=843
[TEST] {73} tested=1/10 | kept=0 | rest=833
[TEST] {62} tested=15/15 | kept=11 | rest=755
[TEST] {3} tested=2600/3055 | kept=3 | rest=750
[TEST] {72} tested=1/14 | kept=0 | rest=748
[TEST] {69} tested=14/14 | kept=0 | rest=664
[TEST] {71} tested=14/14 | kept=1 | rest=656
[TEST] {70} tested=14/14 | kept=1 | rest=646
[WARN] batch start failed | size=15 {75} | split=3 {116} + 3 {117} + 3 {118} + 3 {119} + 3 {120}
[TEST] {74} tested=1/15 | kept=0 | rest=642
[TEST] {77} tested=1/15 | kept=0 | rest=631
[TEST] {73} tested=10/10 | kept=0 | rest=629
[TEST] {76} tested=1/15 | kept=0 | rest=615
[TEST] {79} tested=1/10 | kept=0 | rest=611
[TEST] {79} tested=10/10 | kept=8 | rest=598
[TEST] {78} tested=1/15 | kept=0 | rest=590
[TEST] {3} tested=2700/3055 | kept=8 | rest=573
[TEST] {78} tested=15/15 | kept=9 | rest=572
[TEST] {80} tested=1/15 | kept=0 | rest=562
[TEST] {80} tested=15/15 | kept=14 | rest=540
[WARN] batch start failed | size=15 {82} | split=3 {121} + 3 {122} + 3 {123} + 3 {124} + 3 {125}
[TEST] {81} tested=1/15 | kept=1 | rest=513
[TEST] {3} tested=2800/3055 | kept=74 | rest=443
[TEST] {72} tested=14/14 | kept=0 | rest=424
[TEST] {83} tested=1/15 | kept=0 | rest=403
[TEST] {83} tested=15/15 | kept=13 | rest=372
[TEST] {84} tested=1/15 | kept=1 | rest=337
[TEST] {3} tested=2900/3055 | kept=147 | rest=311
[TEST] {84} tested=15/15 | kept=15 | rest=268
[TEST] {85} tested=1/10 | kept=0 | rest=257
[TEST] {85} tested=10/10 | kept=8 | rest=242
[TEST] {74} tested=15/15 | kept=0 | rest=234
[TEST] {76} tested=15/15 | kept=0 | rest=221
[TEST] {77} tested=15/15 | kept=3 | rest=213
[WARN] batch start failed | size=3 {86} | split=1 {126} + 1 {127} + 1 {128}
[TEST] {87} tested=1/3 | kept=0 | rest=209
[TEST] {88} tested=1/3 | kept=1 | rest=207
[TEST] {126} tested=1/1 | kept=1 | rest=206
[TEST] {91} tested=1/3 | kept=1 | rest=203
[TEST] {89} tested=1/3 | kept=0 | rest=201
[TEST] {81} tested=15/15 | kept=14 | rest=200
[TEST] {92} tested=1/3 | kept=1 | rest=198
[TEST] {91} tested=3/3 | kept=2 | rest=196
[TEST] {92} tested=3/3 | kept=3 | rest=195
[WARN] batch start failed | size=3 {93} | split=1 {129} + 1 {130} + 1 {131}
[TEST] {95} tested=1/3 | kept=0 | rest=194
[WARN] batch start failed | size=3 {94} | split=1 {132} + 1 {133} + 1 {134}
[WARN] batch start failed | size=3 {96} | split=1 {135} + 1 {136} + 1 {137}
[TEST] {3} tested=3000/3055 | kept=149 | rest=160
[TEST] {97} tested=1/3 | kept=0 | rest=134
[TEST] {3} tested=3055/3055 | kept=150 | rest=104
[WARN] batch start failed | size=3 {98} | split=1 {138} + 1 {139} + 1 {140}
[TEST] {87} tested=3/3 | kept=0 | rest=103
[TEST] {88} tested=3/3 | kept=1 | rest=102
[TEST] {89} tested=3/3 | kept=1 | rest=101
[WARN] batch start failed | size=3 {101} | split=1 {141} + 1 {142} + 1 {143}
[WARN] batch start failed | size=3 {102} | split=1 {144} + 1 {145} + 1 {146}
[TEST] {104} tested=1/3 | kept=0 | rest=100
[TEST] {103} tested=1/3 | kept=0 | rest=98
[TEST] {95} tested=3/3 | kept=0 | rest=96
[TEST] {105} tested=1/3 | kept=0 | rest=95
[TEST] {105} tested=3/3 | kept=0 | rest=93
[TEST] {97} tested=3/3 | kept=0 | rest=91
[WARN] batch start failed | size=3 {106} | split=1 {147} + 1 {148} + 1 {149}
[TEST] {108} tested=1/3 | kept=1 | rest=90
[TEST] {109} tested=1/3 | kept=1 | rest=89
[TEST] {109} tested=3/3 | kept=2 | rest=87
[TEST] {107} tested=1/3 | kept=1 | rest=85
[TEST] {107} tested=3/3 | kept=3 | rest=83
[TEST] {108} tested=3/3 | kept=3 | rest=82
[TEST] {110} tested=1/3 | kept=0 | rest=81
[TEST] {110} tested=3/3 | kept=2 | rest=79
[TEST] {99} tested=1/3 | kept=0 | rest=78
[TEST] {99} tested=3/3 | kept=0 | rest=76
[TEST] {100} tested=1/3 | kept=0 | rest=75
[TEST] {100} tested=3/3 | kept=0 | rest=73
[WARN] batch start failed | size=3 {114} | split=1 {150} + 1 {151} + 1 {152}
[TEST] {103} tested=3/3 | kept=0 | rest=71
[TEST] {113} tested=1/3 | kept=0 | rest=70
[TEST] {117} tested=1/3 | kept=0 | rest=69
[TEST] {104} tested=3/3 | kept=0 | rest=68
[WARN] batch start failed | size=3 {118} | split=1 {153} + 1 {154} + 1 {155}
[TEST] {120} tested=1/3 | kept=0 | rest=65
[TEST] {117} tested=3/3 | kept=1 | rest=64
[TEST] {116} tested=1/3 | kept=0 | rest=63
[TEST] {111} tested=1/3 | kept=0 | rest=61
[TEST] {111} tested=3/3 | kept=0 | rest=59
[TEST] {112} tested=1/3 | kept=0 | rest=58
[TEST] {112} tested=3/3 | kept=0 | rest=56
[TEST] {122} tested=1/3 | kept=1 | rest=55
[TEST] {113} tested=3/3 | kept=0 | rest=53
[WARN] batch start failed | size=3 {121} | split=1 {156} + 1 {157} + 1 {158}
[TEST] {115} tested=1/2 | kept=0 | rest=52
[TEST] {115} tested=2/2 | kept=0 | rest=51
[TEST] {123} tested=1/3 | kept=1 | rest=50
[TEST] {124} tested=1/3 | kept=1 | rest=48
[TEST] {124} tested=3/3 | kept=3 | rest=46
[TEST] {123} tested=3/3 | kept=3 | rest=45
[TEST] {125} tested=1/3 | kept=1 | rest=44
[TEST] {120} tested=3/3 | kept=0 | rest=42
[TEST] {90} tested=1/3 | kept=0 | rest=41
[TEST] {125} tested=3/3 | kept=3 | rest=39
[TEST] {90} tested=3/3 | kept=0 | rest=37
[REPAIR] name=[免费节点11] 🇩🇪 德国 10 {127} | fields=up,down
[REPAIR] name=[ChromeGO-ShiteThings] hysteria {131} | fields=up,down
[TEST] {128} tested=1/1 | kept=0 | rest=36
[REPAIR] name=[ChromeGO-ShiteThings] hysteria-3 {133} | fields=up,down
[REPAIR] name=[ChromeGO-ShiteThings] hysteria-2 {132} | fields=up,down
[TEST] {131} tested=1/1 | kept=0 | rest=35
[TEST] {116} tested=3/3 | kept=0 | rest=34
[REPAIR] name=[ChromeGO-ShiteThings] hysteria-4 {134} | fields=up,down
[TEST] {133} tested=1/1 | kept=0 | rest=33
[TEST] {127} tested=1/1 | kept=0 | rest=32
[REPAIR] name=[ChromeGO-Merge] France_hysteria_1 {136} | fields=up,down
[REPAIR] name=[ChromeGO-Merge] United-4 {135} | fields=up,down
[TEST] {130} tested=1/1 | kept=0 | rest=31
[REPAIR] name=[ChromeGO-Merge] United-5 {137} | fields=up,down
[REPAIR] name=[ChromeGO-Merge] WARP {140} | fields=dialer-proxy
[TEST] {132} tested=1/1 | kept=0 | rest=30
[TEST] {140} tested=1/1 | kept=1 | rest=29
[TEST] {138} tested=1/1 | kept=0 | rest=28
[TEST] {139} tested=1/1 | kept=0 | rest=27
[REPAIR] name=[ChromeGO-Merge] Taiwan {141} | fields=up,down
[REPAIR] name=[ChromeGO-Merge] France-2 {143} | fields=up,down
[REPAIR] name=[ChromeGO-Merge] Taiwan-2 {145} | fields=up,down
[REPAIR] name=[ChromeGO-Merge] United-9 {144} | fields=up,down
[TEST] {141} tested=1/1 | kept=0 | rest=26
[REPAIR] name=[ChromeGO-Merge] United-10 {146} | fields=up,down
[TEST] {145} tested=1/1 | kept=0 | rest=25
[DROP] name=[Pawdroid-SR-APK] 沙特阿拉伯+Arabic+Computer+System+Co. {148} | server=85.209.157.184:8388 | reason=Parse config error: proxy 0: ss 85.209.157.184:8388 cipher: mnv{v]ʉ \t>\x0f\x18\t,y initialize error: unknown method: mnv{v]ʉ \t>\x0f\x18\t,y
[TEST] {147} tested=1/1 | kept=1 | rest=23
[TEST] {149} tested=1/1 | kept=1 | rest=22
[REPAIR] name=[Epodonios] EPODONIOS-166 {151} | fields=cipher
[REPAIR] name=[Epodonios] EPODONIOS-167 {152} | fields=cipher
[REPAIR] name=[Pawdroid-SS-APK] United+Kingdom-3 {153} | fields=cipher
[TEST] {152} tested=1/1 | kept=1 | rest=21
[TEST] {119} tested=1/3 | kept=0 | rest=20
[TEST] {119} tested=3/3 | kept=0 | rest=18
[TEST] {122} tested=3/3 | kept=2 | rest=17
[TEST] {154} tested=1/1 | kept=0 | rest=16
[REPAIR] name=[Free-clash-v2ray] hysteria {156} | fields=up,down
[TEST] {158} tested=1/1 | kept=1 | rest=15
[TEST] {156} tested=1/1 | kept=0 | rest=14
[TEST] {157} tested=1/1 | kept=1 | rest=13
[TEST] {129} tested=1/1 | kept=0 | rest=12
[TEST] {134} tested=1/1 | kept=0 | rest=11
[TEST] {136} tested=1/1 | kept=0 | rest=10
[TEST] {135} tested=1/1 | kept=0 | rest=9
[TEST] {137} tested=1/1 | kept=0 | rest=8
[TEST] {142} tested=1/1 | kept=0 | rest=7
[TEST] {143} tested=1/1 | kept=0 | rest=6
[TEST] {144} tested=1/1 | kept=0 | rest=5
[TEST] {146} tested=1/1 | kept=0 | rest=4
[TEST] {150} tested=1/1 | kept=0 | rest=3
[TEST] {151} tested=1/1 | kept=0 | rest=2
[TEST] {153} tested=1/1 | kept=0 | rest=1
[TEST] {155} tested=1/1 | kept=0 | rest=0
[INFO] dropped=1 | [Pawdroid-SR-APK] × 1
============================================================
[INFO] cap live | source=[免费节点2] | from=205 | to=50
[INFO] cap live | source=[免费节点8] | from=215 | to=50
[INFO] cap live | source=[Pawdroid-SR-APK] | from=631 | to=50
[INFO] cap live | source=[Pawdroid-SS-APK] | from=214 | to=50
[INFO] cap live | source=[Epodonios] | from=125 | to=50
[INFO] cap live | source=[Free-clash-v2ray] | from=1474 | to=50
[INFO] cap live | source=[V2rayclashfree-RSS] | from=384 | to=50
[INFO] cap live total | from=558 | to=400 | floor=5 | by=health_score
[INFO] cap live | reserved=105 | pool=453 | taken=295
[INFO] cap live | source=[免费节点2] | from=50 | to=39
[INFO] cap live | source=[Mibei77-RSS] | from=30 | to=6
[INFO] cap live | source=[Yoyapai-RSS] | from=30 | to=10
[INFO] cap live | source=[大FQ运动] | from=6 | to=5
[INFO] cap live | source=[Pawdroid] | from=6 | to=5
[INFO] cap live | source=[NekoWarp] | from=6 | to=5
[INFO] cap live | source=[免费节点4] | from=37 | to=5
[INFO] cap live | source=[免费节点10] | from=23 | to=5
[INFO] cap live | source=[免费节点11] | from=21 | to=5
[INFO] cap live | source=[ChromeGO-ShiteThings] | from=7 | to=5
[INFO] cap live | source=[1VPN-CRX] | from=16 | to=5
[INFO] cap live | source=[Clashfree] | from=11 | to=5
[INFO] cap live | source=[Epodonios] | from=50 | to=35
[INFO] geo tally | live=400 | HK=38 | JP=89 | KR=33 | TW=16 | SG=9 | US=63 | GB=7 | FR=29 | DE=2 | NL=9 | CA=3 | other=102
[INFO] score summary | n=400 | max=166.7818 | p90=109.5053 | p50=58.4408 | avg=69.7271 | min=-2.0090 | geo_avg=32.0413 | adj_avg=+7.9213
============================================================
+------------------------------+--------+--------+------+--------+
| source                       |    raw | unique | live | capped |
+------------------------------+--------+--------+------+--------+
| [大FQ运动]                   |     18 |     18 |    6 |      5 |
+------------------------------+--------+--------+------+--------+
| [Pawdroid]                   |     10 |      9 |    6 |      5 |
+------------------------------+--------+--------+------+--------+
| [FreeV2-Base64]              |      3 |      3 |    3 |      3 |
+------------------------------+--------+--------+------+--------+
| [Bocchi2b-Base64]            |     35 |     35 |    0 |      0 |
+------------------------------+--------+--------+------+--------+
| [Freesocks]                  |      4 |      4 |    3 |      3 |
+------------------------------+--------+--------+------+--------+
| [NekoWarp]                   |     10 |     10 |    6 |      5 |
+------------------------------+--------+--------+------+--------+
| [OpenRunner-RSS]             |     14 |     14 |    0 |      0 |
+------------------------------+--------+--------+------+--------+
| [V2Rayshare-RSS]             |     22 |     22 |    1 |      1 |
+------------------------------+--------+--------+------+--------+
| [Mibei77-RSS]                |     65 |     65 |   30 |      6 |
+------------------------------+--------+--------+------+--------+
| [Yoyapai-RSS]                |    274 |    264 |   30 |     10 |
+------------------------------+--------+--------+------+--------+
| [免费节点1]                  |     64 |     36 |    1 |      1 |
+------------------------------+--------+--------+------+--------+
| [免费节点2]                  |    634 |    590 |  205 |     39 |
+------------------------------+--------+--------+------+--------+
| [免费节点3]                  |     39 |      0 |    0 |      0 |
+------------------------------+--------+--------+------+--------+
| [免费节点4]                  |    783 |    711 |   37 |      5 |
+------------------------------+--------+--------+------+--------+
| [免费节点5]                  |     29 |     28 |    0 |      0 |
+------------------------------+--------+--------+------+--------+
| [免费节点6]                  |    566 |    553 |    3 |      3 |
+------------------------------+--------+--------+------+--------+
| [免费节点7]                  |     64 |      0 |    0 |      0 |
+------------------------------+--------+--------+------+--------+
| [免费节点8]                  |   4298 |   3846 |  215 |     50 |
+------------------------------+--------+--------+------+--------+
| [免费节点9]                  |    615 |    453 |    0 |      0 |
+------------------------------+--------+--------+------+--------+
| [免费节点10]                 |   4587 |   3080 |   23 |      5 |
+------------------------------+--------+--------+------+--------+
| [免费节点11]                 |    706 |    244 |   21 |      5 |
+------------------------------+--------+--------+------+--------+
| [ChromeGO-Toolkit]           |     20 |     18 |    3 |      3 |
+------------------------------+--------+--------+------+--------+
| [ChromeGO-ShiteThings]       |     31 |     24 |    7 |      5 |
+------------------------------+--------+--------+------+--------+
| [ChromeGO-Merge]             |    180 |     74 |    1 |      1 |
+------------------------------+--------+--------+------+--------+
| [Pawdroid-SR-APK]            |   1035 |    708 |  631 |     50 |
+------------------------------+--------+--------+------+--------+
| [Pawdroid-SS-APK]            |   1478 |   1015 |  214 |     50 |
+------------------------------+--------+--------+------+--------+
| [1VPN-CRX]                   |     17 |     17 |   16 |      5 |
+------------------------------+--------+--------+------+--------+
| [Clashfree]                  |    312 |    143 |   11 |      5 |
+------------------------------+--------+--------+------+--------+
| [Epodonios]                  |   4486 |   3564 |  125 |     35 |
+------------------------------+--------+--------+------+--------+
| [Free-clash-v2ray]           |   3521 |   2118 | 1474 |     50 |
+------------------------------+--------+--------+------+--------+
| [V2rayclashfree-RSS]         |   3406 |    659 |  384 |     50 |
+------------------------------+--------+--------+------+--------+
============================================================
[INFO] clash history written | path=/home/runner/work/Free-node-autotest/Free-node-autotest/history/797389969896-clash-0103-20261003.yaml
[SUMMARY] total_nodes=27326
[SUMMARY] legal_candidates=18325
[SUMMARY] passed_latency_test=400
[SUMMARY] region_HK=38 | region_JP=90 | region_US=73
[SUMMARY] avg_latency_ms=308.26
[SUMMARY] output=/home/runner/work/Free-node-autotest/Free-node-autotest/output/clash.yaml
============================================================
[INFO] raw backup written | path=/home/runner/work/Free-node-autotest/Free-node-autotest/output/raw.yaml | history=797389969896-raw-0103-20261003.yaml | proxies=27328
[INFO] debug history written | path=/home/runner/work/Free-node-autotest/Free-node-autotest/history/797389969896-debug-0103-20261003.log | proxies=27341
