============================================================
[INFO] sublink try page | url=https://end-gfw.com
[OK] proxies=2 | new=2 | url=https://raw.githubusercontent.com/hello-world-1989/cn-news/refs/heads/main/clash.yaml
[OK] proxies=2 | new=0 | url=https://raw.githubusercontent.com/hello-world-1989/cn-news/main/end-gfw-together
[OK] proxies=2 | new=2 | url=https://raw.githubusercontent.com/hello-world-1989/cn-news/main/end-gfw-together-ss
[INFO] source try link | url=https://end-gfw.com/ss-key
[OK] proxies=4 | new=4 | url=https://end-gfw.com/ss-key
[INFO] sublink try repo | url=https://github.com/hello-world-1989/cn-news
[INFO] sublink try page | url=https://raw.githubusercontent.com/hello-world-1989/cn-news/main/README.md
[OK] proxies=6 | new=6 | url=https://raw.githubusercontent.com/hello-world-1989/v2-sub/main/end-gfw-together-af3e13
[OK] proxies=14 | source=[大FQ运动] | url=https://raw.githubusercontent.com/hello-world-1989/cn-news/main/README.md
============================================================
[INFO] sublink try repo | url=https://github.com/Pawdroid/Free-servers
[INFO] sublink try page | url=https://raw.githubusercontent.com/Pawdroid/Free-servers/main/README.md
[OK] proxies=20 | new=20 | url=https://raw.githubusercontent.com/Pawdroid/Free-servers/main/README.md
[OK] proxies=20 | new=19 | url=https://raw.githubusercontent.com/Pawdroid/Free-servers/main/sub
[OK] proxies=1 | new=1 | url=https://apps.apple.com/cn/app/shadowshare/id1612647259
[OK] proxies=1 | new=1 | url=http://www.surflare.com
[OK] proxies=41 | source=[Pawdroid] | url=https://raw.githubusercontent.com/Pawdroid/Free-servers/main/README.md
============================================================
[INFO] source try link | url=https://xmxosfepggzm.503403.xyz
[OK] proxies=3 | new=3 | url=https://xmxosfepggzm.503403.xyz
[OK] proxies=3 | source=[FreeV2-Base64] | url=https://xmxosfepggzm.503403.xyz
============================================================
[INFO] source try link | url=https://links.bocchi2b.top/clash
[OK] proxies=35 | new=35 | url=https://links.bocchi2b.top/clash
[OK] proxies=35 | source=[Bocchi2b-Base64] | url=https://links.bocchi2b.top/clash
============================================================
[INFO] toolkit try repo | url=https://github.com/bannedbook/fanqiang
[INFO] toolkit try release | url=https://github.com/bannedbook/fanqiang/releases
[INFO] toolkit try release | url=https://github.com/bannedbook/fanqiang/releases/expanded_assets/ChromeGo-latest
[INFO] toolkit try download | url=https://github.com/bannedbook/fanqiang/releases/download/ChromeGo-latest/ChromeGo.7z
[OK] toolkit downloaded | file=ChromeGo.7z | size=96.2MB
[OK] toolkit extracted | archive=ChromeGo.7z | tool=7z | files=222 | dirs=45
[OK] toolkit discovered | subs=107 | embedded=12 | archive=ChromeGo.7z
[OK] proxies=6 | new=6 | embedded=archive-config
[OK] proxies=3 | new=3 | url=https://gitlab.com/free9999/ipupdate/master/backup/img/1/2/{ipp|ip}/clash.meta2/{5|6|3|1|4|2}/config.yaml
[OK] proxies=3 | new=0 | url=https://www.67867867.xyz/Alvin9999/PAC/refs/heads/master/backup/img/1/2/{ipp|ip}/clash.meta2/{5|6|3|1|4|2}/config.yaml
[OK] proxies=7 | new=5 | url=https://gitlab.com/free9999/ipupdate/master/backup/img/1/2/{ipp|ip}/{hysteria2|singbox|naiveproxy|hysteria|xray}/{3|1|4|2}/config.json
[OK] proxies=7 | new=0 | url=https://www.67867867.xyz/Alvin9999/PAC/refs/heads/master/backup/img/1/2/{ipp|ip}/{hysteria2|singbox|naiveproxy|hysteria|xray}/{3|1|4|2}/config.json
[OK] proxies=14 | source=[ChromeGO-Toolkit] | url=https://github.com/bannedbook/fanqiang/releases/download/ChromeGo-latest/ChromeGo.7z
============================================================
[INFO] sublink try repo | url=https://github.com/ShiteThings/extractNodes
[INFO] sublink try page | url=https://raw.githubusercontent.com/ShiteThings/extractNodes/main/README.md
[OK] proxies=31 | new=30 | url=https://{chg26.makou.cc.cd|chg64.makou.cc.cd}
[OK] proxies=26 | new=1 | url=https://chg26.makou.cc.cd/sb
[OK] proxies=31 | source=[ChromeGO-ShiteThings] | url=https://raw.githubusercontent.com/ShiteThings/extractNodes/main/README.md
============================================================
[INFO] sublink try repo | url=https://github.com/shangui999/chromego_merge
[INFO] sublink try page | url=https://raw.githubusercontent.com/shangui999/chromego_merge/master/ReadMe.md
[OK] proxies=10 | new=10 | url=https://freedman.netlify.app/sub/merged_proxies_new.yaml
[OK] proxies=11 | new=1 | url=https://freedman.netlify.app/sub/merged_warp_proxies_new.yaml
[OK] proxies=11 | new=6 | url=https://freedman.netlify.app/sub/shadowrocket_base64.txt
[OK] proxies=16 | new=16 | url=https://freedman.netlify.app/sub/sb.json
[INFO] sublink try repo | url=https://github.com/yaney01/chromego
[INFO] sublink try page | url=https://raw.githubusercontent.com/yaney01/chromego/main/ReadMe.md
[OK] proxies=50 | new=46 | url=https://raw.githubusercontent.com/yaney01/chromego/main/sub/merged_proxies_new.yaml
[OK] proxies=51 | new=0 | url=https://raw.githubusercontent.com/yaney01/chromego/main/sub/merged_warp_proxies_new.yaml
[OK] proxies=13 | new=7 | url=https://raw.githubusercontent.com/yaney01/chromego/main/sub/shadowrocket_base64.txt
[OK] proxies=13 | new=0 | url=https://raw.githubusercontent.com/yaney01/chromego/main/sub/sb.json
[INFO] sublink try repo | url=https://github.com/Misaka-blog/chromego_merge
[INFO] sublink try page | url=https://raw.githubusercontent.com/Misaka-blog/chromego_merge/main/README.md
[OK] proxies=22 | new=22 | url=https://chromego-sub.netlify.app/sub/merged_proxies_new.yaml
[OK] proxies=108 | source=[ChromeGO-Merge] | url=https://raw.githubusercontent.com/Misaka-blog/chromego_merge/main/README.md
============================================================
[INFO] source try link | url=https://freesocks.org/api/v1/sub/02b897e8e77f19176b0b9f2c75864b00
[OK] proxies=1 | new=1 | url=https://freesocks.org/api/v1/sub/02b897e8e77f19176b0b9f2c75864b00
[OK] proxies=1 | source=[Freesocks] | url=https://freesocks.org/api/v1/sub/02b897e8e77f19176b0b9f2c75864b00
============================================================
[INFO] source try link | url=https://neko-warp.nloli.xyz/neko_warp.yaml
[OK] proxies=10 | new=10 | url=https://neko-warp.nloli.xyz/neko_warp.yaml
[OK] proxies=10 | source=[NekoWarp] | url=https://neko-warp.nloli.xyz/neko_warp.yaml
============================================================
[INFO] toolkit try chrome | url=https://chromewebstore.google.com/detail/free-vpn-proxy-1vpn/akcocjjpkmlniicdeemdceeajlmoabhg
[INFO] toolkit try download | url=https://clients2.google.com/service/update2/crx?response=redirect&prodversion=131.0.6778.0&acceptformat=crx2,crx3&x=id%3dakcocjjpkmlniicdeemdceeajlmoabhg%26uc
[OK] toolkit downloaded | file=free-vpn-proxy-1vpn.crx | size=1.6MB
[OK] toolkit extracted | archive=free-vpn-proxy-1vpn.crx | tool=zipfile | files=68 | dirs=57
[OK] toolkit 1vpn-crx scanned | hosts=17 | keys=1 | archive=free-vpn-proxy-1vpn.crx
[OK] proxies=17 | source=[1VPN-CRX] | url=https://clients2.google.com/service/update2/crx?response=redirect&prodversion=131.0.6778.0&acceptformat=crx2,crx3&x=id%3dakcocjjpkmlniicdeemdceeajlmoabhg%26uc
============================================================
[INFO] article try feed | url=https://free.datiya.com/index.xml
[INFO] sublink try page | url=https://free.datiya.com/post/20260927/
[OK] proxies=11 | new=11 | url=https://free.datiya.com/uploads/20260927-clash.yaml
[OK] proxies=11 | source=[OpenRunner-RSS] | url=https://free.datiya.com/post/20260927/
============================================================
[INFO] article try feed | url=https://v2rayshare.com/feed
[INFO] sublink try page | url=https://v2rayshare.com/p/4097.html
[INFO] sublink try repo | url=https://github.com/firefoxmmx2/v2rayshare_subcription
[INFO] sublink try page | url=https://raw.githubusercontent.com/firefoxmmx2/v2rayshare_subcription/main/README.md
[OK] proxies=22 | new=22 | url=https://{raw.githubusercontent.com|cdn.jsdelivr.net}/firefoxmmx2/v2rayshare_subcription/main/subscription/vray_sub.txt
[OK] proxies=21 | new=0 | url=https://{raw.githubusercontent.com|cdn.jsdelivr.net}/firefoxmmx2/v2rayshare_subcription/main/subscription/clash_sub.yaml
[OK] proxies=22 | new=0 | url=https://{raw.githubusercontent.com|cdn.jsdelivr.net}/firefoxmmx2/v2rayshare_subcription/main/subscription/mihomo_sub.yaml
[OK] proxies=22 | source=[V2Rayshare-RSS] | url=https://raw.githubusercontent.com/firefoxmmx2/v2rayshare_subcription/main/README.md
============================================================
[INFO] article try feed | url=https://www.mibei77.com/feed
[INFO] sublink try page | url=https://www.mibei77.com/697.html
[OK] proxies=108 | new=108 | url=https://mm.mibei77.com/202609/09.2664bacds.txt
[OK] proxies=109 | new=2 | url=https://mm.mibei77.com/202609/0926Clashizxs.yaml
[OK] proxies=110 | source=[Mibei77-RSS] | url=https://www.mibei77.com/697.html
============================================================
[INFO] article try feed | url=https://yoyapai.com/feed
[INFO] sublink try page | url=https://yoyapai.com/736
[OK] proxies=1 | new=1 | url=https://yoyapai.com/736
[OK] proxies=226 | new=226 | url=https://freenode.yoyapai.com/2026/09/26-yoyapai.com-clashvpnmianfeijiedian.yaml
[OK] proxies=226 | new=0 | url=https://freenode.yoyapai.com/2026/09/26-yoyapai.com-ssrv2rayvpnmianfeijiedian.txt
[OK] proxies=227 | source=[Yoyapai-RSS] | url=https://yoyapai.com/736
============================================================
[INFO] sublink try repo | url=https://github.com/free18/v2ray
[INFO] sublink try page | url=https://raw.githubusercontent.com/free18/v2ray/main/README.md
[OK] proxies=3 | new=3 | url=https://raw.githubusercontent.com/free18/v2ray/main/README.md
[OK] proxies=148 | new=148 | url=https://ghfast.top/https://raw.githubusercontent.com/free18/v2ray/refs/heads/main/v.txt
[OK] proxies=148 | new=0 | url=https://ghfast.top/https://raw.githubusercontent.com/free18/v2ray/refs/heads/main/c.yaml
[OK] proxies=151 | source=[免费节点1] | url=https://raw.githubusercontent.com/free18/v2ray/main/README.md
============================================================
[INFO] sublink try repo | url=https://github.com/ermaozi/get_subscribe
[INFO] sublink try page | url=https://raw.githubusercontent.com/ermaozi/get_subscribe/main/README.md
[INFO] sublink file_nodes=0 | bare links=9
[OK] proxies=300 | new=300 | url=https://www.ermao.net/sub/{clash|v2ray}/ermao.net
[OK] proxies=300 | new=0 | url=https://www.ermao.net/sub/{reachable|unreachable|untested}/clash/ermao.net
[OK] proxies=300 | source=[免费节点2] | url=https://raw.githubusercontent.com/ermaozi/get_subscribe/main/README.md
============================================================
[INFO] sublink try repo | url=https://github.com/sunmiao4458/free-proxy-airport
[INFO] sublink try page | url=https://raw.githubusercontent.com/sunmiao4458/free-proxy-airport/main/README.md
[OK] proxies=26 | new=26 | url=https://sunmiao4458.github.io/free-proxy-airport/clash.yaml
[OK] proxies=26 | source=[免费节点3] | url=https://raw.githubusercontent.com/sunmiao4458/free-proxy-airport/main/README.md
============================================================
[INFO] sublink try repo | url=https://github.com/mfuu/FreeProxies
[INFO] sublink try page | url=https://raw.githubusercontent.com/mfuu/FreeProxies/master/README.md
[OK] proxies=748 | new=748 | url=https://raw.githubusercontent.com/mfuu/FreeProxies/master/sub.yaml
[OK] proxies=748 | source=[免费节点4] | url=https://raw.githubusercontent.com/mfuu/FreeProxies/master/README.md
============================================================
[INFO] sublink try repo | url=https://github.com/vxiaov/free_proxies
[INFO] sublink try page | url=https://raw.githubusercontent.com/vxiaov/free_proxies/main/README.md
[OK] proxies=1 | new=1 | url=https://raw.githubusercontent.com/vxiaov/free_proxies/main/README.md
[OK] proxies=28 | new=28 | url=https://{cdn.jsdelivr.net|raw.githubusercontent.com}/vxiaov/free_proxies/main/clash/clash.provider.yaml
[OK] proxies=29 | source=[免费节点5] | url=https://raw.githubusercontent.com/vxiaov/free_proxies/main/README.md
============================================================
[INFO] sublink try repo | url=https://github.com/anaer/Sub
[INFO] sublink try page | url=https://raw.githubusercontent.com/anaer/Sub/main/README.MD
[OK] proxies=566 | new=566 | url=https://anaer.github.io/Sub/clash.yaml
[OK] proxies=566 | new=0 | url=https://raw.githubusercontent.com/anaer/Sub/main/clash.yaml
[OK] proxies=566 | source=[免费节点6] | url=https://raw.githubusercontent.com/anaer/Sub/main/README.MD
============================================================
[INFO] sublink try repo | url=https://github.com/snakem982/proxypool
[INFO] sublink try page | url=https://raw.githubusercontent.com/snakem982/proxypool/main/README.md
[OK] proxies=64 | new=64 | url=https://raw.githubusercontent.com/snakem982/proxypool/main/source/clash-meta-2.yaml
[OK] proxies=59 | new=0 | url=https://raw.githubusercontent.com/snakem982/proxypool/main/source/v2ray-2.txt
[OK] proxies=59 | new=0 | url=https://raw.githubusercontent.com/snakem982/proxypool/main/source/sing-box-2.json
[OK] proxies=64 | source=[免费节点7] | url=https://raw.githubusercontent.com/snakem982/proxypool/main/README.md
============================================================
[INFO] sublink try repo | url=https://github.com/mahdibland/V2RayAggregator
[INFO] sublink try page | url=https://raw.githubusercontent.com/mahdibland/V2RayAggregator/master/README.md
[OK] proxies=375 | new=375 | url=https://raw.githubusercontent.com/mahdibland/V2RayAggregator/master/README.md
[OK] proxies=1 | new=1 | url=https://github.com/mahdibland/SSAggregator/actions/workflows/Collector.yml
[OK] proxies=1 | new=0 | url=https://github.com/mahdibland/SSAggregator/actions/workflows/Airport_Collector.yml
[OK] proxies=191 | new=0 | url=https://raw.githubusercontent.com/mahdibland/ShadowsocksAggregator/master/Eternity.txt
[OK] proxies=191 | new=3 | url=https://raw.githubusercontent.com/mahdibland/ShadowsocksAggregator/master/Eternity.yml
[OK] proxies=61 | new=61 | url=https://raw.githubusercontent.com/mahdibland/ShadowsocksAggregator/master/EternityAir.txt
[OK] proxies=3933 | new=3648 | url=https://raw.githubusercontent.com/mahdibland/SSAggregator/master/sub/sub_merge_base64.txt
[OK] proxies=3933 | new=0 | url=https://raw.githubusercontent.com/mahdibland/{SSAggregator|ShadowsocksAggregator}/master/sub/sub_merge.txt
[OK] proxies=4048 | new=166 | url=https://raw.githubusercontent.com/mahdibland/SSAggregator/master/sub/sub_merge_yaml.yml
[OK] proxies=61 | new=0 | url=https://raw.githubusercontent.com/mahdibland/SSAggregator/master/sub/airport_merge_base64.txt
[OK] proxies=61 | new=0 | url=https://raw.githubusercontent.com/mahdibland/SSAggregator/master/sub/airport_sub_merge.txt
[OK] proxies=1443 | new=0 | url=https://raw.githubusercontent.com/mahdibland/ShadowsocksAggregator/master/sub/splitted/vmess.txt
[OK] proxies=589 | new=0 | url=https://raw.githubusercontent.com/mahdibland/ShadowsocksAggregator/master/sub/splitted/trojan.txt
[OK] proxies=54 | new=0 | url=https://raw.githubusercontent.com/mahdibland/ShadowsocksAggregator/master/sub/splitted/ssr.txt
[OK] proxies=1847 | new=0 | url=https://raw.githubusercontent.com/mahdibland/ShadowsocksAggregator/master/sub/splitted/ss.txt
[OK] proxies=1 | new=0 | url=https://cdn.jsdelivr.net/gh/mahdibland/V2RayAggregator@master/update/provider/provider-meta.yml
[OK] proxies=1 | new=0 | url=https://cdn.jsdelivr.net/gh/mahdibland/V2RayAggregator@master/update/provider/provider-meta-cn.yml
[OK] proxies=1 | new=0 | url=https://cdn.jsdelivr.net/gh/mahdibland/V2RayAggregator@master/update/provider/provider-meta-others.yml
[OK] proxies=1 | new=0 | url=https://cdn.jsdelivr.net/gh/mahdibland/V2RayAggregator@master/update/provider/provider.yml
[OK] proxies=1 | new=0 | url=https://cdn.jsdelivr.net/gh/mahdibland/V2RayAggregator@master/update/provider/provider-cn.yml
[OK] proxies=1 | new=0 | url=https://cdn.jsdelivr.net/gh/mahdibland/V2RayAggregator@master/update/provider/provider-others.yml
[OK] proxies=4254 | source=[免费节点8] | url=https://raw.githubusercontent.com/mahdibland/V2RayAggregator/master/README.md
============================================================
[INFO] sublink try repo | url=https://github.com/w1770946466/Auto_proxy
[INFO] sublink try page | url=https://raw.githubusercontent.com/w1770946466/Auto_proxy/main/README.md
[OK] proxies=1 | new=1 | url=https://github.com/w1770946466/Auto_proxy/actions/workflows/main.yml
[OK] proxies=245 | new=245 | url=https://raw.githubusercontent.com/w1770946466/Auto_proxy/main/{Long_term_subscription2.yaml|Long_term_subscription1.yaml|Long_term_subscription3.yaml}
[OK] proxies=489 | new=54 | url=https://raw.githubusercontent.com/w1770946466/Auto_proxy/main/{Long_term_subscription1|Long_term_subscription2|Long_term_subscription3|Long_term_subscription4|Long_term_subscription5|Long_term_subscription6|Long_term_subscription7|Long_term_subscription8}
[OK] proxies=489 | new=315 | url=https://raw.githubusercontent.com/w1770946466/Auto_proxy/main/Long_term_subscription_num
[OK] proxies=615 | source=[免费节点9] | url=https://raw.githubusercontent.com/w1770946466/Auto_proxy/main/README.md
============================================================
[INFO] sublink try repo | url=https://github.com/PuddinCat/BestClash
[INFO] sublink try page | url=https://raw.githubusercontent.com/PuddinCat/BestClash/main/README.md
[OK] proxies=16 | new=16 | url=https://raw.githubusercontent.com/PuddinCat/BestClash/main/proxies.yaml
[OK] proxies=28 | new=28 | url=https://cdn.jsdelivr.net/gh/vxiaov/free_proxies@main/clash/clash.provider.yaml
[OK] proxies=24 | new=24 | url=https://freenode.openrunner.net/uploads/20240807-clash.yaml
[OK] proxies=22 | new=22 | url=https://raw.githubusercontent.com/Misaka-blog/chromego_merge/main/sub/merged_proxies_new.yaml
[OK] proxies=3701 | new=3689 | url=https://raw.githubusercontent.com/{NiceVPN123|anaer}/{NiceVPN|Sub}/main/{Clash.yaml|clash.yaml}
[OK] proxies=21 | new=0 | url=https://raw.githubusercontent.com/{chengaopan|peasoft}/{AutoMergePublicNodes|NoMoreWalls}/master/list.yml
[OK] proxies=300 | new=273 | url=https://raw.githubusercontent.com/{ermaozi|ermaozi01}/{get_subscribe|free_clash_vpn}/main/subscribe/clash.yml
[OK] proxies=191 | new=185 | url=https://raw.githubusercontent.com/mahdibland/ShadowsocksAggregator/master/Eternity.yml
[OK] proxies=165 | new=160 | url=https://raw.githubusercontent.com/ronghuaxueleng/get_v2/main/pub/combine.yaml
[OK] proxies=144 | new=3 | url=https://raw.githubusercontent.com/zhangkaiitugithub/passcro/main/speednodes.yaml
[OK] proxies=4400 | source=[免费节点10] | url=https://raw.githubusercontent.com/PuddinCat/BestClash/main/README.md
============================================================
[INFO] sublink try repo | url=https://github.com/kooker/FreeSubsCheck
[INFO] sublink try page | url=https://raw.githubusercontent.com/kooker/FreeSubsCheck/main/README.md
[OK] proxies=3 | new=3 | url=https://raw.githubusercontent.com/kooker/FreeSubsCheck/main/mihomo.yaml
[OK] proxies=3 | new=0 | url=https://raw.githubusercontent.com/kooker/FreeSubsCheck/main/all.yaml
[OK] proxies=2 | new=0 | url=https://raw.githubusercontent.com/kooker/FreeSubsCheck/main/base64.txt
[OK] proxies=2 | new=2 | url=https://raw.githubusercontent.com/kooker/FreeSubsCheck/main/byxiaoxi.txt
[OK] proxies=398 | new=398 | url=https://raw.githubusercontent.com/kooker/FreeSubsCheck/main/kooker.jp.txt
[OK] proxies=403 | source=[免费节点11] | url=https://raw.githubusercontent.com/kooker/FreeSubsCheck/main/README.md
============================================================
[INFO] toolkit try repo | url=https://github.com/Pawdroid/shadowrocket_for_android
[INFO] toolkit try release | url=https://github.com/Pawdroid/shadowrocket_for_android/releases
[INFO] toolkit try release | url=https://github.com/Pawdroid/shadowrocket_for_android/releases/expanded_assets/10.10.55
[INFO] toolkit try download | url=https://github.com/Pawdroid/shadowrocket_for_android/releases/download/10.10.55/Shadowrocket_10.10.55_shadowrocketStandard_arm64-v8a.apk
[OK] toolkit downloaded | file=Shadowrocket_10.10.55_shadowrocketStandard_arm64-v8a.apk | size=39.5MB
[OK] toolkit extracted | archive=Shadowrocket_10.10.55_shadowrocketStandard_arm64-v8a.apk | tool=zipfile | files=1179 | dirs=44
[OK] toolkit sr-apk scanned | prefixes=38 | files=6 | keys=2 | archive=Shadowrocket_10.10.55_shadowrocketStandard_arm64-v8a.apk
[OK] proxies=867 | new=867 | url=https://{cdn.jsdelivr.net|raw.githubusercontent.com}/pixelor/ecfg/main/data/ecfg6_zh
[OK] proxies=920 | new=153 | url=https://{cdn.jsdelivr.net|raw.githubusercontent.com}/pixelor/ecfg/main/data/ecfg6_en
[OK] proxies=140 | new=35 | url=https://{cdn.jsdelivr.net|raw.githubusercontent.com}/pixelor/ecfg/main/data/ecfg6
[OK] proxies=140 | new=0 | url=https://{files.shadowrockets.app|cdn.shadowrockets.app}/ecfg/data/ecfg6
[OK] proxies=679 | new=0 | url=https://{files.shadowrockets.app|cdn.shadowrockets.app}/ecfg/data/ecfg6_en
[OK] proxies=679 | new=0 | url=https://{files.shadowrockets.app|cdn.shadowrockets.app}/ecfg/data/ecfg6_zh
[OK] proxies=1055 | source=[Pawdroid-SR-APK] | url=https://github.com/Pawdroid/shadowrocket_for_android/releases/download/10.10.55/Shadowrocket_10.10.55_shadowrocketStandard_arm64-v8a.apk
============================================================
[INFO] toolkit try page | url=https://shadowshare.v2cross.com
[INFO] toolkit try download | url=https://shadowshare.v2cross.com/shadowshare.apk
[OK] toolkit downloaded | file=shadowshare.apk | size=60MB
[OK] toolkit extracted | archive=shadowshare.apk | tool=zipfile | files=612 | dirs=39
[OK] toolkit ss-apk scanned | prefixes=10 | files=3 | keys=1 | archive=shadowshare.apk
[OK] proxies=201 | new=177 | url=https://{raw.githubusercontent.com|jsd.onmicrosoft.cn}/hideme9527/ecsfg/main/data/sareserver
[OK] proxies=1386 | new=1305 | url=https://{raw.githubusercontent.com|jsd.onmicrosoft.cn}/hideme9527/ecsfg/main/data/sareserver_en
[OK] proxies=110 | new=0 | url=https://{shadowsharing.com|sare.159236.xyz}/data/sareserver
[OK] proxies=1386 | new=0 | url=https://{shadowsharing.com|sare.159236.xyz}/data/sareserver_en
[OK] proxies=110 | new=0 | url=https://gitee.com/api/v5/repos/{elvenapp|zhiminghao|guoyoucai1}/ecsfg/raw/data/sareserver
[OK] proxies=1386 | new=0 | url=https://gitee.com/api/v5/repos/{zhiminghao|guoyoucai1|elvenapp}/ecsfg/raw/data/sareserver_en
[OK] proxies=1482 | source=[Pawdroid-SS-APK] | url=https://shadowshare.v2cross.com/shadowshare.apk
============================================================
[INFO] sublink try repo | url=https://github.com/free-nodes/clashfree
[INFO] sublink try page | url=https://raw.githubusercontent.com/free-nodes/clashfree/main/README.md
[OK] proxies=185 | new=185 | url=https://raw.githubusercontent.com/free-nodes/clashfree/main/README.md
[OK] proxies=185 | new=0 | url=https://raw.githubusercontent.com/free-nodes/clashfree/main/clash20260927.yml
[OK] proxies=1 | new=1 | url=https://github.com/free-nodes/clashfree/blob/main/clash20260927.yml
[OK] proxies=186 | source=[Clashfree] | url=https://raw.githubusercontent.com/free-nodes/clashfree/main/README.md
============================================================
[INFO] sublink try repo | url=https://github.com/Epodonios/v2ray-configs
[INFO] sublink try page | url=https://raw.githubusercontent.com/Epodonios/v2ray-configs/main/README.md
[OK] proxies=1 | new=1 | url=https://github.com/Epodonios/V2ray-Configs/actions/workflows/main.yml
[OK] proxies=4076 | new=4076 | url=https://github.com/Epodonios/v2ray-configs/raw/main/All_Configs_Sub.txt
[OK] proxies=4076 | new=0 | url=https://github.com/Epodonios/v2ray-configs/raw/main/All_Configs_base64_Sub.txt
[OK] proxies=3307 | new=0 | url=https://github.com/Epodonios/v2ray-configs/raw/main/Splitted-By-Protocol/vless.txt
[OK] proxies=182 | new=0 | url=https://github.com/Epodonios/v2ray-configs/raw/main/Splitted-By-Protocol/vmess.txt
[OK] proxies=371 | new=0 | url=https://github.com/Epodonios/v2ray-configs/raw/main/Splitted-By-Protocol/ss.txt
[OK] proxies=173 | new=0 | url=https://github.com/Epodonios/v2ray-configs/raw/main/Splitted-By-Protocol/trojan.txt
[OK] proxies=4076 | new=0 | url=https://raw.githubusercontent.com/Epodonios/v2ray-configs/main/{Sub1.txt|Sub2.txt|Sub3.txt|Sub4.txt|Sub5.txt|Sub6.txt|Sub7.txt|Sub8.txt}
[OK] proxies=4077 | source=[Epodonios] | url=https://raw.githubusercontent.com/Epodonios/v2ray-configs/main/README.md
============================================================
[INFO] sublink try repo | url=https://github.com/free-clash-v2ray/free-clash-v2ray.github.io
[INFO] sublink try page | url=https://raw.githubusercontent.com/free-clash-v2ray/free-clash-v2ray.github.io/main/README.md
[OK] proxies=3279 | new=3279 | url=https://free-clash-v2ray.github.io/uploads/2026/09/{0-20260920.yaml|1-20260920.yaml|2-20260920.yaml|3-20260920.yaml}
[OK] proxies=4810 | new=1941 | url=https://free-clash-v2ray.github.io/uploads/2026/09/{0-20260920.txt|1-20260920.txt|2-20260920.txt|3-20260920.txt|4-20260920.txt}
[OK] proxies=5220 | source=[Free-clash-v2ray] | url=https://raw.githubusercontent.com/free-clash-v2ray/free-clash-v2ray.github.io/main/README.md
============================================================
[INFO] article try page | url=https://v2rayclashfree.com
[INFO] sublink try page | url=https://v2rayclashfree.com/fn/20260927.html
[OK] proxies=1069 | new=1069 | url=https://v2rayclashfree.com/sub/20260927-v2ray.txt
[OK] proxies=1026 | new=374 | url=https://v2rayclashfree.com/sub/20260927-clash.yaml
[OK] proxies=1443 | source=[V2rayclashfree-RSS] | url=https://v2rayclashfree.com/fn/20260927.html
============================================================
[INFO] toolkit try repo | url=https://github.com/MetaCubeX/meta-rules-dat
[INFO] toolkit try release | url=https://github.com/MetaCubeX/meta-rules-dat/releases
[INFO] toolkit try release | url=https://github.com/MetaCubeX/meta-rules-dat/releases/expanded_assets/latest
[INFO] toolkit try download | url=https://github.com/MetaCubeX/meta-rules-dat/releases/download/latest/country.mmdb
[OK] toolkit downloaded | file=country.mmdb | size=7.3MB
[INFO] toolkit try repo | url=https://github.com/annexare/Countries
[INFO] toolkit try release | url=https://github.com/annexare/Countries/releases
[INFO] toolkit try release | url=https://github.com/annexare/Countries/releases/expanded_assets/v3.4.0
[INFO] toolkit try download | url=https://github.com/annexare/Countries/archive/refs/tags/v3.4.0.zip
[OK] toolkit downloaded | file=Countries-3.4.0.zip | size=210.6KB
[OK] toolkit extracted | archive=Countries-3.4.0.zip | tool=zipfile | files=104 | dirs=20
[OK] toolkit extracted | file=countries.min.json | archive=Countries-3.4.0.zip
[OK] toolkit found | file=countries.min.json | from=Countries-3.4.0.zip
[OK] geo score ready | files=country.mmdb, countries.min.json | centroids=0
============================================================
[INFO] raw backup written | path=/home/runner/work/Free-node-autotest/Free-node-autotest/output/raw.yaml | history=797390737692-raw-2307-20260926.yaml | proxies=25665
[INFO] toolkit try repo | url=https://github.com/MetaCubeX/mihomo
[INFO] toolkit try release | url=https://github.com/MetaCubeX/mihomo/releases
[INFO] toolkit try release | url=https://github.com/MetaCubeX/mihomo/releases/expanded_assets/v1.19.31
[WARN] toolkit skip | reason=no hash | file=v1.19.31.tar.gz
[WARN] toolkit skip | reason=no hash | file=v1.19.31.zip
[INFO] toolkit try download | url=https://github.com/MetaCubeX/mihomo/releases/download/v1.19.31/mihomo-linux-amd64-compatible-v1.19.31.gz
[OK] toolkit downloaded | file=mihomo-linux-amd64-compatible-v1.19.31.gz | size=21.8MB
[OK] toolkit hash verified | file=mihomo-linux-amd64-compatible-v1.19.31.gz | sha256=04cf9f09671704f839ddbee2e93069dc831a4123a75281e725d1d96ab9ac1afc
[OK] proxy engine ready, starting latency test | package=mihomo-linux-amd64-compatible-v1.19.31.gz
============================================================
[WARN] batch start failed | size=18075 {1} | split=9037 {2} + 9038 {3}
[WARN] batch start failed | size=9037 {2} | split=4518 {4} + 4519 {5}
[WARN] batch start failed | size=9038 {3} | split=4519 {6} + 4519 {7}
[WARN] batch start failed | size=4518 {4} | split=2259 {8} + 2259 {9}
[WARN] batch start failed | size=4519 {6} | split=2259 {10} + 2260 {11}
[TEST] {5} tested=100/4519 | kept=0 | rest=17975
[WARN] batch start failed | size=2259 {8} | split=1129 {12} + 1130 {13}
[WARN] batch start failed | size=4519 {7} | split=2259 {14} + 2260 {15}
[WARN] batch start failed | size=2260 {11} | split=1130 {16} + 1130 {17}
[TEST] {5} tested=200/4519 | kept=0 | rest=17783
[WARN] batch start failed | size=2259 {10} | split=1129 {18} + 1130 {19}
[TEST] {9} tested=100/2259 | kept=32 | rest=17692
[TEST] {9} tested=200/2259 | kept=32 | rest=17592
[TEST] {5} tested=300/4519 | kept=0 | rest=17466
[TEST] {13} tested=100/1130 | kept=0 | rest=17297
[TEST] {13} tested=200/1130 | kept=33 | rest=17193
[TEST] {9} tested=300/2259 | kept=33 | rest=17175
[TEST] {9} tested=400/2259 | kept=33 | rest=17071
[TEST] {9} tested=500/2259 | kept=35 | rest=16970
[TEST] {9} tested=600/2259 | kept=36 | rest=16858
[TEST] {5} tested=400/4519 | kept=0 | rest=16848
[TEST] {5} tested=500/4519 | kept=0 | rest=16727
[TEST] {13} tested=300/1130 | kept=38 | rest=16648
[TEST] {13} tested=400/1130 | kept=38 | rest=16545
[TEST] {9} tested=700/2259 | kept=36 | rest=16373
[TEST] {13} tested=500/1130 | kept=38 | rest=16362
[TEST] {9} tested=800/2259 | kept=36 | rest=16172
[TEST] {5} tested=600/4519 | kept=0 | rest=16152
[TEST] {13} tested=600/1130 | kept=38 | rest=16053
[TEST] {13} tested=700/1130 | kept=40 | rest=15902
[TEST] {9} tested=900/2259 | kept=36 | rest=15813
[TEST] {5} tested=700/4519 | kept=0 | rest=15694
[TEST] {13} tested=800/1130 | kept=40 | rest=15589
[TEST] {9} tested=1000/2259 | kept=36 | rest=15425
[TEST] {13} tested=900/1130 | kept=40 | rest=15386
[TEST] {5} tested=800/4519 | kept=0 | rest=15324
[TEST] {5} tested=900/4519 | kept=0 | rest=15179
[TEST] {13} tested=1000/1130 | kept=44 | rest=15050
[TEST] {9} tested=1100/2259 | kept=36 | rest=15010
[TEST] {9} tested=1200/2259 | kept=36 | rest=14801
[TEST] {5} tested=1000/4519 | kept=0 | rest=14785
[TEST] {5} tested=1100/4519 | kept=0 | rest=14668
[TEST] {5} tested=1200/4519 | kept=0 | rest=14551
[TEST] {13} tested=1100/1130 | kept=83 | rest=14546
[TEST] {13} tested=1130/1130 | kept=84 | rest=14490
[WARN] batch start failed | size=1129 {12} | split=564 {20} + 565 {21}
[TEST] {9} tested=1300/2259 | kept=36 | rest=14418
[TEST] {5} tested=1300/4519 | kept=0 | rest=14308
[TEST] {5} tested=1400/4519 | kept=0 | rest=14203
[TEST] {5} tested=1500/4519 | kept=0 | rest=14094
[TEST] {5} tested=1600/4519 | kept=0 | rest=13989
[TEST] {14} tested=100/2259 | kept=0 | rest=13830
[TEST] {14} tested=200/2259 | kept=1 | rest=13706
[TEST] {9} tested=1400/2259 | kept=36 | rest=13635
[TEST] {5} tested=1700/4519 | kept=0 | rest=13498
[TEST] {9} tested=1500/2259 | kept=36 | rest=13462
[TEST] {5} tested=1800/4519 | kept=0 | rest=13355
[TEST] {14} tested=300/2259 | kept=5 | rest=13243
[TEST] {5} tested=1900/4519 | kept=8 | rest=13152
[TEST] {14} tested=400/2259 | kept=6 | rest=13105
[TEST] {14} tested=500/2259 | kept=9 | rest=12996
[TEST] {9} tested=1600/2259 | kept=36 | rest=12829
[TEST] {14} tested=600/2259 | kept=12 | rest=12811
[TEST] {5} tested=2000/4519 | kept=10 | rest=12691
[TEST] {9} tested=1700/2259 | kept=36 | rest=12500
[TEST] {14} tested=700/2259 | kept=12 | rest=12450
[TEST] {9} tested=1800/2259 | kept=50 | rest=12338
[TEST] {5} tested=2100/4519 | kept=10 | rest=12289
[TEST] {9} tested=1900/2259 | kept=120 | rest=12170
[TEST] {5} tested=2200/4519 | kept=10 | rest=12032
[TEST] {14} tested=800/2259 | kept=12 | rest=11998
[TEST] {14} tested=900/2259 | kept=14 | rest=11855
[TEST] {14} tested=1000/2259 | kept=14 | rest=11740
[TEST] {5} tested=2300/4519 | kept=11 | rest=11576
[TEST] {14} tested=1100/2259 | kept=17 | rest=11556
[TEST] {9} tested=2000/2259 | kept=134 | rest=11484
[TEST] {5} tested=2400/4519 | kept=11 | rest=11380
[TEST] {14} tested=1200/2259 | kept=18 | rest=11208
[TEST] {9} tested=2100/2259 | kept=134 | rest=11145
[TEST] {14} tested=1300/2259 | kept=52 | rest=11054
[TEST] {5} tested=2500/4519 | kept=11 | rest=11016
[TEST] {14} tested=1400/2259 | kept=123 | rest=10838
[TEST] {5} tested=2600/4519 | kept=11 | rest=10747
[TEST] {14} tested=1500/2259 | kept=164 | rest=10622
[TEST] {14} tested=1600/2259 | kept=173 | rest=10517
[TEST] {14} tested=1700/2259 | kept=178 | rest=10407
[TEST] {14} tested=1800/2259 | kept=181 | rest=10305
[TEST] {14} tested=1900/2259 | kept=187 | rest=10190
[TEST] {14} tested=2000/2259 | kept=244 | rest=10075
[TEST] {9} tested=2200/2259 | kept=134 | rest=9996
[TEST] {14} tested=2100/2259 | kept=290 | rest=9944
[TEST] {14} tested=2200/2259 | kept=323 | rest=9843
[TEST] {5} tested=2700/4519 | kept=11 | rest=9818
[TEST] {9} tested=2259/2259 | kept=134 | rest=9692
[TEST] {5} tested=2800/4519 | kept=11 | rest=9657
[WARN] batch start failed | size=2260 {15} | split=1130 {22} + 1130 {23}
[TEST] {14} tested=2259/2259 | kept=338 | rest=9555
[TEST] {17} tested=100/1130 | kept=6 | rest=9446
[WARN] batch start failed | size=1130 {16} | split=565 {24} + 565 {25}
[TEST] {5} tested=2900/4519 | kept=12 | rest=9364
[TEST] {17} tested=200/1130 | kept=8 | rest=9314
[WARN] batch start failed | size=1129 {18} | split=564 {26} + 565 {27}
[WARN] batch start failed | size=1130 {19} | split=565 {28} + 565 {29}
[TEST] {5} tested=3000/4519 | kept=12 | rest=9131
[TEST] {17} tested=300/1130 | kept=14 | rest=9106
[TEST] {17} tested=400/1130 | kept=14 | rest=8916
[TEST] {21} tested=100/565 | kept=51 | rest=8903
[TEST] {17} tested=500/1130 | kept=14 | rest=8775
[TEST] {5} tested=3100/4519 | kept=13 | rest=8675
[TEST] {17} tested=600/1130 | kept=15 | rest=8586
[TEST] {21} tested=200/565 | kept=63 | rest=8443
[TEST] {17} tested=700/1130 | kept=17 | rest=8297
[TEST] {5} tested=3200/4519 | kept=14 | rest=8188
[TEST] {17} tested=800/1130 | kept=17 | rest=8100
[TEST] {5} tested=3300/4519 | kept=15 | rest=7958
[TEST] {17} tested=900/1130 | kept=17 | rest=7912
[TEST] {5} tested=3400/4519 | kept=15 | rest=7805
[TEST] {21} tested=300/565 | kept=100 | rest=7706
[TEST] {17} tested=1000/1130 | kept=21 | rest=7652
[TEST] {5} tested=3500/4519 | kept=15 | rest=7480
[TEST] {17} tested=1100/1130 | kept=22 | rest=7339
[TEST] {5} tested=3600/4519 | kept=15 | rest=7335
[TEST] {5} tested=3700/4519 | kept=15 | rest=7214
[TEST] {21} tested=400/565 | kept=100 | rest=7181
[TEST] {21} tested=500/565 | kept=102 | rest=7056
[TEST] {17} tested=1130/1130 | kept=22 | rest=7030
[TEST] {5} tested=3800/4519 | kept=15 | rest=6978
[WARN] batch start failed | size=564 {20} | split=282 {30} + 282 {31}
[TEST] {5} tested=3900/4519 | kept=15 | rest=6875
[TEST] {5} tested=4000/4519 | kept=15 | rest=6773
[TEST] {5} tested=4100/4519 | kept=15 | rest=6672
[TEST] {22} tested=100/1130 | kept=0 | rest=6507
[TEST] {22} tested=200/1130 | kept=0 | rest=6407
[TEST] {22} tested=300/1130 | kept=0 | rest=6307
[TEST] {22} tested=400/1130 | kept=0 | rest=6204
[TEST] {22} tested=500/1130 | kept=0 | rest=6096
[TEST] {22} tested=600/1130 | kept=2 | rest=5979
[TEST] {22} tested=700/1130 | kept=2 | rest=5869
[TEST] {22} tested=800/1130 | kept=3 | rest=5763
[TEST] {21} tested=565/565 | kept=102 | rest=5686
[TEST] {22} tested=900/1130 | kept=11 | rest=5650
[TEST] {22} tested=1000/1130 | kept=37 | rest=5546
[TEST] {5} tested=4200/4519 | kept=15 | rest=5482
[WARN] batch start failed | size=1130 {23} | split=565 {32} + 565 {33}
[TEST] {5} tested=4300/4519 | kept=15 | rest=5360
[TEST] {25} tested=100/565 | kept=0 | rest=5188
[TEST] {5} tested=4400/4519 | kept=15 | rest=5132
[TEST] {22} tested=1100/1130 | kept=51 | rest=5003
[TEST] {22} tested=1130/1130 | kept=51 | rest=4969
[WARN] batch start failed | size=565 {24} | split=282 {34} + 283 {35}
[TEST] {25} tested=200/565 | kept=0 | rest=4934
[TEST] {26} tested=100/564 | kept=0 | rest=4763
[TEST] {26} tested=200/564 | kept=0 | rest=4638
[TEST] {5} tested=4500/4519 | kept=15 | rest=4572
[TEST] {25} tested=300/565 | kept=0 | rest=4557
[TEST] {5} tested=4519/4519 | kept=15 | rest=4439
[TEST] {25} tested=400/565 | kept=1 | rest=4418
[WARN] batch start failed | size=565 {27} | split=282 {36} + 283 {37}
[TEST] {25} tested=500/565 | kept=1 | rest=4315
[WARN] batch start failed | size=565 {28} | split=282 {38} + 283 {39}
[TEST] {29} tested=100/565 | kept=0 | rest=4211
[TEST] {29} tested=200/565 | kept=3 | rest=4111
[TEST] {26} tested=300/564 | kept=0 | rest=4051
[TEST] {26} tested=400/564 | kept=1 | rest=3926
[TEST] {25} tested=565/565 | kept=3 | rest=3841
[WARN] batch start failed | size=282 {30} | split=141 {40} + 141 {41}
[TEST] {31} tested=100/282 | kept=1 | rest=3724
[TEST] {29} tested=300/565 | kept=6 | rest=3563
[TEST] {29} tested=400/565 | kept=8 | rest=3454
[TEST] {26} tested=500/564 | kept=9 | rest=3387
[TEST] {31} tested=200/282 | kept=8 | rest=3317
[TEST] {26} tested=564/564 | kept=9 | rest=3286
[WARN] batch start failed | size=565 {32} | split=282 {42} + 283 {43}
[TEST] {29} tested=500/565 | kept=14 | rest=3173
[TEST] {33} tested=100/565 | kept=0 | rest=3054
[TEST] {33} tested=200/565 | kept=1 | rest=2949
[TEST] {31} tested=282/282 | kept=8 | rest=2926
[TEST] {33} tested=300/565 | kept=2 | rest=2834
[TEST] {33} tested=400/565 | kept=32 | rest=2720
[TEST] {33} tested=500/565 | kept=103 | rest=2544
[TEST] {29} tested=565/565 | kept=14 | rest=2522
[WARN] batch start failed | size=283 {35} | split=141 {44} + 142 {45}
[TEST] {37} tested=100/283 | kept=78 | rest=2395
[TEST] {37} tested=200/283 | kept=145 | rest=2293
[TEST] {34} tested=100/282 | kept=17 | rest=2184
[TEST] {33} tested=565/565 | kept=124 | rest=2093
[TEST] {34} tested=200/282 | kept=26 | rest=2076
[WARN] batch start failed | size=282 {36} | split=141 {46} + 141 {47}
[TEST] {38} tested=100/282 | kept=42 | rest=1930
[TEST] {38} tested=200/282 | kept=69 | rest=1825
[TEST] {37} tested=283/283 | kept=202 | rest=1757
[WARN] batch start failed | size=283 {39} | split=141 {48} + 142 {49}
[WARN] batch start failed | size=141 {40} | split=70 {50} + 71 {51}
[TEST] {34} tested=282/282 | kept=42 | rest=1711
[WARN] batch start failed | size=141 {41} | split=70 {52} + 71 {53}
[WARN] batch start failed | size=282 {42} | split=141 {54} + 141 {55}
[WARN] batch start failed | size=142 {45} | split=71 {56} + 71 {57}
[WARN] batch start failed | size=141 {44} | split=70 {58} + 71 {59}
[TEST] {38} tested=282/282 | kept=119 | rest=1655
[WARN] batch start failed | size=141 {47} | split=70 {60} + 71 {61}
[WARN] batch start failed | size=141 {48} | split=70 {62} + 71 {63}
[TEST] {49} tested=100/142 | kept=0 | rest=1435
[TEST] {46} tested=100/141 | kept=15 | rest=1392
[TEST] {43} tested=100/283 | kept=25 | rest=1354
[TEST] {46} tested=141/141 | kept=16 | rest=1241
[TEST] {49} tested=142/142 | kept=0 | rest=1223
[WARN] batch start failed | size=71 {51} | split=35 {64} + 36 {65}
[WARN] batch start failed | size=71 {53} | split=35 {66} + 36 {67}
[WARN] batch start failed | size=70 {52} | split=35 {68} + 35 {69}
[TEST] {43} tested=200/283 | kept=25 | rest=1164
[WARN] batch start failed | size=141 {54} | split=70 {70} + 71 {71}
[TEST] {43} tested=283/283 | kept=25 | rest=1034
[TEST] {50} tested=70/70 | kept=13 | rest=1024
[WARN] batch start failed | size=71 {56} | split=35 {72} + 36 {73}
[WARN] batch start failed | size=71 {59} | split=35 {74} + 36 {75}
[TEST] {55} tested=100/141 | kept=30 | rest=887
[TEST] {57} tested=71/71 | kept=1 | rest=828
[TEST] {55} tested=141/141 | kept=30 | rest=782
[TEST] {58} tested=70/70 | kept=2 | rest=738
[WARN] batch start failed | size=71 {61} | split=35 {76} + 36 {77}
[WARN] batch start failed | size=71 {63} | split=35 {78} + 36 {79}
[TEST] {60} tested=70/70 | kept=42 | rest=629
[WARN] batch start failed | size=36 {65} | split=18 {80} + 18 {81}
[TEST] {62} tested=70/70 | kept=13 | rest=621
[WARN] batch start failed | size=35 {66} | split=17 {82} + 18 {83}
[TEST] {64} tested=35/35 | kept=5 | rest=572
[WARN] batch start failed | size=35 {68} | split=17 {84} + 18 {85}
[WARN] batch start failed | size=35 {69} | split=17 {86} + 18 {87}
[WARN] batch start failed | size=70 {70} | split=35 {88} + 35 {89}
[WARN] batch start failed | size=36 {73} | split=18 {90} + 18 {91}
[TEST] {67} tested=36/36 | kept=20 | rest=564
[WARN] batch start failed | size=35 {74} | split=17 {92} + 18 {93}
[TEST] {71} tested=71/71 | kept=1 | rest=446
[WARN] batch start failed | size=35 {76} | split=17 {94} + 18 {95}
[TEST] {72} tested=35/35 | kept=4 | rest=412
[WARN] batch start failed | size=36 {79} | split=18 {96} + 18 {97}
[TEST] {75} tested=36/36 | kept=1 | rest=392
[WARN] batch start failed | size=18 {81} | split=9 {98} + 9 {99}
[TEST] {77} tested=36/36 | kept=32 | rest=347
[TEST] {78} tested=35/35 | kept=9 | rest=327
[WARN] batch start failed | size=17 {82} | split=8 {100} + 9 {101}
[TEST] {80} tested=18/18 | kept=1 | rest=324
[WARN] batch start failed | size=17 {84} | split=8 {102} + 9 {103}
[TEST] {83} tested=18/18 | kept=9 | rest=296
[WARN] batch start failed | size=18 {87} | split=9 {104} + 9 {105}
[TEST] {85} tested=18/18 | kept=0 | rest=267
[TEST] {86} tested=17/17 | kept=0 | rest=260
[WARN] batch start failed | size=35 {89} | split=17 {106} + 18 {107}
[WARN] batch start failed | size=18 {91} | split=9 {108} + 9 {109}
[WARN] batch start failed | size=17 {92} | split=8 {110} + 9 {111}
[TEST] {88} tested=35/35 | kept=2 | rest=225
[WARN] batch start failed | size=17 {94} | split=8 {112} + 9 {113}
[TEST] {90} tested=18/18 | kept=3 | rest=207
[WARN] batch start failed | size=18 {96} | split=9 {114} + 9 {115}
[TEST] {93} tested=18/18 | kept=0 | rest=192
[TEST] {95} tested=18/18 | kept=17 | rest=185
[WARN] batch start failed | size=9 {98} | split=4 {116} + 5 {117}
[TEST] {101} tested=9/9 | kept=0 | rest=176
[WARN] batch start failed | size=8 {100} | split=4 {118} + 4 {119}
[TEST] {97} tested=18/18 | kept=0 | rest=165
[WARN] batch start failed | size=8 {102} | split=4 {120} + 4 {121}
[TEST] {99} tested=9/9 | kept=0 | rest=155
[WARN] batch start failed | size=9 {105} | split=4 {122} + 5 {123}
[TEST] {104} tested=9/9 | kept=0 | rest=146
[WARN] batch start failed | size=18 {107} | split=9 {124} + 9 {125}
[TEST] {103} tested=9/9 | kept=0 | rest=126
[WARN] batch start failed | size=9 {109} | split=4 {126} + 5 {127}
[WARN] batch start failed | size=9 {111} | split=4 {128} + 5 {129}
[TEST] {106} tested=17/17 | kept=3 | rest=114
[TEST] {108} tested=9/9 | kept=0 | rest=113
[WARN] batch start failed | size=8 {112} | split=4 {130} + 4 {131}
[WARN] batch start failed | size=9 {114} | split=4 {132} + 5 {133}
[TEST] {113} tested=9/9 | kept=8 | rest=99
[WARN] batch start failed | size=4 {116} | split=2 {134} + 2 {135}
[WARN] batch start failed | size=5 {117} | split=2 {136} + 3 {137}
[WARN] batch start failed | size=4 {118} | split=2 {138} + 2 {139}
[TEST] {119} tested=4/4 | kept=0 | rest=95
[TEST] {110} tested=8/8 | kept=0 | rest=89
[WARN] batch start failed | size=4 {120} | split=2 {140} + 2 {141}
[WARN] batch start failed | size=5 {123} | split=2 {142} + 3 {143}
[TEST] {115} tested=9/9 | kept=1 | rest=80
[WARN] batch start failed | size=9 {125} | split=4 {144} + 5 {145}
[TEST] {121} tested=4/4 | kept=0 | rest=72
[WARN] batch start failed | size=5 {127} | split=2 {146} + 3 {147}
[TEST] {122} tested=4/4 | kept=0 | rest=68
[WARN] batch start failed | size=4 {128} | split=2 {148} + 2 {149}
[TEST] {124} tested=9/9 | kept=1 | rest=63
[TEST] {130} tested=4/4 | kept=4 | rest=55
[WARN] batch start failed | size=4 {131} | split=2 {150} + 2 {151}
[WARN] batch start failed | size=4 {132} | split=2 {152} + 2 {153}
[TEST] {126} tested=4/4 | kept=0 | rest=53
[WARN] batch start failed | size=2 {135} | split=1 {154} + 1 {155}
[TEST] {129} tested=5/5 | kept=0 | rest=52
[WARN] batch start failed | size=3 {137} | split=1 {156} + 2 {157}
[WARN] batch start failed | size=2 {136} | split=1 {158} + 1 {159}
[WARN] batch start failed | size=2 {138} | split=1 {160} + 1 {161}
[WARN] batch start failed | size=2 {139} | split=1 {162} + 1 {163}
[TEST] {133} tested=5/5 | kept=0 | rest=47
[WARN] batch start failed | size=2 {140} | split=1 {164} + 1 {165}
[WARN] batch start failed | size=2 {141} | split=1 {166} + 1 {167}
[WARN] batch start failed | size=3 {143} | split=1 {168} + 2 {169}
[TEST] {134} tested=2/2 | kept=0 | rest=44
[WARN] batch start failed | size=5 {145} | split=2 {170} + 3 {171}
[TEST] {142} tested=2/2 | kept=0 | rest=41
[WARN] batch start failed | size=2 {146} | split=1 {172} + 1 {173}
[TEST] {144} tested=4/4 | kept=0 | rest=38
[WARN] batch start failed | size=2 {148} | split=1 {174} + 1 {175}
[WARN] batch start failed | size=2 {150} | split=1 {176} + 1 {177}
[TEST] {151} tested=2/2 | kept=2 | rest=36
[TEST] {147} tested=3/3 | kept=0 | rest=35
[WARN] batch start failed | size=2 {152} | split=1 {178} + 1 {179}
[TEST] {154} tested=1/1 | kept=0 | rest=33
[REPAIR] name=[ChromeGO-ShiteThings] hysteria {155} | fields=up,down
[REPAIR] name=[ChromeGO-ShiteThings] hysteria-4 {156} | fields=up,down
[TEST] {155} tested=1/1 | kept=0 | rest=32
[WARN] batch start failed | size=2 {157} | split=1 {180} + 1 {181}
[REPAIR] name=[ChromeGO-ShiteThings] hysteria-2 {158} | fields=up,down
[TEST] {156} tested=1/1 | kept=0 | rest=31
[TEST] {149} tested=2/2 | kept=0 | rest=29
[REPAIR] name=[ChromeGO-ShiteThings] hysteria-3 {159} | fields=up,down
[REPAIR] name=[ChromeGO-Merge] France {160} | fields=up,down
[REPAIR] name=[ChromeGO-Merge] United-4 {161} | fields=up,down
[TEST] {158} tested=1/1 | kept=0 | rest=28
[TEST] {159} tested=1/1 | kept=0 | rest=27
[REPAIR] name=[ChromeGO-Merge] United-5 {163} | fields=up,down
[REPAIR] name=[ChromeGO-Merge] Taiwan-2 {162} | fields=up,down
[REPAIR] name=[ChromeGO-Merge] United {165} | fields=up,down
[REPAIR] name=[ChromeGO-Merge] WARP {164} | fields=dialer-proxy
[TEST] {162} tested=1/1 | kept=0 | rest=26
[TEST] {153} tested=2/2 | kept=0 | rest=25
[REPAIR] name=[ChromeGO-Merge] France_hysteria_1 {166} | fields=up,down
[REPAIR] name=[ChromeGO-Merge] United-2 {167} | fields=up,down
[WARN] batch start failed | size=2 {169} | split=1 {182} + 1 {183}
[WARN] batch start failed | size=3 {171} | split=1 {184} + 2 {185}
[TEST] {160} tested=1/1 | kept=0 | rest=23
[TEST] {161} tested=1/1 | kept=0 | rest=22
[TEST] {163} tested=1/1 | kept=0 | rest=21
[TEST] {165} tested=1/1 | kept=0 | rest=20
[TEST] {164} tested=1/1 | kept=0 | rest=19
[TEST] {168} tested=1/1 | kept=0 | rest=18
[TEST] {166} tested=1/1 | kept=0 | rest=17
[TEST] {167} tested=1/1 | kept=0 | rest=16
[DROP] name=[Epodonios] EPODONIOS-234 {173} | server=194.93.61.120:443 | reason=Parse config error: proxy 0: 'reality-opts' has unset fields: public-key
[TEST] {170} tested=2/2 | kept=1 | rest=14
[TEST] {172} tested=1/1 | kept=0 | rest=13
[REPAIR] name=[Epodonios] EPODONIOS-108 {175} | fields=cipher
[DROP] name=[Pawdroid-SR-APK] 沙特阿拉伯+Arabic+Computer+System+Co. {176} | server=85.209.157.184:8388 | reason=Parse config error: proxy 0: ss 85.209.157.184:8388 cipher: mnv{v]ʉ \t>\x0f\x18\t,y initialize error: unknown method: mnv{v]ʉ \t>\x0f\x18\t,y
[TEST] {178} tested=1/1 | kept=0 | rest=11
[REPAIR] name=[Pawdroid-SS-APK] United+Kingdom-2 {179} | fields=cipher
[REPAIR] name=[ChromeGO-ShiteThings] hysteria-5 {180} | fields=up,down
[TEST] {179} tested=1/1 | kept=1 | rest=10
[TEST] {174} tested=1/1 | kept=0 | rest=9
[TEST] {177} tested=1/1 | kept=0 | rest=8
[TEST] {175} tested=1/1 | kept=0 | rest=7
[REPAIR] name=[ChromeGO-Merge] Taiwan {183} | fields=up,down
[TEST] {183} tested=1/1 | kept=0 | rest=6
[TEST] {181} tested=1/1 | kept=0 | rest=5
[TEST] {180} tested=1/1 | kept=0 | rest=4
[WARN] batch start failed | size=2 {185} | split=1 {186} + 1 {187}
[TEST] {182} tested=1/1 | kept=0 | rest=3
[REPAIR] name=[Free-clash-v2ray] hysteria {186} | fields=up,down
[TEST] {184} tested=1/1 | kept=0 | rest=2
[TEST] {186} tested=1/1 | kept=0 | rest=1
[TEST] {187} tested=1/1 | kept=0 | rest=0
[INFO] dropped=2 | [Epodonios] × 1 | [Pawdroid-SR-APK] × 1
============================================================
[INFO] scored history written | path=/home/runner/work/Free-node-autotest/Free-node-autotest/history/797390737692-scored-2307-20260926.yaml | proxies=25665
[INFO] core-dedupe | dropped=1 | by=health_score
[INFO] cap live | source=[免费节点2] | from=79 | to=50
[INFO] cap live | source=[免费节点8] | from=178 | to=50
[INFO] cap live | source=[Pawdroid-SR-APK] | from=444 | to=50
[INFO] cap live | source=[Epodonios] | from=56 | to=50
[INFO] cap live | source=[Free-clash-v2ray] | from=439 | to=50
[INFO] cap live | source=[V2rayclashfree-RSS] | from=119 | to=50
[INFO] cap live total | from=518 | to=400 | floor=5 | by=health_score
[INFO] cap live | reserved=103 | pool=415 | taken=297
============================================================
+------------------------------+--------+--------+------+--------+
| source                       |    raw | unique | live | capped |
+------------------------------+--------+--------+------+--------+
| [大FQ运动]                   |     14 |     14 |    2 |      2 |
+------------------------------+--------+--------+------+--------+
| [Pawdroid]                   |     41 |     40 |    8 |      5 |
+------------------------------+--------+--------+------+--------+
| [FreeV2-Base64]              |      3 |      3 |    3 |      3 |
+------------------------------+--------+--------+------+--------+
| [Bocchi2b-Base64]            |     35 |     35 |    0 |      0 |
+------------------------------+--------+--------+------+--------+
| [ChromeGO-Toolkit]           |     14 |     14 |    5 |      5 |
+------------------------------+--------+--------+------+--------+
| [ChromeGO-ShiteThings]       |     31 |     25 |    1 |      1 |
+------------------------------+--------+--------+------+--------+
| [ChromeGO-Merge]             |    108 |    108 |    3 |      3 |
+------------------------------+--------+--------+------+--------+
| [Freesocks]                  |      1 |      1 |    0 |      0 |
+------------------------------+--------+--------+------+--------+
| [NekoWarp]                   |     10 |     10 |   10 |      9 |
+------------------------------+--------+--------+------+--------+
| [1VPN-CRX]                   |     17 |     17 |   16 |      6 |
+------------------------------+--------+--------+------+--------+
| [OpenRunner-RSS]             |     11 |      0 |    0 |      0 |
+------------------------------+--------+--------+------+--------+
| [V2Rayshare-RSS]             |     22 |     22 |    1 |      1 |
+------------------------------+--------+--------+------+--------+
| [Mibei77-RSS]                |    110 |     81 |    2 |      2 |
+------------------------------+--------+--------+------+--------+
| [Yoyapai-RSS]                |    227 |    200 |    5 |      5 |
+------------------------------+--------+--------+------+--------+
| [免费节点1]                  |    151 |     49 |    4 |      4 |
+------------------------------+--------+--------+------+--------+
| [免费节点2]                  |    300 |    264 |   79 |     25 |
+------------------------------+--------+--------+------+--------+
| [免费节点3]                  |     26 |     17 |   17 |     11 |
+------------------------------+--------+--------+------+--------+
| [免费节点4]                  |    748 |    714 |   40 |     34 |
+------------------------------+--------+--------+------+--------+
| [免费节点5]                  |     29 |     28 |    0 |      0 |
+------------------------------+--------+--------+------+--------+
| [免费节点6]                  |    566 |    543 |    2 |      2 |
+------------------------------+--------+--------+------+--------+
| [免费节点7]                  |     64 |     27 |    0 |      0 |
+------------------------------+--------+--------+------+--------+
| [免费节点8]                  |   4254 |   3792 |  178 |     50 |
+------------------------------+--------+--------+------+--------+
| [免费节点9]                  |    615 |    452 |    0 |      0 |
+------------------------------+--------+--------+------+--------+
| [免费节点10]                 |   4400 |   3073 |   15 |     11 |
+------------------------------+--------+--------+------+--------+
| [免费节点11]                 |    403 |    240 |   27 |     18 |
+------------------------------+--------+--------+------+--------+
| [Pawdroid-SR-APK]            |   1055 |    756 |  444 |     50 |
+------------------------------+--------+--------+------+--------+
| [Pawdroid-SS-APK]            |   1482 |    972 |   35 |     17 |
+------------------------------+--------+--------+------+--------+
| [Clashfree]                  |    186 |     53 |   23 |      9 |
+------------------------------+--------+--------+------+--------+
| [Epodonios]                  |   4077 |   3259 |   56 |     27 |
+------------------------------+--------+--------+------+--------+
| [Free-clash-v2ray]           |   5220 |   3098 |  439 |     50 |
+------------------------------+--------+--------+------+--------+
| [V2rayclashfree-RSS]         |   1443 |    168 |  119 |     50 |
+------------------------------+--------+--------+------+--------+
============================================================
[INFO] clash history written | path=/home/runner/work/Free-node-autotest/Free-node-autotest/history/797390737692-clash-2307-20260926.yaml
[SUMMARY] total_nodes=25663
[SUMMARY] legal_candidates=18075
[SUMMARY] passed_latency_test=400
[SUMMARY] region_HK=6 | region_JP=25 | region_US=181
[SUMMARY] avg_latency_ms=247.22
[SUMMARY] output=/home/runner/work/Free-node-autotest/Free-node-autotest/output/clash.yaml
============================================================
