============================================================
[INFO] sublink try page: https://end-gfw.com
[OK] proxies=2 new=2 url=https://raw.githubusercontent.com/hello-world-1989/cn-news/refs/heads/main/clash.yaml
[OK] proxies=2 new=0 url=https://raw.githubusercontent.com/hello-world-1989/cn-news/main/end-gfw-together
[OK] proxies=2 new=2 url=https://raw.githubusercontent.com/hello-world-1989/cn-news/main/end-gfw-together-ss
[INFO] source try url: https://end-gfw.com/ss-key
[OK] proxies=4 new=4 url=https://end-gfw.com/ss-key
[INFO] sublink try repo: https://github.com/hello-world-1989/cn-news
[INFO] sublink try page: https://raw.githubusercontent.com/hello-world-1989/cn-news/main/README.md
[OK] proxies=6 new=6 url=https://raw.githubusercontent.com/hello-world-1989/v2-sub/main/end-gfw-together-af3e13
[OK] proxies=14 source=[大FQ运动] url=https://raw.githubusercontent.com/hello-world-1989/cn-news/main/README.md
============================================================
[INFO] sublink try repo: https://github.com/Pawdroid/Free-servers
[INFO] sublink try page: https://raw.githubusercontent.com/Pawdroid/Free-servers/main/README.md
[OK] proxies=20 new=20 url=https://raw.githubusercontent.com/Pawdroid/Free-servers/main/README.md
[OK] proxies=20 new=17 url=https://raw.githubusercontent.com/Pawdroid/Free-servers/main/sub
[OK] proxies=1 new=1 url=https://apps.apple.com/cn/app/shadowshare/id1612647259
[OK] proxies=1 new=1 url=http://www.surflare.com
[OK] proxies=39 source=[Pawdroid] url=https://raw.githubusercontent.com/Pawdroid/Free-servers/main/README.md
============================================================
[INFO] source try url: https://xmxosfepggzm.503403.xyz
[OK] proxies=3 new=3 url=https://xmxosfepggzm.503403.xyz
[OK] proxies=3 source=[FreeV2-Base64] url=https://xmxosfepggzm.503403.xyz
============================================================
[INFO] source try url: https://links.bocchi2b.top/clash
[OK] proxies=35 new=35 url=https://links.bocchi2b.top/clash
[OK] proxies=35 source=[Bocchi2b-Base64] url=https://links.bocchi2b.top/clash
============================================================
[INFO] toolkit try repo: https://github.com/bannedbook/fanqiang
[INFO] toolkit try release: https://github.com/bannedbook/fanqiang/releases
[INFO] toolkit try release: https://github.com/bannedbook/fanqiang/releases/expanded_assets/ChromeGo-latest
[INFO] toolkit try download: https://github.com/bannedbook/fanqiang/releases/download/ChromeGo-latest/ChromeGo.7z
[OK] toolkit downloaded: ChromeGo.7z bytes=100924352
[OK] toolkit extracted archive=ChromeGo.7z tool=7z files=222 dirs=45
[OK] toolkit discovered subs=107 embedded=12 archive=ChromeGo.7z
[OK] proxies=6 new=6 embedded=archive-config
[OK] proxies=7 new=5 url=https://gitlab.com/free9999/ipupdate/master/backup/img/1/2/{ipp|ip}/{hysteria2|singbox|naiveproxy|hysteria|xray}/{2|3|1|4}/config.json
[OK] proxies=7 new=0 url=https://www.67867867.xyz/Alvin9999/PAC/refs/heads/master/backup/img/1/2/{ipp|ip}/{hysteria2|singbox|naiveproxy|hysteria|xray}/{2|3|1|4}/config.json
[OK] proxies=3 new=3 url=https://gitlab.com/free9999/ipupdate/master/backup/img/1/2/{ipp|ip}/clash.meta2/{2|3|1|5|4|6}/config.yaml
[OK] proxies=3 new=0 url=https://www.67867867.xyz/Alvin9999/PAC/refs/heads/master/backup/img/1/2/{ipp|ip}/clash.meta2/{2|3|1|5|4|6}/config.yaml
[OK] proxies=14 source=[ChromeGO-Toolkit] url=https://github.com/bannedbook/fanqiang/releases/download/ChromeGo-latest/ChromeGo.7z
============================================================
[INFO] sublink try repo: https://github.com/ShiteThings/extractNodes
[INFO] sublink try page: https://raw.githubusercontent.com/ShiteThings/extractNodes/main/README.md
[OK] proxies=31 new=30 url=https://{chg26.makou.cc.cd|chg64.makou.cc.cd}
[OK] proxies=26 new=1 url=https://chg26.makou.cc.cd/sb
[OK] proxies=31 source=[ChromeGO-ShiteThings] url=https://raw.githubusercontent.com/ShiteThings/extractNodes/main/README.md
============================================================
[INFO] sublink try repo: https://github.com/shangui999/chromego_merge
[INFO] sublink try page: https://raw.githubusercontent.com/shangui999/chromego_merge/master/ReadMe.md
[OK] proxies=10 new=10 url=https://freedman.netlify.app/sub/merged_proxies_new.yaml
[OK] proxies=11 new=1 url=https://freedman.netlify.app/sub/merged_warp_proxies_new.yaml
[OK] proxies=11 new=6 url=https://freedman.netlify.app/sub/shadowrocket_base64.txt
[OK] proxies=16 new=16 url=https://freedman.netlify.app/sub/sb.json
[INFO] sublink try repo: https://github.com/yaney01/chromego
[INFO] sublink try page: https://raw.githubusercontent.com/yaney01/chromego/main/ReadMe.md
[OK] proxies=50 new=46 url=https://raw.githubusercontent.com/yaney01/chromego/main/sub/merged_proxies_new.yaml
[OK] proxies=51 new=0 url=https://raw.githubusercontent.com/yaney01/chromego/main/sub/merged_warp_proxies_new.yaml
[OK] proxies=13 new=7 url=https://raw.githubusercontent.com/yaney01/chromego/main/sub/shadowrocket_base64.txt
[OK] proxies=13 new=0 url=https://raw.githubusercontent.com/yaney01/chromego/main/sub/sb.json
[INFO] sublink try repo: https://github.com/Misaka-blog/chromego_merge
[INFO] sublink try page: https://raw.githubusercontent.com/Misaka-blog/chromego_merge/main/README.md
[OK] proxies=25 new=25 url=https://chromego-sub.netlify.app/sub/merged_proxies_new.yaml
[OK] proxies=111 source=[ChromeGO-Merge] url=https://raw.githubusercontent.com/Misaka-blog/chromego_merge/main/README.md
============================================================
[INFO] source try url: https://freesocks.org/api/v1/sub/02b897e8e77f19176b0b9f2c75864b00
[OK] proxies=3 new=3 url=https://freesocks.org/api/v1/sub/02b897e8e77f19176b0b9f2c75864b00
[OK] proxies=3 source=[Freesocks] url=https://freesocks.org/api/v1/sub/02b897e8e77f19176b0b9f2c75864b00
============================================================
[INFO] source try url: https://neko-warp.nloli.xyz/neko_warp.yaml
[OK] proxies=10 new=10 url=https://neko-warp.nloli.xyz/neko_warp.yaml
[OK] proxies=10 source=[NekoWarp] url=https://neko-warp.nloli.xyz/neko_warp.yaml
============================================================
[INFO] article try feed: https://free.datiya.com/index.xml
[INFO] sublink try page: https://free.datiya.com/post/20260916/
[OK] proxies=14 new=14 url=https://free.datiya.com/uploads/20260916-clash.yaml
[OK] proxies=14 source=[OpenRunner-RSS] url=https://free.datiya.com/post/20260916/
============================================================
[INFO] article try feed: https://v2rayshare.com/feed
[INFO] sublink try page: https://v2rayshare.net/p/5064.html
[OK] proxies=27 new=27 url=https://static.v2rayshare.net/2026/09/20260916.txt
[OK] proxies=27 new=0 url=https://static.v2rayshare.net/2026/09/20260916.yaml
[OK] proxies=27 new=0 url=https://static.v2rayshare.net/2026/09/m20260916.yaml
[INFO] sublink try repo: https://github.com/firefoxmmx2/v2rayshare_subcription
[INFO] sublink try page: https://raw.githubusercontent.com/firefoxmmx2/v2rayshare_subcription/main/README.md
[OK] proxies=27 new=0 url=https://{raw.githubusercontent.com|cdn.jsdelivr.net}/firefoxmmx2/v2rayshare_subcription/main/subscription/vray_sub.txt
[OK] proxies=27 new=0 url=https://{raw.githubusercontent.com|cdn.jsdelivr.net}/firefoxmmx2/v2rayshare_subcription/main/subscription/clash_sub.yaml
[OK] proxies=27 new=0 url=https://{raw.githubusercontent.com|cdn.jsdelivr.net}/firefoxmmx2/v2rayshare_subcription/main/subscription/mihomo_sub.yaml
[OK] proxies=27 source=[V2Rayshare-RSS] url=https://raw.githubusercontent.com/firefoxmmx2/v2rayshare_subcription/main/README.md
============================================================
[INFO] article try feed: https://www.mibei77.com/feed
[INFO] sublink try page: https://www.mibei77.com/674.html
[OK] proxies=108 new=108 url=https://mm.mibei77.com/202609/09.1664bacvt.txt
[OK] proxies=106 new=0 url=https://mm.mibei77.com/202609/0916Clashikl.yaml
[OK] proxies=108 source=[Mibei77-RSS] url=https://www.mibei77.com/674.html
============================================================
[INFO] article try feed: https://yoyapai.com/feed
[INFO] sublink try page: https://yoyapai.com/721
[OK] proxies=1 new=1 url=https://yoyapai.com/721
[OK] proxies=212 new=212 url=https://freenode.yoyapai.com/2026/09/16-yoyapai.com-clash-vpn-mianfeijiedian.yaml
[OK] proxies=212 new=0 url=https://freenode.yoyapai.com/2026/09/16-yoyapai.com-ssrv2ray-vpn-mianfeijiedian.txt
[OK] proxies=213 source=[Yoyapai-RSS] url=https://yoyapai.com/721
============================================================
[INFO] sublink try repo: https://github.com/free18/v2ray
[INFO] sublink try page: https://raw.githubusercontent.com/free18/v2ray/main/README.md
[OK] proxies=3 new=3 url=https://raw.githubusercontent.com/free18/v2ray/main/README.md
[OK] proxies=122 new=122 url=https://ghfast.top/https://raw.githubusercontent.com/free18/v2ray/refs/heads/main/v.txt
[OK] proxies=122 new=0 url=https://ghfast.top/https://raw.githubusercontent.com/free18/v2ray/refs/heads/main/c.yaml
[OK] proxies=125 source=[免费节点1] url=https://raw.githubusercontent.com/free18/v2ray/main/README.md
============================================================
[INFO] sublink try repo: https://github.com/ermaozi/get_subscribe
[INFO] sublink try page: https://raw.githubusercontent.com/ermaozi/get_subscribe/main/README.md
[INFO] sublink file_nodes=0 bare links=9
[OK] proxies=355 new=355 url=https://www.ermao.net/sub/{clash|v2ray}/ermao.net
[OK] proxies=355 new=0 url=https://www.ermao.net/sub/{reachable|unreachable|untested}/clash/ermao.net
[OK] proxies=355 source=[免费节点2] url=https://raw.githubusercontent.com/ermaozi/get_subscribe/main/README.md
============================================================
[INFO] sublink try repo: https://github.com/sunmiao4458/free-proxy-airport
[INFO] sublink try page: https://raw.githubusercontent.com/sunmiao4458/free-proxy-airport/main/README.md
[OK] proxies=49 new=49 url=https://sunmiao4458.github.io/free-proxy-airport/clash.yaml
[OK] proxies=49 source=[免费节点3] url=https://raw.githubusercontent.com/sunmiao4458/free-proxy-airport/main/README.md
============================================================
[INFO] sublink try repo: https://github.com/mfuu/FreeProxies
[INFO] sublink try page: https://raw.githubusercontent.com/mfuu/FreeProxies/master/README.md
[OK] proxies=837 new=837 url=https://raw.githubusercontent.com/mfuu/FreeProxies/master/sub.yaml
[OK] proxies=837 source=[免费节点4] url=https://raw.githubusercontent.com/mfuu/FreeProxies/master/README.md
============================================================
[INFO] sublink try repo: https://github.com/vxiaov/free_proxies
[INFO] sublink try page: https://raw.githubusercontent.com/vxiaov/free_proxies/main/README.md
[OK] proxies=1 new=1 url=https://raw.githubusercontent.com/vxiaov/free_proxies/main/README.md
[OK] proxies=28 new=28 url=https://{cdn.jsdelivr.net|raw.githubusercontent.com}/vxiaov/free_proxies/main/clash/clash.provider.yaml
[OK] proxies=29 source=[免费节点5] url=https://raw.githubusercontent.com/vxiaov/free_proxies/main/README.md
============================================================
[INFO] sublink try repo: https://github.com/anaer/Sub
[INFO] sublink try page: https://raw.githubusercontent.com/anaer/Sub/main/README.MD
[OK] proxies=626 new=626 url=https://anaer.github.io/Sub/clash.yaml
[OK] proxies=626 new=0 url=https://raw.githubusercontent.com/anaer/Sub/main/clash.yaml
[OK] proxies=626 source=[免费节点6] url=https://raw.githubusercontent.com/anaer/Sub/main/README.MD
============================================================
[INFO] sublink try repo: https://github.com/snakem982/proxypool
[INFO] sublink try page: https://raw.githubusercontent.com/snakem982/proxypool/main/README.md
[OK] proxies=64 new=64 url=https://raw.githubusercontent.com/snakem982/proxypool/main/source/clash-meta-2.yaml
[OK] proxies=63 new=0 url=https://raw.githubusercontent.com/snakem982/proxypool/main/source/v2ray-2.txt
[OK] proxies=58 new=0 url=https://raw.githubusercontent.com/snakem982/proxypool/main/source/sing-box-2.json
[OK] proxies=64 source=[免费节点7] url=https://raw.githubusercontent.com/snakem982/proxypool/main/README.md
============================================================
[INFO] sublink try repo: https://github.com/mahdibland/V2RayAggregator
[INFO] sublink try page: https://raw.githubusercontent.com/mahdibland/V2RayAggregator/master/README.md
[OK] proxies=373 new=373 url=https://raw.githubusercontent.com/mahdibland/V2RayAggregator/master/README.md
[OK] proxies=1 new=1 url=https://github.com/mahdibland/SSAggregator/actions/workflows/Collector.yml
[OK] proxies=1 new=0 url=https://github.com/mahdibland/SSAggregator/actions/workflows/Airport_Collector.yml
[OK] proxies=191 new=0 url=https://raw.githubusercontent.com/mahdibland/ShadowsocksAggregator/master/Eternity.txt
[OK] proxies=192 new=1 url=https://raw.githubusercontent.com/mahdibland/ShadowsocksAggregator/master/Eternity.yml
[OK] proxies=61 new=61 url=https://raw.githubusercontent.com/mahdibland/ShadowsocksAggregator/master/EternityAir.txt
[OK] proxies=3824 new=3545 url=https://raw.githubusercontent.com/mahdibland/SSAggregator/master/sub/sub_merge_base64.txt
[OK] proxies=3824 new=0 url=https://raw.githubusercontent.com/mahdibland/{SSAggregator|ShadowsocksAggregator}/master/sub/sub_merge.txt
[OK] proxies=3949 new=176 url=https://raw.githubusercontent.com/mahdibland/SSAggregator/master/sub/sub_merge_yaml.yml
[OK] proxies=61 new=0 url=https://raw.githubusercontent.com/mahdibland/SSAggregator/master/sub/airport_merge_base64.txt
[OK] proxies=61 new=0 url=https://raw.githubusercontent.com/mahdibland/SSAggregator/master/sub/airport_sub_merge.txt
[OK] proxies=1368 new=0 url=https://raw.githubusercontent.com/mahdibland/ShadowsocksAggregator/master/sub/splitted/vmess.txt
[OK] proxies=599 new=0 url=https://raw.githubusercontent.com/mahdibland/ShadowsocksAggregator/master/sub/splitted/trojan.txt
[OK] proxies=43 new=0 url=https://raw.githubusercontent.com/mahdibland/ShadowsocksAggregator/master/sub/splitted/ssr.txt
[OK] proxies=1814 new=0 url=https://raw.githubusercontent.com/mahdibland/ShadowsocksAggregator/master/sub/splitted/ss.txt
[OK] proxies=1 new=0 url=https://cdn.jsdelivr.net/gh/mahdibland/V2RayAggregator@master/update/provider/provider-meta.yml
[OK] proxies=1 new=0 url=https://cdn.jsdelivr.net/gh/mahdibland/V2RayAggregator@master/update/provider/provider-meta-cn.yml
[OK] proxies=1 new=0 url=https://cdn.jsdelivr.net/gh/mahdibland/V2RayAggregator@master/update/provider/provider-meta-others.yml
[OK] proxies=1 new=0 url=https://cdn.jsdelivr.net/gh/mahdibland/V2RayAggregator@master/update/provider/provider.yml
[OK] proxies=1 new=0 url=https://cdn.jsdelivr.net/gh/mahdibland/V2RayAggregator@master/update/provider/provider-cn.yml
[OK] proxies=1 new=0 url=https://cdn.jsdelivr.net/gh/mahdibland/V2RayAggregator@master/update/provider/provider-others.yml
[OK] proxies=4157 source=[免费节点8] url=https://raw.githubusercontent.com/mahdibland/V2RayAggregator/master/README.md
============================================================
[INFO] sublink try repo: https://github.com/w1770946466/Auto_proxy
[INFO] sublink try page: https://raw.githubusercontent.com/w1770946466/Auto_proxy/main/README.md
[OK] proxies=1 new=1 url=https://github.com/w1770946466/Auto_proxy/actions/workflows/main.yml
[OK] proxies=245 new=245 url=https://raw.githubusercontent.com/w1770946466/Auto_proxy/main/{Long_term_subscription2.yaml|Long_term_subscription1.yaml|Long_term_subscription3.yaml}
[OK] proxies=489 new=54 url=https://raw.githubusercontent.com/w1770946466/Auto_proxy/main/{Long_term_subscription1|Long_term_subscription2|Long_term_subscription3|Long_term_subscription4|Long_term_subscription5|Long_term_subscription6|Long_term_subscription7|Long_term_subscription8}
[OK] proxies=489 new=315 url=https://raw.githubusercontent.com/w1770946466/Auto_proxy/main/Long_term_subscription_num
[OK] proxies=615 source=[免费节点9] url=https://raw.githubusercontent.com/w1770946466/Auto_proxy/main/README.md
============================================================
[INFO] sublink try repo: https://github.com/PuddinCat/BestClash
[INFO] sublink try page: https://raw.githubusercontent.com/PuddinCat/BestClash/main/README.md
[OK] proxies=16 new=16 url=https://raw.githubusercontent.com/PuddinCat/BestClash/main/proxies.yaml
[OK] proxies=28 new=28 url=https://cdn.jsdelivr.net/gh/vxiaov/free_proxies@main/clash/clash.provider.yaml
[OK] proxies=24 new=24 url=https://freenode.openrunner.net/uploads/20240807-clash.yaml
[OK] proxies=25 new=25 url=https://raw.githubusercontent.com/Misaka-blog/chromego_merge/main/sub/merged_proxies_new.yaml
[OK] proxies=3774 new=3745 url=https://raw.githubusercontent.com/{NiceVPN123|anaer}/{NiceVPN|Sub}/main/{Clash.yaml|clash.yaml}
[OK] proxies=28 new=2 url=https://raw.githubusercontent.com/{chengaopan|peasoft}/{AutoMergePublicNodes|NoMoreWalls}/master/list.yml
[OK] proxies=355 new=319 url=https://raw.githubusercontent.com/{ermaozi|ermaozi01}/{get_subscribe|free_clash_vpn}/main/subscribe/clash.yml
[OK] proxies=192 new=171 url=https://raw.githubusercontent.com/mahdibland/ShadowsocksAggregator/master/Eternity.yml
[OK] proxies=165 new=160 url=https://raw.githubusercontent.com/ronghuaxueleng/get_v2/main/pub/combine.yaml
[OK] proxies=144 new=3 url=https://raw.githubusercontent.com/zhangkaiitugithub/passcro/main/speednodes.yaml
[OK] proxies=4493 source=[免费节点10] url=https://raw.githubusercontent.com/PuddinCat/BestClash/main/README.md
============================================================
[INFO] sublink try repo: https://github.com/kooker/FreeSubsCheck
[INFO] sublink try page: https://raw.githubusercontent.com/kooker/FreeSubsCheck/main/README.md
[OK] proxies=6 new=6 url=https://raw.githubusercontent.com/kooker/FreeSubsCheck/main/mihomo.yaml
[OK] proxies=6 new=0 url=https://raw.githubusercontent.com/kooker/FreeSubsCheck/main/all.yaml
[OK] proxies=5 new=0 url=https://raw.githubusercontent.com/kooker/FreeSubsCheck/main/base64.txt
[OK] proxies=7 new=5 url=https://raw.githubusercontent.com/kooker/FreeSubsCheck/main/byxiaoxi.txt
[OK] proxies=417 new=414 url=https://raw.githubusercontent.com/kooker/FreeSubsCheck/main/kooker.jp.txt
[OK] proxies=425 source=[免费节点11] url=https://raw.githubusercontent.com/kooker/FreeSubsCheck/main/README.md
============================================================
[INFO] toolkit try repo: https://github.com/Pawdroid/shadowrocket_for_android
[INFO] toolkit try release: https://github.com/Pawdroid/shadowrocket_for_android/releases
[INFO] toolkit try release: https://github.com/Pawdroid/shadowrocket_for_android/releases/expanded_assets/10.10.51
[INFO] toolkit try download: https://github.com/Pawdroid/shadowrocket_for_android/releases/download/10.10.51/Shadowrocket_10.10.51_shadowrocketStandard_arm64-v8a.apk
[OK] toolkit downloaded: Shadowrocket_10.10.51_shadowrocketStandard_arm64-v8a.apk bytes=41111539
[OK] toolkit extracted archive=Shadowrocket_10.10.51_shadowrocketStandard_arm64-v8a.apk tool=zipfile files=1175 dirs=44
[OK] toolkit sr-apk scanned prefixes=36 files=6 keys=2 archive=Shadowrocket_10.10.51_shadowrocketStandard_arm64-v8a.apk
[OK] proxies=595 new=528 url=https://{raw.githubusercontent.com|cdn.jsdelivr.net}/pixelor/ecfg/main/data/ecfg6_zh
[OK] proxies=579 new=126 url=https://{cdn.jsdelivr.net|raw.githubusercontent.com}/pixelor/ecfg/main/data/ecfg6_en
[OK] proxies=141 new=53 url=https://{cdn.jsdelivr.net|raw.githubusercontent.com}/pixelor/ecfg/main/data/ecfg6
[OK] proxies=453 new=0 url=https://{files.shadowrockets.app|cdn.shadowrockets.app}/ecfg/data/ecfg6_zh
[OK] proxies=126 new=0 url=https://{files.shadowrockets.app|cdn.shadowrockets.app}/ecfg/data/ecfg6
[OK] proxies=453 new=0 url=https://{files.shadowrockets.app|cdn.shadowrockets.app}/ecfg/data/ecfg6_en
[OK] proxies=707 source=[Pawdroid-sr-apk] url=https://github.com/Pawdroid/shadowrocket_for_android/releases/download/10.10.51/Shadowrocket_10.10.51_shadowrocketStandard_arm64-v8a.apk
============================================================
[INFO] toolkit try page: https://shadowshare.v2cross.com
[INFO] toolkit try download: https://shadowshare.v2cross.com/shadowshare.apk
[OK] toolkit downloaded: shadowshare.apk bytes=62868122
[OK] toolkit extracted archive=shadowshare.apk tool=zipfile files=612 dirs=39
[OK] toolkit ss-apk scanned prefixes=10 files=3 keys=1 archive=shadowshare.apk
[OK] proxies=171 new=171 url=https://{raw.githubusercontent.com|jsd.onmicrosoft.cn}/hideme9527/ecsfg/main/data/sareserver
[OK] proxies=1386 new=1283 url=https://{raw.githubusercontent.com|jsd.onmicrosoft.cn}/hideme9527/ecsfg/main/data/sareserver_en
[OK] proxies=171 new=0 url=https://{shadowsharing.com|sare.159236.xyz}/data/sareserver
[OK] proxies=1386 new=0 url=https://{shadowsharing.com|sare.159236.xyz}/data/sareserver_en
[OK] proxies=171 new=0 url=https://gitee.com/api/v5/repos/{zhiminghao|elvenapp|guoyoucai1}/ecsfg/raw/data/sareserver
[OK] proxies=1386 new=0 url=https://gitee.com/api/v5/repos/{guoyoucai1|elvenapp|zhiminghao}/ecsfg/raw/data/sareserver_en
[OK] proxies=1454 source=[Pawdroid-ss-apk] url=https://shadowshare.v2cross.com/shadowshare.apk
============================================================
[INFO] sublink try repo: https://github.com/free-nodes/clashfree
[INFO] sublink try page: https://raw.githubusercontent.com/free-nodes/clashfree/main/README.md
[OK] proxies=1378 new=1378 url=https://raw.githubusercontent.com/free-nodes/clashfree/main/README.md
[OK] proxies=1378 new=0 url=https://raw.githubusercontent.com/free-nodes/clashfree/main/clash20260916.yml
[OK] proxies=1 new=1 url=https://github.com/free-nodes/clashfree/blob/main/clash20260916.yml
[OK] proxies=1379 source=[Clashfree] url=https://raw.githubusercontent.com/free-nodes/clashfree/main/README.md
============================================================
[INFO] sublink try repo: https://github.com/Epodonios/v2ray-configs
[INFO] sublink try page: https://raw.githubusercontent.com/Epodonios/v2ray-configs/main/README.md
[OK] proxies=1 new=1 url=https://github.com/Epodonios/V2ray-Configs/actions/workflows/main.yml
[OK] proxies=4180 new=4180 url=https://github.com/Epodonios/v2ray-configs/raw/main/All_Configs_Sub.txt
[OK] proxies=4180 new=0 url=https://github.com/Epodonios/v2ray-configs/raw/main/All_Configs_base64_Sub.txt
[OK] proxies=3328 new=197 url=https://github.com/Epodonios/v2ray-configs/raw/main/Splitted-By-Protocol/vless.txt
[OK] proxies=152 new=2 url=https://github.com/Epodonios/v2ray-configs/raw/main/Splitted-By-Protocol/vmess.txt
[OK] proxies=402 new=18 url=https://github.com/Epodonios/v2ray-configs/raw/main/Splitted-By-Protocol/ss.txt
[OK] proxies=151 new=8 url=https://github.com/Epodonios/v2ray-configs/raw/main/Splitted-By-Protocol/trojan.txt
[OK] proxies=4180 new=0 url=https://raw.githubusercontent.com/Epodonios/v2ray-configs/main/{Sub1.txt|Sub2.txt|Sub3.txt|Sub4.txt|Sub5.txt|Sub6.txt|Sub7.txt|Sub8.txt|Sub9.txt}
[OK] proxies=4406 source=[Epodonios] url=https://raw.githubusercontent.com/Epodonios/v2ray-configs/main/README.md
============================================================
[INFO] sublink try repo: https://github.com/free-clash-v2ray/free-clash-v2ray.github.io
[INFO] sublink try page: https://raw.githubusercontent.com/free-clash-v2ray/free-clash-v2ray.github.io/main/README.md
[OK] proxies=2890 new=2890 url=https://free-clash-v2ray.github.io/uploads/2026/09/{0-20260913.yaml|1-20260913.yaml|2-20260913.yaml|3-20260913.yaml}
[OK] proxies=4384 new=1835 url=https://free-clash-v2ray.github.io/uploads/2026/09/{0-20260913.txt|1-20260913.txt|2-20260913.txt|3-20260913.txt|4-20260913.txt}
[OK] proxies=4725 source=[Free-clash-v2ray] url=https://raw.githubusercontent.com/free-clash-v2ray/free-clash-v2ray.github.io/main/README.md
============================================================
[INFO] article try page: https://v2rayclashfree.com
[INFO] sublink try page: https://v2rayclashfree.com/fn/20260917.html
[WARN] source=[V2rayclashfree-RSS] no proxies found=0 raw=1028
[INFO] source=[V2rayclashfree-RSS] reused previous raw file=797390838368-raw-1631-20260916.yaml stamp=202609161631
[OK] proxies=1028 source=[V2rayclashfree-RSS] url=https://v2rayclashfree.com/fn/20260917.html
============================================================
[INFO] raw backup written path=/home/runner/work/Free-node-autotest/Free-node-autotest/output/raw.yaml proxies=26098
[INFO] toolkit try repo: https://github.com/MetaCubeX/mihomo
[INFO] toolkit try release: https://github.com/MetaCubeX/mihomo/releases
[INFO] toolkit try release: https://github.com/MetaCubeX/mihomo/releases/expanded_assets/v1.19.31
[INFO] toolkit try download: https://github.com/MetaCubeX/mihomo/releases/download/v1.19.31/mihomo-linux-amd64-compatible-v1.19.31.gz
[OK] toolkit downloaded: mihomo-linux-amd64-compatible-v1.19.31.gz bytes=22821836
[OK] toolkit sha256 verified: mihomo-linux-amd64-compatible-v1.19.31.gz sha256=04cf9f09671704f839ddbee2e93069dc831a4123a75281e725d1d96ab9ac1afc
[OK] proxy engine ready: starting latency test package=mihomo-linux-amd64-compatible-v1.19.31.gz
============================================================
[WARN] batch start failed size=17273 {1} split -> 8636 {2} + 8637 {3}
[WARN] batch start failed size=8636 {2} split -> 4318 {4} + 4318 {5}
[WARN] batch start failed size=8637 {3} split -> 4318 {6} + 4319 {7}
[WARN] batch start failed size=4318 {4} split -> 2159 {8} + 2159 {9}
[WARN] batch start failed size=4318 {6} split -> 2159 {10} + 2159 {11}
[WARN] batch start failed size=4319 {7} split -> 2159 {12} + 2160 {13}
[WARN] batch start failed size=2159 {8} split -> 1079 {14} + 1080 {15}
[INFO] {5} tested 100/4318 kept=0 rest=17173
[WARN] batch start failed size=2159 {10} split -> 1079 {16} + 1080 {17}
[INFO] {9} tested 100/2159 kept=61 rest=17037
[WARN] batch start failed size=2159 {11} split -> 1079 {18} + 1080 {19}
[WARN] batch start failed size=2159 {12} split -> 1079 {20} + 1080 {21}
[INFO] {5} tested 200/4318 kept=0 rest=16944
[INFO] {9} tested 200/2159 kept=67 rest=16810
[WARN] batch start failed size=2160 {13} split -> 1080 {22} + 1080 {23}
[INFO] {5} tested 300/4318 kept=0 rest=16678
[INFO] {9} tested 300/2159 kept=68 rest=16580
[INFO] {9} tested 400/2159 kept=68 rest=16444
[INFO] {15} tested 100/1080 kept=3 rest=16339
[INFO] {15} tested 200/1080 kept=35 rest=16225
[INFO] {5} tested 400/4318 kept=0 rest=16209
[INFO] {9} tested 500/2159 kept=69 rest=16111
[INFO] {9} tested 600/2159 kept=69 rest=15961
[INFO] {15} tested 300/1080 kept=37 rest=15873
[INFO] {5} tested 500/4318 kept=0 rest=15807
[INFO] {5} tested 600/4318 kept=0 rest=15645
[INFO] {15} tested 400/1080 kept=40 rest=15637
[INFO] {9} tested 700/2159 kept=69 rest=15512
[INFO] {15} tested 500/1080 kept=40 rest=15408
[INFO] {15} tested 600/1080 kept=40 rest=15304
[INFO] {5} tested 700/4318 kept=0 rest=15226
[INFO] {5} tested 800/4318 kept=0 rest=15048
[INFO] {9} tested 800/2159 kept=69 rest=15023
[INFO] {15} tested 700/1080 kept=40 rest=14790
[INFO] {15} tested 800/1080 kept=40 rest=14687
[INFO] {9} tested 900/2159 kept=69 rest=14620
[INFO] {15} tested 900/1080 kept=40 rest=14584
[INFO] {5} tested 900/4318 kept=0 rest=14519
[INFO] {5} tested 1000/4318 kept=0 rest=14385
[INFO] {5} tested 1100/4318 kept=0 rest=14253
[INFO] {5} tested 1200/4318 kept=0 rest=14110
[INFO] {5} tested 1300/4318 kept=1 rest=14001
[INFO] {9} tested 1000/2159 kept=69 rest=13908
[INFO] {15} tested 1000/1080 kept=40 rest=13855
[INFO] {5} tested 1400/4318 kept=2 rest=13772
[INFO] {15} tested 1080/1080 kept=40 rest=13753
[INFO] {5} tested 1500/4318 kept=2 rest=13624
[WARN] batch start failed size=1079 {14} split -> 539 {24} + 540 {25}
[INFO] {9} tested 1100/2159 kept=69 rest=13547
[INFO] {5} tested 1600/4318 kept=2 rest=13453
[WARN] batch start failed size=1079 {16} split -> 539 {26} + 540 {27}
[WARN] batch start failed size=1080 {17} split -> 540 {28} + 540 {29}
[INFO] {9} tested 1200/2159 kept=69 rest=13347
[INFO] {19} tested 100/1080 kept=1 rest=13205
[INFO] {5} tested 1700/4318 kept=8 rest=13180
[INFO] {5} tested 1800/4318 kept=12 rest=12907
[INFO] {9} tested 1300/2159 kept=69 rest=12885
[INFO] {19} tested 200/1080 kept=3 rest=12867
[INFO] {19} tested 300/1080 kept=3 rest=12717
[INFO] {19} tested 400/1080 kept=3 rest=12596
[INFO] {19} tested 500/1080 kept=3 rest=12436
[INFO] {5} tested 1900/4318 kept=12 rest=12353
[INFO] {9} tested 1400/2159 kept=69 rest=12348
[INFO] {19} tested 600/1080 kept=3 rest=12209
[INFO] {9} tested 1500/2159 kept=83 rest=12093
[INFO] {9} tested 1600/2159 kept=164 rest=11964
[INFO] {19} tested 700/1080 kept=4 rest=11876
[INFO] {5} tested 2000/4318 kept=13 rest=11821
[INFO] {19} tested 800/1080 kept=5 rest=11663
[INFO] {5} tested 2100/4318 kept=14 rest=11556
[INFO] {9} tested 1700/2159 kept=188 rest=11516
[INFO] {19} tested 900/1080 kept=16 rest=11398
[INFO] {5} tested 2200/4318 kept=14 rest=11260
[INFO] {19} tested 1000/1080 kept=18 rest=11181
[INFO] {9} tested 1800/2159 kept=188 rest=11102
[INFO] {5} tested 2300/4318 kept=14 rest=11043
[INFO] {19} tested 1080/1080 kept=18 rest=10845
[INFO] {5} tested 2400/4318 kept=14 rest=10835
[INFO] {9} tested 1900/2159 kept=188 rest=10750
[WARN] batch start failed size=1079 {18} split -> 539 {30} + 540 {31}
[INFO] {5} tested 2500/4318 kept=14 rest=10679
[WARN] batch start failed size=1079 {20} split -> 539 {32} + 540 {33}
[WARN] batch start failed size=1080 {21} split -> 540 {34} + 540 {35}
[WARN] batch start failed size=1080 {23} split -> 540 {36} + 540 {37}
[INFO] {9} tested 2000/2159 kept=188 rest=10521
[INFO] {5} tested 2600/4318 kept=14 rest=10508
[INFO] {22} tested 100/1080 kept=34 rest=10283
[INFO] {5} tested 2700/4318 kept=14 rest=10181
[INFO] {22} tested 200/1080 kept=70 rest=10142
[INFO] {22} tested 300/1080 kept=121 rest=10006
[INFO] {22} tested 400/1080 kept=164 rest=9894
[INFO] {22} tested 500/1080 kept=207 rest=9785
[INFO] {22} tested 600/1080 kept=240 rest=9679
[INFO] {22} tested 700/1080 kept=261 rest=9578
[INFO] {22} tested 800/1080 kept=268 rest=9478
[INFO] {22} tested 900/1080 kept=271 rest=9376
[INFO] {22} tested 1000/1080 kept=273 rest=9276
[INFO] {9} tested 2100/2159 kept=188 rest=9215
[INFO] {5} tested 2800/4318 kept=17 rest=9133
[INFO] {9} tested 2159/2159 kept=188 rest=9071
[INFO] {22} tested 1080/1080 kept=278 rest=8906
[WARN] batch start failed size=539 {24} split -> 269 {38} + 270 {39}
[INFO] {5} tested 2900/4318 kept=18 rest=8886
[INFO] {26} tested 100/539 kept=0 rest=8751
[INFO] {26} tested 200/539 kept=0 rest=8635
[INFO] {5} tested 3000/4318 kept=18 rest=8495
[INFO] {25} tested 100/540 kept=59 rest=8437
[INFO] {5} tested 3100/4318 kept=20 rest=8299
[INFO] {25} tested 200/540 kept=69 rest=8288
[INFO] {26} tested 300/539 kept=0 rest=8182
[INFO] {5} tested 3200/4318 kept=20 rest=8046
[INFO] {26} tested 400/539 kept=0 rest=7980
[INFO] {5} tested 3300/4318 kept=20 rest=7861
[INFO] {25} tested 300/540 kept=107 rest=7772
[INFO] {5} tested 3400/4318 kept=20 rest=7677
[INFO] {26} tested 500/539 kept=10 rest=7512
[INFO] {5} tested 3500/4318 kept=20 rest=7459
[INFO] {26} tested 539/539 kept=10 rest=7381
[INFO] {5} tested 3600/4318 kept=20 rest=7341
[INFO] {25} tested 400/540 kept=119 rest=7306
[WARN] batch start failed size=540 {27} split -> 270 {40} + 270 {41}
[WARN] batch start failed size=540 {28} split -> 270 {42} + 270 {43}
[INFO] {5} tested 3700/4318 kept=20 rest=7159
[INFO] {29} tested 100/540 kept=7 rest=7038
[INFO] {5} tested 3800/4318 kept=20 rest=6896
[INFO] {5} tested 3900/4318 kept=20 rest=6793
[INFO] {5} tested 4000/4318 kept=20 rest=6681
[INFO] {25} tested 500/540 kept=119 rest=6613
[INFO] {25} tested 540/540 kept=119 rest=6562
[INFO] {5} tested 4100/4318 kept=20 rest=6531
[INFO] {30} tested 100/539 kept=3 rest=6401
[INFO] {30} tested 200/539 kept=7 rest=6299
[INFO] {29} tested 200/540 kept=18 rest=6215
[INFO] {30} tested 300/539 kept=9 rest=6131
[INFO] {29} tested 300/540 kept=20 rest=5978
[INFO] {30} tested 400/539 kept=23 rest=5905
[INFO] {5} tested 4200/4318 kept=20 rest=5794
[INFO] {29} tested 400/540 kept=31 rest=5725
[INFO] {30} tested 500/539 kept=28 rest=5591
[INFO] {29} tested 500/540 kept=40 rest=5461
[INFO] {5} tested 4300/4318 kept=20 rest=5458
[INFO] {5} tested 4318/4318 kept=20 rest=5429
[WARN] batch start failed size=540 {31} split -> 270 {44} + 270 {45}
[WARN] batch start failed size=539 {32} split -> 269 {46} + 270 {47}
[INFO] {30} tested 539/539 kept=29 rest=5411
[INFO] {33} tested 100/540 kept=1 rest=5285
[INFO] {29} tested 540/540 kept=40 rest=5217
[WARN] batch start failed size=540 {35} split -> 270 {48} + 270 {49}
[INFO] {33} tested 200/540 kept=6 rest=5150
[INFO] {36} tested 100/540 kept=0 rest=5012
[INFO] {36} tested 200/540 kept=3 rest=4910
[INFO] {36} tested 300/540 kept=7 rest=4808
[INFO] {36} tested 400/540 kept=27 rest=4702
[INFO] {36} tested 500/540 kept=50 rest=4579
[INFO] {33} tested 300/540 kept=15 rest=4537
[INFO] {34} tested 100/540 kept=0 rest=4411
[INFO] {33} tested 400/540 kept=16 rest=4311
[INFO] {34} tested 200/540 kept=0 rest=4243
[INFO] {34} tested 300/540 kept=2 rest=4102
[INFO] {33} tested 500/540 kept=20 rest=4020
[INFO] {36} tested 540/540 kept=54 rest=3986
[WARN] batch start failed size=540 {37} split -> 270 {50} + 270 {51}
[INFO] {34} tested 400/540 kept=6 rest=3926
[INFO] {39} tested 100/270 kept=2 rest=3766
[INFO] {33} tested 540/540 kept=20 rest=3718
[INFO] {34} tested 500/540 kept=10 rest=3637
[WARN] batch start failed size=269 {38} split -> 134 {52} + 135 {53}
[WARN] batch start failed size=270 {40} split -> 135 {54} + 135 {55}
[INFO] {41} tested 100/270 kept=73 rest=3508
[INFO] {41} tested 200/270 kept=144 rest=3403
[INFO] {39} tested 200/270 kept=7 rest=3384
[INFO] {34} tested 540/540 kept=10 rest=3323
[INFO] {39} tested 270/270 kept=7 rest=3285
[WARN] batch start failed size=270 {42} split -> 135 {56} + 135 {57}
[WARN] batch start failed size=270 {44} split -> 135 {58} + 135 {59}
[INFO] {43} tested 100/270 kept=1 rest=3179
[INFO] {43} tested 200/270 kept=2 rest=3079
[INFO] {45} tested 100/270 kept=0 rest=2904
[INFO] {41} tested 270/270 kept=171 rest=2790
[INFO] {47} tested 100/270 kept=0 rest=2685
[INFO] {45} tested 200/270 kept=1 rest=2625
[INFO] {43} tested 270/270 kept=10 rest=2606
[WARN] batch start failed size=269 {46} split -> 134 {60} + 135 {61}
[INFO] {45} tested 270/270 kept=1 rest=2525
[INFO] {49} tested 100/270 kept=2 rest=2425
[INFO] {49} tested 200/270 kept=10 rest=2325
[WARN] batch start failed size=270 {48} split -> 135 {62} + 135 {63}
[INFO] {47} tested 200/270 kept=1 rest=2256
[WARN] batch start failed size=270 {51} split -> 135 {64} + 135 {65}
[WARN] batch start failed size=270 {50} split -> 135 {66} + 135 {67}
[WARN] batch start failed size=134 {52} split -> 67 {68} + 67 {69}
[WARN] batch start failed size=135 {53} split -> 67 {70} + 68 {71}
[INFO] {47} tested 270/270 kept=1 rest=2113
[WARN] batch start failed size=135 {55} split -> 67 {72} + 68 {73}
[INFO] {49} tested 270/270 kept=48 rest=2071
[WARN] batch start failed size=135 {57} split -> 67 {74} + 68 {75}
[INFO] {56} tested 100/135 kept=28 rest=1992
[WARN] batch start failed size=135 {58} split -> 67 {76} + 68 {77}
[WARN] batch start failed size=135 {59} split -> 67 {78} + 68 {79}
[INFO] {54} tested 100/135 kept=5 rest=1861
[INFO] {54} tested 135/135 kept=5 rest=1826
[WARN] batch start failed size=134 {60} split -> 67 {80} + 67 {81}
[WARN] batch start failed size=135 {63} split -> 67 {82} + 68 {83}
[INFO] {56} tested 135/135 kept=36 rest=1796
[WARN] batch start failed size=135 {64} split -> 67 {84} + 68 {85}
[INFO] {62} tested 100/135 kept=0 rest=1696
[INFO] {65} tested 100/135 kept=13 rest=1588
[INFO] {61} tested 100/135 kept=0 rest=1560
[INFO] {61} tested 135/135 kept=0 rest=1525
[INFO] {67} tested 100/135 kept=70 rest=1416
[INFO] {62} tested 135/135 kept=2 rest=1373
[WARN] batch start failed size=135 {66} split -> 67 {86} + 68 {87}
[INFO] {65} tested 135/135 kept=39 rest=1368
[WARN] batch start failed size=67 {69} split -> 33 {88} + 34 {89}
[WARN] batch start failed size=67 {70} split -> 33 {90} + 34 {91}
[WARN] batch start failed size=68 {71} split -> 34 {92} + 34 {93}
[INFO] {67} tested 135/135 kept=84 rest=1289
[WARN] batch start failed size=67 {72} split -> 33 {94} + 34 {95}
[INFO] {68} tested 67/67 kept=11 rest=1178
[WARN] batch start failed size=67 {74} split -> 33 {96} + 34 {97}
[INFO] {73} tested 68/68 kept=49 rest=1167
[WARN] batch start failed size=68 {77} split -> 34 {98} + 34 {99}
[WARN] batch start failed size=67 {78} split -> 33 {100} + 34 {101}
[INFO] {75} tested 68/68 kept=15 rest=1095
[WARN] batch start failed size=67 {81} split -> 33 {102} + 34 {103}
[INFO] {76} tested 67/67 kept=0 rest=983
[INFO] {79} tested 68/68 kept=1 rest=956
[WARN] batch start failed size=68 {83} split -> 34 {104} + 34 {105}
[INFO] {80} tested 67/67 kept=0 rest=896
[WARN] batch start failed size=68 {85} split -> 34 {106} + 34 {107}
[WARN] batch start failed size=67 {86} split -> 33 {108} + 34 {109}
[INFO] {82} tested 67/67 kept=3 rest=763
[INFO] {84} tested 67/67 kept=35 rest=737
[WARN] batch start failed size=34 {89} split -> 17 {110} + 17 {111}
[WARN] batch start failed size=33 {90} split -> 16 {112} + 17 {113}
[INFO] {87} tested 68/68 kept=63 rest=734
[WARN] batch start failed size=34 {92} split -> 17 {114} + 17 {115}
[INFO] {88} tested 33/33 kept=4 rest=666
[INFO] {91} tested 34/34 kept=0 rest=639
[WARN] batch start failed size=34 {95} split -> 17 {116} + 17 {117}
[INFO] {93} tested 34/34 kept=15 rest=624
[WARN] batch start failed size=34 {97} split -> 17 {118} + 17 {119}
[WARN] batch start failed size=34 {98} split -> 17 {120} + 17 {121}
[INFO] {94} tested 33/33 kept=2 rest=582
[WARN] batch start failed size=33 {100} split -> 16 {122} + 17 {123}
[INFO] {96} tested 33/33 kept=0 rest=550
[INFO] {99} tested 34/34 kept=2 rest=504
[WARN] batch start failed size=33 {102} split -> 16 {124} + 17 {125}
[WARN] batch start failed size=34 {105} split -> 17 {126} + 17 {127}
[INFO] {101} tested 34/34 kept=1 rest=472
[INFO] {103} tested 34/34 kept=2 rest=434
[WARN] batch start failed size=34 {107} split -> 17 {128} + 17 {129}
[WARN] batch start failed size=34 {109} split -> 17 {130} + 17 {131}
[INFO] {104} tested 34/34 kept=0 rest=406
[INFO] {106} tested 34/34 kept=5 rest=381
[WARN] batch start failed size=17 {111} split -> 8 {132} + 9 {133}
[INFO] {108} tested 33/33 kept=2 rest=349
[WARN] batch start failed size=16 {112} split -> 8 {134} + 8 {135}
[WARN] batch start failed size=17 {114} split -> 8 {136} + 9 {137}
[INFO] {110} tested 17/17 kept=2 rest=348
[WARN] batch start failed size=17 {116} split -> 8 {138} + 9 {139}
[INFO] {113} tested 17/17 kept=0 rest=316
[INFO] {115} tested 17/17 kept=1 rest=293
[WARN] batch start failed size=17 {119} split -> 8 {140} + 9 {141}
[INFO] {117} tested 17/17 kept=15 rest=291
[WARN] batch start failed size=17 {120} split -> 8 {142} + 9 {143}
[INFO] {118} tested 17/17 kept=2 rest=278
[WARN] batch start failed size=17 {123} split -> 8 {144} + 9 {145}
[INFO] {121} tested 17/17 kept=1 rest=248
[INFO] {122} tested 16/16 kept=0 rest=238
[WARN] batch start failed size=17 {125} split -> 8 {146} + 9 {147}
[WARN] batch start failed size=17 {126} split -> 8 {148} + 9 {149}
[WARN] batch start failed size=17 {128} split -> 8 {150} + 9 {151}
[INFO] {124} tested 16/16 kept=0 rest=225
[INFO] {131} tested 17/17 kept=14 rest=193
[WARN] batch start failed size=17 {130} split -> 8 {152} + 9 {153}
[WARN] batch start failed size=8 {132} split -> 4 {154} + 4 {155}
[WARN] batch start failed size=9 {133} split -> 4 {156} + 5 {157}
[WARN] batch start failed size=8 {134} split -> 4 {158} + 4 {159}
[INFO] {127} tested 17/17 kept=2 rest=189
[WARN] batch start failed size=8 {135} split -> 4 {160} + 4 {161}
[WARN] batch start failed size=9 {137} split -> 4 {162} + 5 {163}
[WARN] batch start failed size=8 {136} split -> 4 {164} + 4 {165}
[INFO] {129} tested 17/17 kept=9 rest=186
[WARN] batch start failed size=9 {139} split -> 4 {166} + 5 {167}
[WARN] batch start failed size=9 {141} split -> 4 {168} + 5 {169}
[WARN] batch start failed size=8 {142} split -> 4 {170} + 4 {171}
[INFO] {138} tested 8/8 kept=2 rest=172
[INFO] {140} tested 8/8 kept=0 rest=169
[WARN] batch start failed size=9 {145} split -> 4 {172} + 5 {173}
[WARN] batch start failed size=8 {144} split -> 4 {174} + 4 {175}
[WARN] batch start failed size=9 {147} split -> 4 {176} + 5 {177}
[WARN] batch start failed size=8 {148} split -> 4 {178} + 4 {179}
[INFO] {143} tested 9/9 kept=1 rest=158
[WARN] batch start failed size=9 {151} split -> 4 {180} + 5 {181}
[INFO] {146} tested 8/8 kept=0 rest=147
[INFO] {149} tested 9/9 kept=1 rest=140
[WARN] batch start failed size=8 {152} split -> 4 {182} + 4 {183}
[INFO] {150} tested 8/8 kept=1 rest=130
[WARN] batch start failed size=4 {155} split -> 2 {184} + 2 {185}
[INFO] {154} tested 4/4 kept=0 rest=124
[WARN] batch start failed size=4 {156} split -> 2 {186} + 2 {187}
[INFO] {153} tested 9/9 kept=8 rest=122
[WARN] batch start failed size=4 {159} split -> 2 {188} + 2 {189}
[INFO] {157} tested 5/5 kept=0 rest=117
[INFO] {158} tested 4/4 kept=0 rest=113
[WARN] batch start failed size=4 {160} split -> 2 {190} + 2 {191}
[WARN] batch start failed size=4 {162} split -> 2 {192} + 2 {193}
[INFO] {163} tested 5/5 kept=0 rest=106
[WARN] batch start failed size=4 {165} split -> 2 {194} + 2 {195}
[INFO] {161} tested 4/4 kept=0 rest=102
[WARN] batch start failed size=5 {167} split -> 2 {196} + 3 {197}
[WARN] batch start failed size=4 {168} split -> 2 {198} + 2 {199}
[INFO] {164} tested 4/4 kept=0 rest=98
[WARN] batch start failed size=4 {170} split -> 2 {200} + 2 {201}
[INFO] {166} tested 4/4 kept=0 rest=94
[INFO] {169} tested 5/5 kept=1 rest=90
[WARN] batch start failed size=4 {172} split -> 2 {202} + 2 {203}
[INFO] {171} tested 4/4 kept=0 rest=86
[WARN] batch start failed size=4 {175} split -> 2 {204} + 2 {205}
[WARN] batch start failed size=5 {177} split -> 2 {206} + 3 {207}
[INFO] {173} tested 5/5 kept=0 rest=82
[WARN] batch start failed size=4 {178} split -> 2 {208} + 2 {209}
[INFO] {174} tested 4/4 kept=1 rest=76
[WARN] batch start failed size=4 {180} split -> 2 {210} + 2 {211}
[INFO] {176} tested 4/4 kept=0 rest=71
[INFO] {181} tested 5/5 kept=4 rest=70
[WARN] batch start failed size=4 {183} split -> 2 {212} + 2 {213}
[INFO] {179} tested 4/4 kept=0 rest=66
[WARN] batch start failed size=2 {185} split -> 1 {214} + 1 {215}
[WARN] batch start failed size=2 {186} split -> 1 {216} + 1 {217}
[WARN] batch start failed size=2 {187} split -> 1 {218} + 1 {219}
[WARN] batch start failed size=2 {188} split -> 1 {220} + 1 {221}
[WARN] batch start failed size=2 {189} split -> 1 {222} + 1 {223}
[WARN] batch start failed size=2 {190} split -> 1 {224} + 1 {225}
[INFO] {191} tested 2/2 kept=0 rest=61
[WARN] batch start failed size=2 {192} split -> 1 {226} + 1 {227}
[INFO] {182} tested 4/4 kept=0 rest=59
[WARN] batch start failed size=2 {193} split -> 1 {228} + 1 {229}
[WARN] batch start failed size=2 {195} split -> 1 {230} + 1 {231}
[INFO] {184} tested 2/2 kept=0 rest=57
[WARN] batch start failed size=3 {197} split -> 1 {232} + 2 {233}
[INFO] {198} tested 2/2 kept=1 rest=54
[WARN] batch start failed size=2 {199} split -> 1 {234} + 1 {235}
[WARN] batch start failed size=2 {200} split -> 1 {236} + 1 {237}
[INFO] {194} tested 2/2 kept=0 rest=53
[WARN] batch start failed size=2 {202} split -> 1 {238} + 1 {239}
[INFO] {196} tested 2/2 kept=1 rest=52
[INFO] {201} tested 2/2 kept=0 rest=49
[WARN] batch start failed size=2 {205} split -> 1 {240} + 1 {241}
[INFO] {206} tested 2/2 kept=0 rest=47
[WARN] batch start failed size=3 {207} split -> 1 {242} + 2 {243}
[INFO] {203} tested 2/2 kept=0 rest=46
[WARN] batch start failed size=2 {208} split -> 1 {244} + 1 {245}
[INFO] {204} tested 2/2 kept=0 rest=44
[WARN] batch start failed size=2 {211} split -> 1 {246} + 1 {247}
[INFO] {209} tested 2/2 kept=0 rest=40
[INFO] {210} tested 2/2 kept=0 rest=39
[WARN] batch start failed size=2 {213} split -> 1 {248} + 1 {249}
[INFO] {212} tested 2/2 kept=1 rest=38
[INFO] {214} tested 1/1 kept=0 rest=37
[DROP] {215} name=[ChromeGO-ShiteThings] hysteria server=5.83.129.153:27626 reason=Start initial configuration in progress
[DROP] {216} name=[ChromeGO-ShiteThings] hysteria-2 server=5.83.129.153:20088 reason=Start initial configuration in progress
[DROP] {217} name=[ChromeGO-ShiteThings] hysteria-3 server=5.83.129.90:54177 reason=Start initial configuration in progress
[DROP] {218} name=[ChromeGO-ShiteThings] hysteria-4 server=62.210.70.191:23556 reason=Start initial configuration in progress
[DROP] {219} name=[ChromeGO-ShiteThings] hysteria-5 server=45.150.65.154:47119 reason=Start initial configuration in progress
[DROP] {221} name=[ChromeGO-Merge] WARP server=162.159.192.1:2408 reason=Start initial configuration in progress
[DROP] {222} name=[ChromeGO-Merge] United server=108.181.5.133:26022 reason=Start initial configuration in progress
[DROP] {223} name=[ChromeGO-Merge] France_hysteria_1 server=62.210.243.131:18702 reason=Start initial configuration in progress
[DROP] {224} name=[ChromeGO-Merge] United-2 server=109.104.152.194:58510 reason=Start initial configuration in progress
[DROP] {226} name=[ChromeGO-Merge] France server=51.158.54.46:55396 reason=Start initial configuration in progress
[DROP] {227} name=[ChromeGO-Merge] United-4 server=173.234.25.52:48919 reason=Start initial configuration in progress
[INFO] {225} tested 1/1 kept=0 rest=25
[DROP] {228} name=[ChromeGO-Merge] Taiwan-2 server=www.dtku40.xyz:18490 reason=Start initial configuration in progress
[DROP] {229} name=[ChromeGO-Merge] United-5 server=167.160.91.115:41189 reason=Start initial configuration in progress
[DROP] {231} name=[ChromeGO-Merge] Taiwan server=www2.dtku48.xyz:22334 reason=Start initial configuration in progress
[INFO] {220} tested 1/1 kept=0 rest=21
[WARN] batch start failed size=2 {233} split -> 1 {250} + 1 {251}
[INFO] {234} tested 1/1 kept=1 rest=20
[DROP] {235} name=[Pawdroid-ss-apk] United+Kingdom-4 server=82.38.31.189:8080 reason=Start initial configuration in progress
[INFO] {230} tested 1/1 kept=0 rest=18
[INFO] {232} tested 1/1 kept=1 rest=17
[DROP] {236} name=[Epodonios] EPODONIOS-7 server=15.236.150.206:22224 reason=Start initial configuration in progress
[DROP] {238} name=[Epodonios] EPODONIOS-98 server=92.119.166.62:2222 reason=Start initial configuration in progress
[INFO] {237} tested 1/1 kept=0 rest=14
[DROP] {241} name=[Epodonios] EPODONIOS-97 server=78.38.246.150:8446 reason=Start initial configuration in progress
[INFO] {239} tested 1/1 kept=0 rest=12
[WARN] batch start failed size=2 {243} split -> 1 {252} + 1 {253}
[INFO] {240} tested 1/1 kept=0 rest=11
[DROP] {244} name=[Epodonios] EPODONIOS-3226 server=18.193.13.65:22224 reason=Start initial configuration in progress
[DROP] {245} name=[Epodonios] EPODONIOS-3227 server=35.181.70.2:22224 reason=Start initial configuration in progress
[DROP] {246} name=[Free-clash-v2ray] 未知 SS-1521 | free-nodes server=192.0.2.1:1 reason=Start initial configuration in progress
[INFO] {247} tested 1/1 kept=0 rest=7
[DROP] {248} name=[Free-clash-v2ray] hysteria server=5.83.129.143:26691 reason=Start initial configuration in progress
[INFO] {249} tested 1/1 kept=1 rest=5
[INFO] {250} tested 1/1 kept=1 rest=4
[DROP] {251} name=[Pawdroid-sr-apk] 美国+纽约州纽约BuyVM server=198.98.53.130:443 reason=Start initial configuration in progress
[INFO] {252} tested 1/1 kept=0 rest=2
[DROP] {253} name=[Epodonios] EPODONIOS-1577 server=147.45.240.136:443 reason=Start initial configuration in progress
[INFO] {242} tested 1/1 kept=0 rest=0
[INFO] dropped=24 [ChromeGO-ShiteThings] × 5 | [ChromeGO-Merge] × 9 | [Pawdroid-ss-apk] × 1 | [Epodonios] × 6 | [Free-clash-v2ray] × 2 | [Pawdroid-sr-apk] × 1
============================================================
[INFO] cap live source=[免费节点2] from 89 to 50 by health_score
[INFO] cap live source=[免费节点8] from 184 to 50 by health_score
[INFO] cap live source=[Pawdroid-sr-apk] from 272 to 50 by health_score
[INFO] cap live source=[Pawdroid-ss-apk] from 83 to 50 by health_score
[INFO] cap live source=[Epodonios] from 65 to 50 by health_score
[INFO] cap live source=[Free-clash-v2ray] from 596 to 50 by health_score
[INFO] cap live source=[V2rayclashfree-RSS] from 52 to 50 by health_score
[INFO] cap live total from 521 to 350 trim large sources first
============================================================
+------------------------------+--------+--------+------+--------+
| source                       |    raw | unique | live | capped |
+------------------------------+--------+--------+------+--------+
| [大FQ运动]                   |     14 |     14 |    3 |      3 |
+------------------------------+--------+--------+------+--------+
| [Pawdroid]                   |     39 |     38 |    5 |      5 |
+------------------------------+--------+--------+------+--------+
| [FreeV2-Base64]              |      3 |      3 |    3 |      3 |
+------------------------------+--------+--------+------+--------+
| [Bocchi2b-Base64]            |     35 |     35 |    0 |      0 |
+------------------------------+--------+--------+------+--------+
| [ChromeGO-Toolkit]           |     14 |     14 |    5 |      5 |
+------------------------------+--------+--------+------+--------+
| [ChromeGO-ShiteThings]       |     31 |     25 |    1 |      1 |
+------------------------------+--------+--------+------+--------+
| [ChromeGO-Merge]             |    111 |    111 |    2 |      2 |
+------------------------------+--------+--------+------+--------+
| [Freesocks]                  |      3 |      3 |    3 |      3 |
+------------------------------+--------+--------+------+--------+
| [NekoWarp]                   |     10 |     10 |    7 |      7 |
+------------------------------+--------+--------+------+--------+
| [OpenRunner-RSS]             |     14 |      0 |    0 |      0 |
+------------------------------+--------+--------+------+--------+
| [V2Rayshare-RSS]             |     27 |     26 |    8 |      8 |
+------------------------------+--------+--------+------+--------+
| [Mibei77-RSS]                |    108 |     78 |    1 |      1 |
+------------------------------+--------+--------+------+--------+
| [Yoyapai-RSS]                |    213 |    184 |    3 |      3 |
+------------------------------+--------+--------+------+--------+
| [免费节点1]                  |    125 |     25 |    3 |      3 |
+------------------------------+--------+--------+------+--------+
| [免费节点2]                  |    355 |    321 |   89 |     27 |
+------------------------------+--------+--------+------+--------+
| [免费节点3]                  |     49 |     34 |   24 |     24 |
+------------------------------+--------+--------+------+--------+
| [免费节点4]                  |    837 |    719 |   42 |     27 |
+------------------------------+--------+--------+------+--------+
| [免费节点5]                  |     29 |     28 |    0 |      0 |
+------------------------------+--------+--------+------+--------+
| [免费节点6]                  |    626 |    581 |    6 |      6 |
+------------------------------+--------+--------+------+--------+
| [免费节点7]                  |     64 |      8 |    0 |      0 |
+------------------------------+--------+--------+------+--------+
| [免费节点8]                  |   4157 |   3362 |  184 |     27 |
+------------------------------+--------+--------+------+--------+
| [免费节点9]                  |    615 |    456 |    0 |      0 |
+------------------------------+--------+--------+------+--------+
| [免费节点10]                 |   4493 |   3084 |   18 |     18 |
+------------------------------+--------+--------+------+--------+
| [免费节点11]                 |    425 |    197 |   19 |     19 |
+------------------------------+--------+--------+------+--------+
| [Pawdroid-sr-apk]            |    707 |    448 |  272 |     28 |
+------------------------------+--------+--------+------+--------+
| [Pawdroid-ss-apk]            |   1454 |   1039 |   83 |     28 |
+------------------------------+--------+--------+------+--------+
| [Clashfree]                  |   1379 |    552 |   18 |     18 |
+------------------------------+--------+--------+------+--------+
| [Epodonios]                  |   4406 |   3436 |   65 |     28 |
+------------------------------+--------+--------+------+--------+
| [Free-clash-v2ray]           |   4725 |   2284 |  596 |     28 |
+------------------------------+--------+--------+------+--------+
| [V2rayclashfree-RSS]         |   1028 |    158 |   52 |     28 |
+------------------------------+--------+--------+------+--------+
============================================================
[SUMMARY] total_nodes=26096
[SUMMARY] legal_candidates=17273
[SUMMARY] passed_latency_test=350
[SUMMARY] region_HK=11 region_JP=8 region_US=101
[SUMMARY] avg_latency_ms=430.76
[SUMMARY] output=/home/runner/work/Free-node-autotest/Free-node-autotest/output/clash.yaml
============================================================
