============================================================
[INFO] sublink try page: https://end-gfw.com
[OK] proxies=2 new=2 url=https://raw.githubusercontent.com/hello-world-1989/cn-news/refs/heads/main/clash.yaml
[OK] proxies=2 new=0 url=https://raw.githubusercontent.com/hello-world-1989/cn-news/main/end-gfw-together
[OK] proxies=2 new=2 url=https://raw.githubusercontent.com/hello-world-1989/cn-news/main/end-gfw-together-ss
[OK] proxies=4 source=[大FQ运动] url=https://end-gfw.com
============================================================
[INFO] source try url: https://end-gfw.com/ss-key
[OK] proxies=4 new=4 url=https://end-gfw.com/ss-key
[OK] proxies=4 source=[大FQ运动-SS密钥] url=https://end-gfw.com/ss-key
============================================================
[INFO] sublink try repo: https://github.com/hello-world-1989/cn-news
[INFO] sublink try page: https://raw.githubusercontent.com/hello-world-1989/cn-news/main/README.md
[OK] proxies=2 new=2 url=https://raw.githubusercontent.com/hello-world-1989/cn-news/refs/heads/main/clash.yaml
[OK] proxies=2 new=0 url=https://raw.githubusercontent.com/hello-world-1989/cn-news/main/end-gfw-together
[OK] proxies=6 new=6 url=https://raw.githubusercontent.com/hello-world-1989/v2-sub/main/end-gfw-together-af3e13
[OK] proxies=8 source=[大FQ运动-补充] url=https://raw.githubusercontent.com/hello-world-1989/cn-news/main/README.md
============================================================
[INFO] toolkit try repo: https://github.com/bannedbook/fanqiang
[INFO] toolkit try release: https://github.com/bannedbook/fanqiang/releases
[INFO] toolkit try release: https://github.com/bannedbook/fanqiang/releases/expanded_assets/ChromeGo-latest
[INFO] toolkit try download: https://github.com/bannedbook/fanqiang/releases/download/ChromeGo-latest/ChromeGo.7z
[OK] toolkit downloaded: ChromeGo.7z bytes=100924352
[OK] toolkit extracted archive=ChromeGo.7z tool=7z files=222 dirs=45
[OK] toolkit discovered subs=107 embedded=12 archive=ChromeGo.7z
[OK] proxies=6 new=6 embedded=archive-config
[OK] proxies=7 new=5 url=https://gitlab.com/free9999/ipupdate/master/backup/img/1/2/{ipp|ip}/{hysteria2|singbox|naiveproxy|hysteria|xray}/{2|3|1|4}/config.json
[OK] proxies=7 new=0 url=https://www.67867867.xyz/Alvin9999/PAC/refs/heads/master/backup/img/1/2/{ipp|ip}/{hysteria2|singbox|naiveproxy|hysteria|xray}/{2|3|1|4}/config.json
[OK] proxies=3 new=3 url=https://gitlab.com/free9999/ipupdate/master/backup/img/1/2/{ipp|ip}/clash.meta2/{2|3|1|5|4|6}/config.yaml
[OK] proxies=3 new=0 url=https://www.67867867.xyz/Alvin9999/PAC/refs/heads/master/backup/img/1/2/{ipp|ip}/clash.meta2/{2|3|1|5|4|6}/config.yaml
[OK] proxies=14 source=[ChromeGO-工具包] url=https://github.com/bannedbook/fanqiang/releases/download/ChromeGo-latest/ChromeGo.7z
============================================================
[INFO] sublink try repo: https://github.com/ShiteThings/extractNodes
[INFO] sublink try page: https://raw.githubusercontent.com/ShiteThings/extractNodes/main/README.md
[OK] proxies=31 new=30 url=https://{chg26.makou.cc.cd|chg64.makou.cc.cd}
[OK] proxies=26 new=1 url=https://chg26.makou.cc.cd/sb
[OK] proxies=31 source=[ChromeGO-ShiteThings] url=https://raw.githubusercontent.com/ShiteThings/extractNodes/main/README.md
============================================================
[INFO] sublink try repo: https://github.com/shangui999/chromego_merge
[INFO] sublink try page: https://raw.githubusercontent.com/shangui999/chromego_merge/master/ReadMe.md
[OK] proxies=10 new=10 url=https://freedman.netlify.app/sub/merged_proxies_new.yaml
[OK] proxies=11 new=1 url=https://freedman.netlify.app/sub/merged_warp_proxies_new.yaml
[OK] proxies=11 new=6 url=https://freedman.netlify.app/sub/shadowrocket_base64.txt
[OK] proxies=16 new=16 url=https://freedman.netlify.app/sub/sb.json
[INFO] sublink try repo: https://github.com/yaney01/chromego
[INFO] sublink try page: https://raw.githubusercontent.com/yaney01/chromego/main/ReadMe.md
[OK] proxies=50 new=46 url=https://raw.githubusercontent.com/yaney01/chromego/main/sub/merged_proxies_new.yaml
[OK] proxies=51 new=0 url=https://raw.githubusercontent.com/yaney01/chromego/main/sub/merged_warp_proxies_new.yaml
[OK] proxies=13 new=7 url=https://raw.githubusercontent.com/yaney01/chromego/main/sub/shadowrocket_base64.txt
[OK] proxies=13 new=0 url=https://raw.githubusercontent.com/yaney01/chromego/main/sub/sb.json
[INFO] sublink try repo: https://github.com/Misaka-blog/chromego_merge
[INFO] sublink try page: https://raw.githubusercontent.com/Misaka-blog/chromego_merge/main/README.md
[OK] proxies=29 new=29 url=https://chromego-sub.netlify.app/sub/merged_proxies_new.yaml
[OK] proxies=115 source=[ChromeGO-Merge] url=https://raw.githubusercontent.com/Misaka-blog/chromego_merge/main/README.md
============================================================
[INFO] source try url: https://freesocks.org/api/v1/sub/02b897e8e77f19176b0b9f2c75864b00
[OK] proxies=3 new=3 url=https://freesocks.org/api/v1/sub/02b897e8e77f19176b0b9f2c75864b00
[OK] proxies=3 source=[Freesocks] url=https://freesocks.org/api/v1/sub/02b897e8e77f19176b0b9f2c75864b00
============================================================
[INFO] source try url: https://neko-warp.nloli.xyz/neko_warp.yaml
[OK] proxies=10 new=10 url=https://neko-warp.nloli.xyz/neko_warp.yaml
[OK] proxies=10 source=[NekoWarp] url=https://neko-warp.nloli.xyz/neko_warp.yaml
============================================================
[INFO] article try feed: https://free.datiya.com/index.xml
[INFO] sublink try page: https://free.datiya.com/post/20260913/
[OK] proxies=14 new=14 url=https://free.datiya.com/uploads/20260913-clash.yaml
[OK] proxies=14 source=[OpenRunner-RSS] url=https://free.datiya.com/post/20260913/
============================================================
[INFO] article try feed: https://v2rayshare.com/feed
[INFO] sublink try page: https://v2rayshare.net/p/5067.html
[OK] proxies=27 new=27 url=https://static.v2rayshare.net/2026/09/20260913.txt
[OK] proxies=27 new=0 url=https://static.v2rayshare.net/2026/09/20260913.yaml
[OK] proxies=27 new=0 url=https://static.v2rayshare.net/2026/09/m20260913.yaml
[OK] proxies=27 source=[V2Rayshare-RSS] url=https://v2rayshare.net/p/5067.html
============================================================
[INFO] sublink try repo: https://github.com/firefoxmmx2/v2rayshare_subcription
[INFO] sublink try page: https://raw.githubusercontent.com/firefoxmmx2/v2rayshare_subcription/main/README.md
[OK] proxies=27 new=27 url=https://{raw.githubusercontent.com|cdn.jsdelivr.net}/firefoxmmx2/v2rayshare_subcription/main/subscription/vray_sub.txt
[OK] proxies=27 new=0 url=https://{raw.githubusercontent.com|cdn.jsdelivr.net}/firefoxmmx2/v2rayshare_subcription/main/subscription/clash_sub.yaml
[OK] proxies=27 new=0 url=https://{raw.githubusercontent.com|cdn.jsdelivr.net}/firefoxmmx2/v2rayshare_subcription/main/subscription/mihomo_sub.yaml
[OK] proxies=27 source=[V2Rayshare-SUB] url=https://raw.githubusercontent.com/firefoxmmx2/v2rayshare_subcription/main/README.md
============================================================
[INFO] article try feed: https://www.mibei77.com/feed
[INFO] sublink try page: https://www.mibei77.com/666.html
[OK] proxies=106 new=106 url=https://mm.mibei77.com/202609/09.1364bavgb.txt
[OK] proxies=105 new=0 url=https://mm.mibei77.com/202609/0913Clashizx.yaml
[OK] proxies=106 source=[Mibei77-RSS] url=https://www.mibei77.com/666.html
============================================================
[INFO] article try feed: https://yoyapai.com/feed
[INFO] sublink try page: https://yoyapai.com/715
[OK] proxies=1 new=1 url=https://yoyapai.com/715
[OK] proxies=208 new=208 url=https://freenode.yoyapai.com/2026/09/13-yoyapai.com-clash-vpn-mianfei-jiedian.yaml
[OK] proxies=208 new=0 url=https://freenode.yoyapai.com/2026/09/13-yoyapai.com-ssrv2ray-vpn-mianfei-jiedian.txt
[OK] proxies=209 source=[Yoyapai-RSS] url=https://yoyapai.com/715
============================================================
[INFO] sublink try repo: https://github.com/free-clash-v2ray/free-clash-v2ray.github.io
[INFO] sublink try page: https://raw.githubusercontent.com/free-clash-v2ray/free-clash-v2ray.github.io/main/README.md
[OK] proxies=2890 new=2890 url=https://free-clash-v2ray.github.io/uploads/2026/09/{0-20260913.yaml|1-20260913.yaml|2-20260913.yaml|3-20260913.yaml}
[OK] proxies=4384 new=1835 url=https://free-clash-v2ray.github.io/uploads/2026/09/{0-20260913.txt|1-20260913.txt|2-20260913.txt|3-20260913.txt|4-20260913.txt}
[OK] proxies=4725 source=[Free-clash-v2ray] url=https://raw.githubusercontent.com/free-clash-v2ray/free-clash-v2ray.github.io/main/README.md
============================================================
[INFO] sublink try repo: https://github.com/Pawdroid/Free-servers
[INFO] sublink try page: https://raw.githubusercontent.com/Pawdroid/Free-servers/main/README.md
[OK] proxies=13 new=13 url=https://raw.githubusercontent.com/Pawdroid/Free-servers/main/README.md
[OK] proxies=13 new=0 url=https://raw.githubusercontent.com/Pawdroid/Free-servers/main/sub
[OK] proxies=1 new=1 url=https://apps.apple.com/cn/app/shadowshare/id1612647259
[OK] proxies=14 source=[Pawdroid] url=https://raw.githubusercontent.com/Pawdroid/Free-servers/main/README.md
============================================================
[INFO] source try url: https://xmxosfepggzm.503403.xyz
[OK] proxies=3 new=3 url=https://xmxosfepggzm.503403.xyz
[OK] proxies=3 source=[FreeV2-Base64] url=https://xmxosfepggzm.503403.xyz
============================================================
[INFO] source try url: https://links.bocchi2b.top/clash
[OK] proxies=35 new=35 url=https://links.bocchi2b.top/clash
[OK] proxies=35 source=[Bocchi2b-Base64] url=https://links.bocchi2b.top/clash
============================================================
[INFO] sublink try repo: https://github.com/free18/v2ray
[INFO] sublink try page: https://raw.githubusercontent.com/free18/v2ray/main/README.md
[OK] proxies=3 new=3 url=https://raw.githubusercontent.com/free18/v2ray/main/README.md
[OK] proxies=132 new=131 url=https://ghfast.top/https://raw.githubusercontent.com/free18/v2ray/refs/heads/main/v.txt
[OK] proxies=132 new=0 url=https://ghfast.top/https://raw.githubusercontent.com/free18/v2ray/refs/heads/main/c.yaml
[OK] proxies=134 source=[免费节点1] url=https://raw.githubusercontent.com/free18/v2ray/main/README.md
============================================================
[INFO] sublink try repo: https://github.com/ermaozi/get_subscribe
[INFO] sublink try page: https://raw.githubusercontent.com/ermaozi/get_subscribe/main/README.md
[INFO] sublink file_nodes=0 bare links=9
[OK] proxies=387 new=387 url=https://www.ermao.net/sub/{clash|v2ray}/ermao.net
[OK] proxies=386 new=0 url=https://www.ermao.net/sub/{reachable|unreachable|untested}/clash/ermao.net
[OK] proxies=387 source=[免费节点2] url=https://raw.githubusercontent.com/ermaozi/get_subscribe/main/README.md
============================================================
[INFO] sublink try repo: https://github.com/sunmiao4458/free-proxy-airport
[INFO] sublink try page: https://raw.githubusercontent.com/sunmiao4458/free-proxy-airport/main/README.md
[OK] proxies=55 new=55 url=https://sunmiao4458.github.io/free-proxy-airport/clash.yaml
[OK] proxies=55 source=[免费节点3] url=https://raw.githubusercontent.com/sunmiao4458/free-proxy-airport/main/README.md
============================================================
[INFO] sublink try repo: https://github.com/mfuu/FreeProxies
[INFO] sublink try page: https://raw.githubusercontent.com/mfuu/FreeProxies/master/README.md
[OK] proxies=840 new=840 url=https://raw.githubusercontent.com/mfuu/FreeProxies/master/sub.yaml
[OK] proxies=840 source=[免费节点4] url=https://raw.githubusercontent.com/mfuu/FreeProxies/master/README.md
============================================================
[INFO] sublink try repo: https://github.com/vxiaov/free_proxies
[INFO] sublink try page: https://raw.githubusercontent.com/vxiaov/free_proxies/main/README.md
[OK] proxies=1 new=1 url=https://raw.githubusercontent.com/vxiaov/free_proxies/main/README.md
[OK] proxies=28 new=28 url=https://{cdn.jsdelivr.net|raw.githubusercontent.com}/vxiaov/free_proxies/main/clash/clash.provider.yaml
[OK] proxies=29 source=[免费节点5] url=https://raw.githubusercontent.com/vxiaov/free_proxies/main/README.md
============================================================
[INFO] sublink try repo: https://github.com/anaer/Sub
[INFO] sublink try page: https://raw.githubusercontent.com/anaer/Sub/main/README.MD
[OK] proxies=644 new=644 url=https://anaer.github.io/Sub/clash.yaml
[OK] proxies=644 new=0 url=https://raw.githubusercontent.com/anaer/Sub/main/clash.yaml
[OK] proxies=644 source=[免费节点6] url=https://raw.githubusercontent.com/anaer/Sub/main/README.MD
============================================================
[INFO] sublink try repo: https://github.com/snakem982/proxypool
[INFO] sublink try page: https://raw.githubusercontent.com/snakem982/proxypool/main/README.md
[OK] proxies=64 new=64 url=https://raw.githubusercontent.com/snakem982/proxypool/main/source/clash-meta-2.yaml
[OK] proxies=62 new=0 url=https://raw.githubusercontent.com/snakem982/proxypool/main/source/v2ray-2.txt
[OK] proxies=62 new=0 url=https://raw.githubusercontent.com/snakem982/proxypool/main/source/sing-box-2.json
[OK] proxies=64 source=[免费节点7] url=https://raw.githubusercontent.com/snakem982/proxypool/main/README.md
============================================================
[INFO] sublink try repo: https://github.com/mahdibland/V2RayAggregator
[INFO] sublink try page: https://raw.githubusercontent.com/mahdibland/V2RayAggregator/master/README.md
[OK] proxies=380 new=380 url=https://raw.githubusercontent.com/mahdibland/V2RayAggregator/master/README.md
[OK] proxies=1 new=1 url=https://github.com/mahdibland/SSAggregator/actions/workflows/Collector.yml
[OK] proxies=1 new=0 url=https://github.com/mahdibland/SSAggregator/actions/workflows/Airport_Collector.yml
[OK] proxies=195 new=0 url=https://raw.githubusercontent.com/mahdibland/ShadowsocksAggregator/master/Eternity.txt
[OK] proxies=196 new=1 url=https://raw.githubusercontent.com/mahdibland/ShadowsocksAggregator/master/Eternity.yml
[OK] proxies=61 new=61 url=https://raw.githubusercontent.com/mahdibland/ShadowsocksAggregator/master/EternityAir.txt
[OK] proxies=3849 new=3563 url=https://raw.githubusercontent.com/mahdibland/SSAggregator/master/sub/sub_merge_base64.txt
[OK] proxies=3849 new=0 url=https://raw.githubusercontent.com/mahdibland/{SSAggregator|ShadowsocksAggregator}/master/sub/sub_merge.txt
[OK] proxies=4003 new=229 url=https://raw.githubusercontent.com/mahdibland/SSAggregator/master/sub/sub_merge_yaml.yml
[OK] proxies=61 new=0 url=https://raw.githubusercontent.com/mahdibland/SSAggregator/master/sub/airport_merge_base64.txt
[OK] proxies=61 new=0 url=https://raw.githubusercontent.com/mahdibland/SSAggregator/master/sub/airport_sub_merge.txt
[OK] proxies=1354 new=0 url=https://raw.githubusercontent.com/mahdibland/ShadowsocksAggregator/master/sub/splitted/vmess.txt
[OK] proxies=605 new=0 url=https://raw.githubusercontent.com/mahdibland/ShadowsocksAggregator/master/sub/splitted/trojan.txt
[OK] proxies=43 new=0 url=https://raw.githubusercontent.com/mahdibland/ShadowsocksAggregator/master/sub/splitted/ssr.txt
[OK] proxies=1847 new=0 url=https://raw.githubusercontent.com/mahdibland/ShadowsocksAggregator/master/sub/splitted/ss.txt
[OK] proxies=1 new=0 url=https://cdn.jsdelivr.net/gh/mahdibland/V2RayAggregator@master/update/provider/provider-meta.yml
[OK] proxies=1 new=0 url=https://cdn.jsdelivr.net/gh/mahdibland/V2RayAggregator@master/update/provider/provider-meta-cn.yml
[OK] proxies=1 new=0 url=https://cdn.jsdelivr.net/gh/mahdibland/V2RayAggregator@master/update/provider/provider-meta-others.yml
[OK] proxies=1 new=0 url=https://cdn.jsdelivr.net/gh/mahdibland/V2RayAggregator@master/update/provider/provider.yml
[OK] proxies=1 new=0 url=https://cdn.jsdelivr.net/gh/mahdibland/V2RayAggregator@master/update/provider/provider-cn.yml
[OK] proxies=1 new=0 url=https://cdn.jsdelivr.net/gh/mahdibland/V2RayAggregator@master/update/provider/provider-others.yml
[OK] proxies=4235 source=[免费节点8] url=https://raw.githubusercontent.com/mahdibland/V2RayAggregator/master/README.md
============================================================
[INFO] sublink try repo: https://github.com/w1770946466/Auto_proxy
[INFO] sublink try page: https://raw.githubusercontent.com/w1770946466/Auto_proxy/main/README.md
[OK] proxies=1 new=1 url=https://github.com/w1770946466/Auto_proxy/actions/workflows/main.yml
[OK] proxies=245 new=245 url=https://raw.githubusercontent.com/w1770946466/Auto_proxy/main/{Long_term_subscription2.yaml|Long_term_subscription1.yaml|Long_term_subscription3.yaml}
[OK] proxies=489 new=54 url=https://raw.githubusercontent.com/w1770946466/Auto_proxy/main/{Long_term_subscription1|Long_term_subscription2|Long_term_subscription3|Long_term_subscription4|Long_term_subscription5|Long_term_subscription6|Long_term_subscription7|Long_term_subscription8}
[OK] proxies=489 new=315 url=https://raw.githubusercontent.com/w1770946466/Auto_proxy/main/Long_term_subscription_num
[OK] proxies=615 source=[免费节点9] url=https://raw.githubusercontent.com/w1770946466/Auto_proxy/main/README.md
============================================================
[INFO] sublink try repo: https://github.com/PuddinCat/BestClash
[INFO] sublink try page: https://raw.githubusercontent.com/PuddinCat/BestClash/main/README.md
[OK] proxies=16 new=16 url=https://raw.githubusercontent.com/PuddinCat/BestClash/main/proxies.yaml
[OK] proxies=28 new=28 url=https://cdn.jsdelivr.net/gh/vxiaov/free_proxies@main/clash/clash.provider.yaml
[OK] proxies=24 new=24 url=https://freenode.openrunner.net/uploads/20240807-clash.yaml
[OK] proxies=29 new=29 url=https://raw.githubusercontent.com/Misaka-blog/chromego_merge/main/sub/merged_proxies_new.yaml
[OK] proxies=3792 new=3763 url=https://raw.githubusercontent.com/{NiceVPN123|anaer}/{NiceVPN|Sub}/main/{Clash.yaml|clash.yaml}
[OK] proxies=25 new=0 url=https://raw.githubusercontent.com/{chengaopan|peasoft}/{AutoMergePublicNodes|NoMoreWalls}/master/list.yml
[OK] proxies=408 new=369 url=https://raw.githubusercontent.com/{ermaozi|ermaozi01}/{get_subscribe|free_clash_vpn}/main/subscribe/clash.yml
[OK] proxies=196 new=180 url=https://raw.githubusercontent.com/mahdibland/ShadowsocksAggregator/master/Eternity.yml
[OK] proxies=165 new=160 url=https://raw.githubusercontent.com/ronghuaxueleng/get_v2/main/pub/combine.yaml
[OK] proxies=144 new=3 url=https://raw.githubusercontent.com/zhangkaiitugithub/passcro/main/speednodes.yaml
[OK] proxies=4572 source=[免费节点10] url=https://raw.githubusercontent.com/PuddinCat/BestClash/main/README.md
============================================================
[INFO] sublink try repo: https://github.com/kooker/FreeSubsCheck
[INFO] sublink try page: https://raw.githubusercontent.com/kooker/FreeSubsCheck/main/README.md
[OK] proxies=36 new=36 url=https://raw.githubusercontent.com/kooker/FreeSubsCheck/main/mihomo.yaml
[OK] proxies=36 new=0 url=https://raw.githubusercontent.com/kooker/FreeSubsCheck/main/all.yaml
[OK] proxies=4 new=0 url=https://raw.githubusercontent.com/kooker/FreeSubsCheck/main/base64.txt
[OK] proxies=1 new=1 url=https://raw.githubusercontent.com/kooker/FreeSubsCheck/main/byxiaoxi.txt
[OK] proxies=421 new=420 url=https://raw.githubusercontent.com/kooker/FreeSubsCheck/main/kooker.jp.txt
[OK] proxies=457 source=[免费节点11] url=https://raw.githubusercontent.com/kooker/FreeSubsCheck/main/README.md
============================================================
[INFO] toolkit try repo: https://github.com/Pawdroid/shadowrocket_for_android
[INFO] toolkit try release: https://github.com/Pawdroid/shadowrocket_for_android/releases
[INFO] toolkit try release: https://github.com/Pawdroid/shadowrocket_for_android/releases/expanded_assets/10.10.51
[INFO] toolkit try download: https://github.com/Pawdroid/shadowrocket_for_android/releases/download/10.10.51/Shadowrocket_10.10.51_shadowrocketStandard_arm64-v8a.apk
[OK] toolkit downloaded: Shadowrocket_10.10.51_shadowrocketStandard_arm64-v8a.apk bytes=41111539
[OK] toolkit extracted archive=Shadowrocket_10.10.51_shadowrocketStandard_arm64-v8a.apk tool=zipfile files=1175 dirs=44
[OK] toolkit sr-apk scanned prefixes=36 files=6 keys=2 archive=Shadowrocket_10.10.51_shadowrocketStandard_arm64-v8a.apk
[OK] proxies=1588 new=1588 url=https://{cdn.jsdelivr.net|raw.githubusercontent.com}/pixelor/ecfg/main/data/ecfg6_zh
[OK] proxies=1366 new=145 url=https://{cdn.jsdelivr.net|raw.githubusercontent.com}/pixelor/ecfg/main/data/ecfg6_en
[OK] proxies=182 new=95 url=https://{cdn.jsdelivr.net|raw.githubusercontent.com}/pixelor/ecfg/main/data/ecfg6
[OK] proxies=821 new=0 url=https://{files.shadowrockets.app|cdn.shadowrockets.app}/ecfg/data/ecfg6_en
[OK] proxies=821 new=0 url=https://{files.shadowrockets.app|cdn.shadowrockets.app}/ecfg/data/ecfg6_zh
[OK] proxies=63 new=0 url=https://{files.shadowrockets.app|cdn.shadowrockets.app}/ecfg/data/ecfg6
[OK] proxies=1828 source=[Pawdroid-sr-apk] url=https://github.com/Pawdroid/shadowrocket_for_android/releases/download/10.10.51/Shadowrocket_10.10.51_shadowrocketStandard_arm64-v8a.apk
============================================================
[INFO] toolkit try page: https://shadowshare.v2cross.com
[INFO] toolkit try download: https://shadowshare.v2cross.com/shadowshare.apk
[OK] toolkit downloaded: shadowshare.apk bytes=62868122
[OK] toolkit extracted archive=shadowshare.apk tool=zipfile files=612 dirs=39
[OK] toolkit ss-apk scanned prefixes=10 files=3 keys=1 archive=shadowshare.apk
[OK] proxies=171 new=171 url=https://{raw.githubusercontent.com|jsd.onmicrosoft.cn}/hideme9527/ecsfg/main/data/sareserver
[OK] proxies=1386 new=1283 url=https://{raw.githubusercontent.com|jsd.onmicrosoft.cn}/hideme9527/ecsfg/main/data/sareserver_en
[OK] proxies=171 new=0 url=https://{shadowsharing.com|sare.159236.xyz}/data/sareserver
[OK] proxies=1386 new=0 url=https://{shadowsharing.com|sare.159236.xyz}/data/sareserver_en
[OK] proxies=171 new=0 url=https://gitee.com/api/v5/repos/{zhiminghao|guoyoucai1|elvenapp}/ecsfg/raw/data/sareserver
[OK] proxies=1386 new=0 url=https://gitee.com/api/v5/repos/{elvenapp|zhiminghao|guoyoucai1}/ecsfg/raw/data/sareserver_en
[OK] proxies=1454 source=[Pawdroid-ss-apk] url=https://shadowshare.v2cross.com/shadowshare.apk
============================================================
[INFO] sublink try repo: https://github.com/free-nodes/clashfree
[INFO] sublink try page: https://raw.githubusercontent.com/free-nodes/clashfree/main/README.md
[OK] proxies=1 new=1 url=https://github.com/free-nodes/clashfree/blob/main/clash20260913.yml
[INFO] sublink file_nodes=1 bare links=3
[WARN] source=[Clashfree] few proxies found=1 raw=1362
[INFO] source=[Clashfree] reused previous raw file=797390868556-raw-1443-20260913.yaml stamp=202609131443
[OK] proxies=1362 source=[Clashfree] url=https://raw.githubusercontent.com/free-nodes/clashfree/main/README.md
============================================================
[INFO] sublink try repo: https://github.com/Epodonios/v2ray-configs
[INFO] sublink try page: https://raw.githubusercontent.com/Epodonios/v2ray-configs/main/README.md
[OK] proxies=1 new=1 url=https://github.com/Epodonios/V2ray-Configs/actions/workflows/main.yml
[OK] proxies=2871 new=2871 url=https://github.com/Epodonios/v2ray-configs/raw/main/All_Configs_Sub.txt
[OK] proxies=2871 new=0 url=https://github.com/Epodonios/v2ray-configs/raw/main/All_Configs_base64_Sub.txt
[OK] proxies=3251 new=1203 url=https://github.com/Epodonios/v2ray-configs/raw/main/Splitted-By-Protocol/vless.txt
[OK] proxies=150 new=4 url=https://github.com/Epodonios/v2ray-configs/raw/main/Splitted-By-Protocol/vmess.txt
[OK] proxies=422 new=44 url=https://github.com/Epodonios/v2ray-configs/raw/main/Splitted-By-Protocol/ss.txt
[OK] proxies=166 new=121 url=https://github.com/Epodonios/v2ray-configs/raw/main/Splitted-By-Protocol/trojan.txt
[OK] proxies=4091 new=58 url=https://raw.githubusercontent.com/Epodonios/v2ray-configs/main/{Sub1.txt|Sub2.txt|Sub3.txt|Sub4.txt|Sub5.txt|Sub6.txt|Sub7.txt|Sub8.txt}
[OK] proxies=4302 source=[Epodonios] url=https://raw.githubusercontent.com/Epodonios/v2ray-configs/main/README.md
============================================================
[INFO] article try page: https://v2rayclashfree.com
[INFO] sublink try page: https://v2rayclashfree.com/fn/20260913.html
[OK] proxies=3368 new=3368 url=https://v2rayclashfree.com/sub/20260913-v2ray.txt
[OK] proxies=3024 new=404 url=https://v2rayclashfree.com/sub/20260913-clash.yaml
[OK] proxies=3772 source=[V2rayclashfree-RSS] url=https://v2rayclashfree.com/fn/20260913.html
============================================================
[INFO] raw backup written path=/home/runner/work/Free-node-autotest/Free-node-autotest/output/raw.yaml proxies=30101
[INFO] toolkit try repo: https://github.com/MetaCubeX/mihomo
[INFO] toolkit try release: https://github.com/MetaCubeX/mihomo/releases
[INFO] toolkit try release: https://github.com/MetaCubeX/mihomo/releases/expanded_assets/v1.19.30
[INFO] toolkit try download: https://github.com/MetaCubeX/mihomo/releases/download/v1.19.30/mihomo-linux-amd64-compatible-v1.19.30.gz
[OK] toolkit downloaded: mihomo-linux-amd64-compatible-v1.19.30.gz bytes=18899951
[OK] toolkit sha256 verified: mihomo-linux-amd64-compatible-v1.19.30.gz sha256=db214c7a2517e63c150d123178d16d102e03a241ccdae4e5e07ffbe9cf56c6f9
[OK] proxy engine ready: mihomo starting latency test
============================================================
[WARN] batch start failed size=17620 {1} split -> 8810 {2} + 8810 {3}
[WARN] batch start failed size=8810 {3} split -> 4405 {4} + 4405 {5}
[WARN] batch start failed size=8810 {2} split -> 4405 {6} + 4405 {7}
[INFO] {4} tested 100/4405 kept=0 rest=17520
[WARN] batch start failed size=4405 {6} split -> 2202 {8} + 2203 {9}
[WARN] batch start failed size=4405 {5} split -> 2202 {10} + 2203 {11}
[WARN] batch start failed size=2202 {8} split -> 1101 {12} + 1101 {13}
[WARN] batch start failed size=4405 {7} split -> 2202 {14} + 2203 {15}
[INFO] {4} tested 200/4405 kept=0 rest=17420
[INFO] {4} tested 300/4405 kept=0 rest=17320
[INFO] {4} tested 400/4405 kept=0 rest=17220
[INFO] {4} tested 500/4405 kept=1 rest=17120
[INFO] {4} tested 600/4405 kept=5 rest=17020
[WARN] batch start failed size=2203 {9} split -> 1101 {16} + 1102 {17}
[INFO] {17} tested 100/1102 kept=72 rest=16817
[INFO] {17} tested 200/1102 kept=147 rest=16704
[INFO] {4} tested 700/4405 kept=8 rest=16525
[INFO] {17} tested 300/1102 kept=221 rest=16503
[INFO] {11} tested 100/2203 kept=2 rest=16479
[INFO] {4} tested 800/4405 kept=8 rest=16399
[INFO] {11} tested 200/2203 kept=3 rest=16217
[INFO] {11} tested 300/2203 kept=3 rest=16105
[INFO] {4} tested 900/4405 kept=10 rest=15953
[INFO] {11} tested 400/2203 kept=7 rest=15946
[INFO] {17} tested 400/1102 kept=242 rest=15849
[INFO] {4} tested 1000/4405 kept=11 rest=15742
[INFO] {11} tested 500/2203 kept=8 rest=15658
[INFO] {11} tested 600/2203 kept=8 rest=15555
[INFO] {11} tested 700/2203 kept=9 rest=15374
[INFO] {17} tested 500/1102 kept=242 rest=15371
[INFO] {4} tested 1100/4405 kept=12 rest=15232
[INFO] {11} tested 800/2203 kept=9 rest=15048
[INFO] {11} tested 900/2203 kept=9 rest=14929
[INFO] {4} tested 1200/4405 kept=13 rest=14903
[INFO] {17} tested 600/1102 kept=243 rest=14891
[INFO] {11} tested 1000/2203 kept=11 rest=14787
[INFO] {11} tested 1100/2203 kept=13 rest=14621
[INFO] {4} tested 1300/4405 kept=13 rest=14522
[INFO] {4} tested 1400/4405 kept=13 rest=14378
[INFO] {11} tested 1200/2203 kept=18 rest=14310
[INFO] {17} tested 700/1102 kept=243 rest=14242
[INFO] {11} tested 1300/2203 kept=18 rest=14171
[INFO] {11} tested 1400/2203 kept=19 rest=14006
[INFO] {17} tested 800/1102 kept=250 rest=13910
[INFO] {4} tested 1500/4405 kept=13 rest=13873
[INFO] {17} tested 900/1102 kept=252 rest=13757
[INFO] {17} tested 1000/1102 kept=255 rest=13604
[INFO] {4} tested 1600/4405 kept=13 rest=13520
[INFO] {11} tested 1500/2203 kept=20 rest=13469
[INFO] {11} tested 1600/2203 kept=26 rest=13339
[INFO] {11} tested 1700/2203 kept=36 rest=13209
[INFO] {11} tested 1800/2203 kept=68 rest=13076
[INFO] {11} tested 1900/2203 kept=78 rest=12937
[INFO] {4} tested 1700/4405 kept=13 rest=12901
[INFO] {11} tested 2000/2203 kept=100 rest=12802
[INFO] {17} tested 1100/1102 kept=261 rest=12778
[INFO] {17} tested 1102/1102 kept=261 rest=12718
[INFO] {4} tested 1800/4405 kept=13 rest=12628
[INFO] {11} tested 2100/2203 kept=154 rest=12599
[WARN] batch start failed size=1101 {12} split -> 550 {18} + 551 {19}
[INFO] {13} tested 100/1101 kept=28 rest=12423
[INFO] {13} tested 200/1101 kept=75 rest=12317
[INFO] {13} tested 300/1101 kept=135 rest=12211
[INFO] {13} tested 400/1101 kept=193 rest=12104
[INFO] {13} tested 500/1101 kept=242 rest=11991
[INFO] {13} tested 600/1101 kept=302 rest=11840
[INFO] {4} tested 1900/4405 kept=13 rest=11802
[INFO] {13} tested 700/1101 kept=342 rest=11695
[INFO] {13} tested 800/1101 kept=349 rest=11584
[INFO] {11} tested 2200/2203 kept=198 rest=11495
[INFO] {13} tested 900/1101 kept=354 rest=11476
[INFO] {13} tested 1000/1101 kept=355 rest=11368
[INFO] {11} tested 2203/2203 kept=198 rest=11364
[WARN] batch start failed size=2202 {14} split -> 1101 {20} + 1101 {21}
[INFO] {4} tested 2000/4405 kept=16 rest=11160
[INFO] {13} tested 1100/1101 kept=363 rest=11098
[INFO] {13} tested 1101/1101 kept=364 rest=11065
[INFO] {4} tested 2100/4405 kept=17 rest=11041
[WARN] batch start failed size=1101 {16} split -> 550 {22} + 551 {23}
[WARN] batch start failed size=2202 {10} split -> 1101 {24} + 1101 {25}
[INFO] {15} tested 100/2203 kept=0 rest=10981
[INFO] {15} tested 200/2203 kept=1 rest=10858
[INFO] {19} tested 100/551 kept=15 rest=10757
[INFO] {19} tested 200/551 kept=47 rest=10649
[INFO] {19} tested 300/551 kept=73 rest=10538
[INFO] {19} tested 400/551 kept=107 rest=10422
[INFO] {4} tested 2200/4405 kept=17 rest=10341
[INFO] {19} tested 500/551 kept=160 rest=10285
[INFO] {4} tested 2300/4405 kept=19 rest=10171
[INFO] {4} tested 2400/4405 kept=19 rest=10065
[INFO] {15} tested 300/2203 kept=1 rest=9940
[INFO] {4} tested 2500/4405 kept=19 rest=9798
[INFO] {19} tested 551/551 kept=207 rest=9797
[INFO] {4} tested 2600/4405 kept=19 rest=9690
[WARN] batch start failed size=550 {18} split -> 275 {26} + 275 {27}
[INFO] {21} tested 100/1101 kept=0 rest=9491
[INFO] {4} tested 2700/4405 kept=19 rest=9391
[INFO] {21} tested 200/1101 kept=0 rest=9385
[INFO] {15} tested 400/2203 kept=2 rest=9294
[INFO] {15} tested 500/2203 kept=2 rest=9166
[INFO] {4} tested 2800/4405 kept=19 rest=9084
[INFO] {4} tested 2900/4405 kept=19 rest=8979
[INFO] {4} tested 3000/4405 kept=19 rest=8876
[INFO] {4} tested 3100/4405 kept=19 rest=8776
[INFO] {21} tested 300/1101 kept=0 rest=8678
[INFO] {21} tested 400/1101 kept=11 rest=8561
[INFO] {15} tested 600/2203 kept=2 rest=8475
[INFO] {4} tested 3200/4405 kept=19 rest=8414
[INFO] {4} tested 3300/4405 kept=19 rest=8266
[INFO] {15} tested 700/2203 kept=49 rest=8204
[INFO] {4} tested 3400/4405 kept=19 rest=8083
[INFO] {21} tested 500/1101 kept=15 rest=7939
[INFO] {15} tested 800/2203 kept=100 rest=7837
[INFO] {4} tested 3500/4405 kept=19 rest=7730
[INFO] {4} tested 3600/4405 kept=19 rest=7622
[INFO] {4} tested 3700/4405 kept=19 rest=7518
[INFO] {21} tested 600/1101 kept=16 rest=7372
[INFO] {4} tested 3800/4405 kept=19 rest=7359
[INFO] {21} tested 700/1101 kept=16 rest=7264
[INFO] {15} tested 900/2203 kept=100 rest=7207
[INFO] {15} tested 1000/2203 kept=100 rest=7080
[INFO] {4} tested 3900/4405 kept=20 rest=6959
[INFO] {21} tested 800/1101 kept=18 rest=6891
[INFO] {4} tested 4000/4405 kept=46 rest=6746
[INFO] {21} tested 900/1101 kept=18 rest=6717
[INFO] {15} tested 1100/2203 kept=100 rest=6633
[INFO] {4} tested 4100/4405 kept=48 rest=6514
[INFO] {4} tested 4200/4405 kept=70 rest=6361
[INFO] {21} tested 1000/1101 kept=19 rest=6238
[INFO] {4} tested 4300/4405 kept=115 rest=6210
[INFO] {15} tested 1200/2203 kept=100 rest=6111
[INFO] {4} tested 4400/4405 kept=154 rest=5922
[INFO] {21} tested 1100/1101 kept=19 rest=5889
[INFO] {4} tested 4405/4405 kept=154 rest=5887
[INFO] {21} tested 1101/1101 kept=19 rest=5886
[INFO] {15} tested 1300/2203 kept=100 rest=5857
[WARN] batch start failed size=1101 {20} split -> 550 {28} + 551 {29}
[WARN] batch start failed size=551 {23} split -> 275 {30} + 276 {31}
[INFO] {22} tested 100/550 kept=2 rest=5680
[WARN] batch start failed size=1101 {24} split -> 550 {32} + 551 {33}
[INFO] {22} tested 200/550 kept=4 rest=5579
[INFO] {22} tested 300/550 kept=5 rest=5478
[INFO] {22} tested 400/550 kept=5 rest=5378
[INFO] {22} tested 500/550 kept=14 rest=5277
[INFO] {25} tested 100/1101 kept=0 rest=5146
[INFO] {25} tested 200/1101 kept=1 rest=5040
[INFO] {15} tested 1400/2203 kept=100 rest=5026
[INFO] {22} tested 550/550 kept=28 rest=4859
[INFO] {15} tested 1500/2203 kept=100 rest=4854
[WARN] batch start failed size=275 {26} split -> 137 {34} + 138 {35}
[INFO] {25} tested 300/1101 kept=1 rest=4803
[INFO] {27} tested 100/275 kept=3 rest=4624
[INFO] {25} tested 400/1101 kept=1 rest=4563
[INFO] {15} tested 1600/2203 kept=100 rest=4365
[INFO] {25} tested 500/1101 kept=1 rest=4292
[INFO] {27} tested 200/275 kept=19 rest=4183
[INFO] {25} tested 600/1101 kept=1 rest=4172
[INFO] {25} tested 700/1101 kept=1 rest=4007
[INFO] {27} tested 275/275 kept=19 rest=3991
[WARN] batch start failed size=550 {28} split -> 275 {36} + 275 {37}
[INFO] {15} tested 1700/2203 kept=100 rest=3851
[INFO] {25} tested 800/1101 kept=4 rest=3818
[INFO] {25} tested 900/1101 kept=5 rest=3655
[INFO] {25} tested 1000/1101 kept=7 rest=3526
[INFO] {15} tested 1800/2203 kept=100 rest=3427
[INFO] {29} tested 100/551 kept=40 rest=3328
[INFO] {25} tested 1100/1101 kept=9 rest=3199
[INFO] {25} tested 1101/1101 kept=9 rest=3198
[INFO] {30} tested 100/275 kept=6 rest=3072
[INFO] {15} tested 1900/2203 kept=100 rest=2988
[INFO] {30} tested 200/275 kept=58 rest=2933
[INFO] {29} tested 200/551 kept=53 rest=2794
[INFO] {29} tested 300/551 kept=63 rest=2682
[INFO] {29} tested 400/551 kept=82 rest=2578
[INFO] {15} tested 2000/2203 kept=100 rest=2534
[INFO] {30} tested 275/275 kept=84 rest=2444
[INFO] {15} tested 2100/2203 kept=100 rest=2385
[WARN] batch start failed size=276 {31} split -> 138 {38} + 138 {39}
[INFO] {29} tested 500/551 kept=91 rest=2310
[WARN] batch start failed size=550 {32} split -> 275 {40} + 275 {41}
[WARN] batch start failed size=551 {33} split -> 275 {42} + 276 {43}
[INFO] {29} tested 551/551 kept=91 rest=2256
[WARN] batch start failed size=137 {34} split -> 68 {44} + 69 {45}
[WARN] batch start failed size=275 {37} split -> 137 {46} + 138 {47}
[INFO] {35} tested 100/138 kept=23 rest=2149
[INFO] {36} tested 100/275 kept=0 rest=2046
[INFO] {15} tested 2200/2203 kept=100 rest=1908
[INFO] {15} tested 2203/2203 kept=100 rest=1905
[INFO] {39} tested 100/138 kept=90 rest=1801
[INFO] {35} tested 138/138 kept=30 rest=1736
[WARN] batch start failed size=138 {38} split -> 69 {48} + 69 {49}
[INFO] {36} tested 200/275 kept=6 rest=1727
[WARN] batch start failed size=275 {40} split -> 137 {50} + 138 {51}
[INFO] {36} tested 275/275 kept=8 rest=1652
[INFO] {39} tested 138/138 kept=125 rest=1651
[WARN] batch start failed size=275 {42} split -> 137 {52} + 138 {53}
[WARN] batch start failed size=69 {45} split -> 34 {54} + 35 {55}
[INFO] {43} tested 100/276 kept=0 rest=1468
[WARN] batch start failed size=68 {44} split -> 34 {56} + 34 {57}
[INFO] {41} tested 100/275 kept=3 rest=1293
[INFO] {41} tested 200/275 kept=3 rest=1193
[INFO] {43} tested 200/276 kept=2 rest=1176
[INFO] {43} tested 276/276 kept=2 rest=1073
[INFO] {46} tested 100/137 kept=0 rest=1031
[WARN] batch start failed size=138 {47} split -> 69 {58} + 69 {59}
[INFO] {46} tested 137/137 kept=0 rest=994
[WARN] batch start failed size=69 {49} split -> 34 {60} + 35 {61}
[INFO] {41} tested 275/275 kept=4 rest=819
[WARN] batch start failed size=138 {51} split -> 69 {62} + 69 {63}
[INFO] {48} tested 69/69 kept=29 rest=731
[WARN] batch start failed size=138 {53} split -> 69 {64} + 69 {65}
[INFO] {50} tested 100/137 kept=28 rest=727
[INFO] {50} tested 137/137 kept=28 rest=690
[WARN] batch start failed size=35 {55} split -> 17 {66} + 18 {67}
[WARN] batch start failed size=34 {57} split -> 17 {68} + 17 {69}
[INFO] {52} tested 100/137 kept=12 rest=628
[INFO] {52} tested 137/137 kept=12 rest=590
[WARN] batch start failed size=69 {58} split -> 34 {70} + 35 {71}
[INFO] {54} tested 34/34 kept=0 rest=533
[INFO] {56} tested 34/34 kept=8 rest=488
[WARN] batch start failed size=35 {61} split -> 17 {72} + 18 {73}
[INFO] {60} tested 34/34 kept=32 rest=427
[WARN] batch start failed size=69 {62} split -> 34 {74} + 35 {75}
[INFO] {59} tested 69/69 kept=4 rest=374
[WARN] batch start failed size=69 {65} split -> 34 {76} + 35 {77}
[INFO] {66} tested 17/17 kept=0 rest=343
[WARN] batch start failed size=18 {67} split -> 9 {78} + 9 {79}
[WARN] batch start failed size=17 {69} split -> 8 {80} + 9 {81}
[WARN] batch start failed size=17 {68} split -> 8 {82} + 9 {83}
[INFO] {63} tested 69/69 kept=1 rest=331
[WARN] batch start failed size=34 {70} split -> 17 {84} + 17 {85}
[WARN] batch start failed size=17 {72} split -> 8 {86} + 9 {87}
[INFO] {64} tested 69/69 kept=5 rest=262
[WARN] batch start failed size=34 {74} split -> 17 {88} + 17 {89}
[INFO] {73} tested 18/18 kept=18 rest=218
[WARN] batch start failed size=35 {77} split -> 17 {90} + 18 {91}
[INFO] {71} tested 35/35 kept=0 rest=198
[INFO] {75} tested 35/35 kept=0 rest=187
[WARN] batch start failed size=9 {79} split -> 4 {92} + 5 {93}
[WARN] batch start failed size=8 {80} split -> 4 {94} + 4 {95}
[INFO] {76} tested 34/34 kept=2 rest=164
[WARN] batch start failed size=9 {81} split -> 4 {96} + 5 {97}
[WARN] batch start failed size=9 {83} split -> 4 {98} + 5 {99}
[INFO] {78} tested 9/9 kept=0 rest=149
[WARN] batch start failed size=17 {85} split -> 8 {100} + 9 {101}
[WARN] batch start failed size=8 {86} split -> 4 {102} + 4 {103}
[INFO] {87} tested 9/9 kept=8 rest=140
[INFO] {82} tested 8/8 kept=0 rest=135
[INFO] {84} tested 17/17 kept=0 rest=125
[WARN] batch start failed size=17 {88} split -> 8 {104} + 9 {105}
[WARN] batch start failed size=17 {90} split -> 8 {106} + 9 {107}
[WARN] batch start failed size=5 {93} split -> 2 {108} + 3 {109}
[INFO] {89} tested 17/17 kept=3 rest=102
[WARN] batch start failed size=4 {94} split -> 2 {110} + 2 {111}
[INFO] {91} tested 18/18 kept=1 rest=93
[WARN] batch start failed size=5 {97} split -> 2 {112} + 3 {113}
[INFO] {92} tested 4/4 kept=0 rest=90
[INFO] {95} tested 4/4 kept=0 rest=83
[WARN] batch start failed size=5 {99} split -> 2 {114} + 3 {115}
[WARN] batch start failed size=9 {101} split -> 4 {116} + 5 {117}
[INFO] {96} tested 4/4 kept=0 rest=79
[WARN] batch start failed size=4 {103} split -> 2 {118} + 2 {119}
[INFO] {98} tested 4/4 kept=0 rest=77
[WARN] batch start failed size=8 {104} split -> 4 {120} + 4 {121}
[INFO] {100} tested 8/8 kept=0 rest=65
[INFO] {102} tested 4/4 kept=2 rest=62
[WARN] batch start failed size=9 {107} split -> 4 {122} + 5 {123}
[INFO] {105} tested 9/9 kept=1 rest=56
[WARN] batch start failed size=2 {108} split -> 1 {124} + 1 {125}
[WARN] batch start failed size=3 {109} split -> 1 {126} + 2 {127}
[WARN] batch start failed size=2 {110} split -> 1 {128} + 1 {129}
[WARN] batch start failed size=3 {113} split -> 1 {130} + 2 {131}
[WARN] batch start failed size=2 {112} split -> 1 {132} + 1 {133}
[INFO] {114} tested 2/2 kept=0 rest=53
[WARN] batch start failed size=3 {115} split -> 1 {134} + 2 {135}
[INFO] {106} tested 8/8 kept=0 rest=46
[WARN] batch start failed size=4 {116} split -> 2 {136} + 2 {137}
[WARN] batch start failed size=2 {118} split -> 1 {138} + 1 {139}
[INFO] {111} tested 2/2 kept=0 rest=41
[INFO] {119} tested 2/2 kept=2 rest=39
[WARN] batch start failed size=4 {121} split -> 2 {140} + 2 {141}
[INFO] {117} tested 5/5 kept=0 rest=34
[WARN] batch start failed size=4 {122} split -> 2 {142} + 2 {143}
[DROP] {124} name=[ChromeGO-Merge] Taiwan server=www2.dtku48.xyz:22334 reason=Start initial configuration in progress
[DROP] {125} name=[ChromeGO-Merge] France server=51.158.54.46:55396 reason=Start initial configuration in progress
[WARN] batch start failed size=2 {127} split -> 1 {144} + 1 {145}
[INFO] {120} tested 4/4 kept=1 rest=31
[DROP] {126} name=[ChromeGO-Merge] United-4 server=173.234.25.52:48919 reason=Start initial configuration in progress
[DROP] {128} name=[ChromeGO-ShiteThings] hysteria-4 server=5.83.129.90:54177 reason=Start initial configuration in progress
[INFO] {123} tested 5/5 kept=0 rest=25
[DROP] {129} name=[ChromeGO-ShiteThings] hysteria-5 server=45.150.65.154:47119 reason=Start initial configuration in progress
[DROP] {130} name=[ChromeGO-Merge] France_hysteria_1 server=62.210.243.131:18702 reason=Start initial configuration in progress
[WARN] batch start failed size=2 {131} split -> 1 {146} + 1 {147}
[DROP] {132} name=[ChromeGO-Merge] WARP server=162.159.192.1:2408 reason=Start initial configuration in progress
[DROP] {133} name=[ChromeGO-Merge] United server=108.181.5.133:26022 reason=Start initial configuration in progress
[WARN] batch start failed size=2 {135} split -> 1 {148} + 1 {149}
[DROP] {134} name=[ChromeGO-ShiteThings] hysteria server=5.83.129.153:27626 reason=Start initial configuration in progress
[WARN] batch start failed size=2 {137} split -> 1 {150} + 1 {151}
[DROP] {138} name=[Free-clash-v2ray] hysteria server=5.83.129.143:26691 reason=Start initial configuration in progress
[INFO] {139} tested 1/1 kept=1 rest=18
[WARN] batch start failed size=2 {140} split -> 1 {152} + 1 {153}
[INFO] {136} tested 2/2 kept=0 rest=15
[WARN] batch start failed size=2 {143} split -> 1 {154} + 1 {155}
[INFO] {141} tested 2/2 kept=0 rest=14
[DROP] {144} name=[ChromeGO-Merge] Taiwan-2 server=www.dtku40.xyz:18490 reason=Start initial configuration in progress
[DROP] {145} name=[ChromeGO-Merge] United-5 server=167.160.91.115:41189 reason=Start initial configuration in progress
[DROP] {146} name=[ChromeGO-Merge] United-2 server=109.104.152.194:58510 reason=Start initial configuration in progress
[INFO] {142} tested 2/2 kept=0 rest=9
[DROP] {148} name=[ChromeGO-ShiteThings] hysteria-2 server=5.83.129.153:20088 reason=Start initial configuration in progress
[DROP] {149} name=[ChromeGO-ShiteThings] hysteria-3 server=62.210.70.191:23556 reason=Start initial configuration in progress
[DROP] {150} name=[Free-clash-v2ray] 未知 SS-1521 | free-nodes server=192.0.2.1:1 reason=Start initial configuration in progress
[DROP] {152} name=[Pawdroid-ss-apk] United+Kingdom-3 server=82.38.31.189:8080 reason=Start initial configuration in progress
[INFO] {147} tested 1/1 kept=0 rest=4
[INFO] {153} tested 1/1 kept=1 rest=3
[DROP] {154} name=[Epodonios] EPODONIOS-99 server=78.38.246.150:8446 reason=Start initial configuration in progress
[INFO] {151} tested 1/1 kept=0 rest=1
[INFO] {155} tested 1/1 kept=0 rest=0
[INFO] dropped=18 [ChromeGO-Merge] × 9 | [ChromeGO-ShiteThings] × 5 | [Free-clash-v2ray] × 2 | [Pawdroid-ss-apk] × 1 | [Epodonios] × 1
============================================================
[INFO] cap live source=[Free-clash-v2ray] from 1181 to 50 by health_score
[INFO] cap live source=[免费节点2] from 51 to 50 by health_score
[INFO] cap live source=[免费节点8] from 125 to 50 by health_score
[INFO] cap live source=[Pawdroid-sr-apk] from 118 to 50 by health_score
[INFO] cap live source=[V2rayclashfree-RSS] from 177 to 50 by health_score
[INFO] cap live total from 460 to 350 trim large sources first
============================================================
+------------------------------+--------+--------+------+--------+
| source                       |    raw | unique | live | capped |
+------------------------------+--------+--------+------+--------+
| [大FQ运动]                   |      4 |      4 |    1 |      1 |
+------------------------------+--------+--------+------+--------+
| [大FQ运动-SS密钥]            |      4 |      4 |    1 |      1 |
+------------------------------+--------+--------+------+--------+
| [大FQ运动-补充]              |      8 |      6 |    0 |      0 |
+------------------------------+--------+--------+------+--------+
| [ChromeGO-工具包]            |     14 |     14 |    5 |      5 |
+------------------------------+--------+--------+------+--------+
| [ChromeGO-ShiteThings]       |     31 |     25 |    1 |      1 |
+------------------------------+--------+--------+------+--------+
| [ChromeGO-Merge]             |    115 |    115 |    3 |      3 |
+------------------------------+--------+--------+------+--------+
| [Freesocks]                  |      3 |      3 |    3 |      3 |
+------------------------------+--------+--------+------+--------+
| [NekoWarp]                   |     10 |     10 |    9 |      9 |
+------------------------------+--------+--------+------+--------+
| [OpenRunner-RSS]             |     14 |      0 |    0 |      0 |
+------------------------------+--------+--------+------+--------+
| [V2Rayshare-RSS]             |     27 |     26 |    8 |      8 |
+------------------------------+--------+--------+------+--------+
| [V2Rayshare-SUB]             |     27 |      0 |    0 |      0 |
+------------------------------+--------+--------+------+--------+
| [Mibei77-RSS]                |    106 |    103 |    8 |      8 |
+------------------------------+--------+--------+------+--------+
| [Yoyapai-RSS]                |    209 |    182 |    6 |      6 |
+------------------------------+--------+--------+------+--------+
| [Free-clash-v2ray]           |   4725 |   4417 | 1181 |     31 |
+------------------------------+--------+--------+------+--------+
| [Pawdroid]                   |     14 |      5 |    2 |      2 |
+------------------------------+--------+--------+------+--------+
| [FreeV2-Base64]              |      3 |      3 |    2 |      2 |
+------------------------------+--------+--------+------+--------+
| [Bocchi2b-Base64]            |     35 |     35 |    0 |      0 |
+------------------------------+--------+--------+------+--------+
| [免费节点1]                  |    134 |     28 |    6 |      6 |
+------------------------------+--------+--------+------+--------+
| [免费节点2]                  |    387 |    290 |   51 |     31 |
+------------------------------+--------+--------+------+--------+
| [免费节点3]                  |     55 |     36 |   33 |     31 |
+------------------------------+--------+--------+------+--------+
| [免费节点4]                  |    840 |      7 |    0 |      0 |
+------------------------------+--------+--------+------+--------+
| [免费节点5]                  |     29 |     28 |    0 |      0 |
+------------------------------+--------+--------+------+--------+
| [免费节点6]                  |    644 |    584 |    1 |      1 |
+------------------------------+--------+--------+------+--------+
| [免费节点7]                  |     64 |     11 |    2 |      2 |
+------------------------------+--------+--------+------+--------+
| [免费节点8]                  |   4235 |   3364 |  125 |     31 |
+------------------------------+--------+--------+------+--------+
| [免费节点9]                  |    615 |    456 |    0 |      0 |
+------------------------------+--------+--------+------+--------+
| [免费节点10]                 |   4572 |   3086 |   12 |     12 |
+------------------------------+--------+--------+------+--------+
| [免费节点11]                 |    457 |    207 |   43 |     31 |
+------------------------------+--------+--------+------+--------+
| [Pawdroid-sr-apk]            |   1828 |    218 |  118 |     32 |
+------------------------------+--------+--------+------+--------+
| [Pawdroid-ss-apk]            |   1454 |    630 |   22 |     22 |
+------------------------------+--------+--------+------+--------+
| [Clashfree]                  |   1362 |     20 |    7 |      7 |
+------------------------------+--------+--------+------+--------+
| [Epodonios]                  |   4302 |   3124 |   35 |     32 |
+------------------------------+--------+--------+------+--------+
| [V2rayclashfree-RSS]         |   3772 |    579 |  177 |     32 |
+------------------------------+--------+--------+------+--------+
============================================================
[SUMMARY] total_nodes=30099
[SUMMARY] legal_candidates=17620
[SUMMARY] passed_latency_test=350
[SUMMARY] region_HK=13 region_JP=32 region_US=120
[SUMMARY] avg_latency_ms=475.04
[SUMMARY] output=/home/runner/work/Free-node-autotest/Free-node-autotest/output/clash.yaml
============================================================
