============================================================
[INFO] sublink try page | url=https://end-gfw.com
[OK] proxies=6 | new=6 | url=https://raw.githubusercontent.com/hello-world-1989/cn-news/main/clash-free.yaml
[OK] proxies=6 | new=0 | url=https://raw.githubusercontent.com/hello-world-1989/cn-news/main/end-gfw-free
[INFO] source try link | url=https://end-gfw.com/ss-key
[OK] proxies=4 | new=4 | url=https://end-gfw.com/ss-key
[INFO] sublink try repo | url=https://github.com/hello-world-1989/cn-news
[INFO] sublink try page | url=https://raw.githubusercontent.com/hello-world-1989/cn-news/main/README.md
[OK] proxies=2 | new=2 | url=https://raw.githubusercontent.com/hello-world-1989/cn-news/main/end-gfw-together
[OK] proxies=2 | new=0 | url=https://raw.githubusercontent.com/hello-world-1989/cn-news/refs/heads/main/clash.yaml
[OK] proxies=6 | new=6 | url=https://raw.githubusercontent.com/hello-world-1989/v2-sub/main/end-gfw-together-af3e13
[OK] proxies=18 | source=[大FQ运动] | url=https://raw.githubusercontent.com/hello-world-1989/cn-news/main/README.md
============================================================
[INFO] sublink try repo | url=https://github.com/Pawdroid/Free-servers
[INFO] sublink try page | url=https://raw.githubusercontent.com/Pawdroid/Free-servers/main/README.md
[OK] proxies=16 | new=16 | url=https://raw.githubusercontent.com/Pawdroid/Free-servers/main/README.md
[OK] proxies=16 | new=0 | url=https://raw.githubusercontent.com/Pawdroid/Free-servers/main/sub
[OK] proxies=1 | new=1 | url=https://apps.apple.com/cn/app/shadowshare/id1612647259
[OK] proxies=1 | new=1 | url=http://www.surflare.com
[OK] proxies=18 | source=[Pawdroid] | url=https://raw.githubusercontent.com/Pawdroid/Free-servers/main/README.md
============================================================
[INFO] source try link | url=https://xmxosfepggzm.503403.xyz
[OK] proxies=3 | new=3 | url=https://xmxosfepggzm.503403.xyz
[OK] proxies=3 | source=[FreeV2-Base64] | url=https://xmxosfepggzm.503403.xyz
============================================================
[INFO] source try link | url=https://links.bocchi2b.top/clash
[OK] proxies=35 | new=35 | url=https://links.bocchi2b.top/clash
[OK] proxies=35 | source=[Bocchi2b-Base64] | url=https://links.bocchi2b.top/clash
============================================================
[INFO] source try link | url=https://freesocks.org/api/v1/sub/02b897e8e77f19176b0b9f2c75864b00
[OK] proxies=1 | new=1 | url=https://freesocks.org/api/v1/sub/02b897e8e77f19176b0b9f2c75864b00
[INFO] source try link | url=https://freesocks.org/api/v1/sub/4cae35810e6f5c4d92e28e32104e0080
[OK] proxies=3 | new=3 | url=https://freesocks.org/api/v1/sub/4cae35810e6f5c4d92e28e32104e0080
[OK] proxies=4 | source=[Freesocks] | url=https://freesocks.org/api/v1/sub/4cae35810e6f5c4d92e28e32104e0080
============================================================
[INFO] source try link | url=https://neko-warp.nloli.xyz/neko_warp.yaml
[OK] proxies=10 | new=10 | url=https://neko-warp.nloli.xyz/neko_warp.yaml
[OK] proxies=10 | source=[NekoWarp] | url=https://neko-warp.nloli.xyz/neko_warp.yaml
============================================================
[INFO] article try feed | url=https://free.datiya.com/index.xml
[INFO] sublink try page | url=https://free.datiya.com/post/20261009/
[OK] proxies=14 | new=14 | url=https://free.datiya.com/uploads/20261009-clash.yaml
[OK] proxies=14 | source=[OpenRunner-RSS] | url=https://free.datiya.com/post/20261009/
============================================================
[INFO] article try feed | url=https://v2rayshare.com/feed
[INFO] sublink try page | url=https://v2rayshare.com/p/4097.html
[INFO] sublink try repo | url=https://github.com/firefoxmmx2/v2rayshare_subcription
[INFO] sublink try page | url=https://raw.githubusercontent.com/firefoxmmx2/v2rayshare_subcription/main/README.md
[OK] proxies=21 | new=21 | url=https://{raw.githubusercontent.com|cdn.jsdelivr.net}/firefoxmmx2/v2rayshare_subcription/main/subscription/clash_sub.yaml
[OK] proxies=22 | new=1 | url=https://{raw.githubusercontent.com|cdn.jsdelivr.net}/firefoxmmx2/v2rayshare_subcription/main/subscription/vray_sub.txt
[OK] proxies=22 | new=0 | url=https://{raw.githubusercontent.com|cdn.jsdelivr.net}/firefoxmmx2/v2rayshare_subcription/main/subscription/mihomo_sub.yaml
[OK] proxies=22 | source=[V2Rayshare-RSS] | url=https://raw.githubusercontent.com/firefoxmmx2/v2rayshare_subcription/main/README.md
============================================================
[INFO] article try feed | url=https://www.mibei77.com/feed
[INFO] sublink try page | url=https://www.mibei77.com/733.html
[OK] proxies=71 | new=71 | url=https://aa.mibei77.com/202610/10.0964bacde.txt
[OK] proxies=64 | new=1 | url=https://aa.mibei77.com/202610/1009Clashimc.yaml
[OK] proxies=72 | source=[Mibei77-RSS] | url=https://www.mibei77.com/733.html
============================================================
[INFO] article try feed | url=https://yoyapai.com/feed
[INFO] sublink try page | url=https://yoyapai.com/760
[OK] proxies=297 | new=297 | url=https://freenode.yoyapai.com/2026/10/09-yoyapai.com-clash-vpn-mianfei-jiedian.yaml
[OK] proxies=297 | new=0 | url=https://freenode.yoyapai.com/2026/10/09-yoyapai.com-ssrv2ray-vpn-mianfei-jiedian.txt
[OK] proxies=1 | new=1 | url=https://yoyapai.com/760
[OK] proxies=298 | source=[Yoyapai-RSS] | url=https://yoyapai.com/760
============================================================
[INFO] sublink try repo | url=https://github.com/free18/v2ray
[INFO] sublink try page | url=https://raw.githubusercontent.com/free18/v2ray/main/README.md
[OK] proxies=3 | new=3 | url=https://raw.githubusercontent.com/free18/v2ray/main/README.md
[OK] proxies=219 | new=219 | url=https://ghfast.top/https://raw.githubusercontent.com/free18/v2ray/refs/heads/main/c.yaml
[OK] proxies=220 | new=1 | url=https://ghfast.top/https://raw.githubusercontent.com/free18/v2ray/refs/heads/main/v.txt
[OK] proxies=223 | source=[免费节点1] | url=https://raw.githubusercontent.com/free18/v2ray/main/README.md
============================================================
[INFO] sublink try repo | url=https://github.com/ermaozi/get_subscribe
[INFO] sublink try page | url=https://raw.githubusercontent.com/ermaozi/get_subscribe/main/README.md
[INFO] sublink file_nodes=0 | bare links=9
[OK] proxies=593 | new=593 | url=https://{blog.ermao.net|www.ermao.net}/sub/{reachable|unreachable|untested}/clash/ermao.net
[OK] proxies=593 | new=0 | url=https://blog.ermao.net/sub/{clash|v2ray}/ermao.net
[OK] proxies=593 | source=[免费节点2] | url=https://raw.githubusercontent.com/ermaozi/get_subscribe/main/README.md
============================================================
[INFO] sublink try repo | url=https://github.com/sunmiao4458/free-proxy-airport
[INFO] sublink try page | url=https://raw.githubusercontent.com/sunmiao4458/free-proxy-airport/main/README.md
[OK] proxies=40 | new=40 | url=https://sunmiao4458.github.io/free-proxy-airport/clash.yaml
[OK] proxies=40 | source=[免费节点3] | url=https://raw.githubusercontent.com/sunmiao4458/free-proxy-airport/main/README.md
============================================================
[INFO] sublink try repo | url=https://github.com/mfuu/FreeProxies
[INFO] sublink try page | url=https://raw.githubusercontent.com/mfuu/FreeProxies/master/README.md
[OK] proxies=775 | new=775 | url=https://raw.githubusercontent.com/mfuu/FreeProxies/master/sub.yaml
[OK] proxies=775 | source=[免费节点4] | url=https://raw.githubusercontent.com/mfuu/FreeProxies/master/README.md
============================================================
[INFO] sublink try repo | url=https://github.com/vxiaov/free_proxies
[INFO] sublink try page | url=https://raw.githubusercontent.com/vxiaov/free_proxies/main/README.md
[OK] proxies=1 | new=1 | url=https://raw.githubusercontent.com/vxiaov/free_proxies/main/README.md
[OK] proxies=28 | new=28 | url=https://{cdn.jsdelivr.net|raw.githubusercontent.com}/vxiaov/free_proxies/main/clash/clash.provider.yaml
[OK] proxies=29 | source=[免费节点5] | url=https://raw.githubusercontent.com/vxiaov/free_proxies/main/README.md
============================================================
[INFO] sublink try repo | url=https://github.com/anaer/Sub
[INFO] sublink try page | url=https://raw.githubusercontent.com/anaer/Sub/main/README.MD
[OK] proxies=566 | new=566 | url=https://raw.githubusercontent.com/anaer/Sub/main/clash.yaml
[OK] proxies=566 | new=0 | url=https://anaer.github.io/Sub/clash.yaml
[OK] proxies=566 | source=[免费节点6] | url=https://raw.githubusercontent.com/anaer/Sub/main/README.MD
============================================================
[INFO] sublink try repo | url=https://github.com/snakem982/proxypool
[INFO] sublink try page | url=https://raw.githubusercontent.com/snakem982/proxypool/main/README.md
[OK] proxies=51 | new=51 | url=https://raw.githubusercontent.com/snakem982/proxypool/main/source/v2ray-2.txt
[OK] proxies=61 | new=10 | url=https://raw.githubusercontent.com/snakem982/proxypool/main/source/clash-meta-2.yaml
[OK] proxies=52 | new=0 | url=https://raw.githubusercontent.com/snakem982/proxypool/main/source/sing-box-2.json
[OK] proxies=61 | source=[免费节点7] | url=https://raw.githubusercontent.com/snakem982/proxypool/main/README.md
============================================================
[INFO] sublink try repo | url=https://github.com/mahdibland/V2RayAggregator
[INFO] sublink try page | url=https://raw.githubusercontent.com/mahdibland/V2RayAggregator/master/README.md
[OK] proxies=386 | new=386 | url=https://raw.githubusercontent.com/mahdibland/V2RayAggregator/master/README.md
[OK] proxies=1 | new=1 | url=https://github.com/mahdibland/SSAggregator/actions/workflows/Collector.yml
[OK] proxies=1 | new=0 | url=https://cdn.jsdelivr.net/gh/mahdibland/V2RayAggregator@master/update/provider/provider-meta-others.yml
[OK] proxies=198 | new=2 | url=https://raw.githubusercontent.com/mahdibland/ShadowsocksAggregator/master/Eternity.yml
[OK] proxies=197 | new=0 | url=https://raw.githubusercontent.com/mahdibland/ShadowsocksAggregator/master/Eternity.txt
[OK] proxies=54 | new=54 | url=https://raw.githubusercontent.com/mahdibland/ShadowsocksAggregator/master/sub/splitted/ssr.txt
[OK] proxies=1 | new=0 | url=https://cdn.jsdelivr.net/gh/mahdibland/V2RayAggregator@master/update/provider/provider-cn.yml
[OK] proxies=1 | new=0 | url=https://github.com/mahdibland/SSAggregator/actions/workflows/Airport_Collector.yml
[OK] proxies=1445 | new=1407 | url=https://raw.githubusercontent.com/mahdibland/ShadowsocksAggregator/master/sub/splitted/vmess.txt
[OK] proxies=61 | new=61 | url=https://raw.githubusercontent.com/mahdibland/SSAggregator/master/sub/airport_merge_base64.txt
[OK] proxies=1 | new=0 | url=https://cdn.jsdelivr.net/gh/mahdibland/V2RayAggregator@master/update/provider/provider-others.yml
[OK] proxies=636 | new=593 | url=https://raw.githubusercontent.com/mahdibland/ShadowsocksAggregator/master/sub/splitted/trojan.txt
[OK] proxies=4123 | new=1918 | url=https://raw.githubusercontent.com/mahdibland/SSAggregator/master/sub/sub_merge_yaml.yml
[OK] proxies=61 | new=0 | url=https://raw.githubusercontent.com/mahdibland/SSAggregator/master/sub/airport_sub_merge.txt
[OK] proxies=4003 | new=21 | url=https://raw.githubusercontent.com/mahdibland/{SSAggregator|ShadowsocksAggregator}/master/sub/sub_merge.txt
[OK] proxies=1 | new=0 | url=https://cdn.jsdelivr.net/gh/mahdibland/V2RayAggregator@master/update/provider/provider-meta-cn.yml
[OK] proxies=1 | new=0 | url=https://cdn.jsdelivr.net/gh/mahdibland/V2RayAggregator@master/update/provider/provider.yml
[OK] proxies=4003 | new=0 | url=https://raw.githubusercontent.com/mahdibland/SSAggregator/master/sub/sub_merge_base64.txt
[OK] proxies=61 | new=0 | url=https://raw.githubusercontent.com/mahdibland/ShadowsocksAggregator/master/EternityAir.txt
[OK] proxies=1868 | new=0 | url=https://raw.githubusercontent.com/mahdibland/ShadowsocksAggregator/master/sub/splitted/ss.txt
[OK] proxies=1 | new=0 | url=https://cdn.jsdelivr.net/gh/mahdibland/V2RayAggregator@master/update/provider/provider-meta.yml
[OK] proxies=4443 | source=[免费节点8] | url=https://raw.githubusercontent.com/mahdibland/V2RayAggregator/master/README.md
============================================================
[INFO] sublink try repo | url=https://github.com/w1770946466/Auto_proxy
[INFO] sublink try page | url=https://raw.githubusercontent.com/w1770946466/Auto_proxy/main/README.md
[OK] proxies=489 | new=489 | url=https://raw.githubusercontent.com/w1770946466/Auto_proxy/main/{Long_term_subscription1|Long_term_subscription2|Long_term_subscription3|Long_term_subscription4|Long_term_subscription5|Long_term_subscription6|Long_term_subscription7|Long_term_subscription8}
[OK] proxies=1 | new=1 | url=https://github.com/w1770946466/Auto_proxy/actions/workflows/main.yml
[OK] proxies=245 | new=125 | url=https://raw.githubusercontent.com/w1770946466/Auto_proxy/main/{Long_term_subscription2.yaml|Long_term_subscription1.yaml|Long_term_subscription3.yaml}
[OK] proxies=489 | new=0 | url=https://raw.githubusercontent.com/w1770946466/Auto_proxy/main/Long_term_subscription_num
[OK] proxies=615 | source=[免费节点9] | url=https://raw.githubusercontent.com/w1770946466/Auto_proxy/main/README.md
============================================================
[INFO] sublink try repo | url=https://github.com/PuddinCat/BestClash
[INFO] sublink try page | url=https://raw.githubusercontent.com/PuddinCat/BestClash/main/README.md
[OK] proxies=144 | new=144 | url=https://raw.githubusercontent.com/zhangkaiitugithub/passcro/main/speednodes.yaml
[OK] proxies=198 | new=198 | url=https://raw.githubusercontent.com/mahdibland/ShadowsocksAggregator/master/Eternity.yml
[OK] proxies=24 | new=24 | url=https://freenode.openrunner.net/uploads/20240807-clash.yaml
[OK] proxies=28 | new=28 | url=https://cdn.jsdelivr.net/gh/vxiaov/free_proxies@main/clash/clash.provider.yaml
[OK] proxies=593 | new=392 | url=https://raw.githubusercontent.com/{ermaozi|ermaozi01}/{get_subscribe|free_clash_vpn}/main/subscribe/clash.yml
[OK] proxies=165 | new=165 | url=https://raw.githubusercontent.com/ronghuaxueleng/get_v2/main/pub/combine.yaml
[OK] proxies=16 | new=14 | url=https://raw.githubusercontent.com/PuddinCat/BestClash/main/proxies.yaml
[OK] proxies=166 | new=12 | url=https://raw.githubusercontent.com/Misaka-blog/chromego_merge/main/sub/merged_proxies_new.yaml
[OK] proxies=166 | new=0 | url=https://raw.githubusercontent.com/{chengaopan|peasoft}/{AutoMergePublicNodes|NoMoreWalls}/master/list.yml
[OK] proxies=3701 | new=3682 | url=https://raw.githubusercontent.com/{NiceVPN123|anaer}/{NiceVPN|Sub}/main/{Clash.yaml|clash.yaml}
[OK] proxies=4659 | source=[免费节点10] | url=https://raw.githubusercontent.com/PuddinCat/BestClash/main/README.md
============================================================
[INFO] sublink try repo | url=https://github.com/kooker/FreeSubsCheck
[INFO] sublink try page | url=https://raw.githubusercontent.com/kooker/FreeSubsCheck/main/README.md
[OK] proxies=7 | new=7 | url=https://raw.githubusercontent.com/kooker/FreeSubsCheck/main/mihomo.yaml
[OK] proxies=2 | new=2 | url=https://raw.githubusercontent.com/kooker/FreeSubsCheck/main/byxiaoxi.txt
[OK] proxies=2 | new=2 | url=https://raw.githubusercontent.com/kooker/FreeSubsCheck/main/base64.txt
[OK] proxies=7 | new=0 | url=https://raw.githubusercontent.com/kooker/FreeSubsCheck/main/all.yaml
[OK] proxies=686 | new=686 | url=https://raw.githubusercontent.com/kooker/FreeSubsCheck/main/kooker.jp.txt
[OK] proxies=697 | source=[免费节点11] | url=https://raw.githubusercontent.com/kooker/FreeSubsCheck/main/README.md
============================================================
[INFO] toolkit try repo | url=https://github.com/bannedbook/fanqiang
[INFO] toolkit try release | url=https://github.com/bannedbook/fanqiang/releases
[INFO] toolkit try release | url=https://github.com/bannedbook/fanqiang/releases/expanded_assets/ChromeGo-latest
[INFO] toolkit try download | url=https://github.com/bannedbook/fanqiang/releases/download/ChromeGo-latest/ChromeGo.7z
[OK] toolkit downloaded | file=ChromeGo.7z | size=96.2mb | time=29.0s
[OK] toolkit extracted | archive=ChromeGo.7z | tool=7z | files=222 | dirs=45
[OK] toolkit discovered | subs=107 | embedded=46 | scan=32.0s | archive=ChromeGo.7z
[OK] proxies=12 | new=12 | embedded=archive-config
[OK] proxies=3 | new=3 | url=https://gitlab.com/free9999/ipupdate/master/backup/img/1/2/{ipp|ip}/clash.meta2/{5|6|3|1|4|2}/config.yaml
[OK] proxies=3 | new=0 | url=https://www.67867867.xyz/Alvin9999/PAC/refs/heads/master/backup/img/1/2/{ipp|ip}/clash.meta2/{5|6|3|1|4|2}/config.yaml
[OK] proxies=7 | new=5 | url=https://www.67867867.xyz/Alvin9999/PAC/refs/heads/master/backup/img/1/2/{ipp|ip}/{hysteria2|singbox|naiveproxy|hysteria|xray}/{3|1|4|2}/config.json
[OK] proxies=7 | new=0 | url=https://gitlab.com/free9999/ipupdate/master/backup/img/1/2/{ipp|ip}/{hysteria2|singbox|naiveproxy|hysteria|xray}/{3|1|4|2}/config.json
[OK] proxies=20 | source=[ChromeGO-Toolkit] | url=https://github.com/bannedbook/fanqiang/releases/download/ChromeGo-latest/ChromeGo.7z
============================================================
[INFO] sublink try repo | url=https://github.com/ShiteThings/extractNodes
[INFO] sublink try page | url=https://raw.githubusercontent.com/ShiteThings/extractNodes/main/README.md
[OK] proxies=26 | new=26 | url=https://chg26.makou.cc.cd/sb
[OK] proxies=31 | new=5 | url=https://{chg26.makou.cc.cd|chg64.makou.cc.cd}
[OK] proxies=31 | source=[ChromeGO-ShiteThings] | url=https://raw.githubusercontent.com/ShiteThings/extractNodes/main/README.md
============================================================
[INFO] sublink try repo | url=https://github.com/shangui999/chromego_merge
[INFO] sublink try page | url=https://raw.githubusercontent.com/shangui999/chromego_merge/master/ReadMe.md
[OK] proxies=10 | new=10 | url=https://freedman.netlify.app/sub/merged_proxies_new.yaml
[OK] proxies=11 | new=1 | url=https://freedman.netlify.app/sub/merged_warp_proxies_new.yaml
[OK] proxies=11 | new=6 | url=https://freedman.netlify.app/sub/shadowrocket_base64.txt
[OK] proxies=16 | new=16 | url=https://freedman.netlify.app/sub/sb.json
[INFO] sublink try repo | url=https://github.com/yaney01/chromego
[INFO] sublink try page | url=https://raw.githubusercontent.com/yaney01/chromego/main/ReadMe.md
[OK] proxies=50 | new=46 | url=https://raw.githubusercontent.com/yaney01/chromego/main/sub/merged_proxies_new.yaml
[OK] proxies=51 | new=0 | url=https://raw.githubusercontent.com/yaney01/chromego/main/sub/merged_warp_proxies_new.yaml
[OK] proxies=13 | new=7 | url=https://raw.githubusercontent.com/yaney01/chromego/main/sub/shadowrocket_base64.txt
[OK] proxies=13 | new=0 | url=https://raw.githubusercontent.com/yaney01/chromego/main/sub/sb.json
[INFO] sublink try repo | url=https://github.com/Misaka-blog/chromego_merge
[INFO] sublink try page | url=https://raw.githubusercontent.com/Misaka-blog/chromego_merge/main/README.md
[OK] proxies=166 | new=166 | url=https://chromego-sub.netlify.app/sub/merged_proxies_new.yaml
[OK] proxies=252 | source=[ChromeGO-Merge] | url=https://raw.githubusercontent.com/Misaka-blog/chromego_merge/main/README.md
============================================================
[INFO] toolkit try repo | url=https://github.com/Pawdroid/shadowrocket_for_android
[INFO] toolkit try release | url=https://github.com/Pawdroid/shadowrocket_for_android/releases
[INFO] toolkit try release | url=https://github.com/Pawdroid/shadowrocket_for_android/releases/expanded_assets/10.10.57
[INFO] toolkit try download | url=https://github.com/Pawdroid/shadowrocket_for_android/releases/download/10.10.57/Shadowrocket_10.10.57_shadowrocketStandard_arm64-v8a.apk
[OK] toolkit downloaded | file=Shadowrocket_10.10.57_shadowrocketStandard_arm64-v8a.apk | size=39.8mb | time=16.5s
[OK] toolkit extracted | archive=Shadowrocket_10.10.57_shadowrocketStandard_arm64-v8a.apk | tool=zipfile | files=1193 | dirs=44
[OK] toolkit sr-apk scanned | prefixes=38 | files=6 | keys=2 | archive=Shadowrocket_10.10.57_shadowrocketStandard_arm64-v8a.apk
[OK] proxies=824 | new=824 | url=https://{cdn.jsdelivr.net|raw.githubusercontent.com}/pixelor/ecfg/main/data/ecfg6_zh
[OK] proxies=757 | new=21 | url=https://{raw.githubusercontent.com|cdn.jsdelivr.net}/pixelor/ecfg/main/data/ecfg6_en
[OK] proxies=101 | new=65 | url=https://{cdn.jsdelivr.net|raw.githubusercontent.com}/pixelor/ecfg/main/data/ecfg6
[OK] proxies=87 | new=0 | url=https://{files.shadowrockets.app|cdn.shadowrockets.app}/ecfg/data/ecfg6
[OK] proxies=702 | new=0 | url=https://{files.shadowrockets.app|cdn.shadowrockets.app}/ecfg/data/ecfg6_en
[OK] proxies=702 | new=0 | url=https://{files.shadowrockets.app|cdn.shadowrockets.app}/ecfg/data/ecfg6_zh
[OK] proxies=910 | source=[Pawdroid-SR-APK] | url=https://github.com/Pawdroid/shadowrocket_for_android/releases/download/10.10.57/Shadowrocket_10.10.57_shadowrocketStandard_arm64-v8a.apk
============================================================
[INFO] toolkit try page | url=https://shadowshare.v2cross.com
[INFO] toolkit try download | url=https://shadowshare.v2cross.com/shadowshare.apk
[OK] toolkit downloaded | file=shadowshare.apk | size=60mb | time=22.1s
[OK] toolkit extracted | archive=shadowshare.apk | tool=zipfile | files=612 | dirs=39
[OK] toolkit ss-apk scanned | prefixes=10 | files=3 | keys=1 | archive=shadowshare.apk
[OK] proxies=248 | new=248 | url=https://{raw.githubusercontent.com|jsd.onmicrosoft.cn}/hideme9527/ecsfg/main/data/sareserver
[OK] proxies=1386 | new=1280 | url=https://{raw.githubusercontent.com|jsd.onmicrosoft.cn}/hideme9527/ecsfg/main/data/sareserver_en
[OK] proxies=80 | new=0 | url=https://{shadowsharing.com|sare.159236.xyz}/data/sareserver
[OK] proxies=1386 | new=0 | url=https://{shadowsharing.com|sare.159236.xyz}/data/sareserver_en
[OK] proxies=80 | new=0 | url=https://gitee.com/api/v5/repos/{guoyoucai1|zhiminghao|elvenapp}/ecsfg/raw/data/sareserver
[OK] proxies=1386 | new=0 | url=https://gitee.com/api/v5/repos/{elvenapp|zhiminghao|guoyoucai1}/ecsfg/raw/data/sareserver_en
[OK] proxies=1528 | source=[Pawdroid-SS-APK] | url=https://shadowshare.v2cross.com/shadowshare.apk
============================================================
[INFO] toolkit try chrome | url=https://chromewebstore.google.com/detail/free-vpn-proxy-1vpn/akcocjjpkmlniicdeemdceeajlmoabhg
[INFO] toolkit try download | url=https://clients2.google.com/service/update2/crx?response=redirect&prodversion=131.0.6778.0&acceptformat=crx2,crx3&x=id%3dakcocjjpkmlniicdeemdceeajlmoabhg%26uc
[OK] toolkit downloaded | file=free-vpn-proxy-1vpn.crx | size=1.6mb | time=3.1s
[OK] toolkit extracted | archive=free-vpn-proxy-1vpn.crx | tool=zipfile | files=68 | dirs=57
[OK] toolkit 1vpn-crx scanned | hosts=17 | keys=1 | archive=free-vpn-proxy-1vpn.crx
[OK] proxies=17 | source=[1VPN-CRX] | url=https://clients2.google.com/service/update2/crx?response=redirect&prodversion=131.0.6778.0&acceptformat=crx2,crx3&x=id%3dakcocjjpkmlniicdeemdceeajlmoabhg%26uc
============================================================
[INFO] sublink try repo | url=https://github.com/free-nodes/clashfree
[INFO] sublink try page | url=https://raw.githubusercontent.com/free-nodes/clashfree/main/README.md
[OK] proxies=1 | new=1 | url=https://github.com/free-nodes/clashfree/blob/main/clash20261009.yml
[OK] proxies=401 | new=401 | url=https://raw.githubusercontent.com/free-nodes/clashfree/main/README.md
[OK] proxies=401 | new=0 | url=https://raw.githubusercontent.com/free-nodes/clashfree/main/clash20261009.yml
[OK] proxies=402 | source=[Clashfree] | url=https://raw.githubusercontent.com/free-nodes/clashfree/main/README.md
============================================================
[INFO] sublink try repo | url=https://github.com/Epodonios/v2ray-configs
[INFO] sublink try page | url=https://raw.githubusercontent.com/Epodonios/v2ray-configs/main/README.md
[OK] proxies=3280 | new=3280 | url=https://github.com/Epodonios/v2ray-configs/raw/main/Splitted-By-Protocol/vless.txt
[OK] proxies=1 | new=1 | url=https://github.com/Epodonios/V2ray-Configs/actions/workflows/main.yml
[OK] proxies=396 | new=396 | url=https://github.com/Epodonios/v2ray-configs/raw/main/Splitted-By-Protocol/ss.txt
[OK] proxies=4164 | new=597 | url=https://github.com/Epodonios/v2ray-configs/raw/main/All_Configs_Sub.txt
[OK] proxies=4164 | new=0 | url=https://github.com/Epodonios/v2ray-configs/raw/main/All_Configs_base64_Sub.txt
[OK] proxies=203 | new=21 | url=https://github.com/Epodonios/v2ray-configs/raw/main/Splitted-By-Protocol/vmess.txt
[OK] proxies=212 | new=3 | url=https://github.com/Epodonios/v2ray-configs/raw/main/Splitted-By-Protocol/trojan.txt
[OK] proxies=4164 | new=0 | url=https://raw.githubusercontent.com/Epodonios/v2ray-configs/main/{Sub1.txt|Sub2.txt|Sub3.txt|Sub4.txt|Sub5.txt|Sub6.txt|Sub7.txt|Sub8.txt}
[OK] proxies=4298 | source=[Epodonios] | url=https://raw.githubusercontent.com/Epodonios/v2ray-configs/main/README.md
============================================================
[INFO] sublink try repo | url=https://github.com/free-clash-v2ray/free-clash-v2ray.github.io
[INFO] sublink try page | url=https://raw.githubusercontent.com/free-clash-v2ray/free-clash-v2ray.github.io/main/README.md
[OK] proxies=2438 | new=2438 | url=https://free-clash-v2ray.github.io/uploads/2026/10/{0-20261004.yaml|1-20261004.yaml|2-20261004.yaml|3-20261004.yaml}
[OK] proxies=2772 | new=847 | url=https://free-clash-v2ray.github.io/uploads/2026/10/{0-20261004.txt|1-20261004.txt|2-20261004.txt|3-20261004.txt|4-20261004.txt}
[OK] proxies=3285 | source=[Free-clash-v2ray] | url=https://raw.githubusercontent.com/free-clash-v2ray/free-clash-v2ray.github.io/main/README.md
============================================================
[INFO] article try page | url=https://v2rayclashfree.com
[INFO] sublink try page | url=https://v2rayclashfree.com/fn/20261009.html
[INFO] sublink try page | url=https://v2rayclashfree.com/fn/20261008.html
[INFO] sublink try page | url=https://v2rayclashfree.com/fn/20261007.html
[INFO] sublink try page | url=https://v2rayclashfree.com/fn/20261006.html
[INFO] sublink try page | url=https://v2rayclashfree.com/fn/20261005.html
[INFO] sublink try page | url=https://v2rayclashfree.com/fn/20261004.html
[INFO] sublink try page | url=https://v2rayclashfree.com/fn/20261003.html
[INFO] sublink try page | url=https://v2rayclashfree.com/fn/20261002.html
[INFO] sublink try page | url=https://v2rayclashfree.com/fn/20261001.html
[INFO] sublink try page | url=https://v2rayclashfree.com/fn/20260930.html
[OK] proxies=2901 | new=2901 | url=https://v2rayclashfree.com/sub/20260930-clash.yaml
[OK] proxies=2867 | new=505 | url=https://v2rayclashfree.com/sub/20260930-v2ray.txt
[OK] proxies=3406 | source=[V2rayclashfree-RSS] | url=https://v2rayclashfree.com/fn/20260930.html
============================================================
[INFO] toolkit try repo | url=https://github.com/MetaCubeX/meta-rules-dat
[INFO] toolkit try release | url=https://github.com/MetaCubeX/meta-rules-dat/releases
[INFO] toolkit try release | url=https://github.com/MetaCubeX/meta-rules-dat/releases/expanded_assets/latest
[INFO] toolkit try download | url=https://github.com/MetaCubeX/meta-rules-dat/releases/download/latest/country.mmdb
[OK] toolkit downloaded | file=country.mmdb | size=7.3mb | time=3.2s
[INFO] toolkit try repo | url=https://github.com/mledoze/countries
[INFO] toolkit try release | url=https://github.com/mledoze/countries/releases
[INFO] toolkit try release | url=https://github.com/mledoze/countries/releases/expanded_assets/v1.8.0
[INFO] toolkit try download | url=https://github.com/mledoze/countries/archive/refs/tags/v1.8.0.zip
[OK] toolkit downloaded | file=countries-1.8.0.zip | size=4.8mb | time=12.6s
[OK] toolkit extracted | archive=countries-1.8.0.zip | tool=zipfile | files=528 | dirs=8
[INFO] toolkit try repo | url=https://github.com/pycountry/pycountry
[INFO] toolkit try release | url=https://github.com/pycountry/pycountry/releases
[INFO] toolkit try release | url=https://github.com/pycountry/pycountry/releases/expanded_assets/26.2.16
[INFO] toolkit try download | url=https://github.com/pycountry/pycountry/archive/refs/tags/26.2.16.zip
[OK] toolkit downloaded | file=pycountry-26.2.16.zip | size=7.8mb | time=5.1s
[OK] toolkit extracted | archive=pycountry-26.2.16.zip | tool=zipfile | files=643 | dirs=334
[INFO] toolkit try repo | url=https://github.com/umpirsky/country-list
[INFO] toolkit try release | url=https://github.com/umpirsky/country-list/releases
[INFO] toolkit try page | url=https://raw.githubusercontent.com/umpirsky/country-list/master/README.md
[OK] geo score ready | files=country.mmdb, countries.json, iso3166-1.json | centroids=247 | aliases=425
============================================================
[INFO] toolkit try repo | url=https://github.com/MetaCubeX/mihomo
[INFO] toolkit try release | url=https://github.com/MetaCubeX/mihomo/releases
[INFO] toolkit try release | url=https://github.com/MetaCubeX/mihomo/releases/expanded_assets/v1.19.32
[INFO] toolkit try download | url=https://github.com/MetaCubeX/mihomo/releases/download/v1.19.32/mihomo-linux-amd64-compatible-v1.19.32.gz
[OK] toolkit downloaded | file=mihomo-linux-amd64-compatible-v1.19.32.gz | size=21.8mb | time=9.1s
[OK] toolkit hash verified | file=mihomo-linux-amd64-compatible-v1.19.32.gz | sha256=ba3ce607747a07f948fc35780e108a4a7c7f552a38b9bd4d115f313ebcb89c20
[OK] proxy engine ready, starting latency test | package=mihomo-linux-amd64-compatible-v1.19.32.gz
============================================================
[WARN] batch reshard | size=18575 {1} | split=3096 {2} + 3096 {3} + 3096 {4} + 3096 {5} + 3096 {6} + 3095 {7}
[WARN] batch start failed | size=3096 {5} | split=516 {8} + 516 {9} + 516 {10} + 516 {11} + 516 {12} + 516 {13}
[WARN] batch start failed | size=3096 {6} | split=516 {14} + 516 {15} + 516 {16} + 516 {17} + 516 {18} + 516 {19}
[WARN] batch start failed | size=3095 {7} | split=516 {20} + 516 {21} + 516 {22} + 516 {23} + 516 {24} + 515 {25}
[WARN] batch start failed | size=516 {9} | split=86 {26} + 86 {27} + 86 {28} + 86 {29} + 86 {30} + 86 {31}
[WARN] batch start failed | size=516 {11} | split=86 {32} + 86 {33} + 86 {34} + 86 {35} + 86 {36} + 86 {37}
[WARN] batch start failed | size=516 {10} | split=86 {38} + 86 {39} + 86 {40} + 86 {41} + 86 {42} + 86 {43}
[TEST] {13} tested=100/516 | kept=6 | rest=18475
[TEST] {13} tested=200/516 | kept=18 | rest=18375
[TEST] {13} tested=300/516 | kept=28 | rest=18275
[TEST] {12} tested=100/516 | kept=4 | rest=18167
[TEST] {12} tested=200/516 | kept=12 | rest=18067
[TEST] {12} tested=300/516 | kept=18 | rest=17967
[TEST] {8} tested=100/516 | kept=0 | rest=17734
[TEST] {8} tested=200/516 | kept=0 | rest=17634
[TEST] {8} tested=300/516 | kept=0 | rest=17534
[TEST] {8} tested=400/516 | kept=0 | rest=17434
[TEST] {12} tested=400/516 | kept=22 | rest=17345
[TEST] {13} tested=400/516 | kept=29 | rest=17295
[TEST] {8} tested=500/516 | kept=0 | rest=17107
[TEST] {13} tested=500/516 | kept=29 | rest=17063
[TEST] {12} tested=500/516 | kept=25 | rest=17059
[TEST] {2} tested=100/3096 | kept=46 | rest=16927
[TEST] {2} tested=200/3096 | kept=73 | rest=16827
[TEST] {2} tested=300/3096 | kept=105 | rest=16727
[TEST] {2} tested=400/3096 | kept=139 | rest=16627
[TEST] {2} tested=500/3096 | kept=176 | rest=16527
[TEST] {2} tested=600/3096 | kept=196 | rest=16427
[TEST] {2} tested=700/3096 | kept=230 | rest=16327
[TEST] {2} tested=800/3096 | kept=259 | rest=16227
[TEST] {2} tested=900/3096 | kept=279 | rest=16127
[TEST] {4} tested=100/3096 | kept=7 | rest=15939
[TEST] {4} tested=200/3096 | kept=8 | rest=15839
[TEST] {4} tested=300/3096 | kept=11 | rest=15739
[TEST] {4} tested=400/3096 | kept=13 | rest=15639
[TEST] {4} tested=500/3096 | kept=14 | rest=15539
[TEST] {4} tested=600/3096 | kept=15 | rest=15439
[TEST] {4} tested=700/3096 | kept=17 | rest=15337
[TEST] {4} tested=800/3096 | kept=17 | rest=15237
[TEST] {2} tested=1000/3096 | kept=294 | rest=15212
[WARN] batch start failed | size=516 {19} | split=86 {44} + 86 {45} + 86 {46} + 86 {47} + 86 {48} + 86 {49}
[WARN] batch start failed | size=516 {15} | split=86 {50} + 86 {51} + 86 {52} + 86 {53} + 86 {54} + 86 {55}
[TEST] {4} tested=900/3096 | kept=17 | rest=15107
[TEST] {2} tested=1100/3096 | kept=302 | rest=14999
[TEST] {18} tested=100/516 | kept=0 | rest=14784
[TEST] {14} tested=100/516 | kept=1 | rest=14681
[TEST] {17} tested=100/516 | kept=1 | rest=14526
[TEST] {3} tested=100/3096 | kept=0 | rest=14425
[TEST] {3} tested=200/3096 | kept=0 | rest=14325
[TEST] {3} tested=300/3096 | kept=0 | rest=14225
[TEST] {3} tested=400/3096 | kept=0 | rest=14125
[TEST] {3} tested=500/3096 | kept=0 | rest=14025
[TEST] {3} tested=600/3096 | kept=0 | rest=13925
[TEST] {3} tested=700/3096 | kept=0 | rest=13825
[TEST] {3} tested=800/3096 | kept=0 | rest=13725
[TEST] {3} tested=900/3096 | kept=2 | rest=13625
[TEST] {3} tested=1000/3096 | kept=2 | rest=13523
[TEST] {4} tested=1000/3096 | kept=17 | rest=13276
[TEST] {14} tested=200/516 | kept=2 | rest=13274
[TEST] {17} tested=200/516 | kept=3 | rest=13238
[TEST] {14} tested=300/516 | kept=2 | rest=13084
[TEST] {3} tested=1100/3096 | kept=2 | rest=13032
[TEST] {17} tested=300/516 | kept=5 | rest=12906
[TEST] {2} tested=1200/3096 | kept=331 | rest=12689
[TEST] {18} tested=200/516 | kept=4 | rest=12639
[TEST] {4} tested=1100/3096 | kept=18 | rest=12621
[TEST] {14} tested=400/516 | kept=2 | rest=12488
[TEST] {3} tested=1200/3096 | kept=2 | rest=12469
[TEST] {17} tested=400/516 | kept=5 | rest=12372
[TEST] {4} tested=1200/3096 | kept=18 | rest=12218
[TEST] {18} tested=300/516 | kept=4 | rest=12146
[TEST] {18} tested=400/516 | kept=4 | rest=11962
[TEST] {14} tested=500/516 | kept=2 | rest=11739
[TEST] {4} tested=1300/3096 | kept=18 | rest=11723
[TEST] {3} tested=1300/3096 | kept=24 | rest=11683
[TEST] {2} tested=1300/3096 | kept=331 | rest=11645
[TEST] {17} tested=500/516 | kept=8 | rest=11465
[TEST] {3} tested=1400/3096 | kept=90 | rest=11458
[TEST] {4} tested=1400/3096 | kept=18 | rest=11255
[TEST] {2} tested=1400/3096 | kept=331 | rest=11159
[TEST] {16} tested=100/516 | kept=0 | rest=11104
[TEST] {18} tested=500/516 | kept=7 | rest=11032
[TEST] {16} tested=200/516 | kept=2 | rest=10868
[TEST] {20} tested=100/516 | kept=41 | rest=10840
[TEST] {20} tested=200/516 | kept=97 | rest=10700
[TEST] {3} tested=1500/3096 | kept=95 | rest=10690
[TEST] {20} tested=300/516 | kept=134 | rest=10567
[TEST] {21} tested=100/516 | kept=28 | rest=10352
[TEST] {21} tested=200/516 | kept=55 | rest=10252
[TEST] {20} tested=400/516 | kept=195 | rest=10130
[TEST] {21} tested=300/516 | kept=85 | rest=10062
[TEST] {4} tested=1500/3096 | kept=18 | rest=10034
[TEST] {21} tested=400/516 | kept=153 | rest=9890
[TEST] {21} tested=500/516 | kept=221 | rest=9684
[TEST] {3} tested=1600/3096 | kept=96 | rest=9594
[TEST] {2} tested=1500/3096 | kept=331 | rest=9528
[TEST] {4} tested=1600/3096 | kept=18 | rest=9527
[TEST] {16} tested=300/516 | kept=2 | rest=9497
[TEST] {16} tested=400/516 | kept=2 | rest=9297
[TEST] {20} tested=500/516 | kept=235 | rest=9291
[TEST] {4} tested=1700/3096 | kept=18 | rest=9064
[WARN] batch start failed | size=516 {23} | split=86 {56} + 86 {57} + 86 {58} + 86 {59} + 86 {60} + 86 {61}
[TEST] {2} tested=1600/3096 | kept=356 | rest=8978
[TEST] {22} tested=100/516 | kept=30 | rest=8858
[TEST] {22} tested=200/516 | kept=44 | rest=8744
[TEST] {3} tested=1700/3096 | kept=102 | rest=8634
[TEST] {22} tested=300/516 | kept=77 | rest=8565
[TEST] {25} tested=100/515 | kept=4 | rest=8293
[TEST] {25} tested=200/515 | kept=11 | rest=8137
[TEST] {16} tested=500/516 | kept=2 | rest=8117
[TEST] {22} tested=400/516 | kept=154 | rest=8062
[TEST] {2} tested=1700/3096 | kept=360 | rest=8060
[TEST] {4} tested=1800/3096 | kept=21 | rest=7983
[TEST] {25} tested=300/515 | kept=28 | rest=7922
[TEST] {24} tested=100/516 | kept=13 | rest=7816
[TEST] {24} tested=200/516 | kept=26 | rest=7706
[TEST] {24} tested=300/516 | kept=47 | rest=7591
[TEST] {24} tested=400/516 | kept=73 | rest=7440
[TEST] {2} tested=1800/3096 | kept=364 | rest=7304
[TEST] {3} tested=1800/3096 | kept=102 | rest=7241
[TEST] {2} tested=1900/3096 | kept=364 | rest=7055
[TEST] {22} tested=500/516 | kept=171 | rest=7000
[TEST] {4} tested=1900/3096 | kept=21 | rest=6901
[TEST] {2} tested=2000/3096 | kept=364 | rest=6808
[TEST] {25} tested=400/515 | kept=42 | rest=6779
[TEST] {24} tested=500/516 | kept=90 | rest=6496
[TEST] {3} tested=1900/3096 | kept=102 | rest=6440
[TEST] {4} tested=2000/3096 | kept=22 | rest=6333
[TEST] {2} tested=2100/3096 | kept=364 | rest=6314
[TEST] {3} tested=2000/3096 | kept=103 | rest=6137
[TEST] {2} tested=2200/3096 | kept=364 | rest=5994
[TEST] {25} tested=500/515 | kept=49 | rest=5986
[TEST] {4} tested=2100/3096 | kept=23 | rest=5983
[TEST] {26} tested=86/86 | kept=0 | rest=5874
[WARN] batch start failed | size=86 {27} | split=15 {62} + 15 {63} + 15 {64} + 15 {65} + 15 {66} + 11 {67}
[TEST] {4} tested=2200/3096 | kept=24 | rest=5625
[TEST] {28} tested=86/86 | kept=1 | rest=5503
[WARN] batch start failed | size=86 {31} | split=15 {68} + 15 {69} + 15 {70} + 15 {71} + 15 {72} + 11 {73}
[TEST] {2} tested=2300/3096 | kept=364 | rest=5445
[TEST] {4} tested=2300/3096 | kept=24 | rest=5442
[TEST] {3} tested=2100/3096 | kept=103 | rest=5304
[TEST] {4} tested=2400/3096 | kept=24 | rest=5146
[TEST] {29} tested=86/86 | kept=7 | rest=4993
[TEST] {30} tested=86/86 | kept=8 | rest=4971
[TEST] {2} tested=2400/3096 | kept=365 | rest=4966
[WARN] batch start failed | size=86 {34} | split=15 {74} + 15 {75} + 15 {76} + 15 {77} + 15 {78} + 11 {79}
[TEST] {4} tested=2500/3096 | kept=24 | rest=4747
[TEST] {32} tested=86/86 | kept=41 | rest=4595
[TEST] {4} tested=2600/3096 | kept=24 | rest=4588
[WARN] batch start failed | size=86 {38} | split=15 {80} + 15 {81} + 15 {82} + 15 {83} + 15 {84} + 11 {85}
[TEST] {3} tested=2200/3096 | kept=103 | rest=4535
[TEST] {2} tested=2500/3096 | kept=394 | rest=4346
[TEST] {4} tested=2700/3096 | kept=24 | rest=4237
[TEST] {2} tested=2600/3096 | kept=423 | rest=4124
[TEST] {33} tested=86/86 | kept=2 | rest=4051
[TEST] {4} tested=2800/3096 | kept=24 | rest=4022
[TEST] {36} tested=86/86 | kept=13 | rest=3948
[TEST] {4} tested=2900/3096 | kept=24 | rest=3748
[TEST] {4} tested=3000/3096 | kept=24 | rest=3644
[TEST] {3} tested=2300/3096 | kept=103 | rest=3577
[TEST] {39} tested=86/86 | kept=32 | rest=3513
[TEST] {2} tested=2700/3096 | kept=425 | rest=3354
[TEST] {35} tested=86/86 | kept=14 | rest=3228
[TEST] {40} tested=86/86 | kept=57 | rest=3203
[TEST] {2} tested=2800/3096 | kept=425 | rest=3128
[TEST] {3} tested=2400/3096 | kept=103 | rest=2919
[TEST] {2} tested=2900/3096 | kept=425 | rest=2818
[TEST] {37} tested=86/86 | kept=11 | rest=2737
[TEST] {2} tested=3000/3096 | kept=425 | rest=2633
[TEST] {3} tested=2500/3096 | kept=103 | rest=2549
[TEST] {41} tested=86/86 | kept=60 | rest=2547
[TEST] {42} tested=86/86 | kept=51 | rest=2490
[TEST] {43} tested=86/86 | kept=46 | rest=2368
[WARN] batch start failed | size=86 {46} | split=15 {86} + 15 {87} + 15 {88} + 15 {89} + 15 {90} + 11 {91}
[TEST] {3} tested=2600/3096 | kept=103 | rest=2166
[TEST] {45} tested=86/86 | kept=0 | rest=2117
[TEST] {44} tested=86/86 | kept=6 | rest=1936
[TEST] {47} tested=86/86 | kept=5 | rest=1880
[TEST] {48} tested=86/86 | kept=4 | rest=1760
[TEST] {3} tested=2700/3096 | kept=103 | rest=1635
[TEST] {49} tested=86/86 | kept=1 | rest=1561
[TEST] {51} tested=86/86 | kept=1 | rest=1553
[WARN] batch start failed | size=86 {55} | split=15 {92} + 15 {93} + 15 {94} + 15 {95} + 15 {96} + 11 {97}
[TEST] {52} tested=86/86 | kept=1 | rest=1365
[WARN] batch start failed | size=86 {58} | split=15 {98} + 15 {99} + 15 {100} + 15 {101} + 15 {102} + 11 {103}
[TEST] {50} tested=86/86 | kept=4 | rest=1344
[TEST] {54} tested=86/86 | kept=0 | rest=1264
[TEST] {3} tested=2800/3096 | kept=103 | rest=1153
[TEST] {53} tested=86/86 | kept=2 | rest=1006
[WARN] batch start failed | size=86 {61} | split=15 {104} + 15 {105} + 15 {106} + 15 {107} + 15 {108} + 11 {109}
[TEST] {56} tested=86/86 | kept=7 | rest=982
[WARN] batch start failed | size=15 {63} | split=3 {110} + 3 {111} + 3 {112} + 3 {113} + 3 {114}
[TEST] {59} tested=86/86 | kept=4 | rest=913
[TEST] {57} tested=86/86 | kept=5 | rest=897
[TEST] {3} tested=2900/3096 | kept=103 | rest=860
[TEST] {60} tested=86/86 | kept=2 | rest=851
[TEST] {62} tested=15/15 | kept=1 | rest=772
[TEST] {64} tested=15/15 | kept=3 | rest=770
[TEST] {65} tested=15/15 | kept=0 | rest=730
[TEST] {66} tested=15/15 | kept=1 | rest=711
[TEST] {3} tested=3000/3096 | kept=103 | rest=702
[TEST] {67} tested=11/11 | kept=0 | rest=654
[WARN] batch start failed | size=15 {72} | split=3 {115} + 3 {116} + 3 {117} + 3 {118} + 3 {119}
[WARN] batch start failed | size=11 {73} | split=2 {120} + 2 {121} + 2 {122} + 2 {123} + 2 {124} + 1 {125}
[TEST] {68} tested=15/15 | kept=1 | rest=590
[TEST] {70} tested=15/15 | kept=3 | rest=557
[TEST] {74} tested=15/15 | kept=0 | rest=556
[TEST] {69} tested=15/15 | kept=1 | rest=530
[TEST] {71} tested=15/15 | kept=6 | rest=512
[WARN] batch start failed | size=15 {78} | split=3 {126} + 3 {127} + 3 {128} + 3 {129} + 3 {130}
[TEST] {75} tested=15/15 | kept=0 | rest=492
[TEST] {76} tested=15/15 | kept=0 | rest=473
[TEST] {77} tested=15/15 | kept=1 | rest=467
[WARN] batch start failed | size=15 {83} | split=3 {131} + 3 {132} + 3 {133} + 3 {134} + 3 {135}
[TEST] {79} tested=11/11 | kept=3 | rest=453
[TEST] {80} tested=15/15 | kept=0 | rest=429
[TEST] {81} tested=15/15 | kept=0 | rest=424
[WARN] batch start failed | size=15 {88} | split=3 {136} + 3 {137} + 3 {138} + 3 {139} + 3 {140}
[TEST] {82} tested=15/15 | kept=0 | rest=405
[TEST] {84} tested=15/15 | kept=14 | rest=395
[TEST] {85} tested=11/11 | kept=8 | rest=392
[TEST] {86} tested=15/15 | kept=1 | rest=367
[TEST] {87} tested=15/15 | kept=0 | rest=346
[TEST] {90} tested=15/15 | kept=6 | rest=339
[TEST] {89} tested=15/15 | kept=0 | rest=310
[WARN] batch start failed | size=11 {97} | split=2 {141} + 2 {142} + 2 {143} + 2 {144} + 2 {145} + 1 {146}
[TEST] {91} tested=11/11 | kept=1 | rest=292
[TEST] {93} tested=15/15 | kept=0 | rest=290
[TEST] {95} tested=15/15 | kept=0 | rest=281
[TEST] {94} tested=15/15 | kept=0 | rest=263
[WARN] batch start failed | size=15 {101} | split=3 {147} + 3 {148} + 3 {149} + 3 {150} + 3 {151}
[TEST] {92} tested=15/15 | kept=0 | rest=260
[TEST] {96} tested=15/15 | kept=0 | rest=233
[TEST] {98} tested=15/15 | kept=10 | rest=219
[TEST] {99} tested=15/15 | kept=5 | rest=212
[TEST] {100} tested=15/15 | kept=3 | rest=194
[WARN] batch start failed | size=15 {106} | split=3 {152} + 3 {153} + 3 {154} + 3 {155} + 3 {156}
[TEST] {107} tested=15/15 | kept=0 | rest=182
[TEST] {103} tested=11/11 | kept=2 | rest=161
[TEST] {102} tested=15/15 | kept=6 | rest=152
[TEST] {110} tested=3/3 | kept=3 | rest=142
[TEST] {104} tested=15/15 | kept=0 | rest=131
[WARN] batch start failed | size=3 {112} | split=1 {157} + 1 {158} + 1 {159}
[TEST] {111} tested=3/3 | kept=3 | rest=129
[WARN] batch start failed | size=3 {116} | split=1 {160} + 1 {161} + 1 {162}
[WARN] batch start failed | size=3 {119} | split=1 {163} + 1 {164} + 1 {165}
[TEST] {105} tested=15/15 | kept=1 | rest=124
[WARN] batch start failed | size=3 {115} | split=1 {166} + 1 {167} + 1 {168}
[TEST] {108} tested=15/15 | kept=0 | rest=122
[WARN] batch start failed | size=2 {120} | split=1 {169} + 1 {170}
[TEST] {109} tested=11/11 | kept=4 | rest=120
[WARN] batch start failed | size=2 {121} | split=1 {171} + 1 {172}
[TEST] {122} tested=2/2 | kept=0 | rest=117
[TEST] {114} tested=3/3 | kept=0 | rest=114
[TEST] {113} tested=3/3 | kept=1 | rest=112
[WARN] batch start failed | size=3 {127} | split=1 {173} + 1 {174} + 1 {175}
[TEST] {117} tested=3/3 | kept=0 | rest=107
[TEST] {118} tested=3/3 | kept=0 | rest=103
[TEST] {124} tested=2/2 | kept=0 | rest=101
[TEST] {123} tested=2/2 | kept=0 | rest=98
[WARN] batch start failed | size=3 {131} | split=1 {176} + 1 {177} + 1 {178}
[WARN] batch start failed | size=3 {132} | split=1 {179} + 1 {180} + 1 {181}
[TEST] {125} tested=1/1 | kept=0 | rest=97
[TEST] {126} tested=3/3 | kept=0 | rest=93
[TEST] {135} tested=3/3 | kept=3 | rest=89
[TEST] {133} tested=3/3 | kept=2 | rest=88
[TEST] {134} tested=3/3 | kept=3 | rest=86
[WARN] batch start failed | size=3 {138} | split=1 {182} + 1 {183} + 1 {184}
[TEST] {128} tested=3/3 | kept=0 | rest=84
[TEST] {130} tested=3/3 | kept=0 | rest=80
[WARN] batch start failed | size=2 {141} | split=1 {185} + 1 {186}
[TEST] {142} tested=2/2 | kept=0 | rest=78
[TEST] {129} tested=3/3 | kept=1 | rest=76
[TEST] {143} tested=2/2 | kept=0 | rest=74
[TEST] {137} tested=3/3 | kept=0 | rest=70
[TEST] {136} tested=3/3 | kept=0 | rest=68
[TEST] {139} tested=3/3 | kept=0 | rest=64
[TEST] {140} tested=3/3 | kept=0 | rest=62
[TEST] {146} tested=1/1 | kept=0 | rest=58
[WARN] batch start failed | size=3 {150} | split=1 {187} + 1 {188} + 1 {189}
[TEST] {144} tested=2/2 | kept=0 | rest=54
[WARN] batch start failed | size=3 {152} | split=1 {190} + 1 {191} + 1 {192}
[TEST] {145} tested=2/2 | kept=0 | rest=53
[TEST] {154} tested=3/3 | kept=0 | rest=48
[TEST] {153} tested=3/3 | kept=0 | rest=47
[TEST] {155} tested=3/3 | kept=0 | rest=42
[TEST] {156} tested=3/3 | kept=0 | rest=41
[REPAIR] name=[免费节点11] hysteria {159} | fields=up,down
[TEST] {158} tested=1/1 | kept=0 | rest=40
[TEST] {159} tested=1/1 | kept=0 | rest=39
[REPAIR] name=[ChromeGO-ShiteThings] hysteria-4 {160} | fields=up,down
[TEST] {147} tested=3/3 | kept=2 | rest=38
[TEST] {162} tested=1/1 | kept=0 | rest=37
[TEST] {149} tested=3/3 | kept=2 | rest=36
[TEST] {148} tested=3/3 | kept=0 | rest=34
[REPAIR] name=[ChromeGO-Merge] WARP {165} | fields=dialer-proxy
[REPAIR] name=[ChromeGO-ShiteThings] hysteria {166} | fields=up,down
[REPAIR] name=[ChromeGO-ShiteThings] hysteria-3 {168} | fields=up,down
[TEST] {165} tested=1/1 | kept=1 | rest=33
[REPAIR] name=[ChromeGO-ShiteThings] hysteria-2 {167} | fields=up,down
[TEST] {151} tested=3/3 | kept=2 | rest=32
[REPAIR] name=[ChromeGO-Merge] United {169} | fields=up,down
[TEST] {168} tested=1/1 | kept=0 | rest=31
[REPAIR] name=[ChromeGO-Merge] France_hysteria_1 {170} | fields=up,down
[REPAIR] name=[ChromeGO-Merge] United-2 {171} | fields=up,down
[TEST] {166} tested=1/1 | kept=0 | rest=30
[TEST] {173} tested=1/1 | kept=0 | rest=29
[TEST] {167} tested=1/1 | kept=0 | rest=28
[REPAIR] name=[Pawdroid-SS-APK] United+Kingdom-2 {174} | fields=cipher
[TEST] {172} tested=1/1 | kept=0 | rest=27
[REPAIR] name=[ChromeGO-Merge] France {177} | fields=up,down
[REPAIR] name=[ChromeGO-Merge] Taiwan {176} | fields=up,down
[TEST] {175} tested=1/1 | kept=1 | rest=26
[TEST] {174} tested=1/1 | kept=1 | rest=25
[REPAIR] name=[ChromeGO-Merge] United-4 {178} | fields=up,down
[TEST] {176} tested=1/1 | kept=0 | rest=24
[REPAIR] name=[ChromeGO-Merge] United-5 {180} | fields=up,down
[REPAIR] name=[ChromeGO-Merge] Taiwan-2 {179} | fields=up,down
[REPAIR] name=[Epodonios] EPODONIOS-2806 {183} | fields=cipher
[TEST] {179} tested=1/1 | kept=0 | rest=23
[REPAIR] name=[Epodonios] EPODONIOS-2805 {182} | fields=cipher
[REPAIR] name=[Epodonios] EPODONIOS-2807 {184} | fields=cipher
[TEST] {181} tested=1/1 | kept=0 | rest=22
[TEST] {183} tested=1/1 | kept=1 | rest=21
[DROP] name=[Epodonios] vless-81 {186} | server=31.57.185.92:8080 | reason=Parse config error: proxy 0: 'reality-opts' has unset fields: public-key
[TEST] {184} tested=1/1 | kept=0 | rest=19
[TEST] {157} tested=1/1 | kept=0 | rest=18
[REPAIR] name=[Free-clash-v2ray] hysteria {187} | fields=up,down
[TEST] {187} tested=1/1 | kept=0 | rest=17
[TEST] {160} tested=1/1 | kept=0 | rest=16
[TEST] {161} tested=1/1 | kept=0 | rest=15
[TEST] {188} tested=1/1 | kept=1 | rest=14
[TEST] {191} tested=1/1 | kept=0 | rest=13
[TEST] {164} tested=1/1 | kept=0 | rest=12
[TEST] {192} tested=1/1 | kept=0 | rest=11
[DROP] name=[Free-clash-v2ray] 未知 SS-338 | free-nodes {190} | server=192.0.2.1:1 | reason=Parse config error: proxy 0: ss 192.0.2.1:1 cipher: i�5��\x1c�p initialize error: unknown method: i�5��\x1c�p
[TEST] {163} tested=1/1 | kept=0 | rest=9
[TEST] {189} tested=1/1 | kept=1 | rest=8
[TEST] {169} tested=1/1 | kept=0 | rest=7
[TEST] {170} tested=1/1 | kept=0 | rest=6
[TEST] {171} tested=1/1 | kept=0 | rest=5
[TEST] {177} tested=1/1 | kept=0 | rest=4
[TEST] {178} tested=1/1 | kept=0 | rest=3
[TEST] {180} tested=1/1 | kept=0 | rest=2
[TEST] {182} tested=1/1 | kept=0 | rest=1
[TEST] {185} tested=1/1 | kept=0 | rest=0
[INFO] dropped=2 | [Epodonios] × 1 | [Free-clash-v2ray] × 1
============================================================
[INFO] cap live | source=[免费节点2] | from=256 | to=50
[INFO] cap live | source=[免费节点8] | from=165 | to=50
[INFO] cap live | source=[Pawdroid-SR-APK] | from=315 | to=50
[INFO] cap live | source=[Pawdroid-SS-APK] | from=83 | to=50
[INFO] cap live | source=[Epodonios] | from=55 | to=50
[INFO] cap live | source=[Free-clash-v2ray] | from=682 | to=50
[INFO] cap live | source=[V2rayclashfree-RSS] | from=143 | to=50
[INFO] cap live total | from=539 | to=400 | floor=5 | by=health_score
[INFO] cap live | reserved=110 | pool=429 | taken=290
[INFO] cap live | source=[大FQ运动] | from=6 | to=5
[INFO] cap live | source=[NekoWarp] | from=10 | to=9
[INFO] cap live | source=[Mibei77-RSS] | from=10 | to=5
[INFO] cap live | source=[Yoyapai-RSS] | from=8 | to=5
[INFO] cap live | source=[免费节点1] | from=13 | to=5
[INFO] cap live | source=[免费节点3] | from=18 | to=8
[INFO] cap live | source=[免费节点4] | from=33 | to=5
[INFO] cap live | source=[免费节点10] | from=22 | to=8
[INFO] cap live | source=[免费节点11] | from=29 | to=7
[INFO] cap live | source=[ChromeGO-ShiteThings] | from=7 | to=5
[INFO] cap live | source=[Clashfree] | from=6 | to=5
[INFO] cap live | source=[1VPN-CRX] | from=12 | to=5
[INFO] cap live | source=[Epodonios] | from=50 | to=13
[INFO] geo tally | live=400 | HK=28 | JP=78 | KR=57 | TW=10 | SG=8 | US=88 | GB=4 | FR=37 | DE=3 | NL=12 | CA=1 | other=74
[INFO] score summary | n=400 | max=135.5335 | p90=108.1275 | p50=49.8836 | avg=61.8794 | min=0.7904 | geo_avg=32.7205 | adj_avg=+3.3052
============================================================
+------------------------------+--------+--------+------+--------+
| source                       |    raw | unique | live | capped |
+------------------------------+--------+--------+------+--------+
| [大FQ运动]                   |     18 |     18 |    6 |      5 |
+------------------------------+--------+--------+------+--------+
| [Pawdroid]                   |     18 |     16 |    2 |      2 |
+------------------------------+--------+--------+------+--------+
| [FreeV2-Base64]              |      3 |      3 |    3 |      3 |
+------------------------------+--------+--------+------+--------+
| [Bocchi2b-Base64]            |     35 |     35 |    0 |      0 |
+------------------------------+--------+--------+------+--------+
| [Freesocks]                  |      4 |      4 |    3 |      3 |
+------------------------------+--------+--------+------+--------+
| [NekoWarp]                   |     10 |     10 |   10 |      9 |
+------------------------------+--------+--------+------+--------+
| [OpenRunner-RSS]             |     14 |     14 |    1 |      1 |
+------------------------------+--------+--------+------+--------+
| [V2Rayshare-RSS]             |     22 |     22 |    1 |      1 |
+------------------------------+--------+--------+------+--------+
| [Mibei77-RSS]                |     72 |     68 |   10 |      5 |
+------------------------------+--------+--------+------+--------+
| [Yoyapai-RSS]                |    298 |    290 |    8 |      5 |
+------------------------------+--------+--------+------+--------+
| [免费节点1]                  |    223 |    168 |   13 |      5 |
+------------------------------+--------+--------+------+--------+
| [免费节点2]                  |    593 |    564 |  256 |     50 |
+------------------------------+--------+--------+------+--------+
| [免费节点3]                  |     40 |     20 |   18 |      8 |
+------------------------------+--------+--------+------+--------+
| [免费节点4]                  |    775 |    716 |   33 |      5 |
+------------------------------+--------+--------+------+--------+
| [免费节点5]                  |     29 |     28 |    0 |      0 |
+------------------------------+--------+--------+------+--------+
| [免费节点6]                  |    566 |    553 |    1 |      1 |
+------------------------------+--------+--------+------+--------+
| [免费节点7]                  |     61 |     10 |    0 |      0 |
+------------------------------+--------+--------+------+--------+
| [免费节点8]                  |   4443 |   3822 |  165 |     50 |
+------------------------------+--------+--------+------+--------+
| [免费节点9]                  |    615 |    453 |    0 |      0 |
+------------------------------+--------+--------+------+--------+
| [免费节点10]                 |   4659 |   3090 |   22 |      8 |
+------------------------------+--------+--------+------+--------+
| [免费节点11]                 |    697 |    351 |   29 |      7 |
+------------------------------+--------+--------+------+--------+
| [ChromeGO-Toolkit]           |     20 |     19 |    3 |      3 |
+------------------------------+--------+--------+------+--------+
| [ChromeGO-ShiteThings]       |     31 |     24 |    7 |      5 |
+------------------------------+--------+--------+------+--------+
| [ChromeGO-Merge]             |    252 |     74 |    1 |      1 |
+------------------------------+--------+--------+------+--------+
| [Pawdroid-SR-APK]            |    910 |    526 |  315 |     50 |
+------------------------------+--------+--------+------+--------+
| [Pawdroid-SS-APK]            |   1528 |   1086 |   83 |     50 |
+------------------------------+--------+--------+------+--------+
| [1VPN-CRX]                   |     17 |     17 |   12 |      5 |
+------------------------------+--------+--------+------+--------+
| [Clashfree]                  |    402 |    156 |    6 |      5 |
+------------------------------+--------+--------+------+--------+
| [Epodonios]                  |   4298 |   3364 |   55 |     13 |
+------------------------------+--------+--------+------+--------+
| [Free-clash-v2ray]           |   3285 |   2010 |  682 |     50 |
+------------------------------+--------+--------+------+--------+
| [V2rayclashfree-RSS]         |   3406 |   1044 |  143 |     50 |
+------------------------------+--------+--------+------+--------+
============================================================
[INFO] clash history written | path=/home/runner/work/Free-node-autotest/Free-node-autotest/history/797389909165-clash-0834-20261009.yaml
[SUMMARY] total_nodes=27344
[SUMMARY] legal_candidates=18575
[SUMMARY] passed_latency_test=400
[SUMMARY] region_HK=28 | region_JP=79 | region_US=95
[SUMMARY] avg_latency_ms=433.41
[SUMMARY] output=/home/runner/work/Free-node-autotest/Free-node-autotest/output/clash.yaml
============================================================
[INFO] raw backup written | path=/home/runner/work/Free-node-autotest/Free-node-autotest/output/raw.yaml | history=797389909165-raw-0834-20261009.yaml | proxies=27346
[INFO] debug history written | path=/home/runner/work/Free-node-autotest/Free-node-autotest/history/797389909165-debug-0834-20261009.log | proxies=27371
