[OK] source=大FQ运动 proxies=2 url=https://raw.githubusercontent.com/hello-world-1989/cn-news/refs/heads/main/clash.yaml
============================================================
[OK] source=大FQ运动-官网 proxies=4 url=https://end-gfw.com/ss-key
============================================================
[OK] source=ChromeGO proxies=28 url=https://chg26.makou.cc.cd/
============================================================
[INFO] v2rayshare try page: https://v2rayshare.net/p/5084.html
[OK] v2rayshare discovered: https://static.v2rayshare.net/2026/08/m20260827.yaml
[OK] source=V2Rayshare-RSS proxies=27 url=https://static.v2rayshare.net/2026/08/m20260827.yaml
============================================================
[INFO] openrunner try page: https://free.datiya.com/post/20260827/
[OK] openrunner discovered: https://free.datiya.com/uploads/20260827-clash.yaml
[OK] source=OpenRunner-RSS proxies=14 url=https://free.datiya.com/uploads/20260827-clash.yaml
============================================================
[INFO] mibei77 try page: https://www.mibei77.com/619.html
[OK] mibei77 discovered: https://mm.mibei77.com/202608/0827Clashnz.yaml
[OK] source=Mibei77-RSS proxies=272 url=https://mm.mibei77.com/202608/0827Clashnz.yaml
============================================================
[INFO] yoyapai try page: https://yoyapai.com/687
[OK] yoyapai discovered: https://freenode.yoyapai.com/2026/08/27-yoyapai.com-clash-vpn-mian-fei-jiedian.yaml
[OK] source=Yoyapai-RSS proxies=277 url=https://freenode.yoyapai.com/2026/08/27-yoyapai.com-clash-vpn-mian-fei-jiedian.yaml
============================================================
[OK] source=Free-clash-v2ray-README proxies=253 url=https://free-clash-v2ray.github.io/uploads/2026/08/0-20260823.yaml
============================================================
[OK] source=FreeV2-Base64 proxies=7 url=https://xmxosfepggzm.503403.xyz
============================================================
[OK] source=Pawdroid-Base64 proxies=20 url=https://raw.githubusercontent.com/Pawdroid/Free-servers/main/sub
============================================================
[OK] source=V2Rayshare-订阅 proxies=27 url=https://cdn.jsdelivr.net/gh/firefoxmmx2/v2rayshare_subcription/subscription/mihomo_sub.yaml
============================================================
[OK] source=免费节点1 proxies=342 url=https://raw.githubusercontent.com/free18/v2ray/refs/heads/main/c.yaml
============================================================
[OK] source=免费节点1-README自建 proxies=6 url=https://raw.githubusercontent.com/free18/v2ray/refs/heads/main/README.md
============================================================
[OK] source=免费节点2 proxies=17 url=https://raw.githubusercontent.com/ermaozi/get_subscribe/main/subscribe/clash.yml
============================================================
[OK] source=免费节点3 proxies=38 url=https://sunmiao4458.github.io/free-proxy-airport/clash.yaml
============================================================
[WARN] YAML document parse failed: while parsing a flow mapping
  in "<unicode string>", line 21, column 3:
    - {name: "🇫🇷FR-"2001:bc8:32d7:1a9: ... 
      ^
expected ',' or '}', but got '<scalar>'
  in "<unicode string>", line 21, column 17:
    - {name: "🇫🇷FR-"2001:bc8:32d7:1a9::2"-019", serv ... 
                    ^
[WARN] proxy block parse failed, fallback to per-line: while parsing a flow mapping
  in "<unicode string>", line 21, column 3:
    - {name: "🇫🇷FR-"2001:bc8:32d7:1a9: ... 
      ^
expected ',' or '}', but got '<scalar>'
  in "<unicode string>", line 21, column 17:
    - {name: "🇫🇷FR-"2001:bc8:32d7:1a9::2"-019", serv ... 
                    ^
[WARN] skipped 15 invalid proxy line(s) in this source
[OK] source=免费节点4 proxies=190 url=https://raw.githubusercontent.com/mfuu/v2ray/master/clash.yaml
============================================================
[OK] source=免费节点5 proxies=28 url=https://cdn.jsdelivr.net/gh/vxiaov/free_proxies@main/clash/clash.provider.yaml
============================================================
[OK] source=免费节点6 proxies=1397 url=https://raw.githubusercontent.com/anaer/Sub/main/clash.yaml
============================================================
[OK] source=免费节点7 proxies=128 url=https://raw.githubusercontent.com/snakem982/proxypool/main/source/clash-meta-2.yaml
============================================================
[OK] source=免费节点8 proxies=4084 url=https://raw.githubusercontent.com/mahdibland/SSAggregator/master/sub/sub_merge_yaml.yml
============================================================
[OK] source=免费节点9-1 proxies=188 url=https://raw.githubusercontent.com/w1770946466/Auto_proxy/main/Long_term_subscription1.yaml
============================================================
[WARN] YAML document parse failed: while scanning a simple key
  in "<unicode string>", line 98, column 1:
    _11
    ^
could not find expected ':'
  in "<unicode string>", line 107, column 1:
    _10
    ^
[OK] source=免费节点9-2 proxies=55 url=https://raw.githubusercontent.com/w1770946466/Auto_proxy/main/Long_term_subscription2.yaml
============================================================
[WARN] YAML document parse failed: while scanning a simple key
  in "<unicode string>", line 99, column 1:
    _6
    ^
could not find expected ':'
  in "<unicode string>", line 126, column 1:
    _3
    ^
[OK] source=免费节点9-3 proxies=52 url=https://raw.githubusercontent.com/w1770946466/Auto_proxy/main/Long_term_subscription3.yaml
============================================================
[INFO] clashfree try readme: https://raw.githubusercontent.com/free-nodes/clashfree/refs/heads/main/README.md
[OK] clashfree discovered: https://raw.githubusercontent.com/free-nodes/clashfree/refs/heads/main/clash20260828.yml
[OK] source=Clashfree-README proxies=1399 url=https://raw.githubusercontent.com/free-nodes/clashfree/refs/heads/main/clash20260828.yml
============================================================
[INFO] downloading proxy engine: https://github.com/MetaCubeX/mihomo/releases/download/v1.19.30/mihomo-linux-amd64-v3-v1.19.30.gz
[INFO] tested 25/6393 kept=10
[INFO] tested 50/6393 kept=15
[INFO] tested 75/6393 kept=22
[INFO] tested 100/6393 kept=26
[INFO] tested 125/6393 kept=26
[INFO] tested 150/6393 kept=26
[INFO] tested 175/6393 kept=31
[INFO] tested 200/6393 kept=38
[INFO] tested 225/6393 kept=47
[INFO] tested 250/6393 kept=48
[INFO] tested 275/6393 kept=52
[INFO] tested 300/6393 kept=59
[INFO] tested 325/6393 kept=61
[INFO] tested 350/6393 kept=66
[INFO] tested 375/6393 kept=69
[INFO] tested 400/6393 kept=76
[INFO] tested 425/6393 kept=97
[INFO] tested 450/6393 kept=103
[INFO] tested 475/6393 kept=105
[INFO] tested 500/6393 kept=107
[INFO] tested 525/6393 kept=107
[INFO] tested 550/6393 kept=109
[INFO] tested 575/6393 kept=116
[INFO] tested 600/6393 kept=124
[INFO] tested 625/6393 kept=131
[INFO] tested 650/6393 kept=132
[INFO] tested 675/6393 kept=133
[INFO] tested 700/6393 kept=133
[INFO] tested 725/6393 kept=133
[INFO] tested 750/6393 kept=134
[INFO] tested 775/6393 kept=135
[INFO] tested 800/6393 kept=137
[INFO] tested 825/6393 kept=138
[INFO] tested 850/6393 kept=141
[INFO] tested 875/6393 kept=141
[INFO] tested 900/6393 kept=142
[INFO] tested 925/6393 kept=143
[INFO] tested 950/6393 kept=143
[INFO] tested 975/6393 kept=144
[INFO] tested 1000/6393 kept=145
[INFO] tested 1025/6393 kept=145
[INFO] tested 1050/6393 kept=145
[INFO] tested 1075/6393 kept=146
[INFO] tested 1100/6393 kept=150
[INFO] tested 1125/6393 kept=150
[INFO] tested 1150/6393 kept=151
[INFO] tested 1175/6393 kept=152
[INFO] tested 1200/6393 kept=152
[INFO] tested 1225/6393 kept=152
[INFO] tested 1250/6393 kept=154
[INFO] tested 1275/6393 kept=155
[INFO] tested 1300/6393 kept=156
[INFO] tested 1325/6393 kept=156
[INFO] tested 1350/6393 kept=156
[INFO] tested 1375/6393 kept=156
[INFO] tested 1400/6393 kept=156
[INFO] tested 1425/6393 kept=156
[INFO] tested 1450/6393 kept=156
[INFO] tested 1475/6393 kept=156
[INFO] tested 1500/6393 kept=156
[INFO] tested 1525/6393 kept=156
[INFO] tested 1550/6393 kept=156
[INFO] tested 1575/6393 kept=156
[INFO] tested 1600/6393 kept=156
[INFO] tested 1625/6393 kept=156
[INFO] tested 1650/6393 kept=156
[INFO] tested 1675/6393 kept=156
[INFO] tested 1700/6393 kept=156
[INFO] tested 1725/6393 kept=156
[INFO] tested 1750/6393 kept=156
[INFO] tested 1775/6393 kept=156
[INFO] tested 1800/6393 kept=156
[INFO] tested 1825/6393 kept=156
[INFO] tested 1850/6393 kept=164
[INFO] tested 1875/6393 kept=171
[INFO] tested 1900/6393 kept=185
[INFO] tested 1925/6393 kept=203
[INFO] tested 1950/6393 kept=211
[INFO] tested 1975/6393 kept=213
[INFO] tested 2000/6393 kept=222
[INFO] tested 2025/6393 kept=241
[INFO] tested 2050/6393 kept=263
[INFO] tested 2075/6393 kept=286
[INFO] tested 2100/6393 kept=295
[INFO] tested 2125/6393 kept=295
[INFO] tested 2150/6393 kept=295
[INFO] tested 2175/6393 kept=295
[INFO] tested 2200/6393 kept=295
[INFO] tested 2225/6393 kept=295
[INFO] tested 2250/6393 kept=295
[INFO] tested 2275/6393 kept=295
[INFO] tested 2300/6393 kept=295
[INFO] tested 2325/6393 kept=295
[INFO] tested 2350/6393 kept=295
[INFO] tested 2375/6393 kept=295
[INFO] tested 2400/6393 kept=295
[INFO] tested 2425/6393 kept=295
[INFO] tested 2450/6393 kept=295
[INFO] tested 2475/6393 kept=295
[INFO] tested 2500/6393 kept=295
[INFO] tested 2525/6393 kept=295
[INFO] tested 2550/6393 kept=295
[INFO] tested 2575/6393 kept=295
[INFO] tested 2600/6393 kept=295
[INFO] tested 2625/6393 kept=296
[INFO] tested 2650/6393 kept=296
[INFO] tested 2675/6393 kept=296
[INFO] tested 2700/6393 kept=296
[INFO] tested 2725/6393 kept=296
[INFO] tested 2750/6393 kept=296
[INFO] tested 2775/6393 kept=296
[INFO] tested 2800/6393 kept=296
[INFO] tested 2825/6393 kept=296
[INFO] tested 2850/6393 kept=296
[INFO] tested 2875/6393 kept=296
[INFO] tested 2900/6393 kept=296
[INFO] tested 2925/6393 kept=296
[INFO] tested 2950/6393 kept=296
[INFO] tested 2975/6393 kept=296
[INFO] tested 3000/6393 kept=296
[INFO] tested 3025/6393 kept=296
[INFO] tested 3050/6393 kept=296
[INFO] tested 3075/6393 kept=296
[INFO] tested 3100/6393 kept=296
[INFO] tested 3125/6393 kept=296
[INFO] tested 3150/6393 kept=296
[INFO] tested 3175/6393 kept=296
[INFO] tested 3200/6393 kept=296
[INFO] tested 3225/6393 kept=296
[INFO] tested 3250/6393 kept=296
[INFO] tested 3275/6393 kept=296
[INFO] tested 3300/6393 kept=296
[INFO] tested 3325/6393 kept=296
[INFO] tested 3350/6393 kept=296
[INFO] tested 3375/6393 kept=296
[INFO] tested 3400/6393 kept=296
[INFO] tested 3425/6393 kept=296
[INFO] tested 3450/6393 kept=296
[INFO] tested 3475/6393 kept=296
[INFO] tested 3500/6393 kept=296
[INFO] tested 3525/6393 kept=296
[INFO] tested 3550/6393 kept=296
[INFO] tested 3575/6393 kept=296
[INFO] tested 3600/6393 kept=296
[INFO] tested 3625/6393 kept=296
[INFO] tested 3650/6393 kept=296
[INFO] tested 3675/6393 kept=296
[INFO] tested 3700/6393 kept=296
[INFO] tested 3725/6393 kept=296
[INFO] tested 3750/6393 kept=296
[INFO] tested 3775/6393 kept=296
[INFO] tested 3800/6393 kept=296
[INFO] tested 3825/6393 kept=296
[INFO] tested 3850/6393 kept=296
[INFO] tested 3875/6393 kept=296
[INFO] tested 3900/6393 kept=296
[INFO] tested 3925/6393 kept=296
[INFO] tested 3950/6393 kept=296
[INFO] tested 3975/6393 kept=296
[INFO] tested 4000/6393 kept=296
[INFO] tested 4025/6393 kept=296
[INFO] tested 4050/6393 kept=296
[INFO] tested 4075/6393 kept=296
[INFO] tested 4100/6393 kept=296
[INFO] tested 4125/6393 kept=296
[INFO] tested 4150/6393 kept=296
[INFO] tested 4175/6393 kept=296
[INFO] tested 4200/6393 kept=296
[INFO] tested 4225/6393 kept=296
[INFO] tested 4250/6393 kept=296
[INFO] tested 4275/6393 kept=296
[INFO] tested 4300/6393 kept=296
[INFO] tested 4325/6393 kept=296
[INFO] tested 4350/6393 kept=296
[INFO] tested 4375/6393 kept=296
[INFO] tested 4400/6393 kept=296
[INFO] tested 4425/6393 kept=296
[INFO] tested 4450/6393 kept=296
[INFO] tested 4475/6393 kept=296
[INFO] tested 4500/6393 kept=296
[INFO] tested 4525/6393 kept=296
[INFO] tested 4550/6393 kept=296
[INFO] tested 4575/6393 kept=296
[INFO] tested 4600/6393 kept=296
[INFO] tested 4625/6393 kept=296
[INFO] tested 4650/6393 kept=296
[INFO] tested 4675/6393 kept=296
[INFO] tested 4700/6393 kept=296
[INFO] tested 4725/6393 kept=296
[INFO] tested 4750/6393 kept=296
[INFO] tested 4775/6393 kept=296
[INFO] tested 4800/6393 kept=296
[INFO] tested 4825/6393 kept=296
[INFO] tested 4850/6393 kept=296
[INFO] tested 4875/6393 kept=296
[INFO] tested 4900/6393 kept=296
[INFO] tested 4925/6393 kept=296
[INFO] tested 4950/6393 kept=296
[INFO] tested 4975/6393 kept=296
[INFO] tested 5000/6393 kept=296
[INFO] tested 5025/6393 kept=296
[INFO] tested 5050/6393 kept=296
[INFO] tested 5075/6393 kept=296
[INFO] tested 5100/6393 kept=296
[INFO] tested 5125/6393 kept=296
[INFO] tested 5150/6393 kept=296
[INFO] tested 5175/6393 kept=296
[INFO] tested 5200/6393 kept=296
[INFO] tested 5225/6393 kept=296
[INFO] tested 5250/6393 kept=296
[INFO] tested 5275/6393 kept=296
[INFO] tested 5300/6393 kept=296
[INFO] tested 5325/6393 kept=296
[INFO] tested 5350/6393 kept=296
[INFO] tested 5375/6393 kept=296
[INFO] tested 5400/6393 kept=296
[INFO] tested 5425/6393 kept=297
[INFO] tested 5450/6393 kept=301
[INFO] tested 5475/6393 kept=302
[INFO] tested 5500/6393 kept=303
[INFO] tested 5525/6393 kept=303
[INFO] tested 5550/6393 kept=303
[INFO] tested 5575/6393 kept=304
[INFO] tested 5600/6393 kept=309
[INFO] tested 5625/6393 kept=324
[INFO] tested 5650/6393 kept=329
[INFO] tested 5675/6393 kept=336
[INFO] tested 5700/6393 kept=340
[INFO] tested 5725/6393 kept=340
[INFO] tested 5750/6393 kept=340
[INFO] tested 5775/6393 kept=343
[INFO] tested 5800/6393 kept=344
[INFO] tested 5825/6393 kept=351
[INFO] tested 5850/6393 kept=358
[INFO] tested 5875/6393 kept=358
[INFO] tested 5900/6393 kept=362
[INFO] tested 5925/6393 kept=367
[INFO] tested 5950/6393 kept=367
[INFO] tested 5975/6393 kept=367
[INFO] tested 6000/6393 kept=369
[INFO] tested 6025/6393 kept=372
[INFO] tested 6050/6393 kept=380
[INFO] tested 6075/6393 kept=391
[INFO] tested 6100/6393 kept=396
[INFO] tested 6125/6393 kept=398
[INFO] tested 6150/6393 kept=400
[INFO] tested 6175/6393 kept=401
[INFO] tested 6200/6393 kept=402
[INFO] tested 6225/6393 kept=402
[INFO] tested 6250/6393 kept=404
[INFO] tested 6275/6393 kept=405
[INFO] tested 6300/6393 kept=408
[INFO] tested 6325/6393 kept=409
[INFO] tested 6350/6393 kept=410
[INFO] tested 6375/6393 kept=415
[INFO] tested 6393/6393 kept=418
[SUMMARY] total_nodes=8855
[SUMMARY] legal_candidates=6393
[SUMMARY] passed_latency_test=418
[SUMMARY] region_HK=23 region_JP=6 region_US=74
[SUMMARY] avg_latency_ms=484.89
[SUMMARY] output=output/clash.yaml
