[OK] source=大FQ运动 proxies=2 url=https://raw.githubusercontent.com/hello-world-1989/cn-news/refs/heads/main/clash.yaml
============================================================
[OK] source=大FQ运动-官网 proxies=4 url=https://end-gfw.com/ss-key
============================================================
[OK] source=ChromeGO proxies=28 url=https://chg26.makou.cc.cd/
============================================================
[WARN] v2rayshare feed failed: failed to fetch https://v2rayshare.com/feed: 403 Client Error: Forbidden for url: https://v2rayshare.com/feed
[WARN] source=V2Rayshare-RSS no proxies
============================================================
[INFO] openrunner try page: https://free.datiya.com/post/20260828/
[OK] openrunner discovered: https://free.datiya.com/uploads/20260828-clash.yaml
[OK] source=OpenRunner-RSS proxies=14 url=https://free.datiya.com/uploads/20260828-clash.yaml
============================================================
[INFO] mibei77 try page: https://www.mibei77.com/621.html
[OK] mibei77 discovered: https://mm.mibei77.com/202608/0828Clashiax.yaml
[OK] source=Mibei77-RSS proxies=262 url=https://mm.mibei77.com/202608/0828Clashiax.yaml
============================================================
[INFO] yoyapai try page: https://yoyapai.com/688
[OK] yoyapai discovered: https://freenode.yoyapai.com/2026/08/28-yoyapai.com-clash-vpn-mian-fei-jiedian.yaml
[OK] source=Yoyapai-RSS proxies=280 url=https://freenode.yoyapai.com/2026/08/28-yoyapai.com-clash-vpn-mian-fei-jiedian.yaml
============================================================
[OK] source=Free-clash-v2ray-README proxies=253 url=https://free-clash-v2ray.github.io/uploads/2026/08/0-20260823.yaml
============================================================
[OK] source=FreeV2-Base64 proxies=7 url=https://xmxosfepggzm.503403.xyz
============================================================
[OK] source=Pawdroid-Base64 proxies=20 url=https://raw.githubusercontent.com/Pawdroid/Free-servers/main/sub
============================================================
[OK] source=V2Rayshare-订阅 proxies=27 url=https://cdn.jsdelivr.net/gh/firefoxmmx2/v2rayshare_subcription/subscription/mihomo_sub.yaml
============================================================
[OK] source=免费节点1 proxies=298 url=https://raw.githubusercontent.com/free18/v2ray/refs/heads/main/c.yaml
============================================================
[OK] source=免费节点1-README自建 proxies=6 url=https://raw.githubusercontent.com/free18/v2ray/refs/heads/main/README.md
============================================================
[OK] source=免费节点2 proxies=29 url=https://raw.githubusercontent.com/ermaozi/get_subscribe/main/subscribe/clash.yml
============================================================
[OK] source=免费节点3 proxies=93 url=https://sunmiao4458.github.io/free-proxy-airport/clash.yaml
============================================================
[WARN] YAML document parse failed: while parsing a flow mapping
  in "<unicode string>", line 31, column 3:
    - {name: "🇫🇷FR-"2001:bc8:32d7:1a9: ... 
      ^
expected ',' or '}', but got '<scalar>'
  in "<unicode string>", line 31, column 17:
    - {name: "🇫🇷FR-"2001:bc8:32d7:1a9::2"-029", serv ... 
                    ^
[WARN] proxy block parse failed, fallback to per-line: while parsing a flow mapping
  in "<unicode string>", line 31, column 3:
    - {name: "🇫🇷FR-"2001:bc8:32d7:1a9: ... 
      ^
expected ',' or '}', but got '<scalar>'
  in "<unicode string>", line 31, column 17:
    - {name: "🇫🇷FR-"2001:bc8:32d7:1a9::2"-029", serv ... 
                    ^
[WARN] skipped 15 invalid proxy line(s) in this source
[OK] source=免费节点4 proxies=207 url=https://raw.githubusercontent.com/mfuu/v2ray/master/clash.yaml
============================================================
[OK] source=免费节点5 proxies=28 url=https://cdn.jsdelivr.net/gh/vxiaov/free_proxies@main/clash/clash.provider.yaml
============================================================
[OK] source=免费节点6 proxies=1397 url=https://raw.githubusercontent.com/anaer/Sub/main/clash.yaml
============================================================
[OK] source=免费节点7 proxies=128 url=https://raw.githubusercontent.com/snakem982/proxypool/main/source/clash-meta-2.yaml
============================================================
[OK] source=免费节点8 proxies=4084 url=https://raw.githubusercontent.com/mahdibland/SSAggregator/master/sub/sub_merge_yaml.yml
============================================================
[OK] source=免费节点9-1 proxies=188 url=https://raw.githubusercontent.com/w1770946466/Auto_proxy/main/Long_term_subscription1.yaml
============================================================
[WARN] YAML document parse failed: while scanning a simple key
  in "<unicode string>", line 98, column 1:
    _11
    ^
could not find expected ':'
  in "<unicode string>", line 107, column 1:
    _10
    ^
[OK] source=免费节点9-2 proxies=55 url=https://raw.githubusercontent.com/w1770946466/Auto_proxy/main/Long_term_subscription2.yaml
============================================================
[WARN] YAML document parse failed: while scanning a simple key
  in "<unicode string>", line 99, column 1:
    _6
    ^
could not find expected ':'
  in "<unicode string>", line 126, column 1:
    _3
    ^
[OK] source=免费节点9-3 proxies=52 url=https://raw.githubusercontent.com/w1770946466/Auto_proxy/main/Long_term_subscription3.yaml
============================================================
[INFO] clashfree try readme: https://raw.githubusercontent.com/free-nodes/clashfree/refs/heads/main/README.md
[OK] clashfree discovered: https://raw.githubusercontent.com/free-nodes/clashfree/refs/heads/main/clash20260828.yml
[OK] source=Clashfree-README proxies=1399 url=https://raw.githubusercontent.com/free-nodes/clashfree/refs/heads/main/clash20260828.yml
============================================================
[INFO] downloading proxy engine: https://github.com/MetaCubeX/mihomo/releases/download/v1.19.30/mihomo-linux-amd64-v3-v1.19.30.gz
[INFO] tested 25/6397 kept=9
[INFO] tested 50/6397 kept=13
[INFO] tested 75/6397 kept=14
[INFO] tested 100/6397 kept=14
[INFO] tested 125/6397 kept=22
[INFO] tested 150/6397 kept=22
[INFO] tested 175/6397 kept=24
[INFO] tested 200/6397 kept=26
[INFO] tested 225/6397 kept=28
[INFO] tested 250/6397 kept=29
[INFO] tested 275/6397 kept=31
[INFO] tested 300/6397 kept=32
[INFO] tested 325/6397 kept=36
[INFO] tested 350/6397 kept=40
[INFO] tested 375/6397 kept=48
[INFO] tested 400/6397 kept=60
[INFO] tested 425/6397 kept=70
[INFO] tested 450/6397 kept=85
[INFO] tested 475/6397 kept=97
[INFO] tested 500/6397 kept=104
[INFO] tested 525/6397 kept=104
[INFO] tested 550/6397 kept=107
[INFO] tested 575/6397 kept=109
[INFO] tested 600/6397 kept=110
[INFO] tested 625/6397 kept=113
[INFO] tested 650/6397 kept=126
[INFO] tested 675/6397 kept=131
[INFO] tested 700/6397 kept=132
[INFO] tested 725/6397 kept=132
[INFO] tested 750/6397 kept=132
[INFO] tested 775/6397 kept=132
[INFO] tested 800/6397 kept=132
[INFO] tested 825/6397 kept=133
[INFO] tested 850/6397 kept=133
[INFO] tested 875/6397 kept=133
[INFO] tested 900/6397 kept=136
[INFO] tested 925/6397 kept=137
[INFO] tested 950/6397 kept=137
[INFO] tested 975/6397 kept=138
[INFO] tested 1000/6397 kept=138
[INFO] tested 1025/6397 kept=139
[INFO] tested 1050/6397 kept=139
[INFO] tested 1075/6397 kept=140
[INFO] tested 1100/6397 kept=140
[INFO] tested 1125/6397 kept=140
[INFO] tested 1150/6397 kept=141
[INFO] tested 1175/6397 kept=141
[INFO] tested 1200/6397 kept=142
[INFO] tested 1225/6397 kept=142
[INFO] tested 1250/6397 kept=142
[INFO] tested 1275/6397 kept=142
[INFO] tested 1300/6397 kept=143
[INFO] tested 1325/6397 kept=143
[INFO] tested 1350/6397 kept=144
[INFO] tested 1375/6397 kept=144
[INFO] tested 1400/6397 kept=144
[INFO] tested 1425/6397 kept=144
[INFO] tested 1450/6397 kept=144
[INFO] tested 1475/6397 kept=144
[INFO] tested 1500/6397 kept=144
[INFO] tested 1525/6397 kept=144
[INFO] tested 1550/6397 kept=144
[INFO] tested 1575/6397 kept=144
[INFO] tested 1600/6397 kept=144
[INFO] tested 1625/6397 kept=144
[INFO] tested 1650/6397 kept=144
[INFO] tested 1675/6397 kept=144
[INFO] tested 1700/6397 kept=144
[INFO] tested 1725/6397 kept=144
[INFO] tested 1750/6397 kept=144
[INFO] tested 1775/6397 kept=144
[INFO] tested 1800/6397 kept=144
[INFO] tested 1825/6397 kept=144
[INFO] tested 1850/6397 kept=144
[INFO] tested 1875/6397 kept=144
[INFO] tested 1900/6397 kept=144
[INFO] tested 1925/6397 kept=144
[INFO] tested 1950/6397 kept=144
[INFO] tested 1975/6397 kept=145
[INFO] tested 2000/6397 kept=160
[INFO] tested 2025/6397 kept=185
[INFO] tested 2050/6397 kept=206
[INFO] tested 2075/6397 kept=217
[INFO] tested 2100/6397 kept=220
[INFO] tested 2125/6397 kept=220
[INFO] tested 2150/6397 kept=220
[INFO] tested 2175/6397 kept=220
[INFO] tested 2200/6397 kept=220
[INFO] tested 2225/6397 kept=220
[INFO] tested 2250/6397 kept=220
[INFO] tested 2275/6397 kept=220
[INFO] tested 2300/6397 kept=220
[INFO] tested 2325/6397 kept=220
[INFO] tested 2350/6397 kept=220
[INFO] tested 2375/6397 kept=220
[INFO] tested 2400/6397 kept=220
[INFO] tested 2425/6397 kept=220
[INFO] tested 2450/6397 kept=220
[INFO] tested 2475/6397 kept=220
[INFO] tested 2500/6397 kept=220
[INFO] tested 2525/6397 kept=220
[INFO] tested 2550/6397 kept=220
[INFO] tested 2575/6397 kept=220
[INFO] tested 2600/6397 kept=220
[INFO] tested 2625/6397 kept=220
[INFO] tested 2650/6397 kept=220
[INFO] tested 2675/6397 kept=220
[INFO] tested 2700/6397 kept=220
[INFO] tested 2725/6397 kept=220
[INFO] tested 2750/6397 kept=220
[INFO] tested 2775/6397 kept=220
[INFO] tested 2800/6397 kept=220
[INFO] tested 2825/6397 kept=220
[INFO] tested 2850/6397 kept=220
[INFO] tested 2875/6397 kept=220
[INFO] tested 2900/6397 kept=220
[INFO] tested 2925/6397 kept=220
[INFO] tested 2950/6397 kept=220
[INFO] tested 2975/6397 kept=220
[INFO] tested 3000/6397 kept=220
[INFO] tested 3025/6397 kept=220
[INFO] tested 3050/6397 kept=220
[INFO] tested 3075/6397 kept=220
[INFO] tested 3100/6397 kept=220
[INFO] tested 3125/6397 kept=220
[INFO] tested 3150/6397 kept=220
[INFO] tested 3175/6397 kept=220
[INFO] tested 3200/6397 kept=220
[INFO] tested 3225/6397 kept=220
[INFO] tested 3250/6397 kept=220
[INFO] tested 3275/6397 kept=220
[INFO] tested 3300/6397 kept=220
[INFO] tested 3325/6397 kept=220
[INFO] tested 3350/6397 kept=220
[INFO] tested 3375/6397 kept=220
[INFO] tested 3400/6397 kept=220
[INFO] tested 3425/6397 kept=220
[INFO] tested 3450/6397 kept=220
[INFO] tested 3475/6397 kept=220
[INFO] tested 3500/6397 kept=220
[INFO] tested 3525/6397 kept=220
[INFO] tested 3550/6397 kept=220
[INFO] tested 3575/6397 kept=220
[INFO] tested 3600/6397 kept=220
[INFO] tested 3625/6397 kept=220
[INFO] tested 3650/6397 kept=220
[INFO] tested 3675/6397 kept=220
[INFO] tested 3700/6397 kept=220
[INFO] tested 3725/6397 kept=220
[INFO] tested 3750/6397 kept=220
[INFO] tested 3775/6397 kept=220
[INFO] tested 3800/6397 kept=220
[INFO] tested 3825/6397 kept=220
[INFO] tested 3850/6397 kept=220
[INFO] tested 3875/6397 kept=220
[INFO] tested 3900/6397 kept=220
[INFO] tested 3925/6397 kept=220
[INFO] tested 3950/6397 kept=220
[INFO] tested 3975/6397 kept=220
[INFO] tested 4000/6397 kept=220
[INFO] tested 4025/6397 kept=220
[INFO] tested 4050/6397 kept=220
[INFO] tested 4075/6397 kept=220
[INFO] tested 4100/6397 kept=220
[INFO] tested 4125/6397 kept=220
[INFO] tested 4150/6397 kept=220
[INFO] tested 4175/6397 kept=220
[INFO] tested 4200/6397 kept=220
[INFO] tested 4225/6397 kept=220
[INFO] tested 4250/6397 kept=220
[INFO] tested 4275/6397 kept=220
[INFO] tested 4300/6397 kept=220
[INFO] tested 4325/6397 kept=220
[INFO] tested 4350/6397 kept=220
[INFO] tested 4375/6397 kept=220
[INFO] tested 4400/6397 kept=220
[INFO] tested 4425/6397 kept=220
[INFO] tested 4450/6397 kept=220
[INFO] tested 4475/6397 kept=220
[INFO] tested 4500/6397 kept=220
[INFO] tested 4525/6397 kept=220
[INFO] tested 4550/6397 kept=220
[INFO] tested 4575/6397 kept=220
[INFO] tested 4600/6397 kept=220
[INFO] tested 4625/6397 kept=220
[INFO] tested 4650/6397 kept=220
[INFO] tested 4675/6397 kept=220
[INFO] tested 4700/6397 kept=220
[INFO] tested 4725/6397 kept=220
[INFO] tested 4750/6397 kept=220
[INFO] tested 4775/6397 kept=220
[INFO] tested 4800/6397 kept=220
[INFO] tested 4825/6397 kept=220
[INFO] tested 4850/6397 kept=220
[INFO] tested 4875/6397 kept=220
[INFO] tested 4900/6397 kept=220
[INFO] tested 4925/6397 kept=220
[INFO] tested 4950/6397 kept=220
[INFO] tested 4975/6397 kept=220
[INFO] tested 5000/6397 kept=220
[INFO] tested 5025/6397 kept=220
[INFO] tested 5050/6397 kept=220
[INFO] tested 5075/6397 kept=220
[INFO] tested 5100/6397 kept=220
[INFO] tested 5125/6397 kept=220
[INFO] tested 5150/6397 kept=220
[INFO] tested 5175/6397 kept=220
[INFO] tested 5200/6397 kept=220
[INFO] tested 5225/6397 kept=220
[INFO] tested 5250/6397 kept=220
[INFO] tested 5275/6397 kept=220
[INFO] tested 5300/6397 kept=220
[INFO] tested 5325/6397 kept=221
[INFO] tested 5350/6397 kept=222
[INFO] tested 5375/6397 kept=222
[INFO] tested 5400/6397 kept=222
[INFO] tested 5425/6397 kept=223
[INFO] tested 5450/6397 kept=226
[INFO] tested 5475/6397 kept=228
[INFO] tested 5500/6397 kept=228
[INFO] tested 5525/6397 kept=229
[INFO] tested 5550/6397 kept=230
[INFO] tested 5575/6397 kept=231
[INFO] tested 5600/6397 kept=235
[INFO] tested 5625/6397 kept=245
[INFO] tested 5650/6397 kept=254
[INFO] tested 5675/6397 kept=260
[INFO] tested 5700/6397 kept=265
[INFO] tested 5725/6397 kept=265
[INFO] tested 5750/6397 kept=265
[INFO] tested 5775/6397 kept=269
[INFO] tested 5800/6397 kept=269
[INFO] tested 5825/6397 kept=274
[INFO] tested 5850/6397 kept=280
[INFO] tested 5875/6397 kept=280
[INFO] tested 5900/6397 kept=287
[INFO] tested 5925/6397 kept=291
[INFO] tested 5950/6397 kept=291
[INFO] tested 5975/6397 kept=291
[INFO] tested 6000/6397 kept=291
[INFO] tested 6025/6397 kept=294
[INFO] tested 6050/6397 kept=300
[INFO] tested 6075/6397 kept=307
[INFO] tested 6100/6397 kept=314
[INFO] tested 6125/6397 kept=316
[INFO] tested 6150/6397 kept=317
[INFO] tested 6175/6397 kept=317
[INFO] tested 6200/6397 kept=321
[INFO] tested 6225/6397 kept=322
[INFO] tested 6250/6397 kept=325
[INFO] tested 6275/6397 kept=326
[INFO] tested 6300/6397 kept=332
[INFO] tested 6325/6397 kept=335
[INFO] tested 6350/6397 kept=338
[INFO] tested 6375/6397 kept=340
[INFO] tested 6397/6397 kept=341
[SUMMARY] total_nodes=8861
[SUMMARY] legal_candidates=6397
[SUMMARY] passed_latency_test=341
[SUMMARY] region_HK=5 region_JP=5 region_US=60
[SUMMARY] avg_latency_ms=825.5
[SUMMARY] output=output/clash.yaml
