[OK] source=大FQ运动 proxies=2 url=https://raw.githubusercontent.com/hello-world-1989/cn-news/refs/heads/main/clash.yaml
============================================================
[OK] source=大FQ运动-官网 proxies=4 url=https://end-gfw.com/ss-key
============================================================
[OK] source=ChromeGO proxies=28 url=https://chg26.makou.cc.cd/
============================================================
[INFO] v2rayshare try page: https://v2rayshare.net/p/5084.html
[OK] v2rayshare discovered: https://static.v2rayshare.net/2026/08/20260827.yaml
[OK] source=V2Rayshare-RSS proxies=24 url=https://static.v2rayshare.net/2026/08/20260827.yaml
============================================================
[INFO] openrunner try page: https://free.datiya.com/post/20260827/
[OK] openrunner discovered: https://free.datiya.com/uploads/20260827-clash.yaml
[OK] source=OpenRunner-RSS proxies=14 url=https://free.datiya.com/uploads/20260827-clash.yaml
============================================================
[INFO] mibei77 try page: https://www.mibei77.com/619.html
[OK] mibei77 discovered: https://mm.mibei77.com/202608/0827Clashnz.yaml
[OK] source=Mibei77-RSS proxies=272 url=https://mm.mibei77.com/202608/0827Clashnz.yaml
============================================================
[INFO] yoyapai try page: https://yoyapai.com/687
[OK] yoyapai discovered: https://freenode.yoyapai.com/2026/08/27-yoyapai.com-clash-vpn-mian-fei-jiedian.yaml
[OK] source=Yoyapai-RSS proxies=277 url=https://freenode.yoyapai.com/2026/08/27-yoyapai.com-clash-vpn-mian-fei-jiedian.yaml
============================================================
[INFO] clashfree try readme: https://raw.githubusercontent.com/free-nodes/clashfree/refs/heads/main/README.md
[OK] clashfree discovered: https://raw.githubusercontent.com/free-nodes/clashfree/refs/heads/main/clash20260827.yml
[OK] source=Clashfree-README proxies=1725 url=https://raw.githubusercontent.com/free-nodes/clashfree/refs/heads/main/clash20260827.yml
============================================================
[INFO] freev2 try page: https://b.freev2.net/
[WARN] freev2 page empty: https://b.freev2.net/ status=403 HTTPError
[INFO] freev2 try page: https://freev2.net/
[WARN] freev2 page empty: https://freev2.net/ status=403 HTTPError
[INFO] freev2 try page: https://2v.tf/
[WARN] freev2 page empty: https://2v.tf/ status=no-response ConnectionError
[WARN] freev2 discovery failed: no subscription url
[WARN] source=FreeV2-官网 no proxies
============================================================
[OK] source=Free-clash-v2ray-README proxies=253 url=https://free-clash-v2ray.github.io/uploads/2026/08/0-20260823.yaml
============================================================
[OK] source=Pawdroid-Base64 proxies=20 url=https://raw.githubusercontent.com/Pawdroid/Free-servers/main/sub
============================================================
[OK] source=V2Rayshare-订阅 proxies=27 url=https://cdn.jsdelivr.net/gh/firefoxmmx2/v2rayshare_subcription/subscription/mihomo_sub.yaml
============================================================
[OK] source=免费节点1 proxies=352 url=https://raw.githubusercontent.com/free18/v2ray/refs/heads/main/c.yaml
============================================================
[OK] source=免费节点1-README自建 proxies=6 url=https://raw.githubusercontent.com/free18/v2ray/refs/heads/main/README.md
============================================================
[OK] source=免费节点2 proxies=25 url=https://raw.githubusercontent.com/ermaozi/get_subscribe/main/subscribe/clash.yml
============================================================
[OK] source=免费节点3 proxies=89 url=https://sunmiao4458.github.io/free-proxy-airport/clash.yaml
============================================================
[WARN] YAML document parse failed: while parsing a flow mapping
  in "<unicode string>", line 36, column 3:
    - {name: "🇫🇷FR-"2001:bc8:32d7:1a9: ... 
      ^
expected ',' or '}', but got '<scalar>'
  in "<unicode string>", line 36, column 17:
    - {name: "🇫🇷FR-"2001:bc8:32d7:1a9::2"-034", serv ... 
                    ^
[WARN] proxy block parse failed, fallback to per-line: while parsing a flow mapping
  in "<unicode string>", line 36, column 3:
    - {name: "🇫🇷FR-"2001:bc8:32d7:1a9: ... 
      ^
expected ',' or '}', but got '<scalar>'
  in "<unicode string>", line 36, column 17:
    - {name: "🇫🇷FR-"2001:bc8:32d7:1a9::2"-034", serv ... 
                    ^
[WARN] skipped 15 invalid proxy line(s) in this source
[OK] source=免费节点4 proxies=207 url=https://raw.githubusercontent.com/mfuu/v2ray/master/clash.yaml
============================================================
[OK] source=免费节点5 proxies=28 url=https://cdn.jsdelivr.net/gh/vxiaov/free_proxies@main/clash/clash.provider.yaml
============================================================
[OK] source=免费节点6 proxies=1394 url=https://raw.githubusercontent.com/anaer/Sub/main/clash.yaml
============================================================
[OK] source=免费节点7 proxies=128 url=https://raw.githubusercontent.com/snakem982/proxypool/main/source/clash-meta-2.yaml
============================================================
[OK] source=免费节点8 proxies=4021 url=https://raw.githubusercontent.com/mahdibland/SSAggregator/master/sub/sub_merge_yaml.yml
============================================================
[OK] source=免费节点9-1 proxies=188 url=https://raw.githubusercontent.com/w1770946466/Auto_proxy/main/Long_term_subscription1.yaml
============================================================
[WARN] YAML document parse failed: while scanning a simple key
  in "<unicode string>", line 98, column 1:
    _11
    ^
could not find expected ':'
  in "<unicode string>", line 107, column 1:
    _10
    ^
[OK] source=免费节点9-2 proxies=55 url=https://raw.githubusercontent.com/w1770946466/Auto_proxy/main/Long_term_subscription2.yaml
============================================================
[WARN] YAML document parse failed: while scanning a simple key
  in "<unicode string>", line 99, column 1:
    _6
    ^
could not find expected ':'
  in "<unicode string>", line 126, column 1:
    _3
    ^
[OK] source=免费节点9-3 proxies=52 url=https://raw.githubusercontent.com/w1770946466/Auto_proxy/main/Long_term_subscription3.yaml
============================================================
[INFO] downloading proxy engine: https://github.com/MetaCubeX/mihomo/releases/download/v1.19.30/mihomo-linux-amd64-v3-v1.19.30.gz
[WARN] batch start failed size=6492
[WARN] split batch 6492 -> 3246 + 3246
[WARN] batch start failed size=3246
[WARN] split batch 3246 -> 1623 + 1623
[WARN] batch start failed size=1623
[WARN] split batch 1623 -> 811 + 812
[WARN] batch start failed size=811
[WARN] split batch 811 -> 405 + 406
[INFO] tested 25/405 kept=12
[INFO] tested 50/405 kept=15
[INFO] tested 75/405 kept=18
[INFO] tested 100/405 kept=24
[INFO] tested 125/405 kept=24
[INFO] tested 150/405 kept=24
[INFO] tested 175/405 kept=25
[INFO] tested 200/405 kept=27
[INFO] tested 225/405 kept=36
[INFO] tested 250/405 kept=39
[INFO] tested 275/405 kept=42
[INFO] tested 300/405 kept=46
[INFO] tested 325/405 kept=47
[INFO] tested 350/405 kept=48
[INFO] tested 375/405 kept=48
[INFO] tested 400/405 kept=48
[INFO] tested 405/405 kept=48
[WARN] batch start failed size=406
[WARN] split batch 406 -> 203 + 203
[INFO] tested 25/203 kept=0
[INFO] tested 50/203 kept=5
[INFO] tested 75/203 kept=9
[INFO] tested 100/203 kept=15
[INFO] tested 125/203 kept=17
[INFO] tested 150/203 kept=17
[INFO] tested 175/203 kept=17
[INFO] tested 200/203 kept=17
[INFO] tested 203/203 kept=17
[WARN] batch start failed size=203
[WARN] split batch 203 -> 101 + 102
[INFO] tested 25/101 kept=1
[INFO] tested 50/101 kept=12
[INFO] tested 75/101 kept=34
[INFO] tested 100/101 kept=38
[INFO] tested 101/101 kept=38
[WARN] batch start failed size=102
[WARN] split batch 102 -> 51 + 51
[WARN] batch start failed size=51
[WARN] split batch 51 -> 25 + 26
[WARN] batch start failed size=25
[WARN] split batch 25 -> 12 + 13
[INFO] tested 12/12 kept=9
[WARN] batch start failed size=13
[WARN] split batch 13 -> 6 + 7
[WARN] batch start failed size=6
[WARN] split batch 6 -> 3 + 3
[INFO] tested 3/3 kept=0
[WARN] batch start failed size=3
[WARN] split batch 3 -> 1 + 2
[INFO] tested 1/1 kept=0
[WARN] batch start failed size=2
[WARN] split batch 2 -> 1 + 1
[WARN] batch start failed size=1
[DROP] isolate bad proxy name=[Clashfree-README] 未知 SS-399 | free-nodes server=82.38.31.189:8080
[DROP] reason: Mihomo exited before controller became ready

time="2026-08-27T04:56:51.554714766Z" level=info msg="Start initial configuration in progress"
time="2026-08-27T04:56:51.554823790Z" level=fatal msg="Parse config error: proxy 0: ss 82.38.31.189:8080 cipher: chacha20-poly1305 initialize error: unknown me
[INFO] tested 1/1 kept=0
[INFO] tested 7/7 kept=0
[INFO] tested 25/26 kept=9
[INFO] tested 26/26 kept=9
[INFO] tested 25/51 kept=0
[INFO] tested 50/51 kept=11
[INFO] tested 51/51 kept=11
[INFO] tested 25/812 kept=0
[INFO] tested 50/812 kept=0
[INFO] tested 75/812 kept=2
[INFO] tested 100/812 kept=8
[INFO] tested 125/812 kept=11
[INFO] tested 150/812 kept=12
[INFO] tested 175/812 kept=19
[INFO] tested 200/812 kept=27
[INFO] tested 225/812 kept=29
[INFO] tested 250/812 kept=29
[INFO] tested 275/812 kept=29
[INFO] tested 300/812 kept=29
[INFO] tested 325/812 kept=39
[INFO] tested 350/812 kept=48
[INFO] tested 375/812 kept=54
[INFO] tested 400/812 kept=60
[INFO] tested 425/812 kept=62
[INFO] tested 450/812 kept=63
[INFO] tested 475/812 kept=63
[INFO] tested 500/812 kept=68
[INFO] tested 525/812 kept=70
[INFO] tested 550/812 kept=71
[INFO] tested 575/812 kept=74
[INFO] tested 600/812 kept=82
[INFO] tested 625/812 kept=84
[INFO] tested 650/812 kept=88
[INFO] tested 675/812 kept=89
[INFO] tested 700/812 kept=94
[INFO] tested 725/812 kept=99
[INFO] tested 750/812 kept=103
[INFO] tested 775/812 kept=103
[INFO] tested 800/812 kept=103
[INFO] tested 812/812 kept=103
[INFO] tested 25/1623 kept=0
[INFO] tested 50/1623 kept=0
[INFO] tested 75/1623 kept=9
[INFO] tested 100/1623 kept=30
[INFO] tested 125/1623 kept=50
[INFO] tested 150/1623 kept=50
[INFO] tested 175/1623 kept=51
[INFO] tested 200/1623 kept=51
[INFO] tested 225/1623 kept=51
[INFO] tested 250/1623 kept=51
[INFO] tested 275/1623 kept=60
[INFO] tested 300/1623 kept=66
[INFO] tested 325/1623 kept=67
[INFO] tested 350/1623 kept=68
[INFO] tested 375/1623 kept=68
[INFO] tested 400/1623 kept=68
[INFO] tested 425/1623 kept=68
[INFO] tested 450/1623 kept=68
[INFO] tested 475/1623 kept=69
[INFO] tested 500/1623 kept=69
[INFO] tested 525/1623 kept=69
[INFO] tested 550/1623 kept=70
[INFO] tested 575/1623 kept=71
[INFO] tested 600/1623 kept=72
[INFO] tested 625/1623 kept=72
[INFO] tested 650/1623 kept=74
[INFO] tested 675/1623 kept=74
[INFO] tested 700/1623 kept=75
[INFO] tested 725/1623 kept=76
[INFO] tested 750/1623 kept=76
[INFO] tested 775/1623 kept=80
[INFO] tested 800/1623 kept=80
[INFO] tested 825/1623 kept=81
[INFO] tested 850/1623 kept=83
[INFO] tested 875/1623 kept=83
[INFO] tested 900/1623 kept=83
[INFO] tested 925/1623 kept=83
[INFO] tested 950/1623 kept=84
[INFO] tested 975/1623 kept=85
[INFO] tested 1000/1623 kept=86
[INFO] tested 1025/1623 kept=86
[INFO] tested 1050/1623 kept=86
[INFO] tested 1075/1623 kept=86
[INFO] tested 1100/1623 kept=86
[INFO] tested 1125/1623 kept=86
[INFO] tested 1150/1623 kept=86
[INFO] tested 1175/1623 kept=86
[INFO] tested 1200/1623 kept=86
[INFO] tested 1225/1623 kept=86
[INFO] tested 1250/1623 kept=86
[INFO] tested 1275/1623 kept=86
[INFO] tested 1300/1623 kept=86
[INFO] tested 1325/1623 kept=86
[INFO] tested 1350/1623 kept=86
[INFO] tested 1375/1623 kept=86
[INFO] tested 1400/1623 kept=86
[INFO] tested 1425/1623 kept=86
[INFO] tested 1450/1623 kept=86
[INFO] tested 1475/1623 kept=86
[INFO] tested 1500/1623 kept=86
[INFO] tested 1525/1623 kept=98
[INFO] tested 1550/1623 kept=112
[INFO] tested 1575/1623 kept=122
[INFO] tested 1600/1623 kept=131
[INFO] tested 1623/1623 kept=134
[INFO] tested 25/3246 kept=24
[INFO] tested 50/3246 kept=45
[INFO] tested 75/3246 kept=55
[INFO] tested 100/3246 kept=66
[INFO] tested 125/3246 kept=70
[INFO] tested 150/3246 kept=70
[INFO] tested 175/3246 kept=70
[INFO] tested 200/3246 kept=70
[INFO] tested 225/3246 kept=70
[INFO] tested 250/3246 kept=71
[INFO] tested 275/3246 kept=71
[INFO] tested 300/3246 kept=71
[INFO] tested 325/3246 kept=71
[INFO] tested 350/3246 kept=71
[INFO] tested 375/3246 kept=71
[INFO] tested 400/3246 kept=71
[INFO] tested 425/3246 kept=71
[INFO] tested 450/3246 kept=71
[INFO] tested 475/3246 kept=71
[INFO] tested 500/3246 kept=71
[INFO] tested 525/3246 kept=71
[INFO] tested 550/3246 kept=71
[INFO] tested 575/3246 kept=71
[INFO] tested 600/3246 kept=71
[INFO] tested 625/3246 kept=71
[INFO] tested 650/3246 kept=71
[INFO] tested 675/3246 kept=71
[INFO] tested 700/3246 kept=71
[INFO] tested 725/3246 kept=71
[INFO] tested 750/3246 kept=71
[INFO] tested 775/3246 kept=71
[INFO] tested 800/3246 kept=71
[INFO] tested 825/3246 kept=71
[INFO] tested 850/3246 kept=71
[INFO] tested 875/3246 kept=71
[INFO] tested 900/3246 kept=71
[INFO] tested 925/3246 kept=71
[INFO] tested 950/3246 kept=71
[INFO] tested 975/3246 kept=71
[INFO] tested 1000/3246 kept=71
[INFO] tested 1025/3246 kept=71
[INFO] tested 1050/3246 kept=71
[INFO] tested 1075/3246 kept=71
[INFO] tested 1100/3246 kept=71
[INFO] tested 1125/3246 kept=71
[INFO] tested 1150/3246 kept=71
[INFO] tested 1175/3246 kept=71
[INFO] tested 1200/3246 kept=71
[INFO] tested 1225/3246 kept=71
[INFO] tested 1250/3246 kept=71
[INFO] tested 1275/3246 kept=71
[INFO] tested 1300/3246 kept=71
[INFO] tested 1325/3246 kept=71
[INFO] tested 1350/3246 kept=71
[INFO] tested 1375/3246 kept=71
[INFO] tested 1400/3246 kept=71
[INFO] tested 1425/3246 kept=71
[INFO] tested 1450/3246 kept=71
[INFO] tested 1475/3246 kept=71
[INFO] tested 1500/3246 kept=71
[INFO] tested 1525/3246 kept=71
[INFO] tested 1550/3246 kept=71
[INFO] tested 1575/3246 kept=71
[INFO] tested 1600/3246 kept=71
[INFO] tested 1625/3246 kept=71
[INFO] tested 1650/3246 kept=71
[INFO] tested 1675/3246 kept=71
[INFO] tested 1700/3246 kept=71
[INFO] tested 1725/3246 kept=71
[INFO] tested 1750/3246 kept=71
[INFO] tested 1775/3246 kept=71
[INFO] tested 1800/3246 kept=71
[INFO] tested 1825/3246 kept=71
[INFO] tested 1850/3246 kept=71
[INFO] tested 1875/3246 kept=71
[INFO] tested 1900/3246 kept=71
[INFO] tested 1925/3246 kept=71
[INFO] tested 1950/3246 kept=71
[INFO] tested 1975/3246 kept=71
[INFO] tested 2000/3246 kept=71
[INFO] tested 2025/3246 kept=71
[INFO] tested 2050/3246 kept=71
[INFO] tested 2075/3246 kept=71
[INFO] tested 2100/3246 kept=71
[INFO] tested 2125/3246 kept=71
[INFO] tested 2150/3246 kept=71
[INFO] tested 2175/3246 kept=71
[INFO] tested 2200/3246 kept=71
[INFO] tested 2225/3246 kept=71
[INFO] tested 2250/3246 kept=71
[INFO] tested 2275/3246 kept=71
[INFO] tested 2300/3246 kept=71
[INFO] tested 2325/3246 kept=71
[INFO] tested 2350/3246 kept=71
[INFO] tested 2375/3246 kept=71
[INFO] tested 2400/3246 kept=71
[INFO] tested 2425/3246 kept=71
[INFO] tested 2450/3246 kept=71
[INFO] tested 2475/3246 kept=71
[INFO] tested 2500/3246 kept=71
[INFO] tested 2525/3246 kept=71
[INFO] tested 2550/3246 kept=71
[INFO] tested 2575/3246 kept=71
[INFO] tested 2600/3246 kept=71
[INFO] tested 2625/3246 kept=71
[INFO] tested 2650/3246 kept=71
[INFO] tested 2675/3246 kept=71
[INFO] tested 2700/3246 kept=71
[INFO] tested 2725/3246 kept=71
[INFO] tested 2750/3246 kept=71
[INFO] tested 2775/3246 kept=71
[INFO] tested 2800/3246 kept=71
[INFO] tested 2825/3246 kept=71
[INFO] tested 2850/3246 kept=71
[INFO] tested 2875/3246 kept=71
[INFO] tested 2900/3246 kept=71
[INFO] tested 2925/3246 kept=71
[INFO] tested 2950/3246 kept=71
[INFO] tested 2975/3246 kept=71
[INFO] tested 3000/3246 kept=71
[INFO] tested 3025/3246 kept=71
[INFO] tested 3050/3246 kept=71
[INFO] tested 3075/3246 kept=71
[INFO] tested 3100/3246 kept=71
[INFO] tested 3125/3246 kept=71
[INFO] tested 3150/3246 kept=71
[INFO] tested 3175/3246 kept=71
[INFO] tested 3200/3246 kept=71
[INFO] tested 3225/3246 kept=71
[INFO] tested 3246/3246 kept=71
[SUMMARY] total_nodes=9191
[SUMMARY] legal_candidates=6492
[SUMMARY] passed_latency_test=440
[SUMMARY] region_HK=11 region_JP=5 region_US=56
[SUMMARY] avg_latency_ms=591.35
[SUMMARY] output=output/clash.yaml
