[OK] source=大FQ运动 proxies=2 url=https://raw.githubusercontent.com/hello-world-1989/cn-news/refs/heads/main/clash.yaml
============================================================
[OK] source=大FQ运动-官网 proxies=4 url=https://end-gfw.com/ss-key
============================================================
[OK] source=ChromeGO proxies=28 url=https://chg26.makou.cc.cd/
============================================================
[INFO] v2rayshare try page: https://v2rayshare.net/p/5084.html
[OK] v2rayshare discovered: https://static.v2rayshare.net/2026/08/m20260827.yaml
[OK] source=V2Rayshare-RSS proxies=27 url=https://static.v2rayshare.net/2026/08/m20260827.yaml
============================================================
[INFO] openrunner try page: https://free.datiya.com/post/20260827/
[OK] openrunner discovered: https://free.datiya.com/uploads/20260827-clash.yaml
[OK] source=OpenRunner-RSS proxies=14 url=https://free.datiya.com/uploads/20260827-clash.yaml
============================================================
[INFO] mibei77 try page: https://www.mibei77.com/619.html
[OK] mibei77 discovered: https://mm.mibei77.com/202608/0827Clashnz.yaml
[OK] source=Mibei77-RSS proxies=272 url=https://mm.mibei77.com/202608/0827Clashnz.yaml
============================================================
[INFO] yoyapai try page: https://yoyapai.com/687
[OK] yoyapai discovered: https://freenode.yoyapai.com/2026/08/27-yoyapai.com-clash-vpn-mian-fei-jiedian.yaml
[OK] source=Yoyapai-RSS proxies=277 url=https://freenode.yoyapai.com/2026/08/27-yoyapai.com-clash-vpn-mian-fei-jiedian.yaml
============================================================
[INFO] clashfree try readme: https://raw.githubusercontent.com/free-nodes/clashfree/refs/heads/main/README.md
[OK] clashfree discovered: https://raw.githubusercontent.com/free-nodes/clashfree/refs/heads/main/clash20260827.yml
[OK] source=Clashfree-README proxies=1736 url=https://raw.githubusercontent.com/free-nodes/clashfree/refs/heads/main/clash20260827.yml
============================================================
[OK] source=Free-clash-v2ray-README proxies=253 url=https://free-clash-v2ray.github.io/uploads/2026/08/0-20260823.yaml
============================================================
[OK] source=FreeV2-Base64 proxies=7 url=https://xmxosfepggzm.503403.xyz
============================================================
[OK] source=Pawdroid-Base64 proxies=12 url=https://raw.githubusercontent.com/Pawdroid/Free-servers/main/sub
============================================================
[OK] source=V2Rayshare-订阅 proxies=27 url=https://cdn.jsdelivr.net/gh/firefoxmmx2/v2rayshare_subcription/subscription/mihomo_sub.yaml
============================================================
[OK] source=免费节点1 proxies=342 url=https://raw.githubusercontent.com/free18/v2ray/refs/heads/main/c.yaml
============================================================
[OK] source=免费节点1-README自建 proxies=6 url=https://raw.githubusercontent.com/free18/v2ray/refs/heads/main/README.md
============================================================
[OK] source=免费节点2 proxies=25 url=https://raw.githubusercontent.com/ermaozi/get_subscribe/main/subscribe/clash.yml
============================================================
[OK] source=免费节点3 proxies=37 url=https://sunmiao4458.github.io/free-proxy-airport/clash.yaml
============================================================
[WARN] YAML document parse failed: while parsing a flow mapping
  in "<unicode string>", line 36, column 3:
    - {name: "🇫🇷FR-"2001:bc8:32d7:1a9: ... 
      ^
expected ',' or '}', but got '<scalar>'
  in "<unicode string>", line 36, column 17:
    - {name: "🇫🇷FR-"2001:bc8:32d7:1a9::2"-034", serv ... 
                    ^
[WARN] proxy block parse failed, fallback to per-line: while parsing a flow mapping
  in "<unicode string>", line 36, column 3:
    - {name: "🇫🇷FR-"2001:bc8:32d7:1a9: ... 
      ^
expected ',' or '}', but got '<scalar>'
  in "<unicode string>", line 36, column 17:
    - {name: "🇫🇷FR-"2001:bc8:32d7:1a9::2"-034", serv ... 
                    ^
[WARN] skipped 15 invalid proxy line(s) in this source
[OK] source=免费节点4 proxies=207 url=https://raw.githubusercontent.com/mfuu/v2ray/master/clash.yaml
============================================================
[OK] source=免费节点5 proxies=28 url=https://cdn.jsdelivr.net/gh/vxiaov/free_proxies@main/clash/clash.provider.yaml
============================================================
[OK] source=免费节点6 proxies=1394 url=https://raw.githubusercontent.com/anaer/Sub/main/clash.yaml
============================================================
[OK] source=免费节点7 proxies=99 url=https://raw.githubusercontent.com/snakem982/proxypool/main/source/clash-meta-2.yaml
============================================================
[OK] source=免费节点8 proxies=4064 url=https://raw.githubusercontent.com/mahdibland/SSAggregator/master/sub/sub_merge_yaml.yml
============================================================
[OK] source=免费节点9-1 proxies=188 url=https://raw.githubusercontent.com/w1770946466/Auto_proxy/main/Long_term_subscription1.yaml
============================================================
[WARN] YAML document parse failed: while scanning a simple key
  in "<unicode string>", line 98, column 1:
    _11
    ^
could not find expected ':'
  in "<unicode string>", line 107, column 1:
    _10
    ^
[OK] source=免费节点9-2 proxies=55 url=https://raw.githubusercontent.com/w1770946466/Auto_proxy/main/Long_term_subscription2.yaml
============================================================
[WARN] YAML document parse failed: while scanning a simple key
  in "<unicode string>", line 99, column 1:
    _6
    ^
could not find expected ':'
  in "<unicode string>", line 126, column 1:
    _3
    ^
[OK] source=免费节点9-3 proxies=52 url=https://raw.githubusercontent.com/w1770946466/Auto_proxy/main/Long_term_subscription3.yaml
============================================================
[INFO] downloading proxy engine: https://github.com/MetaCubeX/mihomo/releases/download/v1.19.30/mihomo-linux-amd64-v3-v1.19.30.gz
[WARN] batch start failed size=6382
[WARN] split batch 6382 -> 3191 + 3191
[WARN] batch start failed size=3191
[WARN] split batch 3191 -> 1595 + 1596
[WARN] batch start failed size=1595
[WARN] split batch 1595 -> 797 + 798
[WARN] batch start failed size=797
[WARN] split batch 797 -> 398 + 399
[INFO] tested 25/398 kept=11
[INFO] tested 50/398 kept=18
[INFO] tested 75/398 kept=22
[INFO] tested 100/398 kept=25
[INFO] tested 125/398 kept=25
[INFO] tested 150/398 kept=25
[INFO] tested 175/398 kept=27
[INFO] tested 200/398 kept=28
[INFO] tested 225/398 kept=30
[INFO] tested 250/398 kept=30
[INFO] tested 275/398 kept=30
[INFO] tested 300/398 kept=32
[INFO] tested 325/398 kept=33
[INFO] tested 350/398 kept=35
[INFO] tested 375/398 kept=35
[INFO] tested 398/398 kept=35
[WARN] batch start failed size=399
[WARN] split batch 399 -> 199 + 200
[INFO] tested 25/199 kept=1
[INFO] tested 50/199 kept=1
[INFO] tested 75/199 kept=5
[INFO] tested 100/199 kept=10
[INFO] tested 125/199 kept=12
[INFO] tested 150/199 kept=14
[INFO] tested 175/199 kept=14
[INFO] tested 199/199 kept=14
[WARN] batch start failed size=200
[WARN] split batch 200 -> 100 + 100
[INFO] tested 25/100 kept=1
[INFO] tested 50/100 kept=2
[INFO] tested 75/100 kept=14
[INFO] tested 100/100 kept=22
[WARN] batch start failed size=100
[WARN] split batch 100 -> 50 + 50
[WARN] batch start failed size=50
[WARN] split batch 50 -> 25 + 25
[INFO] tested 25/25 kept=21
[WARN] batch start failed size=25
[WARN] split batch 25 -> 12 + 13
[INFO] tested 12/12 kept=6
[WARN] batch start failed size=13
[WARN] split batch 13 -> 6 + 7
[WARN] batch start failed size=6
[WARN] split batch 6 -> 3 + 3
[WARN] batch start failed size=3
[WARN] split batch 3 -> 1 + 2
[INFO] tested 1/1 kept=0
[WARN] batch start failed size=2
[WARN] split batch 2 -> 1 + 1
[WARN] batch start failed size=1
[DROP] isolate bad proxy name=[Clashfree-README] 未知 SS-408 | free-nodes server=82.38.31.189:8080
[DROP] reason: Mihomo exited before controller became ready

time="2026-08-27T12:33:06.156152643Z" level=info msg="Start initial configuration in progress"
time="2026-08-27T12:33:06.156229186Z" level=fatal msg="Parse config error: proxy 0: ss 82.38.31.189:8080 cipher: chacha20-poly1305 initialize error: unknown me
[INFO] tested 1/1 kept=0
[INFO] tested 3/3 kept=0
[INFO] tested 7/7 kept=0
[INFO] tested 25/50 kept=8
[INFO] tested 50/50 kept=15
[INFO] tested 25/798 kept=0
[INFO] tested 50/798 kept=0
[INFO] tested 75/798 kept=0
[INFO] tested 100/798 kept=0
[INFO] tested 125/798 kept=2
[INFO] tested 150/798 kept=2
[INFO] tested 175/798 kept=4
[INFO] tested 200/798 kept=9
[INFO] tested 225/798 kept=16
[INFO] tested 250/798 kept=16
[INFO] tested 275/798 kept=16
[INFO] tested 300/798 kept=16
[INFO] tested 325/798 kept=17
[INFO] tested 350/798 kept=20
[INFO] tested 375/798 kept=25
[INFO] tested 400/798 kept=34
[INFO] tested 425/798 kept=38
[INFO] tested 450/798 kept=40
[INFO] tested 475/798 kept=43
[INFO] tested 500/798 kept=44
[INFO] tested 525/798 kept=49
[INFO] tested 550/798 kept=51
[INFO] tested 575/798 kept=53
[INFO] tested 600/798 kept=54
[INFO] tested 625/798 kept=60
[INFO] tested 650/798 kept=66
[INFO] tested 675/798 kept=69
[INFO] tested 700/798 kept=72
[INFO] tested 725/798 kept=76
[INFO] tested 750/798 kept=82
[INFO] tested 775/798 kept=86
[INFO] tested 798/798 kept=92
[INFO] tested 25/1596 kept=14
[INFO] tested 50/1596 kept=19
[INFO] tested 75/1596 kept=19
[INFO] tested 100/1596 kept=19
[INFO] tested 125/1596 kept=20
[INFO] tested 150/1596 kept=25
[INFO] tested 175/1596 kept=31
[INFO] tested 200/1596 kept=33
[INFO] tested 225/1596 kept=36
[INFO] tested 250/1596 kept=36
[INFO] tested 275/1596 kept=36
[INFO] tested 300/1596 kept=36
[INFO] tested 325/1596 kept=36
[INFO] tested 350/1596 kept=36
[INFO] tested 375/1596 kept=36
[INFO] tested 400/1596 kept=37
[INFO] tested 425/1596 kept=37
[INFO] tested 450/1596 kept=37
[INFO] tested 475/1596 kept=37
[INFO] tested 500/1596 kept=37
[INFO] tested 525/1596 kept=37
[INFO] tested 550/1596 kept=37
[INFO] tested 575/1596 kept=37
[INFO] tested 600/1596 kept=38
[INFO] tested 625/1596 kept=38
[INFO] tested 650/1596 kept=38
[INFO] tested 675/1596 kept=40
[INFO] tested 700/1596 kept=40
[INFO] tested 725/1596 kept=40
[INFO] tested 750/1596 kept=40
[INFO] tested 775/1596 kept=40
[INFO] tested 800/1596 kept=40
[INFO] tested 825/1596 kept=40
[INFO] tested 850/1596 kept=40
[INFO] tested 875/1596 kept=40
[INFO] tested 900/1596 kept=40
[INFO] tested 925/1596 kept=40
[INFO] tested 950/1596 kept=40
[INFO] tested 975/1596 kept=40
[INFO] tested 1000/1596 kept=40
[INFO] tested 1025/1596 kept=40
[INFO] tested 1050/1596 kept=40
[INFO] tested 1075/1596 kept=40
[INFO] tested 1100/1596 kept=40
[INFO] tested 1125/1596 kept=40
[INFO] tested 1150/1596 kept=40
[INFO] tested 1175/1596 kept=40
[INFO] tested 1200/1596 kept=40
[INFO] tested 1225/1596 kept=40
[INFO] tested 1250/1596 kept=40
[INFO] tested 1275/1596 kept=40
[INFO] tested 1300/1596 kept=40
[INFO] tested 1325/1596 kept=40
[INFO] tested 1350/1596 kept=40
[INFO] tested 1375/1596 kept=40
[INFO] tested 1400/1596 kept=43
[INFO] tested 1425/1596 kept=56
[INFO] tested 1450/1596 kept=69
[INFO] tested 1475/1596 kept=75
[INFO] tested 1500/1596 kept=91
[INFO] tested 1525/1596 kept=107
[INFO] tested 1550/1596 kept=123
[INFO] tested 1575/1596 kept=124
[INFO] tested 1596/1596 kept=124
[INFO] tested 25/3191 kept=15
[INFO] tested 50/3191 kept=15
[INFO] tested 75/3191 kept=15
[INFO] tested 100/3191 kept=15
[INFO] tested 125/3191 kept=15
[INFO] tested 150/3191 kept=15
[INFO] tested 175/3191 kept=15
[INFO] tested 200/3191 kept=15
[INFO] tested 225/3191 kept=15
[INFO] tested 250/3191 kept=15
[INFO] tested 275/3191 kept=15
[INFO] tested 300/3191 kept=15
[INFO] tested 325/3191 kept=15
[INFO] tested 350/3191 kept=15
[INFO] tested 375/3191 kept=15
[INFO] tested 400/3191 kept=15
[INFO] tested 425/3191 kept=15
[INFO] tested 450/3191 kept=15
[INFO] tested 475/3191 kept=15
[INFO] tested 500/3191 kept=15
[INFO] tested 525/3191 kept=15
[INFO] tested 550/3191 kept=15
[INFO] tested 575/3191 kept=15
[INFO] tested 600/3191 kept=15
[INFO] tested 625/3191 kept=15
[INFO] tested 650/3191 kept=15
[INFO] tested 675/3191 kept=15
[INFO] tested 700/3191 kept=15
[INFO] tested 725/3191 kept=15
[INFO] tested 750/3191 kept=15
[INFO] tested 775/3191 kept=15
[INFO] tested 800/3191 kept=15
[INFO] tested 825/3191 kept=15
[INFO] tested 850/3191 kept=15
[INFO] tested 875/3191 kept=15
[INFO] tested 900/3191 kept=15
[INFO] tested 925/3191 kept=15
[INFO] tested 950/3191 kept=15
[INFO] tested 975/3191 kept=15
[INFO] tested 1000/3191 kept=15
[INFO] tested 1025/3191 kept=15
[INFO] tested 1050/3191 kept=15
[INFO] tested 1075/3191 kept=15
[INFO] tested 1100/3191 kept=15
[INFO] tested 1125/3191 kept=15
[INFO] tested 1150/3191 kept=15
[INFO] tested 1175/3191 kept=15
[INFO] tested 1200/3191 kept=15
[INFO] tested 1225/3191 kept=15
[INFO] tested 1250/3191 kept=15
[INFO] tested 1275/3191 kept=15
[INFO] tested 1300/3191 kept=15
[INFO] tested 1325/3191 kept=15
[INFO] tested 1350/3191 kept=15
[INFO] tested 1375/3191 kept=15
[INFO] tested 1400/3191 kept=15
[INFO] tested 1425/3191 kept=15
[INFO] tested 1450/3191 kept=15
[INFO] tested 1475/3191 kept=15
[INFO] tested 1500/3191 kept=15
[INFO] tested 1525/3191 kept=15
[INFO] tested 1550/3191 kept=15
[INFO] tested 1575/3191 kept=15
[INFO] tested 1600/3191 kept=15
[INFO] tested 1625/3191 kept=15
[INFO] tested 1650/3191 kept=15
[INFO] tested 1675/3191 kept=15
[INFO] tested 1700/3191 kept=15
[INFO] tested 1725/3191 kept=15
[INFO] tested 1750/3191 kept=15
[INFO] tested 1775/3191 kept=15
[INFO] tested 1800/3191 kept=15
[INFO] tested 1825/3191 kept=15
[INFO] tested 1850/3191 kept=15
[INFO] tested 1875/3191 kept=15
[INFO] tested 1900/3191 kept=15
[INFO] tested 1925/3191 kept=15
[INFO] tested 1950/3191 kept=15
[INFO] tested 1975/3191 kept=15
[INFO] tested 2000/3191 kept=15
[INFO] tested 2025/3191 kept=15
[INFO] tested 2050/3191 kept=15
[INFO] tested 2075/3191 kept=15
[INFO] tested 2100/3191 kept=15
[INFO] tested 2125/3191 kept=15
[INFO] tested 2150/3191 kept=15
[INFO] tested 2175/3191 kept=15
[INFO] tested 2200/3191 kept=15
[INFO] tested 2225/3191 kept=15
[INFO] tested 2250/3191 kept=15
[INFO] tested 2275/3191 kept=15
[INFO] tested 2300/3191 kept=15
[INFO] tested 2325/3191 kept=15
[INFO] tested 2350/3191 kept=15
[INFO] tested 2375/3191 kept=15
[INFO] tested 2400/3191 kept=15
[INFO] tested 2425/3191 kept=15
[INFO] tested 2450/3191 kept=15
[INFO] tested 2475/3191 kept=15
[INFO] tested 2500/3191 kept=15
[INFO] tested 2525/3191 kept=15
[INFO] tested 2550/3191 kept=15
[INFO] tested 2575/3191 kept=15
[INFO] tested 2600/3191 kept=15
[INFO] tested 2625/3191 kept=15
[INFO] tested 2650/3191 kept=15
[INFO] tested 2675/3191 kept=15
[INFO] tested 2700/3191 kept=15
[INFO] tested 2725/3191 kept=15
[INFO] tested 2750/3191 kept=15
[INFO] tested 2775/3191 kept=15
[INFO] tested 2800/3191 kept=15
[INFO] tested 2825/3191 kept=15
[INFO] tested 2850/3191 kept=15
[INFO] tested 2875/3191 kept=15
[INFO] tested 2900/3191 kept=15
[INFO] tested 2925/3191 kept=15
[INFO] tested 2950/3191 kept=15
[INFO] tested 2975/3191 kept=15
[INFO] tested 3000/3191 kept=15
[INFO] tested 3025/3191 kept=15
[INFO] tested 3050/3191 kept=15
[INFO] tested 3075/3191 kept=15
[INFO] tested 3100/3191 kept=15
[INFO] tested 3125/3191 kept=15
[INFO] tested 3150/3191 kept=15
[INFO] tested 3175/3191 kept=15
[INFO] tested 3191/3191 kept=15
[SUMMARY] total_nodes=9156
[SUMMARY] legal_candidates=6382
[SUMMARY] passed_latency_test=344
[SUMMARY] region_HK=9 region_JP=7 region_US=47
[SUMMARY] avg_latency_ms=895.49
[SUMMARY] output=output/clash.yaml
